{
  "Entries": [
    {
      "RequestUri": "https://myappconfig.azconfig.io/kv/key-1-10244?api-version=1.0\u0026label=label-s",
      "RequestMethod": "PUT",
      "RequestHeaders": {
        "Accept": "application/vnd.microsoft.appconfig.kv\u002Bjson, application/json, application/problem\u002Bjson",
        "Accept-Encoding": "gzip, deflate, br",
        "Accept-Language": "en-US",
        "Authorization": "Sanitized",
        "Cache-Control": "max-age=0",
        "Connection": "keep-alive",
        "Content-Length": "211",
        "Content-Type": "application/vnd.microsoft.appconfig.kv\u002Bjson",
        "If-None-Match": "*",
        "Referer": "http://localhost:9876/",
        "sec-ch-ua": "",
        "sec-ch-ua-mobile": "?0",
        "sec-ch-ua-platform": "",
        "Sec-Fetch-Dest": "empty",
        "Sec-Fetch-Mode": "cors",
        "Sec-Fetch-Site": "same-site",
        "User-Agent": "Mozilla/5.0 (X11; Linux x86_64) AppleWebKit/537.36 (KHTML, like Gecko) HeadlessChrome/93.0.4577.0 Safari/537.36",
        "x-ms-client-request-id": "5ff274d1-760b-4716-a7f3-5870348abbe0",
        "x-ms-content-sha256": "IsGE9nmFNJVaZKdiQw/FlFSJEgy3/f1T\u002BVGIYt63Z1k=",
        "x-ms-date": "Wed, 29 Dec 2021 21:08:51 GMT",
        "x-ms-useragent": "azsdk-js-app-configuration/1.3.2 core-http/2.2.3 OS/Linuxx86_64"
      },
      "RequestBody": "{\u0022key\u0022:\u0022key-1-10244\u0022,\u0022label\u0022:\u0022label-s\u0022,\u0022content_type\u0022:\u0022application/vnd.microsoft.appconfig.keyvaultref\u002Bjson;charset=utf-8\u0022,\u0022value\u0022:\u0022{\\\u0022uri\\\u0022:\\\u0022https://vault_name.vault.azure.net/secrets/random-string-1-1367\\\u0022}\u0022}",
      "StatusCode": 200,
      "ResponseHeaders": {
        "Access-Control-Allow-Credentials": "true",
        "Access-Control-Allow-Origin": "*",
        "Access-Control-Expose-Headers": "DNT, X-CustomHeader, Keep-Alive, User-Agent, X-Requested-With, If-Modified-Since, Cache-Control, Content-Type, Authorization, x-ms-client-request-id, x-ms-useragent, x-ms-content-sha256, x-ms-date, host, Accept, Accept-Datetime, Date, If-Match, If-None-Match, Sync-Token, x-ms-return-client-request-id, ETag, Last-Modified, Link, Memento-Datetime, retry-after-ms, x-ms-request-id, x-ms-client-session-id, x-ms-effective-locale, WWW-Authenticate, traceparent, tracestate",
        "Connection": "keep-alive",
        "Content-Type": "application/vnd.microsoft.appconfig.kv\u002Bjson; charset=utf-8",
        "Date": "Wed, 29 Dec 2021 21:08:51 GMT",
        "ETag": "\u0022XYUNgydn5uVpoWyxPwvV0RWqmHo\u0022",
        "Last-Modified": "Wed, 29 Dec 2021 21:08:51 GMT",
        "Server": "openresty/1.17.8.2",
        "Strict-Transport-Security": "max-age=15724800; includeSubDomains",
        "Sync-Token": "zAJw6V16=NToxNSMzMjg0NDg0;sn=3284484",
        "Transfer-Encoding": "chunked",
        "x-ms-correlation-request-id": "5f1903a7-65ae-455d-bb9b-234e212575b9",
        "x-ms-request-id": "5f1903a7-65ae-455d-bb9b-234e212575b9"
      },
      "ResponseBody": {
        "etag": "XYUNgydn5uVpoWyxPwvV0RWqmHo",
        "key": "key-1-10244",
        "label": "label-s",
        "content_type": "application/vnd.microsoft.appconfig.keyvaultref\u002Bjson;charset=utf-8",
        "value": "{\u0022uri\u0022:\u0022https://vault_name.vault.azure.net/secrets/random-string-1-1367\u0022}",
        "tags": {},
        "locked": false,
        "last_modified": "2021-12-29T21:08:51\u002B00:00"
      }
    },
    {
      "RequestUri": "https://myappconfig.azconfig.io/kv/key-1-10244?api-version=1.0\u0026label=label-s",
      "RequestMethod": "GET",
      "RequestHeaders": {
        "Accept": "application/vnd.microsoft.appconfig.kv\u002Bjson, application/json, application/problem\u002Bjson",
        "Accept-Encoding": "gzip, deflate, br",
        "Accept-Language": "en-US",
        "Authorization": "Sanitized",
        "Connection": "keep-alive",
        "Referer": "http://localhost:9876/",
        "sec-ch-ua": "",
        "sec-ch-ua-mobile": "?0",
        "sec-ch-ua-platform": "",
        "Sec-Fetch-Dest": "empty",
        "Sec-Fetch-Mode": "cors",
        "Sec-Fetch-Site": "same-site",
        "sync-token": "zAJw6V16=NToxNSMzMjg0NDg0",
        "User-Agent": "Mozilla/5.0 (X11; Linux x86_64) AppleWebKit/537.36 (KHTML, like Gecko) HeadlessChrome/93.0.4577.0 Safari/537.36",
        "x-ms-client-request-id": "11ee2c20-9ab2-4010-a1bc-5e49eb413bc8",
        "x-ms-content-sha256": "47DEQpj8HBSa\u002B/TImW\u002B5JCeuQeRkm5NMpJWZG3hSuFU=",
        "x-ms-date": "Wed, 29 Dec 2021 21:08:51 GMT",
        "x-ms-useragent": "azsdk-js-app-configuration/1.3.2 core-http/2.2.3 OS/Linuxx86_64"
      },
      "RequestBody": null,
      "StatusCode": 200,
      "ResponseHeaders": {
        "Access-Control-Allow-Credentials": "true",
        "Access-Control-Allow-Origin": "*",
        "Access-Control-Expose-Headers": "DNT, X-CustomHeader, Keep-Alive, User-Agent, X-Requested-With, If-Modified-Since, Cache-Control, Content-Type, Authorization, x-ms-client-request-id, x-ms-useragent, x-ms-content-sha256, x-ms-date, host, Accept, Accept-Datetime, Date, If-Match, If-None-Match, Sync-Token, x-ms-return-client-request-id, ETag, Last-Modified, Link, Memento-Datetime, retry-after-ms, x-ms-request-id, x-ms-client-session-id, x-ms-effective-locale, WWW-Authenticate, traceparent, tracestate",
        "Connection": "keep-alive",
        "Content-Type": "application/vnd.microsoft.appconfig.kv\u002Bjson; charset=utf-8",
        "Date": "Wed, 29 Dec 2021 21:08:51 GMT",
        "ETag": "\u0022XYUNgydn5uVpoWyxPwvV0RWqmHo\u0022",
        "Last-Modified": "Wed, 29 Dec 2021 21:08:51 GMT",
        "Server": "openresty/1.17.8.2",
        "Strict-Transport-Security": "max-age=15724800; includeSubDomains",
        "Sync-Token": "zAJw6V16=NToxNSMzMjg0NDg0;sn=3284484",
        "Transfer-Encoding": "chunked",
        "x-ms-correlation-request-id": "d6124c53-0aca-46c2-b782-3b92801719e4",
        "x-ms-request-id": "d6124c53-0aca-46c2-b782-3b92801719e4"
      },
      "ResponseBody": {
        "etag": "XYUNgydn5uVpoWyxPwvV0RWqmHo",
        "key": "key-1-10244",
        "label": "label-s",
        "content_type": "application/vnd.microsoft.appconfig.keyvaultref\u002Bjson;charset=utf-8",
        "value": "{\u0022uri\u0022:\u0022https://vault_name.vault.azure.net/secrets/random-string-1-1367\u0022}",
        "tags": {},
        "locked": false,
        "last_modified": "2021-12-29T21:08:51\u002B00:00"
      }
    },
    {
      "RequestUri": "https://myappconfig.azconfig.io/kv/key-1-10244?api-version=1.0\u0026label=label-s",
      "RequestMethod": "PUT",
      "RequestHeaders": {
        "Accept": "application/vnd.microsoft.appconfig.kv\u002Bjson, application/json, application/problem\u002Bjson",
        "Accept-Encoding": "gzip, deflate, br",
        "Accept-Language": "en-US",
        "Authorization": "Sanitized",
        "Connection": "keep-alive",
        "Content-Length": "301",
        "Content-Type": "application/vnd.microsoft.appconfig.kv\u002Bjson",
        "Referer": "http://localhost:9876/",
        "sec-ch-ua": "",
        "sec-ch-ua-mobile": "?0",
        "sec-ch-ua-platform": "",
        "Sec-Fetch-Dest": "empty",
        "Sec-Fetch-Mode": "cors",
        "Sec-Fetch-Site": "same-site",
        "sync-token": "zAJw6V16=NToxNSMzMjg0NDg0",
        "User-Agent": "Mozilla/5.0 (X11; Linux x86_64) AppleWebKit/537.36 (KHTML, like Gecko) HeadlessChrome/93.0.4577.0 Safari/537.36",
        "x-ms-client-request-id": "08f45c4c-2bd3-44d6-886b-5872e851f202",
        "x-ms-content-sha256": "AtOwKcQEeGyeQcqsnJ1IUVQabnP1pZaGsOwwnAw3lJU=",
        "x-ms-date": "Wed, 29 Dec 2021 21:08:51 GMT",
        "x-ms-useragent": "azsdk-js-app-configuration/1.3.2 core-http/2.2.3 OS/Linuxx86_64"
      },
      "RequestBody": "{\u0022key\u0022:\u0022key-1-10244\u0022,\u0022label\u0022:\u0022label-s\u0022,\u0022content_type\u0022:\u0022application/vnd.microsoft.appconfig.keyvaultref\u002Bjson;charset=utf-8\u0022,\u0022value\u0022:\u0022{\\\u0022uri\\\u0022:\\\u0022https://vault_name.vault.azure.net/secrets/random-string-1-1367\\\u0022}\u0022,\u0022last_modified\u0022:\u00222021-12-29T21:08:51.000Z\u0022,\u0022tags\u0022:{},\u0022etag\u0022:\u0022XYUNgydn5uVpoWyxPwvV0RWqmHo\u0022}",
      "StatusCode": 200,
      "ResponseHeaders": {
        "Access-Control-Allow-Credentials": "true",
        "Access-Control-Allow-Origin": "*",
        "Access-Control-Expose-Headers": "DNT, X-CustomHeader, Keep-Alive, User-Agent, X-Requested-With, If-Modified-Since, Cache-Control, Content-Type, Authorization, x-ms-client-request-id, x-ms-useragent, x-ms-content-sha256, x-ms-date, host, Accept, Accept-Datetime, Date, If-Match, If-None-Match, Sync-Token, x-ms-return-client-request-id, ETag, Last-Modified, Link, Memento-Datetime, retry-after-ms, x-ms-request-id, x-ms-client-session-id, x-ms-effective-locale, WWW-Authenticate, traceparent, tracestate",
        "Connection": "keep-alive",
        "Content-Type": "application/vnd.microsoft.appconfig.kv\u002Bjson; charset=utf-8",
        "Date": "Wed, 29 Dec 2021 21:08:51 GMT",
        "ETag": "\u0022LAAF0sC5e15GDkUzWDxzd5UQ4uK\u0022",
        "Last-Modified": "Wed, 29 Dec 2021 21:08:51 GMT",
        "Server": "openresty/1.17.8.2",
        "Strict-Transport-Security": "max-age=15724800; includeSubDomains",
        "Sync-Token": "zAJw6V16=NToxNSMzMjg0NDg1;sn=3284485",
        "Transfer-Encoding": "chunked",
        "x-ms-correlation-request-id": "aba957ca-1f45-4280-9bf4-ea184904a0a2",
        "x-ms-request-id": "aba957ca-1f45-4280-9bf4-ea184904a0a2"
      },
      "ResponseBody": {
        "etag": "LAAF0sC5e15GDkUzWDxzd5UQ4uK",
        "key": "key-1-10244",
        "label": "label-s",
        "content_type": "application/vnd.microsoft.appconfig.keyvaultref\u002Bjson;charset=utf-8",
        "value": "{\u0022uri\u0022:\u0022https://vault_name.vault.azure.net/secrets/random-string-1-1367\u0022}",
        "tags": {},
        "locked": false,
        "last_modified": "2021-12-29T21:08:51\u002B00:00"
      }
    },
    {
      "RequestUri": "https://myappconfig.azconfig.io/kv/key-1-10244?api-version=1.0\u0026label=label-s",
      "RequestMethod": "GET",
      "RequestHeaders": {
        "Accept": "application/vnd.microsoft.appconfig.kv\u002Bjson, application/json, application/problem\u002Bjson",
        "Accept-Encoding": "gzip, deflate, br",
        "Accept-Language": "en-US",
        "Authorization": "Sanitized",
        "Connection": "keep-alive",
        "Referer": "http://localhost:9876/",
        "sec-ch-ua": "",
        "sec-ch-ua-mobile": "?0",
        "sec-ch-ua-platform": "",
        "Sec-Fetch-Dest": "empty",
        "Sec-Fetch-Mode": "cors",
        "Sec-Fetch-Site": "same-site",
        "sync-token": "zAJw6V16=NToxNSMzMjg0NDg1",
        "User-Agent": "Mozilla/5.0 (X11; Linux x86_64) AppleWebKit/537.36 (KHTML, like Gecko) HeadlessChrome/93.0.4577.0 Safari/537.36",
        "x-ms-client-request-id": "a798f95b-b7d7-4621-ac3c-6a312e8c4d51",
        "x-ms-content-sha256": "47DEQpj8HBSa\u002B/TImW\u002B5JCeuQeRkm5NMpJWZG3hSuFU=",
        "x-ms-date": "Wed, 29 Dec 2021 21:08:51 GMT",
        "x-ms-useragent": "azsdk-js-app-configuration/1.3.2 core-http/2.2.3 OS/Linuxx86_64"
      },
      "RequestBody": null,
      "StatusCode": 200,
      "ResponseHeaders": {
        "Access-Control-Allow-Credentials": "true",
        "Access-Control-Allow-Origin": "*",
        "Access-Control-Expose-Headers": "DNT, X-CustomHeader, Keep-Alive, User-Agent, X-Requested-With, If-Modified-Since, Cache-Control, Content-Type, Authorization, x-ms-client-request-id, x-ms-useragent, x-ms-content-sha256, x-ms-date, host, Accept, Accept-Datetime, Date, If-Match, If-None-Match, Sync-Token, x-ms-return-client-request-id, ETag, Last-Modified, Link, Memento-Datetime, retry-after-ms, x-ms-request-id, x-ms-client-session-id, x-ms-effective-locale, WWW-Authenticate, traceparent, tracestate",
        "Connection": "keep-alive",
        "Content-Type": "application/vnd.microsoft.appconfig.kv\u002Bjson; charset=utf-8",
        "Date": "Wed, 29 Dec 2021 21:08:51 GMT",
        "ETag": "\u0022LAAF0sC5e15GDkUzWDxzd5UQ4uK\u0022",
        "Last-Modified": "Wed, 29 Dec 2021 21:08:51 GMT",
        "Server": "openresty/1.17.8.2",
        "Strict-Transport-Security": "max-age=15724800; includeSubDomains",
        "Sync-Token": "zAJw6V16=NToxNSMzMjg0NDg1;sn=3284485",
        "Transfer-Encoding": "chunked",
        "x-ms-correlation-request-id": "b61a9134-4ed0-453c-8920-20705382be4e",
        "x-ms-request-id": "b61a9134-4ed0-453c-8920-20705382be4e"
      },
      "ResponseBody": {
        "etag": "LAAF0sC5e15GDkUzWDxzd5UQ4uK",
        "key": "key-1-10244",
        "label": "label-s",
        "content_type": "application/vnd.microsoft.appconfig.keyvaultref\u002Bjson;charset=utf-8",
        "value": "{\u0022uri\u0022:\u0022https://vault_name.vault.azure.net/secrets/random-string-1-1367\u0022}",
        "tags": {},
        "locked": false,
        "last_modified": "2021-12-29T21:08:51\u002B00:00"
      }
    },
    {
      "RequestUri": "https://myappconfig.azconfig.io/kv/key-1-10244?api-version=1.0",
      "RequestMethod": "DELETE",
      "RequestHeaders": {
        "Accept": "application/vnd.microsoft.appconfig.kv\u002Bjson, application/json, application/problem\u002Bjson",
        "Accept-Encoding": "gzip, deflate, br",
        "Accept-Language": "en-US",
        "Authorization": "Sanitized",
        "Connection": "keep-alive",
        "Referer": "http://localhost:9876/",
        "sec-ch-ua": "",
        "sec-ch-ua-mobile": "?0",
        "sec-ch-ua-platform": "",
        "Sec-Fetch-Dest": "empty",
        "Sec-Fetch-Mode": "cors",
        "Sec-Fetch-Site": "same-site",
        "sync-token": "zAJw6V16=NToxNSMzMjg0NDg1",
        "User-Agent": "Mozilla/5.0 (X11; Linux x86_64) AppleWebKit/537.36 (KHTML, like Gecko) HeadlessChrome/93.0.4577.0 Safari/537.36",
        "x-ms-client-request-id": "4104a6e2-5e59-4384-a4ee-65c4ccdab281",
        "x-ms-content-sha256": "47DEQpj8HBSa\u002B/TImW\u002B5JCeuQeRkm5NMpJWZG3hSuFU=",
        "x-ms-date": "Wed, 29 Dec 2021 21:08:51 GMT",
        "x-ms-useragent": "azsdk-js-app-configuration/1.3.2 core-http/2.2.3 OS/Linuxx86_64"
      },
      "RequestBody": null,
      "StatusCode": 204,
      "ResponseHeaders": {
        "Access-Control-Allow-Credentials": "true",
        "Access-Control-Allow-Origin": "*",
        "Access-Control-Expose-Headers": "DNT, X-CustomHeader, Keep-Alive, User-Agent, X-Requested-With, If-Modified-Since, Cache-Control, Content-Type, Authorization, x-ms-client-request-id, x-ms-useragent, x-ms-content-sha256, x-ms-date, host, Accept, Accept-Datetime, Date, If-Match, If-None-Match, Sync-Token, x-ms-return-client-request-id, ETag, Last-Modified, Link, Memento-Datetime, retry-after-ms, x-ms-request-id, x-ms-client-session-id, x-ms-effective-locale, WWW-Authenticate, traceparent, tracestate",
        "Connection": "keep-alive",
        "Content-Type": "application/vnd.microsoft.appconfig.kv\u002Bjson; charset=utf-8",
        "Date": "Wed, 29 Dec 2021 21:08:51 GMT",
        "Server": "openresty/1.17.8.2",
        "Strict-Transport-Security": "max-age=15724800; includeSubDomains",
        "x-ms-correlation-request-id": "70a6d0e4-adb0-4f5b-82d2-32da4d74b82c",
        "x-ms-request-id": "70a6d0e4-adb0-4f5b-82d2-32da4d74b82c"
      },
      "ResponseBody": null
    }
  ],
  "Variables": {
    "key-1": "key-1-10244",
    "random-string-1": "random-string-1-1367"
  }
}
