{
  "Entries": [
    {
      "RequestUri": "https://endpoint/shortCodes/countries/US/programBriefs?skip=0\u0026top=100\u0026api-version=2022-09-06",
      "RequestMethod": "GET",
      "RequestHeaders": {
        "Accept": "application/json",
        "Accept-Encoding": "gzip, deflate, br",
        "Accept-Language": "en-US",
        "Authorization": "Sanitized",
        "Connection": "keep-alive",
        "Referer": "http://localhost:9876/",
        "sec-ch-ua": "",
        "sec-ch-ua-mobile": "?0",
        "sec-ch-ua-platform": "\u0022\u0022",
        "Sec-Fetch-Dest": "empty",
        "Sec-Fetch-Mode": "cors",
        "Sec-Fetch-Site": "same-site",
        "User-Agent": "Mozilla/5.0 (X11; Linux x86_64) AppleWebKit/537.36 (KHTML, like Gecko) HeadlessChrome/112.0.5614.0 Safari/537.36",
        "x-ms-client-request-id": "Sanitized",
        "x-ms-content-sha256": "Sanitized",
        "x-ms-date": "Fri, 05 May 2023 19:20:41 GMT",
        "x-ms-useragent": "azsdk-js-communication-short-codes/1.0.0-beta.5 core-rest-pipeline/1.10.4 OS"
      },
      "RequestBody": null,
      "StatusCode": 200,
      "ResponseHeaders": {
        "api-supported-versions": "2021-10-25-preview, 2022-09-06",
        "Content-Length": "20",
        "Content-Type": "application/json; charset=utf-8",
        "Date": "Fri, 05 May 2023 19:20:42 GMT",
        "MS-CV": "F8LrQzd4qUiHRp1ptC00Uw.0",
        "Strict-Transport-Security": "max-age=2592000",
        "X-Azure-Ref": "0CVdVZAAAAABcr0A3hqwDQIuQtoIvTn4KREZXMzBFREdFMTYxNwA5ZmM3YjUxOS1hOGNjLTRmODktOTM1ZS1jOTE0OGFlMDllODE=",
        "X-Cache": "CONFIG_NOCACHE",
        "X-Processing-Time": "967ms"
      },
      "ResponseBody": {
        "programBriefs": []
      }
    },
    {
      "RequestUri": "https://endpoint/shortCodes/countries/US/programBriefs/ecb0e6e0-eb79-11ed-85fa-3f1528162e8d?api-version=2022-09-06",
      "RequestMethod": "GET",
      "RequestHeaders": {
        "Accept": "application/json",
        "Accept-Encoding": "gzip, deflate, br",
        "Accept-Language": "en-US",
        "Authorization": "Sanitized",
        "Connection": "keep-alive",
        "Referer": "http://localhost:9876/",
        "sec-ch-ua": "",
        "sec-ch-ua-mobile": "?0",
        "sec-ch-ua-platform": "\u0022\u0022",
        "Sec-Fetch-Dest": "empty",
        "Sec-Fetch-Mode": "cors",
        "Sec-Fetch-Site": "same-site",
        "User-Agent": "Mozilla/5.0 (X11; Linux x86_64) AppleWebKit/537.36 (KHTML, like Gecko) HeadlessChrome/112.0.5614.0 Safari/537.36",
        "x-ms-client-request-id": "Sanitized",
        "x-ms-content-sha256": "Sanitized",
        "x-ms-date": "Fri, 05 May 2023 19:20:42 GMT",
        "x-ms-useragent": "azsdk-js-communication-short-codes/1.0.0-beta.5 core-rest-pipeline/1.10.4 OS"
      },
      "RequestBody": null,
      "StatusCode": 404,
      "ResponseHeaders": {
        "api-supported-versions": "2021-10-25-preview, 2022-09-06",
        "Content-Type": "application/json",
        "Date": "Fri, 05 May 2023 19:20:42 GMT",
        "MS-CV": "xbHh0L3nyUW5b67WR5BoNQ.0",
        "Strict-Transport-Security": "max-age=2592000",
        "Transfer-Encoding": "chunked",
        "X-Azure-Ref": "0CldVZAAAAAAGX6T5bBBJSL2QHIld9aIyREZXMzBFREdFMTYxNwA5ZmM3YjUxOS1hOGNjLTRmODktOTM1ZS1jOTE0OGFlMDllODE=",
        "X-Cache": "CONFIG_NOCACHE",
        "X-Processing-Time": "509ms"
      },
      "ResponseBody": {
        "error": {
          "code": "NotFound",
          "message": "Could not find the ProgramBrief with key \u0027Azure|ac80d96a-85de-48b1-995d-a3a3fa3627c8|ecb0e6e0-eb79-11ed-85fa-3f1528162e8d\u0027"
        }
      }
    },
    {
      "RequestUri": "https://endpoint/shortCodes/countries/US/programBriefs/ecb0e6e0-eb79-11ed-85fa-3f1528162e8d?api-version=2022-09-06",
      "RequestMethod": "PATCH",
      "RequestHeaders": {
        "Accept": "application/json",
        "Accept-Encoding": "gzip, deflate, br",
        "Accept-Language": "en-US",
        "Authorization": "Sanitized",
        "Connection": "keep-alive",
        "Content-Length": "2038",
        "Content-Type": "application/merge-patch\u002Bjson",
        "Referer": "http://localhost:9876/",
        "sec-ch-ua": "",
        "sec-ch-ua-mobile": "?0",
        "sec-ch-ua-platform": "\u0022\u0022",
        "Sec-Fetch-Dest": "empty",
        "Sec-Fetch-Mode": "cors",
        "Sec-Fetch-Site": "same-site",
        "User-Agent": "Mozilla/5.0 (X11; Linux x86_64) AppleWebKit/537.36 (KHTML, like Gecko) HeadlessChrome/112.0.5614.0 Safari/537.36",
        "x-ms-client-request-id": "Sanitized",
        "x-ms-content-sha256": "Sanitized",
        "x-ms-date": "Fri, 05 May 2023 19:20:42 GMT",
        "x-ms-useragent": "azsdk-js-communication-short-codes/1.0.0-beta.5 core-rest-pipeline/1.10.4 OS"
      },
      "RequestBody": {
        "id": "ecb0e6e0-eb79-11ed-85fa-3f1528162e8d",
        "programDetails": {
          "isVanity": false,
          "numberType": "shortCode",
          "isPoliticalCampaign": false,
          "name": "Contoso Loyalty Program",
          "description": "TEST Customers can sign up to receive regular updates on coupons and other perks of our loyalty program.",
          "url": "https://endpoint/loyalty-program",
          "callToActionTypes": [
            "sms",
            "website"
          ],
          "callToActionUrl": "https://contoso.com/sign-up",
          "termsOfServiceUrl": "https://contoso.com/terms",
          "privacyPolicyUrl": "https://contoso.com/privacy"
        },
        "companyInformation": {
          "name": "Contoso",
          "url": "https://contoso.com",
          "address": "1 Contoso Way Redmond, WA 98052",
          "contactInformation": {
            "name": "Alex",
            "phone": "\u002B14255551234",
            "email": "alex@contoso.com"
          },
          "customerCareInformation": {
            "tollFreeNumber": "\u002B18005551234",
            "email": "customercare@contoso.com"
          }
        },
        "messageDetails": {
          "supportedProtocol": "sms",
          "recurrence": "subscription",
          "helpAnswerToUser": "Send \u0027Stop\u0027 to unsubscribe, send \u0027Start\u0027 to resubscribe.",
          "optOutAnswerToUser": "You\u0027ve been unsubscribed from these messages.  Send \u0027Start\u0027 if you want to resubscribe.",
          "optInMessageToUser": "Someone requested to subscribe this number to receive updates about Contoso\u0027s loyalty program.  To confirm subscription, reply to this message with \u0027JOIN\u0027",
          "optInAnswerFromUser": "JOIN",
          "optInConfirmationMessageToUser": "Congrats, you have been successfully subscribed to loyalty program updates.  Welcome!",
          "directionality": "twoWay",
          "useCases": [
            {
              "contentType": "marketingAndPromotion",
              "examples": [
                {
                  "messages": [
                    {
                      "direction": "fromUser",
                      "text": "txtMessage"
                    }
                  ]
                }
              ]
            },
            {
              "contentType": "loyaltyProgram",
              "examples": [
                {
                  "messages": [
                    {
                      "direction": "toUser",
                      "text": "txtMessage"
                    }
                  ]
                }
              ]
            },
            {
              "contentType": "sweepstakesOrContest",
              "examples": [
                {
                  "messages": [
                    {
                      "direction": "toUser",
                      "text": "txtMessage"
                    }
                  ]
                }
              ]
            }
          ]
        },
        "trafficDetails": {
          "totalMonthlyVolume": 10000,
          "monthlyAverageMessagesFromUser": 1,
          "monthlyAverageMessagesToUser": 3,
          "isSpiky": true,
          "spikeDetails": "Higher traffic expected around major shopping holidays, most notably Black Friday and Memorial Day.",
          "estimatedRampUpTimeInDays": 0
        }
      },
      "StatusCode": 201,
      "ResponseHeaders": {
        "api-supported-versions": "2021-10-25-preview, 2022-09-06",
        "Content-Length": "2245",
        "Content-Type": "application/json; charset=utf-8",
        "Date": "Fri, 05 May 2023 19:20:43 GMT",
        "Location": "https://endpoint/shortCodes/countries/US/programBriefs/ecb0e6e0-eb79-11ed-85fa-3f1528162e8d",
        "MS-CV": "I7\u002BTQn\u002BeZEyAND3weu4rDw.0",
        "Strict-Transport-Security": "max-age=2592000",
        "X-Azure-Ref": "0C1dVZAAAAABg619VgWlqQbmdmCoN17MrREZXMzBFREdFMTYxNwA5ZmM3YjUxOS1hOGNjLTRmODktOTM1ZS1jOTE0OGFlMDllODE=",
        "X-Cache": "CONFIG_NOCACHE",
        "X-Processing-Time": "1235ms"
      },
      "ResponseBody": {
        "id": "ecb0e6e0-eb79-11ed-85fa-3f1528162e8d",
        "status": "draft",
        "costs": [
          {
            "amount": 650.0,
            "currencyCode": "USD",
            "billingFrequency": "once"
          },
          {
            "amount": 1000.0,
            "currencyCode": "USD",
            "billingFrequency": "monthly"
          }
        ],
        "statusUpdatedDate": "2023-05-05T19:20:43\u002B00:00",
        "programDetails": {
          "isVanity": false,
          "numberType": "shortCode",
          "isPoliticalCampaign": false,
          "name": "Contoso Loyalty Program",
          "description": "TEST Customers can sign up to receive regular updates on coupons and other perks of our loyalty program.",
          "url": "https://endpoint/loyalty-program",
          "callToActionTypes": [
            "sms",
            "website"
          ],
          "callToActionUrl": "https://contoso.com/sign-up",
          "termsOfServiceUrl": "https://contoso.com/terms",
          "privacyPolicyUrl": "https://contoso.com/privacy"
        },
        "companyInformation": {
          "name": "Contoso",
          "url": "https://contoso.com",
          "address": "1 Contoso Way Redmond, WA 98052",
          "contactInformation": {
            "name": "Alex",
            "phone": "\u002B14255551234",
            "email": "alex@contoso.com"
          },
          "customerCareInformation": {
            "tollFreeNumber": "\u002B18005551234",
            "email": "customercare@contoso.com"
          }
        },
        "messageDetails": {
          "supportedProtocol": "sms",
          "recurrence": "subscription",
          "helpAnswerToUser": "Send \u0027Stop\u0027 to unsubscribe, send \u0027Start\u0027 to resubscribe.",
          "optOutAnswerToUser": "You\u0027ve been unsubscribed from these messages.  Send \u0027Start\u0027 if you want to resubscribe.",
          "optInMessageToUser": "Someone requested to subscribe this number to receive updates about Contoso\u0027s loyalty program.  To confirm subscription, reply to this message with \u0027JOIN\u0027",
          "optInAnswerFromUser": "JOIN",
          "optInConfirmationMessageToUser": "Congrats, you have been successfully subscribed to loyalty program updates.  Welcome!",
          "directionality": "twoWay",
          "useCases": [
            {
              "contentType": "marketingAndPromotion",
              "examples": [
                {
                  "messages": [
                    {
                      "direction": "fromUser",
                      "text": "txtMessage"
                    }
                  ]
                }
              ]
            },
            {
              "contentType": "loyaltyProgram",
              "examples": [
                {
                  "messages": [
                    {
                      "direction": "toUser",
                      "text": "txtMessage"
                    }
                  ]
                }
              ]
            },
            {
              "contentType": "sweepstakesOrContest",
              "examples": [
                {
                  "messages": [
                    {
                      "direction": "toUser",
                      "text": "txtMessage"
                    }
                  ]
                }
              ]
            }
          ]
        },
        "trafficDetails": {
          "totalMonthlyVolume": 10000,
          "monthlyAverageMessagesFromUser": 1,
          "monthlyAverageMessagesToUser": 3,
          "isSpiky": true,
          "spikeDetails": "Higher traffic expected around major shopping holidays, most notably Black Friday and Memorial Day.",
          "estimatedRampUpTimeInDays": 0
        }
      }
    },
    {
      "RequestUri": "https://endpoint/shortCodes/countries/US/programBriefs/ecb0e6e0-eb79-11ed-85fa-3f1528162e8d/attachments?skip=0\u0026top=1\u0026api-version=2022-09-06",
      "RequestMethod": "GET",
      "RequestHeaders": {
        "Accept": "application/json",
        "Accept-Encoding": "gzip, deflate, br",
        "Accept-Language": "en-US",
        "Authorization": "Sanitized",
        "Connection": "keep-alive",
        "Referer": "http://localhost:9876/",
        "sec-ch-ua": "",
        "sec-ch-ua-mobile": "?0",
        "sec-ch-ua-platform": "\u0022\u0022",
        "Sec-Fetch-Dest": "empty",
        "Sec-Fetch-Mode": "cors",
        "Sec-Fetch-Site": "same-site",
        "User-Agent": "Mozilla/5.0 (X11; Linux x86_64) AppleWebKit/537.36 (KHTML, like Gecko) HeadlessChrome/112.0.5614.0 Safari/537.36",
        "x-ms-client-request-id": "Sanitized",
        "x-ms-content-sha256": "Sanitized",
        "x-ms-date": "Fri, 05 May 2023 19:20:44 GMT",
        "x-ms-useragent": "azsdk-js-communication-short-codes/1.0.0-beta.5 core-rest-pipeline/1.10.4 OS"
      },
      "RequestBody": null,
      "StatusCode": 200,
      "ResponseHeaders": {
        "api-supported-versions": "2021-10-25-preview, 2022-09-06",
        "Content-Length": "18",
        "Content-Type": "application/json; charset=utf-8",
        "Date": "Fri, 05 May 2023 19:20:44 GMT",
        "MS-CV": "IgXMYnEvi0OzIWIb7oRRjw.0",
        "Strict-Transport-Security": "max-age=2592000",
        "X-Azure-Ref": "0DFdVZAAAAACI1350xLE\u002BTIwpktCsdsgKREZXMzBFREdFMTYxNwA5ZmM3YjUxOS1hOGNjLTRmODktOTM1ZS1jOTE0OGFlMDllODE=",
        "X-Cache": "CONFIG_NOCACHE",
        "X-Processing-Time": "189ms"
      },
      "ResponseBody": {
        "attachments": []
      }
    },
    {
      "RequestUri": "https://endpoint/shortCodes/countries/US/programBriefs/ecb0e6e0-eb79-11ed-85fa-3f1528162e8d/attachments/ecb10df0-eb79-11ed-85fa-3f1528162e8d?api-version=2022-09-06",
      "RequestMethod": "PUT",
      "RequestHeaders": {
        "Accept": "application/json",
        "Accept-Encoding": "gzip, deflate, br",
        "Accept-Language": "en-US",
        "Authorization": "Sanitized",
        "Connection": "keep-alive",
        "Content-Length": "329",
        "Content-Type": "application/json",
        "Referer": "http://localhost:9876/",
        "sec-ch-ua": "",
        "sec-ch-ua-mobile": "?0",
        "sec-ch-ua-platform": "\u0022\u0022",
        "Sec-Fetch-Dest": "empty",
        "Sec-Fetch-Mode": "cors",
        "Sec-Fetch-Site": "same-site",
        "User-Agent": "Mozilla/5.0 (X11; Linux x86_64) AppleWebKit/537.36 (KHTML, like Gecko) HeadlessChrome/112.0.5614.0 Safari/537.36",
        "x-ms-client-request-id": "Sanitized",
        "x-ms-content-sha256": "Sanitized",
        "x-ms-date": "Fri, 05 May 2023 19:20:45 GMT",
        "x-ms-useragent": "azsdk-js-communication-short-codes/1.0.0-beta.5 core-rest-pipeline/1.10.4 OS"
      },
      "RequestBody": {
        "id": "ecb10df0-eb79-11ed-85fa-3f1528162e8d",
        "type": "callToAction",
        "fileName": "testFriendlyName",
        "fileType": "png",
        "fileContentBase64": "iVBORw0KGgoAAAANSUhEUgAAAAYAAAAHCAIAAACk8qu6AAAAAXNSR0IArs4c6QAAAARnQU1BAACxjwv8YQUAAAAJcEhZcwAALEoAACxKAXd6dE0AAAAjSURBVBhXY/iPAXALrVixorW1FcKGCgH5DAxQNklmIcD//wCoTHalyfy2/AAAAABJRU5ErkJggg=="
      },
      "StatusCode": 201,
      "ResponseHeaders": {
        "api-supported-versions": "2021-10-25-preview, 2022-09-06",
        "Content-Length": "136",
        "Content-Type": "application/json; charset=utf-8",
        "Date": "Fri, 05 May 2023 19:20:45 GMT",
        "Location": "https://endpoint/shortCodes/countries/US/programBriefs/ecb0e6e0-eb79-11ed-85fa-3f1528162e8d/attachments/ecb10df0-eb79-11ed-85fa-3f1528162e8d",
        "MS-CV": "07Um0sht30qextRymKy/Ag.0",
        "Strict-Transport-Security": "max-age=2592000",
        "X-Azure-Ref": "0DVdVZAAAAABMbOHtXex0TbrEmVSeSKzPREZXMzBFREdFMTYxNwA5ZmM3YjUxOS1hOGNjLTRmODktOTM1ZS1jOTE0OGFlMDllODE=",
        "X-Cache": "CONFIG_NOCACHE",
        "X-Processing-Time": "903ms"
      },
      "ResponseBody": {
        "id": "ecb10df0-eb79-11ed-85fa-3f1528162e8d",
        "type": "callToAction",
        "fileName": "testFriendlyName",
        "fileSizeInBytes": 142,
        "fileType": "png"
      }
    },
    {
      "RequestUri": "https://endpoint/shortCodes/countries/US/programBriefs/ecb0e6e0-eb79-11ed-85fa-3f1528162e8d/attachments/ecb10df0-eb79-11ed-85fa-3f1528162e8d?api-version=2022-09-06",
      "RequestMethod": "GET",
      "RequestHeaders": {
        "Accept": "application/json",
        "Accept-Encoding": "gzip, deflate, br",
        "Accept-Language": "en-US",
        "Authorization": "Sanitized",
        "Connection": "keep-alive",
        "Referer": "http://localhost:9876/",
        "sec-ch-ua": "",
        "sec-ch-ua-mobile": "?0",
        "sec-ch-ua-platform": "\u0022\u0022",
        "Sec-Fetch-Dest": "empty",
        "Sec-Fetch-Mode": "cors",
        "Sec-Fetch-Site": "same-site",
        "User-Agent": "Mozilla/5.0 (X11; Linux x86_64) AppleWebKit/537.36 (KHTML, like Gecko) HeadlessChrome/112.0.5614.0 Safari/537.36",
        "x-ms-client-request-id": "Sanitized",
        "x-ms-content-sha256": "Sanitized",
        "x-ms-date": "Fri, 05 May 2023 19:20:46 GMT",
        "x-ms-useragent": "azsdk-js-communication-short-codes/1.0.0-beta.5 core-rest-pipeline/1.10.4 OS"
      },
      "RequestBody": null,
      "StatusCode": 200,
      "ResponseHeaders": {
        "api-supported-versions": "2021-10-25-preview, 2022-09-06",
        "Content-Length": "136",
        "Content-Type": "application/json; charset=utf-8",
        "Date": "Fri, 05 May 2023 19:20:46 GMT",
        "MS-CV": "ieNWVMg90kuTuldBsu5cJA.0",
        "Strict-Transport-Security": "max-age=2592000",
        "X-Azure-Ref": "0DldVZAAAAABBwJLsGENtSLNGhE\u002BmxAXKREZXMzBFREdFMTYxNwA5ZmM3YjUxOS1hOGNjLTRmODktOTM1ZS1jOTE0OGFlMDllODE=",
        "X-Cache": "CONFIG_NOCACHE",
        "X-Processing-Time": "125ms"
      },
      "ResponseBody": {
        "id": "ecb10df0-eb79-11ed-85fa-3f1528162e8d",
        "type": "callToAction",
        "fileName": "testFriendlyName",
        "fileSizeInBytes": 142,
        "fileType": "png"
      }
    },
    {
      "RequestUri": "https://endpoint/shortCodes/countries/US/programBriefs/ecb0e6e0-eb79-11ed-85fa-3f1528162e8d/attachments/ecb10df1-eb79-11ed-85fa-3f1528162e8d?api-version=2022-09-06",
      "RequestMethod": "PUT",
      "RequestHeaders": {
        "Accept": "application/json",
        "Accept-Encoding": "gzip, deflate, br",
        "Accept-Language": "en-US",
        "Authorization": "Sanitized",
        "Connection": "keep-alive",
        "Content-Length": "329",
        "Content-Type": "application/json",
        "Referer": "http://localhost:9876/",
        "sec-ch-ua": "",
        "sec-ch-ua-mobile": "?0",
        "sec-ch-ua-platform": "\u0022\u0022",
        "Sec-Fetch-Dest": "empty",
        "Sec-Fetch-Mode": "cors",
        "Sec-Fetch-Site": "same-site",
        "User-Agent": "Mozilla/5.0 (X11; Linux x86_64) AppleWebKit/537.36 (KHTML, like Gecko) HeadlessChrome/112.0.5614.0 Safari/537.36",
        "x-ms-client-request-id": "Sanitized",
        "x-ms-content-sha256": "Sanitized",
        "x-ms-date": "Fri, 05 May 2023 19:20:46 GMT",
        "x-ms-useragent": "azsdk-js-communication-short-codes/1.0.0-beta.5 core-rest-pipeline/1.10.4 OS"
      },
      "RequestBody": {
        "id": "ecb10df1-eb79-11ed-85fa-3f1528162e8d",
        "type": "callToAction",
        "fileName": "testFriendlyName",
        "fileType": "png",
        "fileContentBase64": "iVBORw0KGgoAAAANSUhEUgAAAAYAAAAHCAIAAACk8qu6AAAAAXNSR0IArs4c6QAAAARnQU1BAACxjwv8YQUAAAAJcEhZcwAALEoAACxKAXd6dE0AAAAjSURBVBhXY/iPAXALrVixorW1FcKGCgH5DAxQNklmIcD//wCoTHalyfy2/AAAAABJRU5ErkJggg=="
      },
      "StatusCode": 201,
      "ResponseHeaders": {
        "api-supported-versions": "2021-10-25-preview, 2022-09-06",
        "Content-Length": "136",
        "Content-Type": "application/json; charset=utf-8",
        "Date": "Fri, 05 May 2023 19:20:47 GMT",
        "Location": "https://endpoint/shortCodes/countries/US/programBriefs/ecb0e6e0-eb79-11ed-85fa-3f1528162e8d/attachments/ecb10df1-eb79-11ed-85fa-3f1528162e8d",
        "MS-CV": "V3cWPPuGUUuJUTl2TswW9Q.0",
        "Strict-Transport-Security": "max-age=2592000",
        "X-Azure-Ref": "0DldVZAAAAACmwdyJSV/8S6oeoCkbkmY4REZXMzBFREdFMTYxNwA5ZmM3YjUxOS1hOGNjLTRmODktOTM1ZS1jOTE0OGFlMDllODE=",
        "X-Cache": "CONFIG_NOCACHE",
        "X-Processing-Time": "885ms"
      },
      "ResponseBody": {
        "id": "ecb10df1-eb79-11ed-85fa-3f1528162e8d",
        "type": "callToAction",
        "fileName": "testFriendlyName",
        "fileSizeInBytes": 142,
        "fileType": "png"
      }
    },
    {
      "RequestUri": "https://endpoint/shortCodes/countries/US/programBriefs/ecb0e6e0-eb79-11ed-85fa-3f1528162e8d/attachments/ecb10df1-eb79-11ed-85fa-3f1528162e8d?api-version=2022-09-06",
      "RequestMethod": "GET",
      "RequestHeaders": {
        "Accept": "application/json",
        "Accept-Encoding": "gzip, deflate, br",
        "Accept-Language": "en-US",
        "Authorization": "Sanitized",
        "Connection": "keep-alive",
        "Referer": "http://localhost:9876/",
        "sec-ch-ua": "",
        "sec-ch-ua-mobile": "?0",
        "sec-ch-ua-platform": "\u0022\u0022",
        "Sec-Fetch-Dest": "empty",
        "Sec-Fetch-Mode": "cors",
        "Sec-Fetch-Site": "same-site",
        "User-Agent": "Mozilla/5.0 (X11; Linux x86_64) AppleWebKit/537.36 (KHTML, like Gecko) HeadlessChrome/112.0.5614.0 Safari/537.36",
        "x-ms-client-request-id": "Sanitized",
        "x-ms-content-sha256": "Sanitized",
        "x-ms-date": "Fri, 05 May 2023 19:20:48 GMT",
        "x-ms-useragent": "azsdk-js-communication-short-codes/1.0.0-beta.5 core-rest-pipeline/1.10.4 OS"
      },
      "RequestBody": null,
      "StatusCode": 200,
      "ResponseHeaders": {
        "api-supported-versions": "2021-10-25-preview, 2022-09-06",
        "Content-Length": "136",
        "Content-Type": "application/json; charset=utf-8",
        "Date": "Fri, 05 May 2023 19:20:47 GMT",
        "MS-CV": "P992VSLv60SFgqW8Rbtegg.0",
        "Strict-Transport-Security": "max-age=2592000",
        "X-Azure-Ref": "0EFdVZAAAAAD87FVVYhL1SYmX3T2j6E48REZXMzBFREdFMTYxNwA5ZmM3YjUxOS1hOGNjLTRmODktOTM1ZS1jOTE0OGFlMDllODE=",
        "X-Cache": "CONFIG_NOCACHE",
        "X-Processing-Time": "129ms"
      },
      "ResponseBody": {
        "id": "ecb10df1-eb79-11ed-85fa-3f1528162e8d",
        "type": "callToAction",
        "fileName": "testFriendlyName",
        "fileSizeInBytes": 142,
        "fileType": "png"
      }
    },
    {
      "RequestUri": "https://endpoint/shortCodes/countries/US/programBriefs/ecb0e6e0-eb79-11ed-85fa-3f1528162e8d/attachments?skip=0\u0026top=1\u0026api-version=2022-09-06",
      "RequestMethod": "GET",
      "RequestHeaders": {
        "Accept": "application/json",
        "Accept-Encoding": "gzip, deflate, br",
        "Accept-Language": "en-US",
        "Authorization": "Sanitized",
        "Connection": "keep-alive",
        "Referer": "http://localhost:9876/",
        "sec-ch-ua": "",
        "sec-ch-ua-mobile": "?0",
        "sec-ch-ua-platform": "\u0022\u0022",
        "Sec-Fetch-Dest": "empty",
        "Sec-Fetch-Mode": "cors",
        "Sec-Fetch-Site": "same-site",
        "User-Agent": "Mozilla/5.0 (X11; Linux x86_64) AppleWebKit/537.36 (KHTML, like Gecko) HeadlessChrome/112.0.5614.0 Safari/537.36",
        "x-ms-client-request-id": "Sanitized",
        "x-ms-content-sha256": "Sanitized",
        "x-ms-date": "Fri, 05 May 2023 19:20:48 GMT",
        "x-ms-useragent": "azsdk-js-communication-short-codes/1.0.0-beta.5 core-rest-pipeline/1.10.4 OS"
      },
      "RequestBody": null,
      "StatusCode": 200,
      "ResponseHeaders": {
        "api-supported-versions": "2021-10-25-preview, 2022-09-06",
        "Content-Length": "291",
        "Content-Type": "application/json; charset=utf-8",
        "Date": "Fri, 05 May 2023 19:20:48 GMT",
        "MS-CV": "6kcvGFU5l0KFScelsvqo4g.0",
        "Strict-Transport-Security": "max-age=2592000",
        "X-Azure-Ref": "0EFdVZAAAAACWbh1KycWXSrDy\u002B1iyZxJWREZXMzBFREdFMTYxNwA5ZmM3YjUxOS1hOGNjLTRmODktOTM1ZS1jOTE0OGFlMDllODE=",
        "X-Cache": "CONFIG_NOCACHE",
        "X-Processing-Time": "132ms"
      },
      "ResponseBody": {
        "attachments": [
          {
            "id": "ecb10df0-eb79-11ed-85fa-3f1528162e8d",
            "type": "callToAction",
            "fileName": "testFriendlyName",
            "fileSizeInBytes": 142,
            "fileType": "png"
          },
          {
            "id": "ecb10df1-eb79-11ed-85fa-3f1528162e8d",
            "type": "callToAction",
            "fileName": "testFriendlyName",
            "fileSizeInBytes": 142,
            "fileType": "png"
          }
        ]
      }
    },
    {
      "RequestUri": "https://endpoint/shortCodes/countries/US/programBriefs/ecb0e6e0-eb79-11ed-85fa-3f1528162e8d/attachments/ecb10df0-eb79-11ed-85fa-3f1528162e8d?api-version=2022-09-06",
      "RequestMethod": "DELETE",
      "RequestHeaders": {
        "Accept": "application/json",
        "Accept-Encoding": "gzip, deflate, br",
        "Accept-Language": "en-US",
        "Authorization": "Sanitized",
        "Connection": "keep-alive",
        "Referer": "http://localhost:9876/",
        "sec-ch-ua": "",
        "sec-ch-ua-mobile": "?0",
        "sec-ch-ua-platform": "\u0022\u0022",
        "Sec-Fetch-Dest": "empty",
        "Sec-Fetch-Mode": "cors",
        "Sec-Fetch-Site": "same-site",
        "User-Agent": "Mozilla/5.0 (X11; Linux x86_64) AppleWebKit/537.36 (KHTML, like Gecko) HeadlessChrome/112.0.5614.0 Safari/537.36",
        "x-ms-client-request-id": "Sanitized",
        "x-ms-content-sha256": "Sanitized",
        "x-ms-date": "Fri, 05 May 2023 19:20:48 GMT",
        "x-ms-useragent": "azsdk-js-communication-short-codes/1.0.0-beta.5 core-rest-pipeline/1.10.4 OS"
      },
      "RequestBody": null,
      "StatusCode": 204,
      "ResponseHeaders": {
        "api-supported-versions": "2021-10-25-preview, 2022-09-06",
        "Date": "Fri, 05 May 2023 19:20:49 GMT",
        "MS-CV": "i6FQLkJWQ0OWNCitxyT7\u002Bw.0",
        "Strict-Transport-Security": "max-age=2592000",
        "X-Azure-Ref": "0EFdVZAAAAAAKy3pfzc9tRYXckAHFQ4viREZXMzBFREdFMTYxNwA5ZmM3YjUxOS1hOGNjLTRmODktOTM1ZS1jOTE0OGFlMDllODE=",
        "X-Cache": "CONFIG_NOCACHE",
        "X-Processing-Time": "872ms"
      },
      "ResponseBody": null
    },
    {
      "RequestUri": "https://endpoint/shortCodes/countries/US/programBriefs/ecb0e6e0-eb79-11ed-85fa-3f1528162e8d/attachments?skip=0\u0026top=1\u0026api-version=2022-09-06",
      "RequestMethod": "GET",
      "RequestHeaders": {
        "Accept": "application/json",
        "Accept-Encoding": "gzip, deflate, br",
        "Accept-Language": "en-US",
        "Authorization": "Sanitized",
        "Connection": "keep-alive",
        "Referer": "http://localhost:9876/",
        "sec-ch-ua": "",
        "sec-ch-ua-mobile": "?0",
        "sec-ch-ua-platform": "\u0022\u0022",
        "Sec-Fetch-Dest": "empty",
        "Sec-Fetch-Mode": "cors",
        "Sec-Fetch-Site": "same-site",
        "User-Agent": "Mozilla/5.0 (X11; Linux x86_64) AppleWebKit/537.36 (KHTML, like Gecko) HeadlessChrome/112.0.5614.0 Safari/537.36",
        "x-ms-client-request-id": "Sanitized",
        "x-ms-content-sha256": "Sanitized",
        "x-ms-date": "Fri, 05 May 2023 19:20:49 GMT",
        "x-ms-useragent": "azsdk-js-communication-short-codes/1.0.0-beta.5 core-rest-pipeline/1.10.4 OS"
      },
      "RequestBody": null,
      "StatusCode": 200,
      "ResponseHeaders": {
        "api-supported-versions": "2021-10-25-preview, 2022-09-06",
        "Content-Length": "154",
        "Content-Type": "application/json; charset=utf-8",
        "Date": "Fri, 05 May 2023 19:20:49 GMT",
        "MS-CV": "bTM6xDGeR0\u002BHpTBw5NO20A.0",
        "Strict-Transport-Security": "max-age=2592000",
        "X-Azure-Ref": "0EVdVZAAAAACeNz1B9jL4QbgUZYLmnN3xREZXMzBFREdFMTYxNwA5ZmM3YjUxOS1hOGNjLTRmODktOTM1ZS1jOTE0OGFlMDllODE=",
        "X-Cache": "CONFIG_NOCACHE",
        "X-Processing-Time": "133ms"
      },
      "ResponseBody": {
        "attachments": [
          {
            "id": "ecb10df1-eb79-11ed-85fa-3f1528162e8d",
            "type": "callToAction",
            "fileName": "testFriendlyName",
            "fileSizeInBytes": 142,
            "fileType": "png"
          }
        ]
      }
    },
    {
      "RequestUri": "https://endpoint/shortCodes/countries/US/programBriefs/ecb0e6e0-eb79-11ed-85fa-3f1528162e8d/attachments/ecb10df1-eb79-11ed-85fa-3f1528162e8d?api-version=2022-09-06",
      "RequestMethod": "DELETE",
      "RequestHeaders": {
        "Accept": "application/json",
        "Accept-Encoding": "gzip, deflate, br",
        "Accept-Language": "en-US",
        "Authorization": "Sanitized",
        "Connection": "keep-alive",
        "Referer": "http://localhost:9876/",
        "sec-ch-ua": "",
        "sec-ch-ua-mobile": "?0",
        "sec-ch-ua-platform": "\u0022\u0022",
        "Sec-Fetch-Dest": "empty",
        "Sec-Fetch-Mode": "cors",
        "Sec-Fetch-Site": "same-site",
        "User-Agent": "Mozilla/5.0 (X11; Linux x86_64) AppleWebKit/537.36 (KHTML, like Gecko) HeadlessChrome/112.0.5614.0 Safari/537.36",
        "x-ms-client-request-id": "Sanitized",
        "x-ms-content-sha256": "Sanitized",
        "x-ms-date": "Fri, 05 May 2023 19:20:49 GMT",
        "x-ms-useragent": "azsdk-js-communication-short-codes/1.0.0-beta.5 core-rest-pipeline/1.10.4 OS"
      },
      "RequestBody": null,
      "StatusCode": 204,
      "ResponseHeaders": {
        "api-supported-versions": "2021-10-25-preview, 2022-09-06",
        "Date": "Fri, 05 May 2023 19:20:50 GMT",
        "MS-CV": "y4x6gWQJ2kWWIzytsFoVYQ.0",
        "Strict-Transport-Security": "max-age=2592000",
        "X-Azure-Ref": "0EldVZAAAAAD3ljcLmQmDQJ0a0Cx5e8bCREZXMzBFREdFMTYxNwA5ZmM3YjUxOS1hOGNjLTRmODktOTM1ZS1jOTE0OGFlMDllODE=",
        "X-Cache": "CONFIG_NOCACHE",
        "X-Processing-Time": "871ms"
      },
      "ResponseBody": null
    },
    {
      "RequestUri": "https://endpoint/shortCodes/countries/US/programBriefs/ecb0e6e0-eb79-11ed-85fa-3f1528162e8d/attachments?skip=0\u0026top=1\u0026api-version=2022-09-06",
      "RequestMethod": "GET",
      "RequestHeaders": {
        "Accept": "application/json",
        "Accept-Encoding": "gzip, deflate, br",
        "Accept-Language": "en-US",
        "Authorization": "Sanitized",
        "Connection": "keep-alive",
        "Referer": "http://localhost:9876/",
        "sec-ch-ua": "",
        "sec-ch-ua-mobile": "?0",
        "sec-ch-ua-platform": "\u0022\u0022",
        "Sec-Fetch-Dest": "empty",
        "Sec-Fetch-Mode": "cors",
        "Sec-Fetch-Site": "same-site",
        "User-Agent": "Mozilla/5.0 (X11; Linux x86_64) AppleWebKit/537.36 (KHTML, like Gecko) HeadlessChrome/112.0.5614.0 Safari/537.36",
        "x-ms-client-request-id": "Sanitized",
        "x-ms-content-sha256": "Sanitized",
        "x-ms-date": "Fri, 05 May 2023 19:20:50 GMT",
        "x-ms-useragent": "azsdk-js-communication-short-codes/1.0.0-beta.5 core-rest-pipeline/1.10.4 OS"
      },
      "RequestBody": null,
      "StatusCode": 200,
      "ResponseHeaders": {
        "api-supported-versions": "2021-10-25-preview, 2022-09-06",
        "Content-Length": "18",
        "Content-Type": "application/json; charset=utf-8",
        "Date": "Fri, 05 May 2023 19:20:50 GMT",
        "MS-CV": "z6PKBiYo6kmBtU4QZ6VWiQ.0",
        "Strict-Transport-Security": "max-age=2592000",
        "X-Azure-Ref": "0E1dVZAAAAADan5Mway6VTqZREwGmHc\u002B4REZXMzBFREdFMTYxNwA5ZmM3YjUxOS1hOGNjLTRmODktOTM1ZS1jOTE0OGFlMDllODE=",
        "X-Cache": "CONFIG_NOCACHE",
        "X-Processing-Time": "167ms"
      },
      "ResponseBody": {
        "attachments": []
      }
    },
    {
      "RequestUri": "https://endpoint/shortCodes/countries/US/programBriefs/ecb0e6e0-eb79-11ed-85fa-3f1528162e8d?api-version=2022-09-06",
      "RequestMethod": "DELETE",
      "RequestHeaders": {
        "Accept": "application/json",
        "Accept-Encoding": "gzip, deflate, br",
        "Accept-Language": "en-US",
        "Authorization": "Sanitized",
        "Connection": "keep-alive",
        "Referer": "http://localhost:9876/",
        "sec-ch-ua": "",
        "sec-ch-ua-mobile": "?0",
        "sec-ch-ua-platform": "\u0022\u0022",
        "Sec-Fetch-Dest": "empty",
        "Sec-Fetch-Mode": "cors",
        "Sec-Fetch-Site": "same-site",
        "User-Agent": "Mozilla/5.0 (X11; Linux x86_64) AppleWebKit/537.36 (KHTML, like Gecko) HeadlessChrome/112.0.5614.0 Safari/537.36",
        "x-ms-client-request-id": "Sanitized",
        "x-ms-content-sha256": "Sanitized",
        "x-ms-date": "Fri, 05 May 2023 19:20:51 GMT",
        "x-ms-useragent": "azsdk-js-communication-short-codes/1.0.0-beta.5 core-rest-pipeline/1.10.4 OS"
      },
      "RequestBody": null,
      "StatusCode": 204,
      "ResponseHeaders": {
        "api-supported-versions": "2021-10-25-preview, 2022-09-06",
        "Date": "Fri, 05 May 2023 19:20:51 GMT",
        "MS-CV": "olaYmJVYCkOpvMuZRvC1kg.0",
        "Strict-Transport-Security": "max-age=2592000",
        "X-Azure-Ref": "0E1dVZAAAAACCOg6jtjCZT5bmoaeeUqG0REZXMzBFREdFMTYxNwA5ZmM3YjUxOS1hOGNjLTRmODktOTM1ZS1jOTE0OGFlMDllODE=",
        "X-Cache": "CONFIG_NOCACHE",
        "X-Processing-Time": "211ms"
      },
      "ResponseBody": null
    },
    {
      "RequestUri": "https://endpoint/shortCodes/countries/US/programBriefs/ecb0e6e0-eb79-11ed-85fa-3f1528162e8d?api-version=2022-09-06",
      "RequestMethod": "GET",
      "RequestHeaders": {
        "Accept": "application/json",
        "Accept-Encoding": "gzip, deflate, br",
        "Accept-Language": "en-US",
        "Authorization": "Sanitized",
        "Connection": "keep-alive",
        "Referer": "http://localhost:9876/",
        "sec-ch-ua": "",
        "sec-ch-ua-mobile": "?0",
        "sec-ch-ua-platform": "\u0022\u0022",
        "Sec-Fetch-Dest": "empty",
        "Sec-Fetch-Mode": "cors",
        "Sec-Fetch-Site": "same-site",
        "User-Agent": "Mozilla/5.0 (X11; Linux x86_64) AppleWebKit/537.36 (KHTML, like Gecko) HeadlessChrome/112.0.5614.0 Safari/537.36",
        "x-ms-client-request-id": "Sanitized",
        "x-ms-content-sha256": "Sanitized",
        "x-ms-date": "Fri, 05 May 2023 19:20:51 GMT",
        "x-ms-useragent": "azsdk-js-communication-short-codes/1.0.0-beta.5 core-rest-pipeline/1.10.4 OS"
      },
      "RequestBody": null,
      "StatusCode": 404,
      "ResponseHeaders": {
        "api-supported-versions": "2021-10-25-preview, 2022-09-06",
        "Content-Type": "application/json",
        "Date": "Fri, 05 May 2023 19:20:52 GMT",
        "MS-CV": "cWH35RAjCkGkodZ1qEWnTQ.0",
        "Strict-Transport-Security": "max-age=2592000",
        "Transfer-Encoding": "chunked",
        "X-Azure-Ref": "0E1dVZAAAAACxiiF6CHF7QYYIjm4nqLPWREZXMzBFREdFMTYxNwA5ZmM3YjUxOS1hOGNjLTRmODktOTM1ZS1jOTE0OGFlMDllODE=",
        "X-Cache": "CONFIG_NOCACHE",
        "X-Processing-Time": "709ms"
      },
      "ResponseBody": {
        "error": {
          "code": "NotFound",
          "message": "Could not find the ProgramBrief with key \u0027Azure|ac80d96a-85de-48b1-995d-a3a3fa3627c8|ecb0e6e0-eb79-11ed-85fa-3f1528162e8d\u0027"
        }
      }
    }
  ],
  "Variables": {
    "attachment-var-0": "ecb10df0-eb79-11ed-85fa-3f1528162e8d",
    "attachment-var-1": "ecb10df1-eb79-11ed-85fa-3f1528162e8d",
    "test-brief": "ecb0e6e0-eb79-11ed-85fa-3f1528162e8d"
  }
}
