{
  "Entries": [
    {
      "RequestUri": "https://Sanitized.azure.com/api/projects/project1/connections?api-version=2025-05-15-preview",
      "RequestMethod": "GET",
      "RequestHeaders": {
        "Accept": "application/json",
        "Accept-Encoding": "gzip,deflate",
        "Authorization": "Sanitized",
        "Connection": "keep-alive",
        "User-Agent": "azsdk-js-client azsdk-js-api azsdk-js-ai-projects-1dp/1.0.0-beta.1 core-rest-pipeline/1.19.2 Node/22.10.0 OS/(x64-Windows_NT-10.0.26100)",
        "x-ms-client-request-id": "Sanitized"
      },
      "RequestBody": null,
      "StatusCode": 200,
      "ResponseHeaders": {
        "apim-request-id": "d0ff4edb-e23f-4254-b750-ec7b5380a41d",
        "Content-Encoding": "gzip",
        "Content-Type": "application/json; charset=utf-8",
        "Date": "Mon, 21 Apr 2025 20:57:06 GMT",
        "request-context": "appId=cid-v1:17d65b70-e9ce-4ed5-9347-1f660ec782e9",
        "Strict-Transport-Security": "max-age=31536000; includeSubDomains; preload",
        "Transfer-Encoding": "chunked",
        "Vary": "Accept-Encoding",
        "x-aml-cluster": "vienna-eastus2euap-01",
        "X-Content-Type-Options": "nosniff",
        "x-http2-stream-id": "3",
        "x-ms-region": "East US 2 EUAP",
        "x-ms-response-type": "standard",
        "x-request-time": "0.025"
      },
      "ResponseBody": {
        "value": [
          {
            "name": "connection1",
            "type": "AzureOpenAI",
            "target": "https://Sanitized.azure.com/",
            "authType": "ApiKey",
            "metadata": {
              "ApiType": "Azure",
              "Location": "eastus2euap",
              "ResourceId": "/subscriptions/00000000-0000-0000-0000-000000000000/resourceGroups/00000/providers/Microsoft.CognitiveServices/accounts/balapv-1dp-account1",
              "ApiVersion": "2023-07-01-preview",
              "DeploymentApiVersion": "2023-10-01-preview"
            }
          },
          {
            "name": "connection1-app-insights",
            "type": "AppInsights",
            "target": "/subscriptions/00000000-0000-0000-0000-000000000000/resourceGroups/00000/providers/microsoft.insights/components/Sanitized",
            "authType": "ApiKey",
            "metadata": {
              "ApiType": "Azure",
              "Location": "eastus2euap",
              "ResourceId": "/subscriptions/00000000-0000-0000-0000-000000000000/resourceGroups/00000/providers/Microsoft.CognitiveServices/accounts/balapv-1dp-account1"
            }
          },
          {
            "name": "connection1-byo-storage",
            "type": "AzureStorageAccount",
            "target": "/subscriptions/00000000-0000-0000-0000-000000000000/resourcegroups/00000/providers/Microsoft.Storage/storageAccounts/balapvbyostoragecanary",
            "authType": "SAS",
            "metadata": {
              "ApiType": "Azure",
              "Location": "eastus2euap",
              "ContainerName": "1dptestcontainer",
              "AccountName": "balapvbyostoragecanary",
              "ResourceId": "/subscriptions/00000000-0000-0000-0000-000000000000/resourceGroups/00000/providers/Microsoft.CognitiveServices/accounts/balapv-1dp-account1"
            }
          },
          {
            "name": "balapvbyostoragecanary",
            "type": "AzureStorageAccount",
            "target": "https://Sanitized.azure.com/",
            "authType": "AAD",
            "metadata": {
              "ApiType": "Azure",
              "ResourceId": "/subscriptions/00000000-0000-0000-0000-000000000000/resourceGroups/00000/providers/Microsoft.Storage/storageAccounts/balapvbyostoragecanary"
            }
          }
        ]
      }
    },
    {
      "RequestUri": "https://Sanitized.azure.com/api/projects/project1/connections/connection1?api-version=2025-05-15-preview",
      "RequestMethod": "GET",
      "RequestHeaders": {
        "Accept": "application/json",
        "Accept-Encoding": "gzip,deflate",
        "Authorization": "Sanitized",
        "Connection": "keep-alive",
        "User-Agent": "azsdk-js-client azsdk-js-api azsdk-js-ai-projects-1dp/1.0.0-beta.1 core-rest-pipeline/1.19.2 Node/22.10.0 OS/(x64-Windows_NT-10.0.26100)",
        "x-ms-client-request-id": "Sanitized"
      },
      "RequestBody": null,
      "StatusCode": 200,
      "ResponseHeaders": {
        "apim-request-id": "62cb7b8a-4356-480d-b647-3ed898a58b4b",
        "Content-Encoding": "gzip",
        "Content-Type": "application/json; charset=utf-8",
        "Date": "Mon, 21 Apr 2025 20:57:07 GMT",
        "request-context": "appId=cid-v1:17d65b70-e9ce-4ed5-9347-1f660ec782e9",
        "Strict-Transport-Security": "max-age=31536000; includeSubDomains; preload",
        "Transfer-Encoding": "chunked",
        "Vary": "Accept-Encoding",
        "x-aml-cluster": "vienna-eastus2euap-01",
        "X-Content-Type-Options": "nosniff",
        "x-http2-stream-id": "3",
        "x-ms-region": "East US 2 EUAP",
        "x-ms-response-type": "standard",
        "x-request-time": "0.026"
      },
      "ResponseBody": {
        "name": "connection1",
        "type": "AzureOpenAI",
        "target": "https://Sanitized.azure.com/",
        "authType": "ApiKey",
        "metadata": {
          "ApiType": "Azure",
          "Location": "eastus2euap",
          "ResourceId": "/subscriptions/00000000-0000-0000-0000-000000000000/resourceGroups/00000/providers/Microsoft.CognitiveServices/accounts/balapv-1dp-account1",
          "ApiVersion": "2023-07-01-preview",
          "DeploymentApiVersion": "2023-10-01-preview"
        }
      }
    },
    {
      "RequestUri": "https://Sanitized.azure.com/api/projects/project1/connections/connection1-app-insights?api-version=2025-05-15-preview",
      "RequestMethod": "GET",
      "RequestHeaders": {
        "Accept": "application/json",
        "Accept-Encoding": "gzip,deflate",
        "Authorization": "Sanitized",
        "Connection": "keep-alive",
        "User-Agent": "azsdk-js-client azsdk-js-api azsdk-js-ai-projects-1dp/1.0.0-beta.1 core-rest-pipeline/1.19.2 Node/22.10.0 OS/(x64-Windows_NT-10.0.26100)",
        "x-ms-client-request-id": "Sanitized"
      },
      "RequestBody": null,
      "StatusCode": 200,
      "ResponseHeaders": {
        "apim-request-id": "13d9443a-58c5-47f1-ac94-100ac9f4ee79",
        "Content-Encoding": "gzip",
        "Content-Type": "application/json; charset=utf-8",
        "Date": "Mon, 21 Apr 2025 20:57:07 GMT",
        "request-context": "appId=cid-v1:17d65b70-e9ce-4ed5-9347-1f660ec782e9",
        "Strict-Transport-Security": "max-age=31536000; includeSubDomains; preload",
        "Transfer-Encoding": "chunked",
        "Vary": "Accept-Encoding",
        "x-aml-cluster": "vienna-eastus2euap-01",
        "X-Content-Type-Options": "nosniff",
        "x-http2-stream-id": "5",
        "x-ms-region": "East US 2 EUAP",
        "x-ms-response-type": "standard",
        "x-request-time": "0.029"
      },
      "ResponseBody": {
        "name": "connection1-app-insights",
        "type": "AppInsights",
        "target": "/subscriptions/00000000-0000-0000-0000-000000000000/resourceGroups/00000/providers/microsoft.insights/components/Sanitized",
        "authType": "ApiKey",
        "metadata": {
          "ApiType": "Azure",
          "Location": "eastus2euap",
          "ResourceId": "/subscriptions/00000000-0000-0000-0000-000000000000/resourceGroups/00000/providers/Microsoft.CognitiveServices/accounts/balapv-1dp-account1"
        }
      }
    },
    {
      "RequestUri": "https://Sanitized.azure.com/api/projects/project1/connections/connection1-byo-storage?api-version=2025-05-15-preview",
      "RequestMethod": "GET",
      "RequestHeaders": {
        "Accept": "application/json",
        "Accept-Encoding": "gzip,deflate",
        "Authorization": "Sanitized",
        "Connection": "keep-alive",
        "User-Agent": "azsdk-js-client azsdk-js-api azsdk-js-ai-projects-1dp/1.0.0-beta.1 core-rest-pipeline/1.19.2 Node/22.10.0 OS/(x64-Windows_NT-10.0.26100)",
        "x-ms-client-request-id": "Sanitized"
      },
      "RequestBody": null,
      "StatusCode": 200,
      "ResponseHeaders": {
        "apim-request-id": "3f8223ae-beb1-40a3-a0ea-baf3de6a0cde",
        "Content-Encoding": "gzip",
        "Content-Type": "application/json; charset=utf-8",
        "Date": "Mon, 21 Apr 2025 20:57:07 GMT",
        "request-context": "appId=cid-v1:17d65b70-e9ce-4ed5-9347-1f660ec782e9",
        "Strict-Transport-Security": "max-age=31536000; includeSubDomains; preload",
        "Transfer-Encoding": "chunked",
        "Vary": "Accept-Encoding",
        "x-aml-cluster": "vienna-eastus2euap-01",
        "X-Content-Type-Options": "nosniff",
        "x-http2-stream-id": "5",
        "x-ms-region": "East US 2 EUAP",
        "x-ms-response-type": "standard",
        "x-request-time": "0.028"
      },
      "ResponseBody": {
        "name": "connection1-byo-storage",
        "type": "AzureStorageAccount",
        "target": "/subscriptions/00000000-0000-0000-0000-000000000000/resourcegroups/00000/providers/Microsoft.Storage/storageAccounts/balapvbyostoragecanary",
        "authType": "SAS",
        "metadata": {
          "ApiType": "Azure",
          "Location": "eastus2euap",
          "ContainerName": "1dptestcontainer",
          "AccountName": "balapvbyostoragecanary",
          "ResourceId": "/subscriptions/00000000-0000-0000-0000-000000000000/resourceGroups/00000/providers/Microsoft.CognitiveServices/accounts/balapv-1dp-account1"
        }
      }
    },
    {
      "RequestUri": "https://Sanitized.azure.com/api/projects/project1/connections/balapvbyostoragecanary?api-version=2025-05-15-preview",
      "RequestMethod": "GET",
      "RequestHeaders": {
        "Accept": "application/json",
        "Accept-Encoding": "gzip,deflate",
        "Authorization": "Sanitized",
        "Connection": "keep-alive",
        "User-Agent": "azsdk-js-client azsdk-js-api azsdk-js-ai-projects-1dp/1.0.0-beta.1 core-rest-pipeline/1.19.2 Node/22.10.0 OS/(x64-Windows_NT-10.0.26100)",
        "x-ms-client-request-id": "Sanitized"
      },
      "RequestBody": null,
      "StatusCode": 200,
      "ResponseHeaders": {
        "apim-request-id": "8be6d1fb-8f7b-4c63-bdd4-725c695b9173",
        "Content-Encoding": "gzip",
        "Content-Type": "application/json; charset=utf-8",
        "Date": "Mon, 21 Apr 2025 20:57:07 GMT",
        "request-context": "appId=cid-v1:17d65b70-e9ce-4ed5-9347-1f660ec782e9",
        "Strict-Transport-Security": "max-age=31536000; includeSubDomains; preload",
        "Transfer-Encoding": "chunked",
        "Vary": "Accept-Encoding",
        "x-aml-cluster": "vienna-eastus2euap-01",
        "X-Content-Type-Options": "nosniff",
        "x-http2-stream-id": "5",
        "x-ms-region": "East US 2 EUAP",
        "x-ms-response-type": "standard",
        "x-request-time": "0.032"
      },
      "ResponseBody": {
        "name": "balapvbyostoragecanary",
        "type": "AzureStorageAccount",
        "target": "https://Sanitized.azure.com/",
        "authType": "AAD",
        "metadata": {
          "ApiType": "Azure",
          "ResourceId": "/subscriptions/00000000-0000-0000-0000-000000000000/resourceGroups/00000/providers/Microsoft.Storage/storageAccounts/balapvbyostoragecanary"
        }
      }
    }
  ],
  "Variables": {}
}
