{
  "Entries": [
    {
      "RequestUri": "https://AZURE_DIGITALTWINS_URL.api.wcus.digitaltwins.azure.net/models/dtmi%3Asamples%3ADTComponentTestsModel%3B1?api-version=2020-10-31",
      "RequestMethod": "DELETE",
      "RequestHeaders": {
        "Accept": "application/json",
        "Accept-Encoding": "gzip, deflate, br",
        "Accept-Language": "en-US",
        "Authorization": "Sanitized",
        "Connection": "keep-alive",
        "Referer": "http://localhost:9876/",
        "sec-ch-ua": "",
        "sec-ch-ua-mobile": "?0",
        "sec-ch-ua-platform": "",
        "Sec-Fetch-Dest": "empty",
        "Sec-Fetch-Mode": "cors",
        "Sec-Fetch-Site": "same-site",
        "User-Agent": "Mozilla/5.0 (X11; Linux x86_64) AppleWebKit/537.36 (KHTML, like Gecko) HeadlessChrome/109.0.5412.0 Safari/537.36",
        "x-ms-client-request-id": "212d83c4-1c09-4cb6-9389-5b0b7ee61b70",
        "x-ms-useragent": "azsdk-js-digital-twins-core/2.0.0 core-rest-pipeline/1.10.1 OS/Linuxx86_64"
      },
      "RequestBody": null,
      "StatusCode": 404,
      "ResponseHeaders": {
        "Content-Length": "221",
        "Content-Type": "application/json; charset=utf-8",
        "Date": "Mon, 09 Jan 2023 23:30:18 GMT",
        "mise-correlation-id": "a756bcaa-d714-4d60-a709-38f2ce41f68c",
        "Strict-Transport-Security": "max-age=2592000",
        "traceresponse": "00-4d751f1dad7cceb57990d3db7a88a551-43206ef4871c2041-01"
      },
      "ResponseBody": {
        "error": {
          "code": "ModelNotFound",
          "message": "There is no Model(s) available that matches the provided id(s) dtmi:samples:DTComponentTestsModel;1. Check that the Model ID provided is valid by doing a Model_List API call."
        }
      }
    },
    {
      "RequestUri": "https://AZURE_DIGITALTWINS_URL.api.wcus.digitaltwins.azure.net/models/dtmi%3Asamples%3ADTComponentTestsComponent%3B1?api-version=2020-10-31",
      "RequestMethod": "DELETE",
      "RequestHeaders": {
        "Accept": "application/json",
        "Accept-Encoding": "gzip, deflate, br",
        "Accept-Language": "en-US",
        "Authorization": "Sanitized",
        "Connection": "keep-alive",
        "Referer": "http://localhost:9876/",
        "sec-ch-ua": "",
        "sec-ch-ua-mobile": "?0",
        "sec-ch-ua-platform": "",
        "Sec-Fetch-Dest": "empty",
        "Sec-Fetch-Mode": "cors",
        "Sec-Fetch-Site": "same-site",
        "User-Agent": "Mozilla/5.0 (X11; Linux x86_64) AppleWebKit/537.36 (KHTML, like Gecko) HeadlessChrome/109.0.5412.0 Safari/537.36",
        "x-ms-client-request-id": "fdfcbc46-8b20-4bcc-a3a9-24d46967791a",
        "x-ms-useragent": "azsdk-js-digital-twins-core/2.0.0 core-rest-pipeline/1.10.1 OS/Linuxx86_64"
      },
      "RequestBody": null,
      "StatusCode": 404,
      "ResponseHeaders": {
        "Content-Length": "225",
        "Content-Type": "application/json; charset=utf-8",
        "Date": "Mon, 09 Jan 2023 23:30:18 GMT",
        "mise-correlation-id": "95848b1f-685a-4c3e-9179-a05d9a4be1bc",
        "Strict-Transport-Security": "max-age=2592000",
        "traceresponse": "00-cd611dca753a733f7f8f3b4f07492d95-761e119f06132139-01"
      },
      "ResponseBody": {
        "error": {
          "code": "ModelNotFound",
          "message": "There is no Model(s) available that matches the provided id(s) dtmi:samples:DTComponentTestsComponent;1. Check that the Model ID provided is valid by doing a Model_List API call."
        }
      }
    },
    {
      "RequestUri": "https://AZURE_DIGITALTWINS_URL.api.wcus.digitaltwins.azure.net/models?api-version=2020-10-31",
      "RequestMethod": "POST",
      "RequestHeaders": {
        "Accept": "application/json",
        "Accept-Encoding": "gzip, deflate, br",
        "Accept-Language": "en-US",
        "Authorization": "Sanitized",
        "Connection": "keep-alive",
        "Content-Length": "626",
        "Content-Type": "application/json",
        "Referer": "http://localhost:9876/",
        "sec-ch-ua": "",
        "sec-ch-ua-mobile": "?0",
        "sec-ch-ua-platform": "",
        "Sec-Fetch-Dest": "empty",
        "Sec-Fetch-Mode": "cors",
        "Sec-Fetch-Site": "same-site",
        "User-Agent": "Mozilla/5.0 (X11; Linux x86_64) AppleWebKit/537.36 (KHTML, like Gecko) HeadlessChrome/109.0.5412.0 Safari/537.36",
        "x-ms-client-request-id": "f1c87de7-18ad-4dfb-9d9c-4ba85889f8a2",
        "x-ms-useragent": "azsdk-js-digital-twins-core/2.0.0 core-rest-pipeline/1.10.1 OS/Linuxx86_64"
      },
      "RequestBody": "[{\u0022@id\u0022:\u0022dtmi:samples:DTComponentTestsComponent;1\u0022,\u0022@type\u0022:\u0022Interface\u0022,\u0022@context\u0022:\u0022dtmi:dtdl:context;2\u0022,\u0022displayName\u0022:\u0022Component1\u0022,\u0022contents\u0022:[{\u0022@type\u0022:\u0022Property\u0022,\u0022name\u0022:\u0022ComponentProp1\u0022,\u0022schema\u0022:\u0022string\u0022},{\u0022@type\u0022:\u0022Telemetry\u0022,\u0022name\u0022:\u0022ComponentTelemetry1\u0022,\u0022schema\u0022:\u0022integer\u0022}]},{\u0022@id\u0022:\u0022dtmi:samples:DTComponentTestsModel;1\u0022,\u0022@type\u0022:\u0022Interface\u0022,\u0022@context\u0022:\u0022dtmi:dtdl:context;2\u0022,\u0022displayName\u0022:\u0022TempModel\u0022,\u0022contents\u0022:[{\u0022@type\u0022:\u0022Property\u0022,\u0022name\u0022:\u0022Prop1\u0022,\u0022schema\u0022:\u0022string\u0022},{\u0022@type\u0022:\u0022Component\u0022,\u0022name\u0022:\u0022Component1\u0022,\u0022schema\u0022:\u0022dtmi:samples:DTComponentTestsComponent;1\u0022},{\u0022@type\u0022:\u0022Telemetry\u0022,\u0022name\u0022:\u0022Telemetry1\u0022,\u0022schema\u0022:\u0022integer\u0022}]}]",
      "StatusCode": 201,
      "ResponseHeaders": {
        "Content-Length": "341",
        "Content-Type": "application/json; charset=utf-8",
        "Date": "Mon, 09 Jan 2023 23:30:18 GMT",
        "mise-correlation-id": "8d26e9ff-6531-415b-bf1b-cd8b7dd40acf",
        "Strict-Transport-Security": "max-age=2592000",
        "traceresponse": "00-76e21ac2a72a6fee17ea7960462f481d-054f8d807f5d4ee9-01"
      },
      "ResponseBody": "[{\u0022id\u0022:\u0022dtmi:samples:DTComponentTestsComponent;1\u0022,\u0022description\u0022:{},\u0022displayName\u0022:{\u0022en\u0022:\u0022Component1\u0022},\u0022decommissioned\u0022:false,\u0022uploadTime\u0022:\u00222023-01-09T23:30:18.560394\u002B00:00\u0022},{\u0022id\u0022:\u0022dtmi:samples:DTComponentTestsModel;1\u0022,\u0022description\u0022:{},\u0022displayName\u0022:{\u0022en\u0022:\u0022TempModel\u0022},\u0022decommissioned\u0022:false,\u0022uploadTime\u0022:\u00222023-01-09T23:30:18.5604201\u002B00:00\u0022}]"
    },
    {
      "RequestUri": "https://AZURE_DIGITALTWINS_URL.api.wcus.digitaltwins.azure.net/digitaltwins/DTComponentTestsTempTwin?api-version=2020-10-31",
      "RequestMethod": "DELETE",
      "RequestHeaders": {
        "Accept": "application/json",
        "Accept-Encoding": "gzip, deflate, br",
        "Accept-Language": "en-US",
        "Authorization": "Sanitized",
        "Connection": "keep-alive",
        "Referer": "http://localhost:9876/",
        "sec-ch-ua": "",
        "sec-ch-ua-mobile": "?0",
        "sec-ch-ua-platform": "",
        "Sec-Fetch-Dest": "empty",
        "Sec-Fetch-Mode": "cors",
        "Sec-Fetch-Site": "same-site",
        "User-Agent": "Mozilla/5.0 (X11; Linux x86_64) AppleWebKit/537.36 (KHTML, like Gecko) HeadlessChrome/109.0.5412.0 Safari/537.36",
        "x-ms-client-request-id": "9662d084-baf4-489c-9df5-50ce755fc7f1",
        "x-ms-useragent": "azsdk-js-digital-twins-core/2.0.0 core-rest-pipeline/1.10.1 OS/Linuxx86_64"
      },
      "RequestBody": null,
      "StatusCode": 404,
      "ResponseHeaders": {
        "Content-Length": "278",
        "Content-Type": "application/json; charset=utf-8",
        "Date": "Mon, 09 Jan 2023 23:30:18 GMT",
        "mise-correlation-id": "cb5ea752-0d57-43e6-9777-fdbcb7b0551f",
        "Strict-Transport-Security": "max-age=2592000",
        "traceresponse": "00-290abd459902ba86c5dbf7d9b6f74f14-8fe1bee10b1088d4-01"
      },
      "ResponseBody": {
        "error": {
          "code": "DigitalTwinNotFound",
          "message": "There is no digital twin instance that exists with the ID DTComponentTestsTempTwin. Please verify that the twin id is valid and ensure that the twin is not deleted. See section on querying the twins https://aka.ms/adtv2query."
        }
      }
    },
    {
      "RequestUri": "https://AZURE_DIGITALTWINS_URL.api.wcus.digitaltwins.azure.net/digitaltwins/DTComponentTestsTempTwin?api-version=2020-10-31",
      "RequestMethod": "PUT",
      "RequestHeaders": {
        "Accept": "application/json",
        "Accept-Encoding": "gzip, deflate, br",
        "Accept-Language": "en-US",
        "Authorization": "Sanitized",
        "Connection": "keep-alive",
        "Content-Length": "135",
        "Content-Type": "application/json",
        "Referer": "http://localhost:9876/",
        "sec-ch-ua": "",
        "sec-ch-ua-mobile": "?0",
        "sec-ch-ua-platform": "",
        "Sec-Fetch-Dest": "empty",
        "Sec-Fetch-Mode": "cors",
        "Sec-Fetch-Site": "same-site",
        "User-Agent": "Mozilla/5.0 (X11; Linux x86_64) AppleWebKit/537.36 (KHTML, like Gecko) HeadlessChrome/109.0.5412.0 Safari/537.36",
        "x-ms-client-request-id": "8767dcfb-1aba-413f-931b-0843b2c1ce1f",
        "x-ms-useragent": "azsdk-js-digital-twins-core/2.0.0 core-rest-pipeline/1.10.1 OS/Linuxx86_64"
      },
      "RequestBody": {
        "$metadata": {
          "$model": "dtmi:samples:DTComponentTestsModel;1"
        },
        "Prop1": "value",
        "Component1": {
          "$metadata": {},
          "ComponentProp1": "value1"
        }
      },
      "StatusCode": 200,
      "ResponseHeaders": {
        "Content-Length": "347",
        "Content-Type": "application/json; charset=utf-8",
        "Date": "Mon, 09 Jan 2023 23:30:18 GMT",
        "ETag": "W/\u002291ce46f3-f681-471c-bd28-0541b6f6bee1\u0022",
        "mise-correlation-id": "777e2941-f846-45ed-919e-742aa3278d74",
        "Strict-Transport-Security": "max-age=2592000",
        "traceresponse": "00-129e6e18ff4eac30cab3dff297993900-1d22e8a3559a0426-01"
      },
      "ResponseBody": {
        "$dtId": "DTComponentTestsTempTwin",
        "$etag": "W/\u002291ce46f3-f681-471c-bd28-0541b6f6bee1\u0022",
        "Prop1": "value",
        "Component1": {
          "ComponentProp1": "value1",
          "$metadata": {
            "ComponentProp1": {
              "lastUpdateTime": "2023-01-09T23:30:18.6519784Z"
            }
          }
        },
        "$metadata": {
          "$model": "dtmi:samples:DTComponentTestsModel;1",
          "Prop1": {
            "lastUpdateTime": "2023-01-09T23:30:18.6519784Z"
          }
        }
      }
    },
    {
      "RequestUri": "https://AZURE_DIGITALTWINS_URL.api.wcus.digitaltwins.azure.net/digitaltwins/DTComponentTestsTempTwin/components/Component1?api-version=2020-10-31",
      "RequestMethod": "PATCH",
      "RequestHeaders": {
        "Accept": "application/json",
        "Accept-Encoding": "gzip, deflate, br",
        "Accept-Language": "en-US",
        "Authorization": "Sanitized",
        "Connection": "keep-alive",
        "Content-Length": "101",
        "Content-Type": "application/json-patch\u002Bjson",
        "Referer": "http://localhost:9876/",
        "sec-ch-ua": "",
        "sec-ch-ua-mobile": "?0",
        "sec-ch-ua-platform": "",
        "Sec-Fetch-Dest": "empty",
        "Sec-Fetch-Mode": "cors",
        "Sec-Fetch-Site": "same-site",
        "User-Agent": "Mozilla/5.0 (X11; Linux x86_64) AppleWebKit/537.36 (KHTML, like Gecko) HeadlessChrome/109.0.5412.0 Safari/537.36",
        "x-ms-client-request-id": "99b83c28-6a7e-4400-913a-967048635b98",
        "x-ms-useragent": "azsdk-js-digital-twins-core/2.0.0 core-rest-pipeline/1.10.1 OS/Linuxx86_64"
      },
      "RequestBody": "[{\u0022op\u0022:\u0022replace\u0022,\u0022path\u0022:\u0022/ComponentProp1\u0022,\u0022value\u0022:\u0022value2\u0022},{\u0022op\u0022:\u0022remove\u0022,\u0022path\u0022:\u0022/ComponentProp1\u0022}]",
      "StatusCode": 204,
      "ResponseHeaders": {
        "Content-Length": "0",
        "Date": "Mon, 09 Jan 2023 23:30:18 GMT",
        "ETag": "W/\u00222dbc0a96-2d68-4983-a1e6-770a41948afe\u0022",
        "mise-correlation-id": "3eb732db-a886-4825-9b41-a6cd5665e6fd",
        "Strict-Transport-Security": "max-age=2592000",
        "traceresponse": "00-c906cb86ffc81d446bda18ff74fe67e6-2bd8e00f61169817-01"
      },
      "ResponseBody": null
    },
    {
      "RequestUri": "https://AZURE_DIGITALTWINS_URL.api.wcus.digitaltwins.azure.net/digitaltwins/DTComponentTestsTempTwin/components/Component1?api-version=2020-10-31",
      "RequestMethod": "GET",
      "RequestHeaders": {
        "Accept": "application/json",
        "Accept-Encoding": "gzip, deflate, br",
        "Accept-Language": "en-US",
        "Authorization": "Sanitized",
        "Connection": "keep-alive",
        "Referer": "http://localhost:9876/",
        "sec-ch-ua": "",
        "sec-ch-ua-mobile": "?0",
        "sec-ch-ua-platform": "",
        "Sec-Fetch-Dest": "empty",
        "Sec-Fetch-Mode": "cors",
        "Sec-Fetch-Site": "same-site",
        "User-Agent": "Mozilla/5.0 (X11; Linux x86_64) AppleWebKit/537.36 (KHTML, like Gecko) HeadlessChrome/109.0.5412.0 Safari/537.36",
        "x-ms-client-request-id": "305fb917-314d-452a-b8eb-7e2c18c73980",
        "x-ms-useragent": "azsdk-js-digital-twins-core/2.0.0 core-rest-pipeline/1.10.1 OS/Linuxx86_64"
      },
      "RequestBody": null,
      "StatusCode": 200,
      "ResponseHeaders": {
        "Content-Length": "64",
        "Content-Type": "application/json; charset=utf-8",
        "Date": "Mon, 09 Jan 2023 23:30:18 GMT",
        "ETag": "W/\u00222dbc0a96-2d68-4983-a1e6-770a41948afe\u0022",
        "mise-correlation-id": "329a011b-ae57-4dc9-98f4-5e2307673452",
        "Strict-Transport-Security": "max-age=2592000",
        "traceresponse": "00-3fb261afcf52115fc53a774268d94a1e-7c5d9195abcb57ef-01"
      },
      "ResponseBody": {
        "$metadata": {
          "$lastUpdateTime": "2023-01-09T23:30:18.6519784Z"
        }
      }
    },
    {
      "RequestUri": "https://AZURE_DIGITALTWINS_URL.api.wcus.digitaltwins.azure.net/digitaltwins/DTComponentTestsTempTwin?api-version=2020-10-31",
      "RequestMethod": "GET",
      "RequestHeaders": {
        "Accept": "application/json",
        "Accept-Encoding": "gzip, deflate, br",
        "Accept-Language": "en-US",
        "Authorization": "Sanitized",
        "Connection": "keep-alive",
        "Referer": "http://localhost:9876/",
        "sec-ch-ua": "",
        "sec-ch-ua-mobile": "?0",
        "sec-ch-ua-platform": "",
        "Sec-Fetch-Dest": "empty",
        "Sec-Fetch-Mode": "cors",
        "Sec-Fetch-Site": "same-site",
        "User-Agent": "Mozilla/5.0 (X11; Linux x86_64) AppleWebKit/537.36 (KHTML, like Gecko) HeadlessChrome/109.0.5412.0 Safari/537.36",
        "x-ms-client-request-id": "55cf2054-a4ae-445f-95e9-817db499c1b8",
        "x-ms-useragent": "azsdk-js-digital-twins-core/2.0.0 core-rest-pipeline/1.10.1 OS/Linuxx86_64"
      },
      "RequestBody": null,
      "StatusCode": 200,
      "ResponseHeaders": {
        "Content-Length": "255",
        "Content-Type": "application/json; charset=utf-8",
        "Date": "Mon, 09 Jan 2023 23:30:18 GMT",
        "ETag": "W/\u00222dbc0a96-2d68-4983-a1e6-770a41948afe\u0022",
        "mise-correlation-id": "b210b9ab-61b0-44ec-a6f4-4adbd1326aa7",
        "Strict-Transport-Security": "max-age=2592000",
        "traceresponse": "00-00c614705d845eee2b8a30a57d70b255-84f16edd19880916-01"
      },
      "ResponseBody": {
        "$dtId": "DTComponentTestsTempTwin",
        "$etag": "W/\u00222dbc0a96-2d68-4983-a1e6-770a41948afe\u0022",
        "Prop1": "value",
        "Component1": {
          "$metadata": {}
        },
        "$metadata": {
          "$model": "dtmi:samples:DTComponentTestsModel;1",
          "Prop1": {
            "lastUpdateTime": "2023-01-09T23:30:18.6519784Z"
          }
        }
      }
    },
    {
      "RequestUri": "https://AZURE_DIGITALTWINS_URL.api.wcus.digitaltwins.azure.net/digitaltwins/DTComponentTestsTempTwin?api-version=2020-10-31",
      "RequestMethod": "DELETE",
      "RequestHeaders": {
        "Accept": "application/json",
        "Accept-Encoding": "gzip, deflate, br",
        "Accept-Language": "en-US",
        "Authorization": "Sanitized",
        "Connection": "keep-alive",
        "Referer": "http://localhost:9876/",
        "sec-ch-ua": "",
        "sec-ch-ua-mobile": "?0",
        "sec-ch-ua-platform": "",
        "Sec-Fetch-Dest": "empty",
        "Sec-Fetch-Mode": "cors",
        "Sec-Fetch-Site": "same-site",
        "User-Agent": "Mozilla/5.0 (X11; Linux x86_64) AppleWebKit/537.36 (KHTML, like Gecko) HeadlessChrome/109.0.5412.0 Safari/537.36",
        "x-ms-client-request-id": "6af7b229-626e-4b15-ace3-1c1b0c65ba56",
        "x-ms-useragent": "azsdk-js-digital-twins-core/2.0.0 core-rest-pipeline/1.10.1 OS/Linuxx86_64"
      },
      "RequestBody": null,
      "StatusCode": 204,
      "ResponseHeaders": {
        "Content-Length": "0",
        "Date": "Mon, 09 Jan 2023 23:30:18 GMT",
        "mise-correlation-id": "3c9bb9e4-9273-41d4-9c02-aa3a479509b4",
        "Strict-Transport-Security": "max-age=2592000",
        "traceresponse": "00-c75e23904da1fc7a44755364feb21e03-55d8186770c8450e-01"
      },
      "ResponseBody": null
    },
    {
      "RequestUri": "https://AZURE_DIGITALTWINS_URL.api.wcus.digitaltwins.azure.net/models/dtmi%3Asamples%3ADTComponentTestsModel%3B1?api-version=2020-10-31",
      "RequestMethod": "DELETE",
      "RequestHeaders": {
        "Accept": "application/json",
        "Accept-Encoding": "gzip, deflate, br",
        "Accept-Language": "en-US",
        "Authorization": "Sanitized",
        "Connection": "keep-alive",
        "Referer": "http://localhost:9876/",
        "sec-ch-ua": "",
        "sec-ch-ua-mobile": "?0",
        "sec-ch-ua-platform": "",
        "Sec-Fetch-Dest": "empty",
        "Sec-Fetch-Mode": "cors",
        "Sec-Fetch-Site": "same-site",
        "User-Agent": "Mozilla/5.0 (X11; Linux x86_64) AppleWebKit/537.36 (KHTML, like Gecko) HeadlessChrome/109.0.5412.0 Safari/537.36",
        "x-ms-client-request-id": "d4aa1b2d-d546-4b12-813b-dbe01eabf699",
        "x-ms-useragent": "azsdk-js-digital-twins-core/2.0.0 core-rest-pipeline/1.10.1 OS/Linuxx86_64"
      },
      "RequestBody": null,
      "StatusCode": 204,
      "ResponseHeaders": {
        "Content-Length": "0",
        "Date": "Mon, 09 Jan 2023 23:30:18 GMT",
        "mise-correlation-id": "a8c87326-5133-4741-92ea-336f7d2922fc",
        "Strict-Transport-Security": "max-age=2592000",
        "traceresponse": "00-c3fee8ad3a803cd1f6e65aa629543fe1-52e3cfedb36b23f1-01"
      },
      "ResponseBody": null
    },
    {
      "RequestUri": "https://AZURE_DIGITALTWINS_URL.api.wcus.digitaltwins.azure.net/models/dtmi%3Asamples%3ADTComponentTestsComponent%3B1?api-version=2020-10-31",
      "RequestMethod": "DELETE",
      "RequestHeaders": {
        "Accept": "application/json",
        "Accept-Encoding": "gzip, deflate, br",
        "Accept-Language": "en-US",
        "Authorization": "Sanitized",
        "Connection": "keep-alive",
        "Referer": "http://localhost:9876/",
        "sec-ch-ua": "",
        "sec-ch-ua-mobile": "?0",
        "sec-ch-ua-platform": "",
        "Sec-Fetch-Dest": "empty",
        "Sec-Fetch-Mode": "cors",
        "Sec-Fetch-Site": "same-site",
        "User-Agent": "Mozilla/5.0 (X11; Linux x86_64) AppleWebKit/537.36 (KHTML, like Gecko) HeadlessChrome/109.0.5412.0 Safari/537.36",
        "x-ms-client-request-id": "1ea04828-b23b-45db-b6f4-1277e575a848",
        "x-ms-useragent": "azsdk-js-digital-twins-core/2.0.0 core-rest-pipeline/1.10.1 OS/Linuxx86_64"
      },
      "RequestBody": null,
      "StatusCode": 204,
      "ResponseHeaders": {
        "Content-Length": "0",
        "Date": "Mon, 09 Jan 2023 23:30:18 GMT",
        "mise-correlation-id": "ca60d0b6-bb5b-44c6-a6a4-ee50a7f0ddd3",
        "Strict-Transport-Security": "max-age=2592000",
        "traceresponse": "00-2587edd8e923c5c853bce59b8a0e5b06-a04ca41e8940b289-01"
      },
      "ResponseBody": null
    }
  ],
  "Variables": {}
}
