{
  "Entries": [
    {
      "RequestUri": "https://fakestorageaccount.blob.core.windows.net/container167486178443408898?restype=container",
      "RequestMethod": "PUT",
      "RequestHeaders": {
        "Accept": "application/xml",
        "Authorization": "Sanitized",
        "Connection": "keep-alive",
        "Content-Length": "0",
        "User-Agent": "azsdk-js-azure-storage-blob/12.13.0 core-rest-pipeline/1.10.2 Node/v16.18.0 OS/(x64-Linux-5.4.0-1100-azure)",
        "x-ms-client-request-id": "e21c1ec0-76d1-49a0-9ff8-8d182ed28c67",
        "x-ms-date": "Fri, 27 Jan 2023 23:23:04 GMT",
        "x-ms-version": "2021-12-02"
      },
      "RequestBody": null,
      "StatusCode": 201,
      "ResponseHeaders": {
        "Content-Length": "0",
        "Date": "Fri, 27 Jan 2023 23:23:03 GMT",
        "ETag": "\u00220x8DB00BD70D22C5C\u0022",
        "Last-Modified": "Fri, 27 Jan 2023 23:23:04 GMT",
        "Server": [
          "Windows-Azure-Blob/1.0",
          "Microsoft-HTTPAPI/2.0"
        ],
        "x-ms-client-request-id": "e21c1ec0-76d1-49a0-9ff8-8d182ed28c67",
        "x-ms-request-id": "d8babab7-001e-0076-66a6-3240f9000000",
        "x-ms-version": "2021-12-02"
      },
      "ResponseBody": null
    },
    {
      "RequestUri": "https://fakestorageaccount.blob.core.windows.net/container167486178443408898/blob167486178450300659",
      "RequestMethod": "PUT",
      "RequestHeaders": {
        "Accept": "application/xml",
        "Authorization": "Sanitized",
        "Connection": "keep-alive",
        "Content-Length": "11",
        "Content-Type": "application/octet-stream",
        "User-Agent": "azsdk-js-azure-storage-blob/12.13.0 core-rest-pipeline/1.10.2 Node/v16.18.0 OS/(x64-Linux-5.4.0-1100-azure)",
        "x-ms-blob-type": "BlockBlob",
        "x-ms-client-request-id": "29e3a704-cbde-4ed8-9c50-c7877f9bd485",
        "x-ms-date": "Fri, 27 Jan 2023 23:23:04 GMT",
        "x-ms-version": "2021-12-02"
      },
      "RequestBody": "SGVsbG8gV29ybGQ=",
      "StatusCode": 201,
      "ResponseHeaders": {
        "Content-Length": "0",
        "Content-MD5": "sQqNsWTgdUEFt6mb5y4/5Q==",
        "Date": "Fri, 27 Jan 2023 23:23:03 GMT",
        "ETag": "\u00220x8DB00BD70DC413D\u0022",
        "Last-Modified": "Fri, 27 Jan 2023 23:23:04 GMT",
        "Server": [
          "Windows-Azure-Blob/1.0",
          "Microsoft-HTTPAPI/2.0"
        ],
        "x-ms-client-request-id": "29e3a704-cbde-4ed8-9c50-c7877f9bd485",
        "x-ms-content-crc64": "YeJLfssylmU=",
        "x-ms-request-id": "d8babb57-001e-0076-6ca6-3240f9000000",
        "x-ms-request-server-encrypted": "true",
        "x-ms-version": "2021-12-02",
        "x-ms-version-id": "2023-01-27T23:23:04.5358909Z"
      },
      "ResponseBody": null
    },
    {
      "RequestUri": "https://fakestorageaccount.blob.core.windows.net/container167486178443408898/blob167486178450300659?comp=tags",
      "RequestMethod": "PUT",
      "RequestHeaders": {
        "Accept": "application/xml",
        "Authorization": "Sanitized",
        "Connection": "keep-alive",
        "Content-Length": "175",
        "Content-Type": "application/xml",
        "User-Agent": "azsdk-js-azure-storage-blob/12.13.0 core-rest-pipeline/1.10.2 Node/v16.18.0 OS/(x64-Linux-5.4.0-1100-azure)",
        "x-ms-client-request-id": "298917f0-97e0-4f0d-8a11-5090ce5917d3",
        "x-ms-date": "Fri, 27 Jan 2023 23:23:04 GMT",
        "x-ms-version": "2021-12-02"
      },
      "RequestBody": "\u003C?xml version=\u00221.0\u0022 encoding=\u0022UTF-8\u0022 standalone=\u0022yes\u0022?\u003E\u003CTags\u003E\u003CTagSet\u003E\u003CTag\u003E\u003CKey\u003Etag1\u003C/Key\u003E\u003CValue\u003Eval1\u003C/Value\u003E\u003C/Tag\u003E\u003CTag\u003E\u003CKey\u003Etag2\u003C/Key\u003E\u003CValue\u003Eval2\u003C/Value\u003E\u003C/Tag\u003E\u003C/TagSet\u003E\u003C/Tags\u003E",
      "StatusCode": 204,
      "ResponseHeaders": {
        "Date": "Fri, 27 Jan 2023 23:23:04 GMT",
        "Server": [
          "Windows-Azure-Blob/1.0",
          "Microsoft-HTTPAPI/2.0"
        ],
        "x-ms-client-request-id": "298917f0-97e0-4f0d-8a11-5090ce5917d3",
        "x-ms-request-id": "d8babbe7-001e-0076-6ea6-3240f9000000",
        "x-ms-version": "2021-12-02"
      },
      "ResponseBody": null
    },
    {
      "RequestUri": "https://fakestorageaccount.blob.core.windows.net/container167486178443408898/blob167486178450300659",
      "RequestMethod": "HEAD",
      "RequestHeaders": {
        "Accept": "application/xml",
        "Authorization": "Sanitized",
        "Connection": "keep-alive",
        "User-Agent": "azsdk-js-azure-storage-blob/12.13.0 core-rest-pipeline/1.10.2 Node/v16.18.0 OS/(x64-Linux-5.4.0-1100-azure)",
        "x-ms-client-request-id": "13599420-fcd7-465f-bec0-92fd27e0f587",
        "x-ms-date": "Fri, 27 Jan 2023 23:23:04 GMT",
        "x-ms-if-tags": "tag1 = \u0027val2\u0027",
        "x-ms-version": "2021-12-02"
      },
      "RequestBody": null,
      "StatusCode": 412,
      "ResponseHeaders": {
        "Access-Control-Allow-Origin": "*",
        "Access-Control-Expose-Headers": "x-ms-request-id,x-ms-client-request-id,Server,x-ms-version,x-ms-error-code,Content-Length,Date,Transfer-Encoding",
        "Date": "Fri, 27 Jan 2023 23:23:04 GMT",
        "Server": [
          "Windows-Azure-Blob/1.0",
          "Microsoft-HTTPAPI/2.0"
        ],
        "Transfer-Encoding": "chunked",
        "x-ms-client-request-id": "13599420-fcd7-465f-bec0-92fd27e0f587",
        "x-ms-error-code": "ConditionNotMet",
        "x-ms-request-id": "d8babc6a-001e-0076-6aa6-3240f9000000",
        "x-ms-version": "2021-12-02"
      },
      "ResponseBody": null
    },
    {
      "RequestUri": "https://fakestorageaccount.blob.core.windows.net/container167486178443408898/blob167486178450300659",
      "RequestMethod": "HEAD",
      "RequestHeaders": {
        "Accept": "application/xml",
        "Authorization": "Sanitized",
        "Connection": "keep-alive",
        "User-Agent": "azsdk-js-azure-storage-blob/12.13.0 core-rest-pipeline/1.10.2 Node/v16.18.0 OS/(x64-Linux-5.4.0-1100-azure)",
        "x-ms-client-request-id": "263c6294-e16e-4eeb-b392-8d99585d8e85",
        "x-ms-date": "Fri, 27 Jan 2023 23:23:04 GMT",
        "x-ms-if-tags": "tag1 = \u0027val1\u0027",
        "x-ms-version": "2021-12-02"
      },
      "RequestBody": null,
      "StatusCode": 200,
      "ResponseHeaders": {
        "Accept-Ranges": "bytes",
        "Access-Control-Allow-Origin": "*",
        "Access-Control-Expose-Headers": "x-ms-request-id,x-ms-client-request-id,Server,x-ms-version,x-ms-tag-count,x-ms-version-id,x-ms-is-current-version,Content-Type,Last-Modified,ETag,x-ms-creation-time,Content-MD5,x-ms-lease-status,x-ms-lease-state,x-ms-blob-type,x-ms-server-encrypted,x-ms-access-tier,x-ms-access-tier-inferred,Accept-Ranges,Content-Length,Date,Transfer-Encoding",
        "Content-Length": "11",
        "Content-MD5": "sQqNsWTgdUEFt6mb5y4/5Q==",
        "Content-Type": "application/octet-stream",
        "Date": "Fri, 27 Jan 2023 23:23:04 GMT",
        "ETag": "\u00220x8DB00BD70DC413D\u0022",
        "Last-Modified": "Fri, 27 Jan 2023 23:23:04 GMT",
        "Server": [
          "Windows-Azure-Blob/1.0",
          "Microsoft-HTTPAPI/2.0"
        ],
        "x-ms-access-tier": "Hot",
        "x-ms-access-tier-inferred": "true",
        "x-ms-blob-type": "BlockBlob",
        "x-ms-client-request-id": "263c6294-e16e-4eeb-b392-8d99585d8e85",
        "x-ms-creation-time": "Fri, 27 Jan 2023 23:23:04 GMT",
        "x-ms-is-current-version": "true",
        "x-ms-lease-state": "available",
        "x-ms-lease-status": "unlocked",
        "x-ms-request-id": "d8babd07-001e-0076-7ba6-3240f9000000",
        "x-ms-server-encrypted": "true",
        "x-ms-tag-count": "2",
        "x-ms-version": "2021-12-02",
        "x-ms-version-id": "2023-01-27T23:23:04.5358909Z"
      },
      "ResponseBody": null
    },
    {
      "RequestUri": "https://fakestorageaccount.blob.core.windows.net/container167486178443408898?restype=container",
      "RequestMethod": "DELETE",
      "RequestHeaders": {
        "Accept": "application/xml",
        "Authorization": "Sanitized",
        "Connection": "keep-alive",
        "User-Agent": "azsdk-js-azure-storage-blob/12.13.0 core-rest-pipeline/1.10.2 Node/v16.18.0 OS/(x64-Linux-5.4.0-1100-azure)",
        "x-ms-client-request-id": "51c2c9bb-5d7a-4a38-8b38-f2f7873867b6",
        "x-ms-date": "Fri, 27 Jan 2023 23:23:04 GMT",
        "x-ms-version": "2021-12-02"
      },
      "RequestBody": null,
      "StatusCode": 202,
      "ResponseHeaders": {
        "Content-Length": "0",
        "Date": "Fri, 27 Jan 2023 23:23:04 GMT",
        "Server": [
          "Windows-Azure-Blob/1.0",
          "Microsoft-HTTPAPI/2.0"
        ],
        "x-ms-client-request-id": "51c2c9bb-5d7a-4a38-8b38-f2f7873867b6",
        "x-ms-request-id": "d8babd92-001e-0076-7ea6-3240f9000000",
        "x-ms-version": "2021-12-02"
      },
      "ResponseBody": null
    }
  ],
  "Variables": {
    "blob": "blob167486178450300659",
    "container": "container167486178443408898"
  }
}
