{
  "Entries": [
    {
      "RequestUri": "https://fakestorageaccount.blob.core.windows.net/container167486179019204145?restype=container",
      "RequestMethod": "PUT",
      "RequestHeaders": {
        "Accept": "application/xml",
        "Authorization": "Sanitized",
        "Connection": "keep-alive",
        "Content-Length": "0",
        "User-Agent": "azsdk-js-azure-storage-blob/12.13.0 core-rest-pipeline/1.10.2 Node/v16.18.0 OS/(x64-Linux-5.4.0-1100-azure)",
        "x-ms-client-request-id": "bdb3d99b-05ff-4206-a5ff-85496130f4d8",
        "x-ms-date": "Fri, 27 Jan 2023 23:23:10 GMT",
        "x-ms-version": "2021-12-02"
      },
      "RequestBody": null,
      "StatusCode": 201,
      "ResponseHeaders": {
        "Content-Length": "0",
        "Date": "Fri, 27 Jan 2023 23:23:09 GMT",
        "ETag": "\u00220x8DB00BD7441042A\u0022",
        "Last-Modified": "Fri, 27 Jan 2023 23:23:10 GMT",
        "Server": [
          "Windows-Azure-Blob/1.0",
          "Microsoft-HTTPAPI/2.0"
        ],
        "x-ms-client-request-id": "bdb3d99b-05ff-4206-a5ff-85496130f4d8",
        "x-ms-request-id": "d8bae2d4-001e-0076-15a6-3240f9000000",
        "x-ms-version": "2021-12-02"
      },
      "ResponseBody": null
    },
    {
      "RequestUri": "https://fakestorageaccount.blob.core.windows.net/container167486179019204145/blob167486179026207963",
      "RequestMethod": "PUT",
      "RequestHeaders": {
        "Accept": "application/xml",
        "Authorization": "Sanitized",
        "Connection": "keep-alive",
        "Content-Length": "11",
        "Content-Type": "application/octet-stream",
        "User-Agent": "azsdk-js-azure-storage-blob/12.13.0 core-rest-pipeline/1.10.2 Node/v16.18.0 OS/(x64-Linux-5.4.0-1100-azure)",
        "x-ms-blob-type": "BlockBlob",
        "x-ms-client-request-id": "a55ad875-1178-4bab-899d-c6eb3155e8c7",
        "x-ms-date": "Fri, 27 Jan 2023 23:23:10 GMT",
        "x-ms-version": "2021-12-02"
      },
      "RequestBody": "SGVsbG8gV29ybGQ=",
      "StatusCode": 201,
      "ResponseHeaders": {
        "Content-Length": "0",
        "Content-MD5": "sQqNsWTgdUEFt6mb5y4/5Q==",
        "Date": "Fri, 27 Jan 2023 23:23:09 GMT",
        "ETag": "\u00220x8DB00BD744AD1D7\u0022",
        "Last-Modified": "Fri, 27 Jan 2023 23:23:10 GMT",
        "Server": [
          "Windows-Azure-Blob/1.0",
          "Microsoft-HTTPAPI/2.0"
        ],
        "x-ms-client-request-id": "a55ad875-1178-4bab-899d-c6eb3155e8c7",
        "x-ms-content-crc64": "YeJLfssylmU=",
        "x-ms-request-id": "d8bae338-001e-0076-70a6-3240f9000000",
        "x-ms-request-server-encrypted": "true",
        "x-ms-version": "2021-12-02",
        "x-ms-version-id": "2023-01-27T23:23:10.2936535Z"
      },
      "ResponseBody": null
    },
    {
      "RequestUri": "https://fakestorageaccount.blob.core.windows.net/container167486179019204145/blob167486179026207963?comp=tags",
      "RequestMethod": "PUT",
      "RequestHeaders": {
        "Accept": "application/xml",
        "Authorization": "Sanitized",
        "Connection": "keep-alive",
        "Content-Length": "175",
        "Content-Type": "application/xml",
        "User-Agent": "azsdk-js-azure-storage-blob/12.13.0 core-rest-pipeline/1.10.2 Node/v16.18.0 OS/(x64-Linux-5.4.0-1100-azure)",
        "x-ms-client-request-id": "1ef93853-c55b-4d0a-bef9-23e6e49f930e",
        "x-ms-date": "Fri, 27 Jan 2023 23:23:10 GMT",
        "x-ms-version": "2021-12-02"
      },
      "RequestBody": "\u003C?xml version=\u00221.0\u0022 encoding=\u0022UTF-8\u0022 standalone=\u0022yes\u0022?\u003E\u003CTags\u003E\u003CTagSet\u003E\u003CTag\u003E\u003CKey\u003Etag1\u003C/Key\u003E\u003CValue\u003Eval1\u003C/Value\u003E\u003C/Tag\u003E\u003CTag\u003E\u003CKey\u003Etag2\u003C/Key\u003E\u003CValue\u003Eval2\u003C/Value\u003E\u003C/Tag\u003E\u003C/TagSet\u003E\u003C/Tags\u003E",
      "StatusCode": 204,
      "ResponseHeaders": {
        "Date": "Fri, 27 Jan 2023 23:23:09 GMT",
        "Server": [
          "Windows-Azure-Blob/1.0",
          "Microsoft-HTTPAPI/2.0"
        ],
        "x-ms-client-request-id": "1ef93853-c55b-4d0a-bef9-23e6e49f930e",
        "x-ms-request-id": "d8bae395-001e-0076-46a6-3240f9000000",
        "x-ms-version": "2021-12-02"
      },
      "ResponseBody": null
    },
    {
      "RequestUri": "https://fakestorageaccount.blob.core.windows.net/container167486179019204145/pageBlob167486179039609638",
      "RequestMethod": "PUT",
      "RequestHeaders": {
        "Accept": "application/xml",
        "Authorization": "Sanitized",
        "Connection": "keep-alive",
        "Content-Length": "0",
        "User-Agent": "azsdk-js-azure-storage-blob/12.13.0 core-rest-pipeline/1.10.2 Node/v16.18.0 OS/(x64-Linux-5.4.0-1100-azure)",
        "x-ms-blob-content-length": "512",
        "x-ms-blob-type": "PageBlob",
        "x-ms-client-request-id": "8e6a9f39-21cd-4fa1-bcc0-39040f48a165",
        "x-ms-date": "Fri, 27 Jan 2023 23:23:10 GMT",
        "x-ms-tags": "tag1=val1\u0026tag2=val2",
        "x-ms-version": "2021-12-02"
      },
      "RequestBody": null,
      "StatusCode": 201,
      "ResponseHeaders": {
        "Content-Length": "0",
        "Date": "Fri, 27 Jan 2023 23:23:09 GMT",
        "ETag": "\u00220x8DB00BD745F8F5A\u0022",
        "Last-Modified": "Fri, 27 Jan 2023 23:23:10 GMT",
        "Server": [
          "Windows-Azure-Blob/1.0",
          "Microsoft-HTTPAPI/2.0"
        ],
        "x-ms-client-request-id": "8e6a9f39-21cd-4fa1-bcc0-39040f48a165",
        "x-ms-request-id": "d8bae3fc-001e-0076-29a6-3240f9000000",
        "x-ms-request-server-encrypted": "true",
        "x-ms-version": "2021-12-02",
        "x-ms-version-id": "2023-01-27T23:23:10.4295770Z"
      },
      "ResponseBody": null
    },
    {
      "RequestUri": "https://fakestorageaccount.blob.core.windows.net/container167486179019204145/pageBlob167486179039609638",
      "RequestMethod": "PUT",
      "RequestHeaders": {
        "Accept": "application/xml",
        "Authorization": "Sanitized",
        "Connection": "keep-alive",
        "Content-Length": "0",
        "User-Agent": "azsdk-js-azure-storage-blob/12.13.0 core-rest-pipeline/1.10.2 Node/v16.18.0 OS/(x64-Linux-5.4.0-1100-azure)",
        "x-ms-blob-content-length": "512",
        "x-ms-blob-type": "PageBlob",
        "x-ms-client-request-id": "bf89864a-be21-462e-92f1-caa53ec79f1f",
        "x-ms-date": "Fri, 27 Jan 2023 23:23:10 GMT",
        "x-ms-if-tags": "tag1 = \u0027val2\u0027",
        "x-ms-version": "2021-12-02"
      },
      "RequestBody": null,
      "StatusCode": 412,
      "ResponseHeaders": {
        "Content-Length": "252",
        "Content-Type": "application/xml",
        "Date": "Fri, 27 Jan 2023 23:23:09 GMT",
        "Server": [
          "Windows-Azure-Blob/1.0",
          "Microsoft-HTTPAPI/2.0"
        ],
        "x-ms-client-request-id": "bf89864a-be21-462e-92f1-caa53ec79f1f",
        "x-ms-error-code": "ConditionNotMet",
        "x-ms-request-id": "d8bae477-001e-0076-15a6-3240f9000000",
        "x-ms-version": "2021-12-02"
      },
      "ResponseBody": [
        "\uFEFF\u003C?xml version=\u00221.0\u0022 encoding=\u0022utf-8\u0022?\u003E\u003CError\u003E\u003CCode\u003EConditionNotMet\u003C/Code\u003E\u003CMessage\u003EThe condition specified using HTTP conditional header(s) is not met.\n",
        "RequestId:d8bae477-001e-0076-15a6-3240f9000000\n",
        "Time:2023-01-27T23:23:10.5062399Z\u003C/Message\u003E\u003C/Error\u003E"
      ]
    },
    {
      "RequestUri": "https://fakestorageaccount.blob.core.windows.net/container167486179019204145/pageBlob167486179039609638",
      "RequestMethod": "PUT",
      "RequestHeaders": {
        "Accept": "application/xml",
        "Authorization": "Sanitized",
        "Connection": "keep-alive",
        "Content-Length": "0",
        "User-Agent": "azsdk-js-azure-storage-blob/12.13.0 core-rest-pipeline/1.10.2 Node/v16.18.0 OS/(x64-Linux-5.4.0-1100-azure)",
        "x-ms-blob-content-length": "512",
        "x-ms-blob-type": "PageBlob",
        "x-ms-client-request-id": "daa0ddb2-dcd1-439e-a4e4-42a7bd009336",
        "x-ms-date": "Fri, 27 Jan 2023 23:23:10 GMT",
        "x-ms-if-tags": "tag1 = \u0027val1\u0027",
        "x-ms-version": "2021-12-02"
      },
      "RequestBody": null,
      "StatusCode": 201,
      "ResponseHeaders": {
        "Content-Length": "0",
        "Date": "Fri, 27 Jan 2023 23:23:10 GMT",
        "ETag": "\u00220x8DB00BD74744CDB\u0022",
        "Last-Modified": "Fri, 27 Jan 2023 23:23:10 GMT",
        "Server": [
          "Windows-Azure-Blob/1.0",
          "Microsoft-HTTPAPI/2.0"
        ],
        "x-ms-client-request-id": "daa0ddb2-dcd1-439e-a4e4-42a7bd009336",
        "x-ms-request-id": "d8bae4e7-001e-0076-74a6-3240f9000000",
        "x-ms-request-server-encrypted": "true",
        "x-ms-version": "2021-12-02",
        "x-ms-version-id": "2023-01-27T23:23:10.5675002Z"
      },
      "ResponseBody": null
    },
    {
      "RequestUri": "https://fakestorageaccount.blob.core.windows.net/container167486179019204145?restype=container",
      "RequestMethod": "DELETE",
      "RequestHeaders": {
        "Accept": "application/xml",
        "Authorization": "Sanitized",
        "Connection": "keep-alive",
        "User-Agent": "azsdk-js-azure-storage-blob/12.13.0 core-rest-pipeline/1.10.2 Node/v16.18.0 OS/(x64-Linux-5.4.0-1100-azure)",
        "x-ms-client-request-id": "2a00dae0-99d4-4e41-90dd-42bbce3606fb",
        "x-ms-date": "Fri, 27 Jan 2023 23:23:10 GMT",
        "x-ms-version": "2021-12-02"
      },
      "RequestBody": null,
      "StatusCode": 202,
      "ResponseHeaders": {
        "Content-Length": "0",
        "Date": "Fri, 27 Jan 2023 23:23:10 GMT",
        "Server": [
          "Windows-Azure-Blob/1.0",
          "Microsoft-HTTPAPI/2.0"
        ],
        "x-ms-client-request-id": "2a00dae0-99d4-4e41-90dd-42bbce3606fb",
        "x-ms-request-id": "d8bae575-001e-0076-73a6-3240f9000000",
        "x-ms-version": "2021-12-02"
      },
      "ResponseBody": null
    }
  ],
  "Variables": {
    "blob": "blob167486179026207963",
    "container": "container167486179019204145",
    "pageBlob": "pageBlob167486179039609638"
  }
}
