{
  "Entries": [
    {
      "RequestUri": "https://keyvault_name.vault.azure.net/certificates/backupRestoreCertificateName-canrecoveradeletedcertificatenonexisting-/?api-version=7.4-preview.1",
      "RequestMethod": "GET",
      "RequestHeaders": {
        "Accept": "application/json",
        "Accept-Encoding": "gzip, deflate, br",
        "Accept-Language": "en-US",
        "Connection": "keep-alive",
        "Referer": "http://localhost:9328/",
        "sec-ch-ua": "",
        "sec-ch-ua-mobile": "?0",
        "sec-ch-ua-platform": "",
        "Sec-Fetch-Dest": "empty",
        "Sec-Fetch-Mode": "cors",
        "Sec-Fetch-Site": "same-site",
        "User-Agent": "Mozilla/5.0 (X11; Linux x86_64) AppleWebKit/537.36 (KHTML, like Gecko) HeadlessChrome/103.0.5058.0 Safari/537.36",
        "x-ms-client-request-id": "4c57e5bb-fe72-47b9-85bc-24aebf6195f3",
        "x-ms-useragent": "azsdk-js-keyvault-certificates/4.7.0-beta.1 core-rest-pipeline/1.10.1 OS/Linuxx86_64"
      },
      "RequestBody": null,
      "StatusCode": 401,
      "ResponseHeaders": {
        "Cache-Control": "no-cache",
        "Content-Length": "97",
        "Content-Type": "application/json; charset=utf-8",
        "Date": "Mon, 14 Nov 2022 18:24:07 GMT",
        "Expires": "-1",
        "Pragma": "no-cache",
        "Strict-Transport-Security": "max-age=31536000;includeSubDomains",
        "WWW-Authenticate": "Bearer authorization=\u0022https://login.windows.net/12345678-1234-1234-1234-123456789012\u0022, resource=\u0022https://vault.azure.net\u0022",
        "X-Content-Type-Options": "nosniff",
        "x-ms-client-request-id": "4c57e5bb-fe72-47b9-85bc-24aebf6195f3",
        "x-ms-keyvault-network-info": "conn_type=Ipv4;addr=167.220.80.222;act_addr_fam=InterNetwork;",
        "x-ms-keyvault-region": "westus",
        "x-ms-keyvault-service-version": "1.9.576.1",
        "x-ms-request-id": "34947ae5-70b9-4506-a941-4080574b2a0f"
      },
      "ResponseBody": {
        "error": {
          "code": "Unauthorized",
          "message": "AKV10000: Request is missing a Bearer or PoP token."
        }
      }
    },
    {
      "RequestUri": "https://keyvault_name.vault.azure.net/certificates/backupRestoreCertificateName-canrecoveradeletedcertificatenonexisting-/?api-version=7.4-preview.1",
      "RequestMethod": "GET",
      "RequestHeaders": {
        "Accept": "application/json",
        "Accept-Encoding": "gzip, deflate, br",
        "Accept-Language": "en-US",
        "Authorization": "Sanitized",
        "Connection": "keep-alive",
        "Referer": "http://localhost:9328/",
        "sec-ch-ua": "",
        "sec-ch-ua-mobile": "?0",
        "sec-ch-ua-platform": "",
        "Sec-Fetch-Dest": "empty",
        "Sec-Fetch-Mode": "cors",
        "Sec-Fetch-Site": "same-site",
        "User-Agent": "Mozilla/5.0 (X11; Linux x86_64) AppleWebKit/537.36 (KHTML, like Gecko) HeadlessChrome/103.0.5058.0 Safari/537.36",
        "x-ms-client-request-id": "4c57e5bb-fe72-47b9-85bc-24aebf6195f3",
        "x-ms-useragent": "azsdk-js-keyvault-certificates/4.7.0-beta.1 core-rest-pipeline/1.10.1 OS/Linuxx86_64"
      },
      "RequestBody": null,
      "StatusCode": 404,
      "ResponseHeaders": {
        "Cache-Control": "no-cache",
        "Content-Length": "382",
        "Content-Type": "application/json; charset=utf-8",
        "Date": "Mon, 14 Nov 2022 18:24:07 GMT",
        "Expires": "-1",
        "Pragma": "no-cache",
        "Strict-Transport-Security": "max-age=31536000;includeSubDomains",
        "X-Content-Type-Options": "nosniff",
        "x-ms-client-request-id": "4c57e5bb-fe72-47b9-85bc-24aebf6195f3",
        "x-ms-keyvault-network-info": "conn_type=Ipv4;addr=167.220.80.222;act_addr_fam=InterNetwork;",
        "x-ms-keyvault-rbac-assignment-id": "11b60d6c-8980-5d26-b0d4-b20d478eb273",
        "x-ms-keyvault-rbac-cache": "ra_age=283;da_age=1617;rd_age=1617;brd_age=10762;ra_notif_age=571;dec_lev=1;",
        "x-ms-keyvault-region": "westus",
        "x-ms-keyvault-service-version": "1.9.576.1",
        "x-ms-request-id": "9ea82932-db35-472b-aadc-8eb64e6b6d99"
      },
      "ResponseBody": {
        "error": {
          "code": "CertificateNotFound",
          "message": "A certificate with (name/id) backupRestoreCertificateName-canrecoveradeletedcertificatenonexisting- was not found in this key vault. If you recently deleted this certificate you may be able to recover it using the correct recovery command. For help resolving this issue, please see https://go.microsoft.com/fwlink/?linkid=2125182"
        }
      }
    },
    {
      "RequestUri": "https://keyvault_name.vault.azure.net/deletedcertificates/backupRestoreCertificateName-canrecoveradeletedcertificatenonexisting-/recover?api-version=7.4-preview.1",
      "RequestMethod": "POST",
      "RequestHeaders": {
        "Accept": "application/json",
        "Accept-Encoding": "gzip, deflate, br",
        "Accept-Language": "en-US",
        "Authorization": "Sanitized",
        "Connection": "keep-alive",
        "Content-Length": "0",
        "Referer": "http://localhost:9328/",
        "sec-ch-ua": "",
        "sec-ch-ua-mobile": "?0",
        "sec-ch-ua-platform": "",
        "Sec-Fetch-Dest": "empty",
        "Sec-Fetch-Mode": "cors",
        "Sec-Fetch-Site": "same-site",
        "User-Agent": "Mozilla/5.0 (X11; Linux x86_64) AppleWebKit/537.36 (KHTML, like Gecko) HeadlessChrome/103.0.5058.0 Safari/537.36",
        "x-ms-client-request-id": "62fc0275-8c5d-44b5-bb9a-2288025b4204",
        "x-ms-useragent": "azsdk-js-keyvault-certificates/4.7.0-beta.1 core-rest-pipeline/1.10.1 OS/Linuxx86_64"
      },
      "RequestBody": null,
      "StatusCode": 404,
      "ResponseHeaders": {
        "Cache-Control": "no-cache",
        "Content-Length": "382",
        "Content-Type": "application/json; charset=utf-8",
        "Date": "Mon, 14 Nov 2022 18:24:07 GMT",
        "Expires": "-1",
        "Pragma": "no-cache",
        "Strict-Transport-Security": "max-age=31536000;includeSubDomains",
        "X-Content-Type-Options": "nosniff",
        "x-ms-client-request-id": "62fc0275-8c5d-44b5-bb9a-2288025b4204",
        "x-ms-keyvault-network-info": "conn_type=Ipv4;addr=167.220.80.222;act_addr_fam=InterNetwork;",
        "x-ms-keyvault-rbac-assignment-id": "11b60d6c-8980-5d26-b0d4-b20d478eb273",
        "x-ms-keyvault-rbac-cache": "ra_age=283;da_age=1617;rd_age=1617;brd_age=10762;ra_notif_age=571;dec_lev=1;",
        "x-ms-keyvault-region": "westus",
        "x-ms-keyvault-service-version": "1.9.576.1",
        "x-ms-request-id": "4ade3f64-429e-4e61-ad8a-d8e688e537e0"
      },
      "ResponseBody": {
        "error": {
          "code": "CertificateNotFound",
          "message": "A certificate with (name/id) backupRestoreCertificateName-canrecoveradeletedcertificatenonexisting- was not found in this key vault. If you recently deleted this certificate you may be able to recover it using the correct recovery command. For help resolving this issue, please see https://go.microsoft.com/fwlink/?linkid=2125182"
        }
      }
    }
  ],
  "Variables": {}
}
