{
  "Entries": [
    {
      "RequestUri": "https://timovperftestplayground.table.core.windows.net/Tables?st=2021-08-03T08:52:15Z\u0026spr=https\u0026sig=fakesigval",
      "RequestMethod": "POST",
      "RequestHeaders": {
        "Accept": "application/json;odata=minimalmetadata",
        "Accept-Encoding": "gzip, deflate, br",
        "Accept-Language": "en-US",
        "Connection": "keep-alive",
        "Content-Length": "25",
        "Content-Type": "application/json;odata=nometadata",
        "dataserviceversion": "3.0",
        "Referer": "http://localhost:9328/",
        "sec-ch-ua": "",
        "sec-ch-ua-mobile": "?0",
        "sec-ch-ua-platform": "",
        "Sec-Fetch-Dest": "empty",
        "Sec-Fetch-Mode": "cors",
        "Sec-Fetch-Site": "same-site",
        "User-Agent": "Mozilla/5.0 (X11; Linux x86_64) AppleWebKit/537.36 (KHTML, like Gecko) HeadlessChrome/93.0.4577.0 Safari/537.36",
        "x-ms-client-request-id": "354dcb7b-541b-4182-a751-25b0e10d74d4",
        "x-ms-useragent": "azsdk-js-data-tables/12.1.2 core-rest-pipeline/1.3.2 OS/Linuxx86_64",
        "x-ms-version": "2019-02-02"
      },
      "RequestBody": {
        "TableName": "table1760"
      },
      "StatusCode": 201,
      "ResponseHeaders": {
        "Cache-Control": "no-cache",
        "Content-Type": "application/json; odata=minimalmetadata; streaming=true; charset=utf-8",
        "Date": "Thu, 09 Dec 2021 22:47:55 GMT",
        "Location": "https://timovperftestplayground.table.core.windows.net/Tables(\u0027table1760\u0027)",
        "Server": [
          "Windows-Azure-Table/1.0",
          "Microsoft-HTTPAPI/2.0"
        ],
        "Transfer-Encoding": "chunked",
        "x-ms-client-request-id": "354dcb7b-541b-4182-a751-25b0e10d74d4",
        "x-ms-request-id": "fd439e64-7002-0064-4f4e-eddd58000000",
        "x-ms-version": "2019-02-02"
      },
      "ResponseBody": {
        "odata.metadata": "https://timovperftestplayground.table.core.windows.net/$metadata#Tables/@Element",
        "TableName": "table1760"
      }
    },
    {
      "RequestUri": "https://timovperftestplayground.table.core.windows.net/table1760?st=2021-08-03T08:52:15Z\u0026spr=https\u0026sig=fakesigval",
      "RequestMethod": "POST",
      "RequestHeaders": {
        "Accept": "application/json;odata=minimalmetadata",
        "Accept-Encoding": "gzip, deflate, br",
        "Accept-Language": "en-US",
        "Connection": "keep-alive",
        "Content-Length": "366",
        "Content-Type": "application/json;odata=nometadata",
        "dataserviceversion": "3.0",
        "prefer": "return-no-content",
        "Referer": "http://localhost:9328/",
        "sec-ch-ua": "",
        "sec-ch-ua-mobile": "?0",
        "sec-ch-ua-platform": "",
        "Sec-Fetch-Dest": "empty",
        "Sec-Fetch-Mode": "cors",
        "Sec-Fetch-Site": "same-site",
        "User-Agent": "Mozilla/5.0 (X11; Linux x86_64) AppleWebKit/537.36 (KHTML, like Gecko) HeadlessChrome/93.0.4577.0 Safari/537.36",
        "x-ms-client-request-id": "27ba3bf7-fccd-4f32-8216-4b8c5a1b4800",
        "x-ms-useragent": "azsdk-js-data-tables/12.1.2 core-rest-pipeline/1.3.2 OS/Linuxx86_64",
        "x-ms-version": "2019-02-02"
      },
      "RequestBody": {
        "PartitionKey": "simpleEntity",
        "RowKey": "03590009-4169-46ce-9e33-d011dbaf308c",
        "stringTypeProperty1": "This is a string",
        "stringTypeProperty2": "This is a string",
        "stringTypeProperty3": "This is a string",
        "stringTypeProperty4": "This is a string",
        "stringTypeProperty5": "This is a string",
        "stringTypeProperty6": "This is a string",
        "stringTypeProperty7": "This is a string"
      },
      "StatusCode": 204,
      "ResponseHeaders": {
        "Cache-Control": "no-cache",
        "Content-Length": "0",
        "DataServiceId": "https://timovperftestplayground.table.core.windows.net/table1760(PartitionKey=\u0027simpleEntity\u0027,RowKey=\u002703590009-4169-46ce-9e33-d011dbaf308c\u0027)",
        "Date": "Thu, 09 Dec 2021 22:47:56 GMT",
        "ETag": "W/\u0022datetime\u00272021-12-09T22%3A47%3A56.4498903Z\u0027\u0022",
        "Location": "https://timovperftestplayground.table.core.windows.net/table1760(PartitionKey=\u0027simpleEntity\u0027,RowKey=\u002703590009-4169-46ce-9e33-d011dbaf308c\u0027)",
        "Preference-Applied": "return-no-content",
        "Server": [
          "Windows-Azure-Table/1.0",
          "Microsoft-HTTPAPI/2.0"
        ],
        "x-ms-client-request-id": "27ba3bf7-fccd-4f32-8216-4b8c5a1b4800",
        "x-ms-request-id": "fd439e79-7002-0064-624e-eddd58000000",
        "x-ms-version": "2019-02-02"
      },
      "ResponseBody": null
    },
    {
      "RequestUri": "https://timovperftestplayground.table.core.windows.net/Tables(\u0027table1760\u0027)?st=2021-08-03T08:52:15Z\u0026spr=https\u0026sig=fakesigval",
      "RequestMethod": "DELETE",
      "RequestHeaders": {
        "Accept": "application/json",
        "Accept-Encoding": "gzip, deflate, br",
        "Accept-Language": "en-US",
        "Connection": "keep-alive",
        "Referer": "http://localhost:9328/",
        "sec-ch-ua": "",
        "sec-ch-ua-mobile": "?0",
        "sec-ch-ua-platform": "",
        "Sec-Fetch-Dest": "empty",
        "Sec-Fetch-Mode": "cors",
        "Sec-Fetch-Site": "same-site",
        "User-Agent": "Mozilla/5.0 (X11; Linux x86_64) AppleWebKit/537.36 (KHTML, like Gecko) HeadlessChrome/93.0.4577.0 Safari/537.36",
        "x-ms-client-request-id": "ace68096-3520-4ac0-a48e-b75ac7cf9ec0",
        "x-ms-useragent": "azsdk-js-data-tables/12.1.2 core-rest-pipeline/1.3.2 OS/Linuxx86_64",
        "x-ms-version": "2019-02-02"
      },
      "RequestBody": null,
      "StatusCode": 204,
      "ResponseHeaders": {
        "Cache-Control": "no-cache",
        "Content-Length": "0",
        "Date": "Thu, 09 Dec 2021 22:47:56 GMT",
        "Server": [
          "Windows-Azure-Table/1.0",
          "Microsoft-HTTPAPI/2.0"
        ],
        "x-ms-client-request-id": "ace68096-3520-4ac0-a48e-b75ac7cf9ec0",
        "x-ms-request-id": "fd439e85-7002-0064-6e4e-eddd58000000",
        "x-ms-version": "2019-02-02"
      },
      "ResponseBody": null
    }
  ],
  "Variables": {
    "table-name": "table1760"
  }
}
