{
  "Entries": [
    {
      "RequestUri": "https://management.azure.com/subscriptions/azure_subscription_id/resourceGroups/myjstest/providers/Microsoft.Network/virtualNetworks/myvirtualnetwork?api-version=2021-05-01",
      "RequestMethod": "PUT",
      "RequestHeaders": {
        "Accept": "application/json",
        "Accept-Encoding": "gzip,deflate",
        "Authorization": "Sanitized",
        "Connection": "keep-alive",
        "Content-Length": "87",
        "Content-Type": "application/json",
        "User-Agent": "azsdk-js-arm-network/26.0.0 core-rest-pipeline/1.10.2 Node/v16.17.0 OS/(x64-Windows_NT-10.0.22621)",
        "x-ms-client-request-id": "c727680d-322e-4e0c-a181-cc8090116342"
      },
      "RequestBody": {
        "location": "eastus",
        "properties": {
          "addressSpace": {
            "addressPrefixes": [
              "10.0.0.0/16"
            ]
          }
        }
      },
      "StatusCode": 201,
      "ResponseHeaders": {
        "Azure-AsyncNotification": "Enabled",
        "Azure-AsyncOperation": "https://management.azure.com/subscriptions/azure_subscription_id/providers/Microsoft.Network/locations/eastus/operations/402f4eb9-e1e4-4b75-8eac-f672a41075ca?api-version=2021-05-01",
        "Cache-Control": "no-cache",
        "Content-Length": "603",
        "Content-Type": "application/json; charset=utf-8",
        "Date": "Wed, 12 Apr 2023 06:04:18 GMT",
        "Expires": "-1",
        "Pragma": "no-cache",
        "Retry-After": "3",
        "Server": [
          "Microsoft-HTTPAPI/2.0",
          "Microsoft-HTTPAPI/2.0"
        ],
        "Strict-Transport-Security": "max-age=31536000; includeSubDomains",
        "X-Content-Type-Options": "nosniff",
        "x-ms-arm-service-request-id": "4f504f1a-9680-4572-8f41-ec917a32d880",
        "x-ms-correlation-request-id": "c301c032-5bf0-4367-960a-6b0f36bc04ea",
        "x-ms-ratelimit-remaining-subscription-writes": "1199",
        "x-ms-request-id": "402f4eb9-e1e4-4b75-8eac-f672a41075ca",
        "x-ms-routing-request-id": "SOUTHEASTASIA:20230412T060418Z:c301c032-5bf0-4367-960a-6b0f36bc04ea"
      },
      "ResponseBody": {
        "name": "myvirtualnetwork",
        "id": "/subscriptions/azure_subscription_id/resourceGroups/myjstest/providers/Microsoft.Network/virtualNetworks/myvirtualnetwork",
        "etag": "W/\u002263413442-6433-43f0-9004-e41e4df732cf\u0022",
        "type": "Microsoft.Network/virtualNetworks",
        "location": "eastus",
        "properties": {
          "provisioningState": "Updating",
          "resourceGuid": "4be3b6bd-4348-445b-96e6-b9004234ff20",
          "addressSpace": {
            "addressPrefixes": [
              "10.0.0.0/16"
            ]
          },
          "subnets": [],
          "virtualNetworkPeerings": [],
          "enableDdosProtection": false
        }
      }
    },
    {
      "RequestUri": "https://management.azure.com/subscriptions/azure_subscription_id/providers/Microsoft.Network/locations/eastus/operations/402f4eb9-e1e4-4b75-8eac-f672a41075ca?api-version=2021-05-01",
      "RequestMethod": "GET",
      "RequestHeaders": {
        "Accept": "application/json",
        "Accept-Encoding": "gzip,deflate",
        "Authorization": "Sanitized",
        "Connection": "keep-alive",
        "Content-Type": "application/json",
        "User-Agent": "azsdk-js-arm-network/26.0.0 core-rest-pipeline/1.10.2 Node/v16.17.0 OS/(x64-Windows_NT-10.0.22621)",
        "x-ms-client-request-id": "9db2fbd0-af67-4906-9244-f29768ca74fa"
      },
      "RequestBody": null,
      "StatusCode": 200,
      "ResponseHeaders": {
        "Cache-Control": "no-cache",
        "Content-Encoding": "gzip",
        "Content-Type": "application/json; charset=utf-8",
        "Date": "Wed, 12 Apr 2023 06:04:18 GMT",
        "Expires": "-1",
        "Pragma": "no-cache",
        "Server": [
          "Microsoft-HTTPAPI/2.0",
          "Microsoft-HTTPAPI/2.0"
        ],
        "Strict-Transport-Security": "max-age=31536000; includeSubDomains",
        "Transfer-Encoding": "chunked",
        "Vary": "Accept-Encoding",
        "X-Content-Type-Options": "nosniff",
        "x-ms-arm-service-request-id": "6707147a-f91a-41f8-acdd-6a31f32d00e3",
        "x-ms-correlation-request-id": "89298e03-e10c-4d84-b7d2-7372426e4bc0",
        "x-ms-ratelimit-remaining-subscription-reads": "11999",
        "x-ms-request-id": "5175f8b2-f3eb-4ff8-8936-7171d5d8428b",
        "x-ms-routing-request-id": "SOUTHEASTASIA:20230412T060419Z:89298e03-e10c-4d84-b7d2-7372426e4bc0"
      },
      "ResponseBody": {
        "status": "Succeeded"
      }
    },
    {
      "RequestUri": "https://management.azure.com/subscriptions/azure_subscription_id/resourceGroups/myjstest/providers/Microsoft.Network/virtualNetworks/myvirtualnetwork?api-version=2021-05-01",
      "RequestMethod": "GET",
      "RequestHeaders": {
        "Accept": "application/json",
        "Accept-Encoding": "gzip,deflate",
        "Authorization": "Sanitized",
        "Connection": "keep-alive",
        "Content-Type": "application/json",
        "User-Agent": "azsdk-js-arm-network/26.0.0 core-rest-pipeline/1.10.2 Node/v16.17.0 OS/(x64-Windows_NT-10.0.22621)",
        "x-ms-client-request-id": "a4650444-f3c6-4608-890e-82d89f8f56b9"
      },
      "RequestBody": null,
      "StatusCode": 200,
      "ResponseHeaders": {
        "Cache-Control": "no-cache",
        "Content-Encoding": "gzip",
        "Content-Type": "application/json; charset=utf-8",
        "Date": "Wed, 12 Apr 2023 06:04:19 GMT",
        "ETag": "W/\u0022d76b4ce6-e5ad-415b-8762-d5c8ce9c8683\u0022",
        "Expires": "-1",
        "Pragma": "no-cache",
        "Server": [
          "Microsoft-HTTPAPI/2.0",
          "Microsoft-HTTPAPI/2.0"
        ],
        "Strict-Transport-Security": "max-age=31536000; includeSubDomains",
        "Transfer-Encoding": "chunked",
        "Vary": "Accept-Encoding",
        "X-Content-Type-Options": "nosniff",
        "x-ms-arm-service-request-id": "243d496b-75eb-4e3f-8770-3f9383148a8a",
        "x-ms-correlation-request-id": "f1b63596-4f48-4a89-bd9c-17a9b55632a9",
        "x-ms-ratelimit-remaining-subscription-reads": "11998",
        "x-ms-request-id": "9c1a54e7-b8e7-404e-a305-5018bb5846ef",
        "x-ms-routing-request-id": "SOUTHEASTASIA:20230412T060419Z:f1b63596-4f48-4a89-bd9c-17a9b55632a9"
      },
      "ResponseBody": {
        "name": "myvirtualnetwork",
        "id": "/subscriptions/azure_subscription_id/resourceGroups/myjstest/providers/Microsoft.Network/virtualNetworks/myvirtualnetwork",
        "etag": "W/\u0022d76b4ce6-e5ad-415b-8762-d5c8ce9c8683\u0022",
        "type": "Microsoft.Network/virtualNetworks",
        "location": "eastus",
        "properties": {
          "provisioningState": "Succeeded",
          "resourceGuid": "4be3b6bd-4348-445b-96e6-b9004234ff20",
          "addressSpace": {
            "addressPrefixes": [
              "10.0.0.0/16"
            ]
          },
          "subnets": [],
          "virtualNetworkPeerings": [],
          "enableDdosProtection": false
        }
      }
    },
    {
      "RequestUri": "https://management.azure.com/subscriptions/azure_subscription_id/resourceGroups/myjstest/providers/Microsoft.Network/virtualNetworks/myvirtualnetwork/subnets/subnetxxx?api-version=2021-05-01",
      "RequestMethod": "PUT",
      "RequestHeaders": {
        "Accept": "application/json",
        "Accept-Encoding": "gzip,deflate",
        "Authorization": "Sanitized",
        "Connection": "keep-alive",
        "Content-Length": "46",
        "Content-Type": "application/json",
        "User-Agent": "azsdk-js-arm-network/26.0.0 core-rest-pipeline/1.10.2 Node/v16.17.0 OS/(x64-Windows_NT-10.0.22621)",
        "x-ms-client-request-id": "f7cf0303-af5c-4428-94df-24361534c876"
      },
      "RequestBody": {
        "properties": {
          "addressPrefix": "10.0.0.0/24"
        }
      },
      "StatusCode": 201,
      "ResponseHeaders": {
        "Azure-AsyncNotification": "Enabled",
        "Azure-AsyncOperation": "https://management.azure.com/subscriptions/azure_subscription_id/providers/Microsoft.Network/locations/eastus/operations/c38ce351-dfda-48a5-8080-655bb3ea276b?api-version=2021-05-01",
        "Cache-Control": "no-cache",
        "Content-Length": "519",
        "Content-Type": "application/json; charset=utf-8",
        "Date": "Wed, 12 Apr 2023 06:04:20 GMT",
        "Expires": "-1",
        "Pragma": "no-cache",
        "Retry-After": "3",
        "Server": [
          "Microsoft-HTTPAPI/2.0",
          "Microsoft-HTTPAPI/2.0"
        ],
        "Strict-Transport-Security": "max-age=31536000; includeSubDomains",
        "X-Content-Type-Options": "nosniff",
        "x-ms-arm-service-request-id": "e859c80e-a65e-451e-b402-2f2c071f62e8",
        "x-ms-correlation-request-id": "ef7d6cad-e3c1-4582-8723-b9533d70a4ff",
        "x-ms-ratelimit-remaining-subscription-writes": "1198",
        "x-ms-request-id": "c38ce351-dfda-48a5-8080-655bb3ea276b",
        "x-ms-routing-request-id": "SOUTHEASTASIA:20230412T060420Z:ef7d6cad-e3c1-4582-8723-b9533d70a4ff"
      },
      "ResponseBody": {
        "name": "subnetxxx",
        "id": "/subscriptions/azure_subscription_id/resourceGroups/myjstest/providers/Microsoft.Network/virtualNetworks/myvirtualnetwork/subnets/subnetxxx",
        "etag": "W/\u002269931870-5cee-4062-bb04-0639f9a55c45\u0022",
        "properties": {
          "provisioningState": "Updating",
          "addressPrefix": "10.0.0.0/24",
          "delegations": [],
          "privateEndpointNetworkPolicies": "Disabled",
          "privateLinkServiceNetworkPolicies": "Enabled"
        },
        "type": "Microsoft.Network/virtualNetworks/subnets"
      }
    },
    {
      "RequestUri": "https://management.azure.com/subscriptions/azure_subscription_id/providers/Microsoft.Network/locations/eastus/operations/c38ce351-dfda-48a5-8080-655bb3ea276b?api-version=2021-05-01",
      "RequestMethod": "GET",
      "RequestHeaders": {
        "Accept": "application/json",
        "Accept-Encoding": "gzip,deflate",
        "Authorization": "Sanitized",
        "Connection": "keep-alive",
        "Content-Type": "application/json",
        "User-Agent": "azsdk-js-arm-network/26.0.0 core-rest-pipeline/1.10.2 Node/v16.17.0 OS/(x64-Windows_NT-10.0.22621)",
        "x-ms-client-request-id": "edf6cfb4-010f-4fef-b013-56651ebbbc70"
      },
      "RequestBody": null,
      "StatusCode": 200,
      "ResponseHeaders": {
        "Cache-Control": "no-cache",
        "Content-Encoding": "gzip",
        "Content-Type": "application/json; charset=utf-8",
        "Date": "Wed, 12 Apr 2023 06:04:20 GMT",
        "Expires": "-1",
        "Pragma": "no-cache",
        "Server": [
          "Microsoft-HTTPAPI/2.0",
          "Microsoft-HTTPAPI/2.0"
        ],
        "Strict-Transport-Security": "max-age=31536000; includeSubDomains",
        "Transfer-Encoding": "chunked",
        "Vary": "Accept-Encoding",
        "X-Content-Type-Options": "nosniff",
        "x-ms-arm-service-request-id": "8b59af6c-3fd4-4134-9091-c65dddcc9ff4",
        "x-ms-correlation-request-id": "e1c00b75-890b-4e52-ba49-17c55446c273",
        "x-ms-ratelimit-remaining-subscription-reads": "11997",
        "x-ms-request-id": "5903ff6d-cd28-43b3-b6b6-09c658027c8f",
        "x-ms-routing-request-id": "SOUTHEASTASIA:20230412T060421Z:e1c00b75-890b-4e52-ba49-17c55446c273"
      },
      "ResponseBody": {
        "status": "Succeeded"
      }
    },
    {
      "RequestUri": "https://management.azure.com/subscriptions/azure_subscription_id/resourceGroups/myjstest/providers/Microsoft.Network/virtualNetworks/myvirtualnetwork/subnets/subnetxxx?api-version=2021-05-01",
      "RequestMethod": "GET",
      "RequestHeaders": {
        "Accept": "application/json",
        "Accept-Encoding": "gzip,deflate",
        "Authorization": "Sanitized",
        "Connection": "keep-alive",
        "Content-Type": "application/json",
        "User-Agent": "azsdk-js-arm-network/26.0.0 core-rest-pipeline/1.10.2 Node/v16.17.0 OS/(x64-Windows_NT-10.0.22621)",
        "x-ms-client-request-id": "f2234891-cdf4-4d9a-9c3c-8c3f212041c1"
      },
      "RequestBody": null,
      "StatusCode": 200,
      "ResponseHeaders": {
        "Cache-Control": "no-cache",
        "Content-Encoding": "gzip",
        "Content-Type": "application/json; charset=utf-8",
        "Date": "Wed, 12 Apr 2023 06:04:21 GMT",
        "ETag": "W/\u00227bb78d23-825e-4fb9-9979-e35595ba49a9\u0022",
        "Expires": "-1",
        "Pragma": "no-cache",
        "Server": [
          "Microsoft-HTTPAPI/2.0",
          "Microsoft-HTTPAPI/2.0"
        ],
        "Strict-Transport-Security": "max-age=31536000; includeSubDomains",
        "Transfer-Encoding": "chunked",
        "Vary": "Accept-Encoding",
        "X-Content-Type-Options": "nosniff",
        "x-ms-arm-service-request-id": "f106ea99-3872-41a0-a5f9-8e3014be9873",
        "x-ms-correlation-request-id": "1af17f97-1aa4-4127-8cc7-100a03932b73",
        "x-ms-ratelimit-remaining-subscription-reads": "11996",
        "x-ms-request-id": "56efbccb-eb95-4d0f-bc8f-a858b6e9ce0c",
        "x-ms-routing-request-id": "SOUTHEASTASIA:20230412T060421Z:1af17f97-1aa4-4127-8cc7-100a03932b73"
      },
      "ResponseBody": {
        "name": "subnetxxx",
        "id": "/subscriptions/azure_subscription_id/resourceGroups/myjstest/providers/Microsoft.Network/virtualNetworks/myvirtualnetwork/subnets/subnetxxx",
        "etag": "W/\u00227bb78d23-825e-4fb9-9979-e35595ba49a9\u0022",
        "properties": {
          "provisioningState": "Succeeded",
          "addressPrefix": "10.0.0.0/24",
          "delegations": [],
          "privateEndpointNetworkPolicies": "Disabled",
          "privateLinkServiceNetworkPolicies": "Enabled"
        },
        "type": "Microsoft.Network/virtualNetworks/subnets"
      }
    },
    {
      "RequestUri": "https://management.azure.com/subscriptions/azure_subscription_id/resourceGroups/myjstest/providers/Microsoft.Storage/storageAccounts/mystorageaccountxxx11?api-version=2021-09-01",
      "RequestMethod": "PUT",
      "RequestHeaders": {
        "Accept": "application/json",
        "Accept-Encoding": "gzip,deflate",
        "Authorization": "Sanitized",
        "Connection": "keep-alive",
        "Content-Length": "70",
        "Content-Type": "application/json",
        "User-Agent": "azsdk-js-arm-storage/17.2.1 core-rest-pipeline/1.10.2 Node/v16.17.0 OS/(x64-Windows_NT-10.0.22621)",
        "x-ms-client-request-id": "413af9b2-5dc7-40f9-93a2-47624258be01"
      },
      "RequestBody": {
        "sku": {
          "name": "Standard_GRS"
        },
        "kind": "StorageV2",
        "location": "eastus"
      },
      "StatusCode": 202,
      "ResponseHeaders": {
        "Cache-Control": "no-cache",
        "Content-Length": "0",
        "Content-Type": "text/plain; charset=utf-8",
        "Date": "Wed, 12 Apr 2023 06:04:25 GMT",
        "Expires": "-1",
        "Location": "https://management.azure.com/subscriptions/azure_subscription_id/providers/Microsoft.Storage/locations/eastus/asyncoperations/89b17596-1948-4844-8ce9-764c89110328?monitor=true\u0026api-version=2021-09-01",
        "Pragma": "no-cache",
        "Retry-After": "17",
        "Server": "Microsoft-Azure-Storage-Resource-Provider/1.0,Microsoft-HTTPAPI/2.0 Microsoft-HTTPAPI/2.0",
        "Strict-Transport-Security": "max-age=31536000; includeSubDomains",
        "X-Content-Type-Options": "nosniff",
        "x-ms-correlation-request-id": "cdfa87ed-7e62-4e1f-908e-6e6dd96ec337",
        "x-ms-ratelimit-remaining-subscription-writes": "1197",
        "x-ms-request-id": "89b17596-1948-4844-8ce9-764c89110328",
        "x-ms-routing-request-id": "SOUTHEASTASIA:20230412T060426Z:cdfa87ed-7e62-4e1f-908e-6e6dd96ec337"
      },
      "ResponseBody": null
    },
    {
      "RequestUri": "https://management.azure.com/subscriptions/azure_subscription_id/providers/Microsoft.Storage/locations/eastus/asyncoperations/89b17596-1948-4844-8ce9-764c89110328?monitor=true\u0026api-version=2021-09-01",
      "RequestMethod": "GET",
      "RequestHeaders": {
        "Accept": "application/json",
        "Accept-Encoding": "gzip,deflate",
        "Authorization": "Sanitized",
        "Connection": "keep-alive",
        "Content-Type": "application/json",
        "User-Agent": "azsdk-js-arm-storage/17.2.1 core-rest-pipeline/1.10.2 Node/v16.17.0 OS/(x64-Windows_NT-10.0.22621)",
        "x-ms-client-request-id": "63a574a8-4e2d-43ea-bc57-f24132390a45"
      },
      "RequestBody": null,
      "StatusCode": 202,
      "ResponseHeaders": {
        "Cache-Control": "no-cache",
        "Content-Length": "0",
        "Content-Type": "text/plain; charset=utf-8",
        "Date": "Wed, 12 Apr 2023 06:04:26 GMT",
        "Expires": "-1",
        "Location": "https://management.azure.com/subscriptions/azure_subscription_id/providers/Microsoft.Storage/locations/eastus/asyncoperations/89b17596-1948-4844-8ce9-764c89110328?monitor=true\u0026api-version=2021-09-01",
        "Pragma": "no-cache",
        "Retry-After": "17",
        "Server": "Microsoft-Azure-Storage-Resource-Provider/1.0,Microsoft-HTTPAPI/2.0 Microsoft-HTTPAPI/2.0",
        "Strict-Transport-Security": "max-age=31536000; includeSubDomains",
        "X-Content-Type-Options": "nosniff",
        "x-ms-correlation-request-id": "134a0953-6f63-44fc-b1ca-a4af517a08cc",
        "x-ms-ratelimit-remaining-subscription-reads": "11995",
        "x-ms-request-id": "2d011a7a-5c47-4ce1-ad1b-b8affb5580c6",
        "x-ms-routing-request-id": "SOUTHEASTASIA:20230412T060426Z:134a0953-6f63-44fc-b1ca-a4af517a08cc"
      },
      "ResponseBody": null
    },
    {
      "RequestUri": "https://management.azure.com/subscriptions/azure_subscription_id/providers/Microsoft.Storage/locations/eastus/asyncoperations/89b17596-1948-4844-8ce9-764c89110328?monitor=true\u0026api-version=2021-09-01",
      "RequestMethod": "GET",
      "RequestHeaders": {
        "Accept": "application/json",
        "Accept-Encoding": "gzip,deflate",
        "Authorization": "Sanitized",
        "Connection": "keep-alive",
        "Content-Type": "application/json",
        "User-Agent": "azsdk-js-arm-storage/17.2.1 core-rest-pipeline/1.10.2 Node/v16.17.0 OS/(x64-Windows_NT-10.0.22621)",
        "x-ms-client-request-id": "f86154a2-f516-4531-830c-ef1ab148d536"
      },
      "RequestBody": null,
      "StatusCode": 202,
      "ResponseHeaders": {
        "Cache-Control": "no-cache",
        "Content-Length": "0",
        "Content-Type": "text/plain; charset=utf-8",
        "Date": "Wed, 12 Apr 2023 06:04:26 GMT",
        "Expires": "-1",
        "Location": "https://management.azure.com/subscriptions/azure_subscription_id/providers/Microsoft.Storage/locations/eastus/asyncoperations/89b17596-1948-4844-8ce9-764c89110328?monitor=true\u0026api-version=2021-09-01",
        "Pragma": "no-cache",
        "Retry-After": "17",
        "Server": "Microsoft-Azure-Storage-Resource-Provider/1.0,Microsoft-HTTPAPI/2.0 Microsoft-HTTPAPI/2.0",
        "Strict-Transport-Security": "max-age=31536000; includeSubDomains",
        "X-Content-Type-Options": "nosniff",
        "x-ms-correlation-request-id": "3450c501-41a5-44c6-adeb-02b71e9eeb93",
        "x-ms-ratelimit-remaining-subscription-reads": "11994",
        "x-ms-request-id": "1c8dc2a1-b573-4d97-b767-35aecea69c58",
        "x-ms-routing-request-id": "SOUTHEASTASIA:20230412T060426Z:3450c501-41a5-44c6-adeb-02b71e9eeb93"
      },
      "ResponseBody": null
    },
    {
      "RequestUri": "https://management.azure.com/subscriptions/azure_subscription_id/providers/Microsoft.Storage/locations/eastus/asyncoperations/89b17596-1948-4844-8ce9-764c89110328?monitor=true\u0026api-version=2021-09-01",
      "RequestMethod": "GET",
      "RequestHeaders": {
        "Accept": "application/json",
        "Accept-Encoding": "gzip,deflate",
        "Authorization": "Sanitized",
        "Connection": "keep-alive",
        "Content-Type": "application/json",
        "User-Agent": "azsdk-js-arm-storage/17.2.1 core-rest-pipeline/1.10.2 Node/v16.17.0 OS/(x64-Windows_NT-10.0.22621)",
        "x-ms-client-request-id": "71037da9-135e-4af6-bb1a-f5c8db9d9cc8"
      },
      "RequestBody": null,
      "StatusCode": 200,
      "ResponseHeaders": {
        "Cache-Control": "no-cache",
        "Content-Encoding": "gzip",
        "Content-Type": "application/json",
        "Date": "Wed, 12 Apr 2023 06:04:43 GMT",
        "Expires": "-1",
        "Pragma": "no-cache",
        "Server": "Microsoft-Azure-Storage-Resource-Provider/1.0,Microsoft-HTTPAPI/2.0 Microsoft-HTTPAPI/2.0",
        "Strict-Transport-Security": "max-age=31536000; includeSubDomains",
        "Transfer-Encoding": "chunked",
        "Vary": "Accept-Encoding",
        "X-Content-Type-Options": "nosniff",
        "x-ms-correlation-request-id": "f90eb602-aa04-4d49-b189-66b3ffb57359",
        "x-ms-ratelimit-remaining-subscription-reads": "11993",
        "x-ms-request-id": "e5cb8fa0-62ac-4cc3-b17e-eee52b417be0",
        "x-ms-routing-request-id": "SOUTHEASTASIA:20230412T060444Z:f90eb602-aa04-4d49-b189-66b3ffb57359"
      },
      "ResponseBody": {
        "sku": {
          "name": "Standard_GRS",
          "tier": "Standard"
        },
        "kind": "StorageV2",
        "id": "/subscriptions/azure_subscription_id/resourceGroups/myjstest/providers/Microsoft.Storage/storageAccounts/mystorageaccountxxx11",
        "name": "mystorageaccountxxx11",
        "type": "Microsoft.Storage/storageAccounts",
        "location": "eastus",
        "tags": {},
        "properties": {
          "keyCreationTime": {
            "key1": "2023-04-12T06:04:24.4798581Z",
            "key2": "2023-04-12T06:04:24.4798581Z"
          },
          "privateEndpointConnections": [],
          "minimumTlsVersion": "TLS1_0",
          "allowBlobPublicAccess": true,
          "networkAcls": {
            "bypass": "AzureServices",
            "virtualNetworkRules": [],
            "ipRules": [],
            "defaultAction": "Allow"
          },
          "supportsHttpsTrafficOnly": true,
          "encryption": {
            "services": {
              "file": {
                "keyType": "Account",
                "enabled": true,
                "lastEnabledTime": "2023-04-12T06:04:24.4798581Z"
              },
              "blob": {
                "keyType": "Account",
                "enabled": true,
                "lastEnabledTime": "2023-04-12T06:04:24.4798581Z"
              }
            },
            "keySource": "Microsoft.Storage"
          },
          "accessTier": "Hot",
          "provisioningState": "Succeeded",
          "creationTime": "2023-04-12T06:04:24.3236611Z",
          "primaryEndpoints": {
            "dfs": "https://mystorageaccountxxx11.dfs.core.windows.net/",
            "web": "https://mystorageaccountxxx11.z13.web.core.windows.net/",
            "blob": "https://mystorageaccountxxx11.blob.core.windows.net/",
            "queue": "https://mystorageaccountxxx11.queue.core.windows.net/",
            "table": "https://mystorageaccountxxx11.table.core.windows.net/",
            "file": "https://mystorageaccountxxx11.file.core.windows.net/"
          },
          "primaryLocation": "eastus",
          "statusOfPrimary": "available",
          "secondaryLocation": "westus",
          "statusOfSecondary": "available"
        }
      }
    },
    {
      "RequestUri": "https://management.azure.com/subscriptions/azure_subscription_id/resourceGroups/myjstest/providers/Microsoft.EventHub/namespaces/mynamespacexxx?api-version=2022-10-01-preview",
      "RequestMethod": "PUT",
      "RequestHeaders": {
        "Accept": "application/json",
        "Accept-Encoding": "gzip,deflate",
        "Authorization": "Sanitized",
        "Connection": "keep-alive",
        "Content-Length": "122",
        "Content-Type": "application/json",
        "User-Agent": "azsdk-js-arm-eventhub/5.2.0-beta.1 core-rest-pipeline/1.10.4 Node/v16.17.0 OS/(x64-Windows_NT-10.0.22621)",
        "x-ms-client-request-id": "df963d3c-086c-43ef-a08c-63e132dc4ae6"
      },
      "RequestBody": {
        "location": "eastus",
        "tags": {
          "tag1": "value1",
          "tag2": "value2"
        },
        "sku": {
          "name": "Standard",
          "tier": "Standard"
        },
        "properties": {}
      },
      "StatusCode": 200,
      "ResponseHeaders": {
        "Cache-Control": "no-cache",
        "Content-Encoding": "gzip",
        "Content-Type": "application/json; charset=utf-8",
        "Date": "Wed, 12 Apr 2023 06:04:49 GMT",
        "Expires": "-1",
        "Pragma": "no-cache",
        "Server": [
          "Service-Bus-Resource-Provider/CH3",
          "Microsoft-HTTPAPI/2.0"
        ],
        "Server-SB": "Service-Bus-Resource-Provider/CH3",
        "Strict-Transport-Security": "max-age=31536000; includeSubDomains",
        "Transfer-Encoding": "chunked",
        "Vary": "Accept-Encoding",
        "X-Content-Type-Options": "nosniff",
        "x-ms-correlation-request-id": "f6f25d71-7416-49c5-81a3-00d9ea617019",
        "x-ms-ratelimit-remaining-subscription-resource-requests": "49",
        "x-ms-request-id": "23b76982-caf3-4041-8f42-308bcdc66e66_M1CH3_M1CH3",
        "x-ms-routing-request-id": "SOUTHEASTASIA:20230412T060449Z:f6f25d71-7416-49c5-81a3-00d9ea617019"
      },
      "ResponseBody": {
        "sku": {
          "name": "Standard",
          "tier": "Standard",
          "capacity": 1
        },
        "id": "/subscriptions/azure_subscription_id/resourceGroups/myjstest/providers/Microsoft.EventHub/namespaces/mynamespacexxx",
        "name": "mynamespacexxx",
        "type": "Microsoft.EventHub/Namespaces",
        "location": "East US",
        "tags": {
          "tag1": "value1",
          "tag2": "value2"
        },
        "properties": {
          "minimumTlsVersion": "1.2",
          "publicNetworkAccess": "Enabled",
          "disableLocalAuth": false,
          "zoneRedundant": false,
          "isAutoInflateEnabled": false,
          "maximumThroughputUnits": 0,
          "kafkaEnabled": true,
          "provisioningState": "Created",
          "metricId": "azure_subscription_id:mynamespacexxx",
          "createdAt": "2023-04-12T06:04:47.597Z",
          "updatedAt": "2023-04-12T06:04:47.597Z",
          "serviceBusEndpoint": "https://mynamespacexxx.servicebus.windows.net:443/",
          "status": "Activating"
        }
      }
    },
    {
      "RequestUri": "https://management.azure.com/subscriptions/azure_subscription_id/resourceGroups/myjstest/providers/Microsoft.EventHub/namespaces/mynamespacexxx?api-version=2022-10-01-preview",
      "RequestMethod": "GET",
      "RequestHeaders": {
        "Accept": "application/json",
        "Accept-Encoding": "gzip,deflate",
        "Authorization": "Sanitized",
        "Connection": "keep-alive",
        "Content-Type": "application/json",
        "User-Agent": "azsdk-js-arm-eventhub/5.2.0-beta.1 core-rest-pipeline/1.10.4 Node/v16.17.0 OS/(x64-Windows_NT-10.0.22621)",
        "x-ms-client-request-id": "09a07aed-681f-4ef9-9354-dcdaa55f1523"
      },
      "RequestBody": null,
      "StatusCode": 200,
      "ResponseHeaders": {
        "Cache-Control": "no-cache",
        "Content-Encoding": "gzip",
        "Content-Type": "application/json; charset=utf-8",
        "Date": "Wed, 12 Apr 2023 06:04:49 GMT",
        "Expires": "-1",
        "Pragma": "no-cache",
        "Server": [
          "Service-Bus-Resource-Provider/CH3",
          "Microsoft-HTTPAPI/2.0"
        ],
        "Server-SB": "Service-Bus-Resource-Provider/CH3",
        "Strict-Transport-Security": "max-age=31536000; includeSubDomains",
        "Transfer-Encoding": "chunked",
        "Vary": "Accept-Encoding",
        "X-Content-Type-Options": "nosniff",
        "x-ms-correlation-request-id": "cff85ce6-21ac-4095-8903-2f8a8881a865",
        "x-ms-ratelimit-remaining-subscription-reads": "11992",
        "x-ms-request-id": "54e79495-b1c7-4d88-91a4-26bbf0c328fa_M1CH3_M1CH3",
        "x-ms-routing-request-id": "SOUTHEASTASIA:20230412T060450Z:cff85ce6-21ac-4095-8903-2f8a8881a865"
      },
      "ResponseBody": {
        "sku": {
          "name": "Standard",
          "tier": "Standard",
          "capacity": 1
        },
        "id": "/subscriptions/azure_subscription_id/resourceGroups/myjstest/providers/Microsoft.EventHub/namespaces/mynamespacexxx",
        "name": "mynamespacexxx",
        "type": "Microsoft.EventHub/Namespaces",
        "location": "East US",
        "tags": {
          "tag1": "value1",
          "tag2": "value2"
        },
        "properties": {
          "minimumTlsVersion": "1.2",
          "publicNetworkAccess": "Enabled",
          "disableLocalAuth": false,
          "zoneRedundant": false,
          "isAutoInflateEnabled": false,
          "maximumThroughputUnits": 0,
          "kafkaEnabled": true,
          "provisioningState": "Created",
          "metricId": "azure_subscription_id:mynamespacexxx",
          "createdAt": "2023-04-12T06:04:47.597Z",
          "updatedAt": "2023-04-12T06:04:47.597Z",
          "serviceBusEndpoint": "https://mynamespacexxx.servicebus.windows.net:443/",
          "status": "Activating"
        }
      }
    },
    {
      "RequestUri": "https://management.azure.com/subscriptions/azure_subscription_id/resourceGroups/myjstest/providers/Microsoft.EventHub/namespaces/mynamespacexxx?api-version=2022-10-01-preview",
      "RequestMethod": "GET",
      "RequestHeaders": {
        "Accept": "application/json",
        "Accept-Encoding": "gzip,deflate",
        "Authorization": "Sanitized",
        "Connection": "keep-alive",
        "Content-Type": "application/json",
        "User-Agent": "azsdk-js-arm-eventhub/5.2.0-beta.1 core-rest-pipeline/1.10.4 Node/v16.17.0 OS/(x64-Windows_NT-10.0.22621)",
        "x-ms-client-request-id": "98e92b1b-6c50-46c3-aec1-751c730a644e"
      },
      "RequestBody": null,
      "StatusCode": 200,
      "ResponseHeaders": {
        "Cache-Control": "no-cache",
        "Content-Encoding": "gzip",
        "Content-Type": "application/json; charset=utf-8",
        "Date": "Wed, 12 Apr 2023 06:04:50 GMT",
        "Expires": "-1",
        "Pragma": "no-cache",
        "Server": [
          "Service-Bus-Resource-Provider/CH3",
          "Microsoft-HTTPAPI/2.0"
        ],
        "Server-SB": "Service-Bus-Resource-Provider/CH3",
        "Strict-Transport-Security": "max-age=31536000; includeSubDomains",
        "Transfer-Encoding": "chunked",
        "Vary": "Accept-Encoding",
        "X-Content-Type-Options": "nosniff",
        "x-ms-correlation-request-id": "339cc809-e8b5-4fb6-a759-d819b66e29f6",
        "x-ms-ratelimit-remaining-subscription-reads": "11991",
        "x-ms-request-id": "1cefc050-1ca7-443b-840c-3e4f5d3d9105_M1CH3_M1CH3",
        "x-ms-routing-request-id": "SOUTHEASTASIA:20230412T060451Z:339cc809-e8b5-4fb6-a759-d819b66e29f6"
      },
      "ResponseBody": {
        "sku": {
          "name": "Standard",
          "tier": "Standard",
          "capacity": 1
        },
        "id": "/subscriptions/azure_subscription_id/resourceGroups/myjstest/providers/Microsoft.EventHub/namespaces/mynamespacexxx",
        "name": "mynamespacexxx",
        "type": "Microsoft.EventHub/Namespaces",
        "location": "East US",
        "tags": {
          "tag1": "value1",
          "tag2": "value2"
        },
        "properties": {
          "minimumTlsVersion": "1.2",
          "publicNetworkAccess": "Enabled",
          "disableLocalAuth": false,
          "zoneRedundant": false,
          "isAutoInflateEnabled": false,
          "maximumThroughputUnits": 0,
          "kafkaEnabled": true,
          "provisioningState": "Created",
          "metricId": "azure_subscription_id:mynamespacexxx",
          "createdAt": "2023-04-12T06:04:47.597Z",
          "updatedAt": "2023-04-12T06:04:47.597Z",
          "serviceBusEndpoint": "https://mynamespacexxx.servicebus.windows.net:443/",
          "status": "Activating"
        }
      }
    },
    {
      "RequestUri": "https://management.azure.com/subscriptions/azure_subscription_id/resourceGroups/myjstest/providers/Microsoft.EventHub/namespaces/mynamespacexxx?api-version=2022-10-01-preview",
      "RequestMethod": "GET",
      "RequestHeaders": {
        "Accept": "application/json",
        "Accept-Encoding": "gzip,deflate",
        "Authorization": "Sanitized",
        "Connection": "keep-alive",
        "Content-Type": "application/json",
        "User-Agent": "azsdk-js-arm-eventhub/5.2.0-beta.1 core-rest-pipeline/1.10.4 Node/v16.17.0 OS/(x64-Windows_NT-10.0.22621)",
        "x-ms-client-request-id": "d60306dc-2b3a-4594-ac5f-ae71a4415348"
      },
      "RequestBody": null,
      "StatusCode": 200,
      "ResponseHeaders": {
        "Cache-Control": "no-cache",
        "Content-Encoding": "gzip",
        "Content-Type": "application/json; charset=utf-8",
        "Date": "Wed, 12 Apr 2023 06:04:53 GMT",
        "Expires": "-1",
        "Pragma": "no-cache",
        "Server": [
          "Service-Bus-Resource-Provider/CH3",
          "Microsoft-HTTPAPI/2.0"
        ],
        "Server-SB": "Service-Bus-Resource-Provider/CH3",
        "Strict-Transport-Security": "max-age=31536000; includeSubDomains",
        "Transfer-Encoding": "chunked",
        "Vary": "Accept-Encoding",
        "X-Content-Type-Options": "nosniff",
        "x-ms-correlation-request-id": "10efd627-5423-4258-8ee9-dba164553fd7",
        "x-ms-ratelimit-remaining-subscription-reads": "11990",
        "x-ms-request-id": "91f570e7-ebf9-4b71-942f-531f3ea73384_M1CH3_M1CH3",
        "x-ms-routing-request-id": "SOUTHEASTASIA:20230412T060454Z:10efd627-5423-4258-8ee9-dba164553fd7"
      },
      "ResponseBody": {
        "sku": {
          "name": "Standard",
          "tier": "Standard",
          "capacity": 1
        },
        "id": "/subscriptions/azure_subscription_id/resourceGroups/myjstest/providers/Microsoft.EventHub/namespaces/mynamespacexxx",
        "name": "mynamespacexxx",
        "type": "Microsoft.EventHub/Namespaces",
        "location": "East US",
        "tags": {
          "tag1": "value1",
          "tag2": "value2"
        },
        "properties": {
          "minimumTlsVersion": "1.2",
          "publicNetworkAccess": "Enabled",
          "disableLocalAuth": false,
          "zoneRedundant": false,
          "isAutoInflateEnabled": false,
          "maximumThroughputUnits": 0,
          "kafkaEnabled": true,
          "provisioningState": "Created",
          "metricId": "azure_subscription_id:mynamespacexxx",
          "createdAt": "2023-04-12T06:04:47.597Z",
          "updatedAt": "2023-04-12T06:04:47.597Z",
          "serviceBusEndpoint": "https://mynamespacexxx.servicebus.windows.net:443/",
          "status": "Activating"
        }
      }
    },
    {
      "RequestUri": "https://management.azure.com/subscriptions/azure_subscription_id/resourceGroups/myjstest/providers/Microsoft.EventHub/namespaces/mynamespacexxx?api-version=2022-10-01-preview",
      "RequestMethod": "GET",
      "RequestHeaders": {
        "Accept": "application/json",
        "Accept-Encoding": "gzip,deflate",
        "Authorization": "Sanitized",
        "Connection": "keep-alive",
        "Content-Type": "application/json",
        "User-Agent": "azsdk-js-arm-eventhub/5.2.0-beta.1 core-rest-pipeline/1.10.4 Node/v16.17.0 OS/(x64-Windows_NT-10.0.22621)",
        "x-ms-client-request-id": "4df8c297-2337-4900-bbbf-40ba44d952fe"
      },
      "RequestBody": null,
      "StatusCode": 200,
      "ResponseHeaders": {
        "Cache-Control": "no-cache",
        "Content-Encoding": "gzip",
        "Content-Type": "application/json; charset=utf-8",
        "Date": "Wed, 12 Apr 2023 06:04:56 GMT",
        "Expires": "-1",
        "Pragma": "no-cache",
        "Server": [
          "Service-Bus-Resource-Provider/CH3",
          "Microsoft-HTTPAPI/2.0"
        ],
        "Server-SB": "Service-Bus-Resource-Provider/CH3",
        "Strict-Transport-Security": "max-age=31536000; includeSubDomains",
        "Transfer-Encoding": "chunked",
        "Vary": "Accept-Encoding",
        "X-Content-Type-Options": "nosniff",
        "x-ms-correlation-request-id": "46b65c94-d513-409d-ae06-5d0e8ca7c8c5",
        "x-ms-ratelimit-remaining-subscription-reads": "11989",
        "x-ms-request-id": "3bc0469e-40cf-4374-8b1e-4ea704bfe39e_M1CH3_M1CH3",
        "x-ms-routing-request-id": "SOUTHEASTASIA:20230412T060456Z:46b65c94-d513-409d-ae06-5d0e8ca7c8c5"
      },
      "ResponseBody": {
        "sku": {
          "name": "Standard",
          "tier": "Standard",
          "capacity": 1
        },
        "id": "/subscriptions/azure_subscription_id/resourceGroups/myjstest/providers/Microsoft.EventHub/namespaces/mynamespacexxx",
        "name": "mynamespacexxx",
        "type": "Microsoft.EventHub/Namespaces",
        "location": "East US",
        "tags": {
          "tag1": "value1",
          "tag2": "value2"
        },
        "properties": {
          "minimumTlsVersion": "1.2",
          "publicNetworkAccess": "Enabled",
          "disableLocalAuth": false,
          "zoneRedundant": false,
          "isAutoInflateEnabled": false,
          "maximumThroughputUnits": 0,
          "kafkaEnabled": true,
          "provisioningState": "Created",
          "metricId": "azure_subscription_id:mynamespacexxx",
          "createdAt": "2023-04-12T06:04:47.597Z",
          "updatedAt": "2023-04-12T06:04:47.597Z",
          "serviceBusEndpoint": "https://mynamespacexxx.servicebus.windows.net:443/",
          "status": "Activating"
        }
      }
    },
    {
      "RequestUri": "https://management.azure.com/subscriptions/azure_subscription_id/resourceGroups/myjstest/providers/Microsoft.EventHub/namespaces/mynamespacexxx?api-version=2022-10-01-preview",
      "RequestMethod": "GET",
      "RequestHeaders": {
        "Accept": "application/json",
        "Accept-Encoding": "gzip,deflate",
        "Authorization": "Sanitized",
        "Connection": "keep-alive",
        "Content-Type": "application/json",
        "User-Agent": "azsdk-js-arm-eventhub/5.2.0-beta.1 core-rest-pipeline/1.10.4 Node/v16.17.0 OS/(x64-Windows_NT-10.0.22621)",
        "x-ms-client-request-id": "b25729d7-fe99-41f2-a033-0327d9df912b"
      },
      "RequestBody": null,
      "StatusCode": 200,
      "ResponseHeaders": {
        "Cache-Control": "no-cache",
        "Content-Encoding": "gzip",
        "Content-Type": "application/json; charset=utf-8",
        "Date": "Wed, 12 Apr 2023 06:04:58 GMT",
        "Expires": "-1",
        "Pragma": "no-cache",
        "Server": [
          "Service-Bus-Resource-Provider/CH3",
          "Microsoft-HTTPAPI/2.0"
        ],
        "Server-SB": "Service-Bus-Resource-Provider/CH3",
        "Strict-Transport-Security": "max-age=31536000; includeSubDomains",
        "Transfer-Encoding": "chunked",
        "Vary": "Accept-Encoding",
        "X-Content-Type-Options": "nosniff",
        "x-ms-correlation-request-id": "e95f7730-1332-49b0-8ec8-03380f098057",
        "x-ms-ratelimit-remaining-subscription-reads": "11988",
        "x-ms-request-id": "6b5e3ae5-14de-43b6-b886-288da1c6dc27_M1CH3_M1CH3",
        "x-ms-routing-request-id": "SOUTHEASTASIA:20230412T060459Z:e95f7730-1332-49b0-8ec8-03380f098057"
      },
      "ResponseBody": {
        "sku": {
          "name": "Standard",
          "tier": "Standard",
          "capacity": 1
        },
        "id": "/subscriptions/azure_subscription_id/resourceGroups/myjstest/providers/Microsoft.EventHub/namespaces/mynamespacexxx",
        "name": "mynamespacexxx",
        "type": "Microsoft.EventHub/Namespaces",
        "location": "East US",
        "tags": {
          "tag1": "value1",
          "tag2": "value2"
        },
        "properties": {
          "minimumTlsVersion": "1.2",
          "publicNetworkAccess": "Enabled",
          "disableLocalAuth": false,
          "zoneRedundant": false,
          "isAutoInflateEnabled": false,
          "maximumThroughputUnits": 0,
          "kafkaEnabled": true,
          "provisioningState": "Created",
          "metricId": "azure_subscription_id:mynamespacexxx",
          "createdAt": "2023-04-12T06:04:47.597Z",
          "updatedAt": "2023-04-12T06:04:47.597Z",
          "serviceBusEndpoint": "https://mynamespacexxx.servicebus.windows.net:443/",
          "status": "Activating"
        }
      }
    },
    {
      "RequestUri": "https://management.azure.com/subscriptions/azure_subscription_id/resourceGroups/myjstest/providers/Microsoft.EventHub/namespaces/mynamespacexxx?api-version=2022-10-01-preview",
      "RequestMethod": "GET",
      "RequestHeaders": {
        "Accept": "application/json",
        "Accept-Encoding": "gzip,deflate",
        "Authorization": "Sanitized",
        "Connection": "keep-alive",
        "Content-Type": "application/json",
        "User-Agent": "azsdk-js-arm-eventhub/5.2.0-beta.1 core-rest-pipeline/1.10.4 Node/v16.17.0 OS/(x64-Windows_NT-10.0.22621)",
        "x-ms-client-request-id": "1545ba46-ed49-4b06-8029-854fbed17b4d"
      },
      "RequestBody": null,
      "StatusCode": 200,
      "ResponseHeaders": {
        "Cache-Control": "no-cache",
        "Content-Encoding": "gzip",
        "Content-Type": "application/json; charset=utf-8",
        "Date": "Wed, 12 Apr 2023 06:05:01 GMT",
        "Expires": "-1",
        "Pragma": "no-cache",
        "Server": [
          "Service-Bus-Resource-Provider/CH3",
          "Microsoft-HTTPAPI/2.0"
        ],
        "Server-SB": "Service-Bus-Resource-Provider/CH3",
        "Strict-Transport-Security": "max-age=31536000; includeSubDomains",
        "Transfer-Encoding": "chunked",
        "Vary": "Accept-Encoding",
        "X-Content-Type-Options": "nosniff",
        "x-ms-correlation-request-id": "dba0ce3a-b125-4e00-89c3-efb279869aee",
        "x-ms-ratelimit-remaining-subscription-reads": "11987",
        "x-ms-request-id": "9dd471e1-fa9e-41e5-9a59-3ed217930eaf_M1CH3_M1CH3",
        "x-ms-routing-request-id": "SOUTHEASTASIA:20230412T060502Z:dba0ce3a-b125-4e00-89c3-efb279869aee"
      },
      "ResponseBody": {
        "sku": {
          "name": "Standard",
          "tier": "Standard",
          "capacity": 1
        },
        "id": "/subscriptions/azure_subscription_id/resourceGroups/myjstest/providers/Microsoft.EventHub/namespaces/mynamespacexxx",
        "name": "mynamespacexxx",
        "type": "Microsoft.EventHub/Namespaces",
        "location": "East US",
        "tags": {
          "tag1": "value1",
          "tag2": "value2"
        },
        "properties": {
          "minimumTlsVersion": "1.2",
          "publicNetworkAccess": "Enabled",
          "disableLocalAuth": false,
          "zoneRedundant": false,
          "isAutoInflateEnabled": false,
          "maximumThroughputUnits": 0,
          "kafkaEnabled": true,
          "provisioningState": "Created",
          "metricId": "azure_subscription_id:mynamespacexxx",
          "createdAt": "2023-04-12T06:04:47.597Z",
          "updatedAt": "2023-04-12T06:04:47.597Z",
          "serviceBusEndpoint": "https://mynamespacexxx.servicebus.windows.net:443/",
          "status": "Activating"
        }
      }
    },
    {
      "RequestUri": "https://management.azure.com/subscriptions/azure_subscription_id/resourceGroups/myjstest/providers/Microsoft.EventHub/namespaces/mynamespacexxx?api-version=2022-10-01-preview",
      "RequestMethod": "GET",
      "RequestHeaders": {
        "Accept": "application/json",
        "Accept-Encoding": "gzip,deflate",
        "Authorization": "Sanitized",
        "Connection": "keep-alive",
        "Content-Type": "application/json",
        "User-Agent": "azsdk-js-arm-eventhub/5.2.0-beta.1 core-rest-pipeline/1.10.4 Node/v16.17.0 OS/(x64-Windows_NT-10.0.22621)",
        "x-ms-client-request-id": "90f8ebca-7bea-4e90-9b6c-ae446f6ce6b1"
      },
      "RequestBody": null,
      "StatusCode": 200,
      "ResponseHeaders": {
        "Cache-Control": "no-cache",
        "Content-Encoding": "gzip",
        "Content-Type": "application/json; charset=utf-8",
        "Date": "Wed, 12 Apr 2023 06:05:04 GMT",
        "Expires": "-1",
        "Pragma": "no-cache",
        "Server": [
          "Service-Bus-Resource-Provider/CH3",
          "Microsoft-HTTPAPI/2.0"
        ],
        "Server-SB": "Service-Bus-Resource-Provider/CH3",
        "Strict-Transport-Security": "max-age=31536000; includeSubDomains",
        "Transfer-Encoding": "chunked",
        "Vary": "Accept-Encoding",
        "X-Content-Type-Options": "nosniff",
        "x-ms-correlation-request-id": "c69ea005-a867-4ac9-bbe1-ab08935e367d",
        "x-ms-ratelimit-remaining-subscription-reads": "11986",
        "x-ms-request-id": "f0150b97-fffe-427b-8713-77753676d0b9_M1CH3_M1CH3",
        "x-ms-routing-request-id": "SOUTHEASTASIA:20230412T060504Z:c69ea005-a867-4ac9-bbe1-ab08935e367d"
      },
      "ResponseBody": {
        "sku": {
          "name": "Standard",
          "tier": "Standard",
          "capacity": 1
        },
        "id": "/subscriptions/azure_subscription_id/resourceGroups/myjstest/providers/Microsoft.EventHub/namespaces/mynamespacexxx",
        "name": "mynamespacexxx",
        "type": "Microsoft.EventHub/Namespaces",
        "location": "East US",
        "tags": {
          "tag1": "value1",
          "tag2": "value2"
        },
        "properties": {
          "minimumTlsVersion": "1.2",
          "publicNetworkAccess": "Enabled",
          "disableLocalAuth": false,
          "zoneRedundant": false,
          "isAutoInflateEnabled": false,
          "maximumThroughputUnits": 0,
          "kafkaEnabled": true,
          "provisioningState": "Created",
          "metricId": "azure_subscription_id:mynamespacexxx",
          "createdAt": "2023-04-12T06:04:47.597Z",
          "updatedAt": "2023-04-12T06:04:47.597Z",
          "serviceBusEndpoint": "https://mynamespacexxx.servicebus.windows.net:443/",
          "status": "Activating"
        }
      }
    },
    {
      "RequestUri": "https://management.azure.com/subscriptions/azure_subscription_id/resourceGroups/myjstest/providers/Microsoft.EventHub/namespaces/mynamespacexxx?api-version=2022-10-01-preview",
      "RequestMethod": "GET",
      "RequestHeaders": {
        "Accept": "application/json",
        "Accept-Encoding": "gzip,deflate",
        "Authorization": "Sanitized",
        "Connection": "keep-alive",
        "Content-Type": "application/json",
        "User-Agent": "azsdk-js-arm-eventhub/5.2.0-beta.1 core-rest-pipeline/1.10.4 Node/v16.17.0 OS/(x64-Windows_NT-10.0.22621)",
        "x-ms-client-request-id": "d1d2543a-053c-4d18-b119-4374ed0d63e3"
      },
      "RequestBody": null,
      "StatusCode": 200,
      "ResponseHeaders": {
        "Cache-Control": "no-cache",
        "Content-Encoding": "gzip",
        "Content-Type": "application/json; charset=utf-8",
        "Date": "Wed, 12 Apr 2023 06:05:07 GMT",
        "Expires": "-1",
        "Pragma": "no-cache",
        "Server": [
          "Service-Bus-Resource-Provider/CH3",
          "Microsoft-HTTPAPI/2.0"
        ],
        "Server-SB": "Service-Bus-Resource-Provider/CH3",
        "Strict-Transport-Security": "max-age=31536000; includeSubDomains",
        "Transfer-Encoding": "chunked",
        "Vary": "Accept-Encoding",
        "X-Content-Type-Options": "nosniff",
        "x-ms-correlation-request-id": "67e25a43-8794-4147-a8f6-8761ca935f8f",
        "x-ms-ratelimit-remaining-subscription-reads": "11985",
        "x-ms-request-id": "60268d96-4e1d-41d3-9754-6fda84d61316_M1CH3_M1CH3",
        "x-ms-routing-request-id": "SOUTHEASTASIA:20230412T060507Z:67e25a43-8794-4147-a8f6-8761ca935f8f"
      },
      "ResponseBody": {
        "sku": {
          "name": "Standard",
          "tier": "Standard",
          "capacity": 1
        },
        "id": "/subscriptions/azure_subscription_id/resourceGroups/myjstest/providers/Microsoft.EventHub/namespaces/mynamespacexxx",
        "name": "mynamespacexxx",
        "type": "Microsoft.EventHub/Namespaces",
        "location": "East US",
        "tags": {
          "tag1": "value1",
          "tag2": "value2"
        },
        "properties": {
          "minimumTlsVersion": "1.2",
          "publicNetworkAccess": "Enabled",
          "disableLocalAuth": false,
          "zoneRedundant": false,
          "isAutoInflateEnabled": false,
          "maximumThroughputUnits": 0,
          "kafkaEnabled": true,
          "provisioningState": "Created",
          "metricId": "azure_subscription_id:mynamespacexxx",
          "createdAt": "2023-04-12T06:04:47.597Z",
          "updatedAt": "2023-04-12T06:04:47.597Z",
          "serviceBusEndpoint": "https://mynamespacexxx.servicebus.windows.net:443/",
          "status": "Activating"
        }
      }
    },
    {
      "RequestUri": "https://management.azure.com/subscriptions/azure_subscription_id/resourceGroups/myjstest/providers/Microsoft.EventHub/namespaces/mynamespacexxx?api-version=2022-10-01-preview",
      "RequestMethod": "GET",
      "RequestHeaders": {
        "Accept": "application/json",
        "Accept-Encoding": "gzip,deflate",
        "Authorization": "Sanitized",
        "Connection": "keep-alive",
        "Content-Type": "application/json",
        "User-Agent": "azsdk-js-arm-eventhub/5.2.0-beta.1 core-rest-pipeline/1.10.4 Node/v16.17.0 OS/(x64-Windows_NT-10.0.22621)",
        "x-ms-client-request-id": "2dd0b762-2094-4f99-b360-520afc88f576"
      },
      "RequestBody": null,
      "StatusCode": 200,
      "ResponseHeaders": {
        "Cache-Control": "no-cache",
        "Content-Encoding": "gzip",
        "Content-Type": "application/json; charset=utf-8",
        "Date": "Wed, 12 Apr 2023 06:05:10 GMT",
        "Expires": "-1",
        "Pragma": "no-cache",
        "Server": [
          "Service-Bus-Resource-Provider/CH3",
          "Microsoft-HTTPAPI/2.0"
        ],
        "Server-SB": "Service-Bus-Resource-Provider/CH3",
        "Strict-Transport-Security": "max-age=31536000; includeSubDomains",
        "Transfer-Encoding": "chunked",
        "Vary": "Accept-Encoding",
        "X-Content-Type-Options": "nosniff",
        "x-ms-correlation-request-id": "93980d96-da8b-42a1-8dd4-877162bd8c79",
        "x-ms-ratelimit-remaining-subscription-reads": "11984",
        "x-ms-request-id": "f0a0126f-7cc8-4768-8a4d-ca72d7120af1_M1CH3_M1CH3",
        "x-ms-routing-request-id": "SOUTHEASTASIA:20230412T060510Z:93980d96-da8b-42a1-8dd4-877162bd8c79"
      },
      "ResponseBody": {
        "sku": {
          "name": "Standard",
          "tier": "Standard",
          "capacity": 1
        },
        "id": "/subscriptions/azure_subscription_id/resourceGroups/myjstest/providers/Microsoft.EventHub/namespaces/mynamespacexxx",
        "name": "mynamespacexxx",
        "type": "Microsoft.EventHub/Namespaces",
        "location": "East US",
        "tags": {
          "tag1": "value1",
          "tag2": "value2"
        },
        "properties": {
          "minimumTlsVersion": "1.2",
          "publicNetworkAccess": "Enabled",
          "disableLocalAuth": false,
          "zoneRedundant": false,
          "isAutoInflateEnabled": false,
          "maximumThroughputUnits": 0,
          "kafkaEnabled": true,
          "provisioningState": "Created",
          "metricId": "azure_subscription_id:mynamespacexxx",
          "createdAt": "2023-04-12T06:04:47.597Z",
          "updatedAt": "2023-04-12T06:04:47.597Z",
          "serviceBusEndpoint": "https://mynamespacexxx.servicebus.windows.net:443/",
          "status": "Activating"
        }
      }
    },
    {
      "RequestUri": "https://management.azure.com/subscriptions/azure_subscription_id/resourceGroups/myjstest/providers/Microsoft.EventHub/namespaces/mynamespacexxx?api-version=2022-10-01-preview",
      "RequestMethod": "GET",
      "RequestHeaders": {
        "Accept": "application/json",
        "Accept-Encoding": "gzip,deflate",
        "Authorization": "Sanitized",
        "Connection": "keep-alive",
        "Content-Type": "application/json",
        "User-Agent": "azsdk-js-arm-eventhub/5.2.0-beta.1 core-rest-pipeline/1.10.4 Node/v16.17.0 OS/(x64-Windows_NT-10.0.22621)",
        "x-ms-client-request-id": "754e8ecd-18f8-4a7a-bf8e-4c493a8eea26"
      },
      "RequestBody": null,
      "StatusCode": 200,
      "ResponseHeaders": {
        "Cache-Control": "no-cache",
        "Content-Encoding": "gzip",
        "Content-Type": "application/json; charset=utf-8",
        "Date": "Wed, 12 Apr 2023 06:05:13 GMT",
        "Expires": "-1",
        "Pragma": "no-cache",
        "Server": [
          "Service-Bus-Resource-Provider/CH3",
          "Microsoft-HTTPAPI/2.0"
        ],
        "Server-SB": "Service-Bus-Resource-Provider/CH3",
        "Strict-Transport-Security": "max-age=31536000; includeSubDomains",
        "Transfer-Encoding": "chunked",
        "Vary": "Accept-Encoding",
        "X-Content-Type-Options": "nosniff",
        "x-ms-correlation-request-id": "0bda1c26-1c11-4cdd-8176-70fac4ec2311",
        "x-ms-ratelimit-remaining-subscription-reads": "11983",
        "x-ms-request-id": "ecfe783f-5b50-4340-bda7-f31d3b8bef00_M1CH3_M1CH3",
        "x-ms-routing-request-id": "SOUTHEASTASIA:20230412T060513Z:0bda1c26-1c11-4cdd-8176-70fac4ec2311"
      },
      "ResponseBody": {
        "sku": {
          "name": "Standard",
          "tier": "Standard",
          "capacity": 1
        },
        "id": "/subscriptions/azure_subscription_id/resourceGroups/myjstest/providers/Microsoft.EventHub/namespaces/mynamespacexxx",
        "name": "mynamespacexxx",
        "type": "Microsoft.EventHub/Namespaces",
        "location": "East US",
        "tags": {
          "tag1": "value1",
          "tag2": "value2"
        },
        "properties": {
          "minimumTlsVersion": "1.2",
          "publicNetworkAccess": "Enabled",
          "disableLocalAuth": false,
          "zoneRedundant": false,
          "isAutoInflateEnabled": false,
          "maximumThroughputUnits": 0,
          "kafkaEnabled": true,
          "provisioningState": "Created",
          "metricId": "azure_subscription_id:mynamespacexxx",
          "createdAt": "2023-04-12T06:04:47.597Z",
          "updatedAt": "2023-04-12T06:04:47.597Z",
          "serviceBusEndpoint": "https://mynamespacexxx.servicebus.windows.net:443/",
          "status": "Activating"
        }
      }
    },
    {
      "RequestUri": "https://management.azure.com/subscriptions/azure_subscription_id/resourceGroups/myjstest/providers/Microsoft.EventHub/namespaces/mynamespacexxx?api-version=2022-10-01-preview",
      "RequestMethod": "GET",
      "RequestHeaders": {
        "Accept": "application/json",
        "Accept-Encoding": "gzip,deflate",
        "Authorization": "Sanitized",
        "Connection": "keep-alive",
        "Content-Type": "application/json",
        "User-Agent": "azsdk-js-arm-eventhub/5.2.0-beta.1 core-rest-pipeline/1.10.4 Node/v16.17.0 OS/(x64-Windows_NT-10.0.22621)",
        "x-ms-client-request-id": "8caee120-5ef0-4a58-b480-f9e20e17409e"
      },
      "RequestBody": null,
      "StatusCode": 200,
      "ResponseHeaders": {
        "Cache-Control": "no-cache",
        "Content-Encoding": "gzip",
        "Content-Type": "application/json; charset=utf-8",
        "Date": "Wed, 12 Apr 2023 06:05:15 GMT",
        "Expires": "-1",
        "Pragma": "no-cache",
        "Server": [
          "Service-Bus-Resource-Provider/CH3",
          "Microsoft-HTTPAPI/2.0"
        ],
        "Server-SB": "Service-Bus-Resource-Provider/CH3",
        "Strict-Transport-Security": "max-age=31536000; includeSubDomains",
        "Transfer-Encoding": "chunked",
        "Vary": "Accept-Encoding",
        "X-Content-Type-Options": "nosniff",
        "x-ms-correlation-request-id": "e5004572-a140-4d49-b88e-a0b8ba5d62be",
        "x-ms-ratelimit-remaining-subscription-reads": "11982",
        "x-ms-request-id": "2b38be42-f4de-4c89-9516-3cb3c1e3c91d_M1CH3_M1CH3",
        "x-ms-routing-request-id": "SOUTHEASTASIA:20230412T060515Z:e5004572-a140-4d49-b88e-a0b8ba5d62be"
      },
      "ResponseBody": {
        "sku": {
          "name": "Standard",
          "tier": "Standard",
          "capacity": 1
        },
        "id": "/subscriptions/azure_subscription_id/resourceGroups/myjstest/providers/Microsoft.EventHub/namespaces/mynamespacexxx",
        "name": "mynamespacexxx",
        "type": "Microsoft.EventHub/Namespaces",
        "location": "East US",
        "tags": {
          "tag1": "value1",
          "tag2": "value2"
        },
        "properties": {
          "minimumTlsVersion": "1.2",
          "publicNetworkAccess": "Enabled",
          "disableLocalAuth": false,
          "zoneRedundant": false,
          "isAutoInflateEnabled": false,
          "maximumThroughputUnits": 0,
          "kafkaEnabled": true,
          "provisioningState": "Created",
          "metricId": "azure_subscription_id:mynamespacexxx",
          "createdAt": "2023-04-12T06:04:47.597Z",
          "updatedAt": "2023-04-12T06:04:47.597Z",
          "serviceBusEndpoint": "https://mynamespacexxx.servicebus.windows.net:443/",
          "status": "Activating"
        }
      }
    },
    {
      "RequestUri": "https://management.azure.com/subscriptions/azure_subscription_id/resourceGroups/myjstest/providers/Microsoft.EventHub/namespaces/mynamespacexxx?api-version=2022-10-01-preview",
      "RequestMethod": "GET",
      "RequestHeaders": {
        "Accept": "application/json",
        "Accept-Encoding": "gzip,deflate",
        "Authorization": "Sanitized",
        "Connection": "keep-alive",
        "Content-Type": "application/json",
        "User-Agent": "azsdk-js-arm-eventhub/5.2.0-beta.1 core-rest-pipeline/1.10.4 Node/v16.17.0 OS/(x64-Windows_NT-10.0.22621)",
        "x-ms-client-request-id": "b51b8820-ae26-4a61-be0a-93d8d477f5a3"
      },
      "RequestBody": null,
      "StatusCode": 200,
      "ResponseHeaders": {
        "Cache-Control": "no-cache",
        "Content-Encoding": "gzip",
        "Content-Type": "application/json; charset=utf-8",
        "Date": "Wed, 12 Apr 2023 06:05:18 GMT",
        "Expires": "-1",
        "Pragma": "no-cache",
        "Server": [
          "Service-Bus-Resource-Provider/CH3",
          "Microsoft-HTTPAPI/2.0"
        ],
        "Server-SB": "Service-Bus-Resource-Provider/CH3",
        "Strict-Transport-Security": "max-age=31536000; includeSubDomains",
        "Transfer-Encoding": "chunked",
        "Vary": "Accept-Encoding",
        "X-Content-Type-Options": "nosniff",
        "x-ms-correlation-request-id": "2f9289c7-6a6c-4156-9626-59ecd78aeea4",
        "x-ms-ratelimit-remaining-subscription-reads": "11981",
        "x-ms-request-id": "2453ef6d-0dce-421a-a223-3f01bc545e56_M1CH3_M1CH3",
        "x-ms-routing-request-id": "SOUTHEASTASIA:20230412T060518Z:2f9289c7-6a6c-4156-9626-59ecd78aeea4"
      },
      "ResponseBody": {
        "sku": {
          "name": "Standard",
          "tier": "Standard",
          "capacity": 1
        },
        "id": "/subscriptions/azure_subscription_id/resourceGroups/myjstest/providers/Microsoft.EventHub/namespaces/mynamespacexxx",
        "name": "mynamespacexxx",
        "type": "Microsoft.EventHub/Namespaces",
        "location": "East US",
        "tags": {
          "tag1": "value1",
          "tag2": "value2"
        },
        "properties": {
          "minimumTlsVersion": "1.2",
          "publicNetworkAccess": "Enabled",
          "disableLocalAuth": false,
          "zoneRedundant": false,
          "isAutoInflateEnabled": false,
          "maximumThroughputUnits": 0,
          "kafkaEnabled": true,
          "provisioningState": "Created",
          "metricId": "azure_subscription_id:mynamespacexxx",
          "createdAt": "2023-04-12T06:04:47.597Z",
          "updatedAt": "2023-04-12T06:04:47.597Z",
          "serviceBusEndpoint": "https://mynamespacexxx.servicebus.windows.net:443/",
          "status": "Activating"
        }
      }
    },
    {
      "RequestUri": "https://management.azure.com/subscriptions/azure_subscription_id/resourceGroups/myjstest/providers/Microsoft.EventHub/namespaces/mynamespacexxx?api-version=2022-10-01-preview",
      "RequestMethod": "GET",
      "RequestHeaders": {
        "Accept": "application/json",
        "Accept-Encoding": "gzip,deflate",
        "Authorization": "Sanitized",
        "Connection": "keep-alive",
        "Content-Type": "application/json",
        "User-Agent": "azsdk-js-arm-eventhub/5.2.0-beta.1 core-rest-pipeline/1.10.4 Node/v16.17.0 OS/(x64-Windows_NT-10.0.22621)",
        "x-ms-client-request-id": "956840a6-d759-47f3-b061-4a0c5325eca0"
      },
      "RequestBody": null,
      "StatusCode": 200,
      "ResponseHeaders": {
        "Cache-Control": "no-cache",
        "Content-Encoding": "gzip",
        "Content-Type": "application/json; charset=utf-8",
        "Date": "Wed, 12 Apr 2023 06:05:20 GMT",
        "Expires": "-1",
        "Pragma": "no-cache",
        "Server": [
          "Service-Bus-Resource-Provider/CH3",
          "Microsoft-HTTPAPI/2.0"
        ],
        "Server-SB": "Service-Bus-Resource-Provider/CH3",
        "Strict-Transport-Security": "max-age=31536000; includeSubDomains",
        "Transfer-Encoding": "chunked",
        "Vary": "Accept-Encoding",
        "X-Content-Type-Options": "nosniff",
        "x-ms-correlation-request-id": "2f625e0e-1193-40b9-81db-ae1c25ec9ed1",
        "x-ms-ratelimit-remaining-subscription-reads": "11980",
        "x-ms-request-id": "9a0ef8c5-417d-4546-aba1-354df88b5aee_M1CH3_M1CH3",
        "x-ms-routing-request-id": "SOUTHEASTASIA:20230412T060521Z:2f625e0e-1193-40b9-81db-ae1c25ec9ed1"
      },
      "ResponseBody": {
        "sku": {
          "name": "Standard",
          "tier": "Standard",
          "capacity": 1
        },
        "id": "/subscriptions/azure_subscription_id/resourceGroups/myjstest/providers/Microsoft.EventHub/namespaces/mynamespacexxx",
        "name": "mynamespacexxx",
        "type": "Microsoft.EventHub/Namespaces",
        "location": "East US",
        "tags": {
          "tag1": "value1",
          "tag2": "value2"
        },
        "properties": {
          "minimumTlsVersion": "1.2",
          "publicNetworkAccess": "Enabled",
          "disableLocalAuth": false,
          "zoneRedundant": false,
          "isAutoInflateEnabled": false,
          "maximumThroughputUnits": 0,
          "kafkaEnabled": true,
          "provisioningState": "Created",
          "metricId": "azure_subscription_id:mynamespacexxx",
          "createdAt": "2023-04-12T06:04:47.597Z",
          "updatedAt": "2023-04-12T06:04:47.597Z",
          "serviceBusEndpoint": "https://mynamespacexxx.servicebus.windows.net:443/",
          "status": "Activating"
        }
      }
    },
    {
      "RequestUri": "https://management.azure.com/subscriptions/azure_subscription_id/resourceGroups/myjstest/providers/Microsoft.EventHub/namespaces/mynamespacexxx?api-version=2022-10-01-preview",
      "RequestMethod": "GET",
      "RequestHeaders": {
        "Accept": "application/json",
        "Accept-Encoding": "gzip,deflate",
        "Authorization": "Sanitized",
        "Connection": "keep-alive",
        "Content-Type": "application/json",
        "User-Agent": "azsdk-js-arm-eventhub/5.2.0-beta.1 core-rest-pipeline/1.10.4 Node/v16.17.0 OS/(x64-Windows_NT-10.0.22621)",
        "x-ms-client-request-id": "692e2fd1-526a-4392-8a2d-2e98413d5740"
      },
      "RequestBody": null,
      "StatusCode": 200,
      "ResponseHeaders": {
        "Cache-Control": "no-cache",
        "Content-Encoding": "gzip",
        "Content-Type": "application/json; charset=utf-8",
        "Date": "Wed, 12 Apr 2023 06:05:23 GMT",
        "Expires": "-1",
        "Pragma": "no-cache",
        "Server": [
          "Service-Bus-Resource-Provider/CH3",
          "Microsoft-HTTPAPI/2.0"
        ],
        "Server-SB": "Service-Bus-Resource-Provider/CH3",
        "Strict-Transport-Security": "max-age=31536000; includeSubDomains",
        "Transfer-Encoding": "chunked",
        "Vary": "Accept-Encoding",
        "X-Content-Type-Options": "nosniff",
        "x-ms-correlation-request-id": "d635740d-361d-4abc-8e20-d74e1244e337",
        "x-ms-ratelimit-remaining-subscription-reads": "11979",
        "x-ms-request-id": "f6d33587-5b0c-45d9-8408-4ae96f6a3c05_M1CH3_M1CH3",
        "x-ms-routing-request-id": "SOUTHEASTASIA:20230412T060524Z:d635740d-361d-4abc-8e20-d74e1244e337"
      },
      "ResponseBody": {
        "sku": {
          "name": "Standard",
          "tier": "Standard",
          "capacity": 1
        },
        "id": "/subscriptions/azure_subscription_id/resourceGroups/myjstest/providers/Microsoft.EventHub/namespaces/mynamespacexxx",
        "name": "mynamespacexxx",
        "type": "Microsoft.EventHub/Namespaces",
        "location": "East US",
        "tags": {
          "tag1": "value1",
          "tag2": "value2"
        },
        "properties": {
          "minimumTlsVersion": "1.2",
          "publicNetworkAccess": "Enabled",
          "disableLocalAuth": false,
          "zoneRedundant": false,
          "isAutoInflateEnabled": false,
          "maximumThroughputUnits": 0,
          "kafkaEnabled": true,
          "provisioningState": "Created",
          "metricId": "azure_subscription_id:mynamespacexxx",
          "createdAt": "2023-04-12T06:04:47.597Z",
          "updatedAt": "2023-04-12T06:04:47.597Z",
          "serviceBusEndpoint": "https://mynamespacexxx.servicebus.windows.net:443/",
          "status": "Activating"
        }
      }
    },
    {
      "RequestUri": "https://management.azure.com/subscriptions/azure_subscription_id/resourceGroups/myjstest/providers/Microsoft.EventHub/namespaces/mynamespacexxx?api-version=2022-10-01-preview",
      "RequestMethod": "GET",
      "RequestHeaders": {
        "Accept": "application/json",
        "Accept-Encoding": "gzip,deflate",
        "Authorization": "Sanitized",
        "Connection": "keep-alive",
        "Content-Type": "application/json",
        "User-Agent": "azsdk-js-arm-eventhub/5.2.0-beta.1 core-rest-pipeline/1.10.4 Node/v16.17.0 OS/(x64-Windows_NT-10.0.22621)",
        "x-ms-client-request-id": "aea33339-0f6c-4165-8361-8596d6f20799"
      },
      "RequestBody": null,
      "StatusCode": 200,
      "ResponseHeaders": {
        "Cache-Control": "no-cache",
        "Content-Encoding": "gzip",
        "Content-Type": "application/json; charset=utf-8",
        "Date": "Wed, 12 Apr 2023 06:05:26 GMT",
        "Expires": "-1",
        "Pragma": "no-cache",
        "Server": [
          "Service-Bus-Resource-Provider/CH3",
          "Microsoft-HTTPAPI/2.0"
        ],
        "Server-SB": "Service-Bus-Resource-Provider/CH3",
        "Strict-Transport-Security": "max-age=31536000; includeSubDomains",
        "Transfer-Encoding": "chunked",
        "Vary": "Accept-Encoding",
        "X-Content-Type-Options": "nosniff",
        "x-ms-correlation-request-id": "89accd9d-06db-48ff-ab89-bb423d1c2aef",
        "x-ms-ratelimit-remaining-subscription-reads": "11978",
        "x-ms-request-id": "f0d4f540-f272-487b-80b7-accc8ce6a24f_M1CH3_M1CH3",
        "x-ms-routing-request-id": "SOUTHEASTASIA:20230412T060526Z:89accd9d-06db-48ff-ab89-bb423d1c2aef"
      },
      "ResponseBody": {
        "sku": {
          "name": "Standard",
          "tier": "Standard",
          "capacity": 1
        },
        "id": "/subscriptions/azure_subscription_id/resourceGroups/myjstest/providers/Microsoft.EventHub/namespaces/mynamespacexxx",
        "name": "mynamespacexxx",
        "type": "Microsoft.EventHub/Namespaces",
        "location": "East US",
        "tags": {
          "tag1": "value1",
          "tag2": "value2"
        },
        "properties": {
          "minimumTlsVersion": "1.2",
          "publicNetworkAccess": "Enabled",
          "disableLocalAuth": false,
          "zoneRedundant": false,
          "isAutoInflateEnabled": false,
          "maximumThroughputUnits": 0,
          "kafkaEnabled": true,
          "provisioningState": "Created",
          "metricId": "azure_subscription_id:mynamespacexxx",
          "createdAt": "2023-04-12T06:04:47.597Z",
          "updatedAt": "2023-04-12T06:04:47.597Z",
          "serviceBusEndpoint": "https://mynamespacexxx.servicebus.windows.net:443/",
          "status": "Activating"
        }
      }
    },
    {
      "RequestUri": "https://management.azure.com/subscriptions/azure_subscription_id/resourceGroups/myjstest/providers/Microsoft.EventHub/namespaces/mynamespacexxx?api-version=2022-10-01-preview",
      "RequestMethod": "GET",
      "RequestHeaders": {
        "Accept": "application/json",
        "Accept-Encoding": "gzip,deflate",
        "Authorization": "Sanitized",
        "Connection": "keep-alive",
        "Content-Type": "application/json",
        "User-Agent": "azsdk-js-arm-eventhub/5.2.0-beta.1 core-rest-pipeline/1.10.4 Node/v16.17.0 OS/(x64-Windows_NT-10.0.22621)",
        "x-ms-client-request-id": "fff055b8-104f-4ac5-8260-9469402331cc"
      },
      "RequestBody": null,
      "StatusCode": 200,
      "ResponseHeaders": {
        "Cache-Control": "no-cache",
        "Content-Encoding": "gzip",
        "Content-Type": "application/json; charset=utf-8",
        "Date": "Wed, 12 Apr 2023 06:05:28 GMT",
        "Expires": "-1",
        "Pragma": "no-cache",
        "Server": [
          "Service-Bus-Resource-Provider/CH3",
          "Microsoft-HTTPAPI/2.0"
        ],
        "Server-SB": "Service-Bus-Resource-Provider/CH3",
        "Strict-Transport-Security": "max-age=31536000; includeSubDomains",
        "Transfer-Encoding": "chunked",
        "Vary": "Accept-Encoding",
        "X-Content-Type-Options": "nosniff",
        "x-ms-correlation-request-id": "9754fc96-f2bf-4b61-bb97-70bfc297df85",
        "x-ms-ratelimit-remaining-subscription-reads": "11977",
        "x-ms-request-id": "24c05cfd-0e37-432a-9fdd-cba013c3e9bc_M1CH3_M1CH3",
        "x-ms-routing-request-id": "SOUTHEASTASIA:20230412T060529Z:9754fc96-f2bf-4b61-bb97-70bfc297df85"
      },
      "ResponseBody": {
        "sku": {
          "name": "Standard",
          "tier": "Standard",
          "capacity": 1
        },
        "id": "/subscriptions/azure_subscription_id/resourceGroups/myjstest/providers/Microsoft.EventHub/namespaces/mynamespacexxx",
        "name": "mynamespacexxx",
        "type": "Microsoft.EventHub/Namespaces",
        "location": "East US",
        "tags": {
          "tag1": "value1",
          "tag2": "value2"
        },
        "properties": {
          "minimumTlsVersion": "1.2",
          "publicNetworkAccess": "Enabled",
          "disableLocalAuth": false,
          "zoneRedundant": false,
          "isAutoInflateEnabled": false,
          "maximumThroughputUnits": 0,
          "kafkaEnabled": true,
          "provisioningState": "Created",
          "metricId": "azure_subscription_id:mynamespacexxx",
          "createdAt": "2023-04-12T06:04:47.597Z",
          "updatedAt": "2023-04-12T06:04:47.597Z",
          "serviceBusEndpoint": "https://mynamespacexxx.servicebus.windows.net:443/",
          "status": "Activating"
        }
      }
    },
    {
      "RequestUri": "https://management.azure.com/subscriptions/azure_subscription_id/resourceGroups/myjstest/providers/Microsoft.EventHub/namespaces/mynamespacexxx?api-version=2022-10-01-preview",
      "RequestMethod": "GET",
      "RequestHeaders": {
        "Accept": "application/json",
        "Accept-Encoding": "gzip,deflate",
        "Authorization": "Sanitized",
        "Connection": "keep-alive",
        "Content-Type": "application/json",
        "User-Agent": "azsdk-js-arm-eventhub/5.2.0-beta.1 core-rest-pipeline/1.10.4 Node/v16.17.0 OS/(x64-Windows_NT-10.0.22621)",
        "x-ms-client-request-id": "ddcd2c2e-5fed-49dc-88dc-49495ff86c3c"
      },
      "RequestBody": null,
      "StatusCode": 200,
      "ResponseHeaders": {
        "Cache-Control": "no-cache",
        "Content-Encoding": "gzip",
        "Content-Type": "application/json; charset=utf-8",
        "Date": "Wed, 12 Apr 2023 06:05:31 GMT",
        "Expires": "-1",
        "Pragma": "no-cache",
        "Server": [
          "Service-Bus-Resource-Provider/CH3",
          "Microsoft-HTTPAPI/2.0"
        ],
        "Server-SB": "Service-Bus-Resource-Provider/CH3",
        "Strict-Transport-Security": "max-age=31536000; includeSubDomains",
        "Transfer-Encoding": "chunked",
        "Vary": "Accept-Encoding",
        "X-Content-Type-Options": "nosniff",
        "x-ms-correlation-request-id": "dd7157da-97cb-4921-a79a-217df2df5c0c",
        "x-ms-ratelimit-remaining-subscription-reads": "11976",
        "x-ms-request-id": "3effb704-29c3-4db6-aea7-1f3628e317fc_M1CH3_M1CH3",
        "x-ms-routing-request-id": "SOUTHEASTASIA:20230412T060531Z:dd7157da-97cb-4921-a79a-217df2df5c0c"
      },
      "ResponseBody": {
        "sku": {
          "name": "Standard",
          "tier": "Standard",
          "capacity": 1
        },
        "id": "/subscriptions/azure_subscription_id/resourceGroups/myjstest/providers/Microsoft.EventHub/namespaces/mynamespacexxx",
        "name": "mynamespacexxx",
        "type": "Microsoft.EventHub/Namespaces",
        "location": "East US",
        "tags": {
          "tag1": "value1",
          "tag2": "value2"
        },
        "properties": {
          "minimumTlsVersion": "1.2",
          "publicNetworkAccess": "Enabled",
          "disableLocalAuth": false,
          "zoneRedundant": false,
          "isAutoInflateEnabled": false,
          "maximumThroughputUnits": 0,
          "kafkaEnabled": true,
          "provisioningState": "Created",
          "metricId": "azure_subscription_id:mynamespacexxx",
          "createdAt": "2023-04-12T06:04:47.597Z",
          "updatedAt": "2023-04-12T06:04:47.597Z",
          "serviceBusEndpoint": "https://mynamespacexxx.servicebus.windows.net:443/",
          "status": "Activating"
        }
      }
    },
    {
      "RequestUri": "https://management.azure.com/subscriptions/azure_subscription_id/resourceGroups/myjstest/providers/Microsoft.EventHub/namespaces/mynamespacexxx?api-version=2022-10-01-preview",
      "RequestMethod": "GET",
      "RequestHeaders": {
        "Accept": "application/json",
        "Accept-Encoding": "gzip,deflate",
        "Authorization": "Sanitized",
        "Connection": "keep-alive",
        "Content-Type": "application/json",
        "User-Agent": "azsdk-js-arm-eventhub/5.2.0-beta.1 core-rest-pipeline/1.10.4 Node/v16.17.0 OS/(x64-Windows_NT-10.0.22621)",
        "x-ms-client-request-id": "500cee83-92fc-427a-b4eb-7855a1ba7883"
      },
      "RequestBody": null,
      "StatusCode": 200,
      "ResponseHeaders": {
        "Cache-Control": "no-cache",
        "Content-Encoding": "gzip",
        "Content-Type": "application/json; charset=utf-8",
        "Date": "Wed, 12 Apr 2023 06:05:34 GMT",
        "Expires": "-1",
        "Pragma": "no-cache",
        "Server": [
          "Service-Bus-Resource-Provider/CH3",
          "Microsoft-HTTPAPI/2.0"
        ],
        "Server-SB": "Service-Bus-Resource-Provider/CH3",
        "Strict-Transport-Security": "max-age=31536000; includeSubDomains",
        "Transfer-Encoding": "chunked",
        "Vary": "Accept-Encoding",
        "X-Content-Type-Options": "nosniff",
        "x-ms-correlation-request-id": "f248eb88-633e-4601-9c21-ee893160ba17",
        "x-ms-ratelimit-remaining-subscription-reads": "11975",
        "x-ms-request-id": "2ec27891-5abd-4d17-b7b6-be16b75ae306_M1CH3_M1CH3",
        "x-ms-routing-request-id": "SOUTHEASTASIA:20230412T060534Z:f248eb88-633e-4601-9c21-ee893160ba17"
      },
      "ResponseBody": {
        "sku": {
          "name": "Standard",
          "tier": "Standard",
          "capacity": 1
        },
        "id": "/subscriptions/azure_subscription_id/resourceGroups/myjstest/providers/Microsoft.EventHub/namespaces/mynamespacexxx",
        "name": "mynamespacexxx",
        "type": "Microsoft.EventHub/Namespaces",
        "location": "East US",
        "tags": {
          "tag1": "value1",
          "tag2": "value2"
        },
        "properties": {
          "minimumTlsVersion": "1.2",
          "publicNetworkAccess": "Enabled",
          "disableLocalAuth": false,
          "zoneRedundant": false,
          "isAutoInflateEnabled": false,
          "maximumThroughputUnits": 0,
          "kafkaEnabled": true,
          "provisioningState": "Created",
          "metricId": "azure_subscription_id:mynamespacexxx",
          "createdAt": "2023-04-12T06:04:47.597Z",
          "updatedAt": "2023-04-12T06:04:47.597Z",
          "serviceBusEndpoint": "https://mynamespacexxx.servicebus.windows.net:443/",
          "status": "Activating"
        }
      }
    },
    {
      "RequestUri": "https://management.azure.com/subscriptions/azure_subscription_id/resourceGroups/myjstest/providers/Microsoft.EventHub/namespaces/mynamespacexxx?api-version=2022-10-01-preview",
      "RequestMethod": "GET",
      "RequestHeaders": {
        "Accept": "application/json",
        "Accept-Encoding": "gzip,deflate",
        "Authorization": "Sanitized",
        "Connection": "keep-alive",
        "Content-Type": "application/json",
        "User-Agent": "azsdk-js-arm-eventhub/5.2.0-beta.1 core-rest-pipeline/1.10.4 Node/v16.17.0 OS/(x64-Windows_NT-10.0.22621)",
        "x-ms-client-request-id": "4fc3cd9e-38df-48af-b782-3a2986339691"
      },
      "RequestBody": null,
      "StatusCode": 200,
      "ResponseHeaders": {
        "Cache-Control": "no-cache",
        "Content-Encoding": "gzip",
        "Content-Type": "application/json; charset=utf-8",
        "Date": "Wed, 12 Apr 2023 06:05:36 GMT",
        "Expires": "-1",
        "Pragma": "no-cache",
        "Server": [
          "Service-Bus-Resource-Provider/CH3",
          "Microsoft-HTTPAPI/2.0"
        ],
        "Server-SB": "Service-Bus-Resource-Provider/CH3",
        "Strict-Transport-Security": "max-age=31536000; includeSubDomains",
        "Transfer-Encoding": "chunked",
        "Vary": "Accept-Encoding",
        "X-Content-Type-Options": "nosniff",
        "x-ms-correlation-request-id": "1b1dbf44-00b9-459e-99d9-9243d698c7c6",
        "x-ms-ratelimit-remaining-subscription-reads": "11974",
        "x-ms-request-id": "55799b51-14ac-4013-bb29-daa7197f8bc6_M1CH3_M1CH3",
        "x-ms-routing-request-id": "SOUTHEASTASIA:20230412T060537Z:1b1dbf44-00b9-459e-99d9-9243d698c7c6"
      },
      "ResponseBody": {
        "sku": {
          "name": "Standard",
          "tier": "Standard",
          "capacity": 1
        },
        "id": "/subscriptions/azure_subscription_id/resourceGroups/myjstest/providers/Microsoft.EventHub/namespaces/mynamespacexxx",
        "name": "mynamespacexxx",
        "type": "Microsoft.EventHub/Namespaces",
        "location": "East US",
        "tags": {
          "tag1": "value1",
          "tag2": "value2"
        },
        "properties": {
          "minimumTlsVersion": "1.2",
          "publicNetworkAccess": "Enabled",
          "disableLocalAuth": false,
          "zoneRedundant": false,
          "isAutoInflateEnabled": false,
          "maximumThroughputUnits": 0,
          "kafkaEnabled": true,
          "provisioningState": "Created",
          "metricId": "azure_subscription_id:mynamespacexxx",
          "createdAt": "2023-04-12T06:04:47.597Z",
          "updatedAt": "2023-04-12T06:04:47.597Z",
          "serviceBusEndpoint": "https://mynamespacexxx.servicebus.windows.net:443/",
          "status": "Activating"
        }
      }
    },
    {
      "RequestUri": "https://management.azure.com/subscriptions/azure_subscription_id/resourceGroups/myjstest/providers/Microsoft.EventHub/namespaces/mynamespacexxx?api-version=2022-10-01-preview",
      "RequestMethod": "GET",
      "RequestHeaders": {
        "Accept": "application/json",
        "Accept-Encoding": "gzip,deflate",
        "Authorization": "Sanitized",
        "Connection": "keep-alive",
        "Content-Type": "application/json",
        "User-Agent": "azsdk-js-arm-eventhub/5.2.0-beta.1 core-rest-pipeline/1.10.4 Node/v16.17.0 OS/(x64-Windows_NT-10.0.22621)",
        "x-ms-client-request-id": "d0102d01-29ce-4117-a79b-216e41ed3636"
      },
      "RequestBody": null,
      "StatusCode": 200,
      "ResponseHeaders": {
        "Cache-Control": "no-cache",
        "Content-Encoding": "gzip",
        "Content-Type": "application/json; charset=utf-8",
        "Date": "Wed, 12 Apr 2023 06:05:39 GMT",
        "Expires": "-1",
        "Pragma": "no-cache",
        "Server": [
          "Service-Bus-Resource-Provider/CH3",
          "Microsoft-HTTPAPI/2.0"
        ],
        "Server-SB": "Service-Bus-Resource-Provider/CH3",
        "Strict-Transport-Security": "max-age=31536000; includeSubDomains",
        "Transfer-Encoding": "chunked",
        "Vary": "Accept-Encoding",
        "X-Content-Type-Options": "nosniff",
        "x-ms-correlation-request-id": "6fbb63b0-8eb4-47e1-a8de-a1b0f65f7c10",
        "x-ms-ratelimit-remaining-subscription-reads": "11973",
        "x-ms-request-id": "5318312c-8439-409d-a2bb-e3f9058f7bea_M1CH3_M1CH3",
        "x-ms-routing-request-id": "SOUTHEASTASIA:20230412T060539Z:6fbb63b0-8eb4-47e1-a8de-a1b0f65f7c10"
      },
      "ResponseBody": {
        "sku": {
          "name": "Standard",
          "tier": "Standard",
          "capacity": 1
        },
        "id": "/subscriptions/azure_subscription_id/resourceGroups/myjstest/providers/Microsoft.EventHub/namespaces/mynamespacexxx",
        "name": "mynamespacexxx",
        "type": "Microsoft.EventHub/Namespaces",
        "location": "East US",
        "tags": {
          "tag1": "value1",
          "tag2": "value2"
        },
        "properties": {
          "minimumTlsVersion": "1.2",
          "publicNetworkAccess": "Enabled",
          "disableLocalAuth": false,
          "zoneRedundant": false,
          "isAutoInflateEnabled": false,
          "maximumThroughputUnits": 0,
          "kafkaEnabled": true,
          "provisioningState": "Created",
          "metricId": "azure_subscription_id:mynamespacexxx",
          "createdAt": "2023-04-12T06:04:47.597Z",
          "updatedAt": "2023-04-12T06:04:47.597Z",
          "serviceBusEndpoint": "https://mynamespacexxx.servicebus.windows.net:443/",
          "status": "Activating"
        }
      }
    },
    {
      "RequestUri": "https://management.azure.com/subscriptions/azure_subscription_id/resourceGroups/myjstest/providers/Microsoft.EventHub/namespaces/mynamespacexxx?api-version=2022-10-01-preview",
      "RequestMethod": "GET",
      "RequestHeaders": {
        "Accept": "application/json",
        "Accept-Encoding": "gzip,deflate",
        "Authorization": "Sanitized",
        "Connection": "keep-alive",
        "Content-Type": "application/json",
        "User-Agent": "azsdk-js-arm-eventhub/5.2.0-beta.1 core-rest-pipeline/1.10.4 Node/v16.17.0 OS/(x64-Windows_NT-10.0.22621)",
        "x-ms-client-request-id": "1d7e5abf-b8db-4219-bfab-d9504b9f7275"
      },
      "RequestBody": null,
      "StatusCode": 200,
      "ResponseHeaders": {
        "Cache-Control": "no-cache",
        "Content-Encoding": "gzip",
        "Content-Type": "application/json; charset=utf-8",
        "Date": "Wed, 12 Apr 2023 06:05:41 GMT",
        "Expires": "-1",
        "Pragma": "no-cache",
        "Server": [
          "Service-Bus-Resource-Provider/CH3",
          "Microsoft-HTTPAPI/2.0"
        ],
        "Server-SB": "Service-Bus-Resource-Provider/CH3",
        "Strict-Transport-Security": "max-age=31536000; includeSubDomains",
        "Transfer-Encoding": "chunked",
        "Vary": "Accept-Encoding",
        "X-Content-Type-Options": "nosniff",
        "x-ms-correlation-request-id": "35ff1a8c-1b91-44de-8b0a-cbef1e7e7432",
        "x-ms-ratelimit-remaining-subscription-reads": "11972",
        "x-ms-request-id": "635ffe50-a3a0-449e-96ea-d73d0aa80cf6_M1CH3_M1CH3",
        "x-ms-routing-request-id": "SOUTHEASTASIA:20230412T060542Z:35ff1a8c-1b91-44de-8b0a-cbef1e7e7432"
      },
      "ResponseBody": {
        "sku": {
          "name": "Standard",
          "tier": "Standard",
          "capacity": 1
        },
        "id": "/subscriptions/azure_subscription_id/resourceGroups/myjstest/providers/Microsoft.EventHub/namespaces/mynamespacexxx",
        "name": "mynamespacexxx",
        "type": "Microsoft.EventHub/Namespaces",
        "location": "East US",
        "tags": {
          "tag1": "value1",
          "tag2": "value2"
        },
        "properties": {
          "minimumTlsVersion": "1.2",
          "publicNetworkAccess": "Enabled",
          "disableLocalAuth": false,
          "zoneRedundant": false,
          "isAutoInflateEnabled": false,
          "maximumThroughputUnits": 0,
          "kafkaEnabled": true,
          "provisioningState": "Succeeded",
          "metricId": "azure_subscription_id:mynamespacexxx",
          "createdAt": "2023-04-12T06:04:47.597Z",
          "updatedAt": "2023-04-12T06:05:39.247Z",
          "serviceBusEndpoint": "https://mynamespacexxx.servicebus.windows.net:443/",
          "status": "Active"
        }
      }
    }
  ],
  "Variables": {}
}
