{
  "Entries": [
    {
      "RequestUri": "https://management.azure.com/subscriptions/azure_subscription_id/resourceGroups/myjstest/providers/Microsoft.Network/virtualNetworks/myvirtualnetwork?api-version=2021-05-01",
      "RequestMethod": "PUT",
      "RequestHeaders": {
        "Accept": "application/json",
        "Accept-Encoding": "gzip,deflate",
        "Authorization": "Sanitized",
        "Connection": "keep-alive",
        "Content-Length": "87",
        "Content-Type": "application/json",
        "User-Agent": "azsdk-js-arm-network/26.0.0 core-rest-pipeline/1.9.2 Node/v16.17.0 OS/(x64-Windows_NT-10.0.22000)",
        "x-ms-client-request-id": "72cd979a-e4e6-46bf-afcc-78ba26be5563"
      },
      "RequestBody": {
        "location": "eastus",
        "properties": {
          "addressSpace": {
            "addressPrefixes": [
              "10.0.0.0/16"
            ]
          }
        }
      },
      "StatusCode": 200,
      "ResponseHeaders": {
        "Azure-AsyncNotification": "Enabled",
        "Azure-AsyncOperation": "https://management.azure.com/subscriptions/azure_subscription_id/providers/Microsoft.Network/locations/eastus/operations/996e4f13-3ae1-4747-90b8-cc03089dc0b4?api-version=2021-05-01",
        "Cache-Control": "no-cache",
        "Content-Encoding": "gzip",
        "Content-Type": "application/json; charset=utf-8",
        "Date": "Fri, 30 Sep 2022 08:20:10 GMT",
        "Expires": "-1",
        "Pragma": "no-cache",
        "Retry-After": "3",
        "Server": [
          "Microsoft-HTTPAPI/2.0",
          "Microsoft-HTTPAPI/2.0"
        ],
        "Strict-Transport-Security": "max-age=31536000; includeSubDomains",
        "Transfer-Encoding": "chunked",
        "Vary": "Accept-Encoding",
        "X-Content-Type-Options": "nosniff",
        "x-ms-arm-service-request-id": "cbf2112f-ce8c-4be3-8905-f6eaf091e020",
        "x-ms-correlation-request-id": "227e6ddb-0a2e-40c4-9bcf-076fcd864064",
        "x-ms-ratelimit-remaining-subscription-writes": "1199",
        "x-ms-request-id": "996e4f13-3ae1-4747-90b8-cc03089dc0b4",
        "x-ms-routing-request-id": "SOUTHEASTASIA:20220930T082011Z:227e6ddb-0a2e-40c4-9bcf-076fcd864064"
      },
      "ResponseBody": {
        "name": "myvirtualnetwork",
        "id": "/subscriptions/azure_subscription_id/resourceGroups/myjstest/providers/Microsoft.Network/virtualNetworks/myvirtualnetwork",
        "etag": "W/\u00229083e396-a687-419b-9476-8a94fb18f076\u0022",
        "type": "Microsoft.Network/virtualNetworks",
        "location": "eastus",
        "properties": {
          "provisioningState": "Updating",
          "resourceGuid": "7fdffc52-4859-4484-a704-28be9afe0ef0",
          "addressSpace": {
            "addressPrefixes": [
              "10.0.0.0/16"
            ]
          },
          "subnets": [],
          "virtualNetworkPeerings": [],
          "enableDdosProtection": false
        }
      }
    },
    {
      "RequestUri": "https://management.azure.com/subscriptions/azure_subscription_id/providers/Microsoft.Network/locations/eastus/operations/996e4f13-3ae1-4747-90b8-cc03089dc0b4?api-version=2021-05-01",
      "RequestMethod": "GET",
      "RequestHeaders": {
        "Accept": "application/json",
        "Accept-Encoding": "gzip,deflate",
        "Authorization": "Sanitized",
        "Connection": "keep-alive",
        "Content-Type": "application/json",
        "User-Agent": "azsdk-js-arm-network/26.0.0 core-rest-pipeline/1.9.2 Node/v16.17.0 OS/(x64-Windows_NT-10.0.22000)",
        "x-ms-client-request-id": "14504c07-9f29-4a18-a1bb-19fb1065b9df"
      },
      "RequestBody": null,
      "StatusCode": 200,
      "ResponseHeaders": {
        "Cache-Control": "no-cache",
        "Content-Encoding": "gzip",
        "Content-Type": "application/json; charset=utf-8",
        "Date": "Fri, 30 Sep 2022 08:20:12 GMT",
        "Expires": "-1",
        "Pragma": "no-cache",
        "Server": [
          "Microsoft-HTTPAPI/2.0",
          "Microsoft-HTTPAPI/2.0"
        ],
        "Strict-Transport-Security": "max-age=31536000; includeSubDomains",
        "Transfer-Encoding": "chunked",
        "Vary": "Accept-Encoding",
        "X-Content-Type-Options": "nosniff",
        "x-ms-arm-service-request-id": "678f03aa-0c86-4688-aa6b-7b9207231a6f",
        "x-ms-correlation-request-id": "9b805c83-8718-479e-8970-4b94e7df1383",
        "x-ms-ratelimit-remaining-subscription-reads": "11999",
        "x-ms-request-id": "05570ad8-71ff-4551-9585-f5b7346de021",
        "x-ms-routing-request-id": "SOUTHEASTASIA:20220930T082012Z:9b805c83-8718-479e-8970-4b94e7df1383"
      },
      "ResponseBody": {
        "status": "Succeeded"
      }
    },
    {
      "RequestUri": "https://management.azure.com/subscriptions/azure_subscription_id/resourceGroups/myjstest/providers/Microsoft.Network/virtualNetworks/myvirtualnetwork?api-version=2021-05-01",
      "RequestMethod": "GET",
      "RequestHeaders": {
        "Accept": "application/json",
        "Accept-Encoding": "gzip,deflate",
        "Authorization": "Sanitized",
        "Connection": "keep-alive",
        "Content-Type": "application/json",
        "User-Agent": "azsdk-js-arm-network/26.0.0 core-rest-pipeline/1.9.2 Node/v16.17.0 OS/(x64-Windows_NT-10.0.22000)",
        "x-ms-client-request-id": "6d779e95-6267-47ef-8021-edc12346ac94"
      },
      "RequestBody": null,
      "StatusCode": 200,
      "ResponseHeaders": {
        "Cache-Control": "no-cache",
        "Content-Encoding": "gzip",
        "Content-Type": "application/json; charset=utf-8",
        "Date": "Fri, 30 Sep 2022 08:20:12 GMT",
        "ETag": "W/\u002228ead7a9-aaa1-487a-ae2e-3df6a7c221d7\u0022",
        "Expires": "-1",
        "Pragma": "no-cache",
        "Server": [
          "Microsoft-HTTPAPI/2.0",
          "Microsoft-HTTPAPI/2.0"
        ],
        "Strict-Transport-Security": "max-age=31536000; includeSubDomains",
        "Transfer-Encoding": "chunked",
        "Vary": "Accept-Encoding",
        "X-Content-Type-Options": "nosniff",
        "x-ms-arm-service-request-id": "4025619c-667a-488c-b0da-530f9f8f7b6b",
        "x-ms-correlation-request-id": "d484f433-56bb-41d1-85b1-9291ed9cc2d4",
        "x-ms-ratelimit-remaining-subscription-reads": "11998",
        "x-ms-request-id": "6aa55225-408c-49a4-a516-656c20a60030",
        "x-ms-routing-request-id": "SOUTHEASTASIA:20220930T082012Z:d484f433-56bb-41d1-85b1-9291ed9cc2d4"
      },
      "ResponseBody": {
        "name": "myvirtualnetwork",
        "id": "/subscriptions/azure_subscription_id/resourceGroups/myjstest/providers/Microsoft.Network/virtualNetworks/myvirtualnetwork",
        "etag": "W/\u002228ead7a9-aaa1-487a-ae2e-3df6a7c221d7\u0022",
        "type": "Microsoft.Network/virtualNetworks",
        "location": "eastus",
        "properties": {
          "provisioningState": "Succeeded",
          "resourceGuid": "7fdffc52-4859-4484-a704-28be9afe0ef0",
          "addressSpace": {
            "addressPrefixes": [
              "10.0.0.0/16"
            ]
          },
          "subnets": [],
          "virtualNetworkPeerings": [],
          "enableDdosProtection": false
        }
      }
    },
    {
      "RequestUri": "https://management.azure.com/subscriptions/azure_subscription_id/resourceGroups/myjstest/providers/Microsoft.Network/virtualNetworks/myvirtualnetwork/subnets/subnetxxx?api-version=2021-05-01",
      "RequestMethod": "PUT",
      "RequestHeaders": {
        "Accept": "application/json",
        "Accept-Encoding": "gzip,deflate",
        "Authorization": "Sanitized",
        "Connection": "keep-alive",
        "Content-Length": "46",
        "Content-Type": "application/json",
        "User-Agent": "azsdk-js-arm-network/26.0.0 core-rest-pipeline/1.9.2 Node/v16.17.0 OS/(x64-Windows_NT-10.0.22000)",
        "x-ms-client-request-id": "71c95957-6dbb-4c1d-a07a-91ad3228c497"
      },
      "RequestBody": {
        "properties": {
          "addressPrefix": "10.0.0.0/24"
        }
      },
      "StatusCode": 201,
      "ResponseHeaders": {
        "Azure-AsyncNotification": "Enabled",
        "Azure-AsyncOperation": "https://management.azure.com/subscriptions/azure_subscription_id/providers/Microsoft.Network/locations/eastus/operations/e504838e-ae9b-4a87-b200-d5becf687b7f?api-version=2021-05-01",
        "Cache-Control": "no-cache",
        "Content-Length": "519",
        "Content-Type": "application/json; charset=utf-8",
        "Date": "Fri, 30 Sep 2022 08:20:13 GMT",
        "Expires": "-1",
        "Pragma": "no-cache",
        "Retry-After": "3",
        "Server": [
          "Microsoft-HTTPAPI/2.0",
          "Microsoft-HTTPAPI/2.0"
        ],
        "Strict-Transport-Security": "max-age=31536000; includeSubDomains",
        "X-Content-Type-Options": "nosniff",
        "x-ms-arm-service-request-id": "45c08f03-ce4b-4761-b19e-df51bcee331c",
        "x-ms-correlation-request-id": "9a5f2562-f890-4c91-9865-71b009020119",
        "x-ms-ratelimit-remaining-subscription-writes": "1198",
        "x-ms-request-id": "e504838e-ae9b-4a87-b200-d5becf687b7f",
        "x-ms-routing-request-id": "SOUTHEASTASIA:20220930T082013Z:9a5f2562-f890-4c91-9865-71b009020119"
      },
      "ResponseBody": {
        "name": "subnetxxx",
        "id": "/subscriptions/azure_subscription_id/resourceGroups/myjstest/providers/Microsoft.Network/virtualNetworks/myvirtualnetwork/subnets/subnetxxx",
        "etag": "W/\u00229f34fad7-a368-49cb-931e-2de4999e7f98\u0022",
        "properties": {
          "provisioningState": "Updating",
          "addressPrefix": "10.0.0.0/24",
          "delegations": [],
          "privateEndpointNetworkPolicies": "Disabled",
          "privateLinkServiceNetworkPolicies": "Enabled"
        },
        "type": "Microsoft.Network/virtualNetworks/subnets"
      }
    },
    {
      "RequestUri": "https://management.azure.com/subscriptions/azure_subscription_id/providers/Microsoft.Network/locations/eastus/operations/e504838e-ae9b-4a87-b200-d5becf687b7f?api-version=2021-05-01",
      "RequestMethod": "GET",
      "RequestHeaders": {
        "Accept": "application/json",
        "Accept-Encoding": "gzip,deflate",
        "Authorization": "Sanitized",
        "Connection": "keep-alive",
        "Content-Type": "application/json",
        "User-Agent": "azsdk-js-arm-network/26.0.0 core-rest-pipeline/1.9.2 Node/v16.17.0 OS/(x64-Windows_NT-10.0.22000)",
        "x-ms-client-request-id": "73a908e3-cc9a-4869-96fc-fde83a57c59e"
      },
      "RequestBody": null,
      "StatusCode": 200,
      "ResponseHeaders": {
        "Cache-Control": "no-cache",
        "Content-Encoding": "gzip",
        "Content-Type": "application/json; charset=utf-8",
        "Date": "Fri, 30 Sep 2022 08:20:14 GMT",
        "Expires": "-1",
        "Pragma": "no-cache",
        "Server": [
          "Microsoft-HTTPAPI/2.0",
          "Microsoft-HTTPAPI/2.0"
        ],
        "Strict-Transport-Security": "max-age=31536000; includeSubDomains",
        "Transfer-Encoding": "chunked",
        "Vary": "Accept-Encoding",
        "X-Content-Type-Options": "nosniff",
        "x-ms-arm-service-request-id": "5b983f84-0690-46b6-bf20-fb65b8998aed",
        "x-ms-correlation-request-id": "e8c3fe8b-af44-4d7d-852e-1e91a37c40fa",
        "x-ms-ratelimit-remaining-subscription-reads": "11997",
        "x-ms-request-id": "4d7d86c5-9731-4452-98b5-c8e20ec8ad4c",
        "x-ms-routing-request-id": "SOUTHEASTASIA:20220930T082014Z:e8c3fe8b-af44-4d7d-852e-1e91a37c40fa"
      },
      "ResponseBody": {
        "status": "Succeeded"
      }
    },
    {
      "RequestUri": "https://management.azure.com/subscriptions/azure_subscription_id/resourceGroups/myjstest/providers/Microsoft.Network/virtualNetworks/myvirtualnetwork/subnets/subnetxxx?api-version=2021-05-01",
      "RequestMethod": "GET",
      "RequestHeaders": {
        "Accept": "application/json",
        "Accept-Encoding": "gzip,deflate",
        "Authorization": "Sanitized",
        "Connection": "keep-alive",
        "Content-Type": "application/json",
        "User-Agent": "azsdk-js-arm-network/26.0.0 core-rest-pipeline/1.9.2 Node/v16.17.0 OS/(x64-Windows_NT-10.0.22000)",
        "x-ms-client-request-id": "1f79291c-c057-4d02-a310-4a03a7018e5f"
      },
      "RequestBody": null,
      "StatusCode": 200,
      "ResponseHeaders": {
        "Cache-Control": "no-cache",
        "Content-Encoding": "gzip",
        "Content-Type": "application/json; charset=utf-8",
        "Date": "Fri, 30 Sep 2022 08:20:15 GMT",
        "ETag": "W/\u00223dcc7552-1133-4d08-9726-03dd5fa52226\u0022",
        "Expires": "-1",
        "Pragma": "no-cache",
        "Server": [
          "Microsoft-HTTPAPI/2.0",
          "Microsoft-HTTPAPI/2.0"
        ],
        "Strict-Transport-Security": "max-age=31536000; includeSubDomains",
        "Transfer-Encoding": "chunked",
        "Vary": "Accept-Encoding",
        "X-Content-Type-Options": "nosniff",
        "x-ms-arm-service-request-id": "3ff2d8c9-4ffc-4aee-b93e-30c6f11883e3",
        "x-ms-correlation-request-id": "3b397f7b-c9ba-4ebe-8be3-ca7a5e21ad1c",
        "x-ms-ratelimit-remaining-subscription-reads": "11996",
        "x-ms-request-id": "47cdc456-2189-4dce-9c2c-dd42037a605a",
        "x-ms-routing-request-id": "SOUTHEASTASIA:20220930T082015Z:3b397f7b-c9ba-4ebe-8be3-ca7a5e21ad1c"
      },
      "ResponseBody": {
        "name": "subnetxxx",
        "id": "/subscriptions/azure_subscription_id/resourceGroups/myjstest/providers/Microsoft.Network/virtualNetworks/myvirtualnetwork/subnets/subnetxxx",
        "etag": "W/\u00223dcc7552-1133-4d08-9726-03dd5fa52226\u0022",
        "properties": {
          "provisioningState": "Succeeded",
          "addressPrefix": "10.0.0.0/24",
          "delegations": [],
          "privateEndpointNetworkPolicies": "Disabled",
          "privateLinkServiceNetworkPolicies": "Enabled"
        },
        "type": "Microsoft.Network/virtualNetworks/subnets"
      }
    },
    {
      "RequestUri": "https://management.azure.com/subscriptions/azure_subscription_id/resourceGroups/myjstest/providers/Microsoft.Storage/storageAccounts/mystorageaccountxxx1?api-version=2021-09-01",
      "RequestMethod": "PUT",
      "RequestHeaders": {
        "Accept": "application/json",
        "Accept-Encoding": "gzip,deflate",
        "Authorization": "Sanitized",
        "Connection": "keep-alive",
        "Content-Length": "70",
        "Content-Type": "application/json",
        "User-Agent": "azsdk-js-arm-storage/17.2.1 core-rest-pipeline/1.9.2 Node/v16.17.0 OS/(x64-Windows_NT-10.0.22000)",
        "x-ms-client-request-id": "bbbad4a5-b04b-4577-8aab-322cb03dfa6b"
      },
      "RequestBody": {
        "sku": {
          "name": "Standard_GRS"
        },
        "kind": "StorageV2",
        "location": "eastus"
      },
      "StatusCode": 200,
      "ResponseHeaders": {
        "Cache-Control": "no-cache",
        "Content-Encoding": "gzip",
        "Content-Type": "application/json",
        "Date": "Fri, 30 Sep 2022 08:20:19 GMT",
        "Expires": "-1",
        "Pragma": "no-cache",
        "Server": "Microsoft-Azure-Storage-Resource-Provider/1.0,Microsoft-HTTPAPI/2.0 Microsoft-HTTPAPI/2.0",
        "Strict-Transport-Security": "max-age=31536000; includeSubDomains",
        "Transfer-Encoding": "chunked",
        "Vary": "Accept-Encoding",
        "X-Content-Type-Options": "nosniff",
        "x-ms-correlation-request-id": "485175b6-d384-464b-b3ff-591a33ebce23",
        "x-ms-ratelimit-remaining-subscription-writes": "1197",
        "x-ms-request-id": "e62ca977-d90e-4d1c-b8d9-2b8299d8f4da",
        "x-ms-routing-request-id": "SOUTHEASTASIA:20220930T082019Z:485175b6-d384-464b-b3ff-591a33ebce23"
      },
      "ResponseBody": {
        "sku": {
          "name": "Standard_GRS",
          "tier": "Standard"
        },
        "kind": "StorageV2",
        "id": "/subscriptions/azure_subscription_id/resourceGroups/myjstest/providers/Microsoft.Storage/storageAccounts/mystorageaccountxxx1",
        "name": "mystorageaccountxxx1",
        "type": "Microsoft.Storage/storageAccounts",
        "location": "eastus",
        "tags": {},
        "properties": {
          "keyCreationTime": {
            "key1": "2022-09-30T07:55:09.5838476Z",
            "key2": "2022-09-30T07:55:09.5838476Z"
          },
          "privateEndpointConnections": [],
          "minimumTlsVersion": "TLS1_0",
          "allowBlobPublicAccess": true,
          "networkAcls": {
            "bypass": "AzureServices",
            "virtualNetworkRules": [],
            "ipRules": [],
            "defaultAction": "Allow"
          },
          "supportsHttpsTrafficOnly": true,
          "encryption": {
            "services": {
              "file": {
                "keyType": "Account",
                "enabled": true,
                "lastEnabledTime": "2022-09-30T07:55:09.5994968Z"
              },
              "blob": {
                "keyType": "Account",
                "enabled": true,
                "lastEnabledTime": "2022-09-30T07:55:09.5994968Z"
              }
            },
            "keySource": "Microsoft.Storage"
          },
          "accessTier": "Hot",
          "provisioningState": "Succeeded",
          "creationTime": "2022-09-30T07:55:09.4432465Z",
          "primaryEndpoints": {
            "dfs": "https://mystorageaccountxxx1.dfs.core.windows.net/",
            "web": "https://mystorageaccountxxx1.z13.web.core.windows.net/",
            "blob": "https://mystorageaccountxxx1.blob.core.windows.net/",
            "queue": "https://mystorageaccountxxx1.queue.core.windows.net/",
            "table": "https://mystorageaccountxxx1.table.core.windows.net/",
            "file": "https://mystorageaccountxxx1.file.core.windows.net/"
          },
          "primaryLocation": "eastus",
          "statusOfPrimary": "available",
          "secondaryLocation": "westus",
          "statusOfSecondary": "available"
        }
      }
    },
    {
      "RequestUri": "https://management.azure.com/subscriptions/azure_subscription_id/resourceGroups/myjstest/providers/Microsoft.EventHub/namespaces/mynamespacexxx?api-version=2021-11-01",
      "RequestMethod": "PUT",
      "RequestHeaders": {
        "Accept": "application/json",
        "Accept-Encoding": "gzip,deflate",
        "Authorization": "Sanitized",
        "Connection": "keep-alive",
        "Content-Length": "106",
        "Content-Type": "application/json",
        "User-Agent": "azsdk-js-arm-eventhub/5.1.0 core-rest-pipeline/1.9.3 Node/v16.17.0 OS/(x64-Windows_NT-10.0.22000)",
        "x-ms-client-request-id": "f7b7bb59-bf25-462c-853a-618ec81a2e75"
      },
      "RequestBody": {
        "location": "eastus",
        "tags": {
          "tag1": "value1",
          "tag2": "value2"
        },
        "sku": {
          "name": "Standard",
          "tier": "Standard"
        }
      },
      "StatusCode": 200,
      "ResponseHeaders": {
        "Cache-Control": "no-cache",
        "Content-Encoding": "gzip",
        "Content-Type": "application/json; charset=utf-8",
        "Date": "Fri, 30 Sep 2022 08:20:25 GMT",
        "Expires": "-1",
        "Pragma": "no-cache",
        "Server": [
          "Service-Bus-Resource-Provider/SN1",
          "Microsoft-HTTPAPI/2.0"
        ],
        "Server-SB": "Service-Bus-Resource-Provider/SN1",
        "Strict-Transport-Security": "max-age=31536000; includeSubDomains",
        "Transfer-Encoding": "chunked",
        "Vary": "Accept-Encoding",
        "X-Content-Type-Options": "nosniff",
        "x-ms-correlation-request-id": "2d025bb8-d135-4d25-a88a-a71635f3fdb1",
        "x-ms-ratelimit-remaining-subscription-resource-requests": "49",
        "x-ms-request-id": "912a5fd6-1fa8-4718-969e-bfa11f1e5427_M9SN1_M9SN1",
        "x-ms-routing-request-id": "SOUTHEASTASIA:20220930T082025Z:2d025bb8-d135-4d25-a88a-a71635f3fdb1"
      },
      "ResponseBody": {
        "sku": {
          "name": "Standard",
          "tier": "Standard",
          "capacity": 1
        },
        "id": "/subscriptions/azure_subscription_id/resourceGroups/myjstest/providers/Microsoft.EventHub/namespaces/mynamespacexxx",
        "name": "mynamespacexxx",
        "type": "Microsoft.EventHub/Namespaces",
        "location": "East US",
        "tags": {
          "tag1": "value1",
          "tag2": "value2"
        },
        "properties": {
          "disableLocalAuth": false,
          "zoneRedundant": false,
          "isAutoInflateEnabled": false,
          "maximumThroughputUnits": 0,
          "kafkaEnabled": true,
          "provisioningState": "Created",
          "metricId": "azure_subscription_id:mynamespacexxx",
          "createdAt": "2022-09-30T08:20:23.567Z",
          "updatedAt": "2022-09-30T08:20:23.567Z",
          "serviceBusEndpoint": "https://mynamespacexxx.servicebus.windows.net:443/",
          "status": "Activating"
        }
      }
    },
    {
      "RequestUri": "https://management.azure.com/subscriptions/azure_subscription_id/resourceGroups/myjstest/providers/Microsoft.EventHub/namespaces/mynamespacexxx?api-version=2021-11-01",
      "RequestMethod": "GET",
      "RequestHeaders": {
        "Accept": "application/json",
        "Accept-Encoding": "gzip,deflate",
        "Authorization": "Sanitized",
        "Connection": "keep-alive",
        "Content-Type": "application/json",
        "User-Agent": "azsdk-js-arm-eventhub/5.1.0 core-rest-pipeline/1.9.3 Node/v16.17.0 OS/(x64-Windows_NT-10.0.22000)",
        "x-ms-client-request-id": "e7bed43c-4f57-45ae-b8b6-ec3d34f75fc3"
      },
      "RequestBody": null,
      "StatusCode": 200,
      "ResponseHeaders": {
        "Cache-Control": "no-cache",
        "Content-Encoding": "gzip",
        "Content-Type": "application/json; charset=utf-8",
        "Date": "Fri, 30 Sep 2022 08:20:27 GMT",
        "Expires": "-1",
        "Pragma": "no-cache",
        "Server": [
          "Service-Bus-Resource-Provider/SN1",
          "Microsoft-HTTPAPI/2.0"
        ],
        "Server-SB": "Service-Bus-Resource-Provider/SN1",
        "Strict-Transport-Security": "max-age=31536000; includeSubDomains",
        "Transfer-Encoding": "chunked",
        "Vary": "Accept-Encoding",
        "X-Content-Type-Options": "nosniff",
        "x-ms-correlation-request-id": "83a47fdb-8e2a-430e-92c3-f93fe51be8c3",
        "x-ms-ratelimit-remaining-subscription-reads": "11995",
        "x-ms-request-id": "a088e1be-d96f-43e7-b061-deee96eefa4e_M6SN1_M6SN1",
        "x-ms-routing-request-id": "SOUTHEASTASIA:20220930T082027Z:83a47fdb-8e2a-430e-92c3-f93fe51be8c3"
      },
      "ResponseBody": {
        "sku": {
          "name": "Standard",
          "tier": "Standard",
          "capacity": 1
        },
        "id": "/subscriptions/azure_subscription_id/resourceGroups/myjstest/providers/Microsoft.EventHub/namespaces/mynamespacexxx",
        "name": "mynamespacexxx",
        "type": "Microsoft.EventHub/Namespaces",
        "location": "East US",
        "tags": {
          "tag1": "value1",
          "tag2": "value2"
        },
        "properties": {
          "disableLocalAuth": false,
          "zoneRedundant": false,
          "isAutoInflateEnabled": false,
          "maximumThroughputUnits": 0,
          "kafkaEnabled": true,
          "provisioningState": "Created",
          "metricId": "azure_subscription_id:mynamespacexxx",
          "createdAt": "2022-09-30T08:20:23.567Z",
          "updatedAt": "2022-09-30T08:20:23.567Z",
          "serviceBusEndpoint": "https://mynamespacexxx.servicebus.windows.net:443/",
          "status": "Activating"
        }
      }
    },
    {
      "RequestUri": "https://management.azure.com/subscriptions/azure_subscription_id/resourceGroups/myjstest/providers/Microsoft.EventHub/namespaces/mynamespacexxx?api-version=2021-11-01",
      "RequestMethod": "GET",
      "RequestHeaders": {
        "Accept": "application/json",
        "Accept-Encoding": "gzip,deflate",
        "Authorization": "Sanitized",
        "Connection": "keep-alive",
        "Content-Type": "application/json",
        "User-Agent": "azsdk-js-arm-eventhub/5.1.0 core-rest-pipeline/1.9.3 Node/v16.17.0 OS/(x64-Windows_NT-10.0.22000)",
        "x-ms-client-request-id": "2f15384b-87f3-419e-8a57-867000d74fb7"
      },
      "RequestBody": null,
      "StatusCode": 200,
      "ResponseHeaders": {
        "Cache-Control": "no-cache",
        "Content-Encoding": "gzip",
        "Content-Type": "application/json; charset=utf-8",
        "Date": "Fri, 30 Sep 2022 08:20:28 GMT",
        "Expires": "-1",
        "Pragma": "no-cache",
        "Server": [
          "Service-Bus-Resource-Provider/SN1",
          "Microsoft-HTTPAPI/2.0"
        ],
        "Server-SB": "Service-Bus-Resource-Provider/SN1",
        "Strict-Transport-Security": "max-age=31536000; includeSubDomains",
        "Transfer-Encoding": "chunked",
        "Vary": "Accept-Encoding",
        "X-Content-Type-Options": "nosniff",
        "x-ms-correlation-request-id": "0b1e984e-1405-40ca-add5-cf09a77e6f4f",
        "x-ms-ratelimit-remaining-subscription-reads": "11994",
        "x-ms-request-id": "641cf074-f89a-4be0-bb5e-38c406e80464_M6SN1_M6SN1",
        "x-ms-routing-request-id": "SOUTHEASTASIA:20220930T082028Z:0b1e984e-1405-40ca-add5-cf09a77e6f4f"
      },
      "ResponseBody": {
        "sku": {
          "name": "Standard",
          "tier": "Standard",
          "capacity": 1
        },
        "id": "/subscriptions/azure_subscription_id/resourceGroups/myjstest/providers/Microsoft.EventHub/namespaces/mynamespacexxx",
        "name": "mynamespacexxx",
        "type": "Microsoft.EventHub/Namespaces",
        "location": "East US",
        "tags": {
          "tag1": "value1",
          "tag2": "value2"
        },
        "properties": {
          "disableLocalAuth": false,
          "zoneRedundant": false,
          "isAutoInflateEnabled": false,
          "maximumThroughputUnits": 0,
          "kafkaEnabled": true,
          "provisioningState": "Created",
          "metricId": "azure_subscription_id:mynamespacexxx",
          "createdAt": "2022-09-30T08:20:23.567Z",
          "updatedAt": "2022-09-30T08:20:23.567Z",
          "serviceBusEndpoint": "https://mynamespacexxx.servicebus.windows.net:443/",
          "status": "Activating"
        }
      }
    },
    {
      "RequestUri": "https://management.azure.com/subscriptions/azure_subscription_id/resourceGroups/myjstest/providers/Microsoft.EventHub/namespaces/mynamespacexxx?api-version=2021-11-01",
      "RequestMethod": "GET",
      "RequestHeaders": {
        "Accept": "application/json",
        "Accept-Encoding": "gzip,deflate",
        "Authorization": "Sanitized",
        "Connection": "keep-alive",
        "Content-Type": "application/json",
        "User-Agent": "azsdk-js-arm-eventhub/5.1.0 core-rest-pipeline/1.9.3 Node/v16.17.0 OS/(x64-Windows_NT-10.0.22000)",
        "x-ms-client-request-id": "db2cec49-2ea7-423a-9217-1c7ae7255229"
      },
      "RequestBody": null,
      "StatusCode": 200,
      "ResponseHeaders": {
        "Cache-Control": "no-cache",
        "Content-Encoding": "gzip",
        "Content-Type": "application/json; charset=utf-8",
        "Date": "Fri, 30 Sep 2022 08:20:31 GMT",
        "Expires": "-1",
        "Pragma": "no-cache",
        "Server": [
          "Service-Bus-Resource-Provider/SN1",
          "Microsoft-HTTPAPI/2.0"
        ],
        "Server-SB": "Service-Bus-Resource-Provider/SN1",
        "Strict-Transport-Security": "max-age=31536000; includeSubDomains",
        "Transfer-Encoding": "chunked",
        "Vary": "Accept-Encoding",
        "X-Content-Type-Options": "nosniff",
        "x-ms-correlation-request-id": "ab0568ac-e285-4889-8015-15aa5b0e2a67",
        "x-ms-ratelimit-remaining-subscription-reads": "11993",
        "x-ms-request-id": "71d9b98e-ebbe-4560-8fb4-d366c93d221d_M5SN1_M5SN1",
        "x-ms-routing-request-id": "SOUTHEASTASIA:20220930T082032Z:ab0568ac-e285-4889-8015-15aa5b0e2a67"
      },
      "ResponseBody": {
        "sku": {
          "name": "Standard",
          "tier": "Standard",
          "capacity": 1
        },
        "id": "/subscriptions/azure_subscription_id/resourceGroups/myjstest/providers/Microsoft.EventHub/namespaces/mynamespacexxx",
        "name": "mynamespacexxx",
        "type": "Microsoft.EventHub/Namespaces",
        "location": "East US",
        "tags": {
          "tag1": "value1",
          "tag2": "value2"
        },
        "properties": {
          "disableLocalAuth": false,
          "zoneRedundant": false,
          "isAutoInflateEnabled": false,
          "maximumThroughputUnits": 0,
          "kafkaEnabled": true,
          "provisioningState": "Created",
          "metricId": "azure_subscription_id:mynamespacexxx",
          "createdAt": "2022-09-30T08:20:23.567Z",
          "updatedAt": "2022-09-30T08:20:23.567Z",
          "serviceBusEndpoint": "https://mynamespacexxx.servicebus.windows.net:443/",
          "status": "Activating"
        }
      }
    },
    {
      "RequestUri": "https://management.azure.com/subscriptions/azure_subscription_id/resourceGroups/myjstest/providers/Microsoft.EventHub/namespaces/mynamespacexxx?api-version=2021-11-01",
      "RequestMethod": "GET",
      "RequestHeaders": {
        "Accept": "application/json",
        "Accept-Encoding": "gzip,deflate",
        "Authorization": "Sanitized",
        "Connection": "keep-alive",
        "Content-Type": "application/json",
        "User-Agent": "azsdk-js-arm-eventhub/5.1.0 core-rest-pipeline/1.9.3 Node/v16.17.0 OS/(x64-Windows_NT-10.0.22000)",
        "x-ms-client-request-id": "e7b9d143-cc39-4a4c-952b-dc3ac6224f82"
      },
      "RequestBody": null,
      "StatusCode": 200,
      "ResponseHeaders": {
        "Cache-Control": "no-cache",
        "Content-Encoding": "gzip",
        "Content-Type": "application/json; charset=utf-8",
        "Date": "Fri, 30 Sep 2022 08:20:35 GMT",
        "Expires": "-1",
        "Pragma": "no-cache",
        "Server": [
          "Service-Bus-Resource-Provider/SN1",
          "Microsoft-HTTPAPI/2.0"
        ],
        "Server-SB": "Service-Bus-Resource-Provider/SN1",
        "Strict-Transport-Security": "max-age=31536000; includeSubDomains",
        "Transfer-Encoding": "chunked",
        "Vary": "Accept-Encoding",
        "X-Content-Type-Options": "nosniff",
        "x-ms-correlation-request-id": "3a272488-0a80-4c82-a071-fd5fef8c19e3",
        "x-ms-ratelimit-remaining-subscription-reads": "11992",
        "x-ms-request-id": "38fed224-47f5-4a58-8704-38c2ceed34eb_M4SN1_M4SN1",
        "x-ms-routing-request-id": "SOUTHEASTASIA:20220930T082035Z:3a272488-0a80-4c82-a071-fd5fef8c19e3"
      },
      "ResponseBody": {
        "sku": {
          "name": "Standard",
          "tier": "Standard",
          "capacity": 1
        },
        "id": "/subscriptions/azure_subscription_id/resourceGroups/myjstest/providers/Microsoft.EventHub/namespaces/mynamespacexxx",
        "name": "mynamespacexxx",
        "type": "Microsoft.EventHub/Namespaces",
        "location": "East US",
        "tags": {
          "tag1": "value1",
          "tag2": "value2"
        },
        "properties": {
          "disableLocalAuth": false,
          "zoneRedundant": false,
          "isAutoInflateEnabled": false,
          "maximumThroughputUnits": 0,
          "kafkaEnabled": true,
          "provisioningState": "Created",
          "metricId": "azure_subscription_id:mynamespacexxx",
          "createdAt": "2022-09-30T08:20:23.567Z",
          "updatedAt": "2022-09-30T08:20:23.567Z",
          "serviceBusEndpoint": "https://mynamespacexxx.servicebus.windows.net:443/",
          "status": "Activating"
        }
      }
    },
    {
      "RequestUri": "https://management.azure.com/subscriptions/azure_subscription_id/resourceGroups/myjstest/providers/Microsoft.EventHub/namespaces/mynamespacexxx?api-version=2021-11-01",
      "RequestMethod": "GET",
      "RequestHeaders": {
        "Accept": "application/json",
        "Accept-Encoding": "gzip,deflate",
        "Authorization": "Sanitized",
        "Connection": "keep-alive",
        "Content-Type": "application/json",
        "User-Agent": "azsdk-js-arm-eventhub/5.1.0 core-rest-pipeline/1.9.3 Node/v16.17.0 OS/(x64-Windows_NT-10.0.22000)",
        "x-ms-client-request-id": "4313493b-e81b-45e5-af08-ddadc4e8f4d2"
      },
      "RequestBody": null,
      "StatusCode": 200,
      "ResponseHeaders": {
        "Cache-Control": "no-cache",
        "Content-Encoding": "gzip",
        "Content-Type": "application/json; charset=utf-8",
        "Date": "Fri, 30 Sep 2022 08:20:39 GMT",
        "Expires": "-1",
        "Pragma": "no-cache",
        "Server": [
          "Service-Bus-Resource-Provider/SN1",
          "Microsoft-HTTPAPI/2.0"
        ],
        "Server-SB": "Service-Bus-Resource-Provider/SN1",
        "Strict-Transport-Security": "max-age=31536000; includeSubDomains",
        "Transfer-Encoding": "chunked",
        "Vary": "Accept-Encoding",
        "X-Content-Type-Options": "nosniff",
        "x-ms-correlation-request-id": "44568216-2d8d-49b2-b35d-2ee6f3e58a88",
        "x-ms-ratelimit-remaining-subscription-reads": "11991",
        "x-ms-request-id": "25075260-f9dc-456f-a868-e0476f77effb_M11SN1_M11SN1",
        "x-ms-routing-request-id": "SOUTHEASTASIA:20220930T082039Z:44568216-2d8d-49b2-b35d-2ee6f3e58a88"
      },
      "ResponseBody": {
        "sku": {
          "name": "Standard",
          "tier": "Standard",
          "capacity": 1
        },
        "id": "/subscriptions/azure_subscription_id/resourceGroups/myjstest/providers/Microsoft.EventHub/namespaces/mynamespacexxx",
        "name": "mynamespacexxx",
        "type": "Microsoft.EventHub/Namespaces",
        "location": "East US",
        "tags": {
          "tag1": "value1",
          "tag2": "value2"
        },
        "properties": {
          "disableLocalAuth": false,
          "zoneRedundant": false,
          "isAutoInflateEnabled": false,
          "maximumThroughputUnits": 0,
          "kafkaEnabled": true,
          "provisioningState": "Created",
          "metricId": "azure_subscription_id:mynamespacexxx",
          "createdAt": "2022-09-30T08:20:23.567Z",
          "updatedAt": "2022-09-30T08:20:23.567Z",
          "serviceBusEndpoint": "https://mynamespacexxx.servicebus.windows.net:443/",
          "status": "Activating"
        }
      }
    },
    {
      "RequestUri": "https://management.azure.com/subscriptions/azure_subscription_id/resourceGroups/myjstest/providers/Microsoft.EventHub/namespaces/mynamespacexxx?api-version=2021-11-01",
      "RequestMethod": "GET",
      "RequestHeaders": {
        "Accept": "application/json",
        "Accept-Encoding": "gzip,deflate",
        "Authorization": "Sanitized",
        "Connection": "keep-alive",
        "Content-Type": "application/json",
        "User-Agent": "azsdk-js-arm-eventhub/5.1.0 core-rest-pipeline/1.9.3 Node/v16.17.0 OS/(x64-Windows_NT-10.0.22000)",
        "x-ms-client-request-id": "f1ac1eae-3448-41c0-aa8d-9b22c66622b2"
      },
      "RequestBody": null,
      "StatusCode": 200,
      "ResponseHeaders": {
        "Cache-Control": "no-cache",
        "Content-Encoding": "gzip",
        "Content-Type": "application/json; charset=utf-8",
        "Date": "Fri, 30 Sep 2022 08:20:42 GMT",
        "Expires": "-1",
        "Pragma": "no-cache",
        "Server": [
          "Service-Bus-Resource-Provider/SN1",
          "Microsoft-HTTPAPI/2.0"
        ],
        "Server-SB": "Service-Bus-Resource-Provider/SN1",
        "Strict-Transport-Security": "max-age=31536000; includeSubDomains",
        "Transfer-Encoding": "chunked",
        "Vary": "Accept-Encoding",
        "X-Content-Type-Options": "nosniff",
        "x-ms-correlation-request-id": "76a59614-9edc-462c-a0ca-0f68dbaab293",
        "x-ms-ratelimit-remaining-subscription-reads": "11990",
        "x-ms-request-id": "e2fd7b59-43da-481d-9e89-63dd40a1813c_M9SN1_M9SN1",
        "x-ms-routing-request-id": "SOUTHEASTASIA:20220930T082043Z:76a59614-9edc-462c-a0ca-0f68dbaab293"
      },
      "ResponseBody": {
        "sku": {
          "name": "Standard",
          "tier": "Standard",
          "capacity": 1
        },
        "id": "/subscriptions/azure_subscription_id/resourceGroups/myjstest/providers/Microsoft.EventHub/namespaces/mynamespacexxx",
        "name": "mynamespacexxx",
        "type": "Microsoft.EventHub/Namespaces",
        "location": "East US",
        "tags": {
          "tag1": "value1",
          "tag2": "value2"
        },
        "properties": {
          "disableLocalAuth": false,
          "zoneRedundant": false,
          "isAutoInflateEnabled": false,
          "maximumThroughputUnits": 0,
          "kafkaEnabled": true,
          "provisioningState": "Created",
          "metricId": "azure_subscription_id:mynamespacexxx",
          "createdAt": "2022-09-30T08:20:23.567Z",
          "updatedAt": "2022-09-30T08:20:23.567Z",
          "serviceBusEndpoint": "https://mynamespacexxx.servicebus.windows.net:443/",
          "status": "Activating"
        }
      }
    },
    {
      "RequestUri": "https://management.azure.com/subscriptions/azure_subscription_id/resourceGroups/myjstest/providers/Microsoft.EventHub/namespaces/mynamespacexxx?api-version=2021-11-01",
      "RequestMethod": "GET",
      "RequestHeaders": {
        "Accept": "application/json",
        "Accept-Encoding": "gzip,deflate",
        "Authorization": "Sanitized",
        "Connection": "keep-alive",
        "Content-Type": "application/json",
        "User-Agent": "azsdk-js-arm-eventhub/5.1.0 core-rest-pipeline/1.9.3 Node/v16.17.0 OS/(x64-Windows_NT-10.0.22000)",
        "x-ms-client-request-id": "fe4b1664-bec7-4fd5-9046-78c8c1f323db"
      },
      "RequestBody": null,
      "StatusCode": 200,
      "ResponseHeaders": {
        "Cache-Control": "no-cache",
        "Content-Encoding": "gzip",
        "Content-Type": "application/json; charset=utf-8",
        "Date": "Fri, 30 Sep 2022 08:20:46 GMT",
        "Expires": "-1",
        "Pragma": "no-cache",
        "Server": [
          "Service-Bus-Resource-Provider/SN1",
          "Microsoft-HTTPAPI/2.0"
        ],
        "Server-SB": "Service-Bus-Resource-Provider/SN1",
        "Strict-Transport-Security": "max-age=31536000; includeSubDomains",
        "Transfer-Encoding": "chunked",
        "Vary": "Accept-Encoding",
        "X-Content-Type-Options": "nosniff",
        "x-ms-correlation-request-id": "093df1e6-a8e4-4df1-8a67-598f8fa46f5a",
        "x-ms-ratelimit-remaining-subscription-reads": "11989",
        "x-ms-request-id": "63e544d4-ff7d-47f2-a32c-95546b0b13d8_M2SN1_M2SN1",
        "x-ms-routing-request-id": "SOUTHEASTASIA:20220930T082046Z:093df1e6-a8e4-4df1-8a67-598f8fa46f5a"
      },
      "ResponseBody": {
        "sku": {
          "name": "Standard",
          "tier": "Standard",
          "capacity": 1
        },
        "id": "/subscriptions/azure_subscription_id/resourceGroups/myjstest/providers/Microsoft.EventHub/namespaces/mynamespacexxx",
        "name": "mynamespacexxx",
        "type": "Microsoft.EventHub/Namespaces",
        "location": "East US",
        "tags": {
          "tag1": "value1",
          "tag2": "value2"
        },
        "properties": {
          "disableLocalAuth": false,
          "zoneRedundant": false,
          "isAutoInflateEnabled": false,
          "maximumThroughputUnits": 0,
          "kafkaEnabled": true,
          "provisioningState": "Created",
          "metricId": "azure_subscription_id:mynamespacexxx",
          "createdAt": "2022-09-30T08:20:23.567Z",
          "updatedAt": "2022-09-30T08:20:23.567Z",
          "serviceBusEndpoint": "https://mynamespacexxx.servicebus.windows.net:443/",
          "status": "Activating"
        }
      }
    },
    {
      "RequestUri": "https://management.azure.com/subscriptions/azure_subscription_id/resourceGroups/myjstest/providers/Microsoft.EventHub/namespaces/mynamespacexxx?api-version=2021-11-01",
      "RequestMethod": "GET",
      "RequestHeaders": {
        "Accept": "application/json",
        "Accept-Encoding": "gzip,deflate",
        "Authorization": "Sanitized",
        "Connection": "keep-alive",
        "Content-Type": "application/json",
        "User-Agent": "azsdk-js-arm-eventhub/5.1.0 core-rest-pipeline/1.9.3 Node/v16.17.0 OS/(x64-Windows_NT-10.0.22000)",
        "x-ms-client-request-id": "a44d6f13-581b-4936-998d-9fc54bc38239"
      },
      "RequestBody": null,
      "StatusCode": 200,
      "ResponseHeaders": {
        "Cache-Control": "no-cache",
        "Content-Encoding": "gzip",
        "Content-Type": "application/json; charset=utf-8",
        "Date": "Fri, 30 Sep 2022 08:20:50 GMT",
        "Expires": "-1",
        "Pragma": "no-cache",
        "Server": [
          "Service-Bus-Resource-Provider/SN1",
          "Microsoft-HTTPAPI/2.0"
        ],
        "Server-SB": "Service-Bus-Resource-Provider/SN1",
        "Strict-Transport-Security": "max-age=31536000; includeSubDomains",
        "Transfer-Encoding": "chunked",
        "Vary": "Accept-Encoding",
        "X-Content-Type-Options": "nosniff",
        "x-ms-correlation-request-id": "78e6e0e3-e519-416b-b52e-3cb1fbca4c01",
        "x-ms-ratelimit-remaining-subscription-reads": "11988",
        "x-ms-request-id": "7bed5825-6b4c-4e9b-8801-2e9f3f1356cf_M11SN1_M11SN1",
        "x-ms-routing-request-id": "SOUTHEASTASIA:20220930T082050Z:78e6e0e3-e519-416b-b52e-3cb1fbca4c01"
      },
      "ResponseBody": {
        "sku": {
          "name": "Standard",
          "tier": "Standard",
          "capacity": 1
        },
        "id": "/subscriptions/azure_subscription_id/resourceGroups/myjstest/providers/Microsoft.EventHub/namespaces/mynamespacexxx",
        "name": "mynamespacexxx",
        "type": "Microsoft.EventHub/Namespaces",
        "location": "East US",
        "tags": {
          "tag1": "value1",
          "tag2": "value2"
        },
        "properties": {
          "disableLocalAuth": false,
          "zoneRedundant": false,
          "isAutoInflateEnabled": false,
          "maximumThroughputUnits": 0,
          "kafkaEnabled": true,
          "provisioningState": "Created",
          "metricId": "azure_subscription_id:mynamespacexxx",
          "createdAt": "2022-09-30T08:20:23.567Z",
          "updatedAt": "2022-09-30T08:20:23.567Z",
          "serviceBusEndpoint": "https://mynamespacexxx.servicebus.windows.net:443/",
          "status": "Activating"
        }
      }
    },
    {
      "RequestUri": "https://management.azure.com/subscriptions/azure_subscription_id/resourceGroups/myjstest/providers/Microsoft.EventHub/namespaces/mynamespacexxx?api-version=2021-11-01",
      "RequestMethod": "GET",
      "RequestHeaders": {
        "Accept": "application/json",
        "Accept-Encoding": "gzip,deflate",
        "Authorization": "Sanitized",
        "Connection": "keep-alive",
        "Content-Type": "application/json",
        "User-Agent": "azsdk-js-arm-eventhub/5.1.0 core-rest-pipeline/1.9.3 Node/v16.17.0 OS/(x64-Windows_NT-10.0.22000)",
        "x-ms-client-request-id": "6828ea5a-cc60-4d4c-825e-5e6d3a6ba211"
      },
      "RequestBody": null,
      "StatusCode": 200,
      "ResponseHeaders": {
        "Cache-Control": "no-cache",
        "Content-Encoding": "gzip",
        "Content-Type": "application/json; charset=utf-8",
        "Date": "Fri, 30 Sep 2022 08:20:53 GMT",
        "Expires": "-1",
        "Pragma": "no-cache",
        "Server": [
          "Service-Bus-Resource-Provider/SN1",
          "Microsoft-HTTPAPI/2.0"
        ],
        "Server-SB": "Service-Bus-Resource-Provider/SN1",
        "Strict-Transport-Security": "max-age=31536000; includeSubDomains",
        "Transfer-Encoding": "chunked",
        "Vary": "Accept-Encoding",
        "X-Content-Type-Options": "nosniff",
        "x-ms-correlation-request-id": "baeaa247-896c-46e4-8544-ecd48f8caae7",
        "x-ms-ratelimit-remaining-subscription-reads": "11987",
        "x-ms-request-id": "7cd86a1c-9d7b-4dc0-96b2-6435a565dcaf_M7SN1_M7SN1",
        "x-ms-routing-request-id": "SOUTHEASTASIA:20220930T082053Z:baeaa247-896c-46e4-8544-ecd48f8caae7"
      },
      "ResponseBody": {
        "sku": {
          "name": "Standard",
          "tier": "Standard",
          "capacity": 1
        },
        "id": "/subscriptions/azure_subscription_id/resourceGroups/myjstest/providers/Microsoft.EventHub/namespaces/mynamespacexxx",
        "name": "mynamespacexxx",
        "type": "Microsoft.EventHub/Namespaces",
        "location": "East US",
        "tags": {
          "tag1": "value1",
          "tag2": "value2"
        },
        "properties": {
          "disableLocalAuth": false,
          "zoneRedundant": false,
          "isAutoInflateEnabled": false,
          "maximumThroughputUnits": 0,
          "kafkaEnabled": true,
          "provisioningState": "Created",
          "metricId": "azure_subscription_id:mynamespacexxx",
          "createdAt": "2022-09-30T08:20:23.567Z",
          "updatedAt": "2022-09-30T08:20:23.567Z",
          "serviceBusEndpoint": "https://mynamespacexxx.servicebus.windows.net:443/",
          "status": "Activating"
        }
      }
    },
    {
      "RequestUri": "https://management.azure.com/subscriptions/azure_subscription_id/resourceGroups/myjstest/providers/Microsoft.EventHub/namespaces/mynamespacexxx?api-version=2021-11-01",
      "RequestMethod": "GET",
      "RequestHeaders": {
        "Accept": "application/json",
        "Accept-Encoding": "gzip,deflate",
        "Authorization": "Sanitized",
        "Connection": "keep-alive",
        "Content-Type": "application/json",
        "User-Agent": "azsdk-js-arm-eventhub/5.1.0 core-rest-pipeline/1.9.3 Node/v16.17.0 OS/(x64-Windows_NT-10.0.22000)",
        "x-ms-client-request-id": "6358ed86-d8f6-4907-8b9f-23a9fe8e37c5"
      },
      "RequestBody": null,
      "StatusCode": 200,
      "ResponseHeaders": {
        "Cache-Control": "no-cache",
        "Content-Encoding": "gzip",
        "Content-Type": "application/json; charset=utf-8",
        "Date": "Fri, 30 Sep 2022 08:20:57 GMT",
        "Expires": "-1",
        "Pragma": "no-cache",
        "Server": [
          "Service-Bus-Resource-Provider/SN1",
          "Microsoft-HTTPAPI/2.0"
        ],
        "Server-SB": "Service-Bus-Resource-Provider/SN1",
        "Strict-Transport-Security": "max-age=31536000; includeSubDomains",
        "Transfer-Encoding": "chunked",
        "Vary": "Accept-Encoding",
        "X-Content-Type-Options": "nosniff",
        "x-ms-correlation-request-id": "ec434f3d-17e6-44bd-9066-d1ecfecb75aa",
        "x-ms-ratelimit-remaining-subscription-reads": "11986",
        "x-ms-request-id": "650ac3fd-24d8-4a1a-9f8b-7de2395fa1ea_M11SN1_M11SN1",
        "x-ms-routing-request-id": "SOUTHEASTASIA:20220930T082057Z:ec434f3d-17e6-44bd-9066-d1ecfecb75aa"
      },
      "ResponseBody": {
        "sku": {
          "name": "Standard",
          "tier": "Standard",
          "capacity": 1
        },
        "id": "/subscriptions/azure_subscription_id/resourceGroups/myjstest/providers/Microsoft.EventHub/namespaces/mynamespacexxx",
        "name": "mynamespacexxx",
        "type": "Microsoft.EventHub/Namespaces",
        "location": "East US",
        "tags": {
          "tag1": "value1",
          "tag2": "value2"
        },
        "properties": {
          "disableLocalAuth": false,
          "zoneRedundant": false,
          "isAutoInflateEnabled": false,
          "maximumThroughputUnits": 0,
          "kafkaEnabled": true,
          "provisioningState": "Created",
          "metricId": "azure_subscription_id:mynamespacexxx",
          "createdAt": "2022-09-30T08:20:23.567Z",
          "updatedAt": "2022-09-30T08:20:23.567Z",
          "serviceBusEndpoint": "https://mynamespacexxx.servicebus.windows.net:443/",
          "status": "Activating"
        }
      }
    },
    {
      "RequestUri": "https://management.azure.com/subscriptions/azure_subscription_id/resourceGroups/myjstest/providers/Microsoft.EventHub/namespaces/mynamespacexxx?api-version=2021-11-01",
      "RequestMethod": "GET",
      "RequestHeaders": {
        "Accept": "application/json",
        "Accept-Encoding": "gzip,deflate",
        "Authorization": "Sanitized",
        "Connection": "keep-alive",
        "Content-Type": "application/json",
        "User-Agent": "azsdk-js-arm-eventhub/5.1.0 core-rest-pipeline/1.9.3 Node/v16.17.0 OS/(x64-Windows_NT-10.0.22000)",
        "x-ms-client-request-id": "f3941268-5853-42b0-a251-67835592f325"
      },
      "RequestBody": null,
      "StatusCode": 200,
      "ResponseHeaders": {
        "Cache-Control": "no-cache",
        "Content-Encoding": "gzip",
        "Content-Type": "application/json; charset=utf-8",
        "Date": "Fri, 30 Sep 2022 08:21:01 GMT",
        "Expires": "-1",
        "Pragma": "no-cache",
        "Server": [
          "Service-Bus-Resource-Provider/SN1",
          "Microsoft-HTTPAPI/2.0"
        ],
        "Server-SB": "Service-Bus-Resource-Provider/SN1",
        "Strict-Transport-Security": "max-age=31536000; includeSubDomains",
        "Transfer-Encoding": "chunked",
        "Vary": "Accept-Encoding",
        "X-Content-Type-Options": "nosniff",
        "x-ms-correlation-request-id": "3285840d-276d-4d70-8d01-f5646c8d50a5",
        "x-ms-ratelimit-remaining-subscription-reads": "11985",
        "x-ms-request-id": "07e49ccf-68aa-4374-b300-68559bdad09c_M10SN1_M10SN1",
        "x-ms-routing-request-id": "SOUTHEASTASIA:20220930T082101Z:3285840d-276d-4d70-8d01-f5646c8d50a5"
      },
      "ResponseBody": {
        "sku": {
          "name": "Standard",
          "tier": "Standard",
          "capacity": 1
        },
        "id": "/subscriptions/azure_subscription_id/resourceGroups/myjstest/providers/Microsoft.EventHub/namespaces/mynamespacexxx",
        "name": "mynamespacexxx",
        "type": "Microsoft.EventHub/Namespaces",
        "location": "East US",
        "tags": {
          "tag1": "value1",
          "tag2": "value2"
        },
        "properties": {
          "disableLocalAuth": false,
          "zoneRedundant": false,
          "isAutoInflateEnabled": false,
          "maximumThroughputUnits": 0,
          "kafkaEnabled": true,
          "provisioningState": "Created",
          "metricId": "azure_subscription_id:mynamespacexxx",
          "createdAt": "2022-09-30T08:20:23.567Z",
          "updatedAt": "2022-09-30T08:20:23.567Z",
          "serviceBusEndpoint": "https://mynamespacexxx.servicebus.windows.net:443/",
          "status": "Activating"
        }
      }
    },
    {
      "RequestUri": "https://management.azure.com/subscriptions/azure_subscription_id/resourceGroups/myjstest/providers/Microsoft.EventHub/namespaces/mynamespacexxx?api-version=2021-11-01",
      "RequestMethod": "GET",
      "RequestHeaders": {
        "Accept": "application/json",
        "Accept-Encoding": "gzip,deflate",
        "Authorization": "Sanitized",
        "Connection": "keep-alive",
        "Content-Type": "application/json",
        "User-Agent": "azsdk-js-arm-eventhub/5.1.0 core-rest-pipeline/1.9.3 Node/v16.17.0 OS/(x64-Windows_NT-10.0.22000)",
        "x-ms-client-request-id": "0f4e118b-b0a8-48dc-8b4c-dd7f40a1e07f"
      },
      "RequestBody": null,
      "StatusCode": 200,
      "ResponseHeaders": {
        "Cache-Control": "no-cache",
        "Content-Encoding": "gzip",
        "Content-Type": "application/json; charset=utf-8",
        "Date": "Fri, 30 Sep 2022 08:21:04 GMT",
        "Expires": "-1",
        "Pragma": "no-cache",
        "Server": [
          "Service-Bus-Resource-Provider/SN1",
          "Microsoft-HTTPAPI/2.0"
        ],
        "Server-SB": "Service-Bus-Resource-Provider/SN1",
        "Strict-Transport-Security": "max-age=31536000; includeSubDomains",
        "Transfer-Encoding": "chunked",
        "Vary": "Accept-Encoding",
        "X-Content-Type-Options": "nosniff",
        "x-ms-correlation-request-id": "f3cd0b3f-8e73-4b4f-b463-8decfb500879",
        "x-ms-ratelimit-remaining-subscription-reads": "11984",
        "x-ms-request-id": "0b34af5e-16a0-4d3d-9bf3-3fe3f29dc471_M5SN1_M5SN1",
        "x-ms-routing-request-id": "SOUTHEASTASIA:20220930T082104Z:f3cd0b3f-8e73-4b4f-b463-8decfb500879"
      },
      "ResponseBody": {
        "sku": {
          "name": "Standard",
          "tier": "Standard",
          "capacity": 1
        },
        "id": "/subscriptions/azure_subscription_id/resourceGroups/myjstest/providers/Microsoft.EventHub/namespaces/mynamespacexxx",
        "name": "mynamespacexxx",
        "type": "Microsoft.EventHub/Namespaces",
        "location": "East US",
        "tags": {
          "tag1": "value1",
          "tag2": "value2"
        },
        "properties": {
          "disableLocalAuth": false,
          "zoneRedundant": false,
          "isAutoInflateEnabled": false,
          "maximumThroughputUnits": 0,
          "kafkaEnabled": true,
          "provisioningState": "Created",
          "metricId": "azure_subscription_id:mynamespacexxx",
          "createdAt": "2022-09-30T08:20:23.567Z",
          "updatedAt": "2022-09-30T08:20:23.567Z",
          "serviceBusEndpoint": "https://mynamespacexxx.servicebus.windows.net:443/",
          "status": "Activating"
        }
      }
    },
    {
      "RequestUri": "https://management.azure.com/subscriptions/azure_subscription_id/resourceGroups/myjstest/providers/Microsoft.EventHub/namespaces/mynamespacexxx?api-version=2021-11-01",
      "RequestMethod": "GET",
      "RequestHeaders": {
        "Accept": "application/json",
        "Accept-Encoding": "gzip,deflate",
        "Authorization": "Sanitized",
        "Connection": "keep-alive",
        "Content-Type": "application/json",
        "User-Agent": "azsdk-js-arm-eventhub/5.1.0 core-rest-pipeline/1.9.3 Node/v16.17.0 OS/(x64-Windows_NT-10.0.22000)",
        "x-ms-client-request-id": "a744a2a8-b1c0-4946-a296-a3632feadcf0"
      },
      "RequestBody": null,
      "StatusCode": 200,
      "ResponseHeaders": {
        "Cache-Control": "no-cache",
        "Content-Encoding": "gzip",
        "Content-Type": "application/json; charset=utf-8",
        "Date": "Fri, 30 Sep 2022 08:21:08 GMT",
        "Expires": "-1",
        "Pragma": "no-cache",
        "Server": [
          "Service-Bus-Resource-Provider/SN1",
          "Microsoft-HTTPAPI/2.0"
        ],
        "Server-SB": "Service-Bus-Resource-Provider/SN1",
        "Strict-Transport-Security": "max-age=31536000; includeSubDomains",
        "Transfer-Encoding": "chunked",
        "Vary": "Accept-Encoding",
        "X-Content-Type-Options": "nosniff",
        "x-ms-correlation-request-id": "9f3f8ea1-46e7-407e-80c8-d63b6b7bb13a",
        "x-ms-ratelimit-remaining-subscription-reads": "11983",
        "x-ms-request-id": "fb7706af-7396-4452-9c97-04e89defad04_M0SN1_M0SN1",
        "x-ms-routing-request-id": "SOUTHEASTASIA:20220930T082108Z:9f3f8ea1-46e7-407e-80c8-d63b6b7bb13a"
      },
      "ResponseBody": {
        "sku": {
          "name": "Standard",
          "tier": "Standard",
          "capacity": 1
        },
        "id": "/subscriptions/azure_subscription_id/resourceGroups/myjstest/providers/Microsoft.EventHub/namespaces/mynamespacexxx",
        "name": "mynamespacexxx",
        "type": "Microsoft.EventHub/Namespaces",
        "location": "East US",
        "tags": {
          "tag1": "value1",
          "tag2": "value2"
        },
        "properties": {
          "disableLocalAuth": false,
          "zoneRedundant": false,
          "isAutoInflateEnabled": false,
          "maximumThroughputUnits": 0,
          "kafkaEnabled": true,
          "provisioningState": "Created",
          "metricId": "azure_subscription_id:mynamespacexxx",
          "createdAt": "2022-09-30T08:20:23.567Z",
          "updatedAt": "2022-09-30T08:20:23.567Z",
          "serviceBusEndpoint": "https://mynamespacexxx.servicebus.windows.net:443/",
          "status": "Activating"
        }
      }
    },
    {
      "RequestUri": "https://management.azure.com/subscriptions/azure_subscription_id/resourceGroups/myjstest/providers/Microsoft.EventHub/namespaces/mynamespacexxx?api-version=2021-11-01",
      "RequestMethod": "GET",
      "RequestHeaders": {
        "Accept": "application/json",
        "Accept-Encoding": "gzip,deflate",
        "Authorization": "Sanitized",
        "Connection": "keep-alive",
        "Content-Type": "application/json",
        "User-Agent": "azsdk-js-arm-eventhub/5.1.0 core-rest-pipeline/1.9.3 Node/v16.17.0 OS/(x64-Windows_NT-10.0.22000)",
        "x-ms-client-request-id": "7907e526-4935-45b1-a776-ef44e4baf70c"
      },
      "RequestBody": null,
      "StatusCode": 200,
      "ResponseHeaders": {
        "Cache-Control": "no-cache",
        "Content-Encoding": "gzip",
        "Content-Type": "application/json; charset=utf-8",
        "Date": "Fri, 30 Sep 2022 08:21:12 GMT",
        "Expires": "-1",
        "Pragma": "no-cache",
        "Server": [
          "Service-Bus-Resource-Provider/CH3",
          "Microsoft-HTTPAPI/2.0"
        ],
        "Server-SB": "Service-Bus-Resource-Provider/CH3",
        "Strict-Transport-Security": "max-age=31536000; includeSubDomains",
        "Transfer-Encoding": "chunked",
        "Vary": "Accept-Encoding",
        "X-Content-Type-Options": "nosniff",
        "x-ms-correlation-request-id": "e8f73183-ee33-4807-9513-108f7fe8ef76",
        "x-ms-ratelimit-remaining-subscription-reads": "11982",
        "x-ms-request-id": "c0f2b98c-8136-46f0-a349-eae265e89c58_M9CH3_M9CH3",
        "x-ms-routing-request-id": "SOUTHEASTASIA:20220930T082112Z:e8f73183-ee33-4807-9513-108f7fe8ef76"
      },
      "ResponseBody": {
        "sku": {
          "name": "Standard",
          "tier": "Standard",
          "capacity": 1
        },
        "id": "/subscriptions/azure_subscription_id/resourceGroups/myjstest/providers/Microsoft.EventHub/namespaces/mynamespacexxx",
        "name": "mynamespacexxx",
        "type": "Microsoft.EventHub/Namespaces",
        "location": "East US",
        "tags": {
          "tag1": "value1",
          "tag2": "value2"
        },
        "properties": {
          "disableLocalAuth": false,
          "zoneRedundant": false,
          "isAutoInflateEnabled": false,
          "maximumThroughputUnits": 0,
          "kafkaEnabled": true,
          "provisioningState": "Created",
          "metricId": "azure_subscription_id:mynamespacexxx",
          "createdAt": "2022-09-30T08:20:23.567Z",
          "updatedAt": "2022-09-30T08:20:23.567Z",
          "serviceBusEndpoint": "https://mynamespacexxx.servicebus.windows.net:443/",
          "status": "Activating"
        }
      }
    },
    {
      "RequestUri": "https://management.azure.com/subscriptions/azure_subscription_id/resourceGroups/myjstest/providers/Microsoft.EventHub/namespaces/mynamespacexxx?api-version=2021-11-01",
      "RequestMethod": "GET",
      "RequestHeaders": {
        "Accept": "application/json",
        "Accept-Encoding": "gzip,deflate",
        "Authorization": "Sanitized",
        "Connection": "keep-alive",
        "Content-Type": "application/json",
        "User-Agent": "azsdk-js-arm-eventhub/5.1.0 core-rest-pipeline/1.9.3 Node/v16.17.0 OS/(x64-Windows_NT-10.0.22000)",
        "x-ms-client-request-id": "6a81ba3a-9a71-42f1-969b-c83224d36c81"
      },
      "RequestBody": null,
      "StatusCode": 200,
      "ResponseHeaders": {
        "Cache-Control": "no-cache",
        "Content-Encoding": "gzip",
        "Content-Type": "application/json; charset=utf-8",
        "Date": "Fri, 30 Sep 2022 08:21:15 GMT",
        "Expires": "-1",
        "Pragma": "no-cache",
        "Server": [
          "Service-Bus-Resource-Provider/CH3",
          "Microsoft-HTTPAPI/2.0"
        ],
        "Server-SB": "Service-Bus-Resource-Provider/CH3",
        "Strict-Transport-Security": "max-age=31536000; includeSubDomains",
        "Transfer-Encoding": "chunked",
        "Vary": "Accept-Encoding",
        "X-Content-Type-Options": "nosniff",
        "x-ms-correlation-request-id": "b8eccfb1-f856-434f-8275-2d997820f593",
        "x-ms-ratelimit-remaining-subscription-reads": "11981",
        "x-ms-request-id": "df83711c-61d8-4245-8572-dec42c14f118_M1CH3_M1CH3",
        "x-ms-routing-request-id": "SOUTHEASTASIA:20220930T082116Z:b8eccfb1-f856-434f-8275-2d997820f593"
      },
      "ResponseBody": {
        "sku": {
          "name": "Standard",
          "tier": "Standard",
          "capacity": 1
        },
        "id": "/subscriptions/azure_subscription_id/resourceGroups/myjstest/providers/Microsoft.EventHub/namespaces/mynamespacexxx",
        "name": "mynamespacexxx",
        "type": "Microsoft.EventHub/Namespaces",
        "location": "East US",
        "tags": {
          "tag1": "value1",
          "tag2": "value2"
        },
        "properties": {
          "disableLocalAuth": false,
          "zoneRedundant": false,
          "isAutoInflateEnabled": false,
          "maximumThroughputUnits": 0,
          "kafkaEnabled": true,
          "provisioningState": "Created",
          "metricId": "azure_subscription_id:mynamespacexxx",
          "createdAt": "2022-09-30T08:20:23.567Z",
          "updatedAt": "2022-09-30T08:20:23.567Z",
          "serviceBusEndpoint": "https://mynamespacexxx.servicebus.windows.net:443/",
          "status": "Activating"
        }
      }
    },
    {
      "RequestUri": "https://management.azure.com/subscriptions/azure_subscription_id/resourceGroups/myjstest/providers/Microsoft.EventHub/namespaces/mynamespacexxx?api-version=2021-11-01",
      "RequestMethod": "GET",
      "RequestHeaders": {
        "Accept": "application/json",
        "Accept-Encoding": "gzip,deflate",
        "Authorization": "Sanitized",
        "Connection": "keep-alive",
        "Content-Type": "application/json",
        "User-Agent": "azsdk-js-arm-eventhub/5.1.0 core-rest-pipeline/1.9.3 Node/v16.17.0 OS/(x64-Windows_NT-10.0.22000)",
        "x-ms-client-request-id": "8ce29014-43b9-4217-b364-b7bc215826a4"
      },
      "RequestBody": null,
      "StatusCode": 200,
      "ResponseHeaders": {
        "Cache-Control": "no-cache",
        "Content-Encoding": "gzip",
        "Content-Type": "application/json; charset=utf-8",
        "Date": "Fri, 30 Sep 2022 08:21:19 GMT",
        "Expires": "-1",
        "Pragma": "no-cache",
        "Server": [
          "Service-Bus-Resource-Provider/CH3",
          "Microsoft-HTTPAPI/2.0"
        ],
        "Server-SB": "Service-Bus-Resource-Provider/CH3",
        "Strict-Transport-Security": "max-age=31536000; includeSubDomains",
        "Transfer-Encoding": "chunked",
        "Vary": "Accept-Encoding",
        "X-Content-Type-Options": "nosniff",
        "x-ms-correlation-request-id": "97e0c8e0-6510-43b0-8cbf-1a3ea5febb8d",
        "x-ms-ratelimit-remaining-subscription-reads": "11980",
        "x-ms-request-id": "0293697e-990b-4a1f-9d6e-efe348dd0a5d_M3CH3_M3CH3",
        "x-ms-routing-request-id": "SOUTHEASTASIA:20220930T082119Z:97e0c8e0-6510-43b0-8cbf-1a3ea5febb8d"
      },
      "ResponseBody": {
        "sku": {
          "name": "Standard",
          "tier": "Standard",
          "capacity": 1
        },
        "id": "/subscriptions/azure_subscription_id/resourceGroups/myjstest/providers/Microsoft.EventHub/namespaces/mynamespacexxx",
        "name": "mynamespacexxx",
        "type": "Microsoft.EventHub/Namespaces",
        "location": "East US",
        "tags": {
          "tag1": "value1",
          "tag2": "value2"
        },
        "properties": {
          "disableLocalAuth": false,
          "zoneRedundant": false,
          "isAutoInflateEnabled": false,
          "maximumThroughputUnits": 0,
          "kafkaEnabled": true,
          "provisioningState": "Succeeded",
          "metricId": "azure_subscription_id:mynamespacexxx",
          "createdAt": "2022-09-30T08:20:23.567Z",
          "updatedAt": "2022-09-30T08:21:15.907Z",
          "serviceBusEndpoint": "https://mynamespacexxx.servicebus.windows.net:443/",
          "status": "Active"
        }
      }
    }
  ],
  "Variables": {}
}
