{
  "Entries": [
    {
      "RequestUri": "https://management.azure.com/subscriptions/azure_subscription_id/resourceGroups/myjstest/providers/Microsoft.Batch/batchAccounts/myaccountxxx/pools/mypoolxxx/stopResize?api-version=2022-10-01",
      "RequestMethod": "POST",
      "RequestHeaders": {
        "Accept": "application/json",
        "Accept-Encoding": "gzip,deflate",
        "Authorization": "Sanitized",
        "Connection": "keep-alive",
        "Content-Length": "0",
        "User-Agent": "azsdk-js-arm-batch/8.0.0 core-rest-pipeline/1.10.1 Node/v16.17.0 OS/(x64-Windows_NT-10.0.22621)",
        "x-ms-client-request-id": "15d48c43-9668-44e1-947b-c930cb9dfed9"
      },
      "RequestBody": null,
      "StatusCode": 504,
      "ResponseHeaders": {
        "Cache-Control": "no-cache",
        "Connection": "close",
        "Content-Length": "143",
        "Content-Type": "application/json; charset=utf-8",
        "Date": "Thu, 10 Nov 2022 07:29:16 GMT",
        "Expires": "-1",
        "Pragma": "no-cache",
        "Strict-Transport-Security": "max-age=31536000; includeSubDomains",
        "X-Content-Type-Options": "nosniff",
        "x-ms-correlation-request-id": "d256a1b4-f325-4836-bd05-a826a28df583",
        "x-ms-failure-cause": "service",
        "x-ms-request-id": "d256a1b4-f325-4836-bd05-a826a28df583",
        "x-ms-routing-request-id": "SOUTHEASTASIA:20221110T072916Z:d256a1b4-f325-4836-bd05-a826a28df583"
      },
      "ResponseBody": {
        "error": {
          "code": "GatewayTimeout",
          "message": "The gateway did not receive a response from \u0027Microsoft.Batch\u0027 within the specified time period."
        }
      }
    },
    {
      "RequestUri": "https://management.azure.com/subscriptions/azure_subscription_id/resourceGroups/myjstest/providers/Microsoft.Batch/batchAccounts/myaccountxxx/pools/mypoolxxx/stopResize?api-version=2022-10-01",
      "RequestMethod": "POST",
      "RequestHeaders": {
        "Accept": "application/json",
        "Accept-Encoding": "gzip,deflate",
        "Authorization": "Sanitized",
        "Connection": "keep-alive",
        "Content-Length": "0",
        "User-Agent": "azsdk-js-arm-batch/8.0.0 core-rest-pipeline/1.10.1 Node/v16.17.0 OS/(x64-Windows_NT-10.0.22621)",
        "x-ms-client-request-id": "15d48c43-9668-44e1-947b-c930cb9dfed9"
      },
      "RequestBody": null,
      "StatusCode": 504,
      "ResponseHeaders": {
        "Cache-Control": "no-cache",
        "Connection": "close",
        "Content-Length": "143",
        "Content-Type": "application/json; charset=utf-8",
        "Date": "Thu, 10 Nov 2022 07:29:38 GMT",
        "Expires": "-1",
        "Pragma": "no-cache",
        "Strict-Transport-Security": "max-age=31536000; includeSubDomains",
        "X-Content-Type-Options": "nosniff",
        "x-ms-correlation-request-id": "8d49e214-b97c-4844-9992-4716e664e9e3",
        "x-ms-failure-cause": "service",
        "x-ms-request-id": "8d49e214-b97c-4844-9992-4716e664e9e3",
        "x-ms-routing-request-id": "SOUTHEASTASIA:20221110T072938Z:8d49e214-b97c-4844-9992-4716e664e9e3"
      },
      "ResponseBody": {
        "error": {
          "code": "GatewayTimeout",
          "message": "The gateway did not receive a response from \u0027Microsoft.Batch\u0027 within the specified time period."
        }
      }
    },
    {
      "RequestUri": "https://management.azure.com/subscriptions/azure_subscription_id/resourceGroups/myjstest/providers/Microsoft.Batch/batchAccounts/myaccountxxx/pools/mypoolxxx/stopResize?api-version=2022-10-01",
      "RequestMethod": "POST",
      "RequestHeaders": {
        "Accept": "application/json",
        "Accept-Encoding": "gzip,deflate",
        "Authorization": "Sanitized",
        "Connection": "keep-alive",
        "Content-Length": "0",
        "User-Agent": "azsdk-js-arm-batch/8.0.0 core-rest-pipeline/1.10.1 Node/v16.17.0 OS/(x64-Windows_NT-10.0.22621)",
        "x-ms-client-request-id": "15d48c43-9668-44e1-947b-c930cb9dfed9"
      },
      "RequestBody": null,
      "StatusCode": 200,
      "ResponseHeaders": {
        "Cache-Control": "no-cache",
        "Content-Encoding": "gzip",
        "Content-Type": "application/json; charset=utf-8",
        "Date": "Thu, 10 Nov 2022 07:29:43 GMT",
        "ETag": "W/\u00220x8DAC2ED39E2C168\u0022",
        "Expires": "-1",
        "Last-Modified": "Thu, 10 Nov 2022 07:28:56 GMT",
        "Pragma": "no-cache",
        "Server": "Microsoft-HTTPAPI/2.0",
        "Strict-Transport-Security": "max-age=31536000; includeSubDomains",
        "Transfer-Encoding": "chunked",
        "Vary": "Accept-Encoding",
        "X-Content-Type-Options": "nosniff",
        "x-ms-correlation-request-id": "e159c029-35ce-4abb-9fc5-46c6b54741b9",
        "x-ms-ratelimit-remaining-subscription-writes": "1199",
        "x-ms-request-id": "965a9848-5dd4-46d1-98e9-02d1a6a32d3b",
        "x-ms-routing-request-id": "SOUTHEASTASIA:20221110T072944Z:e159c029-35ce-4abb-9fc5-46c6b54741b9"
      },
      "ResponseBody": {
        "id": "/subscriptions/azure_subscription_id/resourceGroups/myjstest/providers/Microsoft.Batch/batchAccounts/myaccountxxx/pools/mypoolxxx",
        "name": "mypoolxxx",
        "type": "Microsoft.Batch/batchAccounts/pools",
        "etag": "W/\u00220x8DAC2ED39E2C168\u0022",
        "properties": {
          "lastModified": "2022-11-10T07:28:56.0546152Z",
          "creationTime": "2022-11-10T07:28:50.2225394Z",
          "provisioningState": "Succeeded",
          "provisioningStateTransitionTime": "2022-11-10T07:28:50.2225394Z",
          "allocationState": "Steady",
          "allocationStateTransitionTime": "2022-11-10T07:29:43.8642344Z",
          "vmSize": "STANDARD_D4",
          "interNodeCommunication": "Disabled",
          "taskSlotsPerNode": 1,
          "taskSchedulingPolicy": {
            "nodeFillType": "Spread"
          },
          "deploymentConfiguration": {
            "cloudServiceConfiguration": {
              "osFamily": "5",
              "osVersion": "*"
            }
          },
          "scaleSettings": {
            "fixedScale": {
              "targetDedicatedNodes": 0,
              "targetLowPriorityNodes": 0,
              "resizeTimeout": "PT15M"
            }
          },
          "resizeOperationStatus": {
            "targetDedicatedNodes": 0,
            "nodeDeallocationOption": "Requeue",
            "resizeTimeout": "PT15M",
            "startTime": "2022-11-10T07:28:54.8095978Z",
            "errors": [
              {
                "code": "AccountVMSeriesCoreQuotaReached",
                "message": "The specified account has reached VM series core quota for standardDFamily"
              }
            ]
          },
          "currentDedicatedNodes": 0,
          "currentLowPriorityNodes": 0
        }
      }
    }
  ],
  "Variables": {}
}
