{
  "Entries": [
    {
      "RequestUri": "https://endpoint/language/analyze-text/jobs?api-version=2022-10-01-preview",
      "RequestMethod": "POST",
      "RequestHeaders": {
        "Accept": "application/json",
        "Accept-Encoding": "gzip, deflate, br",
        "Accept-Language": "en-US",
        "Connection": "keep-alive",
        "Content-Length": "498",
        "Content-Type": "application/json",
        "ocp-apim-subscription-key": "api_key",
        "Referer": "http://localhost:9876/",
        "sec-ch-ua": "",
        "sec-ch-ua-mobile": "?0",
        "sec-ch-ua-platform": "\u0022\u0022",
        "Sec-Fetch-Dest": "empty",
        "Sec-Fetch-Mode": "cors",
        "Sec-Fetch-Site": "same-site",
        "User-Agent": "Mozilla/5.0 (Windows NT 10.0; Win64; x64) AppleWebKit/537.36 (KHTML, like Gecko) HeadlessChrome/112.0.5614.0 Safari/537.36",
        "x-ms-client-request-id": "411a5b01-661e-4516-ab44-19e1acd83c4f",
        "x-ms-useragent": "azsdk-js-ai-language-text/1.1.0-beta.3 core-rest-pipeline/1.10.3 OS"
      },
      "RequestBody": {
        "analysisInput": {
          "documents": [
            {
              "id": "0",
              "text": "I will go to the park.",
              "language": "auto"
            },
            {
              "id": "1",
              "text": "Este es un document escrito en Espa\u00F1ol.",
              "language": "auto"
            },
            {
              "id": "2",
              "text": "\u732B\u306F\u5E78\u305B",
              "language": "auto"
            }
          ]
        },
        "tasks": [
          {
            "kind": "EntityRecognition",
            "parameters": {}
          },
          {
            "kind": "PiiEntityRecognition",
            "parameters": {}
          },
          {
            "kind": "SentimentAnalysis",
            "parameters": {}
          },
          {
            "kind": "KeyPhraseExtraction",
            "parameters": {}
          },
          {
            "kind": "EntityLinking",
            "parameters": {}
          },
          {
            "kind": "Healthcare",
            "parameters": {}
          }
        ]
      },
      "StatusCode": 202,
      "ResponseHeaders": {
        "apim-request-id": "1a1070fa-5df1-4166-a00c-e114abe66fdc",
        "Content-Length": "0",
        "Date": "Fri, 31 Mar 2023 17:19:39 GMT",
        "operation-location": "https://endpoint/language/analyze-text/jobs/8de9f7c6-7ced-4fd9-ac3a-5f29636f4732?api-version=2022-10-01-preview",
        "Strict-Transport-Security": "max-age=31536000; includeSubDomains; preload",
        "X-Content-Type-Options": "nosniff",
        "x-envoy-upstream-service-time": "320",
        "x-ms-region": "East US"
      },
      "ResponseBody": null
    },
    {
      "RequestUri": "https://endpoint/language/analyze-text/jobs/8de9f7c6-7ced-4fd9-ac3a-5f29636f4732?api-version=2022-10-01-preview",
      "RequestMethod": "GET",
      "RequestHeaders": {
        "Accept": "application/json",
        "Accept-Encoding": "gzip, deflate, br",
        "Accept-Language": "en-US",
        "Connection": "keep-alive",
        "ocp-apim-subscription-key": "api_key",
        "Referer": "http://localhost:9876/",
        "sec-ch-ua": "",
        "sec-ch-ua-mobile": "?0",
        "sec-ch-ua-platform": "\u0022\u0022",
        "Sec-Fetch-Dest": "empty",
        "Sec-Fetch-Mode": "cors",
        "Sec-Fetch-Site": "same-site",
        "User-Agent": "Mozilla/5.0 (Windows NT 10.0; Win64; x64) AppleWebKit/537.36 (KHTML, like Gecko) HeadlessChrome/112.0.5614.0 Safari/537.36",
        "x-ms-client-request-id": "14fa0947-41ec-4553-a19c-53d298a4f2ee",
        "x-ms-useragent": "azsdk-js-ai-language-text/1.1.0-beta.3 core-rest-pipeline/1.10.3 OS"
      },
      "RequestBody": null,
      "StatusCode": 200,
      "ResponseHeaders": {
        "apim-request-id": "fe379478-76af-4359-ab11-a5e07202e370",
        "Content-Length": "283",
        "Content-Type": "application/json; charset=utf-8",
        "Date": "Fri, 31 Mar 2023 17:19:39 GMT",
        "Strict-Transport-Security": "max-age=31536000; includeSubDomains; preload",
        "X-Content-Type-Options": "nosniff",
        "x-envoy-upstream-service-time": "16",
        "x-ms-region": "East US"
      },
      "ResponseBody": {
        "jobId": "8de9f7c6-7ced-4fd9-ac3a-5f29636f4732",
        "lastUpdatedDateTime": "2023-03-31T17:19:40Z",
        "createdDateTime": "2023-03-31T17:19:39Z",
        "expirationDateTime": "2023-04-01T17:19:39Z",
        "status": "notStarted",
        "errors": [],
        "tasks": {
          "completed": 0,
          "failed": 0,
          "inProgress": 6,
          "total": 6,
          "items": []
        }
      }
    },
    {
      "RequestUri": "https://endpoint/language/analyze-text/jobs/8de9f7c6-7ced-4fd9-ac3a-5f29636f4732?api-version=2022-10-01-preview",
      "RequestMethod": "GET",
      "RequestHeaders": {
        "Accept": "application/json",
        "Accept-Encoding": "gzip, deflate, br",
        "Accept-Language": "en-US",
        "Connection": "keep-alive",
        "ocp-apim-subscription-key": "api_key",
        "Referer": "http://localhost:9876/",
        "sec-ch-ua": "",
        "sec-ch-ua-mobile": "?0",
        "sec-ch-ua-platform": "\u0022\u0022",
        "Sec-Fetch-Dest": "empty",
        "Sec-Fetch-Mode": "cors",
        "Sec-Fetch-Site": "same-site",
        "User-Agent": "Mozilla/5.0 (Windows NT 10.0; Win64; x64) AppleWebKit/537.36 (KHTML, like Gecko) HeadlessChrome/112.0.5614.0 Safari/537.36",
        "x-ms-client-request-id": "37ba9ddb-cc20-4fe4-acbb-d6e8a70467e3",
        "x-ms-useragent": "azsdk-js-ai-language-text/1.1.0-beta.3 core-rest-pipeline/1.10.3 OS"
      },
      "RequestBody": null,
      "StatusCode": 200,
      "ResponseHeaders": {
        "apim-request-id": "5b942cd4-862f-464e-a232-b472a1d9e5ba",
        "Content-Length": "283",
        "Content-Type": "application/json; charset=utf-8",
        "Date": "Fri, 31 Mar 2023 17:19:39 GMT",
        "Strict-Transport-Security": "max-age=31536000; includeSubDomains; preload",
        "X-Content-Type-Options": "nosniff",
        "x-envoy-upstream-service-time": "9",
        "x-ms-region": "East US"
      },
      "ResponseBody": {
        "jobId": "8de9f7c6-7ced-4fd9-ac3a-5f29636f4732",
        "lastUpdatedDateTime": "2023-03-31T17:19:40Z",
        "createdDateTime": "2023-03-31T17:19:39Z",
        "expirationDateTime": "2023-04-01T17:19:39Z",
        "status": "notStarted",
        "errors": [],
        "tasks": {
          "completed": 0,
          "failed": 0,
          "inProgress": 6,
          "total": 6,
          "items": []
        }
      }
    },
    {
      "RequestUri": "https://endpoint/language/analyze-text/jobs/8de9f7c6-7ced-4fd9-ac3a-5f29636f4732?api-version=2022-10-01-preview",
      "RequestMethod": "GET",
      "RequestHeaders": {
        "Accept": "application/json",
        "Accept-Encoding": "gzip, deflate, br",
        "Accept-Language": "en-US",
        "Connection": "keep-alive",
        "ocp-apim-subscription-key": "api_key",
        "Referer": "http://localhost:9876/",
        "sec-ch-ua": "",
        "sec-ch-ua-mobile": "?0",
        "sec-ch-ua-platform": "\u0022\u0022",
        "Sec-Fetch-Dest": "empty",
        "Sec-Fetch-Mode": "cors",
        "Sec-Fetch-Site": "same-site",
        "User-Agent": "Mozilla/5.0 (Windows NT 10.0; Win64; x64) AppleWebKit/537.36 (KHTML, like Gecko) HeadlessChrome/112.0.5614.0 Safari/537.36",
        "x-ms-client-request-id": "788ec8c7-d7fe-4f62-9304-f5ab1f882e73",
        "x-ms-useragent": "azsdk-js-ai-language-text/1.1.0-beta.3 core-rest-pipeline/1.10.3 OS"
      },
      "RequestBody": null,
      "StatusCode": 200,
      "ResponseHeaders": {
        "apim-request-id": "3e291aff-1993-4536-aed6-42fd12da6f59",
        "Content-Length": "2262",
        "Content-Type": "application/json; charset=utf-8",
        "Date": "Fri, 31 Mar 2023 17:19:42 GMT",
        "Strict-Transport-Security": "max-age=31536000; includeSubDomains; preload",
        "X-Content-Type-Options": "nosniff",
        "x-envoy-upstream-service-time": "135",
        "x-ms-region": "East US"
      },
      "ResponseBody": {
        "jobId": "8de9f7c6-7ced-4fd9-ac3a-5f29636f4732",
        "lastUpdatedDateTime": "2023-03-31T17:19:42Z",
        "createdDateTime": "2023-03-31T17:19:39Z",
        "expirationDateTime": "2023-04-01T17:19:39Z",
        "status": "running",
        "errors": [],
        "tasks": {
          "completed": 2,
          "failed": 0,
          "inProgress": 4,
          "total": 6,
          "items": [
            {
              "kind": "SentimentAnalysisLROResults",
              "lastUpdateDateTime": "2023-03-31T17:19:41.9943914Z",
              "status": "succeeded",
              "results": {
                "documents": [
                  {
                    "id": "0",
                    "sentiment": "neutral",
                    "confidenceScores": {
                      "positive": 0.0,
                      "neutral": 0.99,
                      "negative": 0.0
                    },
                    "sentences": [
                      {
                        "sentiment": "neutral",
                        "confidenceScores": {
                          "positive": 0.0,
                          "neutral": 0.99,
                          "negative": 0.0
                        },
                        "offset": 0,
                        "length": 22,
                        "text": "I will go to the park."
                      }
                    ],
                    "warnings": [],
                    "detectedLanguage": {
                      "name": "English",
                      "iso6391Name": "en",
                      "confidenceScore": 1.0
                    },
                    "isLanguageDefaulted": false
                  },
                  {
                    "id": "1",
                    "sentiment": "neutral",
                    "confidenceScores": {
                      "positive": 0.02,
                      "neutral": 0.98,
                      "negative": 0.0
                    },
                    "sentences": [
                      {
                        "sentiment": "neutral",
                        "confidenceScores": {
                          "positive": 0.02,
                          "neutral": 0.98,
                          "negative": 0.0
                        },
                        "offset": 0,
                        "length": 39,
                        "text": "Este es un document escrito en Espa\u00F1ol."
                      }
                    ],
                    "warnings": [],
                    "detectedLanguage": {
                      "name": "Spanish",
                      "iso6391Name": "es",
                      "confidenceScore": 1.0
                    },
                    "isLanguageDefaulted": false
                  },
                  {
                    "id": "2",
                    "sentiment": "positive",
                    "confidenceScores": {
                      "positive": 0.96,
                      "neutral": 0.04,
                      "negative": 0.01
                    },
                    "sentences": [
                      {
                        "sentiment": "positive",
                        "confidenceScores": {
                          "positive": 0.96,
                          "neutral": 0.04,
                          "negative": 0.01
                        },
                        "offset": 0,
                        "length": 4,
                        "text": "\u732B\u306F\u5E78\u305B"
                      }
                    ],
                    "warnings": [],
                    "detectedLanguage": {
                      "name": "Japanese",
                      "iso6391Name": "ja",
                      "confidenceScore": 1.0
                    },
                    "isLanguageDefaulted": false
                  }
                ],
                "errors": [],
                "modelVersion": "2022-11-01"
              }
            },
            {
              "kind": "KeyPhraseExtractionLROResults",
              "lastUpdateDateTime": "2023-03-31T17:19:42.1536834Z",
              "status": "succeeded",
              "results": {
                "documents": [
                  {
                    "id": "0",
                    "keyPhrases": [
                      "park"
                    ],
                    "warnings": [],
                    "detectedLanguage": {
                      "name": "English",
                      "iso6391Name": "en",
                      "confidenceScore": 1.0
                    },
                    "isLanguageDefaulted": false
                  },
                  {
                    "id": "1",
                    "keyPhrases": [
                      "Espa\u00F1ol",
                      "document"
                    ],
                    "warnings": [],
                    "detectedLanguage": {
                      "name": "Spanish",
                      "iso6391Name": "es",
                      "confidenceScore": 1.0
                    },
                    "isLanguageDefaulted": false
                  },
                  {
                    "id": "2",
                    "keyPhrases": [],
                    "warnings": [],
                    "detectedLanguage": {
                      "name": "Japanese",
                      "iso6391Name": "ja",
                      "confidenceScore": 1.0
                    },
                    "isLanguageDefaulted": false
                  }
                ],
                "errors": [],
                "modelVersion": "2022-10-01"
              }
            }
          ]
        }
      }
    },
    {
      "RequestUri": "https://endpoint/language/analyze-text/jobs/8de9f7c6-7ced-4fd9-ac3a-5f29636f4732?api-version=2022-10-01-preview",
      "RequestMethod": "GET",
      "RequestHeaders": {
        "Accept": "application/json",
        "Accept-Encoding": "gzip, deflate, br",
        "Accept-Language": "en-US",
        "Connection": "keep-alive",
        "ocp-apim-subscription-key": "api_key",
        "Referer": "http://localhost:9876/",
        "sec-ch-ua": "",
        "sec-ch-ua-mobile": "?0",
        "sec-ch-ua-platform": "\u0022\u0022",
        "Sec-Fetch-Dest": "empty",
        "Sec-Fetch-Mode": "cors",
        "Sec-Fetch-Site": "same-site",
        "User-Agent": "Mozilla/5.0 (Windows NT 10.0; Win64; x64) AppleWebKit/537.36 (KHTML, like Gecko) HeadlessChrome/112.0.5614.0 Safari/537.36",
        "x-ms-client-request-id": "f94ef78c-a2f2-4770-a5df-68d78896d6e8",
        "x-ms-useragent": "azsdk-js-ai-language-text/1.1.0-beta.3 core-rest-pipeline/1.10.3 OS"
      },
      "RequestBody": null,
      "StatusCode": 200,
      "ResponseHeaders": {
        "apim-request-id": "0d76d14d-375f-481c-b9c9-8c6a22ad30ca",
        "Content-Length": "3000",
        "Content-Type": "application/json; charset=utf-8",
        "Date": "Fri, 31 Mar 2023 17:19:44 GMT",
        "Strict-Transport-Security": "max-age=31536000; includeSubDomains; preload",
        "X-Content-Type-Options": "nosniff",
        "x-envoy-upstream-service-time": "260",
        "x-ms-region": "East US"
      },
      "ResponseBody": {
        "jobId": "8de9f7c6-7ced-4fd9-ac3a-5f29636f4732",
        "lastUpdatedDateTime": "2023-03-31T17:19:43Z",
        "createdDateTime": "2023-03-31T17:19:39Z",
        "expirationDateTime": "2023-04-01T17:19:39Z",
        "status": "running",
        "errors": [],
        "tasks": {
          "completed": 3,
          "failed": 0,
          "inProgress": 3,
          "total": 6,
          "items": [
            {
              "kind": "SentimentAnalysisLROResults",
              "lastUpdateDateTime": "2023-03-31T17:19:41.9943914Z",
              "status": "succeeded",
              "results": {
                "documents": [
                  {
                    "id": "0",
                    "sentiment": "neutral",
                    "confidenceScores": {
                      "positive": 0.0,
                      "neutral": 0.99,
                      "negative": 0.0
                    },
                    "sentences": [
                      {
                        "sentiment": "neutral",
                        "confidenceScores": {
                          "positive": 0.0,
                          "neutral": 0.99,
                          "negative": 0.0
                        },
                        "offset": 0,
                        "length": 22,
                        "text": "I will go to the park."
                      }
                    ],
                    "warnings": [],
                    "detectedLanguage": {
                      "name": "English",
                      "iso6391Name": "en",
                      "confidenceScore": 1.0
                    },
                    "isLanguageDefaulted": false
                  },
                  {
                    "id": "1",
                    "sentiment": "neutral",
                    "confidenceScores": {
                      "positive": 0.02,
                      "neutral": 0.98,
                      "negative": 0.0
                    },
                    "sentences": [
                      {
                        "sentiment": "neutral",
                        "confidenceScores": {
                          "positive": 0.02,
                          "neutral": 0.98,
                          "negative": 0.0
                        },
                        "offset": 0,
                        "length": 39,
                        "text": "Este es un document escrito en Espa\u00F1ol."
                      }
                    ],
                    "warnings": [],
                    "detectedLanguage": {
                      "name": "Spanish",
                      "iso6391Name": "es",
                      "confidenceScore": 1.0
                    },
                    "isLanguageDefaulted": false
                  },
                  {
                    "id": "2",
                    "sentiment": "positive",
                    "confidenceScores": {
                      "positive": 0.96,
                      "neutral": 0.04,
                      "negative": 0.01
                    },
                    "sentences": [
                      {
                        "sentiment": "positive",
                        "confidenceScores": {
                          "positive": 0.96,
                          "neutral": 0.04,
                          "negative": 0.01
                        },
                        "offset": 0,
                        "length": 4,
                        "text": "\u732B\u306F\u5E78\u305B"
                      }
                    ],
                    "warnings": [],
                    "detectedLanguage": {
                      "name": "Japanese",
                      "iso6391Name": "ja",
                      "confidenceScore": 1.0
                    },
                    "isLanguageDefaulted": false
                  }
                ],
                "errors": [],
                "modelVersion": "2022-11-01"
              }
            },
            {
              "kind": "KeyPhraseExtractionLROResults",
              "lastUpdateDateTime": "2023-03-31T17:19:42.1536834Z",
              "status": "succeeded",
              "results": {
                "documents": [
                  {
                    "id": "0",
                    "keyPhrases": [
                      "park"
                    ],
                    "warnings": [],
                    "detectedLanguage": {
                      "name": "English",
                      "iso6391Name": "en",
                      "confidenceScore": 1.0
                    },
                    "isLanguageDefaulted": false
                  },
                  {
                    "id": "1",
                    "keyPhrases": [
                      "Espa\u00F1ol",
                      "document"
                    ],
                    "warnings": [],
                    "detectedLanguage": {
                      "name": "Spanish",
                      "iso6391Name": "es",
                      "confidenceScore": 1.0
                    },
                    "isLanguageDefaulted": false
                  },
                  {
                    "id": "2",
                    "keyPhrases": [],
                    "warnings": [],
                    "detectedLanguage": {
                      "name": "Japanese",
                      "iso6391Name": "ja",
                      "confidenceScore": 1.0
                    },
                    "isLanguageDefaulted": false
                  }
                ],
                "errors": [],
                "modelVersion": "2022-10-01"
              }
            },
            {
              "kind": "EntityLinkingLROResults",
              "lastUpdateDateTime": "2023-03-31T17:19:43.0360112Z",
              "status": "succeeded",
              "results": {
                "documents": [
                  {
                    "id": "0",
                    "entities": [],
                    "warnings": [],
                    "detectedLanguage": {
                      "name": "English",
                      "iso6391Name": "en",
                      "confidenceScore": 1.0
                    },
                    "isLanguageDefaulted": false
                  },
                  {
                    "id": "1",
                    "entities": [],
                    "warnings": [],
                    "detectedLanguage": {
                      "name": "Spanish",
                      "iso6391Name": "es",
                      "confidenceScore": 1.0
                    },
                    "isLanguageDefaulted": false
                  }
                ],
                "errors": [
                  {
                    "id": "2",
                    "error": {
                      "code": "InvalidArgument",
                      "message": "Invalid Language Code.",
                      "innererror": {
                        "code": "UnsupportedLanguageCode",
                        "message": "Invalid language code \u0027ja\u0027. Supported languages: en,es. For additional details see https://aka.ms/language-service/language-support"
                      }
                    }
                  }
                ],
                "modelVersion": "2021-06-01"
              }
            }
          ]
        }
      }
    },
    {
      "RequestUri": "https://endpoint/language/analyze-text/jobs/8de9f7c6-7ced-4fd9-ac3a-5f29636f4732?api-version=2022-10-01-preview",
      "RequestMethod": "GET",
      "RequestHeaders": {
        "Accept": "application/json",
        "Accept-Encoding": "gzip, deflate, br",
        "Accept-Language": "en-US",
        "Connection": "keep-alive",
        "ocp-apim-subscription-key": "api_key",
        "Referer": "http://localhost:9876/",
        "sec-ch-ua": "",
        "sec-ch-ua-mobile": "?0",
        "sec-ch-ua-platform": "\u0022\u0022",
        "Sec-Fetch-Dest": "empty",
        "Sec-Fetch-Mode": "cors",
        "Sec-Fetch-Site": "same-site",
        "User-Agent": "Mozilla/5.0 (Windows NT 10.0; Win64; x64) AppleWebKit/537.36 (KHTML, like Gecko) HeadlessChrome/112.0.5614.0 Safari/537.36",
        "x-ms-client-request-id": "e171f3a1-dcab-498b-ab04-df42168088de",
        "x-ms-useragent": "azsdk-js-ai-language-text/1.1.0-beta.3 core-rest-pipeline/1.10.3 OS"
      },
      "RequestBody": null,
      "StatusCode": 200,
      "ResponseHeaders": {
        "apim-request-id": "880b44ed-5934-47ab-8d9e-a7ce68ea8ca7",
        "Content-Length": "3000",
        "Content-Type": "application/json; charset=utf-8",
        "Date": "Fri, 31 Mar 2023 17:19:47 GMT",
        "Strict-Transport-Security": "max-age=31536000; includeSubDomains; preload",
        "X-Content-Type-Options": "nosniff",
        "x-envoy-upstream-service-time": "301",
        "x-ms-region": "East US"
      },
      "ResponseBody": {
        "jobId": "8de9f7c6-7ced-4fd9-ac3a-5f29636f4732",
        "lastUpdatedDateTime": "2023-03-31T17:19:46Z",
        "createdDateTime": "2023-03-31T17:19:39Z",
        "expirationDateTime": "2023-04-01T17:19:39Z",
        "status": "running",
        "errors": [],
        "tasks": {
          "completed": 3,
          "failed": 0,
          "inProgress": 3,
          "total": 6,
          "items": [
            {
              "kind": "SentimentAnalysisLROResults",
              "lastUpdateDateTime": "2023-03-31T17:19:41.9943914Z",
              "status": "succeeded",
              "results": {
                "documents": [
                  {
                    "id": "0",
                    "sentiment": "neutral",
                    "confidenceScores": {
                      "positive": 0.0,
                      "neutral": 0.99,
                      "negative": 0.0
                    },
                    "sentences": [
                      {
                        "sentiment": "neutral",
                        "confidenceScores": {
                          "positive": 0.0,
                          "neutral": 0.99,
                          "negative": 0.0
                        },
                        "offset": 0,
                        "length": 22,
                        "text": "I will go to the park."
                      }
                    ],
                    "warnings": [],
                    "detectedLanguage": {
                      "name": "English",
                      "iso6391Name": "en",
                      "confidenceScore": 1.0
                    },
                    "isLanguageDefaulted": false
                  },
                  {
                    "id": "1",
                    "sentiment": "neutral",
                    "confidenceScores": {
                      "positive": 0.02,
                      "neutral": 0.98,
                      "negative": 0.0
                    },
                    "sentences": [
                      {
                        "sentiment": "neutral",
                        "confidenceScores": {
                          "positive": 0.02,
                          "neutral": 0.98,
                          "negative": 0.0
                        },
                        "offset": 0,
                        "length": 39,
                        "text": "Este es un document escrito en Espa\u00F1ol."
                      }
                    ],
                    "warnings": [],
                    "detectedLanguage": {
                      "name": "Spanish",
                      "iso6391Name": "es",
                      "confidenceScore": 1.0
                    },
                    "isLanguageDefaulted": false
                  },
                  {
                    "id": "2",
                    "sentiment": "positive",
                    "confidenceScores": {
                      "positive": 0.96,
                      "neutral": 0.04,
                      "negative": 0.01
                    },
                    "sentences": [
                      {
                        "sentiment": "positive",
                        "confidenceScores": {
                          "positive": 0.96,
                          "neutral": 0.04,
                          "negative": 0.01
                        },
                        "offset": 0,
                        "length": 4,
                        "text": "\u732B\u306F\u5E78\u305B"
                      }
                    ],
                    "warnings": [],
                    "detectedLanguage": {
                      "name": "Japanese",
                      "iso6391Name": "ja",
                      "confidenceScore": 1.0
                    },
                    "isLanguageDefaulted": false
                  }
                ],
                "errors": [],
                "modelVersion": "2022-11-01"
              }
            },
            {
              "kind": "KeyPhraseExtractionLROResults",
              "lastUpdateDateTime": "2023-03-31T17:19:42.1536834Z",
              "status": "succeeded",
              "results": {
                "documents": [
                  {
                    "id": "0",
                    "keyPhrases": [
                      "park"
                    ],
                    "warnings": [],
                    "detectedLanguage": {
                      "name": "English",
                      "iso6391Name": "en",
                      "confidenceScore": 1.0
                    },
                    "isLanguageDefaulted": false
                  },
                  {
                    "id": "1",
                    "keyPhrases": [
                      "Espa\u00F1ol",
                      "document"
                    ],
                    "warnings": [],
                    "detectedLanguage": {
                      "name": "Spanish",
                      "iso6391Name": "es",
                      "confidenceScore": 1.0
                    },
                    "isLanguageDefaulted": false
                  },
                  {
                    "id": "2",
                    "keyPhrases": [],
                    "warnings": [],
                    "detectedLanguage": {
                      "name": "Japanese",
                      "iso6391Name": "ja",
                      "confidenceScore": 1.0
                    },
                    "isLanguageDefaulted": false
                  }
                ],
                "errors": [],
                "modelVersion": "2022-10-01"
              }
            },
            {
              "kind": "EntityLinkingLROResults",
              "lastUpdateDateTime": "2023-03-31T17:19:43.0360112Z",
              "status": "succeeded",
              "results": {
                "documents": [
                  {
                    "id": "0",
                    "entities": [],
                    "warnings": [],
                    "detectedLanguage": {
                      "name": "English",
                      "iso6391Name": "en",
                      "confidenceScore": 1.0
                    },
                    "isLanguageDefaulted": false
                  },
                  {
                    "id": "1",
                    "entities": [],
                    "warnings": [],
                    "detectedLanguage": {
                      "name": "Spanish",
                      "iso6391Name": "es",
                      "confidenceScore": 1.0
                    },
                    "isLanguageDefaulted": false
                  }
                ],
                "errors": [
                  {
                    "id": "2",
                    "error": {
                      "code": "InvalidArgument",
                      "message": "Invalid Language Code.",
                      "innererror": {
                        "code": "UnsupportedLanguageCode",
                        "message": "Invalid language code \u0027ja\u0027. Supported languages: en,es. For additional details see https://aka.ms/language-service/language-support"
                      }
                    }
                  }
                ],
                "modelVersion": "2021-06-01"
              }
            }
          ]
        }
      }
    },
    {
      "RequestUri": "https://endpoint/language/analyze-text/jobs/8de9f7c6-7ced-4fd9-ac3a-5f29636f4732?api-version=2022-10-01-preview",
      "RequestMethod": "GET",
      "RequestHeaders": {
        "Accept": "application/json",
        "Accept-Encoding": "gzip, deflate, br",
        "Accept-Language": "en-US",
        "Connection": "keep-alive",
        "ocp-apim-subscription-key": "api_key",
        "Referer": "http://localhost:9876/",
        "sec-ch-ua": "",
        "sec-ch-ua-mobile": "?0",
        "sec-ch-ua-platform": "\u0022\u0022",
        "Sec-Fetch-Dest": "empty",
        "Sec-Fetch-Mode": "cors",
        "Sec-Fetch-Site": "same-site",
        "User-Agent": "Mozilla/5.0 (Windows NT 10.0; Win64; x64) AppleWebKit/537.36 (KHTML, like Gecko) HeadlessChrome/112.0.5614.0 Safari/537.36",
        "x-ms-client-request-id": "069b8afd-7a37-4819-861d-8a19938856a0",
        "x-ms-useragent": "azsdk-js-ai-language-text/1.1.0-beta.3 core-rest-pipeline/1.10.3 OS"
      },
      "RequestBody": null,
      "StatusCode": 200,
      "ResponseHeaders": {
        "apim-request-id": "85db9d3d-8879-4046-a1f1-e2cf7d4a10a5",
        "Content-Length": "5560",
        "Content-Type": "application/json; charset=utf-8",
        "Date": "Fri, 31 Mar 2023 17:19:49 GMT",
        "Strict-Transport-Security": "max-age=31536000; includeSubDomains; preload",
        "X-Content-Type-Options": "nosniff",
        "x-envoy-upstream-service-time": "514",
        "x-ms-region": "East US"
      },
      "ResponseBody": {
        "jobId": "8de9f7c6-7ced-4fd9-ac3a-5f29636f4732",
        "lastUpdatedDateTime": "2023-03-31T17:19:49Z",
        "createdDateTime": "2023-03-31T17:19:39Z",
        "expirationDateTime": "2023-04-01T17:19:39Z",
        "status": "succeeded",
        "errors": [],
        "tasks": {
          "completed": 6,
          "failed": 0,
          "inProgress": 0,
          "total": 6,
          "items": [
            {
              "kind": "EntityRecognitionLROResults",
              "lastUpdateDateTime": "2023-03-31T17:19:49.2200345Z",
              "status": "succeeded",
              "results": {
                "documents": [
                  {
                    "id": "0",
                    "entities": [
                      {
                        "text": "park",
                        "category": "Location",
                        "subcategory": "Structural",
                        "offset": 17,
                        "length": 4,
                        "confidenceScore": 0.99
                      }
                    ],
                    "warnings": [],
                    "detectedLanguage": {
                      "name": "English",
                      "iso6391Name": "en",
                      "confidenceScore": 1.0
                    },
                    "isLanguageDefaulted": false
                  },
                  {
                    "id": "1",
                    "entities": [
                      {
                        "text": "un",
                        "category": "Quantity",
                        "subcategory": "Number",
                        "offset": 8,
                        "length": 2,
                        "confidenceScore": 0.8
                      },
                      {
                        "text": "Espa\u00F1ol",
                        "category": "Skill",
                        "offset": 31,
                        "length": 7,
                        "confidenceScore": 0.94
                      }
                    ],
                    "warnings": [],
                    "detectedLanguage": {
                      "name": "Spanish",
                      "iso6391Name": "es",
                      "confidenceScore": 1.0
                    },
                    "isLanguageDefaulted": false
                  },
                  {
                    "id": "2",
                    "entities": [
                      {
                        "text": "\u732B",
                        "category": "Product",
                        "offset": 0,
                        "length": 1,
                        "confidenceScore": 0.42
                      }
                    ],
                    "warnings": [],
                    "detectedLanguage": {
                      "name": "Japanese",
                      "iso6391Name": "ja",
                      "confidenceScore": 1.0
                    },
                    "isLanguageDefaulted": false
                  }
                ],
                "errors": [],
                "modelVersion": "2021-06-01"
              }
            },
            {
              "kind": "PiiEntityRecognitionLROResults",
              "lastUpdateDateTime": "2023-03-31T17:19:49.1375907Z",
              "status": "succeeded",
              "results": {
                "documents": [
                  {
                    "redactedText": "I will go to the park.",
                    "id": "0",
                    "entities": [],
                    "warnings": [],
                    "detectedLanguage": {
                      "name": "English",
                      "iso6391Name": "en",
                      "confidenceScore": 1.0
                    },
                    "isLanguageDefaulted": false
                  },
                  {
                    "redactedText": "Este es un document escrito en Espa\u00F1ol.",
                    "id": "1",
                    "entities": [],
                    "warnings": [],
                    "detectedLanguage": {
                      "name": "Spanish",
                      "iso6391Name": "es",
                      "confidenceScore": 1.0
                    },
                    "isLanguageDefaulted": false
                  },
                  {
                    "redactedText": "\u732B\u306F\u5E78\u305B",
                    "id": "2",
                    "entities": [],
                    "warnings": [],
                    "detectedLanguage": {
                      "name": "Japanese",
                      "iso6391Name": "ja",
                      "confidenceScore": 1.0
                    },
                    "isLanguageDefaulted": false
                  }
                ],
                "errors": [],
                "modelVersion": "2021-01-15"
              }
            },
            {
              "kind": "SentimentAnalysisLROResults",
              "lastUpdateDateTime": "2023-03-31T17:19:41.9943914Z",
              "status": "succeeded",
              "results": {
                "documents": [
                  {
                    "id": "0",
                    "sentiment": "neutral",
                    "confidenceScores": {
                      "positive": 0.0,
                      "neutral": 0.99,
                      "negative": 0.0
                    },
                    "sentences": [
                      {
                        "sentiment": "neutral",
                        "confidenceScores": {
                          "positive": 0.0,
                          "neutral": 0.99,
                          "negative": 0.0
                        },
                        "offset": 0,
                        "length": 22,
                        "text": "I will go to the park."
                      }
                    ],
                    "warnings": [],
                    "detectedLanguage": {
                      "name": "English",
                      "iso6391Name": "en",
                      "confidenceScore": 1.0
                    },
                    "isLanguageDefaulted": false
                  },
                  {
                    "id": "1",
                    "sentiment": "neutral",
                    "confidenceScores": {
                      "positive": 0.02,
                      "neutral": 0.98,
                      "negative": 0.0
                    },
                    "sentences": [
                      {
                        "sentiment": "neutral",
                        "confidenceScores": {
                          "positive": 0.02,
                          "neutral": 0.98,
                          "negative": 0.0
                        },
                        "offset": 0,
                        "length": 39,
                        "text": "Este es un document escrito en Espa\u00F1ol."
                      }
                    ],
                    "warnings": [],
                    "detectedLanguage": {
                      "name": "Spanish",
                      "iso6391Name": "es",
                      "confidenceScore": 1.0
                    },
                    "isLanguageDefaulted": false
                  },
                  {
                    "id": "2",
                    "sentiment": "positive",
                    "confidenceScores": {
                      "positive": 0.96,
                      "neutral": 0.04,
                      "negative": 0.01
                    },
                    "sentences": [
                      {
                        "sentiment": "positive",
                        "confidenceScores": {
                          "positive": 0.96,
                          "neutral": 0.04,
                          "negative": 0.01
                        },
                        "offset": 0,
                        "length": 4,
                        "text": "\u732B\u306F\u5E78\u305B"
                      }
                    ],
                    "warnings": [],
                    "detectedLanguage": {
                      "name": "Japanese",
                      "iso6391Name": "ja",
                      "confidenceScore": 1.0
                    },
                    "isLanguageDefaulted": false
                  }
                ],
                "errors": [],
                "modelVersion": "2022-11-01"
              }
            },
            {
              "kind": "KeyPhraseExtractionLROResults",
              "lastUpdateDateTime": "2023-03-31T17:19:42.1536834Z",
              "status": "succeeded",
              "results": {
                "documents": [
                  {
                    "id": "0",
                    "keyPhrases": [
                      "park"
                    ],
                    "warnings": [],
                    "detectedLanguage": {
                      "name": "English",
                      "iso6391Name": "en",
                      "confidenceScore": 1.0
                    },
                    "isLanguageDefaulted": false
                  },
                  {
                    "id": "1",
                    "keyPhrases": [
                      "Espa\u00F1ol",
                      "document"
                    ],
                    "warnings": [],
                    "detectedLanguage": {
                      "name": "Spanish",
                      "iso6391Name": "es",
                      "confidenceScore": 1.0
                    },
                    "isLanguageDefaulted": false
                  },
                  {
                    "id": "2",
                    "keyPhrases": [],
                    "warnings": [],
                    "detectedLanguage": {
                      "name": "Japanese",
                      "iso6391Name": "ja",
                      "confidenceScore": 1.0
                    },
                    "isLanguageDefaulted": false
                  }
                ],
                "errors": [],
                "modelVersion": "2022-10-01"
              }
            },
            {
              "kind": "EntityLinkingLROResults",
              "lastUpdateDateTime": "2023-03-31T17:19:43.0360112Z",
              "status": "succeeded",
              "results": {
                "documents": [
                  {
                    "id": "0",
                    "entities": [],
                    "warnings": [],
                    "detectedLanguage": {
                      "name": "English",
                      "iso6391Name": "en",
                      "confidenceScore": 1.0
                    },
                    "isLanguageDefaulted": false
                  },
                  {
                    "id": "1",
                    "entities": [],
                    "warnings": [],
                    "detectedLanguage": {
                      "name": "Spanish",
                      "iso6391Name": "es",
                      "confidenceScore": 1.0
                    },
                    "isLanguageDefaulted": false
                  }
                ],
                "errors": [
                  {
                    "id": "2",
                    "error": {
                      "code": "InvalidArgument",
                      "message": "Invalid Language Code.",
                      "innererror": {
                        "code": "UnsupportedLanguageCode",
                        "message": "Invalid language code \u0027ja\u0027. Supported languages: en,es. For additional details see https://aka.ms/language-service/language-support"
                      }
                    }
                  }
                ],
                "modelVersion": "2021-06-01"
              }
            },
            {
              "kind": "HealthcareLROResults",
              "lastUpdateDateTime": "2023-03-31T17:19:48.1362833Z",
              "status": "succeeded",
              "results": {
                "documents": [
                  {
                    "id": "0",
                    "entities": [],
                    "relations": [],
                    "warnings": [],
                    "detectedLanguage": "en",
                    "isLanguageDefaulted": false
                  }
                ],
                "errors": [
                  {
                    "id": "1",
                    "error": {
                      "code": "InvalidArgument",
                      "message": "Invalid Language Code.",
                      "innererror": {
                        "code": "UnsupportedLanguageCode",
                        "message": "Invalid language code \u0027es\u0027. Supported languages: en. For additional details see https://aka.ms/language-service/language-support"
                      }
                    }
                  },
                  {
                    "id": "2",
                    "error": {
                      "code": "InvalidArgument",
                      "message": "Invalid Language Code.",
                      "innererror": {
                        "code": "UnsupportedLanguageCode",
                        "message": "Invalid language code \u0027ja\u0027. Supported languages: en. For additional details see https://aka.ms/language-service/language-support"
                      }
                    }
                  }
                ],
                "modelVersion": "2022-03-01"
              }
            }
          ]
        }
      }
    },
    {
      "RequestUri": "https://endpoint/language/analyze-text/jobs/8de9f7c6-7ced-4fd9-ac3a-5f29636f4732?api-version=2022-10-01-preview",
      "RequestMethod": "GET",
      "RequestHeaders": {
        "Accept": "application/json",
        "Accept-Encoding": "gzip, deflate, br",
        "Accept-Language": "en-US",
        "Connection": "keep-alive",
        "ocp-apim-subscription-key": "api_key",
        "Referer": "http://localhost:9876/",
        "sec-ch-ua": "",
        "sec-ch-ua-mobile": "?0",
        "sec-ch-ua-platform": "\u0022\u0022",
        "Sec-Fetch-Dest": "empty",
        "Sec-Fetch-Mode": "cors",
        "Sec-Fetch-Site": "same-site",
        "User-Agent": "Mozilla/5.0 (Windows NT 10.0; Win64; x64) AppleWebKit/537.36 (KHTML, like Gecko) HeadlessChrome/112.0.5614.0 Safari/537.36",
        "x-ms-client-request-id": "2b7274bc-3834-4276-8a16-cbc4987249b1",
        "x-ms-useragent": "azsdk-js-ai-language-text/1.1.0-beta.3 core-rest-pipeline/1.10.3 OS"
      },
      "RequestBody": null,
      "StatusCode": 200,
      "ResponseHeaders": {
        "apim-request-id": "4d1a3ee8-ab31-4d0b-8852-775116f118f0",
        "Content-Length": "5560",
        "Content-Type": "application/json; charset=utf-8",
        "Date": "Fri, 31 Mar 2023 17:19:50 GMT",
        "Strict-Transport-Security": "max-age=31536000; includeSubDomains; preload",
        "X-Content-Type-Options": "nosniff",
        "x-envoy-upstream-service-time": "404",
        "x-ms-region": "East US"
      },
      "ResponseBody": {
        "jobId": "8de9f7c6-7ced-4fd9-ac3a-5f29636f4732",
        "lastUpdatedDateTime": "2023-03-31T17:19:49Z",
        "createdDateTime": "2023-03-31T17:19:39Z",
        "expirationDateTime": "2023-04-01T17:19:39Z",
        "status": "succeeded",
        "errors": [],
        "tasks": {
          "completed": 6,
          "failed": 0,
          "inProgress": 0,
          "total": 6,
          "items": [
            {
              "kind": "EntityRecognitionLROResults",
              "lastUpdateDateTime": "2023-03-31T17:19:49.2200345Z",
              "status": "succeeded",
              "results": {
                "documents": [
                  {
                    "id": "0",
                    "entities": [
                      {
                        "text": "park",
                        "category": "Location",
                        "subcategory": "Structural",
                        "offset": 17,
                        "length": 4,
                        "confidenceScore": 0.99
                      }
                    ],
                    "warnings": [],
                    "detectedLanguage": {
                      "name": "English",
                      "iso6391Name": "en",
                      "confidenceScore": 1.0
                    },
                    "isLanguageDefaulted": false
                  },
                  {
                    "id": "1",
                    "entities": [
                      {
                        "text": "un",
                        "category": "Quantity",
                        "subcategory": "Number",
                        "offset": 8,
                        "length": 2,
                        "confidenceScore": 0.8
                      },
                      {
                        "text": "Espa\u00F1ol",
                        "category": "Skill",
                        "offset": 31,
                        "length": 7,
                        "confidenceScore": 0.94
                      }
                    ],
                    "warnings": [],
                    "detectedLanguage": {
                      "name": "Spanish",
                      "iso6391Name": "es",
                      "confidenceScore": 1.0
                    },
                    "isLanguageDefaulted": false
                  },
                  {
                    "id": "2",
                    "entities": [
                      {
                        "text": "\u732B",
                        "category": "Product",
                        "offset": 0,
                        "length": 1,
                        "confidenceScore": 0.42
                      }
                    ],
                    "warnings": [],
                    "detectedLanguage": {
                      "name": "Japanese",
                      "iso6391Name": "ja",
                      "confidenceScore": 1.0
                    },
                    "isLanguageDefaulted": false
                  }
                ],
                "errors": [],
                "modelVersion": "2021-06-01"
              }
            },
            {
              "kind": "PiiEntityRecognitionLROResults",
              "lastUpdateDateTime": "2023-03-31T17:19:49.1375907Z",
              "status": "succeeded",
              "results": {
                "documents": [
                  {
                    "redactedText": "I will go to the park.",
                    "id": "0",
                    "entities": [],
                    "warnings": [],
                    "detectedLanguage": {
                      "name": "English",
                      "iso6391Name": "en",
                      "confidenceScore": 1.0
                    },
                    "isLanguageDefaulted": false
                  },
                  {
                    "redactedText": "Este es un document escrito en Espa\u00F1ol.",
                    "id": "1",
                    "entities": [],
                    "warnings": [],
                    "detectedLanguage": {
                      "name": "Spanish",
                      "iso6391Name": "es",
                      "confidenceScore": 1.0
                    },
                    "isLanguageDefaulted": false
                  },
                  {
                    "redactedText": "\u732B\u306F\u5E78\u305B",
                    "id": "2",
                    "entities": [],
                    "warnings": [],
                    "detectedLanguage": {
                      "name": "Japanese",
                      "iso6391Name": "ja",
                      "confidenceScore": 1.0
                    },
                    "isLanguageDefaulted": false
                  }
                ],
                "errors": [],
                "modelVersion": "2021-01-15"
              }
            },
            {
              "kind": "SentimentAnalysisLROResults",
              "lastUpdateDateTime": "2023-03-31T17:19:41.9943914Z",
              "status": "succeeded",
              "results": {
                "documents": [
                  {
                    "id": "0",
                    "sentiment": "neutral",
                    "confidenceScores": {
                      "positive": 0.0,
                      "neutral": 0.99,
                      "negative": 0.0
                    },
                    "sentences": [
                      {
                        "sentiment": "neutral",
                        "confidenceScores": {
                          "positive": 0.0,
                          "neutral": 0.99,
                          "negative": 0.0
                        },
                        "offset": 0,
                        "length": 22,
                        "text": "I will go to the park."
                      }
                    ],
                    "warnings": [],
                    "detectedLanguage": {
                      "name": "English",
                      "iso6391Name": "en",
                      "confidenceScore": 1.0
                    },
                    "isLanguageDefaulted": false
                  },
                  {
                    "id": "1",
                    "sentiment": "neutral",
                    "confidenceScores": {
                      "positive": 0.02,
                      "neutral": 0.98,
                      "negative": 0.0
                    },
                    "sentences": [
                      {
                        "sentiment": "neutral",
                        "confidenceScores": {
                          "positive": 0.02,
                          "neutral": 0.98,
                          "negative": 0.0
                        },
                        "offset": 0,
                        "length": 39,
                        "text": "Este es un document escrito en Espa\u00F1ol."
                      }
                    ],
                    "warnings": [],
                    "detectedLanguage": {
                      "name": "Spanish",
                      "iso6391Name": "es",
                      "confidenceScore": 1.0
                    },
                    "isLanguageDefaulted": false
                  },
                  {
                    "id": "2",
                    "sentiment": "positive",
                    "confidenceScores": {
                      "positive": 0.96,
                      "neutral": 0.04,
                      "negative": 0.01
                    },
                    "sentences": [
                      {
                        "sentiment": "positive",
                        "confidenceScores": {
                          "positive": 0.96,
                          "neutral": 0.04,
                          "negative": 0.01
                        },
                        "offset": 0,
                        "length": 4,
                        "text": "\u732B\u306F\u5E78\u305B"
                      }
                    ],
                    "warnings": [],
                    "detectedLanguage": {
                      "name": "Japanese",
                      "iso6391Name": "ja",
                      "confidenceScore": 1.0
                    },
                    "isLanguageDefaulted": false
                  }
                ],
                "errors": [],
                "modelVersion": "2022-11-01"
              }
            },
            {
              "kind": "KeyPhraseExtractionLROResults",
              "lastUpdateDateTime": "2023-03-31T17:19:42.1536834Z",
              "status": "succeeded",
              "results": {
                "documents": [
                  {
                    "id": "0",
                    "keyPhrases": [
                      "park"
                    ],
                    "warnings": [],
                    "detectedLanguage": {
                      "name": "English",
                      "iso6391Name": "en",
                      "confidenceScore": 1.0
                    },
                    "isLanguageDefaulted": false
                  },
                  {
                    "id": "1",
                    "keyPhrases": [
                      "Espa\u00F1ol",
                      "document"
                    ],
                    "warnings": [],
                    "detectedLanguage": {
                      "name": "Spanish",
                      "iso6391Name": "es",
                      "confidenceScore": 1.0
                    },
                    "isLanguageDefaulted": false
                  },
                  {
                    "id": "2",
                    "keyPhrases": [],
                    "warnings": [],
                    "detectedLanguage": {
                      "name": "Japanese",
                      "iso6391Name": "ja",
                      "confidenceScore": 1.0
                    },
                    "isLanguageDefaulted": false
                  }
                ],
                "errors": [],
                "modelVersion": "2022-10-01"
              }
            },
            {
              "kind": "EntityLinkingLROResults",
              "lastUpdateDateTime": "2023-03-31T17:19:43.0360112Z",
              "status": "succeeded",
              "results": {
                "documents": [
                  {
                    "id": "0",
                    "entities": [],
                    "warnings": [],
                    "detectedLanguage": {
                      "name": "English",
                      "iso6391Name": "en",
                      "confidenceScore": 1.0
                    },
                    "isLanguageDefaulted": false
                  },
                  {
                    "id": "1",
                    "entities": [],
                    "warnings": [],
                    "detectedLanguage": {
                      "name": "Spanish",
                      "iso6391Name": "es",
                      "confidenceScore": 1.0
                    },
                    "isLanguageDefaulted": false
                  }
                ],
                "errors": [
                  {
                    "id": "2",
                    "error": {
                      "code": "InvalidArgument",
                      "message": "Invalid Language Code.",
                      "innererror": {
                        "code": "UnsupportedLanguageCode",
                        "message": "Invalid language code \u0027ja\u0027. Supported languages: en,es. For additional details see https://aka.ms/language-service/language-support"
                      }
                    }
                  }
                ],
                "modelVersion": "2021-06-01"
              }
            },
            {
              "kind": "HealthcareLROResults",
              "lastUpdateDateTime": "2023-03-31T17:19:48.1362833Z",
              "status": "succeeded",
              "results": {
                "documents": [
                  {
                    "id": "0",
                    "entities": [],
                    "relations": [],
                    "warnings": [],
                    "detectedLanguage": "en",
                    "isLanguageDefaulted": false
                  }
                ],
                "errors": [
                  {
                    "id": "1",
                    "error": {
                      "code": "InvalidArgument",
                      "message": "Invalid Language Code.",
                      "innererror": {
                        "code": "UnsupportedLanguageCode",
                        "message": "Invalid language code \u0027es\u0027. Supported languages: en. For additional details see https://aka.ms/language-service/language-support"
                      }
                    }
                  },
                  {
                    "id": "2",
                    "error": {
                      "code": "InvalidArgument",
                      "message": "Invalid Language Code.",
                      "innererror": {
                        "code": "UnsupportedLanguageCode",
                        "message": "Invalid language code \u0027ja\u0027. Supported languages: en. For additional details see https://aka.ms/language-service/language-support"
                      }
                    }
                  }
                ],
                "modelVersion": "2022-03-01"
              }
            }
          ]
        }
      }
    }
  ],
  "Variables": {}
}
