{
  "Entries": [
    {
      "RequestUri": "https://endpoint/language/analyze-text/jobs?api-version=2022-04-01-preview",
      "RequestMethod": "POST",
      "RequestHeaders": {
        "Accept": "application/json",
        "Accept-Encoding": "gzip, deflate, br",
        "Accept-Language": "en-US",
        "Connection": "keep-alive",
        "Content-Length": "296",
        "Content-Type": "application/json",
        "ocp-apim-subscription-key": "api_key",
        "Referer": "http://localhost:9876/",
        "sec-ch-ua": "",
        "sec-ch-ua-mobile": "?0",
        "sec-ch-ua-platform": "",
        "Sec-Fetch-Dest": "empty",
        "Sec-Fetch-Mode": "cors",
        "Sec-Fetch-Site": "same-site",
        "User-Agent": "Mozilla/5.0 (X11; Linux x86_64) AppleWebKit/537.36 (KHTML, like Gecko) HeadlessChrome/103.0.5058.0 Safari/537.36",
        "x-ms-client-request-id": "593f9ec1-2c08-4820-96ed-68873ce4f992",
        "x-ms-useragent": "azsdk-js-ai-language-text/1.0.0-beta.1 core-rest-pipeline/1.9.1 OS/Linuxx86_64"
      },
      "RequestBody": {
        "analysisInput": {
          "documents": [
            {
              "id": "0",
              "text": "This should fail because we\u0027re passing in an invalid language hint",
              "language": "notalanguage"
            }
          ]
        },
        "tasks": [
          {
            "kind": "EntityRecognition",
            "parameters": {}
          },
          {
            "kind": "PiiEntityRecognition",
            "parameters": {}
          },
          {
            "kind": "KeyPhraseExtraction",
            "parameters": {}
          }
        ]
      },
      "StatusCode": 202,
      "ResponseHeaders": {
        "apim-request-id": "ffcd8c88-d8c6-4beb-8238-fede4fb4de52",
        "Content-Length": "0",
        "Date": "Fri, 15 Jul 2022 14:43:06 GMT",
        "operation-location": "https://endpoint/language/analyze-text/jobs/2231a65b-13cd-4a69-86de-fdcf32dd8c9a?api-version=2022-04-01-preview",
        "Strict-Transport-Security": "max-age=31536000; includeSubDomains; preload",
        "warn-agent": "-",
        "warn-code": "299",
        "warn-text": "Microsoft Cognitive Services Language APIs version 2022-04-01-preview is retired and will be removed by Dec 1, 2022. The latest supported version is 2022-05-01. For more information please check http://aka.ms/language-api-versions.",
        "X-Content-Type-Options": "nosniff",
        "x-envoy-upstream-service-time": "252"
      },
      "ResponseBody": null
    },
    {
      "RequestUri": "https://endpoint/language/analyze-text/jobs/2231a65b-13cd-4a69-86de-fdcf32dd8c9a?api-version=2022-04-01-preview",
      "RequestMethod": "GET",
      "RequestHeaders": {
        "Accept": "application/json",
        "Accept-Encoding": "gzip, deflate, br",
        "Accept-Language": "en-US",
        "Connection": "keep-alive",
        "ocp-apim-subscription-key": "api_key",
        "Referer": "http://localhost:9876/",
        "sec-ch-ua": "",
        "sec-ch-ua-mobile": "?0",
        "sec-ch-ua-platform": "",
        "Sec-Fetch-Dest": "empty",
        "Sec-Fetch-Mode": "cors",
        "Sec-Fetch-Site": "same-site",
        "User-Agent": "Mozilla/5.0 (X11; Linux x86_64) AppleWebKit/537.36 (KHTML, like Gecko) HeadlessChrome/103.0.5058.0 Safari/537.36",
        "x-ms-client-request-id": "6e329b09-702a-4cb1-aae3-294ea61dc985",
        "x-ms-useragent": "azsdk-js-ai-language-text/1.0.0-beta.1 core-rest-pipeline/1.9.1 OS/Linuxx86_64"
      },
      "RequestBody": null,
      "StatusCode": 200,
      "ResponseHeaders": {
        "apim-request-id": "5add0181-d464-4830-9e2e-d3959098121b",
        "Content-Length": "279",
        "Content-Type": "application/json; charset=utf-8",
        "Date": "Fri, 15 Jul 2022 14:43:06 GMT",
        "Strict-Transport-Security": "max-age=31536000; includeSubDomains; preload",
        "warn-agent": "-",
        "warn-code": "299",
        "warn-text": "Microsoft Cognitive Services Language APIs version 2022-04-01-preview is retired and will be removed by Dec 1, 2022. The latest supported version is 2022-05-01. For more information please check http://aka.ms/language-api-versions.",
        "X-Content-Type-Options": "nosniff",
        "x-envoy-upstream-service-time": "8"
      },
      "ResponseBody": {
        "jobId": "2231a65b-13cd-4a69-86de-fdcf32dd8c9a",
        "lastUpdateDateTime": "2022-07-15T14:43:06Z",
        "createdDateTime": "2022-07-15T14:43:06Z",
        "expirationDateTime": "2022-07-16T14:43:06Z",
        "status": "running",
        "errors": [],
        "tasks": {
          "completed": 0,
          "failed": 0,
          "inProgress": 3,
          "total": 3,
          "items": []
        }
      }
    },
    {
      "RequestUri": "https://endpoint/language/analyze-text/jobs/2231a65b-13cd-4a69-86de-fdcf32dd8c9a?api-version=2022-04-01-preview",
      "RequestMethod": "GET",
      "RequestHeaders": {
        "Accept": "application/json",
        "Accept-Encoding": "gzip, deflate, br",
        "Accept-Language": "en-US",
        "Connection": "keep-alive",
        "ocp-apim-subscription-key": "api_key",
        "Referer": "http://localhost:9876/",
        "sec-ch-ua": "",
        "sec-ch-ua-mobile": "?0",
        "sec-ch-ua-platform": "",
        "Sec-Fetch-Dest": "empty",
        "Sec-Fetch-Mode": "cors",
        "Sec-Fetch-Site": "same-site",
        "User-Agent": "Mozilla/5.0 (X11; Linux x86_64) AppleWebKit/537.36 (KHTML, like Gecko) HeadlessChrome/103.0.5058.0 Safari/537.36",
        "x-ms-client-request-id": "6e359dee-85c3-4d8b-933f-75a195238747",
        "x-ms-useragent": "azsdk-js-ai-language-text/1.0.0-beta.1 core-rest-pipeline/1.9.1 OS/Linuxx86_64"
      },
      "RequestBody": null,
      "StatusCode": 200,
      "ResponseHeaders": {
        "apim-request-id": "581dbf72-c8e1-48fd-a3fa-b0bc5d3ff2a1",
        "Content-Length": "279",
        "Content-Type": "application/json; charset=utf-8",
        "Date": "Fri, 15 Jul 2022 14:43:06 GMT",
        "Strict-Transport-Security": "max-age=31536000; includeSubDomains; preload",
        "warn-agent": "-",
        "warn-code": "299",
        "warn-text": "Microsoft Cognitive Services Language APIs version 2022-04-01-preview is retired and will be removed by Dec 1, 2022. The latest supported version is 2022-05-01. For more information please check http://aka.ms/language-api-versions.",
        "X-Content-Type-Options": "nosniff",
        "x-envoy-upstream-service-time": "8"
      },
      "ResponseBody": {
        "jobId": "2231a65b-13cd-4a69-86de-fdcf32dd8c9a",
        "lastUpdateDateTime": "2022-07-15T14:43:06Z",
        "createdDateTime": "2022-07-15T14:43:06Z",
        "expirationDateTime": "2022-07-16T14:43:06Z",
        "status": "running",
        "errors": [],
        "tasks": {
          "completed": 0,
          "failed": 0,
          "inProgress": 3,
          "total": 3,
          "items": []
        }
      }
    },
    {
      "RequestUri": "https://endpoint/language/analyze-text/jobs/2231a65b-13cd-4a69-86de-fdcf32dd8c9a?api-version=2022-04-01-preview",
      "RequestMethod": "GET",
      "RequestHeaders": {
        "Accept": "application/json",
        "Accept-Encoding": "gzip, deflate, br",
        "Accept-Language": "en-US",
        "Connection": "keep-alive",
        "ocp-apim-subscription-key": "api_key",
        "Referer": "http://localhost:9876/",
        "sec-ch-ua": "",
        "sec-ch-ua-mobile": "?0",
        "sec-ch-ua-platform": "",
        "Sec-Fetch-Dest": "empty",
        "Sec-Fetch-Mode": "cors",
        "Sec-Fetch-Site": "same-site",
        "User-Agent": "Mozilla/5.0 (X11; Linux x86_64) AppleWebKit/537.36 (KHTML, like Gecko) HeadlessChrome/103.0.5058.0 Safari/537.36",
        "x-ms-client-request-id": "ac873fcf-8bbd-457c-86a9-ec908c9a8fb4",
        "x-ms-useragent": "azsdk-js-ai-language-text/1.0.0-beta.1 core-rest-pipeline/1.9.1 OS/Linuxx86_64"
      },
      "RequestBody": null,
      "StatusCode": 200,
      "ResponseHeaders": {
        "apim-request-id": "20760b71-128c-4745-b8ee-a8122565ab93",
        "Content-Length": "846",
        "Content-Type": "application/json; charset=utf-8",
        "Date": "Fri, 15 Jul 2022 14:43:08 GMT",
        "Strict-Transport-Security": "max-age=31536000; includeSubDomains; preload",
        "warn-agent": "-",
        "warn-code": "299",
        "warn-text": "Microsoft Cognitive Services Language APIs version 2022-04-01-preview is retired and will be removed by Dec 1, 2022. The latest supported version is 2022-05-01. For more information please check http://aka.ms/language-api-versions.",
        "X-Content-Type-Options": "nosniff",
        "x-envoy-upstream-service-time": "25"
      },
      "ResponseBody": {
        "jobId": "2231a65b-13cd-4a69-86de-fdcf32dd8c9a",
        "lastUpdateDateTime": "2022-07-15T14:43:07Z",
        "createdDateTime": "2022-07-15T14:43:06Z",
        "expirationDateTime": "2022-07-16T14:43:06Z",
        "status": "running",
        "errors": [],
        "tasks": {
          "completed": 1,
          "failed": 0,
          "inProgress": 2,
          "total": 3,
          "items": [
            {
              "kind": "KeyPhraseExtractionLROResults",
              "lastUpdateDateTime": "2022-07-15T14:43:07.8239563Z",
              "status": "succeeded",
              "results": {
                "documents": [],
                "errors": [
                  {
                    "id": "0",
                    "error": {
                      "code": "InvalidArgument",
                      "message": "Invalid Language Code.",
                      "innererror": {
                        "code": "UnsupportedLanguageCode",
                        "message": "Invalid language code. Supported languages: ja,ko,zh-Hans,de,en,es,fr,it,pt-BR,pt-PT,af,bg,ca,da,el,et,fi,hr,hu,id,lv,nl,no,pl,ro,ru,sk,sl,sv,tr. For additional details see https://aka.ms/text-analytics/language-support?tabs=key-phrase-extraction"
                      }
                    }
                  }
                ],
                "modelVersion": "2022-07-01"
              }
            }
          ]
        }
      }
    },
    {
      "RequestUri": "https://endpoint/language/analyze-text/jobs/2231a65b-13cd-4a69-86de-fdcf32dd8c9a?api-version=2022-04-01-preview",
      "RequestMethod": "GET",
      "RequestHeaders": {
        "Accept": "application/json",
        "Accept-Encoding": "gzip, deflate, br",
        "Accept-Language": "en-US",
        "Connection": "keep-alive",
        "ocp-apim-subscription-key": "api_key",
        "Referer": "http://localhost:9876/",
        "sec-ch-ua": "",
        "sec-ch-ua-mobile": "?0",
        "sec-ch-ua-platform": "",
        "Sec-Fetch-Dest": "empty",
        "Sec-Fetch-Mode": "cors",
        "Sec-Fetch-Site": "same-site",
        "User-Agent": "Mozilla/5.0 (X11; Linux x86_64) AppleWebKit/537.36 (KHTML, like Gecko) HeadlessChrome/103.0.5058.0 Safari/537.36",
        "x-ms-client-request-id": "eace7ee1-d965-44b5-b4bf-124c947badea",
        "x-ms-useragent": "azsdk-js-ai-language-text/1.0.0-beta.1 core-rest-pipeline/1.9.1 OS/Linuxx86_64"
      },
      "RequestBody": null,
      "StatusCode": 200,
      "ResponseHeaders": {
        "apim-request-id": "16ceb1de-deaf-484b-bbc3-d3318ffd2cf6",
        "Content-Length": "846",
        "Content-Type": "application/json; charset=utf-8",
        "Date": "Fri, 15 Jul 2022 14:43:10 GMT",
        "Strict-Transport-Security": "max-age=31536000; includeSubDomains; preload",
        "warn-agent": "-",
        "warn-code": "299",
        "warn-text": "Microsoft Cognitive Services Language APIs version 2022-04-01-preview is retired and will be removed by Dec 1, 2022. The latest supported version is 2022-05-01. For more information please check http://aka.ms/language-api-versions.",
        "X-Content-Type-Options": "nosniff",
        "x-envoy-upstream-service-time": "26"
      },
      "ResponseBody": {
        "jobId": "2231a65b-13cd-4a69-86de-fdcf32dd8c9a",
        "lastUpdateDateTime": "2022-07-15T14:43:07Z",
        "createdDateTime": "2022-07-15T14:43:06Z",
        "expirationDateTime": "2022-07-16T14:43:06Z",
        "status": "running",
        "errors": [],
        "tasks": {
          "completed": 1,
          "failed": 0,
          "inProgress": 2,
          "total": 3,
          "items": [
            {
              "kind": "KeyPhraseExtractionLROResults",
              "lastUpdateDateTime": "2022-07-15T14:43:07.8239563Z",
              "status": "succeeded",
              "results": {
                "documents": [],
                "errors": [
                  {
                    "id": "0",
                    "error": {
                      "code": "InvalidArgument",
                      "message": "Invalid Language Code.",
                      "innererror": {
                        "code": "UnsupportedLanguageCode",
                        "message": "Invalid language code. Supported languages: ja,ko,zh-Hans,de,en,es,fr,it,pt-BR,pt-PT,af,bg,ca,da,el,et,fi,hr,hu,id,lv,nl,no,pl,ro,ru,sk,sl,sv,tr. For additional details see https://aka.ms/text-analytics/language-support?tabs=key-phrase-extraction"
                      }
                    }
                  }
                ],
                "modelVersion": "2022-07-01"
              }
            }
          ]
        }
      }
    },
    {
      "RequestUri": "https://endpoint/language/analyze-text/jobs/2231a65b-13cd-4a69-86de-fdcf32dd8c9a?api-version=2022-04-01-preview",
      "RequestMethod": "GET",
      "RequestHeaders": {
        "Accept": "application/json",
        "Accept-Encoding": "gzip, deflate, br",
        "Accept-Language": "en-US",
        "Connection": "keep-alive",
        "ocp-apim-subscription-key": "api_key",
        "Referer": "http://localhost:9876/",
        "sec-ch-ua": "",
        "sec-ch-ua-mobile": "?0",
        "sec-ch-ua-platform": "",
        "Sec-Fetch-Dest": "empty",
        "Sec-Fetch-Mode": "cors",
        "Sec-Fetch-Site": "same-site",
        "User-Agent": "Mozilla/5.0 (X11; Linux x86_64) AppleWebKit/537.36 (KHTML, like Gecko) HeadlessChrome/103.0.5058.0 Safari/537.36",
        "x-ms-client-request-id": "de6e4e71-ff8e-41a2-b65c-6362fa2ae9cc",
        "x-ms-useragent": "azsdk-js-ai-language-text/1.0.0-beta.1 core-rest-pipeline/1.9.1 OS/Linuxx86_64"
      },
      "RequestBody": null,
      "StatusCode": 200,
      "ResponseHeaders": {
        "apim-request-id": "133e7bd0-eb93-4528-bd66-74e8253dc382",
        "Content-Length": "1902",
        "Content-Type": "application/json; charset=utf-8",
        "Date": "Fri, 15 Jul 2022 14:43:13 GMT",
        "Strict-Transport-Security": "max-age=31536000; includeSubDomains; preload",
        "warn-agent": "-",
        "warn-code": "299",
        "warn-text": "Microsoft Cognitive Services Language APIs version 2022-04-01-preview is retired and will be removed by Dec 1, 2022. The latest supported version is 2022-05-01. For more information please check http://aka.ms/language-api-versions.",
        "X-Content-Type-Options": "nosniff",
        "x-envoy-upstream-service-time": "64"
      },
      "ResponseBody": {
        "jobId": "2231a65b-13cd-4a69-86de-fdcf32dd8c9a",
        "lastUpdateDateTime": "2022-07-15T14:43:13Z",
        "createdDateTime": "2022-07-15T14:43:06Z",
        "expirationDateTime": "2022-07-16T14:43:06Z",
        "status": "succeeded",
        "errors": [],
        "tasks": {
          "completed": 3,
          "failed": 0,
          "inProgress": 0,
          "total": 3,
          "items": [
            {
              "kind": "EntityRecognitionLROResults",
              "lastUpdateDateTime": "2022-07-15T14:43:13.6014781Z",
              "status": "succeeded",
              "results": {
                "documents": [],
                "errors": [
                  {
                    "id": "0",
                    "error": {
                      "code": "InvalidArgument",
                      "message": "Invalid Language Code.",
                      "innererror": {
                        "code": "UnsupportedLanguageCode",
                        "message": "Invalid language code. Supported languages: en,es,de,fr,zh-Hans,ar,cs,da,fi,hu,it,ja,ko,no,nl,pl,pt-BR,pt-PT,ru,sv,tr. For additional details see https://aka.ms/text-analytics/language-support?tabs=named-entity-recognition"
                      }
                    }
                  }
                ],
                "modelVersion": "2021-06-01"
              }
            },
            {
              "kind": "PiiEntityRecognitionLROResults",
              "lastUpdateDateTime": "2022-07-15T14:43:13.6565293Z",
              "status": "succeeded",
              "results": {
                "documents": [],
                "errors": [
                  {
                    "id": "0",
                    "error": {
                      "code": "InvalidArgument",
                      "message": "Invalid Language Code.",
                      "innererror": {
                        "code": "UnsupportedLanguageCode",
                        "message": "Invalid language code. Supported languages: ja,ko,zh-Hans,de,en,es,fr,it,pt-BR,pt-PT. For additional details see https://aka.ms/text-analytics/language-support?tabs=named-entity-recognition"
                      }
                    }
                  }
                ],
                "modelVersion": "2021-01-15"
              }
            },
            {
              "kind": "KeyPhraseExtractionLROResults",
              "lastUpdateDateTime": "2022-07-15T14:43:07.8239563Z",
              "status": "succeeded",
              "results": {
                "documents": [],
                "errors": [
                  {
                    "id": "0",
                    "error": {
                      "code": "InvalidArgument",
                      "message": "Invalid Language Code.",
                      "innererror": {
                        "code": "UnsupportedLanguageCode",
                        "message": "Invalid language code. Supported languages: ja,ko,zh-Hans,de,en,es,fr,it,pt-BR,pt-PT,af,bg,ca,da,el,et,fi,hr,hu,id,lv,nl,no,pl,ro,ru,sk,sl,sv,tr. For additional details see https://aka.ms/text-analytics/language-support?tabs=key-phrase-extraction"
                      }
                    }
                  }
                ],
                "modelVersion": "2022-07-01"
              }
            }
          ]
        }
      }
    },
    {
      "RequestUri": "https://endpoint/language/analyze-text/jobs/2231a65b-13cd-4a69-86de-fdcf32dd8c9a?api-version=2022-04-01-preview",
      "RequestMethod": "GET",
      "RequestHeaders": {
        "Accept": "application/json",
        "Accept-Encoding": "gzip, deflate, br",
        "Accept-Language": "en-US",
        "Connection": "keep-alive",
        "ocp-apim-subscription-key": "api_key",
        "Referer": "http://localhost:9876/",
        "sec-ch-ua": "",
        "sec-ch-ua-mobile": "?0",
        "sec-ch-ua-platform": "",
        "Sec-Fetch-Dest": "empty",
        "Sec-Fetch-Mode": "cors",
        "Sec-Fetch-Site": "same-site",
        "User-Agent": "Mozilla/5.0 (X11; Linux x86_64) AppleWebKit/537.36 (KHTML, like Gecko) HeadlessChrome/103.0.5058.0 Safari/537.36",
        "x-ms-client-request-id": "254bb401-7faa-4be5-ae37-c5753bfb461e",
        "x-ms-useragent": "azsdk-js-ai-language-text/1.0.0-beta.1 core-rest-pipeline/1.9.1 OS/Linuxx86_64"
      },
      "RequestBody": null,
      "StatusCode": 200,
      "ResponseHeaders": {
        "apim-request-id": "fd23b3dc-bb63-48da-92f0-4dae0b84e847",
        "Content-Length": "1902",
        "Content-Type": "application/json; charset=utf-8",
        "Date": "Fri, 15 Jul 2022 14:43:14 GMT",
        "Strict-Transport-Security": "max-age=31536000; includeSubDomains; preload",
        "warn-agent": "-",
        "warn-code": "299",
        "warn-text": "Microsoft Cognitive Services Language APIs version 2022-04-01-preview is retired and will be removed by Dec 1, 2022. The latest supported version is 2022-05-01. For more information please check http://aka.ms/language-api-versions.",
        "X-Content-Type-Options": "nosniff",
        "x-envoy-upstream-service-time": "62"
      },
      "ResponseBody": {
        "jobId": "2231a65b-13cd-4a69-86de-fdcf32dd8c9a",
        "lastUpdateDateTime": "2022-07-15T14:43:13Z",
        "createdDateTime": "2022-07-15T14:43:06Z",
        "expirationDateTime": "2022-07-16T14:43:06Z",
        "status": "succeeded",
        "errors": [],
        "tasks": {
          "completed": 3,
          "failed": 0,
          "inProgress": 0,
          "total": 3,
          "items": [
            {
              "kind": "EntityRecognitionLROResults",
              "lastUpdateDateTime": "2022-07-15T14:43:13.6014781Z",
              "status": "succeeded",
              "results": {
                "documents": [],
                "errors": [
                  {
                    "id": "0",
                    "error": {
                      "code": "InvalidArgument",
                      "message": "Invalid Language Code.",
                      "innererror": {
                        "code": "UnsupportedLanguageCode",
                        "message": "Invalid language code. Supported languages: en,es,de,fr,zh-Hans,ar,cs,da,fi,hu,it,ja,ko,no,nl,pl,pt-BR,pt-PT,ru,sv,tr. For additional details see https://aka.ms/text-analytics/language-support?tabs=named-entity-recognition"
                      }
                    }
                  }
                ],
                "modelVersion": "2021-06-01"
              }
            },
            {
              "kind": "PiiEntityRecognitionLROResults",
              "lastUpdateDateTime": "2022-07-15T14:43:13.6565293Z",
              "status": "succeeded",
              "results": {
                "documents": [],
                "errors": [
                  {
                    "id": "0",
                    "error": {
                      "code": "InvalidArgument",
                      "message": "Invalid Language Code.",
                      "innererror": {
                        "code": "UnsupportedLanguageCode",
                        "message": "Invalid language code. Supported languages: ja,ko,zh-Hans,de,en,es,fr,it,pt-BR,pt-PT. For additional details see https://aka.ms/text-analytics/language-support?tabs=named-entity-recognition"
                      }
                    }
                  }
                ],
                "modelVersion": "2021-01-15"
              }
            },
            {
              "kind": "KeyPhraseExtractionLROResults",
              "lastUpdateDateTime": "2022-07-15T14:43:07.8239563Z",
              "status": "succeeded",
              "results": {
                "documents": [],
                "errors": [
                  {
                    "id": "0",
                    "error": {
                      "code": "InvalidArgument",
                      "message": "Invalid Language Code.",
                      "innererror": {
                        "code": "UnsupportedLanguageCode",
                        "message": "Invalid language code. Supported languages: ja,ko,zh-Hans,de,en,es,fr,it,pt-BR,pt-PT,af,bg,ca,da,el,et,fi,hr,hu,id,lv,nl,no,pl,ro,ru,sk,sl,sv,tr. For additional details see https://aka.ms/text-analytics/language-support?tabs=key-phrase-extraction"
                      }
                    }
                  }
                ],
                "modelVersion": "2022-07-01"
              }
            }
          ]
        }
      }
    }
  ],
  "Variables": {}
}
