{
  "Entries": [
    {
      "RequestUri": "https://keyvault_name.vault.azure.net/keys/RSA-23125/create?api-version=7.4-preview.1",
      "RequestMethod": "POST",
      "RequestHeaders": {
        "Accept": "application/json",
        "Accept-Encoding": "gzip,deflate",
        "Connection": "keep-alive",
        "Content-Length": "0",
        "Content-Type": "application/json",
        "User-Agent": "azsdk-js-keyvault-keys/4.6.1 azsdk-js-keyvault-keys/4.6.1 core-rest-pipeline/1.10.0 Node/v16.15.1 OS/(x64-Linux-5.10.102.1-microsoft-standard-WSL2)",
        "x-ms-client-request-id": "e6ee7bde-f2c3-473f-aacc-f89794d2e1b9"
      },
      "RequestBody": null,
      "StatusCode": 401,
      "ResponseHeaders": {
        "Cache-Control": "no-cache",
        "Content-Length": "97",
        "Content-Type": "application/json; charset=utf-8",
        "Date": "Wed, 09 Nov 2022 17:19:38 GMT",
        "Expires": "-1",
        "Pragma": "no-cache",
        "Strict-Transport-Security": "max-age=31536000;includeSubDomains",
        "WWW-Authenticate": "Bearer authorization=\u0022https://login.windows.net/12345678-1234-1234-1234-123456789012\u0022, resource=\u0022https://vault.azure.net\u0022",
        "X-Content-Type-Options": "nosniff",
        "x-ms-client-request-id": "e6ee7bde-f2c3-473f-aacc-f89794d2e1b9",
        "x-ms-keyvault-network-info": "conn_type=Ipv4;addr=167.220.77.94;act_addr_fam=InterNetwork;",
        "x-ms-keyvault-region": "northcentralus",
        "x-ms-keyvault-service-version": "1.9.576.1",
        "x-ms-request-id": "4d94f8c8-530d-4e05-8d22-e289c0486b84"
      },
      "ResponseBody": {
        "error": {
          "code": "Unauthorized",
          "message": "AKV10000: Request is missing a Bearer or PoP token."
        }
      }
    },
    {
      "RequestUri": "https://keyvault_name.vault.azure.net/keys/RSA-23125/create?api-version=7.4-preview.1",
      "RequestMethod": "POST",
      "RequestHeaders": {
        "Accept": "application/json",
        "Accept-Encoding": "gzip,deflate",
        "Authorization": "Sanitized",
        "Connection": "keep-alive",
        "Content-Length": "13",
        "Content-Type": "application/json",
        "User-Agent": "azsdk-js-keyvault-keys/4.6.1 azsdk-js-keyvault-keys/4.6.1 core-rest-pipeline/1.10.0 Node/v16.15.1 OS/(x64-Linux-5.10.102.1-microsoft-standard-WSL2)",
        "x-ms-client-request-id": "e6ee7bde-f2c3-473f-aacc-f89794d2e1b9"
      },
      "RequestBody": {
        "kty": "RSA"
      },
      "StatusCode": 200,
      "ResponseHeaders": {
        "Cache-Control": "no-cache",
        "Content-Length": "706",
        "Content-Type": "application/json; charset=utf-8",
        "Date": "Wed, 09 Nov 2022 17:19:39 GMT",
        "Expires": "-1",
        "Pragma": "no-cache",
        "Strict-Transport-Security": "max-age=31536000;includeSubDomains",
        "X-Content-Type-Options": "nosniff",
        "x-ms-client-request-id": "e6ee7bde-f2c3-473f-aacc-f89794d2e1b9",
        "x-ms-keyvault-network-info": "conn_type=Ipv4;addr=167.220.77.94;act_addr_fam=InterNetwork;",
        "x-ms-keyvault-rbac-assignment-id": "0b5c37e2-546f-5f67-b775-71961d2f0c3d",
        "x-ms-keyvault-rbac-cache": "ra_age=354;da_age=594;rd_age=594;brd_age=19914;ra_notif_age=729;dec_lev=1;",
        "x-ms-keyvault-region": "northcentralus",
        "x-ms-keyvault-service-version": "1.9.576.1",
        "x-ms-request-id": "79e1e5c6-66e2-4cc8-b37f-ba0dd1fded42"
      },
      "ResponseBody": {
        "key": {
          "kid": "https://keyvault_name.vault.azure.net/keys/RSA-23125/cb6c2f8633c143baa679dda9f25c41d8",
          "kty": "RSA",
          "key_ops": [
            "encrypt",
            "decrypt",
            "sign",
            "verify",
            "wrapKey",
            "unwrapKey"
          ],
          "n": "vL_JzkzQGtD5yHD0qQYWT0xyA0P1I16TF9lTuHFKoGdf_FMi_EThuGp3zzu7FPUzCIBiobhvrsLFg56qrXpPPwdo5a2mxDUdCz054KhTicVAHiimGYcWbLBT3EWQ5_EkCOp2vr7Pgmtw3V0OLT9ViXadHgj1kx8stVnhrDR2eE-AQUevoBd-1V6zALCLDd0-0GqCmxsAiHArybDJRrNFmjwtbtARFiZq3cFxNxXRS85OcGxd6kgn4j-I2akAQSdWGELP08BcAX0iaZ6EjR1c3H-EhhSdtTWwnUJ5Nsj6RKSVFeotpHLuzST6XVJAlPp6HRl36ySDL48U68_i2g40AQ",
          "e": "AQAB"
        },
        "attributes": {
          "enabled": true,
          "created": 1668014379,
          "updated": 1668014379,
          "recoveryLevel": "CustomizedRecoverable\u002BPurgeable",
          "recoverableDays": 7,
          "exportable": false
        }
      }
    },
    {
      "RequestUri": "https://keyvault_name.vault.azure.net/keys/RSA-23125?api-version=7.4-preview.1",
      "RequestMethod": "DELETE",
      "RequestHeaders": {
        "Accept": "application/json",
        "Accept-Encoding": "gzip,deflate",
        "Authorization": "Sanitized",
        "Connection": "keep-alive",
        "User-Agent": "azsdk-js-keyvault-keys/4.6.1 azsdk-js-keyvault-keys/4.6.1 core-rest-pipeline/1.10.0 Node/v16.15.1 OS/(x64-Linux-5.10.102.1-microsoft-standard-WSL2)",
        "x-ms-client-request-id": "b677b9b9-8127-430e-9360-379d64b0498d"
      },
      "RequestBody": null,
      "StatusCode": 200,
      "ResponseHeaders": {
        "Cache-Control": "no-cache",
        "Content-Length": "838",
        "Content-Type": "application/json; charset=utf-8",
        "Date": "Wed, 09 Nov 2022 17:19:39 GMT",
        "Expires": "-1",
        "Pragma": "no-cache",
        "Strict-Transport-Security": "max-age=31536000;includeSubDomains",
        "X-Content-Type-Options": "nosniff",
        "x-ms-client-request-id": "b677b9b9-8127-430e-9360-379d64b0498d",
        "x-ms-keyvault-network-info": "conn_type=Ipv4;addr=167.220.77.94;act_addr_fam=InterNetwork;",
        "x-ms-keyvault-rbac-assignment-id": "0b5c37e2-546f-5f67-b775-71961d2f0c3d",
        "x-ms-keyvault-rbac-cache": "ra_age=354;da_age=594;rd_age=594;brd_age=19914;ra_notif_age=730;dec_lev=1;",
        "x-ms-keyvault-region": "northcentralus",
        "x-ms-keyvault-service-version": "1.9.576.1",
        "x-ms-request-id": "aa2de50c-50e4-412f-b4e5-86d9379ebb5c"
      },
      "ResponseBody": {
        "recoveryId": "https://keyvault_name.vault.azure.net/deletedkeys/RSA-23125",
        "deletedDate": 1668014380,
        "scheduledPurgeDate": 1668619180,
        "key": {
          "kid": "https://keyvault_name.vault.azure.net/keys/RSA-23125/cb6c2f8633c143baa679dda9f25c41d8",
          "kty": "RSA",
          "key_ops": [
            "encrypt",
            "decrypt",
            "sign",
            "verify",
            "wrapKey",
            "unwrapKey"
          ],
          "n": "vL_JzkzQGtD5yHD0qQYWT0xyA0P1I16TF9lTuHFKoGdf_FMi_EThuGp3zzu7FPUzCIBiobhvrsLFg56qrXpPPwdo5a2mxDUdCz054KhTicVAHiimGYcWbLBT3EWQ5_EkCOp2vr7Pgmtw3V0OLT9ViXadHgj1kx8stVnhrDR2eE-AQUevoBd-1V6zALCLDd0-0GqCmxsAiHArybDJRrNFmjwtbtARFiZq3cFxNxXRS85OcGxd6kgn4j-I2akAQSdWGELP08BcAX0iaZ6EjR1c3H-EhhSdtTWwnUJ5Nsj6RKSVFeotpHLuzST6XVJAlPp6HRl36ySDL48U68_i2g40AQ",
          "e": "AQAB"
        },
        "attributes": {
          "enabled": true,
          "created": 1668014379,
          "updated": 1668014379,
          "recoveryLevel": "CustomizedRecoverable\u002BPurgeable",
          "recoverableDays": 7,
          "exportable": false
        }
      }
    },
    {
      "RequestUri": "https://keyvault_name.vault.azure.net/deletedkeys/RSA-23125?api-version=7.4-preview.1",
      "RequestMethod": "GET",
      "RequestHeaders": {
        "Accept": "application/json",
        "Accept-Encoding": "gzip,deflate",
        "Authorization": "Sanitized",
        "Connection": "keep-alive",
        "User-Agent": "azsdk-js-keyvault-keys/4.6.1 azsdk-js-keyvault-keys/4.6.1 core-rest-pipeline/1.10.0 Node/v16.15.1 OS/(x64-Linux-5.10.102.1-microsoft-standard-WSL2)",
        "x-ms-client-request-id": "bd07353d-2038-4ee6-89d6-0b54f3a3db2a"
      },
      "RequestBody": null,
      "StatusCode": 404,
      "ResponseHeaders": {
        "Cache-Control": "no-cache",
        "Content-Length": "77",
        "Content-Type": "application/json; charset=utf-8",
        "Date": "Wed, 09 Nov 2022 17:19:39 GMT",
        "Expires": "-1",
        "Pragma": "no-cache",
        "Strict-Transport-Security": "max-age=31536000;includeSubDomains",
        "X-Content-Type-Options": "nosniff",
        "x-ms-client-request-id": "bd07353d-2038-4ee6-89d6-0b54f3a3db2a",
        "x-ms-keyvault-network-info": "conn_type=Ipv4;addr=167.220.77.94;act_addr_fam=InterNetwork;",
        "x-ms-keyvault-rbac-assignment-id": "0b5c37e2-546f-5f67-b775-71961d2f0c3d",
        "x-ms-keyvault-rbac-cache": "ra_age=354;da_age=594;rd_age=594;brd_age=19914;ra_notif_age=730;dec_lev=1;",
        "x-ms-keyvault-region": "northcentralus",
        "x-ms-keyvault-service-version": "1.9.576.1",
        "x-ms-request-id": "22c82382-d460-4bfe-a3c3-c8209b1dc74e"
      },
      "ResponseBody": {
        "error": {
          "code": "KeyNotFound",
          "message": "Deleted Key not found: RSA-23125"
        }
      }
    },
    {
      "RequestUri": "https://keyvault_name.vault.azure.net/deletedkeys/RSA-23125?api-version=7.4-preview.1",
      "RequestMethod": "GET",
      "RequestHeaders": {
        "Accept": "application/json",
        "Accept-Encoding": "gzip,deflate",
        "Authorization": "Sanitized",
        "Connection": "keep-alive",
        "User-Agent": "azsdk-js-keyvault-keys/4.6.1 azsdk-js-keyvault-keys/4.6.1 core-rest-pipeline/1.10.0 Node/v16.15.1 OS/(x64-Linux-5.10.102.1-microsoft-standard-WSL2)",
        "x-ms-client-request-id": "221e0c2f-1a8b-4ab0-904e-c5d43a394534"
      },
      "RequestBody": null,
      "StatusCode": 404,
      "ResponseHeaders": {
        "Cache-Control": "no-cache",
        "Content-Length": "77",
        "Content-Type": "application/json; charset=utf-8",
        "Date": "Wed, 09 Nov 2022 17:19:39 GMT",
        "Expires": "-1",
        "Pragma": "no-cache",
        "Strict-Transport-Security": "max-age=31536000;includeSubDomains",
        "X-Content-Type-Options": "nosniff",
        "x-ms-client-request-id": "221e0c2f-1a8b-4ab0-904e-c5d43a394534",
        "x-ms-keyvault-network-info": "conn_type=Ipv4;addr=167.220.77.94;act_addr_fam=InterNetwork;",
        "x-ms-keyvault-rbac-assignment-id": "0b5c37e2-546f-5f67-b775-71961d2f0c3d",
        "x-ms-keyvault-rbac-cache": "ra_age=354;da_age=594;rd_age=594;brd_age=19914;ra_notif_age=730;dec_lev=0;",
        "x-ms-keyvault-region": "northcentralus",
        "x-ms-keyvault-service-version": "1.9.576.1",
        "x-ms-request-id": "45423a3d-07ca-4a08-ae00-9a2021ac5e9c"
      },
      "ResponseBody": {
        "error": {
          "code": "KeyNotFound",
          "message": "Deleted Key not found: RSA-23125"
        }
      }
    },
    {
      "RequestUri": "https://keyvault_name.vault.azure.net/deletedkeys/RSA-23125?api-version=7.4-preview.1",
      "RequestMethod": "GET",
      "RequestHeaders": {
        "Accept": "application/json",
        "Accept-Encoding": "gzip,deflate",
        "Authorization": "Sanitized",
        "Connection": "keep-alive",
        "User-Agent": "azsdk-js-keyvault-keys/4.6.1 azsdk-js-keyvault-keys/4.6.1 core-rest-pipeline/1.10.0 Node/v16.15.1 OS/(x64-Linux-5.10.102.1-microsoft-standard-WSL2)",
        "x-ms-client-request-id": "ca4863e1-2229-44dd-a4bd-a7bf8827a12e"
      },
      "RequestBody": null,
      "StatusCode": 200,
      "ResponseHeaders": {
        "Cache-Control": "no-cache",
        "Content-Length": "838",
        "Content-Type": "application/json; charset=utf-8",
        "Date": "Wed, 09 Nov 2022 17:19:44 GMT",
        "Expires": "-1",
        "Pragma": "no-cache",
        "Strict-Transport-Security": "max-age=31536000;includeSubDomains",
        "X-Content-Type-Options": "nosniff",
        "x-ms-client-request-id": "ca4863e1-2229-44dd-a4bd-a7bf8827a12e",
        "x-ms-keyvault-network-info": "conn_type=Ipv4;addr=167.220.77.94;act_addr_fam=InterNetwork;",
        "x-ms-keyvault-rbac-assignment-id": "0b5c37e2-546f-5f67-b775-71961d2f0c3d",
        "x-ms-keyvault-rbac-cache": "ra_age=359;da_age=599;rd_age=599;brd_age=19920;ra_notif_age=735;dec_lev=0;",
        "x-ms-keyvault-region": "northcentralus",
        "x-ms-keyvault-service-version": "1.9.576.1",
        "x-ms-request-id": "5199722d-13c3-4dca-a440-c1da5e385591"
      },
      "ResponseBody": {
        "recoveryId": "https://keyvault_name.vault.azure.net/deletedkeys/RSA-23125",
        "deletedDate": 1668014380,
        "scheduledPurgeDate": 1668619180,
        "key": {
          "kid": "https://keyvault_name.vault.azure.net/keys/RSA-23125/cb6c2f8633c143baa679dda9f25c41d8",
          "kty": "RSA",
          "key_ops": [
            "encrypt",
            "decrypt",
            "sign",
            "verify",
            "wrapKey",
            "unwrapKey"
          ],
          "n": "vL_JzkzQGtD5yHD0qQYWT0xyA0P1I16TF9lTuHFKoGdf_FMi_EThuGp3zzu7FPUzCIBiobhvrsLFg56qrXpPPwdo5a2mxDUdCz054KhTicVAHiimGYcWbLBT3EWQ5_EkCOp2vr7Pgmtw3V0OLT9ViXadHgj1kx8stVnhrDR2eE-AQUevoBd-1V6zALCLDd0-0GqCmxsAiHArybDJRrNFmjwtbtARFiZq3cFxNxXRS85OcGxd6kgn4j-I2akAQSdWGELP08BcAX0iaZ6EjR1c3H-EhhSdtTWwnUJ5Nsj6RKSVFeotpHLuzST6XVJAlPp6HRl36ySDL48U68_i2g40AQ",
          "e": "AQAB"
        },
        "attributes": {
          "enabled": true,
          "created": 1668014379,
          "updated": 1668014379,
          "recoveryLevel": "CustomizedRecoverable\u002BPurgeable",
          "recoverableDays": 7,
          "exportable": false
        }
      }
    },
    {
      "RequestUri": "https://keyvault_name.vault.azure.net/deletedkeys/RSA-23125?api-version=7.4-preview.1",
      "RequestMethod": "DELETE",
      "RequestHeaders": {
        "Accept": "application/json",
        "Accept-Encoding": "gzip,deflate",
        "Authorization": "Sanitized",
        "Connection": "keep-alive",
        "User-Agent": "azsdk-js-keyvault-keys/4.6.1 azsdk-js-keyvault-keys/4.6.1 core-rest-pipeline/1.10.0 Node/v16.15.1 OS/(x64-Linux-5.10.102.1-microsoft-standard-WSL2)",
        "x-ms-client-request-id": "a90200ea-c570-42ca-974e-5fe9174f4263"
      },
      "RequestBody": null,
      "StatusCode": 204,
      "ResponseHeaders": {
        "Cache-Control": "no-cache",
        "Date": "Wed, 09 Nov 2022 17:19:44 GMT",
        "Expires": "-1",
        "Pragma": "no-cache",
        "Strict-Transport-Security": "max-age=31536000;includeSubDomains",
        "X-Content-Type-Options": "nosniff",
        "x-ms-client-request-id": "a90200ea-c570-42ca-974e-5fe9174f4263",
        "x-ms-keyvault-network-info": "conn_type=Ipv4;addr=167.220.77.94;act_addr_fam=InterNetwork;",
        "x-ms-keyvault-rbac-assignment-id": "0b5c37e2-546f-5f67-b775-71961d2f0c3d",
        "x-ms-keyvault-rbac-cache": "ra_age=360;da_age=599;rd_age=599;brd_age=19920;ra_notif_age=735;dec_lev=1;",
        "x-ms-keyvault-region": "northcentralus",
        "x-ms-keyvault-service-version": "1.9.576.1",
        "x-ms-request-id": "1bed2a5c-efa9-4b17-a71a-87ae10926221"
      },
      "ResponseBody": null
    }
  ],
  "Variables": {
    "RSA": "RSA-23125"
  }
}
