{
  "Entries": [
    {
      "RequestUri": "https://myappconfig.azconfig.io/kv/etags-10998?api-version=1.0",
      "RequestMethod": "PUT",
      "RequestHeaders": {
        "Accept": "application/vnd.microsoft.appconfig.kv\u002Bjson, application/json, application/problem\u002Bjson",
        "Accept-Encoding": "gzip,deflate",
        "Authorization": "Sanitized",
        "Connection": "close",
        "Content-Length": "42",
        "Content-Type": "application/vnd.microsoft.appconfig.kv\u002Bjson",
        "Cookie": "",
        "If-None-Match": "*",
        "User-Agent": "azsdk-js-app-configuration/1.3.2 core-http/2.2.3 Node/v14.17.6 OS/(x64-Linux-5.4.0-1063-azure)",
        "x-ms-client-request-id": "a51e9440-5083-4ccc-a9c3-ba9d097a5d31",
        "x-ms-content-sha256": "rm8Toha24JRubKFZfxwSfFDayntJo/Bp1UdO42VjeKY=",
        "x-ms-date": "Wed, 29 Dec 2021 21:09:24 GMT"
      },
      "RequestBody": {
        "key": "etags-10998",
        "value": "some value"
      },
      "StatusCode": 200,
      "ResponseHeaders": {
        "Access-Control-Allow-Credentials": "true",
        "Access-Control-Allow-Origin": "*",
        "Access-Control-Expose-Headers": "DNT, X-CustomHeader, Keep-Alive, User-Agent, X-Requested-With, If-Modified-Since, Cache-Control, Content-Type, Authorization, x-ms-client-request-id, x-ms-useragent, x-ms-content-sha256, x-ms-date, host, Accept, Accept-Datetime, Date, If-Match, If-None-Match, Sync-Token, x-ms-return-client-request-id, ETag, Last-Modified, Link, Memento-Datetime, retry-after-ms, x-ms-request-id, x-ms-client-session-id, x-ms-effective-locale, WWW-Authenticate, traceparent, tracestate",
        "Connection": "close",
        "Content-Type": "application/vnd.microsoft.appconfig.kv\u002Bjson; charset=utf-8",
        "Date": "Wed, 29 Dec 2021 21:09:24 GMT",
        "ETag": "\u0022ACylcf7DZv05QuDdl67iX01ONGs\u0022",
        "Last-Modified": "Wed, 29 Dec 2021 21:09:25 GMT",
        "Server": "openresty/1.17.8.2",
        "Strict-Transport-Security": "max-age=15724800; includeSubDomains",
        "Sync-Token": "zAJw6V16=NToxNSMzMjg0NTE1;sn=3284515",
        "Transfer-Encoding": "chunked",
        "x-ms-correlation-request-id": "eb7092d1-7532-43bd-913f-6cab3b3bf53c",
        "x-ms-request-id": "eb7092d1-7532-43bd-913f-6cab3b3bf53c"
      },
      "ResponseBody": {
        "etag": "ACylcf7DZv05QuDdl67iX01ONGs",
        "key": "etags-10998",
        "label": null,
        "content_type": null,
        "value": "some value",
        "tags": {},
        "locked": false,
        "last_modified": "2021-12-29T21:09:25\u002B00:00"
      }
    },
    {
      "RequestUri": "https://myappconfig.azconfig.io/kv/etags-10998?api-version=1.0",
      "RequestMethod": "GET",
      "RequestHeaders": {
        "Accept": "application/vnd.microsoft.appconfig.kv\u002Bjson, application/json, application/problem\u002Bjson",
        "Accept-Encoding": "gzip,deflate",
        "Authorization": "Sanitized",
        "Connection": "close",
        "Cookie": "",
        "sync-token": "zAJw6V16=NToxNSMzMjg0NTE1",
        "User-Agent": "azsdk-js-app-configuration/1.3.2 core-http/2.2.3 Node/v14.17.6 OS/(x64-Linux-5.4.0-1063-azure)",
        "x-ms-client-request-id": "b982ec67-2aee-4591-9034-64d10ccfcd0d",
        "x-ms-content-sha256": "47DEQpj8HBSa\u002B/TImW\u002B5JCeuQeRkm5NMpJWZG3hSuFU=",
        "x-ms-date": "Wed, 29 Dec 2021 21:09:24 GMT"
      },
      "RequestBody": null,
      "StatusCode": 200,
      "ResponseHeaders": {
        "Access-Control-Allow-Credentials": "true",
        "Access-Control-Allow-Origin": "*",
        "Access-Control-Expose-Headers": "DNT, X-CustomHeader, Keep-Alive, User-Agent, X-Requested-With, If-Modified-Since, Cache-Control, Content-Type, Authorization, x-ms-client-request-id, x-ms-useragent, x-ms-content-sha256, x-ms-date, host, Accept, Accept-Datetime, Date, If-Match, If-None-Match, Sync-Token, x-ms-return-client-request-id, ETag, Last-Modified, Link, Memento-Datetime, retry-after-ms, x-ms-request-id, x-ms-client-session-id, x-ms-effective-locale, WWW-Authenticate, traceparent, tracestate",
        "Connection": "close",
        "Content-Type": "application/vnd.microsoft.appconfig.kv\u002Bjson; charset=utf-8",
        "Date": "Wed, 29 Dec 2021 21:09:24 GMT",
        "ETag": "\u0022ACylcf7DZv05QuDdl67iX01ONGs\u0022",
        "Last-Modified": "Wed, 29 Dec 2021 21:09:25 GMT",
        "Server": "openresty/1.17.8.2",
        "Strict-Transport-Security": "max-age=15724800; includeSubDomains",
        "Sync-Token": "zAJw6V16=NToxNSMzMjg0NTE1;sn=3284515",
        "Transfer-Encoding": "chunked",
        "x-ms-correlation-request-id": "db33e30a-b680-43ff-9779-454d5431e1ed",
        "x-ms-request-id": "db33e30a-b680-43ff-9779-454d5431e1ed"
      },
      "ResponseBody": {
        "etag": "ACylcf7DZv05QuDdl67iX01ONGs",
        "key": "etags-10998",
        "label": null,
        "content_type": null,
        "value": "some value",
        "tags": {},
        "locked": false,
        "last_modified": "2021-12-29T21:09:25\u002B00:00"
      }
    },
    {
      "RequestUri": "https://myappconfig.azconfig.io/kv/etags-10998?api-version=1.0",
      "RequestMethod": "PUT",
      "RequestHeaders": {
        "Accept": "application/vnd.microsoft.appconfig.kv\u002Bjson, application/json, application/problem\u002Bjson",
        "Accept-Encoding": "gzip,deflate",
        "Authorization": "Sanitized",
        "Connection": "close",
        "Content-Length": "170",
        "Content-Type": "application/vnd.microsoft.appconfig.kv\u002Bjson",
        "Cookie": "",
        "If-Match": "\u0022ACylcf7DZv05QuDdl67iX01ONGs\u0022",
        "sync-token": "zAJw6V16=NToxNSMzMjg0NTE1",
        "User-Agent": "azsdk-js-app-configuration/1.3.2 core-http/2.2.3 Node/v14.17.6 OS/(x64-Linux-5.4.0-1063-azure)",
        "x-ms-client-request-id": "5d60ab30-66c8-4bdf-815b-e51ec7712ba5",
        "x-ms-content-sha256": "rjK8A8DrjToK1kHIobuAVqkRhJRlxVoyHmwddbgItKs=",
        "x-ms-date": "Wed, 29 Dec 2021 21:09:24 GMT"
      },
      "RequestBody": {
        "key": "etags-10998",
        "label": null,
        "content_type": null,
        "value": "some new value!",
        "last_modified": "2021-12-29T21:09:25.000Z",
        "tags": {},
        "etag": "ACylcf7DZv05QuDdl67iX01ONGs"
      },
      "StatusCode": 200,
      "ResponseHeaders": {
        "Access-Control-Allow-Credentials": "true",
        "Access-Control-Allow-Origin": "*",
        "Access-Control-Expose-Headers": "DNT, X-CustomHeader, Keep-Alive, User-Agent, X-Requested-With, If-Modified-Since, Cache-Control, Content-Type, Authorization, x-ms-client-request-id, x-ms-useragent, x-ms-content-sha256, x-ms-date, host, Accept, Accept-Datetime, Date, If-Match, If-None-Match, Sync-Token, x-ms-return-client-request-id, ETag, Last-Modified, Link, Memento-Datetime, retry-after-ms, x-ms-request-id, x-ms-client-session-id, x-ms-effective-locale, WWW-Authenticate, traceparent, tracestate",
        "Connection": "close",
        "Content-Type": "application/vnd.microsoft.appconfig.kv\u002Bjson; charset=utf-8",
        "Date": "Wed, 29 Dec 2021 21:09:25 GMT",
        "ETag": "\u0022qwxr7oSwZFPaHgdejVj7F7TZs8r\u0022",
        "Last-Modified": "Wed, 29 Dec 2021 21:09:25 GMT",
        "Server": "openresty/1.17.8.2",
        "Strict-Transport-Security": "max-age=15724800; includeSubDomains",
        "Sync-Token": "zAJw6V16=NToxNSMzMjg0NTE2;sn=3284516",
        "Transfer-Encoding": "chunked",
        "x-ms-correlation-request-id": "c74c1419-7f04-435c-bed6-0d4e1e7254bc",
        "x-ms-request-id": "c74c1419-7f04-435c-bed6-0d4e1e7254bc"
      },
      "ResponseBody": {
        "etag": "qwxr7oSwZFPaHgdejVj7F7TZs8r",
        "key": "etags-10998",
        "label": null,
        "content_type": null,
        "value": "some new value!",
        "tags": {},
        "locked": false,
        "last_modified": "2021-12-29T21:09:25\u002B00:00"
      }
    },
    {
      "RequestUri": "https://myappconfig.azconfig.io/kv/etags-10998?api-version=1.0",
      "RequestMethod": "PUT",
      "RequestHeaders": {
        "Accept": "application/vnd.microsoft.appconfig.kv\u002Bjson, application/json, application/problem\u002Bjson",
        "Accept-Encoding": "gzip,deflate",
        "Authorization": "Sanitized",
        "Connection": "close",
        "Content-Length": "148",
        "Content-Type": "application/vnd.microsoft.appconfig.kv\u002Bjson",
        "Cookie": "",
        "If-Match": "\u0022bogus\u0022",
        "sync-token": "zAJw6V16=NToxNSMzMjg0NTE2",
        "User-Agent": "azsdk-js-app-configuration/1.3.2 core-http/2.2.3 Node/v14.17.6 OS/(x64-Linux-5.4.0-1063-azure)",
        "x-ms-client-request-id": "e2fcd340-ac4a-4dea-a10c-3be933e1cdfa",
        "x-ms-content-sha256": "zxXxQ8Htz1mOe5bn3xmo2Hdgu2ECjc1cVBGu\u002BLfWFy4=",
        "x-ms-date": "Wed, 29 Dec 2021 21:09:25 GMT"
      },
      "RequestBody": {
        "key": "etags-10998",
        "label": null,
        "content_type": null,
        "value": "some new value!",
        "last_modified": "2021-12-29T21:09:25.000Z",
        "tags": {},
        "etag": "bogus"
      },
      "StatusCode": 412,
      "ResponseHeaders": {
        "Access-Control-Allow-Credentials": "true",
        "Access-Control-Allow-Origin": "*",
        "Access-Control-Expose-Headers": "DNT, X-CustomHeader, Keep-Alive, User-Agent, X-Requested-With, If-Modified-Since, Cache-Control, Content-Type, Authorization, x-ms-client-request-id, x-ms-useragent, x-ms-content-sha256, x-ms-date, host, Accept, Accept-Datetime, Date, If-Match, If-None-Match, Sync-Token, x-ms-return-client-request-id, ETag, Last-Modified, Link, Memento-Datetime, retry-after-ms, x-ms-request-id, x-ms-client-session-id, x-ms-effective-locale, WWW-Authenticate, traceparent, tracestate",
        "Connection": "close",
        "Content-Length": "0",
        "Date": "Wed, 29 Dec 2021 21:09:25 GMT",
        "Server": "openresty/1.17.8.2",
        "Strict-Transport-Security": "max-age=15724800; includeSubDomains",
        "x-ms-correlation-request-id": "4d12836e-461d-4b83-a3c6-469d6e367df6",
        "x-ms-request-id": "4d12836e-461d-4b83-a3c6-469d6e367df6"
      },
      "ResponseBody": null
    },
    {
      "RequestUri": "https://myappconfig.azconfig.io/kv?api-version=1.0\u0026key=etags-10998",
      "RequestMethod": "GET",
      "RequestHeaders": {
        "Accept": "application/vnd.microsoft.appconfig.kvset\u002Bjson, application/json, application/problem\u002Bjson",
        "Accept-Encoding": "gzip,deflate",
        "Authorization": "Sanitized",
        "Connection": "close",
        "Cookie": "",
        "sync-token": "zAJw6V16=NToxNSMzMjg0NTE2",
        "User-Agent": "azsdk-js-app-configuration/1.3.2 core-http/2.2.3 Node/v14.17.6 OS/(x64-Linux-5.4.0-1063-azure)",
        "x-ms-client-request-id": "8476fc34-ebc8-44fa-956c-db1d92c7b615",
        "x-ms-content-sha256": "47DEQpj8HBSa\u002B/TImW\u002B5JCeuQeRkm5NMpJWZG3hSuFU=",
        "x-ms-date": "Wed, 29 Dec 2021 21:09:25 GMT"
      },
      "RequestBody": null,
      "StatusCode": 200,
      "ResponseHeaders": {
        "Access-Control-Allow-Credentials": "true",
        "Access-Control-Allow-Origin": "*",
        "Access-Control-Expose-Headers": "DNT, X-CustomHeader, Keep-Alive, User-Agent, X-Requested-With, If-Modified-Since, Cache-Control, Content-Type, Authorization, x-ms-client-request-id, x-ms-useragent, x-ms-content-sha256, x-ms-date, host, Accept, Accept-Datetime, Date, If-Match, If-None-Match, Sync-Token, x-ms-return-client-request-id, ETag, Last-Modified, Link, Memento-Datetime, retry-after-ms, x-ms-request-id, x-ms-client-session-id, x-ms-effective-locale, WWW-Authenticate, traceparent, tracestate",
        "Connection": "close",
        "Content-Type": "application/vnd.microsoft.appconfig.kvset\u002Bjson; charset=utf-8",
        "Date": "Wed, 29 Dec 2021 21:09:25 GMT",
        "Server": "openresty/1.17.8.2",
        "Strict-Transport-Security": "max-age=15724800; includeSubDomains",
        "Sync-Token": "zAJw6V16=NToxNSMzMjg0NTE2;sn=3284516",
        "Transfer-Encoding": "chunked",
        "x-ms-correlation-request-id": "7bd40dab-bafe-4abb-9a58-b8b00d598fe3",
        "x-ms-request-id": "7bd40dab-bafe-4abb-9a58-b8b00d598fe3"
      },
      "ResponseBody": {
        "items": [
          {
            "etag": "qwxr7oSwZFPaHgdejVj7F7TZs8r",
            "key": "etags-10998",
            "label": null,
            "content_type": null,
            "value": "some new value!",
            "tags": {},
            "locked": false,
            "last_modified": "2021-12-29T21:09:25\u002B00:00"
          }
        ]
      }
    },
    {
      "RequestUri": "https://myappconfig.azconfig.io/kv/etags-10998?api-version=1.0",
      "RequestMethod": "DELETE",
      "RequestHeaders": {
        "Accept": "application/vnd.microsoft.appconfig.kv\u002Bjson, application/json, application/problem\u002Bjson",
        "Accept-Encoding": "gzip,deflate",
        "Authorization": "Sanitized",
        "Connection": "close",
        "Cookie": "",
        "sync-token": "zAJw6V16=NToxNSMzMjg0NTE2",
        "User-Agent": "azsdk-js-app-configuration/1.3.2 core-http/2.2.3 Node/v14.17.6 OS/(x64-Linux-5.4.0-1063-azure)",
        "x-ms-client-request-id": "99890144-3027-4562-81a1-0f8bdc6b3fc2",
        "x-ms-content-sha256": "47DEQpj8HBSa\u002B/TImW\u002B5JCeuQeRkm5NMpJWZG3hSuFU=",
        "x-ms-date": "Wed, 29 Dec 2021 21:09:25 GMT"
      },
      "RequestBody": null,
      "StatusCode": 200,
      "ResponseHeaders": {
        "Access-Control-Allow-Credentials": "true",
        "Access-Control-Allow-Origin": "*",
        "Access-Control-Expose-Headers": "DNT, X-CustomHeader, Keep-Alive, User-Agent, X-Requested-With, If-Modified-Since, Cache-Control, Content-Type, Authorization, x-ms-client-request-id, x-ms-useragent, x-ms-content-sha256, x-ms-date, host, Accept, Accept-Datetime, Date, If-Match, If-None-Match, Sync-Token, x-ms-return-client-request-id, ETag, Last-Modified, Link, Memento-Datetime, retry-after-ms, x-ms-request-id, x-ms-client-session-id, x-ms-effective-locale, WWW-Authenticate, traceparent, tracestate",
        "Connection": "close",
        "Content-Type": "application/vnd.microsoft.appconfig.kv\u002Bjson; charset=utf-8",
        "Date": "Wed, 29 Dec 2021 21:09:25 GMT",
        "ETag": "\u0022qwxr7oSwZFPaHgdejVj7F7TZs8r\u0022",
        "Last-Modified": "Wed, 29 Dec 2021 21:09:25 GMT",
        "Server": "openresty/1.17.8.2",
        "Strict-Transport-Security": "max-age=15724800; includeSubDomains",
        "Sync-Token": "zAJw6V16=NToxNSMzMjg0NTE3;sn=3284517",
        "Transfer-Encoding": "chunked",
        "x-ms-correlation-request-id": "ca14d160-3b10-4ac8-9a78-c6fabeb96661",
        "x-ms-request-id": "ca14d160-3b10-4ac8-9a78-c6fabeb96661"
      },
      "ResponseBody": {
        "etag": "qwxr7oSwZFPaHgdejVj7F7TZs8r",
        "key": "etags-10998",
        "label": null,
        "content_type": null,
        "value": "some new value!",
        "tags": {},
        "locked": false,
        "last_modified": "2021-12-29T21:09:25\u002B00:00"
      }
    }
  ],
  "Variables": {
    "etags": "etags-10998"
  }
}
