{
  "Entries": [
    {
      "RequestUri": "https://keyvault_name.vault.azure.net/keys/localCryptoKeyName-RS512-/create?api-version=7.3",
      "RequestMethod": "POST",
      "RequestHeaders": {
        "Accept": "application/json",
        "Accept-Encoding": "gzip,deflate",
        "Connection": "keep-alive",
        "Content-Length": "0",
        "Content-Type": "application/json",
        "User-Agent": "azsdk-js-keyvault-keys/4.5.0-beta.1 azsdk-js-keyvault-keys/4.5.0-beta.1 core-rest-pipeline/1.8.1 Node/v16.14.0 OS/(x64-Windows_NT-10.0.22000)",
        "x-ms-client-request-id": "04ce4c3d-6473-47ae-a582-fbdca4bb194e"
      },
      "RequestBody": null,
      "StatusCode": 401,
      "ResponseHeaders": {
        "Cache-Control": "no-cache",
        "Content-Length": "97",
        "Content-Type": "application/json; charset=utf-8",
        "Date": "Fri, 27 May 2022 23:07:50 GMT",
        "Expires": "-1",
        "Pragma": "no-cache",
        "Strict-Transport-Security": "max-age=31536000;includeSubDomains",
        "WWW-Authenticate": "Bearer authorization=\u0022https://login.windows.net/12345678-1234-1234-1234-123456789012\u0022, resource=\u0022https://vault.azure.net\u0022",
        "X-Content-Type-Options": "nosniff",
        "x-ms-client-request-id": "04ce4c3d-6473-47ae-a582-fbdca4bb194e",
        "x-ms-keyvault-network-info": "conn_type=Ipv4;addr=131.107.159.44;act_addr_fam=InterNetwork;",
        "x-ms-keyvault-region": "northcentralus",
        "x-ms-keyvault-service-version": "1.9.395.1",
        "x-ms-request-id": "3447998c-69a6-4fd7-a838-9e3db93ffb51"
      },
      "ResponseBody": {
        "error": {
          "code": "Unauthorized",
          "message": "AKV10000: Request is missing a Bearer or PoP token."
        }
      }
    },
    {
      "RequestUri": "https://keyvault_name.vault.azure.net/keys/localCryptoKeyName-RS512-/create?api-version=7.3",
      "RequestMethod": "POST",
      "RequestHeaders": {
        "Accept": "application/json",
        "Accept-Encoding": "gzip,deflate",
        "Authorization": "Sanitized",
        "Connection": "keep-alive",
        "Content-Length": "13",
        "Content-Type": "application/json",
        "User-Agent": "azsdk-js-keyvault-keys/4.5.0-beta.1 azsdk-js-keyvault-keys/4.5.0-beta.1 core-rest-pipeline/1.8.1 Node/v16.14.0 OS/(x64-Windows_NT-10.0.22000)",
        "x-ms-client-request-id": "04ce4c3d-6473-47ae-a582-fbdca4bb194e"
      },
      "RequestBody": {
        "kty": "RSA"
      },
      "StatusCode": 200,
      "ResponseHeaders": {
        "Cache-Control": "no-cache",
        "Content-Length": "703",
        "Content-Type": "application/json; charset=utf-8",
        "Date": "Fri, 27 May 2022 23:07:50 GMT",
        "Expires": "-1",
        "Pragma": "no-cache",
        "Strict-Transport-Security": "max-age=31536000;includeSubDomains",
        "X-Content-Type-Options": "nosniff",
        "x-ms-client-request-id": "04ce4c3d-6473-47ae-a582-fbdca4bb194e",
        "x-ms-keyvault-network-info": "conn_type=Ipv4;addr=131.107.159.44;act_addr_fam=InterNetwork;",
        "x-ms-keyvault-rbac-assignment-id": "bcec85b9-f9c6-5289-888e-6f6ce533c6a2",
        "x-ms-keyvault-rbac-cache": "ra_age=7791;da_age=7791;rd_age=7791;brd_age=6297;ra_notif_age=8847;dec_lev=1;",
        "x-ms-keyvault-region": "northcentralus",
        "x-ms-keyvault-service-version": "1.9.395.1",
        "x-ms-request-id": "2a871963-9883-472d-a1f3-64b9839b4c27"
      },
      "ResponseBody": {
        "key": {
          "kid": "https://keyvault_name.vault.azure.net/keys/localCryptoKeyName-RS512-/7e988654e9884533b9042e40e23a7a2c",
          "kty": "RSA",
          "key_ops": [
            "encrypt",
            "decrypt",
            "sign",
            "verify",
            "wrapKey",
            "unwrapKey"
          ],
          "n": "zKsbHIkzvU5ldDc9ZVz9ImlXenhUtL1VDZjM6R0PNBTYFT8uaAs7fhuf_Qdbis5wwo7uXbjguDN-hrrPf6w8m1icLQuen0JNM19wW-_rNBX_51nOp4RdomIx5GjTPTlbPO75Iuk2oYK_uqmDXpO5samKGS-FD48Fl4rhIrngPdebV1bdd23W6FxPPFbQWay8mJh5EyiK15jOulZy1ZBPqijlGsNxnbC78E-c6sbblXsmOFZJ8vkJ7ywKBtbmhRvchAZEQsxiaGANwy95wmjDKsk_PpGow1MOXJWQLvzcyAGl2pYh8DfAj8EjlNK9_0WxSip9oDewoBIVGIPPX_XyNQ",
          "e": "AQAB"
        },
        "attributes": {
          "enabled": true,
          "created": 1653692871,
          "updated": 1653692871,
          "recoveryLevel": "CustomizedRecoverable\u002BPurgeable",
          "recoverableDays": 7
        }
      }
    },
    {
      "RequestUri": "https://keyvault_name.vault.azure.net/keys/localCryptoKeyName-RS512-/7e988654e9884533b9042e40e23a7a2c?api-version=7.3",
      "RequestMethod": "GET",
      "RequestHeaders": {
        "Accept": "application/json",
        "Accept-Encoding": "gzip,deflate",
        "Connection": "keep-alive",
        "User-Agent": "azsdk-js-keyvault-keys/4.5.0-beta.1 azsdk-js-keyvault-keys/4.5.0-beta.1 core-rest-pipeline/1.8.1 Node/v16.14.0 OS/(x64-Windows_NT-10.0.22000)",
        "x-ms-client-request-id": "b0a9fecd-21c4-47a4-8558-9ce599da7eaa"
      },
      "RequestBody": null,
      "StatusCode": 401,
      "ResponseHeaders": {
        "Cache-Control": "no-cache",
        "Content-Length": "97",
        "Content-Type": "application/json; charset=utf-8",
        "Date": "Fri, 27 May 2022 23:07:50 GMT",
        "Expires": "-1",
        "Pragma": "no-cache",
        "Strict-Transport-Security": "max-age=31536000;includeSubDomains",
        "WWW-Authenticate": "Bearer authorization=\u0022https://login.windows.net/12345678-1234-1234-1234-123456789012\u0022, resource=\u0022https://vault.azure.net\u0022",
        "X-Content-Type-Options": "nosniff",
        "x-ms-client-request-id": "b0a9fecd-21c4-47a4-8558-9ce599da7eaa",
        "x-ms-keyvault-network-info": "conn_type=Ipv4;addr=131.107.159.44;act_addr_fam=InterNetwork;",
        "x-ms-keyvault-region": "northcentralus",
        "x-ms-keyvault-service-version": "1.9.395.1",
        "x-ms-request-id": "71d7598a-2163-4596-a3df-838b8264db01"
      },
      "ResponseBody": {
        "error": {
          "code": "Unauthorized",
          "message": "AKV10000: Request is missing a Bearer or PoP token."
        }
      }
    },
    {
      "RequestUri": "https://keyvault_name.vault.azure.net/keys/localCryptoKeyName-RS512-/7e988654e9884533b9042e40e23a7a2c?api-version=7.3",
      "RequestMethod": "GET",
      "RequestHeaders": {
        "Accept": "application/json",
        "Accept-Encoding": "gzip,deflate",
        "Authorization": "Sanitized",
        "Connection": "keep-alive",
        "User-Agent": "azsdk-js-keyvault-keys/4.5.0-beta.1 azsdk-js-keyvault-keys/4.5.0-beta.1 core-rest-pipeline/1.8.1 Node/v16.14.0 OS/(x64-Windows_NT-10.0.22000)",
        "x-ms-client-request-id": "b0a9fecd-21c4-47a4-8558-9ce599da7eaa"
      },
      "RequestBody": null,
      "StatusCode": 200,
      "ResponseHeaders": {
        "Cache-Control": "no-cache",
        "Content-Length": "703",
        "Content-Type": "application/json; charset=utf-8",
        "Date": "Fri, 27 May 2022 23:07:50 GMT",
        "Expires": "-1",
        "Pragma": "no-cache",
        "Strict-Transport-Security": "max-age=31536000;includeSubDomains",
        "X-Content-Type-Options": "nosniff",
        "x-ms-client-request-id": "b0a9fecd-21c4-47a4-8558-9ce599da7eaa",
        "x-ms-keyvault-network-info": "conn_type=Ipv4;addr=131.107.159.44;act_addr_fam=InterNetwork;",
        "x-ms-keyvault-rbac-assignment-id": "bcec85b9-f9c6-5289-888e-6f6ce533c6a2",
        "x-ms-keyvault-rbac-cache": "ra_age=7792;da_age=7792;rd_age=7792;brd_age=6297;ra_notif_age=8847;dec_lev=1;",
        "x-ms-keyvault-region": "northcentralus",
        "x-ms-keyvault-service-version": "1.9.395.1",
        "x-ms-request-id": "3c4cf1df-23f4-4c50-b3c4-c682b2f0efd8"
      },
      "ResponseBody": {
        "key": {
          "kid": "https://keyvault_name.vault.azure.net/keys/localCryptoKeyName-RS512-/7e988654e9884533b9042e40e23a7a2c",
          "kty": "RSA",
          "key_ops": [
            "encrypt",
            "decrypt",
            "sign",
            "verify",
            "wrapKey",
            "unwrapKey"
          ],
          "n": "zKsbHIkzvU5ldDc9ZVz9ImlXenhUtL1VDZjM6R0PNBTYFT8uaAs7fhuf_Qdbis5wwo7uXbjguDN-hrrPf6w8m1icLQuen0JNM19wW-_rNBX_51nOp4RdomIx5GjTPTlbPO75Iuk2oYK_uqmDXpO5samKGS-FD48Fl4rhIrngPdebV1bdd23W6FxPPFbQWay8mJh5EyiK15jOulZy1ZBPqijlGsNxnbC78E-c6sbblXsmOFZJ8vkJ7ywKBtbmhRvchAZEQsxiaGANwy95wmjDKsk_PpGow1MOXJWQLvzcyAGl2pYh8DfAj8EjlNK9_0WxSip9oDewoBIVGIPPX_XyNQ",
          "e": "AQAB"
        },
        "attributes": {
          "enabled": true,
          "created": 1653692871,
          "updated": 1653692871,
          "recoveryLevel": "CustomizedRecoverable\u002BPurgeable",
          "recoverableDays": 7
        }
      }
    },
    {
      "RequestUri": "https://keyvault_name.vault.azure.net/keys/localCryptoKeyName-RS512-/7e988654e9884533b9042e40e23a7a2c/sign?api-version=7.3",
      "RequestMethod": "POST",
      "RequestHeaders": {
        "Accept": "application/json",
        "Accept-Encoding": "gzip,deflate",
        "Authorization": "Sanitized",
        "Connection": "keep-alive",
        "Content-Length": "112",
        "Content-Type": "application/json",
        "User-Agent": "azsdk-js-keyvault-keys/4.5.0-beta.1 azsdk-js-keyvault-keys/4.5.0-beta.1 core-rest-pipeline/1.8.1 Node/v16.14.0 OS/(x64-Windows_NT-10.0.22000)",
        "x-ms-client-request-id": "5a5aeb46-4d39-4dea-9eeb-34457cc535dc"
      },
      "RequestBody": {
        "alg": "RS512",
        "value": "QaLHow25_feqs3pxKJmCGrAMc8htSHcJZviGWeoVGheXIeIBgTa7IeQF-Ti_oEfg5Uo3phll52kljUTpML3v1g"
      },
      "StatusCode": 200,
      "ResponseHeaders": {
        "Cache-Control": "no-cache",
        "Content-Length": "464",
        "Content-Type": "application/json; charset=utf-8",
        "Date": "Fri, 27 May 2022 23:07:50 GMT",
        "Expires": "-1",
        "Pragma": "no-cache",
        "Strict-Transport-Security": "max-age=31536000;includeSubDomains",
        "X-Content-Type-Options": "nosniff",
        "x-ms-client-request-id": "5a5aeb46-4d39-4dea-9eeb-34457cc535dc",
        "x-ms-keyvault-network-info": "conn_type=Ipv4;addr=131.107.159.44;act_addr_fam=InterNetwork;",
        "x-ms-keyvault-rbac-assignment-id": "bcec85b9-f9c6-5289-888e-6f6ce533c6a2",
        "x-ms-keyvault-rbac-cache": "ra_age=7792;da_age=7792;rd_age=7792;brd_age=6297;ra_notif_age=8847;dec_lev=1;",
        "x-ms-keyvault-region": "northcentralus",
        "x-ms-keyvault-service-version": "1.9.395.1",
        "x-ms-request-id": "5dd49b4c-6f12-47e9-b1b3-7745b8b6d172"
      },
      "ResponseBody": {
        "kid": "https://keyvault_name.vault.azure.net/keys/localCryptoKeyName-RS512-/7e988654e9884533b9042e40e23a7a2c",
        "value": "ChTZ7Cqq1jyhT4UBF0yTojPyIAuYYQlmeoT8Plwjzd7jm7LbR8zISyDBgKeMAnvOKoNFK-_B-_T220CBg7FNIgaGTbEP9UA4syzwaxBxMrFpHrttn5N27rpizrP-I1bGjeOknFLPv0akCT0GDk0-oTydEbJpl7R5EIrJ1yqizsTiVwG5lIxd3L376t16W8kVPKfENibrFiwjIwainMroVEsQEXWcHrUQBNLoH-Qo2kTjJKX1lBWPie0ZDSs0k9yAi9hast8mQeUR5r1kfYRhRhRGP-H_ZKQUv0lF0PNzShVTdTOMHtLvTz198-Oh1udBKRg3F83XqkRQ6ZT0pgzfaw"
      }
    },
    {
      "RequestUri": "https://keyvault_name.vault.azure.net/keys/localCryptoKeyName-RS512-?api-version=7.3",
      "RequestMethod": "DELETE",
      "RequestHeaders": {
        "Accept": "application/json",
        "Accept-Encoding": "gzip,deflate",
        "Authorization": "Sanitized",
        "Connection": "keep-alive",
        "User-Agent": "azsdk-js-keyvault-keys/4.5.0-beta.1 azsdk-js-keyvault-keys/4.5.0-beta.1 core-rest-pipeline/1.8.1 Node/v16.14.0 OS/(x64-Windows_NT-10.0.22000)",
        "x-ms-client-request-id": "38916fa0-4138-44f0-bb7f-fe56005821f2"
      },
      "RequestBody": null,
      "StatusCode": 200,
      "ResponseHeaders": {
        "Cache-Control": "no-cache",
        "Content-Length": "851",
        "Content-Type": "application/json; charset=utf-8",
        "Date": "Fri, 27 May 2022 23:07:51 GMT",
        "Expires": "-1",
        "Pragma": "no-cache",
        "Strict-Transport-Security": "max-age=31536000;includeSubDomains",
        "X-Content-Type-Options": "nosniff",
        "x-ms-client-request-id": "38916fa0-4138-44f0-bb7f-fe56005821f2",
        "x-ms-keyvault-network-info": "conn_type=Ipv4;addr=131.107.159.44;act_addr_fam=InterNetwork;",
        "x-ms-keyvault-rbac-assignment-id": "bcec85b9-f9c6-5289-888e-6f6ce533c6a2",
        "x-ms-keyvault-rbac-cache": "ra_age=7792;da_age=7792;rd_age=7792;brd_age=6298;ra_notif_age=8847;dec_lev=1;",
        "x-ms-keyvault-region": "northcentralus",
        "x-ms-keyvault-service-version": "1.9.395.1",
        "x-ms-request-id": "419fe635-9397-4161-a760-d926f289e8f1"
      },
      "ResponseBody": {
        "recoveryId": "https://keyvault_name.vault.azure.net/deletedkeys/localCryptoKeyName-RS512-",
        "deletedDate": 1653692871,
        "scheduledPurgeDate": 1654297671,
        "key": {
          "kid": "https://keyvault_name.vault.azure.net/keys/localCryptoKeyName-RS512-/7e988654e9884533b9042e40e23a7a2c",
          "kty": "RSA",
          "key_ops": [
            "encrypt",
            "decrypt",
            "sign",
            "verify",
            "wrapKey",
            "unwrapKey"
          ],
          "n": "zKsbHIkzvU5ldDc9ZVz9ImlXenhUtL1VDZjM6R0PNBTYFT8uaAs7fhuf_Qdbis5wwo7uXbjguDN-hrrPf6w8m1icLQuen0JNM19wW-_rNBX_51nOp4RdomIx5GjTPTlbPO75Iuk2oYK_uqmDXpO5samKGS-FD48Fl4rhIrngPdebV1bdd23W6FxPPFbQWay8mJh5EyiK15jOulZy1ZBPqijlGsNxnbC78E-c6sbblXsmOFZJ8vkJ7ywKBtbmhRvchAZEQsxiaGANwy95wmjDKsk_PpGow1MOXJWQLvzcyAGl2pYh8DfAj8EjlNK9_0WxSip9oDewoBIVGIPPX_XyNQ",
          "e": "AQAB"
        },
        "attributes": {
          "enabled": true,
          "created": 1653692871,
          "updated": 1653692871,
          "recoveryLevel": "CustomizedRecoverable\u002BPurgeable",
          "recoverableDays": 7
        }
      }
    },
    {
      "RequestUri": "https://keyvault_name.vault.azure.net/deletedkeys/localCryptoKeyName-RS512-?api-version=7.3",
      "RequestMethod": "GET",
      "RequestHeaders": {
        "Accept": "application/json",
        "Accept-Encoding": "gzip,deflate",
        "Authorization": "Sanitized",
        "Connection": "keep-alive",
        "User-Agent": "azsdk-js-keyvault-keys/4.5.0-beta.1 azsdk-js-keyvault-keys/4.5.0-beta.1 core-rest-pipeline/1.8.1 Node/v16.14.0 OS/(x64-Windows_NT-10.0.22000)",
        "x-ms-client-request-id": "75cfaddc-600d-4f61-8007-b6ddf198f3d4"
      },
      "RequestBody": null,
      "StatusCode": 404,
      "ResponseHeaders": {
        "Cache-Control": "no-cache",
        "Content-Length": "93",
        "Content-Type": "application/json; charset=utf-8",
        "Date": "Fri, 27 May 2022 23:07:51 GMT",
        "Expires": "-1",
        "Pragma": "no-cache",
        "Strict-Transport-Security": "max-age=31536000;includeSubDomains",
        "X-Content-Type-Options": "nosniff",
        "x-ms-client-request-id": "75cfaddc-600d-4f61-8007-b6ddf198f3d4",
        "x-ms-keyvault-network-info": "conn_type=Ipv4;addr=131.107.159.44;act_addr_fam=InterNetwork;",
        "x-ms-keyvault-rbac-assignment-id": "bcec85b9-f9c6-5289-888e-6f6ce533c6a2",
        "x-ms-keyvault-rbac-cache": "ra_age=7792;da_age=7792;rd_age=7792;brd_age=6298;ra_notif_age=8847;dec_lev=0;",
        "x-ms-keyvault-region": "northcentralus",
        "x-ms-keyvault-service-version": "1.9.395.1",
        "x-ms-request-id": "596fbfff-4bf2-43ff-922e-013c925f9c45"
      },
      "ResponseBody": {
        "error": {
          "code": "KeyNotFound",
          "message": "Deleted Key not found: localCryptoKeyName-RS512-"
        }
      }
    },
    {
      "RequestUri": "https://keyvault_name.vault.azure.net/deletedkeys/localCryptoKeyName-RS512-?api-version=7.3",
      "RequestMethod": "GET",
      "RequestHeaders": {
        "Accept": "application/json",
        "Accept-Encoding": "gzip,deflate",
        "Authorization": "Sanitized",
        "Connection": "keep-alive",
        "User-Agent": "azsdk-js-keyvault-keys/4.5.0-beta.1 azsdk-js-keyvault-keys/4.5.0-beta.1 core-rest-pipeline/1.8.1 Node/v16.14.0 OS/(x64-Windows_NT-10.0.22000)",
        "x-ms-client-request-id": "2904775f-f25a-4715-9a70-f3ff0d7e6bbe"
      },
      "RequestBody": null,
      "StatusCode": 404,
      "ResponseHeaders": {
        "Cache-Control": "no-cache",
        "Content-Length": "93",
        "Content-Type": "application/json; charset=utf-8",
        "Date": "Fri, 27 May 2022 23:07:51 GMT",
        "Expires": "-1",
        "Pragma": "no-cache",
        "Strict-Transport-Security": "max-age=31536000;includeSubDomains",
        "X-Content-Type-Options": "nosniff",
        "x-ms-client-request-id": "2904775f-f25a-4715-9a70-f3ff0d7e6bbe",
        "x-ms-keyvault-network-info": "conn_type=Ipv4;addr=131.107.159.44;act_addr_fam=InterNetwork;",
        "x-ms-keyvault-rbac-assignment-id": "bcec85b9-f9c6-5289-888e-6f6ce533c6a2",
        "x-ms-keyvault-rbac-cache": "ra_age=7792;da_age=7792;rd_age=7792;brd_age=6298;ra_notif_age=8847;dec_lev=0;",
        "x-ms-keyvault-region": "northcentralus",
        "x-ms-keyvault-service-version": "1.9.395.1",
        "x-ms-request-id": "b905c849-949e-4346-a9de-5093864e7f83"
      },
      "ResponseBody": {
        "error": {
          "code": "KeyNotFound",
          "message": "Deleted Key not found: localCryptoKeyName-RS512-"
        }
      }
    },
    {
      "RequestUri": "https://keyvault_name.vault.azure.net/deletedkeys/localCryptoKeyName-RS512-?api-version=7.3",
      "RequestMethod": "GET",
      "RequestHeaders": {
        "Accept": "application/json",
        "Accept-Encoding": "gzip,deflate",
        "Authorization": "Sanitized",
        "Connection": "keep-alive",
        "User-Agent": "azsdk-js-keyvault-keys/4.5.0-beta.1 azsdk-js-keyvault-keys/4.5.0-beta.1 core-rest-pipeline/1.8.1 Node/v16.14.0 OS/(x64-Windows_NT-10.0.22000)",
        "x-ms-client-request-id": "58b69fe9-af30-4a5f-8d88-480b7b069e02"
      },
      "RequestBody": null,
      "StatusCode": 200,
      "ResponseHeaders": {
        "Cache-Control": "no-cache",
        "Content-Length": "851",
        "Content-Type": "application/json; charset=utf-8",
        "Date": "Fri, 27 May 2022 23:07:56 GMT",
        "Expires": "-1",
        "Pragma": "no-cache",
        "Strict-Transport-Security": "max-age=31536000;includeSubDomains",
        "X-Content-Type-Options": "nosniff",
        "x-ms-client-request-id": "58b69fe9-af30-4a5f-8d88-480b7b069e02",
        "x-ms-keyvault-network-info": "conn_type=Ipv4;addr=131.107.159.44;act_addr_fam=InterNetwork;",
        "x-ms-keyvault-rbac-assignment-id": "bcec85b9-f9c6-5289-888e-6f6ce533c6a2",
        "x-ms-keyvault-rbac-cache": "ra_age=7797;da_age=7797;rd_age=7797;brd_age=6303;ra_notif_age=8852;dec_lev=0;",
        "x-ms-keyvault-region": "northcentralus",
        "x-ms-keyvault-service-version": "1.9.395.1",
        "x-ms-request-id": "20f25101-046d-466c-803e-c7912b34b1b7"
      },
      "ResponseBody": {
        "recoveryId": "https://keyvault_name.vault.azure.net/deletedkeys/localCryptoKeyName-RS512-",
        "deletedDate": 1653692871,
        "scheduledPurgeDate": 1654297671,
        "key": {
          "kid": "https://keyvault_name.vault.azure.net/keys/localCryptoKeyName-RS512-/7e988654e9884533b9042e40e23a7a2c",
          "kty": "RSA",
          "key_ops": [
            "encrypt",
            "decrypt",
            "sign",
            "verify",
            "wrapKey",
            "unwrapKey"
          ],
          "n": "zKsbHIkzvU5ldDc9ZVz9ImlXenhUtL1VDZjM6R0PNBTYFT8uaAs7fhuf_Qdbis5wwo7uXbjguDN-hrrPf6w8m1icLQuen0JNM19wW-_rNBX_51nOp4RdomIx5GjTPTlbPO75Iuk2oYK_uqmDXpO5samKGS-FD48Fl4rhIrngPdebV1bdd23W6FxPPFbQWay8mJh5EyiK15jOulZy1ZBPqijlGsNxnbC78E-c6sbblXsmOFZJ8vkJ7ywKBtbmhRvchAZEQsxiaGANwy95wmjDKsk_PpGow1MOXJWQLvzcyAGl2pYh8DfAj8EjlNK9_0WxSip9oDewoBIVGIPPX_XyNQ",
          "e": "AQAB"
        },
        "attributes": {
          "enabled": true,
          "created": 1653692871,
          "updated": 1653692871,
          "recoveryLevel": "CustomizedRecoverable\u002BPurgeable",
          "recoverableDays": 7
        }
      }
    },
    {
      "RequestUri": "https://keyvault_name.vault.azure.net/deletedkeys/localCryptoKeyName-RS512-?api-version=7.3",
      "RequestMethod": "DELETE",
      "RequestHeaders": {
        "Accept": "application/json",
        "Accept-Encoding": "gzip,deflate",
        "Authorization": "Sanitized",
        "Connection": "keep-alive",
        "User-Agent": "azsdk-js-keyvault-keys/4.5.0-beta.1 azsdk-js-keyvault-keys/4.5.0-beta.1 core-rest-pipeline/1.8.1 Node/v16.14.0 OS/(x64-Windows_NT-10.0.22000)",
        "x-ms-client-request-id": "35b0ea52-9cac-445b-812e-41e532d05e80"
      },
      "RequestBody": null,
      "StatusCode": 204,
      "ResponseHeaders": {
        "Cache-Control": "no-cache",
        "Date": "Fri, 27 May 2022 23:07:56 GMT",
        "Expires": "-1",
        "Pragma": "no-cache",
        "Strict-Transport-Security": "max-age=31536000;includeSubDomains",
        "X-Content-Type-Options": "nosniff",
        "x-ms-client-request-id": "35b0ea52-9cac-445b-812e-41e532d05e80",
        "x-ms-keyvault-network-info": "conn_type=Ipv4;addr=131.107.159.44;act_addr_fam=InterNetwork;",
        "x-ms-keyvault-rbac-assignment-id": "bcec85b9-f9c6-5289-888e-6f6ce533c6a2",
        "x-ms-keyvault-rbac-cache": "ra_age=7797;da_age=7797;rd_age=7797;brd_age=6303;ra_notif_age=8852;dec_lev=1;",
        "x-ms-keyvault-region": "northcentralus",
        "x-ms-keyvault-service-version": "1.9.395.1",
        "x-ms-request-id": "c26de01b-15c4-4c91-b42a-8561f0261711"
      },
      "ResponseBody": null
    }
  ],
  "Variables": {}
}
