{
  "Entries": [
    {
      "RequestUri": "https://keyvault_name.vault.azure.net/keys/localCryptoKeyName-RS256-/create?api-version=7.4-preview.1",
      "RequestMethod": "POST",
      "RequestHeaders": {
        "Accept": "application/json",
        "Accept-Encoding": "gzip,deflate",
        "Connection": "keep-alive",
        "Content-Length": "0",
        "Content-Type": "application/json",
        "User-Agent": "azsdk-js-keyvault-keys/4.6.1 azsdk-js-keyvault-keys/4.6.1 core-rest-pipeline/1.10.0 Node/v16.15.1 OS/(x64-Linux-5.10.102.1-microsoft-standard-WSL2)",
        "x-ms-client-request-id": "f2126271-5453-4a66-96cf-89179fc2492f"
      },
      "RequestBody": null,
      "StatusCode": 401,
      "ResponseHeaders": {
        "Cache-Control": "no-cache",
        "Content-Length": "97",
        "Content-Type": "application/json; charset=utf-8",
        "Date": "Wed, 09 Nov 2022 17:25:29 GMT",
        "Expires": "-1",
        "Pragma": "no-cache",
        "Strict-Transport-Security": "max-age=31536000;includeSubDomains",
        "WWW-Authenticate": "Bearer authorization=\u0022https://login.windows.net/12345678-1234-1234-1234-123456789012\u0022, resource=\u0022https://vault.azure.net\u0022",
        "X-Content-Type-Options": "nosniff",
        "x-ms-client-request-id": "f2126271-5453-4a66-96cf-89179fc2492f",
        "x-ms-keyvault-network-info": "conn_type=Ipv4;addr=167.220.77.94;act_addr_fam=InterNetwork;",
        "x-ms-keyvault-region": "northcentralus",
        "x-ms-keyvault-service-version": "1.9.576.1",
        "x-ms-request-id": "a53c28ac-ddc1-4c74-8e7f-c21c3750a5e6"
      },
      "ResponseBody": {
        "error": {
          "code": "Unauthorized",
          "message": "AKV10000: Request is missing a Bearer or PoP token."
        }
      }
    },
    {
      "RequestUri": "https://keyvault_name.vault.azure.net/keys/localCryptoKeyName-RS256-/create?api-version=7.4-preview.1",
      "RequestMethod": "POST",
      "RequestHeaders": {
        "Accept": "application/json",
        "Accept-Encoding": "gzip,deflate",
        "Authorization": "Sanitized",
        "Connection": "keep-alive",
        "Content-Length": "13",
        "Content-Type": "application/json",
        "User-Agent": "azsdk-js-keyvault-keys/4.6.1 azsdk-js-keyvault-keys/4.6.1 core-rest-pipeline/1.10.0 Node/v16.15.1 OS/(x64-Linux-5.10.102.1-microsoft-standard-WSL2)",
        "x-ms-client-request-id": "f2126271-5453-4a66-96cf-89179fc2492f"
      },
      "RequestBody": {
        "kty": "RSA"
      },
      "StatusCode": 200,
      "ResponseHeaders": {
        "Cache-Control": "no-cache",
        "Content-Length": "722",
        "Content-Type": "application/json; charset=utf-8",
        "Date": "Wed, 09 Nov 2022 17:25:30 GMT",
        "Expires": "-1",
        "Pragma": "no-cache",
        "Strict-Transport-Security": "max-age=31536000;includeSubDomains",
        "X-Content-Type-Options": "nosniff",
        "x-ms-client-request-id": "f2126271-5453-4a66-96cf-89179fc2492f",
        "x-ms-keyvault-network-info": "conn_type=Ipv4;addr=167.220.77.94;act_addr_fam=InterNetwork;",
        "x-ms-keyvault-rbac-assignment-id": "0b5c37e2-546f-5f67-b775-71961d2f0c3d",
        "x-ms-keyvault-rbac-cache": "ra_age=705;da_age=944;rd_age=944;brd_age=20265;ra_notif_age=1080;dec_lev=1;",
        "x-ms-keyvault-region": "northcentralus",
        "x-ms-keyvault-service-version": "1.9.576.1",
        "x-ms-request-id": "26af5172-6ac2-4568-a258-622f9c74215e"
      },
      "ResponseBody": {
        "key": {
          "kid": "https://keyvault_name.vault.azure.net/keys/localCryptoKeyName-RS256-/da2a1a5c6fc845d996144a318ac8fde0",
          "kty": "RSA",
          "key_ops": [
            "encrypt",
            "decrypt",
            "sign",
            "verify",
            "wrapKey",
            "unwrapKey"
          ],
          "n": "sX545_-hVsloU45pnwa6FOu-JeOdeALbcc2YrUhMQGnjsMhUh6z1v4cvbxVkjlSYEVZo5SF_IjbxH2AGR7o7eFCFCgC4EJM247yUi56Zv92Y2MD3XCttYk_LbpJ_yhWeUzFD44vzTcEhuzgeJRVt1PqzLcgmb1OQnD6dgGmvHpRJ1DFSgoTU9GGRJ67Gb43szbUqUtCvr4Av4SR_F-76G4NO5RDeKmGCpEmO2_U37FS_bkEdhUghNbwG9GjMQ94aO0oYiCf4JFRu2b_hieyzcyhdefR_oFn9PjhVmKGZayzm4VCu6PUDeIck5CGEVLAtcFTvPKBAvrDNb1UhghOg5Q",
          "e": "AQAB"
        },
        "attributes": {
          "enabled": true,
          "created": 1668014730,
          "updated": 1668014730,
          "recoveryLevel": "CustomizedRecoverable\u002BPurgeable",
          "recoverableDays": 7,
          "exportable": false
        }
      }
    },
    {
      "RequestUri": "https://keyvault_name.vault.azure.net/keys/localCryptoKeyName-RS256-/da2a1a5c6fc845d996144a318ac8fde0?api-version=7.4-preview.1",
      "RequestMethod": "GET",
      "RequestHeaders": {
        "Accept": "application/json",
        "Accept-Encoding": "gzip,deflate",
        "Connection": "keep-alive",
        "User-Agent": "azsdk-js-keyvault-keys/4.6.1 azsdk-js-keyvault-keys/4.6.1 core-rest-pipeline/1.10.0 Node/v16.15.1 OS/(x64-Linux-5.10.102.1-microsoft-standard-WSL2)",
        "x-ms-client-request-id": "b0a28ecb-f02a-4dfb-a4f8-a9d4a758bbc3"
      },
      "RequestBody": null,
      "StatusCode": 401,
      "ResponseHeaders": {
        "Cache-Control": "no-cache",
        "Content-Length": "97",
        "Content-Type": "application/json; charset=utf-8",
        "Date": "Wed, 09 Nov 2022 17:25:30 GMT",
        "Expires": "-1",
        "Pragma": "no-cache",
        "Strict-Transport-Security": "max-age=31536000;includeSubDomains",
        "WWW-Authenticate": "Bearer authorization=\u0022https://login.windows.net/12345678-1234-1234-1234-123456789012\u0022, resource=\u0022https://vault.azure.net\u0022",
        "X-Content-Type-Options": "nosniff",
        "x-ms-client-request-id": "b0a28ecb-f02a-4dfb-a4f8-a9d4a758bbc3",
        "x-ms-keyvault-network-info": "conn_type=Ipv4;addr=167.220.77.94;act_addr_fam=InterNetwork;",
        "x-ms-keyvault-region": "northcentralus",
        "x-ms-keyvault-service-version": "1.9.576.1",
        "x-ms-request-id": "bf2868fc-9215-49b2-8fcf-d91a5bca7b7b"
      },
      "ResponseBody": {
        "error": {
          "code": "Unauthorized",
          "message": "AKV10000: Request is missing a Bearer or PoP token."
        }
      }
    },
    {
      "RequestUri": "https://keyvault_name.vault.azure.net/keys/localCryptoKeyName-RS256-/da2a1a5c6fc845d996144a318ac8fde0?api-version=7.4-preview.1",
      "RequestMethod": "GET",
      "RequestHeaders": {
        "Accept": "application/json",
        "Accept-Encoding": "gzip,deflate",
        "Authorization": "Sanitized",
        "Connection": "keep-alive",
        "User-Agent": "azsdk-js-keyvault-keys/4.6.1 azsdk-js-keyvault-keys/4.6.1 core-rest-pipeline/1.10.0 Node/v16.15.1 OS/(x64-Linux-5.10.102.1-microsoft-standard-WSL2)",
        "x-ms-client-request-id": "b0a28ecb-f02a-4dfb-a4f8-a9d4a758bbc3"
      },
      "RequestBody": null,
      "StatusCode": 200,
      "ResponseHeaders": {
        "Cache-Control": "no-cache",
        "Content-Length": "722",
        "Content-Type": "application/json; charset=utf-8",
        "Date": "Wed, 09 Nov 2022 17:25:30 GMT",
        "Expires": "-1",
        "Pragma": "no-cache",
        "Strict-Transport-Security": "max-age=31536000;includeSubDomains",
        "X-Content-Type-Options": "nosniff",
        "x-ms-client-request-id": "b0a28ecb-f02a-4dfb-a4f8-a9d4a758bbc3",
        "x-ms-keyvault-network-info": "conn_type=Ipv4;addr=167.220.77.94;act_addr_fam=InterNetwork;",
        "x-ms-keyvault-rbac-assignment-id": "0b5c37e2-546f-5f67-b775-71961d2f0c3d",
        "x-ms-keyvault-rbac-cache": "ra_age=705;da_age=945;rd_age=945;brd_age=20265;ra_notif_age=1080;dec_lev=1;",
        "x-ms-keyvault-region": "northcentralus",
        "x-ms-keyvault-service-version": "1.9.576.1",
        "x-ms-request-id": "3a342c43-f041-424e-9bd1-69aa21b403e5"
      },
      "ResponseBody": {
        "key": {
          "kid": "https://keyvault_name.vault.azure.net/keys/localCryptoKeyName-RS256-/da2a1a5c6fc845d996144a318ac8fde0",
          "kty": "RSA",
          "key_ops": [
            "encrypt",
            "decrypt",
            "sign",
            "verify",
            "wrapKey",
            "unwrapKey"
          ],
          "n": "sX545_-hVsloU45pnwa6FOu-JeOdeALbcc2YrUhMQGnjsMhUh6z1v4cvbxVkjlSYEVZo5SF_IjbxH2AGR7o7eFCFCgC4EJM247yUi56Zv92Y2MD3XCttYk_LbpJ_yhWeUzFD44vzTcEhuzgeJRVt1PqzLcgmb1OQnD6dgGmvHpRJ1DFSgoTU9GGRJ67Gb43szbUqUtCvr4Av4SR_F-76G4NO5RDeKmGCpEmO2_U37FS_bkEdhUghNbwG9GjMQ94aO0oYiCf4JFRu2b_hieyzcyhdefR_oFn9PjhVmKGZayzm4VCu6PUDeIck5CGEVLAtcFTvPKBAvrDNb1UhghOg5Q",
          "e": "AQAB"
        },
        "attributes": {
          "enabled": true,
          "created": 1668014730,
          "updated": 1668014730,
          "recoveryLevel": "CustomizedRecoverable\u002BPurgeable",
          "recoverableDays": 7,
          "exportable": false
        }
      }
    },
    {
      "RequestUri": "https://keyvault_name.vault.azure.net/keys/localCryptoKeyName-RS256-/da2a1a5c6fc845d996144a318ac8fde0/sign?api-version=7.4-preview.1",
      "RequestMethod": "POST",
      "RequestHeaders": {
        "Accept": "application/json",
        "Accept-Encoding": "gzip,deflate",
        "Authorization": "Sanitized",
        "Connection": "keep-alive",
        "Content-Length": "69",
        "Content-Type": "application/json",
        "User-Agent": "azsdk-js-keyvault-keys/4.6.1 azsdk-js-keyvault-keys/4.6.1 core-rest-pipeline/1.10.0 Node/v16.15.1 OS/(x64-Linux-5.10.102.1-microsoft-standard-WSL2)",
        "x-ms-client-request-id": "46e2d9c7-4549-4018-b629-d36f078e8fc7"
      },
      "RequestBody": {
        "alg": "RS256",
        "value": "criF2FM29rTvc7HfcSXvj0FuY6ANYWeustyqw-LOFEY"
      },
      "StatusCode": 200,
      "ResponseHeaders": {
        "Cache-Control": "no-cache",
        "Content-Length": "464",
        "Content-Type": "application/json; charset=utf-8",
        "Date": "Wed, 09 Nov 2022 17:25:30 GMT",
        "Expires": "-1",
        "Pragma": "no-cache",
        "Strict-Transport-Security": "max-age=31536000;includeSubDomains",
        "X-Content-Type-Options": "nosniff",
        "x-ms-client-request-id": "46e2d9c7-4549-4018-b629-d36f078e8fc7",
        "x-ms-keyvault-network-info": "conn_type=Ipv4;addr=167.220.77.94;act_addr_fam=InterNetwork;",
        "x-ms-keyvault-rbac-assignment-id": "0b5c37e2-546f-5f67-b775-71961d2f0c3d",
        "x-ms-keyvault-rbac-cache": "ra_age=705;da_age=945;rd_age=945;brd_age=20265;ra_notif_age=1080;dec_lev=1;",
        "x-ms-keyvault-region": "northcentralus",
        "x-ms-keyvault-service-version": "1.9.576.1",
        "x-ms-request-id": "1e684253-33cb-42e9-b6dc-8ed2e83f2718"
      },
      "ResponseBody": {
        "kid": "https://keyvault_name.vault.azure.net/keys/localCryptoKeyName-RS256-/da2a1a5c6fc845d996144a318ac8fde0",
        "value": "Nv03oeb_ut8gJsUMj86tWVR4BKErPOU2ObkIGGCBsNGPeeHFDIV1eQcfh_xChSOb4WoGKAcqq2WQblBBPFc-gFHRhcOfgfb3sC0dg-0PLrha6QLI1Bn0TlXuDWvhjfrGvqd5TRWgmMvx5YDOYLc0rlBsUH9FUleXeae1Tp67h-mjGax-cuu7Wz4ayWcSFceAndinbZDQa03DUPnG7g4bHYXNliplfgiFqTSmSGlAS_EIDHGxJFNoM9OaZG6LcRN96JDWbnnu7eyEPOxFYG1DgqpZDRp9ANyuzrSYQjzFyErD6GRCKOZd2qaf4zO6tX9JwKmBAZ7naSiUWeKR6XTPQw"
      }
    },
    {
      "RequestUri": "https://keyvault_name.vault.azure.net/keys/localCryptoKeyName-RS256-?api-version=7.4-preview.1",
      "RequestMethod": "DELETE",
      "RequestHeaders": {
        "Accept": "application/json",
        "Accept-Encoding": "gzip,deflate",
        "Authorization": "Sanitized",
        "Connection": "keep-alive",
        "User-Agent": "azsdk-js-keyvault-keys/4.6.1 azsdk-js-keyvault-keys/4.6.1 core-rest-pipeline/1.10.0 Node/v16.15.1 OS/(x64-Linux-5.10.102.1-microsoft-standard-WSL2)",
        "x-ms-client-request-id": "12e75b7b-a49d-4426-9959-9f58068e4666"
      },
      "RequestBody": null,
      "StatusCode": 200,
      "ResponseHeaders": {
        "Cache-Control": "no-cache",
        "Content-Length": "870",
        "Content-Type": "application/json; charset=utf-8",
        "Date": "Wed, 09 Nov 2022 17:25:30 GMT",
        "Expires": "-1",
        "Pragma": "no-cache",
        "Strict-Transport-Security": "max-age=31536000;includeSubDomains",
        "X-Content-Type-Options": "nosniff",
        "x-ms-client-request-id": "12e75b7b-a49d-4426-9959-9f58068e4666",
        "x-ms-keyvault-network-info": "conn_type=Ipv4;addr=167.220.77.94;act_addr_fam=InterNetwork;",
        "x-ms-keyvault-rbac-assignment-id": "0b5c37e2-546f-5f67-b775-71961d2f0c3d",
        "x-ms-keyvault-rbac-cache": "ra_age=705;da_age=945;rd_age=945;brd_age=20265;ra_notif_age=1080;dec_lev=1;",
        "x-ms-keyvault-region": "northcentralus",
        "x-ms-keyvault-service-version": "1.9.576.1",
        "x-ms-request-id": "e96f95e1-bf1e-45b0-90a5-75c5f940ffef"
      },
      "ResponseBody": {
        "recoveryId": "https://keyvault_name.vault.azure.net/deletedkeys/localCryptoKeyName-RS256-",
        "deletedDate": 1668014730,
        "scheduledPurgeDate": 1668619530,
        "key": {
          "kid": "https://keyvault_name.vault.azure.net/keys/localCryptoKeyName-RS256-/da2a1a5c6fc845d996144a318ac8fde0",
          "kty": "RSA",
          "key_ops": [
            "encrypt",
            "decrypt",
            "sign",
            "verify",
            "wrapKey",
            "unwrapKey"
          ],
          "n": "sX545_-hVsloU45pnwa6FOu-JeOdeALbcc2YrUhMQGnjsMhUh6z1v4cvbxVkjlSYEVZo5SF_IjbxH2AGR7o7eFCFCgC4EJM247yUi56Zv92Y2MD3XCttYk_LbpJ_yhWeUzFD44vzTcEhuzgeJRVt1PqzLcgmb1OQnD6dgGmvHpRJ1DFSgoTU9GGRJ67Gb43szbUqUtCvr4Av4SR_F-76G4NO5RDeKmGCpEmO2_U37FS_bkEdhUghNbwG9GjMQ94aO0oYiCf4JFRu2b_hieyzcyhdefR_oFn9PjhVmKGZayzm4VCu6PUDeIck5CGEVLAtcFTvPKBAvrDNb1UhghOg5Q",
          "e": "AQAB"
        },
        "attributes": {
          "enabled": true,
          "created": 1668014730,
          "updated": 1668014730,
          "recoveryLevel": "CustomizedRecoverable\u002BPurgeable",
          "recoverableDays": 7,
          "exportable": false
        }
      }
    },
    {
      "RequestUri": "https://keyvault_name.vault.azure.net/deletedkeys/localCryptoKeyName-RS256-?api-version=7.4-preview.1",
      "RequestMethod": "GET",
      "RequestHeaders": {
        "Accept": "application/json",
        "Accept-Encoding": "gzip,deflate",
        "Authorization": "Sanitized",
        "Connection": "keep-alive",
        "User-Agent": "azsdk-js-keyvault-keys/4.6.1 azsdk-js-keyvault-keys/4.6.1 core-rest-pipeline/1.10.0 Node/v16.15.1 OS/(x64-Linux-5.10.102.1-microsoft-standard-WSL2)",
        "x-ms-client-request-id": "61dfa580-9c36-4613-9a49-3b3038830f3c"
      },
      "RequestBody": null,
      "StatusCode": 404,
      "ResponseHeaders": {
        "Cache-Control": "no-cache",
        "Content-Length": "93",
        "Content-Type": "application/json; charset=utf-8",
        "Date": "Wed, 09 Nov 2022 17:25:30 GMT",
        "Expires": "-1",
        "Pragma": "no-cache",
        "Strict-Transport-Security": "max-age=31536000;includeSubDomains",
        "X-Content-Type-Options": "nosniff",
        "x-ms-client-request-id": "61dfa580-9c36-4613-9a49-3b3038830f3c",
        "x-ms-keyvault-network-info": "conn_type=Ipv4;addr=167.220.77.94;act_addr_fam=InterNetwork;",
        "x-ms-keyvault-rbac-assignment-id": "0b5c37e2-546f-5f67-b775-71961d2f0c3d",
        "x-ms-keyvault-rbac-cache": "ra_age=705;da_age=945;rd_age=945;brd_age=20265;ra_notif_age=1081;dec_lev=0;",
        "x-ms-keyvault-region": "northcentralus",
        "x-ms-keyvault-service-version": "1.9.576.1",
        "x-ms-request-id": "a16ab05f-1ff4-471b-ac25-187b1c034b7e"
      },
      "ResponseBody": {
        "error": {
          "code": "KeyNotFound",
          "message": "Deleted Key not found: localCryptoKeyName-RS256-"
        }
      }
    },
    {
      "RequestUri": "https://keyvault_name.vault.azure.net/deletedkeys/localCryptoKeyName-RS256-?api-version=7.4-preview.1",
      "RequestMethod": "GET",
      "RequestHeaders": {
        "Accept": "application/json",
        "Accept-Encoding": "gzip,deflate",
        "Authorization": "Sanitized",
        "Connection": "keep-alive",
        "User-Agent": "azsdk-js-keyvault-keys/4.6.1 azsdk-js-keyvault-keys/4.6.1 core-rest-pipeline/1.10.0 Node/v16.15.1 OS/(x64-Linux-5.10.102.1-microsoft-standard-WSL2)",
        "x-ms-client-request-id": "060ac380-b112-410d-8357-c051745627d1"
      },
      "RequestBody": null,
      "StatusCode": 200,
      "ResponseHeaders": {
        "Cache-Control": "no-cache",
        "Content-Length": "870",
        "Content-Type": "application/json; charset=utf-8",
        "Date": "Wed, 09 Nov 2022 17:25:30 GMT",
        "Expires": "-1",
        "Pragma": "no-cache",
        "Strict-Transport-Security": "max-age=31536000;includeSubDomains",
        "X-Content-Type-Options": "nosniff",
        "x-ms-client-request-id": "060ac380-b112-410d-8357-c051745627d1",
        "x-ms-keyvault-network-info": "conn_type=Ipv4;addr=167.220.77.94;act_addr_fam=InterNetwork;",
        "x-ms-keyvault-rbac-assignment-id": "0b5c37e2-546f-5f67-b775-71961d2f0c3d",
        "x-ms-keyvault-rbac-cache": "ra_age=705;da_age=945;rd_age=945;brd_age=20265;ra_notif_age=1081;dec_lev=0;",
        "x-ms-keyvault-region": "northcentralus",
        "x-ms-keyvault-service-version": "1.9.576.1",
        "x-ms-request-id": "60c7349f-6edf-4fe4-b504-94309add54ad"
      },
      "ResponseBody": {
        "recoveryId": "https://keyvault_name.vault.azure.net/deletedkeys/localCryptoKeyName-RS256-",
        "deletedDate": 1668014730,
        "scheduledPurgeDate": 1668619530,
        "key": {
          "kid": "https://keyvault_name.vault.azure.net/keys/localCryptoKeyName-RS256-/da2a1a5c6fc845d996144a318ac8fde0",
          "kty": "RSA",
          "key_ops": [
            "encrypt",
            "decrypt",
            "sign",
            "verify",
            "wrapKey",
            "unwrapKey"
          ],
          "n": "sX545_-hVsloU45pnwa6FOu-JeOdeALbcc2YrUhMQGnjsMhUh6z1v4cvbxVkjlSYEVZo5SF_IjbxH2AGR7o7eFCFCgC4EJM247yUi56Zv92Y2MD3XCttYk_LbpJ_yhWeUzFD44vzTcEhuzgeJRVt1PqzLcgmb1OQnD6dgGmvHpRJ1DFSgoTU9GGRJ67Gb43szbUqUtCvr4Av4SR_F-76G4NO5RDeKmGCpEmO2_U37FS_bkEdhUghNbwG9GjMQ94aO0oYiCf4JFRu2b_hieyzcyhdefR_oFn9PjhVmKGZayzm4VCu6PUDeIck5CGEVLAtcFTvPKBAvrDNb1UhghOg5Q",
          "e": "AQAB"
        },
        "attributes": {
          "enabled": true,
          "created": 1668014730,
          "updated": 1668014730,
          "recoveryLevel": "CustomizedRecoverable\u002BPurgeable",
          "recoverableDays": 7,
          "exportable": false
        }
      }
    },
    {
      "RequestUri": "https://keyvault_name.vault.azure.net/deletedkeys/localCryptoKeyName-RS256-?api-version=7.4-preview.1",
      "RequestMethod": "DELETE",
      "RequestHeaders": {
        "Accept": "application/json",
        "Accept-Encoding": "gzip,deflate",
        "Authorization": "Sanitized",
        "Connection": "keep-alive",
        "User-Agent": "azsdk-js-keyvault-keys/4.6.1 azsdk-js-keyvault-keys/4.6.1 core-rest-pipeline/1.10.0 Node/v16.15.1 OS/(x64-Linux-5.10.102.1-microsoft-standard-WSL2)",
        "x-ms-client-request-id": "107d9b3a-2724-4729-9086-5fc4d018bf51"
      },
      "RequestBody": null,
      "StatusCode": 204,
      "ResponseHeaders": {
        "Cache-Control": "no-cache",
        "Date": "Wed, 09 Nov 2022 17:25:30 GMT",
        "Expires": "-1",
        "Pragma": "no-cache",
        "Strict-Transport-Security": "max-age=31536000;includeSubDomains",
        "X-Content-Type-Options": "nosniff",
        "x-ms-client-request-id": "107d9b3a-2724-4729-9086-5fc4d018bf51",
        "x-ms-keyvault-network-info": "conn_type=Ipv4;addr=167.220.77.94;act_addr_fam=InterNetwork;",
        "x-ms-keyvault-rbac-assignment-id": "0b5c37e2-546f-5f67-b775-71961d2f0c3d",
        "x-ms-keyvault-rbac-cache": "ra_age=705;da_age=945;rd_age=945;brd_age=20265;ra_notif_age=1081;dec_lev=1;",
        "x-ms-keyvault-region": "northcentralus",
        "x-ms-keyvault-service-version": "1.9.576.1",
        "x-ms-request-id": "4f1d2faa-b320-4ca8-a1bd-790745509933"
      },
      "ResponseBody": null
    }
  ],
  "Variables": {}
}
