{
  "Entries": [
    {
      "RequestUri": "https://endpoint/language/analyze-text/jobs?api-version=2022-05-01",
      "RequestMethod": "POST",
      "RequestHeaders": {
        "Accept": "application/json",
        "Accept-Encoding": "gzip, deflate, br",
        "Accept-Language": "en-US",
        "Authorization": "Sanitized",
        "Connection": "keep-alive",
        "Content-Length": "284",
        "Content-Type": "application/json",
        "Referer": "http://localhost:9876/",
        "sec-ch-ua": "",
        "sec-ch-ua-mobile": "?0",
        "sec-ch-ua-platform": "",
        "Sec-Fetch-Dest": "empty",
        "Sec-Fetch-Mode": "cors",
        "Sec-Fetch-Site": "same-site",
        "User-Agent": "Mozilla/5.0 (X11; Linux x86_64) AppleWebKit/537.36 (KHTML, like Gecko) HeadlessChrome/103.0.5058.0 Safari/537.36",
        "x-ms-client-request-id": "64bfc721-8c01-4f3f-919f-dfc607451efe",
        "x-ms-useragent": "azsdk-js-ai-language-text/1.0.1 core-rest-pipeline/1.10.0 OS/Linuxx86_64"
      },
      "RequestBody": {
        "analysisInput": {
          "documents": [
            {
              "id": "1",
              "text": "Microsoft was founded by Bill Gates and Paul Allen",
              "language": "en"
            },
            {
              "id": "2",
              "text": "Microsoft fue fundado por Bill Gates y Paul Allen",
              "language": "es"
            }
          ]
        },
        "tasks": [
          {
            "kind": "EntityRecognition",
            "parameters": {
              "modelVersion": "latest"
            }
          }
        ]
      },
      "StatusCode": 202,
      "ResponseHeaders": {
        "apim-request-id": "e066c7e3-3a1e-4c6f-8e00-2013648bd046",
        "Content-Length": "0",
        "Date": "Mon, 24 Oct 2022 05:19:52 GMT",
        "operation-location": "https://endpoint/language/analyze-text/jobs/e259bad2-3f8b-4bee-bc15-4f13c44859ca?api-version=2022-05-01",
        "Strict-Transport-Security": "max-age=31536000; includeSubDomains; preload",
        "X-Content-Type-Options": "nosniff",
        "x-envoy-upstream-service-time": "181",
        "x-ms-region": "West US 2"
      },
      "ResponseBody": null
    },
    {
      "RequestUri": "https://endpoint/language/analyze-text/jobs/e259bad2-3f8b-4bee-bc15-4f13c44859ca?api-version=2022-05-01",
      "RequestMethod": "GET",
      "RequestHeaders": {
        "Accept": "application/json",
        "Accept-Encoding": "gzip, deflate, br",
        "Accept-Language": "en-US",
        "Authorization": "Sanitized",
        "Connection": "keep-alive",
        "Referer": "http://localhost:9876/",
        "sec-ch-ua": "",
        "sec-ch-ua-mobile": "?0",
        "sec-ch-ua-platform": "",
        "Sec-Fetch-Dest": "empty",
        "Sec-Fetch-Mode": "cors",
        "Sec-Fetch-Site": "same-site",
        "User-Agent": "Mozilla/5.0 (X11; Linux x86_64) AppleWebKit/537.36 (KHTML, like Gecko) HeadlessChrome/103.0.5058.0 Safari/537.36",
        "x-ms-client-request-id": "83115e39-e70e-4822-a855-3c567b656870",
        "x-ms-useragent": "azsdk-js-ai-language-text/1.0.1 core-rest-pipeline/1.10.0 OS/Linuxx86_64"
      },
      "RequestBody": null,
      "StatusCode": 200,
      "ResponseHeaders": {
        "apim-request-id": "f7c99c02-3d8f-4db6-a7cf-c26a1666cb09",
        "Content-Length": "280",
        "Content-Type": "application/json; charset=utf-8",
        "Date": "Mon, 24 Oct 2022 05:19:52 GMT",
        "Strict-Transport-Security": "max-age=31536000; includeSubDomains; preload",
        "X-Content-Type-Options": "nosniff",
        "x-envoy-upstream-service-time": "6",
        "x-ms-region": "West US 2"
      },
      "ResponseBody": {
        "jobId": "e259bad2-3f8b-4bee-bc15-4f13c44859ca",
        "lastUpdatedDateTime": "2022-10-24T05:19:52Z",
        "createdDateTime": "2022-10-24T05:19:52Z",
        "expirationDateTime": "2022-10-25T05:19:52Z",
        "status": "running",
        "errors": [],
        "tasks": {
          "completed": 0,
          "failed": 0,
          "inProgress": 1,
          "total": 1,
          "items": []
        }
      }
    },
    {
      "RequestUri": "https://endpoint/language/analyze-text/jobs/e259bad2-3f8b-4bee-bc15-4f13c44859ca?api-version=2022-05-01",
      "RequestMethod": "GET",
      "RequestHeaders": {
        "Accept": "application/json",
        "Accept-Encoding": "gzip, deflate, br",
        "Accept-Language": "en-US",
        "Authorization": "Sanitized",
        "Connection": "keep-alive",
        "Referer": "http://localhost:9876/",
        "sec-ch-ua": "",
        "sec-ch-ua-mobile": "?0",
        "sec-ch-ua-platform": "",
        "Sec-Fetch-Dest": "empty",
        "Sec-Fetch-Mode": "cors",
        "Sec-Fetch-Site": "same-site",
        "User-Agent": "Mozilla/5.0 (X11; Linux x86_64) AppleWebKit/537.36 (KHTML, like Gecko) HeadlessChrome/103.0.5058.0 Safari/537.36",
        "x-ms-client-request-id": "bf61c3ea-c0b6-4a1b-933e-889460e8a602",
        "x-ms-useragent": "azsdk-js-ai-language-text/1.0.1 core-rest-pipeline/1.10.0 OS/Linuxx86_64"
      },
      "RequestBody": null,
      "StatusCode": 200,
      "ResponseHeaders": {
        "apim-request-id": "f0963ec5-c242-4897-84e4-630b0fa0a58f",
        "Content-Length": "280",
        "Content-Type": "application/json; charset=utf-8",
        "Date": "Mon, 24 Oct 2022 05:19:52 GMT",
        "Strict-Transport-Security": "max-age=31536000; includeSubDomains; preload",
        "X-Content-Type-Options": "nosniff",
        "x-envoy-upstream-service-time": "6",
        "x-ms-region": "West US 2"
      },
      "ResponseBody": {
        "jobId": "e259bad2-3f8b-4bee-bc15-4f13c44859ca",
        "lastUpdatedDateTime": "2022-10-24T05:19:52Z",
        "createdDateTime": "2022-10-24T05:19:52Z",
        "expirationDateTime": "2022-10-25T05:19:52Z",
        "status": "running",
        "errors": [],
        "tasks": {
          "completed": 0,
          "failed": 0,
          "inProgress": 1,
          "total": 1,
          "items": []
        }
      }
    },
    {
      "RequestUri": "https://endpoint/language/analyze-text/jobs/e259bad2-3f8b-4bee-bc15-4f13c44859ca?api-version=2022-05-01",
      "RequestMethod": "GET",
      "RequestHeaders": {
        "Accept": "application/json",
        "Accept-Encoding": "gzip, deflate, br",
        "Accept-Language": "en-US",
        "Authorization": "Sanitized",
        "Connection": "keep-alive",
        "Referer": "http://localhost:9876/",
        "sec-ch-ua": "",
        "sec-ch-ua-mobile": "?0",
        "sec-ch-ua-platform": "",
        "Sec-Fetch-Dest": "empty",
        "Sec-Fetch-Mode": "cors",
        "Sec-Fetch-Site": "same-site",
        "User-Agent": "Mozilla/5.0 (X11; Linux x86_64) AppleWebKit/537.36 (KHTML, like Gecko) HeadlessChrome/103.0.5058.0 Safari/537.36",
        "x-ms-client-request-id": "c05a2ae4-8815-49ac-924b-62fdfdb1e7a2",
        "x-ms-useragent": "azsdk-js-ai-language-text/1.0.1 core-rest-pipeline/1.10.0 OS/Linuxx86_64"
      },
      "RequestBody": null,
      "StatusCode": 200,
      "ResponseHeaders": {
        "apim-request-id": "9cdb5658-d953-4c29-b71a-d27e130411e2",
        "Content-Length": "1070",
        "Content-Type": "application/json; charset=utf-8",
        "Date": "Mon, 24 Oct 2022 05:19:54 GMT",
        "Strict-Transport-Security": "max-age=31536000; includeSubDomains; preload",
        "X-Content-Type-Options": "nosniff",
        "x-envoy-upstream-service-time": "32",
        "x-ms-region": "West US 2"
      },
      "ResponseBody": {
        "jobId": "e259bad2-3f8b-4bee-bc15-4f13c44859ca",
        "lastUpdatedDateTime": "2022-10-24T05:19:54Z",
        "createdDateTime": "2022-10-24T05:19:52Z",
        "expirationDateTime": "2022-10-25T05:19:52Z",
        "status": "succeeded",
        "errors": [],
        "tasks": {
          "completed": 1,
          "failed": 0,
          "inProgress": 0,
          "total": 1,
          "items": [
            {
              "kind": "EntityRecognitionLROResults",
              "lastUpdateDateTime": "2022-10-24T05:19:54.2244206Z",
              "status": "succeeded",
              "results": {
                "documents": [
                  {
                    "id": "1",
                    "entities": [
                      {
                        "text": "Microsoft",
                        "category": "Organization",
                        "offset": 0,
                        "length": 9,
                        "confidenceScore": 1.0
                      },
                      {
                        "text": "Bill Gates",
                        "category": "Person",
                        "offset": 25,
                        "length": 10,
                        "confidenceScore": 1.0
                      },
                      {
                        "text": "Paul Allen",
                        "category": "Person",
                        "offset": 40,
                        "length": 10,
                        "confidenceScore": 1.0
                      }
                    ],
                    "warnings": []
                  },
                  {
                    "id": "2",
                    "entities": [
                      {
                        "text": "Microsoft",
                        "category": "Organization",
                        "offset": 0,
                        "length": 9,
                        "confidenceScore": 1.0
                      },
                      {
                        "text": "Bill Gates",
                        "category": "Person",
                        "offset": 26,
                        "length": 10,
                        "confidenceScore": 1.0
                      },
                      {
                        "text": "Paul Allen",
                        "category": "Person",
                        "offset": 39,
                        "length": 10,
                        "confidenceScore": 0.99
                      }
                    ],
                    "warnings": []
                  }
                ],
                "errors": [],
                "modelVersion": "2021-06-01"
              }
            }
          ]
        }
      }
    },
    {
      "RequestUri": "https://endpoint/language/analyze-text/jobs/e259bad2-3f8b-4bee-bc15-4f13c44859ca?api-version=2022-05-01",
      "RequestMethod": "GET",
      "RequestHeaders": {
        "Accept": "application/json",
        "Accept-Encoding": "gzip, deflate, br",
        "Accept-Language": "en-US",
        "Authorization": "Sanitized",
        "Connection": "keep-alive",
        "Referer": "http://localhost:9876/",
        "sec-ch-ua": "",
        "sec-ch-ua-mobile": "?0",
        "sec-ch-ua-platform": "",
        "Sec-Fetch-Dest": "empty",
        "Sec-Fetch-Mode": "cors",
        "Sec-Fetch-Site": "same-site",
        "User-Agent": "Mozilla/5.0 (X11; Linux x86_64) AppleWebKit/537.36 (KHTML, like Gecko) HeadlessChrome/103.0.5058.0 Safari/537.36",
        "x-ms-client-request-id": "d4a1e048-cbb1-4722-843a-3146fba270ba",
        "x-ms-useragent": "azsdk-js-ai-language-text/1.0.1 core-rest-pipeline/1.10.0 OS/Linuxx86_64"
      },
      "RequestBody": null,
      "StatusCode": 200,
      "ResponseHeaders": {
        "apim-request-id": "7d9e4515-debc-49c7-9555-3a81fd4c77cc",
        "Content-Length": "1070",
        "Content-Type": "application/json; charset=utf-8",
        "Date": "Mon, 24 Oct 2022 05:19:54 GMT",
        "Strict-Transport-Security": "max-age=31536000; includeSubDomains; preload",
        "X-Content-Type-Options": "nosniff",
        "x-envoy-upstream-service-time": "38",
        "x-ms-region": "West US 2"
      },
      "ResponseBody": {
        "jobId": "e259bad2-3f8b-4bee-bc15-4f13c44859ca",
        "lastUpdatedDateTime": "2022-10-24T05:19:54Z",
        "createdDateTime": "2022-10-24T05:19:52Z",
        "expirationDateTime": "2022-10-25T05:19:52Z",
        "status": "succeeded",
        "errors": [],
        "tasks": {
          "completed": 1,
          "failed": 0,
          "inProgress": 0,
          "total": 1,
          "items": [
            {
              "kind": "EntityRecognitionLROResults",
              "lastUpdateDateTime": "2022-10-24T05:19:54.2244206Z",
              "status": "succeeded",
              "results": {
                "documents": [
                  {
                    "id": "1",
                    "entities": [
                      {
                        "text": "Microsoft",
                        "category": "Organization",
                        "offset": 0,
                        "length": 9,
                        "confidenceScore": 1.0
                      },
                      {
                        "text": "Bill Gates",
                        "category": "Person",
                        "offset": 25,
                        "length": 10,
                        "confidenceScore": 1.0
                      },
                      {
                        "text": "Paul Allen",
                        "category": "Person",
                        "offset": 40,
                        "length": 10,
                        "confidenceScore": 1.0
                      }
                    ],
                    "warnings": []
                  },
                  {
                    "id": "2",
                    "entities": [
                      {
                        "text": "Microsoft",
                        "category": "Organization",
                        "offset": 0,
                        "length": 9,
                        "confidenceScore": 1.0
                      },
                      {
                        "text": "Bill Gates",
                        "category": "Person",
                        "offset": 26,
                        "length": 10,
                        "confidenceScore": 1.0
                      },
                      {
                        "text": "Paul Allen",
                        "category": "Person",
                        "offset": 39,
                        "length": 10,
                        "confidenceScore": 0.99
                      }
                    ],
                    "warnings": []
                  }
                ],
                "errors": [],
                "modelVersion": "2021-06-01"
              }
            }
          ]
        }
      }
    }
  ],
  "Variables": {}
}
