{
  "Entries": [
    {
      "RequestUri": "https://endpoint/language/analyze-text/jobs?api-version=2022-05-01",
      "RequestMethod": "POST",
      "RequestHeaders": {
        "Accept": "application/json",
        "Accept-Encoding": "gzip, deflate, br",
        "Accept-Language": "en-US",
        "Authorization": "Sanitized",
        "Connection": "keep-alive",
        "Content-Length": "396",
        "Content-Type": "application/json",
        "Referer": "http://localhost:9876/",
        "sec-ch-ua": "",
        "sec-ch-ua-mobile": "?0",
        "sec-ch-ua-platform": "",
        "Sec-Fetch-Dest": "empty",
        "Sec-Fetch-Mode": "cors",
        "Sec-Fetch-Site": "same-site",
        "User-Agent": "Mozilla/5.0 (X11; Linux x86_64) AppleWebKit/537.36 (KHTML, like Gecko) HeadlessChrome/103.0.5058.0 Safari/537.36",
        "x-ms-client-request-id": "6650ff59-c1c3-48e5-89cc-040c19514e76",
        "x-ms-useragent": "azsdk-js-ai-language-text/1.0.0 core-rest-pipeline/1.9.2 OS/Linuxx86_64"
      },
      "RequestBody": {
        "analysisInput": {
          "documents": [
            {
              "id": "0",
              "text": "My SSN is 859-98-0987.",
              "language": "en"
            },
            {
              "id": "1",
              "text": "Your ABA number - 111000025 - is the first 9 digits in the lower left hand corner of your personal check.",
              "language": "en"
            },
            {
              "id": "2",
              "text": "Is 998.214.865-68 your Brazilian CPF number?",
              "language": "en"
            }
          ]
        },
        "tasks": [
          {
            "kind": "PiiEntityRecognition",
            "parameters": {
              "modelVersion": "latest"
            }
          }
        ]
      },
      "StatusCode": 202,
      "ResponseHeaders": {
        "apim-request-id": "6a9612ec-66e4-4f32-b013-03124d943b8d",
        "Content-Length": "0",
        "Date": "Wed, 07 Sep 2022 04:23:46 GMT",
        "operation-location": "https://endpoint/language/analyze-text/jobs/94bcf280-0b0f-47c4-a338-52e2e2e16d13?api-version=2022-05-01",
        "Strict-Transport-Security": "max-age=31536000; includeSubDomains; preload",
        "X-Content-Type-Options": "nosniff",
        "x-envoy-upstream-service-time": "166"
      },
      "ResponseBody": null
    },
    {
      "RequestUri": "https://endpoint/language/analyze-text/jobs/94bcf280-0b0f-47c4-a338-52e2e2e16d13?api-version=2022-05-01",
      "RequestMethod": "GET",
      "RequestHeaders": {
        "Accept": "application/json",
        "Accept-Encoding": "gzip, deflate, br",
        "Accept-Language": "en-US",
        "Authorization": "Sanitized",
        "Connection": "keep-alive",
        "Referer": "http://localhost:9876/",
        "sec-ch-ua": "",
        "sec-ch-ua-mobile": "?0",
        "sec-ch-ua-platform": "",
        "Sec-Fetch-Dest": "empty",
        "Sec-Fetch-Mode": "cors",
        "Sec-Fetch-Site": "same-site",
        "User-Agent": "Mozilla/5.0 (X11; Linux x86_64) AppleWebKit/537.36 (KHTML, like Gecko) HeadlessChrome/103.0.5058.0 Safari/537.36",
        "x-ms-client-request-id": "58004321-12b2-4831-b635-da0f2681b93b",
        "x-ms-useragent": "azsdk-js-ai-language-text/1.0.0 core-rest-pipeline/1.9.2 OS/Linuxx86_64"
      },
      "RequestBody": null,
      "StatusCode": 200,
      "ResponseHeaders": {
        "apim-request-id": "7cf8ae06-90df-4258-98ff-b66f9e5ee92a",
        "Content-Length": "280",
        "Content-Type": "application/json; charset=utf-8",
        "Date": "Wed, 07 Sep 2022 04:23:46 GMT",
        "Strict-Transport-Security": "max-age=31536000; includeSubDomains; preload",
        "X-Content-Type-Options": "nosniff",
        "x-envoy-upstream-service-time": "8"
      },
      "ResponseBody": {
        "jobId": "94bcf280-0b0f-47c4-a338-52e2e2e16d13",
        "lastUpdatedDateTime": "2022-09-07T04:23:47Z",
        "createdDateTime": "2022-09-07T04:23:47Z",
        "expirationDateTime": "2022-09-08T04:23:47Z",
        "status": "running",
        "errors": [],
        "tasks": {
          "completed": 0,
          "failed": 0,
          "inProgress": 1,
          "total": 1,
          "items": []
        }
      }
    },
    {
      "RequestUri": "https://endpoint/language/analyze-text/jobs/94bcf280-0b0f-47c4-a338-52e2e2e16d13?api-version=2022-05-01",
      "RequestMethod": "GET",
      "RequestHeaders": {
        "Accept": "application/json",
        "Accept-Encoding": "gzip, deflate, br",
        "Accept-Language": "en-US",
        "Authorization": "Sanitized",
        "Connection": "keep-alive",
        "Referer": "http://localhost:9876/",
        "sec-ch-ua": "",
        "sec-ch-ua-mobile": "?0",
        "sec-ch-ua-platform": "",
        "Sec-Fetch-Dest": "empty",
        "Sec-Fetch-Mode": "cors",
        "Sec-Fetch-Site": "same-site",
        "User-Agent": "Mozilla/5.0 (X11; Linux x86_64) AppleWebKit/537.36 (KHTML, like Gecko) HeadlessChrome/103.0.5058.0 Safari/537.36",
        "x-ms-client-request-id": "a7bce81f-157e-49a4-a639-b79900d84d6b",
        "x-ms-useragent": "azsdk-js-ai-language-text/1.0.0 core-rest-pipeline/1.9.2 OS/Linuxx86_64"
      },
      "RequestBody": null,
      "StatusCode": 200,
      "ResponseHeaders": {
        "apim-request-id": "eeed2356-5ece-4105-8993-b4f647791efd",
        "Content-Length": "280",
        "Content-Type": "application/json; charset=utf-8",
        "Date": "Wed, 07 Sep 2022 04:23:46 GMT",
        "Strict-Transport-Security": "max-age=31536000; includeSubDomains; preload",
        "X-Content-Type-Options": "nosniff",
        "x-envoy-upstream-service-time": "6"
      },
      "ResponseBody": {
        "jobId": "94bcf280-0b0f-47c4-a338-52e2e2e16d13",
        "lastUpdatedDateTime": "2022-09-07T04:23:47Z",
        "createdDateTime": "2022-09-07T04:23:47Z",
        "expirationDateTime": "2022-09-08T04:23:47Z",
        "status": "running",
        "errors": [],
        "tasks": {
          "completed": 0,
          "failed": 0,
          "inProgress": 1,
          "total": 1,
          "items": []
        }
      }
    },
    {
      "RequestUri": "https://endpoint/language/analyze-text/jobs/94bcf280-0b0f-47c4-a338-52e2e2e16d13?api-version=2022-05-01",
      "RequestMethod": "GET",
      "RequestHeaders": {
        "Accept": "application/json",
        "Accept-Encoding": "gzip, deflate, br",
        "Accept-Language": "en-US",
        "Authorization": "Sanitized",
        "Connection": "keep-alive",
        "Referer": "http://localhost:9876/",
        "sec-ch-ua": "",
        "sec-ch-ua-mobile": "?0",
        "sec-ch-ua-platform": "",
        "Sec-Fetch-Dest": "empty",
        "Sec-Fetch-Mode": "cors",
        "Sec-Fetch-Site": "same-site",
        "User-Agent": "Mozilla/5.0 (X11; Linux x86_64) AppleWebKit/537.36 (KHTML, like Gecko) HeadlessChrome/103.0.5058.0 Safari/537.36",
        "x-ms-client-request-id": "8a9af167-278b-46a1-9b57-1ed11ca2122e",
        "x-ms-useragent": "azsdk-js-ai-language-text/1.0.0 core-rest-pipeline/1.9.2 OS/Linuxx86_64"
      },
      "RequestBody": null,
      "StatusCode": 200,
      "ResponseHeaders": {
        "apim-request-id": "e5012a64-8861-4422-b61a-5d1fc39a8101",
        "Content-Length": "280",
        "Content-Type": "application/json; charset=utf-8",
        "Date": "Wed, 07 Sep 2022 04:23:48 GMT",
        "Strict-Transport-Security": "max-age=31536000; includeSubDomains; preload",
        "X-Content-Type-Options": "nosniff",
        "x-envoy-upstream-service-time": "8"
      },
      "ResponseBody": {
        "jobId": "94bcf280-0b0f-47c4-a338-52e2e2e16d13",
        "lastUpdatedDateTime": "2022-09-07T04:23:47Z",
        "createdDateTime": "2022-09-07T04:23:47Z",
        "expirationDateTime": "2022-09-08T04:23:47Z",
        "status": "running",
        "errors": [],
        "tasks": {
          "completed": 0,
          "failed": 0,
          "inProgress": 1,
          "total": 1,
          "items": []
        }
      }
    },
    {
      "RequestUri": "https://endpoint/language/analyze-text/jobs/94bcf280-0b0f-47c4-a338-52e2e2e16d13?api-version=2022-05-01",
      "RequestMethod": "GET",
      "RequestHeaders": {
        "Accept": "application/json",
        "Accept-Encoding": "gzip, deflate, br",
        "Accept-Language": "en-US",
        "Authorization": "Sanitized",
        "Connection": "keep-alive",
        "Referer": "http://localhost:9876/",
        "sec-ch-ua": "",
        "sec-ch-ua-mobile": "?0",
        "sec-ch-ua-platform": "",
        "Sec-Fetch-Dest": "empty",
        "Sec-Fetch-Mode": "cors",
        "Sec-Fetch-Site": "same-site",
        "User-Agent": "Mozilla/5.0 (X11; Linux x86_64) AppleWebKit/537.36 (KHTML, like Gecko) HeadlessChrome/103.0.5058.0 Safari/537.36",
        "x-ms-client-request-id": "570a7997-c27d-4238-889f-e167a8d47e01",
        "x-ms-useragent": "azsdk-js-ai-language-text/1.0.0 core-rest-pipeline/1.9.2 OS/Linuxx86_64"
      },
      "RequestBody": null,
      "StatusCode": 200,
      "ResponseHeaders": {
        "apim-request-id": "582f5b10-f098-4ebc-a022-ead0e9ed19dd",
        "Content-Length": "280",
        "Content-Type": "application/json; charset=utf-8",
        "Date": "Wed, 07 Sep 2022 04:23:50 GMT",
        "Strict-Transport-Security": "max-age=31536000; includeSubDomains; preload",
        "X-Content-Type-Options": "nosniff",
        "x-envoy-upstream-service-time": "10"
      },
      "ResponseBody": {
        "jobId": "94bcf280-0b0f-47c4-a338-52e2e2e16d13",
        "lastUpdatedDateTime": "2022-09-07T04:23:47Z",
        "createdDateTime": "2022-09-07T04:23:47Z",
        "expirationDateTime": "2022-09-08T04:23:47Z",
        "status": "running",
        "errors": [],
        "tasks": {
          "completed": 0,
          "failed": 0,
          "inProgress": 1,
          "total": 1,
          "items": []
        }
      }
    },
    {
      "RequestUri": "https://endpoint/language/analyze-text/jobs/94bcf280-0b0f-47c4-a338-52e2e2e16d13?api-version=2022-05-01",
      "RequestMethod": "GET",
      "RequestHeaders": {
        "Accept": "application/json",
        "Accept-Encoding": "gzip, deflate, br",
        "Accept-Language": "en-US",
        "Authorization": "Sanitized",
        "Connection": "keep-alive",
        "Referer": "http://localhost:9876/",
        "sec-ch-ua": "",
        "sec-ch-ua-mobile": "?0",
        "sec-ch-ua-platform": "",
        "Sec-Fetch-Dest": "empty",
        "Sec-Fetch-Mode": "cors",
        "Sec-Fetch-Site": "same-site",
        "User-Agent": "Mozilla/5.0 (X11; Linux x86_64) AppleWebKit/537.36 (KHTML, like Gecko) HeadlessChrome/103.0.5058.0 Safari/537.36",
        "x-ms-client-request-id": "56df09a8-3d97-4e5c-8993-be50ec31cf82",
        "x-ms-useragent": "azsdk-js-ai-language-text/1.0.0 core-rest-pipeline/1.9.2 OS/Linuxx86_64"
      },
      "RequestBody": null,
      "StatusCode": 200,
      "ResponseHeaders": {
        "apim-request-id": "04fdcf91-ef5b-4d81-8a5a-03ef440bfc00",
        "Content-Length": "280",
        "Content-Type": "application/json; charset=utf-8",
        "Date": "Wed, 07 Sep 2022 04:23:53 GMT",
        "Strict-Transport-Security": "max-age=31536000; includeSubDomains; preload",
        "X-Content-Type-Options": "nosniff",
        "x-envoy-upstream-service-time": "6"
      },
      "ResponseBody": {
        "jobId": "94bcf280-0b0f-47c4-a338-52e2e2e16d13",
        "lastUpdatedDateTime": "2022-09-07T04:23:47Z",
        "createdDateTime": "2022-09-07T04:23:47Z",
        "expirationDateTime": "2022-09-08T04:23:47Z",
        "status": "running",
        "errors": [],
        "tasks": {
          "completed": 0,
          "failed": 0,
          "inProgress": 1,
          "total": 1,
          "items": []
        }
      }
    },
    {
      "RequestUri": "https://endpoint/language/analyze-text/jobs/94bcf280-0b0f-47c4-a338-52e2e2e16d13?api-version=2022-05-01",
      "RequestMethod": "GET",
      "RequestHeaders": {
        "Accept": "application/json",
        "Accept-Encoding": "gzip, deflate, br",
        "Accept-Language": "en-US",
        "Authorization": "Sanitized",
        "Connection": "keep-alive",
        "Referer": "http://localhost:9876/",
        "sec-ch-ua": "",
        "sec-ch-ua-mobile": "?0",
        "sec-ch-ua-platform": "",
        "Sec-Fetch-Dest": "empty",
        "Sec-Fetch-Mode": "cors",
        "Sec-Fetch-Site": "same-site",
        "User-Agent": "Mozilla/5.0 (X11; Linux x86_64) AppleWebKit/537.36 (KHTML, like Gecko) HeadlessChrome/103.0.5058.0 Safari/537.36",
        "x-ms-client-request-id": "320e8b19-2a3b-4441-bfab-561add4fa671",
        "x-ms-useragent": "azsdk-js-ai-language-text/1.0.0 core-rest-pipeline/1.9.2 OS/Linuxx86_64"
      },
      "RequestBody": null,
      "StatusCode": 200,
      "ResponseHeaders": {
        "apim-request-id": "a73333ee-5b33-4a9b-9b85-8c02d3aed00e",
        "Content-Length": "1198",
        "Content-Type": "application/json; charset=utf-8",
        "Date": "Wed, 07 Sep 2022 04:23:55 GMT",
        "Strict-Transport-Security": "max-age=31536000; includeSubDomains; preload",
        "X-Content-Type-Options": "nosniff",
        "x-envoy-upstream-service-time": "45"
      },
      "ResponseBody": {
        "jobId": "94bcf280-0b0f-47c4-a338-52e2e2e16d13",
        "lastUpdatedDateTime": "2022-09-07T04:23:55Z",
        "createdDateTime": "2022-09-07T04:23:47Z",
        "expirationDateTime": "2022-09-08T04:23:47Z",
        "status": "succeeded",
        "errors": [],
        "tasks": {
          "completed": 1,
          "failed": 0,
          "inProgress": 0,
          "total": 1,
          "items": [
            {
              "kind": "PiiEntityRecognitionLROResults",
              "lastUpdateDateTime": "2022-09-07T04:23:55.0514233Z",
              "status": "succeeded",
              "results": {
                "documents": [
                  {
                    "redactedText": "My SSN is ***********.",
                    "id": "0",
                    "entities": [
                      {
                        "text": "859-98-0987",
                        "category": "USSocialSecurityNumber",
                        "offset": 10,
                        "length": 11,
                        "confidenceScore": 0.65
                      }
                    ],
                    "warnings": []
                  },
                  {
                    "redactedText": "Your ABA number - ********* - is the first 9 digits in the lower left hand corner of your personal check.",
                    "id": "1",
                    "entities": [
                      {
                        "text": "111000025",
                        "category": "PhoneNumber",
                        "offset": 18,
                        "length": 9,
                        "confidenceScore": 0.8
                      },
                      {
                        "text": "111000025",
                        "category": "ABARoutingNumber",
                        "offset": 18,
                        "length": 9,
                        "confidenceScore": 0.75
                      },
                      {
                        "text": "111000025",
                        "category": "NZSocialWelfareNumber",
                        "offset": 18,
                        "length": 9,
                        "confidenceScore": 0.65
                      }
                    ],
                    "warnings": []
                  },
                  {
                    "redactedText": "Is 998.214.865-68 your Brazilian CPF number?",
                    "id": "2",
                    "entities": [],
                    "warnings": []
                  }
                ],
                "errors": [],
                "modelVersion": "2021-01-15"
              }
            }
          ]
        }
      }
    },
    {
      "RequestUri": "https://endpoint/language/analyze-text/jobs/94bcf280-0b0f-47c4-a338-52e2e2e16d13?api-version=2022-05-01",
      "RequestMethod": "GET",
      "RequestHeaders": {
        "Accept": "application/json",
        "Accept-Encoding": "gzip, deflate, br",
        "Accept-Language": "en-US",
        "Authorization": "Sanitized",
        "Connection": "keep-alive",
        "Referer": "http://localhost:9876/",
        "sec-ch-ua": "",
        "sec-ch-ua-mobile": "?0",
        "sec-ch-ua-platform": "",
        "Sec-Fetch-Dest": "empty",
        "Sec-Fetch-Mode": "cors",
        "Sec-Fetch-Site": "same-site",
        "User-Agent": "Mozilla/5.0 (X11; Linux x86_64) AppleWebKit/537.36 (KHTML, like Gecko) HeadlessChrome/103.0.5058.0 Safari/537.36",
        "x-ms-client-request-id": "4d52a24e-2440-4cc5-9bed-ed7eff584927",
        "x-ms-useragent": "azsdk-js-ai-language-text/1.0.0 core-rest-pipeline/1.9.2 OS/Linuxx86_64"
      },
      "RequestBody": null,
      "StatusCode": 200,
      "ResponseHeaders": {
        "apim-request-id": "097cd80d-8cf6-4ecb-b7d2-dca4aa5a5428",
        "Content-Length": "1198",
        "Content-Type": "application/json; charset=utf-8",
        "Date": "Wed, 07 Sep 2022 04:23:55 GMT",
        "Strict-Transport-Security": "max-age=31536000; includeSubDomains; preload",
        "X-Content-Type-Options": "nosniff",
        "x-envoy-upstream-service-time": "50"
      },
      "ResponseBody": {
        "jobId": "94bcf280-0b0f-47c4-a338-52e2e2e16d13",
        "lastUpdatedDateTime": "2022-09-07T04:23:55Z",
        "createdDateTime": "2022-09-07T04:23:47Z",
        "expirationDateTime": "2022-09-08T04:23:47Z",
        "status": "succeeded",
        "errors": [],
        "tasks": {
          "completed": 1,
          "failed": 0,
          "inProgress": 0,
          "total": 1,
          "items": [
            {
              "kind": "PiiEntityRecognitionLROResults",
              "lastUpdateDateTime": "2022-09-07T04:23:55.0514233Z",
              "status": "succeeded",
              "results": {
                "documents": [
                  {
                    "redactedText": "My SSN is ***********.",
                    "id": "0",
                    "entities": [
                      {
                        "text": "859-98-0987",
                        "category": "USSocialSecurityNumber",
                        "offset": 10,
                        "length": 11,
                        "confidenceScore": 0.65
                      }
                    ],
                    "warnings": []
                  },
                  {
                    "redactedText": "Your ABA number - ********* - is the first 9 digits in the lower left hand corner of your personal check.",
                    "id": "1",
                    "entities": [
                      {
                        "text": "111000025",
                        "category": "PhoneNumber",
                        "offset": 18,
                        "length": 9,
                        "confidenceScore": 0.8
                      },
                      {
                        "text": "111000025",
                        "category": "ABARoutingNumber",
                        "offset": 18,
                        "length": 9,
                        "confidenceScore": 0.75
                      },
                      {
                        "text": "111000025",
                        "category": "NZSocialWelfareNumber",
                        "offset": 18,
                        "length": 9,
                        "confidenceScore": 0.65
                      }
                    ],
                    "warnings": []
                  },
                  {
                    "redactedText": "Is 998.214.865-68 your Brazilian CPF number?",
                    "id": "2",
                    "entities": [],
                    "warnings": []
                  }
                ],
                "errors": [],
                "modelVersion": "2021-01-15"
              }
            }
          ]
        }
      }
    }
  ],
  "Variables": {}
}
