{
  "Entries": [
    {
      "RequestUri": "https://endpoint/language/analyze-text/jobs?api-version=2022-05-01",
      "RequestMethod": "POST",
      "RequestHeaders": {
        "Accept": "application/json",
        "Accept-Encoding": "gzip,deflate",
        "Authorization": "Sanitized",
        "Connection": "keep-alive",
        "Content-Length": "357",
        "Content-Type": "application/json",
        "User-Agent": "azsdk-js-ai-text-analytics/6.0.0 core-rest-pipeline/1.9.1 Node/v16.13.2 OS/(x64-Linux-5.10.102.1-microsoft-standard-WSL2)",
        "x-ms-client-request-id": "a826a58a-d3c8-42d3-b94a-091ec804eeaa"
      },
      "RequestBody": {
        "analysisInput": {
          "documents": [
            {
              "id": "1",
              "text": "",
              "language": ""
            },
            {
              "id": "2",
              "text": "I did not like the hotel we stayed at. It was too expensive.",
              "language": "english"
            },
            {
              "id": "3",
              "text": "",
              "language": "en"
            }
          ]
        },
        "tasks": [
          {
            "kind": "EntityRecognition",
            "parameters": {}
          },
          {
            "kind": "PiiEntityRecognition",
            "parameters": {}
          },
          {
            "kind": "KeyPhraseExtraction",
            "parameters": {}
          }
        ]
      },
      "StatusCode": 202,
      "ResponseHeaders": {
        "apim-request-id": "58c1775d-7cf5-4cc4-9ce1-b61669aad7d5",
        "Content-Length": "0",
        "Date": "Tue, 14 Jun 2022 00:05:48 GMT",
        "operation-location": "https://endpoint/language/analyze-text/jobs/92b44cc2-435c-4e32-9da1-fee0b514a0ac?api-version=2022-05-01",
        "Strict-Transport-Security": "max-age=31536000; includeSubDomains; preload",
        "X-Content-Type-Options": "nosniff",
        "x-envoy-upstream-service-time": "195"
      },
      "ResponseBody": null
    },
    {
      "RequestUri": "https://endpoint/language/analyze-text/jobs/92b44cc2-435c-4e32-9da1-fee0b514a0ac?api-version=2022-05-01",
      "RequestMethod": "GET",
      "RequestHeaders": {
        "Accept": "application/json",
        "Accept-Encoding": "gzip,deflate",
        "Authorization": "Sanitized",
        "Connection": "keep-alive",
        "User-Agent": "azsdk-js-ai-text-analytics/6.0.0 core-rest-pipeline/1.9.1 Node/v16.13.2 OS/(x64-Linux-5.10.102.1-microsoft-standard-WSL2)",
        "x-ms-client-request-id": "86421247-9938-4de1-b086-12e7317674bf"
      },
      "RequestBody": null,
      "StatusCode": 200,
      "ResponseHeaders": {
        "apim-request-id": "c08c5068-c7ce-4122-989c-f759f939b95f",
        "Content-Length": "283",
        "Content-Type": "application/json; charset=utf-8",
        "Date": "Tue, 14 Jun 2022 00:05:48 GMT",
        "Strict-Transport-Security": "max-age=31536000; includeSubDomains; preload",
        "X-Content-Type-Options": "nosniff",
        "x-envoy-upstream-service-time": "8"
      },
      "ResponseBody": {
        "jobId": "92b44cc2-435c-4e32-9da1-fee0b514a0ac",
        "lastUpdatedDateTime": "2022-06-14T00:05:49Z",
        "createdDateTime": "2022-06-14T00:05:49Z",
        "expirationDateTime": "2022-06-15T00:05:49Z",
        "status": "notStarted",
        "errors": [],
        "tasks": {
          "completed": 0,
          "failed": 0,
          "inProgress": 3,
          "total": 3,
          "items": []
        }
      }
    },
    {
      "RequestUri": "https://endpoint/language/analyze-text/jobs/92b44cc2-435c-4e32-9da1-fee0b514a0ac?api-version=2022-05-01",
      "RequestMethod": "GET",
      "RequestHeaders": {
        "Accept": "application/json",
        "Accept-Encoding": "gzip,deflate",
        "Authorization": "Sanitized",
        "Connection": "keep-alive",
        "User-Agent": "azsdk-js-ai-text-analytics/6.0.0 core-rest-pipeline/1.9.1 Node/v16.13.2 OS/(x64-Linux-5.10.102.1-microsoft-standard-WSL2)",
        "x-ms-client-request-id": "60b9c130-fdca-4161-8e21-5d2350b87e91"
      },
      "RequestBody": null,
      "StatusCode": 200,
      "ResponseHeaders": {
        "apim-request-id": "a1df658e-2ab1-4330-9151-631334b2f1e8",
        "Content-Length": "280",
        "Content-Type": "application/json; charset=utf-8",
        "Date": "Tue, 14 Jun 2022 00:05:49 GMT",
        "Strict-Transport-Security": "max-age=31536000; includeSubDomains; preload",
        "X-Content-Type-Options": "nosniff",
        "x-envoy-upstream-service-time": "8"
      },
      "ResponseBody": {
        "jobId": "92b44cc2-435c-4e32-9da1-fee0b514a0ac",
        "lastUpdatedDateTime": "2022-06-14T00:05:49Z",
        "createdDateTime": "2022-06-14T00:05:49Z",
        "expirationDateTime": "2022-06-15T00:05:49Z",
        "status": "running",
        "errors": [],
        "tasks": {
          "completed": 0,
          "failed": 0,
          "inProgress": 3,
          "total": 3,
          "items": []
        }
      }
    },
    {
      "RequestUri": "https://endpoint/language/analyze-text/jobs/92b44cc2-435c-4e32-9da1-fee0b514a0ac?api-version=2022-05-01",
      "RequestMethod": "GET",
      "RequestHeaders": {
        "Accept": "application/json",
        "Accept-Encoding": "gzip,deflate",
        "Authorization": "Sanitized",
        "Connection": "keep-alive",
        "User-Agent": "azsdk-js-ai-text-analytics/6.0.0 core-rest-pipeline/1.9.1 Node/v16.13.2 OS/(x64-Linux-5.10.102.1-microsoft-standard-WSL2)",
        "x-ms-client-request-id": "8fe25ac6-bae5-4ace-a6bf-8aa74f3a861e"
      },
      "RequestBody": null,
      "StatusCode": 200,
      "ResponseHeaders": {
        "apim-request-id": "95591417-687e-40e3-9c6b-fce5ecdc6f2e",
        "Content-Length": "1985",
        "Content-Type": "application/json; charset=utf-8",
        "Date": "Tue, 14 Jun 2022 00:05:51 GMT",
        "Strict-Transport-Security": "max-age=31536000; includeSubDomains; preload",
        "X-Content-Type-Options": "nosniff",
        "x-envoy-upstream-service-time": "108"
      },
      "ResponseBody": {
        "jobId": "92b44cc2-435c-4e32-9da1-fee0b514a0ac",
        "lastUpdatedDateTime": "2022-06-14T00:05:51Z",
        "createdDateTime": "2022-06-14T00:05:49Z",
        "expirationDateTime": "2022-06-15T00:05:49Z",
        "status": "running",
        "errors": [],
        "tasks": {
          "completed": 2,
          "failed": 0,
          "inProgress": 1,
          "total": 3,
          "items": [
            {
              "kind": "EntityRecognitionLROResults",
              "lastUpdateDateTime": "2022-06-14T00:05:51.2464222Z",
              "status": "succeeded",
              "results": {
                "documents": [],
                "errors": [
                  {
                    "id": "1",
                    "error": {
                      "code": "InvalidArgument",
                      "message": "Invalid Document in request.",
                      "innererror": {
                        "code": "InvalidDocument",
                        "message": "Document text is empty."
                      }
                    }
                  },
                  {
                    "id": "2",
                    "error": {
                      "code": "InvalidArgument",
                      "message": "Invalid Language Code.",
                      "innererror": {
                        "code": "UnsupportedLanguageCode",
                        "message": "Invalid language code. Supported languages: en,es,de,fr,zh-Hans,ar,cs,da,fi,hu,it,ja,ko,no,nl,pl,pt-BR,pt-PT,ru,sv,tr. For additional details see https://aka.ms/text-analytics/language-support?tabs=named-entity-recognition"
                      }
                    }
                  },
                  {
                    "id": "3",
                    "error": {
                      "code": "InvalidArgument",
                      "message": "Invalid Document in request.",
                      "innererror": {
                        "code": "InvalidDocument",
                        "message": "Document text is empty."
                      }
                    }
                  }
                ],
                "modelVersion": "2021-06-01"
              }
            },
            {
              "kind": "PiiEntityRecognitionLROResults",
              "lastUpdateDateTime": "2022-06-14T00:05:50.9885431Z",
              "status": "succeeded",
              "results": {
                "documents": [],
                "errors": [
                  {
                    "id": "1",
                    "error": {
                      "code": "InvalidArgument",
                      "message": "Invalid Document in request.",
                      "innererror": {
                        "code": "InvalidDocument",
                        "message": "Document text is empty."
                      }
                    }
                  },
                  {
                    "id": "2",
                    "error": {
                      "code": "InvalidArgument",
                      "message": "Invalid Language Code.",
                      "innererror": {
                        "code": "UnsupportedLanguageCode",
                        "message": "Invalid language code. Supported languages: ja,ko,zh-Hans,de,en,es,fr,it,pt-BR,pt-PT. For additional details see https://aka.ms/text-analytics/language-support?tabs=named-entity-recognition"
                      }
                    }
                  },
                  {
                    "id": "3",
                    "error": {
                      "code": "InvalidArgument",
                      "message": "Invalid Document in request.",
                      "innererror": {
                        "code": "InvalidDocument",
                        "message": "Document text is empty."
                      }
                    }
                  }
                ],
                "modelVersion": "2021-01-15"
              }
            }
          ]
        }
      }
    },
    {
      "RequestUri": "https://endpoint/language/analyze-text/jobs/92b44cc2-435c-4e32-9da1-fee0b514a0ac?api-version=2022-05-01",
      "RequestMethod": "GET",
      "RequestHeaders": {
        "Accept": "application/json",
        "Accept-Encoding": "gzip,deflate",
        "Authorization": "Sanitized",
        "Connection": "keep-alive",
        "User-Agent": "azsdk-js-ai-text-analytics/6.0.0 core-rest-pipeline/1.9.1 Node/v16.13.2 OS/(x64-Linux-5.10.102.1-microsoft-standard-WSL2)",
        "x-ms-client-request-id": "7f370367-9100-46f9-a5ae-43265248f95d"
      },
      "RequestBody": null,
      "StatusCode": 200,
      "ResponseHeaders": {
        "apim-request-id": "09f46d23-8ff8-46bd-809c-af34bad60141",
        "Content-Length": "1985",
        "Content-Type": "application/json; charset=utf-8",
        "Date": "Tue, 14 Jun 2022 00:05:53 GMT",
        "Strict-Transport-Security": "max-age=31536000; includeSubDomains; preload",
        "X-Content-Type-Options": "nosniff",
        "x-envoy-upstream-service-time": "109"
      },
      "ResponseBody": {
        "jobId": "92b44cc2-435c-4e32-9da1-fee0b514a0ac",
        "lastUpdatedDateTime": "2022-06-14T00:05:51Z",
        "createdDateTime": "2022-06-14T00:05:49Z",
        "expirationDateTime": "2022-06-15T00:05:49Z",
        "status": "running",
        "errors": [],
        "tasks": {
          "completed": 2,
          "failed": 0,
          "inProgress": 1,
          "total": 3,
          "items": [
            {
              "kind": "EntityRecognitionLROResults",
              "lastUpdateDateTime": "2022-06-14T00:05:51.2464222Z",
              "status": "succeeded",
              "results": {
                "documents": [],
                "errors": [
                  {
                    "id": "1",
                    "error": {
                      "code": "InvalidArgument",
                      "message": "Invalid Document in request.",
                      "innererror": {
                        "code": "InvalidDocument",
                        "message": "Document text is empty."
                      }
                    }
                  },
                  {
                    "id": "2",
                    "error": {
                      "code": "InvalidArgument",
                      "message": "Invalid Language Code.",
                      "innererror": {
                        "code": "UnsupportedLanguageCode",
                        "message": "Invalid language code. Supported languages: en,es,de,fr,zh-Hans,ar,cs,da,fi,hu,it,ja,ko,no,nl,pl,pt-BR,pt-PT,ru,sv,tr. For additional details see https://aka.ms/text-analytics/language-support?tabs=named-entity-recognition"
                      }
                    }
                  },
                  {
                    "id": "3",
                    "error": {
                      "code": "InvalidArgument",
                      "message": "Invalid Document in request.",
                      "innererror": {
                        "code": "InvalidDocument",
                        "message": "Document text is empty."
                      }
                    }
                  }
                ],
                "modelVersion": "2021-06-01"
              }
            },
            {
              "kind": "PiiEntityRecognitionLROResults",
              "lastUpdateDateTime": "2022-06-14T00:05:50.9885431Z",
              "status": "succeeded",
              "results": {
                "documents": [],
                "errors": [
                  {
                    "id": "1",
                    "error": {
                      "code": "InvalidArgument",
                      "message": "Invalid Document in request.",
                      "innererror": {
                        "code": "InvalidDocument",
                        "message": "Document text is empty."
                      }
                    }
                  },
                  {
                    "id": "2",
                    "error": {
                      "code": "InvalidArgument",
                      "message": "Invalid Language Code.",
                      "innererror": {
                        "code": "UnsupportedLanguageCode",
                        "message": "Invalid language code. Supported languages: ja,ko,zh-Hans,de,en,es,fr,it,pt-BR,pt-PT. For additional details see https://aka.ms/text-analytics/language-support?tabs=named-entity-recognition"
                      }
                    }
                  },
                  {
                    "id": "3",
                    "error": {
                      "code": "InvalidArgument",
                      "message": "Invalid Document in request.",
                      "innererror": {
                        "code": "InvalidDocument",
                        "message": "Document text is empty."
                      }
                    }
                  }
                ],
                "modelVersion": "2021-01-15"
              }
            }
          ]
        }
      }
    },
    {
      "RequestUri": "https://endpoint/language/analyze-text/jobs/92b44cc2-435c-4e32-9da1-fee0b514a0ac?api-version=2022-05-01",
      "RequestMethod": "GET",
      "RequestHeaders": {
        "Accept": "application/json",
        "Accept-Encoding": "gzip,deflate",
        "Authorization": "Sanitized",
        "Connection": "keep-alive",
        "User-Agent": "azsdk-js-ai-text-analytics/6.0.0 core-rest-pipeline/1.9.1 Node/v16.13.2 OS/(x64-Linux-5.10.102.1-microsoft-standard-WSL2)",
        "x-ms-client-request-id": "dfaa96f5-83c6-4015-aff0-9f1d221023ef"
      },
      "RequestBody": null,
      "StatusCode": 200,
      "ResponseHeaders": {
        "apim-request-id": "e1236555-3c60-4749-a24c-1fbcfea4ca8e",
        "Content-Length": "1985",
        "Content-Type": "application/json; charset=utf-8",
        "Date": "Tue, 14 Jun 2022 00:05:55 GMT",
        "Strict-Transport-Security": "max-age=31536000; includeSubDomains; preload",
        "X-Content-Type-Options": "nosniff",
        "x-envoy-upstream-service-time": "107"
      },
      "ResponseBody": {
        "jobId": "92b44cc2-435c-4e32-9da1-fee0b514a0ac",
        "lastUpdatedDateTime": "2022-06-14T00:05:51Z",
        "createdDateTime": "2022-06-14T00:05:49Z",
        "expirationDateTime": "2022-06-15T00:05:49Z",
        "status": "running",
        "errors": [],
        "tasks": {
          "completed": 2,
          "failed": 0,
          "inProgress": 1,
          "total": 3,
          "items": [
            {
              "kind": "EntityRecognitionLROResults",
              "lastUpdateDateTime": "2022-06-14T00:05:51.2464222Z",
              "status": "succeeded",
              "results": {
                "documents": [],
                "errors": [
                  {
                    "id": "1",
                    "error": {
                      "code": "InvalidArgument",
                      "message": "Invalid Document in request.",
                      "innererror": {
                        "code": "InvalidDocument",
                        "message": "Document text is empty."
                      }
                    }
                  },
                  {
                    "id": "2",
                    "error": {
                      "code": "InvalidArgument",
                      "message": "Invalid Language Code.",
                      "innererror": {
                        "code": "UnsupportedLanguageCode",
                        "message": "Invalid language code. Supported languages: en,es,de,fr,zh-Hans,ar,cs,da,fi,hu,it,ja,ko,no,nl,pl,pt-BR,pt-PT,ru,sv,tr. For additional details see https://aka.ms/text-analytics/language-support?tabs=named-entity-recognition"
                      }
                    }
                  },
                  {
                    "id": "3",
                    "error": {
                      "code": "InvalidArgument",
                      "message": "Invalid Document in request.",
                      "innererror": {
                        "code": "InvalidDocument",
                        "message": "Document text is empty."
                      }
                    }
                  }
                ],
                "modelVersion": "2021-06-01"
              }
            },
            {
              "kind": "PiiEntityRecognitionLROResults",
              "lastUpdateDateTime": "2022-06-14T00:05:50.9885431Z",
              "status": "succeeded",
              "results": {
                "documents": [],
                "errors": [
                  {
                    "id": "1",
                    "error": {
                      "code": "InvalidArgument",
                      "message": "Invalid Document in request.",
                      "innererror": {
                        "code": "InvalidDocument",
                        "message": "Document text is empty."
                      }
                    }
                  },
                  {
                    "id": "2",
                    "error": {
                      "code": "InvalidArgument",
                      "message": "Invalid Language Code.",
                      "innererror": {
                        "code": "UnsupportedLanguageCode",
                        "message": "Invalid language code. Supported languages: ja,ko,zh-Hans,de,en,es,fr,it,pt-BR,pt-PT. For additional details see https://aka.ms/text-analytics/language-support?tabs=named-entity-recognition"
                      }
                    }
                  },
                  {
                    "id": "3",
                    "error": {
                      "code": "InvalidArgument",
                      "message": "Invalid Document in request.",
                      "innererror": {
                        "code": "InvalidDocument",
                        "message": "Document text is empty."
                      }
                    }
                  }
                ],
                "modelVersion": "2021-01-15"
              }
            }
          ]
        }
      }
    },
    {
      "RequestUri": "https://endpoint/language/analyze-text/jobs/92b44cc2-435c-4e32-9da1-fee0b514a0ac?api-version=2022-05-01",
      "RequestMethod": "GET",
      "RequestHeaders": {
        "Accept": "application/json",
        "Accept-Encoding": "gzip,deflate",
        "Authorization": "Sanitized",
        "Connection": "keep-alive",
        "User-Agent": "azsdk-js-ai-text-analytics/6.0.0 core-rest-pipeline/1.9.1 Node/v16.13.2 OS/(x64-Linux-5.10.102.1-microsoft-standard-WSL2)",
        "x-ms-client-request-id": "63bee48a-bd4a-4623-87ef-0fd44d6ac3e0"
      },
      "RequestBody": null,
      "StatusCode": 200,
      "ResponseHeaders": {
        "apim-request-id": "f4aaae1f-c11b-4541-b103-db16f4b1e184",
        "Content-Length": "2881",
        "Content-Type": "application/json; charset=utf-8",
        "Date": "Tue, 14 Jun 2022 00:05:57 GMT",
        "Strict-Transport-Security": "max-age=31536000; includeSubDomains; preload",
        "X-Content-Type-Options": "nosniff",
        "x-envoy-upstream-service-time": "173"
      },
      "ResponseBody": {
        "jobId": "92b44cc2-435c-4e32-9da1-fee0b514a0ac",
        "lastUpdatedDateTime": "2022-06-14T00:05:56Z",
        "createdDateTime": "2022-06-14T00:05:49Z",
        "expirationDateTime": "2022-06-15T00:05:49Z",
        "status": "succeeded",
        "errors": [],
        "tasks": {
          "completed": 3,
          "failed": 0,
          "inProgress": 0,
          "total": 3,
          "items": [
            {
              "kind": "EntityRecognitionLROResults",
              "lastUpdateDateTime": "2022-06-14T00:05:51.2464222Z",
              "status": "succeeded",
              "results": {
                "documents": [],
                "errors": [
                  {
                    "id": "1",
                    "error": {
                      "code": "InvalidArgument",
                      "message": "Invalid Document in request.",
                      "innererror": {
                        "code": "InvalidDocument",
                        "message": "Document text is empty."
                      }
                    }
                  },
                  {
                    "id": "2",
                    "error": {
                      "code": "InvalidArgument",
                      "message": "Invalid Language Code.",
                      "innererror": {
                        "code": "UnsupportedLanguageCode",
                        "message": "Invalid language code. Supported languages: en,es,de,fr,zh-Hans,ar,cs,da,fi,hu,it,ja,ko,no,nl,pl,pt-BR,pt-PT,ru,sv,tr. For additional details see https://aka.ms/text-analytics/language-support?tabs=named-entity-recognition"
                      }
                    }
                  },
                  {
                    "id": "3",
                    "error": {
                      "code": "InvalidArgument",
                      "message": "Invalid Document in request.",
                      "innererror": {
                        "code": "InvalidDocument",
                        "message": "Document text is empty."
                      }
                    }
                  }
                ],
                "modelVersion": "2021-06-01"
              }
            },
            {
              "kind": "PiiEntityRecognitionLROResults",
              "lastUpdateDateTime": "2022-06-14T00:05:50.9885431Z",
              "status": "succeeded",
              "results": {
                "documents": [],
                "errors": [
                  {
                    "id": "1",
                    "error": {
                      "code": "InvalidArgument",
                      "message": "Invalid Document in request.",
                      "innererror": {
                        "code": "InvalidDocument",
                        "message": "Document text is empty."
                      }
                    }
                  },
                  {
                    "id": "2",
                    "error": {
                      "code": "InvalidArgument",
                      "message": "Invalid Language Code.",
                      "innererror": {
                        "code": "UnsupportedLanguageCode",
                        "message": "Invalid language code. Supported languages: ja,ko,zh-Hans,de,en,es,fr,it,pt-BR,pt-PT. For additional details see https://aka.ms/text-analytics/language-support?tabs=named-entity-recognition"
                      }
                    }
                  },
                  {
                    "id": "3",
                    "error": {
                      "code": "InvalidArgument",
                      "message": "Invalid Document in request.",
                      "innererror": {
                        "code": "InvalidDocument",
                        "message": "Document text is empty."
                      }
                    }
                  }
                ],
                "modelVersion": "2021-01-15"
              }
            },
            {
              "kind": "KeyPhraseExtractionLROResults",
              "lastUpdateDateTime": "2022-06-14T00:05:56.7219807Z",
              "status": "succeeded",
              "results": {
                "documents": [],
                "errors": [
                  {
                    "id": "1",
                    "error": {
                      "code": "InvalidArgument",
                      "message": "Invalid Document in request.",
                      "innererror": {
                        "code": "InvalidDocument",
                        "message": "Document text is empty."
                      }
                    }
                  },
                  {
                    "id": "2",
                    "error": {
                      "code": "InvalidArgument",
                      "message": "Invalid Language Code.",
                      "innererror": {
                        "code": "UnsupportedLanguageCode",
                        "message": "Invalid language code. Supported languages: ja,ko,zh-Hans,da,fi,nl,pl,ru,sv,de,en,es,fr,it,pt-BR,pt-PT,af,bg,ca,el,et,hr,hu,id,lv,no,ro,sk,sl,tr. For additional details see https://aka.ms/text-analytics/language-support?tabs=key-phrase-extraction"
                      }
                    }
                  },
                  {
                    "id": "3",
                    "error": {
                      "code": "InvalidArgument",
                      "message": "Invalid Document in request.",
                      "innererror": {
                        "code": "InvalidDocument",
                        "message": "Document text is empty."
                      }
                    }
                  }
                ],
                "modelVersion": "2021-06-01"
              }
            }
          ]
        }
      }
    },
    {
      "RequestUri": "https://endpoint/language/analyze-text/jobs/92b44cc2-435c-4e32-9da1-fee0b514a0ac?api-version=2022-05-01",
      "RequestMethod": "GET",
      "RequestHeaders": {
        "Accept": "application/json",
        "Accept-Encoding": "gzip,deflate",
        "Authorization": "Sanitized",
        "Connection": "keep-alive",
        "User-Agent": "azsdk-js-ai-text-analytics/6.0.0 core-rest-pipeline/1.9.1 Node/v16.13.2 OS/(x64-Linux-5.10.102.1-microsoft-standard-WSL2)",
        "x-ms-client-request-id": "75da3c4c-419a-49e2-a1e9-d98f2fa6d3af"
      },
      "RequestBody": null,
      "StatusCode": 200,
      "ResponseHeaders": {
        "apim-request-id": "ce7081a1-c596-4eef-b08c-0860fa711502",
        "Content-Length": "2881",
        "Content-Type": "application/json; charset=utf-8",
        "Date": "Tue, 14 Jun 2022 00:05:57 GMT",
        "Strict-Transport-Security": "max-age=31536000; includeSubDomains; preload",
        "X-Content-Type-Options": "nosniff",
        "x-envoy-upstream-service-time": "141"
      },
      "ResponseBody": {
        "jobId": "92b44cc2-435c-4e32-9da1-fee0b514a0ac",
        "lastUpdatedDateTime": "2022-06-14T00:05:56Z",
        "createdDateTime": "2022-06-14T00:05:49Z",
        "expirationDateTime": "2022-06-15T00:05:49Z",
        "status": "succeeded",
        "errors": [],
        "tasks": {
          "completed": 3,
          "failed": 0,
          "inProgress": 0,
          "total": 3,
          "items": [
            {
              "kind": "EntityRecognitionLROResults",
              "lastUpdateDateTime": "2022-06-14T00:05:51.2464222Z",
              "status": "succeeded",
              "results": {
                "documents": [],
                "errors": [
                  {
                    "id": "1",
                    "error": {
                      "code": "InvalidArgument",
                      "message": "Invalid Document in request.",
                      "innererror": {
                        "code": "InvalidDocument",
                        "message": "Document text is empty."
                      }
                    }
                  },
                  {
                    "id": "2",
                    "error": {
                      "code": "InvalidArgument",
                      "message": "Invalid Language Code.",
                      "innererror": {
                        "code": "UnsupportedLanguageCode",
                        "message": "Invalid language code. Supported languages: en,es,de,fr,zh-Hans,ar,cs,da,fi,hu,it,ja,ko,no,nl,pl,pt-BR,pt-PT,ru,sv,tr. For additional details see https://aka.ms/text-analytics/language-support?tabs=named-entity-recognition"
                      }
                    }
                  },
                  {
                    "id": "3",
                    "error": {
                      "code": "InvalidArgument",
                      "message": "Invalid Document in request.",
                      "innererror": {
                        "code": "InvalidDocument",
                        "message": "Document text is empty."
                      }
                    }
                  }
                ],
                "modelVersion": "2021-06-01"
              }
            },
            {
              "kind": "PiiEntityRecognitionLROResults",
              "lastUpdateDateTime": "2022-06-14T00:05:50.9885431Z",
              "status": "succeeded",
              "results": {
                "documents": [],
                "errors": [
                  {
                    "id": "1",
                    "error": {
                      "code": "InvalidArgument",
                      "message": "Invalid Document in request.",
                      "innererror": {
                        "code": "InvalidDocument",
                        "message": "Document text is empty."
                      }
                    }
                  },
                  {
                    "id": "2",
                    "error": {
                      "code": "InvalidArgument",
                      "message": "Invalid Language Code.",
                      "innererror": {
                        "code": "UnsupportedLanguageCode",
                        "message": "Invalid language code. Supported languages: ja,ko,zh-Hans,de,en,es,fr,it,pt-BR,pt-PT. For additional details see https://aka.ms/text-analytics/language-support?tabs=named-entity-recognition"
                      }
                    }
                  },
                  {
                    "id": "3",
                    "error": {
                      "code": "InvalidArgument",
                      "message": "Invalid Document in request.",
                      "innererror": {
                        "code": "InvalidDocument",
                        "message": "Document text is empty."
                      }
                    }
                  }
                ],
                "modelVersion": "2021-01-15"
              }
            },
            {
              "kind": "KeyPhraseExtractionLROResults",
              "lastUpdateDateTime": "2022-06-14T00:05:56.7219807Z",
              "status": "succeeded",
              "results": {
                "documents": [],
                "errors": [
                  {
                    "id": "1",
                    "error": {
                      "code": "InvalidArgument",
                      "message": "Invalid Document in request.",
                      "innererror": {
                        "code": "InvalidDocument",
                        "message": "Document text is empty."
                      }
                    }
                  },
                  {
                    "id": "2",
                    "error": {
                      "code": "InvalidArgument",
                      "message": "Invalid Language Code.",
                      "innererror": {
                        "code": "UnsupportedLanguageCode",
                        "message": "Invalid language code. Supported languages: ja,ko,zh-Hans,da,fi,nl,pl,ru,sv,de,en,es,fr,it,pt-BR,pt-PT,af,bg,ca,el,et,hr,hu,id,lv,no,ro,sk,sl,tr. For additional details see https://aka.ms/text-analytics/language-support?tabs=key-phrase-extraction"
                      }
                    }
                  },
                  {
                    "id": "3",
                    "error": {
                      "code": "InvalidArgument",
                      "message": "Invalid Document in request.",
                      "innererror": {
                        "code": "InvalidDocument",
                        "message": "Document text is empty."
                      }
                    }
                  }
                ],
                "modelVersion": "2021-06-01"
              }
            }
          ]
        }
      }
    }
  ],
  "Variables": {}
}
