{
  "Entries": [
    {
      "RequestUri": "https://management.azure.com/subscriptions/azure_subscription_id/resourceGroups/azure_resource_group/providers/Microsoft.Network/virtualNetworks/virtualnetworkzzz/subnets/subnetnamexx?api-version=2022-05-01",
      "RequestMethod": "DELETE",
      "RequestHeaders": {
        "Accept": "application/json",
        "Accept-Encoding": "gzip,deflate",
        "Authorization": "Sanitized",
        "Connection": "keep-alive",
        "User-Agent": "azsdk-js-arm-network-rest/1.0.0-beta.1 core-rest-pipeline/1.9.2 Node/v16.17.0 OS/(x64-Windows_NT-10.0.22000)",
        "x-ms-client-request-id": "157f1247-ebd1-400b-841f-b447c71d0305"
      },
      "RequestBody": null,
      "StatusCode": 202,
      "ResponseHeaders": {
        "Azure-AsyncNotification": "Enabled",
        "Azure-AsyncOperation": "https://management.azure.com/subscriptions/azure_subscription_id/providers/Microsoft.Network/locations/eastus/operations/e54f6b55-28b1-490d-bad9-6da59677aca0?api-version=2022-05-01",
        "Cache-Control": "no-cache",
        "Content-Length": "0",
        "Date": "Wed, 28 Sep 2022 02:35:31 GMT",
        "Expires": "-1",
        "Location": "https://management.azure.com/subscriptions/azure_subscription_id/providers/Microsoft.Network/locations/eastus/operationResults/e54f6b55-28b1-490d-bad9-6da59677aca0?api-version=2022-05-01",
        "Pragma": "no-cache",
        "Retry-After": "10",
        "Server": [
          "Microsoft-HTTPAPI/2.0",
          "Microsoft-HTTPAPI/2.0"
        ],
        "Strict-Transport-Security": "max-age=31536000; includeSubDomains",
        "X-Content-Type-Options": "nosniff",
        "x-ms-arm-service-request-id": "b0acc6b2-edde-4f81-b1db-afbdbf51c427",
        "x-ms-correlation-request-id": "7c36b1dc-8dfd-451b-8636-ad105ec8a38b",
        "x-ms-ratelimit-remaining-subscription-deletes": "14998",
        "x-ms-request-id": "e54f6b55-28b1-490d-bad9-6da59677aca0",
        "x-ms-routing-request-id": "SOUTHEASTASIA:20220928T023532Z:7c36b1dc-8dfd-451b-8636-ad105ec8a38b"
      },
      "ResponseBody": null
    },
    {
      "RequestUri": "https://management.azure.com/subscriptions/azure_subscription_id/providers/Microsoft.Network/locations/eastus/operations/e54f6b55-28b1-490d-bad9-6da59677aca0?api-version=2022-05-01",
      "RequestMethod": "GET",
      "RequestHeaders": {
        "Accept": "application/json",
        "Accept-Encoding": "gzip,deflate",
        "Authorization": "Sanitized",
        "Connection": "keep-alive",
        "User-Agent": "azsdk-js-arm-network-rest/1.0.0-beta.1 core-rest-pipeline/1.9.2 Node/v16.17.0 OS/(x64-Windows_NT-10.0.22000)",
        "x-ms-client-request-id": "87be1539-d9d6-4b2f-b1f4-f72a592684ed"
      },
      "RequestBody": null,
      "StatusCode": 200,
      "ResponseHeaders": {
        "Cache-Control": "no-cache",
        "Content-Encoding": "gzip",
        "Content-Type": "application/json; charset=utf-8",
        "Date": "Wed, 28 Sep 2022 02:35:31 GMT",
        "Expires": "-1",
        "Pragma": "no-cache",
        "Server": [
          "Microsoft-HTTPAPI/2.0",
          "Microsoft-HTTPAPI/2.0"
        ],
        "Strict-Transport-Security": "max-age=31536000; includeSubDomains",
        "Transfer-Encoding": "chunked",
        "Vary": "Accept-Encoding",
        "X-Content-Type-Options": "nosniff",
        "x-ms-arm-service-request-id": "56e8cf9b-2d63-425a-9af4-e2ea2abe8e1c",
        "x-ms-correlation-request-id": "c1b3f8c4-d4b3-4b58-bdc7-c4155f9e4e1c",
        "x-ms-ratelimit-remaining-subscription-reads": "11986",
        "x-ms-request-id": "dfc29702-2f3b-4b4d-94ae-68f81265aef9",
        "x-ms-routing-request-id": "SOUTHEASTASIA:20220928T023532Z:c1b3f8c4-d4b3-4b58-bdc7-c4155f9e4e1c"
      },
      "ResponseBody": {
        "status": "Succeeded"
      }
    },
    {
      "RequestUri": "https://management.azure.com/subscriptions/azure_subscription_id/resourceGroups/azure_resource_group/providers/Microsoft.Network/virtualNetworks/virtualnetworkzzz/subnets?api-version=2022-05-01",
      "RequestMethod": "GET",
      "RequestHeaders": {
        "Accept": "application/json",
        "Accept-Encoding": "gzip,deflate",
        "Authorization": "Sanitized",
        "Connection": "keep-alive",
        "User-Agent": "azsdk-js-arm-network-rest/1.0.0-beta.1 core-rest-pipeline/1.9.2 Node/v16.17.0 OS/(x64-Windows_NT-10.0.22000)",
        "x-ms-client-request-id": "61164d67-1164-49be-b48b-4ddd92b8f989"
      },
      "RequestBody": null,
      "StatusCode": 200,
      "ResponseHeaders": {
        "Cache-Control": "no-cache",
        "Content-Encoding": "gzip",
        "Content-Type": "application/json; charset=utf-8",
        "Date": "Wed, 28 Sep 2022 02:35:32 GMT",
        "Expires": "-1",
        "Pragma": "no-cache",
        "Server": [
          "Microsoft-HTTPAPI/2.0",
          "Microsoft-HTTPAPI/2.0"
        ],
        "Strict-Transport-Security": "max-age=31536000; includeSubDomains",
        "Transfer-Encoding": "chunked",
        "Vary": "Accept-Encoding",
        "X-Content-Type-Options": "nosniff",
        "x-ms-arm-service-request-id": "21a02de2-bbd0-4f67-8634-42612a0d125a",
        "x-ms-correlation-request-id": "b9826603-0172-4620-b124-1e949adc810c",
        "x-ms-ratelimit-remaining-subscription-reads": "11985",
        "x-ms-request-id": "77501984-14fe-468e-957e-daf78f92c925",
        "x-ms-routing-request-id": "SOUTHEASTASIA:20220928T023533Z:b9826603-0172-4620-b124-1e949adc810c"
      },
      "ResponseBody": {
        "value": []
      }
    }
  ],
  "Variables": {}
}
