{
  "Entries": [
    {
      "RequestUri": "https://fakestorageaccount.blob.core.windows.net/container167486177040109882?restype=container",
      "RequestMethod": "PUT",
      "RequestHeaders": {
        "Accept": "application/xml",
        "Authorization": "Sanitized",
        "Connection": "keep-alive",
        "Content-Length": "0",
        "User-Agent": "azsdk-js-azure-storage-blob/12.13.0 core-rest-pipeline/1.10.2 Node/v16.18.0 OS/(x64-Linux-5.4.0-1100-azure)",
        "x-ms-client-request-id": "e6a86b44-1dca-40b9-b74b-3fd3e7bca003",
        "x-ms-date": "Fri, 27 Jan 2023 23:22:50 GMT",
        "x-ms-version": "2021-12-02"
      },
      "RequestBody": null,
      "StatusCode": 201,
      "ResponseHeaders": {
        "Content-Length": "0",
        "Date": "Fri, 27 Jan 2023 23:22:49 GMT",
        "ETag": "\u00220x8DB00BD68751C21\u0022",
        "Last-Modified": "Fri, 27 Jan 2023 23:22:50 GMT",
        "Server": [
          "Windows-Azure-Blob/1.0",
          "Microsoft-HTTPAPI/2.0"
        ],
        "x-ms-client-request-id": "e6a86b44-1dca-40b9-b74b-3fd3e7bca003",
        "x-ms-request-id": "d8ba5efe-001e-0076-61a6-3240f9000000",
        "x-ms-version": "2021-12-02"
      },
      "ResponseBody": null
    },
    {
      "RequestUri": "https://fakestorageaccount.blob.core.windows.net/container167486177040109882/blob167486177047201960",
      "RequestMethod": "PUT",
      "RequestHeaders": {
        "Accept": "application/xml",
        "Authorization": "Sanitized",
        "Connection": "keep-alive",
        "Content-Length": "11",
        "Content-Type": "application/octet-stream",
        "User-Agent": "azsdk-js-azure-storage-blob/12.13.0 core-rest-pipeline/1.10.2 Node/v16.18.0 OS/(x64-Linux-5.4.0-1100-azure)",
        "x-ms-blob-type": "BlockBlob",
        "x-ms-client-request-id": "4fd6265e-c5d9-4640-a6c6-a2bc10051a8b",
        "x-ms-date": "Fri, 27 Jan 2023 23:22:50 GMT",
        "x-ms-version": "2021-12-02"
      },
      "RequestBody": "SGVsbG8gV29ybGQ=",
      "StatusCode": 201,
      "ResponseHeaders": {
        "Content-Length": "0",
        "Content-MD5": "sQqNsWTgdUEFt6mb5y4/5Q==",
        "Date": "Fri, 27 Jan 2023 23:22:49 GMT",
        "ETag": "\u00220x8DB00BD687F6DBC\u0022",
        "Last-Modified": "Fri, 27 Jan 2023 23:22:50 GMT",
        "Server": [
          "Windows-Azure-Blob/1.0",
          "Microsoft-HTTPAPI/2.0"
        ],
        "x-ms-client-request-id": "4fd6265e-c5d9-4640-a6c6-a2bc10051a8b",
        "x-ms-content-crc64": "YeJLfssylmU=",
        "x-ms-request-id": "d8ba5f82-001e-0076-5ea6-3240f9000000",
        "x-ms-request-server-encrypted": "true",
        "x-ms-version": "2021-12-02",
        "x-ms-version-id": "2023-01-27T23:22:50.5057724Z"
      },
      "ResponseBody": null
    },
    {
      "RequestUri": "https://fakestorageaccount.blob.core.windows.net/container167486177040109882/blob167486177047201960?comp=snapshot",
      "RequestMethod": "PUT",
      "RequestHeaders": {
        "Accept": "application/xml",
        "Authorization": "Sanitized",
        "Connection": "keep-alive",
        "Content-Length": "0",
        "User-Agent": "azsdk-js-azure-storage-blob/12.13.0 core-rest-pipeline/1.10.2 Node/v16.18.0 OS/(x64-Linux-5.4.0-1100-azure)",
        "x-ms-client-request-id": "38f3d32d-8a51-48fb-87f7-3e92bf560cdf",
        "x-ms-date": "Fri, 27 Jan 2023 23:22:50 GMT",
        "x-ms-version": "2021-12-02"
      },
      "RequestBody": null,
      "StatusCode": 201,
      "ResponseHeaders": {
        "Content-Length": "0",
        "Date": "Fri, 27 Jan 2023 23:22:50 GMT",
        "ETag": "\u00220x8DB00BD687F6DBC\u0022",
        "Last-Modified": "Fri, 27 Jan 2023 23:22:50 GMT",
        "Server": [
          "Windows-Azure-Blob/1.0",
          "Microsoft-HTTPAPI/2.0"
        ],
        "x-ms-client-request-id": "38f3d32d-8a51-48fb-87f7-3e92bf560cdf",
        "x-ms-request-id": "d8ba6002-001e-0076-5ba6-3240f9000000",
        "x-ms-request-server-encrypted": "false",
        "x-ms-snapshot": "2023-01-27T23:22:50.5767339Z",
        "x-ms-version": "2021-12-02",
        "x-ms-version-id": "2023-01-27T23:22:50.5777339Z"
      },
      "ResponseBody": null
    },
    {
      "RequestUri": "https://fakestorageaccount.blob.core.windows.net/container167486177040109882/blob167486177047201960?snapshot=2023-01-27T23%3A22%3A50.5767339Z\u0026comp=tier",
      "RequestMethod": "PUT",
      "RequestHeaders": {
        "Accept": "application/xml",
        "Authorization": "Sanitized",
        "Connection": "keep-alive",
        "Content-Length": "0",
        "User-Agent": "azsdk-js-azure-storage-blob/12.13.0 core-rest-pipeline/1.10.2 Node/v16.18.0 OS/(x64-Linux-5.4.0-1100-azure)",
        "x-ms-access-tier": "Cool",
        "x-ms-client-request-id": "9fae216b-339f-4fea-b6b4-ec9beee1eec4",
        "x-ms-date": "Fri, 27 Jan 2023 23:22:50 GMT",
        "x-ms-version": "2021-12-02"
      },
      "RequestBody": null,
      "StatusCode": 200,
      "ResponseHeaders": {
        "Content-Length": "0",
        "Date": "Fri, 27 Jan 2023 23:22:50 GMT",
        "Server": [
          "Windows-Azure-Blob/1.0",
          "Microsoft-HTTPAPI/2.0"
        ],
        "x-ms-client-request-id": "9fae216b-339f-4fea-b6b4-ec9beee1eec4",
        "x-ms-request-id": "d8ba608b-001e-0076-5aa6-3240f9000000",
        "x-ms-version": "2021-12-02"
      },
      "ResponseBody": null
    },
    {
      "RequestUri": "https://fakestorageaccount.blob.core.windows.net/container167486177040109882/blob167486177047201960?snapshot=2023-01-27T23%3A22%3A50.5767339Z",
      "RequestMethod": "HEAD",
      "RequestHeaders": {
        "Accept": "application/xml",
        "Authorization": "Sanitized",
        "Connection": "keep-alive",
        "User-Agent": "azsdk-js-azure-storage-blob/12.13.0 core-rest-pipeline/1.10.2 Node/v16.18.0 OS/(x64-Linux-5.4.0-1100-azure)",
        "x-ms-client-request-id": "cf8f9b96-7002-4cda-afff-257074b44581",
        "x-ms-date": "Fri, 27 Jan 2023 23:22:50 GMT",
        "x-ms-version": "2021-12-02"
      },
      "RequestBody": null,
      "StatusCode": 200,
      "ResponseHeaders": {
        "Accept-Ranges": "bytes",
        "Access-Control-Allow-Origin": "*",
        "Access-Control-Expose-Headers": "x-ms-request-id,x-ms-client-request-id,Server,x-ms-version,Content-Type,Last-Modified,ETag,x-ms-creation-time,Content-MD5,x-ms-blob-type,x-ms-server-encrypted,x-ms-access-tier,x-ms-access-tier-change-time,Accept-Ranges,Content-Length,Date,Transfer-Encoding",
        "Content-Length": "11",
        "Content-MD5": "sQqNsWTgdUEFt6mb5y4/5Q==",
        "Content-Type": "application/octet-stream",
        "Date": "Fri, 27 Jan 2023 23:22:50 GMT",
        "ETag": "\u00220x8DB00BD687F6DBC\u0022",
        "Last-Modified": "Fri, 27 Jan 2023 23:22:50 GMT",
        "Server": [
          "Windows-Azure-Blob/1.0",
          "Microsoft-HTTPAPI/2.0"
        ],
        "x-ms-access-tier": "Cool",
        "x-ms-access-tier-change-time": "Fri, 27 Jan 2023 23:22:50 GMT",
        "x-ms-blob-type": "BlockBlob",
        "x-ms-client-request-id": "cf8f9b96-7002-4cda-afff-257074b44581",
        "x-ms-creation-time": "Fri, 27 Jan 2023 23:22:50 GMT",
        "x-ms-request-id": "d8ba6100-001e-0076-48a6-3240f9000000",
        "x-ms-server-encrypted": "true",
        "x-ms-version": "2021-12-02"
      },
      "ResponseBody": null
    },
    {
      "RequestUri": "https://fakestorageaccount.blob.core.windows.net/container167486177040109882?restype=container",
      "RequestMethod": "DELETE",
      "RequestHeaders": {
        "Accept": "application/xml",
        "Authorization": "Sanitized",
        "Connection": "keep-alive",
        "User-Agent": "azsdk-js-azure-storage-blob/12.13.0 core-rest-pipeline/1.10.2 Node/v16.18.0 OS/(x64-Linux-5.4.0-1100-azure)",
        "x-ms-client-request-id": "ed7fdfb2-0807-4965-a6db-f179438f020c",
        "x-ms-date": "Fri, 27 Jan 2023 23:22:50 GMT",
        "x-ms-version": "2021-12-02"
      },
      "RequestBody": null,
      "StatusCode": 202,
      "ResponseHeaders": {
        "Content-Length": "0",
        "Date": "Fri, 27 Jan 2023 23:22:50 GMT",
        "Server": [
          "Windows-Azure-Blob/1.0",
          "Microsoft-HTTPAPI/2.0"
        ],
        "x-ms-client-request-id": "ed7fdfb2-0807-4965-a6db-f179438f020c",
        "x-ms-request-id": "d8ba619d-001e-0076-55a6-3240f9000000",
        "x-ms-version": "2021-12-02"
      },
      "ResponseBody": null
    }
  ],
  "Variables": {
    "blob": "blob167486177047201960",
    "container": "container167486177040109882"
  }
}
