{
  "Entries": [
    {
      "RequestUri": "https://endpoint/api/hubs/simplechat/:send?api-version=2021-10-01",
      "RequestMethod": "POST",
      "RequestHeaders": {
        "Accept": "application/json, text/json",
        "Accept-Encoding": "gzip,deflate",
        "Authorization": "Sanitized",
        "Connection": "keep-alive",
        "Content-Length": "5",
        "Content-Type": "text/plain",
        "User-Agent": "azsdk-js-web-pubsub/1.0.1 core-rest-pipeline/1.7.1 Node/v16.14.0 OS/(x64-Windows_NT-10.0.22000)",
        "x-ms-client-request-id": "78acc446-71b6-49a6-9ba6-b2cd7babdf0f"
      },
      "RequestBody": "hello",
      "StatusCode": 202,
      "ResponseHeaders": {
        "api-supported-versions": "2021-10-01",
        "Connection": "keep-alive",
        "Content-Length": "0",
        "Date": "Thu, 24 Mar 2022 00:35:44 GMT",
        "Strict-Transport-Security": "max-age=15724800; includeSubDomains"
      },
      "ResponseBody": null
    },
    {
      "RequestUri": "https://endpoint/api/hubs/simplechat/:send?api-version=2021-10-01",
      "RequestMethod": "POST",
      "RequestHeaders": {
        "Accept": "application/json, text/json",
        "Accept-Encoding": "gzip,deflate",
        "Authorization": "Sanitized",
        "Connection": "keep-alive",
        "Content-Length": "13",
        "Content-Type": "application/json",
        "User-Agent": "azsdk-js-web-pubsub/1.0.1 core-rest-pipeline/1.7.1 Node/v16.14.0 OS/(x64-Windows_NT-10.0.22000)",
        "x-ms-client-request-id": "a09e44d0-c5f1-48c8-82b4-20594b2916a5"
      },
      "RequestBody": {
        "x": 1,
        "y": 2
      },
      "StatusCode": 202,
      "ResponseHeaders": {
        "api-supported-versions": "2021-10-01",
        "Connection": "keep-alive",
        "Content-Length": "0",
        "Date": "Thu, 24 Mar 2022 00:35:44 GMT",
        "Strict-Transport-Security": "max-age=15724800; includeSubDomains"
      },
      "ResponseBody": null
    },
    {
      "RequestUri": "https://endpoint/api/hubs/simplechat/:send?api-version=2021-10-01",
      "RequestMethod": "POST",
      "RequestHeaders": {
        "Accept": "application/json, text/json",
        "Accept-Encoding": "gzip,deflate",
        "Authorization": "Sanitized",
        "Connection": "keep-alive",
        "Content-Length": "10",
        "Content-Type": "application/octet-stream",
        "User-Agent": "azsdk-js-web-pubsub/1.0.1 core-rest-pipeline/1.7.1 Node/v16.14.0 OS/(x64-Windows_NT-10.0.22000)",
        "x-ms-client-request-id": "bc356522-6efb-463c-87f4-5bd7a556410f"
      },
      "RequestBody": "AAAAAAAAAAAAAA==",
      "StatusCode": 202,
      "ResponseHeaders": {
        "api-supported-versions": "2021-10-01",
        "Connection": "keep-alive",
        "Content-Length": "0",
        "Date": "Thu, 24 Mar 2022 00:35:44 GMT",
        "Strict-Transport-Security": "max-age=15724800; includeSubDomains"
      },
      "ResponseBody": null
    }
  ],
  "Variables": {}
}
