{
  "Entries": [
    {
      "RequestUri": "https://endpoint/text/analytics/v3.2-preview.2/entities/health/jobs?stringIndexType=Utf16CodeUnit",
      "RequestMethod": "POST",
      "RequestHeaders": {
        "Accept": "application/json, text/json",
        "Accept-Encoding": "gzip, deflate, br",
        "Accept-Language": "en-US",
        "Authorization": "Sanitized",
        "Connection": "keep-alive",
        "Content-Length": "184",
        "Content-Type": "application/json",
        "Referer": "http://localhost:9876/",
        "sec-ch-ua": "",
        "sec-ch-ua-mobile": "?0",
        "sec-ch-ua-platform": "",
        "Sec-Fetch-Dest": "empty",
        "Sec-Fetch-Mode": "cors",
        "Sec-Fetch-Site": "same-site",
        "User-Agent": "Mozilla/5.0 (X11; Linux x86_64) AppleWebKit/537.36 (KHTML, like Gecko) HeadlessChrome/101.0.4950.0 Safari/537.36",
        "x-ms-client-request-id": "3deaa2b2-0dd8-4393-b006-1ba7d371a87f",
        "x-ms-useragent": "azsdk-js-ai-text-analytics/5.2.0-beta.3 core-rest-pipeline/1.8.2 OS/Linuxx86_64"
      },
      "RequestBody": {
        "documents": [
          {
            "id": "1",
            "text": "Patient does not suffer from high blood pressure.",
            "language": "en"
          },
          {
            "id": "2",
            "text": "Prescribed 100mg ibuprofen, taken twice daily.",
            "language": "en"
          }
        ]
      },
      "StatusCode": 202,
      "ResponseHeaders": {
        "apim-request-id": "94635848-1029-43ef-9651-aa73fb998b77",
        "Date": "Tue, 10 May 2022 00:21:29 GMT",
        "operation-location": "https://endpoint/text/analytics/v3.2-preview.2/entities/health/jobs/e22d0460-893a-492f-a786-f8df9baf4596",
        "Strict-Transport-Security": "max-age=31536000; includeSubDomains; preload",
        "Transfer-Encoding": "chunked",
        "X-Content-Type-Options": "nosniff",
        "x-envoy-upstream-service-time": "158"
      },
      "ResponseBody": null
    },
    {
      "RequestUri": "https://endpoint/text/analytics/v3.2-preview.2/entities/health/jobs/e22d0460-893a-492f-a786-f8df9baf4596?$top=20\u0026$skip=0",
      "RequestMethod": "GET",
      "RequestHeaders": {
        "Accept": "application/json, text/json",
        "Accept-Encoding": "gzip, deflate, br",
        "Accept-Language": "en-US",
        "Authorization": "Sanitized",
        "Connection": "keep-alive",
        "Referer": "http://localhost:9876/",
        "sec-ch-ua": "",
        "sec-ch-ua-mobile": "?0",
        "sec-ch-ua-platform": "",
        "Sec-Fetch-Dest": "empty",
        "Sec-Fetch-Mode": "cors",
        "Sec-Fetch-Site": "same-site",
        "User-Agent": "Mozilla/5.0 (X11; Linux x86_64) AppleWebKit/537.36 (KHTML, like Gecko) HeadlessChrome/101.0.4950.0 Safari/537.36",
        "x-ms-client-request-id": "9e4184c2-3297-471a-915a-51e4d52c9207",
        "x-ms-useragent": "azsdk-js-ai-text-analytics/5.2.0-beta.3 core-rest-pipeline/1.8.2 OS/Linuxx86_64"
      },
      "RequestBody": null,
      "StatusCode": 200,
      "ResponseHeaders": {
        "apim-request-id": "4683ab3b-d3ba-45a7-9301-0da55f99132c",
        "Content-Type": "application/json; charset=utf-8",
        "Date": "Tue, 10 May 2022 00:21:30 GMT",
        "Strict-Transport-Security": "max-age=31536000; includeSubDomains; preload",
        "Transfer-Encoding": "chunked",
        "X-Content-Type-Options": "nosniff",
        "x-envoy-upstream-service-time": "10"
      },
      "ResponseBody": {
        "jobId": "e22d0460-893a-492f-a786-f8df9baf4596",
        "lastUpdateDateTime": "2022-05-10T00:21:30Z",
        "createdDateTime": "2022-05-10T00:21:29Z",
        "expirationDateTime": "2022-05-11T00:21:29Z",
        "status": "notStarted",
        "errors": []
      }
    },
    {
      "RequestUri": "https://endpoint/text/analytics/v3.2-preview.2/entities/health/jobs/e22d0460-893a-492f-a786-f8df9baf4596?$top=20\u0026$skip=0",
      "RequestMethod": "GET",
      "RequestHeaders": {
        "Accept": "application/json, text/json",
        "Accept-Encoding": "gzip, deflate, br",
        "Accept-Language": "en-US",
        "Authorization": "Sanitized",
        "Connection": "keep-alive",
        "Referer": "http://localhost:9876/",
        "sec-ch-ua": "",
        "sec-ch-ua-mobile": "?0",
        "sec-ch-ua-platform": "",
        "Sec-Fetch-Dest": "empty",
        "Sec-Fetch-Mode": "cors",
        "Sec-Fetch-Site": "same-site",
        "User-Agent": "Mozilla/5.0 (X11; Linux x86_64) AppleWebKit/537.36 (KHTML, like Gecko) HeadlessChrome/101.0.4950.0 Safari/537.36",
        "x-ms-client-request-id": "c98f6431-069b-4860-a93d-881076e2bbc4",
        "x-ms-useragent": "azsdk-js-ai-text-analytics/5.2.0-beta.3 core-rest-pipeline/1.8.2 OS/Linuxx86_64"
      },
      "RequestBody": null,
      "StatusCode": 200,
      "ResponseHeaders": {
        "apim-request-id": "a9ae5f6a-23e8-448f-91f5-df008a91c01b",
        "Content-Type": "application/json; charset=utf-8",
        "Date": "Tue, 10 May 2022 00:21:30 GMT",
        "Strict-Transport-Security": "max-age=31536000; includeSubDomains; preload",
        "Transfer-Encoding": "chunked",
        "X-Content-Type-Options": "nosniff",
        "x-envoy-upstream-service-time": "9"
      },
      "ResponseBody": {
        "jobId": "e22d0460-893a-492f-a786-f8df9baf4596",
        "lastUpdateDateTime": "2022-05-10T00:21:30Z",
        "createdDateTime": "2022-05-10T00:21:29Z",
        "expirationDateTime": "2022-05-11T00:21:29Z",
        "status": "notStarted",
        "errors": []
      }
    },
    {
      "RequestUri": "https://endpoint/text/analytics/v3.2-preview.2/entities/health/jobs/e22d0460-893a-492f-a786-f8df9baf4596?$top=20\u0026$skip=0",
      "RequestMethod": "GET",
      "RequestHeaders": {
        "Accept": "application/json, text/json",
        "Accept-Encoding": "gzip, deflate, br",
        "Accept-Language": "en-US",
        "Authorization": "Sanitized",
        "Connection": "keep-alive",
        "Referer": "http://localhost:9876/",
        "sec-ch-ua": "",
        "sec-ch-ua-mobile": "?0",
        "sec-ch-ua-platform": "",
        "Sec-Fetch-Dest": "empty",
        "Sec-Fetch-Mode": "cors",
        "Sec-Fetch-Site": "same-site",
        "User-Agent": "Mozilla/5.0 (X11; Linux x86_64) AppleWebKit/537.36 (KHTML, like Gecko) HeadlessChrome/101.0.4950.0 Safari/537.36",
        "x-ms-client-request-id": "e5a2124b-96bf-4395-97cb-5ccb496e3430",
        "x-ms-useragent": "azsdk-js-ai-text-analytics/5.2.0-beta.3 core-rest-pipeline/1.8.2 OS/Linuxx86_64"
      },
      "RequestBody": null,
      "StatusCode": 200,
      "ResponseHeaders": {
        "apim-request-id": "79a5e366-4de4-4ecc-837f-4eda0324ea41",
        "Content-Type": "application/json; charset=utf-8",
        "Date": "Tue, 10 May 2022 00:21:32 GMT",
        "Strict-Transport-Security": "max-age=31536000; includeSubDomains; preload",
        "Transfer-Encoding": "chunked",
        "X-Content-Type-Options": "nosniff",
        "x-envoy-upstream-service-time": "44"
      },
      "ResponseBody": {
        "jobId": "e22d0460-893a-492f-a786-f8df9baf4596",
        "lastUpdateDateTime": "2022-05-10T00:21:30Z",
        "createdDateTime": "2022-05-10T00:21:29Z",
        "expirationDateTime": "2022-05-11T00:21:29Z",
        "status": "succeeded",
        "errors": [],
        "results": {
          "documents": [
            {
              "id": "1",
              "entities": [
                {
                  "offset": 29,
                  "length": 19,
                  "text": "high blood pressure",
                  "category": "SymptomOrSign",
                  "confidenceScore": 1.0,
                  "assertion": {
                    "certainty": "negative"
                  },
                  "name": "Hypertensive disease",
                  "links": [
                    {
                      "dataSource": "UMLS",
                      "id": "C0020538"
                    },
                    {
                      "dataSource": "AOD",
                      "id": "0000023317"
                    },
                    {
                      "dataSource": "BI",
                      "id": "BI00001"
                    },
                    {
                      "dataSource": "CCPSS",
                      "id": "1017493"
                    },
                    {
                      "dataSource": "CCS",
                      "id": "7.1"
                    },
                    {
                      "dataSource": "CHV",
                      "id": "0000015800"
                    },
                    {
                      "dataSource": "COSTAR",
                      "id": "397"
                    },
                    {
                      "dataSource": "CSP",
                      "id": "0571-5243"
                    },
                    {
                      "dataSource": "CST",
                      "id": "HYPERTENS"
                    },
                    {
                      "dataSource": "DXP",
                      "id": "U002034"
                    },
                    {
                      "dataSource": "HPO",
                      "id": "HP:0000822"
                    },
                    {
                      "dataSource": "ICD10",
                      "id": "I10-I15.9"
                    },
                    {
                      "dataSource": "ICD10AM",
                      "id": "I10-I15.9"
                    },
                    {
                      "dataSource": "ICD10CM",
                      "id": "I10"
                    },
                    {
                      "dataSource": "ICD9CM",
                      "id": "997.91"
                    },
                    {
                      "dataSource": "ICPC2ICD10ENG",
                      "id": "MTHU035456"
                    },
                    {
                      "dataSource": "ICPC2P",
                      "id": "K85004"
                    },
                    {
                      "dataSource": "LCH",
                      "id": "U002317"
                    },
                    {
                      "dataSource": "LCH_NW",
                      "id": "sh85063723"
                    },
                    {
                      "dataSource": "LNC",
                      "id": "LA14293-7"
                    },
                    {
                      "dataSource": "MDR",
                      "id": "10020772"
                    },
                    {
                      "dataSource": "MEDCIN",
                      "id": "33288"
                    },
                    {
                      "dataSource": "MEDLINEPLUS",
                      "id": "34"
                    },
                    {
                      "dataSource": "MSH",
                      "id": "D006973"
                    },
                    {
                      "dataSource": "MTH",
                      "id": "005"
                    },
                    {
                      "dataSource": "MTHICD9",
                      "id": "997.91"
                    },
                    {
                      "dataSource": "NANDA-I",
                      "id": "00905"
                    },
                    {
                      "dataSource": "NCI",
                      "id": "C3117"
                    },
                    {
                      "dataSource": "NCI_CPTAC",
                      "id": "C3117"
                    },
                    {
                      "dataSource": "NCI_CTCAE",
                      "id": "E13785"
                    },
                    {
                      "dataSource": "NCI_CTRP",
                      "id": "C3117"
                    },
                    {
                      "dataSource": "NCI_FDA",
                      "id": "1908"
                    },
                    {
                      "dataSource": "NCI_GDC",
                      "id": "C3117"
                    },
                    {
                      "dataSource": "NCI_NCI-GLOSS",
                      "id": "CDR0000458091"
                    },
                    {
                      "dataSource": "NCI_NICHD",
                      "id": "C3117"
                    },
                    {
                      "dataSource": "NCI_caDSR",
                      "id": "C3117"
                    },
                    {
                      "dataSource": "NOC",
                      "id": "060808"
                    },
                    {
                      "dataSource": "OMIM",
                      "id": "MTHU002068"
                    },
                    {
                      "dataSource": "PCDS",
                      "id": "PRB_11000.06"
                    },
                    {
                      "dataSource": "PDQ",
                      "id": "CDR0000686951"
                    },
                    {
                      "dataSource": "PSY",
                      "id": "23830"
                    },
                    {
                      "dataSource": "RCD",
                      "id": "XE0Ub"
                    },
                    {
                      "dataSource": "SNM",
                      "id": "F-70700"
                    },
                    {
                      "dataSource": "SNMI",
                      "id": "D3-02000"
                    },
                    {
                      "dataSource": "SNOMEDCT_US",
                      "id": "38341003"
                    },
                    {
                      "dataSource": "WHO",
                      "id": "0210"
                    }
                  ]
                }
              ],
              "relations": [],
              "warnings": []
            },
            {
              "id": "2",
              "entities": [
                {
                  "offset": 11,
                  "length": 5,
                  "text": "100mg",
                  "category": "Dosage",
                  "confidenceScore": 0.98
                },
                {
                  "offset": 17,
                  "length": 9,
                  "text": "ibuprofen",
                  "category": "MedicationName",
                  "confidenceScore": 1.0,
                  "name": "ibuprofen",
                  "links": [
                    {
                      "dataSource": "UMLS",
                      "id": "C0020740"
                    },
                    {
                      "dataSource": "AOD",
                      "id": "0000019879"
                    },
                    {
                      "dataSource": "ATC",
                      "id": "M01AE01"
                    },
                    {
                      "dataSource": "CCPSS",
                      "id": "0046165"
                    },
                    {
                      "dataSource": "CHV",
                      "id": "0000006519"
                    },
                    {
                      "dataSource": "CSP",
                      "id": "2270-2077"
                    },
                    {
                      "dataSource": "DRUGBANK",
                      "id": "DB01050"
                    },
                    {
                      "dataSource": "GS",
                      "id": "1611"
                    },
                    {
                      "dataSource": "LCH_NW",
                      "id": "sh97005926"
                    },
                    {
                      "dataSource": "LNC",
                      "id": "LP16165-0"
                    },
                    {
                      "dataSource": "MEDCIN",
                      "id": "40458"
                    },
                    {
                      "dataSource": "MMSL",
                      "id": "d00015"
                    },
                    {
                      "dataSource": "MSH",
                      "id": "D007052"
                    },
                    {
                      "dataSource": "MTHSPL",
                      "id": "WK2XYI10QM"
                    },
                    {
                      "dataSource": "NCI",
                      "id": "C561"
                    },
                    {
                      "dataSource": "NCI_CTRP",
                      "id": "C561"
                    },
                    {
                      "dataSource": "NCI_DCP",
                      "id": "00803"
                    },
                    {
                      "dataSource": "NCI_DTP",
                      "id": "NSC0256857"
                    },
                    {
                      "dataSource": "NCI_FDA",
                      "id": "WK2XYI10QM"
                    },
                    {
                      "dataSource": "NCI_NCI-GLOSS",
                      "id": "CDR0000613511"
                    },
                    {
                      "dataSource": "NDDF",
                      "id": "002377"
                    },
                    {
                      "dataSource": "PDQ",
                      "id": "CDR0000040475"
                    },
                    {
                      "dataSource": "RCD",
                      "id": "x02MO"
                    },
                    {
                      "dataSource": "RXNORM",
                      "id": "5640"
                    },
                    {
                      "dataSource": "SNM",
                      "id": "E-7772"
                    },
                    {
                      "dataSource": "SNMI",
                      "id": "C-603C0"
                    },
                    {
                      "dataSource": "SNOMEDCT_US",
                      "id": "387207008"
                    },
                    {
                      "dataSource": "USP",
                      "id": "m39860"
                    },
                    {
                      "dataSource": "USPMG",
                      "id": "MTHU000060"
                    },
                    {
                      "dataSource": "VANDF",
                      "id": "4017840"
                    }
                  ]
                },
                {
                  "offset": 34,
                  "length": 11,
                  "text": "twice daily",
                  "category": "Frequency",
                  "confidenceScore": 1.0
                }
              ],
              "relations": [
                {
                  "relationType": "DosageOfMedication",
                  "entities": [
                    {
                      "ref": "#/results/documents/1/entities/0",
                      "role": "Dosage"
                    },
                    {
                      "ref": "#/results/documents/1/entities/1",
                      "role": "Medication"
                    }
                  ]
                },
                {
                  "relationType": "FrequencyOfMedication",
                  "entities": [
                    {
                      "ref": "#/results/documents/1/entities/1",
                      "role": "Medication"
                    },
                    {
                      "ref": "#/results/documents/1/entities/2",
                      "role": "Frequency"
                    }
                  ]
                }
              ],
              "warnings": []
            }
          ],
          "errors": [],
          "modelVersion": "2022-03-01"
        }
      }
    }
  ],
  "Variables": {}
}
