{
  "Entries": [
    {
      "RequestUri": "https://endpoint/text/analytics/v3.1/entities/health/jobs?stringIndexType=Utf16CodeUnit",
      "RequestMethod": "POST",
      "RequestHeaders": {
        "Accept": "application/json, text/json",
        "Accept-Encoding": "gzip, deflate, br",
        "Accept-Language": "en-US",
        "Authorization": "Sanitized",
        "Connection": "keep-alive",
        "Content-Length": "103",
        "Content-Type": "application/json",
        "Referer": "http://localhost:9876/",
        "sec-ch-ua": "",
        "sec-ch-ua-mobile": "?0",
        "sec-ch-ua-platform": "",
        "Sec-Fetch-Dest": "empty",
        "Sec-Fetch-Mode": "cors",
        "Sec-Fetch-Site": "same-site",
        "User-Agent": "Mozilla/5.0 (X11; Linux x86_64) AppleWebKit/537.36 (KHTML, like Gecko) HeadlessChrome/103.0.5058.0 Safari/537.36",
        "x-ms-client-request-id": "f9c7b97d-3b0f-4d0f-922d-8194c68bc972",
        "x-ms-useragent": "azsdk-js-ai-textanalytics/5.1.1 azsdk-js-ai-text-analytics/5.1.1 core-rest-pipeline/1.9.1 OS/Linuxx86_64"
      },
      "RequestBody": {
        "documents": [
          {
            "id": "0",
            "text": "\uD83D\uDC69\uD83C\uDFFB\u200D\uD83D\uDC69\uD83C\uDFFD\u200D\uD83D\uDC67\uD83C\uDFFE\u200D\uD83D\uDC66\uD83C\uDFFF ibuprofen",
            "language": "en"
          }
        ]
      },
      "StatusCode": 202,
      "ResponseHeaders": {
        "apim-request-id": "87a0c628-3fe1-4f9e-9e28-25873430b5e7",
        "Date": "Fri, 22 Jul 2022 02:44:52 GMT",
        "operation-location": "https://endpoint/text/analytics/v3.1/entities/health/jobs/6903d417-c4a1-4790-95fc-19c56b6663c0",
        "Strict-Transport-Security": "max-age=31536000; includeSubDomains; preload",
        "Transfer-Encoding": "chunked",
        "X-Content-Type-Options": "nosniff",
        "x-envoy-upstream-service-time": "217"
      },
      "ResponseBody": null
    },
    {
      "RequestUri": "https://endpoint/text/analytics/v3.1/entities/health/jobs/6903d417-c4a1-4790-95fc-19c56b6663c0?$top=20\u0026$skip=0",
      "RequestMethod": "GET",
      "RequestHeaders": {
        "Accept": "application/json, text/json",
        "Accept-Encoding": "gzip, deflate, br",
        "Accept-Language": "en-US",
        "Authorization": "Sanitized",
        "Connection": "keep-alive",
        "Referer": "http://localhost:9876/",
        "sec-ch-ua": "",
        "sec-ch-ua-mobile": "?0",
        "sec-ch-ua-platform": "",
        "Sec-Fetch-Dest": "empty",
        "Sec-Fetch-Mode": "cors",
        "Sec-Fetch-Site": "same-site",
        "User-Agent": "Mozilla/5.0 (X11; Linux x86_64) AppleWebKit/537.36 (KHTML, like Gecko) HeadlessChrome/103.0.5058.0 Safari/537.36",
        "x-ms-client-request-id": "36b25250-f6f0-4f29-8ce2-15369cc88705",
        "x-ms-useragent": "azsdk-js-ai-textanalytics/5.1.1 azsdk-js-ai-text-analytics/5.1.1 core-rest-pipeline/1.9.1 OS/Linuxx86_64"
      },
      "RequestBody": null,
      "StatusCode": 200,
      "ResponseHeaders": {
        "apim-request-id": "92f80a46-db0e-4e50-b103-d200c1ec89fb",
        "Content-Type": "application/json; charset=utf-8",
        "Date": "Fri, 22 Jul 2022 02:44:53 GMT",
        "Strict-Transport-Security": "max-age=31536000; includeSubDomains; preload",
        "Transfer-Encoding": "chunked",
        "X-Content-Type-Options": "nosniff",
        "x-envoy-upstream-service-time": "26"
      },
      "ResponseBody": {
        "jobId": "6903d417-c4a1-4790-95fc-19c56b6663c0",
        "lastUpdateDateTime": "2022-07-22T02:44:53Z",
        "createdDateTime": "2022-07-22T02:44:53Z",
        "expirationDateTime": "2022-07-23T02:44:53Z",
        "status": "succeeded",
        "errors": [],
        "results": {
          "documents": [
            {
              "id": "0",
              "entities": [
                {
                  "offset": 20,
                  "length": 9,
                  "text": "ibuprofen",
                  "category": "MedicationName",
                  "confidenceScore": 0.95,
                  "name": "ibuprofen",
                  "links": [
                    {
                      "dataSource": "UMLS",
                      "id": "C0020740"
                    },
                    {
                      "dataSource": "AOD",
                      "id": "0000019879"
                    },
                    {
                      "dataSource": "ATC",
                      "id": "M01AE01"
                    },
                    {
                      "dataSource": "CCPSS",
                      "id": "0046165"
                    },
                    {
                      "dataSource": "CHV",
                      "id": "0000006519"
                    },
                    {
                      "dataSource": "CSP",
                      "id": "2270-2077"
                    },
                    {
                      "dataSource": "DRUGBANK",
                      "id": "DB01050"
                    },
                    {
                      "dataSource": "GS",
                      "id": "1611"
                    },
                    {
                      "dataSource": "LCH_NW",
                      "id": "sh97005926"
                    },
                    {
                      "dataSource": "LNC",
                      "id": "LP16165-0"
                    },
                    {
                      "dataSource": "MEDCIN",
                      "id": "40458"
                    },
                    {
                      "dataSource": "MMSL",
                      "id": "d00015"
                    },
                    {
                      "dataSource": "MSH",
                      "id": "D007052"
                    },
                    {
                      "dataSource": "MTHSPL",
                      "id": "WK2XYI10QM"
                    },
                    {
                      "dataSource": "NCI",
                      "id": "C561"
                    },
                    {
                      "dataSource": "NCI_CTRP",
                      "id": "C561"
                    },
                    {
                      "dataSource": "NCI_DCP",
                      "id": "00803"
                    },
                    {
                      "dataSource": "NCI_DTP",
                      "id": "NSC0256857"
                    },
                    {
                      "dataSource": "NCI_FDA",
                      "id": "WK2XYI10QM"
                    },
                    {
                      "dataSource": "NCI_NCI-GLOSS",
                      "id": "CDR0000613511"
                    },
                    {
                      "dataSource": "NDDF",
                      "id": "002377"
                    },
                    {
                      "dataSource": "PDQ",
                      "id": "CDR0000040475"
                    },
                    {
                      "dataSource": "RCD",
                      "id": "x02MO"
                    },
                    {
                      "dataSource": "RXNORM",
                      "id": "5640"
                    },
                    {
                      "dataSource": "SNM",
                      "id": "E-7772"
                    },
                    {
                      "dataSource": "SNMI",
                      "id": "C-603C0"
                    },
                    {
                      "dataSource": "SNOMEDCT_US",
                      "id": "387207008"
                    },
                    {
                      "dataSource": "USP",
                      "id": "m39860"
                    },
                    {
                      "dataSource": "USPMG",
                      "id": "MTHU000060"
                    },
                    {
                      "dataSource": "VANDF",
                      "id": "4017840"
                    }
                  ]
                }
              ],
              "relations": [],
              "warnings": []
            }
          ],
          "errors": [],
          "modelVersion": "2022-03-01"
        }
      }
    },
    {
      "RequestUri": "https://endpoint/text/analytics/v3.1/entities/health/jobs/6903d417-c4a1-4790-95fc-19c56b6663c0?$top=20\u0026$skip=0",
      "RequestMethod": "GET",
      "RequestHeaders": {
        "Accept": "application/json, text/json",
        "Accept-Encoding": "gzip, deflate, br",
        "Accept-Language": "en-US",
        "Authorization": "Sanitized",
        "Connection": "keep-alive",
        "Referer": "http://localhost:9876/",
        "sec-ch-ua": "",
        "sec-ch-ua-mobile": "?0",
        "sec-ch-ua-platform": "",
        "Sec-Fetch-Dest": "empty",
        "Sec-Fetch-Mode": "cors",
        "Sec-Fetch-Site": "same-site",
        "User-Agent": "Mozilla/5.0 (X11; Linux x86_64) AppleWebKit/537.36 (KHTML, like Gecko) HeadlessChrome/103.0.5058.0 Safari/537.36",
        "x-ms-client-request-id": "0a444d9d-3476-4031-9ade-a98868cd39ab",
        "x-ms-useragent": "azsdk-js-ai-textanalytics/5.1.1 azsdk-js-ai-text-analytics/5.1.1 core-rest-pipeline/1.9.1 OS/Linuxx86_64"
      },
      "RequestBody": null,
      "StatusCode": 200,
      "ResponseHeaders": {
        "apim-request-id": "24e8323b-6400-480d-b34a-db36ee930c3f",
        "Content-Type": "application/json; charset=utf-8",
        "Date": "Fri, 22 Jul 2022 02:44:53 GMT",
        "Strict-Transport-Security": "max-age=31536000; includeSubDomains; preload",
        "Transfer-Encoding": "chunked",
        "X-Content-Type-Options": "nosniff",
        "x-envoy-upstream-service-time": "24"
      },
      "ResponseBody": {
        "jobId": "6903d417-c4a1-4790-95fc-19c56b6663c0",
        "lastUpdateDateTime": "2022-07-22T02:44:53Z",
        "createdDateTime": "2022-07-22T02:44:53Z",
        "expirationDateTime": "2022-07-23T02:44:53Z",
        "status": "succeeded",
        "errors": [],
        "results": {
          "documents": [
            {
              "id": "0",
              "entities": [
                {
                  "offset": 20,
                  "length": 9,
                  "text": "ibuprofen",
                  "category": "MedicationName",
                  "confidenceScore": 0.95,
                  "name": "ibuprofen",
                  "links": [
                    {
                      "dataSource": "UMLS",
                      "id": "C0020740"
                    },
                    {
                      "dataSource": "AOD",
                      "id": "0000019879"
                    },
                    {
                      "dataSource": "ATC",
                      "id": "M01AE01"
                    },
                    {
                      "dataSource": "CCPSS",
                      "id": "0046165"
                    },
                    {
                      "dataSource": "CHV",
                      "id": "0000006519"
                    },
                    {
                      "dataSource": "CSP",
                      "id": "2270-2077"
                    },
                    {
                      "dataSource": "DRUGBANK",
                      "id": "DB01050"
                    },
                    {
                      "dataSource": "GS",
                      "id": "1611"
                    },
                    {
                      "dataSource": "LCH_NW",
                      "id": "sh97005926"
                    },
                    {
                      "dataSource": "LNC",
                      "id": "LP16165-0"
                    },
                    {
                      "dataSource": "MEDCIN",
                      "id": "40458"
                    },
                    {
                      "dataSource": "MMSL",
                      "id": "d00015"
                    },
                    {
                      "dataSource": "MSH",
                      "id": "D007052"
                    },
                    {
                      "dataSource": "MTHSPL",
                      "id": "WK2XYI10QM"
                    },
                    {
                      "dataSource": "NCI",
                      "id": "C561"
                    },
                    {
                      "dataSource": "NCI_CTRP",
                      "id": "C561"
                    },
                    {
                      "dataSource": "NCI_DCP",
                      "id": "00803"
                    },
                    {
                      "dataSource": "NCI_DTP",
                      "id": "NSC0256857"
                    },
                    {
                      "dataSource": "NCI_FDA",
                      "id": "WK2XYI10QM"
                    },
                    {
                      "dataSource": "NCI_NCI-GLOSS",
                      "id": "CDR0000613511"
                    },
                    {
                      "dataSource": "NDDF",
                      "id": "002377"
                    },
                    {
                      "dataSource": "PDQ",
                      "id": "CDR0000040475"
                    },
                    {
                      "dataSource": "RCD",
                      "id": "x02MO"
                    },
                    {
                      "dataSource": "RXNORM",
                      "id": "5640"
                    },
                    {
                      "dataSource": "SNM",
                      "id": "E-7772"
                    },
                    {
                      "dataSource": "SNMI",
                      "id": "C-603C0"
                    },
                    {
                      "dataSource": "SNOMEDCT_US",
                      "id": "387207008"
                    },
                    {
                      "dataSource": "USP",
                      "id": "m39860"
                    },
                    {
                      "dataSource": "USPMG",
                      "id": "MTHU000060"
                    },
                    {
                      "dataSource": "VANDF",
                      "id": "4017840"
                    }
                  ]
                }
              ],
              "relations": [],
              "warnings": []
            }
          ],
          "errors": [],
          "modelVersion": "2022-03-01"
        }
      }
    }
  ],
  "Variables": {}
}
