{
  "Entries": [
    {
      "RequestUri": "https://endpoint/identities?api-version=2022-06-01",
      "RequestMethod": "POST",
      "RequestHeaders": {
        "Accept": "application/json",
        "Accept-Encoding": "gzip,deflate",
        "Authorization": "Sanitized",
        "Connection": "keep-alive",
        "Content-Length": "34",
        "Content-Type": "application/json",
        "User-Agent": "azsdk-js-communication-identity/1.1.0 core-rest-pipeline/1.8.2 Node/v18.2.0 OS/(x64-Darwin-21.4.0)",
        "x-ms-client-request-id": "e8156506-1cf3-41ad-845d-adfbe7956643",
        "x-ms-content-sha256": "WTRvgEjjVd\u002BbvyKw3WgXgDkU81aV8FWq\u002B4/BE\u002Bhe0\u002BA=",
        "x-ms-date": "Thu, 26 May 2022 07:59:25 GMT"
      },
      "RequestBody": {
        "createTokenWithScopes": [
          "chat"
        ]
      },
      "StatusCode": 201,
      "ResponseHeaders": {
        "api-supported-versions": "2020-07-20-preview2, 2021-02-22-preview1, 2021-03-07, 2021-10-31-preview, 2021-11-01, 2022-06-01",
        "Content-Length": "290",
        "Content-Type": "application/json; charset=utf-8",
        "Date": "Thu, 26 May 2022 07:59:25 GMT",
        "MS-CV": "M8ecXQshpUimsccDq3aoJQ.0",
        "Request-Context": "appId=",
        "Strict-Transport-Security": "max-age=2592000",
        "X-Azure-Ref": "0XTOPYgAAAAD8vCSiiQYlSJJCs/NszaFQUFJHMDFFREdFMDYxNABmMDlhNGMxMy0yMWYxLTQ4ZWMtOWNmNy02NjU0NTY4NGI2NDI=",
        "X-Cache": "CONFIG_NOCACHE",
        "x-ms-client-request-id": "e8156506-1cf3-41ad-845d-adfbe7956643",
        "X-Processing-Time": "44ms"
      },
      "ResponseBody": {
        "identity": {
          "id": "8:acs:a5ba7870-ef05-4e2b-9901-7751faa29e20_00000011-9f42-4aef-88f7-08482200b423"
        },
        "accessToken": {
          "token": "eyJhbGciOiJIUzI1NiIsInR5cCI6IkpXVCJ9.eyJleHAiOjE2NTM1NTU1NjQuODg4fQ==.adM-ddBZZlQ1WlN3pdPBOF5G4Wh9iZpxNP_fSvpF4cWs",
          "expiresOn": "2022-05-27T07:59:25.9595888\u002B00:00"
        }
      }
    },
    {
      "RequestUri": "https://endpoint/identities?api-version=2022-06-01",
      "RequestMethod": "POST",
      "RequestHeaders": {
        "Accept": "application/json",
        "Accept-Encoding": "gzip,deflate",
        "Authorization": "Sanitized",
        "Connection": "keep-alive",
        "Content-Length": "34",
        "Content-Type": "application/json",
        "User-Agent": "azsdk-js-communication-identity/1.1.0 core-rest-pipeline/1.8.2 Node/v18.2.0 OS/(x64-Darwin-21.4.0)",
        "x-ms-client-request-id": "46c6d692-2c06-4f7f-903e-5e9a6c18b37e",
        "x-ms-content-sha256": "WTRvgEjjVd\u002BbvyKw3WgXgDkU81aV8FWq\u002B4/BE\u002Bhe0\u002BA=",
        "x-ms-date": "Thu, 26 May 2022 07:59:25 GMT"
      },
      "RequestBody": {
        "createTokenWithScopes": [
          "chat"
        ]
      },
      "StatusCode": 201,
      "ResponseHeaders": {
        "api-supported-versions": "2020-07-20-preview2, 2021-02-22-preview1, 2021-03-07, 2021-10-31-preview, 2021-11-01, 2022-06-01",
        "Content-Length": "290",
        "Content-Type": "application/json; charset=utf-8",
        "Date": "Thu, 26 May 2022 07:59:26 GMT",
        "MS-CV": "ruts6rasIECVX2Uu9SQoiA.0",
        "Request-Context": "appId=",
        "Strict-Transport-Security": "max-age=2592000",
        "X-Azure-Ref": "0XjOPYgAAAADrd5gCaf\u002BmQZMvrBwWzXC3UFJHMDFFREdFMDYxNABmMDlhNGMxMy0yMWYxLTQ4ZWMtOWNmNy02NjU0NTY4NGI2NDI=",
        "X-Cache": "CONFIG_NOCACHE",
        "x-ms-client-request-id": "46c6d692-2c06-4f7f-903e-5e9a6c18b37e",
        "X-Processing-Time": "1066ms"
      },
      "ResponseBody": {
        "identity": {
          "id": "8:acs:a5ba7870-ef05-4e2b-9901-7751faa29e20_00000011-9f42-4fd8-88f7-08482200b424"
        },
        "accessToken": {
          "token": "eyJhbGciOiJIUzI1NiIsInR5cCI6IkpXVCJ9.eyJleHAiOjE2NTM1NTU1NjQuODg4fQ==.adM-ddBZZlQ1WlN3pdPBOF5G4Wh9iZpxNP_fSvpF4cWs",
          "expiresOn": "2022-05-27T07:59:27.2135038\u002B00:00"
        }
      }
    },
    {
      "RequestUri": "https://endpoint/chat/threads?api-version=2021-09-07",
      "RequestMethod": "POST",
      "RequestHeaders": {
        "Accept": "application/json",
        "Accept-Encoding": "gzip,deflate",
        "Authorization": "Sanitized",
        "Connection": "keep-alive",
        "Content-Length": "497",
        "Content-Type": "application/json",
        "repeatability-request-id": "9d0bb670-b075-47e8-8977-c6b11bf40faa",
        "User-Agent": "azsdk-js-communication-chat/1.2.0 core-rest-pipeline/1.8.2 Node/v18.2.0 OS/(x64-Darwin-21.4.0)",
        "x-ms-client-request-id": "2c2e955f-d322-4a4a-b5fc-b6d86faaa0f7"
      },
      "RequestBody": {
        "topic": "test topic",
        "participants": [
          {
            "communicationIdentifier": {
              "rawId": "8:acs:a5ba7870-ef05-4e2b-9901-7751faa29e20_00000011-9f42-4aef-88f7-08482200b423",
              "communicationUser": {
                "id": "8:acs:a5ba7870-ef05-4e2b-9901-7751faa29e20_00000011-9f42-4aef-88f7-08482200b423"
              }
            }
          },
          {
            "communicationIdentifier": {
              "rawId": "8:acs:a5ba7870-ef05-4e2b-9901-7751faa29e20_00000011-9f42-4fd8-88f7-08482200b424",
              "communicationUser": {
                "id": "8:acs:a5ba7870-ef05-4e2b-9901-7751faa29e20_00000011-9f42-4fd8-88f7-08482200b424"
              }
            }
          }
        ]
      },
      "StatusCode": 201,
      "ResponseHeaders": {
        "api-supported-versions": "2021-03-07, 2021-04-05-preview6, 2021-09-07, 2021-10-01-preview7",
        "Content-Type": "application/json; charset=utf-8",
        "Date": "Thu, 26 May 2022 07:59:27 GMT",
        "Location": "https://endpoint/chat/threads/19%3AZFZyPgSr4MhkDfCnXSa6rKVR00T-pr_H_KFLgkMMCmE1@thread.v2",
        "MS-CV": "e3OzFJGt8EmLcR2brHzjcw.0",
        "Strict-Transport-Security": "max-age=2592000",
        "Transfer-Encoding": "chunked",
        "X-Azure-Ref": "0XzOPYgAAAAAZImR1MPyGQJRa9ykiWJQzUFJHMDFFREdFMDYxNABmMDlhNGMxMy0yMWYxLTQ4ZWMtOWNmNy02NjU0NTY4NGI2NDI=",
        "X-Cache": "CONFIG_NOCACHE",
        "X-Processing-Time": "834ms"
      },
      "ResponseBody": {
        "chatThread": {
          "id": "19:ZFZyPgSr4MhkDfCnXSa6rKVR00T-pr_H_KFLgkMMCmE1@thread.v2",
          "topic": "test topic",
          "createdOn": "2022-05-26T07:59:28Z",
          "createdByCommunicationIdentifier": {
            "rawId": "8:acs:a5ba7870-ef05-4e2b-9901-7751faa29e20_00000011-9f42-4aef-88f7-08482200b423",
            "communicationUser": {
              "id": "8:acs:a5ba7870-ef05-4e2b-9901-7751faa29e20_00000011-9f42-4aef-88f7-08482200b423"
            }
          }
        }
      }
    }
  ],
  "Variables": {}
}
