{
  "Entries": [
    {
      "RequestUri": "https://endpoint/sip?api-version=2023-03-01",
      "RequestMethod": "GET",
      "RequestHeaders": {
        "Accept": "application/json",
        "Accept-Encoding": "gzip,deflate",
        "Authorization": "Sanitized",
        "Connection": "keep-alive",
        "User-Agent": "azsdk-js-communication-phone-numbers/1.2.1 core-rest-pipeline/1.12.3 Node/v18.18.0 OS/(x64-Windows_NT-10.0.22621)",
        "x-ms-client-request-id": "sanitized",
        "x-ms-content-sha256": "47DEQpj8HBSa\u002B/TImW\u002B5JCeuQeRkm5NMpJWZG3hSuFU=",
        "x-ms-date": "Mon, 13 Nov 2023 13:14:07 GMT",
        "x-ms-useragent": "acs-test"
      },
      "RequestBody": null,
      "StatusCode": 200,
      "ResponseHeaders": {
        "api-supported-versions": "2023-03-01, 2023-04-01-preview",
        "Content-Length": "108",
        "Content-Type": "application/json; charset=utf-8",
        "Date": "Mon, 13 Nov 2023 13:14:09 GMT",
        "MS-CV": "EbCnTcKVKkmenA/MeTWw4w.0",
        "Strict-Transport-Security": "max-age=2592000",
        "X-Azure-Ref": "0ICFSZQAAAAD4x2UVBp7ER44YgzGsuzADUFJHMDFFREdFMDkxMAA5ZmM3YjUxOS1hOGNjLTRmODktOTM1ZS1jOTE0OGFlMDllODE=",
        "X-Cache": "CONFIG_NOCACHE",
        "X-Processing-Time": "201ms"
      },
      "ResponseBody": {
        "trunks": {
          "test4cc15756ee714f9bbdee2b8ee56f0c33.sanitized.sbc.test": {
            "sipSignalingPort": 5678
          }
        },
        "routes": []
      }
    },
    {
      "RequestUri": "https://endpoint/sip?api-version=2023-03-01",
      "RequestMethod": "PATCH",
      "RequestHeaders": {
        "Accept": "application/json",
        "Accept-Encoding": "gzip,deflate",
        "Authorization": "Sanitized",
        "Connection": "keep-alive",
        "Content-Length": "243",
        "Content-Type": "application/merge-patch\u002Bjson",
        "User-Agent": "azsdk-js-communication-phone-numbers/1.2.1 core-rest-pipeline/1.12.3 Node/v18.18.0 OS/(x64-Windows_NT-10.0.22621)",
        "x-ms-client-request-id": "sanitized",
        "x-ms-content-sha256": "ujnQ7eHBRsaIgddiRRa71pWauQ01eSEfvoicNYwUWkg=",
        "x-ms-date": "Mon, 13 Nov 2023 13:14:08 GMT",
        "x-ms-useragent": "acs-test"
      },
      "RequestBody": {
        "trunks": {
          "teste3ac0c7f3a4949e69a25b56de6c2983d.sanitized.sbc.test": {
            "sipSignalingPort": 8239
          },
          "test189fb872029e47d79d1d1a56ba7c937e.sanitized.sbc.test": {
            "sipSignalingPort": 7348
          },
          "test4cc15756ee714f9bbdee2b8ee56f0c33.sanitized.sbc.test": null
        }
      },
      "StatusCode": 200,
      "ResponseHeaders": {
        "api-supported-versions": "2023-03-01, 2023-04-01-preview",
        "Content-Length": "192",
        "Content-Type": "application/json; charset=utf-8",
        "Date": "Mon, 13 Nov 2023 13:14:10 GMT",
        "MS-CV": "Pv2UQ5qjN0usPj0yjXUufg.0",
        "Strict-Transport-Security": "max-age=2592000",
        "X-Azure-Ref": "0ISFSZQAAAADughSrTqhNT7n3IKRgmulfUFJHMDFFREdFMDkxMAA5ZmM3YjUxOS1hOGNjLTRmODktOTM1ZS1jOTE0OGFlMDllODE=",
        "X-Cache": "CONFIG_NOCACHE",
        "X-Processing-Time": "917ms"
      },
      "ResponseBody": {
        "trunks": {
          "teste3ac0c7f3a4949e69a25b56de6c2983d.sanitized.sbc.test": {
            "sipSignalingPort": 8239
          },
          "test189fb872029e47d79d1d1a56ba7c937e.sanitized.sbc.test": {
            "sipSignalingPort": 7348
          }
        },
        "routes": []
      }
    },
    {
      "RequestUri": "https://endpoint/sip?api-version=2023-03-01",
      "RequestMethod": "PATCH",
      "RequestHeaders": {
        "Accept": "application/json",
        "Accept-Encoding": "gzip,deflate",
        "Authorization": "Sanitized",
        "Connection": "keep-alive",
        "Content-Length": "224",
        "Content-Type": "application/merge-patch\u002Bjson",
        "User-Agent": "azsdk-js-communication-phone-numbers/1.2.1 core-rest-pipeline/1.12.3 Node/v18.18.0 OS/(x64-Windows_NT-10.0.22621)",
        "x-ms-client-request-id": "sanitized",
        "x-ms-content-sha256": "NoW\u002B9Mv8QF7DKeN7ghC4UN4NEkZz2OvkxZ\u002BLxwjS00E=",
        "x-ms-date": "Mon, 13 Nov 2023 13:14:09 GMT",
        "x-ms-useragent": "acs-test"
      },
      "RequestBody": {
        "routes": [
          {
            "name": "invalidDuplicatedRoutingTrunksRoute",
            "numberPattern": "^\u002B[1-9][0-9]{3,23}$",
            "trunks": [
              "teste3ac0c7f3a4949e69a25b56de6c2983d.sanitized.sbc.test",
              "teste3ac0c7f3a4949e69a25b56de6c2983d.sanitized.sbc.test"
            ]
          }
        ]
      },
      "StatusCode": 400,
      "ResponseHeaders": {
        "Content-Type": "application/json",
        "Date": "Mon, 13 Nov 2023 13:14:10 GMT",
        "MS-CV": "NtEnzXaAcUqcBzSyX8ZIZw.0",
        "Strict-Transport-Security": "max-age=2592000",
        "Transfer-Encoding": "chunked",
        "X-Azure-Ref": "0IiFSZQAAAADrJbOUZgrWQ6LFNHMBzOu8UFJHMDFFREdFMDkxMAA5ZmM3YjUxOS1hOGNjLTRmODktOTM1ZS1jOTE0OGFlMDllODE=",
        "X-Cache": "CONFIG_NOCACHE",
        "X-Processing-Time": "4ms"
      },
      "ResponseBody": {
        "error": {
          "code": "UnprocessableConfiguration",
          "message": "One or more request inputs are not valid.",
          "innererror": {
            "code": "RouteWithDuplicatedTrunk",
            "message": "There is a duplicated trunk in a route."
          }
        }
      }
    },
    {
      "RequestUri": "https://endpoint/sip?api-version=2023-03-01",
      "RequestMethod": "GET",
      "RequestHeaders": {
        "Accept": "application/json",
        "Accept-Encoding": "gzip,deflate",
        "Authorization": "Sanitized",
        "Connection": "keep-alive",
        "User-Agent": "azsdk-js-communication-phone-numbers/1.2.1 core-rest-pipeline/1.12.3 Node/v18.18.0 OS/(x64-Windows_NT-10.0.22621)",
        "x-ms-client-request-id": "sanitized",
        "x-ms-content-sha256": "47DEQpj8HBSa\u002B/TImW\u002B5JCeuQeRkm5NMpJWZG3hSuFU=",
        "x-ms-date": "Mon, 13 Nov 2023 13:14:09 GMT",
        "x-ms-useragent": "acs-test"
      },
      "RequestBody": null,
      "StatusCode": 200,
      "ResponseHeaders": {
        "api-supported-versions": "2023-03-01, 2023-04-01-preview",
        "Content-Length": "192",
        "Content-Type": "application/json; charset=utf-8",
        "Date": "Mon, 13 Nov 2023 13:14:10 GMT",
        "MS-CV": "X\u002BXIIBppiUyYQTOr2FYF0A.0",
        "Strict-Transport-Security": "max-age=2592000",
        "X-Azure-Ref": "0IiFSZQAAAAC6JHX\u002B0X2sQJHn0PoVTiYEUFJHMDFFREdFMDkxMAA5ZmM3YjUxOS1hOGNjLTRmODktOTM1ZS1jOTE0OGFlMDllODE=",
        "X-Cache": "CONFIG_NOCACHE",
        "X-Processing-Time": "190ms"
      },
      "ResponseBody": {
        "trunks": {
          "teste3ac0c7f3a4949e69a25b56de6c2983d.sanitized.sbc.test": {
            "sipSignalingPort": 8239
          },
          "test189fb872029e47d79d1d1a56ba7c937e.sanitized.sbc.test": {
            "sipSignalingPort": 7348
          }
        },
        "routes": []
      }
    }
  ],
  "Variables": {
    "fqdn-1": "teste3ac0c7f3a4949e69a25b56de6c2983d.sanitized.sbc.test",
    "fqdn-2": "test189fb872029e47d79d1d1a56ba7c937e.sanitized.sbc.test"
  }
}
