{
  "Entries": [
    {
      "RequestUri": "https://endpoint/sip?api-version=2021-05-01-preview",
      "RequestMethod": "PATCH",
      "RequestHeaders": {
        "Accept": "application/json",
        "Accept-Encoding": "gzip,deflate",
        "Authorization": "Sanitized",
        "Connection": "keep-alive",
        "Content-Length": "53",
        "Content-Type": "application/merge-patch\u002Bjson",
        "User-Agent": "azsdk-js-communication-phone-numbers/1.2.0-beta.3 core-rest-pipeline/1.9.1 Node/v16.14.0 OS/(x64-Windows_NT-10.0.22000)",
        "x-ms-client-request-id": "sanitized",
        "x-ms-content-sha256": "yEjbsHeewYCJGcPO9Wijo1x6ky09jwhw71yNVvx8rKg=",
        "x-ms-date": "Tue, 06 Sep 2022 11:56:25 GMT"
      },
      "RequestBody": {
        "trunks": {
          "111.fqdn.com": {
            "sipSignalingPort": 5678
          }
        }
      },
      "StatusCode": 200,
      "ResponseHeaders": {
        "api-supported-versions": "2021-05-01-preview, 2022-09-01-preview",
        "Content-Type": "application/json; charset=utf-8",
        "Date": "Tue, 06 Sep 2022 11:56:26 GMT",
        "MS-CV": "qMDSQYJ/5UyklJMECT9zKA.0",
        "Strict-Transport-Security": "max-age=2592000",
        "Transfer-Encoding": "chunked",
        "X-Azure-Ref": "0aTUXYwAAAACufgUfaPDmSKvQFFalzL9TUFJHMDFFREdFMDkxMQA5ZmM3YjUxOS1hOGNjLTRmODktOTM1ZS1jOTE0OGFlMDllODE=",
        "X-Cache": "CONFIG_NOCACHE",
        "X-Processing-Time": "767ms"
      },
      "ResponseBody": {
        "trunks": {
          "11.fqdn.com": {
            "sipSignalingPort": 1239
          },
          "22.fqdn.com": {
            "sipSignalingPort": 2348
          },
          "33.fqdn.com": {
            "sipSignalingPort": 3457
          },
          "111.fqdn.com": {
            "sipSignalingPort": 5678
          }
        },
        "routes": [
          {
            "description": "myFirstRoute\u0027s description",
            "name": "myFirstRoute",
            "numberPattern": "^.*$",
            "trunks": []
          },
          {
            "description": "ALTERED mySecondRoute\u0027s description",
            "name": "mySecondRoute",
            "numberPattern": "^\u002B[1-9][0-9]{3,23}$",
            "trunks": []
          },
          {
            "description": "desc",
            "name": "myThirdRoute",
            "numberPattern": "^\u002B[1-9][0-9]{3,23}$",
            "trunks": []
          }
        ]
      }
    },
    {
      "RequestUri": "https://endpoint/sip?api-version=2021-05-01-preview",
      "RequestMethod": "PATCH",
      "RequestHeaders": {
        "Accept": "application/json",
        "Accept-Encoding": "gzip,deflate",
        "Authorization": "Sanitized",
        "Connection": "keep-alive",
        "Content-Length": "143",
        "Content-Type": "application/merge-patch\u002Bjson",
        "User-Agent": "azsdk-js-communication-phone-numbers/1.2.0-beta.3 core-rest-pipeline/1.9.1 Node/v16.14.0 OS/(x64-Windows_NT-10.0.22000)",
        "x-ms-client-request-id": "sanitized",
        "x-ms-content-sha256": "wTuRolUqYnH92kwKtUFb9wj/n/t3Sez8ckjvQ8d5W8U=",
        "x-ms-date": "Tue, 06 Sep 2022 11:56:26 GMT"
      },
      "RequestBody": {
        "routes": [
          {
            "description": "myFirstRoute\u0027s description",
            "name": "myFirstRoute",
            "numberPattern": "^\u002B[1-9][0-9]{3,23}$",
            "trunks": [
              "111.fqdn.com"
            ]
          }
        ]
      },
      "StatusCode": 200,
      "ResponseHeaders": {
        "api-supported-versions": "2021-05-01-preview, 2022-09-01-preview",
        "Content-Type": "application/json; charset=utf-8",
        "Date": "Tue, 06 Sep 2022 11:56:26 GMT",
        "MS-CV": "RCeSBtJ9IUSBqH\u002BaNlmLOA.0",
        "Strict-Transport-Security": "max-age=2592000",
        "Transfer-Encoding": "chunked",
        "X-Azure-Ref": "0ajUXYwAAAABN2/GG6hzoQrLAGyfmLp5WUFJHMDFFREdFMDkxMQA5ZmM3YjUxOS1hOGNjLTRmODktOTM1ZS1jOTE0OGFlMDllODE=",
        "X-Cache": "CONFIG_NOCACHE",
        "X-Processing-Time": "195ms"
      },
      "ResponseBody": {
        "trunks": {
          "11.fqdn.com": {
            "sipSignalingPort": 1239
          },
          "22.fqdn.com": {
            "sipSignalingPort": 2348
          },
          "33.fqdn.com": {
            "sipSignalingPort": 3457
          },
          "111.fqdn.com": {
            "sipSignalingPort": 5678
          }
        },
        "routes": [
          {
            "description": "myFirstRoute\u0027s description",
            "name": "myFirstRoute",
            "numberPattern": "^\u002B[1-9][0-9]{3,23}$",
            "trunks": [
              "111.fqdn.com"
            ]
          }
        ]
      }
    },
    {
      "RequestUri": "https://endpoint/sip?api-version=2021-05-01-preview",
      "RequestMethod": "GET",
      "RequestHeaders": {
        "Accept": "application/json",
        "Accept-Encoding": "gzip,deflate",
        "Authorization": "Sanitized",
        "Connection": "keep-alive",
        "User-Agent": "azsdk-js-communication-phone-numbers/1.2.0-beta.3 core-rest-pipeline/1.9.1 Node/v16.14.0 OS/(x64-Windows_NT-10.0.22000)",
        "x-ms-client-request-id": "sanitized",
        "x-ms-content-sha256": "47DEQpj8HBSa\u002B/TImW\u002B5JCeuQeRkm5NMpJWZG3hSuFU=",
        "x-ms-date": "Tue, 06 Sep 2022 11:56:26 GMT"
      },
      "RequestBody": null,
      "StatusCode": 200,
      "ResponseHeaders": {
        "api-supported-versions": "2021-05-01-preview, 2022-09-01-preview",
        "Content-Type": "application/json; charset=utf-8",
        "Date": "Tue, 06 Sep 2022 11:56:27 GMT",
        "MS-CV": "Ve02\u002BVfuwE2QyJVs7X561g.0",
        "Strict-Transport-Security": "max-age=2592000",
        "Transfer-Encoding": "chunked",
        "X-Azure-Ref": "0ajUXYwAAAAB55jqnUJ1ISqbNoHvBOE7aUFJHMDFFREdFMDkxMQA5ZmM3YjUxOS1hOGNjLTRmODktOTM1ZS1jOTE0OGFlMDllODE=",
        "X-Cache": "CONFIG_NOCACHE",
        "X-Processing-Time": "192ms"
      },
      "ResponseBody": {
        "trunks": {
          "11.fqdn.com": {
            "sipSignalingPort": 1239
          },
          "22.fqdn.com": {
            "sipSignalingPort": 2348
          },
          "33.fqdn.com": {
            "sipSignalingPort": 3457
          },
          "111.fqdn.com": {
            "sipSignalingPort": 5678
          }
        },
        "routes": [
          {
            "description": "myFirstRoute\u0027s description",
            "name": "myFirstRoute",
            "numberPattern": "^\u002B[1-9][0-9]{3,23}$",
            "trunks": [
              "111.fqdn.com"
            ]
          }
        ]
      }
    }
  ],
  "Variables": {}
}
