{
  "Entries": [
    {
      "RequestUri": "https://keyvault_name.vault.azure.net/certificates/CRUDCertificateName-candeleteacertificate-/create?api-version=7.4-preview.1",
      "RequestMethod": "POST",
      "RequestHeaders": {
        "Accept": "application/json",
        "Accept-Encoding": "gzip,deflate",
        "Connection": "keep-alive",
        "Content-Length": "0",
        "Content-Type": "application/json",
        "User-Agent": "azsdk-js-keyvault-certificates/4.7.0-beta.1 core-rest-pipeline/1.10.1 Node/v16.15.1 OS/(x64-Linux-5.10.102.1-microsoft-standard-WSL2)",
        "x-ms-client-request-id": "fe9c15d4-7e1b-42b9-8050-c4823e5f99fe"
      },
      "RequestBody": null,
      "StatusCode": 401,
      "ResponseHeaders": {
        "Cache-Control": "no-cache",
        "Content-Length": "97",
        "Content-Type": "application/json; charset=utf-8",
        "Date": "Mon, 14 Nov 2022 17:58:03 GMT",
        "Expires": "-1",
        "Pragma": "no-cache",
        "Strict-Transport-Security": "max-age=31536000;includeSubDomains",
        "WWW-Authenticate": "Bearer authorization=\u0022https://login.windows.net/12345678-1234-1234-1234-123456789012\u0022, resource=\u0022https://vault.azure.net\u0022",
        "X-Content-Type-Options": "nosniff",
        "x-ms-client-request-id": "fe9c15d4-7e1b-42b9-8050-c4823e5f99fe",
        "x-ms-keyvault-network-info": "conn_type=Ipv4;addr=167.220.80.222;act_addr_fam=InterNetwork;",
        "x-ms-keyvault-region": "westus",
        "x-ms-keyvault-service-version": "1.9.576.1",
        "x-ms-request-id": "fa76438b-89c1-42a1-90b6-2606f0defe71"
      },
      "ResponseBody": {
        "error": {
          "code": "Unauthorized",
          "message": "AKV10000: Request is missing a Bearer or PoP token."
        }
      }
    },
    {
      "RequestUri": "https://keyvault_name.vault.azure.net/certificates/CRUDCertificateName-candeleteacertificate-/create?api-version=7.4-preview.1",
      "RequestMethod": "POST",
      "RequestHeaders": {
        "Accept": "application/json",
        "Accept-Encoding": "gzip,deflate",
        "Authorization": "Sanitized",
        "Connection": "keep-alive",
        "Content-Length": "149",
        "Content-Type": "application/json",
        "User-Agent": "azsdk-js-keyvault-certificates/4.7.0-beta.1 core-rest-pipeline/1.10.1 Node/v16.15.1 OS/(x64-Linux-5.10.102.1-microsoft-standard-WSL2)",
        "x-ms-client-request-id": "fe9c15d4-7e1b-42b9-8050-c4823e5f99fe"
      },
      "RequestBody": {
        "policy": {
          "key_props": {},
          "secret_props": {},
          "x509_props": {
            "subject": "cn=MyCert",
            "sans": {}
          },
          "issuer": {
            "name": "Self"
          },
          "attributes": {}
        },
        "attributes": {}
      },
      "StatusCode": 202,
      "ResponseHeaders": {
        "Cache-Control": "no-cache",
        "Content-Length": "1313",
        "Content-Type": "application/json; charset=utf-8",
        "Date": "Mon, 14 Nov 2022 17:58:04 GMT",
        "Expires": "-1",
        "Location": "https://keyvault_name.vault.azure.net/certificates/CRUDCertificateName-candeleteacertificate-/pending?api-version=7.4-preview.1\u0026request_id=8f76486f3d79427580f08dcd4b5d1bf0",
        "Pragma": "no-cache",
        "Retry-After": "10",
        "Strict-Transport-Security": "max-age=31536000;includeSubDomains",
        "X-Content-Type-Options": "nosniff",
        "x-ms-client-request-id": "fe9c15d4-7e1b-42b9-8050-c4823e5f99fe",
        "x-ms-keyvault-network-info": "conn_type=Ipv4;addr=167.220.80.222;act_addr_fam=InterNetwork;",
        "x-ms-keyvault-rbac-assignment-id": "11b60d6c-8980-5d26-b0d4-b20d478eb273",
        "x-ms-keyvault-rbac-cache": "ra_age=53;da_age=53;rd_age=53;brd_age=9198;ra_notif_age=497;dec_lev=1;",
        "x-ms-keyvault-region": "westus",
        "x-ms-keyvault-service-version": "1.9.576.1",
        "x-ms-request-id": "05b3c3df-9ba6-4965-9edd-8c9f592a8508"
      },
      "ResponseBody": {
        "id": "https://keyvault_name.vault.azure.net/certificates/CRUDCertificateName-candeleteacertificate-/pending",
        "issuer": {
          "name": "Self"
        },
        "csr": "MIICoTCCAYkCAQAwETEPMA0GA1UEAxMGTXlDZXJ0MIIBIjANBgkqhkiG9w0BAQEFAAOCAQ8AMIIBCgKCAQEAuQ8x4YbN\u002BzHJ7sklAjgpB3n8Edo/oUY921TbCY1a/zeML8dWv4PrUkF7q6aFOreyXjiD0MP3JmprAYn9wX5lJgM\u002BBwX8JzFspXn\u002BCxoZWklaWCe0qXtSgixY2dyv0BI\u002BAIGG/xqDXEk\u002BIz\u002BcYJWipkduBWK4Ve3wgoVohnlYLVO5sEIQF2bOU0ktONtu2rbVyQ6joaZwteYmky6gJQ0A4qcSQRMkaMdfZyr9Uij2LDvrz3Baur8K0S2uMF1DaX7E9XmpspL642ccy6N5H7Qzep4gU7xDgJTCLWGkYsbiVprTRQIpdikT6rbuWhYal/hmNOX3Txb90qPccmk5hK2zsQIDAQABoEswSQYJKoZIhvcNAQkOMTwwOjAOBgNVHQ8BAf8EBAMCBaAwHQYDVR0lBBYwFAYIKwYBBQUHAwEGCCsGAQUFBwMCMAkGA1UdEwQCMAAwDQYJKoZIhvcNAQELBQADggEBADIhkC6v1Hlf3\u002BXM2Fc5PTmmJnmOoClEgq163jI/UQY\u002Ba/Fe6wOcStpD69ONhhwfYMUdBvnGlEoInlJytn6IRbZxCTxoEEvbIeQNfv4xB9640BGnJZue2nnU5uKVeVjNo18UGnxejEBel0Tq7eyBe5qJqBKp0/atHwjF2H/D/\u002BOnJdzaZCBYCgyHAzL5Q8oC6FIV44kasc1jYtu8PwxaR3AWBvLZJX8C\u002BAkVtyrRNDIN0uFmLZPAkoPooH4CAsNc2RosNDXoq/wYjZVlcmt7ftBtutJA4cbF9JO0ykjFEhi62oMpcZJ1QNm/4csY/cKC4ErgohCEYdnreP5aDOmtzy8=",
        "cancellation_requested": false,
        "status": "inProgress",
        "status_details": "Pending certificate created. Certificate request is in progress. This may take some time based on the issuer provider. Please check again later.",
        "request_id": "8f76486f3d79427580f08dcd4b5d1bf0"
      }
    },
    {
      "RequestUri": "https://keyvault_name.vault.azure.net/certificates/CRUDCertificateName-candeleteacertificate-/pending?api-version=7.4-preview.1",
      "RequestMethod": "GET",
      "RequestHeaders": {
        "Accept": "application/json",
        "Accept-Encoding": "gzip,deflate",
        "Authorization": "Sanitized",
        "Connection": "keep-alive",
        "User-Agent": "azsdk-js-keyvault-certificates/4.7.0-beta.1 core-rest-pipeline/1.10.1 Node/v16.15.1 OS/(x64-Linux-5.10.102.1-microsoft-standard-WSL2)",
        "x-ms-client-request-id": "b82405dd-c8e5-437a-be23-41b0ca9ebc5f"
      },
      "RequestBody": null,
      "StatusCode": 200,
      "ResponseHeaders": {
        "Cache-Control": "no-cache",
        "Content-Length": "1313",
        "Content-Type": "application/json; charset=utf-8",
        "Date": "Mon, 14 Nov 2022 17:58:04 GMT",
        "Expires": "-1",
        "Pragma": "no-cache",
        "Retry-After": "10",
        "Strict-Transport-Security": "max-age=31536000;includeSubDomains",
        "X-Content-Type-Options": "nosniff",
        "x-ms-client-request-id": "b82405dd-c8e5-437a-be23-41b0ca9ebc5f",
        "x-ms-keyvault-network-info": "conn_type=Ipv4;addr=167.220.80.222;act_addr_fam=InterNetwork;",
        "x-ms-keyvault-rbac-assignment-id": "11b60d6c-8980-5d26-b0d4-b20d478eb273",
        "x-ms-keyvault-rbac-cache": "ra_age=54;da_age=54;rd_age=54;brd_age=9199;ra_notif_age=497;dec_lev=0;",
        "x-ms-keyvault-region": "westus",
        "x-ms-keyvault-service-version": "1.9.576.1",
        "x-ms-request-id": "7c367196-0251-47b4-b538-15b44d8dd620"
      },
      "ResponseBody": {
        "id": "https://keyvault_name.vault.azure.net/certificates/CRUDCertificateName-candeleteacertificate-/pending",
        "issuer": {
          "name": "Self"
        },
        "csr": "MIICoTCCAYkCAQAwETEPMA0GA1UEAxMGTXlDZXJ0MIIBIjANBgkqhkiG9w0BAQEFAAOCAQ8AMIIBCgKCAQEAuQ8x4YbN\u002BzHJ7sklAjgpB3n8Edo/oUY921TbCY1a/zeML8dWv4PrUkF7q6aFOreyXjiD0MP3JmprAYn9wX5lJgM\u002BBwX8JzFspXn\u002BCxoZWklaWCe0qXtSgixY2dyv0BI\u002BAIGG/xqDXEk\u002BIz\u002BcYJWipkduBWK4Ve3wgoVohnlYLVO5sEIQF2bOU0ktONtu2rbVyQ6joaZwteYmky6gJQ0A4qcSQRMkaMdfZyr9Uij2LDvrz3Baur8K0S2uMF1DaX7E9XmpspL642ccy6N5H7Qzep4gU7xDgJTCLWGkYsbiVprTRQIpdikT6rbuWhYal/hmNOX3Txb90qPccmk5hK2zsQIDAQABoEswSQYJKoZIhvcNAQkOMTwwOjAOBgNVHQ8BAf8EBAMCBaAwHQYDVR0lBBYwFAYIKwYBBQUHAwEGCCsGAQUFBwMCMAkGA1UdEwQCMAAwDQYJKoZIhvcNAQELBQADggEBADIhkC6v1Hlf3\u002BXM2Fc5PTmmJnmOoClEgq163jI/UQY\u002Ba/Fe6wOcStpD69ONhhwfYMUdBvnGlEoInlJytn6IRbZxCTxoEEvbIeQNfv4xB9640BGnJZue2nnU5uKVeVjNo18UGnxejEBel0Tq7eyBe5qJqBKp0/atHwjF2H/D/\u002BOnJdzaZCBYCgyHAzL5Q8oC6FIV44kasc1jYtu8PwxaR3AWBvLZJX8C\u002BAkVtyrRNDIN0uFmLZPAkoPooH4CAsNc2RosNDXoq/wYjZVlcmt7ftBtutJA4cbF9JO0ykjFEhi62oMpcZJ1QNm/4csY/cKC4ErgohCEYdnreP5aDOmtzy8=",
        "cancellation_requested": false,
        "status": "inProgress",
        "status_details": "Pending certificate created. Certificate request is in progress. This may take some time based on the issuer provider. Please check again later.",
        "request_id": "8f76486f3d79427580f08dcd4b5d1bf0"
      }
    },
    {
      "RequestUri": "https://keyvault_name.vault.azure.net/certificates/CRUDCertificateName-candeleteacertificate-?api-version=7.4-preview.1",
      "RequestMethod": "DELETE",
      "RequestHeaders": {
        "Accept": "application/json",
        "Accept-Encoding": "gzip,deflate",
        "Authorization": "Sanitized",
        "Connection": "keep-alive",
        "User-Agent": "azsdk-js-keyvault-certificates/4.7.0-beta.1 core-rest-pipeline/1.10.1 Node/v16.15.1 OS/(x64-Linux-5.10.102.1-microsoft-standard-WSL2)",
        "x-ms-client-request-id": "a19f0afd-fde9-441e-9858-e14fcd5c0944"
      },
      "RequestBody": null,
      "StatusCode": 200,
      "ResponseHeaders": {
        "Cache-Control": "no-cache",
        "Content-Length": "1252",
        "Content-Type": "application/json; charset=utf-8",
        "Date": "Mon, 14 Nov 2022 17:58:04 GMT",
        "Expires": "-1",
        "Pragma": "no-cache",
        "Strict-Transport-Security": "max-age=31536000;includeSubDomains",
        "X-Content-Type-Options": "nosniff",
        "x-ms-client-request-id": "a19f0afd-fde9-441e-9858-e14fcd5c0944",
        "x-ms-keyvault-network-info": "conn_type=Ipv4;addr=167.220.80.222;act_addr_fam=InterNetwork;",
        "x-ms-keyvault-rbac-assignment-id": "11b60d6c-8980-5d26-b0d4-b20d478eb273",
        "x-ms-keyvault-rbac-cache": "ra_age=54;da_age=54;rd_age=54;brd_age=9199;ra_notif_age=497;dec_lev=1;",
        "x-ms-keyvault-region": "westus",
        "x-ms-keyvault-service-version": "1.9.576.1",
        "x-ms-request-id": "dda2a949-4b5a-4d5d-b8a7-8972c66a55b1"
      },
      "ResponseBody": {
        "recoveryId": "https://keyvault_name.vault.azure.net/deletedcertificates/CRUDCertificateName-candeleteacertificate-",
        "deletedDate": 1668448684,
        "scheduledPurgeDate": 1669053484,
        "id": "https://keyvault_name.vault.azure.net/certificates/CRUDCertificateName-candeleteacertificate-/7139a3337c71447c834ae10ad59e8b85",
        "attributes": {
          "enabled": false,
          "nbf": 1668448084,
          "exp": 1699984684,
          "created": 1668448684,
          "updated": 1668448684,
          "recoveryLevel": "CustomizedRecoverable\u002BPurgeable",
          "recoverableDays": 7
        },
        "policy": {
          "id": "https://keyvault_name.vault.azure.net/certificates/CRUDCertificateName-candeleteacertificate-/policy",
          "key_props": {
            "exportable": true,
            "kty": "RSA",
            "key_size": 2048,
            "reuse_key": false
          },
          "secret_props": {
            "contentType": "application/x-pkcs12"
          },
          "x509_props": {
            "subject": "cn=MyCert",
            "sans": {},
            "ekus": [
              "1.3.6.1.5.5.7.3.1",
              "1.3.6.1.5.5.7.3.2"
            ],
            "key_usage": [
              "digitalSignature",
              "keyEncipherment"
            ],
            "validity_months": 12,
            "basic_constraints": {
              "ca": false
            }
          },
          "lifetime_actions": [
            {
              "trigger": {
                "lifetime_percentage": 80
              },
              "action": {
                "action_type": "AutoRenew"
              }
            }
          ],
          "issuer": {
            "name": "Self"
          },
          "attributes": {
            "enabled": true,
            "created": 1668448684,
            "updated": 1668448684
          }
        },
        "pending": {
          "id": "https://keyvault_name.vault.azure.net/certificates/CRUDCertificateName-candeleteacertificate-/pending"
        }
      }
    },
    {
      "RequestUri": "https://keyvault_name.vault.azure.net/deletedcertificates/CRUDCertificateName-candeleteacertificate-?api-version=7.4-preview.1",
      "RequestMethod": "GET",
      "RequestHeaders": {
        "Accept": "application/json",
        "Accept-Encoding": "gzip,deflate",
        "Authorization": "Sanitized",
        "Connection": "keep-alive",
        "User-Agent": "azsdk-js-keyvault-certificates/4.7.0-beta.1 core-rest-pipeline/1.10.1 Node/v16.15.1 OS/(x64-Linux-5.10.102.1-microsoft-standard-WSL2)",
        "x-ms-client-request-id": "4d3b42b3-2eb2-412c-8f58-fb4804398d1e"
      },
      "RequestBody": null,
      "StatusCode": 404,
      "ResponseHeaders": {
        "Cache-Control": "no-cache",
        "Content-Length": "126",
        "Content-Type": "application/json; charset=utf-8",
        "Date": "Mon, 14 Nov 2022 17:58:04 GMT",
        "Expires": "-1",
        "Pragma": "no-cache",
        "Strict-Transport-Security": "max-age=31536000;includeSubDomains",
        "X-Content-Type-Options": "nosniff",
        "x-ms-client-request-id": "4d3b42b3-2eb2-412c-8f58-fb4804398d1e",
        "x-ms-keyvault-network-info": "conn_type=Ipv4;addr=167.220.80.222;act_addr_fam=InterNetwork;",
        "x-ms-keyvault-rbac-assignment-id": "11b60d6c-8980-5d26-b0d4-b20d478eb273",
        "x-ms-keyvault-rbac-cache": "ra_age=54;da_age=54;rd_age=54;brd_age=9199;ra_notif_age=497;dec_lev=1;",
        "x-ms-keyvault-region": "westus",
        "x-ms-keyvault-service-version": "1.9.576.1",
        "x-ms-request-id": "d8825aa4-8bc5-4a65-bf1e-7c09d3222012"
      },
      "ResponseBody": {
        "error": {
          "code": "CertificateNotFound",
          "message": "Deleted Certificate not found: CRUDCertificateName-candeleteacertificate-"
        }
      }
    },
    {
      "RequestUri": "https://keyvault_name.vault.azure.net/certificates/CRUDCertificateName-candeleteacertificate-/?api-version=7.4-preview.1",
      "RequestMethod": "GET",
      "RequestHeaders": {
        "Accept": "application/json",
        "Accept-Encoding": "gzip,deflate",
        "Authorization": "Sanitized",
        "Connection": "keep-alive",
        "User-Agent": "azsdk-js-keyvault-certificates/4.7.0-beta.1 core-rest-pipeline/1.10.1 Node/v16.15.1 OS/(x64-Linux-5.10.102.1-microsoft-standard-WSL2)",
        "x-ms-client-request-id": "6c127390-0142-403c-a250-8e041d983d72"
      },
      "RequestBody": null,
      "StatusCode": 404,
      "ResponseHeaders": {
        "Cache-Control": "no-cache",
        "Content-Length": "354",
        "Content-Type": "application/json; charset=utf-8",
        "Date": "Mon, 14 Nov 2022 17:58:04 GMT",
        "Expires": "-1",
        "Pragma": "no-cache",
        "Strict-Transport-Security": "max-age=31536000;includeSubDomains",
        "X-Content-Type-Options": "nosniff",
        "x-ms-client-request-id": "6c127390-0142-403c-a250-8e041d983d72",
        "x-ms-keyvault-network-info": "conn_type=Ipv4;addr=167.220.80.222;act_addr_fam=InterNetwork;",
        "x-ms-keyvault-rbac-assignment-id": "11b60d6c-8980-5d26-b0d4-b20d478eb273",
        "x-ms-keyvault-rbac-cache": "ra_age=54;da_age=54;rd_age=54;brd_age=9199;ra_notif_age=498;dec_lev=0;",
        "x-ms-keyvault-region": "westus",
        "x-ms-keyvault-service-version": "1.9.576.1",
        "x-ms-request-id": "a93c3e88-d785-40a4-9bd7-cc096cd12db3"
      },
      "ResponseBody": {
        "error": {
          "code": "CertificateNotFound",
          "message": "A certificate with (name/id) CRUDCertificateName-candeleteacertificate- was not found in this key vault. If you recently deleted this certificate you may be able to recover it using the correct recovery command. For help resolving this issue, please see https://go.microsoft.com/fwlink/?linkid=2125182"
        }
      }
    },
    {
      "RequestUri": "https://keyvault_name.vault.azure.net/deletedcertificates/CRUDCertificateName-candeleteacertificate-?api-version=7.4-preview.1",
      "RequestMethod": "GET",
      "RequestHeaders": {
        "Accept": "application/json",
        "Accept-Encoding": "gzip,deflate",
        "Authorization": "Sanitized",
        "Connection": "keep-alive",
        "User-Agent": "azsdk-js-keyvault-certificates/4.7.0-beta.1 core-rest-pipeline/1.10.1 Node/v16.15.1 OS/(x64-Linux-5.10.102.1-microsoft-standard-WSL2)",
        "x-ms-client-request-id": "c010eaea-b24d-459e-884f-40148c5e915c"
      },
      "RequestBody": null,
      "StatusCode": 404,
      "ResponseHeaders": {
        "Cache-Control": "no-cache",
        "Content-Length": "126",
        "Content-Type": "application/json; charset=utf-8",
        "Date": "Mon, 14 Nov 2022 17:58:04 GMT",
        "Expires": "-1",
        "Pragma": "no-cache",
        "Strict-Transport-Security": "max-age=31536000;includeSubDomains",
        "X-Content-Type-Options": "nosniff",
        "x-ms-client-request-id": "c010eaea-b24d-459e-884f-40148c5e915c",
        "x-ms-keyvault-network-info": "conn_type=Ipv4;addr=167.220.80.222;act_addr_fam=InterNetwork;",
        "x-ms-keyvault-rbac-assignment-id": "11b60d6c-8980-5d26-b0d4-b20d478eb273",
        "x-ms-keyvault-rbac-cache": "ra_age=54;da_age=54;rd_age=54;brd_age=9199;ra_notif_age=498;dec_lev=0;",
        "x-ms-keyvault-region": "westus",
        "x-ms-keyvault-service-version": "1.9.576.1",
        "x-ms-request-id": "b2cf7afd-e05c-4920-9ce4-5b1755946ff6"
      },
      "ResponseBody": {
        "error": {
          "code": "CertificateNotFound",
          "message": "Deleted Certificate not found: CRUDCertificateName-candeleteacertificate-"
        }
      }
    },
    {
      "RequestUri": "https://keyvault_name.vault.azure.net/deletedcertificates/CRUDCertificateName-candeleteacertificate-?api-version=7.4-preview.1",
      "RequestMethod": "GET",
      "RequestHeaders": {
        "Accept": "application/json",
        "Accept-Encoding": "gzip,deflate",
        "Authorization": "Sanitized",
        "Connection": "keep-alive",
        "User-Agent": "azsdk-js-keyvault-certificates/4.7.0-beta.1 core-rest-pipeline/1.10.1 Node/v16.15.1 OS/(x64-Linux-5.10.102.1-microsoft-standard-WSL2)",
        "x-ms-client-request-id": "6f53f849-e172-4fe8-ae19-537f962e7f54"
      },
      "RequestBody": null,
      "StatusCode": 200,
      "ResponseHeaders": {
        "Cache-Control": "no-cache",
        "Content-Length": "1252",
        "Content-Type": "application/json; charset=utf-8",
        "Date": "Mon, 14 Nov 2022 17:58:14 GMT",
        "Expires": "-1",
        "Pragma": "no-cache",
        "Strict-Transport-Security": "max-age=31536000;includeSubDomains",
        "X-Content-Type-Options": "nosniff",
        "x-ms-client-request-id": "6f53f849-e172-4fe8-ae19-537f962e7f54",
        "x-ms-keyvault-network-info": "conn_type=Ipv4;addr=167.220.80.222;act_addr_fam=InterNetwork;",
        "x-ms-keyvault-rbac-assignment-id": "11b60d6c-8980-5d26-b0d4-b20d478eb273",
        "x-ms-keyvault-rbac-cache": "ra_age=64;da_age=64;rd_age=64;brd_age=9209;ra_notif_age=508;dec_lev=0;",
        "x-ms-keyvault-region": "westus",
        "x-ms-keyvault-service-version": "1.9.576.1",
        "x-ms-request-id": "e5940bf2-11dd-4289-91ac-ba80bff2751f"
      },
      "ResponseBody": {
        "recoveryId": "https://keyvault_name.vault.azure.net/deletedcertificates/CRUDCertificateName-candeleteacertificate-",
        "deletedDate": 1668448684,
        "scheduledPurgeDate": 1669053484,
        "id": "https://keyvault_name.vault.azure.net/certificates/CRUDCertificateName-candeleteacertificate-/7139a3337c71447c834ae10ad59e8b85",
        "attributes": {
          "enabled": false,
          "nbf": 1668448084,
          "exp": 1699984684,
          "created": 1668448684,
          "updated": 1668448684,
          "recoveryLevel": "CustomizedRecoverable\u002BPurgeable",
          "recoverableDays": 7
        },
        "policy": {
          "id": "https://keyvault_name.vault.azure.net/certificates/CRUDCertificateName-candeleteacertificate-/policy",
          "key_props": {
            "exportable": true,
            "kty": "RSA",
            "key_size": 2048,
            "reuse_key": false
          },
          "secret_props": {
            "contentType": "application/x-pkcs12"
          },
          "x509_props": {
            "subject": "cn=MyCert",
            "sans": {},
            "ekus": [
              "1.3.6.1.5.5.7.3.1",
              "1.3.6.1.5.5.7.3.2"
            ],
            "key_usage": [
              "digitalSignature",
              "keyEncipherment"
            ],
            "validity_months": 12,
            "basic_constraints": {
              "ca": false
            }
          },
          "lifetime_actions": [
            {
              "trigger": {
                "lifetime_percentage": 80
              },
              "action": {
                "action_type": "AutoRenew"
              }
            }
          ],
          "issuer": {
            "name": "Self"
          },
          "attributes": {
            "enabled": true,
            "created": 1668448684,
            "updated": 1668448684
          }
        },
        "pending": {
          "id": "https://keyvault_name.vault.azure.net/certificates/CRUDCertificateName-candeleteacertificate-/pending"
        }
      }
    }
  ],
  "Variables": {}
}
