{
  "Entries": [
    {
      "RequestUri": "https://fakestorageaccount.blob.core.windows.net/container167511304196709279?restype=container",
      "RequestMethod": "PUT",
      "RequestHeaders": {
        "Accept": "application/xml",
        "Authorization": "Sanitized",
        "Connection": "keep-alive",
        "Content-Length": "0",
        "User-Agent": "azsdk-js-azure-storage-blob/12.13.0 core-rest-pipeline/1.10.2 Node/v16.18.0 OS/(x64-Linux-5.4.0-1100-azure)",
        "x-ms-client-request-id": "ba32ca12-abeb-4fa3-9a39-3999db95f520",
        "x-ms-date": "Mon, 30 Jan 2023 21:10:41 GMT",
        "x-ms-version": "2021-12-02"
      },
      "RequestBody": null,
      "StatusCode": 201,
      "ResponseHeaders": {
        "Content-Length": "0",
        "Date": "Mon, 30 Jan 2023 21:10:41 GMT",
        "ETag": "\u00220x8DB030671FAB76A\u0022",
        "Last-Modified": "Mon, 30 Jan 2023 21:10:42 GMT",
        "Server": [
          "Windows-Azure-Blob/1.0",
          "Microsoft-HTTPAPI/2.0"
        ],
        "x-ms-client-request-id": "ba32ca12-abeb-4fa3-9a39-3999db95f520",
        "x-ms-request-id": "e3d61ceb-401e-003a-50ef-34d0c9000000",
        "x-ms-version": "2021-12-02"
      },
      "ResponseBody": null
    },
    {
      "RequestUri": "https://fakestorageaccount.blob.core.windows.net/container167511304196709279/blob167511304203507487",
      "RequestMethod": "PUT",
      "RequestHeaders": {
        "Accept": "application/xml",
        "Authorization": "Sanitized",
        "Connection": "keep-alive",
        "Content-Length": "11",
        "Content-Type": "application/octet-stream",
        "User-Agent": "azsdk-js-azure-storage-blob/12.13.0 core-rest-pipeline/1.10.2 Node/v16.18.0 OS/(x64-Linux-5.4.0-1100-azure)",
        "x-ms-blob-type": "BlockBlob",
        "x-ms-client-request-id": "ffcc62b8-50a1-4f25-beb3-55c8832d6ad5",
        "x-ms-date": "Mon, 30 Jan 2023 21:10:42 GMT",
        "x-ms-version": "2021-12-02"
      },
      "RequestBody": "SGVsbG8gV29ybGQ=",
      "StatusCode": 201,
      "ResponseHeaders": {
        "Content-Length": "0",
        "Content-MD5": "sQqNsWTgdUEFt6mb5y4/5Q==",
        "Date": "Mon, 30 Jan 2023 21:10:41 GMT",
        "ETag": "\u00220x8DB03067205E53A\u0022",
        "Last-Modified": "Mon, 30 Jan 2023 21:10:42 GMT",
        "Server": [
          "Windows-Azure-Blob/1.0",
          "Microsoft-HTTPAPI/2.0"
        ],
        "x-ms-client-request-id": "ffcc62b8-50a1-4f25-beb3-55c8832d6ad5",
        "x-ms-content-crc64": "YeJLfssylmU=",
        "x-ms-request-id": "e3d61d46-401e-003a-25ef-34d0c9000000",
        "x-ms-request-server-encrypted": "true",
        "x-ms-version": "2021-12-02",
        "x-ms-version-id": "2023-01-30T21:10:42.0733242Z"
      },
      "ResponseBody": null
    },
    {
      "RequestUri": "https://fakestorageaccount.blob.core.windows.net/container167511304196709279/blob167511304203507487?comp=snapshot",
      "RequestMethod": "PUT",
      "RequestHeaders": {
        "Accept": "application/xml",
        "Authorization": "Sanitized",
        "Connection": "keep-alive",
        "Content-Length": "0",
        "User-Agent": "azsdk-js-azure-storage-blob/12.13.0 core-rest-pipeline/1.10.2 Node/v16.18.0 OS/(x64-Linux-5.4.0-1100-azure)",
        "x-ms-client-request-id": "f5cf7b88-426a-4bb3-b9cd-a85f595f352c",
        "x-ms-date": "Mon, 30 Jan 2023 21:10:42 GMT",
        "x-ms-version": "2021-12-02"
      },
      "RequestBody": null,
      "StatusCode": 201,
      "ResponseHeaders": {
        "Content-Length": "0",
        "Date": "Mon, 30 Jan 2023 21:10:41 GMT",
        "ETag": "\u00220x8DB03067205E53A\u0022",
        "Last-Modified": "Mon, 30 Jan 2023 21:10:42 GMT",
        "Server": [
          "Windows-Azure-Blob/1.0",
          "Microsoft-HTTPAPI/2.0"
        ],
        "x-ms-client-request-id": "f5cf7b88-426a-4bb3-b9cd-a85f595f352c",
        "x-ms-request-id": "e3d61dab-401e-003a-01ef-34d0c9000000",
        "x-ms-request-server-encrypted": "false",
        "x-ms-snapshot": "2023-01-30T21:10:42.1442851Z",
        "x-ms-version": "2021-12-02",
        "x-ms-version-id": "2023-01-30T21:10:42.1452851Z"
      },
      "ResponseBody": null
    },
    {
      "RequestUri": "https://fakestorageaccount.blob.core.windows.net/container167511304196709279/blob167511304203507487?snapshot=2023-01-30T21%3A10%3A42.1442851Z",
      "RequestMethod": "HEAD",
      "RequestHeaders": {
        "Accept": "application/xml",
        "Authorization": "Sanitized",
        "Connection": "keep-alive",
        "User-Agent": "azsdk-js-azure-storage-blob/12.13.0 core-rest-pipeline/1.10.2 Node/v16.18.0 OS/(x64-Linux-5.4.0-1100-azure)",
        "x-ms-client-request-id": "07639bf5-333c-4a86-8949-3229587cc061",
        "x-ms-date": "Mon, 30 Jan 2023 21:10:42 GMT",
        "x-ms-version": "2021-12-02"
      },
      "RequestBody": null,
      "StatusCode": 200,
      "ResponseHeaders": {
        "Accept-Ranges": "bytes",
        "Access-Control-Allow-Origin": "*",
        "Access-Control-Expose-Headers": "x-ms-request-id,x-ms-client-request-id,Server,x-ms-version,Content-Type,Last-Modified,ETag,x-ms-creation-time,Content-MD5,x-ms-blob-type,x-ms-server-encrypted,x-ms-access-tier,x-ms-access-tier-inferred,Accept-Ranges,Content-Length,Date,Transfer-Encoding",
        "Content-Length": "11",
        "Content-MD5": "sQqNsWTgdUEFt6mb5y4/5Q==",
        "Content-Type": "application/octet-stream",
        "Date": "Mon, 30 Jan 2023 21:10:41 GMT",
        "ETag": "\u00220x8DB03067205E53A\u0022",
        "Last-Modified": "Mon, 30 Jan 2023 21:10:42 GMT",
        "Server": [
          "Windows-Azure-Blob/1.0",
          "Microsoft-HTTPAPI/2.0"
        ],
        "x-ms-access-tier": "Hot",
        "x-ms-access-tier-inferred": "true",
        "x-ms-blob-type": "BlockBlob",
        "x-ms-client-request-id": "07639bf5-333c-4a86-8949-3229587cc061",
        "x-ms-creation-time": "Mon, 30 Jan 2023 21:10:42 GMT",
        "x-ms-request-id": "e3d61e03-401e-003a-4fef-34d0c9000000",
        "x-ms-server-encrypted": "true",
        "x-ms-version": "2021-12-02"
      },
      "ResponseBody": null
    },
    {
      "RequestUri": "https://fakestorageaccount.blob.core.windows.net/container167511304196709279?comp=list\u0026restype=container\u0026include=snapshots",
      "RequestMethod": "GET",
      "RequestHeaders": {
        "Accept": "application/xml",
        "Authorization": "Sanitized",
        "Connection": "keep-alive",
        "User-Agent": "azsdk-js-azure-storage-blob/12.13.0 core-rest-pipeline/1.10.2 Node/v16.18.0 OS/(x64-Linux-5.4.0-1100-azure)",
        "x-ms-client-request-id": "eac899c4-9c0c-40db-b57a-bac4e683649c",
        "x-ms-date": "Mon, 30 Jan 2023 21:10:42 GMT",
        "x-ms-version": "2021-12-02"
      },
      "RequestBody": null,
      "StatusCode": 200,
      "ResponseHeaders": {
        "Access-Control-Allow-Origin": "*",
        "Access-Control-Expose-Headers": "x-ms-request-id,x-ms-client-request-id,Server,x-ms-version,Content-Type,Content-Length,Date,Transfer-Encoding",
        "Content-Type": "application/xml",
        "Date": "Mon, 30 Jan 2023 21:10:41 GMT",
        "Server": [
          "Windows-Azure-Blob/1.0",
          "Microsoft-HTTPAPI/2.0"
        ],
        "Transfer-Encoding": "chunked",
        "x-ms-client-request-id": "eac899c4-9c0c-40db-b57a-bac4e683649c",
        "x-ms-request-id": "e3d61e4e-401e-003a-12ef-34d0c9000000",
        "x-ms-version": "2021-12-02"
      },
      "ResponseBody": "\uFEFF\u003C?xml version=\u00221.0\u0022 encoding=\u0022utf-8\u0022?\u003E\u003CEnumerationResults ServiceEndpoint=\u0022https://fakestorageaccount.blob.core.windows.net/\u0022 ContainerName=\u0022container167511304196709279\u0022\u003E\u003CBlobs\u003E\u003CBlob\u003E\u003CName\u003Eblob167511304203507487\u003C/Name\u003E\u003CSnapshot\u003E2023-01-30T21:10:42.1442851Z\u003C/Snapshot\u003E\u003CProperties\u003E\u003CCreation-Time\u003EMon, 30 Jan 2023 21:10:42 GMT\u003C/Creation-Time\u003E\u003CLast-Modified\u003EMon, 30 Jan 2023 21:10:42 GMT\u003C/Last-Modified\u003E\u003CEtag\u003E0x8DB03067205E53A\u003C/Etag\u003E\u003CContent-Length\u003E11\u003C/Content-Length\u003E\u003CContent-Type\u003Eapplication/octet-stream\u003C/Content-Type\u003E\u003CContent-Encoding /\u003E\u003CContent-Language /\u003E\u003CContent-CRC64 /\u003E\u003CContent-MD5\u003EsQqNsWTgdUEFt6mb5y4/5Q==\u003C/Content-MD5\u003E\u003CCache-Control /\u003E\u003CContent-Disposition /\u003E\u003CBlobType\u003EBlockBlob\u003C/BlobType\u003E\u003CAccessTier\u003EHot\u003C/AccessTier\u003E\u003CAccessTierInferred\u003Etrue\u003C/AccessTierInferred\u003E\u003CServerEncrypted\u003Etrue\u003C/ServerEncrypted\u003E\u003C/Properties\u003E\u003COrMetadata /\u003E\u003C/Blob\u003E\u003CBlob\u003E\u003CName\u003Eblob167511304203507487\u003C/Name\u003E\u003CVersionId\u003E2023-01-30T21:10:42.1452851Z\u003C/VersionId\u003E\u003CIsCurrentVersion\u003Etrue\u003C/IsCurrentVersion\u003E\u003CProperties\u003E\u003CCreation-Time\u003EMon, 30 Jan 2023 21:10:42 GMT\u003C/Creation-Time\u003E\u003CLast-Modified\u003EMon, 30 Jan 2023 21:10:42 GMT\u003C/Last-Modified\u003E\u003CEtag\u003E0x8DB03067205E53A\u003C/Etag\u003E\u003CContent-Length\u003E11\u003C/Content-Length\u003E\u003CContent-Type\u003Eapplication/octet-stream\u003C/Content-Type\u003E\u003CContent-Encoding /\u003E\u003CContent-Language /\u003E\u003CContent-CRC64 /\u003E\u003CContent-MD5\u003EsQqNsWTgdUEFt6mb5y4/5Q==\u003C/Content-MD5\u003E\u003CCache-Control /\u003E\u003CContent-Disposition /\u003E\u003CBlobType\u003EBlockBlob\u003C/BlobType\u003E\u003CAccessTier\u003EHot\u003C/AccessTier\u003E\u003CAccessTierInferred\u003Etrue\u003C/AccessTierInferred\u003E\u003CLeaseStatus\u003Eunlocked\u003C/LeaseStatus\u003E\u003CLeaseState\u003Eavailable\u003C/LeaseState\u003E\u003CServerEncrypted\u003Etrue\u003C/ServerEncrypted\u003E\u003C/Properties\u003E\u003COrMetadata /\u003E\u003C/Blob\u003E\u003C/Blobs\u003E\u003CNextMarker /\u003E\u003C/EnumerationResults\u003E"
    },
    {
      "RequestUri": "https://fakestorageaccount.blob.core.windows.net/container167511304196709279?restype=container",
      "RequestMethod": "DELETE",
      "RequestHeaders": {
        "Accept": "application/xml",
        "Authorization": "Sanitized",
        "Connection": "keep-alive",
        "User-Agent": "azsdk-js-azure-storage-blob/12.13.0 core-rest-pipeline/1.10.2 Node/v16.18.0 OS/(x64-Linux-5.4.0-1100-azure)",
        "x-ms-client-request-id": "c84d9b2d-ecba-4ace-9272-cbb3bb33a61d",
        "x-ms-date": "Mon, 30 Jan 2023 21:10:42 GMT",
        "x-ms-version": "2021-12-02"
      },
      "RequestBody": null,
      "StatusCode": 202,
      "ResponseHeaders": {
        "Content-Length": "0",
        "Date": "Mon, 30 Jan 2023 21:10:41 GMT",
        "Server": [
          "Windows-Azure-Blob/1.0",
          "Microsoft-HTTPAPI/2.0"
        ],
        "x-ms-client-request-id": "c84d9b2d-ecba-4ace-9272-cbb3bb33a61d",
        "x-ms-request-id": "e3d61e97-401e-003a-55ef-34d0c9000000",
        "x-ms-version": "2021-12-02"
      },
      "ResponseBody": null
    }
  ],
  "Variables": {
    "blob": "blob167511304203507487",
    "container": "container167511304196709279"
  }
}
