{
  "Entries": [
    {
      "RequestUri": "https://fakestorageaccount.blob.core.windows.net/container167719876753908786?restype=container",
      "RequestMethod": "PUT",
      "RequestHeaders": {
        "Accept": "application/xml",
        "Authorization": "Sanitized",
        "Connection": "keep-alive",
        "Content-Length": "0",
        "User-Agent": "azsdk-js-azure-storage-blob/12.13.0 core-rest-pipeline/1.10.2 Node/v14.20.1 OS/(x64-Windows_NT-10.0.22621)",
        "x-ms-client-request-id": "3530fb77-2b9a-4561-ab3f-6ce65d0ad0fb",
        "x-ms-date": "Fri, 24 Feb 2023 00:32:47 GMT",
        "x-ms-version": "2021-12-02"
      },
      "RequestBody": null,
      "StatusCode": 201,
      "ResponseHeaders": {
        "Content-Length": "0",
        "Date": "Fri, 24 Feb 2023 00:32:45 GMT",
        "ETag": "\u00220x8DB15FEA6500C6E\u0022",
        "Last-Modified": "Fri, 24 Feb 2023 00:32:45 GMT",
        "Server": [
          "Windows-Azure-Blob/1.0",
          "Microsoft-HTTPAPI/2.0"
        ],
        "x-ms-client-request-id": "3530fb77-2b9a-4561-ab3f-6ce65d0ad0fb",
        "x-ms-request-id": "86b6e419-301e-001a-20e7-47451c000000",
        "x-ms-version": "2021-12-02"
      },
      "ResponseBody": null
    },
    {
      "RequestUri": "https://fakestorageaccount.blob.core.windows.net/container167719876753908786/blob167719876763900088",
      "RequestMethod": "PUT",
      "RequestHeaders": {
        "Accept": "application/xml",
        "Authorization": "Sanitized",
        "Connection": "keep-alive",
        "Content-Length": "10",
        "Content-Type": "application/octet-stream",
        "User-Agent": "azsdk-js-azure-storage-blob/12.13.0 core-rest-pipeline/1.10.2 Node/v14.20.1 OS/(x64-Windows_NT-10.0.22621)",
        "x-ms-blob-type": "BlockBlob",
        "x-ms-client-request-id": "70b6c79d-39c5-4b11-bf82-c0e4dd6dc564",
        "x-ms-date": "Fri, 24 Feb 2023 00:32:47 GMT",
        "x-ms-version": "2021-12-02"
      },
      "RequestBody": "SGVsbG9Xb3JsZA==",
      "StatusCode": 201,
      "ResponseHeaders": {
        "Content-Length": "0",
        "Content-MD5": "aOEJ8PQMpyoV4FzCJ4b45g==",
        "Date": "Fri, 24 Feb 2023 00:32:45 GMT",
        "ETag": "\u00220x8DB15FEA656A66F\u0022",
        "Last-Modified": "Fri, 24 Feb 2023 00:32:45 GMT",
        "Server": [
          "Windows-Azure-Blob/1.0",
          "Microsoft-HTTPAPI/2.0"
        ],
        "x-ms-client-request-id": "70b6c79d-39c5-4b11-bf82-c0e4dd6dc564",
        "x-ms-content-crc64": "8R2aIe9T07E=",
        "x-ms-request-id": "86b6e41c-301e-001a-22e7-47451c000000",
        "x-ms-request-server-encrypted": "true",
        "x-ms-version": "2021-12-02"
      },
      "ResponseBody": null
    },
    {
      "RequestUri": "https://fakestorageaccount.blob.core.windows.net/container167719876753908786?restype=container\u0026comp=acl",
      "RequestMethod": "PUT",
      "RequestHeaders": {
        "Accept": "application/xml",
        "Authorization": "Sanitized",
        "Connection": "keep-alive",
        "Content-Length": "75",
        "Content-Type": "application/xml",
        "User-Agent": "azsdk-js-azure-storage-blob/12.13.0 core-rest-pipeline/1.10.2 Node/v14.20.1 OS/(x64-Windows_NT-10.0.22621)",
        "x-ms-blob-public-access": "container",
        "x-ms-client-request-id": "c90cd570-e0af-4b6b-b411-b8baeea72987",
        "x-ms-date": "Fri, 24 Feb 2023 00:32:47 GMT",
        "x-ms-version": "2021-12-02"
      },
      "RequestBody": "\u003C?xml version=\u00221.0\u0022 encoding=\u0022UTF-8\u0022 standalone=\u0022yes\u0022?\u003E\u003CSignedIdentifiers/\u003E",
      "StatusCode": 200,
      "ResponseHeaders": {
        "Content-Length": "0",
        "Date": "Fri, 24 Feb 2023 00:32:45 GMT",
        "ETag": "\u00220x8DB15FEA65E9B85\u0022",
        "Last-Modified": "Fri, 24 Feb 2023 00:32:46 GMT",
        "Server": [
          "Windows-Azure-Blob/1.0",
          "Microsoft-HTTPAPI/2.0"
        ],
        "x-ms-client-request-id": "c90cd570-e0af-4b6b-b411-b8baeea72987",
        "x-ms-request-id": "86b6e41d-301e-001a-23e7-47451c000000",
        "x-ms-version": "2021-12-02"
      },
      "ResponseBody": null
    },
    {
      "RequestUri": "https://fakestorageaccount.blob.core.windows.net/container167719876753908786/newblockblob167719876773303854?comp=block\u0026blockid=MQ%3D%3D",
      "RequestMethod": "PUT",
      "RequestHeaders": {
        "Accept": "application/xml",
        "Authorization": "Sanitized",
        "Connection": "keep-alive",
        "Content-Length": "4",
        "Content-Type": "application/octet-stream",
        "User-Agent": "azsdk-js-azure-storage-blob/12.13.0 core-rest-pipeline/1.10.2 Node/v14.20.1 OS/(x64-Windows_NT-10.0.22621)",
        "x-ms-client-request-id": "9f56e982-9eba-456d-a258-96cf7594c889",
        "x-ms-date": "Fri, 24 Feb 2023 00:32:47 GMT",
        "x-ms-encryption-algorithm": "AES256",
        "x-ms-encryption-key-sha256": "3QFFFpRA5\u002BXANHqwwbT4yXDmrT/2JaLt/FKHjzhOdoE=",
        "x-ms-version": "2021-12-02"
      },
      "RequestBody": "SGVsbA==",
      "StatusCode": 201,
      "ResponseHeaders": {
        "Content-Length": "0",
        "Date": "Fri, 24 Feb 2023 00:32:45 GMT",
        "Server": [
          "Windows-Azure-Blob/1.0",
          "Microsoft-HTTPAPI/2.0"
        ],
        "x-ms-client-request-id": "9f56e982-9eba-456d-a258-96cf7594c889",
        "x-ms-content-crc64": "nuXQFtc8BqA=",
        "x-ms-encryption-key-sha256": "3QFFFpRA5\u002BXANHqwwbT4yXDmrT/2JaLt/FKHjzhOdoE=",
        "x-ms-request-id": "86b6e41e-301e-001a-24e7-47451c000000",
        "x-ms-request-server-encrypted": "true",
        "x-ms-version": "2021-12-02"
      },
      "ResponseBody": null
    },
    {
      "RequestUri": "https://fakestorageaccount.blob.core.windows.net/container167719876753908786/newblockblob167719876773303854?comp=block\u0026blockid=Mg%3D%3D",
      "RequestMethod": "PUT",
      "RequestHeaders": {
        "Accept": "application/xml",
        "Authorization": "Sanitized",
        "Connection": "keep-alive",
        "Content-Length": "0",
        "User-Agent": "azsdk-js-azure-storage-blob/12.13.0 core-rest-pipeline/1.10.2 Node/v14.20.1 OS/(x64-Windows_NT-10.0.22621)",
        "x-ms-client-request-id": "bbfe84f1-66d1-4712-acc3-ccf831e281ef",
        "x-ms-date": "Fri, 24 Feb 2023 00:32:47 GMT",
        "x-ms-encryption-algorithm": "AES256",
        "x-ms-encryption-key-sha256": "3QFFFpRA5\u002BXANHqwwbT4yXDmrT/2JaLt/FKHjzhOdoE=",
        "x-ms-source-range": "bytes=4-7",
        "x-ms-version": "2021-12-02"
      },
      "RequestBody": null,
      "StatusCode": 201,
      "ResponseHeaders": {
        "Content-Length": "0",
        "Date": "Fri, 24 Feb 2023 00:32:45 GMT",
        "Server": [
          "Windows-Azure-Blob/1.0",
          "Microsoft-HTTPAPI/2.0"
        ],
        "x-ms-client-request-id": "bbfe84f1-66d1-4712-acc3-ccf831e281ef",
        "x-ms-content-crc64": "n6BouArmEbQ=",
        "x-ms-encryption-key-sha256": "3QFFFpRA5\u002BXANHqwwbT4yXDmrT/2JaLt/FKHjzhOdoE=",
        "x-ms-request-id": "86b6e422-301e-001a-28e7-47451c000000",
        "x-ms-request-server-encrypted": "true",
        "x-ms-version": "2021-12-02"
      },
      "ResponseBody": null
    },
    {
      "RequestUri": "https://fakestorageaccount.blob.core.windows.net/container167719876753908786/newblockblob167719876773303854?comp=block\u0026blockid=Mw%3D%3D",
      "RequestMethod": "PUT",
      "RequestHeaders": {
        "Accept": "application/xml",
        "Authorization": "Sanitized",
        "Connection": "keep-alive",
        "Content-Length": "0",
        "User-Agent": "azsdk-js-azure-storage-blob/12.13.0 core-rest-pipeline/1.10.2 Node/v14.20.1 OS/(x64-Windows_NT-10.0.22621)",
        "x-ms-client-request-id": "7320a05a-2751-4f1e-8442-606049424882",
        "x-ms-date": "Fri, 24 Feb 2023 00:32:47 GMT",
        "x-ms-encryption-algorithm": "AES256",
        "x-ms-encryption-key-sha256": "3QFFFpRA5\u002BXANHqwwbT4yXDmrT/2JaLt/FKHjzhOdoE=",
        "x-ms-source-range": "bytes=8-9",
        "x-ms-version": "2021-12-02"
      },
      "RequestBody": null,
      "StatusCode": 201,
      "ResponseHeaders": {
        "Content-Length": "0",
        "Date": "Fri, 24 Feb 2023 00:32:45 GMT",
        "Server": [
          "Windows-Azure-Blob/1.0",
          "Microsoft-HTTPAPI/2.0"
        ],
        "x-ms-client-request-id": "7320a05a-2751-4f1e-8442-606049424882",
        "x-ms-content-crc64": "sMJJw3kkP8c=",
        "x-ms-encryption-key-sha256": "3QFFFpRA5\u002BXANHqwwbT4yXDmrT/2JaLt/FKHjzhOdoE=",
        "x-ms-request-id": "86b6e42d-301e-001a-30e7-47451c000000",
        "x-ms-request-server-encrypted": "true",
        "x-ms-version": "2021-12-02"
      },
      "ResponseBody": null
    },
    {
      "RequestUri": "https://fakestorageaccount.blob.core.windows.net/container167719876753908786/newblockblob167719876773303854?comp=blocklist\u0026blocklisttype=uncommitted",
      "RequestMethod": "GET",
      "RequestHeaders": {
        "Accept": "application/xml",
        "Authorization": "Sanitized",
        "Connection": "keep-alive",
        "User-Agent": "azsdk-js-azure-storage-blob/12.13.0 core-rest-pipeline/1.10.2 Node/v14.20.1 OS/(x64-Windows_NT-10.0.22621)",
        "x-ms-client-request-id": "9bb6d585-b821-402e-bbd2-a6eca1a49983",
        "x-ms-date": "Fri, 24 Feb 2023 00:32:47 GMT",
        "x-ms-version": "2021-12-02"
      },
      "RequestBody": null,
      "StatusCode": 200,
      "ResponseHeaders": {
        "Access-Control-Allow-Origin": "*",
        "Access-Control-Expose-Headers": "x-ms-request-id,x-ms-client-request-id,Server,x-ms-version,Content-Type,Content-Length,Date,Transfer-Encoding",
        "Content-Type": "application/xml",
        "Date": "Fri, 24 Feb 2023 00:32:45 GMT",
        "Server": [
          "Windows-Azure-Blob/1.0",
          "Microsoft-HTTPAPI/2.0"
        ],
        "Transfer-Encoding": "chunked",
        "x-ms-client-request-id": "9bb6d585-b821-402e-bbd2-a6eca1a49983",
        "x-ms-request-id": "86b6e42f-301e-001a-32e7-47451c000000",
        "x-ms-version": "2021-12-02"
      },
      "ResponseBody": "\uFEFF\u003C?xml version=\u00221.0\u0022 encoding=\u0022utf-8\u0022?\u003E\u003CBlockList\u003E\u003CUncommittedBlocks\u003E\u003CBlock\u003E\u003CName\u003EMQ==\u003C/Name\u003E\u003CSize\u003E4\u003C/Size\u003E\u003C/Block\u003E\u003CBlock\u003E\u003CName\u003EMg==\u003C/Name\u003E\u003CSize\u003E4\u003C/Size\u003E\u003C/Block\u003E\u003CBlock\u003E\u003CName\u003EMw==\u003C/Name\u003E\u003CSize\u003E2\u003C/Size\u003E\u003C/Block\u003E\u003C/UncommittedBlocks\u003E\u003C/BlockList\u003E"
    },
    {
      "RequestUri": "https://fakestorageaccount.blob.core.windows.net/container167719876753908786/newblockblob167719876773303854?comp=blocklist",
      "RequestMethod": "PUT",
      "RequestHeaders": {
        "Accept": "application/xml",
        "Authorization": "Sanitized",
        "Connection": "keep-alive",
        "Content-Length": "141",
        "Content-Type": "application/xml",
        "User-Agent": "azsdk-js-azure-storage-blob/12.13.0 core-rest-pipeline/1.10.2 Node/v14.20.1 OS/(x64-Windows_NT-10.0.22621)",
        "x-ms-client-request-id": "ebfbe550-6e1b-473a-a080-5b37afb4dae0",
        "x-ms-date": "Fri, 24 Feb 2023 00:32:48 GMT",
        "x-ms-encryption-algorithm": "AES256",
        "x-ms-encryption-key-sha256": "3QFFFpRA5\u002BXANHqwwbT4yXDmrT/2JaLt/FKHjzhOdoE=",
        "x-ms-version": "2021-12-02"
      },
      "RequestBody": "\u003C?xml version=\u00221.0\u0022 encoding=\u0022UTF-8\u0022 standalone=\u0022yes\u0022?\u003E\u003CBlockList\u003E\u003CLatest\u003EMQ==\u003C/Latest\u003E\u003CLatest\u003EMg==\u003C/Latest\u003E\u003CLatest\u003EMw==\u003C/Latest\u003E\u003C/BlockList\u003E",
      "StatusCode": 201,
      "ResponseHeaders": {
        "Content-Length": "0",
        "Date": "Fri, 24 Feb 2023 00:32:45 GMT",
        "ETag": "\u00220x8DB15FEA6906119\u0022",
        "Last-Modified": "Fri, 24 Feb 2023 00:32:46 GMT",
        "Server": [
          "Windows-Azure-Blob/1.0",
          "Microsoft-HTTPAPI/2.0"
        ],
        "x-ms-client-request-id": "ebfbe550-6e1b-473a-a080-5b37afb4dae0",
        "x-ms-content-crc64": "AviKeNGq9Po=",
        "x-ms-encryption-key-sha256": "3QFFFpRA5\u002BXANHqwwbT4yXDmrT/2JaLt/FKHjzhOdoE=",
        "x-ms-request-id": "86b6e431-301e-001a-34e7-47451c000000",
        "x-ms-request-server-encrypted": "true",
        "x-ms-version": "2021-12-02"
      },
      "ResponseBody": null
    },
    {
      "RequestUri": "https://fakestorageaccount.blob.core.windows.net/container167719876753908786/newblockblob167719876773303854",
      "RequestMethod": "GET",
      "RequestHeaders": {
        "Accept": "application/xml",
        "Authorization": "Sanitized",
        "Connection": "keep-alive",
        "User-Agent": "azsdk-js-azure-storage-blob/12.13.0 core-rest-pipeline/1.10.2 Node/v14.20.1 OS/(x64-Windows_NT-10.0.22621)",
        "x-ms-client-request-id": "a484782e-9bcd-449a-a12b-fec76ba1e02f",
        "x-ms-date": "Fri, 24 Feb 2023 00:32:48 GMT",
        "x-ms-encryption-algorithm": "AES256",
        "x-ms-encryption-key-sha256": "3QFFFpRA5\u002BXANHqwwbT4yXDmrT/2JaLt/FKHjzhOdoE=",
        "x-ms-version": "2021-12-02"
      },
      "RequestBody": null,
      "StatusCode": 200,
      "ResponseHeaders": {
        "Accept-Ranges": "bytes",
        "Access-Control-Allow-Origin": "*",
        "Access-Control-Expose-Headers": "x-ms-request-id,x-ms-client-request-id,Server,x-ms-version,Content-Type,Last-Modified,ETag,x-ms-creation-time,x-ms-lease-status,x-ms-lease-state,x-ms-blob-type,x-ms-server-encrypted,x-ms-encryption-key-sha256,Accept-Ranges,Content-Length,Date,Transfer-Encoding",
        "Content-Length": "10",
        "Content-Type": "application/octet-stream",
        "Date": "Fri, 24 Feb 2023 00:32:45 GMT",
        "ETag": "\u00220x8DB15FEA6906119\u0022",
        "Last-Modified": "Fri, 24 Feb 2023 00:32:46 GMT",
        "Server": [
          "Windows-Azure-Blob/1.0",
          "Microsoft-HTTPAPI/2.0"
        ],
        "x-ms-blob-type": "BlockBlob",
        "x-ms-client-request-id": "a484782e-9bcd-449a-a12b-fec76ba1e02f",
        "x-ms-creation-time": "Fri, 24 Feb 2023 00:32:46 GMT",
        "x-ms-encryption-key-sha256": "3QFFFpRA5\u002BXANHqwwbT4yXDmrT/2JaLt/FKHjzhOdoE=",
        "x-ms-lease-state": "available",
        "x-ms-lease-status": "unlocked",
        "x-ms-request-id": "86b6e434-301e-001a-37e7-47451c000000",
        "x-ms-server-encrypted": "true",
        "x-ms-version": "2021-12-02"
      },
      "ResponseBody": "SGVsbG9Xb3JsZA=="
    },
    {
      "RequestUri": "https://fakestorageaccount.blob.core.windows.net/container167719876753908786?restype=container",
      "RequestMethod": "DELETE",
      "RequestHeaders": {
        "Accept": "application/xml",
        "Authorization": "Sanitized",
        "Connection": "keep-alive",
        "User-Agent": "azsdk-js-azure-storage-blob/12.13.0 core-rest-pipeline/1.10.2 Node/v14.20.1 OS/(x64-Windows_NT-10.0.22621)",
        "x-ms-client-request-id": "221f84df-071d-4bc9-97f8-a4316f4b0eec",
        "x-ms-date": "Fri, 24 Feb 2023 00:32:48 GMT",
        "x-ms-version": "2021-12-02"
      },
      "RequestBody": null,
      "StatusCode": 202,
      "ResponseHeaders": {
        "Content-Length": "0",
        "Date": "Fri, 24 Feb 2023 00:32:45 GMT",
        "Server": [
          "Windows-Azure-Blob/1.0",
          "Microsoft-HTTPAPI/2.0"
        ],
        "x-ms-client-request-id": "221f84df-071d-4bc9-97f8-a4316f4b0eec",
        "x-ms-request-id": "86b6e438-301e-001a-3be7-47451c000000",
        "x-ms-version": "2021-12-02"
      },
      "ResponseBody": null
    }
  ],
  "Variables": {
    "blob": "blob167719876763900088",
    "container": "container167719876753908786",
    "newblockblob": "newblockblob167719876773303854"
  }
}
