{
  "Entries": [
    {
      "RequestUri": "https://endpoint/routing/distributionPolicies/test-d-policy-recorded-jobs?api-version=2022-07-18-preview",
      "RequestMethod": "PATCH",
      "RequestHeaders": {
        "Accept": "application/json",
        "Accept-Encoding": "gzip,deflate",
        "Authorization": "Sanitized",
        "Connection": "keep-alive",
        "Content-Length": "157",
        "Content-Type": "application/merge-patch\u002Bjson",
        "User-Agent": "azsdk-js-communication-job-router/V2022-07-18-preview azsdk-js-communication-job-router/1.0.0-beta.1 core-rest-pipeline/1.11.1 Node/v16.16.0 OS/(x64-Windows_NT-10.0.22621)",
        "x-ms-client-request-id": "0b5fde6a-3cca-48b4-a6f4-1bbbd09ca93f",
        "x-ms-content-sha256": "iRU4FoF\u002BSHDyek4I2mTj9UxqfsCodrYA4ivTcF4xVFQ=",
        "x-ms-date": "Wed, 05 Jul 2023 23:25:44 GMT"
      },
      "RequestBody": {
        "name": "test-d-policy",
        "offerExpiresAfterSeconds": 60,
        "mode": {
          "kind": "longest-idle",
          "minConcurrentOffers": 1,
          "maxConcurrentOffers": 5,
          "bypassSelectors": false
        }
      },
      "StatusCode": 201,
      "ResponseHeaders": {
        "api-supported-versions": "2021-04-07-preview1, 2022-07-18-preview",
        "Connection": "keep-alive",
        "Content-Type": "application/json; charset=utf-8",
        "Date": "Wed, 05 Jul 2023 23:25:44 GMT",
        "ETag": "\u00222000bfd7-0000-0d00-0000-64a5fbf80000\u0022",
        "Last-Modified": "Wed, 05 Jul 2023 23:25:44 GMT",
        "trace-id": "f94a7474-f07a-4b6c-1d0e-daa6f8585539",
        "Transfer-Encoding": "chunked",
        "x-azure-ref": "20230705T232544Z-4bfgsfpbed135ehed5vgfbtzks00000006n000000000n7dk",
        "X-Cache": "CONFIG_NOCACHE"
      },
      "ResponseBody": {
        "id": "test-d-policy-recorded-jobs",
        "name": "test-d-policy",
        "offerExpiresAfterSeconds": 60,
        "mode": {
          "kind": "longest-idle",
          "minConcurrentOffers": 1,
          "maxConcurrentOffers": 5,
          "bypassSelectors": false
        }
      }
    },
    {
      "RequestUri": "https://endpoint/routing/exceptionPolicies/test-e-policy-recorded-jobs?api-version=2022-07-18-preview",
      "RequestMethod": "PATCH",
      "RequestHeaders": {
        "Accept": "application/json",
        "Accept-Encoding": "gzip,deflate",
        "Authorization": "Sanitized",
        "Connection": "keep-alive",
        "Content-Length": "205",
        "Content-Type": "application/merge-patch\u002Bjson",
        "User-Agent": "azsdk-js-communication-job-router/V2022-07-18-preview azsdk-js-communication-job-router/1.0.0-beta.1 core-rest-pipeline/1.11.1 Node/v16.16.0 OS/(x64-Windows_NT-10.0.22621)",
        "x-ms-client-request-id": "287e77e3-87c9-4c00-b7d2-b09e058ba69b",
        "x-ms-content-sha256": "DnPGZm8GTFJTh0d1bEHun9/03VZVF0xo\u002BzuWvPJk3V0=",
        "x-ms-date": "Wed, 05 Jul 2023 23:25:44 GMT"
      },
      "RequestBody": {
        "name": "test-e-policy",
        "exceptionRules": {
          "MaxWaitTimeExceededCancel": {
            "trigger": {
              "kind": "wait-time",
              "thresholdSeconds": 10
            },
            "actions": {
              "Cancel": {
                "kind": "cancel",
                "note": "wait time exceeded; cancelling"
              }
            }
          }
        }
      },
      "StatusCode": 201,
      "ResponseHeaders": {
        "api-supported-versions": "2021-04-07-preview1, 2022-07-18-preview",
        "Connection": "keep-alive",
        "Content-Type": "application/json; charset=utf-8",
        "Date": "Wed, 05 Jul 2023 23:25:45 GMT",
        "ETag": "\u00222101376f-0000-0d00-0000-64a5fbf90000\u0022",
        "Last-Modified": "Wed, 05 Jul 2023 23:25:45 GMT",
        "trace-id": "60f989db-fcfc-7c59-be80-4c909f4571f1",
        "Transfer-Encoding": "chunked",
        "x-azure-ref": "20230705T232544Z-4bfgsfpbed135ehed5vgfbtzks00000006n000000000n7e0",
        "X-Cache": "CONFIG_NOCACHE"
      },
      "ResponseBody": {
        "id": "test-e-policy-recorded-jobs",
        "name": "test-e-policy",
        "exceptionRules": {
          "MaxWaitTimeExceededCancel": {
            "trigger": {
              "kind": "wait-time",
              "thresholdSeconds": 10
            },
            "actions": {
              "Cancel": {
                "kind": "cancel",
                "note": "wait time exceeded; cancelling"
              }
            }
          }
        }
      }
    },
    {
      "RequestUri": "https://endpoint/routing/queues/test-queue-recorded-jobs?api-version=2022-07-18-preview",
      "RequestMethod": "PATCH",
      "RequestHeaders": {
        "Accept": "application/json",
        "Accept-Encoding": "gzip,deflate",
        "Authorization": "Sanitized",
        "Connection": "keep-alive",
        "Content-Length": "136",
        "Content-Type": "application/merge-patch\u002Bjson",
        "User-Agent": "azsdk-js-communication-job-router/V2022-07-18-preview azsdk-js-communication-job-router/1.0.0-beta.1 core-rest-pipeline/1.11.1 Node/v16.16.0 OS/(x64-Windows_NT-10.0.22621)",
        "x-ms-client-request-id": "8fbfaaf9-302b-4af6-ade3-6e3feabd40f1",
        "x-ms-content-sha256": "Iu35CanCMTTxYHJVdxB2EZicK\u002Bw4yomznDINfJktFQA=",
        "x-ms-date": "Wed, 05 Jul 2023 23:25:45 GMT"
      },
      "RequestBody": {
        "name": "test-queue",
        "distributionPolicyId": "test-d-policy-recorded-jobs",
        "labels": {},
        "exceptionPolicyId": "test-e-policy-recorded-jobs"
      },
      "StatusCode": 200,
      "ResponseHeaders": {
        "api-supported-versions": "2021-04-07-preview1, 2022-07-18-preview",
        "Connection": "keep-alive",
        "Content-Type": "application/json; charset=utf-8",
        "Date": "Wed, 05 Jul 2023 23:25:45 GMT",
        "ETag": "\u002233026bb7-0000-0d00-0000-64a5fbf90000\u0022",
        "Last-Modified": "Wed, 05 Jul 2023 23:25:45 GMT",
        "trace-id": "52aa823f-93f6-3aec-44b9-2fd5ca27e216",
        "Transfer-Encoding": "chunked",
        "x-azure-ref": "20230705T232545Z-4bfgsfpbed135ehed5vgfbtzks00000006n000000000n7f9",
        "X-Cache": "CONFIG_NOCACHE"
      },
      "ResponseBody": {
        "id": "test-queue-recorded-jobs",
        "name": "test-queue",
        "distributionPolicyId": "test-d-policy-recorded-jobs",
        "labels": {
          "Id": "test-queue-recorded-jobs"
        },
        "exceptionPolicyId": "test-e-policy-recorded-jobs"
      }
    },
    {
      "RequestUri": "https://endpoint/routing/classificationPolicies/test-c-policy-recorded-jobs?api-version=2022-07-18-preview",
      "RequestMethod": "PATCH",
      "RequestHeaders": {
        "Accept": "application/json",
        "Accept-Encoding": "gzip,deflate",
        "Authorization": "Sanitized",
        "Connection": "keep-alive",
        "Content-Length": "69",
        "Content-Type": "application/merge-patch\u002Bjson",
        "User-Agent": "azsdk-js-communication-job-router/V2022-07-18-preview azsdk-js-communication-job-router/1.0.0-beta.1 core-rest-pipeline/1.11.1 Node/v16.16.0 OS/(x64-Windows_NT-10.0.22621)",
        "x-ms-client-request-id": "5cd4614a-1cbf-494b-9efd-42455fb4b07f",
        "x-ms-content-sha256": "n\u002BFtt1nmNAxZTdMqG8hN\u002BjaPnFzlvGX5O5hKuLFDC\u002BQ=",
        "x-ms-date": "Wed, 05 Jul 2023 23:25:45 GMT"
      },
      "RequestBody": {
        "name": "test-c-policy",
        "fallbackQueueId": "test-queue-recorded-jobs"
      },
      "StatusCode": 201,
      "ResponseHeaders": {
        "api-supported-versions": "2021-04-07-preview1, 2022-07-18-preview",
        "Connection": "keep-alive",
        "Content-Type": "application/json; charset=utf-8",
        "Date": "Wed, 05 Jul 2023 23:25:46 GMT",
        "ETag": "\u00224f022b3a-0000-0d00-0000-64a5fbf90000\u0022",
        "Last-Modified": "Wed, 05 Jul 2023 23:25:45 GMT",
        "trace-id": "a2f9b32d-e31f-878b-8fc0-629c6be15a16",
        "Transfer-Encoding": "chunked",
        "x-azure-ref": "20230705T232545Z-4bfgsfpbed135ehed5vgfbtzks00000006n000000000n7g4",
        "X-Cache": "CONFIG_NOCACHE"
      },
      "ResponseBody": {
        "id": "test-c-policy-recorded-jobs",
        "name": "test-c-policy",
        "fallbackQueueId": "test-queue-recorded-jobs",
        "queueSelectors": [],
        "workerSelectors": []
      }
    },
    {
      "RequestUri": "https://endpoint/routing/jobs/test-job-recorded-jobs?api-version=2022-07-18-preview",
      "RequestMethod": "PATCH",
      "RequestHeaders": {
        "Accept": "application/json",
        "Accept-Encoding": "gzip,deflate",
        "Authorization": "Sanitized",
        "Connection": "keep-alive",
        "Content-Length": "156",
        "Content-Type": "application/merge-patch\u002Bjson",
        "User-Agent": "azsdk-js-communication-job-router/V2022-07-18-preview azsdk-js-communication-job-router/1.0.0-beta.1 core-rest-pipeline/1.11.1 Node/v16.16.0 OS/(x64-Windows_NT-10.0.22621)",
        "x-ms-client-request-id": "73b9beb5-2119-4c4e-b72a-dc978d9ce0c0",
        "x-ms-content-sha256": "3SVCNlHdDN6Id8kEzbR1iMk0YUqa7H\u002BpEiGNwVQi8bI=",
        "x-ms-date": "Wed, 05 Jul 2023 23:25:45 GMT"
      },
      "RequestBody": {
        "channelId": "test-channel",
        "classificationPolicyId": "test-c-policy-recorded-jobs",
        "queueId": "test-queue-recorded-jobs",
        "priority": 1,
        "labels": {},
        "notes": {}
      },
      "StatusCode": 201,
      "ResponseHeaders": {
        "api-supported-versions": "2021-04-07-preview1, 2022-07-18-preview",
        "Connection": "keep-alive",
        "Content-Type": "application/json; charset=utf-8",
        "Date": "Wed, 05 Jul 2023 23:25:46 GMT",
        "ETag": "\u002200000000-0000-0000-094c-ff28af7ddb08\u0022",
        "Last-Modified": "Wed, 05 Jul 2023 23:25:46 GMT",
        "trace-id": "71cb8581-0976-2c40-eeeb-014f4bef80f8",
        "Transfer-Encoding": "chunked",
        "x-azure-ref": "20230705T232546Z-4bfgsfpbed135ehed5vgfbtzks00000006n000000000n7hf",
        "X-Cache": "CONFIG_NOCACHE"
      },
      "ResponseBody": {
        "id": "test-job-recorded-jobs",
        "status": "pendingClassification",
        "channelId": "test-channel",
        "classificationPolicyId": "test-c-policy-recorded-jobs",
        "queueId": "test-queue-recorded-jobs",
        "priority": 1,
        "requestedWorkerSelectors": [],
        "attachedWorkerSelectors": [],
        "labels": {},
        "assignments": {},
        "tags": {},
        "notes": {},
        "matchingMode": {
          "modeType": "queueAndMatchMode",
          "queueAndMatchMode": {}
        }
      }
    },
    {
      "RequestUri": "https://endpoint/routing/jobs/test-job-recorded-jobs?api-version=2022-07-18-preview",
      "RequestMethod": "PATCH",
      "RequestHeaders": {
        "Accept": "application/json",
        "Accept-Encoding": "gzip,deflate",
        "Authorization": "Sanitized",
        "Connection": "keep-alive",
        "Content-Length": "156",
        "Content-Type": "application/merge-patch\u002Bjson",
        "User-Agent": "azsdk-js-communication-job-router/V2022-07-18-preview azsdk-js-communication-job-router/1.0.0-beta.1 core-rest-pipeline/1.11.1 Node/v16.16.0 OS/(x64-Windows_NT-10.0.22621)",
        "x-ms-client-request-id": "44243bb6-cf7d-41e0-a50a-2a4be215df57",
        "x-ms-content-sha256": "wTGU4ECaICNsE1DLFvCri8uaE7\u002BJU\u002BHTxQykGxhSbJE=",
        "x-ms-date": "Wed, 05 Jul 2023 23:25:47 GMT"
      },
      "RequestBody": {
        "channelId": "test-channel",
        "classificationPolicyId": "test-c-policy-recorded-jobs",
        "queueId": "test-queue-recorded-jobs",
        "priority": 5,
        "labels": {},
        "notes": {}
      },
      "StatusCode": 200,
      "ResponseHeaders": {
        "api-supported-versions": "2021-04-07-preview1, 2022-07-18-preview",
        "Connection": "keep-alive",
        "Content-Type": "application/json; charset=utf-8",
        "Date": "Wed, 05 Jul 2023 23:25:48 GMT",
        "ETag": "\u002200000004-0000-0000-4d41-262aaf7ddb08\u0022",
        "Last-Modified": "Wed, 05 Jul 2023 23:25:48 GMT",
        "trace-id": "8511658d-86ab-15c6-7b59-fa7083695d21",
        "Transfer-Encoding": "chunked",
        "x-azure-ref": "20230705T232548Z-4bfgsfpbed135ehed5vgfbtzks00000006n000000000n7q5",
        "X-Cache": "CONFIG_NOCACHE"
      },
      "ResponseBody": {
        "id": "test-job-recorded-jobs",
        "status": "queued",
        "enqueuedAt": "2023-07-05T23:25:46.5453112\u002B00:00",
        "channelId": "test-channel",
        "classificationPolicyId": "test-c-policy-recorded-jobs",
        "queueId": "test-queue-recorded-jobs",
        "priority": 5,
        "requestedWorkerSelectors": [],
        "attachedWorkerSelectors": [],
        "labels": {},
        "assignments": {},
        "tags": {},
        "notes": {},
        "matchingMode": {
          "modeType": "queueAndMatchMode",
          "queueAndMatchMode": {}
        }
      }
    },
    {
      "RequestUri": "https://endpoint/routing/jobs/test-job-recorded-jobs?api-version=2022-07-18-preview",
      "RequestMethod": "GET",
      "RequestHeaders": {
        "Accept": "application/json",
        "Accept-Encoding": "gzip,deflate",
        "Authorization": "Sanitized",
        "Connection": "keep-alive",
        "User-Agent": "azsdk-js-communication-job-router/V2022-07-18-preview azsdk-js-communication-job-router/1.0.0-beta.1 core-rest-pipeline/1.11.1 Node/v16.16.0 OS/(x64-Windows_NT-10.0.22621)",
        "x-ms-client-request-id": "f6815404-07d2-417d-86c1-5406c17b9851",
        "x-ms-content-sha256": "47DEQpj8HBSa\u002B/TImW\u002B5JCeuQeRkm5NMpJWZG3hSuFU=",
        "x-ms-date": "Wed, 05 Jul 2023 23:25:48 GMT"
      },
      "RequestBody": null,
      "StatusCode": 200,
      "ResponseHeaders": {
        "api-supported-versions": "2021-04-07-preview1, 2022-07-18-preview",
        "Connection": "keep-alive",
        "Content-Type": "application/json; charset=utf-8",
        "Date": "Wed, 05 Jul 2023 23:25:48 GMT",
        "ETag": "\u002200000004-0000-0000-4d41-262aaf7ddb08\u0022",
        "Last-Modified": "Wed, 05 Jul 2023 23:25:48 GMT",
        "trace-id": "55d660f6-c741-c765-88a7-44e11c6d37ec",
        "Transfer-Encoding": "chunked",
        "x-azure-ref": "20230705T232548Z-4bfgsfpbed135ehed5vgfbtzks00000006n000000000n7qn",
        "X-Cache": "CONFIG_NOCACHE"
      },
      "ResponseBody": {
        "id": "test-job-recorded-jobs",
        "status": "queued",
        "enqueuedAt": "2023-07-05T23:25:46.5453112\u002B00:00",
        "channelId": "test-channel",
        "classificationPolicyId": "test-c-policy-recorded-jobs",
        "queueId": "test-queue-recorded-jobs",
        "priority": 5,
        "requestedWorkerSelectors": [],
        "attachedWorkerSelectors": [],
        "labels": {},
        "assignments": {},
        "tags": {},
        "notes": {},
        "matchingMode": {
          "modeType": "queueAndMatchMode",
          "queueAndMatchMode": {}
        }
      }
    },
    {
      "RequestUri": "https://endpoint/routing/jobs/test-job-recorded-jobs:cancel?api-version=2022-07-18-preview",
      "RequestMethod": "POST",
      "RequestHeaders": {
        "Accept": "application/json",
        "Accept-Encoding": "gzip,deflate",
        "Authorization": "Sanitized",
        "Connection": "keep-alive",
        "Content-Length": "0",
        "Content-Type": "application/json",
        "User-Agent": "azsdk-js-communication-job-router/V2022-07-18-preview azsdk-js-communication-job-router/1.0.0-beta.1 core-rest-pipeline/1.11.1 Node/v16.16.0 OS/(x64-Windows_NT-10.0.22621)",
        "x-ms-client-request-id": "1b98f0df-7fcb-43b4-b480-37be922be5ae",
        "x-ms-content-sha256": "47DEQpj8HBSa\u002B/TImW\u002B5JCeuQeRkm5NMpJWZG3hSuFU=",
        "x-ms-date": "Wed, 05 Jul 2023 23:25:48 GMT"
      },
      "RequestBody": null,
      "StatusCode": 200,
      "ResponseHeaders": {
        "api-supported-versions": "2021-04-07-preview1, 2022-07-18-preview",
        "Connection": "keep-alive",
        "Content-Type": "application/json; charset=utf-8",
        "Date": "Wed, 05 Jul 2023 23:25:49 GMT",
        "trace-id": "147fd231-6cde-0645-4919-29458e86f444",
        "Transfer-Encoding": "chunked",
        "x-azure-ref": "20230705T232548Z-4bfgsfpbed135ehed5vgfbtzks00000006n000000000n7r5",
        "X-Cache": "CONFIG_NOCACHE"
      },
      "ResponseBody": {}
    },
    {
      "RequestUri": "https://endpoint/routing/jobs/test-job-recorded-jobs?api-version=2022-07-18-preview",
      "RequestMethod": "DELETE",
      "RequestHeaders": {
        "Accept": "application/json",
        "Accept-Encoding": "gzip,deflate",
        "Authorization": "Sanitized",
        "Connection": "keep-alive",
        "User-Agent": "azsdk-js-communication-job-router/V2022-07-18-preview azsdk-js-communication-job-router/1.0.0-beta.1 core-rest-pipeline/1.11.1 Node/v16.16.0 OS/(x64-Windows_NT-10.0.22621)",
        "x-ms-client-request-id": "5de12ce5-ee87-4dd0-89b9-e072662c7c5c",
        "x-ms-content-sha256": "47DEQpj8HBSa\u002B/TImW\u002B5JCeuQeRkm5NMpJWZG3hSuFU=",
        "x-ms-date": "Wed, 05 Jul 2023 23:25:49 GMT"
      },
      "RequestBody": null,
      "StatusCode": 204,
      "ResponseHeaders": {
        "api-supported-versions": "2021-04-07-preview1, 2022-07-18-preview",
        "Connection": "keep-alive",
        "Date": "Wed, 05 Jul 2023 23:25:49 GMT",
        "trace-id": "c3dd945a-a3a4-771a-3629-5ada54d50dfd",
        "x-azure-ref": "20230705T232549Z-4bfgsfpbed135ehed5vgfbtzks00000006n000000000n7s9",
        "X-Cache": "CONFIG_NOCACHE"
      },
      "ResponseBody": null
    },
    {
      "RequestUri": "https://endpoint/routing/classificationPolicies/test-c-policy-recorded-jobs?api-version=2022-07-18-preview",
      "RequestMethod": "DELETE",
      "RequestHeaders": {
        "Accept": "application/json",
        "Accept-Encoding": "gzip,deflate",
        "Authorization": "Sanitized",
        "Connection": "keep-alive",
        "User-Agent": "azsdk-js-communication-job-router/V2022-07-18-preview azsdk-js-communication-job-router/1.0.0-beta.1 core-rest-pipeline/1.11.1 Node/v16.16.0 OS/(x64-Windows_NT-10.0.22621)",
        "x-ms-client-request-id": "0c9c5667-2fe0-4484-b654-82d02632ebef",
        "x-ms-content-sha256": "47DEQpj8HBSa\u002B/TImW\u002B5JCeuQeRkm5NMpJWZG3hSuFU=",
        "x-ms-date": "Wed, 05 Jul 2023 23:25:49 GMT"
      },
      "RequestBody": null,
      "StatusCode": 204,
      "ResponseHeaders": {
        "api-supported-versions": "2021-04-07-preview1, 2022-07-18-preview",
        "Connection": "keep-alive",
        "Date": "Wed, 05 Jul 2023 23:25:49 GMT",
        "trace-id": "3ec59ef0-b3e9-e6f6-06f1-cfc9791480cc",
        "x-azure-ref": "20230705T232549Z-4bfgsfpbed135ehed5vgfbtzks00000006n000000000n7ss",
        "X-Cache": "CONFIG_NOCACHE"
      },
      "ResponseBody": null
    },
    {
      "RequestUri": "https://endpoint/routing/queues/test-queue-recorded-jobs?api-version=2022-07-18-preview",
      "RequestMethod": "DELETE",
      "RequestHeaders": {
        "Accept": "application/json",
        "Accept-Encoding": "gzip,deflate",
        "Authorization": "Sanitized",
        "Connection": "keep-alive",
        "User-Agent": "azsdk-js-communication-job-router/V2022-07-18-preview azsdk-js-communication-job-router/1.0.0-beta.1 core-rest-pipeline/1.11.1 Node/v16.16.0 OS/(x64-Windows_NT-10.0.22621)",
        "x-ms-client-request-id": "39d37181-cf09-4e88-b7d3-8ff9c7d55cd0",
        "x-ms-content-sha256": "47DEQpj8HBSa\u002B/TImW\u002B5JCeuQeRkm5NMpJWZG3hSuFU=",
        "x-ms-date": "Wed, 05 Jul 2023 23:25:49 GMT"
      },
      "RequestBody": null,
      "StatusCode": 204,
      "ResponseHeaders": {
        "api-supported-versions": "2021-04-07-preview1, 2022-07-18-preview",
        "Connection": "keep-alive",
        "Date": "Wed, 05 Jul 2023 23:25:50 GMT",
        "trace-id": "f16b13a1-6a6c-d475-5a80-0595a5b14ff8",
        "x-azure-ref": "20230705T232550Z-4bfgsfpbed135ehed5vgfbtzks00000006n000000000n7tq",
        "X-Cache": "CONFIG_NOCACHE"
      },
      "ResponseBody": null
    },
    {
      "RequestUri": "https://endpoint/routing/exceptionPolicies/test-e-policy-recorded-jobs?api-version=2022-07-18-preview",
      "RequestMethod": "DELETE",
      "RequestHeaders": {
        "Accept": "application/json",
        "Accept-Encoding": "gzip,deflate",
        "Authorization": "Sanitized",
        "Connection": "keep-alive",
        "User-Agent": "azsdk-js-communication-job-router/V2022-07-18-preview azsdk-js-communication-job-router/1.0.0-beta.1 core-rest-pipeline/1.11.1 Node/v16.16.0 OS/(x64-Windows_NT-10.0.22621)",
        "x-ms-client-request-id": "dd00b955-2d3c-4964-810f-ded25efcd5c5",
        "x-ms-content-sha256": "47DEQpj8HBSa\u002B/TImW\u002B5JCeuQeRkm5NMpJWZG3hSuFU=",
        "x-ms-date": "Wed, 05 Jul 2023 23:25:50 GMT"
      },
      "RequestBody": null,
      "StatusCode": 204,
      "ResponseHeaders": {
        "api-supported-versions": "2021-04-07-preview1, 2022-07-18-preview",
        "Connection": "keep-alive",
        "Date": "Wed, 05 Jul 2023 23:25:50 GMT",
        "trace-id": "cacfe9bb-9814-8650-8fa8-f42abbeb0fad",
        "x-azure-ref": "20230705T232550Z-4bfgsfpbed135ehed5vgfbtzks00000006n000000000n7ue",
        "X-Cache": "CONFIG_NOCACHE"
      },
      "ResponseBody": null
    },
    {
      "RequestUri": "https://endpoint/routing/distributionPolicies/test-d-policy-recorded-jobs?api-version=2022-07-18-preview",
      "RequestMethod": "DELETE",
      "RequestHeaders": {
        "Accept": "application/json",
        "Accept-Encoding": "gzip,deflate",
        "Authorization": "Sanitized",
        "Connection": "keep-alive",
        "User-Agent": "azsdk-js-communication-job-router/V2022-07-18-preview azsdk-js-communication-job-router/1.0.0-beta.1 core-rest-pipeline/1.11.1 Node/v16.16.0 OS/(x64-Windows_NT-10.0.22621)",
        "x-ms-client-request-id": "6cf983c8-d086-44c5-b2b5-2ee848292baf",
        "x-ms-content-sha256": "47DEQpj8HBSa\u002B/TImW\u002B5JCeuQeRkm5NMpJWZG3hSuFU=",
        "x-ms-date": "Wed, 05 Jul 2023 23:25:50 GMT"
      },
      "RequestBody": null,
      "StatusCode": 204,
      "ResponseHeaders": {
        "api-supported-versions": "2021-04-07-preview1, 2022-07-18-preview",
        "Connection": "keep-alive",
        "Date": "Wed, 05 Jul 2023 23:25:51 GMT",
        "trace-id": "ca6a3372-2692-6684-c106-3ab16428b6f8",
        "x-azure-ref": "20230705T232550Z-4bfgsfpbed135ehed5vgfbtzks00000006n000000000n7va",
        "X-Cache": "CONFIG_NOCACHE"
      },
      "ResponseBody": null
    }
  ],
  "Variables": {}
}
