{
  "Entries": [
    {
      "RequestUri": "https://endpoint/routing/distributionPolicies/test-d-policy-recorded-jobs?api-version=2022-07-18-preview",
      "RequestMethod": "PATCH",
      "RequestHeaders": {
        "Accept": "application/json",
        "Accept-Encoding": "gzip,deflate",
        "Authorization": "Sanitized",
        "Connection": "keep-alive",
        "Content-Length": "157",
        "Content-Type": "application/merge-patch\u002Bjson",
        "User-Agent": "azsdk-js-communication-job-router/V2022-07-18-preview azsdk-js-communication-job-router/1.0.0-beta.1 core-rest-pipeline/1.11.1 Node/v16.16.0 OS/(x64-Windows_NT-10.0.22621)",
        "x-ms-client-request-id": "2b2d9274-58fc-4b1f-a574-35078033a2b2",
        "x-ms-content-sha256": "iRU4FoF\u002BSHDyek4I2mTj9UxqfsCodrYA4ivTcF4xVFQ=",
        "x-ms-date": "Fri, 21 Jul 2023 05:46:03 GMT"
      },
      "RequestBody": {
        "name": "test-d-policy",
        "offerExpiresAfterSeconds": 60,
        "mode": {
          "kind": "longest-idle",
          "minConcurrentOffers": 1,
          "maxConcurrentOffers": 5,
          "bypassSelectors": false
        }
      },
      "StatusCode": 201,
      "ResponseHeaders": {
        "api-supported-versions": "2021-04-07-preview1, 2022-07-18-preview",
        "Connection": "keep-alive",
        "Content-Type": "application/json; charset=utf-8",
        "Date": "Fri, 21 Jul 2023 05:46:04 GMT",
        "ETag": "\u002208004659-0000-0700-0000-64ba1b9c0000\u0022",
        "Last-Modified": "Fri, 21 Jul 2023 05:46:04 GMT",
        "trace-id": "a0936f3e-357f-5d28-dfe0-e04cb3971af0",
        "Transfer-Encoding": "chunked",
        "x-azure-ref": "20230721T054604Z-mb4c8vp0qd29zaa8d7ctn3cngw00000000tg000000007f04",
        "X-Cache": "CONFIG_NOCACHE"
      },
      "ResponseBody": {
        "id": "test-d-policy-recorded-jobs",
        "name": "test-d-policy",
        "offerExpiresAfterSeconds": 60,
        "mode": {
          "kind": "longest-idle",
          "minConcurrentOffers": 1,
          "maxConcurrentOffers": 5,
          "bypassSelectors": false
        }
      }
    },
    {
      "RequestUri": "https://endpoint/routing/exceptionPolicies/test-e-policy-recorded-jobs?api-version=2022-07-18-preview",
      "RequestMethod": "PATCH",
      "RequestHeaders": {
        "Accept": "application/json",
        "Accept-Encoding": "gzip,deflate",
        "Authorization": "Sanitized",
        "Connection": "keep-alive",
        "Content-Length": "205",
        "Content-Type": "application/merge-patch\u002Bjson",
        "User-Agent": "azsdk-js-communication-job-router/V2022-07-18-preview azsdk-js-communication-job-router/1.0.0-beta.1 core-rest-pipeline/1.11.1 Node/v16.16.0 OS/(x64-Windows_NT-10.0.22621)",
        "x-ms-client-request-id": "5d1dfee2-67b3-423b-96e2-432b385ee4b9",
        "x-ms-content-sha256": "DnPGZm8GTFJTh0d1bEHun9/03VZVF0xo\u002BzuWvPJk3V0=",
        "x-ms-date": "Fri, 21 Jul 2023 05:46:03 GMT"
      },
      "RequestBody": {
        "name": "test-e-policy",
        "exceptionRules": {
          "MaxWaitTimeExceededCancel": {
            "trigger": {
              "kind": "wait-time",
              "thresholdSeconds": 10
            },
            "actions": {
              "Cancel": {
                "kind": "cancel",
                "note": "wait time exceeded; cancelling"
              }
            }
          }
        }
      },
      "StatusCode": 201,
      "ResponseHeaders": {
        "api-supported-versions": "2021-04-07-preview1, 2022-07-18-preview",
        "Connection": "keep-alive",
        "Content-Type": "application/json; charset=utf-8",
        "Date": "Fri, 21 Jul 2023 05:46:04 GMT",
        "ETag": "\u00220200d6fd-0000-0700-0000-64ba1b9c0000\u0022",
        "Last-Modified": "Fri, 21 Jul 2023 05:46:04 GMT",
        "trace-id": "6a819bb1-c57f-6bbf-e185-c2b2a5ff2cf0",
        "Transfer-Encoding": "chunked",
        "x-azure-ref": "20230721T054604Z-mb4c8vp0qd29zaa8d7ctn3cngw00000000tg000000007f0v",
        "X-Cache": "CONFIG_NOCACHE"
      },
      "ResponseBody": {
        "id": "test-e-policy-recorded-jobs",
        "name": "test-e-policy",
        "exceptionRules": {
          "MaxWaitTimeExceededCancel": {
            "trigger": {
              "kind": "wait-time",
              "thresholdSeconds": 10
            },
            "actions": {
              "Cancel": {
                "kind": "cancel",
                "note": "wait time exceeded; cancelling"
              }
            }
          }
        }
      }
    },
    {
      "RequestUri": "https://endpoint/routing/queues/test-queue-recorded-jobs?api-version=2022-07-18-preview",
      "RequestMethod": "PATCH",
      "RequestHeaders": {
        "Accept": "application/json",
        "Accept-Encoding": "gzip,deflate",
        "Authorization": "Sanitized",
        "Connection": "keep-alive",
        "Content-Length": "136",
        "Content-Type": "application/merge-patch\u002Bjson",
        "User-Agent": "azsdk-js-communication-job-router/V2022-07-18-preview azsdk-js-communication-job-router/1.0.0-beta.1 core-rest-pipeline/1.11.1 Node/v16.16.0 OS/(x64-Windows_NT-10.0.22621)",
        "x-ms-client-request-id": "0bcda259-4d4e-4b42-b948-c036240b3ce9",
        "x-ms-content-sha256": "Iu35CanCMTTxYHJVdxB2EZicK\u002Bw4yomznDINfJktFQA=",
        "x-ms-date": "Fri, 21 Jul 2023 05:46:03 GMT"
      },
      "RequestBody": {
        "name": "test-queue",
        "distributionPolicyId": "test-d-policy-recorded-jobs",
        "labels": {},
        "exceptionPolicyId": "test-e-policy-recorded-jobs"
      },
      "StatusCode": 200,
      "ResponseHeaders": {
        "api-supported-versions": "2021-04-07-preview1, 2022-07-18-preview",
        "Connection": "keep-alive",
        "Content-Type": "application/json; charset=utf-8",
        "Date": "Fri, 21 Jul 2023 05:46:04 GMT",
        "ETag": "\u002202001f64-0000-0700-0000-64ba1b9c0000\u0022",
        "Last-Modified": "Fri, 21 Jul 2023 05:46:04 GMT",
        "trace-id": "ffd93be4-4351-4492-48ff-e60aa65edd97",
        "Transfer-Encoding": "chunked",
        "x-azure-ref": "20230721T054604Z-mb4c8vp0qd29zaa8d7ctn3cngw00000000tg000000007f1f",
        "X-Cache": "CONFIG_NOCACHE"
      },
      "ResponseBody": {
        "id": "test-queue-recorded-jobs",
        "name": "test-queue",
        "distributionPolicyId": "test-d-policy-recorded-jobs",
        "labels": {
          "Id": "test-queue-recorded-jobs"
        },
        "exceptionPolicyId": "test-e-policy-recorded-jobs"
      }
    },
    {
      "RequestUri": "https://endpoint/routing/classificationPolicies/test-c-policy-recorded-jobs?api-version=2022-07-18-preview",
      "RequestMethod": "PATCH",
      "RequestHeaders": {
        "Accept": "application/json",
        "Accept-Encoding": "gzip,deflate",
        "Authorization": "Sanitized",
        "Connection": "keep-alive",
        "Content-Length": "69",
        "Content-Type": "application/merge-patch\u002Bjson",
        "User-Agent": "azsdk-js-communication-job-router/V2022-07-18-preview azsdk-js-communication-job-router/1.0.0-beta.1 core-rest-pipeline/1.11.1 Node/v16.16.0 OS/(x64-Windows_NT-10.0.22621)",
        "x-ms-client-request-id": "9d8625f3-c287-4cd9-aebc-0e5f84284b2e",
        "x-ms-content-sha256": "n\u002BFtt1nmNAxZTdMqG8hN\u002BjaPnFzlvGX5O5hKuLFDC\u002BQ=",
        "x-ms-date": "Fri, 21 Jul 2023 05:46:04 GMT"
      },
      "RequestBody": {
        "name": "test-c-policy",
        "fallbackQueueId": "test-queue-recorded-jobs"
      },
      "StatusCode": 201,
      "ResponseHeaders": {
        "api-supported-versions": "2021-04-07-preview1, 2022-07-18-preview",
        "Connection": "keep-alive",
        "Content-Type": "application/json; charset=utf-8",
        "Date": "Fri, 21 Jul 2023 05:46:04 GMT",
        "ETag": "\u0022000010b0-0000-0700-0000-64ba1b9c0000\u0022",
        "Last-Modified": "Fri, 21 Jul 2023 05:46:04 GMT",
        "trace-id": "1d38e869-3c59-cec5-407d-76e1170de164",
        "Transfer-Encoding": "chunked",
        "x-azure-ref": "20230721T054604Z-mb4c8vp0qd29zaa8d7ctn3cngw00000000tg000000007f1s",
        "X-Cache": "CONFIG_NOCACHE"
      },
      "ResponseBody": {
        "id": "test-c-policy-recorded-jobs",
        "name": "test-c-policy",
        "fallbackQueueId": "test-queue-recorded-jobs",
        "queueSelectors": [],
        "workerSelectors": []
      }
    },
    {
      "RequestUri": "https://endpoint/routing/jobs/test-job-recorded-jobs?api-version=2022-07-18-preview",
      "RequestMethod": "PATCH",
      "RequestHeaders": {
        "Accept": "application/json",
        "Accept-Encoding": "gzip,deflate",
        "Authorization": "Sanitized",
        "Connection": "keep-alive",
        "Content-Length": "276",
        "Content-Type": "application/merge-patch\u002Bjson",
        "User-Agent": "azsdk-js-communication-job-router/V2022-07-18-preview azsdk-js-communication-job-router/1.0.0-beta.1 core-rest-pipeline/1.11.1 Node/v16.16.0 OS/(x64-Windows_NT-10.0.22621)",
        "x-ms-client-request-id": "765d04ee-83b6-4d1e-9f17-3f2ed1726296",
        "x-ms-content-sha256": "ny/9ezDZahRuzBOD8h4\u002BdmiSdT2Ohm8JPaXN7pH6w7E=",
        "x-ms-date": "Fri, 21 Jul 2023 05:46:04 GMT"
      },
      "RequestBody": {
        "channelId": "test-channel",
        "classificationPolicyId": "test-c-policy-recorded-jobs",
        "queueId": "test-queue-recorded-jobs",
        "priority": 1,
        "labels": {},
        "notes": {},
        "matchingMode": {
          "modeType": "queueAndMatchMode",
          "queueAndMatchMode": {},
          "scheduleAndSuspendMode": null,
          "suspendMode": null
        }
      },
      "StatusCode": 201,
      "ResponseHeaders": {
        "api-supported-versions": "2021-04-07-preview1, 2022-07-18-preview",
        "Connection": "keep-alive",
        "Content-Type": "application/json; charset=utf-8",
        "Date": "Fri, 21 Jul 2023 05:46:04 GMT",
        "ETag": "\u002200000000-0000-0000-a03f-fac5ad89db08\u0022",
        "Last-Modified": "Fri, 21 Jul 2023 05:46:04 GMT",
        "trace-id": "f18aef9a-2d86-5a50-b542-5d90fd66707e",
        "Transfer-Encoding": "chunked",
        "x-azure-ref": "20230721T054604Z-mb4c8vp0qd29zaa8d7ctn3cngw00000000tg000000007f2a",
        "X-Cache": "CONFIG_NOCACHE"
      },
      "ResponseBody": {
        "id": "test-job-recorded-jobs",
        "status": "pendingClassification",
        "channelId": "test-channel",
        "classificationPolicyId": "test-c-policy-recorded-jobs",
        "queueId": "test-queue-recorded-jobs",
        "priority": 1,
        "requestedWorkerSelectors": [],
        "attachedWorkerSelectors": [],
        "labels": {},
        "assignments": {},
        "tags": {},
        "notes": {},
        "matchingMode": {
          "modeType": "queueAndMatchMode",
          "queueAndMatchMode": {}
        }
      }
    },
    {
      "RequestUri": "https://endpoint/routing/jobs/test-job-recorded-jobs?api-version=2022-07-18-preview",
      "RequestMethod": "GET",
      "RequestHeaders": {
        "Accept": "application/json",
        "Accept-Encoding": "gzip,deflate",
        "Authorization": "Sanitized",
        "Connection": "keep-alive",
        "User-Agent": "azsdk-js-communication-job-router/V2022-07-18-preview azsdk-js-communication-job-router/1.0.0-beta.1 core-rest-pipeline/1.11.1 Node/v16.16.0 OS/(x64-Windows_NT-10.0.22621)",
        "x-ms-client-request-id": "45c129a7-1e02-449b-8344-0a927a52d8c3",
        "x-ms-content-sha256": "47DEQpj8HBSa\u002B/TImW\u002B5JCeuQeRkm5NMpJWZG3hSuFU=",
        "x-ms-date": "Fri, 21 Jul 2023 05:46:04 GMT"
      },
      "RequestBody": null,
      "StatusCode": 200,
      "ResponseHeaders": {
        "api-supported-versions": "2021-04-07-preview1, 2022-07-18-preview",
        "Connection": "keep-alive",
        "Content-Type": "application/json; charset=utf-8",
        "Date": "Fri, 21 Jul 2023 05:46:04 GMT",
        "ETag": "\u002200000000-0000-0000-a03f-fac5ad89db08\u0022",
        "Last-Modified": "Fri, 21 Jul 2023 05:46:04 GMT",
        "trace-id": "bcbe3cca-a987-a251-e27e-e9f388dbbe49",
        "Transfer-Encoding": "chunked",
        "x-azure-ref": "20230721T054604Z-mb4c8vp0qd29zaa8d7ctn3cngw00000000tg000000007f2n",
        "X-Cache": "CONFIG_NOCACHE"
      },
      "ResponseBody": {
        "id": "test-job-recorded-jobs",
        "status": "pendingClassification",
        "channelId": "test-channel",
        "classificationPolicyId": "test-c-policy-recorded-jobs",
        "queueId": "test-queue-recorded-jobs",
        "priority": 1,
        "requestedWorkerSelectors": [],
        "attachedWorkerSelectors": [],
        "labels": {},
        "assignments": {},
        "tags": {},
        "notes": {},
        "matchingMode": {
          "modeType": "queueAndMatchMode",
          "queueAndMatchMode": {}
        }
      }
    },
    {
      "RequestUri": "https://endpoint/routing/jobs/test-job-recorded-jobs?api-version=2022-07-18-preview",
      "RequestMethod": "GET",
      "RequestHeaders": {
        "Accept": "application/json",
        "Accept-Encoding": "gzip,deflate",
        "Authorization": "Sanitized",
        "Connection": "keep-alive",
        "User-Agent": "azsdk-js-communication-job-router/V2022-07-18-preview azsdk-js-communication-job-router/1.0.0-beta.1 core-rest-pipeline/1.11.1 Node/v16.16.0 OS/(x64-Windows_NT-10.0.22621)",
        "x-ms-client-request-id": "7a27f109-1dd7-4c88-b7ca-26fb86aff14e",
        "x-ms-content-sha256": "47DEQpj8HBSa\u002B/TImW\u002B5JCeuQeRkm5NMpJWZG3hSuFU=",
        "x-ms-date": "Fri, 21 Jul 2023 05:46:04 GMT"
      },
      "RequestBody": null,
      "StatusCode": 200,
      "ResponseHeaders": {
        "api-supported-versions": "2021-04-07-preview1, 2022-07-18-preview",
        "Connection": "keep-alive",
        "Content-Type": "application/json; charset=utf-8",
        "Date": "Fri, 21 Jul 2023 05:46:04 GMT",
        "ETag": "\u002200000001-0000-0000-ffdd-0fc6ad89db08\u0022",
        "Last-Modified": "Fri, 21 Jul 2023 05:46:04 GMT",
        "trace-id": "619d48ae-56e0-bf15-9a93-3b18c780bdd5",
        "Transfer-Encoding": "chunked",
        "x-azure-ref": "20230721T054604Z-mb4c8vp0qd29zaa8d7ctn3cngw00000000tg000000007f32",
        "X-Cache": "CONFIG_NOCACHE"
      },
      "ResponseBody": {
        "id": "test-job-recorded-jobs",
        "status": "waitingForActivation",
        "channelId": "test-channel",
        "classificationPolicyId": "test-c-policy-recorded-jobs",
        "queueId": "test-queue-recorded-jobs",
        "priority": 1,
        "requestedWorkerSelectors": [],
        "attachedWorkerSelectors": [],
        "labels": {},
        "assignments": {},
        "tags": {},
        "notes": {},
        "matchingMode": {
          "modeType": "queueAndMatchMode",
          "queueAndMatchMode": {}
        }
      }
    },
    {
      "RequestUri": "https://endpoint/routing/jobs/test-job-recorded-jobs:cancel?api-version=2022-07-18-preview",
      "RequestMethod": "POST",
      "RequestHeaders": {
        "Accept": "application/json",
        "Accept-Encoding": "gzip,deflate",
        "Authorization": "Sanitized",
        "Connection": "keep-alive",
        "Content-Length": "0",
        "Content-Type": "application/json",
        "User-Agent": "azsdk-js-communication-job-router/V2022-07-18-preview azsdk-js-communication-job-router/1.0.0-beta.1 core-rest-pipeline/1.11.1 Node/v16.16.0 OS/(x64-Windows_NT-10.0.22621)",
        "x-ms-client-request-id": "67feefe5-67ca-4a60-8166-8eb7e294df49",
        "x-ms-content-sha256": "47DEQpj8HBSa\u002B/TImW\u002B5JCeuQeRkm5NMpJWZG3hSuFU=",
        "x-ms-date": "Fri, 21 Jul 2023 05:46:04 GMT"
      },
      "RequestBody": null,
      "StatusCode": 409,
      "ResponseHeaders": {
        "api-supported-versions": "2021-04-07-preview1, 2022-07-18-preview",
        "Connection": "keep-alive",
        "Content-Type": "application/json; charset=utf-8",
        "Date": "Fri, 21 Jul 2023 05:46:04 GMT",
        "trace-id": "67c4648e-762e-aa29-3dc9-8845da1a66bb",
        "Transfer-Encoding": "chunked",
        "x-azure-ref": "20230721T054604Z-mb4c8vp0qd29zaa8d7ctn3cngw00000000tg000000007f38",
        "X-Cache": "CONFIG_NOCACHE"
      },
      "ResponseBody": {
        "communicationError": {
          "code": "Conflict",
          "message": "Duplicate sequence number",
          "target": "/routing/jobs/test-job-recorded-jobs:cancel"
        }
      }
    },
    {
      "RequestUri": "https://endpoint/routing/jobs/test-job-recorded-jobs?api-version=2022-07-18-preview",
      "RequestMethod": "GET",
      "RequestHeaders": {
        "Accept": "application/json",
        "Accept-Encoding": "gzip,deflate",
        "Authorization": "Sanitized",
        "Connection": "keep-alive",
        "User-Agent": "azsdk-js-communication-job-router/V2022-07-18-preview azsdk-js-communication-job-router/1.0.0-beta.1 core-rest-pipeline/1.11.1 Node/v16.16.0 OS/(x64-Windows_NT-10.0.22621)",
        "x-ms-client-request-id": "d7df7bb0-5f59-4fb9-b638-e231dd9a7ca2",
        "x-ms-content-sha256": "47DEQpj8HBSa\u002B/TImW\u002B5JCeuQeRkm5NMpJWZG3hSuFU=",
        "x-ms-date": "Fri, 21 Jul 2023 05:46:06 GMT"
      },
      "RequestBody": null,
      "StatusCode": 200,
      "ResponseHeaders": {
        "api-supported-versions": "2021-04-07-preview1, 2022-07-18-preview",
        "Connection": "keep-alive",
        "Content-Type": "application/json; charset=utf-8",
        "Date": "Fri, 21 Jul 2023 05:46:06 GMT",
        "ETag": "\u002200000002-0000-0000-5ead-1ec6ad89db08\u0022",
        "Last-Modified": "Fri, 21 Jul 2023 05:46:04 GMT",
        "trace-id": "4c85a2f9-238c-32e1-2c6f-06a458c4195e",
        "Transfer-Encoding": "chunked",
        "x-azure-ref": "20230721T054606Z-mb4c8vp0qd29zaa8d7ctn3cngw00000000tg000000007f97",
        "X-Cache": "CONFIG_NOCACHE"
      },
      "ResponseBody": {
        "id": "test-job-recorded-jobs",
        "status": "queued",
        "enqueuedAt": "2023-07-21T05:46:04.9303902\u002B00:00",
        "channelId": "test-channel",
        "classificationPolicyId": "test-c-policy-recorded-jobs",
        "queueId": "test-queue-recorded-jobs",
        "priority": 1,
        "requestedWorkerSelectors": [],
        "attachedWorkerSelectors": [],
        "labels": {},
        "assignments": {},
        "tags": {},
        "notes": {},
        "matchingMode": {
          "modeType": "queueAndMatchMode",
          "queueAndMatchMode": {}
        }
      }
    },
    {
      "RequestUri": "https://endpoint/routing/jobs/test-job-recorded-jobs:cancel?api-version=2022-07-18-preview",
      "RequestMethod": "POST",
      "RequestHeaders": {
        "Accept": "application/json",
        "Accept-Encoding": "gzip,deflate",
        "Authorization": "Sanitized",
        "Connection": "keep-alive",
        "Content-Length": "0",
        "Content-Type": "application/json",
        "User-Agent": "azsdk-js-communication-job-router/V2022-07-18-preview azsdk-js-communication-job-router/1.0.0-beta.1 core-rest-pipeline/1.11.1 Node/v16.16.0 OS/(x64-Windows_NT-10.0.22621)",
        "x-ms-client-request-id": "8354b9e5-6faf-4194-8cbf-986fad857f8b",
        "x-ms-content-sha256": "47DEQpj8HBSa\u002B/TImW\u002B5JCeuQeRkm5NMpJWZG3hSuFU=",
        "x-ms-date": "Fri, 21 Jul 2023 05:46:06 GMT"
      },
      "RequestBody": null,
      "StatusCode": 200,
      "ResponseHeaders": {
        "api-supported-versions": "2021-04-07-preview1, 2022-07-18-preview",
        "Connection": "keep-alive",
        "Content-Type": "application/json; charset=utf-8",
        "Date": "Fri, 21 Jul 2023 05:46:06 GMT",
        "trace-id": "b97056af-f8f0-37c2-1a0b-0f63a2ae1917",
        "Transfer-Encoding": "chunked",
        "x-azure-ref": "20230721T054606Z-mb4c8vp0qd29zaa8d7ctn3cngw00000000tg000000007f9c",
        "X-Cache": "CONFIG_NOCACHE"
      },
      "ResponseBody": {}
    },
    {
      "RequestUri": "https://endpoint/routing/jobs/test-job-recorded-jobs?api-version=2022-07-18-preview",
      "RequestMethod": "DELETE",
      "RequestHeaders": {
        "Accept": "application/json",
        "Accept-Encoding": "gzip,deflate",
        "Authorization": "Sanitized",
        "Connection": "keep-alive",
        "User-Agent": "azsdk-js-communication-job-router/V2022-07-18-preview azsdk-js-communication-job-router/1.0.0-beta.1 core-rest-pipeline/1.11.1 Node/v16.16.0 OS/(x64-Windows_NT-10.0.22621)",
        "x-ms-client-request-id": "a83a19dd-2c24-48aa-bef0-c25ec841c19a",
        "x-ms-content-sha256": "47DEQpj8HBSa\u002B/TImW\u002B5JCeuQeRkm5NMpJWZG3hSuFU=",
        "x-ms-date": "Fri, 21 Jul 2023 05:46:06 GMT"
      },
      "RequestBody": null,
      "StatusCode": 204,
      "ResponseHeaders": {
        "api-supported-versions": "2021-04-07-preview1, 2022-07-18-preview",
        "Connection": "keep-alive",
        "Date": "Fri, 21 Jul 2023 05:46:06 GMT",
        "trace-id": "07beedb2-a7db-f920-2b69-5a1e44b3a438",
        "x-azure-ref": "20230721T054606Z-mb4c8vp0qd29zaa8d7ctn3cngw00000000tg000000007f9u",
        "X-Cache": "CONFIG_NOCACHE"
      },
      "ResponseBody": null
    },
    {
      "RequestUri": "https://endpoint/routing/classificationPolicies/test-c-policy-recorded-jobs?api-version=2022-07-18-preview",
      "RequestMethod": "DELETE",
      "RequestHeaders": {
        "Accept": "application/json",
        "Accept-Encoding": "gzip,deflate",
        "Authorization": "Sanitized",
        "Connection": "keep-alive",
        "User-Agent": "azsdk-js-communication-job-router/V2022-07-18-preview azsdk-js-communication-job-router/1.0.0-beta.1 core-rest-pipeline/1.11.1 Node/v16.16.0 OS/(x64-Windows_NT-10.0.22621)",
        "x-ms-client-request-id": "01b31694-c14e-44b3-988c-956e81ada1fe",
        "x-ms-content-sha256": "47DEQpj8HBSa\u002B/TImW\u002B5JCeuQeRkm5NMpJWZG3hSuFU=",
        "x-ms-date": "Fri, 21 Jul 2023 05:46:06 GMT"
      },
      "RequestBody": null,
      "StatusCode": 204,
      "ResponseHeaders": {
        "api-supported-versions": "2021-04-07-preview1, 2022-07-18-preview",
        "Connection": "keep-alive",
        "Date": "Fri, 21 Jul 2023 05:46:06 GMT",
        "trace-id": "5ca941b0-3827-af6a-832e-3838cfa30efb",
        "x-azure-ref": "20230721T054606Z-mb4c8vp0qd29zaa8d7ctn3cngw00000000tg000000007fa6",
        "X-Cache": "CONFIG_NOCACHE"
      },
      "ResponseBody": null
    },
    {
      "RequestUri": "https://endpoint/routing/queues/test-queue-recorded-jobs?api-version=2022-07-18-preview",
      "RequestMethod": "DELETE",
      "RequestHeaders": {
        "Accept": "application/json",
        "Accept-Encoding": "gzip,deflate",
        "Authorization": "Sanitized",
        "Connection": "keep-alive",
        "User-Agent": "azsdk-js-communication-job-router/V2022-07-18-preview azsdk-js-communication-job-router/1.0.0-beta.1 core-rest-pipeline/1.11.1 Node/v16.16.0 OS/(x64-Windows_NT-10.0.22621)",
        "x-ms-client-request-id": "01399812-c78e-4e11-b717-76fbab54b998",
        "x-ms-content-sha256": "47DEQpj8HBSa\u002B/TImW\u002B5JCeuQeRkm5NMpJWZG3hSuFU=",
        "x-ms-date": "Fri, 21 Jul 2023 05:46:06 GMT"
      },
      "RequestBody": null,
      "StatusCode": 204,
      "ResponseHeaders": {
        "api-supported-versions": "2021-04-07-preview1, 2022-07-18-preview",
        "Connection": "keep-alive",
        "Date": "Fri, 21 Jul 2023 05:46:07 GMT",
        "trace-id": "2fdd0274-940b-ff09-1605-fbf97a419342",
        "x-azure-ref": "20230721T054606Z-mb4c8vp0qd29zaa8d7ctn3cngw00000000tg000000007fau",
        "X-Cache": "CONFIG_NOCACHE"
      },
      "ResponseBody": null
    },
    {
      "RequestUri": "https://endpoint/routing/exceptionPolicies/test-e-policy-recorded-jobs?api-version=2022-07-18-preview",
      "RequestMethod": "DELETE",
      "RequestHeaders": {
        "Accept": "application/json",
        "Accept-Encoding": "gzip,deflate",
        "Authorization": "Sanitized",
        "Connection": "keep-alive",
        "User-Agent": "azsdk-js-communication-job-router/V2022-07-18-preview azsdk-js-communication-job-router/1.0.0-beta.1 core-rest-pipeline/1.11.1 Node/v16.16.0 OS/(x64-Windows_NT-10.0.22621)",
        "x-ms-client-request-id": "f53e383b-aff9-4d68-88c1-dbb229377fa9",
        "x-ms-content-sha256": "47DEQpj8HBSa\u002B/TImW\u002B5JCeuQeRkm5NMpJWZG3hSuFU=",
        "x-ms-date": "Fri, 21 Jul 2023 05:46:06 GMT"
      },
      "RequestBody": null,
      "StatusCode": 204,
      "ResponseHeaders": {
        "api-supported-versions": "2021-04-07-preview1, 2022-07-18-preview",
        "Connection": "keep-alive",
        "Date": "Fri, 21 Jul 2023 05:46:07 GMT",
        "trace-id": "48234f7f-00cc-f561-6a20-2ded2077409a",
        "x-azure-ref": "20230721T054607Z-mb4c8vp0qd29zaa8d7ctn3cngw00000000tg000000007fb6",
        "X-Cache": "CONFIG_NOCACHE"
      },
      "ResponseBody": null
    },
    {
      "RequestUri": "https://endpoint/routing/distributionPolicies/test-d-policy-recorded-jobs?api-version=2022-07-18-preview",
      "RequestMethod": "DELETE",
      "RequestHeaders": {
        "Accept": "application/json",
        "Accept-Encoding": "gzip,deflate",
        "Authorization": "Sanitized",
        "Connection": "keep-alive",
        "User-Agent": "azsdk-js-communication-job-router/V2022-07-18-preview azsdk-js-communication-job-router/1.0.0-beta.1 core-rest-pipeline/1.11.1 Node/v16.16.0 OS/(x64-Windows_NT-10.0.22621)",
        "x-ms-client-request-id": "02d36872-0e3d-497b-9a5c-fc66d0625297",
        "x-ms-content-sha256": "47DEQpj8HBSa\u002B/TImW\u002B5JCeuQeRkm5NMpJWZG3hSuFU=",
        "x-ms-date": "Fri, 21 Jul 2023 05:46:06 GMT"
      },
      "RequestBody": null,
      "StatusCode": 204,
      "ResponseHeaders": {
        "api-supported-versions": "2021-04-07-preview1, 2022-07-18-preview",
        "Connection": "keep-alive",
        "Date": "Fri, 21 Jul 2023 05:46:07 GMT",
        "trace-id": "d4cc5a6b-b54e-dbf3-8162-feacd30c15e8",
        "x-azure-ref": "20230721T054607Z-mb4c8vp0qd29zaa8d7ctn3cngw00000000tg000000007fbf",
        "X-Cache": "CONFIG_NOCACHE"
      },
      "ResponseBody": null
    }
  ],
  "Variables": {}
}
