{
  "Entries": [
    {
      "RequestUri": "https://endpoint/routing/distributionPolicies/test-d-policy-recorded-jobs?api-version=2022-07-18-preview",
      "RequestMethod": "PATCH",
      "RequestHeaders": {
        "Accept": "application/json",
        "Accept-Encoding": "gzip,deflate",
        "Authorization": "Sanitized",
        "Connection": "keep-alive",
        "Content-Length": "157",
        "Content-Type": "application/merge-patch\u002Bjson",
        "User-Agent": "azsdk-js-communication-job-router/V2022-07-18-preview azsdk-js-communication-job-router/1.0.0-beta.1 core-rest-pipeline/1.11.1 Node/v16.16.0 OS/(x64-Windows_NT-10.0.22621)",
        "x-ms-client-request-id": "c9688875-d3db-497a-ac4a-f9dd3e4452e5",
        "x-ms-content-sha256": "iRU4FoF\u002BSHDyek4I2mTj9UxqfsCodrYA4ivTcF4xVFQ=",
        "x-ms-date": "Fri, 21 Jul 2023 05:46:09 GMT"
      },
      "RequestBody": {
        "name": "test-d-policy",
        "offerExpiresAfterSeconds": 60,
        "mode": {
          "kind": "longest-idle",
          "minConcurrentOffers": 1,
          "maxConcurrentOffers": 5,
          "bypassSelectors": false
        }
      },
      "StatusCode": 201,
      "ResponseHeaders": {
        "api-supported-versions": "2021-04-07-preview1, 2022-07-18-preview",
        "Connection": "keep-alive",
        "Content-Type": "application/json; charset=utf-8",
        "Date": "Fri, 21 Jul 2023 05:46:10 GMT",
        "ETag": "\u002208009b59-0000-0700-0000-64ba1ba20000\u0022",
        "Last-Modified": "Fri, 21 Jul 2023 05:46:10 GMT",
        "trace-id": "6792f754-b386-95db-a8b4-d479a49f3d7c",
        "Transfer-Encoding": "chunked",
        "x-azure-ref": "20230721T054610Z-mb4c8vp0qd29zaa8d7ctn3cngw00000000tg000000007fss",
        "X-Cache": "CONFIG_NOCACHE"
      },
      "ResponseBody": {
        "id": "test-d-policy-recorded-jobs",
        "name": "test-d-policy",
        "offerExpiresAfterSeconds": 60,
        "mode": {
          "kind": "longest-idle",
          "minConcurrentOffers": 1,
          "maxConcurrentOffers": 5,
          "bypassSelectors": false
        }
      }
    },
    {
      "RequestUri": "https://endpoint/routing/exceptionPolicies/test-e-policy-recorded-jobs?api-version=2022-07-18-preview",
      "RequestMethod": "PATCH",
      "RequestHeaders": {
        "Accept": "application/json",
        "Accept-Encoding": "gzip,deflate",
        "Authorization": "Sanitized",
        "Connection": "keep-alive",
        "Content-Length": "205",
        "Content-Type": "application/merge-patch\u002Bjson",
        "User-Agent": "azsdk-js-communication-job-router/V2022-07-18-preview azsdk-js-communication-job-router/1.0.0-beta.1 core-rest-pipeline/1.11.1 Node/v16.16.0 OS/(x64-Windows_NT-10.0.22621)",
        "x-ms-client-request-id": "a0897f0a-ebce-4719-936b-91b9ac874da7",
        "x-ms-content-sha256": "DnPGZm8GTFJTh0d1bEHun9/03VZVF0xo\u002BzuWvPJk3V0=",
        "x-ms-date": "Fri, 21 Jul 2023 05:46:09 GMT"
      },
      "RequestBody": {
        "name": "test-e-policy",
        "exceptionRules": {
          "MaxWaitTimeExceededCancel": {
            "trigger": {
              "kind": "wait-time",
              "thresholdSeconds": 10
            },
            "actions": {
              "Cancel": {
                "kind": "cancel",
                "note": "wait time exceeded; cancelling"
              }
            }
          }
        }
      },
      "StatusCode": 201,
      "ResponseHeaders": {
        "api-supported-versions": "2021-04-07-preview1, 2022-07-18-preview",
        "Connection": "keep-alive",
        "Content-Type": "application/json; charset=utf-8",
        "Date": "Fri, 21 Jul 2023 05:46:10 GMT",
        "ETag": "\u00220200dafd-0000-0700-0000-64ba1ba20000\u0022",
        "Last-Modified": "Fri, 21 Jul 2023 05:46:10 GMT",
        "trace-id": "48356c0e-14c3-af8b-e8a0-dac7abaac454",
        "Transfer-Encoding": "chunked",
        "x-azure-ref": "20230721T054610Z-mb4c8vp0qd29zaa8d7ctn3cngw00000000tg000000007fsz",
        "X-Cache": "CONFIG_NOCACHE"
      },
      "ResponseBody": {
        "id": "test-e-policy-recorded-jobs",
        "name": "test-e-policy",
        "exceptionRules": {
          "MaxWaitTimeExceededCancel": {
            "trigger": {
              "kind": "wait-time",
              "thresholdSeconds": 10
            },
            "actions": {
              "Cancel": {
                "kind": "cancel",
                "note": "wait time exceeded; cancelling"
              }
            }
          }
        }
      }
    },
    {
      "RequestUri": "https://endpoint/routing/queues/test-queue-recorded-jobs?api-version=2022-07-18-preview",
      "RequestMethod": "PATCH",
      "RequestHeaders": {
        "Accept": "application/json",
        "Accept-Encoding": "gzip,deflate",
        "Authorization": "Sanitized",
        "Connection": "keep-alive",
        "Content-Length": "136",
        "Content-Type": "application/merge-patch\u002Bjson",
        "User-Agent": "azsdk-js-communication-job-router/V2022-07-18-preview azsdk-js-communication-job-router/1.0.0-beta.1 core-rest-pipeline/1.11.1 Node/v16.16.0 OS/(x64-Windows_NT-10.0.22621)",
        "x-ms-client-request-id": "57630f1e-0784-4c07-84a7-8ebae166bd4f",
        "x-ms-content-sha256": "Iu35CanCMTTxYHJVdxB2EZicK\u002Bw4yomznDINfJktFQA=",
        "x-ms-date": "Fri, 21 Jul 2023 05:46:10 GMT"
      },
      "RequestBody": {
        "name": "test-queue",
        "distributionPolicyId": "test-d-policy-recorded-jobs",
        "labels": {},
        "exceptionPolicyId": "test-e-policy-recorded-jobs"
      },
      "StatusCode": 200,
      "ResponseHeaders": {
        "api-supported-versions": "2021-04-07-preview1, 2022-07-18-preview",
        "Connection": "keep-alive",
        "Content-Type": "application/json; charset=utf-8",
        "Date": "Fri, 21 Jul 2023 05:46:10 GMT",
        "ETag": "\u002202005164-0000-0700-0000-64ba1ba20000\u0022",
        "Last-Modified": "Fri, 21 Jul 2023 05:46:10 GMT",
        "trace-id": "277135fe-b4c7-6689-3566-9e9dec7f52d6",
        "Transfer-Encoding": "chunked",
        "x-azure-ref": "20230721T054610Z-mb4c8vp0qd29zaa8d7ctn3cngw00000000tg000000007ftd",
        "X-Cache": "CONFIG_NOCACHE"
      },
      "ResponseBody": {
        "id": "test-queue-recorded-jobs",
        "name": "test-queue",
        "distributionPolicyId": "test-d-policy-recorded-jobs",
        "labels": {
          "Id": "test-queue-recorded-jobs"
        },
        "exceptionPolicyId": "test-e-policy-recorded-jobs"
      }
    },
    {
      "RequestUri": "https://endpoint/routing/classificationPolicies/test-c-policy-recorded-jobs?api-version=2022-07-18-preview",
      "RequestMethod": "PATCH",
      "RequestHeaders": {
        "Accept": "application/json",
        "Accept-Encoding": "gzip,deflate",
        "Authorization": "Sanitized",
        "Connection": "keep-alive",
        "Content-Length": "69",
        "Content-Type": "application/merge-patch\u002Bjson",
        "User-Agent": "azsdk-js-communication-job-router/V2022-07-18-preview azsdk-js-communication-job-router/1.0.0-beta.1 core-rest-pipeline/1.11.1 Node/v16.16.0 OS/(x64-Windows_NT-10.0.22621)",
        "x-ms-client-request-id": "af952f00-413d-4573-98d5-1ba01093b239",
        "x-ms-content-sha256": "n\u002BFtt1nmNAxZTdMqG8hN\u002BjaPnFzlvGX5O5hKuLFDC\u002BQ=",
        "x-ms-date": "Fri, 21 Jul 2023 05:46:10 GMT"
      },
      "RequestBody": {
        "name": "test-c-policy",
        "fallbackQueueId": "test-queue-recorded-jobs"
      },
      "StatusCode": 201,
      "ResponseHeaders": {
        "api-supported-versions": "2021-04-07-preview1, 2022-07-18-preview",
        "Connection": "keep-alive",
        "Content-Type": "application/json; charset=utf-8",
        "Date": "Fri, 21 Jul 2023 05:46:10 GMT",
        "ETag": "\u0022000014b0-0000-0700-0000-64ba1ba20000\u0022",
        "Last-Modified": "Fri, 21 Jul 2023 05:46:10 GMT",
        "trace-id": "e17bd3dc-13a7-4761-02c7-1c79199c0cbf",
        "Transfer-Encoding": "chunked",
        "x-azure-ref": "20230721T054610Z-mb4c8vp0qd29zaa8d7ctn3cngw00000000tg000000007fu1",
        "X-Cache": "CONFIG_NOCACHE"
      },
      "ResponseBody": {
        "id": "test-c-policy-recorded-jobs",
        "name": "test-c-policy",
        "fallbackQueueId": "test-queue-recorded-jobs",
        "queueSelectors": [],
        "workerSelectors": []
      }
    },
    {
      "RequestUri": "https://endpoint/routing/jobs/test-job-recorded-jobs?api-version=2022-07-18-preview",
      "RequestMethod": "PATCH",
      "RequestHeaders": {
        "Accept": "application/json",
        "Accept-Encoding": "gzip,deflate",
        "Authorization": "Sanitized",
        "Connection": "keep-alive",
        "Content-Length": "276",
        "Content-Type": "application/merge-patch\u002Bjson",
        "User-Agent": "azsdk-js-communication-job-router/V2022-07-18-preview azsdk-js-communication-job-router/1.0.0-beta.1 core-rest-pipeline/1.11.1 Node/v16.16.0 OS/(x64-Windows_NT-10.0.22621)",
        "x-ms-client-request-id": "ca22b99c-efa5-4d79-afc6-e482e6b348d8",
        "x-ms-content-sha256": "ny/9ezDZahRuzBOD8h4\u002BdmiSdT2Ohm8JPaXN7pH6w7E=",
        "x-ms-date": "Fri, 21 Jul 2023 05:46:10 GMT"
      },
      "RequestBody": {
        "channelId": "test-channel",
        "classificationPolicyId": "test-c-policy-recorded-jobs",
        "queueId": "test-queue-recorded-jobs",
        "priority": 1,
        "labels": {},
        "notes": {},
        "matchingMode": {
          "modeType": "queueAndMatchMode",
          "queueAndMatchMode": {},
          "scheduleAndSuspendMode": null,
          "suspendMode": null
        }
      },
      "StatusCode": 201,
      "ResponseHeaders": {
        "api-supported-versions": "2021-04-07-preview1, 2022-07-18-preview",
        "Connection": "keep-alive",
        "Content-Type": "application/json; charset=utf-8",
        "Date": "Fri, 21 Jul 2023 05:46:10 GMT",
        "ETag": "\u002200000000-0000-0000-b5e5-9dc9ad89db08\u0022",
        "Last-Modified": "Fri, 21 Jul 2023 05:46:10 GMT",
        "trace-id": "6473c61d-d0d7-7755-c365-6662889ab1fc",
        "Transfer-Encoding": "chunked",
        "x-azure-ref": "20230721T054610Z-mb4c8vp0qd29zaa8d7ctn3cngw00000000tg000000007fub",
        "X-Cache": "CONFIG_NOCACHE"
      },
      "ResponseBody": {
        "id": "test-job-recorded-jobs",
        "status": "pendingClassification",
        "channelId": "test-channel",
        "classificationPolicyId": "test-c-policy-recorded-jobs",
        "queueId": "test-queue-recorded-jobs",
        "priority": 1,
        "requestedWorkerSelectors": [],
        "attachedWorkerSelectors": [],
        "labels": {},
        "assignments": {},
        "tags": {},
        "notes": {},
        "matchingMode": {
          "modeType": "queueAndMatchMode",
          "queueAndMatchMode": {}
        }
      }
    },
    {
      "RequestUri": "https://endpoint/routing/jobs/test-job-recorded-jobs?api-version=2022-07-18-preview",
      "RequestMethod": "GET",
      "RequestHeaders": {
        "Accept": "application/json",
        "Accept-Encoding": "gzip,deflate",
        "Authorization": "Sanitized",
        "Connection": "keep-alive",
        "User-Agent": "azsdk-js-communication-job-router/V2022-07-18-preview azsdk-js-communication-job-router/1.0.0-beta.1 core-rest-pipeline/1.11.1 Node/v16.16.0 OS/(x64-Windows_NT-10.0.22621)",
        "x-ms-client-request-id": "e8794970-3900-4a4f-bf02-b650cb2b0c5f",
        "x-ms-content-sha256": "47DEQpj8HBSa\u002B/TImW\u002B5JCeuQeRkm5NMpJWZG3hSuFU=",
        "x-ms-date": "Fri, 21 Jul 2023 05:46:10 GMT"
      },
      "RequestBody": null,
      "StatusCode": 200,
      "ResponseHeaders": {
        "api-supported-versions": "2021-04-07-preview1, 2022-07-18-preview",
        "Connection": "keep-alive",
        "Content-Type": "application/json; charset=utf-8",
        "Date": "Fri, 21 Jul 2023 05:46:10 GMT",
        "ETag": "\u002200000000-0000-0000-b5e5-9dc9ad89db08\u0022",
        "Last-Modified": "Fri, 21 Jul 2023 05:46:10 GMT",
        "trace-id": "f29864ae-484b-8028-949b-fc987d0bc285",
        "Transfer-Encoding": "chunked",
        "x-azure-ref": "20230721T054610Z-mb4c8vp0qd29zaa8d7ctn3cngw00000000tg000000007fuw",
        "X-Cache": "CONFIG_NOCACHE"
      },
      "ResponseBody": {
        "id": "test-job-recorded-jobs",
        "status": "pendingClassification",
        "channelId": "test-channel",
        "classificationPolicyId": "test-c-policy-recorded-jobs",
        "queueId": "test-queue-recorded-jobs",
        "priority": 1,
        "requestedWorkerSelectors": [],
        "attachedWorkerSelectors": [],
        "labels": {},
        "assignments": {},
        "tags": {},
        "notes": {},
        "matchingMode": {
          "modeType": "queueAndMatchMode",
          "queueAndMatchMode": {}
        }
      }
    },
    {
      "RequestUri": "https://endpoint/routing/jobs/test-job-recorded-jobs?api-version=2022-07-18-preview",
      "RequestMethod": "GET",
      "RequestHeaders": {
        "Accept": "application/json",
        "Accept-Encoding": "gzip,deflate",
        "Authorization": "Sanitized",
        "Connection": "keep-alive",
        "User-Agent": "azsdk-js-communication-job-router/V2022-07-18-preview azsdk-js-communication-job-router/1.0.0-beta.1 core-rest-pipeline/1.11.1 Node/v16.16.0 OS/(x64-Windows_NT-10.0.22621)",
        "x-ms-client-request-id": "cb6178d8-ec87-47d5-8a74-c2dada72a31f",
        "x-ms-content-sha256": "47DEQpj8HBSa\u002B/TImW\u002B5JCeuQeRkm5NMpJWZG3hSuFU=",
        "x-ms-date": "Fri, 21 Jul 2023 05:46:10 GMT"
      },
      "RequestBody": null,
      "StatusCode": 200,
      "ResponseHeaders": {
        "api-supported-versions": "2021-04-07-preview1, 2022-07-18-preview",
        "Connection": "keep-alive",
        "Content-Type": "application/json; charset=utf-8",
        "Date": "Fri, 21 Jul 2023 05:46:10 GMT",
        "ETag": "\u002200000001-0000-0000-97cc-b0c9ad89db08\u0022",
        "Last-Modified": "Fri, 21 Jul 2023 05:46:10 GMT",
        "trace-id": "9165688c-061b-db5e-3a63-bbccaaa09dca",
        "Transfer-Encoding": "chunked",
        "x-azure-ref": "20230721T054610Z-mb4c8vp0qd29zaa8d7ctn3cngw00000000tg000000007fve",
        "X-Cache": "CONFIG_NOCACHE"
      },
      "ResponseBody": {
        "id": "test-job-recorded-jobs",
        "status": "waitingForActivation",
        "channelId": "test-channel",
        "classificationPolicyId": "test-c-policy-recorded-jobs",
        "queueId": "test-queue-recorded-jobs",
        "priority": 1,
        "requestedWorkerSelectors": [],
        "attachedWorkerSelectors": [],
        "labels": {},
        "assignments": {},
        "tags": {},
        "notes": {},
        "matchingMode": {
          "modeType": "queueAndMatchMode",
          "queueAndMatchMode": {}
        }
      }
    },
    {
      "RequestUri": "https://endpoint/routing/jobs/test-job-recorded-jobs?api-version=2022-07-18-preview",
      "RequestMethod": "GET",
      "RequestHeaders": {
        "Accept": "application/json",
        "Accept-Encoding": "gzip,deflate",
        "Authorization": "Sanitized",
        "Connection": "keep-alive",
        "User-Agent": "azsdk-js-communication-job-router/V2022-07-18-preview azsdk-js-communication-job-router/1.0.0-beta.1 core-rest-pipeline/1.11.1 Node/v16.16.0 OS/(x64-Windows_NT-10.0.22621)",
        "x-ms-client-request-id": "acede76d-c4e5-4d12-8059-c800bdbca9c8",
        "x-ms-content-sha256": "47DEQpj8HBSa\u002B/TImW\u002B5JCeuQeRkm5NMpJWZG3hSuFU=",
        "x-ms-date": "Fri, 21 Jul 2023 05:46:10 GMT"
      },
      "RequestBody": null,
      "StatusCode": 200,
      "ResponseHeaders": {
        "api-supported-versions": "2021-04-07-preview1, 2022-07-18-preview",
        "Connection": "keep-alive",
        "Content-Type": "application/json; charset=utf-8",
        "Date": "Fri, 21 Jul 2023 05:46:11 GMT",
        "ETag": "\u002200000001-0000-0000-97cc-b0c9ad89db08\u0022",
        "Last-Modified": "Fri, 21 Jul 2023 05:46:10 GMT",
        "trace-id": "bd5e0a8b-ea7a-8455-9c1d-0f18232119e5",
        "Transfer-Encoding": "chunked",
        "x-azure-ref": "20230721T054611Z-mb4c8vp0qd29zaa8d7ctn3cngw00000000tg000000007fvk",
        "X-Cache": "CONFIG_NOCACHE"
      },
      "ResponseBody": {
        "id": "test-job-recorded-jobs",
        "status": "waitingForActivation",
        "channelId": "test-channel",
        "classificationPolicyId": "test-c-policy-recorded-jobs",
        "queueId": "test-queue-recorded-jobs",
        "priority": 1,
        "requestedWorkerSelectors": [],
        "attachedWorkerSelectors": [],
        "labels": {},
        "assignments": {},
        "tags": {},
        "notes": {},
        "matchingMode": {
          "modeType": "queueAndMatchMode",
          "queueAndMatchMode": {}
        }
      }
    },
    {
      "RequestUri": "https://endpoint/routing/jobs/test-job-recorded-jobs?api-version=2022-07-18-preview",
      "RequestMethod": "GET",
      "RequestHeaders": {
        "Accept": "application/json",
        "Accept-Encoding": "gzip,deflate",
        "Authorization": "Sanitized",
        "Connection": "keep-alive",
        "User-Agent": "azsdk-js-communication-job-router/V2022-07-18-preview azsdk-js-communication-job-router/1.0.0-beta.1 core-rest-pipeline/1.11.1 Node/v16.16.0 OS/(x64-Windows_NT-10.0.22621)",
        "x-ms-client-request-id": "889fa36c-a502-4b90-ac0f-55b41a4423d2",
        "x-ms-content-sha256": "47DEQpj8HBSa\u002B/TImW\u002B5JCeuQeRkm5NMpJWZG3hSuFU=",
        "x-ms-date": "Fri, 21 Jul 2023 05:46:10 GMT"
      },
      "RequestBody": null,
      "StatusCode": 200,
      "ResponseHeaders": {
        "api-supported-versions": "2021-04-07-preview1, 2022-07-18-preview",
        "Connection": "keep-alive",
        "Content-Type": "application/json; charset=utf-8",
        "Date": "Fri, 21 Jul 2023 05:46:11 GMT",
        "ETag": "\u002200000002-0000-0000-e55f-c2c9ad89db08\u0022",
        "Last-Modified": "Fri, 21 Jul 2023 05:46:11 GMT",
        "trace-id": "dabc3616-a6b2-67f5-cf73-982205def204",
        "Transfer-Encoding": "chunked",
        "x-azure-ref": "20230721T054611Z-mb4c8vp0qd29zaa8d7ctn3cngw00000000tg000000007fvr",
        "X-Cache": "CONFIG_NOCACHE"
      },
      "ResponseBody": {
        "id": "test-job-recorded-jobs",
        "status": "queued",
        "enqueuedAt": "2023-07-21T05:46:11.0363621\u002B00:00",
        "channelId": "test-channel",
        "classificationPolicyId": "test-c-policy-recorded-jobs",
        "queueId": "test-queue-recorded-jobs",
        "priority": 1,
        "requestedWorkerSelectors": [],
        "attachedWorkerSelectors": [],
        "labels": {},
        "assignments": {},
        "tags": {},
        "notes": {},
        "matchingMode": {
          "modeType": "queueAndMatchMode",
          "queueAndMatchMode": {}
        }
      }
    },
    {
      "RequestUri": "https://endpoint/routing/jobs/test-job-recorded-jobs/position?api-version=2022-07-18-preview",
      "RequestMethod": "GET",
      "RequestHeaders": {
        "Accept": "application/json",
        "Accept-Encoding": "gzip,deflate",
        "Authorization": "Sanitized",
        "Connection": "keep-alive",
        "User-Agent": "azsdk-js-communication-job-router/V2022-07-18-preview azsdk-js-communication-job-router/1.0.0-beta.1 core-rest-pipeline/1.11.1 Node/v16.16.0 OS/(x64-Windows_NT-10.0.22621)",
        "x-ms-client-request-id": "00afdf4c-4a7b-41dd-ba76-740878d63eca",
        "x-ms-content-sha256": "47DEQpj8HBSa\u002B/TImW\u002B5JCeuQeRkm5NMpJWZG3hSuFU=",
        "x-ms-date": "Fri, 21 Jul 2023 05:46:10 GMT"
      },
      "RequestBody": null,
      "StatusCode": 200,
      "ResponseHeaders": {
        "api-supported-versions": "2021-04-07-preview1, 2022-07-18-preview",
        "Connection": "keep-alive",
        "Content-Type": "application/json; charset=utf-8",
        "Date": "Fri, 21 Jul 2023 05:46:11 GMT",
        "trace-id": "e7e10344-fc4b-4c79-49f7-b46d1778630a",
        "Transfer-Encoding": "chunked",
        "x-azure-ref": "20230721T054611Z-mb4c8vp0qd29zaa8d7ctn3cngw00000000tg000000007fvv",
        "X-Cache": "CONFIG_NOCACHE"
      },
      "ResponseBody": {
        "jobId": "test-job-recorded-jobs",
        "position": 1,
        "queueId": "test-queue-recorded-jobs",
        "queueLength": 1
      }
    },
    {
      "RequestUri": "https://endpoint/routing/jobs/test-job-recorded-jobs?api-version=2022-07-18-preview",
      "RequestMethod": "GET",
      "RequestHeaders": {
        "Accept": "application/json",
        "Accept-Encoding": "gzip,deflate",
        "Authorization": "Sanitized",
        "Connection": "keep-alive",
        "User-Agent": "azsdk-js-communication-job-router/V2022-07-18-preview azsdk-js-communication-job-router/1.0.0-beta.1 core-rest-pipeline/1.11.1 Node/v16.16.0 OS/(x64-Windows_NT-10.0.22621)",
        "x-ms-client-request-id": "c1e018ac-c862-4814-acbd-be4bf1a6f5bb",
        "x-ms-content-sha256": "47DEQpj8HBSa\u002B/TImW\u002B5JCeuQeRkm5NMpJWZG3hSuFU=",
        "x-ms-date": "Fri, 21 Jul 2023 05:46:10 GMT"
      },
      "RequestBody": null,
      "StatusCode": 200,
      "ResponseHeaders": {
        "api-supported-versions": "2021-04-07-preview1, 2022-07-18-preview",
        "Connection": "keep-alive",
        "Content-Type": "application/json; charset=utf-8",
        "Date": "Fri, 21 Jul 2023 05:46:11 GMT",
        "ETag": "\u002200000002-0000-0000-e55f-c2c9ad89db08\u0022",
        "Last-Modified": "Fri, 21 Jul 2023 05:46:11 GMT",
        "trace-id": "4bf9895a-7003-b1eb-0ea1-d2e6b070d0a9",
        "Transfer-Encoding": "chunked",
        "x-azure-ref": "20230721T054611Z-mb4c8vp0qd29zaa8d7ctn3cngw00000000tg000000007fw2",
        "X-Cache": "CONFIG_NOCACHE"
      },
      "ResponseBody": {
        "id": "test-job-recorded-jobs",
        "status": "queued",
        "enqueuedAt": "2023-07-21T05:46:11.0363621\u002B00:00",
        "channelId": "test-channel",
        "classificationPolicyId": "test-c-policy-recorded-jobs",
        "queueId": "test-queue-recorded-jobs",
        "priority": 1,
        "requestedWorkerSelectors": [],
        "attachedWorkerSelectors": [],
        "labels": {},
        "assignments": {},
        "tags": {},
        "notes": {},
        "matchingMode": {
          "modeType": "queueAndMatchMode",
          "queueAndMatchMode": {}
        }
      }
    },
    {
      "RequestUri": "https://endpoint/routing/jobs/test-job-recorded-jobs:cancel?api-version=2022-07-18-preview",
      "RequestMethod": "POST",
      "RequestHeaders": {
        "Accept": "application/json",
        "Accept-Encoding": "gzip,deflate",
        "Authorization": "Sanitized",
        "Connection": "keep-alive",
        "Content-Length": "0",
        "Content-Type": "application/json",
        "User-Agent": "azsdk-js-communication-job-router/V2022-07-18-preview azsdk-js-communication-job-router/1.0.0-beta.1 core-rest-pipeline/1.11.1 Node/v16.16.0 OS/(x64-Windows_NT-10.0.22621)",
        "x-ms-client-request-id": "1d6d060c-5a4c-452f-a1e9-6a5149a173c9",
        "x-ms-content-sha256": "47DEQpj8HBSa\u002B/TImW\u002B5JCeuQeRkm5NMpJWZG3hSuFU=",
        "x-ms-date": "Fri, 21 Jul 2023 05:46:10 GMT"
      },
      "RequestBody": null,
      "StatusCode": 200,
      "ResponseHeaders": {
        "api-supported-versions": "2021-04-07-preview1, 2022-07-18-preview",
        "Connection": "keep-alive",
        "Content-Type": "application/json; charset=utf-8",
        "Date": "Fri, 21 Jul 2023 05:46:11 GMT",
        "trace-id": "4d6fda85-d018-49bb-43d5-4ba3edc7b7be",
        "Transfer-Encoding": "chunked",
        "x-azure-ref": "20230721T054611Z-mb4c8vp0qd29zaa8d7ctn3cngw00000000tg000000007fw9",
        "X-Cache": "CONFIG_NOCACHE"
      },
      "ResponseBody": {}
    },
    {
      "RequestUri": "https://endpoint/routing/jobs/test-job-recorded-jobs?api-version=2022-07-18-preview",
      "RequestMethod": "DELETE",
      "RequestHeaders": {
        "Accept": "application/json",
        "Accept-Encoding": "gzip,deflate",
        "Authorization": "Sanitized",
        "Connection": "keep-alive",
        "User-Agent": "azsdk-js-communication-job-router/V2022-07-18-preview azsdk-js-communication-job-router/1.0.0-beta.1 core-rest-pipeline/1.11.1 Node/v16.16.0 OS/(x64-Windows_NT-10.0.22621)",
        "x-ms-client-request-id": "470de0ab-4641-48aa-b33a-2fe3f0bb318a",
        "x-ms-content-sha256": "47DEQpj8HBSa\u002B/TImW\u002B5JCeuQeRkm5NMpJWZG3hSuFU=",
        "x-ms-date": "Fri, 21 Jul 2023 05:46:10 GMT"
      },
      "RequestBody": null,
      "StatusCode": 204,
      "ResponseHeaders": {
        "api-supported-versions": "2021-04-07-preview1, 2022-07-18-preview",
        "Connection": "keep-alive",
        "Date": "Fri, 21 Jul 2023 05:46:11 GMT",
        "trace-id": "b12b815f-ea6a-da81-cb62-b9e735314a61",
        "x-azure-ref": "20230721T054611Z-mb4c8vp0qd29zaa8d7ctn3cngw00000000tg000000007fwn",
        "X-Cache": "CONFIG_NOCACHE"
      },
      "ResponseBody": null
    },
    {
      "RequestUri": "https://endpoint/routing/classificationPolicies/test-c-policy-recorded-jobs?api-version=2022-07-18-preview",
      "RequestMethod": "DELETE",
      "RequestHeaders": {
        "Accept": "application/json",
        "Accept-Encoding": "gzip,deflate",
        "Authorization": "Sanitized",
        "Connection": "keep-alive",
        "User-Agent": "azsdk-js-communication-job-router/V2022-07-18-preview azsdk-js-communication-job-router/1.0.0-beta.1 core-rest-pipeline/1.11.1 Node/v16.16.0 OS/(x64-Windows_NT-10.0.22621)",
        "x-ms-client-request-id": "37a6a002-3eb5-4b2b-bbe5-f1844d5d51b3",
        "x-ms-content-sha256": "47DEQpj8HBSa\u002B/TImW\u002B5JCeuQeRkm5NMpJWZG3hSuFU=",
        "x-ms-date": "Fri, 21 Jul 2023 05:46:10 GMT"
      },
      "RequestBody": null,
      "StatusCode": 204,
      "ResponseHeaders": {
        "api-supported-versions": "2021-04-07-preview1, 2022-07-18-preview",
        "Connection": "keep-alive",
        "Date": "Fri, 21 Jul 2023 05:46:11 GMT",
        "trace-id": "42e95e42-fd49-5daf-cc87-3bf9e01338dc",
        "x-azure-ref": "20230721T054611Z-mb4c8vp0qd29zaa8d7ctn3cngw00000000tg000000007fwy",
        "X-Cache": "CONFIG_NOCACHE"
      },
      "ResponseBody": null
    },
    {
      "RequestUri": "https://endpoint/routing/queues/test-queue-recorded-jobs?api-version=2022-07-18-preview",
      "RequestMethod": "DELETE",
      "RequestHeaders": {
        "Accept": "application/json",
        "Accept-Encoding": "gzip,deflate",
        "Authorization": "Sanitized",
        "Connection": "keep-alive",
        "User-Agent": "azsdk-js-communication-job-router/V2022-07-18-preview azsdk-js-communication-job-router/1.0.0-beta.1 core-rest-pipeline/1.11.1 Node/v16.16.0 OS/(x64-Windows_NT-10.0.22621)",
        "x-ms-client-request-id": "59b152c6-75a0-41fa-aa60-5713ae0bfddb",
        "x-ms-content-sha256": "47DEQpj8HBSa\u002B/TImW\u002B5JCeuQeRkm5NMpJWZG3hSuFU=",
        "x-ms-date": "Fri, 21 Jul 2023 05:46:11 GMT"
      },
      "RequestBody": null,
      "StatusCode": 204,
      "ResponseHeaders": {
        "api-supported-versions": "2021-04-07-preview1, 2022-07-18-preview",
        "Connection": "keep-alive",
        "Date": "Fri, 21 Jul 2023 05:46:11 GMT",
        "trace-id": "a83a7134-0c82-5951-6790-ac806487eb0a",
        "x-azure-ref": "20230721T054611Z-mb4c8vp0qd29zaa8d7ctn3cngw00000000tg000000007fxc",
        "X-Cache": "CONFIG_NOCACHE"
      },
      "ResponseBody": null
    },
    {
      "RequestUri": "https://endpoint/routing/exceptionPolicies/test-e-policy-recorded-jobs?api-version=2022-07-18-preview",
      "RequestMethod": "DELETE",
      "RequestHeaders": {
        "Accept": "application/json",
        "Accept-Encoding": "gzip,deflate",
        "Authorization": "Sanitized",
        "Connection": "keep-alive",
        "User-Agent": "azsdk-js-communication-job-router/V2022-07-18-preview azsdk-js-communication-job-router/1.0.0-beta.1 core-rest-pipeline/1.11.1 Node/v16.16.0 OS/(x64-Windows_NT-10.0.22621)",
        "x-ms-client-request-id": "e2c15ce4-6947-4d17-ad02-88cc02ec80cb",
        "x-ms-content-sha256": "47DEQpj8HBSa\u002B/TImW\u002B5JCeuQeRkm5NMpJWZG3hSuFU=",
        "x-ms-date": "Fri, 21 Jul 2023 05:46:11 GMT"
      },
      "RequestBody": null,
      "StatusCode": 204,
      "ResponseHeaders": {
        "api-supported-versions": "2021-04-07-preview1, 2022-07-18-preview",
        "Connection": "keep-alive",
        "Date": "Fri, 21 Jul 2023 05:46:11 GMT",
        "trace-id": "95601e5a-cfcf-f22b-403b-34c1c317e532",
        "x-azure-ref": "20230721T054611Z-mb4c8vp0qd29zaa8d7ctn3cngw00000000tg000000007fy5",
        "X-Cache": "CONFIG_NOCACHE"
      },
      "ResponseBody": null
    },
    {
      "RequestUri": "https://endpoint/routing/distributionPolicies/test-d-policy-recorded-jobs?api-version=2022-07-18-preview",
      "RequestMethod": "DELETE",
      "RequestHeaders": {
        "Accept": "application/json",
        "Accept-Encoding": "gzip,deflate",
        "Authorization": "Sanitized",
        "Connection": "keep-alive",
        "User-Agent": "azsdk-js-communication-job-router/V2022-07-18-preview azsdk-js-communication-job-router/1.0.0-beta.1 core-rest-pipeline/1.11.1 Node/v16.16.0 OS/(x64-Windows_NT-10.0.22621)",
        "x-ms-client-request-id": "eab8bfd6-b488-44f8-b5eb-9261797cb9ca",
        "x-ms-content-sha256": "47DEQpj8HBSa\u002B/TImW\u002B5JCeuQeRkm5NMpJWZG3hSuFU=",
        "x-ms-date": "Fri, 21 Jul 2023 05:46:11 GMT"
      },
      "RequestBody": null,
      "StatusCode": 204,
      "ResponseHeaders": {
        "api-supported-versions": "2021-04-07-preview1, 2022-07-18-preview",
        "Connection": "keep-alive",
        "Date": "Fri, 21 Jul 2023 05:46:11 GMT",
        "trace-id": "844482a2-6340-cdf5-e2b9-b3c36d758923",
        "x-azure-ref": "20230721T054611Z-mb4c8vp0qd29zaa8d7ctn3cngw00000000tg000000007fye",
        "X-Cache": "CONFIG_NOCACHE"
      },
      "ResponseBody": null
    }
  ],
  "Variables": {}
}
