{
  "Entries": [
    {
      "RequestUri": "https://endpoint/sip?api-version=2021-05-01-preview",
      "RequestMethod": "PATCH",
      "RequestHeaders": {
        "Accept": "application/json",
        "Accept-Encoding": "gzip, deflate, br",
        "Accept-Language": "en-US",
        "Authorization": "Sanitized",
        "Connection": "keep-alive",
        "Content-Length": "82",
        "Content-Type": "application/merge-patch\u002Bjson",
        "Referer": "http://localhost:9876/",
        "sec-ch-ua": "",
        "sec-ch-ua-mobile": "?0",
        "sec-ch-ua-platform": "",
        "Sec-Fetch-Dest": "empty",
        "Sec-Fetch-Mode": "cors",
        "Sec-Fetch-Site": "same-site",
        "User-Agent": "Mozilla/5.0 (X11; Linux x86_64) AppleWebKit/537.36 (KHTML, like Gecko) HeadlessChrome/108.0.5351.0 Safari/537.36",
        "x-ms-client-request-id": "sanitized",
        "x-ms-useragent": "azsdk-js-communication-phone-numbers/1.2.0-beta.5 core-rest-pipeline/1.10.1 OS/Linuxx86_64"
      },
      "RequestBody": {
        "trunks": {
          "test.4c7d3a5159a049d2930ece8df0d9664a.com": {
            "sipSignalingPort": 5678
          }
        }
      },
      "StatusCode": 200,
      "ResponseHeaders": {
        "api-supported-versions": "2021-05-01-preview, 2022-09-01-preview",
        "Content-Type": "application/json; charset=utf-8",
        "Date": "Fri, 06 Jan 2023 17:37:23 GMT",
        "MS-CV": "a1ahAbmndEaS2dm8iM/bmA.0",
        "Strict-Transport-Security": "max-age=2592000",
        "Transfer-Encoding": "chunked",
        "X-Azure-Ref": "0U1y4YwAAAAA2hI3rqvn/S5PDtj2VswMuTUVYMzBFREdFMTEwOQA5ZmM3YjUxOS1hOGNjLTRmODktOTM1ZS1jOTE0OGFlMDllODE=",
        "X-Cache": "CONFIG_NOCACHE",
        "X-Processing-Time": "516ms"
      },
      "ResponseBody": {
        "trunks": {
          "test.4c7d3a5159a049d2930ece8df0d9664a.com": {
            "sipSignalingPort": 5678
          }
        },
        "routes": []
      }
    },
    {
      "RequestUri": "https://endpoint/sip?api-version=2021-05-01-preview",
      "RequestMethod": "GET",
      "RequestHeaders": {
        "Accept": "application/json",
        "Accept-Encoding": "gzip, deflate, br",
        "Accept-Language": "en-US",
        "Authorization": "Sanitized",
        "Connection": "keep-alive",
        "Referer": "http://localhost:9876/",
        "sec-ch-ua": "",
        "sec-ch-ua-mobile": "?0",
        "sec-ch-ua-platform": "",
        "Sec-Fetch-Dest": "empty",
        "Sec-Fetch-Mode": "cors",
        "Sec-Fetch-Site": "same-site",
        "User-Agent": "Mozilla/5.0 (X11; Linux x86_64) AppleWebKit/537.36 (KHTML, like Gecko) HeadlessChrome/108.0.5351.0 Safari/537.36",
        "x-ms-client-request-id": "sanitized",
        "x-ms-useragent": "azsdk-js-communication-phone-numbers/1.2.0-beta.5 core-rest-pipeline/1.10.1 OS/Linuxx86_64"
      },
      "RequestBody": null,
      "StatusCode": 200,
      "ResponseHeaders": {
        "api-supported-versions": "2021-05-01-preview, 2022-09-01-preview",
        "Content-Type": "application/json; charset=utf-8",
        "Date": "Fri, 06 Jan 2023 17:37:24 GMT",
        "MS-CV": "2XWK5iIFVEG9EiNU3k6lLA.0",
        "Strict-Transport-Security": "max-age=2592000",
        "Transfer-Encoding": "chunked",
        "X-Azure-Ref": "0VFy4YwAAAACVC1nCXvImS47ideXxst1\u002BTUVYMzBFREdFMTEwOQA5ZmM3YjUxOS1hOGNjLTRmODktOTM1ZS1jOTE0OGFlMDllODE=",
        "X-Cache": "CONFIG_NOCACHE",
        "X-Processing-Time": "921ms"
      },
      "ResponseBody": {
        "trunks": {
          "test.4c7d3a5159a049d2930ece8df0d9664a.com": {
            "sipSignalingPort": 5678
          }
        },
        "routes": []
      }
    },
    {
      "RequestUri": "https://endpoint/sip?api-version=2021-05-01-preview",
      "RequestMethod": "PATCH",
      "RequestHeaders": {
        "Accept": "application/json",
        "Accept-Encoding": "gzip, deflate, br",
        "Accept-Language": "en-US",
        "Authorization": "Sanitized",
        "Connection": "keep-alive",
        "Content-Length": "61",
        "Content-Type": "application/merge-patch\u002Bjson",
        "Referer": "http://localhost:9876/",
        "sec-ch-ua": "",
        "sec-ch-ua-mobile": "?0",
        "sec-ch-ua-platform": "",
        "Sec-Fetch-Dest": "empty",
        "Sec-Fetch-Mode": "cors",
        "Sec-Fetch-Site": "same-site",
        "User-Agent": "Mozilla/5.0 (X11; Linux x86_64) AppleWebKit/537.36 (KHTML, like Gecko) HeadlessChrome/108.0.5351.0 Safari/537.36",
        "x-ms-client-request-id": "sanitized",
        "x-ms-useragent": "azsdk-js-communication-phone-numbers/1.2.0-beta.5 core-rest-pipeline/1.10.1 OS/Linuxx86_64"
      },
      "RequestBody": {
        "trunks": {
          "test.4c7d3a5159a049d2930ece8df0d9664a.com": null
        }
      },
      "StatusCode": 200,
      "ResponseHeaders": {
        "api-supported-versions": "2021-05-01-preview, 2022-09-01-preview",
        "Content-Type": "application/json; charset=utf-8",
        "Date": "Fri, 06 Jan 2023 17:37:25 GMT",
        "MS-CV": "h7PQEByDfEeD7QqsR/HaeQ.0",
        "Strict-Transport-Security": "max-age=2592000",
        "Transfer-Encoding": "chunked",
        "X-Azure-Ref": "0VVy4YwAAAAAFVgmSSFZwSqNy3mDv2LrnTUVYMzBFREdFMTEwOQA5ZmM3YjUxOS1hOGNjLTRmODktOTM1ZS1jOTE0OGFlMDllODE=",
        "X-Cache": "CONFIG_NOCACHE",
        "X-Processing-Time": "620ms"
      },
      "ResponseBody": {
        "trunks": {},
        "routes": []
      }
    },
    {
      "RequestUri": "https://endpoint/sip?api-version=2021-05-01-preview",
      "RequestMethod": "GET",
      "RequestHeaders": {
        "Accept": "application/json",
        "Accept-Encoding": "gzip, deflate, br",
        "Accept-Language": "en-US",
        "Authorization": "Sanitized",
        "Connection": "keep-alive",
        "Referer": "http://localhost:9876/",
        "sec-ch-ua": "",
        "sec-ch-ua-mobile": "?0",
        "sec-ch-ua-platform": "",
        "Sec-Fetch-Dest": "empty",
        "Sec-Fetch-Mode": "cors",
        "Sec-Fetch-Site": "same-site",
        "User-Agent": "Mozilla/5.0 (X11; Linux x86_64) AppleWebKit/537.36 (KHTML, like Gecko) HeadlessChrome/108.0.5351.0 Safari/537.36",
        "x-ms-client-request-id": "sanitized",
        "x-ms-useragent": "azsdk-js-communication-phone-numbers/1.2.0-beta.5 core-rest-pipeline/1.10.1 OS/Linuxx86_64"
      },
      "RequestBody": null,
      "StatusCode": 200,
      "ResponseHeaders": {
        "api-supported-versions": "2021-05-01-preview, 2022-09-01-preview",
        "Content-Type": "application/json; charset=utf-8",
        "Date": "Fri, 06 Jan 2023 17:37:26 GMT",
        "MS-CV": "84oQymUaDEyqbDxm/UrVOQ.0",
        "Strict-Transport-Security": "max-age=2592000",
        "Transfer-Encoding": "chunked",
        "X-Azure-Ref": "0VVy4YwAAAABzneTds2nfTJE6xH76OkF6TUVYMzBFREdFMTEwOQA5ZmM3YjUxOS1hOGNjLTRmODktOTM1ZS1jOTE0OGFlMDllODE=",
        "X-Cache": "CONFIG_NOCACHE",
        "X-Processing-Time": "353ms"
      },
      "ResponseBody": {
        "trunks": {},
        "routes": []
      }
    }
  ],
  "Variables": {
    "fqdn-1": "test.4c7d3a5159a049d2930ece8df0d9664a.com"
  }
}
