{
  "Entries": [
    {
      "RequestUri": "https://endpoint/sip?api-version=2021-05-01-preview",
      "RequestMethod": "PATCH",
      "RequestHeaders": {
        "Accept": "application/json",
        "Accept-Encoding": "gzip, deflate, br",
        "Accept-Language": "en-US",
        "Authorization": "Sanitized",
        "Connection": "keep-alive",
        "Content-Length": "53",
        "Content-Type": "application/merge-patch\u002Bjson",
        "Referer": "http://localhost:9876/",
        "sec-ch-ua": "",
        "sec-ch-ua-mobile": "?0",
        "sec-ch-ua-platform": "",
        "Sec-Fetch-Dest": "empty",
        "Sec-Fetch-Mode": "cors",
        "Sec-Fetch-Site": "same-site",
        "User-Agent": "Mozilla/5.0 (Windows NT 10.0; Win64; x64) AppleWebKit/537.36 (KHTML, like Gecko) HeadlessChrome/103.0.5058.0 Safari/537.36",
        "x-ms-client-request-id": "sanitized",
        "x-ms-useragent": "azsdk-js-communication-phone-numbers/1.2.0-beta.5 core-rest-pipeline/1.9.3 OS/Win32"
      },
      "RequestBody": {
        "trunks": {
          "111.fqdn.com": {
            "sipSignalingPort": 5678
          }
        }
      },
      "StatusCode": 200,
      "ResponseHeaders": {
        "api-supported-versions": "2021-05-01-preview, 2022-09-01-preview",
        "Content-Type": "application/json; charset=utf-8",
        "Date": "Thu, 08 Sep 2022 23:24:51 GMT",
        "MS-CV": "RFYgDA1lAkWumgwju9o\u002BOw.0",
        "Strict-Transport-Security": "max-age=2592000",
        "Transfer-Encoding": "chunked",
        "X-Azure-Ref": "0w3kaYwAAAABDLoPD7kNxQYX6LA1eRfgpUFJHMDFFREdFMDkwOAA5ZmM3YjUxOS1hOGNjLTRmODktOTM1ZS1jOTE0OGFlMDllODE=",
        "X-Cache": "CONFIG_NOCACHE",
        "X-Processing-Time": "608ms"
      },
      "ResponseBody": {
        "trunks": {
          "777.fqdn.com": {
            "sipSignalingPort": 5678
          },
          "888.fqdn.com": {
            "sipSignalingPort": 5678
          },
          "111.fqdn.com": {
            "sipSignalingPort": 5678
          }
        },
        "routes": [
          {
            "description": "myFirstRoute\u0027s description",
            "name": "myFirstRoute",
            "numberPattern": "^\u002B[1-9][0-9]{3,23}$",
            "trunks": []
          },
          {
            "description": "mySecondRoute\u0027s description",
            "name": "mySecondRoute",
            "numberPattern": "^\u002B[1-9][0-9]{3,23}$",
            "trunks": []
          }
        ]
      }
    },
    {
      "RequestUri": "https://endpoint/sip?api-version=2021-05-01-preview",
      "RequestMethod": "GET",
      "RequestHeaders": {
        "Accept": "application/json",
        "Accept-Encoding": "gzip, deflate, br",
        "Accept-Language": "en-US",
        "Authorization": "Sanitized",
        "Connection": "keep-alive",
        "Referer": "http://localhost:9876/",
        "sec-ch-ua": "",
        "sec-ch-ua-mobile": "?0",
        "sec-ch-ua-platform": "",
        "Sec-Fetch-Dest": "empty",
        "Sec-Fetch-Mode": "cors",
        "Sec-Fetch-Site": "same-site",
        "User-Agent": "Mozilla/5.0 (Windows NT 10.0; Win64; x64) AppleWebKit/537.36 (KHTML, like Gecko) HeadlessChrome/103.0.5058.0 Safari/537.36",
        "x-ms-client-request-id": "sanitized",
        "x-ms-useragent": "azsdk-js-communication-phone-numbers/1.2.0-beta.5 core-rest-pipeline/1.9.3 OS/Win32"
      },
      "RequestBody": null,
      "StatusCode": 200,
      "ResponseHeaders": {
        "api-supported-versions": "2021-05-01-preview, 2022-09-01-preview",
        "Content-Type": "application/json; charset=utf-8",
        "Date": "Thu, 08 Sep 2022 23:24:52 GMT",
        "MS-CV": "qR\u002BRvc/9z0S7RAbp0hOxLw.0",
        "Strict-Transport-Security": "max-age=2592000",
        "Transfer-Encoding": "chunked",
        "X-Azure-Ref": "0xHkaYwAAAADFfHmW6vNvSYoZMchHi\u002BoZUFJHMDFFREdFMDkwOAA5ZmM3YjUxOS1hOGNjLTRmODktOTM1ZS1jOTE0OGFlMDllODE=",
        "X-Cache": "CONFIG_NOCACHE",
        "X-Processing-Time": "174ms"
      },
      "ResponseBody": {
        "trunks": {
          "777.fqdn.com": {
            "sipSignalingPort": 5678
          },
          "888.fqdn.com": {
            "sipSignalingPort": 5678
          },
          "111.fqdn.com": {
            "sipSignalingPort": 5678
          }
        },
        "routes": [
          {
            "description": "myFirstRoute\u0027s description",
            "name": "myFirstRoute",
            "numberPattern": "^\u002B[1-9][0-9]{3,23}$",
            "trunks": []
          },
          {
            "description": "mySecondRoute\u0027s description",
            "name": "mySecondRoute",
            "numberPattern": "^\u002B[1-9][0-9]{3,23}$",
            "trunks": []
          }
        ]
      }
    },
    {
      "RequestUri": "https://endpoint/sip?api-version=2021-05-01-preview",
      "RequestMethod": "PATCH",
      "RequestHeaders": {
        "Accept": "application/json",
        "Accept-Encoding": "gzip, deflate, br",
        "Accept-Language": "en-US",
        "Authorization": "Sanitized",
        "Connection": "keep-alive",
        "Content-Length": "32",
        "Content-Type": "application/merge-patch\u002Bjson",
        "Referer": "http://localhost:9876/",
        "sec-ch-ua": "",
        "sec-ch-ua-mobile": "?0",
        "sec-ch-ua-platform": "",
        "Sec-Fetch-Dest": "empty",
        "Sec-Fetch-Mode": "cors",
        "Sec-Fetch-Site": "same-site",
        "User-Agent": "Mozilla/5.0 (Windows NT 10.0; Win64; x64) AppleWebKit/537.36 (KHTML, like Gecko) HeadlessChrome/103.0.5058.0 Safari/537.36",
        "x-ms-client-request-id": "sanitized",
        "x-ms-useragent": "azsdk-js-communication-phone-numbers/1.2.0-beta.5 core-rest-pipeline/1.9.3 OS/Win32"
      },
      "RequestBody": {
        "trunks": {
          "111.fqdn.com": null
        }
      },
      "StatusCode": 200,
      "ResponseHeaders": {
        "api-supported-versions": "2021-05-01-preview, 2022-09-01-preview",
        "Content-Type": "application/json; charset=utf-8",
        "Date": "Thu, 08 Sep 2022 23:24:52 GMT",
        "MS-CV": "Y1nd8XZASE\u002Bg2RefZuPZhQ.0",
        "Strict-Transport-Security": "max-age=2592000",
        "Transfer-Encoding": "chunked",
        "X-Azure-Ref": "0xHkaYwAAAACI1B6kHnFJSagS\u002B4HxeyKPUFJHMDFFREdFMDkwOAA5ZmM3YjUxOS1hOGNjLTRmODktOTM1ZS1jOTE0OGFlMDllODE=",
        "X-Cache": "CONFIG_NOCACHE",
        "X-Processing-Time": "277ms"
      },
      "ResponseBody": {
        "trunks": {
          "777.fqdn.com": {
            "sipSignalingPort": 5678
          },
          "888.fqdn.com": {
            "sipSignalingPort": 5678
          }
        },
        "routes": [
          {
            "description": "myFirstRoute\u0027s description",
            "name": "myFirstRoute",
            "numberPattern": "^\u002B[1-9][0-9]{3,23}$",
            "trunks": []
          },
          {
            "description": "mySecondRoute\u0027s description",
            "name": "mySecondRoute",
            "numberPattern": "^\u002B[1-9][0-9]{3,23}$",
            "trunks": []
          }
        ]
      }
    },
    {
      "RequestUri": "https://endpoint/sip?api-version=2021-05-01-preview",
      "RequestMethod": "GET",
      "RequestHeaders": {
        "Accept": "application/json",
        "Accept-Encoding": "gzip, deflate, br",
        "Accept-Language": "en-US",
        "Authorization": "Sanitized",
        "Connection": "keep-alive",
        "Referer": "http://localhost:9876/",
        "sec-ch-ua": "",
        "sec-ch-ua-mobile": "?0",
        "sec-ch-ua-platform": "",
        "Sec-Fetch-Dest": "empty",
        "Sec-Fetch-Mode": "cors",
        "Sec-Fetch-Site": "same-site",
        "User-Agent": "Mozilla/5.0 (Windows NT 10.0; Win64; x64) AppleWebKit/537.36 (KHTML, like Gecko) HeadlessChrome/103.0.5058.0 Safari/537.36",
        "x-ms-client-request-id": "sanitized",
        "x-ms-useragent": "azsdk-js-communication-phone-numbers/1.2.0-beta.5 core-rest-pipeline/1.9.3 OS/Win32"
      },
      "RequestBody": null,
      "StatusCode": 200,
      "ResponseHeaders": {
        "api-supported-versions": "2021-05-01-preview, 2022-09-01-preview",
        "Content-Type": "application/json; charset=utf-8",
        "Date": "Thu, 08 Sep 2022 23:24:53 GMT",
        "MS-CV": "CEXO4zBo1EOPuRQ5\u002BqrUtQ.0",
        "Strict-Transport-Security": "max-age=2592000",
        "Transfer-Encoding": "chunked",
        "X-Azure-Ref": "0xXkaYwAAAAA44l9/yKY/R60LvU09DevsUFJHMDFFREdFMDkwOAA5ZmM3YjUxOS1hOGNjLTRmODktOTM1ZS1jOTE0OGFlMDllODE=",
        "X-Cache": "CONFIG_NOCACHE",
        "X-Processing-Time": "262ms"
      },
      "ResponseBody": {
        "trunks": {
          "777.fqdn.com": {
            "sipSignalingPort": 5678
          },
          "888.fqdn.com": {
            "sipSignalingPort": 5678
          }
        },
        "routes": [
          {
            "description": "myFirstRoute\u0027s description",
            "name": "myFirstRoute",
            "numberPattern": "^\u002B[1-9][0-9]{3,23}$",
            "trunks": []
          },
          {
            "description": "mySecondRoute\u0027s description",
            "name": "mySecondRoute",
            "numberPattern": "^\u002B[1-9][0-9]{3,23}$",
            "trunks": []
          }
        ]
      }
    }
  ],
  "Variables": {}
}
