{
  "Entries": [
    {
      "RequestUri": "https://8ab2df1c-ed88-4946-a8a9-e1bbb3e4d1fd-sdk-dc-4qb444onnk2tc.centraluseuap.devcenter.azure.com/projects/sdk-project-x2z4o4ohvwcbi/users/me/devboxes/mydevbox?api-version=2023-04-01",
      "RequestMethod": "PUT",
      "RequestHeaders": {
        "Accept": "application/json",
        "Accept-Encoding": "gzip,deflate",
        "Authorization": "Sanitized",
        "Connection": "keep-alive",
        "Content-Length": "37",
        "Content-Type": "application/json",
        "User-Agent": "azsdk-js-developer-devcenter-rest/1.0.0 core-rest-pipeline/1.10.2 Node/v18.16.0 OS/(x64-Windows_NT-10.0.22621)",
        "x-ms-client-request-id": "ca8e8374-382b-4d1c-87c0-85d5503d81c0"
      },
      "RequestBody": {
        "poolName": "sdk-pool-6ieikn5v2nfnu"
      },
      "StatusCode": 201,
      "ResponseHeaders": {
        "Connection": "keep-alive",
        "Content-Length": "923",
        "Content-Type": "application/json; charset=utf-8",
        "Date": "Sat, 06 May 2023 01:05:21 GMT",
        "Location": "https://8ab2df1c-ed88-4946-a8a9-e1bbb3e4d1fd-sdk-dc-4qb444onnk2tc.centraluseuap.devcenter.azure.com/projects/sdk-project-x2z4o4ohvwcbi/operationstatuses/19840281-1540-4444-822c-27fb3bc640b1?monitor=true",
        "Operation-Location": "https://8ab2df1c-ed88-4946-a8a9-e1bbb3e4d1fd-sdk-dc-4qb444onnk2tc.centraluseuap.devcenter.azure.com/projects/sdk-project-x2z4o4ohvwcbi/operationstatuses/19840281-1540-4444-822c-27fb3bc640b1",
        "Strict-Transport-Security": "max-age=15724800; includeSubDomains",
        "x-ms-client-request-id": "ca8e8374-382b-4d1c-87c0-85d5503d81c0",
        "x-ms-correlation-request-id": "2436d798-165d-406d-92dc-43576929d22f",
        "X-Rate-Limit-Limit": "1m",
        "X-Rate-Limit-Remaining": "299",
        "X-Rate-Limit-Reset": "2023-05-06T01:06:21.0392462Z"
      },
      "ResponseBody": {
        "name": "mydevbox",
        "projectName": "sdk-project-x2z4o4ohvwcbi",
        "poolName": "sdk-pool-6ieikn5v2nfnu",
        "hibernateSupport": "Disabled",
        "provisioningState": "Creating",
        "actionState": "Unknown",
        "powerState": null,
        "uniqueId": "49ec17dc-8f20-486c-954d-b9e809dfb284",
        "location": "centraluseuap",
        "osType": "Windows",
        "user": "df428e89-1bc2-4e72-b736-032c31a6cd97",
        "hardwareProfile": {
          "vCPUs": 8,
          "skuName": "general_a_8c32gb_v1",
          "vcpUs": 8,
          "memoryGB": 32
        },
        "storageProfile": {
          "osDisk": {
            "diskSizeGB": 1024
          }
        },
        "imageReference": {
          "name": "MicrosoftWindowsDesktop_windows-ent-cpc_win11-21h2-ent-cpc-m365",
          "version": "1.0.0",
          "operatingSystem": "Windows11",
          "osBuildNumber": "win11-21h2-ent-cpc-m365",
          "publishedDate": "2021-10-04T00:00:00\u002B00:00"
        },
        "createdTime": "2023-05-06T01:05:21.1160227\u002B00:00",
        "localAdministrator": "Enabled"
      }
    },
    {
      "RequestUri": "https://8ab2df1c-ed88-4946-a8a9-e1bbb3e4d1fd-sdk-dc-4qb444onnk2tc.centraluseuap.devcenter.azure.com/projects/sdk-project-x2z4o4ohvwcbi/operationstatuses/19840281-1540-4444-822c-27fb3bc640b1?api-version=2023-04-01",
      "RequestMethod": "GET",
      "RequestHeaders": {
        "Accept": "application/json",
        "Accept-Encoding": "gzip,deflate",
        "Authorization": "Sanitized",
        "Connection": "keep-alive",
        "User-Agent": "azsdk-js-developer-devcenter-rest/1.0.0 core-rest-pipeline/1.10.2 Node/v18.16.0 OS/(x64-Windows_NT-10.0.22621)",
        "x-ms-client-request-id": "5b488a56-2618-4daa-a67c-44a64e6dcc5b"
      },
      "RequestBody": null,
      "StatusCode": 200,
      "ResponseHeaders": {
        "Connection": "keep-alive",
        "Content-Length": "232",
        "Content-Type": "application/json; charset=utf-8",
        "Date": "Sat, 06 May 2023 01:05:21 GMT",
        "Location": "https://8ab2df1c-ed88-4946-a8a9-e1bbb3e4d1fd-sdk-dc-4qb444onnk2tc.centraluseuap.devcenter.azure.com/projects/sdk-project-x2z4o4ohvwcbi/operationstatuses/19840281-1540-4444-822c-27fb3bc640b1?monitor=true",
        "Operation-Location": "https://8ab2df1c-ed88-4946-a8a9-e1bbb3e4d1fd-sdk-dc-4qb444onnk2tc.centraluseuap.devcenter.azure.com/projects/sdk-project-x2z4o4ohvwcbi/operationstatuses/19840281-1540-4444-822c-27fb3bc640b1",
        "Retry-After": "30",
        "Strict-Transport-Security": "max-age=15724800; includeSubDomains",
        "x-ms-client-request-id": "5b488a56-2618-4daa-a67c-44a64e6dcc5b",
        "x-ms-correlation-request-id": "6359e8d4-d299-4f2e-9e0c-672fb244ee16",
        "X-Rate-Limit-Limit": "1m",
        "X-Rate-Limit-Remaining": "298",
        "X-Rate-Limit-Reset": "2023-05-06T01:05:49.4078586Z"
      },
      "ResponseBody": {
        "id": "/projects/sdk-project-x2z4o4ohvwcbi/operationStatuses/19840281-1540-4444-822c-27fb3bc640b1",
        "name": "19840281-1540-4444-822c-27fb3bc640b1",
        "status": "NotStarted",
        "startTime": "2023-05-06T01:05:21.1658478\u002B00:00"
      }
    },
    {
      "RequestUri": "https://8ab2df1c-ed88-4946-a8a9-e1bbb3e4d1fd-sdk-dc-4qb444onnk2tc.centraluseuap.devcenter.azure.com/projects/sdk-project-x2z4o4ohvwcbi/operationstatuses/19840281-1540-4444-822c-27fb3bc640b1?api-version=2023-04-01",
      "RequestMethod": "GET",
      "RequestHeaders": {
        "Accept": "application/json",
        "Accept-Encoding": "gzip,deflate",
        "Authorization": "Sanitized",
        "Connection": "keep-alive",
        "User-Agent": "azsdk-js-developer-devcenter-rest/1.0.0 core-rest-pipeline/1.10.2 Node/v18.16.0 OS/(x64-Windows_NT-10.0.22621)",
        "x-ms-client-request-id": "ef7e7d11-0c40-47cc-9774-eb8ffba860e5"
      },
      "RequestBody": null,
      "StatusCode": 200,
      "ResponseHeaders": {
        "Connection": "keep-alive",
        "Content-Length": "229",
        "Content-Type": "application/json; charset=utf-8",
        "Date": "Sat, 06 May 2023 01:05:51 GMT",
        "Location": "https://8ab2df1c-ed88-4946-a8a9-e1bbb3e4d1fd-sdk-dc-4qb444onnk2tc.centraluseuap.devcenter.azure.com/projects/sdk-project-x2z4o4ohvwcbi/operationstatuses/19840281-1540-4444-822c-27fb3bc640b1?monitor=true",
        "Operation-Location": "https://8ab2df1c-ed88-4946-a8a9-e1bbb3e4d1fd-sdk-dc-4qb444onnk2tc.centraluseuap.devcenter.azure.com/projects/sdk-project-x2z4o4ohvwcbi/operationstatuses/19840281-1540-4444-822c-27fb3bc640b1",
        "Retry-After": "30",
        "Strict-Transport-Security": "max-age=15724800; includeSubDomains",
        "x-ms-client-request-id": "ef7e7d11-0c40-47cc-9774-eb8ffba860e5",
        "x-ms-correlation-request-id": "cf86ce73-4f9e-463b-89b4-1ec03e04c500",
        "X-Rate-Limit-Limit": "1m",
        "X-Rate-Limit-Remaining": "297",
        "X-Rate-Limit-Reset": "2023-05-06T01:06:15.4871395Z"
      },
      "ResponseBody": {
        "id": "/projects/sdk-project-x2z4o4ohvwcbi/operationStatuses/19840281-1540-4444-822c-27fb3bc640b1",
        "name": "19840281-1540-4444-822c-27fb3bc640b1",
        "status": "Running",
        "startTime": "2023-05-06T01:05:21.1658478\u002B00:00"
      }
    },
    {
      "RequestUri": "https://8ab2df1c-ed88-4946-a8a9-e1bbb3e4d1fd-sdk-dc-4qb444onnk2tc.centraluseuap.devcenter.azure.com/projects/sdk-project-x2z4o4ohvwcbi/operationstatuses/19840281-1540-4444-822c-27fb3bc640b1?api-version=2023-04-01",
      "RequestMethod": "GET",
      "RequestHeaders": {
        "Accept": "application/json",
        "Accept-Encoding": "gzip,deflate",
        "Authorization": "Sanitized",
        "Connection": "keep-alive",
        "User-Agent": "azsdk-js-developer-devcenter-rest/1.0.0 core-rest-pipeline/1.10.2 Node/v18.16.0 OS/(x64-Windows_NT-10.0.22621)",
        "x-ms-client-request-id": "3405e28f-b717-4b68-98e1-c688aba825a3"
      },
      "RequestBody": null,
      "StatusCode": 200,
      "ResponseHeaders": {
        "Connection": "keep-alive",
        "Content-Length": "229",
        "Content-Type": "application/json; charset=utf-8",
        "Date": "Sat, 06 May 2023 01:06:22 GMT",
        "Location": "https://8ab2df1c-ed88-4946-a8a9-e1bbb3e4d1fd-sdk-dc-4qb444onnk2tc.centraluseuap.devcenter.azure.com/projects/sdk-project-x2z4o4ohvwcbi/operationstatuses/19840281-1540-4444-822c-27fb3bc640b1?monitor=true",
        "Operation-Location": "https://8ab2df1c-ed88-4946-a8a9-e1bbb3e4d1fd-sdk-dc-4qb444onnk2tc.centraluseuap.devcenter.azure.com/projects/sdk-project-x2z4o4ohvwcbi/operationstatuses/19840281-1540-4444-822c-27fb3bc640b1",
        "Retry-After": "30",
        "Strict-Transport-Security": "max-age=15724800; includeSubDomains",
        "x-ms-client-request-id": "3405e28f-b717-4b68-98e1-c688aba825a3",
        "x-ms-correlation-request-id": "1b76cd6d-7b09-4c13-ad75-99b3711e442e",
        "X-Rate-Limit-Limit": "1m",
        "X-Rate-Limit-Remaining": "299",
        "X-Rate-Limit-Reset": "2023-05-06T01:07:21.9121499Z"
      },
      "ResponseBody": {
        "id": "/projects/sdk-project-x2z4o4ohvwcbi/operationStatuses/19840281-1540-4444-822c-27fb3bc640b1",
        "name": "19840281-1540-4444-822c-27fb3bc640b1",
        "status": "Running",
        "startTime": "2023-05-06T01:05:21.1658478\u002B00:00"
      }
    },
    {
      "RequestUri": "https://8ab2df1c-ed88-4946-a8a9-e1bbb3e4d1fd-sdk-dc-4qb444onnk2tc.centraluseuap.devcenter.azure.com/projects/sdk-project-x2z4o4ohvwcbi/operationstatuses/19840281-1540-4444-822c-27fb3bc640b1?api-version=2023-04-01",
      "RequestMethod": "GET",
      "RequestHeaders": {
        "Accept": "application/json",
        "Accept-Encoding": "gzip,deflate",
        "Authorization": "Sanitized",
        "Connection": "keep-alive",
        "User-Agent": "azsdk-js-developer-devcenter-rest/1.0.0 core-rest-pipeline/1.10.2 Node/v18.16.0 OS/(x64-Windows_NT-10.0.22621)",
        "x-ms-client-request-id": "353d0c88-5a35-49cf-a22a-218263472683"
      },
      "RequestBody": null,
      "StatusCode": 200,
      "ResponseHeaders": {
        "Connection": "keep-alive",
        "Content-Length": "229",
        "Content-Type": "application/json; charset=utf-8",
        "Date": "Sat, 06 May 2023 01:06:52 GMT",
        "Location": "https://8ab2df1c-ed88-4946-a8a9-e1bbb3e4d1fd-sdk-dc-4qb444onnk2tc.centraluseuap.devcenter.azure.com/projects/sdk-project-x2z4o4ohvwcbi/operationstatuses/19840281-1540-4444-822c-27fb3bc640b1?monitor=true",
        "Operation-Location": "https://8ab2df1c-ed88-4946-a8a9-e1bbb3e4d1fd-sdk-dc-4qb444onnk2tc.centraluseuap.devcenter.azure.com/projects/sdk-project-x2z4o4ohvwcbi/operationstatuses/19840281-1540-4444-822c-27fb3bc640b1",
        "Retry-After": "30",
        "Strict-Transport-Security": "max-age=15724800; includeSubDomains",
        "x-ms-client-request-id": "353d0c88-5a35-49cf-a22a-218263472683",
        "x-ms-correlation-request-id": "dac16899-0fa5-40ac-813b-93b08c6428c9",
        "X-Rate-Limit-Limit": "1m",
        "X-Rate-Limit-Remaining": "298",
        "X-Rate-Limit-Reset": "2023-05-06T01:07:17.3006180Z"
      },
      "ResponseBody": {
        "id": "/projects/sdk-project-x2z4o4ohvwcbi/operationStatuses/19840281-1540-4444-822c-27fb3bc640b1",
        "name": "19840281-1540-4444-822c-27fb3bc640b1",
        "status": "Running",
        "startTime": "2023-05-06T01:05:21.1658478\u002B00:00"
      }
    },
    {
      "RequestUri": "https://8ab2df1c-ed88-4946-a8a9-e1bbb3e4d1fd-sdk-dc-4qb444onnk2tc.centraluseuap.devcenter.azure.com/projects/sdk-project-x2z4o4ohvwcbi/operationstatuses/19840281-1540-4444-822c-27fb3bc640b1?api-version=2023-04-01",
      "RequestMethod": "GET",
      "RequestHeaders": {
        "Accept": "application/json",
        "Accept-Encoding": "gzip,deflate",
        "Authorization": "Sanitized",
        "Connection": "keep-alive",
        "User-Agent": "azsdk-js-developer-devcenter-rest/1.0.0 core-rest-pipeline/1.10.2 Node/v18.16.0 OS/(x64-Windows_NT-10.0.22621)",
        "x-ms-client-request-id": "ef672e24-44c2-45ca-85a7-fbad361425f4"
      },
      "RequestBody": null,
      "StatusCode": 200,
      "ResponseHeaders": {
        "Connection": "keep-alive",
        "Content-Length": "229",
        "Content-Type": "application/json; charset=utf-8",
        "Date": "Sat, 06 May 2023 01:07:22 GMT",
        "Location": "https://8ab2df1c-ed88-4946-a8a9-e1bbb3e4d1fd-sdk-dc-4qb444onnk2tc.centraluseuap.devcenter.azure.com/projects/sdk-project-x2z4o4ohvwcbi/operationstatuses/19840281-1540-4444-822c-27fb3bc640b1?monitor=true",
        "Operation-Location": "https://8ab2df1c-ed88-4946-a8a9-e1bbb3e4d1fd-sdk-dc-4qb444onnk2tc.centraluseuap.devcenter.azure.com/projects/sdk-project-x2z4o4ohvwcbi/operationstatuses/19840281-1540-4444-822c-27fb3bc640b1",
        "Retry-After": "30",
        "Strict-Transport-Security": "max-age=15724800; includeSubDomains",
        "x-ms-client-request-id": "ef672e24-44c2-45ca-85a7-fbad361425f4",
        "x-ms-correlation-request-id": "19733e04-e331-491b-99f3-a6dac114fac0",
        "X-Rate-Limit-Limit": "1m",
        "X-Rate-Limit-Remaining": "299",
        "X-Rate-Limit-Reset": "2023-05-06T01:08:22.4022318Z"
      },
      "ResponseBody": {
        "id": "/projects/sdk-project-x2z4o4ohvwcbi/operationStatuses/19840281-1540-4444-822c-27fb3bc640b1",
        "name": "19840281-1540-4444-822c-27fb3bc640b1",
        "status": "Running",
        "startTime": "2023-05-06T01:05:21.1658478\u002B00:00"
      }
    },
    {
      "RequestUri": "https://8ab2df1c-ed88-4946-a8a9-e1bbb3e4d1fd-sdk-dc-4qb444onnk2tc.centraluseuap.devcenter.azure.com/projects/sdk-project-x2z4o4ohvwcbi/operationstatuses/19840281-1540-4444-822c-27fb3bc640b1?api-version=2023-04-01",
      "RequestMethod": "GET",
      "RequestHeaders": {
        "Accept": "application/json",
        "Accept-Encoding": "gzip,deflate",
        "Authorization": "Sanitized",
        "Connection": "keep-alive",
        "User-Agent": "azsdk-js-developer-devcenter-rest/1.0.0 core-rest-pipeline/1.10.2 Node/v18.16.0 OS/(x64-Windows_NT-10.0.22621)",
        "x-ms-client-request-id": "70e49180-a38b-4775-994c-e0e1dcac0613"
      },
      "RequestBody": null,
      "StatusCode": 200,
      "ResponseHeaders": {
        "Connection": "keep-alive",
        "Content-Length": "229",
        "Content-Type": "application/json; charset=utf-8",
        "Date": "Sat, 06 May 2023 01:07:52 GMT",
        "Location": "https://8ab2df1c-ed88-4946-a8a9-e1bbb3e4d1fd-sdk-dc-4qb444onnk2tc.centraluseuap.devcenter.azure.com/projects/sdk-project-x2z4o4ohvwcbi/operationstatuses/19840281-1540-4444-822c-27fb3bc640b1?monitor=true",
        "Operation-Location": "https://8ab2df1c-ed88-4946-a8a9-e1bbb3e4d1fd-sdk-dc-4qb444onnk2tc.centraluseuap.devcenter.azure.com/projects/sdk-project-x2z4o4ohvwcbi/operationstatuses/19840281-1540-4444-822c-27fb3bc640b1",
        "Retry-After": "30",
        "Strict-Transport-Security": "max-age=15724800; includeSubDomains",
        "x-ms-client-request-id": "70e49180-a38b-4775-994c-e0e1dcac0613",
        "x-ms-correlation-request-id": "0c634a6e-f0ac-4669-8753-bafe31f5d8d9",
        "X-Rate-Limit-Limit": "1m",
        "X-Rate-Limit-Remaining": "299",
        "X-Rate-Limit-Reset": "2023-05-06T01:08:52.6536282Z"
      },
      "ResponseBody": {
        "id": "/projects/sdk-project-x2z4o4ohvwcbi/operationStatuses/19840281-1540-4444-822c-27fb3bc640b1",
        "name": "19840281-1540-4444-822c-27fb3bc640b1",
        "status": "Running",
        "startTime": "2023-05-06T01:05:21.1658478\u002B00:00"
      }
    },
    {
      "RequestUri": "https://8ab2df1c-ed88-4946-a8a9-e1bbb3e4d1fd-sdk-dc-4qb444onnk2tc.centraluseuap.devcenter.azure.com/projects/sdk-project-x2z4o4ohvwcbi/operationstatuses/19840281-1540-4444-822c-27fb3bc640b1?api-version=2023-04-01",
      "RequestMethod": "GET",
      "RequestHeaders": {
        "Accept": "application/json",
        "Accept-Encoding": "gzip,deflate",
        "Authorization": "Sanitized",
        "Connection": "keep-alive",
        "User-Agent": "azsdk-js-developer-devcenter-rest/1.0.0 core-rest-pipeline/1.10.2 Node/v18.16.0 OS/(x64-Windows_NT-10.0.22621)",
        "x-ms-client-request-id": "22157c46-6b77-4b59-9109-5a752149b3d0"
      },
      "RequestBody": null,
      "StatusCode": 200,
      "ResponseHeaders": {
        "Connection": "keep-alive",
        "Content-Length": "229",
        "Content-Type": "application/json; charset=utf-8",
        "Date": "Sat, 06 May 2023 01:08:23 GMT",
        "Location": "https://8ab2df1c-ed88-4946-a8a9-e1bbb3e4d1fd-sdk-dc-4qb444onnk2tc.centraluseuap.devcenter.azure.com/projects/sdk-project-x2z4o4ohvwcbi/operationstatuses/19840281-1540-4444-822c-27fb3bc640b1?monitor=true",
        "Operation-Location": "https://8ab2df1c-ed88-4946-a8a9-e1bbb3e4d1fd-sdk-dc-4qb444onnk2tc.centraluseuap.devcenter.azure.com/projects/sdk-project-x2z4o4ohvwcbi/operationstatuses/19840281-1540-4444-822c-27fb3bc640b1",
        "Retry-After": "30",
        "Strict-Transport-Security": "max-age=15724800; includeSubDomains",
        "x-ms-client-request-id": "22157c46-6b77-4b59-9109-5a752149b3d0",
        "x-ms-correlation-request-id": "1c9aba27-14d5-4fe6-96f2-23f0f383d287",
        "X-Rate-Limit-Limit": "1m",
        "X-Rate-Limit-Remaining": "298",
        "X-Rate-Limit-Reset": "2023-05-06T01:09:13.5910667Z"
      },
      "ResponseBody": {
        "id": "/projects/sdk-project-x2z4o4ohvwcbi/operationStatuses/19840281-1540-4444-822c-27fb3bc640b1",
        "name": "19840281-1540-4444-822c-27fb3bc640b1",
        "status": "Running",
        "startTime": "2023-05-06T01:05:21.1658478\u002B00:00"
      }
    },
    {
      "RequestUri": "https://8ab2df1c-ed88-4946-a8a9-e1bbb3e4d1fd-sdk-dc-4qb444onnk2tc.centraluseuap.devcenter.azure.com/projects/sdk-project-x2z4o4ohvwcbi/operationstatuses/19840281-1540-4444-822c-27fb3bc640b1?api-version=2023-04-01",
      "RequestMethod": "GET",
      "RequestHeaders": {
        "Accept": "application/json",
        "Accept-Encoding": "gzip,deflate",
        "Authorization": "Sanitized",
        "Connection": "keep-alive",
        "User-Agent": "azsdk-js-developer-devcenter-rest/1.0.0 core-rest-pipeline/1.10.2 Node/v18.16.0 OS/(x64-Windows_NT-10.0.22621)",
        "x-ms-client-request-id": "b12bcaeb-309c-46f3-a8e0-73bbc0729787"
      },
      "RequestBody": null,
      "StatusCode": 200,
      "ResponseHeaders": {
        "Connection": "keep-alive",
        "Content-Length": "229",
        "Content-Type": "application/json; charset=utf-8",
        "Date": "Sat, 06 May 2023 01:08:53 GMT",
        "Location": "https://8ab2df1c-ed88-4946-a8a9-e1bbb3e4d1fd-sdk-dc-4qb444onnk2tc.centraluseuap.devcenter.azure.com/projects/sdk-project-x2z4o4ohvwcbi/operationstatuses/19840281-1540-4444-822c-27fb3bc640b1?monitor=true",
        "Operation-Location": "https://8ab2df1c-ed88-4946-a8a9-e1bbb3e4d1fd-sdk-dc-4qb444onnk2tc.centraluseuap.devcenter.azure.com/projects/sdk-project-x2z4o4ohvwcbi/operationstatuses/19840281-1540-4444-822c-27fb3bc640b1",
        "Retry-After": "30",
        "Strict-Transport-Security": "max-age=15724800; includeSubDomains",
        "x-ms-client-request-id": "b12bcaeb-309c-46f3-a8e0-73bbc0729787",
        "x-ms-correlation-request-id": "0c958018-5f32-44c6-82ad-cfffe4438241",
        "X-Rate-Limit-Limit": "1m",
        "X-Rate-Limit-Remaining": "299",
        "X-Rate-Limit-Reset": "2023-05-06T01:09:53.1165237Z"
      },
      "ResponseBody": {
        "id": "/projects/sdk-project-x2z4o4ohvwcbi/operationStatuses/19840281-1540-4444-822c-27fb3bc640b1",
        "name": "19840281-1540-4444-822c-27fb3bc640b1",
        "status": "Running",
        "startTime": "2023-05-06T01:05:21.1658478\u002B00:00"
      }
    },
    {
      "RequestUri": "https://8ab2df1c-ed88-4946-a8a9-e1bbb3e4d1fd-sdk-dc-4qb444onnk2tc.centraluseuap.devcenter.azure.com/projects/sdk-project-x2z4o4ohvwcbi/operationstatuses/19840281-1540-4444-822c-27fb3bc640b1?api-version=2023-04-01",
      "RequestMethod": "GET",
      "RequestHeaders": {
        "Accept": "application/json",
        "Accept-Encoding": "gzip,deflate",
        "Authorization": "Sanitized",
        "Connection": "keep-alive",
        "User-Agent": "azsdk-js-developer-devcenter-rest/1.0.0 core-rest-pipeline/1.10.2 Node/v18.16.0 OS/(x64-Windows_NT-10.0.22621)",
        "x-ms-client-request-id": "c6408c24-0971-4e69-a56a-d7732227cf8a"
      },
      "RequestBody": null,
      "StatusCode": 200,
      "ResponseHeaders": {
        "Connection": "keep-alive",
        "Content-Length": "229",
        "Content-Type": "application/json; charset=utf-8",
        "Date": "Sat, 06 May 2023 01:09:23 GMT",
        "Location": "https://8ab2df1c-ed88-4946-a8a9-e1bbb3e4d1fd-sdk-dc-4qb444onnk2tc.centraluseuap.devcenter.azure.com/projects/sdk-project-x2z4o4ohvwcbi/operationstatuses/19840281-1540-4444-822c-27fb3bc640b1?monitor=true",
        "Operation-Location": "https://8ab2df1c-ed88-4946-a8a9-e1bbb3e4d1fd-sdk-dc-4qb444onnk2tc.centraluseuap.devcenter.azure.com/projects/sdk-project-x2z4o4ohvwcbi/operationstatuses/19840281-1540-4444-822c-27fb3bc640b1",
        "Retry-After": "30",
        "Strict-Transport-Security": "max-age=15724800; includeSubDomains",
        "x-ms-client-request-id": "c6408c24-0971-4e69-a56a-d7732227cf8a",
        "x-ms-correlation-request-id": "6a640bc0-080a-4664-920b-ba3d91235593",
        "X-Rate-Limit-Limit": "1m",
        "X-Rate-Limit-Remaining": "299",
        "X-Rate-Limit-Reset": "2023-05-06T01:10:23.2317452Z"
      },
      "ResponseBody": {
        "id": "/projects/sdk-project-x2z4o4ohvwcbi/operationStatuses/19840281-1540-4444-822c-27fb3bc640b1",
        "name": "19840281-1540-4444-822c-27fb3bc640b1",
        "status": "Running",
        "startTime": "2023-05-06T01:05:21.1658478\u002B00:00"
      }
    },
    {
      "RequestUri": "https://8ab2df1c-ed88-4946-a8a9-e1bbb3e4d1fd-sdk-dc-4qb444onnk2tc.centraluseuap.devcenter.azure.com/projects/sdk-project-x2z4o4ohvwcbi/operationstatuses/19840281-1540-4444-822c-27fb3bc640b1?api-version=2023-04-01",
      "RequestMethod": "GET",
      "RequestHeaders": {
        "Accept": "application/json",
        "Accept-Encoding": "gzip,deflate",
        "Authorization": "Sanitized",
        "Connection": "keep-alive",
        "User-Agent": "azsdk-js-developer-devcenter-rest/1.0.0 core-rest-pipeline/1.10.2 Node/v18.16.0 OS/(x64-Windows_NT-10.0.22621)",
        "x-ms-client-request-id": "ef1afa32-1708-427e-97d9-199c021da36a"
      },
      "RequestBody": null,
      "StatusCode": 200,
      "ResponseHeaders": {
        "Connection": "keep-alive",
        "Content-Length": "229",
        "Content-Type": "application/json; charset=utf-8",
        "Date": "Sat, 06 May 2023 01:09:53 GMT",
        "Location": "https://8ab2df1c-ed88-4946-a8a9-e1bbb3e4d1fd-sdk-dc-4qb444onnk2tc.centraluseuap.devcenter.azure.com/projects/sdk-project-x2z4o4ohvwcbi/operationstatuses/19840281-1540-4444-822c-27fb3bc640b1?monitor=true",
        "Operation-Location": "https://8ab2df1c-ed88-4946-a8a9-e1bbb3e4d1fd-sdk-dc-4qb444onnk2tc.centraluseuap.devcenter.azure.com/projects/sdk-project-x2z4o4ohvwcbi/operationstatuses/19840281-1540-4444-822c-27fb3bc640b1",
        "Retry-After": "30",
        "Strict-Transport-Security": "max-age=15724800; includeSubDomains",
        "x-ms-client-request-id": "ef1afa32-1708-427e-97d9-199c021da36a",
        "x-ms-correlation-request-id": "798fd86c-c1cf-4d52-9efe-11525ff4b61e",
        "X-Rate-Limit-Limit": "1m",
        "X-Rate-Limit-Remaining": "299",
        "X-Rate-Limit-Reset": "2023-05-06T01:10:53.5130117Z"
      },
      "ResponseBody": {
        "id": "/projects/sdk-project-x2z4o4ohvwcbi/operationStatuses/19840281-1540-4444-822c-27fb3bc640b1",
        "name": "19840281-1540-4444-822c-27fb3bc640b1",
        "status": "Running",
        "startTime": "2023-05-06T01:05:21.1658478\u002B00:00"
      }
    },
    {
      "RequestUri": "https://8ab2df1c-ed88-4946-a8a9-e1bbb3e4d1fd-sdk-dc-4qb444onnk2tc.centraluseuap.devcenter.azure.com/projects/sdk-project-x2z4o4ohvwcbi/operationstatuses/19840281-1540-4444-822c-27fb3bc640b1?api-version=2023-04-01",
      "RequestMethod": "GET",
      "RequestHeaders": {
        "Accept": "application/json",
        "Accept-Encoding": "gzip,deflate",
        "Authorization": "Sanitized",
        "Connection": "keep-alive",
        "User-Agent": "azsdk-js-developer-devcenter-rest/1.0.0 core-rest-pipeline/1.10.2 Node/v18.16.0 OS/(x64-Windows_NT-10.0.22621)",
        "x-ms-client-request-id": "f67fa794-64d6-4621-a39b-fa3f201dc269"
      },
      "RequestBody": null,
      "StatusCode": 200,
      "ResponseHeaders": {
        "Connection": "keep-alive",
        "Content-Length": "229",
        "Content-Type": "application/json; charset=utf-8",
        "Date": "Sat, 06 May 2023 01:10:24 GMT",
        "Location": "https://8ab2df1c-ed88-4946-a8a9-e1bbb3e4d1fd-sdk-dc-4qb444onnk2tc.centraluseuap.devcenter.azure.com/projects/sdk-project-x2z4o4ohvwcbi/operationstatuses/19840281-1540-4444-822c-27fb3bc640b1?monitor=true",
        "Operation-Location": "https://8ab2df1c-ed88-4946-a8a9-e1bbb3e4d1fd-sdk-dc-4qb444onnk2tc.centraluseuap.devcenter.azure.com/projects/sdk-project-x2z4o4ohvwcbi/operationstatuses/19840281-1540-4444-822c-27fb3bc640b1",
        "Retry-After": "30",
        "Strict-Transport-Security": "max-age=15724800; includeSubDomains",
        "x-ms-client-request-id": "f67fa794-64d6-4621-a39b-fa3f201dc269",
        "x-ms-correlation-request-id": "2963915b-c515-4352-b2ba-deb6cd43136f",
        "X-Rate-Limit-Limit": "1m",
        "X-Rate-Limit-Remaining": "299",
        "X-Rate-Limit-Reset": "2023-05-06T01:11:23.8109574Z"
      },
      "ResponseBody": {
        "id": "/projects/sdk-project-x2z4o4ohvwcbi/operationStatuses/19840281-1540-4444-822c-27fb3bc640b1",
        "name": "19840281-1540-4444-822c-27fb3bc640b1",
        "status": "Running",
        "startTime": "2023-05-06T01:05:21.1658478\u002B00:00"
      }
    },
    {
      "RequestUri": "https://8ab2df1c-ed88-4946-a8a9-e1bbb3e4d1fd-sdk-dc-4qb444onnk2tc.centraluseuap.devcenter.azure.com/projects/sdk-project-x2z4o4ohvwcbi/operationstatuses/19840281-1540-4444-822c-27fb3bc640b1?api-version=2023-04-01",
      "RequestMethod": "GET",
      "RequestHeaders": {
        "Accept": "application/json",
        "Accept-Encoding": "gzip,deflate",
        "Authorization": "Sanitized",
        "Connection": "keep-alive",
        "User-Agent": "azsdk-js-developer-devcenter-rest/1.0.0 core-rest-pipeline/1.10.2 Node/v18.16.0 OS/(x64-Windows_NT-10.0.22621)",
        "x-ms-client-request-id": "9e62cd2a-d49d-43d1-a508-5e890fa625b1"
      },
      "RequestBody": null,
      "StatusCode": 200,
      "ResponseHeaders": {
        "Connection": "keep-alive",
        "Content-Length": "229",
        "Content-Type": "application/json; charset=utf-8",
        "Date": "Sat, 06 May 2023 01:10:54 GMT",
        "Location": "https://8ab2df1c-ed88-4946-a8a9-e1bbb3e4d1fd-sdk-dc-4qb444onnk2tc.centraluseuap.devcenter.azure.com/projects/sdk-project-x2z4o4ohvwcbi/operationstatuses/19840281-1540-4444-822c-27fb3bc640b1?monitor=true",
        "Operation-Location": "https://8ab2df1c-ed88-4946-a8a9-e1bbb3e4d1fd-sdk-dc-4qb444onnk2tc.centraluseuap.devcenter.azure.com/projects/sdk-project-x2z4o4ohvwcbi/operationstatuses/19840281-1540-4444-822c-27fb3bc640b1",
        "Retry-After": "30",
        "Strict-Transport-Security": "max-age=15724800; includeSubDomains",
        "x-ms-client-request-id": "9e62cd2a-d49d-43d1-a508-5e890fa625b1",
        "x-ms-correlation-request-id": "89161371-eb67-4464-9631-4f6a6d126efe",
        "X-Rate-Limit-Limit": "1m",
        "X-Rate-Limit-Remaining": "297",
        "X-Rate-Limit-Reset": "2023-05-06T01:11:43.5922596Z"
      },
      "ResponseBody": {
        "id": "/projects/sdk-project-x2z4o4ohvwcbi/operationStatuses/19840281-1540-4444-822c-27fb3bc640b1",
        "name": "19840281-1540-4444-822c-27fb3bc640b1",
        "status": "Running",
        "startTime": "2023-05-06T01:05:21.1658478\u002B00:00"
      }
    },
    {
      "RequestUri": "https://8ab2df1c-ed88-4946-a8a9-e1bbb3e4d1fd-sdk-dc-4qb444onnk2tc.centraluseuap.devcenter.azure.com/projects/sdk-project-x2z4o4ohvwcbi/operationstatuses/19840281-1540-4444-822c-27fb3bc640b1?api-version=2023-04-01",
      "RequestMethod": "GET",
      "RequestHeaders": {
        "Accept": "application/json",
        "Accept-Encoding": "gzip,deflate",
        "Authorization": "Sanitized",
        "Connection": "keep-alive",
        "User-Agent": "azsdk-js-developer-devcenter-rest/1.0.0 core-rest-pipeline/1.10.2 Node/v18.16.0 OS/(x64-Windows_NT-10.0.22621)",
        "x-ms-client-request-id": "ae2ce65f-e666-4718-9c67-6680adf7e147"
      },
      "RequestBody": null,
      "StatusCode": 200,
      "ResponseHeaders": {
        "Connection": "keep-alive",
        "Content-Length": "229",
        "Content-Type": "application/json; charset=utf-8",
        "Date": "Sat, 06 May 2023 01:11:24 GMT",
        "Location": "https://8ab2df1c-ed88-4946-a8a9-e1bbb3e4d1fd-sdk-dc-4qb444onnk2tc.centraluseuap.devcenter.azure.com/projects/sdk-project-x2z4o4ohvwcbi/operationstatuses/19840281-1540-4444-822c-27fb3bc640b1?monitor=true",
        "Operation-Location": "https://8ab2df1c-ed88-4946-a8a9-e1bbb3e4d1fd-sdk-dc-4qb444onnk2tc.centraluseuap.devcenter.azure.com/projects/sdk-project-x2z4o4ohvwcbi/operationstatuses/19840281-1540-4444-822c-27fb3bc640b1",
        "Retry-After": "30",
        "Strict-Transport-Security": "max-age=15724800; includeSubDomains",
        "x-ms-client-request-id": "ae2ce65f-e666-4718-9c67-6680adf7e147",
        "x-ms-correlation-request-id": "6c7a2c41-1a30-4536-8a85-563770676d4f",
        "X-Rate-Limit-Limit": "1m",
        "X-Rate-Limit-Remaining": "297",
        "X-Rate-Limit-Reset": "2023-05-06T01:11:55.4294767Z"
      },
      "ResponseBody": {
        "id": "/projects/sdk-project-x2z4o4ohvwcbi/operationStatuses/19840281-1540-4444-822c-27fb3bc640b1",
        "name": "19840281-1540-4444-822c-27fb3bc640b1",
        "status": "Running",
        "startTime": "2023-05-06T01:05:21.1658478\u002B00:00"
      }
    },
    {
      "RequestUri": "https://8ab2df1c-ed88-4946-a8a9-e1bbb3e4d1fd-sdk-dc-4qb444onnk2tc.centraluseuap.devcenter.azure.com/projects/sdk-project-x2z4o4ohvwcbi/operationstatuses/19840281-1540-4444-822c-27fb3bc640b1?api-version=2023-04-01",
      "RequestMethod": "GET",
      "RequestHeaders": {
        "Accept": "application/json",
        "Accept-Encoding": "gzip,deflate",
        "Authorization": "Sanitized",
        "Connection": "keep-alive",
        "User-Agent": "azsdk-js-developer-devcenter-rest/1.0.0 core-rest-pipeline/1.10.2 Node/v18.16.0 OS/(x64-Windows_NT-10.0.22621)",
        "x-ms-client-request-id": "f41dcccd-5b53-4c74-8634-b9f0fff36341"
      },
      "RequestBody": null,
      "StatusCode": 200,
      "ResponseHeaders": {
        "Connection": "keep-alive",
        "Content-Length": "229",
        "Content-Type": "application/json; charset=utf-8",
        "Date": "Sat, 06 May 2023 01:11:54 GMT",
        "Location": "https://8ab2df1c-ed88-4946-a8a9-e1bbb3e4d1fd-sdk-dc-4qb444onnk2tc.centraluseuap.devcenter.azure.com/projects/sdk-project-x2z4o4ohvwcbi/operationstatuses/19840281-1540-4444-822c-27fb3bc640b1?monitor=true",
        "Operation-Location": "https://8ab2df1c-ed88-4946-a8a9-e1bbb3e4d1fd-sdk-dc-4qb444onnk2tc.centraluseuap.devcenter.azure.com/projects/sdk-project-x2z4o4ohvwcbi/operationstatuses/19840281-1540-4444-822c-27fb3bc640b1",
        "Retry-After": "30",
        "Strict-Transport-Security": "max-age=15724800; includeSubDomains",
        "x-ms-client-request-id": "f41dcccd-5b53-4c74-8634-b9f0fff36341",
        "x-ms-correlation-request-id": "9f5c1664-8860-41b8-98aa-d3292534b5c9",
        "X-Rate-Limit-Limit": "1m",
        "X-Rate-Limit-Remaining": "298",
        "X-Rate-Limit-Reset": "2023-05-06T01:12:31.2653088Z"
      },
      "ResponseBody": {
        "id": "/projects/sdk-project-x2z4o4ohvwcbi/operationStatuses/19840281-1540-4444-822c-27fb3bc640b1",
        "name": "19840281-1540-4444-822c-27fb3bc640b1",
        "status": "Running",
        "startTime": "2023-05-06T01:05:21.1658478\u002B00:00"
      }
    },
    {
      "RequestUri": "https://8ab2df1c-ed88-4946-a8a9-e1bbb3e4d1fd-sdk-dc-4qb444onnk2tc.centraluseuap.devcenter.azure.com/projects/sdk-project-x2z4o4ohvwcbi/operationstatuses/19840281-1540-4444-822c-27fb3bc640b1?api-version=2023-04-01",
      "RequestMethod": "GET",
      "RequestHeaders": {
        "Accept": "application/json",
        "Accept-Encoding": "gzip,deflate",
        "Authorization": "Sanitized",
        "Connection": "keep-alive",
        "User-Agent": "azsdk-js-developer-devcenter-rest/1.0.0 core-rest-pipeline/1.10.2 Node/v18.16.0 OS/(x64-Windows_NT-10.0.22621)",
        "x-ms-client-request-id": "535dd725-4275-4957-a02a-6fe2a2f1b72e"
      },
      "RequestBody": null,
      "StatusCode": 200,
      "ResponseHeaders": {
        "Connection": "keep-alive",
        "Content-Length": "229",
        "Content-Type": "application/json; charset=utf-8",
        "Date": "Sat, 06 May 2023 01:12:24 GMT",
        "Location": "https://8ab2df1c-ed88-4946-a8a9-e1bbb3e4d1fd-sdk-dc-4qb444onnk2tc.centraluseuap.devcenter.azure.com/projects/sdk-project-x2z4o4ohvwcbi/operationstatuses/19840281-1540-4444-822c-27fb3bc640b1?monitor=true",
        "Operation-Location": "https://8ab2df1c-ed88-4946-a8a9-e1bbb3e4d1fd-sdk-dc-4qb444onnk2tc.centraluseuap.devcenter.azure.com/projects/sdk-project-x2z4o4ohvwcbi/operationstatuses/19840281-1540-4444-822c-27fb3bc640b1",
        "Retry-After": "30",
        "Strict-Transport-Security": "max-age=15724800; includeSubDomains",
        "x-ms-client-request-id": "535dd725-4275-4957-a02a-6fe2a2f1b72e",
        "x-ms-correlation-request-id": "1ff29edf-7aea-495d-8bb2-eae408a918d1",
        "X-Rate-Limit-Limit": "1m",
        "X-Rate-Limit-Remaining": "298",
        "X-Rate-Limit-Reset": "2023-05-06T01:12:47.3403777Z"
      },
      "ResponseBody": {
        "id": "/projects/sdk-project-x2z4o4ohvwcbi/operationStatuses/19840281-1540-4444-822c-27fb3bc640b1",
        "name": "19840281-1540-4444-822c-27fb3bc640b1",
        "status": "Running",
        "startTime": "2023-05-06T01:05:21.1658478\u002B00:00"
      }
    },
    {
      "RequestUri": "https://8ab2df1c-ed88-4946-a8a9-e1bbb3e4d1fd-sdk-dc-4qb444onnk2tc.centraluseuap.devcenter.azure.com/projects/sdk-project-x2z4o4ohvwcbi/operationstatuses/19840281-1540-4444-822c-27fb3bc640b1?api-version=2023-04-01",
      "RequestMethod": "GET",
      "RequestHeaders": {
        "Accept": "application/json",
        "Accept-Encoding": "gzip,deflate",
        "Authorization": "Sanitized",
        "Connection": "keep-alive",
        "User-Agent": "azsdk-js-developer-devcenter-rest/1.0.0 core-rest-pipeline/1.10.2 Node/v18.16.0 OS/(x64-Windows_NT-10.0.22621)",
        "x-ms-client-request-id": "350c0469-8b2b-4998-a573-8ba94f516701"
      },
      "RequestBody": null,
      "StatusCode": 200,
      "ResponseHeaders": {
        "Connection": "keep-alive",
        "Content-Length": "229",
        "Content-Type": "application/json; charset=utf-8",
        "Date": "Sat, 06 May 2023 01:12:55 GMT",
        "Location": "https://8ab2df1c-ed88-4946-a8a9-e1bbb3e4d1fd-sdk-dc-4qb444onnk2tc.centraluseuap.devcenter.azure.com/projects/sdk-project-x2z4o4ohvwcbi/operationstatuses/19840281-1540-4444-822c-27fb3bc640b1?monitor=true",
        "Operation-Location": "https://8ab2df1c-ed88-4946-a8a9-e1bbb3e4d1fd-sdk-dc-4qb444onnk2tc.centraluseuap.devcenter.azure.com/projects/sdk-project-x2z4o4ohvwcbi/operationstatuses/19840281-1540-4444-822c-27fb3bc640b1",
        "Retry-After": "30",
        "Strict-Transport-Security": "max-age=15724800; includeSubDomains",
        "x-ms-client-request-id": "350c0469-8b2b-4998-a573-8ba94f516701",
        "x-ms-correlation-request-id": "b7379fde-aa69-4c94-972d-34125bb68225",
        "X-Rate-Limit-Limit": "1m",
        "X-Rate-Limit-Remaining": "297",
        "X-Rate-Limit-Reset": "2023-05-06T01:13:43.5985159Z"
      },
      "ResponseBody": {
        "id": "/projects/sdk-project-x2z4o4ohvwcbi/operationStatuses/19840281-1540-4444-822c-27fb3bc640b1",
        "name": "19840281-1540-4444-822c-27fb3bc640b1",
        "status": "Running",
        "startTime": "2023-05-06T01:05:21.1658478\u002B00:00"
      }
    },
    {
      "RequestUri": "https://8ab2df1c-ed88-4946-a8a9-e1bbb3e4d1fd-sdk-dc-4qb444onnk2tc.centraluseuap.devcenter.azure.com/projects/sdk-project-x2z4o4ohvwcbi/operationstatuses/19840281-1540-4444-822c-27fb3bc640b1?api-version=2023-04-01",
      "RequestMethod": "GET",
      "RequestHeaders": {
        "Accept": "application/json",
        "Accept-Encoding": "gzip,deflate",
        "Authorization": "Sanitized",
        "Connection": "keep-alive",
        "User-Agent": "azsdk-js-developer-devcenter-rest/1.0.0 core-rest-pipeline/1.10.2 Node/v18.16.0 OS/(x64-Windows_NT-10.0.22621)",
        "x-ms-client-request-id": "e645b275-8569-48cb-a00d-02c499faee52"
      },
      "RequestBody": null,
      "StatusCode": 200,
      "ResponseHeaders": {
        "Connection": "keep-alive",
        "Content-Length": "229",
        "Content-Type": "application/json; charset=utf-8",
        "Date": "Sat, 06 May 2023 01:13:25 GMT",
        "Location": "https://8ab2df1c-ed88-4946-a8a9-e1bbb3e4d1fd-sdk-dc-4qb444onnk2tc.centraluseuap.devcenter.azure.com/projects/sdk-project-x2z4o4ohvwcbi/operationstatuses/19840281-1540-4444-822c-27fb3bc640b1?monitor=true",
        "Operation-Location": "https://8ab2df1c-ed88-4946-a8a9-e1bbb3e4d1fd-sdk-dc-4qb444onnk2tc.centraluseuap.devcenter.azure.com/projects/sdk-project-x2z4o4ohvwcbi/operationstatuses/19840281-1540-4444-822c-27fb3bc640b1",
        "Retry-After": "30",
        "Strict-Transport-Security": "max-age=15724800; includeSubDomains",
        "x-ms-client-request-id": "e645b275-8569-48cb-a00d-02c499faee52",
        "x-ms-correlation-request-id": "126cec75-710a-48a5-afa0-e4501647498a",
        "X-Rate-Limit-Limit": "1m",
        "X-Rate-Limit-Remaining": "299",
        "X-Rate-Limit-Reset": "2023-05-06T01:14:25.1483362Z"
      },
      "ResponseBody": {
        "id": "/projects/sdk-project-x2z4o4ohvwcbi/operationStatuses/19840281-1540-4444-822c-27fb3bc640b1",
        "name": "19840281-1540-4444-822c-27fb3bc640b1",
        "status": "Running",
        "startTime": "2023-05-06T01:05:21.1658478\u002B00:00"
      }
    },
    {
      "RequestUri": "https://8ab2df1c-ed88-4946-a8a9-e1bbb3e4d1fd-sdk-dc-4qb444onnk2tc.centraluseuap.devcenter.azure.com/projects/sdk-project-x2z4o4ohvwcbi/operationstatuses/19840281-1540-4444-822c-27fb3bc640b1?api-version=2023-04-01",
      "RequestMethod": "GET",
      "RequestHeaders": {
        "Accept": "application/json",
        "Accept-Encoding": "gzip,deflate",
        "Authorization": "Sanitized",
        "Connection": "keep-alive",
        "User-Agent": "azsdk-js-developer-devcenter-rest/1.0.0 core-rest-pipeline/1.10.2 Node/v18.16.0 OS/(x64-Windows_NT-10.0.22621)",
        "x-ms-client-request-id": "3da09ada-d592-4983-92c9-d2b66dc532fa"
      },
      "RequestBody": null,
      "StatusCode": 200,
      "ResponseHeaders": {
        "Connection": "keep-alive",
        "Content-Length": "229",
        "Content-Type": "application/json; charset=utf-8",
        "Date": "Sat, 06 May 2023 01:13:55 GMT",
        "Location": "https://8ab2df1c-ed88-4946-a8a9-e1bbb3e4d1fd-sdk-dc-4qb444onnk2tc.centraluseuap.devcenter.azure.com/projects/sdk-project-x2z4o4ohvwcbi/operationstatuses/19840281-1540-4444-822c-27fb3bc640b1?monitor=true",
        "Operation-Location": "https://8ab2df1c-ed88-4946-a8a9-e1bbb3e4d1fd-sdk-dc-4qb444onnk2tc.centraluseuap.devcenter.azure.com/projects/sdk-project-x2z4o4ohvwcbi/operationstatuses/19840281-1540-4444-822c-27fb3bc640b1",
        "Retry-After": "30",
        "Strict-Transport-Security": "max-age=15724800; includeSubDomains",
        "x-ms-client-request-id": "3da09ada-d592-4983-92c9-d2b66dc532fa",
        "x-ms-correlation-request-id": "294898bf-a1cb-443d-ad4e-e9d5f29cc93e",
        "X-Rate-Limit-Limit": "1m",
        "X-Rate-Limit-Remaining": "298",
        "X-Rate-Limit-Reset": "2023-05-06T01:14:45.4613783Z"
      },
      "ResponseBody": {
        "id": "/projects/sdk-project-x2z4o4ohvwcbi/operationStatuses/19840281-1540-4444-822c-27fb3bc640b1",
        "name": "19840281-1540-4444-822c-27fb3bc640b1",
        "status": "Running",
        "startTime": "2023-05-06T01:05:21.1658478\u002B00:00"
      }
    },
    {
      "RequestUri": "https://8ab2df1c-ed88-4946-a8a9-e1bbb3e4d1fd-sdk-dc-4qb444onnk2tc.centraluseuap.devcenter.azure.com/projects/sdk-project-x2z4o4ohvwcbi/operationstatuses/19840281-1540-4444-822c-27fb3bc640b1?api-version=2023-04-01",
      "RequestMethod": "GET",
      "RequestHeaders": {
        "Accept": "application/json",
        "Accept-Encoding": "gzip,deflate",
        "Authorization": "Sanitized",
        "Connection": "keep-alive",
        "User-Agent": "azsdk-js-developer-devcenter-rest/1.0.0 core-rest-pipeline/1.10.2 Node/v18.16.0 OS/(x64-Windows_NT-10.0.22621)",
        "x-ms-client-request-id": "63482e5a-58db-46ed-9c4b-5ed354719f5c"
      },
      "RequestBody": null,
      "StatusCode": 200,
      "ResponseHeaders": {
        "Connection": "keep-alive",
        "Content-Length": "229",
        "Content-Type": "application/json; charset=utf-8",
        "Date": "Sat, 06 May 2023 01:14:25 GMT",
        "Location": "https://8ab2df1c-ed88-4946-a8a9-e1bbb3e4d1fd-sdk-dc-4qb444onnk2tc.centraluseuap.devcenter.azure.com/projects/sdk-project-x2z4o4ohvwcbi/operationstatuses/19840281-1540-4444-822c-27fb3bc640b1?monitor=true",
        "Operation-Location": "https://8ab2df1c-ed88-4946-a8a9-e1bbb3e4d1fd-sdk-dc-4qb444onnk2tc.centraluseuap.devcenter.azure.com/projects/sdk-project-x2z4o4ohvwcbi/operationstatuses/19840281-1540-4444-822c-27fb3bc640b1",
        "Retry-After": "30",
        "Strict-Transport-Security": "max-age=15724800; includeSubDomains",
        "x-ms-client-request-id": "63482e5a-58db-46ed-9c4b-5ed354719f5c",
        "x-ms-correlation-request-id": "5e2053ae-6e6b-42f0-a0af-15b1b6310c1e",
        "X-Rate-Limit-Limit": "1m",
        "X-Rate-Limit-Remaining": "299",
        "X-Rate-Limit-Reset": "2023-05-06T01:15:25.3952615Z"
      },
      "ResponseBody": {
        "id": "/projects/sdk-project-x2z4o4ohvwcbi/operationStatuses/19840281-1540-4444-822c-27fb3bc640b1",
        "name": "19840281-1540-4444-822c-27fb3bc640b1",
        "status": "Running",
        "startTime": "2023-05-06T01:05:21.1658478\u002B00:00"
      }
    },
    {
      "RequestUri": "https://8ab2df1c-ed88-4946-a8a9-e1bbb3e4d1fd-sdk-dc-4qb444onnk2tc.centraluseuap.devcenter.azure.com/projects/sdk-project-x2z4o4ohvwcbi/operationstatuses/19840281-1540-4444-822c-27fb3bc640b1?api-version=2023-04-01",
      "RequestMethod": "GET",
      "RequestHeaders": {
        "Accept": "application/json",
        "Accept-Encoding": "gzip,deflate",
        "Authorization": "Sanitized",
        "Connection": "keep-alive",
        "User-Agent": "azsdk-js-developer-devcenter-rest/1.0.0 core-rest-pipeline/1.10.2 Node/v18.16.0 OS/(x64-Windows_NT-10.0.22621)",
        "x-ms-client-request-id": "312d7d8a-dffd-46ce-ac20-a12163deeff6"
      },
      "RequestBody": null,
      "StatusCode": 200,
      "ResponseHeaders": {
        "Connection": "keep-alive",
        "Content-Length": "229",
        "Content-Type": "application/json; charset=utf-8",
        "Date": "Sat, 06 May 2023 01:14:55 GMT",
        "Location": "https://8ab2df1c-ed88-4946-a8a9-e1bbb3e4d1fd-sdk-dc-4qb444onnk2tc.centraluseuap.devcenter.azure.com/projects/sdk-project-x2z4o4ohvwcbi/operationstatuses/19840281-1540-4444-822c-27fb3bc640b1?monitor=true",
        "Operation-Location": "https://8ab2df1c-ed88-4946-a8a9-e1bbb3e4d1fd-sdk-dc-4qb444onnk2tc.centraluseuap.devcenter.azure.com/projects/sdk-project-x2z4o4ohvwcbi/operationstatuses/19840281-1540-4444-822c-27fb3bc640b1",
        "Retry-After": "30",
        "Strict-Transport-Security": "max-age=15724800; includeSubDomains",
        "x-ms-client-request-id": "312d7d8a-dffd-46ce-ac20-a12163deeff6",
        "x-ms-correlation-request-id": "206b9cd6-9a89-448a-a5d9-8cbf1181f20b",
        "X-Rate-Limit-Limit": "1m",
        "X-Rate-Limit-Remaining": "297",
        "X-Rate-Limit-Reset": "2023-05-06T01:15:17.3067972Z"
      },
      "ResponseBody": {
        "id": "/projects/sdk-project-x2z4o4ohvwcbi/operationStatuses/19840281-1540-4444-822c-27fb3bc640b1",
        "name": "19840281-1540-4444-822c-27fb3bc640b1",
        "status": "Running",
        "startTime": "2023-05-06T01:05:21.1658478\u002B00:00"
      }
    },
    {
      "RequestUri": "https://8ab2df1c-ed88-4946-a8a9-e1bbb3e4d1fd-sdk-dc-4qb444onnk2tc.centraluseuap.devcenter.azure.com/projects/sdk-project-x2z4o4ohvwcbi/operationstatuses/19840281-1540-4444-822c-27fb3bc640b1?api-version=2023-04-01",
      "RequestMethod": "GET",
      "RequestHeaders": {
        "Accept": "application/json",
        "Accept-Encoding": "gzip,deflate",
        "Authorization": "Sanitized",
        "Connection": "keep-alive",
        "User-Agent": "azsdk-js-developer-devcenter-rest/1.0.0 core-rest-pipeline/1.10.2 Node/v18.16.0 OS/(x64-Windows_NT-10.0.22621)",
        "x-ms-client-request-id": "188ed9fe-482d-4202-afe0-355ff75cd165"
      },
      "RequestBody": null,
      "StatusCode": 200,
      "ResponseHeaders": {
        "Connection": "keep-alive",
        "Content-Length": "229",
        "Content-Type": "application/json; charset=utf-8",
        "Date": "Sat, 06 May 2023 01:15:26 GMT",
        "Location": "https://8ab2df1c-ed88-4946-a8a9-e1bbb3e4d1fd-sdk-dc-4qb444onnk2tc.centraluseuap.devcenter.azure.com/projects/sdk-project-x2z4o4ohvwcbi/operationstatuses/19840281-1540-4444-822c-27fb3bc640b1?monitor=true",
        "Operation-Location": "https://8ab2df1c-ed88-4946-a8a9-e1bbb3e4d1fd-sdk-dc-4qb444onnk2tc.centraluseuap.devcenter.azure.com/projects/sdk-project-x2z4o4ohvwcbi/operationstatuses/19840281-1540-4444-822c-27fb3bc640b1",
        "Retry-After": "30",
        "Strict-Transport-Security": "max-age=15724800; includeSubDomains",
        "x-ms-client-request-id": "188ed9fe-482d-4202-afe0-355ff75cd165",
        "x-ms-correlation-request-id": "e6019867-67f6-4334-accb-8c5b3932bbe4",
        "X-Rate-Limit-Limit": "1m",
        "X-Rate-Limit-Remaining": "299",
        "X-Rate-Limit-Reset": "2023-05-06T01:16:25.7956006Z"
      },
      "ResponseBody": {
        "id": "/projects/sdk-project-x2z4o4ohvwcbi/operationStatuses/19840281-1540-4444-822c-27fb3bc640b1",
        "name": "19840281-1540-4444-822c-27fb3bc640b1",
        "status": "Running",
        "startTime": "2023-05-06T01:05:21.1658478\u002B00:00"
      }
    },
    {
      "RequestUri": "https://8ab2df1c-ed88-4946-a8a9-e1bbb3e4d1fd-sdk-dc-4qb444onnk2tc.centraluseuap.devcenter.azure.com/projects/sdk-project-x2z4o4ohvwcbi/operationstatuses/19840281-1540-4444-822c-27fb3bc640b1?api-version=2023-04-01",
      "RequestMethod": "GET",
      "RequestHeaders": {
        "Accept": "application/json",
        "Accept-Encoding": "gzip,deflate",
        "Authorization": "Sanitized",
        "Connection": "keep-alive",
        "User-Agent": "azsdk-js-developer-devcenter-rest/1.0.0 core-rest-pipeline/1.10.2 Node/v18.16.0 OS/(x64-Windows_NT-10.0.22621)",
        "x-ms-client-request-id": "be77cee2-ef6f-45d8-b92c-66f24d540319"
      },
      "RequestBody": null,
      "StatusCode": 200,
      "ResponseHeaders": {
        "Connection": "keep-alive",
        "Content-Length": "229",
        "Content-Type": "application/json; charset=utf-8",
        "Date": "Sat, 06 May 2023 01:15:56 GMT",
        "Location": "https://8ab2df1c-ed88-4946-a8a9-e1bbb3e4d1fd-sdk-dc-4qb444onnk2tc.centraluseuap.devcenter.azure.com/projects/sdk-project-x2z4o4ohvwcbi/operationstatuses/19840281-1540-4444-822c-27fb3bc640b1?monitor=true",
        "Operation-Location": "https://8ab2df1c-ed88-4946-a8a9-e1bbb3e4d1fd-sdk-dc-4qb444onnk2tc.centraluseuap.devcenter.azure.com/projects/sdk-project-x2z4o4ohvwcbi/operationstatuses/19840281-1540-4444-822c-27fb3bc640b1",
        "Retry-After": "30",
        "Strict-Transport-Security": "max-age=15724800; includeSubDomains",
        "x-ms-client-request-id": "be77cee2-ef6f-45d8-b92c-66f24d540319",
        "x-ms-correlation-request-id": "ae192b50-c585-468d-9d07-b4b934003498",
        "X-Rate-Limit-Limit": "1m",
        "X-Rate-Limit-Remaining": "299",
        "X-Rate-Limit-Reset": "2023-05-06T01:16:56.0290873Z"
      },
      "ResponseBody": {
        "id": "/projects/sdk-project-x2z4o4ohvwcbi/operationStatuses/19840281-1540-4444-822c-27fb3bc640b1",
        "name": "19840281-1540-4444-822c-27fb3bc640b1",
        "status": "Running",
        "startTime": "2023-05-06T01:05:21.1658478\u002B00:00"
      }
    },
    {
      "RequestUri": "https://8ab2df1c-ed88-4946-a8a9-e1bbb3e4d1fd-sdk-dc-4qb444onnk2tc.centraluseuap.devcenter.azure.com/projects/sdk-project-x2z4o4ohvwcbi/operationstatuses/19840281-1540-4444-822c-27fb3bc640b1?api-version=2023-04-01",
      "RequestMethod": "GET",
      "RequestHeaders": {
        "Accept": "application/json",
        "Accept-Encoding": "gzip,deflate",
        "Authorization": "Sanitized",
        "Connection": "keep-alive",
        "User-Agent": "azsdk-js-developer-devcenter-rest/1.0.0 core-rest-pipeline/1.10.2 Node/v18.16.0 OS/(x64-Windows_NT-10.0.22621)",
        "x-ms-client-request-id": "bb69a7d9-1516-4203-bbac-7ef8327975ea"
      },
      "RequestBody": null,
      "StatusCode": 200,
      "ResponseHeaders": {
        "Connection": "keep-alive",
        "Content-Length": "229",
        "Content-Type": "application/json; charset=utf-8",
        "Date": "Sat, 06 May 2023 01:16:26 GMT",
        "Location": "https://8ab2df1c-ed88-4946-a8a9-e1bbb3e4d1fd-sdk-dc-4qb444onnk2tc.centraluseuap.devcenter.azure.com/projects/sdk-project-x2z4o4ohvwcbi/operationstatuses/19840281-1540-4444-822c-27fb3bc640b1?monitor=true",
        "Operation-Location": "https://8ab2df1c-ed88-4946-a8a9-e1bbb3e4d1fd-sdk-dc-4qb444onnk2tc.centraluseuap.devcenter.azure.com/projects/sdk-project-x2z4o4ohvwcbi/operationstatuses/19840281-1540-4444-822c-27fb3bc640b1",
        "Retry-After": "30",
        "Strict-Transport-Security": "max-age=15724800; includeSubDomains",
        "x-ms-client-request-id": "bb69a7d9-1516-4203-bbac-7ef8327975ea",
        "x-ms-correlation-request-id": "06182383-7d8a-4eb5-b7d2-e5f8235df123",
        "X-Rate-Limit-Limit": "1m",
        "X-Rate-Limit-Remaining": "299",
        "X-Rate-Limit-Reset": "2023-05-06T01:17:26.3304183Z"
      },
      "ResponseBody": {
        "id": "/projects/sdk-project-x2z4o4ohvwcbi/operationStatuses/19840281-1540-4444-822c-27fb3bc640b1",
        "name": "19840281-1540-4444-822c-27fb3bc640b1",
        "status": "Running",
        "startTime": "2023-05-06T01:05:21.1658478\u002B00:00"
      }
    },
    {
      "RequestUri": "https://8ab2df1c-ed88-4946-a8a9-e1bbb3e4d1fd-sdk-dc-4qb444onnk2tc.centraluseuap.devcenter.azure.com/projects/sdk-project-x2z4o4ohvwcbi/operationstatuses/19840281-1540-4444-822c-27fb3bc640b1?api-version=2023-04-01",
      "RequestMethod": "GET",
      "RequestHeaders": {
        "Accept": "application/json",
        "Accept-Encoding": "gzip,deflate",
        "Authorization": "Sanitized",
        "Connection": "keep-alive",
        "User-Agent": "azsdk-js-developer-devcenter-rest/1.0.0 core-rest-pipeline/1.10.2 Node/v18.16.0 OS/(x64-Windows_NT-10.0.22621)",
        "x-ms-client-request-id": "d4787d54-ee44-4bea-b641-8de05a0be64e"
      },
      "RequestBody": null,
      "StatusCode": 200,
      "ResponseHeaders": {
        "Connection": "keep-alive",
        "Content-Length": "229",
        "Content-Type": "application/json; charset=utf-8",
        "Date": "Sat, 06 May 2023 01:16:56 GMT",
        "Location": "https://8ab2df1c-ed88-4946-a8a9-e1bbb3e4d1fd-sdk-dc-4qb444onnk2tc.centraluseuap.devcenter.azure.com/projects/sdk-project-x2z4o4ohvwcbi/operationstatuses/19840281-1540-4444-822c-27fb3bc640b1?monitor=true",
        "Operation-Location": "https://8ab2df1c-ed88-4946-a8a9-e1bbb3e4d1fd-sdk-dc-4qb444onnk2tc.centraluseuap.devcenter.azure.com/projects/sdk-project-x2z4o4ohvwcbi/operationstatuses/19840281-1540-4444-822c-27fb3bc640b1",
        "Retry-After": "30",
        "Strict-Transport-Security": "max-age=15724800; includeSubDomains",
        "x-ms-client-request-id": "d4787d54-ee44-4bea-b641-8de05a0be64e",
        "x-ms-correlation-request-id": "25073145-0211-4b08-9944-820fbc9449cd",
        "X-Rate-Limit-Limit": "1m",
        "X-Rate-Limit-Remaining": "299",
        "X-Rate-Limit-Reset": "2023-05-06T01:17:56.5581132Z"
      },
      "ResponseBody": {
        "id": "/projects/sdk-project-x2z4o4ohvwcbi/operationStatuses/19840281-1540-4444-822c-27fb3bc640b1",
        "name": "19840281-1540-4444-822c-27fb3bc640b1",
        "status": "Running",
        "startTime": "2023-05-06T01:05:21.1658478\u002B00:00"
      }
    },
    {
      "RequestUri": "https://8ab2df1c-ed88-4946-a8a9-e1bbb3e4d1fd-sdk-dc-4qb444onnk2tc.centraluseuap.devcenter.azure.com/projects/sdk-project-x2z4o4ohvwcbi/operationstatuses/19840281-1540-4444-822c-27fb3bc640b1?api-version=2023-04-01",
      "RequestMethod": "GET",
      "RequestHeaders": {
        "Accept": "application/json",
        "Accept-Encoding": "gzip,deflate",
        "Authorization": "Sanitized",
        "Connection": "keep-alive",
        "User-Agent": "azsdk-js-developer-devcenter-rest/1.0.0 core-rest-pipeline/1.10.2 Node/v18.16.0 OS/(x64-Windows_NT-10.0.22621)",
        "x-ms-client-request-id": "9742ee4d-3dcc-4f6a-a0df-3f0c7d0ed3fb"
      },
      "RequestBody": null,
      "StatusCode": 200,
      "ResponseHeaders": {
        "Connection": "keep-alive",
        "Content-Length": "229",
        "Content-Type": "application/json; charset=utf-8",
        "Date": "Sat, 06 May 2023 01:17:27 GMT",
        "Location": "https://8ab2df1c-ed88-4946-a8a9-e1bbb3e4d1fd-sdk-dc-4qb444onnk2tc.centraluseuap.devcenter.azure.com/projects/sdk-project-x2z4o4ohvwcbi/operationstatuses/19840281-1540-4444-822c-27fb3bc640b1?monitor=true",
        "Operation-Location": "https://8ab2df1c-ed88-4946-a8a9-e1bbb3e4d1fd-sdk-dc-4qb444onnk2tc.centraluseuap.devcenter.azure.com/projects/sdk-project-x2z4o4ohvwcbi/operationstatuses/19840281-1540-4444-822c-27fb3bc640b1",
        "Retry-After": "30",
        "Strict-Transport-Security": "max-age=15724800; includeSubDomains",
        "x-ms-client-request-id": "9742ee4d-3dcc-4f6a-a0df-3f0c7d0ed3fb",
        "x-ms-correlation-request-id": "cb6d43fb-9926-4f05-9a85-7cbbc01012f7",
        "X-Rate-Limit-Limit": "1m",
        "X-Rate-Limit-Remaining": "299",
        "X-Rate-Limit-Reset": "2023-05-06T01:18:26.8378655Z"
      },
      "ResponseBody": {
        "id": "/projects/sdk-project-x2z4o4ohvwcbi/operationStatuses/19840281-1540-4444-822c-27fb3bc640b1",
        "name": "19840281-1540-4444-822c-27fb3bc640b1",
        "status": "Running",
        "startTime": "2023-05-06T01:05:21.1658478\u002B00:00"
      }
    },
    {
      "RequestUri": "https://8ab2df1c-ed88-4946-a8a9-e1bbb3e4d1fd-sdk-dc-4qb444onnk2tc.centraluseuap.devcenter.azure.com/projects/sdk-project-x2z4o4ohvwcbi/operationstatuses/19840281-1540-4444-822c-27fb3bc640b1?api-version=2023-04-01",
      "RequestMethod": "GET",
      "RequestHeaders": {
        "Accept": "application/json",
        "Accept-Encoding": "gzip,deflate",
        "Authorization": "Sanitized",
        "Connection": "keep-alive",
        "User-Agent": "azsdk-js-developer-devcenter-rest/1.0.0 core-rest-pipeline/1.10.2 Node/v18.16.0 OS/(x64-Windows_NT-10.0.22621)",
        "x-ms-client-request-id": "62482884-6574-4906-88e5-3456b61cdf76"
      },
      "RequestBody": null,
      "StatusCode": 200,
      "ResponseHeaders": {
        "Connection": "keep-alive",
        "Content-Length": "229",
        "Content-Type": "application/json; charset=utf-8",
        "Date": "Sat, 06 May 2023 01:17:57 GMT",
        "Location": "https://8ab2df1c-ed88-4946-a8a9-e1bbb3e4d1fd-sdk-dc-4qb444onnk2tc.centraluseuap.devcenter.azure.com/projects/sdk-project-x2z4o4ohvwcbi/operationstatuses/19840281-1540-4444-822c-27fb3bc640b1?monitor=true",
        "Operation-Location": "https://8ab2df1c-ed88-4946-a8a9-e1bbb3e4d1fd-sdk-dc-4qb444onnk2tc.centraluseuap.devcenter.azure.com/projects/sdk-project-x2z4o4ohvwcbi/operationstatuses/19840281-1540-4444-822c-27fb3bc640b1",
        "Retry-After": "30",
        "Strict-Transport-Security": "max-age=15724800; includeSubDomains",
        "x-ms-client-request-id": "62482884-6574-4906-88e5-3456b61cdf76",
        "x-ms-correlation-request-id": "d9ef6563-44fe-46bd-963f-b30e26b1cf89",
        "X-Rate-Limit-Limit": "1m",
        "X-Rate-Limit-Remaining": "299",
        "X-Rate-Limit-Reset": "2023-05-06T01:18:57.0763170Z"
      },
      "ResponseBody": {
        "id": "/projects/sdk-project-x2z4o4ohvwcbi/operationStatuses/19840281-1540-4444-822c-27fb3bc640b1",
        "name": "19840281-1540-4444-822c-27fb3bc640b1",
        "status": "Running",
        "startTime": "2023-05-06T01:05:21.1658478\u002B00:00"
      }
    },
    {
      "RequestUri": "https://8ab2df1c-ed88-4946-a8a9-e1bbb3e4d1fd-sdk-dc-4qb444onnk2tc.centraluseuap.devcenter.azure.com/projects/sdk-project-x2z4o4ohvwcbi/operationstatuses/19840281-1540-4444-822c-27fb3bc640b1?api-version=2023-04-01",
      "RequestMethod": "GET",
      "RequestHeaders": {
        "Accept": "application/json",
        "Accept-Encoding": "gzip,deflate",
        "Authorization": "Sanitized",
        "Connection": "keep-alive",
        "User-Agent": "azsdk-js-developer-devcenter-rest/1.0.0 core-rest-pipeline/1.10.2 Node/v18.16.0 OS/(x64-Windows_NT-10.0.22621)",
        "x-ms-client-request-id": "07945db4-66c1-496b-9059-6dff9b2317ea"
      },
      "RequestBody": null,
      "StatusCode": 200,
      "ResponseHeaders": {
        "Connection": "keep-alive",
        "Content-Length": "229",
        "Content-Type": "application/json; charset=utf-8",
        "Date": "Sat, 06 May 2023 01:18:27 GMT",
        "Location": "https://8ab2df1c-ed88-4946-a8a9-e1bbb3e4d1fd-sdk-dc-4qb444onnk2tc.centraluseuap.devcenter.azure.com/projects/sdk-project-x2z4o4ohvwcbi/operationstatuses/19840281-1540-4444-822c-27fb3bc640b1?monitor=true",
        "Operation-Location": "https://8ab2df1c-ed88-4946-a8a9-e1bbb3e4d1fd-sdk-dc-4qb444onnk2tc.centraluseuap.devcenter.azure.com/projects/sdk-project-x2z4o4ohvwcbi/operationstatuses/19840281-1540-4444-822c-27fb3bc640b1",
        "Retry-After": "30",
        "Strict-Transport-Security": "max-age=15724800; includeSubDomains",
        "x-ms-client-request-id": "07945db4-66c1-496b-9059-6dff9b2317ea",
        "x-ms-correlation-request-id": "f6ae8448-a497-47bb-8674-7166b475b42d",
        "X-Rate-Limit-Limit": "1m",
        "X-Rate-Limit-Remaining": "299",
        "X-Rate-Limit-Reset": "2023-05-06T01:19:27.3058070Z"
      },
      "ResponseBody": {
        "id": "/projects/sdk-project-x2z4o4ohvwcbi/operationStatuses/19840281-1540-4444-822c-27fb3bc640b1",
        "name": "19840281-1540-4444-822c-27fb3bc640b1",
        "status": "Running",
        "startTime": "2023-05-06T01:05:21.1658478\u002B00:00"
      }
    },
    {
      "RequestUri": "https://8ab2df1c-ed88-4946-a8a9-e1bbb3e4d1fd-sdk-dc-4qb444onnk2tc.centraluseuap.devcenter.azure.com/projects/sdk-project-x2z4o4ohvwcbi/operationstatuses/19840281-1540-4444-822c-27fb3bc640b1?api-version=2023-04-01",
      "RequestMethod": "GET",
      "RequestHeaders": {
        "Accept": "application/json",
        "Accept-Encoding": "gzip,deflate",
        "Authorization": "Sanitized",
        "Connection": "keep-alive",
        "User-Agent": "azsdk-js-developer-devcenter-rest/1.0.0 core-rest-pipeline/1.10.2 Node/v18.16.0 OS/(x64-Windows_NT-10.0.22621)",
        "x-ms-client-request-id": "903a766c-86c7-4248-aa24-f49c56ada4e8"
      },
      "RequestBody": null,
      "StatusCode": 200,
      "ResponseHeaders": {
        "Connection": "keep-alive",
        "Content-Length": "229",
        "Content-Type": "application/json; charset=utf-8",
        "Date": "Sat, 06 May 2023 01:18:57 GMT",
        "Location": "https://8ab2df1c-ed88-4946-a8a9-e1bbb3e4d1fd-sdk-dc-4qb444onnk2tc.centraluseuap.devcenter.azure.com/projects/sdk-project-x2z4o4ohvwcbi/operationstatuses/19840281-1540-4444-822c-27fb3bc640b1?monitor=true",
        "Operation-Location": "https://8ab2df1c-ed88-4946-a8a9-e1bbb3e4d1fd-sdk-dc-4qb444onnk2tc.centraluseuap.devcenter.azure.com/projects/sdk-project-x2z4o4ohvwcbi/operationstatuses/19840281-1540-4444-822c-27fb3bc640b1",
        "Retry-After": "30",
        "Strict-Transport-Security": "max-age=15724800; includeSubDomains",
        "x-ms-client-request-id": "903a766c-86c7-4248-aa24-f49c56ada4e8",
        "x-ms-correlation-request-id": "7d9a10cc-2ff7-445d-ad3a-9cd4eaa7a963",
        "X-Rate-Limit-Limit": "1m",
        "X-Rate-Limit-Remaining": "299",
        "X-Rate-Limit-Reset": "2023-05-06T01:19:57.4002582Z"
      },
      "ResponseBody": {
        "id": "/projects/sdk-project-x2z4o4ohvwcbi/operationStatuses/19840281-1540-4444-822c-27fb3bc640b1",
        "name": "19840281-1540-4444-822c-27fb3bc640b1",
        "status": "Running",
        "startTime": "2023-05-06T01:05:21.1658478\u002B00:00"
      }
    },
    {
      "RequestUri": "https://8ab2df1c-ed88-4946-a8a9-e1bbb3e4d1fd-sdk-dc-4qb444onnk2tc.centraluseuap.devcenter.azure.com/projects/sdk-project-x2z4o4ohvwcbi/operationstatuses/19840281-1540-4444-822c-27fb3bc640b1?api-version=2023-04-01",
      "RequestMethod": "GET",
      "RequestHeaders": {
        "Accept": "application/json",
        "Accept-Encoding": "gzip,deflate",
        "Authorization": "Sanitized",
        "Connection": "keep-alive",
        "User-Agent": "azsdk-js-developer-devcenter-rest/1.0.0 core-rest-pipeline/1.10.2 Node/v18.16.0 OS/(x64-Windows_NT-10.0.22621)",
        "x-ms-client-request-id": "012fa2fe-cedb-4b95-b475-1b5e347966cf"
      },
      "RequestBody": null,
      "StatusCode": 200,
      "ResponseHeaders": {
        "Connection": "keep-alive",
        "Content-Length": "229",
        "Content-Type": "application/json; charset=utf-8",
        "Date": "Sat, 06 May 2023 01:19:27 GMT",
        "Location": "https://8ab2df1c-ed88-4946-a8a9-e1bbb3e4d1fd-sdk-dc-4qb444onnk2tc.centraluseuap.devcenter.azure.com/projects/sdk-project-x2z4o4ohvwcbi/operationstatuses/19840281-1540-4444-822c-27fb3bc640b1?monitor=true",
        "Operation-Location": "https://8ab2df1c-ed88-4946-a8a9-e1bbb3e4d1fd-sdk-dc-4qb444onnk2tc.centraluseuap.devcenter.azure.com/projects/sdk-project-x2z4o4ohvwcbi/operationstatuses/19840281-1540-4444-822c-27fb3bc640b1",
        "Retry-After": "30",
        "Strict-Transport-Security": "max-age=15724800; includeSubDomains",
        "x-ms-client-request-id": "012fa2fe-cedb-4b95-b475-1b5e347966cf",
        "x-ms-correlation-request-id": "dc59b370-369a-4329-bc04-cc912ca3b118",
        "X-Rate-Limit-Limit": "1m",
        "X-Rate-Limit-Remaining": "299",
        "X-Rate-Limit-Reset": "2023-05-06T01:20:27.5082285Z"
      },
      "ResponseBody": {
        "id": "/projects/sdk-project-x2z4o4ohvwcbi/operationStatuses/19840281-1540-4444-822c-27fb3bc640b1",
        "name": "19840281-1540-4444-822c-27fb3bc640b1",
        "status": "Running",
        "startTime": "2023-05-06T01:05:21.1658478\u002B00:00"
      }
    },
    {
      "RequestUri": "https://8ab2df1c-ed88-4946-a8a9-e1bbb3e4d1fd-sdk-dc-4qb444onnk2tc.centraluseuap.devcenter.azure.com/projects/sdk-project-x2z4o4ohvwcbi/operationstatuses/19840281-1540-4444-822c-27fb3bc640b1?api-version=2023-04-01",
      "RequestMethod": "GET",
      "RequestHeaders": {
        "Accept": "application/json",
        "Accept-Encoding": "gzip,deflate",
        "Authorization": "Sanitized",
        "Connection": "keep-alive",
        "User-Agent": "azsdk-js-developer-devcenter-rest/1.0.0 core-rest-pipeline/1.10.2 Node/v18.16.0 OS/(x64-Windows_NT-10.0.22621)",
        "x-ms-client-request-id": "36cd1801-9350-42d5-8eef-0c85d602c4cc"
      },
      "RequestBody": null,
      "StatusCode": 200,
      "ResponseHeaders": {
        "Connection": "keep-alive",
        "Content-Length": "229",
        "Content-Type": "application/json; charset=utf-8",
        "Date": "Sat, 06 May 2023 01:19:57 GMT",
        "Location": "https://8ab2df1c-ed88-4946-a8a9-e1bbb3e4d1fd-sdk-dc-4qb444onnk2tc.centraluseuap.devcenter.azure.com/projects/sdk-project-x2z4o4ohvwcbi/operationstatuses/19840281-1540-4444-822c-27fb3bc640b1?monitor=true",
        "Operation-Location": "https://8ab2df1c-ed88-4946-a8a9-e1bbb3e4d1fd-sdk-dc-4qb444onnk2tc.centraluseuap.devcenter.azure.com/projects/sdk-project-x2z4o4ohvwcbi/operationstatuses/19840281-1540-4444-822c-27fb3bc640b1",
        "Retry-After": "30",
        "Strict-Transport-Security": "max-age=15724800; includeSubDomains",
        "x-ms-client-request-id": "36cd1801-9350-42d5-8eef-0c85d602c4cc",
        "x-ms-correlation-request-id": "84698677-e3ba-4ae9-89b6-bc2d9dbde6bd",
        "X-Rate-Limit-Limit": "1m",
        "X-Rate-Limit-Remaining": "299",
        "X-Rate-Limit-Reset": "2023-05-06T01:20:57.8676436Z"
      },
      "ResponseBody": {
        "id": "/projects/sdk-project-x2z4o4ohvwcbi/operationStatuses/19840281-1540-4444-822c-27fb3bc640b1",
        "name": "19840281-1540-4444-822c-27fb3bc640b1",
        "status": "Running",
        "startTime": "2023-05-06T01:05:21.1658478\u002B00:00"
      }
    },
    {
      "RequestUri": "https://8ab2df1c-ed88-4946-a8a9-e1bbb3e4d1fd-sdk-dc-4qb444onnk2tc.centraluseuap.devcenter.azure.com/projects/sdk-project-x2z4o4ohvwcbi/operationstatuses/19840281-1540-4444-822c-27fb3bc640b1?api-version=2023-04-01",
      "RequestMethod": "GET",
      "RequestHeaders": {
        "Accept": "application/json",
        "Accept-Encoding": "gzip,deflate",
        "Authorization": "Sanitized",
        "Connection": "keep-alive",
        "User-Agent": "azsdk-js-developer-devcenter-rest/1.0.0 core-rest-pipeline/1.10.2 Node/v18.16.0 OS/(x64-Windows_NT-10.0.22621)",
        "x-ms-client-request-id": "3ea10016-e647-4124-a1cc-9387a15e43b7"
      },
      "RequestBody": null,
      "StatusCode": 200,
      "ResponseHeaders": {
        "Connection": "keep-alive",
        "Content-Length": "229",
        "Content-Type": "application/json; charset=utf-8",
        "Date": "Sat, 06 May 2023 01:20:28 GMT",
        "Location": "https://8ab2df1c-ed88-4946-a8a9-e1bbb3e4d1fd-sdk-dc-4qb444onnk2tc.centraluseuap.devcenter.azure.com/projects/sdk-project-x2z4o4ohvwcbi/operationstatuses/19840281-1540-4444-822c-27fb3bc640b1?monitor=true",
        "Operation-Location": "https://8ab2df1c-ed88-4946-a8a9-e1bbb3e4d1fd-sdk-dc-4qb444onnk2tc.centraluseuap.devcenter.azure.com/projects/sdk-project-x2z4o4ohvwcbi/operationstatuses/19840281-1540-4444-822c-27fb3bc640b1",
        "Retry-After": "30",
        "Strict-Transport-Security": "max-age=15724800; includeSubDomains",
        "x-ms-client-request-id": "3ea10016-e647-4124-a1cc-9387a15e43b7",
        "x-ms-correlation-request-id": "aa2cd3ac-e3a9-433b-a5cb-3d0961a9a51c",
        "X-Rate-Limit-Limit": "1m",
        "X-Rate-Limit-Remaining": "299",
        "X-Rate-Limit-Reset": "2023-05-06T01:21:28.0088162Z"
      },
      "ResponseBody": {
        "id": "/projects/sdk-project-x2z4o4ohvwcbi/operationStatuses/19840281-1540-4444-822c-27fb3bc640b1",
        "name": "19840281-1540-4444-822c-27fb3bc640b1",
        "status": "Running",
        "startTime": "2023-05-06T01:05:21.1658478\u002B00:00"
      }
    },
    {
      "RequestUri": "https://8ab2df1c-ed88-4946-a8a9-e1bbb3e4d1fd-sdk-dc-4qb444onnk2tc.centraluseuap.devcenter.azure.com/projects/sdk-project-x2z4o4ohvwcbi/operationstatuses/19840281-1540-4444-822c-27fb3bc640b1?api-version=2023-04-01",
      "RequestMethod": "GET",
      "RequestHeaders": {
        "Accept": "application/json",
        "Accept-Encoding": "gzip,deflate",
        "Authorization": "Sanitized",
        "Connection": "keep-alive",
        "User-Agent": "azsdk-js-developer-devcenter-rest/1.0.0 core-rest-pipeline/1.10.2 Node/v18.16.0 OS/(x64-Windows_NT-10.0.22621)",
        "x-ms-client-request-id": "23e76454-95bb-4371-acd6-20bd51ea7b28"
      },
      "RequestBody": null,
      "StatusCode": 200,
      "ResponseHeaders": {
        "Connection": "keep-alive",
        "Content-Length": "229",
        "Content-Type": "application/json; charset=utf-8",
        "Date": "Sat, 06 May 2023 01:20:58 GMT",
        "Location": "https://8ab2df1c-ed88-4946-a8a9-e1bbb3e4d1fd-sdk-dc-4qb444onnk2tc.centraluseuap.devcenter.azure.com/projects/sdk-project-x2z4o4ohvwcbi/operationstatuses/19840281-1540-4444-822c-27fb3bc640b1?monitor=true",
        "Operation-Location": "https://8ab2df1c-ed88-4946-a8a9-e1bbb3e4d1fd-sdk-dc-4qb444onnk2tc.centraluseuap.devcenter.azure.com/projects/sdk-project-x2z4o4ohvwcbi/operationstatuses/19840281-1540-4444-822c-27fb3bc640b1",
        "Retry-After": "30",
        "Strict-Transport-Security": "max-age=15724800; includeSubDomains",
        "x-ms-client-request-id": "23e76454-95bb-4371-acd6-20bd51ea7b28",
        "x-ms-correlation-request-id": "4cf605ca-c28a-4570-ad23-0351e2a14826",
        "X-Rate-Limit-Limit": "1m",
        "X-Rate-Limit-Remaining": "299",
        "X-Rate-Limit-Reset": "2023-05-06T01:21:58.1848790Z"
      },
      "ResponseBody": {
        "id": "/projects/sdk-project-x2z4o4ohvwcbi/operationStatuses/19840281-1540-4444-822c-27fb3bc640b1",
        "name": "19840281-1540-4444-822c-27fb3bc640b1",
        "status": "Running",
        "startTime": "2023-05-06T01:05:21.1658478\u002B00:00"
      }
    },
    {
      "RequestUri": "https://8ab2df1c-ed88-4946-a8a9-e1bbb3e4d1fd-sdk-dc-4qb444onnk2tc.centraluseuap.devcenter.azure.com/projects/sdk-project-x2z4o4ohvwcbi/operationstatuses/19840281-1540-4444-822c-27fb3bc640b1?api-version=2023-04-01",
      "RequestMethod": "GET",
      "RequestHeaders": {
        "Accept": "application/json",
        "Accept-Encoding": "gzip,deflate",
        "Authorization": "Sanitized",
        "Connection": "keep-alive",
        "User-Agent": "azsdk-js-developer-devcenter-rest/1.0.0 core-rest-pipeline/1.10.2 Node/v18.16.0 OS/(x64-Windows_NT-10.0.22621)",
        "x-ms-client-request-id": "ba53085e-93cb-4069-9e84-0629d7c5e5a5"
      },
      "RequestBody": null,
      "StatusCode": 200,
      "ResponseHeaders": {
        "Connection": "close",
        "Content-Length": "229",
        "Content-Type": "application/json; charset=utf-8",
        "Date": "Sat, 06 May 2023 01:21:28 GMT",
        "Location": "https://8ab2df1c-ed88-4946-a8a9-e1bbb3e4d1fd-sdk-dc-4qb444onnk2tc.centraluseuap.devcenter.azure.com/projects/sdk-project-x2z4o4ohvwcbi/operationstatuses/19840281-1540-4444-822c-27fb3bc640b1?monitor=true",
        "Operation-Location": "https://8ab2df1c-ed88-4946-a8a9-e1bbb3e4d1fd-sdk-dc-4qb444onnk2tc.centraluseuap.devcenter.azure.com/projects/sdk-project-x2z4o4ohvwcbi/operationstatuses/19840281-1540-4444-822c-27fb3bc640b1",
        "Retry-After": "30",
        "Strict-Transport-Security": "max-age=15724800; includeSubDomains",
        "x-ms-client-request-id": "ba53085e-93cb-4069-9e84-0629d7c5e5a5",
        "x-ms-correlation-request-id": "22efa7e7-f572-43a2-8ce7-d90afe0c0eb1",
        "X-Rate-Limit-Limit": "1m",
        "X-Rate-Limit-Remaining": "298",
        "X-Rate-Limit-Reset": "2023-05-06T01:22:17.2905487Z"
      },
      "ResponseBody": {
        "id": "/projects/sdk-project-x2z4o4ohvwcbi/operationStatuses/19840281-1540-4444-822c-27fb3bc640b1",
        "name": "19840281-1540-4444-822c-27fb3bc640b1",
        "status": "Running",
        "startTime": "2023-05-06T01:05:21.1658478\u002B00:00"
      }
    },
    {
      "RequestUri": "https://8ab2df1c-ed88-4946-a8a9-e1bbb3e4d1fd-sdk-dc-4qb444onnk2tc.centraluseuap.devcenter.azure.com/projects/sdk-project-x2z4o4ohvwcbi/operationstatuses/19840281-1540-4444-822c-27fb3bc640b1?api-version=2023-04-01",
      "RequestMethod": "GET",
      "RequestHeaders": {
        "Accept": "application/json",
        "Accept-Encoding": "gzip,deflate",
        "Authorization": "Sanitized",
        "Connection": "keep-alive",
        "User-Agent": "azsdk-js-developer-devcenter-rest/1.0.0 core-rest-pipeline/1.10.2 Node/v18.16.0 OS/(x64-Windows_NT-10.0.22621)",
        "x-ms-client-request-id": "15a074c7-5b00-4952-a6d4-ab283cf425f8"
      },
      "RequestBody": null,
      "StatusCode": 200,
      "ResponseHeaders": {
        "Connection": "keep-alive",
        "Content-Length": "229",
        "Content-Type": "application/json; charset=utf-8",
        "Date": "Sat, 06 May 2023 01:21:58 GMT",
        "Location": "https://8ab2df1c-ed88-4946-a8a9-e1bbb3e4d1fd-sdk-dc-4qb444onnk2tc.centraluseuap.devcenter.azure.com/projects/sdk-project-x2z4o4ohvwcbi/operationstatuses/19840281-1540-4444-822c-27fb3bc640b1?monitor=true",
        "Operation-Location": "https://8ab2df1c-ed88-4946-a8a9-e1bbb3e4d1fd-sdk-dc-4qb444onnk2tc.centraluseuap.devcenter.azure.com/projects/sdk-project-x2z4o4ohvwcbi/operationstatuses/19840281-1540-4444-822c-27fb3bc640b1",
        "Retry-After": "30",
        "Strict-Transport-Security": "max-age=15724800; includeSubDomains",
        "x-ms-client-request-id": "15a074c7-5b00-4952-a6d4-ab283cf425f8",
        "x-ms-correlation-request-id": "8b3b7ad9-07c5-41de-891c-9abb7dc44934",
        "X-Rate-Limit-Limit": "1m",
        "X-Rate-Limit-Remaining": "297",
        "X-Rate-Limit-Reset": "2023-05-06T01:22:15.6464000Z"
      },
      "ResponseBody": {
        "id": "/projects/sdk-project-x2z4o4ohvwcbi/operationStatuses/19840281-1540-4444-822c-27fb3bc640b1",
        "name": "19840281-1540-4444-822c-27fb3bc640b1",
        "status": "Running",
        "startTime": "2023-05-06T01:05:21.1658478\u002B00:00"
      }
    },
    {
      "RequestUri": "https://8ab2df1c-ed88-4946-a8a9-e1bbb3e4d1fd-sdk-dc-4qb444onnk2tc.centraluseuap.devcenter.azure.com/projects/sdk-project-x2z4o4ohvwcbi/operationstatuses/19840281-1540-4444-822c-27fb3bc640b1?api-version=2023-04-01",
      "RequestMethod": "GET",
      "RequestHeaders": {
        "Accept": "application/json",
        "Accept-Encoding": "gzip,deflate",
        "Authorization": "Sanitized",
        "Connection": "keep-alive",
        "User-Agent": "azsdk-js-developer-devcenter-rest/1.0.0 core-rest-pipeline/1.10.2 Node/v18.16.0 OS/(x64-Windows_NT-10.0.22621)",
        "x-ms-client-request-id": "feec22f7-b3dd-4ef6-b728-cb44be1ee3f7"
      },
      "RequestBody": null,
      "StatusCode": 200,
      "ResponseHeaders": {
        "Connection": "keep-alive",
        "Content-Encoding": "gzip",
        "Content-Type": "application/json; charset=utf-8",
        "Date": "Sat, 06 May 2023 01:22:29 GMT",
        "Location": "https://8ab2df1c-ed88-4946-a8a9-e1bbb3e4d1fd-sdk-dc-4qb444onnk2tc.centraluseuap.devcenter.azure.com/projects/sdk-project-x2z4o4ohvwcbi/operationstatuses/19840281-1540-4444-822c-27fb3bc640b1?monitor=true",
        "Operation-Location": "https://8ab2df1c-ed88-4946-a8a9-e1bbb3e4d1fd-sdk-dc-4qb444onnk2tc.centraluseuap.devcenter.azure.com/projects/sdk-project-x2z4o4ohvwcbi/operationstatuses/19840281-1540-4444-822c-27fb3bc640b1",
        "Retry-After": "30",
        "Strict-Transport-Security": "max-age=15724800; includeSubDomains",
        "Transfer-Encoding": "chunked",
        "x-ms-client-request-id": "feec22f7-b3dd-4ef6-b728-cb44be1ee3f7",
        "x-ms-correlation-request-id": "7930e1f4-e514-45b0-832f-ba59bda3632d",
        "X-Rate-Limit-Limit": "1m",
        "X-Rate-Limit-Remaining": "298",
        "X-Rate-Limit-Reset": "2023-05-06T01:23:15.6472766Z"
      },
      "ResponseBody": {
        "id": "/projects/sdk-project-x2z4o4ohvwcbi/operationStatuses/19840281-1540-4444-822c-27fb3bc640b1",
        "name": "19840281-1540-4444-822c-27fb3bc640b1",
        "status": "Succeeded",
        "startTime": "2023-05-06T01:05:21.1658478\u002B00:00",
        "endTime": "2023-05-06T01:22:28.1858923\u002B00:00"
      }
    },
    {
      "RequestUri": "https://8ab2df1c-ed88-4946-a8a9-e1bbb3e4d1fd-sdk-dc-4qb444onnk2tc.centraluseuap.devcenter.azure.com/projects/sdk-project-x2z4o4ohvwcbi/users/me/devboxes/mydevbox?api-version=2023-04-01\u0026api-version=2023-04-01",
      "RequestMethod": "GET",
      "RequestHeaders": {
        "Accept": "application/json",
        "Accept-Encoding": "gzip,deflate",
        "Authorization": "Sanitized",
        "Connection": "keep-alive",
        "User-Agent": "azsdk-js-developer-devcenter-rest/1.0.0 core-rest-pipeline/1.10.2 Node/v18.16.0 OS/(x64-Windows_NT-10.0.22621)",
        "x-ms-client-request-id": "7d44fd3b-0f6c-4fbf-b4e5-a43cf024fd6f"
      },
      "RequestBody": null,
      "StatusCode": 200,
      "ResponseHeaders": {
        "Connection": "keep-alive",
        "Content-Encoding": "gzip",
        "Content-Type": "application/json; charset=utf-8",
        "Date": "Sat, 06 May 2023 01:22:29 GMT",
        "Strict-Transport-Security": "max-age=15724800; includeSubDomains",
        "Transfer-Encoding": "chunked",
        "x-ms-client-request-id": "7d44fd3b-0f6c-4fbf-b4e5-a43cf024fd6f",
        "x-ms-correlation-request-id": "e94a93d3-5e87-4cfe-a63c-0be91abba4f1",
        "X-Rate-Limit-Limit": "1m",
        "X-Rate-Limit-Remaining": "299",
        "X-Rate-Limit-Reset": "2023-05-06T01:23:29.1223870Z"
      },
      "ResponseBody": {
        "name": "mydevbox",
        "projectName": "sdk-project-x2z4o4ohvwcbi",
        "poolName": "sdk-pool-6ieikn5v2nfnu",
        "hibernateSupport": "Disabled",
        "provisioningState": "Succeeded",
        "actionState": "Unknown",
        "powerState": "Running",
        "uniqueId": "49ec17dc-8f20-486c-954d-b9e809dfb284",
        "location": "centraluseuap",
        "osType": "Windows",
        "user": "df428e89-1bc2-4e72-b736-032c31a6cd97",
        "hardwareProfile": {
          "vCPUs": 8,
          "skuName": "general_a_8c32gb_v1",
          "vcpUs": 8,
          "memoryGB": 32
        },
        "storageProfile": {
          "osDisk": {
            "diskSizeGB": 1024
          }
        },
        "imageReference": {
          "name": "MicrosoftWindowsDesktop_windows-ent-cpc_win11-21h2-ent-cpc-m365",
          "version": "1.0.0",
          "operatingSystem": "Windows11",
          "osBuildNumber": "win11-21h2-ent-cpc-m365",
          "publishedDate": "2021-10-04T00:00:00\u002B00:00"
        },
        "createdTime": "2023-05-06T01:05:21.1160227\u002B00:00",
        "localAdministrator": "Enabled"
      }
    },
    {
      "RequestUri": "https://8ab2df1c-ed88-4946-a8a9-e1bbb3e4d1fd-sdk-dc-4qb444onnk2tc.centraluseuap.devcenter.azure.com/projects/sdk-project-x2z4o4ohvwcbi/users/me/devboxes/mydevbox?api-version=2023-04-01",
      "RequestMethod": "GET",
      "RequestHeaders": {
        "Accept": "application/json",
        "Accept-Encoding": "gzip,deflate",
        "Authorization": "Sanitized",
        "Connection": "keep-alive",
        "User-Agent": "azsdk-js-developer-devcenter-rest/1.0.0 core-rest-pipeline/1.10.2 Node/v18.16.0 OS/(x64-Windows_NT-10.0.22621)",
        "x-ms-client-request-id": "7e73e0ca-364c-4869-9ec2-e0dccad76bdc"
      },
      "RequestBody": null,
      "StatusCode": 200,
      "ResponseHeaders": {
        "Connection": "keep-alive",
        "Content-Encoding": "gzip",
        "Content-Type": "application/json; charset=utf-8",
        "Date": "Sat, 06 May 2023 01:22:29 GMT",
        "Strict-Transport-Security": "max-age=15724800; includeSubDomains",
        "Transfer-Encoding": "chunked",
        "x-ms-client-request-id": "7e73e0ca-364c-4869-9ec2-e0dccad76bdc",
        "x-ms-correlation-request-id": "945aecc3-473e-447d-8778-f32c0c5e737b",
        "X-Rate-Limit-Limit": "1m",
        "X-Rate-Limit-Remaining": "299",
        "X-Rate-Limit-Reset": "2023-05-06T01:23:29.2917108Z"
      },
      "ResponseBody": {
        "name": "mydevbox",
        "projectName": "sdk-project-x2z4o4ohvwcbi",
        "poolName": "sdk-pool-6ieikn5v2nfnu",
        "hibernateSupport": "Disabled",
        "provisioningState": "Succeeded",
        "actionState": "Unknown",
        "powerState": "Running",
        "uniqueId": "49ec17dc-8f20-486c-954d-b9e809dfb284",
        "location": "centraluseuap",
        "osType": "Windows",
        "user": "df428e89-1bc2-4e72-b736-032c31a6cd97",
        "hardwareProfile": {
          "vCPUs": 8,
          "skuName": "general_a_8c32gb_v1",
          "vcpUs": 8,
          "memoryGB": 32
        },
        "storageProfile": {
          "osDisk": {
            "diskSizeGB": 1024
          }
        },
        "imageReference": {
          "name": "MicrosoftWindowsDesktop_windows-ent-cpc_win11-21h2-ent-cpc-m365",
          "version": "1.0.0",
          "operatingSystem": "Windows11",
          "osBuildNumber": "win11-21h2-ent-cpc-m365",
          "publishedDate": "2021-10-04T00:00:00\u002B00:00"
        },
        "createdTime": "2023-05-06T01:05:21.1160227\u002B00:00",
        "localAdministrator": "Enabled"
      }
    },
    {
      "RequestUri": "https://8ab2df1c-ed88-4946-a8a9-e1bbb3e4d1fd-sdk-dc-4qb444onnk2tc.centraluseuap.devcenter.azure.com/projects/sdk-project-x2z4o4ohvwcbi/users/me/devboxes/mydevbox?api-version=2023-04-01",
      "RequestMethod": "DELETE",
      "RequestHeaders": {
        "Accept": "application/json",
        "Accept-Encoding": "gzip,deflate",
        "Authorization": "Sanitized",
        "Connection": "keep-alive",
        "User-Agent": "azsdk-js-developer-devcenter-rest/1.0.0 core-rest-pipeline/1.10.2 Node/v18.16.0 OS/(x64-Windows_NT-10.0.22621)",
        "x-ms-client-request-id": "5704eab8-4a2d-4e9e-942f-78cd107ec72e"
      },
      "RequestBody": null,
      "StatusCode": 202,
      "ResponseHeaders": {
        "Connection": "keep-alive",
        "Content-Length": "928",
        "Content-Type": "application/json; charset=utf-8",
        "Date": "Sat, 06 May 2023 01:22:29 GMT",
        "Location": "https://8ab2df1c-ed88-4946-a8a9-e1bbb3e4d1fd-sdk-dc-4qb444onnk2tc.centraluseuap.devcenter.azure.com/projects/sdk-project-x2z4o4ohvwcbi/operationstatuses/048d4be1-a909-42e3-bacf-387a5b298202?monitor=true",
        "Operation-Location": "https://8ab2df1c-ed88-4946-a8a9-e1bbb3e4d1fd-sdk-dc-4qb444onnk2tc.centraluseuap.devcenter.azure.com/projects/sdk-project-x2z4o4ohvwcbi/operationstatuses/048d4be1-a909-42e3-bacf-387a5b298202",
        "Strict-Transport-Security": "max-age=15724800; includeSubDomains",
        "x-ms-client-request-id": "5704eab8-4a2d-4e9e-942f-78cd107ec72e",
        "x-ms-correlation-request-id": "18654e1b-558a-4fc1-a1b5-a767eb6468c8",
        "X-Rate-Limit-Limit": "1m",
        "X-Rate-Limit-Remaining": "297",
        "X-Rate-Limit-Reset": "2023-05-06T01:23:15.6472766Z"
      },
      "ResponseBody": {
        "name": "mydevbox",
        "projectName": "sdk-project-x2z4o4ohvwcbi",
        "poolName": "sdk-pool-6ieikn5v2nfnu",
        "hibernateSupport": "Disabled",
        "provisioningState": "Deleting",
        "actionState": "Unknown",
        "powerState": "Running",
        "uniqueId": "49ec17dc-8f20-486c-954d-b9e809dfb284",
        "location": "centraluseuap",
        "osType": "Windows",
        "user": "df428e89-1bc2-4e72-b736-032c31a6cd97",
        "hardwareProfile": {
          "vCPUs": 8,
          "skuName": "general_a_8c32gb_v1",
          "vcpUs": 8,
          "memoryGB": 32
        },
        "storageProfile": {
          "osDisk": {
            "diskSizeGB": 1024
          }
        },
        "imageReference": {
          "name": "MicrosoftWindowsDesktop_windows-ent-cpc_win11-21h2-ent-cpc-m365",
          "version": "1.0.0",
          "operatingSystem": "Windows11",
          "osBuildNumber": "win11-21h2-ent-cpc-m365",
          "publishedDate": "2021-10-04T00:00:00\u002B00:00"
        },
        "createdTime": "2023-05-06T01:05:21.1160227\u002B00:00",
        "localAdministrator": "Enabled"
      }
    },
    {
      "RequestUri": "https://8ab2df1c-ed88-4946-a8a9-e1bbb3e4d1fd-sdk-dc-4qb444onnk2tc.centraluseuap.devcenter.azure.com/projects/sdk-project-x2z4o4ohvwcbi/operationstatuses/048d4be1-a909-42e3-bacf-387a5b298202?api-version=2023-04-01",
      "RequestMethod": "GET",
      "RequestHeaders": {
        "Accept": "application/json",
        "Accept-Encoding": "gzip,deflate",
        "Authorization": "Sanitized",
        "Connection": "keep-alive",
        "User-Agent": "azsdk-js-developer-devcenter-rest/1.0.0 core-rest-pipeline/1.10.2 Node/v18.16.0 OS/(x64-Windows_NT-10.0.22621)",
        "x-ms-client-request-id": "6132c51f-4654-4f77-89bf-8122f0532478"
      },
      "RequestBody": null,
      "StatusCode": 200,
      "ResponseHeaders": {
        "Connection": "keep-alive",
        "Content-Length": "232",
        "Content-Type": "application/json; charset=utf-8",
        "Date": "Sat, 06 May 2023 01:22:29 GMT",
        "Location": "https://8ab2df1c-ed88-4946-a8a9-e1bbb3e4d1fd-sdk-dc-4qb444onnk2tc.centraluseuap.devcenter.azure.com/projects/sdk-project-x2z4o4ohvwcbi/operationstatuses/048d4be1-a909-42e3-bacf-387a5b298202?monitor=true",
        "Operation-Location": "https://8ab2df1c-ed88-4946-a8a9-e1bbb3e4d1fd-sdk-dc-4qb444onnk2tc.centraluseuap.devcenter.azure.com/projects/sdk-project-x2z4o4ohvwcbi/operationstatuses/048d4be1-a909-42e3-bacf-387a5b298202",
        "Retry-After": "30",
        "Strict-Transport-Security": "max-age=15724800; includeSubDomains",
        "x-ms-client-request-id": "6132c51f-4654-4f77-89bf-8122f0532478",
        "x-ms-correlation-request-id": "815d7672-15aa-459e-9873-452ad93cbf1b",
        "X-Rate-Limit-Limit": "1m",
        "X-Rate-Limit-Remaining": "298",
        "X-Rate-Limit-Reset": "2023-05-06T01:23:29.1223870Z"
      },
      "ResponseBody": {
        "id": "/projects/sdk-project-x2z4o4ohvwcbi/operationStatuses/048d4be1-a909-42e3-bacf-387a5b298202",
        "name": "048d4be1-a909-42e3-bacf-387a5b298202",
        "status": "NotStarted",
        "startTime": "2023-05-06T01:22:29.5174621\u002B00:00"
      }
    },
    {
      "RequestUri": "https://8ab2df1c-ed88-4946-a8a9-e1bbb3e4d1fd-sdk-dc-4qb444onnk2tc.centraluseuap.devcenter.azure.com/projects/sdk-project-x2z4o4ohvwcbi/operationstatuses/048d4be1-a909-42e3-bacf-387a5b298202?api-version=2023-04-01",
      "RequestMethod": "GET",
      "RequestHeaders": {
        "Accept": "application/json",
        "Accept-Encoding": "gzip,deflate",
        "Authorization": "Sanitized",
        "Connection": "keep-alive",
        "User-Agent": "azsdk-js-developer-devcenter-rest/1.0.0 core-rest-pipeline/1.10.2 Node/v18.16.0 OS/(x64-Windows_NT-10.0.22621)",
        "x-ms-client-request-id": "2836bd9c-5e1b-4ecc-afd3-adbaa626582c"
      },
      "RequestBody": null,
      "StatusCode": 200,
      "ResponseHeaders": {
        "Connection": "keep-alive",
        "Content-Length": "229",
        "Content-Type": "application/json; charset=utf-8",
        "Date": "Sat, 06 May 2023 01:23:00 GMT",
        "Location": "https://8ab2df1c-ed88-4946-a8a9-e1bbb3e4d1fd-sdk-dc-4qb444onnk2tc.centraluseuap.devcenter.azure.com/projects/sdk-project-x2z4o4ohvwcbi/operationstatuses/048d4be1-a909-42e3-bacf-387a5b298202?monitor=true",
        "Operation-Location": "https://8ab2df1c-ed88-4946-a8a9-e1bbb3e4d1fd-sdk-dc-4qb444onnk2tc.centraluseuap.devcenter.azure.com/projects/sdk-project-x2z4o4ohvwcbi/operationstatuses/048d4be1-a909-42e3-bacf-387a5b298202",
        "Retry-After": "30",
        "Strict-Transport-Security": "max-age=15724800; includeSubDomains",
        "x-ms-client-request-id": "2836bd9c-5e1b-4ecc-afd3-adbaa626582c",
        "x-ms-correlation-request-id": "6ec200ba-abea-44d1-a5c1-b9060d24eeb6",
        "X-Rate-Limit-Limit": "1m",
        "X-Rate-Limit-Remaining": "296",
        "X-Rate-Limit-Reset": "2023-05-06T01:23:29.2917108Z"
      },
      "ResponseBody": {
        "id": "/projects/sdk-project-x2z4o4ohvwcbi/operationStatuses/048d4be1-a909-42e3-bacf-387a5b298202",
        "name": "048d4be1-a909-42e3-bacf-387a5b298202",
        "status": "Running",
        "startTime": "2023-05-06T01:22:29.5174621\u002B00:00"
      }
    },
    {
      "RequestUri": "https://8ab2df1c-ed88-4946-a8a9-e1bbb3e4d1fd-sdk-dc-4qb444onnk2tc.centraluseuap.devcenter.azure.com/projects/sdk-project-x2z4o4ohvwcbi/operationstatuses/048d4be1-a909-42e3-bacf-387a5b298202?api-version=2023-04-01",
      "RequestMethod": "GET",
      "RequestHeaders": {
        "Accept": "application/json",
        "Accept-Encoding": "gzip,deflate",
        "Authorization": "Sanitized",
        "Connection": "keep-alive",
        "User-Agent": "azsdk-js-developer-devcenter-rest/1.0.0 core-rest-pipeline/1.10.2 Node/v18.16.0 OS/(x64-Windows_NT-10.0.22621)",
        "x-ms-client-request-id": "c1b015a4-b77e-4dd8-9ead-f1cba6bd98e1"
      },
      "RequestBody": null,
      "StatusCode": 200,
      "ResponseHeaders": {
        "Connection": "keep-alive",
        "Content-Length": "229",
        "Content-Type": "application/json; charset=utf-8",
        "Date": "Sat, 06 May 2023 01:23:30 GMT",
        "Location": "https://8ab2df1c-ed88-4946-a8a9-e1bbb3e4d1fd-sdk-dc-4qb444onnk2tc.centraluseuap.devcenter.azure.com/projects/sdk-project-x2z4o4ohvwcbi/operationstatuses/048d4be1-a909-42e3-bacf-387a5b298202?monitor=true",
        "Operation-Location": "https://8ab2df1c-ed88-4946-a8a9-e1bbb3e4d1fd-sdk-dc-4qb444onnk2tc.centraluseuap.devcenter.azure.com/projects/sdk-project-x2z4o4ohvwcbi/operationstatuses/048d4be1-a909-42e3-bacf-387a5b298202",
        "Retry-After": "30",
        "Strict-Transport-Security": "max-age=15724800; includeSubDomains",
        "x-ms-client-request-id": "c1b015a4-b77e-4dd8-9ead-f1cba6bd98e1",
        "x-ms-correlation-request-id": "e0bc0c4f-78f9-4bb1-8430-853aa036b021",
        "X-Rate-Limit-Limit": "1m",
        "X-Rate-Limit-Remaining": "299",
        "X-Rate-Limit-Reset": "2023-05-06T01:24:30.0340968Z"
      },
      "ResponseBody": {
        "id": "/projects/sdk-project-x2z4o4ohvwcbi/operationStatuses/048d4be1-a909-42e3-bacf-387a5b298202",
        "name": "048d4be1-a909-42e3-bacf-387a5b298202",
        "status": "Running",
        "startTime": "2023-05-06T01:22:29.5174621\u002B00:00"
      }
    },
    {
      "RequestUri": "https://8ab2df1c-ed88-4946-a8a9-e1bbb3e4d1fd-sdk-dc-4qb444onnk2tc.centraluseuap.devcenter.azure.com/projects/sdk-project-x2z4o4ohvwcbi/operationstatuses/048d4be1-a909-42e3-bacf-387a5b298202?api-version=2023-04-01",
      "RequestMethod": "GET",
      "RequestHeaders": {
        "Accept": "application/json",
        "Accept-Encoding": "gzip,deflate",
        "Authorization": "Sanitized",
        "Connection": "keep-alive",
        "User-Agent": "azsdk-js-developer-devcenter-rest/1.0.0 core-rest-pipeline/1.10.2 Node/v18.16.0 OS/(x64-Windows_NT-10.0.22621)",
        "x-ms-client-request-id": "cc944db0-c47f-450b-b2bb-9236ca07587b"
      },
      "RequestBody": null,
      "StatusCode": 200,
      "ResponseHeaders": {
        "Connection": "keep-alive",
        "Content-Length": "229",
        "Content-Type": "application/json; charset=utf-8",
        "Date": "Sat, 06 May 2023 01:24:00 GMT",
        "Location": "https://8ab2df1c-ed88-4946-a8a9-e1bbb3e4d1fd-sdk-dc-4qb444onnk2tc.centraluseuap.devcenter.azure.com/projects/sdk-project-x2z4o4ohvwcbi/operationstatuses/048d4be1-a909-42e3-bacf-387a5b298202?monitor=true",
        "Operation-Location": "https://8ab2df1c-ed88-4946-a8a9-e1bbb3e4d1fd-sdk-dc-4qb444onnk2tc.centraluseuap.devcenter.azure.com/projects/sdk-project-x2z4o4ohvwcbi/operationstatuses/048d4be1-a909-42e3-bacf-387a5b298202",
        "Retry-After": "30",
        "Strict-Transport-Security": "max-age=15724800; includeSubDomains",
        "x-ms-client-request-id": "cc944db0-c47f-450b-b2bb-9236ca07587b",
        "x-ms-correlation-request-id": "12e27099-f9b5-46f4-b831-730d0f821351",
        "X-Rate-Limit-Limit": "1m",
        "X-Rate-Limit-Remaining": "297",
        "X-Rate-Limit-Reset": "2023-05-06T01:24:37.9050968Z"
      },
      "ResponseBody": {
        "id": "/projects/sdk-project-x2z4o4ohvwcbi/operationStatuses/048d4be1-a909-42e3-bacf-387a5b298202",
        "name": "048d4be1-a909-42e3-bacf-387a5b298202",
        "status": "Running",
        "startTime": "2023-05-06T01:22:29.5174621\u002B00:00"
      }
    },
    {
      "RequestUri": "https://8ab2df1c-ed88-4946-a8a9-e1bbb3e4d1fd-sdk-dc-4qb444onnk2tc.centraluseuap.devcenter.azure.com/projects/sdk-project-x2z4o4ohvwcbi/operationstatuses/048d4be1-a909-42e3-bacf-387a5b298202?api-version=2023-04-01",
      "RequestMethod": "GET",
      "RequestHeaders": {
        "Accept": "application/json",
        "Accept-Encoding": "gzip,deflate",
        "Authorization": "Sanitized",
        "Connection": "keep-alive",
        "User-Agent": "azsdk-js-developer-devcenter-rest/1.0.0 core-rest-pipeline/1.10.2 Node/v18.16.0 OS/(x64-Windows_NT-10.0.22621)",
        "x-ms-client-request-id": "28a30e0f-9e6e-4519-9884-fa774f04e58b"
      },
      "RequestBody": null,
      "StatusCode": 200,
      "ResponseHeaders": {
        "Connection": "keep-alive",
        "Content-Length": "229",
        "Content-Type": "application/json; charset=utf-8",
        "Date": "Sat, 06 May 2023 01:24:30 GMT",
        "Location": "https://8ab2df1c-ed88-4946-a8a9-e1bbb3e4d1fd-sdk-dc-4qb444onnk2tc.centraluseuap.devcenter.azure.com/projects/sdk-project-x2z4o4ohvwcbi/operationstatuses/048d4be1-a909-42e3-bacf-387a5b298202?monitor=true",
        "Operation-Location": "https://8ab2df1c-ed88-4946-a8a9-e1bbb3e4d1fd-sdk-dc-4qb444onnk2tc.centraluseuap.devcenter.azure.com/projects/sdk-project-x2z4o4ohvwcbi/operationstatuses/048d4be1-a909-42e3-bacf-387a5b298202",
        "Retry-After": "30",
        "Strict-Transport-Security": "max-age=15724800; includeSubDomains",
        "x-ms-client-request-id": "28a30e0f-9e6e-4519-9884-fa774f04e58b",
        "x-ms-correlation-request-id": "52adc089-7b8e-4393-9378-ac78fd6b009c",
        "X-Rate-Limit-Limit": "1m",
        "X-Rate-Limit-Remaining": "297",
        "X-Rate-Limit-Reset": "2023-05-06T01:24:37.5866948Z"
      },
      "ResponseBody": {
        "id": "/projects/sdk-project-x2z4o4ohvwcbi/operationStatuses/048d4be1-a909-42e3-bacf-387a5b298202",
        "name": "048d4be1-a909-42e3-bacf-387a5b298202",
        "status": "Running",
        "startTime": "2023-05-06T01:22:29.5174621\u002B00:00"
      }
    },
    {
      "RequestUri": "https://8ab2df1c-ed88-4946-a8a9-e1bbb3e4d1fd-sdk-dc-4qb444onnk2tc.centraluseuap.devcenter.azure.com/projects/sdk-project-x2z4o4ohvwcbi/operationstatuses/048d4be1-a909-42e3-bacf-387a5b298202?api-version=2023-04-01",
      "RequestMethod": "GET",
      "RequestHeaders": {
        "Accept": "application/json",
        "Accept-Encoding": "gzip,deflate",
        "Authorization": "Sanitized",
        "Connection": "keep-alive",
        "User-Agent": "azsdk-js-developer-devcenter-rest/1.0.0 core-rest-pipeline/1.10.2 Node/v18.16.0 OS/(x64-Windows_NT-10.0.22621)",
        "x-ms-client-request-id": "915950fb-0462-4338-8a95-694ea7068997"
      },
      "RequestBody": null,
      "StatusCode": 200,
      "ResponseHeaders": {
        "Connection": "keep-alive",
        "Content-Encoding": "gzip",
        "Content-Type": "application/json; charset=utf-8",
        "Date": "Sat, 06 May 2023 01:25:00 GMT",
        "Location": "https://8ab2df1c-ed88-4946-a8a9-e1bbb3e4d1fd-sdk-dc-4qb444onnk2tc.centraluseuap.devcenter.azure.com/projects/sdk-project-x2z4o4ohvwcbi/operationstatuses/048d4be1-a909-42e3-bacf-387a5b298202?monitor=true",
        "Operation-Location": "https://8ab2df1c-ed88-4946-a8a9-e1bbb3e4d1fd-sdk-dc-4qb444onnk2tc.centraluseuap.devcenter.azure.com/projects/sdk-project-x2z4o4ohvwcbi/operationstatuses/048d4be1-a909-42e3-bacf-387a5b298202",
        "Retry-After": "30",
        "Strict-Transport-Security": "max-age=15724800; includeSubDomains",
        "Transfer-Encoding": "chunked",
        "x-ms-client-request-id": "915950fb-0462-4338-8a95-694ea7068997",
        "x-ms-correlation-request-id": "d9c54952-0dd8-44df-a8a1-c70a9e4014cd",
        "X-Rate-Limit-Limit": "1m",
        "X-Rate-Limit-Remaining": "296",
        "X-Rate-Limit-Reset": "2023-05-06T01:25:38.4245162Z"
      },
      "ResponseBody": {
        "id": "/projects/sdk-project-x2z4o4ohvwcbi/operationStatuses/048d4be1-a909-42e3-bacf-387a5b298202",
        "name": "048d4be1-a909-42e3-bacf-387a5b298202",
        "status": "Succeeded",
        "startTime": "2023-05-06T01:22:29.5174621\u002B00:00",
        "endTime": "2023-05-06T01:24:57.5759755\u002B00:00"
      }
    }
  ],
  "Variables": {}
}
