{
  "Entries": [
    {
      "RequestUri": "https://8ab2df1c-ed88-4946-a8a9-e1bbb3e4d1fd-sdk-dc-4qb444onnk2tc.centraluseuap.devcenter.azure.com/projects/sdk-project-x2z4o4ohvwcbi/users/me/devboxes/mydevbox?api-version=2023-04-01",
      "RequestMethod": "PUT",
      "RequestHeaders": {
        "Accept": "application/json",
        "Accept-Encoding": "gzip,deflate",
        "Authorization": "Sanitized",
        "Connection": "keep-alive",
        "Content-Length": "37",
        "Content-Type": "application/json",
        "User-Agent": "azsdk-js-developer-devcenter-rest/1.0.0-beta.3 core-rest-pipeline/1.10.2 Node/v18.16.0 OS/(x64-Windows_NT-10.0.22621)",
        "x-ms-client-request-id": "07ea47a5-1289-4557-a323-91c0fbf55962"
      },
      "RequestBody": {
        "poolName": "sdk-pool-6ieikn5v2nfnu"
      },
      "StatusCode": 201,
      "ResponseHeaders": {
        "Connection": "keep-alive",
        "Content-Length": "923",
        "Content-Type": "application/json; charset=utf-8",
        "Date": "Sat, 06 May 2023 02:49:22 GMT",
        "Location": "https://8ab2df1c-ed88-4946-a8a9-e1bbb3e4d1fd-sdk-dc-4qb444onnk2tc.centraluseuap.devcenter.azure.com/projects/sdk-project-x2z4o4ohvwcbi/operationstatuses/61142f02-2502-43db-b01b-ebada7055264?monitor=true",
        "Operation-Location": "https://8ab2df1c-ed88-4946-a8a9-e1bbb3e4d1fd-sdk-dc-4qb444onnk2tc.centraluseuap.devcenter.azure.com/projects/sdk-project-x2z4o4ohvwcbi/operationstatuses/61142f02-2502-43db-b01b-ebada7055264",
        "Strict-Transport-Security": "max-age=15724800; includeSubDomains",
        "x-ms-client-request-id": "07ea47a5-1289-4557-a323-91c0fbf55962",
        "x-ms-correlation-request-id": "212759e6-af28-4b73-996c-6cc84977df64",
        "X-Rate-Limit-Limit": "1m",
        "X-Rate-Limit-Remaining": "298",
        "X-Rate-Limit-Reset": "2023-05-06T02:50:03.4073483Z"
      },
      "ResponseBody": {
        "name": "mydevbox",
        "projectName": "sdk-project-x2z4o4ohvwcbi",
        "poolName": "sdk-pool-6ieikn5v2nfnu",
        "hibernateSupport": "Disabled",
        "provisioningState": "Creating",
        "actionState": "Unknown",
        "powerState": null,
        "uniqueId": "c155662f-0abb-44a8-854f-a825a6cffa49",
        "location": "centraluseuap",
        "osType": "Windows",
        "user": "df428e89-1bc2-4e72-b736-032c31a6cd97",
        "hardwareProfile": {
          "vCPUs": 8,
          "skuName": "general_a_8c32gb_v1",
          "vcpUs": 8,
          "memoryGB": 32
        },
        "storageProfile": {
          "osDisk": {
            "diskSizeGB": 1024
          }
        },
        "imageReference": {
          "name": "MicrosoftWindowsDesktop_windows-ent-cpc_win11-21h2-ent-cpc-m365",
          "version": "1.0.0",
          "operatingSystem": "Windows11",
          "osBuildNumber": "win11-21h2-ent-cpc-m365",
          "publishedDate": "2021-10-04T00:00:00\u002B00:00"
        },
        "createdTime": "2023-05-06T02:49:21.5697292\u002B00:00",
        "localAdministrator": "Enabled"
      }
    },
    {
      "RequestUri": "https://8ab2df1c-ed88-4946-a8a9-e1bbb3e4d1fd-sdk-dc-4qb444onnk2tc.centraluseuap.devcenter.azure.com/projects/sdk-project-x2z4o4ohvwcbi/operationstatuses/61142f02-2502-43db-b01b-ebada7055264?api-version=2023-04-01",
      "RequestMethod": "GET",
      "RequestHeaders": {
        "Accept": "application/json",
        "Accept-Encoding": "gzip,deflate",
        "Authorization": "Sanitized",
        "Connection": "keep-alive",
        "User-Agent": "azsdk-js-developer-devcenter-rest/1.0.0-beta.3 core-rest-pipeline/1.10.2 Node/v18.16.0 OS/(x64-Windows_NT-10.0.22621)",
        "x-ms-client-request-id": "29fcb505-13ff-4b03-af99-500fefd27b1c"
      },
      "RequestBody": null,
      "StatusCode": 200,
      "ResponseHeaders": {
        "Connection": "keep-alive",
        "Content-Length": "232",
        "Content-Type": "application/json; charset=utf-8",
        "Date": "Sat, 06 May 2023 02:49:22 GMT",
        "Location": "https://8ab2df1c-ed88-4946-a8a9-e1bbb3e4d1fd-sdk-dc-4qb444onnk2tc.centraluseuap.devcenter.azure.com/projects/sdk-project-x2z4o4ohvwcbi/operationstatuses/61142f02-2502-43db-b01b-ebada7055264?monitor=true",
        "Operation-Location": "https://8ab2df1c-ed88-4946-a8a9-e1bbb3e4d1fd-sdk-dc-4qb444onnk2tc.centraluseuap.devcenter.azure.com/projects/sdk-project-x2z4o4ohvwcbi/operationstatuses/61142f02-2502-43db-b01b-ebada7055264",
        "Retry-After": "30",
        "Strict-Transport-Security": "max-age=15724800; includeSubDomains",
        "x-ms-client-request-id": "29fcb505-13ff-4b03-af99-500fefd27b1c",
        "x-ms-correlation-request-id": "590be1d9-925d-4601-82f9-1bafb0b9e33e",
        "X-Rate-Limit-Limit": "1m",
        "X-Rate-Limit-Remaining": "298",
        "X-Rate-Limit-Reset": "2023-05-06T02:49:49.8905141Z"
      },
      "ResponseBody": {
        "id": "/projects/sdk-project-x2z4o4ohvwcbi/operationStatuses/61142f02-2502-43db-b01b-ebada7055264",
        "name": "61142f02-2502-43db-b01b-ebada7055264",
        "status": "NotStarted",
        "startTime": "2023-05-06T02:49:21.6092118\u002B00:00"
      }
    },
    {
      "RequestUri": "https://8ab2df1c-ed88-4946-a8a9-e1bbb3e4d1fd-sdk-dc-4qb444onnk2tc.centraluseuap.devcenter.azure.com/projects/sdk-project-x2z4o4ohvwcbi/operationstatuses/61142f02-2502-43db-b01b-ebada7055264?api-version=2023-04-01",
      "RequestMethod": "GET",
      "RequestHeaders": {
        "Accept": "application/json",
        "Accept-Encoding": "gzip,deflate",
        "Authorization": "Sanitized",
        "Connection": "keep-alive",
        "User-Agent": "azsdk-js-developer-devcenter-rest/1.0.0-beta.3 core-rest-pipeline/1.10.2 Node/v18.16.0 OS/(x64-Windows_NT-10.0.22621)",
        "x-ms-client-request-id": "7e1fa3f9-d639-4670-a14a-9c8ef8e59923"
      },
      "RequestBody": null,
      "StatusCode": 200,
      "ResponseHeaders": {
        "Connection": "keep-alive",
        "Content-Length": "229",
        "Content-Type": "application/json; charset=utf-8",
        "Date": "Sat, 06 May 2023 02:49:52 GMT",
        "Location": "https://8ab2df1c-ed88-4946-a8a9-e1bbb3e4d1fd-sdk-dc-4qb444onnk2tc.centraluseuap.devcenter.azure.com/projects/sdk-project-x2z4o4ohvwcbi/operationstatuses/61142f02-2502-43db-b01b-ebada7055264?monitor=true",
        "Operation-Location": "https://8ab2df1c-ed88-4946-a8a9-e1bbb3e4d1fd-sdk-dc-4qb444onnk2tc.centraluseuap.devcenter.azure.com/projects/sdk-project-x2z4o4ohvwcbi/operationstatuses/61142f02-2502-43db-b01b-ebada7055264",
        "Retry-After": "30",
        "Strict-Transport-Security": "max-age=15724800; includeSubDomains",
        "x-ms-client-request-id": "7e1fa3f9-d639-4670-a14a-9c8ef8e59923",
        "x-ms-correlation-request-id": "dd8eae69-519e-457f-af56-b921c24c7f69",
        "X-Rate-Limit-Limit": "1m",
        "X-Rate-Limit-Remaining": "298",
        "X-Rate-Limit-Reset": "2023-05-06T02:50:20.0455361Z"
      },
      "ResponseBody": {
        "id": "/projects/sdk-project-x2z4o4ohvwcbi/operationStatuses/61142f02-2502-43db-b01b-ebada7055264",
        "name": "61142f02-2502-43db-b01b-ebada7055264",
        "status": "Running",
        "startTime": "2023-05-06T02:49:21.6092118\u002B00:00"
      }
    },
    {
      "RequestUri": "https://8ab2df1c-ed88-4946-a8a9-e1bbb3e4d1fd-sdk-dc-4qb444onnk2tc.centraluseuap.devcenter.azure.com/projects/sdk-project-x2z4o4ohvwcbi/operationstatuses/61142f02-2502-43db-b01b-ebada7055264?api-version=2023-04-01",
      "RequestMethod": "GET",
      "RequestHeaders": {
        "Accept": "application/json",
        "Accept-Encoding": "gzip,deflate",
        "Authorization": "Sanitized",
        "Connection": "keep-alive",
        "User-Agent": "azsdk-js-developer-devcenter-rest/1.0.0-beta.3 core-rest-pipeline/1.10.2 Node/v18.16.0 OS/(x64-Windows_NT-10.0.22621)",
        "x-ms-client-request-id": "3982de8c-9e87-49a7-a790-386f57acaac0"
      },
      "RequestBody": null,
      "StatusCode": 200,
      "ResponseHeaders": {
        "Connection": "keep-alive",
        "Content-Length": "229",
        "Content-Type": "application/json; charset=utf-8",
        "Date": "Sat, 06 May 2023 02:50:22 GMT",
        "Location": "https://8ab2df1c-ed88-4946-a8a9-e1bbb3e4d1fd-sdk-dc-4qb444onnk2tc.centraluseuap.devcenter.azure.com/projects/sdk-project-x2z4o4ohvwcbi/operationstatuses/61142f02-2502-43db-b01b-ebada7055264?monitor=true",
        "Operation-Location": "https://8ab2df1c-ed88-4946-a8a9-e1bbb3e4d1fd-sdk-dc-4qb444onnk2tc.centraluseuap.devcenter.azure.com/projects/sdk-project-x2z4o4ohvwcbi/operationstatuses/61142f02-2502-43db-b01b-ebada7055264",
        "Retry-After": "30",
        "Strict-Transport-Security": "max-age=15724800; includeSubDomains",
        "x-ms-client-request-id": "3982de8c-9e87-49a7-a790-386f57acaac0",
        "x-ms-correlation-request-id": "66ac9b3d-270c-40cf-816a-4c6e33045026",
        "X-Rate-Limit-Limit": "1m",
        "X-Rate-Limit-Remaining": "298",
        "X-Rate-Limit-Reset": "2023-05-06T02:51:03.4188429Z"
      },
      "ResponseBody": {
        "id": "/projects/sdk-project-x2z4o4ohvwcbi/operationStatuses/61142f02-2502-43db-b01b-ebada7055264",
        "name": "61142f02-2502-43db-b01b-ebada7055264",
        "status": "Running",
        "startTime": "2023-05-06T02:49:21.6092118\u002B00:00"
      }
    },
    {
      "RequestUri": "https://8ab2df1c-ed88-4946-a8a9-e1bbb3e4d1fd-sdk-dc-4qb444onnk2tc.centraluseuap.devcenter.azure.com/projects/sdk-project-x2z4o4ohvwcbi/operationstatuses/61142f02-2502-43db-b01b-ebada7055264?api-version=2023-04-01",
      "RequestMethod": "GET",
      "RequestHeaders": {
        "Accept": "application/json",
        "Accept-Encoding": "gzip,deflate",
        "Authorization": "Sanitized",
        "Connection": "keep-alive",
        "User-Agent": "azsdk-js-developer-devcenter-rest/1.0.0-beta.3 core-rest-pipeline/1.10.2 Node/v18.16.0 OS/(x64-Windows_NT-10.0.22621)",
        "x-ms-client-request-id": "aafea825-58e4-4d85-bd83-feb1d21e7226"
      },
      "RequestBody": null,
      "StatusCode": 200,
      "ResponseHeaders": {
        "Connection": "keep-alive",
        "Content-Length": "229",
        "Content-Type": "application/json; charset=utf-8",
        "Date": "Sat, 06 May 2023 02:50:53 GMT",
        "Location": "https://8ab2df1c-ed88-4946-a8a9-e1bbb3e4d1fd-sdk-dc-4qb444onnk2tc.centraluseuap.devcenter.azure.com/projects/sdk-project-x2z4o4ohvwcbi/operationstatuses/61142f02-2502-43db-b01b-ebada7055264?monitor=true",
        "Operation-Location": "https://8ab2df1c-ed88-4946-a8a9-e1bbb3e4d1fd-sdk-dc-4qb444onnk2tc.centraluseuap.devcenter.azure.com/projects/sdk-project-x2z4o4ohvwcbi/operationstatuses/61142f02-2502-43db-b01b-ebada7055264",
        "Retry-After": "30",
        "Strict-Transport-Security": "max-age=15724800; includeSubDomains",
        "x-ms-client-request-id": "aafea825-58e4-4d85-bd83-feb1d21e7226",
        "x-ms-correlation-request-id": "95b6202a-1f93-4a66-ae2d-ebf4e9e79775",
        "X-Rate-Limit-Limit": "1m",
        "X-Rate-Limit-Remaining": "299",
        "X-Rate-Limit-Reset": "2023-05-06T02:51:52.8814086Z"
      },
      "ResponseBody": {
        "id": "/projects/sdk-project-x2z4o4ohvwcbi/operationStatuses/61142f02-2502-43db-b01b-ebada7055264",
        "name": "61142f02-2502-43db-b01b-ebada7055264",
        "status": "Running",
        "startTime": "2023-05-06T02:49:21.6092118\u002B00:00"
      }
    },
    {
      "RequestUri": "https://8ab2df1c-ed88-4946-a8a9-e1bbb3e4d1fd-sdk-dc-4qb444onnk2tc.centraluseuap.devcenter.azure.com/projects/sdk-project-x2z4o4ohvwcbi/operationstatuses/61142f02-2502-43db-b01b-ebada7055264?api-version=2023-04-01",
      "RequestMethod": "GET",
      "RequestHeaders": {
        "Accept": "application/json",
        "Accept-Encoding": "gzip,deflate",
        "Authorization": "Sanitized",
        "Connection": "keep-alive",
        "User-Agent": "azsdk-js-developer-devcenter-rest/1.0.0-beta.3 core-rest-pipeline/1.10.2 Node/v18.16.0 OS/(x64-Windows_NT-10.0.22621)",
        "x-ms-client-request-id": "7515df3d-1fdd-4ba2-9d8c-e09cd68b2c8f"
      },
      "RequestBody": null,
      "StatusCode": 200,
      "ResponseHeaders": {
        "Connection": "keep-alive",
        "Content-Length": "229",
        "Content-Type": "application/json; charset=utf-8",
        "Date": "Sat, 06 May 2023 02:51:23 GMT",
        "Location": "https://8ab2df1c-ed88-4946-a8a9-e1bbb3e4d1fd-sdk-dc-4qb444onnk2tc.centraluseuap.devcenter.azure.com/projects/sdk-project-x2z4o4ohvwcbi/operationstatuses/61142f02-2502-43db-b01b-ebada7055264?monitor=true",
        "Operation-Location": "https://8ab2df1c-ed88-4946-a8a9-e1bbb3e4d1fd-sdk-dc-4qb444onnk2tc.centraluseuap.devcenter.azure.com/projects/sdk-project-x2z4o4ohvwcbi/operationstatuses/61142f02-2502-43db-b01b-ebada7055264",
        "Retry-After": "30",
        "Strict-Transport-Security": "max-age=15724800; includeSubDomains",
        "x-ms-client-request-id": "7515df3d-1fdd-4ba2-9d8c-e09cd68b2c8f",
        "x-ms-correlation-request-id": "23902e31-77ad-4f3d-b6a0-5fe47ce3ddad",
        "X-Rate-Limit-Limit": "1m",
        "X-Rate-Limit-Remaining": "299",
        "X-Rate-Limit-Reset": "2023-05-06T02:52:23.1228162Z"
      },
      "ResponseBody": {
        "id": "/projects/sdk-project-x2z4o4ohvwcbi/operationStatuses/61142f02-2502-43db-b01b-ebada7055264",
        "name": "61142f02-2502-43db-b01b-ebada7055264",
        "status": "Running",
        "startTime": "2023-05-06T02:49:21.6092118\u002B00:00"
      }
    },
    {
      "RequestUri": "https://8ab2df1c-ed88-4946-a8a9-e1bbb3e4d1fd-sdk-dc-4qb444onnk2tc.centraluseuap.devcenter.azure.com/projects/sdk-project-x2z4o4ohvwcbi/operationstatuses/61142f02-2502-43db-b01b-ebada7055264?api-version=2023-04-01",
      "RequestMethod": "GET",
      "RequestHeaders": {
        "Accept": "application/json",
        "Accept-Encoding": "gzip,deflate",
        "Authorization": "Sanitized",
        "Connection": "keep-alive",
        "User-Agent": "azsdk-js-developer-devcenter-rest/1.0.0-beta.3 core-rest-pipeline/1.10.2 Node/v18.16.0 OS/(x64-Windows_NT-10.0.22621)",
        "x-ms-client-request-id": "abfe5bb3-d814-4a53-bacd-f1ece1ce19bc"
      },
      "RequestBody": null,
      "StatusCode": 200,
      "ResponseHeaders": {
        "Connection": "keep-alive",
        "Content-Length": "229",
        "Content-Type": "application/json; charset=utf-8",
        "Date": "Sat, 06 May 2023 02:51:53 GMT",
        "Location": "https://8ab2df1c-ed88-4946-a8a9-e1bbb3e4d1fd-sdk-dc-4qb444onnk2tc.centraluseuap.devcenter.azure.com/projects/sdk-project-x2z4o4ohvwcbi/operationstatuses/61142f02-2502-43db-b01b-ebada7055264?monitor=true",
        "Operation-Location": "https://8ab2df1c-ed88-4946-a8a9-e1bbb3e4d1fd-sdk-dc-4qb444onnk2tc.centraluseuap.devcenter.azure.com/projects/sdk-project-x2z4o4ohvwcbi/operationstatuses/61142f02-2502-43db-b01b-ebada7055264",
        "Retry-After": "30",
        "Strict-Transport-Security": "max-age=15724800; includeSubDomains",
        "x-ms-client-request-id": "abfe5bb3-d814-4a53-bacd-f1ece1ce19bc",
        "x-ms-correlation-request-id": "b4eed94d-f8b0-45b6-9ab5-c3718eb92ca2",
        "X-Rate-Limit-Limit": "1m",
        "X-Rate-Limit-Remaining": "299",
        "X-Rate-Limit-Reset": "2023-05-06T02:52:53.3824137Z"
      },
      "ResponseBody": {
        "id": "/projects/sdk-project-x2z4o4ohvwcbi/operationStatuses/61142f02-2502-43db-b01b-ebada7055264",
        "name": "61142f02-2502-43db-b01b-ebada7055264",
        "status": "Running",
        "startTime": "2023-05-06T02:49:21.6092118\u002B00:00"
      }
    },
    {
      "RequestUri": "https://8ab2df1c-ed88-4946-a8a9-e1bbb3e4d1fd-sdk-dc-4qb444onnk2tc.centraluseuap.devcenter.azure.com/projects/sdk-project-x2z4o4ohvwcbi/operationstatuses/61142f02-2502-43db-b01b-ebada7055264?api-version=2023-04-01",
      "RequestMethod": "GET",
      "RequestHeaders": {
        "Accept": "application/json",
        "Accept-Encoding": "gzip,deflate",
        "Authorization": "Sanitized",
        "Connection": "keep-alive",
        "User-Agent": "azsdk-js-developer-devcenter-rest/1.0.0-beta.3 core-rest-pipeline/1.10.2 Node/v18.16.0 OS/(x64-Windows_NT-10.0.22621)",
        "x-ms-client-request-id": "8f573099-863c-4cc0-98ab-9c0cfae9c82b"
      },
      "RequestBody": null,
      "StatusCode": 200,
      "ResponseHeaders": {
        "Connection": "keep-alive",
        "Content-Length": "229",
        "Content-Type": "application/json; charset=utf-8",
        "Date": "Sat, 06 May 2023 02:52:23 GMT",
        "Location": "https://8ab2df1c-ed88-4946-a8a9-e1bbb3e4d1fd-sdk-dc-4qb444onnk2tc.centraluseuap.devcenter.azure.com/projects/sdk-project-x2z4o4ohvwcbi/operationstatuses/61142f02-2502-43db-b01b-ebada7055264?monitor=true",
        "Operation-Location": "https://8ab2df1c-ed88-4946-a8a9-e1bbb3e4d1fd-sdk-dc-4qb444onnk2tc.centraluseuap.devcenter.azure.com/projects/sdk-project-x2z4o4ohvwcbi/operationstatuses/61142f02-2502-43db-b01b-ebada7055264",
        "Retry-After": "30",
        "Strict-Transport-Security": "max-age=15724800; includeSubDomains",
        "x-ms-client-request-id": "8f573099-863c-4cc0-98ab-9c0cfae9c82b",
        "x-ms-correlation-request-id": "170da1c2-bdd1-4e1e-9cc2-5907ed80d692",
        "X-Rate-Limit-Limit": "1m",
        "X-Rate-Limit-Remaining": "298",
        "X-Rate-Limit-Reset": "2023-05-06T02:53:03.4222889Z"
      },
      "ResponseBody": {
        "id": "/projects/sdk-project-x2z4o4ohvwcbi/operationStatuses/61142f02-2502-43db-b01b-ebada7055264",
        "name": "61142f02-2502-43db-b01b-ebada7055264",
        "status": "Running",
        "startTime": "2023-05-06T02:49:21.6092118\u002B00:00"
      }
    },
    {
      "RequestUri": "https://8ab2df1c-ed88-4946-a8a9-e1bbb3e4d1fd-sdk-dc-4qb444onnk2tc.centraluseuap.devcenter.azure.com/projects/sdk-project-x2z4o4ohvwcbi/operationstatuses/61142f02-2502-43db-b01b-ebada7055264?api-version=2023-04-01",
      "RequestMethod": "GET",
      "RequestHeaders": {
        "Accept": "application/json",
        "Accept-Encoding": "gzip,deflate",
        "Authorization": "Sanitized",
        "Connection": "keep-alive",
        "User-Agent": "azsdk-js-developer-devcenter-rest/1.0.0-beta.3 core-rest-pipeline/1.10.2 Node/v18.16.0 OS/(x64-Windows_NT-10.0.22621)",
        "x-ms-client-request-id": "d2031117-bc7a-4c61-8622-d1be998caf7d"
      },
      "RequestBody": null,
      "StatusCode": 200,
      "ResponseHeaders": {
        "Connection": "keep-alive",
        "Content-Length": "229",
        "Content-Type": "application/json; charset=utf-8",
        "Date": "Sat, 06 May 2023 02:52:54 GMT",
        "Location": "https://8ab2df1c-ed88-4946-a8a9-e1bbb3e4d1fd-sdk-dc-4qb444onnk2tc.centraluseuap.devcenter.azure.com/projects/sdk-project-x2z4o4ohvwcbi/operationstatuses/61142f02-2502-43db-b01b-ebada7055264?monitor=true",
        "Operation-Location": "https://8ab2df1c-ed88-4946-a8a9-e1bbb3e4d1fd-sdk-dc-4qb444onnk2tc.centraluseuap.devcenter.azure.com/projects/sdk-project-x2z4o4ohvwcbi/operationstatuses/61142f02-2502-43db-b01b-ebada7055264",
        "Retry-After": "30",
        "Strict-Transport-Security": "max-age=15724800; includeSubDomains",
        "x-ms-client-request-id": "d2031117-bc7a-4c61-8622-d1be998caf7d",
        "x-ms-correlation-request-id": "96ec00ce-1829-4448-9ba4-139b72506de0",
        "X-Rate-Limit-Limit": "1m",
        "X-Rate-Limit-Remaining": "298",
        "X-Rate-Limit-Reset": "2023-05-06T02:53:33.4242342Z"
      },
      "ResponseBody": {
        "id": "/projects/sdk-project-x2z4o4ohvwcbi/operationStatuses/61142f02-2502-43db-b01b-ebada7055264",
        "name": "61142f02-2502-43db-b01b-ebada7055264",
        "status": "Running",
        "startTime": "2023-05-06T02:49:21.6092118\u002B00:00"
      }
    },
    {
      "RequestUri": "https://8ab2df1c-ed88-4946-a8a9-e1bbb3e4d1fd-sdk-dc-4qb444onnk2tc.centraluseuap.devcenter.azure.com/projects/sdk-project-x2z4o4ohvwcbi/operationstatuses/61142f02-2502-43db-b01b-ebada7055264?api-version=2023-04-01",
      "RequestMethod": "GET",
      "RequestHeaders": {
        "Accept": "application/json",
        "Accept-Encoding": "gzip,deflate",
        "Authorization": "Sanitized",
        "Connection": "keep-alive",
        "User-Agent": "azsdk-js-developer-devcenter-rest/1.0.0-beta.3 core-rest-pipeline/1.10.2 Node/v18.16.0 OS/(x64-Windows_NT-10.0.22621)",
        "x-ms-client-request-id": "1c4de531-2dbb-4820-ae7c-d3d212a2c916"
      },
      "RequestBody": null,
      "StatusCode": 200,
      "ResponseHeaders": {
        "Connection": "keep-alive",
        "Content-Length": "229",
        "Content-Type": "application/json; charset=utf-8",
        "Date": "Sat, 06 May 2023 02:53:24 GMT",
        "Location": "https://8ab2df1c-ed88-4946-a8a9-e1bbb3e4d1fd-sdk-dc-4qb444onnk2tc.centraluseuap.devcenter.azure.com/projects/sdk-project-x2z4o4ohvwcbi/operationstatuses/61142f02-2502-43db-b01b-ebada7055264?monitor=true",
        "Operation-Location": "https://8ab2df1c-ed88-4946-a8a9-e1bbb3e4d1fd-sdk-dc-4qb444onnk2tc.centraluseuap.devcenter.azure.com/projects/sdk-project-x2z4o4ohvwcbi/operationstatuses/61142f02-2502-43db-b01b-ebada7055264",
        "Retry-After": "30",
        "Strict-Transport-Security": "max-age=15724800; includeSubDomains",
        "x-ms-client-request-id": "1c4de531-2dbb-4820-ae7c-d3d212a2c916",
        "x-ms-correlation-request-id": "9f591b3d-1699-4030-837a-f7fbe4f524ea",
        "X-Rate-Limit-Limit": "1m",
        "X-Rate-Limit-Remaining": "299",
        "X-Rate-Limit-Reset": "2023-05-06T02:54:24.0863725Z"
      },
      "ResponseBody": {
        "id": "/projects/sdk-project-x2z4o4ohvwcbi/operationStatuses/61142f02-2502-43db-b01b-ebada7055264",
        "name": "61142f02-2502-43db-b01b-ebada7055264",
        "status": "Running",
        "startTime": "2023-05-06T02:49:21.6092118\u002B00:00"
      }
    },
    {
      "RequestUri": "https://8ab2df1c-ed88-4946-a8a9-e1bbb3e4d1fd-sdk-dc-4qb444onnk2tc.centraluseuap.devcenter.azure.com/projects/sdk-project-x2z4o4ohvwcbi/operationstatuses/61142f02-2502-43db-b01b-ebada7055264?api-version=2023-04-01",
      "RequestMethod": "GET",
      "RequestHeaders": {
        "Accept": "application/json",
        "Accept-Encoding": "gzip,deflate",
        "Authorization": "Sanitized",
        "Connection": "keep-alive",
        "User-Agent": "azsdk-js-developer-devcenter-rest/1.0.0-beta.3 core-rest-pipeline/1.10.2 Node/v18.16.0 OS/(x64-Windows_NT-10.0.22621)",
        "x-ms-client-request-id": "074c5eab-555c-404a-88ac-68cd9e991f53"
      },
      "RequestBody": null,
      "StatusCode": 200,
      "ResponseHeaders": {
        "Connection": "keep-alive",
        "Content-Length": "229",
        "Content-Type": "application/json; charset=utf-8",
        "Date": "Sat, 06 May 2023 02:53:54 GMT",
        "Location": "https://8ab2df1c-ed88-4946-a8a9-e1bbb3e4d1fd-sdk-dc-4qb444onnk2tc.centraluseuap.devcenter.azure.com/projects/sdk-project-x2z4o4ohvwcbi/operationstatuses/61142f02-2502-43db-b01b-ebada7055264?monitor=true",
        "Operation-Location": "https://8ab2df1c-ed88-4946-a8a9-e1bbb3e4d1fd-sdk-dc-4qb444onnk2tc.centraluseuap.devcenter.azure.com/projects/sdk-project-x2z4o4ohvwcbi/operationstatuses/61142f02-2502-43db-b01b-ebada7055264",
        "Retry-After": "30",
        "Strict-Transport-Security": "max-age=15724800; includeSubDomains",
        "x-ms-client-request-id": "074c5eab-555c-404a-88ac-68cd9e991f53",
        "x-ms-correlation-request-id": "ba382817-ded6-4ab2-bc42-06d332bd1dc4",
        "X-Rate-Limit-Limit": "1m",
        "X-Rate-Limit-Remaining": "299",
        "X-Rate-Limit-Reset": "2023-05-06T02:54:54.3270014Z"
      },
      "ResponseBody": {
        "id": "/projects/sdk-project-x2z4o4ohvwcbi/operationStatuses/61142f02-2502-43db-b01b-ebada7055264",
        "name": "61142f02-2502-43db-b01b-ebada7055264",
        "status": "Running",
        "startTime": "2023-05-06T02:49:21.6092118\u002B00:00"
      }
    },
    {
      "RequestUri": "https://8ab2df1c-ed88-4946-a8a9-e1bbb3e4d1fd-sdk-dc-4qb444onnk2tc.centraluseuap.devcenter.azure.com/projects/sdk-project-x2z4o4ohvwcbi/operationstatuses/61142f02-2502-43db-b01b-ebada7055264?api-version=2023-04-01",
      "RequestMethod": "GET",
      "RequestHeaders": {
        "Accept": "application/json",
        "Accept-Encoding": "gzip,deflate",
        "Authorization": "Sanitized",
        "Connection": "keep-alive",
        "User-Agent": "azsdk-js-developer-devcenter-rest/1.0.0-beta.3 core-rest-pipeline/1.10.2 Node/v18.16.0 OS/(x64-Windows_NT-10.0.22621)",
        "x-ms-client-request-id": "a28aab37-39cd-44b4-be9f-44168af33298"
      },
      "RequestBody": null,
      "StatusCode": 200,
      "ResponseHeaders": {
        "Connection": "keep-alive",
        "Content-Length": "229",
        "Content-Type": "application/json; charset=utf-8",
        "Date": "Sat, 06 May 2023 02:54:24 GMT",
        "Location": "https://8ab2df1c-ed88-4946-a8a9-e1bbb3e4d1fd-sdk-dc-4qb444onnk2tc.centraluseuap.devcenter.azure.com/projects/sdk-project-x2z4o4ohvwcbi/operationstatuses/61142f02-2502-43db-b01b-ebada7055264?monitor=true",
        "Operation-Location": "https://8ab2df1c-ed88-4946-a8a9-e1bbb3e4d1fd-sdk-dc-4qb444onnk2tc.centraluseuap.devcenter.azure.com/projects/sdk-project-x2z4o4ohvwcbi/operationstatuses/61142f02-2502-43db-b01b-ebada7055264",
        "Retry-After": "30",
        "Strict-Transport-Security": "max-age=15724800; includeSubDomains",
        "x-ms-client-request-id": "a28aab37-39cd-44b4-be9f-44168af33298",
        "x-ms-correlation-request-id": "ebacdc49-c027-489a-92ff-c8b2d57cae2f",
        "X-Rate-Limit-Limit": "1m",
        "X-Rate-Limit-Remaining": "299",
        "X-Rate-Limit-Reset": "2023-05-06T02:55:24.5363646Z"
      },
      "ResponseBody": {
        "id": "/projects/sdk-project-x2z4o4ohvwcbi/operationStatuses/61142f02-2502-43db-b01b-ebada7055264",
        "name": "61142f02-2502-43db-b01b-ebada7055264",
        "status": "Running",
        "startTime": "2023-05-06T02:49:21.6092118\u002B00:00"
      }
    },
    {
      "RequestUri": "https://8ab2df1c-ed88-4946-a8a9-e1bbb3e4d1fd-sdk-dc-4qb444onnk2tc.centraluseuap.devcenter.azure.com/projects/sdk-project-x2z4o4ohvwcbi/operationstatuses/61142f02-2502-43db-b01b-ebada7055264?api-version=2023-04-01",
      "RequestMethod": "GET",
      "RequestHeaders": {
        "Accept": "application/json",
        "Accept-Encoding": "gzip,deflate",
        "Authorization": "Sanitized",
        "Connection": "keep-alive",
        "User-Agent": "azsdk-js-developer-devcenter-rest/1.0.0-beta.3 core-rest-pipeline/1.10.2 Node/v18.16.0 OS/(x64-Windows_NT-10.0.22621)",
        "x-ms-client-request-id": "a23d8294-6dca-4194-9453-7d0ab6b40d57"
      },
      "RequestBody": null,
      "StatusCode": 200,
      "ResponseHeaders": {
        "Connection": "keep-alive",
        "Content-Length": "229",
        "Content-Type": "application/json; charset=utf-8",
        "Date": "Sat, 06 May 2023 02:54:54 GMT",
        "Location": "https://8ab2df1c-ed88-4946-a8a9-e1bbb3e4d1fd-sdk-dc-4qb444onnk2tc.centraluseuap.devcenter.azure.com/projects/sdk-project-x2z4o4ohvwcbi/operationstatuses/61142f02-2502-43db-b01b-ebada7055264?monitor=true",
        "Operation-Location": "https://8ab2df1c-ed88-4946-a8a9-e1bbb3e4d1fd-sdk-dc-4qb444onnk2tc.centraluseuap.devcenter.azure.com/projects/sdk-project-x2z4o4ohvwcbi/operationstatuses/61142f02-2502-43db-b01b-ebada7055264",
        "Retry-After": "30",
        "Strict-Transport-Security": "max-age=15724800; includeSubDomains",
        "x-ms-client-request-id": "a23d8294-6dca-4194-9453-7d0ab6b40d57",
        "x-ms-correlation-request-id": "b32c7d5b-d08c-4afe-9a6b-c135cf2740c4",
        "X-Rate-Limit-Limit": "1m",
        "X-Rate-Limit-Remaining": "299",
        "X-Rate-Limit-Reset": "2023-05-06T02:55:54.8042562Z"
      },
      "ResponseBody": {
        "id": "/projects/sdk-project-x2z4o4ohvwcbi/operationStatuses/61142f02-2502-43db-b01b-ebada7055264",
        "name": "61142f02-2502-43db-b01b-ebada7055264",
        "status": "Running",
        "startTime": "2023-05-06T02:49:21.6092118\u002B00:00"
      }
    },
    {
      "RequestUri": "https://8ab2df1c-ed88-4946-a8a9-e1bbb3e4d1fd-sdk-dc-4qb444onnk2tc.centraluseuap.devcenter.azure.com/projects/sdk-project-x2z4o4ohvwcbi/operationstatuses/61142f02-2502-43db-b01b-ebada7055264?api-version=2023-04-01",
      "RequestMethod": "GET",
      "RequestHeaders": {
        "Accept": "application/json",
        "Accept-Encoding": "gzip,deflate",
        "Authorization": "Sanitized",
        "Connection": "keep-alive",
        "User-Agent": "azsdk-js-developer-devcenter-rest/1.0.0-beta.3 core-rest-pipeline/1.10.2 Node/v18.16.0 OS/(x64-Windows_NT-10.0.22621)",
        "x-ms-client-request-id": "959c4c22-2aaa-413b-aaa2-4787e04b43e5"
      },
      "RequestBody": null,
      "StatusCode": 200,
      "ResponseHeaders": {
        "Connection": "keep-alive",
        "Content-Length": "229",
        "Content-Type": "application/json; charset=utf-8",
        "Date": "Sat, 06 May 2023 02:55:25 GMT",
        "Location": "https://8ab2df1c-ed88-4946-a8a9-e1bbb3e4d1fd-sdk-dc-4qb444onnk2tc.centraluseuap.devcenter.azure.com/projects/sdk-project-x2z4o4ohvwcbi/operationstatuses/61142f02-2502-43db-b01b-ebada7055264?monitor=true",
        "Operation-Location": "https://8ab2df1c-ed88-4946-a8a9-e1bbb3e4d1fd-sdk-dc-4qb444onnk2tc.centraluseuap.devcenter.azure.com/projects/sdk-project-x2z4o4ohvwcbi/operationstatuses/61142f02-2502-43db-b01b-ebada7055264",
        "Retry-After": "30",
        "Strict-Transport-Security": "max-age=15724800; includeSubDomains",
        "x-ms-client-request-id": "959c4c22-2aaa-413b-aaa2-4787e04b43e5",
        "x-ms-correlation-request-id": "f4b819fd-f028-4906-8e73-99f5e0e7855a",
        "X-Rate-Limit-Limit": "1m",
        "X-Rate-Limit-Remaining": "299",
        "X-Rate-Limit-Reset": "2023-05-06T02:56:24.9176517Z"
      },
      "ResponseBody": {
        "id": "/projects/sdk-project-x2z4o4ohvwcbi/operationStatuses/61142f02-2502-43db-b01b-ebada7055264",
        "name": "61142f02-2502-43db-b01b-ebada7055264",
        "status": "Running",
        "startTime": "2023-05-06T02:49:21.6092118\u002B00:00"
      }
    },
    {
      "RequestUri": "https://8ab2df1c-ed88-4946-a8a9-e1bbb3e4d1fd-sdk-dc-4qb444onnk2tc.centraluseuap.devcenter.azure.com/projects/sdk-project-x2z4o4ohvwcbi/operationstatuses/61142f02-2502-43db-b01b-ebada7055264?api-version=2023-04-01",
      "RequestMethod": "GET",
      "RequestHeaders": {
        "Accept": "application/json",
        "Accept-Encoding": "gzip,deflate",
        "Authorization": "Sanitized",
        "Connection": "keep-alive",
        "User-Agent": "azsdk-js-developer-devcenter-rest/1.0.0-beta.3 core-rest-pipeline/1.10.2 Node/v18.16.0 OS/(x64-Windows_NT-10.0.22621)",
        "x-ms-client-request-id": "00049477-abc8-4761-b39b-4bb6124d36d0"
      },
      "RequestBody": null,
      "StatusCode": 200,
      "ResponseHeaders": {
        "Connection": "keep-alive",
        "Content-Length": "229",
        "Content-Type": "application/json; charset=utf-8",
        "Date": "Sat, 06 May 2023 02:55:55 GMT",
        "Location": "https://8ab2df1c-ed88-4946-a8a9-e1bbb3e4d1fd-sdk-dc-4qb444onnk2tc.centraluseuap.devcenter.azure.com/projects/sdk-project-x2z4o4ohvwcbi/operationstatuses/61142f02-2502-43db-b01b-ebada7055264?monitor=true",
        "Operation-Location": "https://8ab2df1c-ed88-4946-a8a9-e1bbb3e4d1fd-sdk-dc-4qb444onnk2tc.centraluseuap.devcenter.azure.com/projects/sdk-project-x2z4o4ohvwcbi/operationstatuses/61142f02-2502-43db-b01b-ebada7055264",
        "Retry-After": "30",
        "Strict-Transport-Security": "max-age=15724800; includeSubDomains",
        "x-ms-client-request-id": "00049477-abc8-4761-b39b-4bb6124d36d0",
        "x-ms-correlation-request-id": "548df640-2352-49c1-8dc3-93fe5f195152",
        "X-Rate-Limit-Limit": "1m",
        "X-Rate-Limit-Remaining": "299",
        "X-Rate-Limit-Reset": "2023-05-06T02:56:55.0361715Z"
      },
      "ResponseBody": {
        "id": "/projects/sdk-project-x2z4o4ohvwcbi/operationStatuses/61142f02-2502-43db-b01b-ebada7055264",
        "name": "61142f02-2502-43db-b01b-ebada7055264",
        "status": "Running",
        "startTime": "2023-05-06T02:49:21.6092118\u002B00:00"
      }
    },
    {
      "RequestUri": "https://8ab2df1c-ed88-4946-a8a9-e1bbb3e4d1fd-sdk-dc-4qb444onnk2tc.centraluseuap.devcenter.azure.com/projects/sdk-project-x2z4o4ohvwcbi/operationstatuses/61142f02-2502-43db-b01b-ebada7055264?api-version=2023-04-01",
      "RequestMethod": "GET",
      "RequestHeaders": {
        "Accept": "application/json",
        "Accept-Encoding": "gzip,deflate",
        "Authorization": "Sanitized",
        "Connection": "keep-alive",
        "User-Agent": "azsdk-js-developer-devcenter-rest/1.0.0-beta.3 core-rest-pipeline/1.10.2 Node/v18.16.0 OS/(x64-Windows_NT-10.0.22621)",
        "x-ms-client-request-id": "ec5bdf35-b8cf-4877-bffe-1223a755b760"
      },
      "RequestBody": null,
      "StatusCode": 200,
      "ResponseHeaders": {
        "Connection": "keep-alive",
        "Content-Length": "229",
        "Content-Type": "application/json; charset=utf-8",
        "Date": "Sat, 06 May 2023 02:56:25 GMT",
        "Location": "https://8ab2df1c-ed88-4946-a8a9-e1bbb3e4d1fd-sdk-dc-4qb444onnk2tc.centraluseuap.devcenter.azure.com/projects/sdk-project-x2z4o4ohvwcbi/operationstatuses/61142f02-2502-43db-b01b-ebada7055264?monitor=true",
        "Operation-Location": "https://8ab2df1c-ed88-4946-a8a9-e1bbb3e4d1fd-sdk-dc-4qb444onnk2tc.centraluseuap.devcenter.azure.com/projects/sdk-project-x2z4o4ohvwcbi/operationstatuses/61142f02-2502-43db-b01b-ebada7055264",
        "Retry-After": "30",
        "Strict-Transport-Security": "max-age=15724800; includeSubDomains",
        "x-ms-client-request-id": "ec5bdf35-b8cf-4877-bffe-1223a755b760",
        "x-ms-correlation-request-id": "37b857e1-60ad-422c-b279-3099385bab6a",
        "X-Rate-Limit-Limit": "1m",
        "X-Rate-Limit-Remaining": "299",
        "X-Rate-Limit-Reset": "2023-05-06T02:57:25.3230849Z"
      },
      "ResponseBody": {
        "id": "/projects/sdk-project-x2z4o4ohvwcbi/operationStatuses/61142f02-2502-43db-b01b-ebada7055264",
        "name": "61142f02-2502-43db-b01b-ebada7055264",
        "status": "Running",
        "startTime": "2023-05-06T02:49:21.6092118\u002B00:00"
      }
    },
    {
      "RequestUri": "https://8ab2df1c-ed88-4946-a8a9-e1bbb3e4d1fd-sdk-dc-4qb444onnk2tc.centraluseuap.devcenter.azure.com/projects/sdk-project-x2z4o4ohvwcbi/operationstatuses/61142f02-2502-43db-b01b-ebada7055264?api-version=2023-04-01",
      "RequestMethod": "GET",
      "RequestHeaders": {
        "Accept": "application/json",
        "Accept-Encoding": "gzip,deflate",
        "Authorization": "Sanitized",
        "Connection": "keep-alive",
        "User-Agent": "azsdk-js-developer-devcenter-rest/1.0.0-beta.3 core-rest-pipeline/1.10.2 Node/v18.16.0 OS/(x64-Windows_NT-10.0.22621)",
        "x-ms-client-request-id": "ad87d88e-fc46-43bf-a92d-051435facca9"
      },
      "RequestBody": null,
      "StatusCode": 200,
      "ResponseHeaders": {
        "Connection": "keep-alive",
        "Content-Length": "229",
        "Content-Type": "application/json; charset=utf-8",
        "Date": "Sat, 06 May 2023 02:56:55 GMT",
        "Location": "https://8ab2df1c-ed88-4946-a8a9-e1bbb3e4d1fd-sdk-dc-4qb444onnk2tc.centraluseuap.devcenter.azure.com/projects/sdk-project-x2z4o4ohvwcbi/operationstatuses/61142f02-2502-43db-b01b-ebada7055264?monitor=true",
        "Operation-Location": "https://8ab2df1c-ed88-4946-a8a9-e1bbb3e4d1fd-sdk-dc-4qb444onnk2tc.centraluseuap.devcenter.azure.com/projects/sdk-project-x2z4o4ohvwcbi/operationstatuses/61142f02-2502-43db-b01b-ebada7055264",
        "Retry-After": "30",
        "Strict-Transport-Security": "max-age=15724800; includeSubDomains",
        "x-ms-client-request-id": "ad87d88e-fc46-43bf-a92d-051435facca9",
        "x-ms-correlation-request-id": "ded0c5ea-9624-4ff0-9c6b-886bad250caf",
        "X-Rate-Limit-Limit": "1m",
        "X-Rate-Limit-Remaining": "299",
        "X-Rate-Limit-Reset": "2023-05-06T02:57:55.5578126Z"
      },
      "ResponseBody": {
        "id": "/projects/sdk-project-x2z4o4ohvwcbi/operationStatuses/61142f02-2502-43db-b01b-ebada7055264",
        "name": "61142f02-2502-43db-b01b-ebada7055264",
        "status": "Running",
        "startTime": "2023-05-06T02:49:21.6092118\u002B00:00"
      }
    },
    {
      "RequestUri": "https://8ab2df1c-ed88-4946-a8a9-e1bbb3e4d1fd-sdk-dc-4qb444onnk2tc.centraluseuap.devcenter.azure.com/projects/sdk-project-x2z4o4ohvwcbi/operationstatuses/61142f02-2502-43db-b01b-ebada7055264?api-version=2023-04-01",
      "RequestMethod": "GET",
      "RequestHeaders": {
        "Accept": "application/json",
        "Accept-Encoding": "gzip,deflate",
        "Authorization": "Sanitized",
        "Connection": "keep-alive",
        "User-Agent": "azsdk-js-developer-devcenter-rest/1.0.0-beta.3 core-rest-pipeline/1.10.2 Node/v18.16.0 OS/(x64-Windows_NT-10.0.22621)",
        "x-ms-client-request-id": "f3e98321-13ed-44bc-ae20-f80073e1b042"
      },
      "RequestBody": null,
      "StatusCode": 200,
      "ResponseHeaders": {
        "Connection": "keep-alive",
        "Content-Length": "229",
        "Content-Type": "application/json; charset=utf-8",
        "Date": "Sat, 06 May 2023 02:57:25 GMT",
        "Location": "https://8ab2df1c-ed88-4946-a8a9-e1bbb3e4d1fd-sdk-dc-4qb444onnk2tc.centraluseuap.devcenter.azure.com/projects/sdk-project-x2z4o4ohvwcbi/operationstatuses/61142f02-2502-43db-b01b-ebada7055264?monitor=true",
        "Operation-Location": "https://8ab2df1c-ed88-4946-a8a9-e1bbb3e4d1fd-sdk-dc-4qb444onnk2tc.centraluseuap.devcenter.azure.com/projects/sdk-project-x2z4o4ohvwcbi/operationstatuses/61142f02-2502-43db-b01b-ebada7055264",
        "Retry-After": "30",
        "Strict-Transport-Security": "max-age=15724800; includeSubDomains",
        "x-ms-client-request-id": "f3e98321-13ed-44bc-ae20-f80073e1b042",
        "x-ms-correlation-request-id": "445e12ca-0dc6-4bb6-9688-f6237ce458e0",
        "X-Rate-Limit-Limit": "1m",
        "X-Rate-Limit-Remaining": "298",
        "X-Rate-Limit-Reset": "2023-05-06T02:58:03.4486551Z"
      },
      "ResponseBody": {
        "id": "/projects/sdk-project-x2z4o4ohvwcbi/operationStatuses/61142f02-2502-43db-b01b-ebada7055264",
        "name": "61142f02-2502-43db-b01b-ebada7055264",
        "status": "Running",
        "startTime": "2023-05-06T02:49:21.6092118\u002B00:00"
      }
    },
    {
      "RequestUri": "https://8ab2df1c-ed88-4946-a8a9-e1bbb3e4d1fd-sdk-dc-4qb444onnk2tc.centraluseuap.devcenter.azure.com/projects/sdk-project-x2z4o4ohvwcbi/operationstatuses/61142f02-2502-43db-b01b-ebada7055264?api-version=2023-04-01",
      "RequestMethod": "GET",
      "RequestHeaders": {
        "Accept": "application/json",
        "Accept-Encoding": "gzip,deflate",
        "Authorization": "Sanitized",
        "Connection": "keep-alive",
        "User-Agent": "azsdk-js-developer-devcenter-rest/1.0.0-beta.3 core-rest-pipeline/1.10.2 Node/v18.16.0 OS/(x64-Windows_NT-10.0.22621)",
        "x-ms-client-request-id": "55da4a9b-1f55-44d4-8277-78ae4dc1663b"
      },
      "RequestBody": null,
      "StatusCode": 200,
      "ResponseHeaders": {
        "Connection": "keep-alive",
        "Content-Length": "229",
        "Content-Type": "application/json; charset=utf-8",
        "Date": "Sat, 06 May 2023 02:57:56 GMT",
        "Location": "https://8ab2df1c-ed88-4946-a8a9-e1bbb3e4d1fd-sdk-dc-4qb444onnk2tc.centraluseuap.devcenter.azure.com/projects/sdk-project-x2z4o4ohvwcbi/operationstatuses/61142f02-2502-43db-b01b-ebada7055264?monitor=true",
        "Operation-Location": "https://8ab2df1c-ed88-4946-a8a9-e1bbb3e4d1fd-sdk-dc-4qb444onnk2tc.centraluseuap.devcenter.azure.com/projects/sdk-project-x2z4o4ohvwcbi/operationstatuses/61142f02-2502-43db-b01b-ebada7055264",
        "Retry-After": "30",
        "Strict-Transport-Security": "max-age=15724800; includeSubDomains",
        "x-ms-client-request-id": "55da4a9b-1f55-44d4-8277-78ae4dc1663b",
        "x-ms-correlation-request-id": "37cf5589-22c7-4b63-b909-08d52b01fd7e",
        "X-Rate-Limit-Limit": "1m",
        "X-Rate-Limit-Remaining": "299",
        "X-Rate-Limit-Reset": "2023-05-06T02:58:56.0054710Z"
      },
      "ResponseBody": {
        "id": "/projects/sdk-project-x2z4o4ohvwcbi/operationStatuses/61142f02-2502-43db-b01b-ebada7055264",
        "name": "61142f02-2502-43db-b01b-ebada7055264",
        "status": "Running",
        "startTime": "2023-05-06T02:49:21.6092118\u002B00:00"
      }
    },
    {
      "RequestUri": "https://8ab2df1c-ed88-4946-a8a9-e1bbb3e4d1fd-sdk-dc-4qb444onnk2tc.centraluseuap.devcenter.azure.com/projects/sdk-project-x2z4o4ohvwcbi/operationstatuses/61142f02-2502-43db-b01b-ebada7055264?api-version=2023-04-01",
      "RequestMethod": "GET",
      "RequestHeaders": {
        "Accept": "application/json",
        "Accept-Encoding": "gzip,deflate",
        "Authorization": "Sanitized",
        "Connection": "keep-alive",
        "User-Agent": "azsdk-js-developer-devcenter-rest/1.0.0-beta.3 core-rest-pipeline/1.10.2 Node/v18.16.0 OS/(x64-Windows_NT-10.0.22621)",
        "x-ms-client-request-id": "dd462715-5007-4f62-b470-d2d9cb1091f7"
      },
      "RequestBody": null,
      "StatusCode": 200,
      "ResponseHeaders": {
        "Connection": "keep-alive",
        "Content-Length": "229",
        "Content-Type": "application/json; charset=utf-8",
        "Date": "Sat, 06 May 2023 02:58:26 GMT",
        "Location": "https://8ab2df1c-ed88-4946-a8a9-e1bbb3e4d1fd-sdk-dc-4qb444onnk2tc.centraluseuap.devcenter.azure.com/projects/sdk-project-x2z4o4ohvwcbi/operationstatuses/61142f02-2502-43db-b01b-ebada7055264?monitor=true",
        "Operation-Location": "https://8ab2df1c-ed88-4946-a8a9-e1bbb3e4d1fd-sdk-dc-4qb444onnk2tc.centraluseuap.devcenter.azure.com/projects/sdk-project-x2z4o4ohvwcbi/operationstatuses/61142f02-2502-43db-b01b-ebada7055264",
        "Retry-After": "30",
        "Strict-Transport-Security": "max-age=15724800; includeSubDomains",
        "x-ms-client-request-id": "dd462715-5007-4f62-b470-d2d9cb1091f7",
        "x-ms-correlation-request-id": "69741049-7a44-4eda-9ecf-4407684bc99d",
        "X-Rate-Limit-Limit": "1m",
        "X-Rate-Limit-Remaining": "299",
        "X-Rate-Limit-Reset": "2023-05-06T02:59:26.2413835Z"
      },
      "ResponseBody": {
        "id": "/projects/sdk-project-x2z4o4ohvwcbi/operationStatuses/61142f02-2502-43db-b01b-ebada7055264",
        "name": "61142f02-2502-43db-b01b-ebada7055264",
        "status": "Running",
        "startTime": "2023-05-06T02:49:21.6092118\u002B00:00"
      }
    },
    {
      "RequestUri": "https://8ab2df1c-ed88-4946-a8a9-e1bbb3e4d1fd-sdk-dc-4qb444onnk2tc.centraluseuap.devcenter.azure.com/projects/sdk-project-x2z4o4ohvwcbi/operationstatuses/61142f02-2502-43db-b01b-ebada7055264?api-version=2023-04-01",
      "RequestMethod": "GET",
      "RequestHeaders": {
        "Accept": "application/json",
        "Accept-Encoding": "gzip,deflate",
        "Authorization": "Sanitized",
        "Connection": "keep-alive",
        "User-Agent": "azsdk-js-developer-devcenter-rest/1.0.0-beta.3 core-rest-pipeline/1.10.2 Node/v18.16.0 OS/(x64-Windows_NT-10.0.22621)",
        "x-ms-client-request-id": "e2632a5f-168a-44b2-8d41-945ab3d6c9d3"
      },
      "RequestBody": null,
      "StatusCode": 200,
      "ResponseHeaders": {
        "Connection": "keep-alive",
        "Content-Length": "229",
        "Content-Type": "application/json; charset=utf-8",
        "Date": "Sat, 06 May 2023 02:58:56 GMT",
        "Location": "https://8ab2df1c-ed88-4946-a8a9-e1bbb3e4d1fd-sdk-dc-4qb444onnk2tc.centraluseuap.devcenter.azure.com/projects/sdk-project-x2z4o4ohvwcbi/operationstatuses/61142f02-2502-43db-b01b-ebada7055264?monitor=true",
        "Operation-Location": "https://8ab2df1c-ed88-4946-a8a9-e1bbb3e4d1fd-sdk-dc-4qb444onnk2tc.centraluseuap.devcenter.azure.com/projects/sdk-project-x2z4o4ohvwcbi/operationstatuses/61142f02-2502-43db-b01b-ebada7055264",
        "Retry-After": "30",
        "Strict-Transport-Security": "max-age=15724800; includeSubDomains",
        "x-ms-client-request-id": "e2632a5f-168a-44b2-8d41-945ab3d6c9d3",
        "x-ms-correlation-request-id": "bdc28fc3-1991-4c68-986c-aa5d3532fc47",
        "X-Rate-Limit-Limit": "1m",
        "X-Rate-Limit-Remaining": "299",
        "X-Rate-Limit-Reset": "2023-05-06T02:59:56.3640349Z"
      },
      "ResponseBody": {
        "id": "/projects/sdk-project-x2z4o4ohvwcbi/operationStatuses/61142f02-2502-43db-b01b-ebada7055264",
        "name": "61142f02-2502-43db-b01b-ebada7055264",
        "status": "Running",
        "startTime": "2023-05-06T02:49:21.6092118\u002B00:00"
      }
    },
    {
      "RequestUri": "https://8ab2df1c-ed88-4946-a8a9-e1bbb3e4d1fd-sdk-dc-4qb444onnk2tc.centraluseuap.devcenter.azure.com/projects/sdk-project-x2z4o4ohvwcbi/operationstatuses/61142f02-2502-43db-b01b-ebada7055264?api-version=2023-04-01",
      "RequestMethod": "GET",
      "RequestHeaders": {
        "Accept": "application/json",
        "Accept-Encoding": "gzip,deflate",
        "Authorization": "Sanitized",
        "Connection": "keep-alive",
        "User-Agent": "azsdk-js-developer-devcenter-rest/1.0.0-beta.3 core-rest-pipeline/1.10.2 Node/v18.16.0 OS/(x64-Windows_NT-10.0.22621)",
        "x-ms-client-request-id": "315ca80e-3dd2-49d2-87c0-d199ee2df191"
      },
      "RequestBody": null,
      "StatusCode": 200,
      "ResponseHeaders": {
        "Connection": "keep-alive",
        "Content-Length": "229",
        "Content-Type": "application/json; charset=utf-8",
        "Date": "Sat, 06 May 2023 02:59:26 GMT",
        "Location": "https://8ab2df1c-ed88-4946-a8a9-e1bbb3e4d1fd-sdk-dc-4qb444onnk2tc.centraluseuap.devcenter.azure.com/projects/sdk-project-x2z4o4ohvwcbi/operationstatuses/61142f02-2502-43db-b01b-ebada7055264?monitor=true",
        "Operation-Location": "https://8ab2df1c-ed88-4946-a8a9-e1bbb3e4d1fd-sdk-dc-4qb444onnk2tc.centraluseuap.devcenter.azure.com/projects/sdk-project-x2z4o4ohvwcbi/operationstatuses/61142f02-2502-43db-b01b-ebada7055264",
        "Retry-After": "30",
        "Strict-Transport-Security": "max-age=15724800; includeSubDomains",
        "x-ms-client-request-id": "315ca80e-3dd2-49d2-87c0-d199ee2df191",
        "x-ms-correlation-request-id": "5c80b2fc-d44f-4915-b55e-b4c2e0c0f020",
        "X-Rate-Limit-Limit": "1m",
        "X-Rate-Limit-Remaining": "298",
        "X-Rate-Limit-Reset": "2023-05-06T03:00:03.4884088Z"
      },
      "ResponseBody": {
        "id": "/projects/sdk-project-x2z4o4ohvwcbi/operationStatuses/61142f02-2502-43db-b01b-ebada7055264",
        "name": "61142f02-2502-43db-b01b-ebada7055264",
        "status": "Running",
        "startTime": "2023-05-06T02:49:21.6092118\u002B00:00"
      }
    },
    {
      "RequestUri": "https://8ab2df1c-ed88-4946-a8a9-e1bbb3e4d1fd-sdk-dc-4qb444onnk2tc.centraluseuap.devcenter.azure.com/projects/sdk-project-x2z4o4ohvwcbi/operationstatuses/61142f02-2502-43db-b01b-ebada7055264?api-version=2023-04-01",
      "RequestMethod": "GET",
      "RequestHeaders": {
        "Accept": "application/json",
        "Accept-Encoding": "gzip,deflate",
        "Authorization": "Sanitized",
        "Connection": "keep-alive",
        "User-Agent": "azsdk-js-developer-devcenter-rest/1.0.0-beta.3 core-rest-pipeline/1.10.2 Node/v18.16.0 OS/(x64-Windows_NT-10.0.22621)",
        "x-ms-client-request-id": "4b7e484b-359b-46bf-81fa-6be6e0ddcc18"
      },
      "RequestBody": null,
      "StatusCode": 200,
      "ResponseHeaders": {
        "Connection": "keep-alive",
        "Content-Length": "229",
        "Content-Type": "application/json; charset=utf-8",
        "Date": "Sat, 06 May 2023 02:59:56 GMT",
        "Location": "https://8ab2df1c-ed88-4946-a8a9-e1bbb3e4d1fd-sdk-dc-4qb444onnk2tc.centraluseuap.devcenter.azure.com/projects/sdk-project-x2z4o4ohvwcbi/operationstatuses/61142f02-2502-43db-b01b-ebada7055264?monitor=true",
        "Operation-Location": "https://8ab2df1c-ed88-4946-a8a9-e1bbb3e4d1fd-sdk-dc-4qb444onnk2tc.centraluseuap.devcenter.azure.com/projects/sdk-project-x2z4o4ohvwcbi/operationstatuses/61142f02-2502-43db-b01b-ebada7055264",
        "Retry-After": "30",
        "Strict-Transport-Security": "max-age=15724800; includeSubDomains",
        "x-ms-client-request-id": "4b7e484b-359b-46bf-81fa-6be6e0ddcc18",
        "x-ms-correlation-request-id": "d7a7d710-939d-4b54-bf68-900f697f7cda",
        "X-Rate-Limit-Limit": "1m",
        "X-Rate-Limit-Remaining": "299",
        "X-Rate-Limit-Reset": "2023-05-06T03:00:56.7256738Z"
      },
      "ResponseBody": {
        "id": "/projects/sdk-project-x2z4o4ohvwcbi/operationStatuses/61142f02-2502-43db-b01b-ebada7055264",
        "name": "61142f02-2502-43db-b01b-ebada7055264",
        "status": "Running",
        "startTime": "2023-05-06T02:49:21.6092118\u002B00:00"
      }
    },
    {
      "RequestUri": "https://8ab2df1c-ed88-4946-a8a9-e1bbb3e4d1fd-sdk-dc-4qb444onnk2tc.centraluseuap.devcenter.azure.com/projects/sdk-project-x2z4o4ohvwcbi/operationstatuses/61142f02-2502-43db-b01b-ebada7055264?api-version=2023-04-01",
      "RequestMethod": "GET",
      "RequestHeaders": {
        "Accept": "application/json",
        "Accept-Encoding": "gzip,deflate",
        "Authorization": "Sanitized",
        "Connection": "keep-alive",
        "User-Agent": "azsdk-js-developer-devcenter-rest/1.0.0-beta.3 core-rest-pipeline/1.10.2 Node/v18.16.0 OS/(x64-Windows_NT-10.0.22621)",
        "x-ms-client-request-id": "f416d0da-be03-481a-b2d1-43e747d0b8af"
      },
      "RequestBody": null,
      "StatusCode": 200,
      "ResponseHeaders": {
        "Connection": "keep-alive",
        "Content-Length": "229",
        "Content-Type": "application/json; charset=utf-8",
        "Date": "Sat, 06 May 2023 03:00:27 GMT",
        "Location": "https://8ab2df1c-ed88-4946-a8a9-e1bbb3e4d1fd-sdk-dc-4qb444onnk2tc.centraluseuap.devcenter.azure.com/projects/sdk-project-x2z4o4ohvwcbi/operationstatuses/61142f02-2502-43db-b01b-ebada7055264?monitor=true",
        "Operation-Location": "https://8ab2df1c-ed88-4946-a8a9-e1bbb3e4d1fd-sdk-dc-4qb444onnk2tc.centraluseuap.devcenter.azure.com/projects/sdk-project-x2z4o4ohvwcbi/operationstatuses/61142f02-2502-43db-b01b-ebada7055264",
        "Retry-After": "30",
        "Strict-Transport-Security": "max-age=15724800; includeSubDomains",
        "x-ms-client-request-id": "f416d0da-be03-481a-b2d1-43e747d0b8af",
        "x-ms-correlation-request-id": "539d434a-9f0b-4b61-bfc1-58232dd9513f",
        "X-Rate-Limit-Limit": "1m",
        "X-Rate-Limit-Remaining": "299",
        "X-Rate-Limit-Reset": "2023-05-06T03:01:26.9429114Z"
      },
      "ResponseBody": {
        "id": "/projects/sdk-project-x2z4o4ohvwcbi/operationStatuses/61142f02-2502-43db-b01b-ebada7055264",
        "name": "61142f02-2502-43db-b01b-ebada7055264",
        "status": "Running",
        "startTime": "2023-05-06T02:49:21.6092118\u002B00:00"
      }
    },
    {
      "RequestUri": "https://8ab2df1c-ed88-4946-a8a9-e1bbb3e4d1fd-sdk-dc-4qb444onnk2tc.centraluseuap.devcenter.azure.com/projects/sdk-project-x2z4o4ohvwcbi/operationstatuses/61142f02-2502-43db-b01b-ebada7055264?api-version=2023-04-01",
      "RequestMethod": "GET",
      "RequestHeaders": {
        "Accept": "application/json",
        "Accept-Encoding": "gzip,deflate",
        "Authorization": "Sanitized",
        "Connection": "keep-alive",
        "User-Agent": "azsdk-js-developer-devcenter-rest/1.0.0-beta.3 core-rest-pipeline/1.10.2 Node/v18.16.0 OS/(x64-Windows_NT-10.0.22621)",
        "x-ms-client-request-id": "11cabd03-af07-48a2-a7a8-a324894fc88f"
      },
      "RequestBody": null,
      "StatusCode": 200,
      "ResponseHeaders": {
        "Connection": "keep-alive",
        "Content-Length": "229",
        "Content-Type": "application/json; charset=utf-8",
        "Date": "Sat, 06 May 2023 03:00:57 GMT",
        "Location": "https://8ab2df1c-ed88-4946-a8a9-e1bbb3e4d1fd-sdk-dc-4qb444onnk2tc.centraluseuap.devcenter.azure.com/projects/sdk-project-x2z4o4ohvwcbi/operationstatuses/61142f02-2502-43db-b01b-ebada7055264?monitor=true",
        "Operation-Location": "https://8ab2df1c-ed88-4946-a8a9-e1bbb3e4d1fd-sdk-dc-4qb444onnk2tc.centraluseuap.devcenter.azure.com/projects/sdk-project-x2z4o4ohvwcbi/operationstatuses/61142f02-2502-43db-b01b-ebada7055264",
        "Retry-After": "30",
        "Strict-Transport-Security": "max-age=15724800; includeSubDomains",
        "x-ms-client-request-id": "11cabd03-af07-48a2-a7a8-a324894fc88f",
        "x-ms-correlation-request-id": "306584a9-71ba-4630-b0b1-109c588caea9",
        "X-Rate-Limit-Limit": "1m",
        "X-Rate-Limit-Remaining": "299",
        "X-Rate-Limit-Reset": "2023-05-06T03:01:57.1433926Z"
      },
      "ResponseBody": {
        "id": "/projects/sdk-project-x2z4o4ohvwcbi/operationStatuses/61142f02-2502-43db-b01b-ebada7055264",
        "name": "61142f02-2502-43db-b01b-ebada7055264",
        "status": "Running",
        "startTime": "2023-05-06T02:49:21.6092118\u002B00:00"
      }
    },
    {
      "RequestUri": "https://8ab2df1c-ed88-4946-a8a9-e1bbb3e4d1fd-sdk-dc-4qb444onnk2tc.centraluseuap.devcenter.azure.com/projects/sdk-project-x2z4o4ohvwcbi/operationstatuses/61142f02-2502-43db-b01b-ebada7055264?api-version=2023-04-01",
      "RequestMethod": "GET",
      "RequestHeaders": {
        "Accept": "application/json",
        "Accept-Encoding": "gzip,deflate",
        "Authorization": "Sanitized",
        "Connection": "keep-alive",
        "User-Agent": "azsdk-js-developer-devcenter-rest/1.0.0-beta.3 core-rest-pipeline/1.10.2 Node/v18.16.0 OS/(x64-Windows_NT-10.0.22621)",
        "x-ms-client-request-id": "f034e823-466b-43ec-889d-68d86642a140"
      },
      "RequestBody": null,
      "StatusCode": 200,
      "ResponseHeaders": {
        "Connection": "keep-alive",
        "Content-Length": "229",
        "Content-Type": "application/json; charset=utf-8",
        "Date": "Sat, 06 May 2023 03:01:27 GMT",
        "Location": "https://8ab2df1c-ed88-4946-a8a9-e1bbb3e4d1fd-sdk-dc-4qb444onnk2tc.centraluseuap.devcenter.azure.com/projects/sdk-project-x2z4o4ohvwcbi/operationstatuses/61142f02-2502-43db-b01b-ebada7055264?monitor=true",
        "Operation-Location": "https://8ab2df1c-ed88-4946-a8a9-e1bbb3e4d1fd-sdk-dc-4qb444onnk2tc.centraluseuap.devcenter.azure.com/projects/sdk-project-x2z4o4ohvwcbi/operationstatuses/61142f02-2502-43db-b01b-ebada7055264",
        "Retry-After": "30",
        "Strict-Transport-Security": "max-age=15724800; includeSubDomains",
        "x-ms-client-request-id": "f034e823-466b-43ec-889d-68d86642a140",
        "x-ms-correlation-request-id": "72838ab0-ac5c-49f6-bfe6-498cd822a497",
        "X-Rate-Limit-Limit": "1m",
        "X-Rate-Limit-Remaining": "299",
        "X-Rate-Limit-Reset": "2023-05-06T03:02:27.2889245Z"
      },
      "ResponseBody": {
        "id": "/projects/sdk-project-x2z4o4ohvwcbi/operationStatuses/61142f02-2502-43db-b01b-ebada7055264",
        "name": "61142f02-2502-43db-b01b-ebada7055264",
        "status": "Running",
        "startTime": "2023-05-06T02:49:21.6092118\u002B00:00"
      }
    },
    {
      "RequestUri": "https://8ab2df1c-ed88-4946-a8a9-e1bbb3e4d1fd-sdk-dc-4qb444onnk2tc.centraluseuap.devcenter.azure.com/projects/sdk-project-x2z4o4ohvwcbi/operationstatuses/61142f02-2502-43db-b01b-ebada7055264?api-version=2023-04-01",
      "RequestMethod": "GET",
      "RequestHeaders": {
        "Accept": "application/json",
        "Accept-Encoding": "gzip,deflate",
        "Authorization": "Sanitized",
        "Connection": "keep-alive",
        "User-Agent": "azsdk-js-developer-devcenter-rest/1.0.0-beta.3 core-rest-pipeline/1.10.2 Node/v18.16.0 OS/(x64-Windows_NT-10.0.22621)",
        "x-ms-client-request-id": "c23c592f-a31e-4119-937e-c8a0ba85e08e"
      },
      "RequestBody": null,
      "StatusCode": 200,
      "ResponseHeaders": {
        "Connection": "keep-alive",
        "Content-Length": "229",
        "Content-Type": "application/json; charset=utf-8",
        "Date": "Sat, 06 May 2023 03:01:57 GMT",
        "Location": "https://8ab2df1c-ed88-4946-a8a9-e1bbb3e4d1fd-sdk-dc-4qb444onnk2tc.centraluseuap.devcenter.azure.com/projects/sdk-project-x2z4o4ohvwcbi/operationstatuses/61142f02-2502-43db-b01b-ebada7055264?monitor=true",
        "Operation-Location": "https://8ab2df1c-ed88-4946-a8a9-e1bbb3e4d1fd-sdk-dc-4qb444onnk2tc.centraluseuap.devcenter.azure.com/projects/sdk-project-x2z4o4ohvwcbi/operationstatuses/61142f02-2502-43db-b01b-ebada7055264",
        "Retry-After": "30",
        "Strict-Transport-Security": "max-age=15724800; includeSubDomains",
        "x-ms-client-request-id": "c23c592f-a31e-4119-937e-c8a0ba85e08e",
        "x-ms-correlation-request-id": "09045730-df25-4200-870f-17b0d56653e4",
        "X-Rate-Limit-Limit": "1m",
        "X-Rate-Limit-Remaining": "299",
        "X-Rate-Limit-Reset": "2023-05-06T03:02:57.5732572Z"
      },
      "ResponseBody": {
        "id": "/projects/sdk-project-x2z4o4ohvwcbi/operationStatuses/61142f02-2502-43db-b01b-ebada7055264",
        "name": "61142f02-2502-43db-b01b-ebada7055264",
        "status": "Running",
        "startTime": "2023-05-06T02:49:21.6092118\u002B00:00"
      }
    },
    {
      "RequestUri": "https://8ab2df1c-ed88-4946-a8a9-e1bbb3e4d1fd-sdk-dc-4qb444onnk2tc.centraluseuap.devcenter.azure.com/projects/sdk-project-x2z4o4ohvwcbi/operationstatuses/61142f02-2502-43db-b01b-ebada7055264?api-version=2023-04-01",
      "RequestMethod": "GET",
      "RequestHeaders": {
        "Accept": "application/json",
        "Accept-Encoding": "gzip,deflate",
        "Authorization": "Sanitized",
        "Connection": "keep-alive",
        "User-Agent": "azsdk-js-developer-devcenter-rest/1.0.0-beta.3 core-rest-pipeline/1.10.2 Node/v18.16.0 OS/(x64-Windows_NT-10.0.22621)",
        "x-ms-client-request-id": "f2920215-7a99-4847-a6bb-e7f37afbc02b"
      },
      "RequestBody": null,
      "StatusCode": 200,
      "ResponseHeaders": {
        "Connection": "keep-alive",
        "Content-Length": "229",
        "Content-Type": "application/json; charset=utf-8",
        "Date": "Sat, 06 May 2023 03:02:27 GMT",
        "Location": "https://8ab2df1c-ed88-4946-a8a9-e1bbb3e4d1fd-sdk-dc-4qb444onnk2tc.centraluseuap.devcenter.azure.com/projects/sdk-project-x2z4o4ohvwcbi/operationstatuses/61142f02-2502-43db-b01b-ebada7055264?monitor=true",
        "Operation-Location": "https://8ab2df1c-ed88-4946-a8a9-e1bbb3e4d1fd-sdk-dc-4qb444onnk2tc.centraluseuap.devcenter.azure.com/projects/sdk-project-x2z4o4ohvwcbi/operationstatuses/61142f02-2502-43db-b01b-ebada7055264",
        "Retry-After": "30",
        "Strict-Transport-Security": "max-age=15724800; includeSubDomains",
        "x-ms-client-request-id": "f2920215-7a99-4847-a6bb-e7f37afbc02b",
        "x-ms-correlation-request-id": "16d4cf8d-80a3-475a-b4dd-9d9970f2dcf8",
        "X-Rate-Limit-Limit": "1m",
        "X-Rate-Limit-Remaining": "299",
        "X-Rate-Limit-Reset": "2023-05-06T03:03:27.7860752Z"
      },
      "ResponseBody": {
        "id": "/projects/sdk-project-x2z4o4ohvwcbi/operationStatuses/61142f02-2502-43db-b01b-ebada7055264",
        "name": "61142f02-2502-43db-b01b-ebada7055264",
        "status": "Running",
        "startTime": "2023-05-06T02:49:21.6092118\u002B00:00"
      }
    },
    {
      "RequestUri": "https://8ab2df1c-ed88-4946-a8a9-e1bbb3e4d1fd-sdk-dc-4qb444onnk2tc.centraluseuap.devcenter.azure.com/projects/sdk-project-x2z4o4ohvwcbi/operationstatuses/61142f02-2502-43db-b01b-ebada7055264?api-version=2023-04-01",
      "RequestMethod": "GET",
      "RequestHeaders": {
        "Accept": "application/json",
        "Accept-Encoding": "gzip,deflate",
        "Authorization": "Sanitized",
        "Connection": "keep-alive",
        "User-Agent": "azsdk-js-developer-devcenter-rest/1.0.0-beta.3 core-rest-pipeline/1.10.2 Node/v18.16.0 OS/(x64-Windows_NT-10.0.22621)",
        "x-ms-client-request-id": "9dde3817-289c-42bd-b059-18f751def42a"
      },
      "RequestBody": null,
      "StatusCode": 200,
      "ResponseHeaders": {
        "Connection": "keep-alive",
        "Content-Length": "229",
        "Content-Type": "application/json; charset=utf-8",
        "Date": "Sat, 06 May 2023 03:02:58 GMT",
        "Location": "https://8ab2df1c-ed88-4946-a8a9-e1bbb3e4d1fd-sdk-dc-4qb444onnk2tc.centraluseuap.devcenter.azure.com/projects/sdk-project-x2z4o4ohvwcbi/operationstatuses/61142f02-2502-43db-b01b-ebada7055264?monitor=true",
        "Operation-Location": "https://8ab2df1c-ed88-4946-a8a9-e1bbb3e4d1fd-sdk-dc-4qb444onnk2tc.centraluseuap.devcenter.azure.com/projects/sdk-project-x2z4o4ohvwcbi/operationstatuses/61142f02-2502-43db-b01b-ebada7055264",
        "Retry-After": "30",
        "Strict-Transport-Security": "max-age=15724800; includeSubDomains",
        "x-ms-client-request-id": "9dde3817-289c-42bd-b059-18f751def42a",
        "x-ms-correlation-request-id": "434e3d2a-1128-4e7b-b145-0720885c6b50",
        "X-Rate-Limit-Limit": "1m",
        "X-Rate-Limit-Remaining": "299",
        "X-Rate-Limit-Reset": "2023-05-06T03:03:57.9997385Z"
      },
      "ResponseBody": {
        "id": "/projects/sdk-project-x2z4o4ohvwcbi/operationStatuses/61142f02-2502-43db-b01b-ebada7055264",
        "name": "61142f02-2502-43db-b01b-ebada7055264",
        "status": "Running",
        "startTime": "2023-05-06T02:49:21.6092118\u002B00:00"
      }
    },
    {
      "RequestUri": "https://8ab2df1c-ed88-4946-a8a9-e1bbb3e4d1fd-sdk-dc-4qb444onnk2tc.centraluseuap.devcenter.azure.com/projects/sdk-project-x2z4o4ohvwcbi/operationstatuses/61142f02-2502-43db-b01b-ebada7055264?api-version=2023-04-01",
      "RequestMethod": "GET",
      "RequestHeaders": {
        "Accept": "application/json",
        "Accept-Encoding": "gzip,deflate",
        "Authorization": "Sanitized",
        "Connection": "keep-alive",
        "User-Agent": "azsdk-js-developer-devcenter-rest/1.0.0-beta.3 core-rest-pipeline/1.10.2 Node/v18.16.0 OS/(x64-Windows_NT-10.0.22621)",
        "x-ms-client-request-id": "22aad090-05c8-489a-8ba2-7001ae250f19"
      },
      "RequestBody": null,
      "StatusCode": 200,
      "ResponseHeaders": {
        "Connection": "keep-alive",
        "Content-Length": "229",
        "Content-Type": "application/json; charset=utf-8",
        "Date": "Sat, 06 May 2023 03:03:28 GMT",
        "Location": "https://8ab2df1c-ed88-4946-a8a9-e1bbb3e4d1fd-sdk-dc-4qb444onnk2tc.centraluseuap.devcenter.azure.com/projects/sdk-project-x2z4o4ohvwcbi/operationstatuses/61142f02-2502-43db-b01b-ebada7055264?monitor=true",
        "Operation-Location": "https://8ab2df1c-ed88-4946-a8a9-e1bbb3e4d1fd-sdk-dc-4qb444onnk2tc.centraluseuap.devcenter.azure.com/projects/sdk-project-x2z4o4ohvwcbi/operationstatuses/61142f02-2502-43db-b01b-ebada7055264",
        "Retry-After": "30",
        "Strict-Transport-Security": "max-age=15724800; includeSubDomains",
        "x-ms-client-request-id": "22aad090-05c8-489a-8ba2-7001ae250f19",
        "x-ms-correlation-request-id": "30e93b51-eed1-4db0-b2c0-325af03882ec",
        "X-Rate-Limit-Limit": "1m",
        "X-Rate-Limit-Remaining": "299",
        "X-Rate-Limit-Reset": "2023-05-06T03:04:28.2618729Z"
      },
      "ResponseBody": {
        "id": "/projects/sdk-project-x2z4o4ohvwcbi/operationStatuses/61142f02-2502-43db-b01b-ebada7055264",
        "name": "61142f02-2502-43db-b01b-ebada7055264",
        "status": "Running",
        "startTime": "2023-05-06T02:49:21.6092118\u002B00:00"
      }
    },
    {
      "RequestUri": "https://8ab2df1c-ed88-4946-a8a9-e1bbb3e4d1fd-sdk-dc-4qb444onnk2tc.centraluseuap.devcenter.azure.com/projects/sdk-project-x2z4o4ohvwcbi/operationstatuses/61142f02-2502-43db-b01b-ebada7055264?api-version=2023-04-01",
      "RequestMethod": "GET",
      "RequestHeaders": {
        "Accept": "application/json",
        "Accept-Encoding": "gzip,deflate",
        "Authorization": "Sanitized",
        "Connection": "keep-alive",
        "User-Agent": "azsdk-js-developer-devcenter-rest/1.0.0-beta.3 core-rest-pipeline/1.10.2 Node/v18.16.0 OS/(x64-Windows_NT-10.0.22621)",
        "x-ms-client-request-id": "cdf02f99-e4d5-4999-aa47-f863a06bcdde"
      },
      "RequestBody": null,
      "StatusCode": 200,
      "ResponseHeaders": {
        "Connection": "keep-alive",
        "Content-Length": "229",
        "Content-Type": "application/json; charset=utf-8",
        "Date": "Sat, 06 May 2023 03:03:58 GMT",
        "Location": "https://8ab2df1c-ed88-4946-a8a9-e1bbb3e4d1fd-sdk-dc-4qb444onnk2tc.centraluseuap.devcenter.azure.com/projects/sdk-project-x2z4o4ohvwcbi/operationstatuses/61142f02-2502-43db-b01b-ebada7055264?monitor=true",
        "Operation-Location": "https://8ab2df1c-ed88-4946-a8a9-e1bbb3e4d1fd-sdk-dc-4qb444onnk2tc.centraluseuap.devcenter.azure.com/projects/sdk-project-x2z4o4ohvwcbi/operationstatuses/61142f02-2502-43db-b01b-ebada7055264",
        "Retry-After": "30",
        "Strict-Transport-Security": "max-age=15724800; includeSubDomains",
        "x-ms-client-request-id": "cdf02f99-e4d5-4999-aa47-f863a06bcdde",
        "x-ms-correlation-request-id": "4d0a2c00-04a2-436e-9f93-fa5421872e85",
        "X-Rate-Limit-Limit": "1m",
        "X-Rate-Limit-Remaining": "299",
        "X-Rate-Limit-Reset": "2023-05-06T03:04:58.5225229Z"
      },
      "ResponseBody": {
        "id": "/projects/sdk-project-x2z4o4ohvwcbi/operationStatuses/61142f02-2502-43db-b01b-ebada7055264",
        "name": "61142f02-2502-43db-b01b-ebada7055264",
        "status": "Running",
        "startTime": "2023-05-06T02:49:21.6092118\u002B00:00"
      }
    },
    {
      "RequestUri": "https://8ab2df1c-ed88-4946-a8a9-e1bbb3e4d1fd-sdk-dc-4qb444onnk2tc.centraluseuap.devcenter.azure.com/projects/sdk-project-x2z4o4ohvwcbi/operationstatuses/61142f02-2502-43db-b01b-ebada7055264?api-version=2023-04-01",
      "RequestMethod": "GET",
      "RequestHeaders": {
        "Accept": "application/json",
        "Accept-Encoding": "gzip,deflate",
        "Authorization": "Sanitized",
        "Connection": "keep-alive",
        "User-Agent": "azsdk-js-developer-devcenter-rest/1.0.0-beta.3 core-rest-pipeline/1.10.2 Node/v18.16.0 OS/(x64-Windows_NT-10.0.22621)",
        "x-ms-client-request-id": "59117ef5-bc60-4ab2-8b1e-d71ee01ff838"
      },
      "RequestBody": null,
      "StatusCode": 200,
      "ResponseHeaders": {
        "Connection": "keep-alive",
        "Content-Length": "229",
        "Content-Type": "application/json; charset=utf-8",
        "Date": "Sat, 06 May 2023 03:04:28 GMT",
        "Location": "https://8ab2df1c-ed88-4946-a8a9-e1bbb3e4d1fd-sdk-dc-4qb444onnk2tc.centraluseuap.devcenter.azure.com/projects/sdk-project-x2z4o4ohvwcbi/operationstatuses/61142f02-2502-43db-b01b-ebada7055264?monitor=true",
        "Operation-Location": "https://8ab2df1c-ed88-4946-a8a9-e1bbb3e4d1fd-sdk-dc-4qb444onnk2tc.centraluseuap.devcenter.azure.com/projects/sdk-project-x2z4o4ohvwcbi/operationstatuses/61142f02-2502-43db-b01b-ebada7055264",
        "Retry-After": "30",
        "Strict-Transport-Security": "max-age=15724800; includeSubDomains",
        "x-ms-client-request-id": "59117ef5-bc60-4ab2-8b1e-d71ee01ff838",
        "x-ms-correlation-request-id": "45698dfb-aec0-44e3-9bac-bc36bc588962",
        "X-Rate-Limit-Limit": "1m",
        "X-Rate-Limit-Remaining": "299",
        "X-Rate-Limit-Reset": "2023-05-06T03:05:28.6247015Z"
      },
      "ResponseBody": {
        "id": "/projects/sdk-project-x2z4o4ohvwcbi/operationStatuses/61142f02-2502-43db-b01b-ebada7055264",
        "name": "61142f02-2502-43db-b01b-ebada7055264",
        "status": "Running",
        "startTime": "2023-05-06T02:49:21.6092118\u002B00:00"
      }
    },
    {
      "RequestUri": "https://8ab2df1c-ed88-4946-a8a9-e1bbb3e4d1fd-sdk-dc-4qb444onnk2tc.centraluseuap.devcenter.azure.com/projects/sdk-project-x2z4o4ohvwcbi/operationstatuses/61142f02-2502-43db-b01b-ebada7055264?api-version=2023-04-01",
      "RequestMethod": "GET",
      "RequestHeaders": {
        "Accept": "application/json",
        "Accept-Encoding": "gzip,deflate",
        "Authorization": "Sanitized",
        "Connection": "keep-alive",
        "User-Agent": "azsdk-js-developer-devcenter-rest/1.0.0-beta.3 core-rest-pipeline/1.10.2 Node/v18.16.0 OS/(x64-Windows_NT-10.0.22621)",
        "x-ms-client-request-id": "9cf3e15a-431f-42bd-b5ee-78be454ba93f"
      },
      "RequestBody": null,
      "StatusCode": 200,
      "ResponseHeaders": {
        "Connection": "keep-alive",
        "Content-Length": "229",
        "Content-Type": "application/json; charset=utf-8",
        "Date": "Sat, 06 May 2023 03:04:58 GMT",
        "Location": "https://8ab2df1c-ed88-4946-a8a9-e1bbb3e4d1fd-sdk-dc-4qb444onnk2tc.centraluseuap.devcenter.azure.com/projects/sdk-project-x2z4o4ohvwcbi/operationstatuses/61142f02-2502-43db-b01b-ebada7055264?monitor=true",
        "Operation-Location": "https://8ab2df1c-ed88-4946-a8a9-e1bbb3e4d1fd-sdk-dc-4qb444onnk2tc.centraluseuap.devcenter.azure.com/projects/sdk-project-x2z4o4ohvwcbi/operationstatuses/61142f02-2502-43db-b01b-ebada7055264",
        "Retry-After": "30",
        "Strict-Transport-Security": "max-age=15724800; includeSubDomains",
        "x-ms-client-request-id": "9cf3e15a-431f-42bd-b5ee-78be454ba93f",
        "x-ms-correlation-request-id": "ed47d4bd-6d5b-4803-8b89-8bf28313a259",
        "X-Rate-Limit-Limit": "1m",
        "X-Rate-Limit-Remaining": "282",
        "X-Rate-Limit-Reset": "2023-05-06T03:05:56.8155973Z"
      },
      "ResponseBody": {
        "id": "/projects/sdk-project-x2z4o4ohvwcbi/operationStatuses/61142f02-2502-43db-b01b-ebada7055264",
        "name": "61142f02-2502-43db-b01b-ebada7055264",
        "status": "Running",
        "startTime": "2023-05-06T02:49:21.6092118\u002B00:00"
      }
    },
    {
      "RequestUri": "https://8ab2df1c-ed88-4946-a8a9-e1bbb3e4d1fd-sdk-dc-4qb444onnk2tc.centraluseuap.devcenter.azure.com/projects/sdk-project-x2z4o4ohvwcbi/operationstatuses/61142f02-2502-43db-b01b-ebada7055264?api-version=2023-04-01",
      "RequestMethod": "GET",
      "RequestHeaders": {
        "Accept": "application/json",
        "Accept-Encoding": "gzip,deflate",
        "Authorization": "Sanitized",
        "Connection": "keep-alive",
        "User-Agent": "azsdk-js-developer-devcenter-rest/1.0.0-beta.3 core-rest-pipeline/1.10.2 Node/v18.16.0 OS/(x64-Windows_NT-10.0.22621)",
        "x-ms-client-request-id": "88e54ad5-4135-441f-8d30-175221a9e62d"
      },
      "RequestBody": null,
      "StatusCode": 200,
      "ResponseHeaders": {
        "Connection": "keep-alive",
        "Content-Length": "229",
        "Content-Type": "application/json; charset=utf-8",
        "Date": "Sat, 06 May 2023 03:05:29 GMT",
        "Location": "https://8ab2df1c-ed88-4946-a8a9-e1bbb3e4d1fd-sdk-dc-4qb444onnk2tc.centraluseuap.devcenter.azure.com/projects/sdk-project-x2z4o4ohvwcbi/operationstatuses/61142f02-2502-43db-b01b-ebada7055264?monitor=true",
        "Operation-Location": "https://8ab2df1c-ed88-4946-a8a9-e1bbb3e4d1fd-sdk-dc-4qb444onnk2tc.centraluseuap.devcenter.azure.com/projects/sdk-project-x2z4o4ohvwcbi/operationstatuses/61142f02-2502-43db-b01b-ebada7055264",
        "Retry-After": "30",
        "Strict-Transport-Security": "max-age=15724800; includeSubDomains",
        "x-ms-client-request-id": "88e54ad5-4135-441f-8d30-175221a9e62d",
        "x-ms-correlation-request-id": "e36a83ee-9c99-43d9-9711-eaf8155d9ecf",
        "X-Rate-Limit-Limit": "1m",
        "X-Rate-Limit-Remaining": "298",
        "X-Rate-Limit-Reset": "2023-05-06T03:06:03.4462519Z"
      },
      "ResponseBody": {
        "id": "/projects/sdk-project-x2z4o4ohvwcbi/operationStatuses/61142f02-2502-43db-b01b-ebada7055264",
        "name": "61142f02-2502-43db-b01b-ebada7055264",
        "status": "Running",
        "startTime": "2023-05-06T02:49:21.6092118\u002B00:00"
      }
    },
    {
      "RequestUri": "https://8ab2df1c-ed88-4946-a8a9-e1bbb3e4d1fd-sdk-dc-4qb444onnk2tc.centraluseuap.devcenter.azure.com/projects/sdk-project-x2z4o4ohvwcbi/operationstatuses/61142f02-2502-43db-b01b-ebada7055264?api-version=2023-04-01",
      "RequestMethod": "GET",
      "RequestHeaders": {
        "Accept": "application/json",
        "Accept-Encoding": "gzip,deflate",
        "Authorization": "Sanitized",
        "Connection": "keep-alive",
        "User-Agent": "azsdk-js-developer-devcenter-rest/1.0.0-beta.3 core-rest-pipeline/1.10.2 Node/v18.16.0 OS/(x64-Windows_NT-10.0.22621)",
        "x-ms-client-request-id": "cf38e426-134b-400f-a197-de04f2a7f9c4"
      },
      "RequestBody": null,
      "StatusCode": 200,
      "ResponseHeaders": {
        "Connection": "keep-alive",
        "Content-Length": "229",
        "Content-Type": "application/json; charset=utf-8",
        "Date": "Sat, 06 May 2023 03:05:59 GMT",
        "Location": "https://8ab2df1c-ed88-4946-a8a9-e1bbb3e4d1fd-sdk-dc-4qb444onnk2tc.centraluseuap.devcenter.azure.com/projects/sdk-project-x2z4o4ohvwcbi/operationstatuses/61142f02-2502-43db-b01b-ebada7055264?monitor=true",
        "Operation-Location": "https://8ab2df1c-ed88-4946-a8a9-e1bbb3e4d1fd-sdk-dc-4qb444onnk2tc.centraluseuap.devcenter.azure.com/projects/sdk-project-x2z4o4ohvwcbi/operationstatuses/61142f02-2502-43db-b01b-ebada7055264",
        "Retry-After": "30",
        "Strict-Transport-Security": "max-age=15724800; includeSubDomains",
        "x-ms-client-request-id": "cf38e426-134b-400f-a197-de04f2a7f9c4",
        "x-ms-correlation-request-id": "87ec6775-23eb-4651-9cb5-93469c76ebbd",
        "X-Rate-Limit-Limit": "1m",
        "X-Rate-Limit-Remaining": "283",
        "X-Rate-Limit-Reset": "2023-05-06T03:06:48.4662076Z"
      },
      "ResponseBody": {
        "id": "/projects/sdk-project-x2z4o4ohvwcbi/operationStatuses/61142f02-2502-43db-b01b-ebada7055264",
        "name": "61142f02-2502-43db-b01b-ebada7055264",
        "status": "Running",
        "startTime": "2023-05-06T02:49:21.6092118\u002B00:00"
      }
    },
    {
      "RequestUri": "https://8ab2df1c-ed88-4946-a8a9-e1bbb3e4d1fd-sdk-dc-4qb444onnk2tc.centraluseuap.devcenter.azure.com/projects/sdk-project-x2z4o4ohvwcbi/operationstatuses/61142f02-2502-43db-b01b-ebada7055264?api-version=2023-04-01",
      "RequestMethod": "GET",
      "RequestHeaders": {
        "Accept": "application/json",
        "Accept-Encoding": "gzip,deflate",
        "Authorization": "Sanitized",
        "Connection": "keep-alive",
        "User-Agent": "azsdk-js-developer-devcenter-rest/1.0.0-beta.3 core-rest-pipeline/1.10.2 Node/v18.16.0 OS/(x64-Windows_NT-10.0.22621)",
        "x-ms-client-request-id": "2ac05fc9-de1b-4427-a379-e4dd1d3a660b"
      },
      "RequestBody": null,
      "StatusCode": 200,
      "ResponseHeaders": {
        "Connection": "keep-alive",
        "Content-Length": "229",
        "Content-Type": "application/json; charset=utf-8",
        "Date": "Sat, 06 May 2023 03:06:29 GMT",
        "Location": "https://8ab2df1c-ed88-4946-a8a9-e1bbb3e4d1fd-sdk-dc-4qb444onnk2tc.centraluseuap.devcenter.azure.com/projects/sdk-project-x2z4o4ohvwcbi/operationstatuses/61142f02-2502-43db-b01b-ebada7055264?monitor=true",
        "Operation-Location": "https://8ab2df1c-ed88-4946-a8a9-e1bbb3e4d1fd-sdk-dc-4qb444onnk2tc.centraluseuap.devcenter.azure.com/projects/sdk-project-x2z4o4ohvwcbi/operationstatuses/61142f02-2502-43db-b01b-ebada7055264",
        "Retry-After": "30",
        "Strict-Transport-Security": "max-age=15724800; includeSubDomains",
        "x-ms-client-request-id": "2ac05fc9-de1b-4427-a379-e4dd1d3a660b",
        "x-ms-correlation-request-id": "f2c737f0-1187-46d0-af8c-6df56d7151ea",
        "X-Rate-Limit-Limit": "1m",
        "X-Rate-Limit-Remaining": "298",
        "X-Rate-Limit-Reset": "2023-05-06T03:07:03.4593955Z"
      },
      "ResponseBody": {
        "id": "/projects/sdk-project-x2z4o4ohvwcbi/operationStatuses/61142f02-2502-43db-b01b-ebada7055264",
        "name": "61142f02-2502-43db-b01b-ebada7055264",
        "status": "Running",
        "startTime": "2023-05-06T02:49:21.6092118\u002B00:00"
      }
    },
    {
      "RequestUri": "https://8ab2df1c-ed88-4946-a8a9-e1bbb3e4d1fd-sdk-dc-4qb444onnk2tc.centraluseuap.devcenter.azure.com/projects/sdk-project-x2z4o4ohvwcbi/operationstatuses/61142f02-2502-43db-b01b-ebada7055264?api-version=2023-04-01",
      "RequestMethod": "GET",
      "RequestHeaders": {
        "Accept": "application/json",
        "Accept-Encoding": "gzip,deflate",
        "Authorization": "Sanitized",
        "Connection": "keep-alive",
        "User-Agent": "azsdk-js-developer-devcenter-rest/1.0.0-beta.3 core-rest-pipeline/1.10.2 Node/v18.16.0 OS/(x64-Windows_NT-10.0.22621)",
        "x-ms-client-request-id": "5bbe3b98-c9a1-437f-ad80-53e879d6193f"
      },
      "RequestBody": null,
      "StatusCode": 200,
      "ResponseHeaders": {
        "Connection": "keep-alive",
        "Content-Length": "229",
        "Content-Type": "application/json; charset=utf-8",
        "Date": "Sat, 06 May 2023 03:06:59 GMT",
        "Location": "https://8ab2df1c-ed88-4946-a8a9-e1bbb3e4d1fd-sdk-dc-4qb444onnk2tc.centraluseuap.devcenter.azure.com/projects/sdk-project-x2z4o4ohvwcbi/operationstatuses/61142f02-2502-43db-b01b-ebada7055264?monitor=true",
        "Operation-Location": "https://8ab2df1c-ed88-4946-a8a9-e1bbb3e4d1fd-sdk-dc-4qb444onnk2tc.centraluseuap.devcenter.azure.com/projects/sdk-project-x2z4o4ohvwcbi/operationstatuses/61142f02-2502-43db-b01b-ebada7055264",
        "Retry-After": "30",
        "Strict-Transport-Security": "max-age=15724800; includeSubDomains",
        "x-ms-client-request-id": "5bbe3b98-c9a1-437f-ad80-53e879d6193f",
        "x-ms-correlation-request-id": "b63de75d-f386-4ef4-a301-f0cac685e13d",
        "X-Rate-Limit-Limit": "1m",
        "X-Rate-Limit-Remaining": "298",
        "X-Rate-Limit-Reset": "2023-05-06T03:07:33.4649245Z"
      },
      "ResponseBody": {
        "id": "/projects/sdk-project-x2z4o4ohvwcbi/operationStatuses/61142f02-2502-43db-b01b-ebada7055264",
        "name": "61142f02-2502-43db-b01b-ebada7055264",
        "status": "Running",
        "startTime": "2023-05-06T02:49:21.6092118\u002B00:00"
      }
    },
    {
      "RequestUri": "https://8ab2df1c-ed88-4946-a8a9-e1bbb3e4d1fd-sdk-dc-4qb444onnk2tc.centraluseuap.devcenter.azure.com/projects/sdk-project-x2z4o4ohvwcbi/operationstatuses/61142f02-2502-43db-b01b-ebada7055264?api-version=2023-04-01",
      "RequestMethod": "GET",
      "RequestHeaders": {
        "Accept": "application/json",
        "Accept-Encoding": "gzip,deflate",
        "Authorization": "Sanitized",
        "Connection": "keep-alive",
        "User-Agent": "azsdk-js-developer-devcenter-rest/1.0.0-beta.3 core-rest-pipeline/1.10.2 Node/v18.16.0 OS/(x64-Windows_NT-10.0.22621)",
        "x-ms-client-request-id": "5d0ca486-8568-47eb-9bbd-22ab82d699c6"
      },
      "RequestBody": null,
      "StatusCode": 200,
      "ResponseHeaders": {
        "Connection": "keep-alive",
        "Content-Length": "229",
        "Content-Type": "application/json; charset=utf-8",
        "Date": "Sat, 06 May 2023 03:07:30 GMT",
        "Location": "https://8ab2df1c-ed88-4946-a8a9-e1bbb3e4d1fd-sdk-dc-4qb444onnk2tc.centraluseuap.devcenter.azure.com/projects/sdk-project-x2z4o4ohvwcbi/operationstatuses/61142f02-2502-43db-b01b-ebada7055264?monitor=true",
        "Operation-Location": "https://8ab2df1c-ed88-4946-a8a9-e1bbb3e4d1fd-sdk-dc-4qb444onnk2tc.centraluseuap.devcenter.azure.com/projects/sdk-project-x2z4o4ohvwcbi/operationstatuses/61142f02-2502-43db-b01b-ebada7055264",
        "Retry-After": "30",
        "Strict-Transport-Security": "max-age=15724800; includeSubDomains",
        "x-ms-client-request-id": "5d0ca486-8568-47eb-9bbd-22ab82d699c6",
        "x-ms-correlation-request-id": "e30dfed0-3b26-4d08-9d59-003fdff3e841",
        "X-Rate-Limit-Limit": "1m",
        "X-Rate-Limit-Remaining": "298",
        "X-Rate-Limit-Reset": "2023-05-06T03:08:03.4469608Z"
      },
      "ResponseBody": {
        "id": "/projects/sdk-project-x2z4o4ohvwcbi/operationStatuses/61142f02-2502-43db-b01b-ebada7055264",
        "name": "61142f02-2502-43db-b01b-ebada7055264",
        "status": "Running",
        "startTime": "2023-05-06T02:49:21.6092118\u002B00:00"
      }
    },
    {
      "RequestUri": "https://8ab2df1c-ed88-4946-a8a9-e1bbb3e4d1fd-sdk-dc-4qb444onnk2tc.centraluseuap.devcenter.azure.com/projects/sdk-project-x2z4o4ohvwcbi/operationstatuses/61142f02-2502-43db-b01b-ebada7055264?api-version=2023-04-01",
      "RequestMethod": "GET",
      "RequestHeaders": {
        "Accept": "application/json",
        "Accept-Encoding": "gzip,deflate",
        "Authorization": "Sanitized",
        "Connection": "keep-alive",
        "User-Agent": "azsdk-js-developer-devcenter-rest/1.0.0-beta.3 core-rest-pipeline/1.10.2 Node/v18.16.0 OS/(x64-Windows_NT-10.0.22621)",
        "x-ms-client-request-id": "d469c017-a404-4cfb-a7f6-6b25125d7083"
      },
      "RequestBody": null,
      "StatusCode": 200,
      "ResponseHeaders": {
        "Connection": "keep-alive",
        "Content-Encoding": "gzip",
        "Content-Type": "application/json; charset=utf-8",
        "Date": "Sat, 06 May 2023 03:08:00 GMT",
        "Location": "https://8ab2df1c-ed88-4946-a8a9-e1bbb3e4d1fd-sdk-dc-4qb444onnk2tc.centraluseuap.devcenter.azure.com/projects/sdk-project-x2z4o4ohvwcbi/operationstatuses/61142f02-2502-43db-b01b-ebada7055264?monitor=true",
        "Operation-Location": "https://8ab2df1c-ed88-4946-a8a9-e1bbb3e4d1fd-sdk-dc-4qb444onnk2tc.centraluseuap.devcenter.azure.com/projects/sdk-project-x2z4o4ohvwcbi/operationstatuses/61142f02-2502-43db-b01b-ebada7055264",
        "Retry-After": "30",
        "Strict-Transport-Security": "max-age=15724800; includeSubDomains",
        "Transfer-Encoding": "chunked",
        "x-ms-client-request-id": "d469c017-a404-4cfb-a7f6-6b25125d7083",
        "x-ms-correlation-request-id": "db66f79e-d935-4837-8902-fb3f32c2c238",
        "X-Rate-Limit-Limit": "1m",
        "X-Rate-Limit-Remaining": "299",
        "X-Rate-Limit-Reset": "2023-05-06T03:09:00.0534190Z"
      },
      "ResponseBody": {
        "id": "/projects/sdk-project-x2z4o4ohvwcbi/operationStatuses/61142f02-2502-43db-b01b-ebada7055264",
        "name": "61142f02-2502-43db-b01b-ebada7055264",
        "status": "Succeeded",
        "startTime": "2023-05-06T02:49:21.6092118\u002B00:00",
        "endTime": "2023-05-06T03:07:48.0684006\u002B00:00"
      }
    },
    {
      "RequestUri": "https://8ab2df1c-ed88-4946-a8a9-e1bbb3e4d1fd-sdk-dc-4qb444onnk2tc.centraluseuap.devcenter.azure.com/projects/sdk-project-x2z4o4ohvwcbi/users/me/devboxes/mydevbox?api-version=2023-04-01\u0026api-version=2023-04-01",
      "RequestMethod": "GET",
      "RequestHeaders": {
        "Accept": "application/json",
        "Accept-Encoding": "gzip,deflate",
        "Authorization": "Sanitized",
        "Connection": "keep-alive",
        "User-Agent": "azsdk-js-developer-devcenter-rest/1.0.0-beta.3 core-rest-pipeline/1.10.2 Node/v18.16.0 OS/(x64-Windows_NT-10.0.22621)",
        "x-ms-client-request-id": "3bd9a028-fba5-4b6e-a9ca-01cc329e1308"
      },
      "RequestBody": null,
      "StatusCode": 200,
      "ResponseHeaders": {
        "Connection": "keep-alive",
        "Content-Encoding": "gzip",
        "Content-Type": "application/json; charset=utf-8",
        "Date": "Sat, 06 May 2023 03:08:00 GMT",
        "Strict-Transport-Security": "max-age=15724800; includeSubDomains",
        "Transfer-Encoding": "chunked",
        "x-ms-client-request-id": "3bd9a028-fba5-4b6e-a9ca-01cc329e1308",
        "x-ms-correlation-request-id": "da05a917-5405-4bb0-8b2f-26339a71e729",
        "X-Rate-Limit-Limit": "1m",
        "X-Rate-Limit-Remaining": "299",
        "X-Rate-Limit-Reset": "2023-05-06T03:09:00.3087897Z"
      },
      "ResponseBody": {
        "name": "mydevbox",
        "projectName": "sdk-project-x2z4o4ohvwcbi",
        "poolName": "sdk-pool-6ieikn5v2nfnu",
        "hibernateSupport": "Disabled",
        "provisioningState": "Succeeded",
        "actionState": "Unknown",
        "powerState": "Running",
        "uniqueId": "c155662f-0abb-44a8-854f-a825a6cffa49",
        "location": "centraluseuap",
        "osType": "Windows",
        "user": "df428e89-1bc2-4e72-b736-032c31a6cd97",
        "hardwareProfile": {
          "vCPUs": 8,
          "skuName": "general_a_8c32gb_v1",
          "vcpUs": 8,
          "memoryGB": 32
        },
        "storageProfile": {
          "osDisk": {
            "diskSizeGB": 1024
          }
        },
        "imageReference": {
          "name": "MicrosoftWindowsDesktop_windows-ent-cpc_win11-21h2-ent-cpc-m365",
          "version": "1.0.0",
          "operatingSystem": "Windows11",
          "osBuildNumber": "win11-21h2-ent-cpc-m365",
          "publishedDate": "2021-10-04T00:00:00\u002B00:00"
        },
        "createdTime": "2023-05-06T02:49:21.5697292\u002B00:00",
        "localAdministrator": "Enabled"
      }
    },
    {
      "RequestUri": "https://8ab2df1c-ed88-4946-a8a9-e1bbb3e4d1fd-sdk-dc-4qb444onnk2tc.centraluseuap.devcenter.azure.com/projects/sdk-project-x2z4o4ohvwcbi/users/me/devboxes/mydevbox/actions?api-version=2023-04-01",
      "RequestMethod": "GET",
      "RequestHeaders": {
        "Accept": "application/json",
        "Accept-Encoding": "gzip,deflate",
        "Authorization": "Sanitized",
        "Connection": "keep-alive",
        "User-Agent": "azsdk-js-developer-devcenter-rest/1.0.0-beta.3 core-rest-pipeline/1.10.2 Node/v18.16.0 OS/(x64-Windows_NT-10.0.22621)",
        "x-ms-client-request-id": "a30b2377-75e7-45b4-9fd0-e44a78c18944"
      },
      "RequestBody": null,
      "StatusCode": 200,
      "ResponseHeaders": {
        "Connection": "keep-alive",
        "Content-Encoding": "gzip",
        "Content-Type": "application/json; charset=utf-8",
        "Date": "Sat, 06 May 2023 03:08:00 GMT",
        "Strict-Transport-Security": "max-age=15724800; includeSubDomains",
        "Transfer-Encoding": "chunked",
        "x-ms-client-request-id": "a30b2377-75e7-45b4-9fd0-e44a78c18944",
        "x-ms-correlation-request-id": "966d1e39-5ee7-4eb6-818d-848097c9e671",
        "X-Rate-Limit-Limit": "1m",
        "X-Rate-Limit-Remaining": "297",
        "X-Rate-Limit-Reset": "2023-05-06T03:08:03.4469608Z"
      },
      "ResponseBody": {
        "value": [
          {
            "name": "schedule-default",
            "actionType": "Stop",
            "sourceId": "/projects/sdk-project-x2z4o4ohvwcbi/pools/sdk-pool-6ieikn5v2nfnu/schedules/default",
            "next": {
              "scheduledTime": "2023-05-07T02:00:00.000000Z"
            }
          }
        ]
      }
    },
    {
      "RequestUri": "https://8ab2df1c-ed88-4946-a8a9-e1bbb3e4d1fd-sdk-dc-4qb444onnk2tc.centraluseuap.devcenter.azure.com/projects/sdk-project-x2z4o4ohvwcbi/users/me/devboxes/mydevbox?api-version=2023-04-01",
      "RequestMethod": "DELETE",
      "RequestHeaders": {
        "Accept": "application/json",
        "Accept-Encoding": "gzip,deflate",
        "Authorization": "Sanitized",
        "Connection": "keep-alive",
        "User-Agent": "azsdk-js-developer-devcenter-rest/1.0.0-beta.3 core-rest-pipeline/1.10.2 Node/v18.16.0 OS/(x64-Windows_NT-10.0.22621)",
        "x-ms-client-request-id": "4534d25c-20c9-47e3-b1ef-1153aa09828c"
      },
      "RequestBody": null,
      "StatusCode": 202,
      "ResponseHeaders": {
        "Connection": "keep-alive",
        "Content-Length": "928",
        "Content-Type": "application/json; charset=utf-8",
        "Date": "Sat, 06 May 2023 03:08:00 GMT",
        "Location": "https://8ab2df1c-ed88-4946-a8a9-e1bbb3e4d1fd-sdk-dc-4qb444onnk2tc.centraluseuap.devcenter.azure.com/projects/sdk-project-x2z4o4ohvwcbi/operationstatuses/cb04902e-be1a-4aef-afd4-639e7f7bbb73?monitor=true",
        "Operation-Location": "https://8ab2df1c-ed88-4946-a8a9-e1bbb3e4d1fd-sdk-dc-4qb444onnk2tc.centraluseuap.devcenter.azure.com/projects/sdk-project-x2z4o4ohvwcbi/operationstatuses/cb04902e-be1a-4aef-afd4-639e7f7bbb73",
        "Strict-Transport-Security": "max-age=15724800; includeSubDomains",
        "x-ms-client-request-id": "4534d25c-20c9-47e3-b1ef-1153aa09828c",
        "x-ms-correlation-request-id": "209cd0c3-d93d-4b5f-a231-7c0e44a46fe0",
        "X-Rate-Limit-Limit": "1m",
        "X-Rate-Limit-Remaining": "298",
        "X-Rate-Limit-Reset": "2023-05-06T03:09:00.0534190Z"
      },
      "ResponseBody": {
        "name": "mydevbox",
        "projectName": "sdk-project-x2z4o4ohvwcbi",
        "poolName": "sdk-pool-6ieikn5v2nfnu",
        "hibernateSupport": "Disabled",
        "provisioningState": "Deleting",
        "actionState": "Unknown",
        "powerState": "Running",
        "uniqueId": "c155662f-0abb-44a8-854f-a825a6cffa49",
        "location": "centraluseuap",
        "osType": "Windows",
        "user": "df428e89-1bc2-4e72-b736-032c31a6cd97",
        "hardwareProfile": {
          "vCPUs": 8,
          "skuName": "general_a_8c32gb_v1",
          "vcpUs": 8,
          "memoryGB": 32
        },
        "storageProfile": {
          "osDisk": {
            "diskSizeGB": 1024
          }
        },
        "imageReference": {
          "name": "MicrosoftWindowsDesktop_windows-ent-cpc_win11-21h2-ent-cpc-m365",
          "version": "1.0.0",
          "operatingSystem": "Windows11",
          "osBuildNumber": "win11-21h2-ent-cpc-m365",
          "publishedDate": "2021-10-04T00:00:00\u002B00:00"
        },
        "createdTime": "2023-05-06T02:49:21.5697292\u002B00:00",
        "localAdministrator": "Enabled"
      }
    },
    {
      "RequestUri": "https://8ab2df1c-ed88-4946-a8a9-e1bbb3e4d1fd-sdk-dc-4qb444onnk2tc.centraluseuap.devcenter.azure.com/projects/sdk-project-x2z4o4ohvwcbi/operationstatuses/cb04902e-be1a-4aef-afd4-639e7f7bbb73?api-version=2023-04-01",
      "RequestMethod": "GET",
      "RequestHeaders": {
        "Accept": "application/json",
        "Accept-Encoding": "gzip,deflate",
        "Authorization": "Sanitized",
        "Connection": "keep-alive",
        "User-Agent": "azsdk-js-developer-devcenter-rest/1.0.0-beta.3 core-rest-pipeline/1.10.2 Node/v18.16.0 OS/(x64-Windows_NT-10.0.22621)",
        "x-ms-client-request-id": "3811d8e5-6bec-4987-a2d1-2f80784172e1"
      },
      "RequestBody": null,
      "StatusCode": 200,
      "ResponseHeaders": {
        "Connection": "keep-alive",
        "Content-Length": "232",
        "Content-Type": "application/json; charset=utf-8",
        "Date": "Sat, 06 May 2023 03:08:00 GMT",
        "Location": "https://8ab2df1c-ed88-4946-a8a9-e1bbb3e4d1fd-sdk-dc-4qb444onnk2tc.centraluseuap.devcenter.azure.com/projects/sdk-project-x2z4o4ohvwcbi/operationstatuses/cb04902e-be1a-4aef-afd4-639e7f7bbb73?monitor=true",
        "Operation-Location": "https://8ab2df1c-ed88-4946-a8a9-e1bbb3e4d1fd-sdk-dc-4qb444onnk2tc.centraluseuap.devcenter.azure.com/projects/sdk-project-x2z4o4ohvwcbi/operationstatuses/cb04902e-be1a-4aef-afd4-639e7f7bbb73",
        "Retry-After": "30",
        "Strict-Transport-Security": "max-age=15724800; includeSubDomains",
        "x-ms-client-request-id": "3811d8e5-6bec-4987-a2d1-2f80784172e1",
        "x-ms-correlation-request-id": "1a96743d-76ab-4d36-afb8-39789755875f",
        "X-Rate-Limit-Limit": "1m",
        "X-Rate-Limit-Remaining": "298",
        "X-Rate-Limit-Reset": "2023-05-06T03:09:00.3087897Z"
      },
      "ResponseBody": {
        "id": "/projects/sdk-project-x2z4o4ohvwcbi/operationStatuses/cb04902e-be1a-4aef-afd4-639e7f7bbb73",
        "name": "cb04902e-be1a-4aef-afd4-639e7f7bbb73",
        "status": "NotStarted",
        "startTime": "2023-05-06T03:08:00.6412273\u002B00:00"
      }
    },
    {
      "RequestUri": "https://8ab2df1c-ed88-4946-a8a9-e1bbb3e4d1fd-sdk-dc-4qb444onnk2tc.centraluseuap.devcenter.azure.com/projects/sdk-project-x2z4o4ohvwcbi/operationstatuses/cb04902e-be1a-4aef-afd4-639e7f7bbb73?api-version=2023-04-01",
      "RequestMethod": "GET",
      "RequestHeaders": {
        "Accept": "application/json",
        "Accept-Encoding": "gzip,deflate",
        "Authorization": "Sanitized",
        "Connection": "keep-alive",
        "User-Agent": "azsdk-js-developer-devcenter-rest/1.0.0-beta.3 core-rest-pipeline/1.10.2 Node/v18.16.0 OS/(x64-Windows_NT-10.0.22621)",
        "x-ms-client-request-id": "29937327-fe9a-4522-9b89-506d7ee8c775"
      },
      "RequestBody": null,
      "StatusCode": 200,
      "ResponseHeaders": {
        "Connection": "keep-alive",
        "Content-Length": "229",
        "Content-Type": "application/json; charset=utf-8",
        "Date": "Sat, 06 May 2023 03:08:31 GMT",
        "Location": "https://8ab2df1c-ed88-4946-a8a9-e1bbb3e4d1fd-sdk-dc-4qb444onnk2tc.centraluseuap.devcenter.azure.com/projects/sdk-project-x2z4o4ohvwcbi/operationstatuses/cb04902e-be1a-4aef-afd4-639e7f7bbb73?monitor=true",
        "Operation-Location": "https://8ab2df1c-ed88-4946-a8a9-e1bbb3e4d1fd-sdk-dc-4qb444onnk2tc.centraluseuap.devcenter.azure.com/projects/sdk-project-x2z4o4ohvwcbi/operationstatuses/cb04902e-be1a-4aef-afd4-639e7f7bbb73",
        "Retry-After": "30",
        "Strict-Transport-Security": "max-age=15724800; includeSubDomains",
        "x-ms-client-request-id": "29937327-fe9a-4522-9b89-506d7ee8c775",
        "x-ms-correlation-request-id": "78ed3851-a10b-43db-bbb9-06550bd7bc21",
        "X-Rate-Limit-Limit": "1m",
        "X-Rate-Limit-Remaining": "299",
        "X-Rate-Limit-Reset": "2023-05-06T03:09:30.9456159Z"
      },
      "ResponseBody": {
        "id": "/projects/sdk-project-x2z4o4ohvwcbi/operationStatuses/cb04902e-be1a-4aef-afd4-639e7f7bbb73",
        "name": "cb04902e-be1a-4aef-afd4-639e7f7bbb73",
        "status": "Running",
        "startTime": "2023-05-06T03:08:00.6412273\u002B00:00"
      }
    },
    {
      "RequestUri": "https://8ab2df1c-ed88-4946-a8a9-e1bbb3e4d1fd-sdk-dc-4qb444onnk2tc.centraluseuap.devcenter.azure.com/projects/sdk-project-x2z4o4ohvwcbi/operationstatuses/cb04902e-be1a-4aef-afd4-639e7f7bbb73?api-version=2023-04-01",
      "RequestMethod": "GET",
      "RequestHeaders": {
        "Accept": "application/json",
        "Accept-Encoding": "gzip,deflate",
        "Authorization": "Sanitized",
        "Connection": "keep-alive",
        "User-Agent": "azsdk-js-developer-devcenter-rest/1.0.0-beta.3 core-rest-pipeline/1.10.2 Node/v18.16.0 OS/(x64-Windows_NT-10.0.22621)",
        "x-ms-client-request-id": "4288ec7b-e8e6-4eb8-91cd-4460d40e270d"
      },
      "RequestBody": null,
      "StatusCode": 200,
      "ResponseHeaders": {
        "Connection": "keep-alive",
        "Content-Length": "229",
        "Content-Type": "application/json; charset=utf-8",
        "Date": "Sat, 06 May 2023 03:09:01 GMT",
        "Location": "https://8ab2df1c-ed88-4946-a8a9-e1bbb3e4d1fd-sdk-dc-4qb444onnk2tc.centraluseuap.devcenter.azure.com/projects/sdk-project-x2z4o4ohvwcbi/operationstatuses/cb04902e-be1a-4aef-afd4-639e7f7bbb73?monitor=true",
        "Operation-Location": "https://8ab2df1c-ed88-4946-a8a9-e1bbb3e4d1fd-sdk-dc-4qb444onnk2tc.centraluseuap.devcenter.azure.com/projects/sdk-project-x2z4o4ohvwcbi/operationstatuses/cb04902e-be1a-4aef-afd4-639e7f7bbb73",
        "Retry-After": "30",
        "Strict-Transport-Security": "max-age=15724800; includeSubDomains",
        "x-ms-client-request-id": "4288ec7b-e8e6-4eb8-91cd-4460d40e270d",
        "x-ms-correlation-request-id": "c52a0397-8f2a-4bf0-b207-cf578a5f5002",
        "X-Rate-Limit-Limit": "1m",
        "X-Rate-Limit-Remaining": "299",
        "X-Rate-Limit-Reset": "2023-05-06T03:10:01.0544179Z"
      },
      "ResponseBody": {
        "id": "/projects/sdk-project-x2z4o4ohvwcbi/operationStatuses/cb04902e-be1a-4aef-afd4-639e7f7bbb73",
        "name": "cb04902e-be1a-4aef-afd4-639e7f7bbb73",
        "status": "Running",
        "startTime": "2023-05-06T03:08:00.6412273\u002B00:00"
      }
    },
    {
      "RequestUri": "https://8ab2df1c-ed88-4946-a8a9-e1bbb3e4d1fd-sdk-dc-4qb444onnk2tc.centraluseuap.devcenter.azure.com/projects/sdk-project-x2z4o4ohvwcbi/operationstatuses/cb04902e-be1a-4aef-afd4-639e7f7bbb73?api-version=2023-04-01",
      "RequestMethod": "GET",
      "RequestHeaders": {
        "Accept": "application/json",
        "Accept-Encoding": "gzip,deflate",
        "Authorization": "Sanitized",
        "Connection": "keep-alive",
        "User-Agent": "azsdk-js-developer-devcenter-rest/1.0.0-beta.3 core-rest-pipeline/1.10.2 Node/v18.16.0 OS/(x64-Windows_NT-10.0.22621)",
        "x-ms-client-request-id": "7c22d2e8-7e42-4ee4-9a15-78e618d02384"
      },
      "RequestBody": null,
      "StatusCode": 200,
      "ResponseHeaders": {
        "Connection": "keep-alive",
        "Content-Length": "229",
        "Content-Type": "application/json; charset=utf-8",
        "Date": "Sat, 06 May 2023 03:09:31 GMT",
        "Location": "https://8ab2df1c-ed88-4946-a8a9-e1bbb3e4d1fd-sdk-dc-4qb444onnk2tc.centraluseuap.devcenter.azure.com/projects/sdk-project-x2z4o4ohvwcbi/operationstatuses/cb04902e-be1a-4aef-afd4-639e7f7bbb73?monitor=true",
        "Operation-Location": "https://8ab2df1c-ed88-4946-a8a9-e1bbb3e4d1fd-sdk-dc-4qb444onnk2tc.centraluseuap.devcenter.azure.com/projects/sdk-project-x2z4o4ohvwcbi/operationstatuses/cb04902e-be1a-4aef-afd4-639e7f7bbb73",
        "Retry-After": "30",
        "Strict-Transport-Security": "max-age=15724800; includeSubDomains",
        "x-ms-client-request-id": "7c22d2e8-7e42-4ee4-9a15-78e618d02384",
        "x-ms-correlation-request-id": "a4d9565c-a8d6-4b15-8b3c-4a983784a827",
        "X-Rate-Limit-Limit": "1m",
        "X-Rate-Limit-Remaining": "299",
        "X-Rate-Limit-Reset": "2023-05-06T03:10:31.2439271Z"
      },
      "ResponseBody": {
        "id": "/projects/sdk-project-x2z4o4ohvwcbi/operationStatuses/cb04902e-be1a-4aef-afd4-639e7f7bbb73",
        "name": "cb04902e-be1a-4aef-afd4-639e7f7bbb73",
        "status": "Running",
        "startTime": "2023-05-06T03:08:00.6412273\u002B00:00"
      }
    },
    {
      "RequestUri": "https://8ab2df1c-ed88-4946-a8a9-e1bbb3e4d1fd-sdk-dc-4qb444onnk2tc.centraluseuap.devcenter.azure.com/projects/sdk-project-x2z4o4ohvwcbi/operationstatuses/cb04902e-be1a-4aef-afd4-639e7f7bbb73?api-version=2023-04-01",
      "RequestMethod": "GET",
      "RequestHeaders": {
        "Accept": "application/json",
        "Accept-Encoding": "gzip,deflate",
        "Authorization": "Sanitized",
        "Connection": "keep-alive",
        "User-Agent": "azsdk-js-developer-devcenter-rest/1.0.0-beta.3 core-rest-pipeline/1.10.2 Node/v18.16.0 OS/(x64-Windows_NT-10.0.22621)",
        "x-ms-client-request-id": "fa1c5e4b-f9c4-4b75-8663-a30a989911bd"
      },
      "RequestBody": null,
      "StatusCode": 200,
      "ResponseHeaders": {
        "Connection": "keep-alive",
        "Content-Length": "229",
        "Content-Type": "application/json; charset=utf-8",
        "Date": "Sat, 06 May 2023 03:10:01 GMT",
        "Location": "https://8ab2df1c-ed88-4946-a8a9-e1bbb3e4d1fd-sdk-dc-4qb444onnk2tc.centraluseuap.devcenter.azure.com/projects/sdk-project-x2z4o4ohvwcbi/operationstatuses/cb04902e-be1a-4aef-afd4-639e7f7bbb73?monitor=true",
        "Operation-Location": "https://8ab2df1c-ed88-4946-a8a9-e1bbb3e4d1fd-sdk-dc-4qb444onnk2tc.centraluseuap.devcenter.azure.com/projects/sdk-project-x2z4o4ohvwcbi/operationstatuses/cb04902e-be1a-4aef-afd4-639e7f7bbb73",
        "Retry-After": "30",
        "Strict-Transport-Security": "max-age=15724800; includeSubDomains",
        "x-ms-client-request-id": "fa1c5e4b-f9c4-4b75-8663-a30a989911bd",
        "x-ms-correlation-request-id": "b6d5fbeb-70c9-441c-a575-cc3d1a6dd349",
        "X-Rate-Limit-Limit": "1m",
        "X-Rate-Limit-Remaining": "299",
        "X-Rate-Limit-Reset": "2023-05-06T03:11:01.3305440Z"
      },
      "ResponseBody": {
        "id": "/projects/sdk-project-x2z4o4ohvwcbi/operationStatuses/cb04902e-be1a-4aef-afd4-639e7f7bbb73",
        "name": "cb04902e-be1a-4aef-afd4-639e7f7bbb73",
        "status": "Running",
        "startTime": "2023-05-06T03:08:00.6412273\u002B00:00"
      }
    },
    {
      "RequestUri": "https://8ab2df1c-ed88-4946-a8a9-e1bbb3e4d1fd-sdk-dc-4qb444onnk2tc.centraluseuap.devcenter.azure.com/projects/sdk-project-x2z4o4ohvwcbi/operationstatuses/cb04902e-be1a-4aef-afd4-639e7f7bbb73?api-version=2023-04-01",
      "RequestMethod": "GET",
      "RequestHeaders": {
        "Accept": "application/json",
        "Accept-Encoding": "gzip,deflate",
        "Authorization": "Sanitized",
        "Connection": "keep-alive",
        "User-Agent": "azsdk-js-developer-devcenter-rest/1.0.0-beta.3 core-rest-pipeline/1.10.2 Node/v18.16.0 OS/(x64-Windows_NT-10.0.22621)",
        "x-ms-client-request-id": "327202bd-d3ae-4a74-aa01-5a57c77cf726"
      },
      "RequestBody": null,
      "StatusCode": 200,
      "ResponseHeaders": {
        "Connection": "keep-alive",
        "Content-Length": "229",
        "Content-Type": "application/json; charset=utf-8",
        "Date": "Sat, 06 May 2023 03:10:31 GMT",
        "Location": "https://8ab2df1c-ed88-4946-a8a9-e1bbb3e4d1fd-sdk-dc-4qb444onnk2tc.centraluseuap.devcenter.azure.com/projects/sdk-project-x2z4o4ohvwcbi/operationstatuses/cb04902e-be1a-4aef-afd4-639e7f7bbb73?monitor=true",
        "Operation-Location": "https://8ab2df1c-ed88-4946-a8a9-e1bbb3e4d1fd-sdk-dc-4qb444onnk2tc.centraluseuap.devcenter.azure.com/projects/sdk-project-x2z4o4ohvwcbi/operationstatuses/cb04902e-be1a-4aef-afd4-639e7f7bbb73",
        "Retry-After": "30",
        "Strict-Transport-Security": "max-age=15724800; includeSubDomains",
        "x-ms-client-request-id": "327202bd-d3ae-4a74-aa01-5a57c77cf726",
        "x-ms-correlation-request-id": "2e2dfdab-be97-45a2-9824-7644358de9d1",
        "X-Rate-Limit-Limit": "1m",
        "X-Rate-Limit-Remaining": "299",
        "X-Rate-Limit-Reset": "2023-05-06T03:11:31.4698301Z"
      },
      "ResponseBody": {
        "id": "/projects/sdk-project-x2z4o4ohvwcbi/operationStatuses/cb04902e-be1a-4aef-afd4-639e7f7bbb73",
        "name": "cb04902e-be1a-4aef-afd4-639e7f7bbb73",
        "status": "Running",
        "startTime": "2023-05-06T03:08:00.6412273\u002B00:00"
      }
    },
    {
      "RequestUri": "https://8ab2df1c-ed88-4946-a8a9-e1bbb3e4d1fd-sdk-dc-4qb444onnk2tc.centraluseuap.devcenter.azure.com/projects/sdk-project-x2z4o4ohvwcbi/operationstatuses/cb04902e-be1a-4aef-afd4-639e7f7bbb73?api-version=2023-04-01",
      "RequestMethod": "GET",
      "RequestHeaders": {
        "Accept": "application/json",
        "Accept-Encoding": "gzip,deflate",
        "Authorization": "Sanitized",
        "Connection": "keep-alive",
        "User-Agent": "azsdk-js-developer-devcenter-rest/1.0.0-beta.3 core-rest-pipeline/1.10.2 Node/v18.16.0 OS/(x64-Windows_NT-10.0.22621)",
        "x-ms-client-request-id": "4444326b-9672-45b9-ab6a-d285e2ad5e3a"
      },
      "RequestBody": null,
      "StatusCode": 200,
      "ResponseHeaders": {
        "Connection": "keep-alive",
        "Content-Length": "229",
        "Content-Type": "application/json; charset=utf-8",
        "Date": "Sat, 06 May 2023 03:11:01 GMT",
        "Location": "https://8ab2df1c-ed88-4946-a8a9-e1bbb3e4d1fd-sdk-dc-4qb444onnk2tc.centraluseuap.devcenter.azure.com/projects/sdk-project-x2z4o4ohvwcbi/operationstatuses/cb04902e-be1a-4aef-afd4-639e7f7bbb73?monitor=true",
        "Operation-Location": "https://8ab2df1c-ed88-4946-a8a9-e1bbb3e4d1fd-sdk-dc-4qb444onnk2tc.centraluseuap.devcenter.azure.com/projects/sdk-project-x2z4o4ohvwcbi/operationstatuses/cb04902e-be1a-4aef-afd4-639e7f7bbb73",
        "Retry-After": "30",
        "Strict-Transport-Security": "max-age=15724800; includeSubDomains",
        "x-ms-client-request-id": "4444326b-9672-45b9-ab6a-d285e2ad5e3a",
        "x-ms-correlation-request-id": "db5d7b09-fe0a-41c4-86af-13288349d029",
        "X-Rate-Limit-Limit": "1m",
        "X-Rate-Limit-Remaining": "299",
        "X-Rate-Limit-Reset": "2023-05-06T03:12:01.6139659Z"
      },
      "ResponseBody": {
        "id": "/projects/sdk-project-x2z4o4ohvwcbi/operationStatuses/cb04902e-be1a-4aef-afd4-639e7f7bbb73",
        "name": "cb04902e-be1a-4aef-afd4-639e7f7bbb73",
        "status": "Running",
        "startTime": "2023-05-06T03:08:00.6412273\u002B00:00"
      }
    },
    {
      "RequestUri": "https://8ab2df1c-ed88-4946-a8a9-e1bbb3e4d1fd-sdk-dc-4qb444onnk2tc.centraluseuap.devcenter.azure.com/projects/sdk-project-x2z4o4ohvwcbi/operationstatuses/cb04902e-be1a-4aef-afd4-639e7f7bbb73?api-version=2023-04-01",
      "RequestMethod": "GET",
      "RequestHeaders": {
        "Accept": "application/json",
        "Accept-Encoding": "gzip,deflate",
        "Authorization": "Sanitized",
        "Connection": "keep-alive",
        "User-Agent": "azsdk-js-developer-devcenter-rest/1.0.0-beta.3 core-rest-pipeline/1.10.2 Node/v18.16.0 OS/(x64-Windows_NT-10.0.22621)",
        "x-ms-client-request-id": "c89e1401-8e1b-4a9a-a098-79ca3c7d060e"
      },
      "RequestBody": null,
      "StatusCode": 200,
      "ResponseHeaders": {
        "Connection": "keep-alive",
        "Content-Length": "229",
        "Content-Type": "application/json; charset=utf-8",
        "Date": "Sat, 06 May 2023 03:11:32 GMT",
        "Location": "https://8ab2df1c-ed88-4946-a8a9-e1bbb3e4d1fd-sdk-dc-4qb444onnk2tc.centraluseuap.devcenter.azure.com/projects/sdk-project-x2z4o4ohvwcbi/operationstatuses/cb04902e-be1a-4aef-afd4-639e7f7bbb73?monitor=true",
        "Operation-Location": "https://8ab2df1c-ed88-4946-a8a9-e1bbb3e4d1fd-sdk-dc-4qb444onnk2tc.centraluseuap.devcenter.azure.com/projects/sdk-project-x2z4o4ohvwcbi/operationstatuses/cb04902e-be1a-4aef-afd4-639e7f7bbb73",
        "Retry-After": "30",
        "Strict-Transport-Security": "max-age=15724800; includeSubDomains",
        "x-ms-client-request-id": "c89e1401-8e1b-4a9a-a098-79ca3c7d060e",
        "x-ms-correlation-request-id": "a88f5568-849e-472e-89c7-ea0c707a35e9",
        "X-Rate-Limit-Limit": "1m",
        "X-Rate-Limit-Remaining": "299",
        "X-Rate-Limit-Reset": "2023-05-06T03:12:31.8618696Z"
      },
      "ResponseBody": {
        "id": "/projects/sdk-project-x2z4o4ohvwcbi/operationStatuses/cb04902e-be1a-4aef-afd4-639e7f7bbb73",
        "name": "cb04902e-be1a-4aef-afd4-639e7f7bbb73",
        "status": "Running",
        "startTime": "2023-05-06T03:08:00.6412273\u002B00:00"
      }
    },
    {
      "RequestUri": "https://8ab2df1c-ed88-4946-a8a9-e1bbb3e4d1fd-sdk-dc-4qb444onnk2tc.centraluseuap.devcenter.azure.com/projects/sdk-project-x2z4o4ohvwcbi/operationstatuses/cb04902e-be1a-4aef-afd4-639e7f7bbb73?api-version=2023-04-01",
      "RequestMethod": "GET",
      "RequestHeaders": {
        "Accept": "application/json",
        "Accept-Encoding": "gzip,deflate",
        "Authorization": "Sanitized",
        "Connection": "keep-alive",
        "User-Agent": "azsdk-js-developer-devcenter-rest/1.0.0-beta.3 core-rest-pipeline/1.10.2 Node/v18.16.0 OS/(x64-Windows_NT-10.0.22621)",
        "x-ms-client-request-id": "56bfad02-3c38-4d81-b8de-ffc6d4fdc5b5"
      },
      "RequestBody": null,
      "StatusCode": 200,
      "ResponseHeaders": {
        "Connection": "keep-alive",
        "Content-Length": "229",
        "Content-Type": "application/json; charset=utf-8",
        "Date": "Sat, 06 May 2023 03:12:02 GMT",
        "Location": "https://8ab2df1c-ed88-4946-a8a9-e1bbb3e4d1fd-sdk-dc-4qb444onnk2tc.centraluseuap.devcenter.azure.com/projects/sdk-project-x2z4o4ohvwcbi/operationstatuses/cb04902e-be1a-4aef-afd4-639e7f7bbb73?monitor=true",
        "Operation-Location": "https://8ab2df1c-ed88-4946-a8a9-e1bbb3e4d1fd-sdk-dc-4qb444onnk2tc.centraluseuap.devcenter.azure.com/projects/sdk-project-x2z4o4ohvwcbi/operationstatuses/cb04902e-be1a-4aef-afd4-639e7f7bbb73",
        "Retry-After": "30",
        "Strict-Transport-Security": "max-age=15724800; includeSubDomains",
        "x-ms-client-request-id": "56bfad02-3c38-4d81-b8de-ffc6d4fdc5b5",
        "x-ms-correlation-request-id": "74fcc58e-6f08-404e-a18a-cd3ddb5192e4",
        "X-Rate-Limit-Limit": "1m",
        "X-Rate-Limit-Remaining": "299",
        "X-Rate-Limit-Reset": "2023-05-06T03:13:02.1295245Z"
      },
      "ResponseBody": {
        "id": "/projects/sdk-project-x2z4o4ohvwcbi/operationStatuses/cb04902e-be1a-4aef-afd4-639e7f7bbb73",
        "name": "cb04902e-be1a-4aef-afd4-639e7f7bbb73",
        "status": "Running",
        "startTime": "2023-05-06T03:08:00.6412273\u002B00:00"
      }
    },
    {
      "RequestUri": "https://8ab2df1c-ed88-4946-a8a9-e1bbb3e4d1fd-sdk-dc-4qb444onnk2tc.centraluseuap.devcenter.azure.com/projects/sdk-project-x2z4o4ohvwcbi/operationstatuses/cb04902e-be1a-4aef-afd4-639e7f7bbb73?api-version=2023-04-01",
      "RequestMethod": "GET",
      "RequestHeaders": {
        "Accept": "application/json",
        "Accept-Encoding": "gzip,deflate",
        "Authorization": "Sanitized",
        "Connection": "keep-alive",
        "User-Agent": "azsdk-js-developer-devcenter-rest/1.0.0-beta.3 core-rest-pipeline/1.10.2 Node/v18.16.0 OS/(x64-Windows_NT-10.0.22621)",
        "x-ms-client-request-id": "c8f20519-e81b-41a5-a7d0-15dd11e8ae80"
      },
      "RequestBody": null,
      "StatusCode": 200,
      "ResponseHeaders": {
        "Connection": "keep-alive",
        "Content-Length": "229",
        "Content-Type": "application/json; charset=utf-8",
        "Date": "Sat, 06 May 2023 03:12:32 GMT",
        "Location": "https://8ab2df1c-ed88-4946-a8a9-e1bbb3e4d1fd-sdk-dc-4qb444onnk2tc.centraluseuap.devcenter.azure.com/projects/sdk-project-x2z4o4ohvwcbi/operationstatuses/cb04902e-be1a-4aef-afd4-639e7f7bbb73?monitor=true",
        "Operation-Location": "https://8ab2df1c-ed88-4946-a8a9-e1bbb3e4d1fd-sdk-dc-4qb444onnk2tc.centraluseuap.devcenter.azure.com/projects/sdk-project-x2z4o4ohvwcbi/operationstatuses/cb04902e-be1a-4aef-afd4-639e7f7bbb73",
        "Retry-After": "30",
        "Strict-Transport-Security": "max-age=15724800; includeSubDomains",
        "x-ms-client-request-id": "c8f20519-e81b-41a5-a7d0-15dd11e8ae80",
        "x-ms-correlation-request-id": "6f16dc81-bccc-4c09-9426-8ddea6db8772",
        "X-Rate-Limit-Limit": "1m",
        "X-Rate-Limit-Remaining": "299",
        "X-Rate-Limit-Reset": "2023-05-06T03:13:32.3950859Z"
      },
      "ResponseBody": {
        "id": "/projects/sdk-project-x2z4o4ohvwcbi/operationStatuses/cb04902e-be1a-4aef-afd4-639e7f7bbb73",
        "name": "cb04902e-be1a-4aef-afd4-639e7f7bbb73",
        "status": "Running",
        "startTime": "2023-05-06T03:08:00.6412273\u002B00:00"
      }
    },
    {
      "RequestUri": "https://8ab2df1c-ed88-4946-a8a9-e1bbb3e4d1fd-sdk-dc-4qb444onnk2tc.centraluseuap.devcenter.azure.com/projects/sdk-project-x2z4o4ohvwcbi/operationstatuses/cb04902e-be1a-4aef-afd4-639e7f7bbb73?api-version=2023-04-01",
      "RequestMethod": "GET",
      "RequestHeaders": {
        "Accept": "application/json",
        "Accept-Encoding": "gzip,deflate",
        "Authorization": "Sanitized",
        "Connection": "keep-alive",
        "User-Agent": "azsdk-js-developer-devcenter-rest/1.0.0-beta.3 core-rest-pipeline/1.10.2 Node/v18.16.0 OS/(x64-Windows_NT-10.0.22621)",
        "x-ms-client-request-id": "2d67610e-870f-4cfa-a09e-67af26e0a30e"
      },
      "RequestBody": null,
      "StatusCode": 200,
      "ResponseHeaders": {
        "Connection": "keep-alive",
        "Content-Encoding": "gzip",
        "Content-Type": "application/json; charset=utf-8",
        "Date": "Sat, 06 May 2023 03:13:02 GMT",
        "Location": "https://8ab2df1c-ed88-4946-a8a9-e1bbb3e4d1fd-sdk-dc-4qb444onnk2tc.centraluseuap.devcenter.azure.com/projects/sdk-project-x2z4o4ohvwcbi/operationstatuses/cb04902e-be1a-4aef-afd4-639e7f7bbb73?monitor=true",
        "Operation-Location": "https://8ab2df1c-ed88-4946-a8a9-e1bbb3e4d1fd-sdk-dc-4qb444onnk2tc.centraluseuap.devcenter.azure.com/projects/sdk-project-x2z4o4ohvwcbi/operationstatuses/cb04902e-be1a-4aef-afd4-639e7f7bbb73",
        "Retry-After": "30",
        "Strict-Transport-Security": "max-age=15724800; includeSubDomains",
        "Transfer-Encoding": "chunked",
        "x-ms-client-request-id": "2d67610e-870f-4cfa-a09e-67af26e0a30e",
        "x-ms-correlation-request-id": "83437b22-85a1-4c35-8004-f1c938673987",
        "X-Rate-Limit-Limit": "1m",
        "X-Rate-Limit-Remaining": "299",
        "X-Rate-Limit-Reset": "2023-05-06T03:14:02.6301146Z"
      },
      "ResponseBody": {
        "id": "/projects/sdk-project-x2z4o4ohvwcbi/operationStatuses/cb04902e-be1a-4aef-afd4-639e7f7bbb73",
        "name": "cb04902e-be1a-4aef-afd4-639e7f7bbb73",
        "status": "Succeeded",
        "startTime": "2023-05-06T03:08:00.6412273\u002B00:00",
        "endTime": "2023-05-06T03:12:41.200667\u002B00:00"
      }
    }
  ],
  "Variables": {}
}
