{
  "Entries": [
    {
      "RequestUri": "https://myregistry.azurecr.io/acr/v1/library%2Fhello-world/_manifests?api-version=2021-07-01",
      "RequestMethod": "GET",
      "RequestHeaders": {
        "Accept": "application/json",
        "Accept-Encoding": "gzip,deflate",
        "Connection": "keep-alive",
        "User-Agent": "azsdk-js-container-registry/1.1.0-beta.1 core-rest-pipeline/1.10.2 Node/v16.15.1 OS/(x64-Linux-5.10.102.1-microsoft-standard-WSL2)",
        "x-ms-client-request-id": "2b9563c4-f418-44d7-9433-5b8c57fa1f09"
      },
      "RequestBody": null,
      "StatusCode": 401,
      "ResponseHeaders": {
        "Access-Control-Expose-Headers": [
          "Docker-Content-Digest",
          "WWW-Authenticate",
          "Link",
          "X-Ms-Correlation-Request-Id"
        ],
        "Connection": "keep-alive",
        "Content-Length": "222",
        "Content-Type": "application/json; charset=utf-8",
        "Date": "Sun, 22 Jan 2023 03:11:42 GMT",
        "Docker-Distribution-Api-Version": "registry/2.0",
        "Server": "openresty",
        "Strict-Transport-Security": [
          "max-age=31536000; includeSubDomains",
          "max-age=31536000; includeSubDomains"
        ],
        "WWW-Authenticate": "Bearer realm=\u0022https://myregistry.azurecr.io/oauth2/token\u0022,service=\u0022timovcontainerregistry.azurecr.io\u0022,scope=\u0022repository:library/hello-world:metadata_read\u0022",
        "X-Content-Type-Options": "nosniff",
        "X-Ms-Correlation-Request-Id": "99337e42-eed7-41c9-aa45-287b65dbafbf"
      },
      "ResponseBody": {
        "errors": [
          {
            "code": "UNAUTHORIZED",
            "message": "authentication required, visit https://aka.ms/acr/authorization for more information.",
            "detail": [
              {
                "Type": "repository",
                "Name": "library/hello-world",
                "Action": "metadata_read"
              }
            ]
          }
        ]
      }
    },
    {
      "RequestUri": "https://myregistry.azurecr.io/oauth2/exchange?api-version=2021-07-01",
      "RequestMethod": "POST",
      "RequestHeaders": {
        "Accept": "application/json",
        "Accept-Encoding": "gzip,deflate",
        "Connection": "keep-alive",
        "Content-Length": "96",
        "Content-Type": "application/x-www-form-urlencoded",
        "User-Agent": "azsdk-js-container-registry/1.1.0-beta.1 core-rest-pipeline/1.10.2 Node/v16.15.1 OS/(x64-Linux-5.10.102.1-microsoft-standard-WSL2)",
        "x-ms-client-request-id": "d8fb9b8b-b7cd-4524-9357-eb54b8b9a720"
      },
      "RequestBody": "grant_type=access_token\u0026service=timovcontainerregistry.azurecr.io\u0026access_token=SecretPlaceholder",
      "StatusCode": 200,
      "ResponseHeaders": {
        "Connection": "keep-alive",
        "Content-Type": "application/json; charset=utf-8",
        "Date": "Sun, 22 Jan 2023 03:11:43 GMT",
        "Server": "openresty",
        "Strict-Transport-Security": "max-age=31536000; includeSubDomains",
        "Transfer-Encoding": "chunked",
        "X-Ms-Correlation-Request-Id": "3f184b5a-b2b2-4a20-a269-c09f3593b6cd",
        "x-ms-ratelimit-remaining-calls-per-second": "166.233333"
      },
      "ResponseBody": {
        "refresh_token": "sanitized.eyJleHAiOjg2NDAwMDAwMDAwMDB9.sanitized"
      }
    },
    {
      "RequestUri": "https://myregistry.azurecr.io/oauth2/token?api-version=2021-07-01",
      "RequestMethod": "POST",
      "RequestHeaders": {
        "Accept": "application/json",
        "Accept-Encoding": "gzip,deflate",
        "Connection": "keep-alive",
        "Content-Length": "186",
        "Content-Type": "application/x-www-form-urlencoded",
        "User-Agent": "azsdk-js-container-registry/1.1.0-beta.1 core-rest-pipeline/1.10.2 Node/v16.15.1 OS/(x64-Linux-5.10.102.1-microsoft-standard-WSL2)",
        "x-ms-client-request-id": "4ea75739-06f1-489b-b9c2-81e9cb7864fd"
      },
      "RequestBody": "service=timovcontainerregistry.azurecr.io\u0026scope=repository%3Alibrary%2Fhello-world%3Ametadata_read\u0026refresh_token=sanitized.eyJleHAiOjg2NDAwMDAwMDAwMDB9.sanitized\u0026grant_type=refresh_token",
      "StatusCode": 200,
      "ResponseHeaders": {
        "Connection": "keep-alive",
        "Content-Type": "application/json; charset=utf-8",
        "Date": "Sun, 22 Jan 2023 03:11:43 GMT",
        "Server": "openresty",
        "Strict-Transport-Security": "max-age=31536000; includeSubDomains",
        "Transfer-Encoding": "chunked",
        "X-Ms-Correlation-Request-Id": "e0050cfd-711e-4b16-8d7f-af8647dd64f0",
        "x-ms-ratelimit-remaining-calls-per-second": "166.216667"
      },
      "ResponseBody": {
        "access_token": "Sanitized"
      }
    },
    {
      "RequestUri": "https://myregistry.azurecr.io/acr/v1/library%2Fhello-world/_manifests?api-version=2021-07-01",
      "RequestMethod": "GET",
      "RequestHeaders": {
        "Accept": "application/json",
        "Accept-Encoding": "gzip,deflate",
        "Authorization": "Sanitized",
        "Connection": "keep-alive",
        "User-Agent": "azsdk-js-container-registry/1.1.0-beta.1 core-rest-pipeline/1.10.2 Node/v16.15.1 OS/(x64-Linux-5.10.102.1-microsoft-standard-WSL2)",
        "x-ms-client-request-id": "2b9563c4-f418-44d7-9433-5b8c57fa1f09"
      },
      "RequestBody": null,
      "StatusCode": 200,
      "ResponseHeaders": {
        "Access-Control-Expose-Headers": [
          "Docker-Content-Digest",
          "WWW-Authenticate",
          "Link",
          "X-Ms-Correlation-Request-Id"
        ],
        "Connection": "keep-alive",
        "Content-Type": "application/json; charset=utf-8",
        "Date": "Sun, 22 Jan 2023 03:11:43 GMT",
        "Docker-Distribution-Api-Version": "registry/2.0",
        "Server": "openresty",
        "Strict-Transport-Security": [
          "max-age=31536000; includeSubDomains",
          "max-age=31536000; includeSubDomains"
        ],
        "Transfer-Encoding": "chunked",
        "X-Content-Type-Options": "nosniff",
        "X-Ms-Correlation-Request-Id": "48e91855-c7d9-4c41-b0ea-7a7bd8b6bb30"
      },
      "ResponseBody": {
        "registry": "timovcontainerregistry.azurecr.io",
        "imageName": "library/hello-world",
        "manifests": [
          {
            "digest": "sha256:40d0cfd0861719208ff9f7747ab3f97844eeca509df705db44a736df863b76af",
            "imageSize": 5001,
            "createdTime": "2023-01-20T01:01:21.2255041Z",
            "lastUpdateTime": "2023-01-20T01:01:21.2255041Z",
            "architecture": "arm",
            "os": "linux",
            "mediaType": "application/vnd.docker.distribution.manifest.v2\u002Bjson",
            "changeableAttributes": {
              "deleteEnabled": true,
              "writeEnabled": true,
              "readEnabled": true,
              "listEnabled": true
            }
          },
          {
            "digest": "sha256:432f982638b3aefab73cc58ab28f5c16e96fdb504e8c134fc58dff4bae8bf338",
            "imageSize": 5218,
            "createdTime": "2023-01-20T01:01:21.3262689Z",
            "lastUpdateTime": "2023-01-20T01:01:21.3262689Z",
            "architecture": "arm64",
            "os": "linux",
            "mediaType": "application/vnd.docker.distribution.manifest.v2\u002Bjson",
            "changeableAttributes": {
              "deleteEnabled": true,
              "writeEnabled": true,
              "readEnabled": true,
              "listEnabled": true
            }
          },
          {
            "digest": "sha256:7b8b7289d0536a08eabdf71c20246e23f7116641db7e1d278592236ea4dcb30c",
            "imageSize": 5691,
            "createdTime": "2023-01-20T01:01:21.0080021Z",
            "lastUpdateTime": "2023-01-20T01:01:21.0080021Z",
            "architecture": "arm",
            "os": "linux",
            "mediaType": "application/vnd.docker.distribution.manifest.v2\u002Bjson",
            "changeableAttributes": {
              "deleteEnabled": true,
              "writeEnabled": true,
              "readEnabled": true,
              "listEnabled": true
            }
          },
          {
            "digest": "sha256:85cb8a21bf48b235130639896249c369832588da34f8ae8c7f3995aa824be7d5",
            "imageSize": 122105243,
            "createdTime": "2023-01-20T01:01:28.3667238Z",
            "lastUpdateTime": "2023-01-20T01:01:28.3667238Z",
            "architecture": "amd64",
            "os": "windows",
            "mediaType": "application/vnd.docker.distribution.manifest.v2\u002Bjson",
            "changeableAttributes": {
              "deleteEnabled": true,
              "writeEnabled": true,
              "readEnabled": true,
              "listEnabled": true
            }
          },
          {
            "digest": "sha256:87b9ca29151260634b95efb84d43b05335dc3ed36cc132e2b920dd1955342d20",
            "imageSize": 106671756,
            "createdTime": "2023-01-20T01:01:27.3337015Z",
            "lastUpdateTime": "2023-01-20T01:01:27.3337015Z",
            "architecture": "amd64",
            "os": "windows",
            "mediaType": "application/vnd.docker.distribution.manifest.v2\u002Bjson",
            "changeableAttributes": {
              "deleteEnabled": true,
              "writeEnabled": true,
              "readEnabled": true,
              "listEnabled": true
            }
          },
          {
            "digest": "sha256:98c9722322be649df94780d3fbe594fce7996234b259f27eac9428b84050c849",
            "imageSize": 4996,
            "createdTime": "2023-01-20T01:01:21.6930739Z",
            "lastUpdateTime": "2023-01-20T01:01:21.6930739Z",
            "architecture": "riscv64",
            "os": "linux",
            "mediaType": "application/vnd.docker.distribution.manifest.v2\u002Bjson",
            "changeableAttributes": {
              "deleteEnabled": true,
              "writeEnabled": true,
              "readEnabled": true,
              "listEnabled": true
            }
          },
          {
            "digest": "sha256:995efde2e81b21d1ea7066aa77a59298a62a9e9fbb4b77f36c189774ec9b1089",
            "imageSize": 4729,
            "createdTime": "2023-01-20T01:01:21.6106873Z",
            "lastUpdateTime": "2023-01-20T01:01:21.6106873Z",
            "architecture": "386",
            "os": "linux",
            "mediaType": "application/vnd.docker.distribution.manifest.v2\u002Bjson",
            "changeableAttributes": {
              "deleteEnabled": true,
              "writeEnabled": true,
              "readEnabled": true,
              "listEnabled": true
            }
          },
          {
            "digest": "sha256:aa0cc8055b82dc2509bed2e19b275c8f463506616377219d9642221ab53cf9fe",
            "imageSize": 228826953,
            "createdTime": "2023-01-20T01:01:20.4824747Z",
            "lastUpdateTime": "2023-01-20T01:01:20.4824747Z",
            "mediaType": "application/vnd.docker.distribution.manifest.list.v2\u002Bjson",
            "tags": [
              "test-delete",
              "test1"
            ],
            "changeableAttributes": {
              "deleteEnabled": true,
              "writeEnabled": true,
              "readEnabled": true,
              "listEnabled": true
            }
          },
          {
            "digest": "sha256:b836bb24a270b9cc935962d8228517fde0f16990e88893d935efcb1b14c0017a",
            "imageSize": 5925,
            "createdTime": "2023-01-20T01:01:21.4709666Z",
            "lastUpdateTime": "2023-01-20T01:01:21.4709666Z",
            "architecture": "ppc64le",
            "os": "linux",
            "mediaType": "application/vnd.docker.distribution.manifest.v2\u002Bjson",
            "changeableAttributes": {
              "deleteEnabled": true,
              "writeEnabled": true,
              "readEnabled": true,
              "listEnabled": true
            }
          },
          {
            "digest": "sha256:c7b6944911848ce39b44ed660d95fb54d69bbd531de724c7ce6fc9f743c0b861",
            "imageSize": 5270,
            "createdTime": "2023-01-20T01:01:21.9144854Z",
            "lastUpdateTime": "2023-01-20T01:01:21.9144854Z",
            "architecture": "s390x",
            "os": "linux",
            "mediaType": "application/vnd.docker.distribution.manifest.v2\u002Bjson",
            "changeableAttributes": {
              "deleteEnabled": true,
              "writeEnabled": true,
              "readEnabled": true,
              "listEnabled": true
            }
          },
          {
            "digest": "sha256:eb11b1a194ff8e236a01eff392c4e1296a53b0fb4780d8b0382f7996a15d5392",
            "imageSize": 6090,
            "createdTime": "2023-01-20T01:01:22.8599665Z",
            "lastUpdateTime": "2023-01-20T01:01:22.8599665Z",
            "architecture": "mips64le",
            "os": "linux",
            "mediaType": "application/vnd.docker.distribution.manifest.v2\u002Bjson",
            "changeableAttributes": {
              "deleteEnabled": true,
              "writeEnabled": true,
              "readEnabled": true,
              "listEnabled": true
            }
          },
          {
            "digest": "sha256:f54a58bc1aac5ea1a25d796ae155dc228b3f0e11d046ae276b39c4bf2f13d8c4",
            "imageSize": 4473,
            "createdTime": "2023-01-20T01:01:21.3910275Z",
            "lastUpdateTime": "2023-01-20T01:01:21.3910275Z",
            "architecture": "amd64",
            "os": "linux",
            "mediaType": "application/vnd.docker.distribution.manifest.v2\u002Bjson",
            "changeableAttributes": {
              "deleteEnabled": true,
              "writeEnabled": true,
              "readEnabled": true,
              "listEnabled": true
            }
          }
        ]
      }
    }
  ],
  "Variables": {}
}
