{
  "Entries": [
    {
      "RequestUri": "https://fakeaccountname.table.core.windows.net/RegionalFailovernode?st=2021-08-03T08:52:15Z\u0026spr=https\u0026sig=fakesigval",
      "RequestMethod": "POST",
      "RequestHeaders": {
        "Accept": "application/json;odata=minimalmetadata",
        "Accept-Encoding": "gzip,deflate",
        "Content-Length": "49",
        "Content-Type": "application/json;odata=nometadata",
        "DataServiceVersion": "3.0",
        "Prefer": "return-no-content",
        "User-Agent": "azsdk-js-data-tables/13.1.2 core-rest-pipeline/1.10.0 Node/v16.14.2 OS/(x64-Linux-5.4.0-1090-azure)",
        "x-ms-client-request-id": "ba483328-8b74-4dff-a7ea-b8785107d48c",
        "x-ms-version": "2019-02-02"
      },
      "RequestBody": {
        "PartitionKey": "p1",
        "RowKey": "r1",
        "data": "data"
      },
      "StatusCode": 204,
      "ResponseHeaders": {
        "Cache-Control": "no-cache",
        "Content-Length": "0",
        "DataServiceId": "https://fakeaccountname.table.core.windows.net/RegionalFailovernode(PartitionKey=\u0027p1\u0027,RowKey=\u0027r1\u0027)",
        "Date": "Mon, 03 Oct 2022 20:52:13 GMT",
        "ETag": "W/\u0022datetime\u00272022-10-03T20%3A52%3A14.35282Z\u0027\u0022",
        "Location": "https://fakeaccountname.table.core.windows.net/RegionalFailovernode(PartitionKey=\u0027p1\u0027,RowKey=\u0027r1\u0027)",
        "Preference-Applied": "return-no-content",
        "Server": [
          "Windows-Azure-Table/1.0",
          "Microsoft-HTTPAPI/2.0"
        ],
        "X-Content-Type-Options": "nosniff",
        "x-ms-client-request-id": "ba483328-8b74-4dff-a7ea-b8785107d48c",
        "x-ms-request-id": "7de97107-9002-005c-516a-d7cfd9000000",
        "x-ms-version": "2019-02-02"
      },
      "ResponseBody": null
    },
    {
      "RequestUri": "https://fakeaccountname.table.core.windows.net/RegionalFailovernode(PartitionKey=\u0027p1\u0027,RowKey=\u0027r1\u0027)?st=2021-08-03T08:52:15Z\u0026spr=https\u0026sig=fakesigval",
      "RequestMethod": "GET",
      "RequestHeaders": {
        "Accept": "application/json;odata=minimalmetadata",
        "Accept-Encoding": "gzip,deflate",
        "DataServiceVersion": "3.0",
        "User-Agent": "azsdk-js-data-tables/13.1.2 core-rest-pipeline/1.10.0 Node/v16.14.2 OS/(x64-Linux-5.4.0-1090-azure)",
        "x-ms-client-request-id": "b68530f8-9f7b-41a4-94d8-c124c825c618",
        "x-ms-version": "2019-02-02"
      },
      "RequestBody": null,
      "StatusCode": 200,
      "ResponseHeaders": {
        "Cache-Control": "no-cache",
        "Content-Type": "application/json; odata=minimalmetadata; streaming=true; charset=utf-8",
        "Date": "Mon, 03 Oct 2022 20:52:13 GMT",
        "ETag": "W/\u0022datetime\u00272022-10-03T20%3A52%3A14.35282Z\u0027\u0022",
        "Server": [
          "Windows-Azure-Table/1.0",
          "Microsoft-HTTPAPI/2.0"
        ],
        "Transfer-Encoding": "chunked",
        "X-Content-Type-Options": "nosniff",
        "x-ms-client-request-id": "b68530f8-9f7b-41a4-94d8-c124c825c618",
        "x-ms-request-id": "7de9710b-9002-005c-536a-d7cfd9000000",
        "x-ms-version": "2019-02-02"
      },
      "ResponseBody": {
        "odata.metadata": "https://fakeaccountname.table.core.windows.net/$metadata#RegionalFailovernode/@Element",
        "odata.etag": "W/\u0022datetime\u00272022-10-03T20%3A52%3A14.35282Z\u0027\u0022",
        "PartitionKey": "p1",
        "RowKey": "r1",
        "Timestamp": "2022-10-03T20:52:14.35282Z",
        "data": "data"
      }
    },
    {
      "RequestUri": "https://fakeaccountname.table.core.windows.net/RegionalFailovernode(PartitionKey=\u0027p1\u0027,RowKey=\u0027r1\u0027)?st=2021-08-03T08:52:15Z\u0026spr=https\u0026sig=fakesigval",
      "RequestMethod": "DELETE",
      "RequestHeaders": {
        "Accept": "application/json;odata=minimalmetadata",
        "Accept-Encoding": "gzip,deflate",
        "DataServiceVersion": "3.0",
        "If-Match": "*",
        "User-Agent": "azsdk-js-data-tables/13.1.2 core-rest-pipeline/1.10.0 Node/v16.14.2 OS/(x64-Linux-5.4.0-1090-azure)",
        "x-ms-client-request-id": "4d874fcd-4f18-4220-b997-7ddddcad9625",
        "x-ms-version": "2019-02-02"
      },
      "RequestBody": null,
      "StatusCode": 204,
      "ResponseHeaders": {
        "Cache-Control": "no-cache",
        "Content-Length": "0",
        "Date": "Mon, 03 Oct 2022 20:52:13 GMT",
        "Server": [
          "Windows-Azure-Table/1.0",
          "Microsoft-HTTPAPI/2.0"
        ],
        "X-Content-Type-Options": "nosniff",
        "x-ms-client-request-id": "4d874fcd-4f18-4220-b997-7ddddcad9625",
        "x-ms-request-id": "7de9710c-9002-005c-546a-d7cfd9000000",
        "x-ms-version": "2019-02-02"
      },
      "ResponseBody": null
    }
  ],
  "Variables": {}
}
