{
  "Entries": [
    {
      "RequestUri": "https://endpoint/topics/testtopic1/eventsubscriptions/testsubscription1:receive?api-version=2023-10-01-preview",
      "RequestMethod": "POST",
      "RequestHeaders": {
        "Accept": "application/json",
        "Accept-Encoding": "gzip, deflate, br",
        "Accept-Language": "en-US",
        "Authorization": "Sanitized",
        "Connection": "keep-alive",
        "Content-Length": "0",
        "Referer": "http://localhost:9876/",
        "sec-ch-ua": "",
        "sec-ch-ua-mobile": "?0",
        "sec-ch-ua-platform": "\u0022\u0022",
        "Sec-Fetch-Dest": "empty",
        "Sec-Fetch-Mode": "cors",
        "Sec-Fetch-Site": "same-site",
        "User-Agent": "Mozilla/5.0 (Windows NT 10.0; Win64; x64) AppleWebKit/537.36 (KHTML, like Gecko) HeadlessChrome/112.0.5614.0 Safari/537.36",
        "x-ms-client-request-id": "b1180b57-c5b1-4462-9636-1daceb3914d5",
        "x-ms-useragent": "azsdk-js-eventgrid-rest/4.13.0-beta.2 core-rest-pipeline/1.11.1 OS"
      },
      "RequestBody": null,
      "StatusCode": 200,
      "ResponseHeaders": {
        "Content-Length": "12",
        "Content-Type": "application/json; charset=utf-8",
        "Date": "Tue, 07 Nov 2023 01:22:08 GMT"
      },
      "ResponseBody": {
        "value": []
      }
    },
    {
      "RequestUri": "https://endpoint/topics/testtopic1:publish?api-version=2023-10-01-preview",
      "RequestMethod": "POST",
      "RequestHeaders": {
        "Accept": "application/json",
        "Accept-Encoding": "gzip, deflate, br",
        "Accept-Language": "en-US",
        "Authorization": "Sanitized",
        "Connection": "keep-alive",
        "Content-Length": "241",
        "Content-Type": "application/cloudevents\u002Bjson; charset=utf-8",
        "Referer": "http://localhost:9876/",
        "sec-ch-ua": "",
        "sec-ch-ua-mobile": "?0",
        "sec-ch-ua-platform": "\u0022\u0022",
        "Sec-Fetch-Dest": "empty",
        "Sec-Fetch-Mode": "cors",
        "Sec-Fetch-Site": "same-site",
        "User-Agent": "Mozilla/5.0 (Windows NT 10.0; Win64; x64) AppleWebKit/537.36 (KHTML, like Gecko) HeadlessChrome/112.0.5614.0 Safari/537.36",
        "x-ms-client-request-id": "bb6bcc9e-8f39-4ba6-a228-cba0d6340bb3",
        "x-ms-useragent": "azsdk-js-eventgrid-rest/4.13.0-beta.2 core-rest-pipeline/1.11.1 OS"
      },
      "RequestBody": {
        "id": "singleEventIdV210005",
        "source": "https://example.com",
        "data": {
          "resourceUri": "https://dummyurl.com"
        },
        "type": "example",
        "time": "2023-11-07T01:22:08.000Z",
        "specversion": "1.0",
        "datacontenttype": "application/cloudevents\u002Bjson; charset=utf-8"
      },
      "StatusCode": 200,
      "ResponseHeaders": {
        "Content-Length": "2",
        "Content-Type": "application/json",
        "Date": "Tue, 07 Nov 2023 01:22:08 GMT"
      },
      "ResponseBody": {}
    },
    {
      "RequestUri": "https://endpoint/topics/testtopic1/eventsubscriptions/testsubscription1:receive?api-version=2023-10-01-preview",
      "RequestMethod": "POST",
      "RequestHeaders": {
        "Accept": "application/json",
        "Accept-Encoding": "gzip, deflate, br",
        "Accept-Language": "en-US",
        "Authorization": "Sanitized",
        "Connection": "keep-alive",
        "Content-Length": "0",
        "Referer": "http://localhost:9876/",
        "sec-ch-ua": "",
        "sec-ch-ua-mobile": "?0",
        "sec-ch-ua-platform": "\u0022\u0022",
        "Sec-Fetch-Dest": "empty",
        "Sec-Fetch-Mode": "cors",
        "Sec-Fetch-Site": "same-site",
        "User-Agent": "Mozilla/5.0 (Windows NT 10.0; Win64; x64) AppleWebKit/537.36 (KHTML, like Gecko) HeadlessChrome/112.0.5614.0 Safari/537.36",
        "x-ms-client-request-id": "76def158-cbb6-4a5a-a17a-6cc4bb8db08c",
        "x-ms-useragent": "azsdk-js-eventgrid-rest/4.13.0-beta.2 core-rest-pipeline/1.11.1 OS"
      },
      "RequestBody": null,
      "StatusCode": 200,
      "ResponseHeaders": {
        "Content-Length": "393",
        "Content-Type": "application/json; charset=utf-8",
        "Date": "Tue, 07 Nov 2023 01:22:08 GMT"
      },
      "ResponseBody": {
        "value": [
          {
            "brokerProperties": {
              "lockToken": "CiYKJEVEMjNGRjVGLUU0MDktNEE5Ni04NDYwLUYyMTA2M0NFNDg4NxISChCQ\u002BGkjZ3ZETrafqXPVytfw",
              "deliveryCount": 1
            },
            "event": {
              "type": "example",
              "source": "https://example.com",
              "time": "2023-11-07T01:22:08Z",
              "id": "singleEventIdV210005",
              "datacontenttype": "application/cloudevents\u002Bjson; charset=utf-8",
              "specversion": "1.0",
              "data": {
                "resourceUri": "https://dummyurl.com"
              }
            }
          }
        ]
      }
    },
    {
      "RequestUri": "https://endpoint/topics/testtopic1/eventsubscriptions/testsubscription1:reject?api-version=2023-10-01-preview",
      "RequestMethod": "POST",
      "RequestHeaders": {
        "Accept": "application/json",
        "Accept-Encoding": "gzip, deflate, br",
        "Accept-Language": "en-US",
        "Authorization": "Sanitized",
        "Connection": "keep-alive",
        "Content-Length": "99",
        "Content-Type": "application/json; charset=UTF-8",
        "Referer": "http://localhost:9876/",
        "sec-ch-ua": "",
        "sec-ch-ua-mobile": "?0",
        "sec-ch-ua-platform": "\u0022\u0022",
        "Sec-Fetch-Dest": "empty",
        "Sec-Fetch-Mode": "cors",
        "Sec-Fetch-Site": "same-site",
        "User-Agent": "Mozilla/5.0 (Windows NT 10.0; Win64; x64) AppleWebKit/537.36 (KHTML, like Gecko) HeadlessChrome/112.0.5614.0 Safari/537.36",
        "x-ms-client-request-id": "56c5f67e-dee4-4f3d-8ee2-95036161eb94",
        "x-ms-useragent": "azsdk-js-eventgrid-rest/4.13.0-beta.2 core-rest-pipeline/1.11.1 OS"
      },
      "RequestBody": {
        "lockTokens": [
          "CiYKJEVEMjNGRjVGLUU0MDktNEE5Ni04NDYwLUYyMTA2M0NFNDg4NxISChCQ\u002BGkjZ3ZETrafqXPVytfw"
        ]
      },
      "StatusCode": 200,
      "ResponseHeaders": {
        "Content-Length": "130",
        "Content-Type": "application/json",
        "Date": "Tue, 07 Nov 2023 01:22:08 GMT"
      },
      "ResponseBody": {
        "succeededLockTokens": [
          "CiYKJEVEMjNGRjVGLUU0MDktNEE5Ni04NDYwLUYyMTA2M0NFNDg4NxISChCQ\u002BGkjZ3ZETrafqXPVytfw"
        ],
        "failedLockTokens": []
      }
    },
    {
      "RequestUri": "https://endpoint/topics/testtopic1/eventsubscriptions/testsubscription1:receive?api-version=2023-10-01-preview",
      "RequestMethod": "POST",
      "RequestHeaders": {
        "Accept": "application/json",
        "Accept-Encoding": "gzip, deflate, br",
        "Accept-Language": "en-US",
        "Authorization": "Sanitized",
        "Connection": "keep-alive",
        "Content-Length": "0",
        "Referer": "http://localhost:9876/",
        "sec-ch-ua": "",
        "sec-ch-ua-mobile": "?0",
        "sec-ch-ua-platform": "\u0022\u0022",
        "Sec-Fetch-Dest": "empty",
        "Sec-Fetch-Mode": "cors",
        "Sec-Fetch-Site": "same-site",
        "User-Agent": "Mozilla/5.0 (Windows NT 10.0; Win64; x64) AppleWebKit/537.36 (KHTML, like Gecko) HeadlessChrome/112.0.5614.0 Safari/537.36",
        "x-ms-client-request-id": "b0fa99de-678a-4e69-b65a-337f3abbf814",
        "x-ms-useragent": "azsdk-js-eventgrid-rest/4.13.0-beta.2 core-rest-pipeline/1.11.1 OS"
      },
      "RequestBody": null,
      "StatusCode": 200,
      "ResponseHeaders": {
        "Content-Length": "12",
        "Content-Type": "application/json; charset=utf-8",
        "Date": "Tue, 07 Nov 2023 01:23:09 GMT"
      },
      "ResponseBody": {
        "value": []
      }
    },
    {
      "RequestUri": "https://endpoint/topics/testtopic1/eventsubscriptions/testsubscription1:receive?api-version=2023-10-01-preview",
      "RequestMethod": "POST",
      "RequestHeaders": {
        "Accept": "application/json",
        "Accept-Encoding": "gzip, deflate, br",
        "Accept-Language": "en-US",
        "Authorization": "Sanitized",
        "Connection": "keep-alive",
        "Content-Length": "0",
        "Referer": "http://localhost:9876/",
        "sec-ch-ua": "",
        "sec-ch-ua-mobile": "?0",
        "sec-ch-ua-platform": "\u0022\u0022",
        "Sec-Fetch-Dest": "empty",
        "Sec-Fetch-Mode": "cors",
        "Sec-Fetch-Site": "same-site",
        "User-Agent": "Mozilla/5.0 (Windows NT 10.0; Win64; x64) AppleWebKit/537.36 (KHTML, like Gecko) HeadlessChrome/112.0.5614.0 Safari/537.36",
        "x-ms-client-request-id": "da057130-a2fd-4d4e-96c8-9476c62eac19",
        "x-ms-useragent": "azsdk-js-eventgrid-rest/4.13.0-beta.2 core-rest-pipeline/1.11.1 OS"
      },
      "RequestBody": null,
      "StatusCode": 200,
      "ResponseHeaders": {
        "Content-Length": "12",
        "Content-Type": "application/json; charset=utf-8",
        "Date": "Tue, 07 Nov 2023 01:24:09 GMT"
      },
      "ResponseBody": {
        "value": []
      }
    }
  ],
  "Variables": {
    "singleEventDate": "Mon Nov 06 2023 17:22:08 GMT-0800 (Pacific Standard Time)",
    "singleEventId": "singleEventIdV210005"
  }
}
