{
  "Entries": [
    {
      "RequestUri": "https://management.azure.com/subscriptions/88888888-8888-8888-8888-888888888888/resourceGroups/myjstest/providers/Microsoft.DocumentDB/databaseAccounts/myaccountxxyy3/mongodbDatabases/mydatabasexxxx/throughputSettings/default?api-version=2023-03-15",
      "RequestMethod": "PUT",
      "RequestHeaders": {
        "Accept": "application/json",
        "Accept-Encoding": "gzip,deflate",
        "Authorization": "Sanitized",
        "Connection": "keep-alive",
        "Content-Length": "66",
        "Content-Type": "application/json",
        "User-Agent": "azsdk-js-arm-cosmosdb/15.4.0 core-rest-pipeline/1.10.4 Node/v16.17.0 OS/(x64-Windows_NT-10.0.22621)",
        "x-ms-client-request-id": "1374ae91-ac29-4091-8203-06be57812803"
      },
      "RequestBody": {
        "location": "eastus",
        "properties": {
          "resource": {
            "throughput": 400
          }
        }
      },
      "StatusCode": 202,
      "ResponseHeaders": {
        "Azure-AsyncOperation": "https://management.azure.com/subscriptions/88888888-8888-8888-8888-888888888888/providers/Microsoft.DocumentDB/locations/eastus/operationsStatus/9564d691-2837-4e30-a03d-e10f9bb650c9?api-version=2023-03-15",
        "Cache-Control": "no-store, no-cache",
        "Content-Length": "21",
        "Content-Type": "application/json",
        "Date": "Sun, 23 Apr 2023 03:17:52 GMT",
        "Location": "https://management.azure.com/subscriptions/88888888-8888-8888-8888-888888888888/resourceGroups/myjstest/providers/Microsoft.DocumentDB/databaseAccounts/myaccountxxyy3/mongodbDatabases/mydatabasexxxx/throughputSettings/default/operationResults/9564d691-2837-4e30-a03d-e10f9bb650c9?api-version=2023-03-15",
        "Pragma": "no-cache",
        "Server": "Microsoft-HTTPAPI/2.0",
        "Strict-Transport-Security": "max-age=31536000; includeSubDomains",
        "X-Content-Type-Options": "nosniff",
        "x-ms-correlation-request-id": "d0076624-c55a-4662-bdba-dbc659931605",
        "x-ms-gatewayversion": "version=2.14.0",
        "x-ms-ratelimit-remaining-subscription-writes": "1194",
        "x-ms-request-id": "9564d691-2837-4e30-a03d-e10f9bb650c9",
        "x-ms-routing-request-id": "SOUTHEASTASIA:20230423T031752Z:d0076624-c55a-4662-bdba-dbc659931605"
      },
      "ResponseBody": {
        "status": "Enqueued"
      }
    },
    {
      "RequestUri": "https://management.azure.com/subscriptions/88888888-8888-8888-8888-888888888888/providers/Microsoft.DocumentDB/locations/eastus/operationsStatus/9564d691-2837-4e30-a03d-e10f9bb650c9?api-version=2023-03-15",
      "RequestMethod": "GET",
      "RequestHeaders": {
        "Accept": "application/json",
        "Accept-Encoding": "gzip,deflate",
        "Authorization": "Sanitized",
        "Connection": "keep-alive",
        "Content-Type": "application/json",
        "User-Agent": "azsdk-js-arm-cosmosdb/15.4.0 core-rest-pipeline/1.10.4 Node/v16.17.0 OS/(x64-Windows_NT-10.0.22621)",
        "x-ms-client-request-id": "b2679429-3105-4b2d-9198-7f3f85d30774"
      },
      "RequestBody": null,
      "StatusCode": 200,
      "ResponseHeaders": {
        "Cache-Control": "no-store, no-cache",
        "Content-Encoding": "gzip",
        "Content-Type": "application/json",
        "Date": "Sun, 23 Apr 2023 03:17:52 GMT",
        "Pragma": "no-cache",
        "Server": "Microsoft-HTTPAPI/2.0",
        "Strict-Transport-Security": "max-age=31536000; includeSubDomains",
        "Transfer-Encoding": "chunked",
        "Vary": "Accept-Encoding",
        "X-Content-Type-Options": "nosniff",
        "x-ms-correlation-request-id": "e944cf7b-9ad4-45cf-80ed-3415b373c5bd",
        "x-ms-gatewayversion": "version=2.14.0",
        "x-ms-ratelimit-remaining-subscription-reads": "11816",
        "x-ms-request-id": "e944cf7b-9ad4-45cf-80ed-3415b373c5bd",
        "x-ms-routing-request-id": "SOUTHEASTASIA:20230423T031752Z:e944cf7b-9ad4-45cf-80ed-3415b373c5bd"
      },
      "ResponseBody": {
        "status": "Enqueued"
      }
    },
    {
      "RequestUri": "https://management.azure.com/subscriptions/88888888-8888-8888-8888-888888888888/providers/Microsoft.DocumentDB/locations/eastus/operationsStatus/9564d691-2837-4e30-a03d-e10f9bb650c9?api-version=2023-03-15",
      "RequestMethod": "GET",
      "RequestHeaders": {
        "Accept": "application/json",
        "Accept-Encoding": "gzip,deflate",
        "Authorization": "Sanitized",
        "Connection": "keep-alive",
        "Content-Type": "application/json",
        "User-Agent": "azsdk-js-arm-cosmosdb/15.4.0 core-rest-pipeline/1.10.4 Node/v16.17.0 OS/(x64-Windows_NT-10.0.22621)",
        "x-ms-client-request-id": "0c9a15a6-3256-45a6-adb8-50d43b37a248"
      },
      "RequestBody": null,
      "StatusCode": 200,
      "ResponseHeaders": {
        "Cache-Control": "no-store, no-cache",
        "Content-Encoding": "gzip",
        "Content-Type": "application/json",
        "Date": "Sun, 23 Apr 2023 03:17:52 GMT",
        "Pragma": "no-cache",
        "Server": "Microsoft-HTTPAPI/2.0",
        "Strict-Transport-Security": "max-age=31536000; includeSubDomains",
        "Transfer-Encoding": "chunked",
        "Vary": "Accept-Encoding",
        "X-Content-Type-Options": "nosniff",
        "x-ms-correlation-request-id": "cca05e3b-5f7a-4db3-88b7-e268e3350200",
        "x-ms-gatewayversion": "version=2.14.0",
        "x-ms-ratelimit-remaining-subscription-reads": "11815",
        "x-ms-request-id": "cca05e3b-5f7a-4db3-88b7-e268e3350200",
        "x-ms-routing-request-id": "SOUTHEASTASIA:20230423T031753Z:cca05e3b-5f7a-4db3-88b7-e268e3350200"
      },
      "ResponseBody": {
        "status": "Enqueued"
      }
    },
    {
      "RequestUri": "https://management.azure.com/subscriptions/88888888-8888-8888-8888-888888888888/providers/Microsoft.DocumentDB/locations/eastus/operationsStatus/9564d691-2837-4e30-a03d-e10f9bb650c9?api-version=2023-03-15",
      "RequestMethod": "GET",
      "RequestHeaders": {
        "Accept": "application/json",
        "Accept-Encoding": "gzip,deflate",
        "Authorization": "Sanitized",
        "Connection": "keep-alive",
        "Content-Type": "application/json",
        "User-Agent": "azsdk-js-arm-cosmosdb/15.4.0 core-rest-pipeline/1.10.4 Node/v16.17.0 OS/(x64-Windows_NT-10.0.22621)",
        "x-ms-client-request-id": "35eb6ffc-c974-418d-87aa-dafd6fbcbadd"
      },
      "RequestBody": null,
      "StatusCode": 200,
      "ResponseHeaders": {
        "Cache-Control": "no-store, no-cache",
        "Content-Encoding": "gzip",
        "Content-Type": "application/json",
        "Date": "Sun, 23 Apr 2023 03:17:55 GMT",
        "Pragma": "no-cache",
        "Server": "Microsoft-HTTPAPI/2.0",
        "Strict-Transport-Security": "max-age=31536000; includeSubDomains",
        "Transfer-Encoding": "chunked",
        "Vary": "Accept-Encoding",
        "X-Content-Type-Options": "nosniff",
        "x-ms-correlation-request-id": "a263a99e-409c-43cc-9ebc-4bf1b84f32a8",
        "x-ms-gatewayversion": "version=2.14.0",
        "x-ms-ratelimit-remaining-subscription-reads": "11814",
        "x-ms-request-id": "a263a99e-409c-43cc-9ebc-4bf1b84f32a8",
        "x-ms-routing-request-id": "SOUTHEASTASIA:20230423T031755Z:a263a99e-409c-43cc-9ebc-4bf1b84f32a8"
      },
      "ResponseBody": {
        "status": "Enqueued"
      }
    },
    {
      "RequestUri": "https://management.azure.com/subscriptions/88888888-8888-8888-8888-888888888888/providers/Microsoft.DocumentDB/locations/eastus/operationsStatus/9564d691-2837-4e30-a03d-e10f9bb650c9?api-version=2023-03-15",
      "RequestMethod": "GET",
      "RequestHeaders": {
        "Accept": "application/json",
        "Accept-Encoding": "gzip,deflate",
        "Authorization": "Sanitized",
        "Connection": "keep-alive",
        "Content-Type": "application/json",
        "User-Agent": "azsdk-js-arm-cosmosdb/15.4.0 core-rest-pipeline/1.10.4 Node/v16.17.0 OS/(x64-Windows_NT-10.0.22621)",
        "x-ms-client-request-id": "65c88013-5239-4c73-833f-708060421928"
      },
      "RequestBody": null,
      "StatusCode": 200,
      "ResponseHeaders": {
        "Cache-Control": "no-store, no-cache",
        "Content-Encoding": "gzip",
        "Content-Type": "application/json",
        "Date": "Sun, 23 Apr 2023 03:17:57 GMT",
        "Pragma": "no-cache",
        "Server": "Microsoft-HTTPAPI/2.0",
        "Strict-Transport-Security": "max-age=31536000; includeSubDomains",
        "Transfer-Encoding": "chunked",
        "Vary": "Accept-Encoding",
        "X-Content-Type-Options": "nosniff",
        "x-ms-correlation-request-id": "be400671-a059-47d4-ae10-8f19af630683",
        "x-ms-gatewayversion": "version=2.14.0",
        "x-ms-ratelimit-remaining-subscription-reads": "11813",
        "x-ms-request-id": "be400671-a059-47d4-ae10-8f19af630683",
        "x-ms-routing-request-id": "SOUTHEASTASIA:20230423T031757Z:be400671-a059-47d4-ae10-8f19af630683"
      },
      "ResponseBody": {
        "status": "Dequeued"
      }
    },
    {
      "RequestUri": "https://management.azure.com/subscriptions/88888888-8888-8888-8888-888888888888/providers/Microsoft.DocumentDB/locations/eastus/operationsStatus/9564d691-2837-4e30-a03d-e10f9bb650c9?api-version=2023-03-15",
      "RequestMethod": "GET",
      "RequestHeaders": {
        "Accept": "application/json",
        "Accept-Encoding": "gzip,deflate",
        "Authorization": "Sanitized",
        "Connection": "keep-alive",
        "Content-Type": "application/json",
        "User-Agent": "azsdk-js-arm-cosmosdb/15.4.0 core-rest-pipeline/1.10.4 Node/v16.17.0 OS/(x64-Windows_NT-10.0.22621)",
        "x-ms-client-request-id": "385a5807-ac1a-42b0-bc39-838250ea9045"
      },
      "RequestBody": null,
      "StatusCode": 200,
      "ResponseHeaders": {
        "Cache-Control": "no-store, no-cache",
        "Content-Encoding": "gzip",
        "Content-Type": "application/json",
        "Date": "Sun, 23 Apr 2023 03:17:59 GMT",
        "Pragma": "no-cache",
        "Server": "Microsoft-HTTPAPI/2.0",
        "Strict-Transport-Security": "max-age=31536000; includeSubDomains",
        "Transfer-Encoding": "chunked",
        "Vary": "Accept-Encoding",
        "X-Content-Type-Options": "nosniff",
        "x-ms-correlation-request-id": "f6a15737-a14a-4fa0-9475-e917889b988a",
        "x-ms-gatewayversion": "version=2.14.0",
        "x-ms-ratelimit-remaining-subscription-reads": "11812",
        "x-ms-request-id": "f6a15737-a14a-4fa0-9475-e917889b988a",
        "x-ms-routing-request-id": "SOUTHEASTASIA:20230423T031800Z:f6a15737-a14a-4fa0-9475-e917889b988a"
      },
      "ResponseBody": {
        "status": "Succeeded"
      }
    },
    {
      "RequestUri": "https://management.azure.com/subscriptions/88888888-8888-8888-8888-888888888888/resourceGroups/myjstest/providers/Microsoft.DocumentDB/databaseAccounts/myaccountxxyy3/mongodbDatabases/mydatabasexxxx/throughputSettings/default?api-version=2023-03-15",
      "RequestMethod": "GET",
      "RequestHeaders": {
        "Accept": "application/json",
        "Accept-Encoding": "gzip,deflate",
        "Authorization": "Sanitized",
        "Connection": "keep-alive",
        "Content-Type": "application/json",
        "User-Agent": "azsdk-js-arm-cosmosdb/15.4.0 core-rest-pipeline/1.10.4 Node/v16.17.0 OS/(x64-Windows_NT-10.0.22621)",
        "x-ms-client-request-id": "267724c8-2cf8-418d-91df-413fe53bdda3"
      },
      "RequestBody": null,
      "StatusCode": 200,
      "ResponseHeaders": {
        "Cache-Control": "no-store, no-cache",
        "Content-Encoding": "gzip",
        "Content-Type": "application/json",
        "Date": "Sun, 23 Apr 2023 03:18:00 GMT",
        "Pragma": "no-cache",
        "Server": "Microsoft-HTTPAPI/2.0",
        "Strict-Transport-Security": "max-age=31536000; includeSubDomains",
        "Transfer-Encoding": "chunked",
        "Vary": "Accept-Encoding",
        "X-Content-Type-Options": "nosniff",
        "x-ms-correlation-request-id": "59f12aa4-9f64-49b7-a0e5-c3b1742741d2",
        "x-ms-gatewayversion": "version=2.14.0",
        "x-ms-ratelimit-remaining-subscription-reads": "11811",
        "x-ms-request-id": "59f12aa4-9f64-49b7-a0e5-c3b1742741d2",
        "x-ms-routing-request-id": "SOUTHEASTASIA:20230423T031800Z:59f12aa4-9f64-49b7-a0e5-c3b1742741d2"
      },
      "ResponseBody": {
        "id": "/subscriptions/88888888-8888-8888-8888-888888888888/resourceGroups/myjstest/providers/Microsoft.DocumentDB/databaseAccounts/myaccountxxyy3/mongodbDatabases/mydatabasexxxx/throughputSettings/default",
        "type": "Microsoft.DocumentDB/databaseAccounts/mongodbDatabases/throughputSettings",
        "name": "wZzJ",
        "properties": {
          "resource": {
            "throughput": 400,
            "minimumThroughput": "400"
          }
        }
      }
    }
  ],
  "Variables": {}
}
