{
  "Entries": [
    {
      "RequestUri": "https://management.azure.com/subscriptions/88888888-8888-8888-8888-888888888888/resourceGroups/czwTest/providers/Microsoft.DocumentDB/databaseAccounts/myaccountxxyytest/graphs?api-version=2022-11-15-preview",
      "RequestMethod": "GET",
      "RequestHeaders": {
        "Accept": "application/json",
        "Accept-Encoding": "gzip,deflate",
        "Authorization": "Sanitized",
        "Connection": "keep-alive",
        "User-Agent": "azsdk-js-arm-cosmosdb/15.4.0-beta.1 core-rest-pipeline/1.10.3 Node/v16.17.0 OS/(x64-Windows_NT-10.0.22621)",
        "x-ms-client-request-id": "605667f5-a84d-43ba-8e09-eded6c35c215"
      },
      "RequestBody": null,
      "StatusCode": 500,
      "ResponseHeaders": {
        "Cache-Control": "no-store, no-cache",
        "Connection": "close",
        "Content-Length": "195",
        "Content-Type": "application/json",
        "Date": "Thu, 16 Mar 2023 07:49:52 GMT",
        "Pragma": "no-cache",
        "Server": "Microsoft-HTTPAPI/2.0",
        "Strict-Transport-Security": "max-age=31536000; includeSubDomains",
        "X-Content-Type-Options": "nosniff",
        "x-ms-correlation-request-id": "7da48ea9-9921-454b-ae13-a0648782cefd",
        "x-ms-failure-cause": "service",
        "x-ms-gatewayversion": "version=2.14.0",
        "x-ms-ratelimit-remaining-subscription-reads": "11998",
        "x-ms-request-id": "7da48ea9-9921-454b-ae13-a0648782cefd",
        "x-ms-routing-request-id": "SOUTHEASTASIA:20230316T074952Z:7da48ea9-9921-454b-ae13-a0648782cefd"
      },
      "ResponseBody": {
        "code": "InternalServerError",
        "message": "Unknown server error occurred when processing this request.\r\nActivityId: 605667f5-a84d-43ba-8e09-eded6c35c215, Microsoft.Azure.Documents.Common/2.14.0"
      }
    },
    {
      "RequestUri": "https://management.azure.com/subscriptions/88888888-8888-8888-8888-888888888888/resourceGroups/czwTest/providers/Microsoft.DocumentDB/databaseAccounts/myaccountxxyytest/graphs?api-version=2022-11-15-preview",
      "RequestMethod": "GET",
      "RequestHeaders": {
        "Accept": "application/json",
        "Accept-Encoding": "gzip,deflate",
        "Authorization": "Sanitized",
        "Connection": "keep-alive",
        "User-Agent": "azsdk-js-arm-cosmosdb/15.4.0-beta.1 core-rest-pipeline/1.10.3 Node/v16.17.0 OS/(x64-Windows_NT-10.0.22621)",
        "x-ms-client-request-id": "605667f5-a84d-43ba-8e09-eded6c35c215"
      },
      "RequestBody": null,
      "StatusCode": 500,
      "ResponseHeaders": {
        "Cache-Control": "no-store, no-cache",
        "Connection": "close",
        "Content-Length": "195",
        "Content-Type": "application/json",
        "Date": "Thu, 16 Mar 2023 07:49:55 GMT",
        "Pragma": "no-cache",
        "Server": "Microsoft-HTTPAPI/2.0",
        "Strict-Transport-Security": "max-age=31536000; includeSubDomains",
        "X-Content-Type-Options": "nosniff",
        "x-ms-correlation-request-id": "d26a7a13-b3ca-4634-ab02-d4415fb19169",
        "x-ms-failure-cause": "service",
        "x-ms-gatewayversion": "version=2.14.0",
        "x-ms-ratelimit-remaining-subscription-reads": "11999",
        "x-ms-request-id": "d26a7a13-b3ca-4634-ab02-d4415fb19169",
        "x-ms-routing-request-id": "SOUTHEASTASIA:20230316T074955Z:d26a7a13-b3ca-4634-ab02-d4415fb19169"
      },
      "ResponseBody": {
        "code": "InternalServerError",
        "message": "Unknown server error occurred when processing this request.\r\nActivityId: 605667f5-a84d-43ba-8e09-eded6c35c215, Microsoft.Azure.Documents.Common/2.14.0"
      }
    },
    {
      "RequestUri": "https://management.azure.com/subscriptions/88888888-8888-8888-8888-888888888888/resourceGroups/czwTest/providers/Microsoft.DocumentDB/databaseAccounts/myaccountxxyytest/graphs?api-version=2022-11-15-preview",
      "RequestMethod": "GET",
      "RequestHeaders": {
        "Accept": "application/json",
        "Accept-Encoding": "gzip,deflate",
        "Authorization": "Sanitized",
        "Connection": "keep-alive",
        "User-Agent": "azsdk-js-arm-cosmosdb/15.4.0-beta.1 core-rest-pipeline/1.10.3 Node/v16.17.0 OS/(x64-Windows_NT-10.0.22621)",
        "x-ms-client-request-id": "605667f5-a84d-43ba-8e09-eded6c35c215"
      },
      "RequestBody": null,
      "StatusCode": 500,
      "ResponseHeaders": {
        "Cache-Control": "no-store, no-cache",
        "Connection": "close",
        "Content-Length": "195",
        "Content-Type": "application/json",
        "Date": "Thu, 16 Mar 2023 07:49:58 GMT",
        "Pragma": "no-cache",
        "Server": "Microsoft-HTTPAPI/2.0",
        "Strict-Transport-Security": "max-age=31536000; includeSubDomains",
        "X-Content-Type-Options": "nosniff",
        "x-ms-correlation-request-id": "13ca15b3-19f9-432f-b93d-2e34dd988cff",
        "x-ms-failure-cause": "service",
        "x-ms-gatewayversion": "version=2.14.0",
        "x-ms-ratelimit-remaining-subscription-reads": "11999",
        "x-ms-request-id": "13ca15b3-19f9-432f-b93d-2e34dd988cff",
        "x-ms-routing-request-id": "SOUTHEASTASIA:20230316T074959Z:13ca15b3-19f9-432f-b93d-2e34dd988cff"
      },
      "ResponseBody": {
        "code": "InternalServerError",
        "message": "Unknown server error occurred when processing this request.\r\nActivityId: 605667f5-a84d-43ba-8e09-eded6c35c215, Microsoft.Azure.Documents.Common/2.14.0"
      }
    },
    {
      "RequestUri": "https://management.azure.com/subscriptions/88888888-8888-8888-8888-888888888888/resourceGroups/czwTest/providers/Microsoft.DocumentDB/databaseAccounts/myaccountxxyytest/graphs?api-version=2022-11-15-preview",
      "RequestMethod": "GET",
      "RequestHeaders": {
        "Accept": "application/json",
        "Accept-Encoding": "gzip,deflate",
        "Authorization": "Sanitized",
        "Connection": "keep-alive",
        "User-Agent": "azsdk-js-arm-cosmosdb/15.4.0-beta.1 core-rest-pipeline/1.10.3 Node/v16.17.0 OS/(x64-Windows_NT-10.0.22621)",
        "x-ms-client-request-id": "605667f5-a84d-43ba-8e09-eded6c35c215"
      },
      "RequestBody": null,
      "StatusCode": 500,
      "ResponseHeaders": {
        "Cache-Control": "no-store, no-cache",
        "Connection": "close",
        "Content-Length": "195",
        "Content-Type": "application/json",
        "Date": "Thu, 16 Mar 2023 07:50:05 GMT",
        "Pragma": "no-cache",
        "Server": "Microsoft-HTTPAPI/2.0",
        "Strict-Transport-Security": "max-age=31536000; includeSubDomains",
        "X-Content-Type-Options": "nosniff",
        "x-ms-correlation-request-id": "1a4c10ec-b457-4e91-b0cd-f7bb28f7b003",
        "x-ms-failure-cause": "service",
        "x-ms-gatewayversion": "version=2.14.0",
        "x-ms-ratelimit-remaining-subscription-reads": "11999",
        "x-ms-request-id": "1a4c10ec-b457-4e91-b0cd-f7bb28f7b003",
        "x-ms-routing-request-id": "SOUTHEASTASIA:20230316T075005Z:1a4c10ec-b457-4e91-b0cd-f7bb28f7b003"
      },
      "ResponseBody": {
        "code": "InternalServerError",
        "message": "Unknown server error occurred when processing this request.\r\nActivityId: 605667f5-a84d-43ba-8e09-eded6c35c215, Microsoft.Azure.Documents.Common/2.14.0"
      }
    }
  ],
  "Variables": {}
}
