{
  "Entries": [
    {
      "RequestUri": "https://management.azure.com/subscriptions/88888888-8888-8888-8888-888888888888/resourceGroups/czwTest/providers/Microsoft.DocumentDB/databaseAccounts/myaccountxxyytest/graphs/graphName?api-version=2022-11-15-preview",
      "RequestMethod": "GET",
      "RequestHeaders": {
        "Accept": "application/json",
        "Accept-Encoding": "gzip,deflate",
        "Authorization": "Sanitized",
        "Connection": "keep-alive",
        "User-Agent": "azsdk-js-arm-cosmosdb/15.4.0-beta.1 core-rest-pipeline/1.10.3 Node/v16.17.0 OS/(x64-Windows_NT-10.0.22621)",
        "x-ms-client-request-id": "0d5fb461-4cd6-476f-8faf-ce1b5ad6f2f8"
      },
      "RequestBody": null,
      "StatusCode": 500,
      "ResponseHeaders": {
        "Cache-Control": "no-store, no-cache",
        "Connection": "close",
        "Content-Length": "195",
        "Content-Type": "application/json",
        "Date": "Thu, 16 Mar 2023 07:49:37 GMT",
        "Pragma": "no-cache",
        "Server": "Microsoft-HTTPAPI/2.0",
        "Strict-Transport-Security": "max-age=31536000; includeSubDomains",
        "X-Content-Type-Options": "nosniff",
        "x-ms-correlation-request-id": "00509150-35c3-4d72-84cd-1383c922556d",
        "x-ms-failure-cause": "service",
        "x-ms-gatewayversion": "version=2.14.0",
        "x-ms-ratelimit-remaining-subscription-reads": "11984",
        "x-ms-request-id": "00509150-35c3-4d72-84cd-1383c922556d",
        "x-ms-routing-request-id": "SOUTHEASTASIA:20230316T074937Z:00509150-35c3-4d72-84cd-1383c922556d"
      },
      "ResponseBody": {
        "code": "InternalServerError",
        "message": "Unknown server error occurred when processing this request.\r\nActivityId: 0d5fb461-4cd6-476f-8faf-ce1b5ad6f2f8, Microsoft.Azure.Documents.Common/2.14.0"
      }
    },
    {
      "RequestUri": "https://management.azure.com/subscriptions/88888888-8888-8888-8888-888888888888/resourceGroups/czwTest/providers/Microsoft.DocumentDB/databaseAccounts/myaccountxxyytest/graphs/graphName?api-version=2022-11-15-preview",
      "RequestMethod": "GET",
      "RequestHeaders": {
        "Accept": "application/json",
        "Accept-Encoding": "gzip,deflate",
        "Authorization": "Sanitized",
        "Connection": "keep-alive",
        "User-Agent": "azsdk-js-arm-cosmosdb/15.4.0-beta.1 core-rest-pipeline/1.10.3 Node/v16.17.0 OS/(x64-Windows_NT-10.0.22621)",
        "x-ms-client-request-id": "0d5fb461-4cd6-476f-8faf-ce1b5ad6f2f8"
      },
      "RequestBody": null,
      "StatusCode": 500,
      "ResponseHeaders": {
        "Cache-Control": "no-store, no-cache",
        "Connection": "close",
        "Content-Length": "195",
        "Content-Type": "application/json",
        "Date": "Thu, 16 Mar 2023 07:49:39 GMT",
        "Pragma": "no-cache",
        "Server": "Microsoft-HTTPAPI/2.0",
        "Strict-Transport-Security": "max-age=31536000; includeSubDomains",
        "X-Content-Type-Options": "nosniff",
        "x-ms-correlation-request-id": "4e1249e0-5490-4fa8-b9c8-9185a7e502d1",
        "x-ms-failure-cause": "service",
        "x-ms-gatewayversion": "version=2.14.0",
        "x-ms-ratelimit-remaining-subscription-reads": "11999",
        "x-ms-request-id": "4e1249e0-5490-4fa8-b9c8-9185a7e502d1",
        "x-ms-routing-request-id": "SOUTHEASTASIA:20230316T074940Z:4e1249e0-5490-4fa8-b9c8-9185a7e502d1"
      },
      "ResponseBody": {
        "code": "InternalServerError",
        "message": "Unknown server error occurred when processing this request.\r\nActivityId: 0d5fb461-4cd6-476f-8faf-ce1b5ad6f2f8, Microsoft.Azure.Documents.Common/2.14.0"
      }
    },
    {
      "RequestUri": "https://management.azure.com/subscriptions/88888888-8888-8888-8888-888888888888/resourceGroups/czwTest/providers/Microsoft.DocumentDB/databaseAccounts/myaccountxxyytest/graphs/graphName?api-version=2022-11-15-preview",
      "RequestMethod": "GET",
      "RequestHeaders": {
        "Accept": "application/json",
        "Accept-Encoding": "gzip,deflate",
        "Authorization": "Sanitized",
        "Connection": "keep-alive",
        "User-Agent": "azsdk-js-arm-cosmosdb/15.4.0-beta.1 core-rest-pipeline/1.10.3 Node/v16.17.0 OS/(x64-Windows_NT-10.0.22621)",
        "x-ms-client-request-id": "0d5fb461-4cd6-476f-8faf-ce1b5ad6f2f8"
      },
      "RequestBody": null,
      "StatusCode": 500,
      "ResponseHeaders": {
        "Cache-Control": "no-store, no-cache",
        "Connection": "close",
        "Content-Length": "195",
        "Content-Type": "application/json",
        "Date": "Thu, 16 Mar 2023 07:49:42 GMT",
        "Pragma": "no-cache",
        "Server": "Microsoft-HTTPAPI/2.0",
        "Strict-Transport-Security": "max-age=31536000; includeSubDomains",
        "X-Content-Type-Options": "nosniff",
        "x-ms-correlation-request-id": "fbaa5738-c8af-4889-ab4a-31c0fb667ae9",
        "x-ms-failure-cause": "service",
        "x-ms-gatewayversion": "version=2.14.0",
        "x-ms-ratelimit-remaining-subscription-reads": "11999",
        "x-ms-request-id": "fbaa5738-c8af-4889-ab4a-31c0fb667ae9",
        "x-ms-routing-request-id": "SOUTHEASTASIA:20230316T074943Z:fbaa5738-c8af-4889-ab4a-31c0fb667ae9"
      },
      "ResponseBody": {
        "code": "InternalServerError",
        "message": "Unknown server error occurred when processing this request.\r\nActivityId: 0d5fb461-4cd6-476f-8faf-ce1b5ad6f2f8, Microsoft.Azure.Documents.Common/2.14.0"
      }
    },
    {
      "RequestUri": "https://management.azure.com/subscriptions/88888888-8888-8888-8888-888888888888/resourceGroups/czwTest/providers/Microsoft.DocumentDB/databaseAccounts/myaccountxxyytest/graphs/graphName?api-version=2022-11-15-preview",
      "RequestMethod": "GET",
      "RequestHeaders": {
        "Accept": "application/json",
        "Accept-Encoding": "gzip,deflate",
        "Authorization": "Sanitized",
        "Connection": "keep-alive",
        "User-Agent": "azsdk-js-arm-cosmosdb/15.4.0-beta.1 core-rest-pipeline/1.10.3 Node/v16.17.0 OS/(x64-Windows_NT-10.0.22621)",
        "x-ms-client-request-id": "0d5fb461-4cd6-476f-8faf-ce1b5ad6f2f8"
      },
      "RequestBody": null,
      "StatusCode": 500,
      "ResponseHeaders": {
        "Cache-Control": "no-store, no-cache",
        "Connection": "close",
        "Content-Length": "195",
        "Content-Type": "application/json",
        "Date": "Thu, 16 Mar 2023 07:49:47 GMT",
        "Pragma": "no-cache",
        "Server": "Microsoft-HTTPAPI/2.0",
        "Strict-Transport-Security": "max-age=31536000; includeSubDomains",
        "X-Content-Type-Options": "nosniff",
        "x-ms-correlation-request-id": "20955a3c-c493-44f7-ac48-93d89f8ba0eb",
        "x-ms-failure-cause": "service",
        "x-ms-gatewayversion": "version=2.14.0",
        "x-ms-ratelimit-remaining-subscription-reads": "11816",
        "x-ms-request-id": "20955a3c-c493-44f7-ac48-93d89f8ba0eb",
        "x-ms-routing-request-id": "SOUTHEASTASIA:20230316T074948Z:20955a3c-c493-44f7-ac48-93d89f8ba0eb"
      },
      "ResponseBody": {
        "code": "InternalServerError",
        "message": "Unknown server error occurred when processing this request.\r\nActivityId: 0d5fb461-4cd6-476f-8faf-ce1b5ad6f2f8, Microsoft.Azure.Documents.Common/2.14.0"
      }
    }
  ],
  "Variables": {}
}
