{
  "Entries": [
    {
      "RequestUri": "https://management.azure.com/subscriptions/azure_subscription_id/resourceGroups/myjstest/providers/Microsoft.DocumentDB/databaseAccounts/myaccountxxyy3/mongodbDatabases/mydatabasexxxx?api-version=2022-08-15",
      "RequestMethod": "PUT",
      "RequestHeaders": {
        "Accept": "application/json",
        "Accept-Encoding": "gzip,deflate",
        "Authorization": "Sanitized",
        "Connection": "keep-alive",
        "Content-Length": "101",
        "Content-Type": "application/json",
        "User-Agent": "azsdk-js-arm-cosmosdb/15.2.0 core-rest-pipeline/1.9.3 Node/v16.17.0 OS/(x64-Windows_NT-10.0.22000)",
        "x-ms-client-request-id": "c0c855fc-23bc-4446-8adb-66ec03e8a048"
      },
      "RequestBody": {
        "location": "eastus",
        "properties": {
          "resource": {
            "id": "mydatabasexxxx"
          },
          "options": {
            "throughput": 2000
          }
        }
      },
      "StatusCode": 202,
      "ResponseHeaders": {
        "Azure-AsyncOperation": "https://management.azure.com/subscriptions/azure_subscription_id/providers/Microsoft.DocumentDB/locations/eastus/operationsStatus/e8d3c78d-1749-4af0-beea-c2a1161b5501?api-version=2022-08-15",
        "Cache-Control": "no-store, no-cache",
        "Content-Length": "21",
        "Content-Type": "application/json",
        "Date": "Mon, 05 Sep 2022 07:51:06 GMT",
        "Location": "https://management.azure.com/subscriptions/azure_subscription_id/resourceGroups/myjstest/providers/Microsoft.DocumentDB/databaseAccounts/myaccountxxyy3/mongodbDatabases/mydatabasexxxx/operationResults/e8d3c78d-1749-4af0-beea-c2a1161b5501?api-version=2022-08-15",
        "Pragma": "no-cache",
        "Server": "Microsoft-HTTPAPI/2.0",
        "Strict-Transport-Security": "max-age=31536000; includeSubDomains",
        "X-Content-Type-Options": "nosniff",
        "x-ms-correlation-request-id": "b8ef0932-f4a6-4495-993a-821a58868832",
        "x-ms-gatewayversion": "version=2.14.0",
        "x-ms-ratelimit-remaining-subscription-writes": "1194",
        "x-ms-request-id": "e8d3c78d-1749-4af0-beea-c2a1161b5501",
        "x-ms-routing-request-id": "SOUTHEASTASIA:20220905T075106Z:b8ef0932-f4a6-4495-993a-821a58868832"
      },
      "ResponseBody": {
        "status": "Enqueued"
      }
    },
    {
      "RequestUri": "https://management.azure.com/subscriptions/azure_subscription_id/providers/Microsoft.DocumentDB/locations/eastus/operationsStatus/e8d3c78d-1749-4af0-beea-c2a1161b5501?api-version=2022-08-15",
      "RequestMethod": "GET",
      "RequestHeaders": {
        "Accept": "application/json",
        "Accept-Encoding": "gzip,deflate",
        "Authorization": "Sanitized",
        "Connection": "keep-alive",
        "Content-Type": "application/json",
        "User-Agent": "azsdk-js-arm-cosmosdb/15.2.0 core-rest-pipeline/1.9.3 Node/v16.17.0 OS/(x64-Windows_NT-10.0.22000)",
        "x-ms-client-request-id": "fba318b7-2ab5-4197-a92d-5f42d4fd6d99"
      },
      "RequestBody": null,
      "StatusCode": 200,
      "ResponseHeaders": {
        "Cache-Control": "no-store, no-cache",
        "Content-Length": "21",
        "Content-Type": "application/json",
        "Date": "Mon, 05 Sep 2022 07:51:06 GMT",
        "Pragma": "no-cache",
        "Server": "Microsoft-HTTPAPI/2.0",
        "Strict-Transport-Security": "max-age=31536000; includeSubDomains",
        "X-Content-Type-Options": "nosniff",
        "x-ms-correlation-request-id": "cf85e9a6-fa65-44d9-b7c3-143698267fa1",
        "x-ms-gatewayversion": "version=2.14.0",
        "x-ms-ratelimit-remaining-subscription-reads": "11277",
        "x-ms-request-id": "cf85e9a6-fa65-44d9-b7c3-143698267fa1",
        "x-ms-routing-request-id": "SOUTHEASTASIA:20220905T075106Z:cf85e9a6-fa65-44d9-b7c3-143698267fa1"
      },
      "ResponseBody": {
        "status": "Enqueued"
      }
    },
    {
      "RequestUri": "https://management.azure.com/subscriptions/azure_subscription_id/providers/Microsoft.DocumentDB/locations/eastus/operationsStatus/e8d3c78d-1749-4af0-beea-c2a1161b5501?api-version=2022-08-15",
      "RequestMethod": "GET",
      "RequestHeaders": {
        "Accept": "application/json",
        "Accept-Encoding": "gzip,deflate",
        "Authorization": "Sanitized",
        "Connection": "keep-alive",
        "Content-Type": "application/json",
        "User-Agent": "azsdk-js-arm-cosmosdb/15.2.0 core-rest-pipeline/1.9.3 Node/v16.17.0 OS/(x64-Windows_NT-10.0.22000)",
        "x-ms-client-request-id": "28fd6d0a-8fd7-42fb-83f0-c622d7961107"
      },
      "RequestBody": null,
      "StatusCode": 200,
      "ResponseHeaders": {
        "Cache-Control": "no-store, no-cache",
        "Content-Length": "21",
        "Content-Type": "application/json",
        "Date": "Mon, 05 Sep 2022 07:51:06 GMT",
        "Pragma": "no-cache",
        "Server": "Microsoft-HTTPAPI/2.0",
        "Strict-Transport-Security": "max-age=31536000; includeSubDomains",
        "X-Content-Type-Options": "nosniff",
        "x-ms-correlation-request-id": "1ad113ab-c024-4c5a-8936-d767083ad299",
        "x-ms-gatewayversion": "version=2.14.0",
        "x-ms-ratelimit-remaining-subscription-reads": "11276",
        "x-ms-request-id": "1ad113ab-c024-4c5a-8936-d767083ad299",
        "x-ms-routing-request-id": "SOUTHEASTASIA:20220905T075107Z:1ad113ab-c024-4c5a-8936-d767083ad299"
      },
      "ResponseBody": {
        "status": "Enqueued"
      }
    },
    {
      "RequestUri": "https://management.azure.com/subscriptions/azure_subscription_id/providers/Microsoft.DocumentDB/locations/eastus/operationsStatus/e8d3c78d-1749-4af0-beea-c2a1161b5501?api-version=2022-08-15",
      "RequestMethod": "GET",
      "RequestHeaders": {
        "Accept": "application/json",
        "Accept-Encoding": "gzip,deflate",
        "Authorization": "Sanitized",
        "Connection": "keep-alive",
        "Content-Type": "application/json",
        "User-Agent": "azsdk-js-arm-cosmosdb/15.2.0 core-rest-pipeline/1.9.3 Node/v16.17.0 OS/(x64-Windows_NT-10.0.22000)",
        "x-ms-client-request-id": "c8c3ede7-d451-41a6-a0b3-70e731b4e584"
      },
      "RequestBody": null,
      "StatusCode": 200,
      "ResponseHeaders": {
        "Cache-Control": "no-store, no-cache",
        "Content-Length": "21",
        "Content-Type": "application/json",
        "Date": "Mon, 05 Sep 2022 07:51:09 GMT",
        "Pragma": "no-cache",
        "Server": "Microsoft-HTTPAPI/2.0",
        "Strict-Transport-Security": "max-age=31536000; includeSubDomains",
        "X-Content-Type-Options": "nosniff",
        "x-ms-correlation-request-id": "3f5adb33-9fc6-488c-9421-a84e06c114cf",
        "x-ms-gatewayversion": "version=2.14.0",
        "x-ms-ratelimit-remaining-subscription-reads": "11275",
        "x-ms-request-id": "3f5adb33-9fc6-488c-9421-a84e06c114cf",
        "x-ms-routing-request-id": "SOUTHEASTASIA:20220905T075109Z:3f5adb33-9fc6-488c-9421-a84e06c114cf"
      },
      "ResponseBody": {
        "status": "Enqueued"
      }
    },
    {
      "RequestUri": "https://management.azure.com/subscriptions/azure_subscription_id/providers/Microsoft.DocumentDB/locations/eastus/operationsStatus/e8d3c78d-1749-4af0-beea-c2a1161b5501?api-version=2022-08-15",
      "RequestMethod": "GET",
      "RequestHeaders": {
        "Accept": "application/json",
        "Accept-Encoding": "gzip,deflate",
        "Authorization": "Sanitized",
        "Connection": "keep-alive",
        "Content-Type": "application/json",
        "User-Agent": "azsdk-js-arm-cosmosdb/15.2.0 core-rest-pipeline/1.9.3 Node/v16.17.0 OS/(x64-Windows_NT-10.0.22000)",
        "x-ms-client-request-id": "f18b0f5c-c058-4c3d-a39e-62b0d10699f5"
      },
      "RequestBody": null,
      "StatusCode": 200,
      "ResponseHeaders": {
        "Cache-Control": "no-store, no-cache",
        "Content-Length": "21",
        "Content-Type": "application/json",
        "Date": "Mon, 05 Sep 2022 07:51:11 GMT",
        "Pragma": "no-cache",
        "Server": "Microsoft-HTTPAPI/2.0",
        "Strict-Transport-Security": "max-age=31536000; includeSubDomains",
        "X-Content-Type-Options": "nosniff",
        "x-ms-correlation-request-id": "474dc91d-d4ed-468b-a02f-fd8dfec3d5f7",
        "x-ms-gatewayversion": "version=2.14.0",
        "x-ms-ratelimit-remaining-subscription-reads": "11274",
        "x-ms-request-id": "474dc91d-d4ed-468b-a02f-fd8dfec3d5f7",
        "x-ms-routing-request-id": "SOUTHEASTASIA:20220905T075111Z:474dc91d-d4ed-468b-a02f-fd8dfec3d5f7"
      },
      "ResponseBody": {
        "status": "Dequeued"
      }
    },
    {
      "RequestUri": "https://management.azure.com/subscriptions/azure_subscription_id/providers/Microsoft.DocumentDB/locations/eastus/operationsStatus/e8d3c78d-1749-4af0-beea-c2a1161b5501?api-version=2022-08-15",
      "RequestMethod": "GET",
      "RequestHeaders": {
        "Accept": "application/json",
        "Accept-Encoding": "gzip,deflate",
        "Authorization": "Sanitized",
        "Connection": "keep-alive",
        "Content-Type": "application/json",
        "User-Agent": "azsdk-js-arm-cosmosdb/15.2.0 core-rest-pipeline/1.9.3 Node/v16.17.0 OS/(x64-Windows_NT-10.0.22000)",
        "x-ms-client-request-id": "f8d80a03-2b84-47f4-a5a1-f7fdfab8e71d"
      },
      "RequestBody": null,
      "StatusCode": 200,
      "ResponseHeaders": {
        "Cache-Control": "no-store, no-cache",
        "Content-Length": "22",
        "Content-Type": "application/json",
        "Date": "Mon, 05 Sep 2022 07:51:13 GMT",
        "Pragma": "no-cache",
        "Server": "Microsoft-HTTPAPI/2.0",
        "Strict-Transport-Security": "max-age=31536000; includeSubDomains",
        "X-Content-Type-Options": "nosniff",
        "x-ms-correlation-request-id": "0435dd86-f3b9-4c84-ab29-5052b5c5d44e",
        "x-ms-gatewayversion": "version=2.14.0",
        "x-ms-ratelimit-remaining-subscription-reads": "11273",
        "x-ms-request-id": "0435dd86-f3b9-4c84-ab29-5052b5c5d44e",
        "x-ms-routing-request-id": "SOUTHEASTASIA:20220905T075114Z:0435dd86-f3b9-4c84-ab29-5052b5c5d44e"
      },
      "ResponseBody": {
        "status": "Succeeded"
      }
    },
    {
      "RequestUri": "https://management.azure.com/subscriptions/azure_subscription_id/resourceGroups/myjstest/providers/Microsoft.DocumentDB/databaseAccounts/myaccountxxyy3/mongodbDatabases/mydatabasexxxx?api-version=2022-08-15",
      "RequestMethod": "GET",
      "RequestHeaders": {
        "Accept": "application/json",
        "Accept-Encoding": "gzip,deflate",
        "Authorization": "Sanitized",
        "Connection": "keep-alive",
        "Content-Type": "application/json",
        "User-Agent": "azsdk-js-arm-cosmosdb/15.2.0 core-rest-pipeline/1.9.3 Node/v16.17.0 OS/(x64-Windows_NT-10.0.22000)",
        "x-ms-client-request-id": "971d21d6-e4fd-4c6a-8b51-a8e3013b3f65"
      },
      "RequestBody": null,
      "StatusCode": 200,
      "ResponseHeaders": {
        "Cache-Control": "no-store, no-cache",
        "Content-Length": "302",
        "Content-Type": "application/json",
        "Date": "Mon, 05 Sep 2022 07:51:14 GMT",
        "Pragma": "no-cache",
        "Server": "Microsoft-HTTPAPI/2.0",
        "Strict-Transport-Security": "max-age=31536000; includeSubDomains",
        "X-Content-Type-Options": "nosniff",
        "x-ms-correlation-request-id": "8aaf74bf-fd33-4f4c-803c-e49253b71ff5",
        "x-ms-gatewayversion": "version=2.14.0",
        "x-ms-ratelimit-remaining-subscription-reads": "11272",
        "x-ms-request-id": "8aaf74bf-fd33-4f4c-803c-e49253b71ff5",
        "x-ms-routing-request-id": "SOUTHEASTASIA:20220905T075115Z:8aaf74bf-fd33-4f4c-803c-e49253b71ff5"
      },
      "ResponseBody": {
        "id": "/subscriptions/azure_subscription_id/resourceGroups/myjstest/providers/Microsoft.DocumentDB/databaseAccounts/myaccountxxyy3/mongodbDatabases/mydatabasexxxx",
        "type": "Microsoft.DocumentDB/databaseAccounts/mongodbDatabases",
        "name": "mydatabasexxxx",
        "properties": {
          "resource": {
            "id": "mydatabasexxxx"
          }
        }
      }
    }
  ],
  "Variables": {}
}
