{
  "Entries": [
    {
      "RequestUri": "https://management.azure.com/subscriptions/88888888-8888-8888-8888-888888888888/resourceGroups/myjstest/providers/Microsoft.DocumentDB/databaseAccounts/myaccountxxyy3/mongodbDatabases/mydatabasexxxx?api-version=2023-03-01-preview",
      "RequestMethod": "PUT",
      "RequestHeaders": {
        "Accept": "application/json",
        "Accept-Encoding": "gzip,deflate",
        "Authorization": "Sanitized",
        "Connection": "keep-alive",
        "Content-Length": "101",
        "Content-Type": "application/json",
        "User-Agent": "azsdk-js-arm-cosmosdb/15.4.0-beta.2 core-rest-pipeline/1.10.3 Node/v16.17.0 OS/(x64-Windows_NT-10.0.22621)",
        "x-ms-client-request-id": "ad85607b-980e-4fbb-af44-e395daa4b15d"
      },
      "RequestBody": {
        "location": "eastus",
        "properties": {
          "resource": {
            "id": "mydatabasexxxx"
          },
          "options": {
            "throughput": 2000
          }
        }
      },
      "StatusCode": 202,
      "ResponseHeaders": {
        "Azure-AsyncOperation": "https://management.azure.com/subscriptions/88888888-8888-8888-8888-888888888888/providers/Microsoft.DocumentDB/locations/eastus/operationsStatus/66c480ea-6341-45c0-97f3-dfc896b73a2f?api-version=2023-03-01-preview",
        "Cache-Control": "no-store, no-cache",
        "Content-Length": "21",
        "Content-Type": "application/json",
        "Date": "Tue, 28 Mar 2023 02:35:14 GMT",
        "Location": "https://management.azure.com/subscriptions/88888888-8888-8888-8888-888888888888/resourceGroups/myjstest/providers/Microsoft.DocumentDB/databaseAccounts/myaccountxxyy3/mongodbDatabases/mydatabasexxxx/operationResults/66c480ea-6341-45c0-97f3-dfc896b73a2f?api-version=2023-03-01-preview",
        "Pragma": "no-cache",
        "Server": "Microsoft-HTTPAPI/2.0",
        "Strict-Transport-Security": "max-age=31536000; includeSubDomains",
        "X-Content-Type-Options": "nosniff",
        "x-ms-correlation-request-id": "e4d51970-74ea-4abb-bc6f-e9dcb4932cb3",
        "x-ms-gatewayversion": "version=2.14.0",
        "x-ms-ratelimit-remaining-subscription-writes": "1195",
        "x-ms-request-id": "66c480ea-6341-45c0-97f3-dfc896b73a2f",
        "x-ms-routing-request-id": "SOUTHEASTASIA:20230328T023515Z:e4d51970-74ea-4abb-bc6f-e9dcb4932cb3"
      },
      "ResponseBody": {
        "status": "Enqueued"
      }
    },
    {
      "RequestUri": "https://management.azure.com/subscriptions/88888888-8888-8888-8888-888888888888/providers/Microsoft.DocumentDB/locations/eastus/operationsStatus/66c480ea-6341-45c0-97f3-dfc896b73a2f?api-version=2023-03-01-preview",
      "RequestMethod": "GET",
      "RequestHeaders": {
        "Accept": "application/json",
        "Accept-Encoding": "gzip,deflate",
        "Authorization": "Sanitized",
        "Connection": "keep-alive",
        "Content-Type": "application/json",
        "User-Agent": "azsdk-js-arm-cosmosdb/15.4.0-beta.2 core-rest-pipeline/1.10.3 Node/v16.17.0 OS/(x64-Windows_NT-10.0.22621)",
        "x-ms-client-request-id": "e981352c-54d9-4b6e-b5da-77c50bfe6b3f"
      },
      "RequestBody": null,
      "StatusCode": 200,
      "ResponseHeaders": {
        "Cache-Control": "no-store, no-cache",
        "Content-Encoding": "gzip",
        "Content-Type": "application/json",
        "Date": "Tue, 28 Mar 2023 02:35:14 GMT",
        "Pragma": "no-cache",
        "Server": "Microsoft-HTTPAPI/2.0",
        "Strict-Transport-Security": "max-age=31536000; includeSubDomains",
        "Transfer-Encoding": "chunked",
        "Vary": "Accept-Encoding",
        "X-Content-Type-Options": "nosniff",
        "x-ms-correlation-request-id": "ef2c60bc-3601-4e52-aa79-9d2d13534acb",
        "x-ms-gatewayversion": "version=2.14.0",
        "x-ms-ratelimit-remaining-subscription-reads": "11824",
        "x-ms-request-id": "ef2c60bc-3601-4e52-aa79-9d2d13534acb",
        "x-ms-routing-request-id": "SOUTHEASTASIA:20230328T023515Z:ef2c60bc-3601-4e52-aa79-9d2d13534acb"
      },
      "ResponseBody": {
        "status": "Enqueued"
      }
    },
    {
      "RequestUri": "https://management.azure.com/subscriptions/88888888-8888-8888-8888-888888888888/providers/Microsoft.DocumentDB/locations/eastus/operationsStatus/66c480ea-6341-45c0-97f3-dfc896b73a2f?api-version=2023-03-01-preview",
      "RequestMethod": "GET",
      "RequestHeaders": {
        "Accept": "application/json",
        "Accept-Encoding": "gzip,deflate",
        "Authorization": "Sanitized",
        "Connection": "keep-alive",
        "Content-Type": "application/json",
        "User-Agent": "azsdk-js-arm-cosmosdb/15.4.0-beta.2 core-rest-pipeline/1.10.3 Node/v16.17.0 OS/(x64-Windows_NT-10.0.22621)",
        "x-ms-client-request-id": "0d5ac30e-3625-4cac-98a9-22b6856fe6ec"
      },
      "RequestBody": null,
      "StatusCode": 200,
      "ResponseHeaders": {
        "Cache-Control": "no-store, no-cache",
        "Content-Encoding": "gzip",
        "Content-Type": "application/json",
        "Date": "Tue, 28 Mar 2023 02:35:14 GMT",
        "Pragma": "no-cache",
        "Server": "Microsoft-HTTPAPI/2.0",
        "Strict-Transport-Security": "max-age=31536000; includeSubDomains",
        "Transfer-Encoding": "chunked",
        "Vary": "Accept-Encoding",
        "X-Content-Type-Options": "nosniff",
        "x-ms-correlation-request-id": "84e46bb4-bf88-4e16-b805-51d1be5e09bb",
        "x-ms-gatewayversion": "version=2.14.0",
        "x-ms-ratelimit-remaining-subscription-reads": "11823",
        "x-ms-request-id": "84e46bb4-bf88-4e16-b805-51d1be5e09bb",
        "x-ms-routing-request-id": "SOUTHEASTASIA:20230328T023515Z:84e46bb4-bf88-4e16-b805-51d1be5e09bb"
      },
      "ResponseBody": {
        "status": "Enqueued"
      }
    },
    {
      "RequestUri": "https://management.azure.com/subscriptions/88888888-8888-8888-8888-888888888888/providers/Microsoft.DocumentDB/locations/eastus/operationsStatus/66c480ea-6341-45c0-97f3-dfc896b73a2f?api-version=2023-03-01-preview",
      "RequestMethod": "GET",
      "RequestHeaders": {
        "Accept": "application/json",
        "Accept-Encoding": "gzip,deflate",
        "Authorization": "Sanitized",
        "Connection": "keep-alive",
        "Content-Type": "application/json",
        "User-Agent": "azsdk-js-arm-cosmosdb/15.4.0-beta.2 core-rest-pipeline/1.10.3 Node/v16.17.0 OS/(x64-Windows_NT-10.0.22621)",
        "x-ms-client-request-id": "d9246065-1040-472e-9262-42df082da63c"
      },
      "RequestBody": null,
      "StatusCode": 200,
      "ResponseHeaders": {
        "Cache-Control": "no-store, no-cache",
        "Content-Encoding": "gzip",
        "Content-Type": "application/json",
        "Date": "Tue, 28 Mar 2023 02:35:17 GMT",
        "Pragma": "no-cache",
        "Server": "Microsoft-HTTPAPI/2.0",
        "Strict-Transport-Security": "max-age=31536000; includeSubDomains",
        "Transfer-Encoding": "chunked",
        "Vary": "Accept-Encoding",
        "X-Content-Type-Options": "nosniff",
        "x-ms-correlation-request-id": "9b43ef9a-141b-4853-bea2-2e3551172d26",
        "x-ms-gatewayversion": "version=2.14.0",
        "x-ms-ratelimit-remaining-subscription-reads": "11822",
        "x-ms-request-id": "9b43ef9a-141b-4853-bea2-2e3551172d26",
        "x-ms-routing-request-id": "SOUTHEASTASIA:20230328T023518Z:9b43ef9a-141b-4853-bea2-2e3551172d26"
      },
      "ResponseBody": {
        "status": "Dequeued"
      }
    },
    {
      "RequestUri": "https://management.azure.com/subscriptions/88888888-8888-8888-8888-888888888888/providers/Microsoft.DocumentDB/locations/eastus/operationsStatus/66c480ea-6341-45c0-97f3-dfc896b73a2f?api-version=2023-03-01-preview",
      "RequestMethod": "GET",
      "RequestHeaders": {
        "Accept": "application/json",
        "Accept-Encoding": "gzip,deflate",
        "Authorization": "Sanitized",
        "Connection": "keep-alive",
        "Content-Type": "application/json",
        "User-Agent": "azsdk-js-arm-cosmosdb/15.4.0-beta.2 core-rest-pipeline/1.10.3 Node/v16.17.0 OS/(x64-Windows_NT-10.0.22621)",
        "x-ms-client-request-id": "31e2da9a-6d97-446c-8cb7-99137dc4fa1a"
      },
      "RequestBody": null,
      "StatusCode": 200,
      "ResponseHeaders": {
        "Cache-Control": "no-store, no-cache",
        "Content-Encoding": "gzip",
        "Content-Type": "application/json",
        "Date": "Tue, 28 Mar 2023 02:35:20 GMT",
        "Pragma": "no-cache",
        "Server": "Microsoft-HTTPAPI/2.0",
        "Strict-Transport-Security": "max-age=31536000; includeSubDomains",
        "Transfer-Encoding": "chunked",
        "Vary": "Accept-Encoding",
        "X-Content-Type-Options": "nosniff",
        "x-ms-correlation-request-id": "5f4a6df7-7f5a-4d23-b668-b515d177d374",
        "x-ms-gatewayversion": "version=2.14.0",
        "x-ms-ratelimit-remaining-subscription-reads": "11821",
        "x-ms-request-id": "5f4a6df7-7f5a-4d23-b668-b515d177d374",
        "x-ms-routing-request-id": "SOUTHEASTASIA:20230328T023520Z:5f4a6df7-7f5a-4d23-b668-b515d177d374"
      },
      "ResponseBody": {
        "status": "Dequeued"
      }
    },
    {
      "RequestUri": "https://management.azure.com/subscriptions/88888888-8888-8888-8888-888888888888/providers/Microsoft.DocumentDB/locations/eastus/operationsStatus/66c480ea-6341-45c0-97f3-dfc896b73a2f?api-version=2023-03-01-preview",
      "RequestMethod": "GET",
      "RequestHeaders": {
        "Accept": "application/json",
        "Accept-Encoding": "gzip,deflate",
        "Authorization": "Sanitized",
        "Connection": "keep-alive",
        "Content-Type": "application/json",
        "User-Agent": "azsdk-js-arm-cosmosdb/15.4.0-beta.2 core-rest-pipeline/1.10.3 Node/v16.17.0 OS/(x64-Windows_NT-10.0.22621)",
        "x-ms-client-request-id": "a33f2148-cbcc-499c-8eaa-622644d80969"
      },
      "RequestBody": null,
      "StatusCode": 200,
      "ResponseHeaders": {
        "Cache-Control": "no-store, no-cache",
        "Content-Encoding": "gzip",
        "Content-Type": "application/json",
        "Date": "Tue, 28 Mar 2023 02:35:22 GMT",
        "Pragma": "no-cache",
        "Server": "Microsoft-HTTPAPI/2.0",
        "Strict-Transport-Security": "max-age=31536000; includeSubDomains",
        "Transfer-Encoding": "chunked",
        "Vary": "Accept-Encoding",
        "X-Content-Type-Options": "nosniff",
        "x-ms-correlation-request-id": "aa266086-265f-4a0c-b564-c79c679098c6",
        "x-ms-gatewayversion": "version=2.14.0",
        "x-ms-ratelimit-remaining-subscription-reads": "11820",
        "x-ms-request-id": "aa266086-265f-4a0c-b564-c79c679098c6",
        "x-ms-routing-request-id": "SOUTHEASTASIA:20230328T023522Z:aa266086-265f-4a0c-b564-c79c679098c6"
      },
      "ResponseBody": {
        "status": "Succeeded"
      }
    },
    {
      "RequestUri": "https://management.azure.com/subscriptions/88888888-8888-8888-8888-888888888888/resourceGroups/myjstest/providers/Microsoft.DocumentDB/databaseAccounts/myaccountxxyy3/mongodbDatabases/mydatabasexxxx?api-version=2023-03-01-preview",
      "RequestMethod": "GET",
      "RequestHeaders": {
        "Accept": "application/json",
        "Accept-Encoding": "gzip,deflate",
        "Authorization": "Sanitized",
        "Connection": "keep-alive",
        "Content-Type": "application/json",
        "User-Agent": "azsdk-js-arm-cosmosdb/15.4.0-beta.2 core-rest-pipeline/1.10.3 Node/v16.17.0 OS/(x64-Windows_NT-10.0.22621)",
        "x-ms-client-request-id": "0c749226-e13a-4b0a-a4ca-67e9530bea23"
      },
      "RequestBody": null,
      "StatusCode": 200,
      "ResponseHeaders": {
        "Cache-Control": "no-store, no-cache",
        "Content-Encoding": "gzip",
        "Content-Type": "application/json",
        "Date": "Tue, 28 Mar 2023 02:35:23 GMT",
        "Pragma": "no-cache",
        "Server": "Microsoft-HTTPAPI/2.0",
        "Strict-Transport-Security": "max-age=31536000; includeSubDomains",
        "Transfer-Encoding": "chunked",
        "Vary": "Accept-Encoding",
        "X-Content-Type-Options": "nosniff",
        "x-ms-correlation-request-id": "f96f02ce-ac30-4b69-9edc-57a83a32bc26",
        "x-ms-gatewayversion": "version=2.14.0",
        "x-ms-ratelimit-remaining-subscription-reads": "11819",
        "x-ms-request-id": "f96f02ce-ac30-4b69-9edc-57a83a32bc26",
        "x-ms-routing-request-id": "SOUTHEASTASIA:20230328T023523Z:f96f02ce-ac30-4b69-9edc-57a83a32bc26"
      },
      "ResponseBody": {
        "id": "/subscriptions/88888888-8888-8888-8888-888888888888/resourceGroups/myjstest/providers/Microsoft.DocumentDB/databaseAccounts/myaccountxxyy3/mongodbDatabases/mydatabasexxxx",
        "type": "Microsoft.DocumentDB/databaseAccounts/mongodbDatabases",
        "name": "mydatabasexxxx",
        "properties": {
          "resource": {
            "id": "mydatabasexxxx"
          }
        }
      }
    }
  ],
  "Variables": {}
}
