{
  "Entries": [
    {
      "RequestUri": "https://management.azure.com/subscriptions/azure_subscription_id/resourceGroups/myjstest/providers/Microsoft.DocumentDB/databaseAccounts/myaccountxxyy1/cassandraKeyspaces/mykeyspacexxx?api-version=2022-08-15-preview",
      "RequestMethod": "DELETE",
      "RequestHeaders": {
        "Accept-Encoding": "gzip,deflate",
        "Authorization": "Sanitized",
        "Connection": "keep-alive",
        "User-Agent": "azsdk-js-arm-cosmosdb/16.0.0-beta.5 core-rest-pipeline/1.10.1 Node/v18.10.0 OS/(x64-Windows_NT-10.0.19042)",
        "x-ms-client-request-id": "53ff9d76-02dc-4ef4-9bd7-bd8fafdf70d9"
      },
      "RequestBody": null,
      "StatusCode": 202,
      "ResponseHeaders": {
        "Azure-AsyncOperation": "https://management.azure.com/subscriptions/92f95d8f-3c67-4124-91c7-8cf07cdbf241/providers/Microsoft.DocumentDB/locations/eastus/operationsStatus/a864d17e-073c-4ee6-8a82-0b40b158ea31?api-version=2022-08-15-preview",
        "Cache-Control": "no-store, no-cache",
        "Content-Length": "21",
        "Content-Type": "application/json",
        "Date": "Wed, 04 Jan 2023 09:32:22 GMT",
        "Location": "https://management.azure.com/subscriptions/azure_subscription_id/resourceGroups/myjstest/providers/Microsoft.DocumentDB/databaseAccounts/myaccountxxyy1/cassandraKeyspaces/mykeyspacexxx/operationResults/a864d17e-073c-4ee6-8a82-0b40b158ea31?api-version=2022-08-15-preview",
        "Pragma": "no-cache",
        "Server": "Microsoft-HTTPAPI/2.0",
        "Strict-Transport-Security": "max-age=31536000; includeSubDomains",
        "X-Content-Type-Options": "nosniff",
        "x-ms-correlation-request-id": "efc85ecb-429d-4036-a5aa-cb1b68666754",
        "x-ms-gatewayversion": "version=2.14.0",
        "x-ms-ratelimit-remaining-subscription-deletes": "14999",
        "x-ms-request-id": "a864d17e-073c-4ee6-8a82-0b40b158ea31",
        "x-ms-routing-request-id": "SOUTHEASTASIA:20230104T093223Z:efc85ecb-429d-4036-a5aa-cb1b68666754"
      },
      "ResponseBody": {
        "status": "Enqueued"
      }
    },
    {
      "RequestUri": "https://management.azure.com/subscriptions/92f95d8f-3c67-4124-91c7-8cf07cdbf241/providers/Microsoft.DocumentDB/locations/eastus/operationsStatus/a864d17e-073c-4ee6-8a82-0b40b158ea31?api-version=2022-08-15-preview",
      "RequestMethod": "GET",
      "RequestHeaders": {
        "Accept-Encoding": "gzip,deflate",
        "Authorization": "Sanitized",
        "Connection": "keep-alive",
        "User-Agent": "azsdk-js-arm-cosmosdb/16.0.0-beta.5 core-rest-pipeline/1.10.1 Node/v18.10.0 OS/(x64-Windows_NT-10.0.19042)",
        "x-ms-client-request-id": "456e88bc-b52e-43ed-b641-eccea53f9764"
      },
      "RequestBody": null,
      "StatusCode": 200,
      "ResponseHeaders": {
        "Cache-Control": "no-store, no-cache",
        "Content-Encoding": "gzip",
        "Content-Type": "application/json",
        "Date": "Wed, 04 Jan 2023 09:32:23 GMT",
        "Pragma": "no-cache",
        "Server": "Microsoft-HTTPAPI/2.0",
        "Strict-Transport-Security": "max-age=31536000; includeSubDomains",
        "Transfer-Encoding": "chunked",
        "Vary": "Accept-Encoding",
        "X-Content-Type-Options": "nosniff",
        "x-ms-correlation-request-id": "d1ec8a8c-492c-4462-bc04-051020a7610a",
        "x-ms-gatewayversion": "version=2.14.0",
        "x-ms-ratelimit-remaining-subscription-reads": "11898",
        "x-ms-request-id": "d1ec8a8c-492c-4462-bc04-051020a7610a",
        "x-ms-routing-request-id": "SOUTHEASTASIA:20230104T093223Z:d1ec8a8c-492c-4462-bc04-051020a7610a"
      },
      "ResponseBody": {
        "status": "Enqueued"
      }
    },
    {
      "RequestUri": "https://management.azure.com/subscriptions/92f95d8f-3c67-4124-91c7-8cf07cdbf241/providers/Microsoft.DocumentDB/locations/eastus/operationsStatus/a864d17e-073c-4ee6-8a82-0b40b158ea31?api-version=2022-08-15-preview",
      "RequestMethod": "GET",
      "RequestHeaders": {
        "Accept-Encoding": "gzip,deflate",
        "Authorization": "Sanitized",
        "Connection": "keep-alive",
        "User-Agent": "azsdk-js-arm-cosmosdb/16.0.0-beta.5 core-rest-pipeline/1.10.1 Node/v18.10.0 OS/(x64-Windows_NT-10.0.19042)",
        "x-ms-client-request-id": "dad91bd0-4a46-410d-8f97-25a0dcc4d7a7"
      },
      "RequestBody": null,
      "StatusCode": 200,
      "ResponseHeaders": {
        "Cache-Control": "no-store, no-cache",
        "Content-Encoding": "gzip",
        "Content-Type": "application/json",
        "Date": "Wed, 04 Jan 2023 09:32:23 GMT",
        "Pragma": "no-cache",
        "Server": "Microsoft-HTTPAPI/2.0",
        "Strict-Transport-Security": "max-age=31536000; includeSubDomains",
        "Transfer-Encoding": "chunked",
        "Vary": "Accept-Encoding",
        "X-Content-Type-Options": "nosniff",
        "x-ms-correlation-request-id": "a03e8b61-914f-4723-aee3-57ac085c5cf9",
        "x-ms-gatewayversion": "version=2.14.0",
        "x-ms-ratelimit-remaining-subscription-reads": "11897",
        "x-ms-request-id": "a03e8b61-914f-4723-aee3-57ac085c5cf9",
        "x-ms-routing-request-id": "SOUTHEASTASIA:20230104T093224Z:a03e8b61-914f-4723-aee3-57ac085c5cf9"
      },
      "ResponseBody": {
        "status": "Enqueued"
      }
    },
    {
      "RequestUri": "https://management.azure.com/subscriptions/92f95d8f-3c67-4124-91c7-8cf07cdbf241/providers/Microsoft.DocumentDB/locations/eastus/operationsStatus/a864d17e-073c-4ee6-8a82-0b40b158ea31?api-version=2022-08-15-preview",
      "RequestMethod": "GET",
      "RequestHeaders": {
        "Accept-Encoding": "gzip,deflate",
        "Authorization": "Sanitized",
        "Connection": "keep-alive",
        "User-Agent": "azsdk-js-arm-cosmosdb/16.0.0-beta.5 core-rest-pipeline/1.10.1 Node/v18.10.0 OS/(x64-Windows_NT-10.0.19042)",
        "x-ms-client-request-id": "64f09c17-8c05-4fb1-b49e-ed06d939fbbc"
      },
      "RequestBody": null,
      "StatusCode": 200,
      "ResponseHeaders": {
        "Cache-Control": "no-store, no-cache",
        "Content-Encoding": "gzip",
        "Content-Type": "application/json",
        "Date": "Wed, 04 Jan 2023 09:32:25 GMT",
        "Pragma": "no-cache",
        "Server": "Microsoft-HTTPAPI/2.0",
        "Strict-Transport-Security": "max-age=31536000; includeSubDomains",
        "Transfer-Encoding": "chunked",
        "Vary": "Accept-Encoding",
        "X-Content-Type-Options": "nosniff",
        "x-ms-correlation-request-id": "13bd241a-680d-4432-912b-338e2f397b65",
        "x-ms-gatewayversion": "version=2.14.0",
        "x-ms-ratelimit-remaining-subscription-reads": "11896",
        "x-ms-request-id": "13bd241a-680d-4432-912b-338e2f397b65",
        "x-ms-routing-request-id": "SOUTHEASTASIA:20230104T093226Z:13bd241a-680d-4432-912b-338e2f397b65"
      },
      "ResponseBody": {
        "status": "Enqueued"
      }
    },
    {
      "RequestUri": "https://management.azure.com/subscriptions/92f95d8f-3c67-4124-91c7-8cf07cdbf241/providers/Microsoft.DocumentDB/locations/eastus/operationsStatus/a864d17e-073c-4ee6-8a82-0b40b158ea31?api-version=2022-08-15-preview",
      "RequestMethod": "GET",
      "RequestHeaders": {
        "Accept-Encoding": "gzip,deflate",
        "Authorization": "Sanitized",
        "Connection": "keep-alive",
        "User-Agent": "azsdk-js-arm-cosmosdb/16.0.0-beta.5 core-rest-pipeline/1.10.1 Node/v18.10.0 OS/(x64-Windows_NT-10.0.19042)",
        "x-ms-client-request-id": "349398d0-4cbf-4c42-a8ab-376ba5066c66"
      },
      "RequestBody": null,
      "StatusCode": 200,
      "ResponseHeaders": {
        "Cache-Control": "no-store, no-cache",
        "Content-Encoding": "gzip",
        "Content-Type": "application/json",
        "Date": "Wed, 04 Jan 2023 09:32:28 GMT",
        "Pragma": "no-cache",
        "Server": "Microsoft-HTTPAPI/2.0",
        "Strict-Transport-Security": "max-age=31536000; includeSubDomains",
        "Transfer-Encoding": "chunked",
        "Vary": "Accept-Encoding",
        "X-Content-Type-Options": "nosniff",
        "x-ms-correlation-request-id": "7a8610fc-0fc9-450b-95c4-25a871865d79",
        "x-ms-gatewayversion": "version=2.14.0",
        "x-ms-ratelimit-remaining-subscription-reads": "11895",
        "x-ms-request-id": "7a8610fc-0fc9-450b-95c4-25a871865d79",
        "x-ms-routing-request-id": "SOUTHEASTASIA:20230104T093228Z:7a8610fc-0fc9-450b-95c4-25a871865d79"
      },
      "ResponseBody": {
        "status": "Dequeued"
      }
    },
    {
      "RequestUri": "https://management.azure.com/subscriptions/92f95d8f-3c67-4124-91c7-8cf07cdbf241/providers/Microsoft.DocumentDB/locations/eastus/operationsStatus/a864d17e-073c-4ee6-8a82-0b40b158ea31?api-version=2022-08-15-preview",
      "RequestMethod": "GET",
      "RequestHeaders": {
        "Accept-Encoding": "gzip,deflate",
        "Authorization": "Sanitized",
        "Connection": "keep-alive",
        "User-Agent": "azsdk-js-arm-cosmosdb/16.0.0-beta.5 core-rest-pipeline/1.10.1 Node/v18.10.0 OS/(x64-Windows_NT-10.0.19042)",
        "x-ms-client-request-id": "49842043-3d58-4088-9d94-ebdde8bc794d"
      },
      "RequestBody": null,
      "StatusCode": 200,
      "ResponseHeaders": {
        "Cache-Control": "no-store, no-cache",
        "Content-Encoding": "gzip",
        "Content-Type": "application/json",
        "Date": "Wed, 04 Jan 2023 09:32:30 GMT",
        "Pragma": "no-cache",
        "Server": "Microsoft-HTTPAPI/2.0",
        "Strict-Transport-Security": "max-age=31536000; includeSubDomains",
        "Transfer-Encoding": "chunked",
        "Vary": "Accept-Encoding",
        "X-Content-Type-Options": "nosniff",
        "x-ms-correlation-request-id": "c17a75ad-304b-4551-b2c0-2d53ffcf65d4",
        "x-ms-gatewayversion": "version=2.14.0",
        "x-ms-ratelimit-remaining-subscription-reads": "11894",
        "x-ms-request-id": "c17a75ad-304b-4551-b2c0-2d53ffcf65d4",
        "x-ms-routing-request-id": "SOUTHEASTASIA:20230104T093231Z:c17a75ad-304b-4551-b2c0-2d53ffcf65d4"
      },
      "ResponseBody": {
        "status": "Succeeded"
      }
    },
    {
      "RequestUri": "https://management.azure.com/subscriptions/azure_subscription_id/resourceGroups/myjstest/providers/Microsoft.DocumentDB/databaseAccounts/myaccountxxyy1/cassandraKeyspaces?api-version=2022-08-15-preview",
      "RequestMethod": "GET",
      "RequestHeaders": {
        "Accept": "application/json",
        "Accept-Encoding": "gzip,deflate",
        "Authorization": "Sanitized",
        "Connection": "keep-alive",
        "User-Agent": "azsdk-js-arm-cosmosdb/16.0.0-beta.5 core-rest-pipeline/1.10.1 Node/v18.10.0 OS/(x64-Windows_NT-10.0.19042)",
        "x-ms-client-request-id": "78c90355-09b6-41df-aa36-9498f17d4201"
      },
      "RequestBody": null,
      "StatusCode": 200,
      "ResponseHeaders": {
        "Cache-Control": "no-store, no-cache",
        "Content-Encoding": "gzip",
        "Content-Type": "application/json",
        "Date": "Wed, 04 Jan 2023 09:32:31 GMT",
        "Pragma": "no-cache",
        "Server": "Microsoft-HTTPAPI/2.0",
        "Strict-Transport-Security": "max-age=31536000; includeSubDomains",
        "Transfer-Encoding": "chunked",
        "Vary": "Accept-Encoding",
        "X-Content-Type-Options": "nosniff",
        "x-ms-correlation-request-id": "dd5ce8b3-1a1e-4744-b763-20b8c3827c34",
        "x-ms-gatewayversion": "version=2.14.0",
        "x-ms-ratelimit-remaining-subscription-reads": "11893",
        "x-ms-request-id": "dd5ce8b3-1a1e-4744-b763-20b8c3827c34",
        "x-ms-routing-request-id": "SOUTHEASTASIA:20230104T093231Z:dd5ce8b3-1a1e-4744-b763-20b8c3827c34"
      },
      "ResponseBody": {
        "value": []
      }
    }
  ],
  "Variables": {}
}
