{
  "Entries": [
    {
      "RequestUri": "https://management.azure.com/subscriptions/azure_subscription_id/resourceGroups/myjstest/providers/Microsoft.DocumentDB/databaseAccounts/myaccountxxyy1/cassandraKeyspaces/mykeyspacexxx/throughputSettings/default/migrateToAutoscale?api-version=2022-05-15-preview",
      "RequestMethod": "POST",
      "RequestHeaders": {
        "Accept": "application/json",
        "Accept-Encoding": "gzip,deflate",
        "Authorization": "Sanitized",
        "Connection": "keep-alive",
        "Content-Length": "0",
        "User-Agent": "azsdk-js-arm-cosmosdb/15.1.0-beta.1 core-rest-pipeline/1.9.1 Node/v16.15.1 OS/(x64-Windows_NT-10.0.22000)",
        "x-ms-client-request-id": "be07667c-2063-4223-be93-29e3866f043d"
      },
      "RequestBody": null,
      "StatusCode": 202,
      "ResponseHeaders": {
        "Azure-AsyncOperation": "https://management.azure.com/subscriptions/azure_subscription_id/providers/Microsoft.DocumentDB/locations/eastus/operationsStatus/73980df6-30ff-45a0-ac56-3f5fc29f260f?api-version=2022-05-15-preview",
        "Cache-Control": "no-store, no-cache",
        "Content-Length": "21",
        "Content-Type": "application/json",
        "Date": "Wed, 20 Jul 2022 01:48:54 GMT",
        "Location": "https://management.azure.com/subscriptions/azure_subscription_id/resourceGroups/myjstest/providers/Microsoft.DocumentDB/databaseAccounts/myaccountxxyy1/cassandraKeyspaces/mykeyspacexxx/throughputSettings/default/migrateToAutoscale/operationResults/73980df6-30ff-45a0-ac56-3f5fc29f260f?api-version=2022-05-15-preview",
        "Pragma": "no-cache",
        "Server": "Microsoft-HTTPAPI/2.0",
        "Strict-Transport-Security": "max-age=31536000; includeSubDomains",
        "X-Content-Type-Options": "nosniff",
        "x-ms-correlation-request-id": "2f156a3b-4748-4a04-b7cd-b50a3aaeedf0",
        "x-ms-gatewayversion": "version=2.14.0",
        "x-ms-ratelimit-remaining-subscription-writes": "1199",
        "x-ms-request-id": "73980df6-30ff-45a0-ac56-3f5fc29f260f",
        "x-ms-routing-request-id": "SOUTHEASTASIA:20220720T014855Z:2f156a3b-4748-4a04-b7cd-b50a3aaeedf0"
      },
      "ResponseBody": {
        "status": "Enqueued"
      }
    },
    {
      "RequestUri": "https://management.azure.com/subscriptions/azure_subscription_id/providers/Microsoft.DocumentDB/locations/eastus/operationsStatus/73980df6-30ff-45a0-ac56-3f5fc29f260f?api-version=2022-05-15-preview",
      "RequestMethod": "GET",
      "RequestHeaders": {
        "Accept": "application/json",
        "Accept-Encoding": "gzip,deflate",
        "Authorization": "Sanitized",
        "Connection": "keep-alive",
        "User-Agent": "azsdk-js-arm-cosmosdb/15.1.0-beta.1 core-rest-pipeline/1.9.1 Node/v16.15.1 OS/(x64-Windows_NT-10.0.22000)",
        "x-ms-client-request-id": "7fdbbfce-be5d-4c99-867b-c9fb4e6c6404"
      },
      "RequestBody": null,
      "StatusCode": 200,
      "ResponseHeaders": {
        "Cache-Control": "no-store, no-cache",
        "Content-Encoding": "gzip",
        "Content-Type": "application/json",
        "Date": "Wed, 20 Jul 2022 01:48:54 GMT",
        "Pragma": "no-cache",
        "Server": "Microsoft-HTTPAPI/2.0",
        "Strict-Transport-Security": "max-age=31536000; includeSubDomains",
        "Transfer-Encoding": "chunked",
        "Vary": "Accept-Encoding",
        "X-Content-Type-Options": "nosniff",
        "x-ms-correlation-request-id": "8546b969-aa1c-41e5-a332-70de3d573482",
        "x-ms-gatewayversion": "version=2.14.0",
        "x-ms-ratelimit-remaining-subscription-reads": "11918",
        "x-ms-request-id": "8546b969-aa1c-41e5-a332-70de3d573482",
        "x-ms-routing-request-id": "SOUTHEASTASIA:20220720T014855Z:8546b969-aa1c-41e5-a332-70de3d573482"
      },
      "ResponseBody": {
        "status": "Enqueued"
      }
    },
    {
      "RequestUri": "https://management.azure.com/subscriptions/azure_subscription_id/providers/Microsoft.DocumentDB/locations/eastus/operationsStatus/73980df6-30ff-45a0-ac56-3f5fc29f260f?api-version=2022-05-15-preview",
      "RequestMethod": "GET",
      "RequestHeaders": {
        "Accept": "application/json",
        "Accept-Encoding": "gzip,deflate",
        "Authorization": "Sanitized",
        "Connection": "keep-alive",
        "User-Agent": "azsdk-js-arm-cosmosdb/15.1.0-beta.1 core-rest-pipeline/1.9.1 Node/v16.15.1 OS/(x64-Windows_NT-10.0.22000)",
        "x-ms-client-request-id": "504aad98-97b4-4718-ace4-56d8b26e0b0f"
      },
      "RequestBody": null,
      "StatusCode": 200,
      "ResponseHeaders": {
        "Cache-Control": "no-store, no-cache",
        "Content-Encoding": "gzip",
        "Content-Type": "application/json",
        "Date": "Wed, 20 Jul 2022 01:48:55 GMT",
        "Pragma": "no-cache",
        "Server": "Microsoft-HTTPAPI/2.0",
        "Strict-Transport-Security": "max-age=31536000; includeSubDomains",
        "Transfer-Encoding": "chunked",
        "Vary": "Accept-Encoding",
        "X-Content-Type-Options": "nosniff",
        "x-ms-correlation-request-id": "aedfb88c-954b-4c0e-8bf8-06c241cc71d6",
        "x-ms-gatewayversion": "version=2.14.0",
        "x-ms-ratelimit-remaining-subscription-reads": "11917",
        "x-ms-request-id": "aedfb88c-954b-4c0e-8bf8-06c241cc71d6",
        "x-ms-routing-request-id": "SOUTHEASTASIA:20220720T014856Z:aedfb88c-954b-4c0e-8bf8-06c241cc71d6"
      },
      "ResponseBody": {
        "status": "Enqueued"
      }
    },
    {
      "RequestUri": "https://management.azure.com/subscriptions/azure_subscription_id/providers/Microsoft.DocumentDB/locations/eastus/operationsStatus/73980df6-30ff-45a0-ac56-3f5fc29f260f?api-version=2022-05-15-preview",
      "RequestMethod": "GET",
      "RequestHeaders": {
        "Accept": "application/json",
        "Accept-Encoding": "gzip,deflate",
        "Authorization": "Sanitized",
        "Connection": "keep-alive",
        "User-Agent": "azsdk-js-arm-cosmosdb/15.1.0-beta.1 core-rest-pipeline/1.9.1 Node/v16.15.1 OS/(x64-Windows_NT-10.0.22000)",
        "x-ms-client-request-id": "5b29cb74-b44c-4720-a99d-817510c0ed30"
      },
      "RequestBody": null,
      "StatusCode": 200,
      "ResponseHeaders": {
        "Cache-Control": "no-store, no-cache",
        "Content-Encoding": "gzip",
        "Content-Type": "application/json",
        "Date": "Wed, 20 Jul 2022 01:48:57 GMT",
        "Pragma": "no-cache",
        "Server": "Microsoft-HTTPAPI/2.0",
        "Strict-Transport-Security": "max-age=31536000; includeSubDomains",
        "Transfer-Encoding": "chunked",
        "Vary": "Accept-Encoding",
        "X-Content-Type-Options": "nosniff",
        "x-ms-correlation-request-id": "b2c94d86-646c-4cb6-af02-483fa87c9e1c",
        "x-ms-gatewayversion": "version=2.14.0",
        "x-ms-ratelimit-remaining-subscription-reads": "11916",
        "x-ms-request-id": "b2c94d86-646c-4cb6-af02-483fa87c9e1c",
        "x-ms-routing-request-id": "SOUTHEASTASIA:20220720T014858Z:b2c94d86-646c-4cb6-af02-483fa87c9e1c"
      },
      "ResponseBody": {
        "status": "Enqueued"
      }
    },
    {
      "RequestUri": "https://management.azure.com/subscriptions/azure_subscription_id/providers/Microsoft.DocumentDB/locations/eastus/operationsStatus/73980df6-30ff-45a0-ac56-3f5fc29f260f?api-version=2022-05-15-preview",
      "RequestMethod": "GET",
      "RequestHeaders": {
        "Accept": "application/json",
        "Accept-Encoding": "gzip,deflate",
        "Authorization": "Sanitized",
        "Connection": "keep-alive",
        "User-Agent": "azsdk-js-arm-cosmosdb/15.1.0-beta.1 core-rest-pipeline/1.9.1 Node/v16.15.1 OS/(x64-Windows_NT-10.0.22000)",
        "x-ms-client-request-id": "941ff306-4437-42f2-a198-78f724116ada"
      },
      "RequestBody": null,
      "StatusCode": 200,
      "ResponseHeaders": {
        "Cache-Control": "no-store, no-cache",
        "Content-Encoding": "gzip",
        "Content-Type": "application/json",
        "Date": "Wed, 20 Jul 2022 01:48:59 GMT",
        "Pragma": "no-cache",
        "Server": "Microsoft-HTTPAPI/2.0",
        "Strict-Transport-Security": "max-age=31536000; includeSubDomains",
        "Transfer-Encoding": "chunked",
        "Vary": "Accept-Encoding",
        "X-Content-Type-Options": "nosniff",
        "x-ms-correlation-request-id": "b0f94e70-841d-468a-96b7-3d000fba97dc",
        "x-ms-gatewayversion": "version=2.14.0",
        "x-ms-ratelimit-remaining-subscription-reads": "11915",
        "x-ms-request-id": "b0f94e70-841d-468a-96b7-3d000fba97dc",
        "x-ms-routing-request-id": "SOUTHEASTASIA:20220720T014900Z:b0f94e70-841d-468a-96b7-3d000fba97dc"
      },
      "ResponseBody": {
        "status": "Dequeued"
      }
    },
    {
      "RequestUri": "https://management.azure.com/subscriptions/azure_subscription_id/providers/Microsoft.DocumentDB/locations/eastus/operationsStatus/73980df6-30ff-45a0-ac56-3f5fc29f260f?api-version=2022-05-15-preview",
      "RequestMethod": "GET",
      "RequestHeaders": {
        "Accept": "application/json",
        "Accept-Encoding": "gzip,deflate",
        "Authorization": "Sanitized",
        "Connection": "keep-alive",
        "User-Agent": "azsdk-js-arm-cosmosdb/15.1.0-beta.1 core-rest-pipeline/1.9.1 Node/v16.15.1 OS/(x64-Windows_NT-10.0.22000)",
        "x-ms-client-request-id": "3e3c382c-865f-4f5a-89a2-3c51c8e5510f"
      },
      "RequestBody": null,
      "StatusCode": 200,
      "ResponseHeaders": {
        "Cache-Control": "no-store, no-cache",
        "Content-Encoding": "gzip",
        "Content-Type": "application/json",
        "Date": "Wed, 20 Jul 2022 01:49:03 GMT",
        "Pragma": "no-cache",
        "Server": "Microsoft-HTTPAPI/2.0",
        "Strict-Transport-Security": "max-age=31536000; includeSubDomains",
        "Transfer-Encoding": "chunked",
        "Vary": "Accept-Encoding",
        "X-Content-Type-Options": "nosniff",
        "x-ms-correlation-request-id": "ab6293ee-b5c6-4c0d-ad1f-d6e7dd39906a",
        "x-ms-gatewayversion": "version=2.14.0",
        "x-ms-ratelimit-remaining-subscription-reads": "11914",
        "x-ms-request-id": "ab6293ee-b5c6-4c0d-ad1f-d6e7dd39906a",
        "x-ms-routing-request-id": "SOUTHEASTASIA:20220720T014903Z:ab6293ee-b5c6-4c0d-ad1f-d6e7dd39906a"
      },
      "ResponseBody": {
        "status": "Succeeded"
      }
    },
    {
      "RequestUri": "https://management.azure.com/subscriptions/azure_subscription_id/resourceGroups/myjstest/providers/Microsoft.DocumentDB/databaseAccounts/myaccountxxyy1/cassandraKeyspaces/mykeyspacexxx/throughputSettings/default/migrateToAutoscale/operationResults/73980df6-30ff-45a0-ac56-3f5fc29f260f?api-version=2022-05-15-preview",
      "RequestMethod": "GET",
      "RequestHeaders": {
        "Accept": "application/json",
        "Accept-Encoding": "gzip,deflate",
        "Authorization": "Sanitized",
        "Connection": "keep-alive",
        "User-Agent": "azsdk-js-arm-cosmosdb/15.1.0-beta.1 core-rest-pipeline/1.9.1 Node/v16.15.1 OS/(x64-Windows_NT-10.0.22000)",
        "x-ms-client-request-id": "f13f0404-7b61-4f59-a851-71201fd5bab0"
      },
      "RequestBody": null,
      "StatusCode": 200,
      "ResponseHeaders": {
        "Cache-Control": "no-store, no-cache",
        "Content-Encoding": "gzip",
        "Content-Type": "application/json",
        "Date": "Wed, 20 Jul 2022 01:49:05 GMT",
        "Pragma": "no-cache",
        "Server": "Microsoft-HTTPAPI/2.0",
        "Strict-Transport-Security": "max-age=31536000; includeSubDomains",
        "Transfer-Encoding": "chunked",
        "Vary": "Accept-Encoding",
        "X-Content-Type-Options": "nosniff",
        "x-ms-correlation-request-id": "710122a8-121d-411c-b8a0-eb622e79b12a",
        "x-ms-gatewayversion": "version=2.14.0",
        "x-ms-ratelimit-remaining-subscription-reads": "11913",
        "x-ms-request-id": "710122a8-121d-411c-b8a0-eb622e79b12a",
        "x-ms-routing-request-id": "SOUTHEASTASIA:20220720T014905Z:710122a8-121d-411c-b8a0-eb622e79b12a"
      },
      "ResponseBody": {
        "id": "/subscriptions/azure_subscription_id/resourceGroups/myjstest/providers/Microsoft.DocumentDB/databaseAccounts/myaccountxxyy1/cassandraKeyspaces/mykeyspacexxx/throughputSettings/default/migrateToAutoscale",
        "type": "Microsoft.DocumentDB/databaseAccounts/cassandraKeyspaces/throughputSettings/migrateToAutoscale",
        "name": "v2fo",
        "properties": {
          "resource": {
            "throughput": 100,
            "autoscaleSettings": {
              "maxThroughput": 1000
            },
            "minimumThroughput": "1000"
          }
        }
      }
    }
  ],
  "Variables": {}
}
