{
  "Entries": [
    {
      "RequestUri": "https://management.azure.com/subscriptions/azure_subscription_id/resourceGroups/myjstest/providers/Microsoft.DocumentDB/databaseAccounts/myaccountxxyy1/cassandraKeyspaces/mykeyspacexxx?api-version=2022-08-15-preview",
      "RequestMethod": "DELETE",
      "RequestHeaders": {
        "Accept-Encoding": "gzip,deflate",
        "Authorization": "Sanitized",
        "Connection": "keep-alive",
        "User-Agent": "azsdk-js-arm-cosmosdb/15.3.0-beta.1 core-rest-pipeline/1.10.1 Node/v18.10.0 OS/(x64-Windows_NT-10.0.19042)",
        "x-ms-client-request-id": "92d5763b-1ff8-4bcb-a343-0118bd34b705"
      },
      "RequestBody": null,
      "StatusCode": 202,
      "ResponseHeaders": {
        "Azure-AsyncOperation": "https://management.azure.com/subscriptions/92f95d8f-3c67-4124-91c7-8cf07cdbf241/providers/Microsoft.DocumentDB/locations/eastus/operationsStatus/a9faa6ab-fad8-49c2-89bd-5a0936f5abf5?api-version=2022-08-15-preview",
        "Cache-Control": "no-store, no-cache",
        "Content-Length": "21",
        "Content-Type": "application/json",
        "Date": "Tue, 03 Jan 2023 06:31:22 GMT",
        "Location": "https://management.azure.com/subscriptions/azure_subscription_id/resourceGroups/myjstest/providers/Microsoft.DocumentDB/databaseAccounts/myaccountxxyy1/cassandraKeyspaces/mykeyspacexxx/operationResults/a9faa6ab-fad8-49c2-89bd-5a0936f5abf5?api-version=2022-08-15-preview",
        "Pragma": "no-cache",
        "Server": "Microsoft-HTTPAPI/2.0",
        "Strict-Transport-Security": "max-age=31536000; includeSubDomains",
        "X-Content-Type-Options": "nosniff",
        "x-ms-correlation-request-id": "2f878247-33bb-4507-a45f-7bd140d429d6",
        "x-ms-gatewayversion": "version=2.14.0",
        "x-ms-ratelimit-remaining-subscription-deletes": "14999",
        "x-ms-request-id": "a9faa6ab-fad8-49c2-89bd-5a0936f5abf5",
        "x-ms-routing-request-id": "SOUTHEASTASIA:20230103T063123Z:2f878247-33bb-4507-a45f-7bd140d429d6"
      },
      "ResponseBody": {
        "status": "Enqueued"
      }
    },
    {
      "RequestUri": "https://management.azure.com/subscriptions/92f95d8f-3c67-4124-91c7-8cf07cdbf241/providers/Microsoft.DocumentDB/locations/eastus/operationsStatus/a9faa6ab-fad8-49c2-89bd-5a0936f5abf5?api-version=2022-08-15-preview",
      "RequestMethod": "GET",
      "RequestHeaders": {
        "Accept-Encoding": "gzip,deflate",
        "Authorization": "Sanitized",
        "Connection": "keep-alive",
        "User-Agent": "azsdk-js-arm-cosmosdb/15.3.0-beta.1 core-rest-pipeline/1.10.1 Node/v18.10.0 OS/(x64-Windows_NT-10.0.19042)",
        "x-ms-client-request-id": "9e5bc11c-94fc-4aee-b299-6d178e067b4d"
      },
      "RequestBody": null,
      "StatusCode": 200,
      "ResponseHeaders": {
        "Cache-Control": "no-store, no-cache",
        "Content-Encoding": "gzip",
        "Content-Type": "application/json",
        "Date": "Tue, 03 Jan 2023 06:31:22 GMT",
        "Pragma": "no-cache",
        "Server": "Microsoft-HTTPAPI/2.0",
        "Strict-Transport-Security": "max-age=31536000; includeSubDomains",
        "Transfer-Encoding": "chunked",
        "Vary": "Accept-Encoding",
        "X-Content-Type-Options": "nosniff",
        "x-ms-correlation-request-id": "7a9d4d07-cd11-4db9-982b-bc05c3888150",
        "x-ms-gatewayversion": "version=2.14.0",
        "x-ms-ratelimit-remaining-subscription-reads": "11915",
        "x-ms-request-id": "7a9d4d07-cd11-4db9-982b-bc05c3888150",
        "x-ms-routing-request-id": "SOUTHEASTASIA:20230103T063123Z:7a9d4d07-cd11-4db9-982b-bc05c3888150"
      },
      "ResponseBody": {
        "status": "Enqueued"
      }
    },
    {
      "RequestUri": "https://management.azure.com/subscriptions/92f95d8f-3c67-4124-91c7-8cf07cdbf241/providers/Microsoft.DocumentDB/locations/eastus/operationsStatus/a9faa6ab-fad8-49c2-89bd-5a0936f5abf5?api-version=2022-08-15-preview",
      "RequestMethod": "GET",
      "RequestHeaders": {
        "Accept-Encoding": "gzip,deflate",
        "Authorization": "Sanitized",
        "Connection": "keep-alive",
        "User-Agent": "azsdk-js-arm-cosmosdb/15.3.0-beta.1 core-rest-pipeline/1.10.1 Node/v18.10.0 OS/(x64-Windows_NT-10.0.19042)",
        "x-ms-client-request-id": "0ba318c8-835c-487e-9925-8e78ddb90e09"
      },
      "RequestBody": null,
      "StatusCode": 200,
      "ResponseHeaders": {
        "Cache-Control": "no-store, no-cache",
        "Content-Encoding": "gzip",
        "Content-Type": "application/json",
        "Date": "Tue, 03 Jan 2023 06:31:22 GMT",
        "Pragma": "no-cache",
        "Server": "Microsoft-HTTPAPI/2.0",
        "Strict-Transport-Security": "max-age=31536000; includeSubDomains",
        "Transfer-Encoding": "chunked",
        "Vary": "Accept-Encoding",
        "X-Content-Type-Options": "nosniff",
        "x-ms-correlation-request-id": "b3af90a2-0efe-4ed6-8480-a7da426b483a",
        "x-ms-gatewayversion": "version=2.14.0",
        "x-ms-ratelimit-remaining-subscription-reads": "11914",
        "x-ms-request-id": "b3af90a2-0efe-4ed6-8480-a7da426b483a",
        "x-ms-routing-request-id": "SOUTHEASTASIA:20230103T063123Z:b3af90a2-0efe-4ed6-8480-a7da426b483a"
      },
      "ResponseBody": {
        "status": "Enqueued"
      }
    },
    {
      "RequestUri": "https://management.azure.com/subscriptions/92f95d8f-3c67-4124-91c7-8cf07cdbf241/providers/Microsoft.DocumentDB/locations/eastus/operationsStatus/a9faa6ab-fad8-49c2-89bd-5a0936f5abf5?api-version=2022-08-15-preview",
      "RequestMethod": "GET",
      "RequestHeaders": {
        "Accept-Encoding": "gzip,deflate",
        "Authorization": "Sanitized",
        "Connection": "keep-alive",
        "User-Agent": "azsdk-js-arm-cosmosdb/15.3.0-beta.1 core-rest-pipeline/1.10.1 Node/v18.10.0 OS/(x64-Windows_NT-10.0.19042)",
        "x-ms-client-request-id": "722d09c0-1de0-4054-8742-689049d6d703"
      },
      "RequestBody": null,
      "StatusCode": 200,
      "ResponseHeaders": {
        "Cache-Control": "no-store, no-cache",
        "Content-Encoding": "gzip",
        "Content-Type": "application/json",
        "Date": "Tue, 03 Jan 2023 06:31:25 GMT",
        "Pragma": "no-cache",
        "Server": "Microsoft-HTTPAPI/2.0",
        "Strict-Transport-Security": "max-age=31536000; includeSubDomains",
        "Transfer-Encoding": "chunked",
        "Vary": "Accept-Encoding",
        "X-Content-Type-Options": "nosniff",
        "x-ms-correlation-request-id": "2fb29fc5-e6d0-4ef3-86d1-f2a74795273b",
        "x-ms-gatewayversion": "version=2.14.0",
        "x-ms-ratelimit-remaining-subscription-reads": "11913",
        "x-ms-request-id": "2fb29fc5-e6d0-4ef3-86d1-f2a74795273b",
        "x-ms-routing-request-id": "SOUTHEASTASIA:20230103T063126Z:2fb29fc5-e6d0-4ef3-86d1-f2a74795273b"
      },
      "ResponseBody": {
        "status": "Dequeued"
      }
    },
    {
      "RequestUri": "https://management.azure.com/subscriptions/92f95d8f-3c67-4124-91c7-8cf07cdbf241/providers/Microsoft.DocumentDB/locations/eastus/operationsStatus/a9faa6ab-fad8-49c2-89bd-5a0936f5abf5?api-version=2022-08-15-preview",
      "RequestMethod": "GET",
      "RequestHeaders": {
        "Accept-Encoding": "gzip,deflate",
        "Authorization": "Sanitized",
        "Connection": "keep-alive",
        "User-Agent": "azsdk-js-arm-cosmosdb/15.3.0-beta.1 core-rest-pipeline/1.10.1 Node/v18.10.0 OS/(x64-Windows_NT-10.0.19042)",
        "x-ms-client-request-id": "eb4dd5a9-7dac-4e67-bdb1-58c8b67e8a85"
      },
      "RequestBody": null,
      "StatusCode": 200,
      "ResponseHeaders": {
        "Cache-Control": "no-store, no-cache",
        "Content-Encoding": "gzip",
        "Content-Type": "application/json",
        "Date": "Tue, 03 Jan 2023 06:31:29 GMT",
        "Pragma": "no-cache",
        "Server": "Microsoft-HTTPAPI/2.0",
        "Strict-Transport-Security": "max-age=31536000; includeSubDomains",
        "Transfer-Encoding": "chunked",
        "Vary": "Accept-Encoding",
        "X-Content-Type-Options": "nosniff",
        "x-ms-correlation-request-id": "2880269e-ecb1-42c1-91b3-2b24de5b05d8",
        "x-ms-gatewayversion": "version=2.14.0",
        "x-ms-ratelimit-remaining-subscription-reads": "11912",
        "x-ms-request-id": "2880269e-ecb1-42c1-91b3-2b24de5b05d8",
        "x-ms-routing-request-id": "SOUTHEASTASIA:20230103T063129Z:2880269e-ecb1-42c1-91b3-2b24de5b05d8"
      },
      "ResponseBody": {
        "status": "Succeeded"
      }
    },
    {
      "RequestUri": "https://management.azure.com/subscriptions/azure_subscription_id/resourceGroups/myjstest/providers/Microsoft.DocumentDB/databaseAccounts/myaccountxxyy1/cassandraKeyspaces?api-version=2022-08-15-preview",
      "RequestMethod": "GET",
      "RequestHeaders": {
        "Accept": "application/json",
        "Accept-Encoding": "gzip,deflate",
        "Authorization": "Sanitized",
        "Connection": "keep-alive",
        "User-Agent": "azsdk-js-arm-cosmosdb/15.3.0-beta.1 core-rest-pipeline/1.10.1 Node/v18.10.0 OS/(x64-Windows_NT-10.0.19042)",
        "x-ms-client-request-id": "6c803904-d338-446a-9773-e1b4eff00cfb"
      },
      "RequestBody": null,
      "StatusCode": 200,
      "ResponseHeaders": {
        "Cache-Control": "no-store, no-cache",
        "Content-Encoding": "gzip",
        "Content-Type": "application/json",
        "Date": "Tue, 03 Jan 2023 06:31:30 GMT",
        "Pragma": "no-cache",
        "Server": "Microsoft-HTTPAPI/2.0",
        "Strict-Transport-Security": "max-age=31536000; includeSubDomains",
        "Transfer-Encoding": "chunked",
        "Vary": "Accept-Encoding",
        "X-Content-Type-Options": "nosniff",
        "x-ms-correlation-request-id": "ba55fd16-d53d-45c2-813f-9815f4b4dfea",
        "x-ms-gatewayversion": "version=2.14.0",
        "x-ms-ratelimit-remaining-subscription-reads": "11911",
        "x-ms-request-id": "ba55fd16-d53d-45c2-813f-9815f4b4dfea",
        "x-ms-routing-request-id": "SOUTHEASTASIA:20230103T063130Z:ba55fd16-d53d-45c2-813f-9815f4b4dfea"
      },
      "ResponseBody": {
        "value": []
      }
    }
  ],
  "Variables": {}
}
