{
  "Entries": [
    {
      "RequestUri": "https://management.azure.com/subscriptions/azure_subscription_id/resourceGroups/myjstest/providers/Microsoft.DocumentDB/databaseAccounts/myaccountxxyy1/cassandraKeyspaces/mykeyspacexxx?api-version=2022-05-15-preview",
      "RequestMethod": "PUT",
      "RequestHeaders": {
        "Accept": "application/json",
        "Accept-Encoding": "gzip,deflate",
        "Authorization": "Sanitized",
        "Connection": "keep-alive",
        "Content-Length": "100",
        "Content-Type": "application/json",
        "User-Agent": "azsdk-js-arm-cosmosdb/16.0.0-beta.3 core-rest-pipeline/1.9.1 Node/v16.15.1 OS/(x64-Windows_NT-10.0.22000)",
        "x-ms-client-request-id": "53121161-1a14-4241-81c0-0c9f45475472"
      },
      "RequestBody": {
        "location": "eastus",
        "properties": {
          "resource": {
            "id": "mykeyspacexxx"
          },
          "options": {
            "throughput": 2000
          }
        }
      },
      "StatusCode": 202,
      "ResponseHeaders": {
        "Azure-AsyncOperation": "https://management.azure.com/subscriptions/azure_subscription_id/providers/Microsoft.DocumentDB/locations/eastus/operationsStatus/cf3c6d8c-eb3d-413f-a2b3-fb12faa2d57a?api-version=2022-05-15-preview",
        "Cache-Control": "no-store, no-cache",
        "Content-Length": "21",
        "Content-Type": "application/json",
        "Date": "Thu, 21 Jul 2022 02:38:20 GMT",
        "Location": "https://management.azure.com/subscriptions/azure_subscription_id/resourceGroups/myjstest/providers/Microsoft.DocumentDB/databaseAccounts/myaccountxxyy1/cassandraKeyspaces/mykeyspacexxx/operationResults/cf3c6d8c-eb3d-413f-a2b3-fb12faa2d57a?api-version=2022-05-15-preview",
        "Pragma": "no-cache",
        "Server": "Microsoft-HTTPAPI/2.0",
        "Strict-Transport-Security": "max-age=31536000; includeSubDomains",
        "X-Content-Type-Options": "nosniff",
        "x-ms-correlation-request-id": "ec55f1a3-8961-42a7-9a43-25f72d7381cc",
        "x-ms-gatewayversion": "version=2.14.0",
        "x-ms-ratelimit-remaining-subscription-writes": "1198",
        "x-ms-request-id": "cf3c6d8c-eb3d-413f-a2b3-fb12faa2d57a",
        "x-ms-routing-request-id": "SOUTHEASTASIA:20220721T023821Z:ec55f1a3-8961-42a7-9a43-25f72d7381cc"
      },
      "ResponseBody": {
        "status": "Enqueued"
      }
    },
    {
      "RequestUri": "https://management.azure.com/subscriptions/azure_subscription_id/providers/Microsoft.DocumentDB/locations/eastus/operationsStatus/cf3c6d8c-eb3d-413f-a2b3-fb12faa2d57a?api-version=2022-05-15-preview",
      "RequestMethod": "GET",
      "RequestHeaders": {
        "Accept": "application/json",
        "Accept-Encoding": "gzip,deflate",
        "Authorization": "Sanitized",
        "Connection": "keep-alive",
        "Content-Type": "application/json",
        "User-Agent": "azsdk-js-arm-cosmosdb/16.0.0-beta.3 core-rest-pipeline/1.9.1 Node/v16.15.1 OS/(x64-Windows_NT-10.0.22000)",
        "x-ms-client-request-id": "8c1ee55a-5334-40ef-bfc6-0b135b519d1a"
      },
      "RequestBody": null,
      "StatusCode": 200,
      "ResponseHeaders": {
        "Cache-Control": "no-store, no-cache",
        "Content-Encoding": "gzip",
        "Content-Type": "application/json",
        "Date": "Thu, 21 Jul 2022 02:38:20 GMT",
        "Pragma": "no-cache",
        "Server": "Microsoft-HTTPAPI/2.0",
        "Strict-Transport-Security": "max-age=31536000; includeSubDomains",
        "Transfer-Encoding": "chunked",
        "Vary": "Accept-Encoding",
        "X-Content-Type-Options": "nosniff",
        "x-ms-correlation-request-id": "426c627f-788a-4600-9e55-5737c520d55c",
        "x-ms-gatewayversion": "version=2.14.0",
        "x-ms-ratelimit-remaining-subscription-reads": "11931",
        "x-ms-request-id": "426c627f-788a-4600-9e55-5737c520d55c",
        "x-ms-routing-request-id": "SOUTHEASTASIA:20220721T023821Z:426c627f-788a-4600-9e55-5737c520d55c"
      },
      "ResponseBody": {
        "status": "Enqueued"
      }
    },
    {
      "RequestUri": "https://management.azure.com/subscriptions/azure_subscription_id/providers/Microsoft.DocumentDB/locations/eastus/operationsStatus/cf3c6d8c-eb3d-413f-a2b3-fb12faa2d57a?api-version=2022-05-15-preview",
      "RequestMethod": "GET",
      "RequestHeaders": {
        "Accept": "application/json",
        "Accept-Encoding": "gzip,deflate",
        "Authorization": "Sanitized",
        "Connection": "keep-alive",
        "Content-Type": "application/json",
        "User-Agent": "azsdk-js-arm-cosmosdb/16.0.0-beta.3 core-rest-pipeline/1.9.1 Node/v16.15.1 OS/(x64-Windows_NT-10.0.22000)",
        "x-ms-client-request-id": "b24e19a0-4bfd-44e3-879e-1ba12ae411b2"
      },
      "RequestBody": null,
      "StatusCode": 200,
      "ResponseHeaders": {
        "Cache-Control": "no-store, no-cache",
        "Content-Encoding": "gzip",
        "Content-Type": "application/json",
        "Date": "Thu, 21 Jul 2022 02:38:21 GMT",
        "Pragma": "no-cache",
        "Server": "Microsoft-HTTPAPI/2.0",
        "Strict-Transport-Security": "max-age=31536000; includeSubDomains",
        "Transfer-Encoding": "chunked",
        "Vary": "Accept-Encoding",
        "X-Content-Type-Options": "nosniff",
        "x-ms-correlation-request-id": "327a18fd-1260-4b58-b795-12bc07c15c74",
        "x-ms-gatewayversion": "version=2.14.0",
        "x-ms-ratelimit-remaining-subscription-reads": "11930",
        "x-ms-request-id": "327a18fd-1260-4b58-b795-12bc07c15c74",
        "x-ms-routing-request-id": "SOUTHEASTASIA:20220721T023821Z:327a18fd-1260-4b58-b795-12bc07c15c74"
      },
      "ResponseBody": {
        "status": "Enqueued"
      }
    },
    {
      "RequestUri": "https://management.azure.com/subscriptions/azure_subscription_id/providers/Microsoft.DocumentDB/locations/eastus/operationsStatus/cf3c6d8c-eb3d-413f-a2b3-fb12faa2d57a?api-version=2022-05-15-preview",
      "RequestMethod": "GET",
      "RequestHeaders": {
        "Accept": "application/json",
        "Accept-Encoding": "gzip,deflate",
        "Authorization": "Sanitized",
        "Connection": "keep-alive",
        "Content-Type": "application/json",
        "User-Agent": "azsdk-js-arm-cosmosdb/16.0.0-beta.3 core-rest-pipeline/1.9.1 Node/v16.15.1 OS/(x64-Windows_NT-10.0.22000)",
        "x-ms-client-request-id": "28fc2f49-e42a-4496-a66a-0db5f67546e4"
      },
      "RequestBody": null,
      "StatusCode": 200,
      "ResponseHeaders": {
        "Cache-Control": "no-store, no-cache",
        "Content-Encoding": "gzip",
        "Content-Type": "application/json",
        "Date": "Thu, 21 Jul 2022 02:38:23 GMT",
        "Pragma": "no-cache",
        "Server": "Microsoft-HTTPAPI/2.0",
        "Strict-Transport-Security": "max-age=31536000; includeSubDomains",
        "Transfer-Encoding": "chunked",
        "Vary": "Accept-Encoding",
        "X-Content-Type-Options": "nosniff",
        "x-ms-correlation-request-id": "a76b2703-986c-4fb9-b91b-1f744d7b90e4",
        "x-ms-gatewayversion": "version=2.14.0",
        "x-ms-ratelimit-remaining-subscription-reads": "11929",
        "x-ms-request-id": "a76b2703-986c-4fb9-b91b-1f744d7b90e4",
        "x-ms-routing-request-id": "SOUTHEASTASIA:20220721T023824Z:a76b2703-986c-4fb9-b91b-1f744d7b90e4"
      },
      "ResponseBody": {
        "status": "Enqueued"
      }
    },
    {
      "RequestUri": "https://management.azure.com/subscriptions/azure_subscription_id/providers/Microsoft.DocumentDB/locations/eastus/operationsStatus/cf3c6d8c-eb3d-413f-a2b3-fb12faa2d57a?api-version=2022-05-15-preview",
      "RequestMethod": "GET",
      "RequestHeaders": {
        "Accept": "application/json",
        "Accept-Encoding": "gzip,deflate",
        "Authorization": "Sanitized",
        "Connection": "keep-alive",
        "Content-Type": "application/json",
        "User-Agent": "azsdk-js-arm-cosmosdb/16.0.0-beta.3 core-rest-pipeline/1.9.1 Node/v16.15.1 OS/(x64-Windows_NT-10.0.22000)",
        "x-ms-client-request-id": "83712cc2-abbe-4c1c-92d4-69efa7151e25"
      },
      "RequestBody": null,
      "StatusCode": 200,
      "ResponseHeaders": {
        "Cache-Control": "no-store, no-cache",
        "Content-Encoding": "gzip",
        "Content-Type": "application/json",
        "Date": "Thu, 21 Jul 2022 02:38:26 GMT",
        "Pragma": "no-cache",
        "Server": "Microsoft-HTTPAPI/2.0",
        "Strict-Transport-Security": "max-age=31536000; includeSubDomains",
        "Transfer-Encoding": "chunked",
        "Vary": "Accept-Encoding",
        "X-Content-Type-Options": "nosniff",
        "x-ms-correlation-request-id": "e3356fbe-68a6-4076-aa3f-5a5a60193b0b",
        "x-ms-gatewayversion": "version=2.14.0",
        "x-ms-ratelimit-remaining-subscription-reads": "11928",
        "x-ms-request-id": "e3356fbe-68a6-4076-aa3f-5a5a60193b0b",
        "x-ms-routing-request-id": "SOUTHEASTASIA:20220721T023826Z:e3356fbe-68a6-4076-aa3f-5a5a60193b0b"
      },
      "ResponseBody": {
        "status": "Dequeued"
      }
    },
    {
      "RequestUri": "https://management.azure.com/subscriptions/azure_subscription_id/providers/Microsoft.DocumentDB/locations/eastus/operationsStatus/cf3c6d8c-eb3d-413f-a2b3-fb12faa2d57a?api-version=2022-05-15-preview",
      "RequestMethod": "GET",
      "RequestHeaders": {
        "Accept": "application/json",
        "Accept-Encoding": "gzip,deflate",
        "Authorization": "Sanitized",
        "Connection": "keep-alive",
        "Content-Type": "application/json",
        "User-Agent": "azsdk-js-arm-cosmosdb/16.0.0-beta.3 core-rest-pipeline/1.9.1 Node/v16.15.1 OS/(x64-Windows_NT-10.0.22000)",
        "x-ms-client-request-id": "dd5a0362-7063-49f9-920a-e5db721a8197"
      },
      "RequestBody": null,
      "StatusCode": 200,
      "ResponseHeaders": {
        "Cache-Control": "no-store, no-cache",
        "Content-Encoding": "gzip",
        "Content-Type": "application/json",
        "Date": "Thu, 21 Jul 2022 02:38:28 GMT",
        "Pragma": "no-cache",
        "Server": "Microsoft-HTTPAPI/2.0",
        "Strict-Transport-Security": "max-age=31536000; includeSubDomains",
        "Transfer-Encoding": "chunked",
        "Vary": "Accept-Encoding",
        "X-Content-Type-Options": "nosniff",
        "x-ms-correlation-request-id": "d594865c-21fa-4aeb-9bd2-f66e449b85ae",
        "x-ms-gatewayversion": "version=2.14.0",
        "x-ms-ratelimit-remaining-subscription-reads": "11927",
        "x-ms-request-id": "d594865c-21fa-4aeb-9bd2-f66e449b85ae",
        "x-ms-routing-request-id": "SOUTHEASTASIA:20220721T023828Z:d594865c-21fa-4aeb-9bd2-f66e449b85ae"
      },
      "ResponseBody": {
        "status": "Dequeued"
      }
    },
    {
      "RequestUri": "https://management.azure.com/subscriptions/azure_subscription_id/providers/Microsoft.DocumentDB/locations/eastus/operationsStatus/cf3c6d8c-eb3d-413f-a2b3-fb12faa2d57a?api-version=2022-05-15-preview",
      "RequestMethod": "GET",
      "RequestHeaders": {
        "Accept": "application/json",
        "Accept-Encoding": "gzip,deflate",
        "Authorization": "Sanitized",
        "Connection": "keep-alive",
        "Content-Type": "application/json",
        "User-Agent": "azsdk-js-arm-cosmosdb/16.0.0-beta.3 core-rest-pipeline/1.9.1 Node/v16.15.1 OS/(x64-Windows_NT-10.0.22000)",
        "x-ms-client-request-id": "29c0c0f3-0a33-4231-b06b-fd42c7bc697c"
      },
      "RequestBody": null,
      "StatusCode": 200,
      "ResponseHeaders": {
        "Cache-Control": "no-store, no-cache",
        "Content-Encoding": "gzip",
        "Content-Type": "application/json",
        "Date": "Thu, 21 Jul 2022 02:38:31 GMT",
        "Pragma": "no-cache",
        "Server": "Microsoft-HTTPAPI/2.0",
        "Strict-Transport-Security": "max-age=31536000; includeSubDomains",
        "Transfer-Encoding": "chunked",
        "Vary": "Accept-Encoding",
        "X-Content-Type-Options": "nosniff",
        "x-ms-correlation-request-id": "f6cd2285-a3cc-4ffd-9256-4b5ee262528d",
        "x-ms-gatewayversion": "version=2.14.0",
        "x-ms-ratelimit-remaining-subscription-reads": "11926",
        "x-ms-request-id": "f6cd2285-a3cc-4ffd-9256-4b5ee262528d",
        "x-ms-routing-request-id": "SOUTHEASTASIA:20220721T023831Z:f6cd2285-a3cc-4ffd-9256-4b5ee262528d"
      },
      "ResponseBody": {
        "status": "Succeeded"
      }
    },
    {
      "RequestUri": "https://management.azure.com/subscriptions/azure_subscription_id/resourceGroups/myjstest/providers/Microsoft.DocumentDB/databaseAccounts/myaccountxxyy1/cassandraKeyspaces/mykeyspacexxx?api-version=2022-05-15-preview",
      "RequestMethod": "GET",
      "RequestHeaders": {
        "Accept": "application/json",
        "Accept-Encoding": "gzip,deflate",
        "Authorization": "Sanitized",
        "Connection": "keep-alive",
        "Content-Type": "application/json",
        "User-Agent": "azsdk-js-arm-cosmosdb/16.0.0-beta.3 core-rest-pipeline/1.9.1 Node/v16.15.1 OS/(x64-Windows_NT-10.0.22000)",
        "x-ms-client-request-id": "5dc38bd0-255c-43c5-beb0-0d5e63a54f4d"
      },
      "RequestBody": null,
      "StatusCode": 200,
      "ResponseHeaders": {
        "Cache-Control": "no-store, no-cache",
        "Content-Encoding": "gzip",
        "Content-Type": "application/json",
        "Date": "Thu, 21 Jul 2022 02:38:34 GMT",
        "Pragma": "no-cache",
        "Server": "Microsoft-HTTPAPI/2.0",
        "Strict-Transport-Security": "max-age=31536000; includeSubDomains",
        "Transfer-Encoding": "chunked",
        "Vary": "Accept-Encoding",
        "X-Content-Type-Options": "nosniff",
        "x-ms-correlation-request-id": "8d5b04f8-6b26-4546-a84d-94a148a2631a",
        "x-ms-gatewayversion": "version=2.14.0",
        "x-ms-ratelimit-remaining-subscription-reads": "11925",
        "x-ms-request-id": "8d5b04f8-6b26-4546-a84d-94a148a2631a",
        "x-ms-routing-request-id": "SOUTHEASTASIA:20220721T023834Z:8d5b04f8-6b26-4546-a84d-94a148a2631a"
      },
      "ResponseBody": {
        "id": "/subscriptions/azure_subscription_id/resourceGroups/myjstest/providers/Microsoft.DocumentDB/databaseAccounts/myaccountxxyy1/cassandraKeyspaces/mykeyspacexxx",
        "type": "Microsoft.DocumentDB/databaseAccounts/cassandraKeyspaces",
        "name": "mykeyspacexxx",
        "properties": {
          "resource": {
            "id": "mykeyspacexxx",
            "_rid": "oxUTAA==",
            "_etag": "\u00220000bb00-0000-0100-0000-62d8bc240000\u0022",
            "_ts": 1658371108
          }
        }
      }
    }
  ],
  "Variables": {}
}
