{
  "Entries": [
    {
      "RequestUri": "https://endpoint/language/analyze-text/jobs?api-version=2022-10-01-preview",
      "RequestMethod": "POST",
      "RequestHeaders": {
        "Accept": "application/json",
        "Accept-Encoding": "gzip, deflate, br",
        "Accept-Language": "en-US",
        "Connection": "keep-alive",
        "Content-Length": "392",
        "Content-Type": "application/json",
        "ocp-apim-subscription-key": "api_key",
        "Referer": "http://localhost:9876/",
        "sec-ch-ua": "",
        "sec-ch-ua-mobile": "?0",
        "sec-ch-ua-platform": "",
        "Sec-Fetch-Dest": "empty",
        "Sec-Fetch-Mode": "cors",
        "Sec-Fetch-Site": "same-site",
        "User-Agent": "Mozilla/5.0 (X11; Linux x86_64) AppleWebKit/537.36 (KHTML, like Gecko) HeadlessChrome/103.0.5058.0 Safari/537.36",
        "x-ms-client-request-id": "d8582397-8d04-44c8-af55-3986d5c7d23f",
        "x-ms-useragent": "azsdk-js-ai-language-text/1.1.0-beta.1 core-rest-pipeline/1.9.3 OS/Linuxx86_64"
      },
      "RequestBody": {
        "analysisInput": {
          "documents": [
            {
              "id": "0",
              "text": "Patient does not suffer from high blood pressure.",
              "language": "en"
            },
            {
              "id": "1",
              "text": "Prescribed 100mg ibuprofen, taken twice daily.",
              "language": "en"
            },
            {
              "id": "2",
              "text": "Baby not likely to have Meningitis. in case of fever in the mother, consider Penicillin for the baby too.",
              "language": "en"
            }
          ]
        },
        "tasks": [
          {
            "kind": "Healthcare",
            "parameters": {}
          }
        ]
      },
      "StatusCode": 202,
      "ResponseHeaders": {
        "apim-request-id": "f13a01ce-590c-463e-b72b-54ca08b96eef",
        "Content-Length": "0",
        "Date": "Fri, 14 Oct 2022 02:46:49 GMT",
        "operation-location": "https://endpoint/language/analyze-text/jobs/c2507554-c7af-479c-bed5-e6e8c7c98b6d?api-version=2022-10-01-preview",
        "Strict-Transport-Security": "max-age=31536000; includeSubDomains; preload",
        "X-Content-Type-Options": "nosniff",
        "x-envoy-upstream-service-time": "294"
      },
      "ResponseBody": null
    },
    {
      "RequestUri": "https://endpoint/language/analyze-text/jobs/c2507554-c7af-479c-bed5-e6e8c7c98b6d?api-version=2022-10-01-preview",
      "RequestMethod": "GET",
      "RequestHeaders": {
        "Accept": "application/json",
        "Accept-Encoding": "gzip, deflate, br",
        "Accept-Language": "en-US",
        "Connection": "keep-alive",
        "ocp-apim-subscription-key": "api_key",
        "Referer": "http://localhost:9876/",
        "sec-ch-ua": "",
        "sec-ch-ua-mobile": "?0",
        "sec-ch-ua-platform": "",
        "Sec-Fetch-Dest": "empty",
        "Sec-Fetch-Mode": "cors",
        "Sec-Fetch-Site": "same-site",
        "User-Agent": "Mozilla/5.0 (X11; Linux x86_64) AppleWebKit/537.36 (KHTML, like Gecko) HeadlessChrome/103.0.5058.0 Safari/537.36",
        "x-ms-client-request-id": "ba0185d8-2bff-40bd-8b11-c12bec5762f9",
        "x-ms-useragent": "azsdk-js-ai-language-text/1.1.0-beta.1 core-rest-pipeline/1.9.3 OS/Linuxx86_64"
      },
      "RequestBody": null,
      "StatusCode": 200,
      "ResponseHeaders": {
        "apim-request-id": "10511045-ad2c-473c-af84-6ea806f4b22f",
        "Content-Length": "279",
        "Content-Type": "application/json; charset=utf-8",
        "Date": "Fri, 14 Oct 2022 02:46:50 GMT",
        "Strict-Transport-Security": "max-age=31536000; includeSubDomains; preload",
        "X-Content-Type-Options": "nosniff",
        "x-envoy-upstream-service-time": "7"
      },
      "ResponseBody": {
        "jobId": "c2507554-c7af-479c-bed5-e6e8c7c98b6d",
        "lastUpdateDateTime": "2022-10-14T02:46:50Z",
        "createdDateTime": "2022-10-14T02:46:49Z",
        "expirationDateTime": "2022-10-15T02:46:49Z",
        "status": "running",
        "errors": [],
        "tasks": {
          "completed": 0,
          "failed": 0,
          "inProgress": 1,
          "total": 1,
          "items": []
        }
      }
    },
    {
      "RequestUri": "https://endpoint/language/analyze-text/jobs/c2507554-c7af-479c-bed5-e6e8c7c98b6d?api-version=2022-10-01-preview",
      "RequestMethod": "GET",
      "RequestHeaders": {
        "Accept": "application/json",
        "Accept-Encoding": "gzip, deflate, br",
        "Accept-Language": "en-US",
        "Connection": "keep-alive",
        "ocp-apim-subscription-key": "api_key",
        "Referer": "http://localhost:9876/",
        "sec-ch-ua": "",
        "sec-ch-ua-mobile": "?0",
        "sec-ch-ua-platform": "",
        "Sec-Fetch-Dest": "empty",
        "Sec-Fetch-Mode": "cors",
        "Sec-Fetch-Site": "same-site",
        "User-Agent": "Mozilla/5.0 (X11; Linux x86_64) AppleWebKit/537.36 (KHTML, like Gecko) HeadlessChrome/103.0.5058.0 Safari/537.36",
        "x-ms-client-request-id": "926019fa-7c50-4fed-995b-5e6e439542de",
        "x-ms-useragent": "azsdk-js-ai-language-text/1.1.0-beta.1 core-rest-pipeline/1.9.3 OS/Linuxx86_64"
      },
      "RequestBody": null,
      "StatusCode": 200,
      "ResponseHeaders": {
        "apim-request-id": "3236a751-0703-4c7a-8a91-75d761241662",
        "Content-Length": "279",
        "Content-Type": "application/json; charset=utf-8",
        "Date": "Fri, 14 Oct 2022 02:46:50 GMT",
        "Strict-Transport-Security": "max-age=31536000; includeSubDomains; preload",
        "X-Content-Type-Options": "nosniff",
        "x-envoy-upstream-service-time": "9"
      },
      "ResponseBody": {
        "jobId": "c2507554-c7af-479c-bed5-e6e8c7c98b6d",
        "lastUpdateDateTime": "2022-10-14T02:46:50Z",
        "createdDateTime": "2022-10-14T02:46:49Z",
        "expirationDateTime": "2022-10-15T02:46:49Z",
        "status": "running",
        "errors": [],
        "tasks": {
          "completed": 0,
          "failed": 0,
          "inProgress": 1,
          "total": 1,
          "items": []
        }
      }
    },
    {
      "RequestUri": "https://endpoint/language/analyze-text/jobs/c2507554-c7af-479c-bed5-e6e8c7c98b6d?api-version=2022-10-01-preview",
      "RequestMethod": "GET",
      "RequestHeaders": {
        "Accept": "application/json",
        "Accept-Encoding": "gzip, deflate, br",
        "Accept-Language": "en-US",
        "Connection": "keep-alive",
        "ocp-apim-subscription-key": "api_key",
        "Referer": "http://localhost:9876/",
        "sec-ch-ua": "",
        "sec-ch-ua-mobile": "?0",
        "sec-ch-ua-platform": "",
        "Sec-Fetch-Dest": "empty",
        "Sec-Fetch-Mode": "cors",
        "Sec-Fetch-Site": "same-site",
        "User-Agent": "Mozilla/5.0 (X11; Linux x86_64) AppleWebKit/537.36 (KHTML, like Gecko) HeadlessChrome/103.0.5058.0 Safari/537.36",
        "x-ms-client-request-id": "af4e983c-7e3a-433b-99af-cd97e41cd73b",
        "x-ms-useragent": "azsdk-js-ai-language-text/1.1.0-beta.1 core-rest-pipeline/1.9.3 OS/Linuxx86_64"
      },
      "RequestBody": null,
      "StatusCode": 200,
      "ResponseHeaders": {
        "apim-request-id": "d9155c04-e04b-41f8-b265-f16e3a6d7532",
        "Content-Length": "11404",
        "Content-Type": "application/json; charset=utf-8",
        "Date": "Fri, 14 Oct 2022 02:46:52 GMT",
        "Strict-Transport-Security": "max-age=31536000; includeSubDomains; preload",
        "X-Content-Type-Options": "nosniff",
        "x-envoy-upstream-service-time": "143"
      },
      "ResponseBody": {
        "jobId": "c2507554-c7af-479c-bed5-e6e8c7c98b6d",
        "lastUpdateDateTime": "2022-10-14T02:46:51Z",
        "createdDateTime": "2022-10-14T02:46:49Z",
        "expirationDateTime": "2022-10-15T02:46:49Z",
        "status": "succeeded",
        "errors": [],
        "tasks": {
          "completed": 1,
          "failed": 0,
          "inProgress": 0,
          "total": 1,
          "items": [
            {
              "kind": "HealthcareLROResults",
              "lastUpdateDateTime": "2022-10-14T02:46:51.9811331Z",
              "status": "succeeded",
              "results": {
                "documents": [
                  {
                    "id": "0",
                    "entities": [
                      {
                        "offset": 29,
                        "length": 19,
                        "text": "high blood pressure",
                        "category": "SymptomOrSign",
                        "confidenceScore": 1.0,
                        "assertion": {
                          "certainty": "negative"
                        },
                        "name": "Hypertensive disease",
                        "links": [
                          {
                            "dataSource": "UMLS",
                            "id": "C0020538"
                          },
                          {
                            "dataSource": "AOD",
                            "id": "0000023317"
                          },
                          {
                            "dataSource": "BI",
                            "id": "BI00001"
                          },
                          {
                            "dataSource": "CCPSS",
                            "id": "1017493"
                          },
                          {
                            "dataSource": "CCS",
                            "id": "7.1"
                          },
                          {
                            "dataSource": "CHV",
                            "id": "0000015800"
                          },
                          {
                            "dataSource": "COSTAR",
                            "id": "397"
                          },
                          {
                            "dataSource": "CSP",
                            "id": "0571-5243"
                          },
                          {
                            "dataSource": "CST",
                            "id": "HYPERTENS"
                          },
                          {
                            "dataSource": "DXP",
                            "id": "U002034"
                          },
                          {
                            "dataSource": "HPO",
                            "id": "HP:0000822"
                          },
                          {
                            "dataSource": "ICD10",
                            "id": "I10-I15.9"
                          },
                          {
                            "dataSource": "ICD10AM",
                            "id": "I10-I15.9"
                          },
                          {
                            "dataSource": "ICD10CM",
                            "id": "I10"
                          },
                          {
                            "dataSource": "ICD9CM",
                            "id": "997.91"
                          },
                          {
                            "dataSource": "ICPC2ICD10ENG",
                            "id": "MTHU035456"
                          },
                          {
                            "dataSource": "ICPC2P",
                            "id": "K85004"
                          },
                          {
                            "dataSource": "LCH",
                            "id": "U002317"
                          },
                          {
                            "dataSource": "LCH_NW",
                            "id": "sh85063723"
                          },
                          {
                            "dataSource": "LNC",
                            "id": "LA14293-7"
                          },
                          {
                            "dataSource": "MDR",
                            "id": "10020772"
                          },
                          {
                            "dataSource": "MEDCIN",
                            "id": "33288"
                          },
                          {
                            "dataSource": "MEDLINEPLUS",
                            "id": "34"
                          },
                          {
                            "dataSource": "MSH",
                            "id": "D006973"
                          },
                          {
                            "dataSource": "MTH",
                            "id": "005"
                          },
                          {
                            "dataSource": "MTHICD9",
                            "id": "997.91"
                          },
                          {
                            "dataSource": "NANDA-I",
                            "id": "00905"
                          },
                          {
                            "dataSource": "NCI",
                            "id": "C3117"
                          },
                          {
                            "dataSource": "NCI_CPTAC",
                            "id": "C3117"
                          },
                          {
                            "dataSource": "NCI_CTCAE",
                            "id": "E13785"
                          },
                          {
                            "dataSource": "NCI_CTRP",
                            "id": "C3117"
                          },
                          {
                            "dataSource": "NCI_FDA",
                            "id": "1908"
                          },
                          {
                            "dataSource": "NCI_GDC",
                            "id": "C3117"
                          },
                          {
                            "dataSource": "NCI_NCI-GLOSS",
                            "id": "CDR0000458091"
                          },
                          {
                            "dataSource": "NCI_NICHD",
                            "id": "C3117"
                          },
                          {
                            "dataSource": "NCI_caDSR",
                            "id": "C3117"
                          },
                          {
                            "dataSource": "NOC",
                            "id": "060808"
                          },
                          {
                            "dataSource": "OMIM",
                            "id": "MTHU002068"
                          },
                          {
                            "dataSource": "PCDS",
                            "id": "PRB_11000.06"
                          },
                          {
                            "dataSource": "PDQ",
                            "id": "CDR0000686951"
                          },
                          {
                            "dataSource": "PSY",
                            "id": "23830"
                          },
                          {
                            "dataSource": "RCD",
                            "id": "XE0Ub"
                          },
                          {
                            "dataSource": "SNM",
                            "id": "F-70700"
                          },
                          {
                            "dataSource": "SNMI",
                            "id": "D3-02000"
                          },
                          {
                            "dataSource": "SNOMEDCT_US",
                            "id": "38341003"
                          },
                          {
                            "dataSource": "WHO",
                            "id": "0210"
                          }
                        ]
                      }
                    ],
                    "relations": [],
                    "warnings": []
                  },
                  {
                    "id": "1",
                    "entities": [
                      {
                        "offset": 11,
                        "length": 5,
                        "text": "100mg",
                        "category": "Dosage",
                        "confidenceScore": 0.98
                      },
                      {
                        "offset": 17,
                        "length": 9,
                        "text": "ibuprofen",
                        "category": "MedicationName",
                        "confidenceScore": 1.0,
                        "name": "ibuprofen",
                        "links": [
                          {
                            "dataSource": "UMLS",
                            "id": "C0020740"
                          },
                          {
                            "dataSource": "AOD",
                            "id": "0000019879"
                          },
                          {
                            "dataSource": "ATC",
                            "id": "M01AE01"
                          },
                          {
                            "dataSource": "CCPSS",
                            "id": "0046165"
                          },
                          {
                            "dataSource": "CHV",
                            "id": "0000006519"
                          },
                          {
                            "dataSource": "CSP",
                            "id": "2270-2077"
                          },
                          {
                            "dataSource": "DRUGBANK",
                            "id": "DB01050"
                          },
                          {
                            "dataSource": "GS",
                            "id": "1611"
                          },
                          {
                            "dataSource": "LCH_NW",
                            "id": "sh97005926"
                          },
                          {
                            "dataSource": "LNC",
                            "id": "LP16165-0"
                          },
                          {
                            "dataSource": "MEDCIN",
                            "id": "40458"
                          },
                          {
                            "dataSource": "MMSL",
                            "id": "d00015"
                          },
                          {
                            "dataSource": "MSH",
                            "id": "D007052"
                          },
                          {
                            "dataSource": "MTHSPL",
                            "id": "WK2XYI10QM"
                          },
                          {
                            "dataSource": "NCI",
                            "id": "C561"
                          },
                          {
                            "dataSource": "NCI_CTRP",
                            "id": "C561"
                          },
                          {
                            "dataSource": "NCI_DCP",
                            "id": "00803"
                          },
                          {
                            "dataSource": "NCI_DTP",
                            "id": "NSC0256857"
                          },
                          {
                            "dataSource": "NCI_FDA",
                            "id": "WK2XYI10QM"
                          },
                          {
                            "dataSource": "NCI_NCI-GLOSS",
                            "id": "CDR0000613511"
                          },
                          {
                            "dataSource": "NDDF",
                            "id": "002377"
                          },
                          {
                            "dataSource": "PDQ",
                            "id": "CDR0000040475"
                          },
                          {
                            "dataSource": "RCD",
                            "id": "x02MO"
                          },
                          {
                            "dataSource": "RXNORM",
                            "id": "5640"
                          },
                          {
                            "dataSource": "SNM",
                            "id": "E-7772"
                          },
                          {
                            "dataSource": "SNMI",
                            "id": "C-603C0"
                          },
                          {
                            "dataSource": "SNOMEDCT_US",
                            "id": "387207008"
                          },
                          {
                            "dataSource": "USP",
                            "id": "m39860"
                          },
                          {
                            "dataSource": "USPMG",
                            "id": "MTHU000060"
                          },
                          {
                            "dataSource": "VANDF",
                            "id": "4017840"
                          }
                        ]
                      },
                      {
                        "offset": 34,
                        "length": 11,
                        "text": "twice daily",
                        "category": "Frequency",
                        "confidenceScore": 1.0
                      }
                    ],
                    "relations": [
                      {
                        "confidenceScore": 1.0,
                        "relationType": "DosageOfMedication",
                        "entities": [
                          {
                            "ref": "#/results/documents/1/entities/0",
                            "role": "Dosage"
                          },
                          {
                            "ref": "#/results/documents/1/entities/1",
                            "role": "Medication"
                          }
                        ]
                      },
                      {
                        "confidenceScore": 1.0,
                        "relationType": "FrequencyOfMedication",
                        "entities": [
                          {
                            "ref": "#/results/documents/1/entities/1",
                            "role": "Medication"
                          },
                          {
                            "ref": "#/results/documents/1/entities/2",
                            "role": "Frequency"
                          }
                        ]
                      }
                    ],
                    "warnings": []
                  },
                  {
                    "id": "2",
                    "entities": [
                      {
                        "offset": 0,
                        "length": 4,
                        "text": "Baby",
                        "category": "Age",
                        "confidenceScore": 0.94,
                        "name": "Infant",
                        "links": [
                          {
                            "dataSource": "UMLS",
                            "id": "C0021270"
                          },
                          {
                            "dataSource": "AOD",
                            "id": "0000005273"
                          },
                          {
                            "dataSource": "CCPSS",
                            "id": "0030805"
                          },
                          {
                            "dataSource": "CHV",
                            "id": "0000006675"
                          },
                          {
                            "dataSource": "DXP",
                            "id": "U002089"
                          },
                          {
                            "dataSource": "LCH",
                            "id": "U002421"
                          },
                          {
                            "dataSource": "LCH_NW",
                            "id": "sh85066022"
                          },
                          {
                            "dataSource": "LNC",
                            "id": "LA19747-7"
                          },
                          {
                            "dataSource": "MDR",
                            "id": "10021731"
                          },
                          {
                            "dataSource": "MSH",
                            "id": "D007223"
                          },
                          {
                            "dataSource": "NCI",
                            "id": "C27956"
                          },
                          {
                            "dataSource": "NCI_FDA",
                            "id": "C27956"
                          },
                          {
                            "dataSource": "NCI_NICHD",
                            "id": "C27956"
                          },
                          {
                            "dataSource": "SNOMEDCT_US",
                            "id": "133931009"
                          }
                        ]
                      },
                      {
                        "offset": 24,
                        "length": 10,
                        "text": "Meningitis",
                        "category": "Diagnosis",
                        "confidenceScore": 1.0,
                        "assertion": {
                          "certainty": "negativePossible"
                        },
                        "name": "Meningitis",
                        "links": [
                          {
                            "dataSource": "UMLS",
                            "id": "C0025289"
                          },
                          {
                            "dataSource": "AOD",
                            "id": "0000006185"
                          },
                          {
                            "dataSource": "BI",
                            "id": "BI00546"
                          },
                          {
                            "dataSource": "CCPSS",
                            "id": "1018016"
                          },
                          {
                            "dataSource": "CCSR_10",
                            "id": "NVS001"
                          },
                          {
                            "dataSource": "CCSR_ICD10CM",
                            "id": "NVS001"
                          },
                          {
                            "dataSource": "CHV",
                            "id": "0000007932"
                          },
                          {
                            "dataSource": "COSTAR",
                            "id": "478"
                          },
                          {
                            "dataSource": "CSP",
                            "id": "2042-5301"
                          },
                          {
                            "dataSource": "CST",
                            "id": "MENINGITIS"
                          },
                          {
                            "dataSource": "DXP",
                            "id": "U002543"
                          },
                          {
                            "dataSource": "HPO",
                            "id": "HP:0001287"
                          },
                          {
                            "dataSource": "ICD10",
                            "id": "G03.9"
                          },
                          {
                            "dataSource": "ICD10AM",
                            "id": "G03.9"
                          },
                          {
                            "dataSource": "ICD10CM",
                            "id": "G03.9"
                          },
                          {
                            "dataSource": "ICD9CM",
                            "id": "322.9"
                          },
                          {
                            "dataSource": "ICPC2ICD10ENG",
                            "id": "MTHU048434"
                          },
                          {
                            "dataSource": "ICPC2P",
                            "id": "N71002"
                          },
                          {
                            "dataSource": "LCH",
                            "id": "U002901"
                          },
                          {
                            "dataSource": "LCH_NW",
                            "id": "sh85083562"
                          },
                          {
                            "dataSource": "LNC",
                            "id": "LP20756-0"
                          },
                          {
                            "dataSource": "MDR",
                            "id": "10027199"
                          },
                          {
                            "dataSource": "MEDCIN",
                            "id": "31192"
                          },
                          {
                            "dataSource": "MEDLINEPLUS",
                            "id": "324"
                          },
                          {
                            "dataSource": "MSH",
                            "id": "D008581"
                          },
                          {
                            "dataSource": "NANDA-I",
                            "id": "02899"
                          },
                          {
                            "dataSource": "NCI",
                            "id": "C26828"
                          },
                          {
                            "dataSource": "NCI_CPTAC",
                            "id": "C26828"
                          },
                          {
                            "dataSource": "NCI_CTCAE",
                            "id": "E11458"
                          },
                          {
                            "dataSource": "NCI_FDA",
                            "id": "2389"
                          },
                          {
                            "dataSource": "NCI_NCI-GLOSS",
                            "id": "CDR0000471780"
                          },
                          {
                            "dataSource": "NCI_NICHD",
                            "id": "C26828"
                          },
                          {
                            "dataSource": "NCI_caDSR",
                            "id": "C26828"
                          },
                          {
                            "dataSource": "OMIM",
                            "id": "MTHU005994"
                          },
                          {
                            "dataSource": "PSY",
                            "id": "30660"
                          },
                          {
                            "dataSource": "RCD",
                            "id": "X000H"
                          },
                          {
                            "dataSource": "SNM",
                            "id": "M-40000"
                          },
                          {
                            "dataSource": "SNMI",
                            "id": "DA-10010"
                          },
                          {
                            "dataSource": "SNOMEDCT_US",
                            "id": "7180009"
                          },
                          {
                            "dataSource": "WHO",
                            "id": "0955"
                          }
                        ]
                      },
                      {
                        "offset": 47,
                        "length": 5,
                        "text": "fever",
                        "category": "SymptomOrSign",
                        "confidenceScore": 0.98,
                        "name": "Fever",
                        "links": [
                          {
                            "dataSource": "UMLS",
                            "id": "C0015967"
                          },
                          {
                            "dataSource": "AIR",
                            "id": "FEVER"
                          },
                          {
                            "dataSource": "AOD",
                            "id": "0000004396"
                          },
                          {
                            "dataSource": "BI",
                            "id": "BI00751"
                          },
                          {
                            "dataSource": "CCC",
                            "id": "K25.2"
                          },
                          {
                            "dataSource": "CCPSS",
                            "id": "1017166"
                          },
                          {
                            "dataSource": "CCSR_10",
                            "id": "SYM002"
                          },
                          {
                            "dataSource": "CCSR_ICD10CM",
                            "id": "SYM002"
                          },
                          {
                            "dataSource": "CHV",
                            "id": "0000005010"
                          },
                          {
                            "dataSource": "COSTAR",
                            "id": "300"
                          },
                          {
                            "dataSource": "CPM",
                            "id": "65287"
                          },
                          {
                            "dataSource": "CSP",
                            "id": "2871-4310"
                          },
                          {
                            "dataSource": "CST",
                            "id": "FEVER"
                          },
                          {
                            "dataSource": "DXP",
                            "id": "U001483"
                          },
                          {
                            "dataSource": "GO",
                            "id": "GO:0001660"
                          },
                          {
                            "dataSource": "HPO",
                            "id": "HP:0001945"
                          },
                          {
                            "dataSource": "ICD10",
                            "id": "R50.9"
                          },
                          {
                            "dataSource": "ICD10AM",
                            "id": "R50.9"
                          },
                          {
                            "dataSource": "ICD10CM",
                            "id": "R50.9"
                          },
                          {
                            "dataSource": "ICD9CM",
                            "id": "780.60"
                          },
                          {
                            "dataSource": "ICNP",
                            "id": "10041539"
                          },
                          {
                            "dataSource": "ICPC",
                            "id": "A03"
                          },
                          {
                            "dataSource": "ICPC2EENG",
                            "id": "A03"
                          },
                          {
                            "dataSource": "ICPC2ICD10ENG",
                            "id": "MTHU041751"
                          },
                          {
                            "dataSource": "ICPC2P",
                            "id": "A03002"
                          },
                          {
                            "dataSource": "LCH",
                            "id": "U001776"
                          },
                          {
                            "dataSource": "LCH_NW",
                            "id": "sh85047994"
                          },
                          {
                            "dataSource": "LNC",
                            "id": "MTHU013518"
                          },
                          {
                            "dataSource": "MDR",
                            "id": "10005911"
                          },
                          {
                            "dataSource": "MEDCIN",
                            "id": "6005"
                          },
                          {
                            "dataSource": "MEDLINEPLUS",
                            "id": "511"
                          },
                          {
                            "dataSource": "MSH",
                            "id": "D005334"
                          },
                          {
                            "dataSource": "MTHICD9",
                            "id": "780.60"
                          },
                          {
                            "dataSource": "NANDA-I",
                            "id": "01128"
                          },
                          {
                            "dataSource": "NCI",
                            "id": "C3038"
                          },
                          {
                            "dataSource": "NCI_CTCAE",
                            "id": "E11102"
                          },
                          {
                            "dataSource": "NCI_FDA",
                            "id": "1858"
                          },
                          {
                            "dataSource": "NCI_GDC",
                            "id": "C3038"
                          },
                          {
                            "dataSource": "NCI_NCI-GLOSS",
                            "id": "CDR0000450108"
                          },
                          {
                            "dataSource": "NCI_NICHD",
                            "id": "C3038"
                          },
                          {
                            "dataSource": "NCI_caDSR",
                            "id": "C3038"
                          },
                          {
                            "dataSource": "NOC",
                            "id": "070307"
                          },
                          {
                            "dataSource": "OMIM",
                            "id": "MTHU005439"
                          },
                          {
                            "dataSource": "OMS",
                            "id": "50.03"
                          },
                          {
                            "dataSource": "PCDS",
                            "id": "PRB_11020.02"
                          },
                          {
                            "dataSource": "PDQ",
                            "id": "CDR0000775882"
                          },
                          {
                            "dataSource": "PSY",
                            "id": "23840"
                          },
                          {
                            "dataSource": "QMR",
                            "id": "Q0200115"
                          },
                          {
                            "dataSource": "RCD",
                            "id": "X76EI"
                          },
                          {
                            "dataSource": "SNM",
                            "id": "F-03003"
                          },
                          {
                            "dataSource": "SNMI",
                            "id": "F-03003"
                          },
                          {
                            "dataSource": "SNOMEDCT_US",
                            "id": "386661006"
                          },
                          {
                            "dataSource": "WHO",
                            "id": "0725"
                          }
                        ]
                      },
                      {
                        "offset": 60,
                        "length": 6,
                        "text": "mother",
                        "category": "FamilyRelation",
                        "confidenceScore": 0.99,
                        "name": "Mother (person)",
                        "links": [
                          {
                            "dataSource": "UMLS",
                            "id": "C0026591"
                          },
                          {
                            "dataSource": "AOD",
                            "id": "0000027173"
                          },
                          {
                            "dataSource": "CCPSS",
                            "id": "U000286"
                          },
                          {
                            "dataSource": "CHV",
                            "id": "0000008266"
                          },
                          {
                            "dataSource": "CSP",
                            "id": "1124-5492"
                          },
                          {
                            "dataSource": "HL7V3.0",
                            "id": "MTH"
                          },
                          {
                            "dataSource": "LCH",
                            "id": "U003028"
                          },
                          {
                            "dataSource": "LCH_NW",
                            "id": "sh85087526"
                          },
                          {
                            "dataSource": "LNC",
                            "id": "LA10417-6"
                          },
                          {
                            "dataSource": "MSH",
                            "id": "D009035"
                          },
                          {
                            "dataSource": "NCI",
                            "id": "C25189"
                          },
                          {
                            "dataSource": "NCI_CDISC",
                            "id": "C25189"
                          },
                          {
                            "dataSource": "NCI_GDC",
                            "id": "C25189"
                          },
                          {
                            "dataSource": "NCI_caDSR",
                            "id": "C25189"
                          },
                          {
                            "dataSource": "PSY",
                            "id": "32140"
                          },
                          {
                            "dataSource": "RCD",
                            "id": "X78ym"
                          },
                          {
                            "dataSource": "SNMI",
                            "id": "S-10120"
                          },
                          {
                            "dataSource": "SNOMEDCT_US",
                            "id": "72705000"
                          }
                        ]
                      },
                      {
                        "offset": 77,
                        "length": 10,
                        "text": "Penicillin",
                        "category": "MedicationName",
                        "confidenceScore": 0.84,
                        "assertion": {
                          "certainty": "neutralPossible"
                        },
                        "name": "penicillins",
                        "links": [
                          {
                            "dataSource": "UMLS",
                            "id": "C0030842"
                          },
                          {
                            "dataSource": "AOD",
                            "id": "0000019206"
                          },
                          {
                            "dataSource": "ATC",
                            "id": "J01C"
                          },
                          {
                            "dataSource": "CCPSS",
                            "id": "0014106"
                          },
                          {
                            "dataSource": "CHV",
                            "id": "0000009423"
                          },
                          {
                            "dataSource": "CSP",
                            "id": "0199-8025"
                          },
                          {
                            "dataSource": "GS",
                            "id": "4011"
                          },
                          {
                            "dataSource": "LCH",
                            "id": "U003521"
                          },
                          {
                            "dataSource": "LCH_NW",
                            "id": "sh85099402"
                          },
                          {
                            "dataSource": "LNC",
                            "id": "LP14319-5"
                          },
                          {
                            "dataSource": "MEDCIN",
                            "id": "40319"
                          },
                          {
                            "dataSource": "MMSL",
                            "id": "d00116"
                          },
                          {
                            "dataSource": "MSH",
                            "id": "D010406"
                          },
                          {
                            "dataSource": "NCI",
                            "id": "C1500"
                          },
                          {
                            "dataSource": "NCI_DTP",
                            "id": "NSC0402815"
                          },
                          {
                            "dataSource": "NCI_NCI-GLOSS",
                            "id": "CDR0000045296"
                          },
                          {
                            "dataSource": "NDDF",
                            "id": "016121"
                          },
                          {
                            "dataSource": "PSY",
                            "id": "37190"
                          },
                          {
                            "dataSource": "RCD",
                            "id": "x009C"
                          },
                          {
                            "dataSource": "SNM",
                            "id": "E-7260"
                          },
                          {
                            "dataSource": "SNMI",
                            "id": "C-54000"
                          },
                          {
                            "dataSource": "SNOMEDCT_US",
                            "id": "764146007"
                          },
                          {
                            "dataSource": "VANDF",
                            "id": "4019880"
                          }
                        ]
                      },
                      {
                        "offset": 96,
                        "length": 4,
                        "text": "baby",
                        "category": "FamilyRelation",
                        "confidenceScore": 1.0,
                        "name": "Infant",
                        "links": [
                          {
                            "dataSource": "UMLS",
                            "id": "C0021270"
                          },
                          {
                            "dataSource": "AOD",
                            "id": "0000005273"
                          },
                          {
                            "dataSource": "CCPSS",
                            "id": "0030805"
                          },
                          {
                            "dataSource": "CHV",
                            "id": "0000006675"
                          },
                          {
                            "dataSource": "DXP",
                            "id": "U002089"
                          },
                          {
                            "dataSource": "LCH",
                            "id": "U002421"
                          },
                          {
                            "dataSource": "LCH_NW",
                            "id": "sh85066022"
                          },
                          {
                            "dataSource": "LNC",
                            "id": "LA19747-7"
                          },
                          {
                            "dataSource": "MDR",
                            "id": "10021731"
                          },
                          {
                            "dataSource": "MSH",
                            "id": "D007223"
                          },
                          {
                            "dataSource": "NCI",
                            "id": "C27956"
                          },
                          {
                            "dataSource": "NCI_FDA",
                            "id": "C27956"
                          },
                          {
                            "dataSource": "NCI_NICHD",
                            "id": "C27956"
                          },
                          {
                            "dataSource": "SNOMEDCT_US",
                            "id": "133931009"
                          }
                        ]
                      }
                    ],
                    "relations": [],
                    "warnings": []
                  }
                ],
                "errors": [],
                "modelVersion": "2022-03-01"
              }
            }
          ]
        }
      }
    },
    {
      "RequestUri": "https://endpoint/language/analyze-text/jobs/c2507554-c7af-479c-bed5-e6e8c7c98b6d?api-version=2022-10-01-preview",
      "RequestMethod": "GET",
      "RequestHeaders": {
        "Accept": "application/json",
        "Accept-Encoding": "gzip, deflate, br",
        "Accept-Language": "en-US",
        "Connection": "keep-alive",
        "ocp-apim-subscription-key": "api_key",
        "Referer": "http://localhost:9876/",
        "sec-ch-ua": "",
        "sec-ch-ua-mobile": "?0",
        "sec-ch-ua-platform": "",
        "Sec-Fetch-Dest": "empty",
        "Sec-Fetch-Mode": "cors",
        "Sec-Fetch-Site": "same-site",
        "User-Agent": "Mozilla/5.0 (X11; Linux x86_64) AppleWebKit/537.36 (KHTML, like Gecko) HeadlessChrome/103.0.5058.0 Safari/537.36",
        "x-ms-client-request-id": "c9758ba4-0bf3-410e-8e32-b94e06007d6f",
        "x-ms-useragent": "azsdk-js-ai-language-text/1.1.0-beta.1 core-rest-pipeline/1.9.3 OS/Linuxx86_64"
      },
      "RequestBody": null,
      "StatusCode": 200,
      "ResponseHeaders": {
        "apim-request-id": "19cd44ba-7d0c-430c-bf6a-0c4f2d22ba80",
        "Content-Length": "11404",
        "Content-Type": "application/json; charset=utf-8",
        "Date": "Fri, 14 Oct 2022 02:46:52 GMT",
        "Strict-Transport-Security": "max-age=31536000; includeSubDomains; preload",
        "X-Content-Type-Options": "nosniff",
        "x-envoy-upstream-service-time": "86"
      },
      "ResponseBody": {
        "jobId": "c2507554-c7af-479c-bed5-e6e8c7c98b6d",
        "lastUpdateDateTime": "2022-10-14T02:46:51Z",
        "createdDateTime": "2022-10-14T02:46:49Z",
        "expirationDateTime": "2022-10-15T02:46:49Z",
        "status": "succeeded",
        "errors": [],
        "tasks": {
          "completed": 1,
          "failed": 0,
          "inProgress": 0,
          "total": 1,
          "items": [
            {
              "kind": "HealthcareLROResults",
              "lastUpdateDateTime": "2022-10-14T02:46:51.9811331Z",
              "status": "succeeded",
              "results": {
                "documents": [
                  {
                    "id": "0",
                    "entities": [
                      {
                        "offset": 29,
                        "length": 19,
                        "text": "high blood pressure",
                        "category": "SymptomOrSign",
                        "confidenceScore": 1.0,
                        "assertion": {
                          "certainty": "negative"
                        },
                        "name": "Hypertensive disease",
                        "links": [
                          {
                            "dataSource": "UMLS",
                            "id": "C0020538"
                          },
                          {
                            "dataSource": "AOD",
                            "id": "0000023317"
                          },
                          {
                            "dataSource": "BI",
                            "id": "BI00001"
                          },
                          {
                            "dataSource": "CCPSS",
                            "id": "1017493"
                          },
                          {
                            "dataSource": "CCS",
                            "id": "7.1"
                          },
                          {
                            "dataSource": "CHV",
                            "id": "0000015800"
                          },
                          {
                            "dataSource": "COSTAR",
                            "id": "397"
                          },
                          {
                            "dataSource": "CSP",
                            "id": "0571-5243"
                          },
                          {
                            "dataSource": "CST",
                            "id": "HYPERTENS"
                          },
                          {
                            "dataSource": "DXP",
                            "id": "U002034"
                          },
                          {
                            "dataSource": "HPO",
                            "id": "HP:0000822"
                          },
                          {
                            "dataSource": "ICD10",
                            "id": "I10-I15.9"
                          },
                          {
                            "dataSource": "ICD10AM",
                            "id": "I10-I15.9"
                          },
                          {
                            "dataSource": "ICD10CM",
                            "id": "I10"
                          },
                          {
                            "dataSource": "ICD9CM",
                            "id": "997.91"
                          },
                          {
                            "dataSource": "ICPC2ICD10ENG",
                            "id": "MTHU035456"
                          },
                          {
                            "dataSource": "ICPC2P",
                            "id": "K85004"
                          },
                          {
                            "dataSource": "LCH",
                            "id": "U002317"
                          },
                          {
                            "dataSource": "LCH_NW",
                            "id": "sh85063723"
                          },
                          {
                            "dataSource": "LNC",
                            "id": "LA14293-7"
                          },
                          {
                            "dataSource": "MDR",
                            "id": "10020772"
                          },
                          {
                            "dataSource": "MEDCIN",
                            "id": "33288"
                          },
                          {
                            "dataSource": "MEDLINEPLUS",
                            "id": "34"
                          },
                          {
                            "dataSource": "MSH",
                            "id": "D006973"
                          },
                          {
                            "dataSource": "MTH",
                            "id": "005"
                          },
                          {
                            "dataSource": "MTHICD9",
                            "id": "997.91"
                          },
                          {
                            "dataSource": "NANDA-I",
                            "id": "00905"
                          },
                          {
                            "dataSource": "NCI",
                            "id": "C3117"
                          },
                          {
                            "dataSource": "NCI_CPTAC",
                            "id": "C3117"
                          },
                          {
                            "dataSource": "NCI_CTCAE",
                            "id": "E13785"
                          },
                          {
                            "dataSource": "NCI_CTRP",
                            "id": "C3117"
                          },
                          {
                            "dataSource": "NCI_FDA",
                            "id": "1908"
                          },
                          {
                            "dataSource": "NCI_GDC",
                            "id": "C3117"
                          },
                          {
                            "dataSource": "NCI_NCI-GLOSS",
                            "id": "CDR0000458091"
                          },
                          {
                            "dataSource": "NCI_NICHD",
                            "id": "C3117"
                          },
                          {
                            "dataSource": "NCI_caDSR",
                            "id": "C3117"
                          },
                          {
                            "dataSource": "NOC",
                            "id": "060808"
                          },
                          {
                            "dataSource": "OMIM",
                            "id": "MTHU002068"
                          },
                          {
                            "dataSource": "PCDS",
                            "id": "PRB_11000.06"
                          },
                          {
                            "dataSource": "PDQ",
                            "id": "CDR0000686951"
                          },
                          {
                            "dataSource": "PSY",
                            "id": "23830"
                          },
                          {
                            "dataSource": "RCD",
                            "id": "XE0Ub"
                          },
                          {
                            "dataSource": "SNM",
                            "id": "F-70700"
                          },
                          {
                            "dataSource": "SNMI",
                            "id": "D3-02000"
                          },
                          {
                            "dataSource": "SNOMEDCT_US",
                            "id": "38341003"
                          },
                          {
                            "dataSource": "WHO",
                            "id": "0210"
                          }
                        ]
                      }
                    ],
                    "relations": [],
                    "warnings": []
                  },
                  {
                    "id": "1",
                    "entities": [
                      {
                        "offset": 11,
                        "length": 5,
                        "text": "100mg",
                        "category": "Dosage",
                        "confidenceScore": 0.98
                      },
                      {
                        "offset": 17,
                        "length": 9,
                        "text": "ibuprofen",
                        "category": "MedicationName",
                        "confidenceScore": 1.0,
                        "name": "ibuprofen",
                        "links": [
                          {
                            "dataSource": "UMLS",
                            "id": "C0020740"
                          },
                          {
                            "dataSource": "AOD",
                            "id": "0000019879"
                          },
                          {
                            "dataSource": "ATC",
                            "id": "M01AE01"
                          },
                          {
                            "dataSource": "CCPSS",
                            "id": "0046165"
                          },
                          {
                            "dataSource": "CHV",
                            "id": "0000006519"
                          },
                          {
                            "dataSource": "CSP",
                            "id": "2270-2077"
                          },
                          {
                            "dataSource": "DRUGBANK",
                            "id": "DB01050"
                          },
                          {
                            "dataSource": "GS",
                            "id": "1611"
                          },
                          {
                            "dataSource": "LCH_NW",
                            "id": "sh97005926"
                          },
                          {
                            "dataSource": "LNC",
                            "id": "LP16165-0"
                          },
                          {
                            "dataSource": "MEDCIN",
                            "id": "40458"
                          },
                          {
                            "dataSource": "MMSL",
                            "id": "d00015"
                          },
                          {
                            "dataSource": "MSH",
                            "id": "D007052"
                          },
                          {
                            "dataSource": "MTHSPL",
                            "id": "WK2XYI10QM"
                          },
                          {
                            "dataSource": "NCI",
                            "id": "C561"
                          },
                          {
                            "dataSource": "NCI_CTRP",
                            "id": "C561"
                          },
                          {
                            "dataSource": "NCI_DCP",
                            "id": "00803"
                          },
                          {
                            "dataSource": "NCI_DTP",
                            "id": "NSC0256857"
                          },
                          {
                            "dataSource": "NCI_FDA",
                            "id": "WK2XYI10QM"
                          },
                          {
                            "dataSource": "NCI_NCI-GLOSS",
                            "id": "CDR0000613511"
                          },
                          {
                            "dataSource": "NDDF",
                            "id": "002377"
                          },
                          {
                            "dataSource": "PDQ",
                            "id": "CDR0000040475"
                          },
                          {
                            "dataSource": "RCD",
                            "id": "x02MO"
                          },
                          {
                            "dataSource": "RXNORM",
                            "id": "5640"
                          },
                          {
                            "dataSource": "SNM",
                            "id": "E-7772"
                          },
                          {
                            "dataSource": "SNMI",
                            "id": "C-603C0"
                          },
                          {
                            "dataSource": "SNOMEDCT_US",
                            "id": "387207008"
                          },
                          {
                            "dataSource": "USP",
                            "id": "m39860"
                          },
                          {
                            "dataSource": "USPMG",
                            "id": "MTHU000060"
                          },
                          {
                            "dataSource": "VANDF",
                            "id": "4017840"
                          }
                        ]
                      },
                      {
                        "offset": 34,
                        "length": 11,
                        "text": "twice daily",
                        "category": "Frequency",
                        "confidenceScore": 1.0
                      }
                    ],
                    "relations": [
                      {
                        "confidenceScore": 1.0,
                        "relationType": "DosageOfMedication",
                        "entities": [
                          {
                            "ref": "#/results/documents/1/entities/0",
                            "role": "Dosage"
                          },
                          {
                            "ref": "#/results/documents/1/entities/1",
                            "role": "Medication"
                          }
                        ]
                      },
                      {
                        "confidenceScore": 1.0,
                        "relationType": "FrequencyOfMedication",
                        "entities": [
                          {
                            "ref": "#/results/documents/1/entities/1",
                            "role": "Medication"
                          },
                          {
                            "ref": "#/results/documents/1/entities/2",
                            "role": "Frequency"
                          }
                        ]
                      }
                    ],
                    "warnings": []
                  },
                  {
                    "id": "2",
                    "entities": [
                      {
                        "offset": 0,
                        "length": 4,
                        "text": "Baby",
                        "category": "Age",
                        "confidenceScore": 0.94,
                        "name": "Infant",
                        "links": [
                          {
                            "dataSource": "UMLS",
                            "id": "C0021270"
                          },
                          {
                            "dataSource": "AOD",
                            "id": "0000005273"
                          },
                          {
                            "dataSource": "CCPSS",
                            "id": "0030805"
                          },
                          {
                            "dataSource": "CHV",
                            "id": "0000006675"
                          },
                          {
                            "dataSource": "DXP",
                            "id": "U002089"
                          },
                          {
                            "dataSource": "LCH",
                            "id": "U002421"
                          },
                          {
                            "dataSource": "LCH_NW",
                            "id": "sh85066022"
                          },
                          {
                            "dataSource": "LNC",
                            "id": "LA19747-7"
                          },
                          {
                            "dataSource": "MDR",
                            "id": "10021731"
                          },
                          {
                            "dataSource": "MSH",
                            "id": "D007223"
                          },
                          {
                            "dataSource": "NCI",
                            "id": "C27956"
                          },
                          {
                            "dataSource": "NCI_FDA",
                            "id": "C27956"
                          },
                          {
                            "dataSource": "NCI_NICHD",
                            "id": "C27956"
                          },
                          {
                            "dataSource": "SNOMEDCT_US",
                            "id": "133931009"
                          }
                        ]
                      },
                      {
                        "offset": 24,
                        "length": 10,
                        "text": "Meningitis",
                        "category": "Diagnosis",
                        "confidenceScore": 1.0,
                        "assertion": {
                          "certainty": "negativePossible"
                        },
                        "name": "Meningitis",
                        "links": [
                          {
                            "dataSource": "UMLS",
                            "id": "C0025289"
                          },
                          {
                            "dataSource": "AOD",
                            "id": "0000006185"
                          },
                          {
                            "dataSource": "BI",
                            "id": "BI00546"
                          },
                          {
                            "dataSource": "CCPSS",
                            "id": "1018016"
                          },
                          {
                            "dataSource": "CCSR_10",
                            "id": "NVS001"
                          },
                          {
                            "dataSource": "CCSR_ICD10CM",
                            "id": "NVS001"
                          },
                          {
                            "dataSource": "CHV",
                            "id": "0000007932"
                          },
                          {
                            "dataSource": "COSTAR",
                            "id": "478"
                          },
                          {
                            "dataSource": "CSP",
                            "id": "2042-5301"
                          },
                          {
                            "dataSource": "CST",
                            "id": "MENINGITIS"
                          },
                          {
                            "dataSource": "DXP",
                            "id": "U002543"
                          },
                          {
                            "dataSource": "HPO",
                            "id": "HP:0001287"
                          },
                          {
                            "dataSource": "ICD10",
                            "id": "G03.9"
                          },
                          {
                            "dataSource": "ICD10AM",
                            "id": "G03.9"
                          },
                          {
                            "dataSource": "ICD10CM",
                            "id": "G03.9"
                          },
                          {
                            "dataSource": "ICD9CM",
                            "id": "322.9"
                          },
                          {
                            "dataSource": "ICPC2ICD10ENG",
                            "id": "MTHU048434"
                          },
                          {
                            "dataSource": "ICPC2P",
                            "id": "N71002"
                          },
                          {
                            "dataSource": "LCH",
                            "id": "U002901"
                          },
                          {
                            "dataSource": "LCH_NW",
                            "id": "sh85083562"
                          },
                          {
                            "dataSource": "LNC",
                            "id": "LP20756-0"
                          },
                          {
                            "dataSource": "MDR",
                            "id": "10027199"
                          },
                          {
                            "dataSource": "MEDCIN",
                            "id": "31192"
                          },
                          {
                            "dataSource": "MEDLINEPLUS",
                            "id": "324"
                          },
                          {
                            "dataSource": "MSH",
                            "id": "D008581"
                          },
                          {
                            "dataSource": "NANDA-I",
                            "id": "02899"
                          },
                          {
                            "dataSource": "NCI",
                            "id": "C26828"
                          },
                          {
                            "dataSource": "NCI_CPTAC",
                            "id": "C26828"
                          },
                          {
                            "dataSource": "NCI_CTCAE",
                            "id": "E11458"
                          },
                          {
                            "dataSource": "NCI_FDA",
                            "id": "2389"
                          },
                          {
                            "dataSource": "NCI_NCI-GLOSS",
                            "id": "CDR0000471780"
                          },
                          {
                            "dataSource": "NCI_NICHD",
                            "id": "C26828"
                          },
                          {
                            "dataSource": "NCI_caDSR",
                            "id": "C26828"
                          },
                          {
                            "dataSource": "OMIM",
                            "id": "MTHU005994"
                          },
                          {
                            "dataSource": "PSY",
                            "id": "30660"
                          },
                          {
                            "dataSource": "RCD",
                            "id": "X000H"
                          },
                          {
                            "dataSource": "SNM",
                            "id": "M-40000"
                          },
                          {
                            "dataSource": "SNMI",
                            "id": "DA-10010"
                          },
                          {
                            "dataSource": "SNOMEDCT_US",
                            "id": "7180009"
                          },
                          {
                            "dataSource": "WHO",
                            "id": "0955"
                          }
                        ]
                      },
                      {
                        "offset": 47,
                        "length": 5,
                        "text": "fever",
                        "category": "SymptomOrSign",
                        "confidenceScore": 0.98,
                        "name": "Fever",
                        "links": [
                          {
                            "dataSource": "UMLS",
                            "id": "C0015967"
                          },
                          {
                            "dataSource": "AIR",
                            "id": "FEVER"
                          },
                          {
                            "dataSource": "AOD",
                            "id": "0000004396"
                          },
                          {
                            "dataSource": "BI",
                            "id": "BI00751"
                          },
                          {
                            "dataSource": "CCC",
                            "id": "K25.2"
                          },
                          {
                            "dataSource": "CCPSS",
                            "id": "1017166"
                          },
                          {
                            "dataSource": "CCSR_10",
                            "id": "SYM002"
                          },
                          {
                            "dataSource": "CCSR_ICD10CM",
                            "id": "SYM002"
                          },
                          {
                            "dataSource": "CHV",
                            "id": "0000005010"
                          },
                          {
                            "dataSource": "COSTAR",
                            "id": "300"
                          },
                          {
                            "dataSource": "CPM",
                            "id": "65287"
                          },
                          {
                            "dataSource": "CSP",
                            "id": "2871-4310"
                          },
                          {
                            "dataSource": "CST",
                            "id": "FEVER"
                          },
                          {
                            "dataSource": "DXP",
                            "id": "U001483"
                          },
                          {
                            "dataSource": "GO",
                            "id": "GO:0001660"
                          },
                          {
                            "dataSource": "HPO",
                            "id": "HP:0001945"
                          },
                          {
                            "dataSource": "ICD10",
                            "id": "R50.9"
                          },
                          {
                            "dataSource": "ICD10AM",
                            "id": "R50.9"
                          },
                          {
                            "dataSource": "ICD10CM",
                            "id": "R50.9"
                          },
                          {
                            "dataSource": "ICD9CM",
                            "id": "780.60"
                          },
                          {
                            "dataSource": "ICNP",
                            "id": "10041539"
                          },
                          {
                            "dataSource": "ICPC",
                            "id": "A03"
                          },
                          {
                            "dataSource": "ICPC2EENG",
                            "id": "A03"
                          },
                          {
                            "dataSource": "ICPC2ICD10ENG",
                            "id": "MTHU041751"
                          },
                          {
                            "dataSource": "ICPC2P",
                            "id": "A03002"
                          },
                          {
                            "dataSource": "LCH",
                            "id": "U001776"
                          },
                          {
                            "dataSource": "LCH_NW",
                            "id": "sh85047994"
                          },
                          {
                            "dataSource": "LNC",
                            "id": "MTHU013518"
                          },
                          {
                            "dataSource": "MDR",
                            "id": "10005911"
                          },
                          {
                            "dataSource": "MEDCIN",
                            "id": "6005"
                          },
                          {
                            "dataSource": "MEDLINEPLUS",
                            "id": "511"
                          },
                          {
                            "dataSource": "MSH",
                            "id": "D005334"
                          },
                          {
                            "dataSource": "MTHICD9",
                            "id": "780.60"
                          },
                          {
                            "dataSource": "NANDA-I",
                            "id": "01128"
                          },
                          {
                            "dataSource": "NCI",
                            "id": "C3038"
                          },
                          {
                            "dataSource": "NCI_CTCAE",
                            "id": "E11102"
                          },
                          {
                            "dataSource": "NCI_FDA",
                            "id": "1858"
                          },
                          {
                            "dataSource": "NCI_GDC",
                            "id": "C3038"
                          },
                          {
                            "dataSource": "NCI_NCI-GLOSS",
                            "id": "CDR0000450108"
                          },
                          {
                            "dataSource": "NCI_NICHD",
                            "id": "C3038"
                          },
                          {
                            "dataSource": "NCI_caDSR",
                            "id": "C3038"
                          },
                          {
                            "dataSource": "NOC",
                            "id": "070307"
                          },
                          {
                            "dataSource": "OMIM",
                            "id": "MTHU005439"
                          },
                          {
                            "dataSource": "OMS",
                            "id": "50.03"
                          },
                          {
                            "dataSource": "PCDS",
                            "id": "PRB_11020.02"
                          },
                          {
                            "dataSource": "PDQ",
                            "id": "CDR0000775882"
                          },
                          {
                            "dataSource": "PSY",
                            "id": "23840"
                          },
                          {
                            "dataSource": "QMR",
                            "id": "Q0200115"
                          },
                          {
                            "dataSource": "RCD",
                            "id": "X76EI"
                          },
                          {
                            "dataSource": "SNM",
                            "id": "F-03003"
                          },
                          {
                            "dataSource": "SNMI",
                            "id": "F-03003"
                          },
                          {
                            "dataSource": "SNOMEDCT_US",
                            "id": "386661006"
                          },
                          {
                            "dataSource": "WHO",
                            "id": "0725"
                          }
                        ]
                      },
                      {
                        "offset": 60,
                        "length": 6,
                        "text": "mother",
                        "category": "FamilyRelation",
                        "confidenceScore": 0.99,
                        "name": "Mother (person)",
                        "links": [
                          {
                            "dataSource": "UMLS",
                            "id": "C0026591"
                          },
                          {
                            "dataSource": "AOD",
                            "id": "0000027173"
                          },
                          {
                            "dataSource": "CCPSS",
                            "id": "U000286"
                          },
                          {
                            "dataSource": "CHV",
                            "id": "0000008266"
                          },
                          {
                            "dataSource": "CSP",
                            "id": "1124-5492"
                          },
                          {
                            "dataSource": "HL7V3.0",
                            "id": "MTH"
                          },
                          {
                            "dataSource": "LCH",
                            "id": "U003028"
                          },
                          {
                            "dataSource": "LCH_NW",
                            "id": "sh85087526"
                          },
                          {
                            "dataSource": "LNC",
                            "id": "LA10417-6"
                          },
                          {
                            "dataSource": "MSH",
                            "id": "D009035"
                          },
                          {
                            "dataSource": "NCI",
                            "id": "C25189"
                          },
                          {
                            "dataSource": "NCI_CDISC",
                            "id": "C25189"
                          },
                          {
                            "dataSource": "NCI_GDC",
                            "id": "C25189"
                          },
                          {
                            "dataSource": "NCI_caDSR",
                            "id": "C25189"
                          },
                          {
                            "dataSource": "PSY",
                            "id": "32140"
                          },
                          {
                            "dataSource": "RCD",
                            "id": "X78ym"
                          },
                          {
                            "dataSource": "SNMI",
                            "id": "S-10120"
                          },
                          {
                            "dataSource": "SNOMEDCT_US",
                            "id": "72705000"
                          }
                        ]
                      },
                      {
                        "offset": 77,
                        "length": 10,
                        "text": "Penicillin",
                        "category": "MedicationName",
                        "confidenceScore": 0.84,
                        "assertion": {
                          "certainty": "neutralPossible"
                        },
                        "name": "penicillins",
                        "links": [
                          {
                            "dataSource": "UMLS",
                            "id": "C0030842"
                          },
                          {
                            "dataSource": "AOD",
                            "id": "0000019206"
                          },
                          {
                            "dataSource": "ATC",
                            "id": "J01C"
                          },
                          {
                            "dataSource": "CCPSS",
                            "id": "0014106"
                          },
                          {
                            "dataSource": "CHV",
                            "id": "0000009423"
                          },
                          {
                            "dataSource": "CSP",
                            "id": "0199-8025"
                          },
                          {
                            "dataSource": "GS",
                            "id": "4011"
                          },
                          {
                            "dataSource": "LCH",
                            "id": "U003521"
                          },
                          {
                            "dataSource": "LCH_NW",
                            "id": "sh85099402"
                          },
                          {
                            "dataSource": "LNC",
                            "id": "LP14319-5"
                          },
                          {
                            "dataSource": "MEDCIN",
                            "id": "40319"
                          },
                          {
                            "dataSource": "MMSL",
                            "id": "d00116"
                          },
                          {
                            "dataSource": "MSH",
                            "id": "D010406"
                          },
                          {
                            "dataSource": "NCI",
                            "id": "C1500"
                          },
                          {
                            "dataSource": "NCI_DTP",
                            "id": "NSC0402815"
                          },
                          {
                            "dataSource": "NCI_NCI-GLOSS",
                            "id": "CDR0000045296"
                          },
                          {
                            "dataSource": "NDDF",
                            "id": "016121"
                          },
                          {
                            "dataSource": "PSY",
                            "id": "37190"
                          },
                          {
                            "dataSource": "RCD",
                            "id": "x009C"
                          },
                          {
                            "dataSource": "SNM",
                            "id": "E-7260"
                          },
                          {
                            "dataSource": "SNMI",
                            "id": "C-54000"
                          },
                          {
                            "dataSource": "SNOMEDCT_US",
                            "id": "764146007"
                          },
                          {
                            "dataSource": "VANDF",
                            "id": "4019880"
                          }
                        ]
                      },
                      {
                        "offset": 96,
                        "length": 4,
                        "text": "baby",
                        "category": "FamilyRelation",
                        "confidenceScore": 1.0,
                        "name": "Infant",
                        "links": [
                          {
                            "dataSource": "UMLS",
                            "id": "C0021270"
                          },
                          {
                            "dataSource": "AOD",
                            "id": "0000005273"
                          },
                          {
                            "dataSource": "CCPSS",
                            "id": "0030805"
                          },
                          {
                            "dataSource": "CHV",
                            "id": "0000006675"
                          },
                          {
                            "dataSource": "DXP",
                            "id": "U002089"
                          },
                          {
                            "dataSource": "LCH",
                            "id": "U002421"
                          },
                          {
                            "dataSource": "LCH_NW",
                            "id": "sh85066022"
                          },
                          {
                            "dataSource": "LNC",
                            "id": "LA19747-7"
                          },
                          {
                            "dataSource": "MDR",
                            "id": "10021731"
                          },
                          {
                            "dataSource": "MSH",
                            "id": "D007223"
                          },
                          {
                            "dataSource": "NCI",
                            "id": "C27956"
                          },
                          {
                            "dataSource": "NCI_FDA",
                            "id": "C27956"
                          },
                          {
                            "dataSource": "NCI_NICHD",
                            "id": "C27956"
                          },
                          {
                            "dataSource": "SNOMEDCT_US",
                            "id": "133931009"
                          }
                        ]
                      }
                    ],
                    "relations": [],
                    "warnings": []
                  }
                ],
                "errors": [],
                "modelVersion": "2022-03-01"
              }
            }
          ]
        }
      }
    }
  ],
  "Variables": {}
}
