{
  "Entries": [
    {
      "RequestUri": "https://endpoint/language/analyze-text/jobs?api-version=2022-05-01",
      "RequestMethod": "POST",
      "RequestHeaders": {
        "Accept": "application/json",
        "Accept-Encoding": "gzip, deflate, br",
        "Accept-Language": "en-US",
        "Authorization": "Sanitized",
        "Connection": "keep-alive",
        "Content-Length": "205",
        "Content-Type": "application/json",
        "Referer": "http://localhost:9876/",
        "sec-ch-ua": "",
        "sec-ch-ua-mobile": "?0",
        "sec-ch-ua-platform": "",
        "Sec-Fetch-Dest": "empty",
        "Sec-Fetch-Mode": "cors",
        "Sec-Fetch-Site": "same-site",
        "User-Agent": "Mozilla/5.0 (X11; Linux x86_64) AppleWebKit/537.36 (KHTML, like Gecko) HeadlessChrome/103.0.5058.0 Safari/537.36",
        "x-ms-client-request-id": "a2ee9c91-3a0d-405a-8145-a817266e3fbe",
        "x-ms-useragent": "azsdk-js-ai-language-text/1.0.1 core-rest-pipeline/1.9.3 OS/Linuxx86_64"
      },
      "RequestBody": {
        "analysisInput": {
          "documents": [
            {
              "id": "0",
              "text": "\uD83D\uDC69\uD83C\uDFFB\u200D\uD83D\uDC69\uD83C\uDFFD\u200D\uD83D\uDC67\uD83C\uDFFE\u200D\uD83D\uDC66\uD83C\uDFFF ibuprofen",
              "language": "en"
            }
          ]
        },
        "tasks": [
          {
            "kind": "Healthcare",
            "parameters": {
              "stringIndexType": "UnicodeCodePoint"
            }
          }
        ]
      },
      "StatusCode": 202,
      "ResponseHeaders": {
        "apim-request-id": "59b010e5-0c36-42a0-8b5f-f9e3d1283900",
        "Content-Length": "0",
        "Date": "Sat, 15 Oct 2022 02:30:02 GMT",
        "operation-location": "https://endpoint/language/analyze-text/jobs/adad1186-1dd3-4fce-bebf-df784c29779e?api-version=2022-05-01",
        "Strict-Transport-Security": "max-age=31536000; includeSubDomains; preload",
        "X-Content-Type-Options": "nosniff",
        "x-envoy-upstream-service-time": "110"
      },
      "ResponseBody": null
    },
    {
      "RequestUri": "https://endpoint/language/analyze-text/jobs/adad1186-1dd3-4fce-bebf-df784c29779e?api-version=2022-05-01",
      "RequestMethod": "GET",
      "RequestHeaders": {
        "Accept": "application/json",
        "Accept-Encoding": "gzip, deflate, br",
        "Accept-Language": "en-US",
        "Authorization": "Sanitized",
        "Connection": "keep-alive",
        "Referer": "http://localhost:9876/",
        "sec-ch-ua": "",
        "sec-ch-ua-mobile": "?0",
        "sec-ch-ua-platform": "",
        "Sec-Fetch-Dest": "empty",
        "Sec-Fetch-Mode": "cors",
        "Sec-Fetch-Site": "same-site",
        "User-Agent": "Mozilla/5.0 (X11; Linux x86_64) AppleWebKit/537.36 (KHTML, like Gecko) HeadlessChrome/103.0.5058.0 Safari/537.36",
        "x-ms-client-request-id": "bd87062f-04e6-47ee-aefb-1c5458716cb1",
        "x-ms-useragent": "azsdk-js-ai-language-text/1.0.1 core-rest-pipeline/1.9.3 OS/Linuxx86_64"
      },
      "RequestBody": null,
      "StatusCode": 429,
      "ResponseHeaders": {
        "apim-request-id": "c199b8a1-a7ef-458d-a25c-061e834df733",
        "Content-Length": "85",
        "Content-Type": "application/json",
        "Date": "Sat, 15 Oct 2022 02:30:02 GMT",
        "policy-id": "ResourceRateLimitBy1s",
        "Retry-After": "1",
        "Strict-Transport-Security": "max-age=31536000; includeSubDomains; preload",
        "X-Content-Type-Options": "nosniff"
      },
      "ResponseBody": {
        "error": {
          "code": "429",
          "message": "Rate limit is exceeded. Try again in 1 seconds."
        }
      }
    },
    {
      "RequestUri": "https://endpoint/language/analyze-text/jobs/adad1186-1dd3-4fce-bebf-df784c29779e?api-version=2022-05-01",
      "RequestMethod": "GET",
      "RequestHeaders": {
        "Accept": "application/json",
        "Accept-Encoding": "gzip, deflate, br",
        "Accept-Language": "en-US",
        "Authorization": "Sanitized",
        "Connection": "keep-alive",
        "Referer": "http://localhost:9876/",
        "sec-ch-ua": "",
        "sec-ch-ua-mobile": "?0",
        "sec-ch-ua-platform": "",
        "Sec-Fetch-Dest": "empty",
        "Sec-Fetch-Mode": "cors",
        "Sec-Fetch-Site": "same-site",
        "User-Agent": "Mozilla/5.0 (X11; Linux x86_64) AppleWebKit/537.36 (KHTML, like Gecko) HeadlessChrome/103.0.5058.0 Safari/537.36",
        "x-ms-client-request-id": "bd87062f-04e6-47ee-aefb-1c5458716cb1",
        "x-ms-useragent": "azsdk-js-ai-language-text/1.0.1 core-rest-pipeline/1.9.3 OS/Linuxx86_64"
      },
      "RequestBody": null,
      "StatusCode": 200,
      "ResponseHeaders": {
        "apim-request-id": "bdb7d6d6-0f69-4716-8edb-f9aeaa7187b4",
        "Content-Length": "280",
        "Content-Type": "application/json; charset=utf-8",
        "Date": "Sat, 15 Oct 2022 02:30:03 GMT",
        "Strict-Transport-Security": "max-age=31536000; includeSubDomains; preload",
        "X-Content-Type-Options": "nosniff",
        "x-envoy-upstream-service-time": "7"
      },
      "ResponseBody": {
        "jobId": "adad1186-1dd3-4fce-bebf-df784c29779e",
        "lastUpdatedDateTime": "2022-10-15T02:30:02Z",
        "createdDateTime": "2022-10-15T02:30:02Z",
        "expirationDateTime": "2022-10-16T02:30:02Z",
        "status": "running",
        "errors": [],
        "tasks": {
          "completed": 0,
          "failed": 0,
          "inProgress": 1,
          "total": 1,
          "items": []
        }
      }
    },
    {
      "RequestUri": "https://endpoint/language/analyze-text/jobs/adad1186-1dd3-4fce-bebf-df784c29779e?api-version=2022-05-01",
      "RequestMethod": "GET",
      "RequestHeaders": {
        "Accept": "application/json",
        "Accept-Encoding": "gzip, deflate, br",
        "Accept-Language": "en-US",
        "Authorization": "Sanitized",
        "Connection": "keep-alive",
        "Referer": "http://localhost:9876/",
        "sec-ch-ua": "",
        "sec-ch-ua-mobile": "?0",
        "sec-ch-ua-platform": "",
        "Sec-Fetch-Dest": "empty",
        "Sec-Fetch-Mode": "cors",
        "Sec-Fetch-Site": "same-site",
        "User-Agent": "Mozilla/5.0 (X11; Linux x86_64) AppleWebKit/537.36 (KHTML, like Gecko) HeadlessChrome/103.0.5058.0 Safari/537.36",
        "x-ms-client-request-id": "a4628071-e1ae-4b2b-9985-e4a2f899a25f",
        "x-ms-useragent": "azsdk-js-ai-language-text/1.0.1 core-rest-pipeline/1.9.3 OS/Linuxx86_64"
      },
      "RequestBody": null,
      "StatusCode": 200,
      "ResponseHeaders": {
        "apim-request-id": "4d3d9626-323f-4abf-9edd-e46eb49f57f8",
        "Content-Length": "280",
        "Content-Type": "application/json; charset=utf-8",
        "Date": "Sat, 15 Oct 2022 02:30:03 GMT",
        "Strict-Transport-Security": "max-age=31536000; includeSubDomains; preload",
        "X-Content-Type-Options": "nosniff",
        "x-envoy-upstream-service-time": "7"
      },
      "ResponseBody": {
        "jobId": "adad1186-1dd3-4fce-bebf-df784c29779e",
        "lastUpdatedDateTime": "2022-10-15T02:30:02Z",
        "createdDateTime": "2022-10-15T02:30:02Z",
        "expirationDateTime": "2022-10-16T02:30:02Z",
        "status": "running",
        "errors": [],
        "tasks": {
          "completed": 0,
          "failed": 0,
          "inProgress": 1,
          "total": 1,
          "items": []
        }
      }
    },
    {
      "RequestUri": "https://endpoint/language/analyze-text/jobs/adad1186-1dd3-4fce-bebf-df784c29779e?api-version=2022-05-01",
      "RequestMethod": "GET",
      "RequestHeaders": {
        "Accept": "application/json",
        "Accept-Encoding": "gzip, deflate, br",
        "Accept-Language": "en-US",
        "Authorization": "Sanitized",
        "Connection": "keep-alive",
        "Referer": "http://localhost:9876/",
        "sec-ch-ua": "",
        "sec-ch-ua-mobile": "?0",
        "sec-ch-ua-platform": "",
        "Sec-Fetch-Dest": "empty",
        "Sec-Fetch-Mode": "cors",
        "Sec-Fetch-Site": "same-site",
        "User-Agent": "Mozilla/5.0 (X11; Linux x86_64) AppleWebKit/537.36 (KHTML, like Gecko) HeadlessChrome/103.0.5058.0 Safari/537.36",
        "x-ms-client-request-id": "b9381d4a-665a-4897-99f2-e8fab8d5f37e",
        "x-ms-useragent": "azsdk-js-ai-language-text/1.0.1 core-rest-pipeline/1.9.3 OS/Linuxx86_64"
      },
      "RequestBody": null,
      "StatusCode": 200,
      "ResponseHeaders": {
        "apim-request-id": "0363d472-f8ea-4279-94f4-09b797d1ddd9",
        "Content-Length": "1788",
        "Content-Type": "application/json; charset=utf-8",
        "Date": "Sat, 15 Oct 2022 02:30:06 GMT",
        "Strict-Transport-Security": "max-age=31536000; includeSubDomains; preload",
        "X-Content-Type-Options": "nosniff",
        "x-envoy-upstream-service-time": "130"
      },
      "ResponseBody": {
        "jobId": "adad1186-1dd3-4fce-bebf-df784c29779e",
        "lastUpdatedDateTime": "2022-10-15T02:30:04Z",
        "createdDateTime": "2022-10-15T02:30:02Z",
        "expirationDateTime": "2022-10-16T02:30:02Z",
        "status": "succeeded",
        "errors": [],
        "tasks": {
          "completed": 1,
          "failed": 0,
          "inProgress": 0,
          "total": 1,
          "items": [
            {
              "kind": "HealthcareLROResults",
              "lastUpdateDateTime": "2022-10-15T02:30:04.1811831Z",
              "status": "succeeded",
              "results": {
                "documents": [
                  {
                    "id": "0",
                    "entities": [
                      {
                        "offset": 12,
                        "length": 9,
                        "text": "ibuprofen",
                        "category": "MedicationName",
                        "confidenceScore": 0.95,
                        "name": "ibuprofen",
                        "links": [
                          {
                            "dataSource": "UMLS",
                            "id": "C0020740"
                          },
                          {
                            "dataSource": "AOD",
                            "id": "0000019879"
                          },
                          {
                            "dataSource": "ATC",
                            "id": "M01AE01"
                          },
                          {
                            "dataSource": "CCPSS",
                            "id": "0046165"
                          },
                          {
                            "dataSource": "CHV",
                            "id": "0000006519"
                          },
                          {
                            "dataSource": "CSP",
                            "id": "2270-2077"
                          },
                          {
                            "dataSource": "DRUGBANK",
                            "id": "DB01050"
                          },
                          {
                            "dataSource": "GS",
                            "id": "1611"
                          },
                          {
                            "dataSource": "LCH_NW",
                            "id": "sh97005926"
                          },
                          {
                            "dataSource": "LNC",
                            "id": "LP16165-0"
                          },
                          {
                            "dataSource": "MEDCIN",
                            "id": "40458"
                          },
                          {
                            "dataSource": "MMSL",
                            "id": "d00015"
                          },
                          {
                            "dataSource": "MSH",
                            "id": "D007052"
                          },
                          {
                            "dataSource": "MTHSPL",
                            "id": "WK2XYI10QM"
                          },
                          {
                            "dataSource": "NCI",
                            "id": "C561"
                          },
                          {
                            "dataSource": "NCI_CTRP",
                            "id": "C561"
                          },
                          {
                            "dataSource": "NCI_DCP",
                            "id": "00803"
                          },
                          {
                            "dataSource": "NCI_DTP",
                            "id": "NSC0256857"
                          },
                          {
                            "dataSource": "NCI_FDA",
                            "id": "WK2XYI10QM"
                          },
                          {
                            "dataSource": "NCI_NCI-GLOSS",
                            "id": "CDR0000613511"
                          },
                          {
                            "dataSource": "NDDF",
                            "id": "002377"
                          },
                          {
                            "dataSource": "PDQ",
                            "id": "CDR0000040475"
                          },
                          {
                            "dataSource": "RCD",
                            "id": "x02MO"
                          },
                          {
                            "dataSource": "RXNORM",
                            "id": "5640"
                          },
                          {
                            "dataSource": "SNM",
                            "id": "E-7772"
                          },
                          {
                            "dataSource": "SNMI",
                            "id": "C-603C0"
                          },
                          {
                            "dataSource": "SNOMEDCT_US",
                            "id": "387207008"
                          },
                          {
                            "dataSource": "USP",
                            "id": "m39860"
                          },
                          {
                            "dataSource": "USPMG",
                            "id": "MTHU000060"
                          },
                          {
                            "dataSource": "VANDF",
                            "id": "4017840"
                          }
                        ]
                      }
                    ],
                    "relations": [],
                    "warnings": []
                  }
                ],
                "errors": [],
                "modelVersion": "2022-03-01"
              }
            }
          ]
        }
      }
    },
    {
      "RequestUri": "https://endpoint/language/analyze-text/jobs/adad1186-1dd3-4fce-bebf-df784c29779e?api-version=2022-05-01",
      "RequestMethod": "GET",
      "RequestHeaders": {
        "Accept": "application/json",
        "Accept-Encoding": "gzip, deflate, br",
        "Accept-Language": "en-US",
        "Authorization": "Sanitized",
        "Connection": "keep-alive",
        "Referer": "http://localhost:9876/",
        "sec-ch-ua": "",
        "sec-ch-ua-mobile": "?0",
        "sec-ch-ua-platform": "",
        "Sec-Fetch-Dest": "empty",
        "Sec-Fetch-Mode": "cors",
        "Sec-Fetch-Site": "same-site",
        "User-Agent": "Mozilla/5.0 (X11; Linux x86_64) AppleWebKit/537.36 (KHTML, like Gecko) HeadlessChrome/103.0.5058.0 Safari/537.36",
        "x-ms-client-request-id": "bf7c7565-0347-47fa-9b47-6500907e38ef",
        "x-ms-useragent": "azsdk-js-ai-language-text/1.0.1 core-rest-pipeline/1.9.3 OS/Linuxx86_64"
      },
      "RequestBody": null,
      "StatusCode": 200,
      "ResponseHeaders": {
        "apim-request-id": "cc7f7ba7-ea86-41e1-8190-e4baaa7cf459",
        "Content-Length": "1788",
        "Content-Type": "application/json; charset=utf-8",
        "Date": "Sat, 15 Oct 2022 02:30:06 GMT",
        "Strict-Transport-Security": "max-age=31536000; includeSubDomains; preload",
        "X-Content-Type-Options": "nosniff",
        "x-envoy-upstream-service-time": "34"
      },
      "ResponseBody": {
        "jobId": "adad1186-1dd3-4fce-bebf-df784c29779e",
        "lastUpdatedDateTime": "2022-10-15T02:30:04Z",
        "createdDateTime": "2022-10-15T02:30:02Z",
        "expirationDateTime": "2022-10-16T02:30:02Z",
        "status": "succeeded",
        "errors": [],
        "tasks": {
          "completed": 1,
          "failed": 0,
          "inProgress": 0,
          "total": 1,
          "items": [
            {
              "kind": "HealthcareLROResults",
              "lastUpdateDateTime": "2022-10-15T02:30:04.1811831Z",
              "status": "succeeded",
              "results": {
                "documents": [
                  {
                    "id": "0",
                    "entities": [
                      {
                        "offset": 12,
                        "length": 9,
                        "text": "ibuprofen",
                        "category": "MedicationName",
                        "confidenceScore": 0.95,
                        "name": "ibuprofen",
                        "links": [
                          {
                            "dataSource": "UMLS",
                            "id": "C0020740"
                          },
                          {
                            "dataSource": "AOD",
                            "id": "0000019879"
                          },
                          {
                            "dataSource": "ATC",
                            "id": "M01AE01"
                          },
                          {
                            "dataSource": "CCPSS",
                            "id": "0046165"
                          },
                          {
                            "dataSource": "CHV",
                            "id": "0000006519"
                          },
                          {
                            "dataSource": "CSP",
                            "id": "2270-2077"
                          },
                          {
                            "dataSource": "DRUGBANK",
                            "id": "DB01050"
                          },
                          {
                            "dataSource": "GS",
                            "id": "1611"
                          },
                          {
                            "dataSource": "LCH_NW",
                            "id": "sh97005926"
                          },
                          {
                            "dataSource": "LNC",
                            "id": "LP16165-0"
                          },
                          {
                            "dataSource": "MEDCIN",
                            "id": "40458"
                          },
                          {
                            "dataSource": "MMSL",
                            "id": "d00015"
                          },
                          {
                            "dataSource": "MSH",
                            "id": "D007052"
                          },
                          {
                            "dataSource": "MTHSPL",
                            "id": "WK2XYI10QM"
                          },
                          {
                            "dataSource": "NCI",
                            "id": "C561"
                          },
                          {
                            "dataSource": "NCI_CTRP",
                            "id": "C561"
                          },
                          {
                            "dataSource": "NCI_DCP",
                            "id": "00803"
                          },
                          {
                            "dataSource": "NCI_DTP",
                            "id": "NSC0256857"
                          },
                          {
                            "dataSource": "NCI_FDA",
                            "id": "WK2XYI10QM"
                          },
                          {
                            "dataSource": "NCI_NCI-GLOSS",
                            "id": "CDR0000613511"
                          },
                          {
                            "dataSource": "NDDF",
                            "id": "002377"
                          },
                          {
                            "dataSource": "PDQ",
                            "id": "CDR0000040475"
                          },
                          {
                            "dataSource": "RCD",
                            "id": "x02MO"
                          },
                          {
                            "dataSource": "RXNORM",
                            "id": "5640"
                          },
                          {
                            "dataSource": "SNM",
                            "id": "E-7772"
                          },
                          {
                            "dataSource": "SNMI",
                            "id": "C-603C0"
                          },
                          {
                            "dataSource": "SNOMEDCT_US",
                            "id": "387207008"
                          },
                          {
                            "dataSource": "USP",
                            "id": "m39860"
                          },
                          {
                            "dataSource": "USPMG",
                            "id": "MTHU000060"
                          },
                          {
                            "dataSource": "VANDF",
                            "id": "4017840"
                          }
                        ]
                      }
                    ],
                    "relations": [],
                    "warnings": []
                  }
                ],
                "errors": [],
                "modelVersion": "2022-03-01"
              }
            }
          ]
        }
      }
    }
  ],
  "Variables": {}
}
