{
  "Entries": [
    {
      "RequestUri": "https://endpoint/sip?api-version=2021-05-01-preview",
      "RequestMethod": "PATCH",
      "RequestHeaders": {
        "Accept": "application/json",
        "Accept-Encoding": "gzip,deflate",
        "Authorization": "Sanitized",
        "Connection": "keep-alive",
        "Content-Length": "248",
        "Content-Type": "application/merge-patch\u002Bjson",
        "User-Agent": "azsdk-js-communication-phone-numbers/1.2.0-beta.5 core-rest-pipeline/1.9.3 Node/v16.14.0 OS/(x64-Windows_NT-10.0.22000)",
        "x-ms-client-request-id": "sanitized"
      },
      "RequestBody": {
        "routes": [
          {
            "description": "myFirstRoute\u0027s description",
            "name": "myFirstRoute",
            "numberPattern": "^\u002B[1-9][0-9]{3,23}$",
            "trunks": []
          },
          {
            "description": "mySecondRoute\u0027s description",
            "name": "mySecondRoute",
            "numberPattern": "^\u002B[1-9][0-9]{3,23}$",
            "trunks": []
          }
        ]
      },
      "StatusCode": 200,
      "ResponseHeaders": {
        "api-supported-versions": "2021-05-01-preview, 2022-09-01-preview",
        "Content-Type": "application/json; charset=utf-8",
        "Date": "Thu, 08 Sep 2022 23:07:35 GMT",
        "MS-CV": "pK4a32GtRUuroIJr6jc\u002Bxg.0",
        "Strict-Transport-Security": "max-age=2592000",
        "Transfer-Encoding": "chunked",
        "X-Azure-Ref": "0t3UaYwAAAABYAM2nohPjRqxs9ax6dLh7UFJHMDFFREdFMDkxOQA5ZmM3YjUxOS1hOGNjLTRmODktOTM1ZS1jOTE0OGFlMDllODE=",
        "X-Cache": "CONFIG_NOCACHE",
        "X-Processing-Time": "237ms"
      },
      "ResponseBody": {
        "trunks": {
          "11.fqdn.com": {
            "sipSignalingPort": 1239
          },
          "22.fqdn.com": {
            "sipSignalingPort": 2348
          },
          "33.fqdn.com": {
            "sipSignalingPort": 3457
          },
          "111.fqdn.com": {
            "sipSignalingPort": 5678
          }
        },
        "routes": [
          {
            "description": "myFirstRoute\u0027s description",
            "name": "myFirstRoute",
            "numberPattern": "^\u002B[1-9][0-9]{3,23}$",
            "trunks": []
          },
          {
            "description": "mySecondRoute\u0027s description",
            "name": "mySecondRoute",
            "numberPattern": "^\u002B[1-9][0-9]{3,23}$",
            "trunks": []
          }
        ]
      }
    },
    {
      "RequestUri": "https://endpoint/sip?api-version=2021-05-01-preview",
      "RequestMethod": "PATCH",
      "RequestHeaders": {
        "Accept": "application/json",
        "Accept-Encoding": "gzip,deflate",
        "Authorization": "Sanitized",
        "Connection": "keep-alive",
        "Content-Length": "13",
        "Content-Type": "application/merge-patch\u002Bjson",
        "User-Agent": "azsdk-js-communication-phone-numbers/1.2.0-beta.5 core-rest-pipeline/1.9.3 Node/v16.14.0 OS/(x64-Windows_NT-10.0.22000)",
        "x-ms-client-request-id": "sanitized"
      },
      "RequestBody": {
        "routes": []
      },
      "StatusCode": 200,
      "ResponseHeaders": {
        "api-supported-versions": "2021-05-01-preview, 2022-09-01-preview",
        "Content-Type": "application/json; charset=utf-8",
        "Date": "Thu, 08 Sep 2022 23:07:36 GMT",
        "MS-CV": "/9btahrZyEu7nq58XvlBEA.0",
        "Strict-Transport-Security": "max-age=2592000",
        "Transfer-Encoding": "chunked",
        "X-Azure-Ref": "0uHUaYwAAAABuSJPTe8i2Q6LgxP5LJgvsUFJHMDFFREdFMDkxOQA5ZmM3YjUxOS1hOGNjLTRmODktOTM1ZS1jOTE0OGFlMDllODE=",
        "X-Cache": "CONFIG_NOCACHE",
        "X-Processing-Time": "321ms"
      },
      "ResponseBody": {
        "trunks": {
          "11.fqdn.com": {
            "sipSignalingPort": 1239
          },
          "22.fqdn.com": {
            "sipSignalingPort": 2348
          },
          "33.fqdn.com": {
            "sipSignalingPort": 3457
          },
          "111.fqdn.com": {
            "sipSignalingPort": 5678
          }
        },
        "routes": []
      }
    },
    {
      "RequestUri": "https://endpoint/sip?api-version=2021-05-01-preview",
      "RequestMethod": "GET",
      "RequestHeaders": {
        "Accept": "application/json",
        "Accept-Encoding": "gzip,deflate",
        "Authorization": "Sanitized",
        "Connection": "keep-alive",
        "User-Agent": "azsdk-js-communication-phone-numbers/1.2.0-beta.5 core-rest-pipeline/1.9.3 Node/v16.14.0 OS/(x64-Windows_NT-10.0.22000)",
        "x-ms-client-request-id": "sanitized"
      },
      "RequestBody": null,
      "StatusCode": 200,
      "ResponseHeaders": {
        "api-supported-versions": "2021-05-01-preview, 2022-09-01-preview",
        "Content-Type": "application/json; charset=utf-8",
        "Date": "Thu, 08 Sep 2022 23:07:36 GMT",
        "MS-CV": "gLT2zrcVnEq3VsymvAtzsw.0",
        "Strict-Transport-Security": "max-age=2592000",
        "Transfer-Encoding": "chunked",
        "X-Azure-Ref": "0uHUaYwAAAADNnZnwqR3lSLx8TnkUREN4UFJHMDFFREdFMDkxOQA5ZmM3YjUxOS1hOGNjLTRmODktOTM1ZS1jOTE0OGFlMDllODE=",
        "X-Cache": "CONFIG_NOCACHE",
        "X-Processing-Time": "173ms"
      },
      "ResponseBody": {
        "trunks": {
          "11.fqdn.com": {
            "sipSignalingPort": 1239
          },
          "22.fqdn.com": {
            "sipSignalingPort": 2348
          },
          "33.fqdn.com": {
            "sipSignalingPort": 3457
          },
          "111.fqdn.com": {
            "sipSignalingPort": 5678
          }
        },
        "routes": []
      }
    }
  ],
  "Variables": {}
}
