{
  "Entries": [
    {
      "RequestUri": "https://endpoint/sip?api-version=2023-03-01",
      "RequestMethod": "GET",
      "RequestHeaders": {
        "Accept": "application/json",
        "Accept-Encoding": "gzip,deflate",
        "Authorization": "Sanitized",
        "Connection": "keep-alive",
        "User-Agent": "azsdk-js-communication-phone-numbers/1.2.1 core-rest-pipeline/1.12.3 Node/v18.18.0 OS/(x64-Windows_NT-10.0.22621)",
        "x-ms-client-request-id": "sanitized"
      },
      "RequestBody": null,
      "StatusCode": 200,
      "ResponseHeaders": {
        "api-supported-versions": "2023-03-01, 2023-04-01-preview",
        "Content-Length": "192",
        "Content-Type": "application/json; charset=utf-8",
        "Date": "Tue, 21 Nov 2023 15:17:46 GMT",
        "MS-CV": "u9SrWrI44ky1nGcIS\u002BiS3A.0",
        "Strict-Transport-Security": "max-age=2592000",
        "X-Azure-Ref": "0GspcZQAAAAB4zH84QbLNT60h0\u002BE2h38MUFJHMDFFREdFMDkxMAA5ZmM3YjUxOS1hOGNjLTRmODktOTM1ZS1jOTE0OGFlMDllODE=",
        "X-Cache": "CONFIG_NOCACHE",
        "X-Processing-Time": "201ms"
      },
      "ResponseBody": {
        "trunks": {
          "test096abec20e35416d8524ed4af2121f66.sanitized.sbc.test": {
            "sipSignalingPort": 8239
          },
          "testd3a927ac7a7d40b7a6a89197bf2056d1.sanitized.sbc.test": {
            "sipSignalingPort": 7348
          }
        },
        "routes": []
      }
    },
    {
      "RequestUri": "https://endpoint/sip?api-version=2023-03-01",
      "RequestMethod": "PATCH",
      "RequestHeaders": {
        "Accept": "application/json",
        "Accept-Encoding": "gzip,deflate",
        "Authorization": "Sanitized",
        "Connection": "keep-alive",
        "Content-Length": "306",
        "Content-Type": "application/merge-patch\u002Bjson",
        "User-Agent": "azsdk-js-communication-phone-numbers/1.2.1 core-rest-pipeline/1.12.3 Node/v18.18.0 OS/(x64-Windows_NT-10.0.22621)",
        "x-ms-client-request-id": "sanitized"
      },
      "RequestBody": {
        "trunks": {
          "test391f94ddd6c84573a203501c0c88f0e6.sanitized.sbc.test": {
            "sipSignalingPort": 5678
          },
          "test967909a05a0549c7b4bb671dacc27bc4.sanitized.sbc.test": {
            "sipSignalingPort": 5678
          },
          "test096abec20e35416d8524ed4af2121f66.sanitized.sbc.test": null,
          "testd3a927ac7a7d40b7a6a89197bf2056d1.sanitized.sbc.test": null
        }
      },
      "StatusCode": 200,
      "ResponseHeaders": {
        "api-supported-versions": "2023-03-01, 2023-04-01-preview",
        "Content-Length": "192",
        "Content-Type": "application/json; charset=utf-8",
        "Date": "Tue, 21 Nov 2023 15:17:47 GMT",
        "MS-CV": "ZyReji44kkijTBbyAymPMg.0",
        "Strict-Transport-Security": "max-age=2592000",
        "X-Azure-Ref": "0G8pcZQAAAADpP68O63yRQ4h7uoiBdI3NUFJHMDFFREdFMDkxMAA5ZmM3YjUxOS1hOGNjLTRmODktOTM1ZS1jOTE0OGFlMDllODE=",
        "X-Cache": "CONFIG_NOCACHE",
        "X-Processing-Time": "1369ms"
      },
      "ResponseBody": {
        "trunks": {
          "test391f94ddd6c84573a203501c0c88f0e6.sanitized.sbc.test": {
            "sipSignalingPort": 5678
          },
          "test967909a05a0549c7b4bb671dacc27bc4.sanitized.sbc.test": {
            "sipSignalingPort": 5678
          }
        },
        "routes": []
      }
    },
    {
      "RequestUri": "https://endpoint/sip?api-version=2023-03-01",
      "RequestMethod": "PATCH",
      "RequestHeaders": {
        "Accept": "application/json",
        "Accept-Encoding": "gzip,deflate",
        "Authorization": "Sanitized",
        "Connection": "keep-alive",
        "Content-Length": "248",
        "Content-Type": "application/merge-patch\u002Bjson",
        "User-Agent": "azsdk-js-communication-phone-numbers/1.2.1 core-rest-pipeline/1.12.3 Node/v18.18.0 OS/(x64-Windows_NT-10.0.22621)",
        "x-ms-client-request-id": "sanitized"
      },
      "RequestBody": {
        "routes": [
          {
            "description": "myFirstRoute\u0027s description",
            "name": "myFirstRoute",
            "numberPattern": "^\u002B[1-9][0-9]{3,23}$",
            "trunks": []
          },
          {
            "description": "mySecondRoute\u0027s description",
            "name": "mySecondRoute",
            "numberPattern": "^\u002B[1-9][0-9]{3,23}$",
            "trunks": []
          }
        ]
      },
      "StatusCode": 200,
      "ResponseHeaders": {
        "api-supported-versions": "2023-03-01, 2023-04-01-preview",
        "Content-Length": "427",
        "Content-Type": "application/json; charset=utf-8",
        "Date": "Tue, 21 Nov 2023 15:17:48 GMT",
        "MS-CV": "NtgATIJtPUewtIsGIQ5YaA.0",
        "Strict-Transport-Security": "max-age=2592000",
        "X-Azure-Ref": "0HMpcZQAAAAAYv0oOBPRBQq7RukX6Lyo6UFJHMDFFREdFMDkxMAA5ZmM3YjUxOS1hOGNjLTRmODktOTM1ZS1jOTE0OGFlMDllODE=",
        "X-Cache": "CONFIG_NOCACHE",
        "X-Processing-Time": "469ms"
      },
      "ResponseBody": {
        "trunks": {
          "test391f94ddd6c84573a203501c0c88f0e6.sanitized.sbc.test": {
            "sipSignalingPort": 5678
          },
          "test967909a05a0549c7b4bb671dacc27bc4.sanitized.sbc.test": {
            "sipSignalingPort": 5678
          }
        },
        "routes": [
          {
            "description": "myFirstRoute\u0027s description",
            "name": "myFirstRoute",
            "numberPattern": "^\u002B[1-9][0-9]{3,23}$",
            "trunks": []
          },
          {
            "description": "mySecondRoute\u0027s description",
            "name": "mySecondRoute",
            "numberPattern": "^\u002B[1-9][0-9]{3,23}$",
            "trunks": []
          }
        ]
      }
    },
    {
      "RequestUri": "https://endpoint/sip?api-version=2023-03-01",
      "RequestMethod": "GET",
      "RequestHeaders": {
        "Accept": "application/json",
        "Accept-Encoding": "gzip,deflate",
        "Authorization": "Sanitized",
        "Connection": "keep-alive",
        "User-Agent": "azsdk-js-communication-phone-numbers/1.2.1 core-rest-pipeline/1.12.3 Node/v18.18.0 OS/(x64-Windows_NT-10.0.22621)",
        "x-ms-client-request-id": "sanitized"
      },
      "RequestBody": null,
      "StatusCode": 200,
      "ResponseHeaders": {
        "api-supported-versions": "2023-03-01, 2023-04-01-preview",
        "Content-Length": "427",
        "Content-Type": "application/json; charset=utf-8",
        "Date": "Tue, 21 Nov 2023 15:17:48 GMT",
        "MS-CV": "nYs\u002Bsm/XbECX02kayg1xow.0",
        "Strict-Transport-Security": "max-age=2592000",
        "X-Azure-Ref": "0HcpcZQAAAACYYuZeCfHoT4Dth/6bdiWmUFJHMDFFREdFMDkxMAA5ZmM3YjUxOS1hOGNjLTRmODktOTM1ZS1jOTE0OGFlMDllODE=",
        "X-Cache": "CONFIG_NOCACHE",
        "X-Processing-Time": "192ms"
      },
      "ResponseBody": {
        "trunks": {
          "test391f94ddd6c84573a203501c0c88f0e6.sanitized.sbc.test": {
            "sipSignalingPort": 5678
          },
          "test967909a05a0549c7b4bb671dacc27bc4.sanitized.sbc.test": {
            "sipSignalingPort": 5678
          }
        },
        "routes": [
          {
            "description": "myFirstRoute\u0027s description",
            "name": "myFirstRoute",
            "numberPattern": "^\u002B[1-9][0-9]{3,23}$",
            "trunks": []
          },
          {
            "description": "mySecondRoute\u0027s description",
            "name": "mySecondRoute",
            "numberPattern": "^\u002B[1-9][0-9]{3,23}$",
            "trunks": []
          }
        ]
      }
    },
    {
      "RequestUri": "https://endpoint/sip?api-version=2023-03-01",
      "RequestMethod": "GET",
      "RequestHeaders": {
        "Accept": "application/json",
        "Accept-Encoding": "gzip,deflate",
        "Authorization": "Sanitized",
        "Connection": "keep-alive",
        "User-Agent": "azsdk-js-communication-phone-numbers/1.2.1 core-rest-pipeline/1.12.3 Node/v18.18.0 OS/(x64-Windows_NT-10.0.22621)",
        "x-ms-client-request-id": "sanitized"
      },
      "RequestBody": null,
      "StatusCode": 200,
      "ResponseHeaders": {
        "api-supported-versions": "2023-03-01, 2023-04-01-preview",
        "Content-Length": "427",
        "Content-Type": "application/json; charset=utf-8",
        "Date": "Tue, 21 Nov 2023 15:17:49 GMT",
        "MS-CV": "VdkniIGj7kudZONw29e9oA.0",
        "Strict-Transport-Security": "max-age=2592000",
        "X-Azure-Ref": "0HcpcZQAAAADAPLFUKpUFS6UUed9gi40BUFJHMDFFREdFMDkxMAA5ZmM3YjUxOS1hOGNjLTRmODktOTM1ZS1jOTE0OGFlMDllODE=",
        "X-Cache": "CONFIG_NOCACHE",
        "X-Processing-Time": "210ms"
      },
      "ResponseBody": {
        "trunks": {
          "test391f94ddd6c84573a203501c0c88f0e6.sanitized.sbc.test": {
            "sipSignalingPort": 5678
          },
          "test967909a05a0549c7b4bb671dacc27bc4.sanitized.sbc.test": {
            "sipSignalingPort": 5678
          }
        },
        "routes": [
          {
            "description": "myFirstRoute\u0027s description",
            "name": "myFirstRoute",
            "numberPattern": "^\u002B[1-9][0-9]{3,23}$",
            "trunks": []
          },
          {
            "description": "mySecondRoute\u0027s description",
            "name": "mySecondRoute",
            "numberPattern": "^\u002B[1-9][0-9]{3,23}$",
            "trunks": []
          }
        ]
      }
    }
  ],
  "Variables": {
    "fqdn-1": "testc48aa34968524e5d80f581faa63cadf8.sanitized.sbc.test",
    "fqdn-2": "testcd51ce167b7d407fa02b147f1d7e80d9.sanitized.sbc.test",
    "fqdn-3": "test391f94ddd6c84573a203501c0c88f0e6.sanitized.sbc.test",
    "fqdn-4": "test967909a05a0549c7b4bb671dacc27bc4.sanitized.sbc.test"
  }
}
