{
  "Entries": [
    {
      "RequestUri": "https://fakestorageaccount.blob.core.windows.net/filesystem167822761103404237?restype=container",
      "RequestMethod": "PUT",
      "RequestHeaders": {
        "Accept": "application/xml",
        "Authorization": "Sanitized",
        "Connection": "keep-alive",
        "Content-Length": "0",
        "User-Agent": "azsdk-js-azure-storage-blob/12.13.0 core-rest-pipeline/1.10.3 Node/v16.18.0 OS/(x64-Linux-5.4.0-1104-azure)",
        "x-ms-client-request-id": "b2aafcfb-afa3-46a0-a8d1-d3fc836d5e90",
        "x-ms-date": "Tue, 07 Mar 2023 22:20:11 GMT",
        "x-ms-version": "2021-12-02"
      },
      "RequestBody": null,
      "StatusCode": 201,
      "ResponseHeaders": {
        "Content-Length": "0",
        "Date": "Tue, 07 Mar 2023 22:20:10 GMT",
        "ETag": "\u00220x8DB1F5A1DCE76FE\u0022",
        "Last-Modified": "Tue, 07 Mar 2023 22:20:11 GMT",
        "Server": [
          "Windows-Azure-Blob/1.0",
          "Microsoft-HTTPAPI/2.0"
        ],
        "x-ms-client-request-id": "b2aafcfb-afa3-46a0-a8d1-d3fc836d5e90",
        "x-ms-request-id": "6df842e6-a01e-0018-0d42-51e2a6000000",
        "x-ms-version": "2021-12-02"
      },
      "ResponseBody": null
    },
    {
      "RequestUri": "https://fakestorageaccount.dfs.core.windows.net/filesystem167822761103404237/file167822761111500182?resource=file",
      "RequestMethod": "PUT",
      "RequestHeaders": {
        "Accept": "application/json",
        "Authorization": "Sanitized",
        "Connection": "keep-alive",
        "Content-Length": "0",
        "User-Agent": "azsdk-js-azure-storage-blob/12.13.0 core-rest-pipeline/1.10.3 Node/v16.18.0 OS/(x64-Linux-5.4.0-1104-azure)",
        "x-ms-client-request-id": "4eaa397d-f066-4cf2-a037-40142e0bd0f0",
        "x-ms-date": "Tue, 07 Mar 2023 22:20:11 GMT",
        "x-ms-version": "2021-12-02"
      },
      "RequestBody": null,
      "StatusCode": 201,
      "ResponseHeaders": {
        "Content-Length": "0",
        "Date": "Tue, 07 Mar 2023 22:20:11 GMT",
        "ETag": "\u00220x8DB1F5A1DDE3559\u0022",
        "Last-Modified": "Tue, 07 Mar 2023 22:20:11 GMT",
        "Server": [
          "Windows-Azure-HDFS/1.0",
          "Microsoft-HTTPAPI/2.0"
        ],
        "x-ms-client-request-id": "4eaa397d-f066-4cf2-a037-40142e0bd0f0",
        "x-ms-request-id": "571fcf82-c01f-000e-1b42-511471000000",
        "x-ms-request-server-encrypted": "true",
        "x-ms-version": "2021-12-02"
      },
      "ResponseBody": null
    },
    {
      "RequestUri": "https://fakestorageaccount.dfs.core.windows.net/filesystem167822761103404237/file167822761111500182?position=0\u0026action=append",
      "RequestMethod": "PATCH",
      "RequestHeaders": {
        "Accept": "application/json",
        "Authorization": "Sanitized",
        "Connection": "keep-alive",
        "Content-Length": "11",
        "Content-Type": "application/json",
        "User-Agent": "azsdk-js-azure-storage-blob/12.13.0 core-rest-pipeline/1.10.3 Node/v16.18.0 OS/(x64-Linux-5.4.0-1104-azure)",
        "x-ms-client-request-id": "4abd1140-cdca-46ed-b150-d29017a23a63",
        "x-ms-date": "Tue, 07 Mar 2023 22:20:11 GMT",
        "x-ms-version": "2021-12-02"
      },
      "RequestBody": "Hello World",
      "StatusCode": 202,
      "ResponseHeaders": {
        "Content-Length": "0",
        "Date": "Tue, 07 Mar 2023 22:20:11 GMT",
        "Server": [
          "Windows-Azure-HDFS/1.0",
          "Microsoft-HTTPAPI/2.0"
        ],
        "x-ms-client-request-id": "4abd1140-cdca-46ed-b150-d29017a23a63",
        "x-ms-request-id": "571fcf9d-c01f-000e-3642-511471000000",
        "x-ms-request-server-encrypted": "true",
        "x-ms-version": "2021-12-02"
      },
      "ResponseBody": null
    },
    {
      "RequestUri": "https://fakestorageaccount.dfs.core.windows.net/filesystem167822761103404237/file167822761111500182?position=11\u0026action=flush",
      "RequestMethod": "PATCH",
      "RequestHeaders": {
        "Accept": "application/json",
        "Authorization": "Sanitized",
        "Connection": "keep-alive",
        "Content-Length": "0",
        "User-Agent": "azsdk-js-azure-storage-blob/12.13.0 core-rest-pipeline/1.10.3 Node/v16.18.0 OS/(x64-Linux-5.4.0-1104-azure)",
        "x-ms-client-request-id": "931e68b9-4d62-471b-85ab-e3a0231a28cc",
        "x-ms-date": "Tue, 07 Mar 2023 22:20:11 GMT",
        "x-ms-version": "2021-12-02"
      },
      "RequestBody": null,
      "StatusCode": 200,
      "ResponseHeaders": {
        "Content-Length": "0",
        "Date": "Tue, 07 Mar 2023 22:20:11 GMT",
        "ETag": "\u00220x8DB1F5A1DF8F727\u0022",
        "Last-Modified": "Tue, 07 Mar 2023 22:20:11 GMT",
        "Server": [
          "Windows-Azure-HDFS/1.0",
          "Microsoft-HTTPAPI/2.0"
        ],
        "x-ms-client-request-id": "931e68b9-4d62-471b-85ab-e3a0231a28cc",
        "x-ms-request-id": "571fcfc2-c01f-000e-5b42-511471000000",
        "x-ms-request-server-encrypted": "false",
        "x-ms-version": "2021-12-02"
      },
      "ResponseBody": null
    },
    {
      "RequestUri": "https://fakestorageaccount.dfs.core.windows.net/filesystem167822761103404237/dest%20file%20with%20%26%20and%202?resource=directory",
      "RequestMethod": "PUT",
      "RequestHeaders": {
        "Accept": "application/json",
        "Authorization": "Sanitized",
        "Connection": "keep-alive",
        "Content-Length": "0",
        "User-Agent": "azsdk-js-azure-storage-blob/12.13.0 core-rest-pipeline/1.10.3 Node/v16.18.0 OS/(x64-Linux-5.4.0-1104-azure)",
        "x-ms-client-request-id": "24386b76-4bad-4e2a-93c9-9703b6719cfe",
        "x-ms-date": "Tue, 07 Mar 2023 22:20:11 GMT",
        "x-ms-version": "2021-12-02"
      },
      "RequestBody": null,
      "StatusCode": 201,
      "ResponseHeaders": {
        "Content-Length": "0",
        "Date": "Tue, 07 Mar 2023 22:20:11 GMT",
        "ETag": "\u00220x8DB1F5A1E044779\u0022",
        "Last-Modified": "Tue, 07 Mar 2023 22:20:11 GMT",
        "Server": [
          "Windows-Azure-HDFS/1.0",
          "Microsoft-HTTPAPI/2.0"
        ],
        "x-ms-client-request-id": "24386b76-4bad-4e2a-93c9-9703b6719cfe",
        "x-ms-request-id": "571fcfef-c01f-000e-0842-511471000000",
        "x-ms-request-server-encrypted": "true",
        "x-ms-version": "2021-12-02"
      },
      "ResponseBody": null
    },
    {
      "RequestUri": "https://fakestorageaccount.dfs.core.windows.net/filesystem167822761103404237/dest%20file%20with%20%26%20and%202/char167822761144302595?mode=legacy",
      "RequestMethod": "PUT",
      "RequestHeaders": {
        "Accept": "application/json",
        "Authorization": "Sanitized",
        "Connection": "keep-alive",
        "Content-Length": "0",
        "User-Agent": "azsdk-js-azure-storage-blob/12.13.0 core-rest-pipeline/1.10.3 Node/v16.18.0 OS/(x64-Linux-5.4.0-1104-azure)",
        "x-ms-client-request-id": "3836e1ea-3450-4977-9f08-1522657b8ca6",
        "x-ms-date": "Tue, 07 Mar 2023 22:20:11 GMT",
        "x-ms-version": "2021-12-02"
      },
      "RequestBody": null,
      "StatusCode": 201,
      "ResponseHeaders": {
        "Content-Length": "0",
        "Date": "Tue, 07 Mar 2023 22:20:11 GMT",
        "ETag": "\u00220x8DB1F5A1DF8F727\u0022",
        "Last-Modified": "Tue, 07 Mar 2023 22:20:11 GMT",
        "Server": [
          "Windows-Azure-HDFS/1.0",
          "Microsoft-HTTPAPI/2.0"
        ],
        "x-ms-client-request-id": "3836e1ea-3450-4977-9f08-1522657b8ca6",
        "x-ms-request-id": "571fd007-c01f-000e-2042-511471000000",
        "x-ms-version": "2021-12-02"
      },
      "ResponseBody": null
    },
    {
      "RequestUri": "https://fakestorageaccount.blob.core.windows.net/filesystem167822761103404237/dest%20file%20with%20%26%20and%202/char167822761144302595",
      "RequestMethod": "HEAD",
      "RequestHeaders": {
        "Accept": "application/xml",
        "Authorization": "Sanitized",
        "Connection": "keep-alive",
        "User-Agent": "azsdk-js-azure-storage-blob/12.13.0 core-rest-pipeline/1.10.3 Node/v16.18.0 OS/(x64-Linux-5.4.0-1104-azure)",
        "x-ms-client-request-id": "c1713066-44be-47e0-ac61-95f329e0295d",
        "x-ms-date": "Tue, 07 Mar 2023 22:20:11 GMT",
        "x-ms-version": "2021-12-02"
      },
      "RequestBody": null,
      "StatusCode": 200,
      "ResponseHeaders": {
        "Accept-Ranges": "bytes",
        "Access-Control-Allow-Origin": "*",
        "Access-Control-Expose-Headers": "x-ms-request-id,x-ms-client-request-id,Server,x-ms-version,x-ms-resource-type,Content-Type,Last-Modified,ETag,x-ms-creation-time,x-ms-lease-status,x-ms-lease-state,x-ms-blob-type,x-ms-server-encrypted,x-ms-access-tier,x-ms-access-tier-inferred,Accept-Ranges,x-ms-owner,x-ms-group,x-ms-permissions,Content-Length,Date,Transfer-Encoding",
        "Content-Length": "11",
        "Content-Type": "application/octet-stream",
        "Date": "Tue, 07 Mar 2023 22:20:10 GMT",
        "ETag": "\u00220x8DB1F5A1DF8F727\u0022",
        "Last-Modified": "Tue, 07 Mar 2023 22:20:11 GMT",
        "Server": [
          "Windows-Azure-Blob/1.0",
          "Microsoft-HTTPAPI/2.0"
        ],
        "x-ms-access-tier": "Hot",
        "x-ms-access-tier-inferred": "true",
        "x-ms-blob-type": "BlockBlob",
        "x-ms-client-request-id": "c1713066-44be-47e0-ac61-95f329e0295d",
        "x-ms-creation-time": "Tue, 07 Mar 2023 22:20:11 GMT",
        "x-ms-group": "$superuser",
        "x-ms-lease-state": "available",
        "x-ms-lease-status": "unlocked",
        "x-ms-owner": "$superuser",
        "x-ms-permissions": "rw-r-----",
        "x-ms-request-id": "6df8443d-a01e-0018-3f42-51e2a6000000",
        "x-ms-resource-type": "file",
        "x-ms-server-encrypted": "true",
        "x-ms-version": "2021-12-02"
      },
      "ResponseBody": null
    },
    {
      "RequestUri": "https://fakestorageaccount.blob.core.windows.net/filesystem167822761103404237?restype=container",
      "RequestMethod": "DELETE",
      "RequestHeaders": {
        "Accept": "application/xml",
        "Authorization": "Sanitized",
        "Connection": "keep-alive",
        "User-Agent": "azsdk-js-azure-storage-blob/12.13.0 core-rest-pipeline/1.10.3 Node/v16.18.0 OS/(x64-Linux-5.4.0-1104-azure)",
        "x-ms-client-request-id": "dd23d16a-3b90-405a-8ead-b4bac99054a4",
        "x-ms-date": "Tue, 07 Mar 2023 22:20:11 GMT",
        "x-ms-version": "2021-12-02"
      },
      "RequestBody": null,
      "StatusCode": 202,
      "ResponseHeaders": {
        "Content-Length": "0",
        "Date": "Tue, 07 Mar 2023 22:20:11 GMT",
        "Server": [
          "Windows-Azure-Blob/1.0",
          "Microsoft-HTTPAPI/2.0"
        ],
        "x-ms-client-request-id": "dd23d16a-3b90-405a-8ead-b4bac99054a4",
        "x-ms-request-id": "6df8447b-a01e-0018-7a42-51e2a6000000",
        "x-ms-version": "2021-12-02"
      },
      "ResponseBody": null
    }
  ],
  "Variables": {
    "dest file with \u0026 and 2/char": "dest file with \u0026 and 2/char167822761144302595",
    "file": "file167822761111500182",
    "filesystem": "filesystem167822761103404237"
  }
}
