{
  "Entries": [
    {
      "RequestUri": "https://management.azure.com/subscriptions/azure_subscription_id/resourceGroups/myjstest/providers/Microsoft.Compute/virtualMachines/virtualmachinex?forceDeletion=true\u0026api-version=2022-08-01",
      "RequestMethod": "DELETE",
      "RequestHeaders": {
        "Accept": "application/json",
        "Accept-Encoding": "gzip,deflate",
        "Authorization": "Sanitized",
        "Connection": "keep-alive",
        "User-Agent": "azsdk-js-arm-compute-rest/1.0.0-beta.1 core-rest-pipeline/1.9.2 Node/v16.17.0 OS/(x64-Windows_NT-10.0.22000)",
        "x-ms-client-request-id": "38bf5d7d-f326-47dc-b9bc-b5ada56eb539"
      },
      "RequestBody": null,
      "StatusCode": 202,
      "ResponseHeaders": {
        "Azure-AsyncNotification": "Enabled",
        "Azure-AsyncOperation": "https://management.azure.com/subscriptions/azure_subscription_id/providers/Microsoft.Compute/locations/eastus/operations/a835d4b0-ae5f-4f05-b6b3-fe49d481c649?p=f8cfeb74-5cf7-40e0-89b1-3d95a1060fe7\u0026api-version=2022-08-01",
        "Cache-Control": "no-cache",
        "Content-Length": "0",
        "Date": "Wed, 21 Sep 2022 08:50:03 GMT",
        "Expires": "-1",
        "Location": "https://management.azure.com/subscriptions/azure_subscription_id/providers/Microsoft.Compute/locations/eastus/operations/a835d4b0-ae5f-4f05-b6b3-fe49d481c649?p=f8cfeb74-5cf7-40e0-89b1-3d95a1060fe7\u0026monitor=true\u0026api-version=2022-08-01",
        "Pragma": "no-cache",
        "Retry-After": "10",
        "Server": [
          "Microsoft-HTTPAPI/2.0",
          "Microsoft-HTTPAPI/2.0"
        ],
        "Strict-Transport-Security": "max-age=31536000; includeSubDomains",
        "X-Content-Type-Options": "nosniff",
        "x-ms-correlation-request-id": "0165a35e-9a75-4a9c-a345-48b1e597050e",
        "x-ms-ratelimit-remaining-resource": "Microsoft.Compute/DeleteVM3Min;239,Microsoft.Compute/DeleteVM30Min;1199",
        "x-ms-ratelimit-remaining-subscription-deletes": "14998",
        "x-ms-request-id": "a835d4b0-ae5f-4f05-b6b3-fe49d481c649",
        "x-ms-routing-request-id": "SOUTHEASTASIA:20220921T085004Z:0165a35e-9a75-4a9c-a345-48b1e597050e"
      },
      "ResponseBody": null
    },
    {
      "RequestUri": "https://management.azure.com/subscriptions/azure_subscription_id/providers/Microsoft.Compute/locations/eastus/operations/a835d4b0-ae5f-4f05-b6b3-fe49d481c649?p=f8cfeb74-5cf7-40e0-89b1-3d95a1060fe7\u0026api-version=2022-08-01",
      "RequestMethod": "GET",
      "RequestHeaders": {
        "Accept": "application/json",
        "Accept-Encoding": "gzip,deflate",
        "Authorization": "Sanitized",
        "Connection": "keep-alive",
        "User-Agent": "azsdk-js-arm-compute-rest/1.0.0-beta.1 core-rest-pipeline/1.9.2 Node/v16.17.0 OS/(x64-Windows_NT-10.0.22000)",
        "x-ms-client-request-id": "2bcca5f8-be24-4db3-b428-720482ee6588"
      },
      "RequestBody": null,
      "StatusCode": 200,
      "ResponseHeaders": {
        "Cache-Control": "no-cache",
        "Content-Length": "134",
        "Content-Type": "application/json; charset=utf-8",
        "Date": "Wed, 21 Sep 2022 08:50:03 GMT",
        "Expires": "-1",
        "Pragma": "no-cache",
        "Retry-After": "10",
        "Server": [
          "Microsoft-HTTPAPI/2.0",
          "Microsoft-HTTPAPI/2.0"
        ],
        "Strict-Transport-Security": "max-age=31536000; includeSubDomains",
        "X-Content-Type-Options": "nosniff",
        "x-ms-correlation-request-id": "a09d5f54-d731-4e40-8635-84e16631c2db",
        "x-ms-ratelimit-remaining-resource": "Microsoft.Compute/GetOperation3Min;14995,Microsoft.Compute/GetOperation30Min;29995",
        "x-ms-ratelimit-remaining-subscription-reads": "11985",
        "x-ms-request-id": "185c3a56-3a13-449e-80f6-47c65cfc705e",
        "x-ms-routing-request-id": "SOUTHEASTASIA:20220921T085004Z:a09d5f54-d731-4e40-8635-84e16631c2db"
      },
      "ResponseBody": {
        "startTime": "2022-09-21T08:50:04.0466905\u002B00:00",
        "status": "InProgress",
        "name": "a835d4b0-ae5f-4f05-b6b3-fe49d481c649"
      }
    },
    {
      "RequestUri": "https://management.azure.com/subscriptions/azure_subscription_id/providers/Microsoft.Compute/locations/eastus/operations/a835d4b0-ae5f-4f05-b6b3-fe49d481c649?p=f8cfeb74-5cf7-40e0-89b1-3d95a1060fe7\u0026api-version=2022-08-01",
      "RequestMethod": "GET",
      "RequestHeaders": {
        "Accept": "application/json",
        "Accept-Encoding": "gzip,deflate",
        "Authorization": "Sanitized",
        "Connection": "keep-alive",
        "User-Agent": "azsdk-js-arm-compute-rest/1.0.0-beta.1 core-rest-pipeline/1.9.2 Node/v16.17.0 OS/(x64-Windows_NT-10.0.22000)",
        "x-ms-client-request-id": "cf46657b-f79f-4535-86b5-1a5a5cacf3f4"
      },
      "RequestBody": null,
      "StatusCode": 200,
      "ResponseHeaders": {
        "Cache-Control": "no-cache",
        "Content-Length": "134",
        "Content-Type": "application/json; charset=utf-8",
        "Date": "Wed, 21 Sep 2022 08:50:14 GMT",
        "Expires": "-1",
        "Pragma": "no-cache",
        "Retry-After": "10",
        "Server": [
          "Microsoft-HTTPAPI/2.0",
          "Microsoft-HTTPAPI/2.0"
        ],
        "Strict-Transport-Security": "max-age=31536000; includeSubDomains",
        "X-Content-Type-Options": "nosniff",
        "x-ms-correlation-request-id": "bf57f339-9ccb-4175-837e-2289d958d795",
        "x-ms-ratelimit-remaining-resource": "Microsoft.Compute/GetOperation3Min;14993,Microsoft.Compute/GetOperation30Min;29993",
        "x-ms-ratelimit-remaining-subscription-reads": "11984",
        "x-ms-request-id": "762803bd-7c52-4ff0-a66d-646602487df5",
        "x-ms-routing-request-id": "SOUTHEASTASIA:20220921T085014Z:bf57f339-9ccb-4175-837e-2289d958d795"
      },
      "ResponseBody": {
        "startTime": "2022-09-21T08:50:04.0466905\u002B00:00",
        "status": "InProgress",
        "name": "a835d4b0-ae5f-4f05-b6b3-fe49d481c649"
      }
    },
    {
      "RequestUri": "https://management.azure.com/subscriptions/azure_subscription_id/providers/Microsoft.Compute/locations/eastus/operations/a835d4b0-ae5f-4f05-b6b3-fe49d481c649?p=f8cfeb74-5cf7-40e0-89b1-3d95a1060fe7\u0026api-version=2022-08-01",
      "RequestMethod": "GET",
      "RequestHeaders": {
        "Accept": "application/json",
        "Accept-Encoding": "gzip,deflate",
        "Authorization": "Sanitized",
        "Connection": "keep-alive",
        "User-Agent": "azsdk-js-arm-compute-rest/1.0.0-beta.1 core-rest-pipeline/1.9.2 Node/v16.17.0 OS/(x64-Windows_NT-10.0.22000)",
        "x-ms-client-request-id": "ab2f86df-c451-4191-9d12-8af3815e0a65"
      },
      "RequestBody": null,
      "StatusCode": 200,
      "ResponseHeaders": {
        "Cache-Control": "no-cache",
        "Content-Length": "184",
        "Content-Type": "application/json; charset=utf-8",
        "Date": "Wed, 21 Sep 2022 08:50:24 GMT",
        "Expires": "-1",
        "Pragma": "no-cache",
        "Server": [
          "Microsoft-HTTPAPI/2.0",
          "Microsoft-HTTPAPI/2.0"
        ],
        "Strict-Transport-Security": "max-age=31536000; includeSubDomains",
        "X-Content-Type-Options": "nosniff",
        "x-ms-correlation-request-id": "39d8b98e-8353-4696-978d-dd62d36e4dd9",
        "x-ms-ratelimit-remaining-resource": "Microsoft.Compute/GetOperation3Min;14992,Microsoft.Compute/GetOperation30Min;29992",
        "x-ms-ratelimit-remaining-subscription-reads": "11983",
        "x-ms-request-id": "b9e61e7f-5923-4f1e-88f7-72b4de956b56",
        "x-ms-routing-request-id": "SOUTHEASTASIA:20220921T085025Z:39d8b98e-8353-4696-978d-dd62d36e4dd9"
      },
      "ResponseBody": {
        "startTime": "2022-09-21T08:50:04.0466905\u002B00:00",
        "endTime": "2022-09-21T08:50:23.1248445\u002B00:00",
        "status": "Succeeded",
        "name": "a835d4b0-ae5f-4f05-b6b3-fe49d481c649"
      }
    },
    {
      "RequestUri": "https://management.azure.com/subscriptions/azure_subscription_id/resourceGroups/myjstest/providers/Microsoft.Compute/virtualMachines?api-version=2022-08-01",
      "RequestMethod": "GET",
      "RequestHeaders": {
        "Accept": "application/json",
        "Accept-Encoding": "gzip,deflate",
        "Authorization": "Sanitized",
        "Connection": "keep-alive",
        "User-Agent": "azsdk-js-arm-compute-rest/1.0.0-beta.1 core-rest-pipeline/1.9.2 Node/v16.17.0 OS/(x64-Windows_NT-10.0.22000)",
        "x-ms-client-request-id": "2b1cd3ec-b33a-4968-9e2f-a8d099a8beb6"
      },
      "RequestBody": null,
      "StatusCode": 200,
      "ResponseHeaders": {
        "Cache-Control": "no-cache",
        "Content-Length": "19",
        "Content-Type": "application/json; charset=utf-8",
        "Date": "Wed, 21 Sep 2022 08:50:25 GMT",
        "Expires": "-1",
        "Pragma": "no-cache",
        "Server": [
          "Microsoft-HTTPAPI/2.0",
          "Microsoft-HTTPAPI/2.0"
        ],
        "Strict-Transport-Security": "max-age=31536000; includeSubDomains",
        "X-Content-Type-Options": "nosniff",
        "x-ms-correlation-request-id": "70b9f2d2-5dd9-4337-994b-517b2566d4a0",
        "x-ms-ratelimit-remaining-resource": "Microsoft.Compute/HighCostGet3Min;138,Microsoft.Compute/HighCostGet30Min;698",
        "x-ms-ratelimit-remaining-subscription-reads": "11982",
        "x-ms-request-id": "f3dbc592-9720-4c40-9376-8b5e9c6b91b8",
        "x-ms-routing-request-id": "SOUTHEASTASIA:20220921T085025Z:70b9f2d2-5dd9-4337-994b-517b2566d4a0"
      },
      "ResponseBody": {
        "value": []
      }
    },
    {
      "RequestUri": "https://management.azure.com/subscriptions/azure_subscription_id/resourceGroups/myjstest/providers/Microsoft.Network/networkInterfaces/interfacex?api-version=2021-05-01",
      "RequestMethod": "DELETE",
      "RequestHeaders": {
        "Accept": "application/json",
        "Accept-Encoding": "gzip,deflate",
        "Authorization": "Sanitized",
        "Connection": "keep-alive",
        "User-Agent": "azsdk-js-arm-network/26.0.0 core-rest-pipeline/1.9.2 Node/v16.17.0 OS/(x64-Windows_NT-10.0.22000)",
        "x-ms-client-request-id": "d7ccaa94-8a98-4834-a78a-19638d926d98"
      },
      "RequestBody": null,
      "StatusCode": 202,
      "ResponseHeaders": {
        "Azure-AsyncNotification": "Enabled",
        "Azure-AsyncOperation": "https://management.azure.com/subscriptions/azure_subscription_id/providers/Microsoft.Network/locations/eastus/operations/6aa34659-30a7-4bb8-a531-4f6b6653cc99?api-version=2021-05-01",
        "Cache-Control": "no-cache",
        "Content-Length": "0",
        "Date": "Wed, 21 Sep 2022 08:50:26 GMT",
        "Expires": "-1",
        "Location": "https://management.azure.com/subscriptions/azure_subscription_id/providers/Microsoft.Network/locations/eastus/operationResults/6aa34659-30a7-4bb8-a531-4f6b6653cc99?api-version=2021-05-01",
        "Pragma": "no-cache",
        "Retry-After": "4",
        "Server": [
          "Microsoft-HTTPAPI/2.0",
          "Microsoft-HTTPAPI/2.0"
        ],
        "Strict-Transport-Security": "max-age=31536000; includeSubDomains",
        "X-Content-Type-Options": "nosniff",
        "x-ms-arm-service-request-id": "da88a1ce-78c6-4f27-894a-b2e1afdc1e67",
        "x-ms-correlation-request-id": "03d9ce53-c5cd-4d6c-9030-412d80affd9d",
        "x-ms-ratelimit-remaining-subscription-deletes": "14997",
        "x-ms-request-id": "6aa34659-30a7-4bb8-a531-4f6b6653cc99",
        "x-ms-routing-request-id": "SOUTHEASTASIA:20220921T085026Z:03d9ce53-c5cd-4d6c-9030-412d80affd9d"
      },
      "ResponseBody": null
    },
    {
      "RequestUri": "https://management.azure.com/subscriptions/azure_subscription_id/providers/Microsoft.Network/locations/eastus/operations/6aa34659-30a7-4bb8-a531-4f6b6653cc99?api-version=2021-05-01",
      "RequestMethod": "GET",
      "RequestHeaders": {
        "Accept": "application/json",
        "Accept-Encoding": "gzip,deflate",
        "Authorization": "Sanitized",
        "Connection": "keep-alive",
        "User-Agent": "azsdk-js-arm-network/26.0.0 core-rest-pipeline/1.9.2 Node/v16.17.0 OS/(x64-Windows_NT-10.0.22000)",
        "x-ms-client-request-id": "c90f9197-5e70-40cf-b713-b61f327fa1f8"
      },
      "RequestBody": null,
      "StatusCode": 200,
      "ResponseHeaders": {
        "Cache-Control": "no-cache",
        "Content-Length": "29",
        "Content-Type": "application/json; charset=utf-8",
        "Date": "Wed, 21 Sep 2022 08:50:26 GMT",
        "Expires": "-1",
        "Pragma": "no-cache",
        "Server": [
          "Microsoft-HTTPAPI/2.0",
          "Microsoft-HTTPAPI/2.0"
        ],
        "Strict-Transport-Security": "max-age=31536000; includeSubDomains",
        "X-Content-Type-Options": "nosniff",
        "x-ms-arm-service-request-id": "1b7ce8ef-befa-4a6c-9a3d-ebce316a6c37",
        "x-ms-correlation-request-id": "a9d6c076-d347-4c12-bbf4-c7acd082ce1b",
        "x-ms-ratelimit-remaining-subscription-reads": "11981",
        "x-ms-request-id": "da332933-9207-4745-8ce6-bd761dcbc56e",
        "x-ms-routing-request-id": "SOUTHEASTASIA:20220921T085026Z:a9d6c076-d347-4c12-bbf4-c7acd082ce1b"
      },
      "ResponseBody": {
        "status": "Succeeded"
      }
    },
    {
      "RequestUri": "https://management.azure.com/subscriptions/azure_subscription_id/resourceGroups/myjstest/providers/Microsoft.Network/virtualNetworks/networknamexx/subnets/subnetnamexx?api-version=2021-05-01",
      "RequestMethod": "DELETE",
      "RequestHeaders": {
        "Accept": "application/json",
        "Accept-Encoding": "gzip,deflate",
        "Authorization": "Sanitized",
        "Connection": "keep-alive",
        "User-Agent": "azsdk-js-arm-network/26.0.0 core-rest-pipeline/1.9.2 Node/v16.17.0 OS/(x64-Windows_NT-10.0.22000)",
        "x-ms-client-request-id": "130a1bf3-59bd-47ac-90df-7e05f1b75e45"
      },
      "RequestBody": null,
      "StatusCode": 202,
      "ResponseHeaders": {
        "Azure-AsyncOperation": "https://management.azure.com/subscriptions/azure_subscription_id/providers/Microsoft.Network/locations/eastus/operations/5aad730d-fa50-4b4d-95a6-abc6ecb9887a?api-version=2021-05-01",
        "Cache-Control": "no-cache",
        "Content-Length": "0",
        "Date": "Wed, 21 Sep 2022 08:50:27 GMT",
        "Expires": "-1",
        "Location": "https://management.azure.com/subscriptions/azure_subscription_id/providers/Microsoft.Network/locations/eastus/operationResults/5aad730d-fa50-4b4d-95a6-abc6ecb9887a?api-version=2021-05-01",
        "Pragma": "no-cache",
        "Retry-After": "10",
        "Server": [
          "Microsoft-HTTPAPI/2.0",
          "Microsoft-HTTPAPI/2.0"
        ],
        "Strict-Transport-Security": "max-age=31536000; includeSubDomains",
        "X-Content-Type-Options": "nosniff",
        "x-ms-arm-service-request-id": "4cec98d5-4ff1-4c5f-b30c-c75ba6deb802",
        "x-ms-correlation-request-id": "943e55e2-7055-41e7-91de-73dc98869840",
        "x-ms-ratelimit-remaining-subscription-deletes": "14996",
        "x-ms-request-id": "5aad730d-fa50-4b4d-95a6-abc6ecb9887a",
        "x-ms-routing-request-id": "SOUTHEASTASIA:20220921T085027Z:943e55e2-7055-41e7-91de-73dc98869840"
      },
      "ResponseBody": null
    },
    {
      "RequestUri": "https://management.azure.com/subscriptions/azure_subscription_id/providers/Microsoft.Network/locations/eastus/operations/5aad730d-fa50-4b4d-95a6-abc6ecb9887a?api-version=2021-05-01",
      "RequestMethod": "GET",
      "RequestHeaders": {
        "Accept": "application/json",
        "Accept-Encoding": "gzip,deflate",
        "Authorization": "Sanitized",
        "Connection": "keep-alive",
        "User-Agent": "azsdk-js-arm-network/26.0.0 core-rest-pipeline/1.9.2 Node/v16.17.0 OS/(x64-Windows_NT-10.0.22000)",
        "x-ms-client-request-id": "8ed2a179-a285-42f3-b039-394a19d2e5f2"
      },
      "RequestBody": null,
      "StatusCode": 200,
      "ResponseHeaders": {
        "Cache-Control": "no-cache",
        "Content-Length": "29",
        "Content-Type": "application/json; charset=utf-8",
        "Date": "Wed, 21 Sep 2022 08:50:27 GMT",
        "Expires": "-1",
        "Pragma": "no-cache",
        "Server": [
          "Microsoft-HTTPAPI/2.0",
          "Microsoft-HTTPAPI/2.0"
        ],
        "Strict-Transport-Security": "max-age=31536000; includeSubDomains",
        "X-Content-Type-Options": "nosniff",
        "x-ms-arm-service-request-id": "b0c8ccaa-0fc0-4e5d-aa9b-b7c0917282a3",
        "x-ms-correlation-request-id": "e85f3562-562e-445a-a8e6-819a2f665a98",
        "x-ms-ratelimit-remaining-subscription-reads": "11980",
        "x-ms-request-id": "e1aa0cb3-d3b0-4e14-8f03-5fadac6ef81f",
        "x-ms-routing-request-id": "SOUTHEASTASIA:20220921T085028Z:e85f3562-562e-445a-a8e6-819a2f665a98"
      },
      "ResponseBody": {
        "status": "Succeeded"
      }
    },
    {
      "RequestUri": "https://management.azure.com/subscriptions/azure_subscription_id/resourceGroups/myjstest/providers/Microsoft.Network/virtualNetworks/networknamexx?api-version=2021-05-01",
      "RequestMethod": "DELETE",
      "RequestHeaders": {
        "Accept": "application/json",
        "Accept-Encoding": "gzip,deflate",
        "Authorization": "Sanitized",
        "Connection": "keep-alive",
        "User-Agent": "azsdk-js-arm-network/26.0.0 core-rest-pipeline/1.9.2 Node/v16.17.0 OS/(x64-Windows_NT-10.0.22000)",
        "x-ms-client-request-id": "0c748beb-99d5-401e-83cd-365febfc4c2d"
      },
      "RequestBody": null,
      "StatusCode": 202,
      "ResponseHeaders": {
        "Azure-AsyncNotification": "Enabled",
        "Azure-AsyncOperation": "https://management.azure.com/subscriptions/azure_subscription_id/providers/Microsoft.Network/locations/eastus/operations/e7fe359c-0d48-4d98-abba-7009689f110d?api-version=2021-05-01",
        "Cache-Control": "no-cache",
        "Content-Length": "0",
        "Date": "Wed, 21 Sep 2022 08:50:29 GMT",
        "Expires": "-1",
        "Location": "https://management.azure.com/subscriptions/azure_subscription_id/providers/Microsoft.Network/locations/eastus/operationResults/e7fe359c-0d48-4d98-abba-7009689f110d?api-version=2021-05-01",
        "Pragma": "no-cache",
        "Retry-After": "10",
        "Server": [
          "Microsoft-HTTPAPI/2.0",
          "Microsoft-HTTPAPI/2.0"
        ],
        "Strict-Transport-Security": "max-age=31536000; includeSubDomains",
        "X-Content-Type-Options": "nosniff",
        "x-ms-arm-service-request-id": "f78f7130-5bf4-48bf-a07b-4386ac1ba3b7",
        "x-ms-correlation-request-id": "b2d41695-d63c-4a1b-9440-d999b0a30fe4",
        "x-ms-ratelimit-remaining-subscription-deletes": "14995",
        "x-ms-request-id": "e7fe359c-0d48-4d98-abba-7009689f110d",
        "x-ms-routing-request-id": "SOUTHEASTASIA:20220921T085029Z:b2d41695-d63c-4a1b-9440-d999b0a30fe4"
      },
      "ResponseBody": null
    },
    {
      "RequestUri": "https://management.azure.com/subscriptions/azure_subscription_id/providers/Microsoft.Network/locations/eastus/operations/e7fe359c-0d48-4d98-abba-7009689f110d?api-version=2021-05-01",
      "RequestMethod": "GET",
      "RequestHeaders": {
        "Accept": "application/json",
        "Accept-Encoding": "gzip,deflate",
        "Authorization": "Sanitized",
        "Connection": "keep-alive",
        "User-Agent": "azsdk-js-arm-network/26.0.0 core-rest-pipeline/1.9.2 Node/v16.17.0 OS/(x64-Windows_NT-10.0.22000)",
        "x-ms-client-request-id": "d0ce9543-9391-4c0a-a7aa-de06b84ce28e"
      },
      "RequestBody": null,
      "StatusCode": 200,
      "ResponseHeaders": {
        "Cache-Control": "no-cache",
        "Content-Length": "29",
        "Content-Type": "application/json; charset=utf-8",
        "Date": "Wed, 21 Sep 2022 08:50:29 GMT",
        "Expires": "-1",
        "Pragma": "no-cache",
        "Server": [
          "Microsoft-HTTPAPI/2.0",
          "Microsoft-HTTPAPI/2.0"
        ],
        "Strict-Transport-Security": "max-age=31536000; includeSubDomains",
        "X-Content-Type-Options": "nosniff",
        "x-ms-arm-service-request-id": "9d5d8d9a-cb42-430a-aec7-b4f515019db4",
        "x-ms-correlation-request-id": "9c9caf8e-fc1d-475f-937f-64fcc2742d61",
        "x-ms-ratelimit-remaining-subscription-reads": "11979",
        "x-ms-request-id": "18c150d9-8446-4192-8881-48608233d203",
        "x-ms-routing-request-id": "SOUTHEASTASIA:20220921T085030Z:9c9caf8e-fc1d-475f-937f-64fcc2742d61"
      },
      "ResponseBody": {
        "status": "Succeeded"
      }
    }
  ],
  "Variables": {}
}
