{
  "Entries": [
    {
      "RequestUri": "https://someEndpoint/emails:send?api-version=2023-01-15-preview",
      "RequestMethod": "POST",
      "RequestHeaders": {
        "Accept": "application/json",
        "Accept-Encoding": "gzip,deflate",
        "Authorization": "Sanitized",
        "Connection": "keep-alive",
        "Content-Length": "462",
        "Content-Type": "application/json",
        "User-Agent": "azsdk-js-communication-email/1.0.0-beta.2 core-rest-pipeline/1.10.1 Node/v16.14.2 OS/(x64-Windows_NT-10.0.25300)",
        "x-ms-client-request-id": "ae27cfe5-c8ab-481f-a732-7bebe449ffc1",
        "x-ms-content-sha256": "Sanitized",
        "x-ms-date": "Wed, 22 Feb 2023 17:24:35 GMT"
      },
      "RequestBody": {
        "senderAddress": "someSender@contoso.com",
        "content": {
          "subject": "someSubject",
          "plainText": "somePlainTextBody",
          "html": "\u003Chtml\u003E\u003Ch1\u003EsomeHtmlBody\u003C/html\u003E"
        },
        "recipients": {
          "to": [
            {
              "address": "someRecipient@domain.com",
              "displayName": "someRecipient"
            },
            {
              "address": "someRecipient@domain.com",
              "displayName": "someRecipient"
            }
          ],
          "cc": [
            {
              "address": "someRecipient@domain.com",
              "displayName": "someRecipient"
            }
          ],
          "bcc": [
            {
              "address": "someRecipient@domain.com",
              "displayName": "someRecipient"
            }
          ]
        }
      },
      "StatusCode": 202,
      "ResponseHeaders": {
        "api-supported-versions": "2021-10-01-preview, 2023-01-15-preview",
        "Content-Length": "47",
        "Content-Type": "application/json; charset=utf-8",
        "Date": "Wed, 22 Feb 2023 17:24:35 GMT",
        "mise-correlation-id": "04934011-622c-4f93-aeff-8ae2331fd1f1",
        "Operation-Location": "https://someEndpoint/emails/operations/someId?api-version=2023-01-15-preview",
        "Retry-After": "30",
        "X-Azure-Ref": "000/2YwAAAAA/wIuET3G\u002BQ5kCGgMgv4HIV1NURURHRTAxMDkAY2M5Mjc1OGQtMDVmNy00YWQ2LWFhNWUtMGZhOTcxOGQ4OTg1",
        "X-Cache": "CONFIG_NOCACHE"
      },
      "ResponseBody": {
        "id": "someId",
        "status": "Running",
        "error": null
      }
    },
    {
      "RequestUri": "https://someEndpoint/emails/operations/someId?api-version=2023-01-15-preview",
      "RequestMethod": "GET",
      "RequestHeaders": {
        "Accept": "application/json",
        "Accept-Encoding": "gzip,deflate",
        "Authorization": "Sanitized",
        "Connection": "keep-alive",
        "Content-Type": "application/json",
        "User-Agent": "azsdk-js-communication-email/1.0.0-beta.2 core-rest-pipeline/1.10.1 Node/v16.14.2 OS/(x64-Windows_NT-10.0.25300)",
        "x-ms-client-request-id": "6d097b08-c3d7-47e8-ac81-30f5a282f0e7",
        "x-ms-content-sha256": "Sanitized",
        "x-ms-date": "Wed, 22 Feb 2023 17:24:35 GMT"
      },
      "RequestBody": null,
      "StatusCode": 200,
      "ResponseHeaders": {
        "api-supported-versions": "2021-10-01-preview, 2023-01-15-preview",
        "Content-Length": "47",
        "Content-Type": "application/json; charset=utf-8",
        "Date": "Wed, 22 Feb 2023 17:24:35 GMT",
        "mise-correlation-id": "ef180def-687b-47fc-893a-88f09a06c102",
        "Retry-After": "30",
        "X-Azure-Ref": "000/2YwAAAAB0YKoQs8GeTqeaeOJldNIOV1NURURHRTAxMDkAY2M5Mjc1OGQtMDVmNy00YWQ2LWFhNWUtMGZhOTcxOGQ4OTg1",
        "X-Cache": "CONFIG_NOCACHE"
      },
      "ResponseBody": {
        "id": "someId",
        "status": "Running",
        "error": null
      }
    },
    {
      "RequestUri": "https://someEndpoint/emails/operations/someId?api-version=2023-01-15-preview",
      "RequestMethod": "GET",
      "RequestHeaders": {
        "Accept": "application/json",
        "Accept-Encoding": "gzip,deflate",
        "Authorization": "Sanitized",
        "Connection": "keep-alive",
        "Content-Type": "application/json",
        "User-Agent": "azsdk-js-communication-email/1.0.0-beta.2 core-rest-pipeline/1.10.1 Node/v16.14.2 OS/(x64-Windows_NT-10.0.25300)",
        "x-ms-client-request-id": "8bb12f26-cb81-4aa8-b846-ca74043f0058",
        "x-ms-content-sha256": "Sanitized",
        "x-ms-date": "Wed, 22 Feb 2023 17:24:35 GMT"
      },
      "RequestBody": null,
      "StatusCode": 200,
      "ResponseHeaders": {
        "api-supported-versions": "2021-10-01-preview, 2023-01-15-preview",
        "Content-Length": "47",
        "Content-Type": "application/json; charset=utf-8",
        "Date": "Wed, 22 Feb 2023 17:24:35 GMT",
        "mise-correlation-id": "2fb7c2a7-4947-4913-a4a1-64dc38aa398d",
        "Retry-After": "30",
        "X-Azure-Ref": "000/2YwAAAAC3Bdrz6zUtRriTDcNeAxD9V1NURURHRTAxMDkAY2M5Mjc1OGQtMDVmNy00YWQ2LWFhNWUtMGZhOTcxOGQ4OTg1",
        "X-Cache": "CONFIG_NOCACHE"
      },
      "ResponseBody": {
        "id": "someId",
        "status": "Running",
        "error": null
      }
    },
    {
      "RequestUri": "https://someEndpoint/emails/operations/someId?api-version=2023-01-15-preview",
      "RequestMethod": "GET",
      "RequestHeaders": {
        "Accept": "application/json",
        "Accept-Encoding": "gzip,deflate",
        "Authorization": "Sanitized",
        "Connection": "keep-alive",
        "Content-Type": "application/json",
        "User-Agent": "azsdk-js-communication-email/1.0.0-beta.2 core-rest-pipeline/1.10.1 Node/v16.14.2 OS/(x64-Windows_NT-10.0.25300)",
        "x-ms-client-request-id": "8be32d88-892e-41b6-9b56-d910a2298fa5",
        "x-ms-content-sha256": "Sanitized",
        "x-ms-date": "Wed, 22 Feb 2023 17:25:06 GMT"
      },
      "RequestBody": null,
      "StatusCode": 200,
      "ResponseHeaders": {
        "api-supported-versions": "2021-10-01-preview, 2023-01-15-preview",
        "Content-Length": "49",
        "Content-Type": "application/json; charset=utf-8",
        "Date": "Wed, 22 Feb 2023 17:25:05 GMT",
        "mise-correlation-id": "fa67728c-afe7-4871-98cf-e487aabc8bf7",
        "X-Azure-Ref": "08k/2YwAAAACtT\u002BUCqEiRSp0bbIFgs2TGV1NURURHRTAxMDkAY2M5Mjc1OGQtMDVmNy00YWQ2LWFhNWUtMGZhOTcxOGQ4OTg1",
        "X-Cache": "CONFIG_NOCACHE"
      },
      "ResponseBody": {
        "id": "someId",
        "status": "Succeeded",
        "error": null
      }
    }
  ],
  "Variables": {}
}
