{
  "Entries": [
    {
      "RequestUri": "https://endpoint/availablePhoneNumbers/countries/US/:search?api-version=2023-05-01-preview",
      "RequestMethod": "POST",
      "RequestHeaders": {
        "Accept": "application/json",
        "Accept-Encoding": "gzip,deflate",
        "Authorization": "Sanitized",
        "Connection": "keep-alive",
        "Content-Length": "125",
        "Content-Type": "application/json",
        "User-Agent": "azsdk-js-communication-phone-numbers/1.2.0 core-rest-pipeline/1.11.1 Node/v14.17.5 OS/(x64-Windows_NT-10.0.22621)",
        "x-ms-client-request-id": "sanitized"
      },
      "RequestBody": {
        "phoneNumberType": "tollFree",
        "assignmentType": "application",
        "capabilities": {
          "calling": "outbound",
          "sms": "none"
        },
        "quantity": 1
      },
      "StatusCode": 202,
      "ResponseHeaders": {
        "Access-Control-Expose-Headers": "Location,Operation-Location,operation-id,search-id",
        "api-supported-versions": "2021-03-07, 2022-01-11-preview2, 2022-06-01-preview, 2022-12-01, 2022-12-02-preview2, 2023-05-01-preview",
        "Content-Length": "0",
        "Date": "Mon, 19 Jun 2023 17:05:37 GMT",
        "Location": "/availablePhoneNumbers/searchResults/sanitized?api-version=2023-05-01-preview",
        "MS-CV": "DYGPtHP8u0qs1Yp7Y7r8fQ.0",
        "operation-id": "search_sanitized",
        "Operation-Location": "/phoneNumbers/operations/search_sanitized?api-version=2023-05-01-preview",
        "search-id": "sanitized",
        "Strict-Transport-Security": "max-age=2592000",
        "X-Azure-Ref": "034qQZAAAAACNYeCiDOOOSrah5tw6CaygUERYMzFFREdFMDIwOQA5ZmM3YjUxOS1hOGNjLTRmODktOTM1ZS1jOTE0OGFlMDllODE=",
        "X-Cache": "CONFIG_NOCACHE",
        "X-Processing-Time": "2262ms"
      },
      "ResponseBody": null
    },
    {
      "RequestUri": "https://endpoint/phoneNumbers/operations/search_sanitized?api-version=2023-05-01-preview",
      "RequestMethod": "GET",
      "RequestHeaders": {
        "Accept": "application/json",
        "Accept-Encoding": "gzip,deflate",
        "Authorization": "Sanitized",
        "Connection": "keep-alive",
        "Content-Type": "application/json",
        "User-Agent": "azsdk-js-communication-phone-numbers/1.2.0 core-rest-pipeline/1.11.1 Node/v14.17.5 OS/(x64-Windows_NT-10.0.22621)",
        "x-ms-client-request-id": "sanitized"
      },
      "RequestBody": null,
      "StatusCode": 200,
      "ResponseHeaders": {
        "Access-Control-Expose-Headers": "Location",
        "api-supported-versions": "2021-03-07, 2022-01-11-preview2, 2022-06-01-preview, 2022-11-15-preview, 2022-12-01, 2022-12-02-preview2, 2023-05-01-preview",
        "Content-Type": "application/json; charset=utf-8",
        "Date": "Mon, 19 Jun 2023 17:05:38 GMT",
        "Location": "/availablePhoneNumbers/searchResults/sanitized?api-version=2023-05-01-preview",
        "MS-CV": "\u002BOvY6lEDakiaP75ucL0NtA.0",
        "Strict-Transport-Security": "max-age=2592000",
        "Transfer-Encoding": "chunked",
        "X-Azure-Ref": "04oqQZAAAAACkEQhcHK3\u002BTJM7gN\u002BhQlVLUERYMzFFREdFMDIwOQA5ZmM3YjUxOS1hOGNjLTRmODktOTM1ZS1jOTE0OGFlMDllODE=",
        "X-Cache": "CONFIG_NOCACHE",
        "X-Processing-Time": "804ms"
      },
      "ResponseBody": {
        "operationType": "search",
        "status": "running",
        "resourceLocation": "/availablePhoneNumbers/searchResults/sanitized?api-version=2023-05-01-preview",
        "createdDateTime": "2023-06-19T17:05:37.4112831\u002B00:00",
        "id": "search_sanitized",
        "lastActionDateTime": "0001-01-01T00:00:00\u002B00:00"
      }
    },
    {
      "RequestUri": "https://endpoint/phoneNumbers/operations/search_sanitized?api-version=2023-05-01-preview",
      "RequestMethod": "GET",
      "RequestHeaders": {
        "Accept": "application/json",
        "Accept-Encoding": "gzip,deflate",
        "Authorization": "Sanitized",
        "Connection": "keep-alive",
        "Content-Type": "application/json",
        "User-Agent": "azsdk-js-communication-phone-numbers/1.2.0 core-rest-pipeline/1.11.1 Node/v14.17.5 OS/(x64-Windows_NT-10.0.22621)",
        "x-ms-client-request-id": "sanitized"
      },
      "RequestBody": null,
      "StatusCode": 200,
      "ResponseHeaders": {
        "Access-Control-Expose-Headers": "Location",
        "api-supported-versions": "2021-03-07, 2022-01-11-preview2, 2022-06-01-preview, 2022-11-15-preview, 2022-12-01, 2022-12-02-preview2, 2023-05-01-preview",
        "Content-Type": "application/json; charset=utf-8",
        "Date": "Mon, 19 Jun 2023 17:05:38 GMT",
        "Location": "/availablePhoneNumbers/searchResults/sanitized?api-version=2023-05-01-preview",
        "MS-CV": "8VwT24hKLkic3VWnICOPiQ.0",
        "Strict-Transport-Security": "max-age=2592000",
        "Transfer-Encoding": "chunked",
        "X-Azure-Ref": "044qQZAAAAACi\u002BF5GGGXES5if/fYc9cgOUERYMzFFREdFMDIwOQA5ZmM3YjUxOS1hOGNjLTRmODktOTM1ZS1jOTE0OGFlMDllODE=",
        "X-Cache": "CONFIG_NOCACHE",
        "X-Processing-Time": "455ms"
      },
      "ResponseBody": {
        "operationType": "search",
        "status": "succeeded",
        "resourceLocation": "/availablePhoneNumbers/searchResults/sanitized?api-version=2023-05-01-preview",
        "createdDateTime": "2023-06-19T17:05:37.4112831\u002B00:00",
        "id": "search_sanitized",
        "lastActionDateTime": "0001-01-01T00:00:00\u002B00:00"
      }
    },
    {
      "RequestUri": "https://endpoint/availablePhoneNumbers/searchResults/sanitized?api-version=2023-05-01-preview",
      "RequestMethod": "GET",
      "RequestHeaders": {
        "Accept": "application/json",
        "Accept-Encoding": "gzip,deflate",
        "Authorization": "Sanitized",
        "Connection": "keep-alive",
        "Content-Type": "application/json",
        "User-Agent": "azsdk-js-communication-phone-numbers/1.2.0 core-rest-pipeline/1.11.1 Node/v14.17.5 OS/(x64-Windows_NT-10.0.22621)",
        "x-ms-client-request-id": "sanitized"
      },
      "RequestBody": null,
      "StatusCode": 200,
      "ResponseHeaders": {
        "api-supported-versions": "2021-03-07, 2022-01-11-preview2, 2022-06-01-preview, 2022-12-01, 2022-12-02-preview2, 2023-05-01-preview",
        "Content-Length": "311",
        "Content-Type": "application/json; charset=utf-8",
        "Date": "Mon, 19 Jun 2023 17:05:39 GMT",
        "MS-CV": "/5KE54m9Ek25YAJVvdqveA.0",
        "Strict-Transport-Security": "max-age=2592000",
        "X-Azure-Ref": "044qQZAAAAACSP0f3krZPRZZ/95U2UVfSUERYMzFFREdFMDIwOQA5ZmM3YjUxOS1hOGNjLTRmODktOTM1ZS1jOTE0OGFlMDllODE=",
        "X-Cache": "CONFIG_NOCACHE",
        "X-Processing-Time": "598ms"
      },
      "ResponseBody": {
        "searchId": "sanitized",
        "phoneNumbers": [
          "\u002B14155550100"
        ],
        "phoneNumberType": "tollFree",
        "assignmentType": "application",
        "capabilities": {
          "calling": "outbound",
          "sms": "none"
        },
        "cost": {
          "amount": 2.0,
          "currencyCode": "USD",
          "billingFrequency": "monthly"
        },
        "searchExpiresBy": "2023-06-19T17:21:39.0176408\u002B00:00",
        "error": "NoError"
      }
    }
  ],
  "Variables": {}
}
