{
  "Entries": [
    {
      "RequestUri": "https://endpoint/sip?api-version=2023-03-01",
      "RequestMethod": "GET",
      "RequestHeaders": {
        "Accept": "application/json",
        "Accept-Encoding": "gzip, deflate, br",
        "Accept-Language": "en-US",
        "Authorization": "Sanitized",
        "Connection": "keep-alive",
        "Referer": "http://localhost:9876/",
        "sec-ch-ua": "",
        "sec-ch-ua-mobile": "?0",
        "sec-ch-ua-platform": "",
        "Sec-Fetch-Dest": "empty",
        "Sec-Fetch-Mode": "cors",
        "Sec-Fetch-Site": "same-site",
        "User-Agent": "Mozilla/5.0 (Windows NT 10.0; Win64; x64) AppleWebKit/537.36 (KHTML, like Gecko) HeadlessChrome/111.0.5555.0 Safari/537.36",
        "x-ms-client-request-id": "sanitized",
        "x-ms-content-sha256": "47DEQpj8HBSa\u002B/TImW\u002B5JCeuQeRkm5NMpJWZG3hSuFU=",
        "x-ms-date": "Fri, 10 Mar 2023 09:02:01 GMT",
        "x-ms-useragent": "azsdk-js-communication-phone-numbers/1.2.0-beta.5 core-rest-pipeline/1.9.2 OS/Win32"
      },
      "RequestBody": null,
      "StatusCode": 200,
      "ResponseHeaders": {
        "api-supported-versions": "2021-05-01-preview, 2022-09-01-preview, 2023-01-01-preview, 2023-03-01",
        "Content-Length": "108",
        "Content-Type": "application/json; charset=utf-8",
        "Date": "Fri, 10 Mar 2023 09:02:00 GMT",
        "MS-CV": "ZDcNuSG/Kk\u002BBJOW8SbzYtA.0",
        "Strict-Transport-Security": "max-age=2592000",
        "X-Azure-Ref": "0CPIKZAAAAAD4ayW78DDzTq4Iy\u002BdiU1DbUFJHMDFFREdFMDkxNQBjYzkyNzU4ZC0wNWY3LTRhZDYtYWE1ZS0wZmE5NzE4ZDg5ODU=",
        "X-Cache": "CONFIG_NOCACHE",
        "X-Processing-Time": "237ms"
      },
      "ResponseBody": {
        "trunks": {
          "testbc151377a8b848b18dc78650a761f225.sanitized.sbc.test": {
            "sipSignalingPort": 5678
          }
        },
        "routes": []
      }
    },
    {
      "RequestUri": "https://endpoint/sip?api-version=2023-03-01",
      "RequestMethod": "PATCH",
      "RequestHeaders": {
        "Accept": "application/json",
        "Accept-Encoding": "gzip, deflate, br",
        "Accept-Language": "en-US",
        "Authorization": "Sanitized",
        "Connection": "keep-alive",
        "Content-Length": "243",
        "Content-Type": "application/merge-patch\u002Bjson",
        "Referer": "http://localhost:9876/",
        "sec-ch-ua": "",
        "sec-ch-ua-mobile": "?0",
        "sec-ch-ua-platform": "",
        "Sec-Fetch-Dest": "empty",
        "Sec-Fetch-Mode": "cors",
        "Sec-Fetch-Site": "same-site",
        "User-Agent": "Mozilla/5.0 (Windows NT 10.0; Win64; x64) AppleWebKit/537.36 (KHTML, like Gecko) HeadlessChrome/111.0.5555.0 Safari/537.36",
        "x-ms-client-request-id": "sanitized",
        "x-ms-content-sha256": "fAGqJuBWDQI\u002BM2ZU7pyRhnRwF7zxX0/PdA9hur6cBik=",
        "x-ms-date": "Fri, 10 Mar 2023 09:02:01 GMT",
        "x-ms-useragent": "azsdk-js-communication-phone-numbers/1.2.0-beta.5 core-rest-pipeline/1.9.2 OS/Win32"
      },
      "RequestBody": {
        "trunks": {
          "testc30f983af8a041b994afb1bf1cc2d7a1.sanitized.sbc.test": {
            "sipSignalingPort": 8239
          },
          "testf92cb8ea402d4705b4b298e8ea150fe1.sanitized.sbc.test": {
            "sipSignalingPort": 7348
          },
          "testbc151377a8b848b18dc78650a761f225.sanitized.sbc.test": null
        }
      },
      "StatusCode": 200,
      "ResponseHeaders": {
        "api-supported-versions": "2021-05-01-preview, 2022-09-01-preview, 2023-01-01-preview, 2023-03-01",
        "Content-Length": "192",
        "Content-Type": "application/json; charset=utf-8",
        "Date": "Fri, 10 Mar 2023 09:02:01 GMT",
        "MS-CV": "wFCJbDJwPE\u002BIzO4zHBnkzw.0",
        "Strict-Transport-Security": "max-age=2592000",
        "X-Azure-Ref": "0CPIKZAAAAABIoXbPLEGdSZPy7c7Ry71hUFJHMDFFREdFMDkxNQBjYzkyNzU4ZC0wNWY3LTRhZDYtYWE1ZS0wZmE5NzE4ZDg5ODU=",
        "X-Cache": "CONFIG_NOCACHE",
        "X-Processing-Time": "1229ms"
      },
      "ResponseBody": {
        "trunks": {
          "testc30f983af8a041b994afb1bf1cc2d7a1.sanitized.sbc.test": {
            "sipSignalingPort": 8239
          },
          "testf92cb8ea402d4705b4b298e8ea150fe1.sanitized.sbc.test": {
            "sipSignalingPort": 7348
          }
        },
        "routes": []
      }
    },
    {
      "RequestUri": "https://endpoint/sip?api-version=2023-03-01",
      "RequestMethod": "PATCH",
      "RequestHeaders": {
        "Accept": "application/json",
        "Accept-Encoding": "gzip, deflate, br",
        "Accept-Language": "en-US",
        "Authorization": "Sanitized",
        "Connection": "keep-alive",
        "Content-Length": "224",
        "Content-Type": "application/merge-patch\u002Bjson",
        "Referer": "http://localhost:9876/",
        "sec-ch-ua": "",
        "sec-ch-ua-mobile": "?0",
        "sec-ch-ua-platform": "",
        "Sec-Fetch-Dest": "empty",
        "Sec-Fetch-Mode": "cors",
        "Sec-Fetch-Site": "same-site",
        "User-Agent": "Mozilla/5.0 (Windows NT 10.0; Win64; x64) AppleWebKit/537.36 (KHTML, like Gecko) HeadlessChrome/111.0.5555.0 Safari/537.36",
        "x-ms-client-request-id": "sanitized",
        "x-ms-content-sha256": "08kvPhOVYWaQgmLF43O5pFXSOE/lq0fA2NlyNPjq9Hg=",
        "x-ms-date": "Fri, 10 Mar 2023 09:02:02 GMT",
        "x-ms-useragent": "azsdk-js-communication-phone-numbers/1.2.0-beta.5 core-rest-pipeline/1.9.2 OS/Win32"
      },
      "RequestBody": {
        "routes": [
          {
            "name": "invalidDuplicatedRoutingTrunksRoute",
            "numberPattern": "^\u002B[1-9][0-9]{3,23}$",
            "trunks": [
              "testc30f983af8a041b994afb1bf1cc2d7a1.sanitized.sbc.test",
              "testc30f983af8a041b994afb1bf1cc2d7a1.sanitized.sbc.test"
            ]
          }
        ]
      },
      "StatusCode": 400,
      "ResponseHeaders": {
        "Content-Type": "application/json",
        "Date": "Fri, 10 Mar 2023 09:02:01 GMT",
        "MS-CV": "vELUoeUCo0iXlQiR/aXjsQ.0",
        "Strict-Transport-Security": "max-age=2592000",
        "Transfer-Encoding": "chunked",
        "X-Azure-Ref": "0CfIKZAAAAABT0i7D9/r\u002BS65PoLvgqhk2UFJHMDFFREdFMDkxNQBjYzkyNzU4ZC0wNWY3LTRhZDYtYWE1ZS0wZmE5NzE4ZDg5ODU=",
        "X-Cache": "CONFIG_NOCACHE",
        "X-Processing-Time": "13ms"
      },
      "ResponseBody": {
        "error": {
          "code": "UnprocessableConfiguration",
          "message": "One or more request inputs are not valid.",
          "innererror": {
            "code": "RouteWithDuplicatedTrunk",
            "message": "There is a duplicated trunk in a route."
          }
        }
      }
    },
    {
      "RequestUri": "https://endpoint/sip?api-version=2023-03-01",
      "RequestMethod": "GET",
      "RequestHeaders": {
        "Accept": "application/json",
        "Accept-Encoding": "gzip, deflate, br",
        "Accept-Language": "en-US",
        "Authorization": "Sanitized",
        "Connection": "keep-alive",
        "Referer": "http://localhost:9876/",
        "sec-ch-ua": "",
        "sec-ch-ua-mobile": "?0",
        "sec-ch-ua-platform": "",
        "Sec-Fetch-Dest": "empty",
        "Sec-Fetch-Mode": "cors",
        "Sec-Fetch-Site": "same-site",
        "User-Agent": "Mozilla/5.0 (Windows NT 10.0; Win64; x64) AppleWebKit/537.36 (KHTML, like Gecko) HeadlessChrome/111.0.5555.0 Safari/537.36",
        "x-ms-client-request-id": "sanitized",
        "x-ms-content-sha256": "47DEQpj8HBSa\u002B/TImW\u002B5JCeuQeRkm5NMpJWZG3hSuFU=",
        "x-ms-date": "Fri, 10 Mar 2023 09:02:03 GMT",
        "x-ms-useragent": "azsdk-js-communication-phone-numbers/1.2.0-beta.5 core-rest-pipeline/1.9.2 OS/Win32"
      },
      "RequestBody": null,
      "StatusCode": 200,
      "ResponseHeaders": {
        "api-supported-versions": "2021-05-01-preview, 2022-09-01-preview, 2023-01-01-preview, 2023-03-01",
        "Content-Length": "192",
        "Content-Type": "application/json; charset=utf-8",
        "Date": "Fri, 10 Mar 2023 09:02:02 GMT",
        "MS-CV": "ig/Ly\u002BoHrESZq26mnOwfLg.0",
        "Strict-Transport-Security": "max-age=2592000",
        "X-Azure-Ref": "0CvIKZAAAAAAL0uVztaApR6np1WsUfg5jUFJHMDFFREdFMDkxNQBjYzkyNzU4ZC0wNWY3LTRhZDYtYWE1ZS0wZmE5NzE4ZDg5ODU=",
        "X-Cache": "CONFIG_NOCACHE",
        "X-Processing-Time": "250ms"
      },
      "ResponseBody": {
        "trunks": {
          "testc30f983af8a041b994afb1bf1cc2d7a1.sanitized.sbc.test": {
            "sipSignalingPort": 8239
          },
          "testf92cb8ea402d4705b4b298e8ea150fe1.sanitized.sbc.test": {
            "sipSignalingPort": 7348
          }
        },
        "routes": []
      }
    }
  ],
  "Variables": {
    "fqdn-1": "testc30f983af8a041b994afb1bf1cc2d7a1.sanitized.sbc.test",
    "fqdn-2": "testf92cb8ea402d4705b4b298e8ea150fe1.sanitized.sbc.test"
  }
}
