{
  "Entries": [
    {
      "RequestUri": "https://fakeaccountname.table.core.windows.net/Tables?st=2021-08-03T08:52:15Z\u0026spr=https\u0026sig=fakesigval",
      "RequestMethod": "POST",
      "RequestHeaders": {
        "Accept": "application/json;odata=minimalmetadata",
        "Accept-Encoding": "gzip, deflate, br",
        "Accept-Language": "en-US",
        "Connection": "keep-alive",
        "Content-Length": "28",
        "Content-Type": "application/json;odata=nometadata",
        "DataServiceVersion": "3.0",
        "Referer": "http://localhost:9876/",
        "sec-ch-ua": "",
        "sec-ch-ua-mobile": "?0",
        "sec-ch-ua-platform": "",
        "Sec-Fetch-Dest": "empty",
        "Sec-Fetch-Mode": "cors",
        "Sec-Fetch-Site": "same-site",
        "User-Agent": "Mozilla/5.0 (X11; Linux x86_64) AppleWebKit/537.36 (KHTML, like Gecko) HeadlessChrome/93.0.4577.0 Safari/537.36",
        "x-ms-client-request-id": "ae1f788c-dc5b-46ab-8ea8-8381b806490e",
        "x-ms-useragent": "azsdk-js-data-tables/13.0.2 core-rest-pipeline/1.5.0 OS/Linuxx86_64",
        "x-ms-version": "2019-02-02"
      },
      "RequestBody": {
        "TableName": "SpecialChars"
      },
      "StatusCode": 201,
      "ResponseHeaders": {
        "Cache-Control": "no-cache",
        "Content-Type": "application/json; odata=minimalmetadata; streaming=true; charset=utf-8",
        "Date": "Tue, 01 Feb 2022 19:03:47 GMT",
        "Location": "https://fakeaccountname.table.core.windows.net/Tables(\u0027SpecialChars\u0027)",
        "Server": [
          "Windows-Azure-Table/1.0",
          "Microsoft-HTTPAPI/2.0"
        ],
        "Transfer-Encoding": "chunked",
        "X-Content-Type-Options": "nosniff",
        "x-ms-client-request-id": "ae1f788c-dc5b-46ab-8ea8-8381b806490e",
        "x-ms-request-id": "07e21de6-5002-00e6-0e9e-17904f000000",
        "x-ms-version": "2019-02-02"
      },
      "ResponseBody": {
        "odata.metadata": "https://fakeaccountname.table.core.windows.net/$metadata#Tables/@Element",
        "TableName": "SpecialChars"
      }
    },
    {
      "RequestUri": "https://fakeaccountname.table.core.windows.net/SpecialChars?st=2021-08-03T08:52:15Z\u0026spr=https\u0026sig=fakesigval",
      "RequestMethod": "POST",
      "RequestHeaders": {
        "Accept": "application/json;odata=minimalmetadata",
        "Accept-Encoding": "gzip, deflate, br",
        "Accept-Language": "en-US",
        "Connection": "keep-alive",
        "Content-Length": "80",
        "Content-Type": "application/json;odata=nometadata",
        "DataServiceVersion": "3.0",
        "Prefer": "return-no-content",
        "Referer": "http://localhost:9876/",
        "sec-ch-ua": "",
        "sec-ch-ua-mobile": "?0",
        "sec-ch-ua-platform": "",
        "Sec-Fetch-Dest": "empty",
        "Sec-Fetch-Mode": "cors",
        "Sec-Fetch-Site": "same-site",
        "User-Agent": "Mozilla/5.0 (X11; Linux x86_64) AppleWebKit/537.36 (KHTML, like Gecko) HeadlessChrome/93.0.4577.0 Safari/537.36",
        "x-ms-client-request-id": "4ffd24a1-65d7-4ea9-854e-ec3a5680d130",
        "x-ms-useragent": "azsdk-js-data-tables/13.0.2 core-rest-pipeline/1.5.0 OS/Linuxx86_64",
        "x-ms-version": "2019-02-02"
      },
      "RequestBody": {
        "PartitionKey": "A\u0027aaa_bbbb2\u0022",
        "RowKey": "\u0022A\u0027aaa_bbbb2",
        "test": "\u0022A\u0027aaa_bbbb2"
      },
      "StatusCode": 204,
      "ResponseHeaders": {
        "Cache-Control": "no-cache",
        "Content-Length": "0",
        "DataServiceId": "https://fakeaccountname.table.core.windows.net/SpecialChars(PartitionKey=\u0027A\u0027\u0027aaa_bbbb2%22\u0027,RowKey=\u0027%22A\u0027\u0027aaa_bbbb2\u0027)",
        "Date": "Tue, 01 Feb 2022 19:03:47 GMT",
        "ETag": "W/\u0022datetime\u00272022-02-01T19%3A03%3A48.4563221Z\u0027\u0022",
        "Location": "https://fakeaccountname.table.core.windows.net/SpecialChars(PartitionKey=\u0027A\u0027\u0027aaa_bbbb2%22\u0027,RowKey=\u0027%22A\u0027\u0027aaa_bbbb2\u0027)",
        "Preference-Applied": "return-no-content",
        "Server": [
          "Windows-Azure-Table/1.0",
          "Microsoft-HTTPAPI/2.0"
        ],
        "X-Content-Type-Options": "nosniff",
        "x-ms-client-request-id": "4ffd24a1-65d7-4ea9-854e-ec3a5680d130",
        "x-ms-request-id": "07e21e0b-5002-00e6-309e-17904f000000",
        "x-ms-version": "2019-02-02"
      },
      "ResponseBody": null
    },
    {
      "RequestUri": "https://fakeaccountname.table.core.windows.net/SpecialChars(PartitionKey=\u0027A\u0027\u0027aaa_bbbb2\u0022\u0027,RowKey=\u0027\u0022A\u0027\u0027aaa_bbbb2\u0027)?st=2021-08-03T08:52:15Z\u0026spr=https\u0026sig=fakesigval",
      "RequestMethod": "GET",
      "RequestHeaders": {
        "Accept": "application/json;odata=minimalmetadata",
        "Accept-Encoding": "gzip, deflate, br",
        "Accept-Language": "en-US",
        "Connection": "keep-alive",
        "DataServiceVersion": "3.0",
        "Referer": "http://localhost:9876/",
        "sec-ch-ua": "",
        "sec-ch-ua-mobile": "?0",
        "sec-ch-ua-platform": "",
        "Sec-Fetch-Dest": "empty",
        "Sec-Fetch-Mode": "cors",
        "Sec-Fetch-Site": "same-site",
        "User-Agent": "Mozilla/5.0 (X11; Linux x86_64) AppleWebKit/537.36 (KHTML, like Gecko) HeadlessChrome/93.0.4577.0 Safari/537.36",
        "x-ms-client-request-id": "8a061efa-f01d-460c-b357-b0d9f9dedb76",
        "x-ms-useragent": "azsdk-js-data-tables/13.0.2 core-rest-pipeline/1.5.0 OS/Linuxx86_64",
        "x-ms-version": "2019-02-02"
      },
      "RequestBody": null,
      "StatusCode": 200,
      "ResponseHeaders": {
        "Access-Control-Allow-Origin": "*",
        "Access-Control-Expose-Headers": "x-ms-request-id,x-ms-client-request-id,Server,x-ms-version,X-Content-Type-Options,Cache-Control,ETag,Content-Type,Content-Length,Date,Transfer-Encoding",
        "Cache-Control": "no-cache",
        "Content-Type": "application/json; odata=minimalmetadata; streaming=true; charset=utf-8",
        "Date": "Tue, 01 Feb 2022 19:03:48 GMT",
        "ETag": "W/\u0022datetime\u00272022-02-01T19%3A03%3A48.4563221Z\u0027\u0022",
        "Server": [
          "Windows-Azure-Table/1.0",
          "Microsoft-HTTPAPI/2.0"
        ],
        "Transfer-Encoding": "chunked",
        "X-Content-Type-Options": "nosniff",
        "x-ms-client-request-id": "8a061efa-f01d-460c-b357-b0d9f9dedb76",
        "x-ms-request-id": "07e21e2a-5002-00e6-4e9e-17904f000000",
        "x-ms-version": "2019-02-02"
      },
      "ResponseBody": {
        "odata.metadata": "https://fakeaccountname.table.core.windows.net/$metadata#SpecialChars/@Element",
        "odata.etag": "W/\u0022datetime\u00272022-02-01T19%3A03%3A48.4563221Z\u0027\u0022",
        "PartitionKey": "A\u0027aaa_bbbb2\u0022",
        "RowKey": "\u0022A\u0027aaa_bbbb2",
        "Timestamp": "2022-02-01T19:03:48.4563221Z",
        "test": "\u0022A\u0027aaa_bbbb2"
      }
    },
    {
      "RequestUri": "https://fakeaccountname.table.core.windows.net/Tables(\u0027SpecialChars\u0027)?st=2021-08-03T08:52:15Z\u0026spr=https\u0026sig=fakesigval",
      "RequestMethod": "DELETE",
      "RequestHeaders": {
        "Accept": "application/json",
        "Accept-Encoding": "gzip, deflate, br",
        "Accept-Language": "en-US",
        "Connection": "keep-alive",
        "Referer": "http://localhost:9876/",
        "sec-ch-ua": "",
        "sec-ch-ua-mobile": "?0",
        "sec-ch-ua-platform": "",
        "Sec-Fetch-Dest": "empty",
        "Sec-Fetch-Mode": "cors",
        "Sec-Fetch-Site": "same-site",
        "User-Agent": "Mozilla/5.0 (X11; Linux x86_64) AppleWebKit/537.36 (KHTML, like Gecko) HeadlessChrome/93.0.4577.0 Safari/537.36",
        "x-ms-client-request-id": "4be1bf2d-5aba-433b-a6f4-c002a36f8858",
        "x-ms-useragent": "azsdk-js-data-tables/13.0.2 core-rest-pipeline/1.5.0 OS/Linuxx86_64",
        "x-ms-version": "2019-02-02"
      },
      "RequestBody": null,
      "StatusCode": 204,
      "ResponseHeaders": {
        "Cache-Control": "no-cache",
        "Content-Length": "0",
        "Date": "Tue, 01 Feb 2022 19:03:48 GMT",
        "Server": [
          "Windows-Azure-Table/1.0",
          "Microsoft-HTTPAPI/2.0"
        ],
        "X-Content-Type-Options": "nosniff",
        "x-ms-client-request-id": "4be1bf2d-5aba-433b-a6f4-c002a36f8858",
        "x-ms-request-id": "07e21e49-5002-00e6-6c9e-17904f000000",
        "x-ms-version": "2019-02-02"
      },
      "ResponseBody": null
    }
  ],
  "Variables": {}
}
