{
  "Entries": [
    {
      "RequestUri": "https://endpoint/routing/distributionPolicies/test-d-policy-recorded-q-scenario?api-version=2022-07-18-preview",
      "RequestMethod": "PATCH",
      "RequestHeaders": {
        "Accept": "application/json",
        "Accept-Encoding": "gzip,deflate",
        "Authorization": "Sanitized",
        "Connection": "keep-alive",
        "Content-Length": "148",
        "Content-Type": "application/merge-patch\u002Bjson",
        "User-Agent": "azsdk-js-communication-job-router/V2022-07-18-preview azsdk-js-azure-communication-job-router/1.0.0-beta.1 core-rest-pipeline/1.10.4 Node/v14.19.1 OS/(x64-Windows_NT-10.0.22621)",
        "x-ms-client-request-id": "2b5e3994-b4dd-4653-ac80-30ef26c6329e",
        "x-ms-content-sha256": "oEbZ\u002BLnO9rcJU8qXPm2ndsjGGab8Qbu\u002B4rDEbZJPHJc=",
        "x-ms-date": "Thu, 27 Apr 2023 01:05:09 GMT"
      },
      "RequestBody": {
        "name": "test-d-policy",
        "offerTtlSeconds": 60,
        "mode": {
          "kind": "longest-idle",
          "minConcurrentOffers": 1,
          "maxConcurrentOffers": 5,
          "bypassSelectors": false
        }
      },
      "StatusCode": 200,
      "ResponseHeaders": {
        "api-supported-versions": "2021-04-07-preview1, 2022-07-18-preview",
        "Content-Type": "application/json; charset=utf-8",
        "Date": "Thu, 27 Apr 2023 01:05:12 GMT",
        "ETag": "\u0022ea02716c-0000-0700-0000-6449ca480000\u0022",
        "Last-Modified": "Thu, 27 Apr 2023 01:05:12 GMT",
        "trace-id": "4f267cd6-c691-5961-303f-9bcbfc92f52a",
        "Transfer-Encoding": "chunked",
        "X-Azure-Ref": "0SMpJZAAAAADuYwoy7s9RRLUfUPk5xWhVWVZSMzExMDAwMTE1MDMxADlmYzdiNTE5LWE4Y2MtNGY4OS05MzVlLWM5MTQ4YWUwOWU4MQ==",
        "X-Cache": "CONFIG_NOCACHE"
      },
      "ResponseBody": {
        "id": "test-d-policy-recorded-q-scenario",
        "name": "test-d-policy",
        "offerTtlSeconds": 60,
        "mode": {
          "kind": "longest-idle",
          "minConcurrentOffers": 1,
          "maxConcurrentOffers": 5,
          "bypassSelectors": false
        }
      }
    },
    {
      "RequestUri": "https://endpoint/routing/exceptionPolicies/test-e-policy-recorded-q-scenario?api-version=2022-07-18-preview",
      "RequestMethod": "PATCH",
      "RequestHeaders": {
        "Accept": "application/json",
        "Accept-Encoding": "gzip,deflate",
        "Authorization": "Sanitized",
        "Connection": "keep-alive",
        "Content-Length": "205",
        "Content-Type": "application/merge-patch\u002Bjson",
        "User-Agent": "azsdk-js-communication-job-router/V2022-07-18-preview azsdk-js-azure-communication-job-router/1.0.0-beta.1 core-rest-pipeline/1.10.4 Node/v14.19.1 OS/(x64-Windows_NT-10.0.22621)",
        "x-ms-client-request-id": "9f48cfb7-62fd-4349-b5f2-6dd5b4881bea",
        "x-ms-content-sha256": "DnPGZm8GTFJTh0d1bEHun9/03VZVF0xo\u002BzuWvPJk3V0=",
        "x-ms-date": "Thu, 27 Apr 2023 01:05:10 GMT"
      },
      "RequestBody": {
        "name": "test-e-policy",
        "exceptionRules": {
          "MaxWaitTimeExceededCancel": {
            "trigger": {
              "kind": "wait-time",
              "thresholdSeconds": 10
            },
            "actions": {
              "Cancel": {
                "kind": "cancel",
                "note": "wait time exceeded; cancelling"
              }
            }
          }
        }
      },
      "StatusCode": 200,
      "ResponseHeaders": {
        "api-supported-versions": "2021-04-07-preview1, 2022-07-18-preview",
        "Content-Type": "application/json; charset=utf-8",
        "Date": "Thu, 27 Apr 2023 01:05:12 GMT",
        "ETag": "\u0022630453ed-0000-0700-0000-6449ca490000\u0022",
        "Last-Modified": "Thu, 27 Apr 2023 01:05:13 GMT",
        "trace-id": "7063031c-eafe-3fdd-5874-5a0c1a3b74dc",
        "Transfer-Encoding": "chunked",
        "X-Azure-Ref": "0ScpJZAAAAADF2nMBRQg8RZklir22TANqWVZSMzExMDAwMTE1MDMxADlmYzdiNTE5LWE4Y2MtNGY4OS05MzVlLWM5MTQ4YWUwOWU4MQ==",
        "X-Cache": "CONFIG_NOCACHE"
      },
      "ResponseBody": {
        "id": "test-e-policy-recorded-q-scenario",
        "name": "test-e-policy",
        "exceptionRules": {
          "MaxWaitTimeExceededCancel": {
            "trigger": {
              "kind": "wait-time",
              "thresholdSeconds": 10
            },
            "actions": {
              "Cancel": {
                "kind": "cancel",
                "note": "wait time exceeded; cancelling"
              }
            }
          }
        }
      }
    },
    {
      "RequestUri": "https://endpoint/routing/queues/test-queue-recorded-q-scenario?api-version=2022-07-18-preview",
      "RequestMethod": "PATCH",
      "RequestHeaders": {
        "Accept": "application/json",
        "Accept-Encoding": "gzip,deflate",
        "Authorization": "Sanitized",
        "Connection": "keep-alive",
        "Content-Length": "148",
        "Content-Type": "application/merge-patch\u002Bjson",
        "User-Agent": "azsdk-js-communication-job-router/V2022-07-18-preview azsdk-js-azure-communication-job-router/1.0.0-beta.1 core-rest-pipeline/1.10.4 Node/v14.19.1 OS/(x64-Windows_NT-10.0.22621)",
        "x-ms-client-request-id": "f6d63073-7896-422e-8c12-565f0d8be568",
        "x-ms-content-sha256": "NwH/Ht8v7sLdpWRZza3QU9G\u002B6SJxYJBodaA43ghHoPk=",
        "x-ms-date": "Thu, 27 Apr 2023 01:05:10 GMT"
      },
      "RequestBody": {
        "name": "test-queue",
        "distributionPolicyId": "test-d-policy-recorded-q-scenario",
        "labels": {},
        "exceptionPolicyId": "test-e-policy-recorded-q-scenario"
      },
      "StatusCode": 200,
      "ResponseHeaders": {
        "api-supported-versions": "2021-04-07-preview1, 2022-07-18-preview",
        "Content-Type": "application/json; charset=utf-8",
        "Date": "Thu, 27 Apr 2023 01:05:13 GMT",
        "ETag": "\u00223a008b44-0000-0700-0000-6449ca490000\u0022",
        "Last-Modified": "Thu, 27 Apr 2023 01:05:13 GMT",
        "trace-id": "e0a420cd-24fe-8734-5420-62974012c58e",
        "Transfer-Encoding": "chunked",
        "X-Azure-Ref": "0ScpJZAAAAABlzp5zyTSHQ7CIuqjI6y0zWVZSMzExMDAwMTE1MDMxADlmYzdiNTE5LWE4Y2MtNGY4OS05MzVlLWM5MTQ4YWUwOWU4MQ==",
        "X-Cache": "CONFIG_NOCACHE"
      },
      "ResponseBody": {
        "id": "test-queue-recorded-q-scenario",
        "name": "test-queue",
        "distributionPolicyId": "test-d-policy-recorded-q-scenario",
        "labels": {
          "Id": "test-queue-recorded-q-scenario"
        },
        "exceptionPolicyId": "test-e-policy-recorded-q-scenario"
      }
    },
    {
      "RequestUri": "https://endpoint/routing/classificationPolicies/test-c-policy-passthrough-recorded-q-scenario?api-version=2022-07-18-preview",
      "RequestMethod": "PATCH",
      "RequestHeaders": {
        "Accept": "application/json",
        "Accept-Encoding": "gzip,deflate",
        "Authorization": "Sanitized",
        "Connection": "keep-alive",
        "Content-Length": "233",
        "Content-Type": "application/merge-patch\u002Bjson",
        "User-Agent": "azsdk-js-communication-job-router/V2022-07-18-preview azsdk-js-azure-communication-job-router/1.0.0-beta.1 core-rest-pipeline/1.10.4 Node/v14.19.1 OS/(x64-Windows_NT-10.0.22621)",
        "x-ms-client-request-id": "fd102cd7-f9c7-4ed3-92ca-f03664f4a50e",
        "x-ms-content-sha256": "25xFThpuU4IqG0wCOEQ7ZdvVpb5LoctSenOgwZW5x4M=",
        "x-ms-date": "Thu, 27 Apr 2023 01:05:10 GMT"
      },
      "RequestBody": {
        "name": "test-c-policy-passthrough",
        "fallbackQueueId": "test-queue-recorded-q-scenario",
        "queueSelectors": [
          {
            "kind": "pass-through",
            "key": "Region",
            "labelOperator": "equal"
          },
          {
            "kind": "pass-through",
            "key": "Product",
            "labelOperator": "equal"
          }
        ]
      },
      "StatusCode": 200,
      "ResponseHeaders": {
        "api-supported-versions": "2021-04-07-preview1, 2022-07-18-preview",
        "Content-Type": "application/json; charset=utf-8",
        "Date": "Thu, 27 Apr 2023 01:05:13 GMT",
        "ETag": "\u002234004246-0000-0700-0000-6449ca4a0000\u0022",
        "Last-Modified": "Thu, 27 Apr 2023 01:05:14 GMT",
        "trace-id": "e3687603-42c4-1c15-7bc7-612a49706e85",
        "Transfer-Encoding": "chunked",
        "X-Azure-Ref": "0ScpJZAAAAABfx51vvu6qTrztjqnPot0DWVZSMzExMDAwMTE1MDMxADlmYzdiNTE5LWE4Y2MtNGY4OS05MzVlLWM5MTQ4YWUwOWU4MQ==",
        "X-Cache": "CONFIG_NOCACHE"
      },
      "ResponseBody": {
        "id": "test-c-policy-passthrough-recorded-q-scenario",
        "name": "test-c-policy-passthrough",
        "fallbackQueueId": "test-queue-recorded-q-scenario",
        "queueSelectors": [
          {
            "kind": "pass-through",
            "key": "Region",
            "labelOperator": "equal"
          },
          {
            "kind": "pass-through",
            "key": "Product",
            "labelOperator": "equal"
          }
        ],
        "workerSelectors": []
      }
    },
    {
      "RequestUri": "https://endpoint/routing/jobs/test-job-passthrough-recorded-q-scenario?api-version=2022-07-18-preview",
      "RequestMethod": "PATCH",
      "RequestHeaders": {
        "Accept": "application/json",
        "Accept-Encoding": "gzip,deflate",
        "Authorization": "Sanitized",
        "Connection": "keep-alive",
        "Content-Length": "155",
        "Content-Type": "application/merge-patch\u002Bjson",
        "User-Agent": "azsdk-js-communication-job-router/V2022-07-18-preview azsdk-js-azure-communication-job-router/1.0.0-beta.1 core-rest-pipeline/1.10.4 Node/v14.19.1 OS/(x64-Windows_NT-10.0.22621)",
        "x-ms-client-request-id": "3663da92-2490-49f7-a1ae-85b000a0f145",
        "x-ms-content-sha256": "waf9XF56hK2vohnWRqlws\u002BgvZuoDBeL7oOITnC5RGFM=",
        "x-ms-date": "Thu, 27 Apr 2023 01:05:11 GMT"
      },
      "RequestBody": {
        "channelId": "test-channel",
        "classificationPolicyId": "test-c-policy-passthrough-recorded-q-scenario",
        "priority": 1,
        "labels": {
          "Region": "NA",
          "Language": "EN"
        }
      },
      "StatusCode": 200,
      "ResponseHeaders": {
        "api-supported-versions": "2021-04-07-preview1, 2022-07-18-preview",
        "Content-Type": "application/json; charset=utf-8",
        "Date": "Thu, 27 Apr 2023 01:05:14 GMT",
        "ETag": "\u002200000000-0000-0000-6634-7575bb46db08\u0022",
        "Last-Modified": "Thu, 27 Apr 2023 01:05:14 GMT",
        "trace-id": "023cdbfc-952a-633d-a005-e0965085e2cc",
        "Transfer-Encoding": "chunked",
        "X-Azure-Ref": "0SspJZAAAAACuk/IVPHlHRqK8PlTGnUD\u002BWVZSMzExMDAwMTE1MDMxADlmYzdiNTE5LWE4Y2MtNGY4OS05MzVlLWM5MTQ4YWUwOWU4MQ==",
        "X-Cache": "CONFIG_NOCACHE"
      },
      "ResponseBody": {
        "id": "test-job-passthrough-recorded-q-scenario",
        "jobStatus": "pendingClassification",
        "channelId": "test-channel",
        "classificationPolicyId": "test-c-policy-passthrough-recorded-q-scenario",
        "priority": 1,
        "requestedWorkerSelectors": [],
        "attachedWorkerSelectors": [],
        "labels": {
          "Region": "NA",
          "Language": "EN"
        },
        "assignments": {},
        "tags": {},
        "notes": {}
      }
    },
    {
      "RequestUri": "https://endpoint/routing/jobs/test-job-passthrough-recorded-q-scenario?api-version=2022-07-18-preview",
      "RequestMethod": "GET",
      "RequestHeaders": {
        "Accept": "application/json",
        "Accept-Encoding": "gzip,deflate",
        "Authorization": "Sanitized",
        "Connection": "keep-alive",
        "User-Agent": "azsdk-js-communication-job-router/V2022-07-18-preview azsdk-js-azure-communication-job-router/1.0.0-beta.1 core-rest-pipeline/1.10.4 Node/v14.19.1 OS/(x64-Windows_NT-10.0.22621)",
        "x-ms-client-request-id": "ade7ebd5-e4f5-413c-a1d4-3213d5e07c06",
        "x-ms-content-sha256": "47DEQpj8HBSa\u002B/TImW\u002B5JCeuQeRkm5NMpJWZG3hSuFU=",
        "x-ms-date": "Thu, 27 Apr 2023 01:05:12 GMT"
      },
      "RequestBody": null,
      "StatusCode": 200,
      "ResponseHeaders": {
        "api-supported-versions": "2021-04-07-preview1, 2022-07-18-preview",
        "Content-Type": "application/json; charset=utf-8",
        "Date": "Thu, 27 Apr 2023 01:05:14 GMT",
        "ETag": "\u002200000000-0000-0000-6634-7575bb46db08\u0022",
        "Last-Modified": "Thu, 27 Apr 2023 01:05:14 GMT",
        "trace-id": "f95e11d2-93d2-6af8-c4b3-af4ffaa37225",
        "Transfer-Encoding": "chunked",
        "X-Azure-Ref": "0SspJZAAAAAAfaCKgOj9TSa5XhZ/RzpL2WVZSMzExMDAwMTE1MDMxADlmYzdiNTE5LWE4Y2MtNGY4OS05MzVlLWM5MTQ4YWUwOWU4MQ==",
        "X-Cache": "CONFIG_NOCACHE"
      },
      "ResponseBody": {
        "id": "test-job-passthrough-recorded-q-scenario",
        "jobStatus": "pendingClassification",
        "channelId": "test-channel",
        "classificationPolicyId": "test-c-policy-passthrough-recorded-q-scenario",
        "priority": 1,
        "requestedWorkerSelectors": [],
        "attachedWorkerSelectors": [],
        "labels": {
          "Region": "NA",
          "Language": "EN"
        },
        "assignments": {},
        "tags": {},
        "notes": {}
      }
    },
    {
      "RequestUri": "https://endpoint/routing/jobs/test-job-passthrough-recorded-q-scenario?api-version=2022-07-18-preview",
      "RequestMethod": "GET",
      "RequestHeaders": {
        "Accept": "application/json",
        "Accept-Encoding": "gzip,deflate",
        "Authorization": "Sanitized",
        "Connection": "keep-alive",
        "User-Agent": "azsdk-js-communication-job-router/V2022-07-18-preview azsdk-js-azure-communication-job-router/1.0.0-beta.1 core-rest-pipeline/1.10.4 Node/v14.19.1 OS/(x64-Windows_NT-10.0.22621)",
        "x-ms-client-request-id": "19798b64-0063-4a61-bd25-df4be00e8508",
        "x-ms-content-sha256": "47DEQpj8HBSa\u002B/TImW\u002B5JCeuQeRkm5NMpJWZG3hSuFU=",
        "x-ms-date": "Thu, 27 Apr 2023 01:05:12 GMT"
      },
      "RequestBody": null,
      "StatusCode": 200,
      "ResponseHeaders": {
        "api-supported-versions": "2021-04-07-preview1, 2022-07-18-preview",
        "Content-Type": "application/json; charset=utf-8",
        "Date": "Thu, 27 Apr 2023 01:05:14 GMT",
        "ETag": "\u002200000000-0000-0000-6634-7575bb46db08\u0022",
        "Last-Modified": "Thu, 27 Apr 2023 01:05:14 GMT",
        "trace-id": "4c2039a1-7f50-d018-dd2c-04225400736c",
        "Transfer-Encoding": "chunked",
        "X-Azure-Ref": "0S8pJZAAAAACD03bPcW9lRL1Sxo\u002BJpOmKWVZSMzExMDAwMTE1MDMxADlmYzdiNTE5LWE4Y2MtNGY4OS05MzVlLWM5MTQ4YWUwOWU4MQ==",
        "X-Cache": "CONFIG_NOCACHE"
      },
      "ResponseBody": {
        "id": "test-job-passthrough-recorded-q-scenario",
        "jobStatus": "pendingClassification",
        "channelId": "test-channel",
        "classificationPolicyId": "test-c-policy-passthrough-recorded-q-scenario",
        "priority": 1,
        "requestedWorkerSelectors": [],
        "attachedWorkerSelectors": [],
        "labels": {
          "Region": "NA",
          "Language": "EN"
        },
        "assignments": {},
        "tags": {},
        "notes": {}
      }
    },
    {
      "RequestUri": "https://endpoint/routing/jobs/test-job-passthrough-recorded-q-scenario?api-version=2022-07-18-preview",
      "RequestMethod": "GET",
      "RequestHeaders": {
        "Accept": "application/json",
        "Accept-Encoding": "gzip,deflate",
        "Authorization": "Sanitized",
        "Connection": "keep-alive",
        "User-Agent": "azsdk-js-communication-job-router/V2022-07-18-preview azsdk-js-azure-communication-job-router/1.0.0-beta.1 core-rest-pipeline/1.10.4 Node/v14.19.1 OS/(x64-Windows_NT-10.0.22621)",
        "x-ms-client-request-id": "5adad043-d103-4a84-a03d-d55cff20d516",
        "x-ms-content-sha256": "47DEQpj8HBSa\u002B/TImW\u002B5JCeuQeRkm5NMpJWZG3hSuFU=",
        "x-ms-date": "Thu, 27 Apr 2023 01:05:12 GMT"
      },
      "RequestBody": null,
      "StatusCode": 200,
      "ResponseHeaders": {
        "api-supported-versions": "2021-04-07-preview1, 2022-07-18-preview",
        "Content-Type": "application/json; charset=utf-8",
        "Date": "Thu, 27 Apr 2023 01:05:14 GMT",
        "ETag": "\u002200000000-0000-0000-6634-7575bb46db08\u0022",
        "Last-Modified": "Thu, 27 Apr 2023 01:05:14 GMT",
        "trace-id": "5b23ffdd-ba67-fa3e-81db-1531ead78ac5",
        "Transfer-Encoding": "chunked",
        "X-Azure-Ref": "0S8pJZAAAAAB3bcWz5O3ZQ4lauzRBpKLtWVZSMzExMDAwMTE1MDMxADlmYzdiNTE5LWE4Y2MtNGY4OS05MzVlLWM5MTQ4YWUwOWU4MQ==",
        "X-Cache": "CONFIG_NOCACHE"
      },
      "ResponseBody": {
        "id": "test-job-passthrough-recorded-q-scenario",
        "jobStatus": "pendingClassification",
        "channelId": "test-channel",
        "classificationPolicyId": "test-c-policy-passthrough-recorded-q-scenario",
        "priority": 1,
        "requestedWorkerSelectors": [],
        "attachedWorkerSelectors": [],
        "labels": {
          "Region": "NA",
          "Language": "EN"
        },
        "assignments": {},
        "tags": {},
        "notes": {}
      }
    },
    {
      "RequestUri": "https://endpoint/routing/jobs/test-job-passthrough-recorded-q-scenario?api-version=2022-07-18-preview",
      "RequestMethod": "GET",
      "RequestHeaders": {
        "Accept": "application/json",
        "Accept-Encoding": "gzip,deflate",
        "Authorization": "Sanitized",
        "Connection": "keep-alive",
        "User-Agent": "azsdk-js-communication-job-router/V2022-07-18-preview azsdk-js-azure-communication-job-router/1.0.0-beta.1 core-rest-pipeline/1.10.4 Node/v14.19.1 OS/(x64-Windows_NT-10.0.22621)",
        "x-ms-client-request-id": "3cc9069c-8bf0-4fa8-9836-f08cf2df15ad",
        "x-ms-content-sha256": "47DEQpj8HBSa\u002B/TImW\u002B5JCeuQeRkm5NMpJWZG3hSuFU=",
        "x-ms-date": "Thu, 27 Apr 2023 01:05:12 GMT"
      },
      "RequestBody": null,
      "StatusCode": 200,
      "ResponseHeaders": {
        "api-supported-versions": "2021-04-07-preview1, 2022-07-18-preview",
        "Content-Type": "application/json; charset=utf-8",
        "Date": "Thu, 27 Apr 2023 01:05:14 GMT",
        "ETag": "\u002200000000-0000-0000-6634-7575bb46db08\u0022",
        "Last-Modified": "Thu, 27 Apr 2023 01:05:14 GMT",
        "trace-id": "d27ae6f9-d5c0-2378-1e72-6326b7fa1e12",
        "Transfer-Encoding": "chunked",
        "X-Azure-Ref": "0S8pJZAAAAACSY7TNhYnCT67Mr93Ah/OJWVZSMzExMDAwMTE1MDMxADlmYzdiNTE5LWE4Y2MtNGY4OS05MzVlLWM5MTQ4YWUwOWU4MQ==",
        "X-Cache": "CONFIG_NOCACHE"
      },
      "ResponseBody": {
        "id": "test-job-passthrough-recorded-q-scenario",
        "jobStatus": "pendingClassification",
        "channelId": "test-channel",
        "classificationPolicyId": "test-c-policy-passthrough-recorded-q-scenario",
        "priority": 1,
        "requestedWorkerSelectors": [],
        "attachedWorkerSelectors": [],
        "labels": {
          "Region": "NA",
          "Language": "EN"
        },
        "assignments": {},
        "tags": {},
        "notes": {}
      }
    },
    {
      "RequestUri": "https://endpoint/routing/jobs/test-job-passthrough-recorded-q-scenario?api-version=2022-07-18-preview",
      "RequestMethod": "GET",
      "RequestHeaders": {
        "Accept": "application/json",
        "Accept-Encoding": "gzip,deflate",
        "Authorization": "Sanitized",
        "Connection": "keep-alive",
        "User-Agent": "azsdk-js-communication-job-router/V2022-07-18-preview azsdk-js-azure-communication-job-router/1.0.0-beta.1 core-rest-pipeline/1.10.4 Node/v14.19.1 OS/(x64-Windows_NT-10.0.22621)",
        "x-ms-client-request-id": "261436dc-38e8-4864-b183-e93611598df6",
        "x-ms-content-sha256": "47DEQpj8HBSa\u002B/TImW\u002B5JCeuQeRkm5NMpJWZG3hSuFU=",
        "x-ms-date": "Thu, 27 Apr 2023 01:05:12 GMT"
      },
      "RequestBody": null,
      "StatusCode": 200,
      "ResponseHeaders": {
        "api-supported-versions": "2021-04-07-preview1, 2022-07-18-preview",
        "Content-Type": "application/json; charset=utf-8",
        "Date": "Thu, 27 Apr 2023 01:05:14 GMT",
        "ETag": "\u002200000000-0000-0000-6634-7575bb46db08\u0022",
        "Last-Modified": "Thu, 27 Apr 2023 01:05:14 GMT",
        "trace-id": "b8716962-8574-a9a2-e59e-4987e55774b1",
        "Transfer-Encoding": "chunked",
        "X-Azure-Ref": "0S8pJZAAAAAB78vMB4SW9Ro3/qmw6SLx1WVZSMzExMDAwMTE1MDMxADlmYzdiNTE5LWE4Y2MtNGY4OS05MzVlLWM5MTQ4YWUwOWU4MQ==",
        "X-Cache": "CONFIG_NOCACHE"
      },
      "ResponseBody": {
        "id": "test-job-passthrough-recorded-q-scenario",
        "jobStatus": "pendingClassification",
        "channelId": "test-channel",
        "classificationPolicyId": "test-c-policy-passthrough-recorded-q-scenario",
        "priority": 1,
        "requestedWorkerSelectors": [],
        "attachedWorkerSelectors": [],
        "labels": {
          "Region": "NA",
          "Language": "EN"
        },
        "assignments": {},
        "tags": {},
        "notes": {}
      }
    },
    {
      "RequestUri": "https://endpoint/routing/jobs/test-job-passthrough-recorded-q-scenario?api-version=2022-07-18-preview",
      "RequestMethod": "GET",
      "RequestHeaders": {
        "Accept": "application/json",
        "Accept-Encoding": "gzip,deflate",
        "Authorization": "Sanitized",
        "Connection": "keep-alive",
        "User-Agent": "azsdk-js-communication-job-router/V2022-07-18-preview azsdk-js-azure-communication-job-router/1.0.0-beta.1 core-rest-pipeline/1.10.4 Node/v14.19.1 OS/(x64-Windows_NT-10.0.22621)",
        "x-ms-client-request-id": "9344f64b-cf7d-4f5a-8943-883ab156cff4",
        "x-ms-content-sha256": "47DEQpj8HBSa\u002B/TImW\u002B5JCeuQeRkm5NMpJWZG3hSuFU=",
        "x-ms-date": "Thu, 27 Apr 2023 01:05:12 GMT"
      },
      "RequestBody": null,
      "StatusCode": 200,
      "ResponseHeaders": {
        "api-supported-versions": "2021-04-07-preview1, 2022-07-18-preview",
        "Content-Type": "application/json; charset=utf-8",
        "Date": "Thu, 27 Apr 2023 01:05:15 GMT",
        "ETag": "\u002200000000-0000-0000-6634-7575bb46db08\u0022",
        "Last-Modified": "Thu, 27 Apr 2023 01:05:14 GMT",
        "trace-id": "010b5f82-c5dd-4e49-e5b7-0173aa9d8141",
        "Transfer-Encoding": "chunked",
        "X-Azure-Ref": "0S8pJZAAAAABpW/7LS13UT7auAtGg8Zi2WVZSMzExMDAwMTE1MDMxADlmYzdiNTE5LWE4Y2MtNGY4OS05MzVlLWM5MTQ4YWUwOWU4MQ==",
        "X-Cache": "CONFIG_NOCACHE"
      },
      "ResponseBody": {
        "id": "test-job-passthrough-recorded-q-scenario",
        "jobStatus": "pendingClassification",
        "channelId": "test-channel",
        "classificationPolicyId": "test-c-policy-passthrough-recorded-q-scenario",
        "priority": 1,
        "requestedWorkerSelectors": [],
        "attachedWorkerSelectors": [],
        "labels": {
          "Region": "NA",
          "Language": "EN"
        },
        "assignments": {},
        "tags": {},
        "notes": {}
      }
    },
    {
      "RequestUri": "https://endpoint/routing/jobs/test-job-passthrough-recorded-q-scenario?api-version=2022-07-18-preview",
      "RequestMethod": "GET",
      "RequestHeaders": {
        "Accept": "application/json",
        "Accept-Encoding": "gzip,deflate",
        "Authorization": "Sanitized",
        "Connection": "keep-alive",
        "User-Agent": "azsdk-js-communication-job-router/V2022-07-18-preview azsdk-js-azure-communication-job-router/1.0.0-beta.1 core-rest-pipeline/1.10.4 Node/v14.19.1 OS/(x64-Windows_NT-10.0.22621)",
        "x-ms-client-request-id": "683151a9-5055-4d13-954e-8194bee85964",
        "x-ms-content-sha256": "47DEQpj8HBSa\u002B/TImW\u002B5JCeuQeRkm5NMpJWZG3hSuFU=",
        "x-ms-date": "Thu, 27 Apr 2023 01:05:13 GMT"
      },
      "RequestBody": null,
      "StatusCode": 200,
      "ResponseHeaders": {
        "api-supported-versions": "2021-04-07-preview1, 2022-07-18-preview",
        "Content-Type": "application/json; charset=utf-8",
        "Date": "Thu, 27 Apr 2023 01:05:15 GMT",
        "ETag": "\u002200000001-0000-0000-4d16-ee75bb46db08\u0022",
        "Last-Modified": "Thu, 27 Apr 2023 01:05:15 GMT",
        "trace-id": "f2081977-adfc-9c52-6460-beb7fd330519",
        "Transfer-Encoding": "chunked",
        "X-Azure-Ref": "0S8pJZAAAAABbeOMjo2/QQJQm/Zysk61JWVZSMzExMDAwMTE1MDMxADlmYzdiNTE5LWE4Y2MtNGY4OS05MzVlLWM5MTQ4YWUwOWU4MQ==",
        "X-Cache": "CONFIG_NOCACHE"
      },
      "ResponseBody": {
        "id": "test-job-passthrough-recorded-q-scenario",
        "jobStatus": "pendingClassification",
        "channelId": "test-channel",
        "classificationPolicyId": "test-c-policy-passthrough-recorded-q-scenario",
        "queueId": "test-queue-recorded-q-scenario",
        "priority": 1,
        "requestedWorkerSelectors": [],
        "attachedWorkerSelectors": [],
        "labels": {
          "Region": "NA",
          "Language": "EN"
        },
        "assignments": {},
        "tags": {},
        "notes": {}
      }
    },
    {
      "RequestUri": "https://endpoint/routing/jobs/test-job-passthrough-recorded-q-scenario?api-version=2022-07-18-preview",
      "RequestMethod": "GET",
      "RequestHeaders": {
        "Accept": "application/json",
        "Accept-Encoding": "gzip,deflate",
        "Authorization": "Sanitized",
        "Connection": "keep-alive",
        "User-Agent": "azsdk-js-communication-job-router/V2022-07-18-preview azsdk-js-azure-communication-job-router/1.0.0-beta.1 core-rest-pipeline/1.10.4 Node/v14.19.1 OS/(x64-Windows_NT-10.0.22621)",
        "x-ms-client-request-id": "9680abd4-a874-4a45-8a3e-2f25e93b7203",
        "x-ms-content-sha256": "47DEQpj8HBSa\u002B/TImW\u002B5JCeuQeRkm5NMpJWZG3hSuFU=",
        "x-ms-date": "Thu, 27 Apr 2023 01:05:13 GMT"
      },
      "RequestBody": null,
      "StatusCode": 200,
      "ResponseHeaders": {
        "api-supported-versions": "2021-04-07-preview1, 2022-07-18-preview",
        "Content-Type": "application/json; charset=utf-8",
        "Date": "Thu, 27 Apr 2023 01:05:15 GMT",
        "ETag": "\u002200000001-0000-0000-4d16-ee75bb46db08\u0022",
        "Last-Modified": "Thu, 27 Apr 2023 01:05:15 GMT",
        "trace-id": "e420b543-2fe1-b500-f288-c0a4db430638",
        "Transfer-Encoding": "chunked",
        "X-Azure-Ref": "0TMpJZAAAAABKS8ZJHNcBTIsL/O67zJRqWVZSMzExMDAwMTE1MDMxADlmYzdiNTE5LWE4Y2MtNGY4OS05MzVlLWM5MTQ4YWUwOWU4MQ==",
        "X-Cache": "CONFIG_NOCACHE"
      },
      "ResponseBody": {
        "id": "test-job-passthrough-recorded-q-scenario",
        "jobStatus": "pendingClassification",
        "channelId": "test-channel",
        "classificationPolicyId": "test-c-policy-passthrough-recorded-q-scenario",
        "queueId": "test-queue-recorded-q-scenario",
        "priority": 1,
        "requestedWorkerSelectors": [],
        "attachedWorkerSelectors": [],
        "labels": {
          "Region": "NA",
          "Language": "EN"
        },
        "assignments": {},
        "tags": {},
        "notes": {}
      }
    },
    {
      "RequestUri": "https://endpoint/routing/jobs/test-job-passthrough-recorded-q-scenario?api-version=2022-07-18-preview",
      "RequestMethod": "GET",
      "RequestHeaders": {
        "Accept": "application/json",
        "Accept-Encoding": "gzip,deflate",
        "Authorization": "Sanitized",
        "Connection": "keep-alive",
        "User-Agent": "azsdk-js-communication-job-router/V2022-07-18-preview azsdk-js-azure-communication-job-router/1.0.0-beta.1 core-rest-pipeline/1.10.4 Node/v14.19.1 OS/(x64-Windows_NT-10.0.22621)",
        "x-ms-client-request-id": "52690b8d-7fb5-4a70-8bb9-6c64e6645eb2",
        "x-ms-content-sha256": "47DEQpj8HBSa\u002B/TImW\u002B5JCeuQeRkm5NMpJWZG3hSuFU=",
        "x-ms-date": "Thu, 27 Apr 2023 01:05:13 GMT"
      },
      "RequestBody": null,
      "StatusCode": 200,
      "ResponseHeaders": {
        "api-supported-versions": "2021-04-07-preview1, 2022-07-18-preview",
        "Content-Type": "application/json; charset=utf-8",
        "Date": "Thu, 27 Apr 2023 01:05:15 GMT",
        "ETag": "\u002200000002-0000-0000-149b-7576bb46db08\u0022",
        "Last-Modified": "Thu, 27 Apr 2023 01:05:16 GMT",
        "trace-id": "19da16d4-e849-84c6-d5d0-fe1723e89f89",
        "Transfer-Encoding": "chunked",
        "X-Azure-Ref": "0TMpJZAAAAAARcfVoyOjlR7mWm8qbv/U3WVZSMzExMDAwMTE1MDMxADlmYzdiNTE5LWE4Y2MtNGY4OS05MzVlLWM5MTQ4YWUwOWU4MQ==",
        "X-Cache": "CONFIG_NOCACHE"
      },
      "ResponseBody": {
        "id": "test-job-passthrough-recorded-q-scenario",
        "jobStatus": "queued",
        "enqueueTimeUtc": "2023-04-27T01:05:16.3304724\u002B00:00",
        "channelId": "test-channel",
        "classificationPolicyId": "test-c-policy-passthrough-recorded-q-scenario",
        "queueId": "test-queue-recorded-q-scenario",
        "priority": 1,
        "requestedWorkerSelectors": [],
        "attachedWorkerSelectors": [],
        "labels": {
          "Region": "NA",
          "Language": "EN"
        },
        "assignments": {},
        "tags": {},
        "notes": {}
      }
    },
    {
      "RequestUri": "https://endpoint/routing/jobs/test-job-passthrough-recorded-q-scenario:cancel?api-version=2022-07-18-preview",
      "RequestMethod": "POST",
      "RequestHeaders": {
        "Accept": "application/json",
        "Accept-Encoding": "gzip,deflate",
        "Authorization": "Sanitized",
        "Connection": "keep-alive",
        "Content-Length": "0",
        "Content-Type": "application/json",
        "User-Agent": "azsdk-js-communication-job-router/V2022-07-18-preview azsdk-js-azure-communication-job-router/1.0.0-beta.1 core-rest-pipeline/1.10.4 Node/v14.19.1 OS/(x64-Windows_NT-10.0.22621)",
        "x-ms-client-request-id": "6a7ffc69-2665-4e2c-9236-d3be95012259",
        "x-ms-content-sha256": "47DEQpj8HBSa\u002B/TImW\u002B5JCeuQeRkm5NMpJWZG3hSuFU=",
        "x-ms-date": "Thu, 27 Apr 2023 01:05:13 GMT"
      },
      "RequestBody": null,
      "StatusCode": 200,
      "ResponseHeaders": {
        "api-supported-versions": "2021-04-07-preview1, 2022-07-18-preview",
        "Content-Type": "application/json; charset=utf-8",
        "Date": "Thu, 27 Apr 2023 01:05:16 GMT",
        "trace-id": "f351e3f4-597f-759f-e4c8-aabe86906705",
        "Transfer-Encoding": "chunked",
        "X-Azure-Ref": "0TMpJZAAAAACbaN31BXhJSK2SwPfinNQZWVZSMzExMDAwMTE1MDMxADlmYzdiNTE5LWE4Y2MtNGY4OS05MzVlLWM5MTQ4YWUwOWU4MQ==",
        "X-Cache": "CONFIG_NOCACHE"
      },
      "ResponseBody": {}
    },
    {
      "RequestUri": "https://endpoint/routing/jobs/test-job-passthrough-recorded-q-scenario?api-version=2022-07-18-preview",
      "RequestMethod": "DELETE",
      "RequestHeaders": {
        "Accept": "application/json",
        "Accept-Encoding": "gzip,deflate",
        "Authorization": "Sanitized",
        "Connection": "keep-alive",
        "User-Agent": "azsdk-js-communication-job-router/V2022-07-18-preview azsdk-js-azure-communication-job-router/1.0.0-beta.1 core-rest-pipeline/1.10.4 Node/v14.19.1 OS/(x64-Windows_NT-10.0.22621)",
        "x-ms-client-request-id": "dfb635f4-f661-469a-be6d-8eee02eba0bb",
        "x-ms-content-sha256": "47DEQpj8HBSa\u002B/TImW\u002B5JCeuQeRkm5NMpJWZG3hSuFU=",
        "x-ms-date": "Thu, 27 Apr 2023 01:05:14 GMT"
      },
      "RequestBody": null,
      "StatusCode": 204,
      "ResponseHeaders": {
        "api-supported-versions": "2021-04-07-preview1, 2022-07-18-preview",
        "Date": "Thu, 27 Apr 2023 01:05:17 GMT",
        "trace-id": "ea1b4c16-fb71-5f52-f6b3-48356fce8ef8",
        "X-Azure-Ref": "0TcpJZAAAAADQzy1P1kzaRKZz1DtqmVEAWVZSMzExMDAwMTE1MDMxADlmYzdiNTE5LWE4Y2MtNGY4OS05MzVlLWM5MTQ4YWUwOWU4MQ==",
        "X-Cache": "CONFIG_NOCACHE"
      },
      "ResponseBody": null
    },
    {
      "RequestUri": "https://endpoint/routing/classificationPolicies/test-c-policy-passthrough-recorded-q-scenario?api-version=2022-07-18-preview",
      "RequestMethod": "DELETE",
      "RequestHeaders": {
        "Accept": "application/json",
        "Accept-Encoding": "gzip,deflate",
        "Authorization": "Sanitized",
        "Connection": "keep-alive",
        "User-Agent": "azsdk-js-communication-job-router/V2022-07-18-preview azsdk-js-azure-communication-job-router/1.0.0-beta.1 core-rest-pipeline/1.10.4 Node/v14.19.1 OS/(x64-Windows_NT-10.0.22621)",
        "x-ms-client-request-id": "63fd5c54-ee9b-4c09-a1a4-67a128a5cc2a",
        "x-ms-content-sha256": "47DEQpj8HBSa\u002B/TImW\u002B5JCeuQeRkm5NMpJWZG3hSuFU=",
        "x-ms-date": "Thu, 27 Apr 2023 01:05:14 GMT"
      },
      "RequestBody": null,
      "StatusCode": 204,
      "ResponseHeaders": {
        "api-supported-versions": "2021-04-07-preview1, 2022-07-18-preview",
        "Date": "Thu, 27 Apr 2023 01:05:17 GMT",
        "trace-id": "bbdf2303-01c4-53e1-d4fa-990971bf8f53",
        "X-Azure-Ref": "0TcpJZAAAAAD1LRv/pSCXQriupMvKVLtmWVZSMzExMDAwMTE1MDMxADlmYzdiNTE5LWE4Y2MtNGY4OS05MzVlLWM5MTQ4YWUwOWU4MQ==",
        "X-Cache": "CONFIG_NOCACHE"
      },
      "ResponseBody": null
    },
    {
      "RequestUri": "https://endpoint/routing/queues/test-queue-recorded-q-scenario?api-version=2022-07-18-preview",
      "RequestMethod": "DELETE",
      "RequestHeaders": {
        "Accept": "application/json",
        "Accept-Encoding": "gzip,deflate",
        "Authorization": "Sanitized",
        "Connection": "keep-alive",
        "User-Agent": "azsdk-js-communication-job-router/V2022-07-18-preview azsdk-js-azure-communication-job-router/1.0.0-beta.1 core-rest-pipeline/1.10.4 Node/v14.19.1 OS/(x64-Windows_NT-10.0.22621)",
        "x-ms-client-request-id": "d4678e6b-f9d2-4177-95e6-7318f83baf3c",
        "x-ms-content-sha256": "47DEQpj8HBSa\u002B/TImW\u002B5JCeuQeRkm5NMpJWZG3hSuFU=",
        "x-ms-date": "Thu, 27 Apr 2023 01:05:15 GMT"
      },
      "RequestBody": null,
      "StatusCode": 204,
      "ResponseHeaders": {
        "api-supported-versions": "2021-04-07-preview1, 2022-07-18-preview",
        "Date": "Thu, 27 Apr 2023 01:05:17 GMT",
        "trace-id": "64016ead-6760-6aea-cbd1-102a53ac14fa",
        "X-Azure-Ref": "0TspJZAAAAAC9buipTI9BR4PGvH0wsSP1WVZSMzExMDAwMTE1MDMxADlmYzdiNTE5LWE4Y2MtNGY4OS05MzVlLWM5MTQ4YWUwOWU4MQ==",
        "X-Cache": "CONFIG_NOCACHE"
      },
      "ResponseBody": null
    },
    {
      "RequestUri": "https://endpoint/routing/exceptionPolicies/test-e-policy-recorded-q-scenario?api-version=2022-07-18-preview",
      "RequestMethod": "DELETE",
      "RequestHeaders": {
        "Accept": "application/json",
        "Accept-Encoding": "gzip,deflate",
        "Authorization": "Sanitized",
        "Connection": "keep-alive",
        "User-Agent": "azsdk-js-communication-job-router/V2022-07-18-preview azsdk-js-azure-communication-job-router/1.0.0-beta.1 core-rest-pipeline/1.10.4 Node/v14.19.1 OS/(x64-Windows_NT-10.0.22621)",
        "x-ms-client-request-id": "ec387e57-05e6-4a59-b469-39b2950e37c8",
        "x-ms-content-sha256": "47DEQpj8HBSa\u002B/TImW\u002B5JCeuQeRkm5NMpJWZG3hSuFU=",
        "x-ms-date": "Thu, 27 Apr 2023 01:05:15 GMT"
      },
      "RequestBody": null,
      "StatusCode": 204,
      "ResponseHeaders": {
        "api-supported-versions": "2021-04-07-preview1, 2022-07-18-preview",
        "Date": "Thu, 27 Apr 2023 01:05:18 GMT",
        "trace-id": "d362f281-f55b-725a-31b2-141a8fec5bdf",
        "X-Azure-Ref": "0TspJZAAAAAAayZdoHeDDQJLmgVHJzgnnWVZSMzExMDAwMTE1MDMxADlmYzdiNTE5LWE4Y2MtNGY4OS05MzVlLWM5MTQ4YWUwOWU4MQ==",
        "X-Cache": "CONFIG_NOCACHE"
      },
      "ResponseBody": null
    },
    {
      "RequestUri": "https://endpoint/routing/distributionPolicies/test-d-policy-recorded-q-scenario?api-version=2022-07-18-preview",
      "RequestMethod": "DELETE",
      "RequestHeaders": {
        "Accept": "application/json",
        "Accept-Encoding": "gzip,deflate",
        "Authorization": "Sanitized",
        "Connection": "keep-alive",
        "User-Agent": "azsdk-js-communication-job-router/V2022-07-18-preview azsdk-js-azure-communication-job-router/1.0.0-beta.1 core-rest-pipeline/1.10.4 Node/v14.19.1 OS/(x64-Windows_NT-10.0.22621)",
        "x-ms-client-request-id": "030025f7-f32e-4774-9c97-8c20812f77b5",
        "x-ms-content-sha256": "47DEQpj8HBSa\u002B/TImW\u002B5JCeuQeRkm5NMpJWZG3hSuFU=",
        "x-ms-date": "Thu, 27 Apr 2023 01:05:16 GMT"
      },
      "RequestBody": null,
      "StatusCode": 204,
      "ResponseHeaders": {
        "api-supported-versions": "2021-04-07-preview1, 2022-07-18-preview",
        "Date": "Thu, 27 Apr 2023 01:05:18 GMT",
        "trace-id": "12ec3fce-7c27-41ce-a593-131c66222b87",
        "X-Azure-Ref": "0TspJZAAAAACp5lcMcekzT5/3KNEpeAF9WVZSMzExMDAwMTE1MDMxADlmYzdiNTE5LWE4Y2MtNGY4OS05MzVlLWM5MTQ4YWUwOWU4MQ==",
        "X-Cache": "CONFIG_NOCACHE"
      },
      "ResponseBody": null
    }
  ],
  "Variables": {}
}
