{
  "Entries": [
    {
      "RequestUri": "https://endpoint/language/analyze-text/jobs?api-version=2022-05-01",
      "RequestMethod": "POST",
      "RequestHeaders": {
        "Accept": "application/json",
        "Accept-Encoding": "gzip, deflate, br",
        "Accept-Language": "en-US",
        "Authorization": "Sanitized",
        "Connection": "keep-alive",
        "Content-Length": "240",
        "Content-Type": "application/json",
        "Referer": "http://localhost:9876/",
        "sec-ch-ua": "",
        "sec-ch-ua-mobile": "?0",
        "sec-ch-ua-platform": "",
        "Sec-Fetch-Dest": "empty",
        "Sec-Fetch-Mode": "cors",
        "Sec-Fetch-Site": "same-site",
        "User-Agent": "Mozilla/5.0 (X11; Linux x86_64) AppleWebKit/537.36 (KHTML, like Gecko) HeadlessChrome/103.0.5058.0 Safari/537.36",
        "x-ms-client-request-id": "6961fcc7-7e11-4d12-81c2-d06160640acb",
        "x-ms-useragent": "azsdk-js-ai-language-text/1.0.0 core-rest-pipeline/1.9.2 OS/Linuxx86_64"
      },
      "RequestBody": {
        "analysisInput": {
          "documents": [
            {
              "id": "0",
              "text": "I will go to the park.",
              "language": "en"
            }
          ]
        },
        "tasks": [
          {
            "taskName": "action1",
            "kind": "PiiEntityRecognition",
            "parameters": {}
          },
          {
            "taskName": "action2",
            "kind": "PiiEntityRecognition",
            "parameters": {}
          }
        ]
      },
      "StatusCode": 202,
      "ResponseHeaders": {
        "apim-request-id": "ed725ae9-acd0-4327-a1ce-f5e47d4bf0f3",
        "Content-Length": "0",
        "Date": "Wed, 07 Sep 2022 04:24:19 GMT",
        "operation-location": "https://endpoint/language/analyze-text/jobs/87fc6b83-1bca-4828-b511-73a2812ebd44?api-version=2022-05-01",
        "Strict-Transport-Security": "max-age=31536000; includeSubDomains; preload",
        "X-Content-Type-Options": "nosniff",
        "x-envoy-upstream-service-time": "159"
      },
      "ResponseBody": null
    },
    {
      "RequestUri": "https://endpoint/language/analyze-text/jobs/87fc6b83-1bca-4828-b511-73a2812ebd44?api-version=2022-05-01",
      "RequestMethod": "GET",
      "RequestHeaders": {
        "Accept": "application/json",
        "Accept-Encoding": "gzip, deflate, br",
        "Accept-Language": "en-US",
        "Authorization": "Sanitized",
        "Connection": "keep-alive",
        "Referer": "http://localhost:9876/",
        "sec-ch-ua": "",
        "sec-ch-ua-mobile": "?0",
        "sec-ch-ua-platform": "",
        "Sec-Fetch-Dest": "empty",
        "Sec-Fetch-Mode": "cors",
        "Sec-Fetch-Site": "same-site",
        "User-Agent": "Mozilla/5.0 (X11; Linux x86_64) AppleWebKit/537.36 (KHTML, like Gecko) HeadlessChrome/103.0.5058.0 Safari/537.36",
        "x-ms-client-request-id": "9c97ffa2-38d6-4caf-8b0d-f8d31aa28209",
        "x-ms-useragent": "azsdk-js-ai-language-text/1.0.0 core-rest-pipeline/1.9.2 OS/Linuxx86_64"
      },
      "RequestBody": null,
      "StatusCode": 200,
      "ResponseHeaders": {
        "apim-request-id": "1bbc873e-e771-45ee-82b8-57d1d31cc789",
        "Content-Length": "283",
        "Content-Type": "application/json; charset=utf-8",
        "Date": "Wed, 07 Sep 2022 04:24:19 GMT",
        "Strict-Transport-Security": "max-age=31536000; includeSubDomains; preload",
        "X-Content-Type-Options": "nosniff",
        "x-envoy-upstream-service-time": "9"
      },
      "ResponseBody": {
        "jobId": "87fc6b83-1bca-4828-b511-73a2812ebd44",
        "lastUpdatedDateTime": "2022-09-07T04:24:19Z",
        "createdDateTime": "2022-09-07T04:24:19Z",
        "expirationDateTime": "2022-09-08T04:24:19Z",
        "status": "notStarted",
        "errors": [],
        "tasks": {
          "completed": 0,
          "failed": 0,
          "inProgress": 2,
          "total": 2,
          "items": []
        }
      }
    },
    {
      "RequestUri": "https://endpoint/language/analyze-text/jobs/87fc6b83-1bca-4828-b511-73a2812ebd44?api-version=2022-05-01",
      "RequestMethod": "GET",
      "RequestHeaders": {
        "Accept": "application/json",
        "Accept-Encoding": "gzip, deflate, br",
        "Accept-Language": "en-US",
        "Authorization": "Sanitized",
        "Connection": "keep-alive",
        "Referer": "http://localhost:9876/",
        "sec-ch-ua": "",
        "sec-ch-ua-mobile": "?0",
        "sec-ch-ua-platform": "",
        "Sec-Fetch-Dest": "empty",
        "Sec-Fetch-Mode": "cors",
        "Sec-Fetch-Site": "same-site",
        "User-Agent": "Mozilla/5.0 (X11; Linux x86_64) AppleWebKit/537.36 (KHTML, like Gecko) HeadlessChrome/103.0.5058.0 Safari/537.36",
        "x-ms-client-request-id": "f1c165f7-cc74-459f-820c-d60bf2212e08",
        "x-ms-useragent": "azsdk-js-ai-language-text/1.0.0 core-rest-pipeline/1.9.2 OS/Linuxx86_64"
      },
      "RequestBody": null,
      "StatusCode": 200,
      "ResponseHeaders": {
        "apim-request-id": "022723e6-f7a3-4d0f-b4a3-b45c787d22ea",
        "Content-Length": "283",
        "Content-Type": "application/json; charset=utf-8",
        "Date": "Wed, 07 Sep 2022 04:24:19 GMT",
        "Strict-Transport-Security": "max-age=31536000; includeSubDomains; preload",
        "X-Content-Type-Options": "nosniff",
        "x-envoy-upstream-service-time": "7"
      },
      "ResponseBody": {
        "jobId": "87fc6b83-1bca-4828-b511-73a2812ebd44",
        "lastUpdatedDateTime": "2022-09-07T04:24:19Z",
        "createdDateTime": "2022-09-07T04:24:19Z",
        "expirationDateTime": "2022-09-08T04:24:19Z",
        "status": "notStarted",
        "errors": [],
        "tasks": {
          "completed": 0,
          "failed": 0,
          "inProgress": 2,
          "total": 2,
          "items": []
        }
      }
    },
    {
      "RequestUri": "https://endpoint/language/analyze-text/jobs/87fc6b83-1bca-4828-b511-73a2812ebd44?api-version=2022-05-01",
      "RequestMethod": "GET",
      "RequestHeaders": {
        "Accept": "application/json",
        "Accept-Encoding": "gzip, deflate, br",
        "Accept-Language": "en-US",
        "Authorization": "Sanitized",
        "Connection": "keep-alive",
        "Referer": "http://localhost:9876/",
        "sec-ch-ua": "",
        "sec-ch-ua-mobile": "?0",
        "sec-ch-ua-platform": "",
        "Sec-Fetch-Dest": "empty",
        "Sec-Fetch-Mode": "cors",
        "Sec-Fetch-Site": "same-site",
        "User-Agent": "Mozilla/5.0 (X11; Linux x86_64) AppleWebKit/537.36 (KHTML, like Gecko) HeadlessChrome/103.0.5058.0 Safari/537.36",
        "x-ms-client-request-id": "bba93124-f522-44a8-bf1d-6f668ddaa0d7",
        "x-ms-useragent": "azsdk-js-ai-language-text/1.0.0 core-rest-pipeline/1.9.2 OS/Linuxx86_64"
      },
      "RequestBody": null,
      "StatusCode": 200,
      "ResponseHeaders": {
        "apim-request-id": "e64aba98-2cde-44d3-bacc-e8217d99b818",
        "Content-Length": "280",
        "Content-Type": "application/json; charset=utf-8",
        "Date": "Wed, 07 Sep 2022 04:24:21 GMT",
        "Strict-Transport-Security": "max-age=31536000; includeSubDomains; preload",
        "X-Content-Type-Options": "nosniff",
        "x-envoy-upstream-service-time": "8"
      },
      "ResponseBody": {
        "jobId": "87fc6b83-1bca-4828-b511-73a2812ebd44",
        "lastUpdatedDateTime": "2022-09-07T04:24:20Z",
        "createdDateTime": "2022-09-07T04:24:19Z",
        "expirationDateTime": "2022-09-08T04:24:19Z",
        "status": "running",
        "errors": [],
        "tasks": {
          "completed": 0,
          "failed": 0,
          "inProgress": 2,
          "total": 2,
          "items": []
        }
      }
    },
    {
      "RequestUri": "https://endpoint/language/analyze-text/jobs/87fc6b83-1bca-4828-b511-73a2812ebd44?api-version=2022-05-01",
      "RequestMethod": "GET",
      "RequestHeaders": {
        "Accept": "application/json",
        "Accept-Encoding": "gzip, deflate, br",
        "Accept-Language": "en-US",
        "Authorization": "Sanitized",
        "Connection": "keep-alive",
        "Referer": "http://localhost:9876/",
        "sec-ch-ua": "",
        "sec-ch-ua-mobile": "?0",
        "sec-ch-ua-platform": "",
        "Sec-Fetch-Dest": "empty",
        "Sec-Fetch-Mode": "cors",
        "Sec-Fetch-Site": "same-site",
        "User-Agent": "Mozilla/5.0 (X11; Linux x86_64) AppleWebKit/537.36 (KHTML, like Gecko) HeadlessChrome/103.0.5058.0 Safari/537.36",
        "x-ms-client-request-id": "fc75c8ec-1fc2-49e2-9ec6-5d16f04e34ba",
        "x-ms-useragent": "azsdk-js-ai-language-text/1.0.0 core-rest-pipeline/1.9.2 OS/Linuxx86_64"
      },
      "RequestBody": null,
      "StatusCode": 200,
      "ResponseHeaders": {
        "apim-request-id": "1ad4f3c5-5088-4926-a9cc-b9be7fc9d3b6",
        "Content-Length": "843",
        "Content-Type": "application/json; charset=utf-8",
        "Date": "Wed, 07 Sep 2022 04:24:23 GMT",
        "Strict-Transport-Security": "max-age=31536000; includeSubDomains; preload",
        "X-Content-Type-Options": "nosniff",
        "x-envoy-upstream-service-time": "45"
      },
      "ResponseBody": {
        "jobId": "87fc6b83-1bca-4828-b511-73a2812ebd44",
        "lastUpdatedDateTime": "2022-09-07T04:24:22Z",
        "createdDateTime": "2022-09-07T04:24:19Z",
        "expirationDateTime": "2022-09-08T04:24:19Z",
        "status": "succeeded",
        "errors": [],
        "tasks": {
          "completed": 2,
          "failed": 0,
          "inProgress": 0,
          "total": 2,
          "items": [
            {
              "kind": "PiiEntityRecognitionLROResults",
              "taskName": "action1",
              "lastUpdateDateTime": "2022-09-07T04:24:22.0859767Z",
              "status": "succeeded",
              "results": {
                "documents": [
                  {
                    "redactedText": "I will go to the park.",
                    "id": "0",
                    "entities": [],
                    "warnings": []
                  }
                ],
                "errors": [],
                "modelVersion": "2021-01-15"
              }
            },
            {
              "kind": "PiiEntityRecognitionLROResults",
              "taskName": "action2",
              "lastUpdateDateTime": "2022-09-07T04:24:22.0531351Z",
              "status": "succeeded",
              "results": {
                "documents": [
                  {
                    "redactedText": "I will go to the park.",
                    "id": "0",
                    "entities": [],
                    "warnings": []
                  }
                ],
                "errors": [],
                "modelVersion": "2021-01-15"
              }
            }
          ]
        }
      }
    },
    {
      "RequestUri": "https://endpoint/language/analyze-text/jobs/87fc6b83-1bca-4828-b511-73a2812ebd44?api-version=2022-05-01",
      "RequestMethod": "GET",
      "RequestHeaders": {
        "Accept": "application/json",
        "Accept-Encoding": "gzip, deflate, br",
        "Accept-Language": "en-US",
        "Authorization": "Sanitized",
        "Connection": "keep-alive",
        "Referer": "http://localhost:9876/",
        "sec-ch-ua": "",
        "sec-ch-ua-mobile": "?0",
        "sec-ch-ua-platform": "",
        "Sec-Fetch-Dest": "empty",
        "Sec-Fetch-Mode": "cors",
        "Sec-Fetch-Site": "same-site",
        "User-Agent": "Mozilla/5.0 (X11; Linux x86_64) AppleWebKit/537.36 (KHTML, like Gecko) HeadlessChrome/103.0.5058.0 Safari/537.36",
        "x-ms-client-request-id": "97027aa9-1afe-44b2-9a9b-586f5a54eb31",
        "x-ms-useragent": "azsdk-js-ai-language-text/1.0.0 core-rest-pipeline/1.9.2 OS/Linuxx86_64"
      },
      "RequestBody": null,
      "StatusCode": 200,
      "ResponseHeaders": {
        "apim-request-id": "806289c2-4860-40c3-8b0b-fbfb1cc6d28a",
        "Content-Length": "843",
        "Content-Type": "application/json; charset=utf-8",
        "Date": "Wed, 07 Sep 2022 04:24:23 GMT",
        "Strict-Transport-Security": "max-age=31536000; includeSubDomains; preload",
        "X-Content-Type-Options": "nosniff",
        "x-envoy-upstream-service-time": "43"
      },
      "ResponseBody": {
        "jobId": "87fc6b83-1bca-4828-b511-73a2812ebd44",
        "lastUpdatedDateTime": "2022-09-07T04:24:22Z",
        "createdDateTime": "2022-09-07T04:24:19Z",
        "expirationDateTime": "2022-09-08T04:24:19Z",
        "status": "succeeded",
        "errors": [],
        "tasks": {
          "completed": 2,
          "failed": 0,
          "inProgress": 0,
          "total": 2,
          "items": [
            {
              "kind": "PiiEntityRecognitionLROResults",
              "taskName": "action1",
              "lastUpdateDateTime": "2022-09-07T04:24:22.0859767Z",
              "status": "succeeded",
              "results": {
                "documents": [
                  {
                    "redactedText": "I will go to the park.",
                    "id": "0",
                    "entities": [],
                    "warnings": []
                  }
                ],
                "errors": [],
                "modelVersion": "2021-01-15"
              }
            },
            {
              "kind": "PiiEntityRecognitionLROResults",
              "taskName": "action2",
              "lastUpdateDateTime": "2022-09-07T04:24:22.0531351Z",
              "status": "succeeded",
              "results": {
                "documents": [
                  {
                    "redactedText": "I will go to the park.",
                    "id": "0",
                    "entities": [],
                    "warnings": []
                  }
                ],
                "errors": [],
                "modelVersion": "2021-01-15"
              }
            }
          ]
        }
      }
    }
  ],
  "Variables": {}
}
