{
  "Entries": [
    {
      "RequestUri": "https://keyvault_name.vault.azure.net/secrets?api-version=7.4-preview.1",
      "RequestMethod": "GET",
      "RequestHeaders": {
        "Accept": "application/json",
        "Accept-Encoding": "gzip,deflate",
        "Connection": "keep-alive",
        "User-Agent": "azsdk-js-keyvault-secrets/4.7.0-beta.1 core-rest-pipeline/1.10.1 Node/v16.15.1 OS/(x64-Linux-5.10.102.1-microsoft-standard-WSL2)",
        "x-ms-client-request-id": "2f00d406-e527-4cae-be74-6f734d0c9b29"
      },
      "RequestBody": null,
      "StatusCode": 401,
      "ResponseHeaders": {
        "Cache-Control": "no-cache",
        "Content-Length": "97",
        "Content-Type": "application/json; charset=utf-8",
        "Date": "Fri, 11 Nov 2022 00:01:33 GMT",
        "Expires": "-1",
        "Pragma": "no-cache",
        "Strict-Transport-Security": "max-age=31536000;includeSubDomains",
        "WWW-Authenticate": "Bearer authorization=\u0022https://login.windows.net/12345678-1234-1234-1234-123456789012\u0022, resource=\u0022https://vault.azure.net\u0022",
        "X-Content-Type-Options": "nosniff",
        "x-ms-client-request-id": "2f00d406-e527-4cae-be74-6f734d0c9b29",
        "x-ms-keyvault-network-info": "conn_type=Ipv4;addr=167.220.80.222;act_addr_fam=InterNetwork;",
        "x-ms-keyvault-region": "australiacentral",
        "x-ms-keyvault-service-version": "1.9.576.1",
        "x-ms-request-id": "300522b7-e52c-485c-a918-1f1cca95a65b"
      },
      "ResponseBody": {
        "error": {
          "code": "Unauthorized",
          "message": "AKV10000: Request is missing a Bearer or PoP token."
        }
      }
    },
    {
      "RequestUri": "https://keyvault_name.vault.azure.net/secrets?api-version=7.4-preview.1",
      "RequestMethod": "GET",
      "RequestHeaders": {
        "Accept": "application/json",
        "Accept-Encoding": "gzip,deflate",
        "Authorization": "Sanitized",
        "Connection": "keep-alive",
        "User-Agent": "azsdk-js-keyvault-secrets/4.7.0-beta.1 core-rest-pipeline/1.10.1 Node/v16.15.1 OS/(x64-Linux-5.10.102.1-microsoft-standard-WSL2)",
        "x-ms-client-request-id": "2f00d406-e527-4cae-be74-6f734d0c9b29"
      },
      "RequestBody": null,
      "StatusCode": 200,
      "ResponseHeaders": {
        "Cache-Control": "no-cache",
        "Content-Length": "7277",
        "Content-Type": "application/json; charset=utf-8",
        "Date": "Fri, 11 Nov 2022 00:01:33 GMT",
        "Expires": "-1",
        "Pragma": "no-cache",
        "Strict-Transport-Security": "max-age=31536000;includeSubDomains",
        "X-Content-Type-Options": "nosniff",
        "x-ms-client-request-id": "2f00d406-e527-4cae-be74-6f734d0c9b29",
        "x-ms-keyvault-network-info": "conn_type=Ipv4;addr=167.220.80.222;act_addr_fam=InterNetwork;",
        "x-ms-keyvault-rbac-assignment-id": "e0879cc6-53b1-5604-999d-586eba05a46e",
        "x-ms-keyvault-rbac-cache": "ra_age=27;da_age=2715;rd_age=2715;brd_age=22292;ra_notif_age=86;dec_lev=1;",
        "x-ms-keyvault-region": "australiacentral",
        "x-ms-keyvault-service-version": "1.9.576.1",
        "x-ms-request-id": "7c1ad433-7a08-4215-82b2-023f8fbc2d0c"
      },
      "ResponseBody": {
        "value": [
          {
            "contentType": "application/x-pkcs12",
            "id": "https://keyvault_name.vault.azure.net/secrets/backupRestoreCertificateName-canrecoveradeletedcertificate-7165697749188389",
            "managed": true,
            "attributes": {
              "enabled": true,
              "nbf": 1668123342,
              "exp": 1699659942,
              "created": 1668123942,
              "updated": 1668123942,
              "recoveryLevel": "CustomizedRecoverable\u002BPurgeable",
              "recoverableDays": 7
            }
          },
          {
            "contentType": "application/x-pkcs12",
            "id": "https://keyvault_name.vault.azure.net/secrets/backupRestoreCertificateName-canrestoreacertificate-9954439086312186",
            "managed": true,
            "attributes": {
              "enabled": true,
              "nbf": 1668123366,
              "exp": 1699659966,
              "created": 1668123967,
              "updated": 1668123967,
              "recoveryLevel": "CustomizedRecoverable\u002BPurgeable",
              "recoverableDays": 7
            }
          },
          {
            "id": "https://keyvault_name.vault.azure.net/secrets/CRUDSecretName-canaddasecret-12793711963067333",
            "attributes": {
              "enabled": true,
              "created": 1668124867,
              "updated": 1668124867,
              "recoveryLevel": "CustomizedRecoverable\u002BPurgeable",
              "recoverableDays": 7
            }
          },
          {
            "id": "https://keyvault_name.vault.azure.net/secrets/CRUDSecretName-cangetasecret-11288949637993229",
            "attributes": {
              "enabled": true,
              "created": 1668124872,
              "updated": 1668124872,
              "recoveryLevel": "CustomizedRecoverable\u002BPurgeable",
              "recoverableDays": 7
            }
          },
          {
            "id": "https://keyvault_name.vault.azure.net/secrets/CRUDSecretName-canretrievethelatestversionofasecretvalue-3315640958718895",
            "attributes": {
              "enabled": true,
              "created": 1668124875,
              "updated": 1668124875,
              "recoveryLevel": "CustomizedRecoverable\u002BPurgeable",
              "recoverableDays": 7
            }
          },
          {
            "id": "https://keyvault_name.vault.azure.net/secrets/CRUDSecretName-cansetasecretwithattributes-04648323871101234",
            "attributes": {
              "enabled": true,
              "exp": 32503680000,
              "created": 1668124869,
              "updated": 1668124869,
              "recoveryLevel": "CustomizedRecoverable\u002BPurgeable",
              "recoverableDays": 7
            }
          },
          {
            "id": "https://keyvault_name.vault.azure.net/secrets/CRUDSecretName-cansetasecretwithEmptyValue-2705699786724942",
            "attributes": {
              "enabled": true,
              "created": 1668124868,
              "updated": 1668124868,
              "recoveryLevel": "CustomizedRecoverable\u002BPurgeable",
              "recoverableDays": 7
            }
          },
          {
            "id": "https://keyvault_name.vault.azure.net/secrets/CRUDSecretName-cantgetadisabledsecret-2502400214453466",
            "attributes": {
              "enabled": false,
              "created": 1668124873,
              "updated": 1668124873,
              "recoveryLevel": "CustomizedRecoverable\u002BPurgeable",
              "recoverableDays": 7
            }
          },
          {
            "id": "https://keyvault_name.vault.azure.net/secrets/CRUDSecretName-canupdateadisabledsecret-7174788008515369",
            "attributes": {
              "enabled": false,
              "exp": 32503680000,
              "created": 1668124872,
              "updated": 1668124872,
              "recoveryLevel": "CustomizedRecoverable\u002BPurgeable",
              "recoverableDays": 7
            }
          },
          {
            "id": "https://keyvault_name.vault.azure.net/secrets/CRUDSecretName-canupdateasecret-8124110108916367",
            "attributes": {
              "enabled": true,
              "exp": 32503680000,
              "created": 1668124870,
              "updated": 1668124871,
              "recoveryLevel": "CustomizedRecoverable\u002BPurgeable",
              "recoverableDays": 7
            }
          },
          {
            "contentType": "application/x-pkcs12",
            "id": "https://keyvault_name.vault.azure.net/secrets/listCertificateName-canlistcertificates-59411368777662950",
            "managed": true,
            "attributes": {
              "enabled": true,
              "nbf": 1668123033,
              "exp": 1699659633,
              "created": 1668123633,
              "updated": 1668123633,
              "recoveryLevel": "CustomizedRecoverable\u002BPurgeable",
              "recoverableDays": 7
            }
          },
          {
            "contentType": "application/x-pkcs12",
            "id": "https://keyvault_name.vault.azure.net/secrets/listCertificateName-canlistcertificates-59411368777662951",
            "managed": true,
            "attributes": {
              "enabled": true,
              "nbf": 1668123035,
              "exp": 1699659635,
              "created": 1668123635,
              "updated": 1668123635,
              "recoveryLevel": "CustomizedRecoverable\u002BPurgeable",
              "recoverableDays": 7
            }
          },
          {
            "contentType": "application/x-pkcs12",
            "id": "https://keyvault_name.vault.azure.net/secrets/listCertificateName-canlistcertificatesbypage-0606463737087361570",
            "managed": true,
            "attributes": {
              "enabled": true,
              "nbf": 1668123093,
              "exp": 1699659693,
              "created": 1668123694,
              "updated": 1668123694,
              "recoveryLevel": "CustomizedRecoverable\u002BPurgeable",
              "recoverableDays": 7
            }
          },
          {
            "contentType": "application/x-pkcs12",
            "id": "https://keyvault_name.vault.azure.net/secrets/listCertificateName-canlistcertificatesbypage-0606463737087361571",
            "managed": true,
            "attributes": {
              "enabled": true,
              "nbf": 1668123104,
              "exp": 1699659704,
              "created": 1668123705,
              "updated": 1668123705,
              "recoveryLevel": "CustomizedRecoverable\u002BPurgeable",
              "recoverableDays": 7
            }
          },
          {
            "contentType": "application/x-pkcs12",
            "id": "https://keyvault_name.vault.azure.net/secrets/listCertificateName-canretrieveallversionsofacertificate-8426486803415174",
            "managed": true,
            "attributes": {
              "enabled": true,
              "nbf": 1668123187,
              "exp": 1699659787,
              "created": 1668123787,
              "updated": 1668123787,
              "recoveryLevel": "CustomizedRecoverable\u002BPurgeable",
              "recoverableDays": 7
            },
            "tags": {
              "tag": "tag03"
            }
          },
          {
            "contentType": "application/x-pkcs12",
            "id": "https://keyvault_name.vault.azure.net/secrets/lroCreateCertificateName-canresumefromastoppedpoller-8586700567440304",
            "managed": true,
            "attributes": {
              "enabled": true,
              "nbf": 1668123212,
              "exp": 1699659812,
              "created": 1668123812,
              "updated": 1668123812,
              "recoveryLevel": "CustomizedRecoverable\u002BPurgeable",
              "recoverableDays": 7
            }
          },
          {
            "contentType": "application/x-pkcs12",
            "id": "https://keyvault_name.vault.azure.net/secrets/lroCreateCertificateName-canwaituntilacertificateiscreated-20491428779287468",
            "managed": true,
            "attributes": {
              "enabled": true,
              "nbf": 1668123200,
              "exp": 1699659800,
              "created": 1668123800,
              "updated": 1668123800,
              "recoveryLevel": "CustomizedRecoverable\u002BPurgeable",
              "recoverableDays": 7
            }
          },
          {
            "contentType": "application/x-pkcs12",
            "id": "https://keyvault_name.vault.azure.net/secrets/lroOperationCertificateName-canresumefromastoppedpoller-6457180044696045",
            "managed": true,
            "attributes": {
              "enabled": true,
              "nbf": 1668123247,
              "exp": 1699659847,
              "created": 1668123847,
              "updated": 1668123847,
              "recoveryLevel": "CustomizedRecoverable\u002BPurgeable",
              "recoverableDays": 7
            }
          },
          {
            "contentType": "application/x-pkcs12",
            "id": "https://keyvault_name.vault.azure.net/secrets/lroOperationCertificateName-canwaituntilacertificateiscreatedbygettingthepollerfromgetCertificateOperation-00394355333797658",
            "managed": true,
            "attributes": {
              "enabled": true,
              "nbf": 1668123241,
              "exp": 1699659841,
              "created": 1668123841,
              "updated": 1668123841,
              "recoveryLevel": "CustomizedRecoverable\u002BPurgeable",
              "recoverableDays": 7
            }
          },
          {
            "contentType": "application/x-pkcs12",
            "id": "https://keyvault_name.vault.azure.net/secrets/lroOperationCertificateName-canwaituntilacertificateiscreatedbygettingthepollerfromgetCertificateOperation-2560725899507281",
            "managed": true,
            "attributes": {
              "enabled": true,
              "nbf": 1668123245,
              "exp": 1699659845,
              "created": 1668123845,
              "updated": 1668123845,
              "recoveryLevel": "CustomizedRecoverable\u002BPurgeable",
              "recoverableDays": 7
            }
          },
          {
            "contentType": "application/x-pkcs12",
            "id": "https://keyvault_name.vault.azure.net/secrets/lroOperationCertificateName-canwaituntilacertificateiscreatedbygettingthepollerfromgetCertificateOperation-82448032707649",
            "managed": true,
            "attributes": {
              "enabled": true,
              "nbf": 1668123243,
              "exp": 1699659843,
              "created": 1668123843,
              "updated": 1668123843,
              "recoveryLevel": "CustomizedRecoverable\u002BPurgeable",
              "recoverableDays": 7
            }
          }
        ],
        "nextLink": "https://keyvault_name.vault.azure.net:443/secrets?api-version=7.4-preview.1\u0026$skiptoken=eyJOZXh0TWFya2VyIjoiMiEyMDAhTURBd01UQTFJWE5sWTNKbGRDOU1VazlTUlVOUFZrVlNRMFZTVkVsR1NVTkJWRVZPUVUxRkxVTkJUbEpGUTA5V1JWSkJSRVZNUlZSRlJFTkZVbFJKUmtsRFFWUkZWMGxVU0ZKRlVWVkZVMVJQVUZSSlQwNVRWRWxOUlU5VlZDMHlORFV4TVRFMk5EUXpORFl4TWprME1pRXdNREF3TWpnaE9UazVPUzB4TWkwek1WUXlNem8xT1RvMU9TNDVPVGs1T1RrNVdpRS0iLCJUYXJnZXRMb2NhdGlvbiI6MH0"
      }
    },
    {
      "RequestUri": "https://keyvault_name.vault.azure.net/secrets/backupRestoreCertificateName-canrecoveradeletedcertificate-7165697749188389?api-version=7.4-preview.1",
      "RequestMethod": "DELETE",
      "RequestHeaders": {
        "Accept": "application/json",
        "Accept-Encoding": "gzip,deflate",
        "Authorization": "Sanitized",
        "Connection": "keep-alive",
        "User-Agent": "azsdk-js-keyvault-secrets/4.7.0-beta.1 core-rest-pipeline/1.10.1 Node/v16.15.1 OS/(x64-Linux-5.10.102.1-microsoft-standard-WSL2)",
        "x-ms-client-request-id": "9b097a97-4a76-4074-976a-8b274819499b"
      },
      "RequestBody": null,
      "StatusCode": 403,
      "ResponseHeaders": {
        "Cache-Control": "no-cache",
        "Content-Length": "381",
        "Content-Type": "application/json; charset=utf-8",
        "Date": "Fri, 11 Nov 2022 00:01:33 GMT",
        "Expires": "-1",
        "Pragma": "no-cache",
        "Strict-Transport-Security": "max-age=31536000;includeSubDomains",
        "X-Content-Type-Options": "nosniff",
        "x-ms-client-request-id": "9b097a97-4a76-4074-976a-8b274819499b",
        "x-ms-keyvault-network-info": "conn_type=Ipv4;addr=167.220.80.222;act_addr_fam=InterNetwork;",
        "x-ms-keyvault-rbac-assignment-id": "e0879cc6-53b1-5604-999d-586eba05a46e",
        "x-ms-keyvault-rbac-cache": "ra_age=27;da_age=2716;rd_age=2716;brd_age=22293;ra_notif_age=86;dec_lev=1;",
        "x-ms-keyvault-region": "australiacentral",
        "x-ms-keyvault-service-version": "1.9.576.1",
        "x-ms-request-id": "5e5f455f-eca9-4786-8e58-e58654bbe087"
      },
      "ResponseBody": {
        "error": {
          "code": "Forbidden",
          "message": "Operation \u0022delete\u0022 is not allowed on this secret, since it is associated with a certificate. Perform the operation on the corresponding certificate. For more information refer to https://docs.microsoft.com/en-us/azure/key-vault/certificates/about-certificates#composition-of-a-certificate",
          "innererror": {
            "code": "SecretManagedByKeyVault"
          }
        }
      }
    },
    {
      "RequestUri": "https://keyvault_name.vault.azure.net/secrets/backupRestoreCertificateName-canrestoreacertificate-9954439086312186?api-version=7.4-preview.1",
      "RequestMethod": "DELETE",
      "RequestHeaders": {
        "Accept": "application/json",
        "Accept-Encoding": "gzip,deflate",
        "Authorization": "Sanitized",
        "Connection": "keep-alive",
        "User-Agent": "azsdk-js-keyvault-secrets/4.7.0-beta.1 core-rest-pipeline/1.10.1 Node/v16.15.1 OS/(x64-Linux-5.10.102.1-microsoft-standard-WSL2)",
        "x-ms-client-request-id": "acf061a0-4186-4b12-a5bc-234442df9baa"
      },
      "RequestBody": null,
      "StatusCode": 403,
      "ResponseHeaders": {
        "Cache-Control": "no-cache",
        "Content-Length": "381",
        "Content-Type": "application/json; charset=utf-8",
        "Date": "Fri, 11 Nov 2022 00:01:34 GMT",
        "Expires": "-1",
        "Pragma": "no-cache",
        "Strict-Transport-Security": "max-age=31536000;includeSubDomains",
        "X-Content-Type-Options": "nosniff",
        "x-ms-client-request-id": "acf061a0-4186-4b12-a5bc-234442df9baa",
        "x-ms-keyvault-network-info": "conn_type=Ipv4;addr=167.220.80.222;act_addr_fam=InterNetwork;",
        "x-ms-keyvault-rbac-assignment-id": "e0879cc6-53b1-5604-999d-586eba05a46e",
        "x-ms-keyvault-rbac-cache": "ra_age=28;da_age=2716;rd_age=2716;brd_age=22293;ra_notif_age=86;dec_lev=1;",
        "x-ms-keyvault-region": "australiacentral",
        "x-ms-keyvault-service-version": "1.9.576.1",
        "x-ms-request-id": "db81158c-c54e-4f4d-991d-6c5dcb049931"
      },
      "ResponseBody": {
        "error": {
          "code": "Forbidden",
          "message": "Operation \u0022delete\u0022 is not allowed on this secret, since it is associated with a certificate. Perform the operation on the corresponding certificate. For more information refer to https://docs.microsoft.com/en-us/azure/key-vault/certificates/about-certificates#composition-of-a-certificate",
          "innererror": {
            "code": "SecretManagedByKeyVault"
          }
        }
      }
    },
    {
      "RequestUri": "https://keyvault_name.vault.azure.net/secrets/CRUDSecretName-canaddasecret-12793711963067333?api-version=7.4-preview.1",
      "RequestMethod": "DELETE",
      "RequestHeaders": {
        "Accept": "application/json",
        "Accept-Encoding": "gzip,deflate",
        "Authorization": "Sanitized",
        "Connection": "keep-alive",
        "User-Agent": "azsdk-js-keyvault-secrets/4.7.0-beta.1 core-rest-pipeline/1.10.1 Node/v16.15.1 OS/(x64-Linux-5.10.102.1-microsoft-standard-WSL2)",
        "x-ms-client-request-id": "63b27058-a43a-4e81-bf92-3f85705da1f2"
      },
      "RequestBody": null,
      "StatusCode": 200,
      "ResponseHeaders": {
        "Cache-Control": "no-cache",
        "Content-Length": "448",
        "Content-Type": "application/json; charset=utf-8",
        "Date": "Fri, 11 Nov 2022 00:01:34 GMT",
        "Expires": "-1",
        "Pragma": "no-cache",
        "Strict-Transport-Security": "max-age=31536000;includeSubDomains",
        "X-Content-Type-Options": "nosniff",
        "x-ms-client-request-id": "63b27058-a43a-4e81-bf92-3f85705da1f2",
        "x-ms-keyvault-network-info": "conn_type=Ipv4;addr=167.220.80.222;act_addr_fam=InterNetwork;",
        "x-ms-keyvault-rbac-assignment-id": "e0879cc6-53b1-5604-999d-586eba05a46e",
        "x-ms-keyvault-rbac-cache": "ra_age=28;da_age=2716;rd_age=2716;brd_age=22293;ra_notif_age=86;dec_lev=1;",
        "x-ms-keyvault-region": "australiacentral",
        "x-ms-keyvault-service-version": "1.9.576.1",
        "x-ms-request-id": "8554050c-42ee-4a3f-bc15-19b2478ab364"
      },
      "ResponseBody": {
        "recoveryId": "https://keyvault_name.vault.azure.net/deletedsecrets/CRUDSecretName-canaddasecret-12793711963067333",
        "deletedDate": 1668124894,
        "scheduledPurgeDate": 1668729694,
        "id": "https://keyvault_name.vault.azure.net/secrets/CRUDSecretName-canaddasecret-12793711963067333/b882c8bbe02a4936ac666266c57156ad",
        "attributes": {
          "enabled": true,
          "created": 1668124867,
          "updated": 1668124867,
          "recoveryLevel": "CustomizedRecoverable\u002BPurgeable",
          "recoverableDays": 7
        }
      }
    },
    {
      "RequestUri": "https://keyvault_name.vault.azure.net/deletedsecrets/CRUDSecretName-canaddasecret-12793711963067333?api-version=7.4-preview.1",
      "RequestMethod": "GET",
      "RequestHeaders": {
        "Accept": "application/json",
        "Accept-Encoding": "gzip,deflate",
        "Authorization": "Sanitized",
        "Connection": "keep-alive",
        "User-Agent": "azsdk-js-keyvault-secrets/4.7.0-beta.1 core-rest-pipeline/1.10.1 Node/v16.15.1 OS/(x64-Linux-5.10.102.1-microsoft-standard-WSL2)",
        "x-ms-client-request-id": "218b6095-135f-4371-afc3-6113b926f1ba"
      },
      "RequestBody": null,
      "StatusCode": 404,
      "ResponseHeaders": {
        "Cache-Control": "no-cache",
        "Content-Length": "120",
        "Content-Type": "application/json; charset=utf-8",
        "Date": "Fri, 11 Nov 2022 00:01:34 GMT",
        "Expires": "-1",
        "Pragma": "no-cache",
        "Strict-Transport-Security": "max-age=31536000;includeSubDomains",
        "X-Content-Type-Options": "nosniff",
        "x-ms-client-request-id": "218b6095-135f-4371-afc3-6113b926f1ba",
        "x-ms-keyvault-network-info": "conn_type=Ipv4;addr=167.220.80.222;act_addr_fam=InterNetwork;",
        "x-ms-keyvault-rbac-assignment-id": "e0879cc6-53b1-5604-999d-586eba05a46e",
        "x-ms-keyvault-rbac-cache": "ra_age=28;da_age=2717;rd_age=2717;brd_age=22293;ra_notif_age=87;dec_lev=1;",
        "x-ms-keyvault-region": "australiacentral",
        "x-ms-keyvault-service-version": "1.9.576.1",
        "x-ms-request-id": "2cfde66d-703f-4f35-acb7-6cd91e00af56"
      },
      "ResponseBody": {
        "error": {
          "code": "SecretNotFound",
          "message": "Deleted Secret not found: CRUDSecretName-canaddasecret-12793711963067333"
        }
      }
    },
    {
      "RequestUri": "https://keyvault_name.vault.azure.net/deletedsecrets/CRUDSecretName-canaddasecret-12793711963067333?api-version=7.4-preview.1",
      "RequestMethod": "GET",
      "RequestHeaders": {
        "Accept": "application/json",
        "Accept-Encoding": "gzip,deflate",
        "Authorization": "Sanitized",
        "Connection": "keep-alive",
        "User-Agent": "azsdk-js-keyvault-secrets/4.7.0-beta.1 core-rest-pipeline/1.10.1 Node/v16.15.1 OS/(x64-Linux-5.10.102.1-microsoft-standard-WSL2)",
        "x-ms-client-request-id": "cb331f93-f835-4241-ac51-473a67a8606b"
      },
      "RequestBody": null,
      "StatusCode": 404,
      "ResponseHeaders": {
        "Cache-Control": "no-cache",
        "Content-Length": "120",
        "Content-Type": "application/json; charset=utf-8",
        "Date": "Fri, 11 Nov 2022 00:01:34 GMT",
        "Expires": "-1",
        "Pragma": "no-cache",
        "Strict-Transport-Security": "max-age=31536000;includeSubDomains",
        "X-Content-Type-Options": "nosniff",
        "x-ms-client-request-id": "cb331f93-f835-4241-ac51-473a67a8606b",
        "x-ms-keyvault-network-info": "conn_type=Ipv4;addr=167.220.80.222;act_addr_fam=InterNetwork;",
        "x-ms-keyvault-rbac-assignment-id": "e0879cc6-53b1-5604-999d-586eba05a46e",
        "x-ms-keyvault-rbac-cache": "ra_age=28;da_age=2717;rd_age=2717;brd_age=22294;ra_notif_age=87;dec_lev=0;",
        "x-ms-keyvault-region": "australiacentral",
        "x-ms-keyvault-service-version": "1.9.576.1",
        "x-ms-request-id": "db6af43c-3d43-40b7-a157-9b6b6856bf40"
      },
      "ResponseBody": {
        "error": {
          "code": "SecretNotFound",
          "message": "Deleted Secret not found: CRUDSecretName-canaddasecret-12793711963067333"
        }
      }
    },
    {
      "RequestUri": "https://keyvault_name.vault.azure.net/deletedsecrets/CRUDSecretName-canaddasecret-12793711963067333?api-version=7.4-preview.1",
      "RequestMethod": "GET",
      "RequestHeaders": {
        "Accept": "application/json",
        "Accept-Encoding": "gzip,deflate",
        "Authorization": "Sanitized",
        "Connection": "keep-alive",
        "User-Agent": "azsdk-js-keyvault-secrets/4.7.0-beta.1 core-rest-pipeline/1.10.1 Node/v16.15.1 OS/(x64-Linux-5.10.102.1-microsoft-standard-WSL2)",
        "x-ms-client-request-id": "d8f728d2-6afd-4a2c-99b0-efa8152151ae"
      },
      "RequestBody": null,
      "StatusCode": 200,
      "ResponseHeaders": {
        "Cache-Control": "no-cache",
        "Content-Length": "448",
        "Content-Type": "application/json; charset=utf-8",
        "Date": "Fri, 11 Nov 2022 00:01:39 GMT",
        "Expires": "-1",
        "Pragma": "no-cache",
        "Strict-Transport-Security": "max-age=31536000;includeSubDomains",
        "X-Content-Type-Options": "nosniff",
        "x-ms-client-request-id": "d8f728d2-6afd-4a2c-99b0-efa8152151ae",
        "x-ms-keyvault-network-info": "conn_type=Ipv4;addr=167.220.80.222;act_addr_fam=InterNetwork;",
        "x-ms-keyvault-rbac-assignment-id": "e0879cc6-53b1-5604-999d-586eba05a46e",
        "x-ms-keyvault-rbac-cache": "ra_age=33;da_age=2722;rd_age=2722;brd_age=22299;ra_notif_age=92;dec_lev=0;",
        "x-ms-keyvault-region": "australiacentral",
        "x-ms-keyvault-service-version": "1.9.576.1",
        "x-ms-request-id": "ee9f1fc2-744b-42ac-bedd-88260a91c7a8"
      },
      "ResponseBody": {
        "recoveryId": "https://keyvault_name.vault.azure.net/deletedsecrets/CRUDSecretName-canaddasecret-12793711963067333",
        "deletedDate": 1668124894,
        "scheduledPurgeDate": 1668729694,
        "id": "https://keyvault_name.vault.azure.net/secrets/CRUDSecretName-canaddasecret-12793711963067333/b882c8bbe02a4936ac666266c57156ad",
        "attributes": {
          "enabled": true,
          "created": 1668124867,
          "updated": 1668124867,
          "recoveryLevel": "CustomizedRecoverable\u002BPurgeable",
          "recoverableDays": 7
        }
      }
    },
    {
      "RequestUri": "https://keyvault_name.vault.azure.net/deletedsecrets/CRUDSecretName-canaddasecret-12793711963067333?api-version=7.4-preview.1",
      "RequestMethod": "DELETE",
      "RequestHeaders": {
        "Accept": "application/json",
        "Accept-Encoding": "gzip,deflate",
        "Authorization": "Sanitized",
        "Connection": "keep-alive",
        "User-Agent": "azsdk-js-keyvault-secrets/4.7.0-beta.1 core-rest-pipeline/1.10.1 Node/v16.15.1 OS/(x64-Linux-5.10.102.1-microsoft-standard-WSL2)",
        "x-ms-client-request-id": "c97281a9-a047-4cc5-a8d2-9036a46aa31d"
      },
      "RequestBody": null,
      "StatusCode": 204,
      "ResponseHeaders": {
        "Cache-Control": "no-cache",
        "Date": "Fri, 11 Nov 2022 00:01:39 GMT",
        "Expires": "-1",
        "Pragma": "no-cache",
        "Strict-Transport-Security": "max-age=31536000;includeSubDomains",
        "X-Content-Type-Options": "nosniff",
        "x-ms-client-request-id": "c97281a9-a047-4cc5-a8d2-9036a46aa31d",
        "x-ms-keyvault-network-info": "conn_type=Ipv4;addr=167.220.80.222;act_addr_fam=InterNetwork;",
        "x-ms-keyvault-rbac-assignment-id": "e0879cc6-53b1-5604-999d-586eba05a46e",
        "x-ms-keyvault-rbac-cache": "ra_age=34;da_age=2722;rd_age=2722;brd_age=22299;ra_notif_age=92;dec_lev=1;",
        "x-ms-keyvault-region": "australiacentral",
        "x-ms-keyvault-service-version": "1.9.576.1",
        "x-ms-request-id": "a0450f41-9f60-4e9c-b5d2-e847a1f0a4f1"
      },
      "ResponseBody": null
    },
    {
      "RequestUri": "https://keyvault_name.vault.azure.net/secrets/CRUDSecretName-cangetasecret-11288949637993229?api-version=7.4-preview.1",
      "RequestMethod": "DELETE",
      "RequestHeaders": {
        "Accept": "application/json",
        "Accept-Encoding": "gzip,deflate",
        "Authorization": "Sanitized",
        "Connection": "keep-alive",
        "User-Agent": "azsdk-js-keyvault-secrets/4.7.0-beta.1 core-rest-pipeline/1.10.1 Node/v16.15.1 OS/(x64-Linux-5.10.102.1-microsoft-standard-WSL2)",
        "x-ms-client-request-id": "c2ef4363-ed09-4ef4-87f2-e848f55dbee1"
      },
      "RequestBody": null,
      "StatusCode": 200,
      "ResponseHeaders": {
        "Cache-Control": "no-cache",
        "Content-Length": "448",
        "Content-Type": "application/json; charset=utf-8",
        "Date": "Fri, 11 Nov 2022 00:01:40 GMT",
        "Expires": "-1",
        "Pragma": "no-cache",
        "Strict-Transport-Security": "max-age=31536000;includeSubDomains",
        "X-Content-Type-Options": "nosniff",
        "x-ms-client-request-id": "c2ef4363-ed09-4ef4-87f2-e848f55dbee1",
        "x-ms-keyvault-network-info": "conn_type=Ipv4;addr=167.220.80.222;act_addr_fam=InterNetwork;",
        "x-ms-keyvault-rbac-assignment-id": "e0879cc6-53b1-5604-999d-586eba05a46e",
        "x-ms-keyvault-rbac-cache": "ra_age=34;da_age=2722;rd_age=2722;brd_age=22299;ra_notif_age=92;dec_lev=1;",
        "x-ms-keyvault-region": "australiacentral",
        "x-ms-keyvault-service-version": "1.9.576.1",
        "x-ms-request-id": "91d69126-79d5-4f85-9d38-8cc4e5970aa2"
      },
      "ResponseBody": {
        "recoveryId": "https://keyvault_name.vault.azure.net/deletedsecrets/CRUDSecretName-cangetasecret-11288949637993229",
        "deletedDate": 1668124900,
        "scheduledPurgeDate": 1668729700,
        "id": "https://keyvault_name.vault.azure.net/secrets/CRUDSecretName-cangetasecret-11288949637993229/41cce6796d81438f9dad0d96bf85d50d",
        "attributes": {
          "enabled": true,
          "created": 1668124872,
          "updated": 1668124872,
          "recoveryLevel": "CustomizedRecoverable\u002BPurgeable",
          "recoverableDays": 7
        }
      }
    },
    {
      "RequestUri": "https://keyvault_name.vault.azure.net/deletedsecrets/CRUDSecretName-cangetasecret-11288949637993229?api-version=7.4-preview.1",
      "RequestMethod": "GET",
      "RequestHeaders": {
        "Accept": "application/json",
        "Accept-Encoding": "gzip,deflate",
        "Authorization": "Sanitized",
        "Connection": "keep-alive",
        "User-Agent": "azsdk-js-keyvault-secrets/4.7.0-beta.1 core-rest-pipeline/1.10.1 Node/v16.15.1 OS/(x64-Linux-5.10.102.1-microsoft-standard-WSL2)",
        "x-ms-client-request-id": "940843ed-6f64-4598-bb68-0c8f721f8249"
      },
      "RequestBody": null,
      "StatusCode": 404,
      "ResponseHeaders": {
        "Cache-Control": "no-cache",
        "Content-Length": "120",
        "Content-Type": "application/json; charset=utf-8",
        "Date": "Fri, 11 Nov 2022 00:01:40 GMT",
        "Expires": "-1",
        "Pragma": "no-cache",
        "Strict-Transport-Security": "max-age=31536000;includeSubDomains",
        "X-Content-Type-Options": "nosniff",
        "x-ms-client-request-id": "940843ed-6f64-4598-bb68-0c8f721f8249",
        "x-ms-keyvault-network-info": "conn_type=Ipv4;addr=167.220.80.222;act_addr_fam=InterNetwork;",
        "x-ms-keyvault-rbac-assignment-id": "e0879cc6-53b1-5604-999d-586eba05a46e",
        "x-ms-keyvault-rbac-cache": "ra_age=34;da_age=2723;rd_age=2723;brd_age=22300;ra_notif_age=93;dec_lev=0;",
        "x-ms-keyvault-region": "australiacentral",
        "x-ms-keyvault-service-version": "1.9.576.1",
        "x-ms-request-id": "7ce95cd7-494c-4762-9570-09c834ba87e8"
      },
      "ResponseBody": {
        "error": {
          "code": "SecretNotFound",
          "message": "Deleted Secret not found: CRUDSecretName-cangetasecret-11288949637993229"
        }
      }
    },
    {
      "RequestUri": "https://keyvault_name.vault.azure.net/deletedsecrets/CRUDSecretName-cangetasecret-11288949637993229?api-version=7.4-preview.1",
      "RequestMethod": "GET",
      "RequestHeaders": {
        "Accept": "application/json",
        "Accept-Encoding": "gzip,deflate",
        "Authorization": "Sanitized",
        "Connection": "keep-alive",
        "User-Agent": "azsdk-js-keyvault-secrets/4.7.0-beta.1 core-rest-pipeline/1.10.1 Node/v16.15.1 OS/(x64-Linux-5.10.102.1-microsoft-standard-WSL2)",
        "x-ms-client-request-id": "3f96b52d-a19b-403f-bd4a-0d59a93d2d27"
      },
      "RequestBody": null,
      "StatusCode": 200,
      "ResponseHeaders": {
        "Cache-Control": "no-cache",
        "Content-Length": "448",
        "Content-Type": "application/json; charset=utf-8",
        "Date": "Fri, 11 Nov 2022 00:01:40 GMT",
        "Expires": "-1",
        "Pragma": "no-cache",
        "Strict-Transport-Security": "max-age=31536000;includeSubDomains",
        "X-Content-Type-Options": "nosniff",
        "x-ms-client-request-id": "3f96b52d-a19b-403f-bd4a-0d59a93d2d27",
        "x-ms-keyvault-network-info": "conn_type=Ipv4;addr=167.220.80.222;act_addr_fam=InterNetwork;",
        "x-ms-keyvault-rbac-assignment-id": "e0879cc6-53b1-5604-999d-586eba05a46e",
        "x-ms-keyvault-rbac-cache": "ra_age=34;da_age=2723;rd_age=2723;brd_age=22300;ra_notif_age=93;dec_lev=0;",
        "x-ms-keyvault-region": "australiacentral",
        "x-ms-keyvault-service-version": "1.9.576.1",
        "x-ms-request-id": "765c2764-86f7-411c-b05d-5dc56f558fed"
      },
      "ResponseBody": {
        "recoveryId": "https://keyvault_name.vault.azure.net/deletedsecrets/CRUDSecretName-cangetasecret-11288949637993229",
        "deletedDate": 1668124900,
        "scheduledPurgeDate": 1668729700,
        "id": "https://keyvault_name.vault.azure.net/secrets/CRUDSecretName-cangetasecret-11288949637993229/41cce6796d81438f9dad0d96bf85d50d",
        "attributes": {
          "enabled": true,
          "created": 1668124872,
          "updated": 1668124872,
          "recoveryLevel": "CustomizedRecoverable\u002BPurgeable",
          "recoverableDays": 7
        }
      }
    },
    {
      "RequestUri": "https://keyvault_name.vault.azure.net/deletedsecrets/CRUDSecretName-cangetasecret-11288949637993229?api-version=7.4-preview.1",
      "RequestMethod": "DELETE",
      "RequestHeaders": {
        "Accept": "application/json",
        "Accept-Encoding": "gzip,deflate",
        "Authorization": "Sanitized",
        "Connection": "keep-alive",
        "User-Agent": "azsdk-js-keyvault-secrets/4.7.0-beta.1 core-rest-pipeline/1.10.1 Node/v16.15.1 OS/(x64-Linux-5.10.102.1-microsoft-standard-WSL2)",
        "x-ms-client-request-id": "a314c394-99b3-4ea2-848f-237c6880b8db"
      },
      "RequestBody": null,
      "StatusCode": 204,
      "ResponseHeaders": {
        "Cache-Control": "no-cache",
        "Date": "Fri, 11 Nov 2022 00:01:40 GMT",
        "Expires": "-1",
        "Pragma": "no-cache",
        "Strict-Transport-Security": "max-age=31536000;includeSubDomains",
        "X-Content-Type-Options": "nosniff",
        "x-ms-client-request-id": "a314c394-99b3-4ea2-848f-237c6880b8db",
        "x-ms-keyvault-network-info": "conn_type=Ipv4;addr=167.220.80.222;act_addr_fam=InterNetwork;",
        "x-ms-keyvault-rbac-assignment-id": "e0879cc6-53b1-5604-999d-586eba05a46e",
        "x-ms-keyvault-rbac-cache": "ra_age=35;da_age=2723;rd_age=2723;brd_age=22300;ra_notif_age=93;dec_lev=1;",
        "x-ms-keyvault-region": "australiacentral",
        "x-ms-keyvault-service-version": "1.9.576.1",
        "x-ms-request-id": "4baf1933-8427-4795-a4a3-ee3f50e1b26c"
      },
      "ResponseBody": null
    },
    {
      "RequestUri": "https://keyvault_name.vault.azure.net/secrets/CRUDSecretName-canretrievethelatestversionofasecretvalue-3315640958718895?api-version=7.4-preview.1",
      "RequestMethod": "DELETE",
      "RequestHeaders": {
        "Accept": "application/json",
        "Accept-Encoding": "gzip,deflate",
        "Authorization": "Sanitized",
        "Connection": "keep-alive",
        "User-Agent": "azsdk-js-keyvault-secrets/4.7.0-beta.1 core-rest-pipeline/1.10.1 Node/v16.15.1 OS/(x64-Linux-5.10.102.1-microsoft-standard-WSL2)",
        "x-ms-client-request-id": "f9e94c6b-4840-40d6-ba64-09c618f6cb19"
      },
      "RequestBody": null,
      "StatusCode": 200,
      "ResponseHeaders": {
        "Cache-Control": "no-cache",
        "Content-Length": "502",
        "Content-Type": "application/json; charset=utf-8",
        "Date": "Fri, 11 Nov 2022 00:01:41 GMT",
        "Expires": "-1",
        "Pragma": "no-cache",
        "Strict-Transport-Security": "max-age=31536000;includeSubDomains",
        "X-Content-Type-Options": "nosniff",
        "x-ms-client-request-id": "f9e94c6b-4840-40d6-ba64-09c618f6cb19",
        "x-ms-keyvault-network-info": "conn_type=Ipv4;addr=167.220.80.222;act_addr_fam=InterNetwork;",
        "x-ms-keyvault-rbac-assignment-id": "e0879cc6-53b1-5604-999d-586eba05a46e",
        "x-ms-keyvault-rbac-cache": "ra_age=35;da_age=2723;rd_age=2723;brd_age=22300;ra_notif_age=93;dec_lev=1;",
        "x-ms-keyvault-region": "australiacentral",
        "x-ms-keyvault-service-version": "1.9.576.1",
        "x-ms-request-id": "dc6e11e8-8af3-43ac-852c-c6b4252c7d61"
      },
      "ResponseBody": {
        "recoveryId": "https://keyvault_name.vault.azure.net/deletedsecrets/CRUDSecretName-canretrievethelatestversionofasecretvalue-3315640958718895",
        "deletedDate": 1668124901,
        "scheduledPurgeDate": 1668729701,
        "id": "https://keyvault_name.vault.azure.net/secrets/CRUDSecretName-canretrievethelatestversionofasecretvalue-3315640958718895/6425252baa734e41ad79d8dfbdfbb07a",
        "attributes": {
          "enabled": true,
          "created": 1668124875,
          "updated": 1668124875,
          "recoveryLevel": "CustomizedRecoverable\u002BPurgeable",
          "recoverableDays": 7
        }
      }
    },
    {
      "RequestUri": "https://keyvault_name.vault.azure.net/deletedsecrets/CRUDSecretName-canretrievethelatestversionofasecretvalue-3315640958718895?api-version=7.4-preview.1",
      "RequestMethod": "GET",
      "RequestHeaders": {
        "Accept": "application/json",
        "Accept-Encoding": "gzip,deflate",
        "Authorization": "Sanitized",
        "Connection": "keep-alive",
        "User-Agent": "azsdk-js-keyvault-secrets/4.7.0-beta.1 core-rest-pipeline/1.10.1 Node/v16.15.1 OS/(x64-Linux-5.10.102.1-microsoft-standard-WSL2)",
        "x-ms-client-request-id": "2f83c9d2-c223-472c-b037-e1bb23c32dc5"
      },
      "RequestBody": null,
      "StatusCode": 404,
      "ResponseHeaders": {
        "Cache-Control": "no-cache",
        "Content-Length": "147",
        "Content-Type": "application/json; charset=utf-8",
        "Date": "Fri, 11 Nov 2022 00:01:41 GMT",
        "Expires": "-1",
        "Pragma": "no-cache",
        "Strict-Transport-Security": "max-age=31536000;includeSubDomains",
        "X-Content-Type-Options": "nosniff",
        "x-ms-client-request-id": "2f83c9d2-c223-472c-b037-e1bb23c32dc5",
        "x-ms-keyvault-network-info": "conn_type=Ipv4;addr=167.220.80.222;act_addr_fam=InterNetwork;",
        "x-ms-keyvault-rbac-assignment-id": "e0879cc6-53b1-5604-999d-586eba05a46e",
        "x-ms-keyvault-rbac-cache": "ra_age=35;da_age=2724;rd_age=2724;brd_age=22300;ra_notif_age=94;dec_lev=0;",
        "x-ms-keyvault-region": "australiacentral",
        "x-ms-keyvault-service-version": "1.9.576.1",
        "x-ms-request-id": "7f25790c-1bac-41dc-9561-b2abfb6584e2"
      },
      "ResponseBody": {
        "error": {
          "code": "SecretNotFound",
          "message": "Deleted Secret not found: CRUDSecretName-canretrievethelatestversionofasecretvalue-3315640958718895"
        }
      }
    },
    {
      "RequestUri": "https://keyvault_name.vault.azure.net/deletedsecrets/CRUDSecretName-canretrievethelatestversionofasecretvalue-3315640958718895?api-version=7.4-preview.1",
      "RequestMethod": "GET",
      "RequestHeaders": {
        "Accept": "application/json",
        "Accept-Encoding": "gzip,deflate",
        "Authorization": "Sanitized",
        "Connection": "keep-alive",
        "User-Agent": "azsdk-js-keyvault-secrets/4.7.0-beta.1 core-rest-pipeline/1.10.1 Node/v16.15.1 OS/(x64-Linux-5.10.102.1-microsoft-standard-WSL2)",
        "x-ms-client-request-id": "68420d9b-a35c-4769-84ec-dc0fc810c799"
      },
      "RequestBody": null,
      "StatusCode": 404,
      "ResponseHeaders": {
        "Cache-Control": "no-cache",
        "Content-Length": "147",
        "Content-Type": "application/json; charset=utf-8",
        "Date": "Fri, 11 Nov 2022 00:01:41 GMT",
        "Expires": "-1",
        "Pragma": "no-cache",
        "Strict-Transport-Security": "max-age=31536000;includeSubDomains",
        "X-Content-Type-Options": "nosniff",
        "x-ms-client-request-id": "68420d9b-a35c-4769-84ec-dc0fc810c799",
        "x-ms-keyvault-network-info": "conn_type=Ipv4;addr=167.220.80.222;act_addr_fam=InterNetwork;",
        "x-ms-keyvault-rbac-assignment-id": "e0879cc6-53b1-5604-999d-586eba05a46e",
        "x-ms-keyvault-rbac-cache": "ra_age=35;da_age=2724;rd_age=2724;brd_age=22301;ra_notif_age=94;dec_lev=0;",
        "x-ms-keyvault-region": "australiacentral",
        "x-ms-keyvault-service-version": "1.9.576.1",
        "x-ms-request-id": "c2968e2b-d83f-4679-a25e-3211855b83f3"
      },
      "ResponseBody": {
        "error": {
          "code": "SecretNotFound",
          "message": "Deleted Secret not found: CRUDSecretName-canretrievethelatestversionofasecretvalue-3315640958718895"
        }
      }
    },
    {
      "RequestUri": "https://keyvault_name.vault.azure.net/deletedsecrets/CRUDSecretName-canretrievethelatestversionofasecretvalue-3315640958718895?api-version=7.4-preview.1",
      "RequestMethod": "GET",
      "RequestHeaders": {
        "Accept": "application/json",
        "Accept-Encoding": "gzip,deflate",
        "Authorization": "Sanitized",
        "Connection": "keep-alive",
        "User-Agent": "azsdk-js-keyvault-secrets/4.7.0-beta.1 core-rest-pipeline/1.10.1 Node/v16.15.1 OS/(x64-Linux-5.10.102.1-microsoft-standard-WSL2)",
        "x-ms-client-request-id": "d3f032c1-eb72-4eae-aafe-49daf68ca540"
      },
      "RequestBody": null,
      "StatusCode": 200,
      "ResponseHeaders": {
        "Cache-Control": "no-cache",
        "Content-Length": "502",
        "Content-Type": "application/json; charset=utf-8",
        "Date": "Fri, 11 Nov 2022 00:01:47 GMT",
        "Expires": "-1",
        "Pragma": "no-cache",
        "Strict-Transport-Security": "max-age=31536000;includeSubDomains",
        "X-Content-Type-Options": "nosniff",
        "x-ms-client-request-id": "d3f032c1-eb72-4eae-aafe-49daf68ca540",
        "x-ms-keyvault-network-info": "conn_type=Ipv4;addr=167.220.80.222;act_addr_fam=InterNetwork;",
        "x-ms-keyvault-rbac-assignment-id": "e0879cc6-53b1-5604-999d-586eba05a46e",
        "x-ms-keyvault-rbac-cache": "ra_age=41;da_age=2729;rd_age=2729;brd_age=22306;ra_notif_age=99;dec_lev=0;",
        "x-ms-keyvault-region": "australiacentral",
        "x-ms-keyvault-service-version": "1.9.576.1",
        "x-ms-request-id": "9a30ed85-6732-4142-909b-1797ec1bfb6e"
      },
      "ResponseBody": {
        "recoveryId": "https://keyvault_name.vault.azure.net/deletedsecrets/CRUDSecretName-canretrievethelatestversionofasecretvalue-3315640958718895",
        "deletedDate": 1668124901,
        "scheduledPurgeDate": 1668729701,
        "id": "https://keyvault_name.vault.azure.net/secrets/CRUDSecretName-canretrievethelatestversionofasecretvalue-3315640958718895/6425252baa734e41ad79d8dfbdfbb07a",
        "attributes": {
          "enabled": true,
          "created": 1668124875,
          "updated": 1668124875,
          "recoveryLevel": "CustomizedRecoverable\u002BPurgeable",
          "recoverableDays": 7
        }
      }
    },
    {
      "RequestUri": "https://keyvault_name.vault.azure.net/deletedsecrets/CRUDSecretName-canretrievethelatestversionofasecretvalue-3315640958718895?api-version=7.4-preview.1",
      "RequestMethod": "DELETE",
      "RequestHeaders": {
        "Accept": "application/json",
        "Accept-Encoding": "gzip,deflate",
        "Authorization": "Sanitized",
        "Connection": "keep-alive",
        "User-Agent": "azsdk-js-keyvault-secrets/4.7.0-beta.1 core-rest-pipeline/1.10.1 Node/v16.15.1 OS/(x64-Linux-5.10.102.1-microsoft-standard-WSL2)",
        "x-ms-client-request-id": "07c38d1b-f6bb-4f39-bc38-fa93c9944e2f"
      },
      "RequestBody": null,
      "StatusCode": 204,
      "ResponseHeaders": {
        "Cache-Control": "no-cache",
        "Date": "Fri, 11 Nov 2022 00:01:47 GMT",
        "Expires": "-1",
        "Pragma": "no-cache",
        "Strict-Transport-Security": "max-age=31536000;includeSubDomains",
        "X-Content-Type-Options": "nosniff",
        "x-ms-client-request-id": "07c38d1b-f6bb-4f39-bc38-fa93c9944e2f",
        "x-ms-keyvault-network-info": "conn_type=Ipv4;addr=167.220.80.222;act_addr_fam=InterNetwork;",
        "x-ms-keyvault-rbac-assignment-id": "e0879cc6-53b1-5604-999d-586eba05a46e",
        "x-ms-keyvault-rbac-cache": "ra_age=41;da_age=2729;rd_age=2729;brd_age=22306;ra_notif_age=99;dec_lev=1;",
        "x-ms-keyvault-region": "australiacentral",
        "x-ms-keyvault-service-version": "1.9.576.1",
        "x-ms-request-id": "b53ae182-93cc-4a8b-b5d3-7099c71bb658"
      },
      "ResponseBody": null
    },
    {
      "RequestUri": "https://keyvault_name.vault.azure.net/secrets/CRUDSecretName-cansetasecretwithattributes-04648323871101234?api-version=7.4-preview.1",
      "RequestMethod": "DELETE",
      "RequestHeaders": {
        "Accept": "application/json",
        "Accept-Encoding": "gzip,deflate",
        "Authorization": "Sanitized",
        "Connection": "keep-alive",
        "User-Agent": "azsdk-js-keyvault-secrets/4.7.0-beta.1 core-rest-pipeline/1.10.1 Node/v16.15.1 OS/(x64-Linux-5.10.102.1-microsoft-standard-WSL2)",
        "x-ms-client-request-id": "75a07fda-2b92-4950-b644-1b7c2153b751"
      },
      "RequestBody": null,
      "StatusCode": 200,
      "ResponseHeaders": {
        "Cache-Control": "no-cache",
        "Content-Length": "494",
        "Content-Type": "application/json; charset=utf-8",
        "Date": "Fri, 11 Nov 2022 00:01:47 GMT",
        "Expires": "-1",
        "Pragma": "no-cache",
        "Strict-Transport-Security": "max-age=31536000;includeSubDomains",
        "X-Content-Type-Options": "nosniff",
        "x-ms-client-request-id": "75a07fda-2b92-4950-b644-1b7c2153b751",
        "x-ms-keyvault-network-info": "conn_type=Ipv4;addr=167.220.80.222;act_addr_fam=InterNetwork;",
        "x-ms-keyvault-rbac-assignment-id": "e0879cc6-53b1-5604-999d-586eba05a46e",
        "x-ms-keyvault-rbac-cache": "ra_age=41;da_age=2729;rd_age=2729;brd_age=22306;ra_notif_age=100;dec_lev=1;",
        "x-ms-keyvault-region": "australiacentral",
        "x-ms-keyvault-service-version": "1.9.576.1",
        "x-ms-request-id": "6dcaca30-3865-4f12-a427-83916f63a5c7"
      },
      "ResponseBody": {
        "recoveryId": "https://keyvault_name.vault.azure.net/deletedsecrets/CRUDSecretName-cansetasecretwithattributes-04648323871101234",
        "deletedDate": 1668124908,
        "scheduledPurgeDate": 1668729708,
        "id": "https://keyvault_name.vault.azure.net/secrets/CRUDSecretName-cansetasecretwithattributes-04648323871101234/9b81a186e6374673acd9b1d0e7f8774c",
        "attributes": {
          "enabled": true,
          "exp": 32503680000,
          "created": 1668124869,
          "updated": 1668124869,
          "recoveryLevel": "CustomizedRecoverable\u002BPurgeable",
          "recoverableDays": 7
        }
      }
    },
    {
      "RequestUri": "https://keyvault_name.vault.azure.net/deletedsecrets/CRUDSecretName-cansetasecretwithattributes-04648323871101234?api-version=7.4-preview.1",
      "RequestMethod": "GET",
      "RequestHeaders": {
        "Accept": "application/json",
        "Accept-Encoding": "gzip,deflate",
        "Authorization": "Sanitized",
        "Connection": "keep-alive",
        "User-Agent": "azsdk-js-keyvault-secrets/4.7.0-beta.1 core-rest-pipeline/1.10.1 Node/v16.15.1 OS/(x64-Linux-5.10.102.1-microsoft-standard-WSL2)",
        "x-ms-client-request-id": "3d167363-ad3c-47b9-ae83-aa517985e31d"
      },
      "RequestBody": null,
      "StatusCode": 404,
      "ResponseHeaders": {
        "Cache-Control": "no-cache",
        "Content-Length": "134",
        "Content-Type": "application/json; charset=utf-8",
        "Date": "Fri, 11 Nov 2022 00:01:47 GMT",
        "Expires": "-1",
        "Pragma": "no-cache",
        "Strict-Transport-Security": "max-age=31536000;includeSubDomains",
        "X-Content-Type-Options": "nosniff",
        "x-ms-client-request-id": "3d167363-ad3c-47b9-ae83-aa517985e31d",
        "x-ms-keyvault-network-info": "conn_type=Ipv4;addr=167.220.80.222;act_addr_fam=InterNetwork;",
        "x-ms-keyvault-rbac-assignment-id": "e0879cc6-53b1-5604-999d-586eba05a46e",
        "x-ms-keyvault-rbac-cache": "ra_age=41;da_age=2730;rd_age=2730;brd_age=22307;ra_notif_age=100;dec_lev=0;",
        "x-ms-keyvault-region": "australiacentral",
        "x-ms-keyvault-service-version": "1.9.576.1",
        "x-ms-request-id": "fbed7468-12fb-44a9-b1d4-0ad80aed304a"
      },
      "ResponseBody": {
        "error": {
          "code": "SecretNotFound",
          "message": "Deleted Secret not found: CRUDSecretName-cansetasecretwithattributes-04648323871101234"
        }
      }
    },
    {
      "RequestUri": "https://keyvault_name.vault.azure.net/deletedsecrets/CRUDSecretName-cansetasecretwithattributes-04648323871101234?api-version=7.4-preview.1",
      "RequestMethod": "GET",
      "RequestHeaders": {
        "Accept": "application/json",
        "Accept-Encoding": "gzip,deflate",
        "Authorization": "Sanitized",
        "Connection": "keep-alive",
        "User-Agent": "azsdk-js-keyvault-secrets/4.7.0-beta.1 core-rest-pipeline/1.10.1 Node/v16.15.1 OS/(x64-Linux-5.10.102.1-microsoft-standard-WSL2)",
        "x-ms-client-request-id": "fe11e00a-0a22-414a-ac8c-ed2a7e4a2d36"
      },
      "RequestBody": null,
      "StatusCode": 404,
      "ResponseHeaders": {
        "Cache-Control": "no-cache",
        "Content-Length": "134",
        "Content-Type": "application/json; charset=utf-8",
        "Date": "Fri, 11 Nov 2022 00:01:48 GMT",
        "Expires": "-1",
        "Pragma": "no-cache",
        "Strict-Transport-Security": "max-age=31536000;includeSubDomains",
        "X-Content-Type-Options": "nosniff",
        "x-ms-client-request-id": "fe11e00a-0a22-414a-ac8c-ed2a7e4a2d36",
        "x-ms-keyvault-network-info": "conn_type=Ipv4;addr=167.220.80.222;act_addr_fam=InterNetwork;",
        "x-ms-keyvault-rbac-assignment-id": "e0879cc6-53b1-5604-999d-586eba05a46e",
        "x-ms-keyvault-rbac-cache": "ra_age=41;da_age=2730;rd_age=2730;brd_age=22307;ra_notif_age=100;dec_lev=0;",
        "x-ms-keyvault-region": "australiacentral",
        "x-ms-keyvault-service-version": "1.9.576.1",
        "x-ms-request-id": "8c7357b2-5da9-48ed-9bb5-2def6211b768"
      },
      "ResponseBody": {
        "error": {
          "code": "SecretNotFound",
          "message": "Deleted Secret not found: CRUDSecretName-cansetasecretwithattributes-04648323871101234"
        }
      }
    },
    {
      "RequestUri": "https://keyvault_name.vault.azure.net/deletedsecrets/CRUDSecretName-cansetasecretwithattributes-04648323871101234?api-version=7.4-preview.1",
      "RequestMethod": "GET",
      "RequestHeaders": {
        "Accept": "application/json",
        "Accept-Encoding": "gzip,deflate",
        "Authorization": "Sanitized",
        "Connection": "keep-alive",
        "User-Agent": "azsdk-js-keyvault-secrets/4.7.0-beta.1 core-rest-pipeline/1.10.1 Node/v16.15.1 OS/(x64-Linux-5.10.102.1-microsoft-standard-WSL2)",
        "x-ms-client-request-id": "23577047-d785-47fe-ba22-67a8150ff6fe"
      },
      "RequestBody": null,
      "StatusCode": 200,
      "ResponseHeaders": {
        "Cache-Control": "no-cache",
        "Content-Length": "494",
        "Content-Type": "application/json; charset=utf-8",
        "Date": "Fri, 11 Nov 2022 00:01:52 GMT",
        "Expires": "-1",
        "Pragma": "no-cache",
        "Strict-Transport-Security": "max-age=31536000;includeSubDomains",
        "X-Content-Type-Options": "nosniff",
        "x-ms-client-request-id": "23577047-d785-47fe-ba22-67a8150ff6fe",
        "x-ms-keyvault-network-info": "conn_type=Ipv4;addr=167.220.80.222;act_addr_fam=InterNetwork;",
        "x-ms-keyvault-rbac-assignment-id": "e0879cc6-53b1-5604-999d-586eba05a46e",
        "x-ms-keyvault-rbac-cache": "ra_age=47;da_age=2735;rd_age=2735;brd_age=22312;ra_notif_age=105;dec_lev=0;",
        "x-ms-keyvault-region": "australiacentral",
        "x-ms-keyvault-service-version": "1.9.576.1",
        "x-ms-request-id": "5f51b7a7-0b75-4fd0-a92e-069f9bb0a10e"
      },
      "ResponseBody": {
        "recoveryId": "https://keyvault_name.vault.azure.net/deletedsecrets/CRUDSecretName-cansetasecretwithattributes-04648323871101234",
        "deletedDate": 1668124908,
        "scheduledPurgeDate": 1668729708,
        "id": "https://keyvault_name.vault.azure.net/secrets/CRUDSecretName-cansetasecretwithattributes-04648323871101234/9b81a186e6374673acd9b1d0e7f8774c",
        "attributes": {
          "enabled": true,
          "exp": 32503680000,
          "created": 1668124869,
          "updated": 1668124869,
          "recoveryLevel": "CustomizedRecoverable\u002BPurgeable",
          "recoverableDays": 7
        }
      }
    },
    {
      "RequestUri": "https://keyvault_name.vault.azure.net/deletedsecrets/CRUDSecretName-cansetasecretwithattributes-04648323871101234?api-version=7.4-preview.1",
      "RequestMethod": "DELETE",
      "RequestHeaders": {
        "Accept": "application/json",
        "Accept-Encoding": "gzip,deflate",
        "Authorization": "Sanitized",
        "Connection": "keep-alive",
        "User-Agent": "azsdk-js-keyvault-secrets/4.7.0-beta.1 core-rest-pipeline/1.10.1 Node/v16.15.1 OS/(x64-Linux-5.10.102.1-microsoft-standard-WSL2)",
        "x-ms-client-request-id": "df96ff68-c3fc-4651-b802-7150f96dec42"
      },
      "RequestBody": null,
      "StatusCode": 204,
      "ResponseHeaders": {
        "Cache-Control": "no-cache",
        "Date": "Fri, 11 Nov 2022 00:01:52 GMT",
        "Expires": "-1",
        "Pragma": "no-cache",
        "Strict-Transport-Security": "max-age=31536000;includeSubDomains",
        "X-Content-Type-Options": "nosniff",
        "x-ms-client-request-id": "df96ff68-c3fc-4651-b802-7150f96dec42",
        "x-ms-keyvault-network-info": "conn_type=Ipv4;addr=167.220.80.222;act_addr_fam=InterNetwork;",
        "x-ms-keyvault-rbac-assignment-id": "e0879cc6-53b1-5604-999d-586eba05a46e",
        "x-ms-keyvault-rbac-cache": "ra_age=47;da_age=2735;rd_age=2735;brd_age=22312;ra_notif_age=105;dec_lev=1;",
        "x-ms-keyvault-region": "australiacentral",
        "x-ms-keyvault-service-version": "1.9.576.1",
        "x-ms-request-id": "af617db2-2ddd-459f-bb8c-f0a16cede37d"
      },
      "ResponseBody": null
    },
    {
      "RequestUri": "https://keyvault_name.vault.azure.net/secrets/CRUDSecretName-cansetasecretwithEmptyValue-2705699786724942?api-version=7.4-preview.1",
      "RequestMethod": "DELETE",
      "RequestHeaders": {
        "Accept": "application/json",
        "Accept-Encoding": "gzip,deflate",
        "Authorization": "Sanitized",
        "Connection": "keep-alive",
        "User-Agent": "azsdk-js-keyvault-secrets/4.7.0-beta.1 core-rest-pipeline/1.10.1 Node/v16.15.1 OS/(x64-Linux-5.10.102.1-microsoft-standard-WSL2)",
        "x-ms-client-request-id": "66fc543c-bb62-4f68-8f3c-f66069079c26"
      },
      "RequestBody": null,
      "StatusCode": 200,
      "ResponseHeaders": {
        "Cache-Control": "no-cache",
        "Content-Length": "474",
        "Content-Type": "application/json; charset=utf-8",
        "Date": "Fri, 11 Nov 2022 00:01:54 GMT",
        "Expires": "-1",
        "Pragma": "no-cache",
        "Strict-Transport-Security": "max-age=31536000;includeSubDomains",
        "X-Content-Type-Options": "nosniff",
        "x-ms-client-request-id": "66fc543c-bb62-4f68-8f3c-f66069079c26",
        "x-ms-keyvault-network-info": "conn_type=Ipv4;addr=167.220.80.222;act_addr_fam=InterNetwork;",
        "x-ms-keyvault-rbac-assignment-id": "e0879cc6-53b1-5604-999d-586eba05a46e",
        "x-ms-keyvault-rbac-cache": "ra_age=47;da_age=2736;rd_age=2736;brd_age=22312;ra_notif_age=106;dec_lev=1;",
        "x-ms-keyvault-region": "australiacentral",
        "x-ms-keyvault-service-version": "1.9.576.1",
        "x-ms-request-id": "525d678a-d765-456c-becb-610252cff276"
      },
      "ResponseBody": {
        "recoveryId": "https://keyvault_name.vault.azure.net/deletedsecrets/CRUDSecretName-cansetasecretwithEmptyValue-2705699786724942",
        "deletedDate": 1668124914,
        "scheduledPurgeDate": 1668729714,
        "id": "https://keyvault_name.vault.azure.net/secrets/CRUDSecretName-cansetasecretwithEmptyValue-2705699786724942/8b8bd3dc3ba6427fa2bb771312d1b282",
        "attributes": {
          "enabled": true,
          "created": 1668124868,
          "updated": 1668124868,
          "recoveryLevel": "CustomizedRecoverable\u002BPurgeable",
          "recoverableDays": 7
        }
      }
    },
    {
      "RequestUri": "https://keyvault_name.vault.azure.net/deletedsecrets/CRUDSecretName-cansetasecretwithEmptyValue-2705699786724942?api-version=7.4-preview.1",
      "RequestMethod": "GET",
      "RequestHeaders": {
        "Accept": "application/json",
        "Accept-Encoding": "gzip,deflate",
        "Authorization": "Sanitized",
        "Connection": "keep-alive",
        "User-Agent": "azsdk-js-keyvault-secrets/4.7.0-beta.1 core-rest-pipeline/1.10.1 Node/v16.15.1 OS/(x64-Linux-5.10.102.1-microsoft-standard-WSL2)",
        "x-ms-client-request-id": "035400dc-7553-47e5-8b44-0f1ce562a11a"
      },
      "RequestBody": null,
      "StatusCode": 404,
      "ResponseHeaders": {
        "Cache-Control": "no-cache",
        "Content-Length": "133",
        "Content-Type": "application/json; charset=utf-8",
        "Date": "Fri, 11 Nov 2022 00:01:54 GMT",
        "Expires": "-1",
        "Pragma": "no-cache",
        "Strict-Transport-Security": "max-age=31536000;includeSubDomains",
        "X-Content-Type-Options": "nosniff",
        "x-ms-client-request-id": "035400dc-7553-47e5-8b44-0f1ce562a11a",
        "x-ms-keyvault-network-info": "conn_type=Ipv4;addr=167.220.80.222;act_addr_fam=InterNetwork;",
        "x-ms-keyvault-rbac-assignment-id": "e0879cc6-53b1-5604-999d-586eba05a46e",
        "x-ms-keyvault-rbac-cache": "ra_age=47;da_age=2736;rd_age=2736;brd_age=22313;ra_notif_age=106;dec_lev=1;",
        "x-ms-keyvault-region": "australiacentral",
        "x-ms-keyvault-service-version": "1.9.576.1",
        "x-ms-request-id": "14433df4-16dc-479b-b080-54a6c642e3b3"
      },
      "ResponseBody": {
        "error": {
          "code": "SecretNotFound",
          "message": "Deleted Secret not found: CRUDSecretName-cansetasecretwithEmptyValue-2705699786724942"
        }
      }
    },
    {
      "RequestUri": "https://keyvault_name.vault.azure.net/deletedsecrets/CRUDSecretName-cansetasecretwithEmptyValue-2705699786724942?api-version=7.4-preview.1",
      "RequestMethod": "GET",
      "RequestHeaders": {
        "Accept": "application/json",
        "Accept-Encoding": "gzip,deflate",
        "Authorization": "Sanitized",
        "Connection": "keep-alive",
        "User-Agent": "azsdk-js-keyvault-secrets/4.7.0-beta.1 core-rest-pipeline/1.10.1 Node/v16.15.1 OS/(x64-Linux-5.10.102.1-microsoft-standard-WSL2)",
        "x-ms-client-request-id": "7fb4483a-11e2-49db-8192-8a218d52db85"
      },
      "RequestBody": null,
      "StatusCode": 404,
      "ResponseHeaders": {
        "Cache-Control": "no-cache",
        "Content-Length": "133",
        "Content-Type": "application/json; charset=utf-8",
        "Date": "Fri, 11 Nov 2022 00:01:54 GMT",
        "Expires": "-1",
        "Pragma": "no-cache",
        "Strict-Transport-Security": "max-age=31536000;includeSubDomains",
        "X-Content-Type-Options": "nosniff",
        "x-ms-client-request-id": "7fb4483a-11e2-49db-8192-8a218d52db85",
        "x-ms-keyvault-network-info": "conn_type=Ipv4;addr=167.220.80.222;act_addr_fam=InterNetwork;",
        "x-ms-keyvault-rbac-assignment-id": "e0879cc6-53b1-5604-999d-586eba05a46e",
        "x-ms-keyvault-rbac-cache": "ra_age=47;da_age=2736;rd_age=2736;brd_age=22313;ra_notif_age=106;dec_lev=0;",
        "x-ms-keyvault-region": "australiacentral",
        "x-ms-keyvault-service-version": "1.9.576.1",
        "x-ms-request-id": "c0736986-1b15-41e0-81bd-8f50277e2280"
      },
      "ResponseBody": {
        "error": {
          "code": "SecretNotFound",
          "message": "Deleted Secret not found: CRUDSecretName-cansetasecretwithEmptyValue-2705699786724942"
        }
      }
    },
    {
      "RequestUri": "https://keyvault_name.vault.azure.net/deletedsecrets/CRUDSecretName-cansetasecretwithEmptyValue-2705699786724942?api-version=7.4-preview.1",
      "RequestMethod": "GET",
      "RequestHeaders": {
        "Accept": "application/json",
        "Accept-Encoding": "gzip,deflate",
        "Authorization": "Sanitized",
        "Connection": "keep-alive",
        "User-Agent": "azsdk-js-keyvault-secrets/4.7.0-beta.1 core-rest-pipeline/1.10.1 Node/v16.15.1 OS/(x64-Linux-5.10.102.1-microsoft-standard-WSL2)",
        "x-ms-client-request-id": "d479b3a3-0c2c-4800-b8c7-4962d92c1e7c"
      },
      "RequestBody": null,
      "StatusCode": 200,
      "ResponseHeaders": {
        "Cache-Control": "no-cache",
        "Content-Length": "474",
        "Content-Type": "application/json; charset=utf-8",
        "Date": "Fri, 11 Nov 2022 00:01:59 GMT",
        "Expires": "-1",
        "Pragma": "no-cache",
        "Strict-Transport-Security": "max-age=31536000;includeSubDomains",
        "X-Content-Type-Options": "nosniff",
        "x-ms-client-request-id": "d479b3a3-0c2c-4800-b8c7-4962d92c1e7c",
        "x-ms-keyvault-network-info": "conn_type=Ipv4;addr=167.220.80.222;act_addr_fam=InterNetwork;",
        "x-ms-keyvault-rbac-assignment-id": "e0879cc6-53b1-5604-999d-586eba05a46e",
        "x-ms-keyvault-rbac-cache": "ra_age=53;da_age=2741;rd_age=2741;brd_age=22318;ra_notif_age=111;dec_lev=0;",
        "x-ms-keyvault-region": "australiacentral",
        "x-ms-keyvault-service-version": "1.9.576.1",
        "x-ms-request-id": "c9beca2f-bca1-4ac8-9323-29db9f5175c7"
      },
      "ResponseBody": {
        "recoveryId": "https://keyvault_name.vault.azure.net/deletedsecrets/CRUDSecretName-cansetasecretwithEmptyValue-2705699786724942",
        "deletedDate": 1668124914,
        "scheduledPurgeDate": 1668729714,
        "id": "https://keyvault_name.vault.azure.net/secrets/CRUDSecretName-cansetasecretwithEmptyValue-2705699786724942/8b8bd3dc3ba6427fa2bb771312d1b282",
        "attributes": {
          "enabled": true,
          "created": 1668124868,
          "updated": 1668124868,
          "recoveryLevel": "CustomizedRecoverable\u002BPurgeable",
          "recoverableDays": 7
        }
      }
    },
    {
      "RequestUri": "https://keyvault_name.vault.azure.net/deletedsecrets/CRUDSecretName-cansetasecretwithEmptyValue-2705699786724942?api-version=7.4-preview.1",
      "RequestMethod": "DELETE",
      "RequestHeaders": {
        "Accept": "application/json",
        "Accept-Encoding": "gzip,deflate",
        "Authorization": "Sanitized",
        "Connection": "keep-alive",
        "User-Agent": "azsdk-js-keyvault-secrets/4.7.0-beta.1 core-rest-pipeline/1.10.1 Node/v16.15.1 OS/(x64-Linux-5.10.102.1-microsoft-standard-WSL2)",
        "x-ms-client-request-id": "e23b6b4f-67ae-46d8-b300-8e7697cfb392"
      },
      "RequestBody": null,
      "StatusCode": 204,
      "ResponseHeaders": {
        "Cache-Control": "no-cache",
        "Date": "Fri, 11 Nov 2022 00:01:59 GMT",
        "Expires": "-1",
        "Pragma": "no-cache",
        "Strict-Transport-Security": "max-age=31536000;includeSubDomains",
        "X-Content-Type-Options": "nosniff",
        "x-ms-client-request-id": "e23b6b4f-67ae-46d8-b300-8e7697cfb392",
        "x-ms-keyvault-network-info": "conn_type=Ipv4;addr=167.220.80.222;act_addr_fam=InterNetwork;",
        "x-ms-keyvault-rbac-assignment-id": "e0879cc6-53b1-5604-999d-586eba05a46e",
        "x-ms-keyvault-rbac-cache": "ra_age=53;da_age=2741;rd_age=2741;brd_age=22318;ra_notif_age=111;dec_lev=1;",
        "x-ms-keyvault-region": "australiacentral",
        "x-ms-keyvault-service-version": "1.9.576.1",
        "x-ms-request-id": "8f007e87-4a13-406f-81fe-81a3f9942bb0"
      },
      "ResponseBody": null
    },
    {
      "RequestUri": "https://keyvault_name.vault.azure.net/secrets/CRUDSecretName-cantgetadisabledsecret-2502400214453466?api-version=7.4-preview.1",
      "RequestMethod": "DELETE",
      "RequestHeaders": {
        "Accept": "application/json",
        "Accept-Encoding": "gzip,deflate",
        "Authorization": "Sanitized",
        "Connection": "keep-alive",
        "User-Agent": "azsdk-js-keyvault-secrets/4.7.0-beta.1 core-rest-pipeline/1.10.1 Node/v16.15.1 OS/(x64-Linux-5.10.102.1-microsoft-standard-WSL2)",
        "x-ms-client-request-id": "02d09859-3a19-4bd6-91ae-14236b6534bc"
      },
      "RequestBody": null,
      "StatusCode": 200,
      "ResponseHeaders": {
        "Cache-Control": "no-cache",
        "Content-Length": "465",
        "Content-Type": "application/json; charset=utf-8",
        "Date": "Fri, 11 Nov 2022 00:01:59 GMT",
        "Expires": "-1",
        "Pragma": "no-cache",
        "Strict-Transport-Security": "max-age=31536000;includeSubDomains",
        "X-Content-Type-Options": "nosniff",
        "x-ms-client-request-id": "02d09859-3a19-4bd6-91ae-14236b6534bc",
        "x-ms-keyvault-network-info": "conn_type=Ipv4;addr=167.220.80.222;act_addr_fam=InterNetwork;",
        "x-ms-keyvault-rbac-assignment-id": "e0879cc6-53b1-5604-999d-586eba05a46e",
        "x-ms-keyvault-rbac-cache": "ra_age=53;da_age=2742;rd_age=2742;brd_age=22318;ra_notif_age=112;dec_lev=1;",
        "x-ms-keyvault-region": "australiacentral",
        "x-ms-keyvault-service-version": "1.9.576.1",
        "x-ms-request-id": "50bbc17b-9175-44e7-b4ea-6a1568754092"
      },
      "ResponseBody": {
        "recoveryId": "https://keyvault_name.vault.azure.net/deletedsecrets/CRUDSecretName-cantgetadisabledsecret-2502400214453466",
        "deletedDate": 1668124920,
        "scheduledPurgeDate": 1668729720,
        "id": "https://keyvault_name.vault.azure.net/secrets/CRUDSecretName-cantgetadisabledsecret-2502400214453466/4bfbba74b2104886959a8dc7f956cd68",
        "attributes": {
          "enabled": false,
          "created": 1668124873,
          "updated": 1668124873,
          "recoveryLevel": "CustomizedRecoverable\u002BPurgeable",
          "recoverableDays": 7
        }
      }
    },
    {
      "RequestUri": "https://keyvault_name.vault.azure.net/deletedsecrets/CRUDSecretName-cantgetadisabledsecret-2502400214453466?api-version=7.4-preview.1",
      "RequestMethod": "GET",
      "RequestHeaders": {
        "Accept": "application/json",
        "Accept-Encoding": "gzip,deflate",
        "Authorization": "Sanitized",
        "Connection": "keep-alive",
        "User-Agent": "azsdk-js-keyvault-secrets/4.7.0-beta.1 core-rest-pipeline/1.10.1 Node/v16.15.1 OS/(x64-Linux-5.10.102.1-microsoft-standard-WSL2)",
        "x-ms-client-request-id": "c69decc7-7a52-45fd-8d86-484274413846"
      },
      "RequestBody": null,
      "StatusCode": 404,
      "ResponseHeaders": {
        "Cache-Control": "no-cache",
        "Content-Length": "128",
        "Content-Type": "application/json; charset=utf-8",
        "Date": "Fri, 11 Nov 2022 00:01:59 GMT",
        "Expires": "-1",
        "Pragma": "no-cache",
        "Strict-Transport-Security": "max-age=31536000;includeSubDomains",
        "X-Content-Type-Options": "nosniff",
        "x-ms-client-request-id": "c69decc7-7a52-45fd-8d86-484274413846",
        "x-ms-keyvault-network-info": "conn_type=Ipv4;addr=167.220.80.222;act_addr_fam=InterNetwork;",
        "x-ms-keyvault-rbac-assignment-id": "e0879cc6-53b1-5604-999d-586eba05a46e",
        "x-ms-keyvault-rbac-cache": "ra_age=53;da_age=2742;rd_age=2742;brd_age=22319;ra_notif_age=112;dec_lev=0;",
        "x-ms-keyvault-region": "australiacentral",
        "x-ms-keyvault-service-version": "1.9.576.1",
        "x-ms-request-id": "a3a00af3-4a25-4229-b4e4-d0681267f796"
      },
      "ResponseBody": {
        "error": {
          "code": "SecretNotFound",
          "message": "Deleted Secret not found: CRUDSecretName-cantgetadisabledsecret-2502400214453466"
        }
      }
    },
    {
      "RequestUri": "https://keyvault_name.vault.azure.net/deletedsecrets/CRUDSecretName-cantgetadisabledsecret-2502400214453466?api-version=7.4-preview.1",
      "RequestMethod": "GET",
      "RequestHeaders": {
        "Accept": "application/json",
        "Accept-Encoding": "gzip,deflate",
        "Authorization": "Sanitized",
        "Connection": "keep-alive",
        "User-Agent": "azsdk-js-keyvault-secrets/4.7.0-beta.1 core-rest-pipeline/1.10.1 Node/v16.15.1 OS/(x64-Linux-5.10.102.1-microsoft-standard-WSL2)",
        "x-ms-client-request-id": "ce8bc033-5dee-4096-a177-7ac30a395ebd"
      },
      "RequestBody": null,
      "StatusCode": 404,
      "ResponseHeaders": {
        "Cache-Control": "no-cache",
        "Content-Length": "128",
        "Content-Type": "application/json; charset=utf-8",
        "Date": "Fri, 11 Nov 2022 00:02:00 GMT",
        "Expires": "-1",
        "Pragma": "no-cache",
        "Strict-Transport-Security": "max-age=31536000;includeSubDomains",
        "X-Content-Type-Options": "nosniff",
        "x-ms-client-request-id": "ce8bc033-5dee-4096-a177-7ac30a395ebd",
        "x-ms-keyvault-network-info": "conn_type=Ipv4;addr=167.220.80.222;act_addr_fam=InterNetwork;",
        "x-ms-keyvault-rbac-assignment-id": "e0879cc6-53b1-5604-999d-586eba05a46e",
        "x-ms-keyvault-rbac-cache": "ra_age=54;da_age=2742;rd_age=2742;brd_age=22319;ra_notif_age=112;dec_lev=0;",
        "x-ms-keyvault-region": "australiacentral",
        "x-ms-keyvault-service-version": "1.9.576.1",
        "x-ms-request-id": "7a9a5bb2-7485-492c-9157-d3c8c2960e45"
      },
      "ResponseBody": {
        "error": {
          "code": "SecretNotFound",
          "message": "Deleted Secret not found: CRUDSecretName-cantgetadisabledsecret-2502400214453466"
        }
      }
    },
    {
      "RequestUri": "https://keyvault_name.vault.azure.net/deletedsecrets/CRUDSecretName-cantgetadisabledsecret-2502400214453466?api-version=7.4-preview.1",
      "RequestMethod": "GET",
      "RequestHeaders": {
        "Accept": "application/json",
        "Accept-Encoding": "gzip,deflate",
        "Authorization": "Sanitized",
        "Connection": "keep-alive",
        "User-Agent": "azsdk-js-keyvault-secrets/4.7.0-beta.1 core-rest-pipeline/1.10.1 Node/v16.15.1 OS/(x64-Linux-5.10.102.1-microsoft-standard-WSL2)",
        "x-ms-client-request-id": "b60437eb-db57-42b9-bd7c-1b787c0e19d0"
      },
      "RequestBody": null,
      "StatusCode": 403,
      "ResponseHeaders": {
        "Cache-Control": "no-cache",
        "Content-Length": "132",
        "Content-Type": "application/json; charset=utf-8",
        "Date": "Fri, 11 Nov 2022 00:02:04 GMT",
        "Expires": "-1",
        "Pragma": "no-cache",
        "Strict-Transport-Security": "max-age=31536000;includeSubDomains",
        "X-Content-Type-Options": "nosniff",
        "x-ms-client-request-id": "b60437eb-db57-42b9-bd7c-1b787c0e19d0",
        "x-ms-keyvault-network-info": "conn_type=Ipv4;addr=167.220.80.222;act_addr_fam=InterNetwork;",
        "x-ms-keyvault-rbac-assignment-id": "e0879cc6-53b1-5604-999d-586eba05a46e",
        "x-ms-keyvault-rbac-cache": "ra_age=59;da_age=2747;rd_age=2747;brd_age=22324;ra_notif_age=117;dec_lev=0;",
        "x-ms-keyvault-region": "australiacentral",
        "x-ms-keyvault-service-version": "1.9.576.1",
        "x-ms-request-id": "cd2016b0-8812-4d5e-9782-0a59ea8f7725"
      },
      "ResponseBody": {
        "error": {
          "code": "Forbidden",
          "message": "Operation get is not allowed on a disabled secret.",
          "innererror": {
            "code": "SecretDisabled"
          }
        }
      }
    },
    {
      "RequestUri": "https://keyvault_name.vault.azure.net/deletedsecrets/CRUDSecretName-cantgetadisabledsecret-2502400214453466?api-version=7.4-preview.1",
      "RequestMethod": "DELETE",
      "RequestHeaders": {
        "Accept": "application/json",
        "Accept-Encoding": "gzip,deflate",
        "Authorization": "Sanitized",
        "Connection": "keep-alive",
        "User-Agent": "azsdk-js-keyvault-secrets/4.7.0-beta.1 core-rest-pipeline/1.10.1 Node/v16.15.1 OS/(x64-Linux-5.10.102.1-microsoft-standard-WSL2)",
        "x-ms-client-request-id": "7cbbbee6-dc25-4034-8459-319a4e5d7b88"
      },
      "RequestBody": null,
      "StatusCode": 204,
      "ResponseHeaders": {
        "Cache-Control": "no-cache",
        "Date": "Fri, 11 Nov 2022 00:02:05 GMT",
        "Expires": "-1",
        "Pragma": "no-cache",
        "Strict-Transport-Security": "max-age=31536000;includeSubDomains",
        "X-Content-Type-Options": "nosniff",
        "x-ms-client-request-id": "7cbbbee6-dc25-4034-8459-319a4e5d7b88",
        "x-ms-keyvault-network-info": "conn_type=Ipv4;addr=167.220.80.222;act_addr_fam=InterNetwork;",
        "x-ms-keyvault-rbac-assignment-id": "e0879cc6-53b1-5604-999d-586eba05a46e",
        "x-ms-keyvault-rbac-cache": "ra_age=59;da_age=2747;rd_age=2747;brd_age=22324;ra_notif_age=117;dec_lev=1;",
        "x-ms-keyvault-region": "australiacentral",
        "x-ms-keyvault-service-version": "1.9.576.1",
        "x-ms-request-id": "a78197e5-fedb-47d1-b1d6-f6df78693937"
      },
      "ResponseBody": null
    },
    {
      "RequestUri": "https://keyvault_name.vault.azure.net/secrets/CRUDSecretName-canupdateadisabledsecret-7174788008515369?api-version=7.4-preview.1",
      "RequestMethod": "DELETE",
      "RequestHeaders": {
        "Accept": "application/json",
        "Accept-Encoding": "gzip,deflate",
        "Authorization": "Sanitized",
        "Connection": "keep-alive",
        "User-Agent": "azsdk-js-keyvault-secrets/4.7.0-beta.1 core-rest-pipeline/1.10.1 Node/v16.15.1 OS/(x64-Linux-5.10.102.1-microsoft-standard-WSL2)",
        "x-ms-client-request-id": "97ac4e8d-02c6-4a90-993a-70611008f5fb"
      },
      "RequestBody": null,
      "StatusCode": 200,
      "ResponseHeaders": {
        "Cache-Control": "no-cache",
        "Content-Length": "487",
        "Content-Type": "application/json; charset=utf-8",
        "Date": "Fri, 11 Nov 2022 00:02:05 GMT",
        "Expires": "-1",
        "Pragma": "no-cache",
        "Strict-Transport-Security": "max-age=31536000;includeSubDomains",
        "X-Content-Type-Options": "nosniff",
        "x-ms-client-request-id": "97ac4e8d-02c6-4a90-993a-70611008f5fb",
        "x-ms-keyvault-network-info": "conn_type=Ipv4;addr=167.220.80.222;act_addr_fam=InterNetwork;",
        "x-ms-keyvault-rbac-assignment-id": "e0879cc6-53b1-5604-999d-586eba05a46e",
        "x-ms-keyvault-rbac-cache": "ra_age=59;da_age=2748;rd_age=2748;brd_age=22324;ra_notif_age=118;dec_lev=1;",
        "x-ms-keyvault-region": "australiacentral",
        "x-ms-keyvault-service-version": "1.9.576.1",
        "x-ms-request-id": "1d754452-08ff-42d4-b1cc-24f44b72d578"
      },
      "ResponseBody": {
        "recoveryId": "https://keyvault_name.vault.azure.net/deletedsecrets/CRUDSecretName-canupdateadisabledsecret-7174788008515369",
        "deletedDate": 1668124926,
        "scheduledPurgeDate": 1668729726,
        "id": "https://keyvault_name.vault.azure.net/secrets/CRUDSecretName-canupdateadisabledsecret-7174788008515369/67bbec4f679b45a79b5a8cabfac16ed6",
        "attributes": {
          "enabled": false,
          "exp": 32503680000,
          "created": 1668124872,
          "updated": 1668124872,
          "recoveryLevel": "CustomizedRecoverable\u002BPurgeable",
          "recoverableDays": 7
        }
      }
    },
    {
      "RequestUri": "https://keyvault_name.vault.azure.net/deletedsecrets/CRUDSecretName-canupdateadisabledsecret-7174788008515369?api-version=7.4-preview.1",
      "RequestMethod": "GET",
      "RequestHeaders": {
        "Accept": "application/json",
        "Accept-Encoding": "gzip,deflate",
        "Authorization": "Sanitized",
        "Connection": "keep-alive",
        "User-Agent": "azsdk-js-keyvault-secrets/4.7.0-beta.1 core-rest-pipeline/1.10.1 Node/v16.15.1 OS/(x64-Linux-5.10.102.1-microsoft-standard-WSL2)",
        "x-ms-client-request-id": "c61ed9c4-13b5-4fbd-b28c-5eff4e5ffa32"
      },
      "RequestBody": null,
      "StatusCode": 404,
      "ResponseHeaders": {
        "Cache-Control": "no-cache",
        "Content-Length": "130",
        "Content-Type": "application/json; charset=utf-8",
        "Date": "Fri, 11 Nov 2022 00:02:05 GMT",
        "Expires": "-1",
        "Pragma": "no-cache",
        "Strict-Transport-Security": "max-age=31536000;includeSubDomains",
        "X-Content-Type-Options": "nosniff",
        "x-ms-client-request-id": "c61ed9c4-13b5-4fbd-b28c-5eff4e5ffa32",
        "x-ms-keyvault-network-info": "conn_type=Ipv4;addr=167.220.80.222;act_addr_fam=InterNetwork;",
        "x-ms-keyvault-rbac-assignment-id": "e0879cc6-53b1-5604-999d-586eba05a46e",
        "x-ms-keyvault-rbac-cache": "ra_age=59;da_age=2748;rd_age=2748;brd_age=22325;ra_notif_age=118;dec_lev=1;",
        "x-ms-keyvault-region": "australiacentral",
        "x-ms-keyvault-service-version": "1.9.576.1",
        "x-ms-request-id": "c33e8fca-7b50-4907-b9aa-fd19ce4abee2"
      },
      "ResponseBody": {
        "error": {
          "code": "SecretNotFound",
          "message": "Deleted Secret not found: CRUDSecretName-canupdateadisabledsecret-7174788008515369"
        }
      }
    },
    {
      "RequestUri": "https://keyvault_name.vault.azure.net/deletedsecrets/CRUDSecretName-canupdateadisabledsecret-7174788008515369?api-version=7.4-preview.1",
      "RequestMethod": "GET",
      "RequestHeaders": {
        "Accept": "application/json",
        "Accept-Encoding": "gzip,deflate",
        "Authorization": "Sanitized",
        "Connection": "keep-alive",
        "User-Agent": "azsdk-js-keyvault-secrets/4.7.0-beta.1 core-rest-pipeline/1.10.1 Node/v16.15.1 OS/(x64-Linux-5.10.102.1-microsoft-standard-WSL2)",
        "x-ms-client-request-id": "72654a78-beb4-4456-bef8-948e75a5cc68"
      },
      "RequestBody": null,
      "StatusCode": 404,
      "ResponseHeaders": {
        "Cache-Control": "no-cache",
        "Content-Length": "130",
        "Content-Type": "application/json; charset=utf-8",
        "Date": "Fri, 11 Nov 2022 00:02:05 GMT",
        "Expires": "-1",
        "Pragma": "no-cache",
        "Strict-Transport-Security": "max-age=31536000;includeSubDomains",
        "X-Content-Type-Options": "nosniff",
        "x-ms-client-request-id": "72654a78-beb4-4456-bef8-948e75a5cc68",
        "x-ms-keyvault-network-info": "conn_type=Ipv4;addr=167.220.80.222;act_addr_fam=InterNetwork;",
        "x-ms-keyvault-rbac-assignment-id": "e0879cc6-53b1-5604-999d-586eba05a46e",
        "x-ms-keyvault-rbac-cache": "ra_age=60;da_age=2748;rd_age=2748;brd_age=22325;ra_notif_age=118;dec_lev=0;",
        "x-ms-keyvault-region": "australiacentral",
        "x-ms-keyvault-service-version": "1.9.576.1",
        "x-ms-request-id": "b0e24492-58a2-4565-b470-803e47a18b3f"
      },
      "ResponseBody": {
        "error": {
          "code": "SecretNotFound",
          "message": "Deleted Secret not found: CRUDSecretName-canupdateadisabledsecret-7174788008515369"
        }
      }
    },
    {
      "RequestUri": "https://keyvault_name.vault.azure.net/deletedsecrets/CRUDSecretName-canupdateadisabledsecret-7174788008515369?api-version=7.4-preview.1",
      "RequestMethod": "GET",
      "RequestHeaders": {
        "Accept": "application/json",
        "Accept-Encoding": "gzip,deflate",
        "Authorization": "Sanitized",
        "Connection": "keep-alive",
        "User-Agent": "azsdk-js-keyvault-secrets/4.7.0-beta.1 core-rest-pipeline/1.10.1 Node/v16.15.1 OS/(x64-Linux-5.10.102.1-microsoft-standard-WSL2)",
        "x-ms-client-request-id": "6dfb07da-9f26-4b2d-9b7d-818ff121980b"
      },
      "RequestBody": null,
      "StatusCode": 403,
      "ResponseHeaders": {
        "Cache-Control": "no-cache",
        "Content-Length": "132",
        "Content-Type": "application/json; charset=utf-8",
        "Date": "Fri, 11 Nov 2022 00:02:11 GMT",
        "Expires": "-1",
        "Pragma": "no-cache",
        "Strict-Transport-Security": "max-age=31536000;includeSubDomains",
        "X-Content-Type-Options": "nosniff",
        "x-ms-client-request-id": "6dfb07da-9f26-4b2d-9b7d-818ff121980b",
        "x-ms-keyvault-network-info": "conn_type=Ipv4;addr=167.220.80.222;act_addr_fam=InterNetwork;",
        "x-ms-keyvault-rbac-assignment-id": "e0879cc6-53b1-5604-999d-586eba05a46e",
        "x-ms-keyvault-rbac-cache": "ra_age=65;da_age=2753;rd_age=2753;brd_age=22330;ra_notif_age=123;dec_lev=0;",
        "x-ms-keyvault-region": "australiacentral",
        "x-ms-keyvault-service-version": "1.9.576.1",
        "x-ms-request-id": "8bd40f62-4363-40b7-94bb-02a7da8a6422"
      },
      "ResponseBody": {
        "error": {
          "code": "Forbidden",
          "message": "Operation get is not allowed on a disabled secret.",
          "innererror": {
            "code": "SecretDisabled"
          }
        }
      }
    },
    {
      "RequestUri": "https://keyvault_name.vault.azure.net/deletedsecrets/CRUDSecretName-canupdateadisabledsecret-7174788008515369?api-version=7.4-preview.1",
      "RequestMethod": "DELETE",
      "RequestHeaders": {
        "Accept": "application/json",
        "Accept-Encoding": "gzip,deflate",
        "Authorization": "Sanitized",
        "Connection": "keep-alive",
        "User-Agent": "azsdk-js-keyvault-secrets/4.7.0-beta.1 core-rest-pipeline/1.10.1 Node/v16.15.1 OS/(x64-Linux-5.10.102.1-microsoft-standard-WSL2)",
        "x-ms-client-request-id": "2eed33eb-1b74-48c4-ba8a-035dcdd9f359"
      },
      "RequestBody": null,
      "StatusCode": 204,
      "ResponseHeaders": {
        "Cache-Control": "no-cache",
        "Date": "Fri, 11 Nov 2022 00:02:11 GMT",
        "Expires": "-1",
        "Pragma": "no-cache",
        "Strict-Transport-Security": "max-age=31536000;includeSubDomains",
        "X-Content-Type-Options": "nosniff",
        "x-ms-client-request-id": "2eed33eb-1b74-48c4-ba8a-035dcdd9f359",
        "x-ms-keyvault-network-info": "conn_type=Ipv4;addr=167.220.80.222;act_addr_fam=InterNetwork;",
        "x-ms-keyvault-rbac-assignment-id": "e0879cc6-53b1-5604-999d-586eba05a46e",
        "x-ms-keyvault-rbac-cache": "ra_age=65;da_age=2753;rd_age=2753;brd_age=22330;ra_notif_age=124;dec_lev=1;",
        "x-ms-keyvault-region": "australiacentral",
        "x-ms-keyvault-service-version": "1.9.576.1",
        "x-ms-request-id": "f77769c5-0d48-4b20-a117-aa076f32f04b"
      },
      "ResponseBody": null
    },
    {
      "RequestUri": "https://keyvault_name.vault.azure.net/secrets/CRUDSecretName-canupdateasecret-8124110108916367?api-version=7.4-preview.1",
      "RequestMethod": "DELETE",
      "RequestHeaders": {
        "Accept": "application/json",
        "Accept-Encoding": "gzip,deflate",
        "Authorization": "Sanitized",
        "Connection": "keep-alive",
        "User-Agent": "azsdk-js-keyvault-secrets/4.7.0-beta.1 core-rest-pipeline/1.10.1 Node/v16.15.1 OS/(x64-Linux-5.10.102.1-microsoft-standard-WSL2)",
        "x-ms-client-request-id": "5ffc8b3e-f594-4cea-a4f3-45700ac6fcc5"
      },
      "RequestBody": null,
      "StatusCode": 200,
      "ResponseHeaders": {
        "Cache-Control": "no-cache",
        "Content-Length": "470",
        "Content-Type": "application/json; charset=utf-8",
        "Date": "Fri, 11 Nov 2022 00:02:12 GMT",
        "Expires": "-1",
        "Pragma": "no-cache",
        "Strict-Transport-Security": "max-age=31536000;includeSubDomains",
        "X-Content-Type-Options": "nosniff",
        "x-ms-client-request-id": "5ffc8b3e-f594-4cea-a4f3-45700ac6fcc5",
        "x-ms-keyvault-network-info": "conn_type=Ipv4;addr=167.220.80.222;act_addr_fam=InterNetwork;",
        "x-ms-keyvault-rbac-assignment-id": "e0879cc6-53b1-5604-999d-586eba05a46e",
        "x-ms-keyvault-rbac-cache": "ra_age=65;da_age=2754;rd_age=2754;brd_age=22331;ra_notif_age=124;dec_lev=1;",
        "x-ms-keyvault-region": "australiacentral",
        "x-ms-keyvault-service-version": "1.9.576.1",
        "x-ms-request-id": "cd82fdea-24f0-474e-9bcd-42b6287c90b7"
      },
      "ResponseBody": {
        "recoveryId": "https://keyvault_name.vault.azure.net/deletedsecrets/CRUDSecretName-canupdateasecret-8124110108916367",
        "deletedDate": 1668124932,
        "scheduledPurgeDate": 1668729732,
        "id": "https://keyvault_name.vault.azure.net/secrets/CRUDSecretName-canupdateasecret-8124110108916367/33b80650aa0e447bb960a88fb06f53c7",
        "attributes": {
          "enabled": true,
          "exp": 32503680000,
          "created": 1668124870,
          "updated": 1668124871,
          "recoveryLevel": "CustomizedRecoverable\u002BPurgeable",
          "recoverableDays": 7
        }
      }
    },
    {
      "RequestUri": "https://keyvault_name.vault.azure.net/deletedsecrets/CRUDSecretName-canupdateasecret-8124110108916367?api-version=7.4-preview.1",
      "RequestMethod": "GET",
      "RequestHeaders": {
        "Accept": "application/json",
        "Accept-Encoding": "gzip,deflate",
        "Authorization": "Sanitized",
        "Connection": "keep-alive",
        "User-Agent": "azsdk-js-keyvault-secrets/4.7.0-beta.1 core-rest-pipeline/1.10.1 Node/v16.15.1 OS/(x64-Linux-5.10.102.1-microsoft-standard-WSL2)",
        "x-ms-client-request-id": "d1b8e52c-8949-4908-b369-f51ae4e32e82"
      },
      "RequestBody": null,
      "StatusCode": 404,
      "ResponseHeaders": {
        "Cache-Control": "no-cache",
        "Content-Length": "122",
        "Content-Type": "application/json; charset=utf-8",
        "Date": "Fri, 11 Nov 2022 00:02:12 GMT",
        "Expires": "-1",
        "Pragma": "no-cache",
        "Strict-Transport-Security": "max-age=31536000;includeSubDomains",
        "X-Content-Type-Options": "nosniff",
        "x-ms-client-request-id": "d1b8e52c-8949-4908-b369-f51ae4e32e82",
        "x-ms-keyvault-network-info": "conn_type=Ipv4;addr=167.220.80.222;act_addr_fam=InterNetwork;",
        "x-ms-keyvault-rbac-assignment-id": "e0879cc6-53b1-5604-999d-586eba05a46e",
        "x-ms-keyvault-rbac-cache": "ra_age=66;da_age=2754;rd_age=2754;brd_age=22331;ra_notif_age=124;dec_lev=0;",
        "x-ms-keyvault-region": "australiacentral",
        "x-ms-keyvault-service-version": "1.9.576.1",
        "x-ms-request-id": "8b009faf-0aa6-4d6e-9c72-2f4b4bc96a71"
      },
      "ResponseBody": {
        "error": {
          "code": "SecretNotFound",
          "message": "Deleted Secret not found: CRUDSecretName-canupdateasecret-8124110108916367"
        }
      }
    },
    {
      "RequestUri": "https://keyvault_name.vault.azure.net/deletedsecrets/CRUDSecretName-canupdateasecret-8124110108916367?api-version=7.4-preview.1",
      "RequestMethod": "GET",
      "RequestHeaders": {
        "Accept": "application/json",
        "Accept-Encoding": "gzip,deflate",
        "Authorization": "Sanitized",
        "Connection": "keep-alive",
        "User-Agent": "azsdk-js-keyvault-secrets/4.7.0-beta.1 core-rest-pipeline/1.10.1 Node/v16.15.1 OS/(x64-Linux-5.10.102.1-microsoft-standard-WSL2)",
        "x-ms-client-request-id": "ae3cca85-6e13-4081-acca-397c93e0c925"
      },
      "RequestBody": null,
      "StatusCode": 404,
      "ResponseHeaders": {
        "Cache-Control": "no-cache",
        "Content-Length": "122",
        "Content-Type": "application/json; charset=utf-8",
        "Date": "Fri, 11 Nov 2022 00:02:12 GMT",
        "Expires": "-1",
        "Pragma": "no-cache",
        "Strict-Transport-Security": "max-age=31536000;includeSubDomains",
        "X-Content-Type-Options": "nosniff",
        "x-ms-client-request-id": "ae3cca85-6e13-4081-acca-397c93e0c925",
        "x-ms-keyvault-network-info": "conn_type=Ipv4;addr=167.220.80.222;act_addr_fam=InterNetwork;",
        "x-ms-keyvault-rbac-assignment-id": "e0879cc6-53b1-5604-999d-586eba05a46e",
        "x-ms-keyvault-rbac-cache": "ra_age=66;da_age=2754;rd_age=2754;brd_age=22331;ra_notif_age=124;dec_lev=0;",
        "x-ms-keyvault-region": "australiacentral",
        "x-ms-keyvault-service-version": "1.9.576.1",
        "x-ms-request-id": "a8081d9f-8e7c-488e-9bc7-7b10322616c7"
      },
      "ResponseBody": {
        "error": {
          "code": "SecretNotFound",
          "message": "Deleted Secret not found: CRUDSecretName-canupdateasecret-8124110108916367"
        }
      }
    },
    {
      "RequestUri": "https://keyvault_name.vault.azure.net/deletedsecrets/CRUDSecretName-canupdateasecret-8124110108916367?api-version=7.4-preview.1",
      "RequestMethod": "GET",
      "RequestHeaders": {
        "Accept": "application/json",
        "Accept-Encoding": "gzip,deflate",
        "Authorization": "Sanitized",
        "Connection": "keep-alive",
        "User-Agent": "azsdk-js-keyvault-secrets/4.7.0-beta.1 core-rest-pipeline/1.10.1 Node/v16.15.1 OS/(x64-Linux-5.10.102.1-microsoft-standard-WSL2)",
        "x-ms-client-request-id": "e20326c7-b5fe-48ff-a692-9adbe270886d"
      },
      "RequestBody": null,
      "StatusCode": 200,
      "ResponseHeaders": {
        "Cache-Control": "no-cache",
        "Content-Length": "470",
        "Content-Type": "application/json; charset=utf-8",
        "Date": "Fri, 11 Nov 2022 00:02:17 GMT",
        "Expires": "-1",
        "Pragma": "no-cache",
        "Strict-Transport-Security": "max-age=31536000;includeSubDomains",
        "X-Content-Type-Options": "nosniff",
        "x-ms-client-request-id": "e20326c7-b5fe-48ff-a692-9adbe270886d",
        "x-ms-keyvault-network-info": "conn_type=Ipv4;addr=167.220.80.222;act_addr_fam=InterNetwork;",
        "x-ms-keyvault-rbac-assignment-id": "e0879cc6-53b1-5604-999d-586eba05a46e",
        "x-ms-keyvault-rbac-cache": "ra_age=71;da_age=2760;rd_age=2760;brd_age=22336;ra_notif_age=130;dec_lev=0;",
        "x-ms-keyvault-region": "australiacentral",
        "x-ms-keyvault-service-version": "1.9.576.1",
        "x-ms-request-id": "1c46b83c-887f-4653-a19f-1581b5adba21"
      },
      "ResponseBody": {
        "recoveryId": "https://keyvault_name.vault.azure.net/deletedsecrets/CRUDSecretName-canupdateasecret-8124110108916367",
        "deletedDate": 1668124932,
        "scheduledPurgeDate": 1668729732,
        "id": "https://keyvault_name.vault.azure.net/secrets/CRUDSecretName-canupdateasecret-8124110108916367/33b80650aa0e447bb960a88fb06f53c7",
        "attributes": {
          "enabled": true,
          "exp": 32503680000,
          "created": 1668124870,
          "updated": 1668124871,
          "recoveryLevel": "CustomizedRecoverable\u002BPurgeable",
          "recoverableDays": 7
        }
      }
    },
    {
      "RequestUri": "https://keyvault_name.vault.azure.net/deletedsecrets/CRUDSecretName-canupdateasecret-8124110108916367?api-version=7.4-preview.1",
      "RequestMethod": "DELETE",
      "RequestHeaders": {
        "Accept": "application/json",
        "Accept-Encoding": "gzip,deflate",
        "Authorization": "Sanitized",
        "Connection": "keep-alive",
        "User-Agent": "azsdk-js-keyvault-secrets/4.7.0-beta.1 core-rest-pipeline/1.10.1 Node/v16.15.1 OS/(x64-Linux-5.10.102.1-microsoft-standard-WSL2)",
        "x-ms-client-request-id": "18b4cde4-e88e-48f2-957a-16626061ad21"
      },
      "RequestBody": null,
      "StatusCode": 204,
      "ResponseHeaders": {
        "Cache-Control": "no-cache",
        "Date": "Fri, 11 Nov 2022 00:02:17 GMT",
        "Expires": "-1",
        "Pragma": "no-cache",
        "Strict-Transport-Security": "max-age=31536000;includeSubDomains",
        "X-Content-Type-Options": "nosniff",
        "x-ms-client-request-id": "18b4cde4-e88e-48f2-957a-16626061ad21",
        "x-ms-keyvault-network-info": "conn_type=Ipv4;addr=167.220.80.222;act_addr_fam=InterNetwork;",
        "x-ms-keyvault-rbac-assignment-id": "e0879cc6-53b1-5604-999d-586eba05a46e",
        "x-ms-keyvault-rbac-cache": "ra_age=71;da_age=2760;rd_age=2760;brd_age=22337;ra_notif_age=130;dec_lev=1;",
        "x-ms-keyvault-region": "australiacentral",
        "x-ms-keyvault-service-version": "1.9.576.1",
        "x-ms-request-id": "e61f291b-4959-48b6-89be-05aa3d66bc44"
      },
      "ResponseBody": null
    },
    {
      "RequestUri": "https://keyvault_name.vault.azure.net/secrets/listCertificateName-canlistcertificates-59411368777662950?api-version=7.4-preview.1",
      "RequestMethod": "DELETE",
      "RequestHeaders": {
        "Accept": "application/json",
        "Accept-Encoding": "gzip,deflate",
        "Authorization": "Sanitized",
        "Connection": "keep-alive",
        "User-Agent": "azsdk-js-keyvault-secrets/4.7.0-beta.1 core-rest-pipeline/1.10.1 Node/v16.15.1 OS/(x64-Linux-5.10.102.1-microsoft-standard-WSL2)",
        "x-ms-client-request-id": "3a7fd020-f169-48aa-bdd1-c793b3b4a942"
      },
      "RequestBody": null,
      "StatusCode": 403,
      "ResponseHeaders": {
        "Cache-Control": "no-cache",
        "Content-Length": "381",
        "Content-Type": "application/json; charset=utf-8",
        "Date": "Fri, 11 Nov 2022 00:02:18 GMT",
        "Expires": "-1",
        "Pragma": "no-cache",
        "Strict-Transport-Security": "max-age=31536000;includeSubDomains",
        "X-Content-Type-Options": "nosniff",
        "x-ms-client-request-id": "3a7fd020-f169-48aa-bdd1-c793b3b4a942",
        "x-ms-keyvault-network-info": "conn_type=Ipv4;addr=167.220.80.222;act_addr_fam=InterNetwork;",
        "x-ms-keyvault-rbac-assignment-id": "e0879cc6-53b1-5604-999d-586eba05a46e",
        "x-ms-keyvault-rbac-cache": "ra_age=72;da_age=2760;rd_age=2760;brd_age=22337;ra_notif_age=130;dec_lev=1;",
        "x-ms-keyvault-region": "australiacentral",
        "x-ms-keyvault-service-version": "1.9.576.1",
        "x-ms-request-id": "724e177d-b4d6-4771-aeba-20267489cd34"
      },
      "ResponseBody": {
        "error": {
          "code": "Forbidden",
          "message": "Operation \u0022delete\u0022 is not allowed on this secret, since it is associated with a certificate. Perform the operation on the corresponding certificate. For more information refer to https://docs.microsoft.com/en-us/azure/key-vault/certificates/about-certificates#composition-of-a-certificate",
          "innererror": {
            "code": "SecretManagedByKeyVault"
          }
        }
      }
    },
    {
      "RequestUri": "https://keyvault_name.vault.azure.net/secrets/listCertificateName-canlistcertificates-59411368777662951?api-version=7.4-preview.1",
      "RequestMethod": "DELETE",
      "RequestHeaders": {
        "Accept": "application/json",
        "Accept-Encoding": "gzip,deflate",
        "Authorization": "Sanitized",
        "Connection": "keep-alive",
        "User-Agent": "azsdk-js-keyvault-secrets/4.7.0-beta.1 core-rest-pipeline/1.10.1 Node/v16.15.1 OS/(x64-Linux-5.10.102.1-microsoft-standard-WSL2)",
        "x-ms-client-request-id": "80e1fcbc-5023-488f-84e1-19e3b9a8ddff"
      },
      "RequestBody": null,
      "StatusCode": 403,
      "ResponseHeaders": {
        "Cache-Control": "no-cache",
        "Content-Length": "381",
        "Content-Type": "application/json; charset=utf-8",
        "Date": "Fri, 11 Nov 2022 00:02:18 GMT",
        "Expires": "-1",
        "Pragma": "no-cache",
        "Strict-Transport-Security": "max-age=31536000;includeSubDomains",
        "X-Content-Type-Options": "nosniff",
        "x-ms-client-request-id": "80e1fcbc-5023-488f-84e1-19e3b9a8ddff",
        "x-ms-keyvault-network-info": "conn_type=Ipv4;addr=167.220.80.222;act_addr_fam=InterNetwork;",
        "x-ms-keyvault-rbac-assignment-id": "e0879cc6-53b1-5604-999d-586eba05a46e",
        "x-ms-keyvault-rbac-cache": "ra_age=72;da_age=2760;rd_age=2760;brd_age=22337;ra_notif_age=130;dec_lev=1;",
        "x-ms-keyvault-region": "australiacentral",
        "x-ms-keyvault-service-version": "1.9.576.1",
        "x-ms-request-id": "5d9ed2d1-2c87-4e92-b876-2f7f133c8392"
      },
      "ResponseBody": {
        "error": {
          "code": "Forbidden",
          "message": "Operation \u0022delete\u0022 is not allowed on this secret, since it is associated with a certificate. Perform the operation on the corresponding certificate. For more information refer to https://docs.microsoft.com/en-us/azure/key-vault/certificates/about-certificates#composition-of-a-certificate",
          "innererror": {
            "code": "SecretManagedByKeyVault"
          }
        }
      }
    },
    {
      "RequestUri": "https://keyvault_name.vault.azure.net/secrets/listCertificateName-canlistcertificatesbypage-0606463737087361570?api-version=7.4-preview.1",
      "RequestMethod": "DELETE",
      "RequestHeaders": {
        "Accept": "application/json",
        "Accept-Encoding": "gzip,deflate",
        "Authorization": "Sanitized",
        "Connection": "keep-alive",
        "User-Agent": "azsdk-js-keyvault-secrets/4.7.0-beta.1 core-rest-pipeline/1.10.1 Node/v16.15.1 OS/(x64-Linux-5.10.102.1-microsoft-standard-WSL2)",
        "x-ms-client-request-id": "431d5a43-5ce2-4c14-b2c6-c5dfc983b014"
      },
      "RequestBody": null,
      "StatusCode": 403,
      "ResponseHeaders": {
        "Cache-Control": "no-cache",
        "Content-Length": "381",
        "Content-Type": "application/json; charset=utf-8",
        "Date": "Fri, 11 Nov 2022 00:02:18 GMT",
        "Expires": "-1",
        "Pragma": "no-cache",
        "Strict-Transport-Security": "max-age=31536000;includeSubDomains",
        "X-Content-Type-Options": "nosniff",
        "x-ms-client-request-id": "431d5a43-5ce2-4c14-b2c6-c5dfc983b014",
        "x-ms-keyvault-network-info": "conn_type=Ipv4;addr=167.220.80.222;act_addr_fam=InterNetwork;",
        "x-ms-keyvault-rbac-assignment-id": "e0879cc6-53b1-5604-999d-586eba05a46e",
        "x-ms-keyvault-rbac-cache": "ra_age=72;da_age=2760;rd_age=2760;brd_age=22337;ra_notif_age=131;dec_lev=1;",
        "x-ms-keyvault-region": "australiacentral",
        "x-ms-keyvault-service-version": "1.9.576.1",
        "x-ms-request-id": "1145918d-932b-4f48-be4a-7900ad45bc97"
      },
      "ResponseBody": {
        "error": {
          "code": "Forbidden",
          "message": "Operation \u0022delete\u0022 is not allowed on this secret, since it is associated with a certificate. Perform the operation on the corresponding certificate. For more information refer to https://docs.microsoft.com/en-us/azure/key-vault/certificates/about-certificates#composition-of-a-certificate",
          "innererror": {
            "code": "SecretManagedByKeyVault"
          }
        }
      }
    },
    {
      "RequestUri": "https://keyvault_name.vault.azure.net/secrets/listCertificateName-canlistcertificatesbypage-0606463737087361571?api-version=7.4-preview.1",
      "RequestMethod": "DELETE",
      "RequestHeaders": {
        "Accept": "application/json",
        "Accept-Encoding": "gzip,deflate",
        "Authorization": "Sanitized",
        "Connection": "keep-alive",
        "User-Agent": "azsdk-js-keyvault-secrets/4.7.0-beta.1 core-rest-pipeline/1.10.1 Node/v16.15.1 OS/(x64-Linux-5.10.102.1-microsoft-standard-WSL2)",
        "x-ms-client-request-id": "bc7da907-37b8-43ed-9b39-c2daf2ce9e04"
      },
      "RequestBody": null,
      "StatusCode": 403,
      "ResponseHeaders": {
        "Cache-Control": "no-cache",
        "Content-Length": "381",
        "Content-Type": "application/json; charset=utf-8",
        "Date": "Fri, 11 Nov 2022 00:02:18 GMT",
        "Expires": "-1",
        "Pragma": "no-cache",
        "Strict-Transport-Security": "max-age=31536000;includeSubDomains",
        "X-Content-Type-Options": "nosniff",
        "x-ms-client-request-id": "bc7da907-37b8-43ed-9b39-c2daf2ce9e04",
        "x-ms-keyvault-network-info": "conn_type=Ipv4;addr=167.220.80.222;act_addr_fam=InterNetwork;",
        "x-ms-keyvault-rbac-assignment-id": "e0879cc6-53b1-5604-999d-586eba05a46e",
        "x-ms-keyvault-rbac-cache": "ra_age=72;da_age=2761;rd_age=2761;brd_age=22337;ra_notif_age=131;dec_lev=1;",
        "x-ms-keyvault-region": "australiacentral",
        "x-ms-keyvault-service-version": "1.9.576.1",
        "x-ms-request-id": "696ff7d2-137f-4ccf-9537-34d15a26857d"
      },
      "ResponseBody": {
        "error": {
          "code": "Forbidden",
          "message": "Operation \u0022delete\u0022 is not allowed on this secret, since it is associated with a certificate. Perform the operation on the corresponding certificate. For more information refer to https://docs.microsoft.com/en-us/azure/key-vault/certificates/about-certificates#composition-of-a-certificate",
          "innererror": {
            "code": "SecretManagedByKeyVault"
          }
        }
      }
    },
    {
      "RequestUri": "https://keyvault_name.vault.azure.net/secrets/listCertificateName-canretrieveallversionsofacertificate-8426486803415174?api-version=7.4-preview.1",
      "RequestMethod": "DELETE",
      "RequestHeaders": {
        "Accept": "application/json",
        "Accept-Encoding": "gzip,deflate",
        "Authorization": "Sanitized",
        "Connection": "keep-alive",
        "User-Agent": "azsdk-js-keyvault-secrets/4.7.0-beta.1 core-rest-pipeline/1.10.1 Node/v16.15.1 OS/(x64-Linux-5.10.102.1-microsoft-standard-WSL2)",
        "x-ms-client-request-id": "cccc426a-4339-414b-ac00-323448df91ca"
      },
      "RequestBody": null,
      "StatusCode": 403,
      "ResponseHeaders": {
        "Cache-Control": "no-cache",
        "Content-Length": "381",
        "Content-Type": "application/json; charset=utf-8",
        "Date": "Fri, 11 Nov 2022 00:02:18 GMT",
        "Expires": "-1",
        "Pragma": "no-cache",
        "Strict-Transport-Security": "max-age=31536000;includeSubDomains",
        "X-Content-Type-Options": "nosniff",
        "x-ms-client-request-id": "cccc426a-4339-414b-ac00-323448df91ca",
        "x-ms-keyvault-network-info": "conn_type=Ipv4;addr=167.220.80.222;act_addr_fam=InterNetwork;",
        "x-ms-keyvault-rbac-assignment-id": "e0879cc6-53b1-5604-999d-586eba05a46e",
        "x-ms-keyvault-rbac-cache": "ra_age=72;da_age=2761;rd_age=2761;brd_age=22338;ra_notif_age=131;dec_lev=1;",
        "x-ms-keyvault-region": "australiacentral",
        "x-ms-keyvault-service-version": "1.9.576.1",
        "x-ms-request-id": "db43ef92-270b-421d-bd7d-a65448f48041"
      },
      "ResponseBody": {
        "error": {
          "code": "Forbidden",
          "message": "Operation \u0022delete\u0022 is not allowed on this secret, since it is associated with a certificate. Perform the operation on the corresponding certificate. For more information refer to https://docs.microsoft.com/en-us/azure/key-vault/certificates/about-certificates#composition-of-a-certificate",
          "innererror": {
            "code": "SecretManagedByKeyVault"
          }
        }
      }
    },
    {
      "RequestUri": "https://keyvault_name.vault.azure.net/secrets/lroCreateCertificateName-canresumefromastoppedpoller-8586700567440304?api-version=7.4-preview.1",
      "RequestMethod": "DELETE",
      "RequestHeaders": {
        "Accept": "application/json",
        "Accept-Encoding": "gzip,deflate",
        "Authorization": "Sanitized",
        "Connection": "keep-alive",
        "User-Agent": "azsdk-js-keyvault-secrets/4.7.0-beta.1 core-rest-pipeline/1.10.1 Node/v16.15.1 OS/(x64-Linux-5.10.102.1-microsoft-standard-WSL2)",
        "x-ms-client-request-id": "6ac53dce-623d-4123-accd-8a41d6306f2a"
      },
      "RequestBody": null,
      "StatusCode": 403,
      "ResponseHeaders": {
        "Cache-Control": "no-cache",
        "Content-Length": "381",
        "Content-Type": "application/json; charset=utf-8",
        "Date": "Fri, 11 Nov 2022 00:02:18 GMT",
        "Expires": "-1",
        "Pragma": "no-cache",
        "Strict-Transport-Security": "max-age=31536000;includeSubDomains",
        "X-Content-Type-Options": "nosniff",
        "x-ms-client-request-id": "6ac53dce-623d-4123-accd-8a41d6306f2a",
        "x-ms-keyvault-network-info": "conn_type=Ipv4;addr=167.220.80.222;act_addr_fam=InterNetwork;",
        "x-ms-keyvault-rbac-assignment-id": "e0879cc6-53b1-5604-999d-586eba05a46e",
        "x-ms-keyvault-rbac-cache": "ra_age=73;da_age=2761;rd_age=2761;brd_age=22338;ra_notif_age=131;dec_lev=1;",
        "x-ms-keyvault-region": "australiacentral",
        "x-ms-keyvault-service-version": "1.9.576.1",
        "x-ms-request-id": "ac2e71bb-03f8-47ce-bb13-77674c6e5c3c"
      },
      "ResponseBody": {
        "error": {
          "code": "Forbidden",
          "message": "Operation \u0022delete\u0022 is not allowed on this secret, since it is associated with a certificate. Perform the operation on the corresponding certificate. For more information refer to https://docs.microsoft.com/en-us/azure/key-vault/certificates/about-certificates#composition-of-a-certificate",
          "innererror": {
            "code": "SecretManagedByKeyVault"
          }
        }
      }
    },
    {
      "RequestUri": "https://keyvault_name.vault.azure.net/secrets/lroCreateCertificateName-canwaituntilacertificateiscreated-20491428779287468?api-version=7.4-preview.1",
      "RequestMethod": "DELETE",
      "RequestHeaders": {
        "Accept": "application/json",
        "Accept-Encoding": "gzip,deflate",
        "Authorization": "Sanitized",
        "Connection": "keep-alive",
        "User-Agent": "azsdk-js-keyvault-secrets/4.7.0-beta.1 core-rest-pipeline/1.10.1 Node/v16.15.1 OS/(x64-Linux-5.10.102.1-microsoft-standard-WSL2)",
        "x-ms-client-request-id": "fa925623-cd60-430b-95ac-7f43729b9238"
      },
      "RequestBody": null,
      "StatusCode": 403,
      "ResponseHeaders": {
        "Cache-Control": "no-cache",
        "Content-Length": "381",
        "Content-Type": "application/json; charset=utf-8",
        "Date": "Fri, 11 Nov 2022 00:02:19 GMT",
        "Expires": "-1",
        "Pragma": "no-cache",
        "Strict-Transport-Security": "max-age=31536000;includeSubDomains",
        "X-Content-Type-Options": "nosniff",
        "x-ms-client-request-id": "fa925623-cd60-430b-95ac-7f43729b9238",
        "x-ms-keyvault-network-info": "conn_type=Ipv4;addr=167.220.80.222;act_addr_fam=InterNetwork;",
        "x-ms-keyvault-rbac-assignment-id": "e0879cc6-53b1-5604-999d-586eba05a46e",
        "x-ms-keyvault-rbac-cache": "ra_age=73;da_age=2761;rd_age=2761;brd_age=22338;ra_notif_age=131;dec_lev=1;",
        "x-ms-keyvault-region": "australiacentral",
        "x-ms-keyvault-service-version": "1.9.576.1",
        "x-ms-request-id": "f9556e9e-8534-44d0-9608-9db7a5e869b2"
      },
      "ResponseBody": {
        "error": {
          "code": "Forbidden",
          "message": "Operation \u0022delete\u0022 is not allowed on this secret, since it is associated with a certificate. Perform the operation on the corresponding certificate. For more information refer to https://docs.microsoft.com/en-us/azure/key-vault/certificates/about-certificates#composition-of-a-certificate",
          "innererror": {
            "code": "SecretManagedByKeyVault"
          }
        }
      }
    },
    {
      "RequestUri": "https://keyvault_name.vault.azure.net/secrets/lroOperationCertificateName-canresumefromastoppedpoller-6457180044696045?api-version=7.4-preview.1",
      "RequestMethod": "DELETE",
      "RequestHeaders": {
        "Accept": "application/json",
        "Accept-Encoding": "gzip,deflate",
        "Authorization": "Sanitized",
        "Connection": "keep-alive",
        "User-Agent": "azsdk-js-keyvault-secrets/4.7.0-beta.1 core-rest-pipeline/1.10.1 Node/v16.15.1 OS/(x64-Linux-5.10.102.1-microsoft-standard-WSL2)",
        "x-ms-client-request-id": "c5213950-3c9e-4007-9403-df4ce9796840"
      },
      "RequestBody": null,
      "StatusCode": 403,
      "ResponseHeaders": {
        "Cache-Control": "no-cache",
        "Content-Length": "381",
        "Content-Type": "application/json; charset=utf-8",
        "Date": "Fri, 11 Nov 2022 00:02:19 GMT",
        "Expires": "-1",
        "Pragma": "no-cache",
        "Strict-Transport-Security": "max-age=31536000;includeSubDomains",
        "X-Content-Type-Options": "nosniff",
        "x-ms-client-request-id": "c5213950-3c9e-4007-9403-df4ce9796840",
        "x-ms-keyvault-network-info": "conn_type=Ipv4;addr=167.220.80.222;act_addr_fam=InterNetwork;",
        "x-ms-keyvault-rbac-assignment-id": "e0879cc6-53b1-5604-999d-586eba05a46e",
        "x-ms-keyvault-rbac-cache": "ra_age=73;da_age=2761;rd_age=2761;brd_age=22338;ra_notif_age=132;dec_lev=1;",
        "x-ms-keyvault-region": "australiacentral",
        "x-ms-keyvault-service-version": "1.9.576.1",
        "x-ms-request-id": "266e1ca7-47c9-4235-85fe-c87a5328e68f"
      },
      "ResponseBody": {
        "error": {
          "code": "Forbidden",
          "message": "Operation \u0022delete\u0022 is not allowed on this secret, since it is associated with a certificate. Perform the operation on the corresponding certificate. For more information refer to https://docs.microsoft.com/en-us/azure/key-vault/certificates/about-certificates#composition-of-a-certificate",
          "innererror": {
            "code": "SecretManagedByKeyVault"
          }
        }
      }
    },
    {
      "RequestUri": "https://keyvault_name.vault.azure.net/secrets/lroOperationCertificateName-canwaituntilacertificateiscreatedbygettingthepollerfromgetCertificateOperation-00394355333797658?api-version=7.4-preview.1",
      "RequestMethod": "DELETE",
      "RequestHeaders": {
        "Accept": "application/json",
        "Accept-Encoding": "gzip,deflate",
        "Authorization": "Sanitized",
        "Connection": "keep-alive",
        "User-Agent": "azsdk-js-keyvault-secrets/4.7.0-beta.1 core-rest-pipeline/1.10.1 Node/v16.15.1 OS/(x64-Linux-5.10.102.1-microsoft-standard-WSL2)",
        "x-ms-client-request-id": "b28b5453-85cf-454c-a69a-01a603e5cd25"
      },
      "RequestBody": null,
      "StatusCode": 403,
      "ResponseHeaders": {
        "Cache-Control": "no-cache",
        "Content-Length": "381",
        "Content-Type": "application/json; charset=utf-8",
        "Date": "Fri, 11 Nov 2022 00:02:19 GMT",
        "Expires": "-1",
        "Pragma": "no-cache",
        "Strict-Transport-Security": "max-age=31536000;includeSubDomains",
        "X-Content-Type-Options": "nosniff",
        "x-ms-client-request-id": "b28b5453-85cf-454c-a69a-01a603e5cd25",
        "x-ms-keyvault-network-info": "conn_type=Ipv4;addr=167.220.80.222;act_addr_fam=InterNetwork;",
        "x-ms-keyvault-rbac-assignment-id": "e0879cc6-53b1-5604-999d-586eba05a46e",
        "x-ms-keyvault-rbac-cache": "ra_age=73;da_age=2762;rd_age=2762;brd_age=22338;ra_notif_age=132;dec_lev=1;",
        "x-ms-keyvault-region": "australiacentral",
        "x-ms-keyvault-service-version": "1.9.576.1",
        "x-ms-request-id": "7866408a-4418-4461-bd3c-07ffcbd26924"
      },
      "ResponseBody": {
        "error": {
          "code": "Forbidden",
          "message": "Operation \u0022delete\u0022 is not allowed on this secret, since it is associated with a certificate. Perform the operation on the corresponding certificate. For more information refer to https://docs.microsoft.com/en-us/azure/key-vault/certificates/about-certificates#composition-of-a-certificate",
          "innererror": {
            "code": "SecretManagedByKeyVault"
          }
        }
      }
    },
    {
      "RequestUri": "https://keyvault_name.vault.azure.net/secrets/lroOperationCertificateName-canwaituntilacertificateiscreatedbygettingthepollerfromgetCertificateOperation-2560725899507281?api-version=7.4-preview.1",
      "RequestMethod": "DELETE",
      "RequestHeaders": {
        "Accept": "application/json",
        "Accept-Encoding": "gzip,deflate",
        "Authorization": "Sanitized",
        "Connection": "keep-alive",
        "User-Agent": "azsdk-js-keyvault-secrets/4.7.0-beta.1 core-rest-pipeline/1.10.1 Node/v16.15.1 OS/(x64-Linux-5.10.102.1-microsoft-standard-WSL2)",
        "x-ms-client-request-id": "8008c0ac-c096-4acc-92a4-c5b11509a777"
      },
      "RequestBody": null,
      "StatusCode": 403,
      "ResponseHeaders": {
        "Cache-Control": "no-cache",
        "Content-Length": "381",
        "Content-Type": "application/json; charset=utf-8",
        "Date": "Fri, 11 Nov 2022 00:02:19 GMT",
        "Expires": "-1",
        "Pragma": "no-cache",
        "Strict-Transport-Security": "max-age=31536000;includeSubDomains",
        "X-Content-Type-Options": "nosniff",
        "x-ms-client-request-id": "8008c0ac-c096-4acc-92a4-c5b11509a777",
        "x-ms-keyvault-network-info": "conn_type=Ipv4;addr=167.220.80.222;act_addr_fam=InterNetwork;",
        "x-ms-keyvault-rbac-assignment-id": "e0879cc6-53b1-5604-999d-586eba05a46e",
        "x-ms-keyvault-rbac-cache": "ra_age=73;da_age=2762;rd_age=2762;brd_age=22339;ra_notif_age=132;dec_lev=1;",
        "x-ms-keyvault-region": "australiacentral",
        "x-ms-keyvault-service-version": "1.9.576.1",
        "x-ms-request-id": "58ec61b0-b7b8-4a2c-8e5d-38f6dd800d3f"
      },
      "ResponseBody": {
        "error": {
          "code": "Forbidden",
          "message": "Operation \u0022delete\u0022 is not allowed on this secret, since it is associated with a certificate. Perform the operation on the corresponding certificate. For more information refer to https://docs.microsoft.com/en-us/azure/key-vault/certificates/about-certificates#composition-of-a-certificate",
          "innererror": {
            "code": "SecretManagedByKeyVault"
          }
        }
      }
    },
    {
      "RequestUri": "https://keyvault_name.vault.azure.net/secrets/lroOperationCertificateName-canwaituntilacertificateiscreatedbygettingthepollerfromgetCertificateOperation-82448032707649?api-version=7.4-preview.1",
      "RequestMethod": "DELETE",
      "RequestHeaders": {
        "Accept": "application/json",
        "Accept-Encoding": "gzip,deflate",
        "Authorization": "Sanitized",
        "Connection": "keep-alive",
        "User-Agent": "azsdk-js-keyvault-secrets/4.7.0-beta.1 core-rest-pipeline/1.10.1 Node/v16.15.1 OS/(x64-Linux-5.10.102.1-microsoft-standard-WSL2)",
        "x-ms-client-request-id": "f149b3ce-98eb-48be-923d-ca331da27cf2"
      },
      "RequestBody": null,
      "StatusCode": 403,
      "ResponseHeaders": {
        "Cache-Control": "no-cache",
        "Content-Length": "381",
        "Content-Type": "application/json; charset=utf-8",
        "Date": "Fri, 11 Nov 2022 00:02:19 GMT",
        "Expires": "-1",
        "Pragma": "no-cache",
        "Strict-Transport-Security": "max-age=31536000;includeSubDomains",
        "X-Content-Type-Options": "nosniff",
        "x-ms-client-request-id": "f149b3ce-98eb-48be-923d-ca331da27cf2",
        "x-ms-keyvault-network-info": "conn_type=Ipv4;addr=167.220.80.222;act_addr_fam=InterNetwork;",
        "x-ms-keyvault-rbac-assignment-id": "e0879cc6-53b1-5604-999d-586eba05a46e",
        "x-ms-keyvault-rbac-cache": "ra_age=74;da_age=2762;rd_age=2762;brd_age=22339;ra_notif_age=132;dec_lev=1;",
        "x-ms-keyvault-region": "australiacentral",
        "x-ms-keyvault-service-version": "1.9.576.1",
        "x-ms-request-id": "7c0a39e2-bedd-44cc-b9fe-1078dea42a25"
      },
      "ResponseBody": {
        "error": {
          "code": "Forbidden",
          "message": "Operation \u0022delete\u0022 is not allowed on this secret, since it is associated with a certificate. Perform the operation on the corresponding certificate. For more information refer to https://docs.microsoft.com/en-us/azure/key-vault/certificates/about-certificates#composition-of-a-certificate",
          "innererror": {
            "code": "SecretManagedByKeyVault"
          }
        }
      }
    },
    {
      "RequestUri": "https://keyvault_name.vault.azure.net/secrets?api-version=7.4-preview.1\u0026$skiptoken=eyJOZXh0TWFya2VyIjoiMiEyMDAhTURBd01UQTFJWE5sWTNKbGRDOU1VazlTUlVOUFZrVlNRMFZTVkVsR1NVTkJWRVZPUVUxRkxVTkJUbEpGUTA5V1JWSkJSRVZNUlZSRlJFTkZVbFJKUmtsRFFWUkZWMGxVU0ZKRlVWVkZVMVJQVUZSSlQwNVRWRWxOUlU5VlZDMHlORFV4TVRFMk5EUXpORFl4TWprME1pRXdNREF3TWpnaE9UazVPUzB4TWkwek1WUXlNem8xT1RvMU9TNDVPVGs1T1RrNVdpRS0iLCJUYXJnZXRMb2NhdGlvbiI6MH0",
      "RequestMethod": "GET",
      "RequestHeaders": {
        "Accept": "application/json",
        "Accept-Encoding": "gzip,deflate",
        "Authorization": "Sanitized",
        "Connection": "keep-alive",
        "User-Agent": "azsdk-js-keyvault-secrets/4.7.0-beta.1 core-rest-pipeline/1.10.1 Node/v16.15.1 OS/(x64-Linux-5.10.102.1-microsoft-standard-WSL2)",
        "x-ms-client-request-id": "27cfbcd2-4e1f-4fe4-8874-aa78161b22bb"
      },
      "RequestBody": null,
      "StatusCode": 200,
      "ResponseHeaders": {
        "Cache-Control": "no-cache",
        "Content-Length": "2285",
        "Content-Type": "application/json; charset=utf-8",
        "Date": "Fri, 11 Nov 2022 00:02:20 GMT",
        "Expires": "-1",
        "Pragma": "no-cache",
        "Strict-Transport-Security": "max-age=31536000;includeSubDomains",
        "X-Content-Type-Options": "nosniff",
        "x-ms-client-request-id": "27cfbcd2-4e1f-4fe4-8874-aa78161b22bb",
        "x-ms-keyvault-network-info": "conn_type=Ipv4;addr=167.220.80.222;act_addr_fam=InterNetwork;",
        "x-ms-keyvault-rbac-assignment-id": "e0879cc6-53b1-5604-999d-586eba05a46e",
        "x-ms-keyvault-rbac-cache": "ra_age=74;da_age=2762;rd_age=2762;brd_age=22339;ra_notif_age=132;dec_lev=0;",
        "x-ms-keyvault-region": "australiacentral",
        "x-ms-keyvault-service-version": "1.9.576.1",
        "x-ms-request-id": "5fbaedc1-301f-40c5-a0c7-d8c57fdbdaca"
      },
      "ResponseBody": {
        "value": [
          {
            "contentType": "application/x-pkcs12",
            "id": "https://keyvault_name.vault.azure.net/secrets/lroRecoverCertificateName-canrecoveradeletedcertificatewithrequestOptionstimeout-24511164434612942",
            "managed": true,
            "attributes": {
              "enabled": true,
              "nbf": 1668123312,
              "exp": 1699659912,
              "created": 1668123913,
              "updated": 1668123913,
              "recoveryLevel": "CustomizedRecoverable\u002BPurgeable",
              "recoverableDays": 7
            }
          },
          {
            "contentType": "application/x-pkcs12",
            "id": "https://keyvault_name.vault.azure.net/secrets/lroRecoverCertificateName-canresumefromastoppedpoller-4963023736830816",
            "managed": true,
            "attributes": {
              "enabled": true,
              "nbf": 1668123264,
              "exp": 1699659864,
              "created": 1668123864,
              "updated": 1668123864,
              "recoveryLevel": "CustomizedRecoverable\u002BPurgeable",
              "recoverableDays": 7
            }
          },
          {
            "contentType": "application/x-pkcs12",
            "id": "https://keyvault_name.vault.azure.net/secrets/mergeCertificateName-canimportacertificatefromacertificatesbase64secretvalue-84954546458993140",
            "managed": true,
            "attributes": {
              "enabled": true,
              "nbf": 1668123328,
              "exp": 1699659928,
              "created": 1668123929,
              "updated": 1668123929,
              "recoveryLevel": "CustomizedRecoverable\u002BPurgeable",
              "recoverableDays": 7
            }
          },
          {
            "contentType": "application/x-pkcs12",
            "id": "https://keyvault_name.vault.azure.net/secrets/mergeCertificateName-canimportacertificatefromacertificatesbase64secretvalue-84954546458993141",
            "managed": true,
            "attributes": {
              "enabled": true,
              "nbf": 1668123328,
              "exp": 1699659928,
              "created": 1668123940,
              "updated": 1668123940,
              "recoveryLevel": "CustomizedRecoverable\u002BPurgeable",
              "recoverableDays": 7
            }
          },
          {
            "contentType": "application/x-pkcs12",
            "id": "https://keyvault_name.vault.azure.net/secrets/mergeCertificateName-canimportacertificatefromacertificatesnonbase64secretvalue-0261850327141084360",
            "managed": true,
            "attributes": {
              "enabled": true,
              "nbf": 1668123316,
              "exp": 1699659916,
              "created": 1668123916,
              "updated": 1668123916,
              "recoveryLevel": "CustomizedRecoverable\u002BPurgeable",
              "recoverableDays": 7
            }
          },
          {
            "contentType": "application/x-pkcs12",
            "id": "https://keyvault_name.vault.azure.net/secrets/mergeCertificateName-canimportacertificatefromacertificatesnonbase64secretvalue-0261850327141084361",
            "managed": true,
            "attributes": {
              "enabled": true,
              "nbf": 1668123316,
              "exp": 1699659916,
              "created": 1668123927,
              "updated": 1668123927,
              "recoveryLevel": "CustomizedRecoverable\u002BPurgeable",
              "recoverableDays": 7
            }
          }
        ],
        "nextLink": null
      }
    },
    {
      "RequestUri": "https://keyvault_name.vault.azure.net/secrets/lroRecoverCertificateName-canrecoveradeletedcertificatewithrequestOptionstimeout-24511164434612942?api-version=7.4-preview.1",
      "RequestMethod": "DELETE",
      "RequestHeaders": {
        "Accept": "application/json",
        "Accept-Encoding": "gzip,deflate",
        "Authorization": "Sanitized",
        "Connection": "keep-alive",
        "User-Agent": "azsdk-js-keyvault-secrets/4.7.0-beta.1 core-rest-pipeline/1.10.1 Node/v16.15.1 OS/(x64-Linux-5.10.102.1-microsoft-standard-WSL2)",
        "x-ms-client-request-id": "0b934c1a-5402-4ef0-aac0-c0e161dcda02"
      },
      "RequestBody": null,
      "StatusCode": 403,
      "ResponseHeaders": {
        "Cache-Control": "no-cache",
        "Content-Length": "381",
        "Content-Type": "application/json; charset=utf-8",
        "Date": "Fri, 11 Nov 2022 00:02:20 GMT",
        "Expires": "-1",
        "Pragma": "no-cache",
        "Strict-Transport-Security": "max-age=31536000;includeSubDomains",
        "X-Content-Type-Options": "nosniff",
        "x-ms-client-request-id": "0b934c1a-5402-4ef0-aac0-c0e161dcda02",
        "x-ms-keyvault-network-info": "conn_type=Ipv4;addr=167.220.80.222;act_addr_fam=InterNetwork;",
        "x-ms-keyvault-rbac-assignment-id": "e0879cc6-53b1-5604-999d-586eba05a46e",
        "x-ms-keyvault-rbac-cache": "ra_age=74;da_age=2763;rd_age=2763;brd_age=22339;ra_notif_age=133;dec_lev=1;",
        "x-ms-keyvault-region": "australiacentral",
        "x-ms-keyvault-service-version": "1.9.576.1",
        "x-ms-request-id": "eb281e49-39af-4253-81f8-ec300836666b"
      },
      "ResponseBody": {
        "error": {
          "code": "Forbidden",
          "message": "Operation \u0022delete\u0022 is not allowed on this secret, since it is associated with a certificate. Perform the operation on the corresponding certificate. For more information refer to https://docs.microsoft.com/en-us/azure/key-vault/certificates/about-certificates#composition-of-a-certificate",
          "innererror": {
            "code": "SecretManagedByKeyVault"
          }
        }
      }
    },
    {
      "RequestUri": "https://keyvault_name.vault.azure.net/secrets/lroRecoverCertificateName-canresumefromastoppedpoller-4963023736830816?api-version=7.4-preview.1",
      "RequestMethod": "DELETE",
      "RequestHeaders": {
        "Accept": "application/json",
        "Accept-Encoding": "gzip,deflate",
        "Authorization": "Sanitized",
        "Connection": "keep-alive",
        "User-Agent": "azsdk-js-keyvault-secrets/4.7.0-beta.1 core-rest-pipeline/1.10.1 Node/v16.15.1 OS/(x64-Linux-5.10.102.1-microsoft-standard-WSL2)",
        "x-ms-client-request-id": "071ec71c-8c9c-4dad-a25d-715682e8c03f"
      },
      "RequestBody": null,
      "StatusCode": 403,
      "ResponseHeaders": {
        "Cache-Control": "no-cache",
        "Content-Length": "381",
        "Content-Type": "application/json; charset=utf-8",
        "Date": "Fri, 11 Nov 2022 00:02:20 GMT",
        "Expires": "-1",
        "Pragma": "no-cache",
        "Strict-Transport-Security": "max-age=31536000;includeSubDomains",
        "X-Content-Type-Options": "nosniff",
        "x-ms-client-request-id": "071ec71c-8c9c-4dad-a25d-715682e8c03f",
        "x-ms-keyvault-network-info": "conn_type=Ipv4;addr=167.220.80.222;act_addr_fam=InterNetwork;",
        "x-ms-keyvault-rbac-assignment-id": "e0879cc6-53b1-5604-999d-586eba05a46e",
        "x-ms-keyvault-rbac-cache": "ra_age=74;da_age=2763;rd_age=2763;brd_age=22340;ra_notif_age=133;dec_lev=1;",
        "x-ms-keyvault-region": "australiacentral",
        "x-ms-keyvault-service-version": "1.9.576.1",
        "x-ms-request-id": "c836a88f-9137-497d-88fc-87815d4800fb"
      },
      "ResponseBody": {
        "error": {
          "code": "Forbidden",
          "message": "Operation \u0022delete\u0022 is not allowed on this secret, since it is associated with a certificate. Perform the operation on the corresponding certificate. For more information refer to https://docs.microsoft.com/en-us/azure/key-vault/certificates/about-certificates#composition-of-a-certificate",
          "innererror": {
            "code": "SecretManagedByKeyVault"
          }
        }
      }
    },
    {
      "RequestUri": "https://keyvault_name.vault.azure.net/secrets/mergeCertificateName-canimportacertificatefromacertificatesbase64secretvalue-84954546458993140?api-version=7.4-preview.1",
      "RequestMethod": "DELETE",
      "RequestHeaders": {
        "Accept": "application/json",
        "Accept-Encoding": "gzip,deflate",
        "Authorization": "Sanitized",
        "Connection": "keep-alive",
        "User-Agent": "azsdk-js-keyvault-secrets/4.7.0-beta.1 core-rest-pipeline/1.10.1 Node/v16.15.1 OS/(x64-Linux-5.10.102.1-microsoft-standard-WSL2)",
        "x-ms-client-request-id": "2ab29cd1-7794-4e9d-8e09-c4522745aafb"
      },
      "RequestBody": null,
      "StatusCode": 403,
      "ResponseHeaders": {
        "Cache-Control": "no-cache",
        "Content-Length": "381",
        "Content-Type": "application/json; charset=utf-8",
        "Date": "Fri, 11 Nov 2022 00:02:20 GMT",
        "Expires": "-1",
        "Pragma": "no-cache",
        "Strict-Transport-Security": "max-age=31536000;includeSubDomains",
        "X-Content-Type-Options": "nosniff",
        "x-ms-client-request-id": "2ab29cd1-7794-4e9d-8e09-c4522745aafb",
        "x-ms-keyvault-network-info": "conn_type=Ipv4;addr=167.220.80.222;act_addr_fam=InterNetwork;",
        "x-ms-keyvault-rbac-assignment-id": "e0879cc6-53b1-5604-999d-586eba05a46e",
        "x-ms-keyvault-rbac-cache": "ra_age=74;da_age=2763;rd_age=2763;brd_age=22340;ra_notif_age=133;dec_lev=1;",
        "x-ms-keyvault-region": "australiacentral",
        "x-ms-keyvault-service-version": "1.9.576.1",
        "x-ms-request-id": "09d82db6-7fd6-49ad-bad6-41748a1d213c"
      },
      "ResponseBody": {
        "error": {
          "code": "Forbidden",
          "message": "Operation \u0022delete\u0022 is not allowed on this secret, since it is associated with a certificate. Perform the operation on the corresponding certificate. For more information refer to https://docs.microsoft.com/en-us/azure/key-vault/certificates/about-certificates#composition-of-a-certificate",
          "innererror": {
            "code": "SecretManagedByKeyVault"
          }
        }
      }
    },
    {
      "RequestUri": "https://keyvault_name.vault.azure.net/secrets/mergeCertificateName-canimportacertificatefromacertificatesbase64secretvalue-84954546458993141?api-version=7.4-preview.1",
      "RequestMethod": "DELETE",
      "RequestHeaders": {
        "Accept": "application/json",
        "Accept-Encoding": "gzip,deflate",
        "Authorization": "Sanitized",
        "Connection": "keep-alive",
        "User-Agent": "azsdk-js-keyvault-secrets/4.7.0-beta.1 core-rest-pipeline/1.10.1 Node/v16.15.1 OS/(x64-Linux-5.10.102.1-microsoft-standard-WSL2)",
        "x-ms-client-request-id": "f9076c13-8dc5-49c1-b9c5-b27ea4b6b636"
      },
      "RequestBody": null,
      "StatusCode": 403,
      "ResponseHeaders": {
        "Cache-Control": "no-cache",
        "Content-Length": "381",
        "Content-Type": "application/json; charset=utf-8",
        "Date": "Fri, 11 Nov 2022 00:02:21 GMT",
        "Expires": "-1",
        "Pragma": "no-cache",
        "Strict-Transport-Security": "max-age=31536000;includeSubDomains",
        "X-Content-Type-Options": "nosniff",
        "x-ms-client-request-id": "f9076c13-8dc5-49c1-b9c5-b27ea4b6b636",
        "x-ms-keyvault-network-info": "conn_type=Ipv4;addr=167.220.80.222;act_addr_fam=InterNetwork;",
        "x-ms-keyvault-rbac-assignment-id": "e0879cc6-53b1-5604-999d-586eba05a46e",
        "x-ms-keyvault-rbac-cache": "ra_age=75;da_age=2763;rd_age=2763;brd_age=22340;ra_notif_age=133;dec_lev=1;",
        "x-ms-keyvault-region": "australiacentral",
        "x-ms-keyvault-service-version": "1.9.576.1",
        "x-ms-request-id": "5a5d0b8b-4647-4e1d-b120-40b7894d1003"
      },
      "ResponseBody": {
        "error": {
          "code": "Forbidden",
          "message": "Operation \u0022delete\u0022 is not allowed on this secret, since it is associated with a certificate. Perform the operation on the corresponding certificate. For more information refer to https://docs.microsoft.com/en-us/azure/key-vault/certificates/about-certificates#composition-of-a-certificate",
          "innererror": {
            "code": "SecretManagedByKeyVault"
          }
        }
      }
    },
    {
      "RequestUri": "https://keyvault_name.vault.azure.net/secrets/mergeCertificateName-canimportacertificatefromacertificatesnonbase64secretvalue-0261850327141084360?api-version=7.4-preview.1",
      "RequestMethod": "DELETE",
      "RequestHeaders": {
        "Accept": "application/json",
        "Accept-Encoding": "gzip,deflate",
        "Authorization": "Sanitized",
        "Connection": "keep-alive",
        "User-Agent": "azsdk-js-keyvault-secrets/4.7.0-beta.1 core-rest-pipeline/1.10.1 Node/v16.15.1 OS/(x64-Linux-5.10.102.1-microsoft-standard-WSL2)",
        "x-ms-client-request-id": "b151c4c2-48c7-41fa-a9a8-e76a3f336580"
      },
      "RequestBody": null,
      "StatusCode": 403,
      "ResponseHeaders": {
        "Cache-Control": "no-cache",
        "Content-Length": "381",
        "Content-Type": "application/json; charset=utf-8",
        "Date": "Fri, 11 Nov 2022 00:02:21 GMT",
        "Expires": "-1",
        "Pragma": "no-cache",
        "Strict-Transport-Security": "max-age=31536000;includeSubDomains",
        "X-Content-Type-Options": "nosniff",
        "x-ms-client-request-id": "b151c4c2-48c7-41fa-a9a8-e76a3f336580",
        "x-ms-keyvault-network-info": "conn_type=Ipv4;addr=167.220.80.222;act_addr_fam=InterNetwork;",
        "x-ms-keyvault-rbac-assignment-id": "e0879cc6-53b1-5604-999d-586eba05a46e",
        "x-ms-keyvault-rbac-cache": "ra_age=75;da_age=2763;rd_age=2763;brd_age=22340;ra_notif_age=134;dec_lev=1;",
        "x-ms-keyvault-region": "australiacentral",
        "x-ms-keyvault-service-version": "1.9.576.1",
        "x-ms-request-id": "aca4ad74-41ae-4260-aade-054652cda413"
      },
      "ResponseBody": {
        "error": {
          "code": "Forbidden",
          "message": "Operation \u0022delete\u0022 is not allowed on this secret, since it is associated with a certificate. Perform the operation on the corresponding certificate. For more information refer to https://docs.microsoft.com/en-us/azure/key-vault/certificates/about-certificates#composition-of-a-certificate",
          "innererror": {
            "code": "SecretManagedByKeyVault"
          }
        }
      }
    },
    {
      "RequestUri": "https://keyvault_name.vault.azure.net/secrets/mergeCertificateName-canimportacertificatefromacertificatesnonbase64secretvalue-0261850327141084361?api-version=7.4-preview.1",
      "RequestMethod": "DELETE",
      "RequestHeaders": {
        "Accept": "application/json",
        "Accept-Encoding": "gzip,deflate",
        "Authorization": "Sanitized",
        "Connection": "keep-alive",
        "User-Agent": "azsdk-js-keyvault-secrets/4.7.0-beta.1 core-rest-pipeline/1.10.1 Node/v16.15.1 OS/(x64-Linux-5.10.102.1-microsoft-standard-WSL2)",
        "x-ms-client-request-id": "b2c51e7f-2ce8-4343-ad86-5b63292377cd"
      },
      "RequestBody": null,
      "StatusCode": 403,
      "ResponseHeaders": {
        "Cache-Control": "no-cache",
        "Content-Length": "381",
        "Content-Type": "application/json; charset=utf-8",
        "Date": "Fri, 11 Nov 2022 00:02:21 GMT",
        "Expires": "-1",
        "Pragma": "no-cache",
        "Strict-Transport-Security": "max-age=31536000;includeSubDomains",
        "X-Content-Type-Options": "nosniff",
        "x-ms-client-request-id": "b2c51e7f-2ce8-4343-ad86-5b63292377cd",
        "x-ms-keyvault-network-info": "conn_type=Ipv4;addr=167.220.80.222;act_addr_fam=InterNetwork;",
        "x-ms-keyvault-rbac-assignment-id": "e0879cc6-53b1-5604-999d-586eba05a46e",
        "x-ms-keyvault-rbac-cache": "ra_age=75;da_age=2764;rd_age=2764;brd_age=22341;ra_notif_age=134;dec_lev=1;",
        "x-ms-keyvault-region": "australiacentral",
        "x-ms-keyvault-service-version": "1.9.576.1",
        "x-ms-request-id": "6c32eb08-43d2-42b0-9610-046e3c3dce0c"
      },
      "ResponseBody": {
        "error": {
          "code": "Forbidden",
          "message": "Operation \u0022delete\u0022 is not allowed on this secret, since it is associated with a certificate. Perform the operation on the corresponding certificate. For more information refer to https://docs.microsoft.com/en-us/azure/key-vault/certificates/about-certificates#composition-of-a-certificate",
          "innererror": {
            "code": "SecretManagedByKeyVault"
          }
        }
      }
    },
    {
      "RequestUri": "https://keyvault_name.vault.azure.net/deletedsecrets?api-version=7.4-preview.1",
      "RequestMethod": "GET",
      "RequestHeaders": {
        "Accept": "application/json",
        "Accept-Encoding": "gzip,deflate",
        "Authorization": "Sanitized",
        "Connection": "keep-alive",
        "User-Agent": "azsdk-js-keyvault-secrets/4.7.0-beta.1 core-rest-pipeline/1.10.1 Node/v16.15.1 OS/(x64-Linux-5.10.102.1-microsoft-standard-WSL2)",
        "x-ms-client-request-id": "ba452b70-82cc-4c1a-8e82-cf0186ea35f8"
      },
      "RequestBody": null,
      "StatusCode": 200,
      "ResponseHeaders": {
        "Cache-Control": "no-cache",
        "Content-Length": "1302",
        "Content-Type": "application/json; charset=utf-8",
        "Date": "Fri, 11 Nov 2022 00:02:21 GMT",
        "Expires": "-1",
        "Pragma": "no-cache",
        "Strict-Transport-Security": "max-age=31536000;includeSubDomains",
        "X-Content-Type-Options": "nosniff",
        "x-ms-client-request-id": "ba452b70-82cc-4c1a-8e82-cf0186ea35f8",
        "x-ms-keyvault-network-info": "conn_type=Ipv4;addr=167.220.80.222;act_addr_fam=InterNetwork;",
        "x-ms-keyvault-rbac-assignment-id": "e0879cc6-53b1-5604-999d-586eba05a46e",
        "x-ms-keyvault-rbac-cache": "ra_age=75;da_age=2764;rd_age=2764;brd_age=22341;ra_notif_age=134;dec_lev=0;",
        "x-ms-keyvault-region": "australiacentral",
        "x-ms-keyvault-service-version": "1.9.576.1",
        "x-ms-request-id": "7265cc7b-091f-429a-bc4e-d54bb83abf89"
      },
      "ResponseBody": {
        "value": [
          {
            "recoveryId": "https://keyvault_name.vault.azure.net/deletedsecrets/CRUDSecretName-candeleteasecret-7484275531341806",
            "deletedDate": 1668124876,
            "scheduledPurgeDate": 1668729676,
            "id": "https://keyvault_name.vault.azure.net/secrets/CRUDSecretName-candeleteasecret-7484275531341806",
            "attributes": {
              "enabled": true,
              "created": 1668124876,
              "updated": 1668124876,
              "recoveryLevel": "CustomizedRecoverable\u002BPurgeable",
              "recoverableDays": 7
            }
          },
          {
            "recoveryId": "https://keyvault_name.vault.azure.net/deletedsecrets/CRUDSecretName-cangetadeletedsecret-54555150274075",
            "deletedDate": 1668124884,
            "scheduledPurgeDate": 1668729684,
            "id": "https://keyvault_name.vault.azure.net/secrets/CRUDSecretName-cangetadeletedsecret-54555150274075",
            "attributes": {
              "enabled": true,
              "created": 1668124884,
              "updated": 1668124884,
              "recoveryLevel": "CustomizedRecoverable\u002BPurgeable",
              "recoverableDays": 7
            }
          }
        ],
        "nextLink": "https://keyvault_name.vault.azure.net:443/deletedsecrets?api-version=7.4-preview.1\u0026$skiptoken=eyJOZXh0TWFya2VyIjoiMiEyMTIhTURBd01URTFJWE5sWTNKbGRDOU1VazlFUlV4RlZFVkRSVkpVU1VaSlEwRlVSVTVCVFVVdFEwRk9WMEZKVkZWT1ZFbE1RVU5GVWxSSlJrbERRVlJGU1ZORVJVeEZWRVZFTFRRNE1EazNPREl3TURRMU5URTBORFl2T1VVNE1UQkNSVUl4TUVJNE5FVXlOMEl4UWtSRVEwTTBSRFE0UWpZeFFqY2hNREF3TURJNElUazVPVGt0TVRJdE16RlVNak02TlRrNk5Ua3VPVGs1T1RrNU9Wb2giLCJUYXJnZXRMb2NhdGlvbiI6MH0"
      }
    },
    {
      "RequestUri": "https://keyvault_name.vault.azure.net/deletedsecrets/CRUDSecretName-candeleteasecret-7484275531341806?api-version=7.4-preview.1",
      "RequestMethod": "DELETE",
      "RequestHeaders": {
        "Accept": "application/json",
        "Accept-Encoding": "gzip,deflate",
        "Authorization": "Sanitized",
        "Connection": "keep-alive",
        "User-Agent": "azsdk-js-keyvault-secrets/4.7.0-beta.1 core-rest-pipeline/1.10.1 Node/v16.15.1 OS/(x64-Linux-5.10.102.1-microsoft-standard-WSL2)",
        "x-ms-client-request-id": "6cda5e39-73b3-4dc8-9f7d-af2eba5388b9"
      },
      "RequestBody": null,
      "StatusCode": 204,
      "ResponseHeaders": {
        "Cache-Control": "no-cache",
        "Date": "Fri, 11 Nov 2022 00:02:22 GMT",
        "Expires": "-1",
        "Pragma": "no-cache",
        "Strict-Transport-Security": "max-age=31536000;includeSubDomains",
        "X-Content-Type-Options": "nosniff",
        "x-ms-client-request-id": "6cda5e39-73b3-4dc8-9f7d-af2eba5388b9",
        "x-ms-keyvault-network-info": "conn_type=Ipv4;addr=167.220.80.222;act_addr_fam=InterNetwork;",
        "x-ms-keyvault-rbac-assignment-id": "e0879cc6-53b1-5604-999d-586eba05a46e",
        "x-ms-keyvault-rbac-cache": "ra_age=76;da_age=2764;rd_age=2764;brd_age=22341;ra_notif_age=134;dec_lev=1;",
        "x-ms-keyvault-region": "australiacentral",
        "x-ms-keyvault-service-version": "1.9.576.1",
        "x-ms-request-id": "bc6aa8d4-2cdf-45af-8ea9-46ce3d539267"
      },
      "ResponseBody": null
    },
    {
      "RequestUri": "https://keyvault_name.vault.azure.net/deletedsecrets/CRUDSecretName-cangetadeletedsecret-54555150274075?api-version=7.4-preview.1",
      "RequestMethod": "DELETE",
      "RequestHeaders": {
        "Accept": "application/json",
        "Accept-Encoding": "gzip,deflate",
        "Authorization": "Sanitized",
        "Connection": "keep-alive",
        "User-Agent": "azsdk-js-keyvault-secrets/4.7.0-beta.1 core-rest-pipeline/1.10.1 Node/v16.15.1 OS/(x64-Linux-5.10.102.1-microsoft-standard-WSL2)",
        "x-ms-client-request-id": "0de35ab0-20bd-43a5-8c17-06f4c353653e"
      },
      "RequestBody": null,
      "StatusCode": 204,
      "ResponseHeaders": {
        "Cache-Control": "no-cache",
        "Date": "Fri, 11 Nov 2022 00:02:22 GMT",
        "Expires": "-1",
        "Pragma": "no-cache",
        "Strict-Transport-Security": "max-age=31536000;includeSubDomains",
        "X-Content-Type-Options": "nosniff",
        "x-ms-client-request-id": "0de35ab0-20bd-43a5-8c17-06f4c353653e",
        "x-ms-keyvault-network-info": "conn_type=Ipv4;addr=167.220.80.222;act_addr_fam=InterNetwork;",
        "x-ms-keyvault-rbac-assignment-id": "e0879cc6-53b1-5604-999d-586eba05a46e",
        "x-ms-keyvault-rbac-cache": "ra_age=76;da_age=2765;rd_age=2765;brd_age=22341;ra_notif_age=135;dec_lev=1;",
        "x-ms-keyvault-region": "australiacentral",
        "x-ms-keyvault-service-version": "1.9.576.1",
        "x-ms-request-id": "1a631d03-7534-4734-b63b-1bcd32ca0275"
      },
      "ResponseBody": null
    },
    {
      "RequestUri": "https://keyvault_name.vault.azure.net/deletedsecrets?api-version=7.4-preview.1\u0026$skiptoken=eyJOZXh0TWFya2VyIjoiMiEyMTIhTURBd01URTFJWE5sWTNKbGRDOU1VazlFUlV4RlZFVkRSVkpVU1VaSlEwRlVSVTVCVFVVdFEwRk9WMEZKVkZWT1ZFbE1RVU5GVWxSSlJrbERRVlJGU1ZORVJVeEZWRVZFTFRRNE1EazNPREl3TURRMU5URTBORFl2T1VVNE1UQkNSVUl4TUVJNE5FVXlOMEl4UWtSRVEwTTBSRFE0UWpZeFFqY2hNREF3TURJNElUazVPVGt0TVRJdE16RlVNak02TlRrNk5Ua3VPVGs1T1RrNU9Wb2giLCJUYXJnZXRMb2NhdGlvbiI6MH0",
      "RequestMethod": "GET",
      "RequestHeaders": {
        "Accept": "application/json",
        "Accept-Encoding": "gzip,deflate",
        "Authorization": "Sanitized",
        "Connection": "keep-alive",
        "User-Agent": "azsdk-js-keyvault-secrets/4.7.0-beta.1 core-rest-pipeline/1.10.1 Node/v16.15.1 OS/(x64-Linux-5.10.102.1-microsoft-standard-WSL2)",
        "x-ms-client-request-id": "483b3359-c7e1-4f9e-8991-11c3c75ba4fc"
      },
      "RequestBody": null,
      "StatusCode": 200,
      "ResponseHeaders": {
        "Cache-Control": "no-cache",
        "Content-Length": "28",
        "Content-Type": "application/json; charset=utf-8",
        "Date": "Fri, 11 Nov 2022 00:02:22 GMT",
        "Expires": "-1",
        "Pragma": "no-cache",
        "Strict-Transport-Security": "max-age=31536000;includeSubDomains",
        "X-Content-Type-Options": "nosniff",
        "x-ms-client-request-id": "483b3359-c7e1-4f9e-8991-11c3c75ba4fc",
        "x-ms-keyvault-network-info": "conn_type=Ipv4;addr=167.220.80.222;act_addr_fam=InterNetwork;",
        "x-ms-keyvault-rbac-assignment-id": "e0879cc6-53b1-5604-999d-586eba05a46e",
        "x-ms-keyvault-rbac-cache": "ra_age=76;da_age=2765;rd_age=2765;brd_age=22342;ra_notif_age=135;dec_lev=0;",
        "x-ms-keyvault-region": "australiacentral",
        "x-ms-keyvault-service-version": "1.9.576.1",
        "x-ms-request-id": "fc74054b-2f67-4988-8f72-4b7eff6b51a8"
      },
      "ResponseBody": {
        "value": [],
        "nextLink": null
      }
    }
  ],
  "Variables": {}
}
