{
  "Entries": [
    {
      "RequestUri": "https://keyvault_name.vault.azure.net/keys/CRUDKeyName-cangetakey-/create?api-version=7.4-preview.1",
      "RequestMethod": "POST",
      "RequestHeaders": {
        "Accept": "application/json",
        "Accept-Encoding": "gzip,deflate",
        "Connection": "keep-alive",
        "Content-Length": "0",
        "Content-Type": "application/json",
        "User-Agent": "azsdk-js-keyvault-keys/4.6.1 azsdk-js-keyvault-keys/4.6.1 core-rest-pipeline/1.10.0 Node/v16.15.1 OS/(x64-Linux-5.10.102.1-microsoft-standard-WSL2)",
        "x-ms-client-request-id": "07871b8c-8338-47ba-85bc-02bb76f1d522"
      },
      "RequestBody": null,
      "StatusCode": 401,
      "ResponseHeaders": {
        "Cache-Control": "no-cache",
        "Content-Length": "97",
        "Content-Type": "application/json; charset=utf-8",
        "Date": "Wed, 09 Nov 2022 17:21:51 GMT",
        "Expires": "-1",
        "Pragma": "no-cache",
        "Strict-Transport-Security": "max-age=31536000;includeSubDomains",
        "WWW-Authenticate": "Bearer authorization=\u0022https://login.windows.net/12345678-1234-1234-1234-123456789012\u0022, resource=\u0022https://vault.azure.net\u0022",
        "X-Content-Type-Options": "nosniff",
        "x-ms-client-request-id": "07871b8c-8338-47ba-85bc-02bb76f1d522",
        "x-ms-keyvault-network-info": "conn_type=Ipv4;addr=167.220.77.94;act_addr_fam=InterNetwork;",
        "x-ms-keyvault-region": "northcentralus",
        "x-ms-keyvault-service-version": "1.9.576.1",
        "x-ms-request-id": "98bbe414-2155-48f0-a73f-315b735ef533"
      },
      "ResponseBody": {
        "error": {
          "code": "Unauthorized",
          "message": "AKV10000: Request is missing a Bearer or PoP token."
        }
      }
    },
    {
      "RequestUri": "https://keyvault_name.vault.azure.net/keys/CRUDKeyName-cangetakey-/create?api-version=7.4-preview.1",
      "RequestMethod": "POST",
      "RequestHeaders": {
        "Accept": "application/json",
        "Accept-Encoding": "gzip,deflate",
        "Authorization": "Sanitized",
        "Connection": "keep-alive",
        "Content-Length": "13",
        "Content-Type": "application/json",
        "User-Agent": "azsdk-js-keyvault-keys/4.6.1 azsdk-js-keyvault-keys/4.6.1 core-rest-pipeline/1.10.0 Node/v16.15.1 OS/(x64-Linux-5.10.102.1-microsoft-standard-WSL2)",
        "x-ms-client-request-id": "07871b8c-8338-47ba-85bc-02bb76f1d522"
      },
      "RequestBody": {
        "kty": "RSA"
      },
      "StatusCode": 200,
      "ResponseHeaders": {
        "Cache-Control": "no-cache",
        "Content-Length": "720",
        "Content-Type": "application/json; charset=utf-8",
        "Date": "Wed, 09 Nov 2022 17:21:51 GMT",
        "Expires": "-1",
        "Pragma": "no-cache",
        "Strict-Transport-Security": "max-age=31536000;includeSubDomains",
        "X-Content-Type-Options": "nosniff",
        "x-ms-client-request-id": "07871b8c-8338-47ba-85bc-02bb76f1d522",
        "x-ms-keyvault-network-info": "conn_type=Ipv4;addr=167.220.77.94;act_addr_fam=InterNetwork;",
        "x-ms-keyvault-rbac-assignment-id": "0b5c37e2-546f-5f67-b775-71961d2f0c3d",
        "x-ms-keyvault-rbac-cache": "ra_age=487;da_age=726;rd_age=726;brd_age=20047;ra_notif_age=862;dec_lev=1;",
        "x-ms-keyvault-region": "northcentralus",
        "x-ms-keyvault-service-version": "1.9.576.1",
        "x-ms-request-id": "9c4783c1-1995-4c1a-be6f-a3516fd2fa88"
      },
      "ResponseBody": {
        "key": {
          "kid": "https://keyvault_name.vault.azure.net/keys/CRUDKeyName-cangetakey-/6b53e2e4117b49a6987d545955a95042",
          "kty": "RSA",
          "key_ops": [
            "encrypt",
            "decrypt",
            "sign",
            "verify",
            "wrapKey",
            "unwrapKey"
          ],
          "n": "nEEuKNT9K4eD1h4BCJSR00M_5R5tk9C9uokrRhkTvXIQiFXclWsDEU0ZkVPcFzO7beiCT-lGrbxMMew_UfY4Y62gCLmlP57uLdHppsjwmpLJ6xk7nio_I1PqoVEwPBWRaHw-uzK2MTeFRBN8K5Lq-RW-OIo86pjx7BAP8EZH3oZsT3pQsyKCHiW_Gl8veLEyIdu6gw-2L7pJAiper9pI5BRyELnSFumbEgLS97QrNMYt_K-ecKkLBoKx09Vih80jmiuRvM2QUT4tA92YdJR3pIlDL_g_U78Tr0d7wxJT8lwwXrWbKKtIQP4P35FdCHdUWELspXi93y8Hy6u26X3AvQ",
          "e": "AQAB"
        },
        "attributes": {
          "enabled": true,
          "created": 1668014512,
          "updated": 1668014512,
          "recoveryLevel": "CustomizedRecoverable\u002BPurgeable",
          "recoverableDays": 7,
          "exportable": false
        }
      }
    },
    {
      "RequestUri": "https://keyvault_name.vault.azure.net/keys/CRUDKeyName-cangetakey-/?api-version=7.4-preview.1",
      "RequestMethod": "GET",
      "RequestHeaders": {
        "Accept": "application/json",
        "Accept-Encoding": "gzip,deflate",
        "Authorization": "Sanitized",
        "Connection": "keep-alive",
        "User-Agent": "azsdk-js-keyvault-keys/4.6.1 azsdk-js-keyvault-keys/4.6.1 core-rest-pipeline/1.10.0 Node/v16.15.1 OS/(x64-Linux-5.10.102.1-microsoft-standard-WSL2)",
        "x-ms-client-request-id": "56f60891-a113-46d9-9c65-00eca0a07c78"
      },
      "RequestBody": null,
      "StatusCode": 200,
      "ResponseHeaders": {
        "Cache-Control": "no-cache",
        "Content-Length": "720",
        "Content-Type": "application/json; charset=utf-8",
        "Date": "Wed, 09 Nov 2022 17:21:52 GMT",
        "Expires": "-1",
        "Pragma": "no-cache",
        "Strict-Transport-Security": "max-age=31536000;includeSubDomains",
        "X-Content-Type-Options": "nosniff",
        "x-ms-client-request-id": "56f60891-a113-46d9-9c65-00eca0a07c78",
        "x-ms-keyvault-network-info": "conn_type=Ipv4;addr=167.220.77.94;act_addr_fam=InterNetwork;",
        "x-ms-keyvault-rbac-assignment-id": "0b5c37e2-546f-5f67-b775-71961d2f0c3d",
        "x-ms-keyvault-rbac-cache": "ra_age=487;da_age=727;rd_age=727;brd_age=20047;ra_notif_age=862;dec_lev=1;",
        "x-ms-keyvault-region": "northcentralus",
        "x-ms-keyvault-service-version": "1.9.576.1",
        "x-ms-request-id": "2b629284-2311-4f6d-9d30-35b155452400"
      },
      "ResponseBody": {
        "key": {
          "kid": "https://keyvault_name.vault.azure.net/keys/CRUDKeyName-cangetakey-/6b53e2e4117b49a6987d545955a95042",
          "kty": "RSA",
          "key_ops": [
            "encrypt",
            "decrypt",
            "sign",
            "verify",
            "wrapKey",
            "unwrapKey"
          ],
          "n": "nEEuKNT9K4eD1h4BCJSR00M_5R5tk9C9uokrRhkTvXIQiFXclWsDEU0ZkVPcFzO7beiCT-lGrbxMMew_UfY4Y62gCLmlP57uLdHppsjwmpLJ6xk7nio_I1PqoVEwPBWRaHw-uzK2MTeFRBN8K5Lq-RW-OIo86pjx7BAP8EZH3oZsT3pQsyKCHiW_Gl8veLEyIdu6gw-2L7pJAiper9pI5BRyELnSFumbEgLS97QrNMYt_K-ecKkLBoKx09Vih80jmiuRvM2QUT4tA92YdJR3pIlDL_g_U78Tr0d7wxJT8lwwXrWbKKtIQP4P35FdCHdUWELspXi93y8Hy6u26X3AvQ",
          "e": "AQAB"
        },
        "attributes": {
          "enabled": true,
          "created": 1668014512,
          "updated": 1668014512,
          "recoveryLevel": "CustomizedRecoverable\u002BPurgeable",
          "recoverableDays": 7,
          "exportable": false
        }
      }
    },
    {
      "RequestUri": "https://keyvault_name.vault.azure.net/keys/CRUDKeyName-cangetakey-?api-version=7.4-preview.1",
      "RequestMethod": "DELETE",
      "RequestHeaders": {
        "Accept": "application/json",
        "Accept-Encoding": "gzip,deflate",
        "Authorization": "Sanitized",
        "Connection": "keep-alive",
        "User-Agent": "azsdk-js-keyvault-keys/4.6.1 azsdk-js-keyvault-keys/4.6.1 core-rest-pipeline/1.10.0 Node/v16.15.1 OS/(x64-Linux-5.10.102.1-microsoft-standard-WSL2)",
        "x-ms-client-request-id": "0a0b4dbc-cd0e-47fa-9919-30a4938b1133"
      },
      "RequestBody": null,
      "StatusCode": 200,
      "ResponseHeaders": {
        "Cache-Control": "no-cache",
        "Content-Length": "866",
        "Content-Type": "application/json; charset=utf-8",
        "Date": "Wed, 09 Nov 2022 17:21:52 GMT",
        "Expires": "-1",
        "Pragma": "no-cache",
        "Strict-Transport-Security": "max-age=31536000;includeSubDomains",
        "X-Content-Type-Options": "nosniff",
        "x-ms-client-request-id": "0a0b4dbc-cd0e-47fa-9919-30a4938b1133",
        "x-ms-keyvault-network-info": "conn_type=Ipv4;addr=167.220.77.94;act_addr_fam=InterNetwork;",
        "x-ms-keyvault-rbac-assignment-id": "0b5c37e2-546f-5f67-b775-71961d2f0c3d",
        "x-ms-keyvault-rbac-cache": "ra_age=487;da_age=727;rd_age=727;brd_age=20047;ra_notif_age=862;dec_lev=1;",
        "x-ms-keyvault-region": "northcentralus",
        "x-ms-keyvault-service-version": "1.9.576.1",
        "x-ms-request-id": "cda25d4b-ef7b-4779-82f0-81fccc5168ef"
      },
      "ResponseBody": {
        "recoveryId": "https://keyvault_name.vault.azure.net/deletedkeys/CRUDKeyName-cangetakey-",
        "deletedDate": 1668014512,
        "scheduledPurgeDate": 1668619312,
        "key": {
          "kid": "https://keyvault_name.vault.azure.net/keys/CRUDKeyName-cangetakey-/6b53e2e4117b49a6987d545955a95042",
          "kty": "RSA",
          "key_ops": [
            "encrypt",
            "decrypt",
            "sign",
            "verify",
            "wrapKey",
            "unwrapKey"
          ],
          "n": "nEEuKNT9K4eD1h4BCJSR00M_5R5tk9C9uokrRhkTvXIQiFXclWsDEU0ZkVPcFzO7beiCT-lGrbxMMew_UfY4Y62gCLmlP57uLdHppsjwmpLJ6xk7nio_I1PqoVEwPBWRaHw-uzK2MTeFRBN8K5Lq-RW-OIo86pjx7BAP8EZH3oZsT3pQsyKCHiW_Gl8veLEyIdu6gw-2L7pJAiper9pI5BRyELnSFumbEgLS97QrNMYt_K-ecKkLBoKx09Vih80jmiuRvM2QUT4tA92YdJR3pIlDL_g_U78Tr0d7wxJT8lwwXrWbKKtIQP4P35FdCHdUWELspXi93y8Hy6u26X3AvQ",
          "e": "AQAB"
        },
        "attributes": {
          "enabled": true,
          "created": 1668014512,
          "updated": 1668014512,
          "recoveryLevel": "CustomizedRecoverable\u002BPurgeable",
          "recoverableDays": 7,
          "exportable": false
        }
      }
    },
    {
      "RequestUri": "https://keyvault_name.vault.azure.net/deletedkeys/CRUDKeyName-cangetakey-?api-version=7.4-preview.1",
      "RequestMethod": "GET",
      "RequestHeaders": {
        "Accept": "application/json",
        "Accept-Encoding": "gzip,deflate",
        "Authorization": "Sanitized",
        "Connection": "keep-alive",
        "User-Agent": "azsdk-js-keyvault-keys/4.6.1 azsdk-js-keyvault-keys/4.6.1 core-rest-pipeline/1.10.0 Node/v16.15.1 OS/(x64-Linux-5.10.102.1-microsoft-standard-WSL2)",
        "x-ms-client-request-id": "ec8cb4a9-9bc7-4e1b-bdcc-57b9a7780031"
      },
      "RequestBody": null,
      "StatusCode": 404,
      "ResponseHeaders": {
        "Cache-Control": "no-cache",
        "Content-Length": "91",
        "Content-Type": "application/json; charset=utf-8",
        "Date": "Wed, 09 Nov 2022 17:21:52 GMT",
        "Expires": "-1",
        "Pragma": "no-cache",
        "Strict-Transport-Security": "max-age=31536000;includeSubDomains",
        "X-Content-Type-Options": "nosniff",
        "x-ms-client-request-id": "ec8cb4a9-9bc7-4e1b-bdcc-57b9a7780031",
        "x-ms-keyvault-network-info": "conn_type=Ipv4;addr=167.220.77.94;act_addr_fam=InterNetwork;",
        "x-ms-keyvault-rbac-assignment-id": "0b5c37e2-546f-5f67-b775-71961d2f0c3d",
        "x-ms-keyvault-rbac-cache": "ra_age=487;da_age=727;rd_age=727;brd_age=20047;ra_notif_age=862;dec_lev=0;",
        "x-ms-keyvault-region": "northcentralus",
        "x-ms-keyvault-service-version": "1.9.576.1",
        "x-ms-request-id": "84bc87f1-a77a-4938-a97b-95f65cc54be1"
      },
      "ResponseBody": {
        "error": {
          "code": "KeyNotFound",
          "message": "Deleted Key not found: CRUDKeyName-cangetakey-"
        }
      }
    },
    {
      "RequestUri": "https://keyvault_name.vault.azure.net/deletedkeys/CRUDKeyName-cangetakey-?api-version=7.4-preview.1",
      "RequestMethod": "GET",
      "RequestHeaders": {
        "Accept": "application/json",
        "Accept-Encoding": "gzip,deflate",
        "Authorization": "Sanitized",
        "Connection": "keep-alive",
        "User-Agent": "azsdk-js-keyvault-keys/4.6.1 azsdk-js-keyvault-keys/4.6.1 core-rest-pipeline/1.10.0 Node/v16.15.1 OS/(x64-Linux-5.10.102.1-microsoft-standard-WSL2)",
        "x-ms-client-request-id": "1c82d4ab-cace-4676-8437-1f378f577008"
      },
      "RequestBody": null,
      "StatusCode": 404,
      "ResponseHeaders": {
        "Cache-Control": "no-cache",
        "Content-Length": "91",
        "Content-Type": "application/json; charset=utf-8",
        "Date": "Wed, 09 Nov 2022 17:21:52 GMT",
        "Expires": "-1",
        "Pragma": "no-cache",
        "Strict-Transport-Security": "max-age=31536000;includeSubDomains",
        "X-Content-Type-Options": "nosniff",
        "x-ms-client-request-id": "1c82d4ab-cace-4676-8437-1f378f577008",
        "x-ms-keyvault-network-info": "conn_type=Ipv4;addr=167.220.77.94;act_addr_fam=InterNetwork;",
        "x-ms-keyvault-rbac-assignment-id": "0b5c37e2-546f-5f67-b775-71961d2f0c3d",
        "x-ms-keyvault-rbac-cache": "ra_age=487;da_age=727;rd_age=727;brd_age=20047;ra_notif_age=862;dec_lev=0;",
        "x-ms-keyvault-region": "northcentralus",
        "x-ms-keyvault-service-version": "1.9.576.1",
        "x-ms-request-id": "4aec4821-f1d1-4c69-9b59-5b908569304c"
      },
      "ResponseBody": {
        "error": {
          "code": "KeyNotFound",
          "message": "Deleted Key not found: CRUDKeyName-cangetakey-"
        }
      }
    },
    {
      "RequestUri": "https://keyvault_name.vault.azure.net/deletedkeys/CRUDKeyName-cangetakey-?api-version=7.4-preview.1",
      "RequestMethod": "GET",
      "RequestHeaders": {
        "Accept": "application/json",
        "Accept-Encoding": "gzip,deflate",
        "Authorization": "Sanitized",
        "Connection": "keep-alive",
        "User-Agent": "azsdk-js-keyvault-keys/4.6.1 azsdk-js-keyvault-keys/4.6.1 core-rest-pipeline/1.10.0 Node/v16.15.1 OS/(x64-Linux-5.10.102.1-microsoft-standard-WSL2)",
        "x-ms-client-request-id": "6be03b29-dd0f-47b8-8f41-f3639c7304b5"
      },
      "RequestBody": null,
      "StatusCode": 200,
      "ResponseHeaders": {
        "Cache-Control": "no-cache",
        "Content-Length": "866",
        "Content-Type": "application/json; charset=utf-8",
        "Date": "Wed, 09 Nov 2022 17:21:57 GMT",
        "Expires": "-1",
        "Pragma": "no-cache",
        "Strict-Transport-Security": "max-age=31536000;includeSubDomains",
        "X-Content-Type-Options": "nosniff",
        "x-ms-client-request-id": "6be03b29-dd0f-47b8-8f41-f3639c7304b5",
        "x-ms-keyvault-network-info": "conn_type=Ipv4;addr=167.220.77.94;act_addr_fam=InterNetwork;",
        "x-ms-keyvault-rbac-assignment-id": "0b5c37e2-546f-5f67-b775-71961d2f0c3d",
        "x-ms-keyvault-rbac-cache": "ra_age=492;da_age=732;rd_age=732;brd_age=20052;ra_notif_age=868;dec_lev=0;",
        "x-ms-keyvault-region": "northcentralus",
        "x-ms-keyvault-service-version": "1.9.576.1",
        "x-ms-request-id": "f558200b-d24e-4899-9197-f59db79a761a"
      },
      "ResponseBody": {
        "recoveryId": "https://keyvault_name.vault.azure.net/deletedkeys/CRUDKeyName-cangetakey-",
        "deletedDate": 1668014512,
        "scheduledPurgeDate": 1668619312,
        "key": {
          "kid": "https://keyvault_name.vault.azure.net/keys/CRUDKeyName-cangetakey-/6b53e2e4117b49a6987d545955a95042",
          "kty": "RSA",
          "key_ops": [
            "encrypt",
            "decrypt",
            "sign",
            "verify",
            "wrapKey",
            "unwrapKey"
          ],
          "n": "nEEuKNT9K4eD1h4BCJSR00M_5R5tk9C9uokrRhkTvXIQiFXclWsDEU0ZkVPcFzO7beiCT-lGrbxMMew_UfY4Y62gCLmlP57uLdHppsjwmpLJ6xk7nio_I1PqoVEwPBWRaHw-uzK2MTeFRBN8K5Lq-RW-OIo86pjx7BAP8EZH3oZsT3pQsyKCHiW_Gl8veLEyIdu6gw-2L7pJAiper9pI5BRyELnSFumbEgLS97QrNMYt_K-ecKkLBoKx09Vih80jmiuRvM2QUT4tA92YdJR3pIlDL_g_U78Tr0d7wxJT8lwwXrWbKKtIQP4P35FdCHdUWELspXi93y8Hy6u26X3AvQ",
          "e": "AQAB"
        },
        "attributes": {
          "enabled": true,
          "created": 1668014512,
          "updated": 1668014512,
          "recoveryLevel": "CustomizedRecoverable\u002BPurgeable",
          "recoverableDays": 7,
          "exportable": false
        }
      }
    },
    {
      "RequestUri": "https://keyvault_name.vault.azure.net/deletedkeys/CRUDKeyName-cangetakey-?api-version=7.4-preview.1",
      "RequestMethod": "DELETE",
      "RequestHeaders": {
        "Accept": "application/json",
        "Accept-Encoding": "gzip,deflate",
        "Authorization": "Sanitized",
        "Connection": "keep-alive",
        "User-Agent": "azsdk-js-keyvault-keys/4.6.1 azsdk-js-keyvault-keys/4.6.1 core-rest-pipeline/1.10.0 Node/v16.15.1 OS/(x64-Linux-5.10.102.1-microsoft-standard-WSL2)",
        "x-ms-client-request-id": "99821af5-8e86-4696-8f45-d580061605fc"
      },
      "RequestBody": null,
      "StatusCode": 204,
      "ResponseHeaders": {
        "Cache-Control": "no-cache",
        "Date": "Wed, 09 Nov 2022 17:21:57 GMT",
        "Expires": "-1",
        "Pragma": "no-cache",
        "Strict-Transport-Security": "max-age=31536000;includeSubDomains",
        "X-Content-Type-Options": "nosniff",
        "x-ms-client-request-id": "99821af5-8e86-4696-8f45-d580061605fc",
        "x-ms-keyvault-network-info": "conn_type=Ipv4;addr=167.220.77.94;act_addr_fam=InterNetwork;",
        "x-ms-keyvault-rbac-assignment-id": "0b5c37e2-546f-5f67-b775-71961d2f0c3d",
        "x-ms-keyvault-rbac-cache": "ra_age=492;da_age=732;rd_age=732;brd_age=20052;ra_notif_age=868;dec_lev=1;",
        "x-ms-keyvault-region": "northcentralus",
        "x-ms-keyvault-service-version": "1.9.576.1",
        "x-ms-request-id": "0bf829c8-a817-4ffe-909e-1f802b0db030"
      },
      "ResponseBody": null
    }
  ],
  "Variables": {}
}
