{
  "Entries": [
    {
      "RequestUri": "https://keyvault_name.vault.azure.net/keys/CRUDKeyName-cancreateadisabledkey-/create?api-version=7.3",
      "RequestMethod": "POST",
      "RequestHeaders": {
        "Accept": "application/json",
        "Accept-Encoding": "gzip,deflate",
        "Connection": "keep-alive",
        "Content-Length": "0",
        "Content-Type": "application/json",
        "User-Agent": "azsdk-js-keyvault-keys/4.5.0-beta.1 azsdk-js-keyvault-keys/4.5.0-beta.1 core-rest-pipeline/1.8.1 Node/v16.14.0 OS/(x64-Windows_NT-10.0.22000)",
        "x-ms-client-request-id": "45b0e870-5e94-46c1-a639-b8b9df39e423"
      },
      "RequestBody": null,
      "StatusCode": 401,
      "ResponseHeaders": {
        "Cache-Control": "no-cache",
        "Content-Length": "97",
        "Content-Type": "application/json; charset=utf-8",
        "Date": "Fri, 27 May 2022 23:03:22 GMT",
        "Expires": "-1",
        "Pragma": "no-cache",
        "Strict-Transport-Security": "max-age=31536000;includeSubDomains",
        "WWW-Authenticate": "Bearer authorization=\u0022https://login.windows.net/12345678-1234-1234-1234-123456789012\u0022, resource=\u0022https://vault.azure.net\u0022",
        "X-Content-Type-Options": "nosniff",
        "x-ms-client-request-id": "45b0e870-5e94-46c1-a639-b8b9df39e423",
        "x-ms-keyvault-network-info": "conn_type=Ipv4;addr=131.107.159.44;act_addr_fam=InterNetwork;",
        "x-ms-keyvault-region": "northcentralus",
        "x-ms-keyvault-service-version": "1.9.395.1",
        "x-ms-request-id": "7b8741f0-ed96-470b-8366-347f0021f84c"
      },
      "ResponseBody": {
        "error": {
          "code": "Unauthorized",
          "message": "AKV10000: Request is missing a Bearer or PoP token."
        }
      }
    },
    {
      "RequestUri": "https://keyvault_name.vault.azure.net/keys/CRUDKeyName-cancreateadisabledkey-/create?api-version=7.3",
      "RequestMethod": "POST",
      "RequestHeaders": {
        "Accept": "application/json",
        "Accept-Encoding": "gzip,deflate",
        "Authorization": "Sanitized",
        "Connection": "keep-alive",
        "Content-Length": "44",
        "Content-Type": "application/json",
        "User-Agent": "azsdk-js-keyvault-keys/4.5.0-beta.1 azsdk-js-keyvault-keys/4.5.0-beta.1 core-rest-pipeline/1.8.1 Node/v16.14.0 OS/(x64-Windows_NT-10.0.22000)",
        "x-ms-client-request-id": "45b0e870-5e94-46c1-a639-b8b9df39e423"
      },
      "RequestBody": {
        "kty": "RSA",
        "attributes": {
          "enabled": false
        }
      },
      "StatusCode": 200,
      "ResponseHeaders": {
        "Cache-Control": "no-cache",
        "Content-Length": "713",
        "Content-Type": "application/json; charset=utf-8",
        "Date": "Fri, 27 May 2022 23:03:23 GMT",
        "Expires": "-1",
        "Pragma": "no-cache",
        "Strict-Transport-Security": "max-age=31536000;includeSubDomains",
        "X-Content-Type-Options": "nosniff",
        "x-ms-client-request-id": "45b0e870-5e94-46c1-a639-b8b9df39e423",
        "x-ms-keyvault-network-info": "conn_type=Ipv4;addr=131.107.159.44;act_addr_fam=InterNetwork;",
        "x-ms-keyvault-rbac-assignment-id": "bcec85b9-f9c6-5289-888e-6f6ce533c6a2",
        "x-ms-keyvault-rbac-cache": "ra_age=7523;da_age=7523;rd_age=7523;brd_age=6029;ra_notif_age=8578;dec_lev=1;",
        "x-ms-keyvault-region": "northcentralus",
        "x-ms-keyvault-service-version": "1.9.395.1",
        "x-ms-request-id": "0018c255-b75e-438e-8afa-82bf8213d10c"
      },
      "ResponseBody": {
        "key": {
          "kid": "https://keyvault_name.vault.azure.net/keys/CRUDKeyName-cancreateadisabledkey-/4ef88413400b401283ce5b83a8ed9fa2",
          "kty": "RSA",
          "key_ops": [
            "encrypt",
            "decrypt",
            "sign",
            "verify",
            "wrapKey",
            "unwrapKey"
          ],
          "n": "8hOvTCTuo473m305YoZDQStdPCl7uaTou8PGUW1cwdQ7DwKTHrry5r-gMrKGp32MyCxnfoOZw9uz2jSx5c-O6gu5X-9u5Gxoykx65DRA847yIFm1SKVwyNN3CkwJB7EmSI5IsFKAxUlEt4s_OaiPIOhqdzAlbEo7x9SuqqENCfAP6qMppwVrtqa0d69j4-y-xRAdLMtQ-sG9rM7uxIbsckDGrw2UfCa0_6Z91z5jGUo6s7gn8zoM98AjmLfmzquON7ioumK_Pn0bnnga3roDP2lE8LZKmPLlDcrZ5xs2RyPsqzu2aFnmbCfXM1DGDaAzVIy2i1YHD2DrzcJmZ9LzOQ",
          "e": "AQAB"
        },
        "attributes": {
          "enabled": false,
          "created": 1653692603,
          "updated": 1653692603,
          "recoveryLevel": "CustomizedRecoverable\u002BPurgeable",
          "recoverableDays": 7
        }
      }
    },
    {
      "RequestUri": "https://keyvault_name.vault.azure.net/keys/CRUDKeyName-cancreateadisabledkey-?api-version=7.3",
      "RequestMethod": "DELETE",
      "RequestHeaders": {
        "Accept": "application/json",
        "Accept-Encoding": "gzip,deflate",
        "Authorization": "Sanitized",
        "Connection": "keep-alive",
        "User-Agent": "azsdk-js-keyvault-keys/4.5.0-beta.1 azsdk-js-keyvault-keys/4.5.0-beta.1 core-rest-pipeline/1.8.1 Node/v16.14.0 OS/(x64-Windows_NT-10.0.22000)",
        "x-ms-client-request-id": "93d87df0-48d7-49b8-95a2-d429d48d3365"
      },
      "RequestBody": null,
      "StatusCode": 200,
      "ResponseHeaders": {
        "Cache-Control": "no-cache",
        "Content-Length": "870",
        "Content-Type": "application/json; charset=utf-8",
        "Date": "Fri, 27 May 2022 23:03:23 GMT",
        "Expires": "-1",
        "Pragma": "no-cache",
        "Strict-Transport-Security": "max-age=31536000;includeSubDomains",
        "X-Content-Type-Options": "nosniff",
        "x-ms-client-request-id": "93d87df0-48d7-49b8-95a2-d429d48d3365",
        "x-ms-keyvault-network-info": "conn_type=Ipv4;addr=131.107.159.44;act_addr_fam=InterNetwork;",
        "x-ms-keyvault-rbac-assignment-id": "bcec85b9-f9c6-5289-888e-6f6ce533c6a2",
        "x-ms-keyvault-rbac-cache": "ra_age=7523;da_age=7523;rd_age=7523;brd_age=6029;ra_notif_age=8579;dec_lev=1;",
        "x-ms-keyvault-region": "northcentralus",
        "x-ms-keyvault-service-version": "1.9.395.1",
        "x-ms-request-id": "14204c16-3816-4d90-982b-5b6e600328a9"
      },
      "ResponseBody": {
        "recoveryId": "https://keyvault_name.vault.azure.net/deletedkeys/CRUDKeyName-cancreateadisabledkey-",
        "deletedDate": 1653692603,
        "scheduledPurgeDate": 1654297403,
        "key": {
          "kid": "https://keyvault_name.vault.azure.net/keys/CRUDKeyName-cancreateadisabledkey-/4ef88413400b401283ce5b83a8ed9fa2",
          "kty": "RSA",
          "key_ops": [
            "encrypt",
            "decrypt",
            "sign",
            "verify",
            "wrapKey",
            "unwrapKey"
          ],
          "n": "8hOvTCTuo473m305YoZDQStdPCl7uaTou8PGUW1cwdQ7DwKTHrry5r-gMrKGp32MyCxnfoOZw9uz2jSx5c-O6gu5X-9u5Gxoykx65DRA847yIFm1SKVwyNN3CkwJB7EmSI5IsFKAxUlEt4s_OaiPIOhqdzAlbEo7x9SuqqENCfAP6qMppwVrtqa0d69j4-y-xRAdLMtQ-sG9rM7uxIbsckDGrw2UfCa0_6Z91z5jGUo6s7gn8zoM98AjmLfmzquON7ioumK_Pn0bnnga3roDP2lE8LZKmPLlDcrZ5xs2RyPsqzu2aFnmbCfXM1DGDaAzVIy2i1YHD2DrzcJmZ9LzOQ",
          "e": "AQAB"
        },
        "attributes": {
          "enabled": false,
          "created": 1653692603,
          "updated": 1653692603,
          "recoveryLevel": "CustomizedRecoverable\u002BPurgeable",
          "recoverableDays": 7
        }
      }
    },
    {
      "RequestUri": "https://keyvault_name.vault.azure.net/deletedkeys/CRUDKeyName-cancreateadisabledkey-?api-version=7.3",
      "RequestMethod": "GET",
      "RequestHeaders": {
        "Accept": "application/json",
        "Accept-Encoding": "gzip,deflate",
        "Authorization": "Sanitized",
        "Connection": "keep-alive",
        "User-Agent": "azsdk-js-keyvault-keys/4.5.0-beta.1 azsdk-js-keyvault-keys/4.5.0-beta.1 core-rest-pipeline/1.8.1 Node/v16.14.0 OS/(x64-Windows_NT-10.0.22000)",
        "x-ms-client-request-id": "af25d2be-9e8a-4339-a2f3-a58af87d3ef3"
      },
      "RequestBody": null,
      "StatusCode": 404,
      "ResponseHeaders": {
        "Cache-Control": "no-cache",
        "Content-Length": "102",
        "Content-Type": "application/json; charset=utf-8",
        "Date": "Fri, 27 May 2022 23:03:23 GMT",
        "Expires": "-1",
        "Pragma": "no-cache",
        "Strict-Transport-Security": "max-age=31536000;includeSubDomains",
        "X-Content-Type-Options": "nosniff",
        "x-ms-client-request-id": "af25d2be-9e8a-4339-a2f3-a58af87d3ef3",
        "x-ms-keyvault-network-info": "conn_type=Ipv4;addr=131.107.159.44;act_addr_fam=InterNetwork;",
        "x-ms-keyvault-rbac-assignment-id": "bcec85b9-f9c6-5289-888e-6f6ce533c6a2",
        "x-ms-keyvault-rbac-cache": "ra_age=7524;da_age=7524;rd_age=7524;brd_age=6029;ra_notif_age=8579;dec_lev=1;",
        "x-ms-keyvault-region": "northcentralus",
        "x-ms-keyvault-service-version": "1.9.395.1",
        "x-ms-request-id": "d777193b-7cc4-4eb1-9729-6ed0f246cf87"
      },
      "ResponseBody": {
        "error": {
          "code": "KeyNotFound",
          "message": "Deleted Key not found: CRUDKeyName-cancreateadisabledkey-"
        }
      }
    },
    {
      "RequestUri": "https://keyvault_name.vault.azure.net/deletedkeys/CRUDKeyName-cancreateadisabledkey-?api-version=7.3",
      "RequestMethod": "GET",
      "RequestHeaders": {
        "Accept": "application/json",
        "Accept-Encoding": "gzip,deflate",
        "Authorization": "Sanitized",
        "Connection": "keep-alive",
        "User-Agent": "azsdk-js-keyvault-keys/4.5.0-beta.1 azsdk-js-keyvault-keys/4.5.0-beta.1 core-rest-pipeline/1.8.1 Node/v16.14.0 OS/(x64-Windows_NT-10.0.22000)",
        "x-ms-client-request-id": "44db62a9-5975-4cb0-bef7-4a771e7629c8"
      },
      "RequestBody": null,
      "StatusCode": 404,
      "ResponseHeaders": {
        "Cache-Control": "no-cache",
        "Content-Length": "102",
        "Content-Type": "application/json; charset=utf-8",
        "Date": "Fri, 27 May 2022 23:03:23 GMT",
        "Expires": "-1",
        "Pragma": "no-cache",
        "Strict-Transport-Security": "max-age=31536000;includeSubDomains",
        "X-Content-Type-Options": "nosniff",
        "x-ms-client-request-id": "44db62a9-5975-4cb0-bef7-4a771e7629c8",
        "x-ms-keyvault-network-info": "conn_type=Ipv4;addr=131.107.159.44;act_addr_fam=InterNetwork;",
        "x-ms-keyvault-rbac-assignment-id": "bcec85b9-f9c6-5289-888e-6f6ce533c6a2",
        "x-ms-keyvault-rbac-cache": "ra_age=7524;da_age=7524;rd_age=7524;brd_age=6029;ra_notif_age=8579;dec_lev=0;",
        "x-ms-keyvault-region": "northcentralus",
        "x-ms-keyvault-service-version": "1.9.395.1",
        "x-ms-request-id": "50054cdf-0325-41f4-9ca7-a6253b2a8cb8"
      },
      "ResponseBody": {
        "error": {
          "code": "KeyNotFound",
          "message": "Deleted Key not found: CRUDKeyName-cancreateadisabledkey-"
        }
      }
    },
    {
      "RequestUri": "https://keyvault_name.vault.azure.net/deletedkeys/CRUDKeyName-cancreateadisabledkey-?api-version=7.3",
      "RequestMethod": "GET",
      "RequestHeaders": {
        "Accept": "application/json",
        "Accept-Encoding": "gzip,deflate",
        "Authorization": "Sanitized",
        "Connection": "keep-alive",
        "User-Agent": "azsdk-js-keyvault-keys/4.5.0-beta.1 azsdk-js-keyvault-keys/4.5.0-beta.1 core-rest-pipeline/1.8.1 Node/v16.14.0 OS/(x64-Windows_NT-10.0.22000)",
        "x-ms-client-request-id": "b0f9c768-31e9-4cd0-9aa0-8c9c1da0fcdc"
      },
      "RequestBody": null,
      "StatusCode": 200,
      "ResponseHeaders": {
        "Cache-Control": "no-cache",
        "Content-Length": "870",
        "Content-Type": "application/json; charset=utf-8",
        "Date": "Fri, 27 May 2022 23:03:28 GMT",
        "Expires": "-1",
        "Pragma": "no-cache",
        "Strict-Transport-Security": "max-age=31536000;includeSubDomains",
        "X-Content-Type-Options": "nosniff",
        "x-ms-client-request-id": "b0f9c768-31e9-4cd0-9aa0-8c9c1da0fcdc",
        "x-ms-keyvault-network-info": "conn_type=Ipv4;addr=131.107.159.44;act_addr_fam=InterNetwork;",
        "x-ms-keyvault-rbac-assignment-id": "bcec85b9-f9c6-5289-888e-6f6ce533c6a2",
        "x-ms-keyvault-rbac-cache": "ra_age=7529;da_age=7529;rd_age=7529;brd_age=6034;ra_notif_age=8584;dec_lev=0;",
        "x-ms-keyvault-region": "northcentralus",
        "x-ms-keyvault-service-version": "1.9.395.1",
        "x-ms-request-id": "a6a1cca3-521c-487f-aad7-8e89f24903c5"
      },
      "ResponseBody": {
        "recoveryId": "https://keyvault_name.vault.azure.net/deletedkeys/CRUDKeyName-cancreateadisabledkey-",
        "deletedDate": 1653692603,
        "scheduledPurgeDate": 1654297403,
        "key": {
          "kid": "https://keyvault_name.vault.azure.net/keys/CRUDKeyName-cancreateadisabledkey-/4ef88413400b401283ce5b83a8ed9fa2",
          "kty": "RSA",
          "key_ops": [
            "encrypt",
            "decrypt",
            "sign",
            "verify",
            "wrapKey",
            "unwrapKey"
          ],
          "n": "8hOvTCTuo473m305YoZDQStdPCl7uaTou8PGUW1cwdQ7DwKTHrry5r-gMrKGp32MyCxnfoOZw9uz2jSx5c-O6gu5X-9u5Gxoykx65DRA847yIFm1SKVwyNN3CkwJB7EmSI5IsFKAxUlEt4s_OaiPIOhqdzAlbEo7x9SuqqENCfAP6qMppwVrtqa0d69j4-y-xRAdLMtQ-sG9rM7uxIbsckDGrw2UfCa0_6Z91z5jGUo6s7gn8zoM98AjmLfmzquON7ioumK_Pn0bnnga3roDP2lE8LZKmPLlDcrZ5xs2RyPsqzu2aFnmbCfXM1DGDaAzVIy2i1YHD2DrzcJmZ9LzOQ",
          "e": "AQAB"
        },
        "attributes": {
          "enabled": false,
          "created": 1653692603,
          "updated": 1653692603,
          "recoveryLevel": "CustomizedRecoverable\u002BPurgeable",
          "recoverableDays": 7
        }
      }
    },
    {
      "RequestUri": "https://keyvault_name.vault.azure.net/deletedkeys/CRUDKeyName-cancreateadisabledkey-?api-version=7.3",
      "RequestMethod": "DELETE",
      "RequestHeaders": {
        "Accept": "application/json",
        "Accept-Encoding": "gzip,deflate",
        "Authorization": "Sanitized",
        "Connection": "keep-alive",
        "User-Agent": "azsdk-js-keyvault-keys/4.5.0-beta.1 azsdk-js-keyvault-keys/4.5.0-beta.1 core-rest-pipeline/1.8.1 Node/v16.14.0 OS/(x64-Windows_NT-10.0.22000)",
        "x-ms-client-request-id": "6bec8990-94cc-47fc-9c29-3dbfbade0038"
      },
      "RequestBody": null,
      "StatusCode": 204,
      "ResponseHeaders": {
        "Cache-Control": "no-cache",
        "Date": "Fri, 27 May 2022 23:03:28 GMT",
        "Expires": "-1",
        "Pragma": "no-cache",
        "Strict-Transport-Security": "max-age=31536000;includeSubDomains",
        "X-Content-Type-Options": "nosniff",
        "x-ms-client-request-id": "6bec8990-94cc-47fc-9c29-3dbfbade0038",
        "x-ms-keyvault-network-info": "conn_type=Ipv4;addr=131.107.159.44;act_addr_fam=InterNetwork;",
        "x-ms-keyvault-rbac-assignment-id": "bcec85b9-f9c6-5289-888e-6f6ce533c6a2",
        "x-ms-keyvault-rbac-cache": "ra_age=7529;da_age=7529;rd_age=7529;brd_age=6035;ra_notif_age=8584;dec_lev=1;",
        "x-ms-keyvault-region": "northcentralus",
        "x-ms-keyvault-service-version": "1.9.395.1",
        "x-ms-request-id": "ad8abaed-07ff-4a85-81ba-8a5ac35e7d22"
      },
      "ResponseBody": null
    }
  ],
  "Variables": {}
}
