{
  "Entries": [
    {
      "RequestUri": "https://keyvault_name.vault.azure.net/keys/CRUDKeyName-canupdateakeyspropertieswithoutspecifyingaversion-/create?api-version=7.3",
      "RequestMethod": "POST",
      "RequestHeaders": {
        "Accept": "application/json",
        "Accept-Encoding": "gzip,deflate",
        "Connection": "keep-alive",
        "Content-Length": "0",
        "Content-Type": "application/json",
        "User-Agent": "azsdk-js-keyvault-keys/4.5.0-beta.1 azsdk-js-keyvault-keys/4.5.0-beta.1 core-rest-pipeline/1.8.1 Node/v16.14.0 OS/(x64-Windows_NT-10.0.22000)",
        "x-ms-client-request-id": "78db21b7-917d-4af8-a8af-c968f3b90bb1"
      },
      "RequestBody": null,
      "StatusCode": 401,
      "ResponseHeaders": {
        "Cache-Control": "no-cache",
        "Content-Length": "97",
        "Content-Type": "application/json; charset=utf-8",
        "Date": "Fri, 27 May 2022 23:03:40 GMT",
        "Expires": "-1",
        "Pragma": "no-cache",
        "Strict-Transport-Security": "max-age=31536000;includeSubDomains",
        "WWW-Authenticate": "Bearer authorization=\u0022https://login.windows.net/12345678-1234-1234-1234-123456789012\u0022, resource=\u0022https://vault.azure.net\u0022",
        "X-Content-Type-Options": "nosniff",
        "x-ms-client-request-id": "78db21b7-917d-4af8-a8af-c968f3b90bb1",
        "x-ms-keyvault-network-info": "conn_type=Ipv4;addr=131.107.159.44;act_addr_fam=InterNetwork;",
        "x-ms-keyvault-region": "northcentralus",
        "x-ms-keyvault-service-version": "1.9.395.1",
        "x-ms-request-id": "bf9300e4-bbaf-4fbe-83c6-9887070e14b0"
      },
      "ResponseBody": {
        "error": {
          "code": "Unauthorized",
          "message": "AKV10000: Request is missing a Bearer or PoP token."
        }
      }
    },
    {
      "RequestUri": "https://keyvault_name.vault.azure.net/keys/CRUDKeyName-canupdateakeyspropertieswithoutspecifyingaversion-/create?api-version=7.3",
      "RequestMethod": "POST",
      "RequestHeaders": {
        "Accept": "application/json",
        "Accept-Encoding": "gzip,deflate",
        "Authorization": "Sanitized",
        "Connection": "keep-alive",
        "Content-Length": "13",
        "Content-Type": "application/json",
        "User-Agent": "azsdk-js-keyvault-keys/4.5.0-beta.1 azsdk-js-keyvault-keys/4.5.0-beta.1 core-rest-pipeline/1.8.1 Node/v16.14.0 OS/(x64-Windows_NT-10.0.22000)",
        "x-ms-client-request-id": "78db21b7-917d-4af8-a8af-c968f3b90bb1"
      },
      "RequestBody": {
        "kty": "RSA"
      },
      "StatusCode": 200,
      "ResponseHeaders": {
        "Cache-Control": "no-cache",
        "Content-Length": "740",
        "Content-Type": "application/json; charset=utf-8",
        "Date": "Fri, 27 May 2022 23:03:41 GMT",
        "Expires": "-1",
        "Pragma": "no-cache",
        "Strict-Transport-Security": "max-age=31536000;includeSubDomains",
        "X-Content-Type-Options": "nosniff",
        "x-ms-client-request-id": "78db21b7-917d-4af8-a8af-c968f3b90bb1",
        "x-ms-keyvault-network-info": "conn_type=Ipv4;addr=131.107.159.44;act_addr_fam=InterNetwork;",
        "x-ms-keyvault-rbac-assignment-id": "bcec85b9-f9c6-5289-888e-6f6ce533c6a2",
        "x-ms-keyvault-rbac-cache": "ra_age=7542;da_age=7542;rd_age=7542;brd_age=6048;ra_notif_age=8597;dec_lev=1;",
        "x-ms-keyvault-region": "northcentralus",
        "x-ms-keyvault-service-version": "1.9.395.1",
        "x-ms-request-id": "ba8d1b16-cfc9-4d4c-a53b-856be957e0e0"
      },
      "ResponseBody": {
        "key": {
          "kid": "https://keyvault_name.vault.azure.net/keys/CRUDKeyName-canupdateakeyspropertieswithoutspecifyingaversion-/776539cf1fb040f08c1d0ce3e152ab6e",
          "kty": "RSA",
          "key_ops": [
            "encrypt",
            "decrypt",
            "sign",
            "verify",
            "wrapKey",
            "unwrapKey"
          ],
          "n": "sbfxPrHwVRMMAoaS7pGsTssO-i9X-YSiqQwrBdX7s8LHmX6vI5r9UB0G9yX6mw_zKdetBkBw4J3ZCpS8CFXO4oFTsxVigaW-m9TUaOO8J_zCCk9nw1z7J0hvE25xUI7mlb2r2BLjIbtvAEQt1pdugjRC_8Vq65K1ZjDhC6b-8Axxa5dIcvOL5Pf6dYF_F7L8wT2QFIY5LcLCKtqT3ovuhrLOZnukXB6r8JhfbRQplvcJgzQFcqExJXkPdTq8TXoSiYoINDKdWLSc6ijUaXT4Ihpzlc8_VkNXo5wGVHZPrYLKVKhFuupYmXI_iPZBK-BommZllYQXYJL3AY3WF00VdQ",
          "e": "AQAB"
        },
        "attributes": {
          "enabled": true,
          "created": 1653692621,
          "updated": 1653692621,
          "recoveryLevel": "CustomizedRecoverable\u002BPurgeable",
          "recoverableDays": 7
        }
      }
    },
    {
      "RequestUri": "https://keyvault_name.vault.azure.net/keys/CRUDKeyName-canupdateakeyspropertieswithoutspecifyingaversion-/?api-version=7.3",
      "RequestMethod": "PATCH",
      "RequestHeaders": {
        "Accept": "application/json",
        "Accept-Encoding": "gzip,deflate",
        "Authorization": "Sanitized",
        "Connection": "keep-alive",
        "Content-Length": "32",
        "Content-Type": "application/json",
        "User-Agent": "azsdk-js-keyvault-keys/4.5.0-beta.1 azsdk-js-keyvault-keys/4.5.0-beta.1 core-rest-pipeline/1.8.1 Node/v16.14.0 OS/(x64-Windows_NT-10.0.22000)",
        "x-ms-client-request-id": "22a53fd2-c795-4c2c-b4c2-472ef3cc91ad"
      },
      "RequestBody": {
        "attributes": {
          "enabled": false
        }
      },
      "StatusCode": 200,
      "ResponseHeaders": {
        "Cache-Control": "no-cache",
        "Content-Length": "741",
        "Content-Type": "application/json; charset=utf-8",
        "Date": "Fri, 27 May 2022 23:03:41 GMT",
        "Expires": "-1",
        "Pragma": "no-cache",
        "Strict-Transport-Security": "max-age=31536000;includeSubDomains",
        "X-Content-Type-Options": "nosniff",
        "x-ms-client-request-id": "22a53fd2-c795-4c2c-b4c2-472ef3cc91ad",
        "x-ms-keyvault-network-info": "conn_type=Ipv4;addr=131.107.159.44;act_addr_fam=InterNetwork;",
        "x-ms-keyvault-rbac-assignment-id": "bcec85b9-f9c6-5289-888e-6f6ce533c6a2",
        "x-ms-keyvault-rbac-cache": "ra_age=7542;da_age=7542;rd_age=7542;brd_age=6048;ra_notif_age=8597;dec_lev=1;",
        "x-ms-keyvault-region": "northcentralus",
        "x-ms-keyvault-service-version": "1.9.395.1",
        "x-ms-request-id": "612b4597-dda3-4cec-81e2-8caf6713d0cd"
      },
      "ResponseBody": {
        "key": {
          "kid": "https://keyvault_name.vault.azure.net/keys/CRUDKeyName-canupdateakeyspropertieswithoutspecifyingaversion-/776539cf1fb040f08c1d0ce3e152ab6e",
          "kty": "RSA",
          "key_ops": [
            "encrypt",
            "decrypt",
            "sign",
            "verify",
            "wrapKey",
            "unwrapKey"
          ],
          "n": "sbfxPrHwVRMMAoaS7pGsTssO-i9X-YSiqQwrBdX7s8LHmX6vI5r9UB0G9yX6mw_zKdetBkBw4J3ZCpS8CFXO4oFTsxVigaW-m9TUaOO8J_zCCk9nw1z7J0hvE25xUI7mlb2r2BLjIbtvAEQt1pdugjRC_8Vq65K1ZjDhC6b-8Axxa5dIcvOL5Pf6dYF_F7L8wT2QFIY5LcLCKtqT3ovuhrLOZnukXB6r8JhfbRQplvcJgzQFcqExJXkPdTq8TXoSiYoINDKdWLSc6ijUaXT4Ihpzlc8_VkNXo5wGVHZPrYLKVKhFuupYmXI_iPZBK-BommZllYQXYJL3AY3WF00VdQ",
          "e": "AQAB"
        },
        "attributes": {
          "enabled": false,
          "created": 1653692621,
          "updated": 1653692622,
          "recoveryLevel": "CustomizedRecoverable\u002BPurgeable",
          "recoverableDays": 7
        }
      }
    }
  ],
  "Variables": {}
}
