{
  "Entries": [
    {
      "RequestUri": "https://keyvault_name.vault.azure.net/keys/CRUDKeyName-candeleteakey-/create?api-version=7.4-preview.1",
      "RequestMethod": "POST",
      "RequestHeaders": {
        "Accept": "application/json",
        "Accept-Encoding": "gzip,deflate",
        "Connection": "keep-alive",
        "Content-Length": "0",
        "Content-Type": "application/json",
        "User-Agent": "azsdk-js-keyvault-keys/4.6.1 azsdk-js-keyvault-keys/4.6.1 core-rest-pipeline/1.10.0 Node/v16.15.1 OS/(x64-Linux-5.10.102.1-microsoft-standard-WSL2)",
        "x-ms-client-request-id": "77aa2cde-a261-403a-a22d-0f3a249c1e0c"
      },
      "RequestBody": null,
      "StatusCode": 401,
      "ResponseHeaders": {
        "Cache-Control": "no-cache",
        "Content-Length": "97",
        "Content-Type": "application/json; charset=utf-8",
        "Date": "Wed, 09 Nov 2022 17:21:45 GMT",
        "Expires": "-1",
        "Pragma": "no-cache",
        "Strict-Transport-Security": "max-age=31536000;includeSubDomains",
        "WWW-Authenticate": "Bearer authorization=\u0022https://login.windows.net/12345678-1234-1234-1234-123456789012\u0022, resource=\u0022https://vault.azure.net\u0022",
        "X-Content-Type-Options": "nosniff",
        "x-ms-client-request-id": "77aa2cde-a261-403a-a22d-0f3a249c1e0c",
        "x-ms-keyvault-network-info": "conn_type=Ipv4;addr=167.220.77.94;act_addr_fam=InterNetwork;",
        "x-ms-keyvault-region": "northcentralus",
        "x-ms-keyvault-service-version": "1.9.576.1",
        "x-ms-request-id": "8c22b00e-6ade-40d1-a292-f618eaa44ada"
      },
      "ResponseBody": {
        "error": {
          "code": "Unauthorized",
          "message": "AKV10000: Request is missing a Bearer or PoP token."
        }
      }
    },
    {
      "RequestUri": "https://keyvault_name.vault.azure.net/keys/CRUDKeyName-candeleteakey-/create?api-version=7.4-preview.1",
      "RequestMethod": "POST",
      "RequestHeaders": {
        "Accept": "application/json",
        "Accept-Encoding": "gzip,deflate",
        "Authorization": "Sanitized",
        "Connection": "keep-alive",
        "Content-Length": "13",
        "Content-Type": "application/json",
        "User-Agent": "azsdk-js-keyvault-keys/4.6.1 azsdk-js-keyvault-keys/4.6.1 core-rest-pipeline/1.10.0 Node/v16.15.1 OS/(x64-Linux-5.10.102.1-microsoft-standard-WSL2)",
        "x-ms-client-request-id": "77aa2cde-a261-403a-a22d-0f3a249c1e0c"
      },
      "RequestBody": {
        "kty": "RSA"
      },
      "StatusCode": 200,
      "ResponseHeaders": {
        "Cache-Control": "no-cache",
        "Content-Length": "723",
        "Content-Type": "application/json; charset=utf-8",
        "Date": "Wed, 09 Nov 2022 17:21:45 GMT",
        "Expires": "-1",
        "Pragma": "no-cache",
        "Strict-Transport-Security": "max-age=31536000;includeSubDomains",
        "X-Content-Type-Options": "nosniff",
        "x-ms-client-request-id": "77aa2cde-a261-403a-a22d-0f3a249c1e0c",
        "x-ms-keyvault-network-info": "conn_type=Ipv4;addr=167.220.77.94;act_addr_fam=InterNetwork;",
        "x-ms-keyvault-rbac-assignment-id": "0b5c37e2-546f-5f67-b775-71961d2f0c3d",
        "x-ms-keyvault-rbac-cache": "ra_age=480;da_age=720;rd_age=720;brd_age=20040;ra_notif_age=855;dec_lev=1;",
        "x-ms-keyvault-region": "northcentralus",
        "x-ms-keyvault-service-version": "1.9.576.1",
        "x-ms-request-id": "323c9938-2bf8-47b0-92c3-13bfd3fc4242"
      },
      "ResponseBody": {
        "key": {
          "kid": "https://keyvault_name.vault.azure.net/keys/CRUDKeyName-candeleteakey-/92c1f49c5b3347e5a6bae54afb27d494",
          "kty": "RSA",
          "key_ops": [
            "encrypt",
            "decrypt",
            "sign",
            "verify",
            "wrapKey",
            "unwrapKey"
          ],
          "n": "qbihesawh5pP04a4ElhWs8uwThrJ7q906bJj-6S2Kh3zzBuB6uM-U68Lfeue1HgevfjrCIzj4UeIuGq-p5hszrAqiuaRPtJAWe0yaTSfDbgd5NF8JUkD8Q2TZQVvg4erqI2sC1b2gZI1c8GHMmeGvBKYipYv1JBI1nYxAerSyo7sE-1ffJXSlpB9o6lQ75WzPpGraogiu6izA0tA5eku1h_7qVVyBow57NTXuhRzK8W2nuGlogG4Q5IeX4y6ed89Vqnv0dSq9XcL9ndy7_cYuca0W9w2N8z7LXFPtz70jWHazfpqScXNN-x5zSqWavdSNrrEbrCUIV3K4-Sbogp0sQ",
          "e": "AQAB"
        },
        "attributes": {
          "enabled": true,
          "created": 1668014505,
          "updated": 1668014505,
          "recoveryLevel": "CustomizedRecoverable\u002BPurgeable",
          "recoverableDays": 7,
          "exportable": false
        }
      }
    },
    {
      "RequestUri": "https://keyvault_name.vault.azure.net/keys/CRUDKeyName-candeleteakey-?api-version=7.4-preview.1",
      "RequestMethod": "DELETE",
      "RequestHeaders": {
        "Accept": "application/json",
        "Accept-Encoding": "gzip,deflate",
        "Authorization": "Sanitized",
        "Connection": "keep-alive",
        "User-Agent": "azsdk-js-keyvault-keys/4.6.1 azsdk-js-keyvault-keys/4.6.1 core-rest-pipeline/1.10.0 Node/v16.15.1 OS/(x64-Linux-5.10.102.1-microsoft-standard-WSL2)",
        "x-ms-client-request-id": "0f55f333-596c-4666-b5f6-c4861565fbc6"
      },
      "RequestBody": null,
      "StatusCode": 200,
      "ResponseHeaders": {
        "Cache-Control": "no-cache",
        "Content-Length": "872",
        "Content-Type": "application/json; charset=utf-8",
        "Date": "Wed, 09 Nov 2022 17:21:45 GMT",
        "Expires": "-1",
        "Pragma": "no-cache",
        "Strict-Transport-Security": "max-age=31536000;includeSubDomains",
        "X-Content-Type-Options": "nosniff",
        "x-ms-client-request-id": "0f55f333-596c-4666-b5f6-c4861565fbc6",
        "x-ms-keyvault-network-info": "conn_type=Ipv4;addr=167.220.77.94;act_addr_fam=InterNetwork;",
        "x-ms-keyvault-rbac-assignment-id": "0b5c37e2-546f-5f67-b775-71961d2f0c3d",
        "x-ms-keyvault-rbac-cache": "ra_age=480;da_age=720;rd_age=720;brd_age=20040;ra_notif_age=856;dec_lev=1;",
        "x-ms-keyvault-region": "northcentralus",
        "x-ms-keyvault-service-version": "1.9.576.1",
        "x-ms-request-id": "d967a26f-e73e-42c9-9c3e-55455bf44675"
      },
      "ResponseBody": {
        "recoveryId": "https://keyvault_name.vault.azure.net/deletedkeys/CRUDKeyName-candeleteakey-",
        "deletedDate": 1668014506,
        "scheduledPurgeDate": 1668619306,
        "key": {
          "kid": "https://keyvault_name.vault.azure.net/keys/CRUDKeyName-candeleteakey-/92c1f49c5b3347e5a6bae54afb27d494",
          "kty": "RSA",
          "key_ops": [
            "encrypt",
            "decrypt",
            "sign",
            "verify",
            "wrapKey",
            "unwrapKey"
          ],
          "n": "qbihesawh5pP04a4ElhWs8uwThrJ7q906bJj-6S2Kh3zzBuB6uM-U68Lfeue1HgevfjrCIzj4UeIuGq-p5hszrAqiuaRPtJAWe0yaTSfDbgd5NF8JUkD8Q2TZQVvg4erqI2sC1b2gZI1c8GHMmeGvBKYipYv1JBI1nYxAerSyo7sE-1ffJXSlpB9o6lQ75WzPpGraogiu6izA0tA5eku1h_7qVVyBow57NTXuhRzK8W2nuGlogG4Q5IeX4y6ed89Vqnv0dSq9XcL9ndy7_cYuca0W9w2N8z7LXFPtz70jWHazfpqScXNN-x5zSqWavdSNrrEbrCUIV3K4-Sbogp0sQ",
          "e": "AQAB"
        },
        "attributes": {
          "enabled": true,
          "created": 1668014505,
          "updated": 1668014505,
          "recoveryLevel": "CustomizedRecoverable\u002BPurgeable",
          "recoverableDays": 7,
          "exportable": false
        }
      }
    },
    {
      "RequestUri": "https://keyvault_name.vault.azure.net/deletedkeys/CRUDKeyName-candeleteakey-?api-version=7.4-preview.1",
      "RequestMethod": "GET",
      "RequestHeaders": {
        "Accept": "application/json",
        "Accept-Encoding": "gzip,deflate",
        "Authorization": "Sanitized",
        "Connection": "keep-alive",
        "User-Agent": "azsdk-js-keyvault-keys/4.6.1 azsdk-js-keyvault-keys/4.6.1 core-rest-pipeline/1.10.0 Node/v16.15.1 OS/(x64-Linux-5.10.102.1-microsoft-standard-WSL2)",
        "x-ms-client-request-id": "6050d9fb-a145-411d-a939-83c408aae95f"
      },
      "RequestBody": null,
      "StatusCode": 404,
      "ResponseHeaders": {
        "Cache-Control": "no-cache",
        "Content-Length": "94",
        "Content-Type": "application/json; charset=utf-8",
        "Date": "Wed, 09 Nov 2022 17:21:45 GMT",
        "Expires": "-1",
        "Pragma": "no-cache",
        "Strict-Transport-Security": "max-age=31536000;includeSubDomains",
        "X-Content-Type-Options": "nosniff",
        "x-ms-client-request-id": "6050d9fb-a145-411d-a939-83c408aae95f",
        "x-ms-keyvault-network-info": "conn_type=Ipv4;addr=167.220.77.94;act_addr_fam=InterNetwork;",
        "x-ms-keyvault-rbac-assignment-id": "0b5c37e2-546f-5f67-b775-71961d2f0c3d",
        "x-ms-keyvault-rbac-cache": "ra_age=480;da_age=720;rd_age=720;brd_age=20040;ra_notif_age=856;dec_lev=1;",
        "x-ms-keyvault-region": "northcentralus",
        "x-ms-keyvault-service-version": "1.9.576.1",
        "x-ms-request-id": "b4819009-b4af-45b3-8f0d-f338a7f2bc12"
      },
      "ResponseBody": {
        "error": {
          "code": "KeyNotFound",
          "message": "Deleted Key not found: CRUDKeyName-candeleteakey-"
        }
      }
    },
    {
      "RequestUri": "https://keyvault_name.vault.azure.net/deletedkeys/CRUDKeyName-candeleteakey-?api-version=7.4-preview.1",
      "RequestMethod": "GET",
      "RequestHeaders": {
        "Accept": "application/json",
        "Accept-Encoding": "gzip,deflate",
        "Authorization": "Sanitized",
        "Connection": "keep-alive",
        "User-Agent": "azsdk-js-keyvault-keys/4.6.1 azsdk-js-keyvault-keys/4.6.1 core-rest-pipeline/1.10.0 Node/v16.15.1 OS/(x64-Linux-5.10.102.1-microsoft-standard-WSL2)",
        "x-ms-client-request-id": "e84419f5-46a2-49ae-aa3f-304fa4d2ec15"
      },
      "RequestBody": null,
      "StatusCode": 404,
      "ResponseHeaders": {
        "Cache-Control": "no-cache",
        "Content-Length": "94",
        "Content-Type": "application/json; charset=utf-8",
        "Date": "Wed, 09 Nov 2022 17:21:45 GMT",
        "Expires": "-1",
        "Pragma": "no-cache",
        "Strict-Transport-Security": "max-age=31536000;includeSubDomains",
        "X-Content-Type-Options": "nosniff",
        "x-ms-client-request-id": "e84419f5-46a2-49ae-aa3f-304fa4d2ec15",
        "x-ms-keyvault-network-info": "conn_type=Ipv4;addr=167.220.77.94;act_addr_fam=InterNetwork;",
        "x-ms-keyvault-rbac-assignment-id": "0b5c37e2-546f-5f67-b775-71961d2f0c3d",
        "x-ms-keyvault-rbac-cache": "ra_age=480;da_age=720;rd_age=720;brd_age=20040;ra_notif_age=856;dec_lev=0;",
        "x-ms-keyvault-region": "northcentralus",
        "x-ms-keyvault-service-version": "1.9.576.1",
        "x-ms-request-id": "02a5e186-73af-4e26-801e-3cbdb6560d20"
      },
      "ResponseBody": {
        "error": {
          "code": "KeyNotFound",
          "message": "Deleted Key not found: CRUDKeyName-candeleteakey-"
        }
      }
    },
    {
      "RequestUri": "https://keyvault_name.vault.azure.net/deletedkeys/CRUDKeyName-candeleteakey-?api-version=7.4-preview.1",
      "RequestMethod": "GET",
      "RequestHeaders": {
        "Accept": "application/json",
        "Accept-Encoding": "gzip,deflate",
        "Authorization": "Sanitized",
        "Connection": "keep-alive",
        "User-Agent": "azsdk-js-keyvault-keys/4.6.1 azsdk-js-keyvault-keys/4.6.1 core-rest-pipeline/1.10.0 Node/v16.15.1 OS/(x64-Linux-5.10.102.1-microsoft-standard-WSL2)",
        "x-ms-client-request-id": "1b01208f-eab8-478b-a9e8-58d812fc9e34"
      },
      "RequestBody": null,
      "StatusCode": 200,
      "ResponseHeaders": {
        "Cache-Control": "no-cache",
        "Content-Length": "872",
        "Content-Type": "application/json; charset=utf-8",
        "Date": "Wed, 09 Nov 2022 17:21:50 GMT",
        "Expires": "-1",
        "Pragma": "no-cache",
        "Strict-Transport-Security": "max-age=31536000;includeSubDomains",
        "X-Content-Type-Options": "nosniff",
        "x-ms-client-request-id": "1b01208f-eab8-478b-a9e8-58d812fc9e34",
        "x-ms-keyvault-network-info": "conn_type=Ipv4;addr=167.220.77.94;act_addr_fam=InterNetwork;",
        "x-ms-keyvault-rbac-assignment-id": "0b5c37e2-546f-5f67-b775-71961d2f0c3d",
        "x-ms-keyvault-rbac-cache": "ra_age=485;da_age=725;rd_age=725;brd_age=20045;ra_notif_age=861;dec_lev=0;",
        "x-ms-keyvault-region": "northcentralus",
        "x-ms-keyvault-service-version": "1.9.576.1",
        "x-ms-request-id": "9534dd8f-eea7-49ac-bb2f-ba5492fa8e92"
      },
      "ResponseBody": {
        "recoveryId": "https://keyvault_name.vault.azure.net/deletedkeys/CRUDKeyName-candeleteakey-",
        "deletedDate": 1668014506,
        "scheduledPurgeDate": 1668619306,
        "key": {
          "kid": "https://keyvault_name.vault.azure.net/keys/CRUDKeyName-candeleteakey-/92c1f49c5b3347e5a6bae54afb27d494",
          "kty": "RSA",
          "key_ops": [
            "encrypt",
            "decrypt",
            "sign",
            "verify",
            "wrapKey",
            "unwrapKey"
          ],
          "n": "qbihesawh5pP04a4ElhWs8uwThrJ7q906bJj-6S2Kh3zzBuB6uM-U68Lfeue1HgevfjrCIzj4UeIuGq-p5hszrAqiuaRPtJAWe0yaTSfDbgd5NF8JUkD8Q2TZQVvg4erqI2sC1b2gZI1c8GHMmeGvBKYipYv1JBI1nYxAerSyo7sE-1ffJXSlpB9o6lQ75WzPpGraogiu6izA0tA5eku1h_7qVVyBow57NTXuhRzK8W2nuGlogG4Q5IeX4y6ed89Vqnv0dSq9XcL9ndy7_cYuca0W9w2N8z7LXFPtz70jWHazfpqScXNN-x5zSqWavdSNrrEbrCUIV3K4-Sbogp0sQ",
          "e": "AQAB"
        },
        "attributes": {
          "enabled": true,
          "created": 1668014505,
          "updated": 1668014505,
          "recoveryLevel": "CustomizedRecoverable\u002BPurgeable",
          "recoverableDays": 7,
          "exportable": false
        }
      }
    },
    {
      "RequestUri": "https://keyvault_name.vault.azure.net/keys/CRUDKeyName-candeleteakey-/?api-version=7.4-preview.1",
      "RequestMethod": "GET",
      "RequestHeaders": {
        "Accept": "application/json",
        "Accept-Encoding": "gzip,deflate",
        "Authorization": "Sanitized",
        "Connection": "keep-alive",
        "User-Agent": "azsdk-js-keyvault-keys/4.6.1 azsdk-js-keyvault-keys/4.6.1 core-rest-pipeline/1.10.0 Node/v16.15.1 OS/(x64-Linux-5.10.102.1-microsoft-standard-WSL2)",
        "x-ms-client-request-id": "ff8b69a1-964f-49e3-a4d9-457e463927f8"
      },
      "RequestBody": null,
      "StatusCode": 404,
      "ResponseHeaders": {
        "Cache-Control": "no-cache",
        "Content-Length": "314",
        "Content-Type": "application/json; charset=utf-8",
        "Date": "Wed, 09 Nov 2022 17:21:50 GMT",
        "Expires": "-1",
        "Pragma": "no-cache",
        "Strict-Transport-Security": "max-age=31536000;includeSubDomains",
        "X-Content-Type-Options": "nosniff",
        "x-ms-client-request-id": "ff8b69a1-964f-49e3-a4d9-457e463927f8",
        "x-ms-keyvault-network-info": "conn_type=Ipv4;addr=167.220.77.94;act_addr_fam=InterNetwork;",
        "x-ms-keyvault-rbac-assignment-id": "0b5c37e2-546f-5f67-b775-71961d2f0c3d",
        "x-ms-keyvault-rbac-cache": "ra_age=485;da_age=725;rd_age=725;brd_age=20046;ra_notif_age=861;dec_lev=0;",
        "x-ms-keyvault-region": "northcentralus",
        "x-ms-keyvault-service-version": "1.9.576.1",
        "x-ms-request-id": "656a4e9a-4d70-4619-b51d-2cfdd0bd48c2"
      },
      "ResponseBody": {
        "error": {
          "code": "KeyNotFound",
          "message": "A key with (name/id) CRUDKeyName-candeleteakey- was not found in this key vault. If you recently deleted this key you may be able to recover it using the correct recovery command. For help resolving this issue, please see https://go.microsoft.com/fwlink/?linkid=2125182"
        }
      }
    },
    {
      "RequestUri": "https://keyvault_name.vault.azure.net/deletedkeys/CRUDKeyName-candeleteakey-?api-version=7.4-preview.1",
      "RequestMethod": "DELETE",
      "RequestHeaders": {
        "Accept": "application/json",
        "Accept-Encoding": "gzip,deflate",
        "Authorization": "Sanitized",
        "Connection": "keep-alive",
        "User-Agent": "azsdk-js-keyvault-keys/4.6.1 azsdk-js-keyvault-keys/4.6.1 core-rest-pipeline/1.10.0 Node/v16.15.1 OS/(x64-Linux-5.10.102.1-microsoft-standard-WSL2)",
        "x-ms-client-request-id": "e57422b7-2823-41f0-b211-953db1609fd3"
      },
      "RequestBody": null,
      "StatusCode": 204,
      "ResponseHeaders": {
        "Cache-Control": "no-cache",
        "Date": "Wed, 09 Nov 2022 17:21:51 GMT",
        "Expires": "-1",
        "Pragma": "no-cache",
        "Strict-Transport-Security": "max-age=31536000;includeSubDomains",
        "X-Content-Type-Options": "nosniff",
        "x-ms-client-request-id": "e57422b7-2823-41f0-b211-953db1609fd3",
        "x-ms-keyvault-network-info": "conn_type=Ipv4;addr=167.220.77.94;act_addr_fam=InterNetwork;",
        "x-ms-keyvault-rbac-assignment-id": "0b5c37e2-546f-5f67-b775-71961d2f0c3d",
        "x-ms-keyvault-rbac-cache": "ra_age=486;da_age=725;rd_age=725;brd_age=20046;ra_notif_age=861;dec_lev=1;",
        "x-ms-keyvault-region": "northcentralus",
        "x-ms-keyvault-service-version": "1.9.576.1",
        "x-ms-request-id": "2ffedd93-ac46-49d8-8cdb-03d0a340cee0"
      },
      "ResponseBody": null
    }
  ],
  "Variables": {}
}
