{
  "Entries": [
    {
      "RequestUri": "https://keyvault_name.vault.azure.net/keys/RSA-HSM-25701/create?api-version=7.4-preview.1",
      "RequestMethod": "POST",
      "RequestHeaders": {
        "Accept": "application/json",
        "Accept-Encoding": "gzip,deflate",
        "Connection": "keep-alive",
        "Content-Length": "0",
        "Content-Type": "application/json",
        "User-Agent": "azsdk-js-keyvault-keys/4.6.1 azsdk-js-keyvault-keys/4.6.1 core-rest-pipeline/1.10.0 Node/v16.15.1 OS/(x64-Linux-5.10.102.1-microsoft-standard-WSL2)",
        "x-ms-client-request-id": "728825cd-e62f-4f65-8d78-a85f788cd832"
      },
      "RequestBody": null,
      "StatusCode": 401,
      "ResponseHeaders": {
        "Cache-Control": "no-cache",
        "Content-Length": "97",
        "Content-Type": "application/json; charset=utf-8",
        "Date": "Wed, 09 Nov 2022 17:19:56 GMT",
        "Expires": "-1",
        "Pragma": "no-cache",
        "Strict-Transport-Security": "max-age=31536000;includeSubDomains",
        "WWW-Authenticate": "Bearer authorization=\u0022https://login.windows.net/12345678-1234-1234-1234-123456789012\u0022, resource=\u0022https://vault.azure.net\u0022",
        "X-Content-Type-Options": "nosniff",
        "x-ms-client-request-id": "728825cd-e62f-4f65-8d78-a85f788cd832",
        "x-ms-keyvault-network-info": "conn_type=Ipv4;addr=167.220.77.94;act_addr_fam=InterNetwork;",
        "x-ms-keyvault-region": "northcentralus",
        "x-ms-keyvault-service-version": "1.9.576.1",
        "x-ms-request-id": "3339ca77-cbb4-40c7-9173-3abded6f645d"
      },
      "ResponseBody": {
        "error": {
          "code": "Unauthorized",
          "message": "AKV10000: Request is missing a Bearer or PoP token."
        }
      }
    },
    {
      "RequestUri": "https://keyvault_name.vault.azure.net/keys/RSA-HSM-25701/create?api-version=7.4-preview.1",
      "RequestMethod": "POST",
      "RequestHeaders": {
        "Accept": "application/json",
        "Accept-Encoding": "gzip,deflate",
        "Authorization": "Sanitized",
        "Connection": "keep-alive",
        "Content-Length": "17",
        "Content-Type": "application/json",
        "User-Agent": "azsdk-js-keyvault-keys/4.6.1 azsdk-js-keyvault-keys/4.6.1 core-rest-pipeline/1.10.0 Node/v16.15.1 OS/(x64-Linux-5.10.102.1-microsoft-standard-WSL2)",
        "x-ms-client-request-id": "728825cd-e62f-4f65-8d78-a85f788cd832"
      },
      "RequestBody": {
        "kty": "RSA-HSM"
      },
      "StatusCode": 200,
      "ResponseHeaders": {
        "Cache-Control": "no-cache",
        "Content-Length": "716",
        "Content-Type": "application/json; charset=utf-8",
        "Date": "Wed, 09 Nov 2022 17:19:57 GMT",
        "Expires": "-1",
        "Pragma": "no-cache",
        "Strict-Transport-Security": "max-age=31536000;includeSubDomains",
        "X-Content-Type-Options": "nosniff",
        "x-ms-client-request-id": "728825cd-e62f-4f65-8d78-a85f788cd832",
        "x-ms-keyvault-network-info": "conn_type=Ipv4;addr=167.220.77.94;act_addr_fam=InterNetwork;",
        "x-ms-keyvault-rbac-assignment-id": "0b5c37e2-546f-5f67-b775-71961d2f0c3d",
        "x-ms-keyvault-rbac-cache": "ra_age=371;da_age=611;rd_age=611;brd_age=19931;ra_notif_age=747;dec_lev=1;",
        "x-ms-keyvault-region": "northcentralus",
        "x-ms-keyvault-service-version": "1.9.576.1",
        "x-ms-request-id": "41d9b4bb-cb82-4c46-a4a3-682ac884b375"
      },
      "ResponseBody": {
        "key": {
          "kid": "https://keyvault_name.vault.azure.net/keys/RSA-HSM-25701/a8ce719920054acaae64ba4627b7f771",
          "kty": "RSA-HSM",
          "key_ops": [
            "encrypt",
            "decrypt",
            "sign",
            "verify",
            "wrapKey",
            "unwrapKey"
          ],
          "n": "rWFhV6zfFnZ2DQ_PiawlWQMq9HmAm5-sO1a2kOwB7lKQ5KT43rTfmmoYL0elYTXiuv0svhjuDbxWWlUUA6z0VF-9uftk0rbvFCO7wDLw3i5N2JqMTag-MWgTq7vV7kNSVopA_vQDDgojFloteqg3aZz50cGaKWkfbQllSrbSsUP59itjMjluuotsylG7YOWX__FF0GH-wcvhqrmJ4GzKeyC6AgYvAqXPJtlwwIZSpRUpOXtzofXcYYe5APZ8MKM4SH7JcE_aypAClGc8TRkofiag2MCxtL0mk2pmIEhlrCjEzlXEY8BEYuU2gO1W4hqe84IJj6IK7lua4RtWRlVtBQ",
          "e": "AAEAAQ"
        },
        "attributes": {
          "enabled": true,
          "created": 1668014396,
          "updated": 1668014396,
          "recoveryLevel": "CustomizedRecoverable\u002BPurgeable",
          "recoverableDays": 7,
          "exportable": false
        }
      }
    },
    {
      "RequestUri": "https://keyvault_name.vault.azure.net/keys/RSA-HSM-25701/a8ce719920054acaae64ba4627b7f771?api-version=7.4-preview.1",
      "RequestMethod": "GET",
      "RequestHeaders": {
        "Accept": "application/json",
        "Accept-Encoding": "gzip,deflate",
        "Connection": "keep-alive",
        "User-Agent": "azsdk-js-keyvault-keys/4.6.1 azsdk-js-keyvault-keys/4.6.1 core-rest-pipeline/1.10.0 Node/v16.15.1 OS/(x64-Linux-5.10.102.1-microsoft-standard-WSL2)",
        "x-ms-client-request-id": "30fafb29-7251-4168-bd34-d8970aeb2207"
      },
      "RequestBody": null,
      "StatusCode": 401,
      "ResponseHeaders": {
        "Cache-Control": "no-cache",
        "Content-Length": "97",
        "Content-Type": "application/json; charset=utf-8",
        "Date": "Wed, 09 Nov 2022 17:19:57 GMT",
        "Expires": "-1",
        "Pragma": "no-cache",
        "Strict-Transport-Security": "max-age=31536000;includeSubDomains",
        "WWW-Authenticate": "Bearer authorization=\u0022https://login.windows.net/12345678-1234-1234-1234-123456789012\u0022, resource=\u0022https://vault.azure.net\u0022",
        "X-Content-Type-Options": "nosniff",
        "x-ms-client-request-id": "30fafb29-7251-4168-bd34-d8970aeb2207",
        "x-ms-keyvault-network-info": "conn_type=Ipv4;addr=167.220.77.94;act_addr_fam=InterNetwork;",
        "x-ms-keyvault-region": "northcentralus",
        "x-ms-keyvault-service-version": "1.9.576.1",
        "x-ms-request-id": "957cd7b3-396b-4f87-b37d-ac4093611565"
      },
      "ResponseBody": {
        "error": {
          "code": "Unauthorized",
          "message": "AKV10000: Request is missing a Bearer or PoP token."
        }
      }
    },
    {
      "RequestUri": "https://keyvault_name.vault.azure.net/keys/RSA-HSM-25701/a8ce719920054acaae64ba4627b7f771?api-version=7.4-preview.1",
      "RequestMethod": "GET",
      "RequestHeaders": {
        "Accept": "application/json",
        "Accept-Encoding": "gzip,deflate",
        "Authorization": "Sanitized",
        "Connection": "keep-alive",
        "User-Agent": "azsdk-js-keyvault-keys/4.6.1 azsdk-js-keyvault-keys/4.6.1 core-rest-pipeline/1.10.0 Node/v16.15.1 OS/(x64-Linux-5.10.102.1-microsoft-standard-WSL2)",
        "x-ms-client-request-id": "30fafb29-7251-4168-bd34-d8970aeb2207"
      },
      "RequestBody": null,
      "StatusCode": 200,
      "ResponseHeaders": {
        "Cache-Control": "no-cache",
        "Content-Length": "716",
        "Content-Type": "application/json; charset=utf-8",
        "Date": "Wed, 09 Nov 2022 17:19:57 GMT",
        "Expires": "-1",
        "Pragma": "no-cache",
        "Strict-Transport-Security": "max-age=31536000;includeSubDomains",
        "X-Content-Type-Options": "nosniff",
        "x-ms-client-request-id": "30fafb29-7251-4168-bd34-d8970aeb2207",
        "x-ms-keyvault-network-info": "conn_type=Ipv4;addr=167.220.77.94;act_addr_fam=InterNetwork;",
        "x-ms-keyvault-rbac-assignment-id": "0b5c37e2-546f-5f67-b775-71961d2f0c3d",
        "x-ms-keyvault-rbac-cache": "ra_age=372;da_age=612;rd_age=612;brd_age=19932;ra_notif_age=747;dec_lev=1;",
        "x-ms-keyvault-region": "northcentralus",
        "x-ms-keyvault-service-version": "1.9.576.1",
        "x-ms-request-id": "30b8af11-3536-4fbf-abe4-8b6b48506ef5"
      },
      "ResponseBody": {
        "key": {
          "kid": "https://keyvault_name.vault.azure.net/keys/RSA-HSM-25701/a8ce719920054acaae64ba4627b7f771",
          "kty": "RSA-HSM",
          "key_ops": [
            "encrypt",
            "decrypt",
            "sign",
            "verify",
            "wrapKey",
            "unwrapKey"
          ],
          "n": "rWFhV6zfFnZ2DQ_PiawlWQMq9HmAm5-sO1a2kOwB7lKQ5KT43rTfmmoYL0elYTXiuv0svhjuDbxWWlUUA6z0VF-9uftk0rbvFCO7wDLw3i5N2JqMTag-MWgTq7vV7kNSVopA_vQDDgojFloteqg3aZz50cGaKWkfbQllSrbSsUP59itjMjluuotsylG7YOWX__FF0GH-wcvhqrmJ4GzKeyC6AgYvAqXPJtlwwIZSpRUpOXtzofXcYYe5APZ8MKM4SH7JcE_aypAClGc8TRkofiag2MCxtL0mk2pmIEhlrCjEzlXEY8BEYuU2gO1W4hqe84IJj6IK7lua4RtWRlVtBQ",
          "e": "AAEAAQ"
        },
        "attributes": {
          "enabled": true,
          "created": 1668014396,
          "updated": 1668014396,
          "recoveryLevel": "CustomizedRecoverable\u002BPurgeable",
          "recoverableDays": 7,
          "exportable": false
        }
      }
    },
    {
      "RequestUri": "https://keyvault_name.vault.azure.net/keys/RSA-HSM-25701/a8ce719920054acaae64ba4627b7f771/sign?api-version=7.4-preview.1",
      "RequestMethod": "POST",
      "RequestHeaders": {
        "Accept": "application/json",
        "Accept-Encoding": "gzip,deflate",
        "Authorization": "Sanitized",
        "Connection": "keep-alive",
        "Content-Length": "69",
        "Content-Type": "application/json",
        "User-Agent": "azsdk-js-keyvault-keys/4.6.1 azsdk-js-keyvault-keys/4.6.1 core-rest-pipeline/1.10.0 Node/v16.15.1 OS/(x64-Linux-5.10.102.1-microsoft-standard-WSL2)",
        "x-ms-client-request-id": "f2698812-d44a-466c-aee3-e3837c4b9865"
      },
      "RequestBody": {
        "alg": "RS256",
        "value": "ZVJEOpllu5j_M4_8rnEmS4gS33itKrPUvkizsz--EGE"
      },
      "StatusCode": 200,
      "ResponseHeaders": {
        "Cache-Control": "no-cache",
        "Content-Length": "452",
        "Content-Type": "application/json; charset=utf-8",
        "Date": "Wed, 09 Nov 2022 17:19:57 GMT",
        "Expires": "-1",
        "Pragma": "no-cache",
        "Strict-Transport-Security": "max-age=31536000;includeSubDomains",
        "X-Content-Type-Options": "nosniff",
        "x-ms-client-request-id": "f2698812-d44a-466c-aee3-e3837c4b9865",
        "x-ms-keyvault-network-info": "conn_type=Ipv4;addr=167.220.77.94;act_addr_fam=InterNetwork;",
        "x-ms-keyvault-rbac-assignment-id": "0b5c37e2-546f-5f67-b775-71961d2f0c3d",
        "x-ms-keyvault-rbac-cache": "ra_age=372;da_age=612;rd_age=612;brd_age=19932;ra_notif_age=747;dec_lev=1;",
        "x-ms-keyvault-region": "northcentralus",
        "x-ms-keyvault-service-version": "1.9.576.1",
        "x-ms-request-id": "0f32040c-b597-4454-a2d9-cf604257101b"
      },
      "ResponseBody": {
        "kid": "https://keyvault_name.vault.azure.net/keys/RSA-HSM-25701/a8ce719920054acaae64ba4627b7f771",
        "value": "BD5eKXvq3X-owypCR4wHEYpB1gzSQ4z0sTdqwFQKXPlkpNJ4VhOiUIf1TmNnYaEe0EjV0ILejf8M0zepzjcItlwUVbscVU6whW_bGxSl3PIqFMTcd2pS4qhvFDc0_Y-k69Vs-dzTafMPDOQvjJrcSchBfxowEpCEe6pBrxsd-apFrL39TCKAFpnXG4PORwemWkvIiHh1BGhq_fBEQQLVYex-LH0Zaw-RtDFvmQ1YOzBz0ffILXuSgrP6onmbGTV8JqWSg9JPk9DMM9xh_AGgm919t7VnoGlUrMB5avkuO-C7tjk-odB0OTjPpwm_EZd5k1TwLiCsYmHsIGtvaUFc0Q"
      }
    },
    {
      "RequestUri": "https://keyvault_name.vault.azure.net/keys/RSA-HSM-25701?api-version=7.4-preview.1",
      "RequestMethod": "DELETE",
      "RequestHeaders": {
        "Accept": "application/json",
        "Accept-Encoding": "gzip,deflate",
        "Authorization": "Sanitized",
        "Connection": "keep-alive",
        "User-Agent": "azsdk-js-keyvault-keys/4.6.1 azsdk-js-keyvault-keys/4.6.1 core-rest-pipeline/1.10.0 Node/v16.15.1 OS/(x64-Linux-5.10.102.1-microsoft-standard-WSL2)",
        "x-ms-client-request-id": "c339afb0-5a4c-4b24-8b49-bd4bfc65f516"
      },
      "RequestBody": null,
      "StatusCode": 200,
      "ResponseHeaders": {
        "Cache-Control": "no-cache",
        "Content-Length": "852",
        "Content-Type": "application/json; charset=utf-8",
        "Date": "Wed, 09 Nov 2022 17:19:57 GMT",
        "Expires": "-1",
        "Pragma": "no-cache",
        "Strict-Transport-Security": "max-age=31536000;includeSubDomains",
        "X-Content-Type-Options": "nosniff",
        "x-ms-client-request-id": "c339afb0-5a4c-4b24-8b49-bd4bfc65f516",
        "x-ms-keyvault-network-info": "conn_type=Ipv4;addr=167.220.77.94;act_addr_fam=InterNetwork;",
        "x-ms-keyvault-rbac-assignment-id": "0b5c37e2-546f-5f67-b775-71961d2f0c3d",
        "x-ms-keyvault-rbac-cache": "ra_age=372;da_age=612;rd_age=612;brd_age=19932;ra_notif_age=747;dec_lev=1;",
        "x-ms-keyvault-region": "northcentralus",
        "x-ms-keyvault-service-version": "1.9.576.1",
        "x-ms-request-id": "d05753ac-d400-4e71-927f-cc001b6a6486"
      },
      "ResponseBody": {
        "recoveryId": "https://keyvault_name.vault.azure.net/deletedkeys/RSA-HSM-25701",
        "deletedDate": 1668014397,
        "scheduledPurgeDate": 1668619197,
        "key": {
          "kid": "https://keyvault_name.vault.azure.net/keys/RSA-HSM-25701/a8ce719920054acaae64ba4627b7f771",
          "kty": "RSA-HSM",
          "key_ops": [
            "encrypt",
            "decrypt",
            "sign",
            "verify",
            "wrapKey",
            "unwrapKey"
          ],
          "n": "rWFhV6zfFnZ2DQ_PiawlWQMq9HmAm5-sO1a2kOwB7lKQ5KT43rTfmmoYL0elYTXiuv0svhjuDbxWWlUUA6z0VF-9uftk0rbvFCO7wDLw3i5N2JqMTag-MWgTq7vV7kNSVopA_vQDDgojFloteqg3aZz50cGaKWkfbQllSrbSsUP59itjMjluuotsylG7YOWX__FF0GH-wcvhqrmJ4GzKeyC6AgYvAqXPJtlwwIZSpRUpOXtzofXcYYe5APZ8MKM4SH7JcE_aypAClGc8TRkofiag2MCxtL0mk2pmIEhlrCjEzlXEY8BEYuU2gO1W4hqe84IJj6IK7lua4RtWRlVtBQ",
          "e": "AAEAAQ"
        },
        "attributes": {
          "enabled": true,
          "created": 1668014396,
          "updated": 1668014396,
          "recoveryLevel": "CustomizedRecoverable\u002BPurgeable",
          "recoverableDays": 7,
          "exportable": false
        }
      }
    },
    {
      "RequestUri": "https://keyvault_name.vault.azure.net/deletedkeys/RSA-HSM-25701?api-version=7.4-preview.1",
      "RequestMethod": "GET",
      "RequestHeaders": {
        "Accept": "application/json",
        "Accept-Encoding": "gzip,deflate",
        "Authorization": "Sanitized",
        "Connection": "keep-alive",
        "User-Agent": "azsdk-js-keyvault-keys/4.6.1 azsdk-js-keyvault-keys/4.6.1 core-rest-pipeline/1.10.0 Node/v16.15.1 OS/(x64-Linux-5.10.102.1-microsoft-standard-WSL2)",
        "x-ms-client-request-id": "4d50eaec-0c42-4b23-8df1-3d4ea30302fd"
      },
      "RequestBody": null,
      "StatusCode": 404,
      "ResponseHeaders": {
        "Cache-Control": "no-cache",
        "Content-Length": "81",
        "Content-Type": "application/json; charset=utf-8",
        "Date": "Wed, 09 Nov 2022 17:19:57 GMT",
        "Expires": "-1",
        "Pragma": "no-cache",
        "Strict-Transport-Security": "max-age=31536000;includeSubDomains",
        "X-Content-Type-Options": "nosniff",
        "x-ms-client-request-id": "4d50eaec-0c42-4b23-8df1-3d4ea30302fd",
        "x-ms-keyvault-network-info": "conn_type=Ipv4;addr=167.220.77.94;act_addr_fam=InterNetwork;",
        "x-ms-keyvault-rbac-assignment-id": "0b5c37e2-546f-5f67-b775-71961d2f0c3d",
        "x-ms-keyvault-rbac-cache": "ra_age=372;da_age=612;rd_age=612;brd_age=19932;ra_notif_age=748;dec_lev=0;",
        "x-ms-keyvault-region": "northcentralus",
        "x-ms-keyvault-service-version": "1.9.576.1",
        "x-ms-request-id": "be57a25e-93bc-42a8-9e81-0b3f40f1181b"
      },
      "ResponseBody": {
        "error": {
          "code": "KeyNotFound",
          "message": "Deleted Key not found: RSA-HSM-25701"
        }
      }
    },
    {
      "RequestUri": "https://keyvault_name.vault.azure.net/deletedkeys/RSA-HSM-25701?api-version=7.4-preview.1",
      "RequestMethod": "GET",
      "RequestHeaders": {
        "Accept": "application/json",
        "Accept-Encoding": "gzip,deflate",
        "Authorization": "Sanitized",
        "Connection": "keep-alive",
        "User-Agent": "azsdk-js-keyvault-keys/4.6.1 azsdk-js-keyvault-keys/4.6.1 core-rest-pipeline/1.10.0 Node/v16.15.1 OS/(x64-Linux-5.10.102.1-microsoft-standard-WSL2)",
        "x-ms-client-request-id": "4b139e44-dc3c-4a92-a344-38aa0ff7c1ae"
      },
      "RequestBody": null,
      "StatusCode": 404,
      "ResponseHeaders": {
        "Cache-Control": "no-cache",
        "Content-Length": "81",
        "Content-Type": "application/json; charset=utf-8",
        "Date": "Wed, 09 Nov 2022 17:19:58 GMT",
        "Expires": "-1",
        "Pragma": "no-cache",
        "Strict-Transport-Security": "max-age=31536000;includeSubDomains",
        "X-Content-Type-Options": "nosniff",
        "x-ms-client-request-id": "4b139e44-dc3c-4a92-a344-38aa0ff7c1ae",
        "x-ms-keyvault-network-info": "conn_type=Ipv4;addr=167.220.77.94;act_addr_fam=InterNetwork;",
        "x-ms-keyvault-rbac-assignment-id": "0b5c37e2-546f-5f67-b775-71961d2f0c3d",
        "x-ms-keyvault-rbac-cache": "ra_age=372;da_age=612;rd_age=612;brd_age=19932;ra_notif_age=748;dec_lev=0;",
        "x-ms-keyvault-region": "northcentralus",
        "x-ms-keyvault-service-version": "1.9.576.1",
        "x-ms-request-id": "ffdc501d-3702-4220-a5dd-97e24d7dc063"
      },
      "ResponseBody": {
        "error": {
          "code": "KeyNotFound",
          "message": "Deleted Key not found: RSA-HSM-25701"
        }
      }
    },
    {
      "RequestUri": "https://keyvault_name.vault.azure.net/deletedkeys/RSA-HSM-25701?api-version=7.4-preview.1",
      "RequestMethod": "GET",
      "RequestHeaders": {
        "Accept": "application/json",
        "Accept-Encoding": "gzip,deflate",
        "Authorization": "Sanitized",
        "Connection": "keep-alive",
        "User-Agent": "azsdk-js-keyvault-keys/4.6.1 azsdk-js-keyvault-keys/4.6.1 core-rest-pipeline/1.10.0 Node/v16.15.1 OS/(x64-Linux-5.10.102.1-microsoft-standard-WSL2)",
        "x-ms-client-request-id": "15dc4177-a326-414b-bdec-337c67f1271f"
      },
      "RequestBody": null,
      "StatusCode": 200,
      "ResponseHeaders": {
        "Cache-Control": "no-cache",
        "Content-Length": "852",
        "Content-Type": "application/json; charset=utf-8",
        "Date": "Wed, 09 Nov 2022 17:20:03 GMT",
        "Expires": "-1",
        "Pragma": "no-cache",
        "Strict-Transport-Security": "max-age=31536000;includeSubDomains",
        "X-Content-Type-Options": "nosniff",
        "x-ms-client-request-id": "15dc4177-a326-414b-bdec-337c67f1271f",
        "x-ms-keyvault-network-info": "conn_type=Ipv4;addr=167.220.77.94;act_addr_fam=InterNetwork;",
        "x-ms-keyvault-rbac-assignment-id": "0b5c37e2-546f-5f67-b775-71961d2f0c3d",
        "x-ms-keyvault-rbac-cache": "ra_age=377;da_age=617;rd_age=617;brd_age=19937;ra_notif_age=753;dec_lev=0;",
        "x-ms-keyvault-region": "northcentralus",
        "x-ms-keyvault-service-version": "1.9.576.1",
        "x-ms-request-id": "be56a878-4a4a-4c4d-81eb-43b078f2513b"
      },
      "ResponseBody": {
        "recoveryId": "https://keyvault_name.vault.azure.net/deletedkeys/RSA-HSM-25701",
        "deletedDate": 1668014397,
        "scheduledPurgeDate": 1668619197,
        "key": {
          "kid": "https://keyvault_name.vault.azure.net/keys/RSA-HSM-25701/a8ce719920054acaae64ba4627b7f771",
          "kty": "RSA-HSM",
          "key_ops": [
            "encrypt",
            "decrypt",
            "sign",
            "verify",
            "wrapKey",
            "unwrapKey"
          ],
          "n": "rWFhV6zfFnZ2DQ_PiawlWQMq9HmAm5-sO1a2kOwB7lKQ5KT43rTfmmoYL0elYTXiuv0svhjuDbxWWlUUA6z0VF-9uftk0rbvFCO7wDLw3i5N2JqMTag-MWgTq7vV7kNSVopA_vQDDgojFloteqg3aZz50cGaKWkfbQllSrbSsUP59itjMjluuotsylG7YOWX__FF0GH-wcvhqrmJ4GzKeyC6AgYvAqXPJtlwwIZSpRUpOXtzofXcYYe5APZ8MKM4SH7JcE_aypAClGc8TRkofiag2MCxtL0mk2pmIEhlrCjEzlXEY8BEYuU2gO1W4hqe84IJj6IK7lua4RtWRlVtBQ",
          "e": "AAEAAQ"
        },
        "attributes": {
          "enabled": true,
          "created": 1668014396,
          "updated": 1668014396,
          "recoveryLevel": "CustomizedRecoverable\u002BPurgeable",
          "recoverableDays": 7,
          "exportable": false
        }
      }
    },
    {
      "RequestUri": "https://keyvault_name.vault.azure.net/deletedkeys/RSA-HSM-25701?api-version=7.4-preview.1",
      "RequestMethod": "DELETE",
      "RequestHeaders": {
        "Accept": "application/json",
        "Accept-Encoding": "gzip,deflate",
        "Authorization": "Sanitized",
        "Connection": "keep-alive",
        "User-Agent": "azsdk-js-keyvault-keys/4.6.1 azsdk-js-keyvault-keys/4.6.1 core-rest-pipeline/1.10.0 Node/v16.15.1 OS/(x64-Linux-5.10.102.1-microsoft-standard-WSL2)",
        "x-ms-client-request-id": "f9d125a8-1e48-41a4-82d6-7afdcb24a43b"
      },
      "RequestBody": null,
      "StatusCode": 204,
      "ResponseHeaders": {
        "Cache-Control": "no-cache",
        "Date": "Wed, 09 Nov 2022 17:20:03 GMT",
        "Expires": "-1",
        "Pragma": "no-cache",
        "Strict-Transport-Security": "max-age=31536000;includeSubDomains",
        "X-Content-Type-Options": "nosniff",
        "x-ms-client-request-id": "f9d125a8-1e48-41a4-82d6-7afdcb24a43b",
        "x-ms-keyvault-network-info": "conn_type=Ipv4;addr=167.220.77.94;act_addr_fam=InterNetwork;",
        "x-ms-keyvault-rbac-assignment-id": "0b5c37e2-546f-5f67-b775-71961d2f0c3d",
        "x-ms-keyvault-rbac-cache": "ra_age=377;da_age=617;rd_age=617;brd_age=19937;ra_notif_age=753;dec_lev=1;",
        "x-ms-keyvault-region": "northcentralus",
        "x-ms-keyvault-service-version": "1.9.576.1",
        "x-ms-request-id": "046f3eb7-8c7b-4a82-a57e-0cfe6fb33cec"
      },
      "ResponseBody": null
    }
  ],
  "Variables": {
    "RSA-HSM": "RSA-HSM-25701"
  }
}
