{
  "Entries": [
    {
      "RequestUri": "https://fakestorageaccount.file.core.windows.net/share168617845564800624?restype=share",
      "RequestMethod": "PUT",
      "RequestHeaders": {
        "Accept": "application/xml",
        "Authorization": "Sanitized",
        "Connection": "keep-alive",
        "Content-Length": "0",
        "User-Agent": "azsdk-js-azure-storage-blob/12.13.0 core-rest-pipeline/1.11.1 Node/v16.18.0 OS/(x64-Linux-5.15.0-1038-azure)",
        "x-ms-client-request-id": "33f78aa1-8881-4dfa-888b-4ed2fb1d52d5",
        "x-ms-date": "Wed, 07 Jun 2023 22:54:15 GMT",
        "x-ms-version": "2021-10-04"
      },
      "RequestBody": null,
      "StatusCode": 201,
      "ResponseHeaders": {
        "Content-Length": "0",
        "Date": "Wed, 07 Jun 2023 22:54:15 GMT",
        "ETag": "\u00220x8DB67AA1E7EB365\u0022",
        "Last-Modified": "Wed, 07 Jun 2023 22:54:15 GMT",
        "Server": [
          "Windows-Azure-File/1.0",
          "Microsoft-HTTPAPI/2.0"
        ],
        "x-ms-client-request-id": "33f78aa1-8881-4dfa-888b-4ed2fb1d52d5",
        "x-ms-request-id": "7360b0f1-001a-003b-7892-998f15000000",
        "x-ms-version": "2021-10-04"
      },
      "ResponseBody": null
    },
    {
      "RequestUri": "https://fakestorageaccount.file.core.windows.net/share168617845564800624/dir168617845571401463?restype=directory",
      "RequestMethod": "PUT",
      "RequestHeaders": {
        "Accept": "application/xml",
        "Authorization": "Sanitized",
        "Connection": "keep-alive",
        "Content-Length": "0",
        "User-Agent": "azsdk-js-azure-storage-blob/12.13.0 core-rest-pipeline/1.11.1 Node/v16.18.0 OS/(x64-Linux-5.15.0-1038-azure)",
        "x-ms-client-request-id": "e31a374c-d306-40e9-9023-43a1f94ebfea",
        "x-ms-date": "Wed, 07 Jun 2023 22:54:15 GMT",
        "x-ms-file-attributes": "Directory",
        "x-ms-file-creation-time": "now",
        "x-ms-file-last-write-time": "now",
        "x-ms-file-permission": "inherit",
        "x-ms-version": "2021-10-04"
      },
      "RequestBody": null,
      "StatusCode": 201,
      "ResponseHeaders": {
        "Content-Length": "0",
        "Date": "Wed, 07 Jun 2023 22:54:15 GMT",
        "ETag": "\u00220x8DB67AA1E898995\u0022",
        "Last-Modified": "Wed, 07 Jun 2023 22:54:15 GMT",
        "Server": [
          "Windows-Azure-File/1.0",
          "Microsoft-HTTPAPI/2.0"
        ],
        "x-ms-client-request-id": "e31a374c-d306-40e9-9023-43a1f94ebfea",
        "x-ms-file-attributes": "Directory",
        "x-ms-file-change-time": "2023-06-07T22:54:15.7488533Z",
        "x-ms-file-creation-time": "2023-06-07T22:54:15.7488533Z",
        "x-ms-file-id": "13835128424026341376",
        "x-ms-file-last-write-time": "2023-06-07T22:54:15.7488533Z",
        "x-ms-file-parent-id": "0",
        "x-ms-file-permission-key": "14438882940201373875*11581588750433322810",
        "x-ms-request-id": "7360b0f3-001a-003b-7992-998f15000000",
        "x-ms-request-server-encrypted": "true",
        "x-ms-version": "2021-10-04"
      },
      "ResponseBody": null
    },
    {
      "RequestUri": "https://fakestorageaccount.file.core.windows.net/share168617845564800624/dir168617845571401463?restype=directory",
      "RequestMethod": "GET",
      "RequestHeaders": {
        "Accept": "application/xml",
        "Authorization": "Sanitized",
        "Connection": "keep-alive",
        "User-Agent": "azsdk-js-azure-storage-blob/12.13.0 core-rest-pipeline/1.11.1 Node/v16.18.0 OS/(x64-Linux-5.15.0-1038-azure)",
        "x-ms-client-request-id": "748fa82b-d03c-41ce-b751-d6a10b089689",
        "x-ms-date": "Wed, 07 Jun 2023 22:54:15 GMT",
        "x-ms-version": "2021-10-04"
      },
      "RequestBody": null,
      "StatusCode": 200,
      "ResponseHeaders": {
        "Access-Control-Allow-Origin": "*",
        "Access-Control-Expose-Headers": "x-ms-request-id,x-ms-client-request-id,Server,x-ms-version,Last-Modified,ETag,x-ms-server-encrypted,x-ms-file-change-time,x-ms-file-last-write-time,x-ms-file-creation-time,x-ms-file-permission-key,x-ms-file-attributes,x-ms-file-id,x-ms-file-parent-id,Content-Length,Date,Transfer-Encoding",
        "Content-Length": "0",
        "Date": "Wed, 07 Jun 2023 22:54:15 GMT",
        "ETag": "\u00220x8DB67AA1E898995\u0022",
        "Last-Modified": "Wed, 07 Jun 2023 22:54:15 GMT",
        "Server": [
          "Windows-Azure-File/1.0",
          "Microsoft-HTTPAPI/2.0"
        ],
        "x-ms-client-request-id": "748fa82b-d03c-41ce-b751-d6a10b089689",
        "x-ms-file-attributes": "Directory",
        "x-ms-file-change-time": "2023-06-07T22:54:15.7488533Z",
        "x-ms-file-creation-time": "2023-06-07T22:54:15.7488533Z",
        "x-ms-file-id": "13835128424026341376",
        "x-ms-file-last-write-time": "2023-06-07T22:54:15.7488533Z",
        "x-ms-file-parent-id": "0",
        "x-ms-file-permission-key": "14438882940201373875*11581588750433322810",
        "x-ms-request-id": "7360b0f4-001a-003b-7a92-998f15000000",
        "x-ms-server-encrypted": "true",
        "x-ms-version": "2021-10-04"
      },
      "ResponseBody": null
    },
    {
      "RequestUri": "https://fakestorageaccount.file.core.windows.net/share168617845564800624/dir168617845571401463?restype=directory",
      "RequestMethod": "DELETE",
      "RequestHeaders": {
        "Accept": "application/xml",
        "Authorization": "Sanitized",
        "Connection": "keep-alive",
        "User-Agent": "azsdk-js-azure-storage-blob/12.13.0 core-rest-pipeline/1.11.1 Node/v16.18.0 OS/(x64-Linux-5.15.0-1038-azure)",
        "x-ms-client-request-id": "d3c444bb-5e5c-4bee-942e-589a3706af3b",
        "x-ms-date": "Wed, 07 Jun 2023 22:54:15 GMT",
        "x-ms-version": "2021-10-04"
      },
      "RequestBody": null,
      "StatusCode": 202,
      "ResponseHeaders": {
        "Content-Length": "0",
        "Date": "Wed, 07 Jun 2023 22:54:15 GMT",
        "Server": [
          "Windows-Azure-File/1.0",
          "Microsoft-HTTPAPI/2.0"
        ],
        "x-ms-client-request-id": "d3c444bb-5e5c-4bee-942e-589a3706af3b",
        "x-ms-request-id": "7360b0f5-001a-003b-7b92-998f15000000",
        "x-ms-version": "2021-10-04"
      },
      "ResponseBody": null
    },
    {
      "RequestUri": "https://fakestorageaccount.file.core.windows.net/share168617845564800624?restype=share",
      "RequestMethod": "DELETE",
      "RequestHeaders": {
        "Accept": "application/xml",
        "Authorization": "Sanitized",
        "Connection": "keep-alive",
        "User-Agent": "azsdk-js-azure-storage-blob/12.13.0 core-rest-pipeline/1.11.1 Node/v16.18.0 OS/(x64-Linux-5.15.0-1038-azure)",
        "x-ms-client-request-id": "6cd5a554-3116-4a83-960e-bbfc24995e39",
        "x-ms-date": "Wed, 07 Jun 2023 22:54:15 GMT",
        "x-ms-version": "2021-10-04"
      },
      "RequestBody": null,
      "StatusCode": 202,
      "ResponseHeaders": {
        "Content-Length": "0",
        "Date": "Wed, 07 Jun 2023 22:54:15 GMT",
        "Server": [
          "Windows-Azure-File/1.0",
          "Microsoft-HTTPAPI/2.0"
        ],
        "x-ms-client-request-id": "6cd5a554-3116-4a83-960e-bbfc24995e39",
        "x-ms-request-id": "7360b0f6-001a-003b-7c92-998f15000000",
        "x-ms-version": "2021-10-04"
      },
      "ResponseBody": null
    }
  ],
  "Variables": {
    "dir": "dir168617845571401463",
    "share": "share168617845564800624"
  }
}
