{
  "Entries": [
    {
      "RequestUri": "https://endpoint/deviceupdate/sdkinstance/management/groups?api-version=2021-06-01-preview",
      "RequestMethod": "GET",
      "RequestHeaders": {
        "Accept": "application/json",
        "Accept-Encoding": "gzip,deflate",
        "Authorization": "Sanitized",
        "Connection": "keep-alive",
        "User-Agent": "core-rest-pipeline/1.3.3 Node/v16.13.1 OS/(x64-Linux-5.10.60.1-microsoft-standard-WSL2)",
        "x-ms-client-request-id": "4b653dd6-2083-4cec-a73e-46b6c20d3fbc"
      },
      "RequestBody": null,
      "StatusCode": 200,
      "ResponseHeaders": {
        "Content-Length": "1076",
        "Content-Type": "application/json; charset=utf-8",
        "Date": "Thu, 20 Jan 2022 11:43:21 GMT",
        "traceparent": "00-811c947f9ad58347dff36c9ebdc753b8-4cfe2ca12d9d20d9-00"
      },
      "ResponseBody": {
        "value": [
          {
            "deploymentId": "test20211117112017",
            "groupId": "testgroup",
            "tags": [
              "testgroup"
            ],
            "createdDateTime": "2021-11-16T00:49:25.141\u002B00:00",
            "groupType": "DeviceClassIdAndIoTHubTag",
            "deviceCount": 1,
            "deviceClassId": "0919e3ae422a2bfa8c84ff905813e60351e456d1"
          },
          {
            "deploymentId": "test1118014304",
            "groupId": "dpokluda-edgevm",
            "tags": [
              "dpokluda-edgevm"
            ],
            "createdDateTime": "2021-11-17T22:57:28.78\u002B00:00",
            "groupType": "DeviceClassIdAndIoTHubTag",
            "deviceCount": 0,
            "deviceClassId": "0919e3ae422a2bfa8c84ff905813e60351e456d1"
          },
          {
            "deploymentId": "dpokluda-test-2022-113-1741-7-0114014318",
            "groupId": "dpokluda-test",
            "tags": [
              "dpokluda-test"
            ],
            "createdDateTime": "2022-01-12T01:10:50.868\u002B00:00",
            "groupType": "DeviceClassIdAndIoTHubTag",
            "deviceCount": 1,
            "deviceClassId": "0919e3ae422a2bfa8c84ff905813e60351e456d1"
          }
        ]
      }
    },
    {
      "RequestUri": "https://endpoint/deviceupdate/sdkinstance/management/groups/joegroup?api-version=2021-06-01-preview",
      "RequestMethod": "PUT",
      "RequestHeaders": {
        "Accept": "application/json",
        "Accept-Encoding": "gzip,deflate",
        "Authorization": "Sanitized",
        "Connection": "keep-alive",
        "Content-Length": "195",
        "Content-Type": "application/json; charset=UTF-8",
        "User-Agent": "core-rest-pipeline/1.3.3 Node/v16.13.1 OS/(x64-Linux-5.10.60.1-microsoft-standard-WSL2)",
        "x-ms-client-request-id": "66b7a85b-5b99-4b05-90cc-7ed0dcd064ed"
      },
      "RequestBody": {
        "groupId": "joegroup",
        "tags": [
          "joegroup"
        ],
        "createdDateTime": "2021-11-17T16:29:56.5770502\u002B00:00",
        "groupType": "DeviceClassIdAndIoTHubTag",
        "deviceClassId": "0919e3ae422a2bfa8c84ff905813e60351e456d1"
      },
      "StatusCode": 200,
      "ResponseHeaders": {
        "Content-Length": "253",
        "Content-Type": "application/json; charset=utf-8",
        "Date": "Thu, 20 Jan 2022 11:43:22 GMT",
        "traceparent": "00-431069e95a7f1c8dca8746c5b576f2f3-6746f63a31e42bdb-00"
      },
      "ResponseBody": {
        "groupId": "joegroup",
        "tags": [
          "joegroup"
        ],
        "createdDateTime": "2021-11-17T16:29:56.5770502\u002B00:00",
        "groupType": "DeviceClassIdAndIoTHubTag",
        "deviceCount": 1,
        "deviceClassId": "0919e3ae422a2bfa8c84ff905813e60351e456d1"
      }
    },
    {
      "RequestUri": "https://endpoint/deviceupdate/sdkinstance/management/groups/joegroup?api-version=2021-06-01-preview",
      "RequestMethod": "GET",
      "RequestHeaders": {
        "Accept": "application/json",
        "Accept-Encoding": "gzip,deflate",
        "Authorization": "Sanitized",
        "Connection": "keep-alive",
        "User-Agent": "core-rest-pipeline/1.3.3 Node/v16.13.1 OS/(x64-Linux-5.10.60.1-microsoft-standard-WSL2)",
        "x-ms-client-request-id": "6b0bb939-63b5-4b43-9d79-7246df04d54d"
      },
      "RequestBody": null,
      "StatusCode": 200,
      "ResponseHeaders": {
        "Content-Length": "253",
        "Content-Type": "application/json; charset=utf-8",
        "Date": "Thu, 20 Jan 2022 11:43:22 GMT",
        "traceparent": "00-b28a210b1dc1d005aa307743445271f2-8f86635ea650857c-00"
      },
      "ResponseBody": {
        "groupId": "joegroup",
        "tags": [
          "joegroup"
        ],
        "createdDateTime": "2021-11-17T16:29:56.5770502\u002B00:00",
        "groupType": "DeviceClassIdAndIoTHubTag",
        "deviceCount": 1,
        "deviceClassId": "0919e3ae422a2bfa8c84ff905813e60351e456d1"
      }
    },
    {
      "RequestUri": "https://endpoint/deviceupdate/sdkinstance/management/groups/joegroup/deployments/testdeployment1?api-version=2021-06-01-preview",
      "RequestMethod": "PUT",
      "RequestHeaders": {
        "Accept": "application/json",
        "Accept-Encoding": "gzip,deflate",
        "Authorization": "Sanitized",
        "Connection": "keep-alive",
        "Content-Length": "181",
        "Content-Type": "application/json; charset=UTF-8",
        "User-Agent": "core-rest-pipeline/1.3.3 Node/v16.13.1 OS/(x64-Linux-5.10.60.1-microsoft-standard-WSL2)",
        "x-ms-client-request-id": "0901886f-dc2e-43e3-a552-bc83ca0cdb24"
      },
      "RequestBody": {
        "deploymentId": "testdeployment1",
        "startDateTime": "2021-09-02T16:29:56.5770502Z",
        "groupId": "joegroup",
        "updateId": {
          "provider": "fabrikam",
          "name": "vacuum",
          "version": "2022.113.1741.7"
        }
      },
      "StatusCode": 200,
      "ResponseHeaders": {
        "Content-Length": "278",
        "Content-Type": "application/json; charset=utf-8",
        "Date": "Thu, 20 Jan 2022 11:43:22 GMT",
        "traceparent": "00-fb3c574e83cf432189cb9b503f175354-ef94d77ded72aabe-00"
      },
      "ResponseBody": {
        "deploymentId": "testdeployment1",
        "startDateTime": "2021-09-02T16:29:56.5770502\u002B00:00",
        "updateId": {
          "provider": "fabrikam",
          "name": "vacuum",
          "version": "2022.113.1741.7"
        },
        "isCanceled": false,
        "isRetry": false,
        "groupId": "joegroup"
      }
    },
    {
      "RequestUri": "https://endpoint/deviceupdate/sdkinstance/management/groups/joegroup/deployments/testdeployment1?api-version=2021-06-01-preview",
      "RequestMethod": "GET",
      "RequestHeaders": {
        "Accept": "application/json",
        "Accept-Encoding": "gzip,deflate",
        "Authorization": "Sanitized",
        "Connection": "keep-alive",
        "User-Agent": "core-rest-pipeline/1.3.3 Node/v16.13.1 OS/(x64-Linux-5.10.60.1-microsoft-standard-WSL2)",
        "x-ms-client-request-id": "3a6fb49c-d007-4f0c-a10e-807f098a412a"
      },
      "RequestBody": null,
      "StatusCode": 200,
      "ResponseHeaders": {
        "Content-Length": "278",
        "Content-Type": "application/json; charset=utf-8",
        "Date": "Thu, 20 Jan 2022 11:43:22 GMT",
        "traceparent": "00-7a61f31018f4afbb82b8346fc1aa0f7a-42eb203276cc9753-00"
      },
      "ResponseBody": {
        "deploymentId": "testdeployment1",
        "startDateTime": "2021-09-02T16:29:56.5770502\u002B00:00",
        "updateId": {
          "provider": "fabrikam",
          "name": "vacuum",
          "version": "2022.113.1741.7"
        },
        "isCanceled": false,
        "isRetry": false,
        "groupId": "joegroup"
      }
    },
    {
      "RequestUri": "https://endpoint/deviceupdate/sdkinstance/management/groups/joegroup/deployments/testdeployment1?api-version=2021-06-01-preview",
      "RequestMethod": "DELETE",
      "RequestHeaders": {
        "Accept": "application/json",
        "Accept-Encoding": "gzip,deflate",
        "Authorization": "Sanitized",
        "Connection": "keep-alive",
        "User-Agent": "core-rest-pipeline/1.3.3 Node/v16.13.1 OS/(x64-Linux-5.10.60.1-microsoft-standard-WSL2)",
        "x-ms-client-request-id": "479c023a-3ece-46c4-afa0-46239ea2736e"
      },
      "RequestBody": null,
      "StatusCode": 204,
      "ResponseHeaders": {
        "Date": "Thu, 20 Jan 2022 11:43:23 GMT",
        "traceparent": "00-1769bc7785dddcdb12432f31c92c32f1-ade7c771998611c9-00"
      },
      "ResponseBody": null
    },
    {
      "RequestUri": "https://endpoint/deviceupdate/sdkinstance/management/groups/joegroup?api-version=2021-06-01-preview",
      "RequestMethod": "DELETE",
      "RequestHeaders": {
        "Accept": "application/json",
        "Accept-Encoding": "gzip,deflate",
        "Authorization": "Sanitized",
        "Connection": "keep-alive",
        "User-Agent": "core-rest-pipeline/1.3.3 Node/v16.13.1 OS/(x64-Linux-5.10.60.1-microsoft-standard-WSL2)",
        "x-ms-client-request-id": "2df10689-9469-4527-948e-d583cd357b7d"
      },
      "RequestBody": null,
      "StatusCode": 204,
      "ResponseHeaders": {
        "Date": "Thu, 20 Jan 2022 11:43:23 GMT",
        "traceparent": "00-e48f51893dae9383fbe3223bc30a5a68-c1c520c0228f39ab-00"
      },
      "ResponseBody": null
    }
  ],
  "Variables": {}
}
