{
  "Entries": [
    {
      "RequestUri": "https://endpoint/sip?api-version=2023-03-01",
      "RequestMethod": "PATCH",
      "RequestHeaders": {
        "Accept": "application/json",
        "Accept-Encoding": "gzip,deflate",
        "Authorization": "Sanitized",
        "Connection": "keep-alive",
        "Content-Length": "96",
        "Content-Type": "application/merge-patch\u002Bjson",
        "User-Agent": "azsdk-js-communication-phone-numbers/1.2.1 core-rest-pipeline/1.12.3 Node/v18.18.0 OS/(x64-Windows_NT-10.0.22621)",
        "x-ms-client-request-id": "sanitized"
      },
      "RequestBody": {
        "trunks": {
          "test17cfecaa5df04ed88a589d66961edb0e.sanitized.sbc.test": {
            "sipSignalingPort": 5678
          }
        }
      },
      "StatusCode": 200,
      "ResponseHeaders": {
        "api-supported-versions": "2023-03-01, 2023-04-01-preview",
        "Content-Length": "108",
        "Content-Type": "application/json; charset=utf-8",
        "Date": "Tue, 21 Nov 2023 15:17:10 GMT",
        "MS-CV": "gT9Z1WhYZEqYlQTtUesCEQ.0",
        "Strict-Transport-Security": "max-age=2592000",
        "X-Azure-Ref": "09clcZQAAAAAfCq3kOqEmQ6mHiXAvFSYaUFJHMDFFREdFMDkxMAA5ZmM3YjUxOS1hOGNjLTRmODktOTM1ZS1jOTE0OGFlMDllODE=",
        "X-Cache": "CONFIG_NOCACHE",
        "X-Processing-Time": "1508ms"
      },
      "ResponseBody": {
        "trunks": {
          "test17cfecaa5df04ed88a589d66961edb0e.sanitized.sbc.test": {
            "sipSignalingPort": 5678
          }
        },
        "routes": []
      }
    },
    {
      "RequestUri": "https://endpoint/sip?api-version=2023-03-01",
      "RequestMethod": "GET",
      "RequestHeaders": {
        "Accept": "application/json",
        "Accept-Encoding": "gzip,deflate",
        "Authorization": "Sanitized",
        "Connection": "keep-alive",
        "User-Agent": "azsdk-js-communication-phone-numbers/1.2.1 core-rest-pipeline/1.12.3 Node/v18.18.0 OS/(x64-Windows_NT-10.0.22621)",
        "x-ms-client-request-id": "sanitized"
      },
      "RequestBody": null,
      "StatusCode": 200,
      "ResponseHeaders": {
        "api-supported-versions": "2023-03-01, 2023-04-01-preview",
        "Content-Length": "108",
        "Content-Type": "application/json; charset=utf-8",
        "Date": "Tue, 21 Nov 2023 15:17:10 GMT",
        "MS-CV": "RGd/70Du0UysYWYA3q6jOA.0",
        "Strict-Transport-Security": "max-age=2592000",
        "X-Azure-Ref": "09slcZQAAAAC1XB2MptMvSI\u002BUgLIKvq/qUFJHMDFFREdFMDkxMAA5ZmM3YjUxOS1hOGNjLTRmODktOTM1ZS1jOTE0OGFlMDllODE=",
        "X-Cache": "CONFIG_NOCACHE",
        "X-Processing-Time": "235ms"
      },
      "ResponseBody": {
        "trunks": {
          "test17cfecaa5df04ed88a589d66961edb0e.sanitized.sbc.test": {
            "sipSignalingPort": 5678
          }
        },
        "routes": []
      }
    },
    {
      "RequestUri": "https://endpoint/sip?api-version=2023-03-01",
      "RequestMethod": "PATCH",
      "RequestHeaders": {
        "Accept": "application/json",
        "Accept-Encoding": "gzip,deflate",
        "Authorization": "Sanitized",
        "Connection": "keep-alive",
        "Content-Length": "75",
        "Content-Type": "application/merge-patch\u002Bjson",
        "User-Agent": "azsdk-js-communication-phone-numbers/1.2.1 core-rest-pipeline/1.12.3 Node/v18.18.0 OS/(x64-Windows_NT-10.0.22621)",
        "x-ms-client-request-id": "sanitized"
      },
      "RequestBody": {
        "trunks": {
          "test17cfecaa5df04ed88a589d66961edb0e.sanitized.sbc.test": null
        }
      },
      "StatusCode": 200,
      "ResponseHeaders": {
        "api-supported-versions": "2023-03-01, 2023-04-01-preview",
        "Content-Length": "25",
        "Content-Type": "application/json; charset=utf-8",
        "Date": "Tue, 21 Nov 2023 15:17:10 GMT",
        "MS-CV": "i4J/TrKE4k2UXZGuxYOjwA.0",
        "Strict-Transport-Security": "max-age=2592000",
        "X-Azure-Ref": "098lcZQAAAABDTD\u002BXTX3DRrayyK1Q9ynAUFJHMDFFREdFMDkxMAA5ZmM3YjUxOS1hOGNjLTRmODktOTM1ZS1jOTE0OGFlMDllODE=",
        "X-Cache": "CONFIG_NOCACHE",
        "X-Processing-Time": "400ms"
      },
      "ResponseBody": {
        "trunks": {},
        "routes": []
      }
    },
    {
      "RequestUri": "https://endpoint/sip?api-version=2023-03-01",
      "RequestMethod": "GET",
      "RequestHeaders": {
        "Accept": "application/json",
        "Accept-Encoding": "gzip,deflate",
        "Authorization": "Sanitized",
        "Connection": "keep-alive",
        "User-Agent": "azsdk-js-communication-phone-numbers/1.2.1 core-rest-pipeline/1.12.3 Node/v18.18.0 OS/(x64-Windows_NT-10.0.22621)",
        "x-ms-client-request-id": "sanitized"
      },
      "RequestBody": null,
      "StatusCode": 200,
      "ResponseHeaders": {
        "api-supported-versions": "2023-03-01, 2023-04-01-preview",
        "Content-Length": "25",
        "Content-Type": "application/json; charset=utf-8",
        "Date": "Tue, 21 Nov 2023 15:17:11 GMT",
        "MS-CV": "tLC9KkVdAkK6sUuxRrEq6A.0",
        "Strict-Transport-Security": "max-age=2592000",
        "X-Azure-Ref": "098lcZQAAAABFi68EBZtOS7vt3YEtiTPAUFJHMDFFREdFMDkxMAA5ZmM3YjUxOS1hOGNjLTRmODktOTM1ZS1jOTE0OGFlMDllODE=",
        "X-Cache": "CONFIG_NOCACHE",
        "X-Processing-Time": "248ms"
      },
      "ResponseBody": {
        "trunks": {},
        "routes": []
      }
    }
  ],
  "Variables": {
    "fqdn-1": "test17cfecaa5df04ed88a589d66961edb0e.sanitized.sbc.test"
  }
}
