{
  "Entries": [
    {
      "RequestUri": "https://myappconfig.azconfig.io/kv/key-1-10991?api-version=1.0\u0026label=test",
      "RequestMethod": "PUT",
      "RequestHeaders": {
        "Accept": "application/vnd.microsoft.appconfig.kv\u002Bjson, application/json, application/problem\u002Bjson",
        "Accept-Encoding": "gzip, deflate, br",
        "Accept-Language": "en-US",
        "Authorization": "Sanitized",
        "Cache-Control": "max-age=0",
        "Connection": "keep-alive",
        "Content-Length": "50",
        "Content-Type": "application/vnd.microsoft.appconfig.kv\u002Bjson",
        "If-None-Match": "*",
        "Referer": "http://localhost:9876/",
        "sec-ch-ua": "",
        "sec-ch-ua-mobile": "?0",
        "sec-ch-ua-platform": "",
        "Sec-Fetch-Dest": "empty",
        "Sec-Fetch-Mode": "cors",
        "Sec-Fetch-Site": "same-site",
        "User-Agent": "Mozilla/5.0 (X11; Linux x86_64) AppleWebKit/537.36 (KHTML, like Gecko) HeadlessChrome/93.0.4577.0 Safari/537.36",
        "x-ms-client-request-id": "db5564ac-96d9-4db8-9e0a-1455a9df216d",
        "x-ms-content-sha256": "A5DlHg6IVd2Wnf1jaJu4G28inkrV/RZCkqt/iFE2rtA=",
        "x-ms-date": "Wed, 29 Dec 2021 21:07:57 GMT",
        "x-ms-useragent": "azsdk-js-app-configuration/1.3.2 core-http/2.2.3 OS/Linuxx86_64"
      },
      "RequestBody": {
        "key": "key-1-10991",
        "label": "test",
        "value": "foo"
      },
      "StatusCode": 200,
      "ResponseHeaders": {
        "Access-Control-Allow-Credentials": "true",
        "Access-Control-Allow-Origin": "*",
        "Access-Control-Expose-Headers": "DNT, X-CustomHeader, Keep-Alive, User-Agent, X-Requested-With, If-Modified-Since, Cache-Control, Content-Type, Authorization, x-ms-client-request-id, x-ms-useragent, x-ms-content-sha256, x-ms-date, host, Accept, Accept-Datetime, Date, If-Match, If-None-Match, Sync-Token, x-ms-return-client-request-id, ETag, Last-Modified, Link, Memento-Datetime, retry-after-ms, x-ms-request-id, x-ms-client-session-id, x-ms-effective-locale, WWW-Authenticate, traceparent, tracestate",
        "Connection": "keep-alive",
        "Content-Type": "application/vnd.microsoft.appconfig.kv\u002Bjson; charset=utf-8",
        "Date": "Wed, 29 Dec 2021 21:07:57 GMT",
        "ETag": "\u0022PxlG3bxr0pV3Jt9FI0BcSaUwsNE\u0022",
        "Last-Modified": "Wed, 29 Dec 2021 21:07:57 GMT",
        "Server": "openresty/1.17.8.2",
        "Strict-Transport-Security": "max-age=15724800; includeSubDomains",
        "Sync-Token": "zAJw6V16=NToxNSMzMjg0NDAw;sn=3284400",
        "Transfer-Encoding": "chunked",
        "x-ms-correlation-request-id": "86594e56-d6d2-46e2-8ca3-ca448608b963",
        "x-ms-request-id": "86594e56-d6d2-46e2-8ca3-ca448608b963"
      },
      "ResponseBody": {
        "etag": "PxlG3bxr0pV3Jt9FI0BcSaUwsNE",
        "key": "key-1-10991",
        "label": "test",
        "content_type": null,
        "value": "foo",
        "tags": {},
        "locked": false,
        "last_modified": "2021-12-29T21:07:57\u002B00:00"
      }
    },
    {
      "RequestUri": "https://myappconfig.azconfig.io/kv/key-1-10991?api-version=1.0\u0026label=test",
      "RequestMethod": "DELETE",
      "RequestHeaders": {
        "Accept": "application/vnd.microsoft.appconfig.kv\u002Bjson, application/json, application/problem\u002Bjson",
        "Accept-Encoding": "gzip, deflate, br",
        "Accept-Language": "en-US",
        "Authorization": "Sanitized",
        "Cache-Control": "max-age=0",
        "Connection": "keep-alive",
        "If-Match": "\u0022invalid\u0022",
        "Referer": "http://localhost:9876/",
        "sec-ch-ua": "",
        "sec-ch-ua-mobile": "?0",
        "sec-ch-ua-platform": "",
        "Sec-Fetch-Dest": "empty",
        "Sec-Fetch-Mode": "cors",
        "Sec-Fetch-Site": "same-site",
        "sync-token": "zAJw6V16=NToxNSMzMjg0NDAw",
        "User-Agent": "Mozilla/5.0 (X11; Linux x86_64) AppleWebKit/537.36 (KHTML, like Gecko) HeadlessChrome/93.0.4577.0 Safari/537.36",
        "x-ms-client-request-id": "37b30a9f-c4b5-47da-b560-b4eee49594f3",
        "x-ms-content-sha256": "47DEQpj8HBSa\u002B/TImW\u002B5JCeuQeRkm5NMpJWZG3hSuFU=",
        "x-ms-date": "Wed, 29 Dec 2021 21:07:57 GMT",
        "x-ms-useragent": "azsdk-js-app-configuration/1.3.2 core-http/2.2.3 OS/Linuxx86_64"
      },
      "RequestBody": null,
      "StatusCode": 412,
      "ResponseHeaders": {
        "Access-Control-Allow-Credentials": "true",
        "Access-Control-Allow-Origin": "*",
        "Access-Control-Expose-Headers": "DNT, X-CustomHeader, Keep-Alive, User-Agent, X-Requested-With, If-Modified-Since, Cache-Control, Content-Type, Authorization, x-ms-client-request-id, x-ms-useragent, x-ms-content-sha256, x-ms-date, host, Accept, Accept-Datetime, Date, If-Match, If-None-Match, Sync-Token, x-ms-return-client-request-id, ETag, Last-Modified, Link, Memento-Datetime, retry-after-ms, x-ms-request-id, x-ms-client-session-id, x-ms-effective-locale, WWW-Authenticate, traceparent, tracestate",
        "Connection": "keep-alive",
        "Content-Length": "0",
        "Date": "Wed, 29 Dec 2021 21:07:57 GMT",
        "Server": "openresty/1.17.8.2",
        "Strict-Transport-Security": "max-age=15724800; includeSubDomains",
        "x-ms-correlation-request-id": "30570d54-02ca-4aef-8261-107d72d44278",
        "x-ms-request-id": "30570d54-02ca-4aef-8261-107d72d44278"
      },
      "ResponseBody": null
    },
    {
      "RequestUri": "https://myappconfig.azconfig.io/kv/key-1-10991?api-version=1.0\u0026label=test",
      "RequestMethod": "DELETE",
      "RequestHeaders": {
        "Accept": "application/vnd.microsoft.appconfig.kv\u002Bjson, application/json, application/problem\u002Bjson",
        "Accept-Encoding": "gzip, deflate, br",
        "Accept-Language": "en-US",
        "Authorization": "Sanitized",
        "Connection": "keep-alive",
        "Referer": "http://localhost:9876/",
        "sec-ch-ua": "",
        "sec-ch-ua-mobile": "?0",
        "sec-ch-ua-platform": "",
        "Sec-Fetch-Dest": "empty",
        "Sec-Fetch-Mode": "cors",
        "Sec-Fetch-Site": "same-site",
        "sync-token": "zAJw6V16=NToxNSMzMjg0NDAw",
        "User-Agent": "Mozilla/5.0 (X11; Linux x86_64) AppleWebKit/537.36 (KHTML, like Gecko) HeadlessChrome/93.0.4577.0 Safari/537.36",
        "x-ms-client-request-id": "b8f9c60c-a8c0-4a13-9371-8af00c10469a",
        "x-ms-content-sha256": "47DEQpj8HBSa\u002B/TImW\u002B5JCeuQeRkm5NMpJWZG3hSuFU=",
        "x-ms-date": "Wed, 29 Dec 2021 21:07:57 GMT",
        "x-ms-useragent": "azsdk-js-app-configuration/1.3.2 core-http/2.2.3 OS/Linuxx86_64"
      },
      "RequestBody": null,
      "StatusCode": 200,
      "ResponseHeaders": {
        "Access-Control-Allow-Credentials": "true",
        "Access-Control-Allow-Origin": "*",
        "Access-Control-Expose-Headers": "DNT, X-CustomHeader, Keep-Alive, User-Agent, X-Requested-With, If-Modified-Since, Cache-Control, Content-Type, Authorization, x-ms-client-request-id, x-ms-useragent, x-ms-content-sha256, x-ms-date, host, Accept, Accept-Datetime, Date, If-Match, If-None-Match, Sync-Token, x-ms-return-client-request-id, ETag, Last-Modified, Link, Memento-Datetime, retry-after-ms, x-ms-request-id, x-ms-client-session-id, x-ms-effective-locale, WWW-Authenticate, traceparent, tracestate",
        "Connection": "keep-alive",
        "Content-Type": "application/vnd.microsoft.appconfig.kv\u002Bjson; charset=utf-8",
        "Date": "Wed, 29 Dec 2021 21:07:57 GMT",
        "ETag": "\u0022PxlG3bxr0pV3Jt9FI0BcSaUwsNE\u0022",
        "Last-Modified": "Wed, 29 Dec 2021 21:07:57 GMT",
        "Server": "openresty/1.17.8.2",
        "Strict-Transport-Security": "max-age=15724800; includeSubDomains",
        "Sync-Token": "zAJw6V16=NToxNSMzMjg0NDAx;sn=3284401",
        "Transfer-Encoding": "chunked",
        "x-ms-correlation-request-id": "b05f7f79-57f5-413f-b448-e8a045a0ee4a",
        "x-ms-request-id": "b05f7f79-57f5-413f-b448-e8a045a0ee4a"
      },
      "ResponseBody": {
        "etag": "PxlG3bxr0pV3Jt9FI0BcSaUwsNE",
        "key": "key-1-10991",
        "label": "test",
        "content_type": null,
        "value": "foo",
        "tags": {},
        "locked": false,
        "last_modified": "2021-12-29T21:07:57\u002B00:00"
      }
    }
  ],
  "Variables": {
    "key-1": "key-1-10991"
  }
}
