{
  "Entries": [
    {
      "RequestUri": "https://endpoint/text/analytics/v3.1/analyze",
      "RequestMethod": "POST",
      "RequestHeaders": {
        "Accept": "application/json, text/json",
        "Accept-Encoding": "gzip,deflate",
        "Authorization": "Sanitized",
        "Connection": "keep-alive",
        "Content-Length": "346",
        "Content-Type": "application/json",
        "User-Agent": "azsdk-js-ai-textanalytics/5.1.1 azsdk-js-ai-text-analytics/5.1.1 core-rest-pipeline/1.9.1 Node/v18.6.0 OS/(x64-Linux-5.10.102.1-microsoft-standard-WSL2)",
        "x-ms-client-request-id": "89fac9e6-f9da-45e2-ada0-b5874792844f"
      },
      "RequestBody": {
        "analysisInput": {
          "documents": [
            {
              "id": "0",
              "text": "Microsoft moved its headquarters to Bellevue, Washington in January 1979.",
              "language": "en"
            },
            {
              "id": "1",
              "text": "Steve Ballmer stepped down as CEO of Microsoft and was succeeded by Satya Nadella.",
              "language": "en"
            }
          ]
        },
        "tasks": {
          "entityLinkingTasks": [
            {
              "parameters": {
                "stringIndexType": "Utf16CodeUnit"
              }
            }
          ]
        }
      },
      "StatusCode": 202,
      "ResponseHeaders": {
        "apim-request-id": "518e3ba0-59ee-47f4-934c-e6cbc9b493f5",
        "Date": "Fri, 22 Jul 2022 02:31:43 GMT",
        "operation-location": "https://endpoint/text/analytics/v3.1/analyze/jobs/335ed903-d105-41b6-9a6b-088357bf95f4",
        "Strict-Transport-Security": "max-age=31536000; includeSubDomains; preload",
        "Transfer-Encoding": "chunked",
        "X-Content-Type-Options": "nosniff",
        "x-envoy-upstream-service-time": "286"
      },
      "ResponseBody": null
    },
    {
      "RequestUri": "https://endpoint/text/analytics/v3.1/analyze/jobs/335ed903-d105-41b6-9a6b-088357bf95f4?$top=20\u0026$skip=0",
      "RequestMethod": "GET",
      "RequestHeaders": {
        "Accept": "application/json, text/json",
        "Accept-Encoding": "gzip,deflate",
        "Authorization": "Sanitized",
        "Connection": "keep-alive",
        "User-Agent": "azsdk-js-ai-textanalytics/5.1.1 azsdk-js-ai-text-analytics/5.1.1 core-rest-pipeline/1.9.1 Node/v18.6.0 OS/(x64-Linux-5.10.102.1-microsoft-standard-WSL2)",
        "x-ms-client-request-id": "3aac08a3-b1ac-42b3-a87e-9408a7ac75e5"
      },
      "RequestBody": null,
      "StatusCode": 200,
      "ResponseHeaders": {
        "apim-request-id": "151c886f-941d-4389-8825-6ddb2d467fde",
        "Content-Type": "application/json; charset=utf-8",
        "Date": "Fri, 22 Jul 2022 02:31:43 GMT",
        "Strict-Transport-Security": "max-age=31536000; includeSubDomains; preload",
        "Transfer-Encoding": "chunked",
        "X-Content-Type-Options": "nosniff",
        "x-envoy-upstream-service-time": "8"
      },
      "ResponseBody": {
        "jobId": "335ed903-d105-41b6-9a6b-088357bf95f4",
        "lastUpdateDateTime": "2022-07-22T02:31:43Z",
        "createdDateTime": "2022-07-22T02:31:43Z",
        "expirationDateTime": "2022-07-23T02:31:43Z",
        "status": "notStarted",
        "errors": [],
        "tasks": {
          "completed": 0,
          "failed": 0,
          "inProgress": 1,
          "total": 1
        }
      }
    },
    {
      "RequestUri": "https://endpoint/text/analytics/v3.1/analyze/jobs/335ed903-d105-41b6-9a6b-088357bf95f4?$top=20\u0026$skip=0",
      "RequestMethod": "GET",
      "RequestHeaders": {
        "Accept": "application/json, text/json",
        "Accept-Encoding": "gzip,deflate",
        "Authorization": "Sanitized",
        "Connection": "keep-alive",
        "User-Agent": "azsdk-js-ai-textanalytics/5.1.1 azsdk-js-ai-text-analytics/5.1.1 core-rest-pipeline/1.9.1 Node/v18.6.0 OS/(x64-Linux-5.10.102.1-microsoft-standard-WSL2)",
        "x-ms-client-request-id": "b73ca396-ceb7-4710-87e9-562df4b1727f"
      },
      "RequestBody": null,
      "StatusCode": 200,
      "ResponseHeaders": {
        "apim-request-id": "7ad38ecd-a9df-4447-9ab5-d20ec044f2f5",
        "Content-Type": "application/json; charset=utf-8",
        "Date": "Fri, 22 Jul 2022 02:31:43 GMT",
        "Strict-Transport-Security": "max-age=31536000; includeSubDomains; preload",
        "Transfer-Encoding": "chunked",
        "X-Content-Type-Options": "nosniff",
        "x-envoy-upstream-service-time": "13"
      },
      "ResponseBody": {
        "jobId": "335ed903-d105-41b6-9a6b-088357bf95f4",
        "lastUpdateDateTime": "2022-07-22T02:31:43Z",
        "createdDateTime": "2022-07-22T02:31:43Z",
        "expirationDateTime": "2022-07-23T02:31:43Z",
        "status": "notStarted",
        "errors": [],
        "tasks": {
          "completed": 0,
          "failed": 0,
          "inProgress": 1,
          "total": 1
        }
      }
    },
    {
      "RequestUri": "https://endpoint/text/analytics/v3.1/analyze/jobs/335ed903-d105-41b6-9a6b-088357bf95f4?$top=20\u0026$skip=0",
      "RequestMethod": "GET",
      "RequestHeaders": {
        "Accept": "application/json, text/json",
        "Accept-Encoding": "gzip,deflate",
        "Authorization": "Sanitized",
        "Connection": "keep-alive",
        "User-Agent": "azsdk-js-ai-textanalytics/5.1.1 azsdk-js-ai-text-analytics/5.1.1 core-rest-pipeline/1.9.1 Node/v18.6.0 OS/(x64-Linux-5.10.102.1-microsoft-standard-WSL2)",
        "x-ms-client-request-id": "b1445010-430c-42d1-bc5b-104c97ea1c72"
      },
      "RequestBody": null,
      "StatusCode": 200,
      "ResponseHeaders": {
        "apim-request-id": "eee0695e-1760-4cc0-b2e0-54b9ec0da866",
        "Content-Type": "application/json; charset=utf-8",
        "Date": "Fri, 22 Jul 2022 02:31:45 GMT",
        "Strict-Transport-Security": "max-age=31536000; includeSubDomains; preload",
        "Transfer-Encoding": "chunked",
        "X-Content-Type-Options": "nosniff",
        "x-envoy-upstream-service-time": "19"
      },
      "ResponseBody": {
        "jobId": "335ed903-d105-41b6-9a6b-088357bf95f4",
        "lastUpdateDateTime": "2022-07-22T02:31:43Z",
        "createdDateTime": "2022-07-22T02:31:43Z",
        "expirationDateTime": "2022-07-23T02:31:43Z",
        "status": "notStarted",
        "errors": [],
        "tasks": {
          "completed": 0,
          "failed": 0,
          "inProgress": 1,
          "total": 1
        }
      }
    },
    {
      "RequestUri": "https://endpoint/text/analytics/v3.1/analyze/jobs/335ed903-d105-41b6-9a6b-088357bf95f4?$top=20\u0026$skip=0",
      "RequestMethod": "GET",
      "RequestHeaders": {
        "Accept": "application/json, text/json",
        "Accept-Encoding": "gzip,deflate",
        "Authorization": "Sanitized",
        "Connection": "keep-alive",
        "User-Agent": "azsdk-js-ai-textanalytics/5.1.1 azsdk-js-ai-text-analytics/5.1.1 core-rest-pipeline/1.9.1 Node/v18.6.0 OS/(x64-Linux-5.10.102.1-microsoft-standard-WSL2)",
        "x-ms-client-request-id": "1a353619-1c98-4b5f-a550-425c9fe135fb"
      },
      "RequestBody": null,
      "StatusCode": 200,
      "ResponseHeaders": {
        "apim-request-id": "61e7bd63-3891-4750-82b1-c7af83a0740e",
        "Content-Type": "application/json; charset=utf-8",
        "Date": "Fri, 22 Jul 2022 02:31:48 GMT",
        "Strict-Transport-Security": "max-age=31536000; includeSubDomains; preload",
        "Transfer-Encoding": "chunked",
        "X-Content-Type-Options": "nosniff",
        "x-envoy-upstream-service-time": "6"
      },
      "ResponseBody": {
        "jobId": "335ed903-d105-41b6-9a6b-088357bf95f4",
        "lastUpdateDateTime": "2022-07-22T02:31:43Z",
        "createdDateTime": "2022-07-22T02:31:43Z",
        "expirationDateTime": "2022-07-23T02:31:43Z",
        "status": "notStarted",
        "errors": [],
        "tasks": {
          "completed": 0,
          "failed": 0,
          "inProgress": 1,
          "total": 1
        }
      }
    },
    {
      "RequestUri": "https://endpoint/text/analytics/v3.1/analyze/jobs/335ed903-d105-41b6-9a6b-088357bf95f4?$top=20\u0026$skip=0",
      "RequestMethod": "GET",
      "RequestHeaders": {
        "Accept": "application/json, text/json",
        "Accept-Encoding": "gzip,deflate",
        "Authorization": "Sanitized",
        "Connection": "keep-alive",
        "User-Agent": "azsdk-js-ai-textanalytics/5.1.1 azsdk-js-ai-text-analytics/5.1.1 core-rest-pipeline/1.9.1 Node/v18.6.0 OS/(x64-Linux-5.10.102.1-microsoft-standard-WSL2)",
        "x-ms-client-request-id": "d9fa0605-c9a0-4cd3-9062-812cdb7d9969"
      },
      "RequestBody": null,
      "StatusCode": 200,
      "ResponseHeaders": {
        "apim-request-id": "9e4ac598-c657-4c59-9617-4dddb52525e9",
        "Content-Type": "application/json; charset=utf-8",
        "Date": "Fri, 22 Jul 2022 02:31:50 GMT",
        "Strict-Transport-Security": "max-age=31536000; includeSubDomains; preload",
        "Transfer-Encoding": "chunked",
        "X-Content-Type-Options": "nosniff",
        "x-envoy-upstream-service-time": "9"
      },
      "ResponseBody": {
        "jobId": "335ed903-d105-41b6-9a6b-088357bf95f4",
        "lastUpdateDateTime": "2022-07-22T02:31:49Z",
        "createdDateTime": "2022-07-22T02:31:43Z",
        "expirationDateTime": "2022-07-23T02:31:43Z",
        "status": "running",
        "errors": [],
        "tasks": {
          "completed": 0,
          "failed": 0,
          "inProgress": 1,
          "total": 1
        }
      }
    },
    {
      "RequestUri": "https://endpoint/text/analytics/v3.1/analyze/jobs/335ed903-d105-41b6-9a6b-088357bf95f4?$top=20\u0026$skip=0",
      "RequestMethod": "GET",
      "RequestHeaders": {
        "Accept": "application/json, text/json",
        "Accept-Encoding": "gzip,deflate",
        "Authorization": "Sanitized",
        "Connection": "keep-alive",
        "User-Agent": "azsdk-js-ai-textanalytics/5.1.1 azsdk-js-ai-text-analytics/5.1.1 core-rest-pipeline/1.9.1 Node/v18.6.0 OS/(x64-Linux-5.10.102.1-microsoft-standard-WSL2)",
        "x-ms-client-request-id": "55f1252c-3d45-498f-a7b1-a436d35e5f8f"
      },
      "RequestBody": null,
      "StatusCode": 200,
      "ResponseHeaders": {
        "apim-request-id": "fc6eae30-6fb8-46bb-86c1-ae2e796ca842",
        "Content-Type": "application/json; charset=utf-8",
        "Date": "Fri, 22 Jul 2022 02:31:53 GMT",
        "Strict-Transport-Security": "max-age=31536000; includeSubDomains; preload",
        "Transfer-Encoding": "chunked",
        "X-Content-Type-Options": "nosniff",
        "x-envoy-upstream-service-time": "35"
      },
      "ResponseBody": {
        "jobId": "335ed903-d105-41b6-9a6b-088357bf95f4",
        "lastUpdateDateTime": "2022-07-22T02:31:51Z",
        "createdDateTime": "2022-07-22T02:31:43Z",
        "expirationDateTime": "2022-07-23T02:31:43Z",
        "status": "succeeded",
        "errors": [],
        "tasks": {
          "completed": 1,
          "failed": 0,
          "inProgress": 0,
          "total": 1,
          "entityLinkingTasks": [
            {
              "lastUpdateDateTime": "2022-07-22T02:31:51.1826453Z",
              "state": "succeeded",
              "results": {
                "documents": [
                  {
                    "id": "0",
                    "entities": [
                      {
                        "bingId": "a093e9b9-90f5-a3d5-c4b8-5855e1b01f85",
                        "name": "Microsoft",
                        "matches": [
                          {
                            "text": "Microsoft",
                            "offset": 0,
                            "length": 9,
                            "confidenceScore": 0.39
                          }
                        ],
                        "language": "en",
                        "id": "Microsoft",
                        "url": "https://en.wikipedia.org/wiki/Microsoft",
                        "dataSource": "Wikipedia"
                      },
                      {
                        "bingId": "a2e3a3eb-b83e-42f0-bf19-95b4c4c9d3c0",
                        "name": "Bellevue, Washington",
                        "matches": [
                          {
                            "text": "Bellevue, Washington",
                            "offset": 36,
                            "length": 20,
                            "confidenceScore": 0.87
                          }
                        ],
                        "language": "en",
                        "id": "Bellevue, Washington",
                        "url": "https://en.wikipedia.org/wiki/Bellevue,_Washington",
                        "dataSource": "Wikipedia"
                      },
                      {
                        "bingId": "19fb6fb4-3c50-f314-30e4-7b5470e08274",
                        "name": "Briann January",
                        "matches": [
                          {
                            "text": "January",
                            "offset": 60,
                            "length": 7,
                            "confidenceScore": 0.14
                          }
                        ],
                        "language": "en",
                        "id": "Briann January",
                        "url": "https://en.wikipedia.org/wiki/Briann_January",
                        "dataSource": "Wikipedia"
                      }
                    ],
                    "warnings": []
                  },
                  {
                    "id": "1",
                    "entities": [
                      {
                        "bingId": "56ff0719-4791-406b-99de-0e99c3e8cefc",
                        "name": "Steve Ballmer",
                        "matches": [
                          {
                            "text": "Steve Ballmer",
                            "offset": 0,
                            "length": 13,
                            "confidenceScore": 0.92
                          }
                        ],
                        "language": "en",
                        "id": "Steve Ballmer",
                        "url": "https://en.wikipedia.org/wiki/Steve_Ballmer",
                        "dataSource": "Wikipedia"
                      },
                      {
                        "bingId": "cf5db860-9fd2-390d-0b6d-5ba856efed49",
                        "name": "Chief executive officer",
                        "matches": [
                          {
                            "text": "CEO",
                            "offset": 30,
                            "length": 3,
                            "confidenceScore": 0.25
                          }
                        ],
                        "language": "en",
                        "id": "Chief executive officer",
                        "url": "https://en.wikipedia.org/wiki/Chief_executive_officer",
                        "dataSource": "Wikipedia"
                      },
                      {
                        "bingId": "a093e9b9-90f5-a3d5-c4b8-5855e1b01f85",
                        "name": "Microsoft",
                        "matches": [
                          {
                            "text": "Microsoft",
                            "offset": 37,
                            "length": 9,
                            "confidenceScore": 0.36
                          }
                        ],
                        "language": "en",
                        "id": "Microsoft",
                        "url": "https://en.wikipedia.org/wiki/Microsoft",
                        "dataSource": "Wikipedia"
                      },
                      {
                        "bingId": "e23e51ed-d16f-4800-9a31-ed056168b9a2",
                        "name": "Satya Nadella",
                        "matches": [
                          {
                            "text": "Satya Nadella",
                            "offset": 68,
                            "length": 13,
                            "confidenceScore": 0.9
                          }
                        ],
                        "language": "en",
                        "id": "Satya Nadella",
                        "url": "https://en.wikipedia.org/wiki/Satya_Nadella",
                        "dataSource": "Wikipedia"
                      }
                    ],
                    "warnings": []
                  }
                ],
                "errors": [],
                "modelVersion": "2021-06-01"
              }
            }
          ]
        }
      }
    },
    {
      "RequestUri": "https://endpoint/text/analytics/v3.1/analyze/jobs/335ed903-d105-41b6-9a6b-088357bf95f4?$top=20\u0026$skip=0",
      "RequestMethod": "GET",
      "RequestHeaders": {
        "Accept": "application/json, text/json",
        "Accept-Encoding": "gzip,deflate",
        "Authorization": "Sanitized",
        "Connection": "keep-alive",
        "User-Agent": "azsdk-js-ai-textanalytics/5.1.1 azsdk-js-ai-text-analytics/5.1.1 core-rest-pipeline/1.9.1 Node/v18.6.0 OS/(x64-Linux-5.10.102.1-microsoft-standard-WSL2)",
        "x-ms-client-request-id": "50112608-b574-4216-9401-c27f4685576e"
      },
      "RequestBody": null,
      "StatusCode": 200,
      "ResponseHeaders": {
        "apim-request-id": "96078e6b-f184-4cd7-a1f8-827ce02a5708",
        "Content-Type": "application/json; charset=utf-8",
        "Date": "Fri, 22 Jul 2022 02:31:53 GMT",
        "Strict-Transport-Security": "max-age=31536000; includeSubDomains; preload",
        "Transfer-Encoding": "chunked",
        "X-Content-Type-Options": "nosniff",
        "x-envoy-upstream-service-time": "54"
      },
      "ResponseBody": {
        "jobId": "335ed903-d105-41b6-9a6b-088357bf95f4",
        "lastUpdateDateTime": "2022-07-22T02:31:51Z",
        "createdDateTime": "2022-07-22T02:31:43Z",
        "expirationDateTime": "2022-07-23T02:31:43Z",
        "status": "succeeded",
        "errors": [],
        "tasks": {
          "completed": 1,
          "failed": 0,
          "inProgress": 0,
          "total": 1,
          "entityLinkingTasks": [
            {
              "lastUpdateDateTime": "2022-07-22T02:31:51.1826453Z",
              "state": "succeeded",
              "results": {
                "documents": [
                  {
                    "id": "0",
                    "entities": [
                      {
                        "bingId": "a093e9b9-90f5-a3d5-c4b8-5855e1b01f85",
                        "name": "Microsoft",
                        "matches": [
                          {
                            "text": "Microsoft",
                            "offset": 0,
                            "length": 9,
                            "confidenceScore": 0.39
                          }
                        ],
                        "language": "en",
                        "id": "Microsoft",
                        "url": "https://en.wikipedia.org/wiki/Microsoft",
                        "dataSource": "Wikipedia"
                      },
                      {
                        "bingId": "a2e3a3eb-b83e-42f0-bf19-95b4c4c9d3c0",
                        "name": "Bellevue, Washington",
                        "matches": [
                          {
                            "text": "Bellevue, Washington",
                            "offset": 36,
                            "length": 20,
                            "confidenceScore": 0.87
                          }
                        ],
                        "language": "en",
                        "id": "Bellevue, Washington",
                        "url": "https://en.wikipedia.org/wiki/Bellevue,_Washington",
                        "dataSource": "Wikipedia"
                      },
                      {
                        "bingId": "19fb6fb4-3c50-f314-30e4-7b5470e08274",
                        "name": "Briann January",
                        "matches": [
                          {
                            "text": "January",
                            "offset": 60,
                            "length": 7,
                            "confidenceScore": 0.14
                          }
                        ],
                        "language": "en",
                        "id": "Briann January",
                        "url": "https://en.wikipedia.org/wiki/Briann_January",
                        "dataSource": "Wikipedia"
                      }
                    ],
                    "warnings": []
                  },
                  {
                    "id": "1",
                    "entities": [
                      {
                        "bingId": "56ff0719-4791-406b-99de-0e99c3e8cefc",
                        "name": "Steve Ballmer",
                        "matches": [
                          {
                            "text": "Steve Ballmer",
                            "offset": 0,
                            "length": 13,
                            "confidenceScore": 0.92
                          }
                        ],
                        "language": "en",
                        "id": "Steve Ballmer",
                        "url": "https://en.wikipedia.org/wiki/Steve_Ballmer",
                        "dataSource": "Wikipedia"
                      },
                      {
                        "bingId": "cf5db860-9fd2-390d-0b6d-5ba856efed49",
                        "name": "Chief executive officer",
                        "matches": [
                          {
                            "text": "CEO",
                            "offset": 30,
                            "length": 3,
                            "confidenceScore": 0.25
                          }
                        ],
                        "language": "en",
                        "id": "Chief executive officer",
                        "url": "https://en.wikipedia.org/wiki/Chief_executive_officer",
                        "dataSource": "Wikipedia"
                      },
                      {
                        "bingId": "a093e9b9-90f5-a3d5-c4b8-5855e1b01f85",
                        "name": "Microsoft",
                        "matches": [
                          {
                            "text": "Microsoft",
                            "offset": 37,
                            "length": 9,
                            "confidenceScore": 0.36
                          }
                        ],
                        "language": "en",
                        "id": "Microsoft",
                        "url": "https://en.wikipedia.org/wiki/Microsoft",
                        "dataSource": "Wikipedia"
                      },
                      {
                        "bingId": "e23e51ed-d16f-4800-9a31-ed056168b9a2",
                        "name": "Satya Nadella",
                        "matches": [
                          {
                            "text": "Satya Nadella",
                            "offset": 68,
                            "length": 13,
                            "confidenceScore": 0.9
                          }
                        ],
                        "language": "en",
                        "id": "Satya Nadella",
                        "url": "https://en.wikipedia.org/wiki/Satya_Nadella",
                        "dataSource": "Wikipedia"
                      }
                    ],
                    "warnings": []
                  }
                ],
                "errors": [],
                "modelVersion": "2021-06-01"
              }
            }
          ]
        }
      }
    }
  ],
  "Variables": {}
}
