{
  "Entries": [
    {
      "RequestUri": "https://endpoint/language/analyze-text/jobs?api-version=2022-05-01",
      "RequestMethod": "POST",
      "RequestHeaders": {
        "Accept": "application/json",
        "Accept-Encoding": "gzip,deflate",
        "Authorization": "Sanitized",
        "Connection": "keep-alive",
        "Content-Length": "376",
        "Content-Type": "application/json",
        "User-Agent": "azsdk-js-ai-language-text/1.0.0 core-rest-pipeline/1.9.2 Node/v18.6.0 OS/(x64-Linux-5.10.102.1-microsoft-standard-WSL2)",
        "x-ms-client-request-id": "75e3fee6-43b1-451c-9573-ed517857e27d"
      },
      "RequestBody": {
        "analysisInput": {
          "documents": [
            {
              "id": "0",
              "text": ":)",
              "language": "en"
            },
            {
              "id": "1",
              "text": ":(",
              "language": "en"
            },
            {
              "id": "2",
              "text": "",
              "language": "en"
            },
            {
              "id": "3",
              "text": ":P",
              "language": "en"
            },
            {
              "id": "4",
              "text": ":D",
              "language": "en"
            }
          ]
        },
        "tasks": [
          {
            "kind": "EntityRecognition",
            "parameters": {}
          },
          {
            "kind": "PiiEntityRecognition",
            "parameters": {}
          },
          {
            "kind": "KeyPhraseExtraction",
            "parameters": {}
          }
        ]
      },
      "StatusCode": 202,
      "ResponseHeaders": {
        "apim-request-id": "3fb08bd3-589b-4fb0-bf29-47fbda919ade",
        "Content-Length": "0",
        "Date": "Wed, 07 Sep 2022 03:53:43 GMT",
        "operation-location": "https://endpoint/language/analyze-text/jobs/923c7bef-f254-4152-8aef-3f91e78cbcaa?api-version=2022-05-01",
        "Strict-Transport-Security": "max-age=31536000; includeSubDomains; preload",
        "X-Content-Type-Options": "nosniff",
        "x-envoy-upstream-service-time": "369"
      },
      "ResponseBody": null
    },
    {
      "RequestUri": "https://endpoint/language/analyze-text/jobs/923c7bef-f254-4152-8aef-3f91e78cbcaa?api-version=2022-05-01\u0026showStats=true",
      "RequestMethod": "GET",
      "RequestHeaders": {
        "Accept": "application/json",
        "Accept-Encoding": "gzip,deflate",
        "Authorization": "Sanitized",
        "Connection": "keep-alive",
        "User-Agent": "azsdk-js-ai-language-text/1.0.0 core-rest-pipeline/1.9.2 Node/v18.6.0 OS/(x64-Linux-5.10.102.1-microsoft-standard-WSL2)",
        "x-ms-client-request-id": "2c2a8079-975e-4db1-bf4c-ea1cad5a92ea"
      },
      "RequestBody": null,
      "StatusCode": 200,
      "ResponseHeaders": {
        "apim-request-id": "71c4d5fc-7afc-4807-8a4a-4aa86876709a",
        "Content-Length": "283",
        "Content-Type": "application/json; charset=utf-8",
        "Date": "Wed, 07 Sep 2022 03:53:43 GMT",
        "Strict-Transport-Security": "max-age=31536000; includeSubDomains; preload",
        "X-Content-Type-Options": "nosniff",
        "x-envoy-upstream-service-time": "7"
      },
      "ResponseBody": {
        "jobId": "923c7bef-f254-4152-8aef-3f91e78cbcaa",
        "lastUpdatedDateTime": "2022-09-07T03:53:44Z",
        "createdDateTime": "2022-09-07T03:53:43Z",
        "expirationDateTime": "2022-09-08T03:53:43Z",
        "status": "notStarted",
        "errors": [],
        "tasks": {
          "completed": 0,
          "failed": 0,
          "inProgress": 3,
          "total": 3,
          "items": []
        }
      }
    },
    {
      "RequestUri": "https://endpoint/language/analyze-text/jobs/923c7bef-f254-4152-8aef-3f91e78cbcaa?api-version=2022-05-01\u0026showStats=true",
      "RequestMethod": "GET",
      "RequestHeaders": {
        "Accept": "application/json",
        "Accept-Encoding": "gzip,deflate",
        "Authorization": "Sanitized",
        "Connection": "keep-alive",
        "User-Agent": "azsdk-js-ai-language-text/1.0.0 core-rest-pipeline/1.9.2 Node/v18.6.0 OS/(x64-Linux-5.10.102.1-microsoft-standard-WSL2)",
        "x-ms-client-request-id": "134308ed-0350-466f-af27-6401a447f424"
      },
      "RequestBody": null,
      "StatusCode": 200,
      "ResponseHeaders": {
        "apim-request-id": "60e5947e-d056-47e0-9ab9-325bb70a7b09",
        "Content-Length": "283",
        "Content-Type": "application/json; charset=utf-8",
        "Date": "Wed, 07 Sep 2022 03:53:43 GMT",
        "Strict-Transport-Security": "max-age=31536000; includeSubDomains; preload",
        "X-Content-Type-Options": "nosniff",
        "x-envoy-upstream-service-time": "6"
      },
      "ResponseBody": {
        "jobId": "923c7bef-f254-4152-8aef-3f91e78cbcaa",
        "lastUpdatedDateTime": "2022-09-07T03:53:44Z",
        "createdDateTime": "2022-09-07T03:53:43Z",
        "expirationDateTime": "2022-09-08T03:53:43Z",
        "status": "notStarted",
        "errors": [],
        "tasks": {
          "completed": 0,
          "failed": 0,
          "inProgress": 3,
          "total": 3,
          "items": []
        }
      }
    },
    {
      "RequestUri": "https://endpoint/language/analyze-text/jobs/923c7bef-f254-4152-8aef-3f91e78cbcaa?api-version=2022-05-01\u0026showStats=true",
      "RequestMethod": "GET",
      "RequestHeaders": {
        "Accept": "application/json",
        "Accept-Encoding": "gzip,deflate",
        "Authorization": "Sanitized",
        "Connection": "keep-alive",
        "User-Agent": "azsdk-js-ai-language-text/1.0.0 core-rest-pipeline/1.9.2 Node/v18.6.0 OS/(x64-Linux-5.10.102.1-microsoft-standard-WSL2)",
        "x-ms-client-request-id": "153fbc3b-5f12-4a05-a5ac-d28d7a1b0252"
      },
      "RequestBody": null,
      "StatusCode": 200,
      "ResponseHeaders": {
        "apim-request-id": "133e603c-6b3b-49df-8ed9-24ea5067db33",
        "Content-Length": "280",
        "Content-Type": "application/json; charset=utf-8",
        "Date": "Wed, 07 Sep 2022 03:53:45 GMT",
        "Strict-Transport-Security": "max-age=31536000; includeSubDomains; preload",
        "X-Content-Type-Options": "nosniff",
        "x-envoy-upstream-service-time": "6"
      },
      "ResponseBody": {
        "jobId": "923c7bef-f254-4152-8aef-3f91e78cbcaa",
        "lastUpdatedDateTime": "2022-09-07T03:53:44Z",
        "createdDateTime": "2022-09-07T03:53:43Z",
        "expirationDateTime": "2022-09-08T03:53:43Z",
        "status": "running",
        "errors": [],
        "tasks": {
          "completed": 0,
          "failed": 0,
          "inProgress": 3,
          "total": 3,
          "items": []
        }
      }
    },
    {
      "RequestUri": "https://endpoint/language/analyze-text/jobs/923c7bef-f254-4152-8aef-3f91e78cbcaa?api-version=2022-05-01\u0026showStats=true",
      "RequestMethod": "GET",
      "RequestHeaders": {
        "Accept": "application/json",
        "Accept-Encoding": "gzip,deflate",
        "Authorization": "Sanitized",
        "Connection": "keep-alive",
        "User-Agent": "azsdk-js-ai-language-text/1.0.0 core-rest-pipeline/1.9.2 Node/v18.6.0 OS/(x64-Linux-5.10.102.1-microsoft-standard-WSL2)",
        "x-ms-client-request-id": "fa079ce0-e83c-4ab6-bfad-b1e0808a1fe5"
      },
      "RequestBody": null,
      "StatusCode": 200,
      "ResponseHeaders": {
        "apim-request-id": "bf7b581c-0700-435c-8521-f003b21d5f18",
        "Content-Length": "2026",
        "Content-Type": "application/json; charset=utf-8",
        "Date": "Wed, 07 Sep 2022 03:53:48 GMT",
        "Strict-Transport-Security": "max-age=31536000; includeSubDomains; preload",
        "X-Content-Type-Options": "nosniff",
        "x-envoy-upstream-service-time": "123"
      },
      "ResponseBody": {
        "jobId": "923c7bef-f254-4152-8aef-3f91e78cbcaa",
        "lastUpdatedDateTime": "2022-09-07T03:53:46Z",
        "createdDateTime": "2022-09-07T03:53:43Z",
        "expirationDateTime": "2022-09-08T03:53:43Z",
        "status": "running",
        "errors": [],
        "tasks": {
          "completed": 2,
          "failed": 0,
          "inProgress": 1,
          "total": 3,
          "items": [
            {
              "kind": "EntityRecognitionLROResults",
              "lastUpdateDateTime": "2022-09-07T03:53:46.3415061Z",
              "status": "succeeded",
              "results": {
                "statistics": {
                  "documentsCount": 5,
                  "validDocumentsCount": 4,
                  "erroneousDocumentsCount": 1,
                  "transactionsCount": 4
                },
                "documents": [
                  {
                    "id": "0",
                    "statistics": {
                      "charactersCount": 2,
                      "transactionsCount": 1
                    },
                    "entities": [],
                    "warnings": []
                  },
                  {
                    "id": "1",
                    "statistics": {
                      "charactersCount": 2,
                      "transactionsCount": 1
                    },
                    "entities": [],
                    "warnings": []
                  },
                  {
                    "id": "3",
                    "statistics": {
                      "charactersCount": 2,
                      "transactionsCount": 1
                    },
                    "entities": [],
                    "warnings": []
                  },
                  {
                    "id": "4",
                    "statistics": {
                      "charactersCount": 2,
                      "transactionsCount": 1
                    },
                    "entities": [],
                    "warnings": []
                  }
                ],
                "errors": [
                  {
                    "id": "2",
                    "error": {
                      "code": "InvalidArgument",
                      "message": "Invalid Document in request.",
                      "innererror": {
                        "code": "InvalidDocument",
                        "message": "Document text is empty."
                      }
                    }
                  }
                ],
                "modelVersion": "2021-06-01"
              }
            },
            {
              "kind": "PiiEntityRecognitionLROResults",
              "lastUpdateDateTime": "2022-09-07T03:53:46.4359813Z",
              "status": "succeeded",
              "results": {
                "statistics": {
                  "documentsCount": 5,
                  "validDocumentsCount": 4,
                  "erroneousDocumentsCount": 1,
                  "transactionsCount": 4
                },
                "documents": [
                  {
                    "redactedText": ":)",
                    "id": "0",
                    "statistics": {
                      "charactersCount": 2,
                      "transactionsCount": 1
                    },
                    "entities": [],
                    "warnings": []
                  },
                  {
                    "redactedText": ":(",
                    "id": "1",
                    "statistics": {
                      "charactersCount": 2,
                      "transactionsCount": 1
                    },
                    "entities": [],
                    "warnings": []
                  },
                  {
                    "redactedText": ":P",
                    "id": "3",
                    "statistics": {
                      "charactersCount": 2,
                      "transactionsCount": 1
                    },
                    "entities": [],
                    "warnings": []
                  },
                  {
                    "redactedText": ":D",
                    "id": "4",
                    "statistics": {
                      "charactersCount": 2,
                      "transactionsCount": 1
                    },
                    "entities": [],
                    "warnings": []
                  }
                ],
                "errors": [
                  {
                    "id": "2",
                    "error": {
                      "code": "InvalidArgument",
                      "message": "Invalid Document in request.",
                      "innererror": {
                        "code": "InvalidDocument",
                        "message": "Document text is empty."
                      }
                    }
                  }
                ],
                "modelVersion": "2021-01-15"
              }
            }
          ]
        }
      }
    },
    {
      "RequestUri": "https://endpoint/language/analyze-text/jobs/923c7bef-f254-4152-8aef-3f91e78cbcaa?api-version=2022-05-01\u0026showStats=true",
      "RequestMethod": "GET",
      "RequestHeaders": {
        "Accept": "application/json",
        "Accept-Encoding": "gzip,deflate",
        "Authorization": "Sanitized",
        "Connection": "keep-alive",
        "User-Agent": "azsdk-js-ai-language-text/1.0.0 core-rest-pipeline/1.9.2 Node/v18.6.0 OS/(x64-Linux-5.10.102.1-microsoft-standard-WSL2)",
        "x-ms-client-request-id": "c4ac1a09-28b5-4cd7-a113-805f102e822c"
      },
      "RequestBody": null,
      "StatusCode": 200,
      "ResponseHeaders": {
        "apim-request-id": "305726c5-4c0f-4c75-a484-5e182c20be1a",
        "Content-Length": "2026",
        "Content-Type": "application/json; charset=utf-8",
        "Date": "Wed, 07 Sep 2022 03:53:50 GMT",
        "Strict-Transport-Security": "max-age=31536000; includeSubDomains; preload",
        "X-Content-Type-Options": "nosniff",
        "x-envoy-upstream-service-time": "197"
      },
      "ResponseBody": {
        "jobId": "923c7bef-f254-4152-8aef-3f91e78cbcaa",
        "lastUpdatedDateTime": "2022-09-07T03:53:50Z",
        "createdDateTime": "2022-09-07T03:53:43Z",
        "expirationDateTime": "2022-09-08T03:53:43Z",
        "status": "running",
        "errors": [],
        "tasks": {
          "completed": 2,
          "failed": 0,
          "inProgress": 1,
          "total": 3,
          "items": [
            {
              "kind": "EntityRecognitionLROResults",
              "lastUpdateDateTime": "2022-09-07T03:53:46.3415061Z",
              "status": "succeeded",
              "results": {
                "statistics": {
                  "documentsCount": 5,
                  "validDocumentsCount": 4,
                  "erroneousDocumentsCount": 1,
                  "transactionsCount": 4
                },
                "documents": [
                  {
                    "id": "0",
                    "statistics": {
                      "charactersCount": 2,
                      "transactionsCount": 1
                    },
                    "entities": [],
                    "warnings": []
                  },
                  {
                    "id": "1",
                    "statistics": {
                      "charactersCount": 2,
                      "transactionsCount": 1
                    },
                    "entities": [],
                    "warnings": []
                  },
                  {
                    "id": "3",
                    "statistics": {
                      "charactersCount": 2,
                      "transactionsCount": 1
                    },
                    "entities": [],
                    "warnings": []
                  },
                  {
                    "id": "4",
                    "statistics": {
                      "charactersCount": 2,
                      "transactionsCount": 1
                    },
                    "entities": [],
                    "warnings": []
                  }
                ],
                "errors": [
                  {
                    "id": "2",
                    "error": {
                      "code": "InvalidArgument",
                      "message": "Invalid Document in request.",
                      "innererror": {
                        "code": "InvalidDocument",
                        "message": "Document text is empty."
                      }
                    }
                  }
                ],
                "modelVersion": "2021-06-01"
              }
            },
            {
              "kind": "PiiEntityRecognitionLROResults",
              "lastUpdateDateTime": "2022-09-07T03:53:46.4359813Z",
              "status": "succeeded",
              "results": {
                "statistics": {
                  "documentsCount": 5,
                  "validDocumentsCount": 4,
                  "erroneousDocumentsCount": 1,
                  "transactionsCount": 4
                },
                "documents": [
                  {
                    "redactedText": ":)",
                    "id": "0",
                    "statistics": {
                      "charactersCount": 2,
                      "transactionsCount": 1
                    },
                    "entities": [],
                    "warnings": []
                  },
                  {
                    "redactedText": ":(",
                    "id": "1",
                    "statistics": {
                      "charactersCount": 2,
                      "transactionsCount": 1
                    },
                    "entities": [],
                    "warnings": []
                  },
                  {
                    "redactedText": ":P",
                    "id": "3",
                    "statistics": {
                      "charactersCount": 2,
                      "transactionsCount": 1
                    },
                    "entities": [],
                    "warnings": []
                  },
                  {
                    "redactedText": ":D",
                    "id": "4",
                    "statistics": {
                      "charactersCount": 2,
                      "transactionsCount": 1
                    },
                    "entities": [],
                    "warnings": []
                  }
                ],
                "errors": [
                  {
                    "id": "2",
                    "error": {
                      "code": "InvalidArgument",
                      "message": "Invalid Document in request.",
                      "innererror": {
                        "code": "InvalidDocument",
                        "message": "Document text is empty."
                      }
                    }
                  }
                ],
                "modelVersion": "2021-01-15"
              }
            }
          ]
        }
      }
    },
    {
      "RequestUri": "https://endpoint/language/analyze-text/jobs/923c7bef-f254-4152-8aef-3f91e78cbcaa?api-version=2022-05-01\u0026showStats=true",
      "RequestMethod": "GET",
      "RequestHeaders": {
        "Accept": "application/json",
        "Accept-Encoding": "gzip,deflate",
        "Authorization": "Sanitized",
        "Connection": "keep-alive",
        "User-Agent": "azsdk-js-ai-language-text/1.0.0 core-rest-pipeline/1.9.2 Node/v18.6.0 OS/(x64-Linux-5.10.102.1-microsoft-standard-WSL2)",
        "x-ms-client-request-id": "cac92556-17d5-4ddb-a53f-f3b2e02aa380"
      },
      "RequestBody": null,
      "StatusCode": 200,
      "ResponseHeaders": {
        "apim-request-id": "8bc2b68a-fa9a-4dc3-a9fa-54ef2c61a7f6",
        "Content-Length": "2870",
        "Content-Type": "application/json; charset=utf-8",
        "Date": "Wed, 07 Sep 2022 03:53:52 GMT",
        "Strict-Transport-Security": "max-age=31536000; includeSubDomains; preload",
        "X-Content-Type-Options": "nosniff",
        "x-envoy-upstream-service-time": "231"
      },
      "ResponseBody": {
        "jobId": "923c7bef-f254-4152-8aef-3f91e78cbcaa",
        "lastUpdatedDateTime": "2022-09-07T03:53:51Z",
        "createdDateTime": "2022-09-07T03:53:43Z",
        "expirationDateTime": "2022-09-08T03:53:43Z",
        "status": "succeeded",
        "errors": [],
        "tasks": {
          "completed": 3,
          "failed": 0,
          "inProgress": 0,
          "total": 3,
          "items": [
            {
              "kind": "EntityRecognitionLROResults",
              "lastUpdateDateTime": "2022-09-07T03:53:46.3415061Z",
              "status": "succeeded",
              "results": {
                "statistics": {
                  "documentsCount": 5,
                  "validDocumentsCount": 4,
                  "erroneousDocumentsCount": 1,
                  "transactionsCount": 4
                },
                "documents": [
                  {
                    "id": "0",
                    "statistics": {
                      "charactersCount": 2,
                      "transactionsCount": 1
                    },
                    "entities": [],
                    "warnings": []
                  },
                  {
                    "id": "1",
                    "statistics": {
                      "charactersCount": 2,
                      "transactionsCount": 1
                    },
                    "entities": [],
                    "warnings": []
                  },
                  {
                    "id": "3",
                    "statistics": {
                      "charactersCount": 2,
                      "transactionsCount": 1
                    },
                    "entities": [],
                    "warnings": []
                  },
                  {
                    "id": "4",
                    "statistics": {
                      "charactersCount": 2,
                      "transactionsCount": 1
                    },
                    "entities": [],
                    "warnings": []
                  }
                ],
                "errors": [
                  {
                    "id": "2",
                    "error": {
                      "code": "InvalidArgument",
                      "message": "Invalid Document in request.",
                      "innererror": {
                        "code": "InvalidDocument",
                        "message": "Document text is empty."
                      }
                    }
                  }
                ],
                "modelVersion": "2021-06-01"
              }
            },
            {
              "kind": "PiiEntityRecognitionLROResults",
              "lastUpdateDateTime": "2022-09-07T03:53:46.4359813Z",
              "status": "succeeded",
              "results": {
                "statistics": {
                  "documentsCount": 5,
                  "validDocumentsCount": 4,
                  "erroneousDocumentsCount": 1,
                  "transactionsCount": 4
                },
                "documents": [
                  {
                    "redactedText": ":)",
                    "id": "0",
                    "statistics": {
                      "charactersCount": 2,
                      "transactionsCount": 1
                    },
                    "entities": [],
                    "warnings": []
                  },
                  {
                    "redactedText": ":(",
                    "id": "1",
                    "statistics": {
                      "charactersCount": 2,
                      "transactionsCount": 1
                    },
                    "entities": [],
                    "warnings": []
                  },
                  {
                    "redactedText": ":P",
                    "id": "3",
                    "statistics": {
                      "charactersCount": 2,
                      "transactionsCount": 1
                    },
                    "entities": [],
                    "warnings": []
                  },
                  {
                    "redactedText": ":D",
                    "id": "4",
                    "statistics": {
                      "charactersCount": 2,
                      "transactionsCount": 1
                    },
                    "entities": [],
                    "warnings": []
                  }
                ],
                "errors": [
                  {
                    "id": "2",
                    "error": {
                      "code": "InvalidArgument",
                      "message": "Invalid Document in request.",
                      "innererror": {
                        "code": "InvalidDocument",
                        "message": "Document text is empty."
                      }
                    }
                  }
                ],
                "modelVersion": "2021-01-15"
              }
            },
            {
              "kind": "KeyPhraseExtractionLROResults",
              "lastUpdateDateTime": "2022-09-07T03:53:51.8865567Z",
              "status": "succeeded",
              "results": {
                "statistics": {
                  "documentsCount": 5,
                  "validDocumentsCount": 4,
                  "erroneousDocumentsCount": 1,
                  "transactionsCount": 4
                },
                "documents": [
                  {
                    "id": "0",
                    "keyPhrases": [],
                    "statistics": {
                      "charactersCount": 2,
                      "transactionsCount": 1
                    },
                    "warnings": []
                  },
                  {
                    "id": "1",
                    "keyPhrases": [],
                    "statistics": {
                      "charactersCount": 2,
                      "transactionsCount": 1
                    },
                    "warnings": []
                  },
                  {
                    "id": "3",
                    "keyPhrases": [],
                    "statistics": {
                      "charactersCount": 2,
                      "transactionsCount": 1
                    },
                    "warnings": []
                  },
                  {
                    "id": "4",
                    "keyPhrases": [],
                    "statistics": {
                      "charactersCount": 2,
                      "transactionsCount": 1
                    },
                    "warnings": []
                  }
                ],
                "errors": [
                  {
                    "id": "2",
                    "error": {
                      "code": "InvalidArgument",
                      "message": "Invalid Document in request.",
                      "innererror": {
                        "code": "InvalidDocument",
                        "message": "Document text is empty."
                      }
                    }
                  }
                ],
                "modelVersion": "2022-07-01"
              }
            }
          ]
        }
      }
    },
    {
      "RequestUri": "https://endpoint/language/analyze-text/jobs/923c7bef-f254-4152-8aef-3f91e78cbcaa?api-version=2022-05-01\u0026showStats=true",
      "RequestMethod": "GET",
      "RequestHeaders": {
        "Accept": "application/json",
        "Accept-Encoding": "gzip,deflate",
        "Authorization": "Sanitized",
        "Connection": "keep-alive",
        "User-Agent": "azsdk-js-ai-language-text/1.0.0 core-rest-pipeline/1.9.2 Node/v18.6.0 OS/(x64-Linux-5.10.102.1-microsoft-standard-WSL2)",
        "x-ms-client-request-id": "5d3b472c-9c3f-49c3-941e-705e9305125e"
      },
      "RequestBody": null,
      "StatusCode": 200,
      "ResponseHeaders": {
        "apim-request-id": "dc94bc2b-2cac-4c0c-86d8-c16bffc04067",
        "Content-Length": "2870",
        "Content-Type": "application/json; charset=utf-8",
        "Date": "Wed, 07 Sep 2022 03:53:52 GMT",
        "Strict-Transport-Security": "max-age=31536000; includeSubDomains; preload",
        "X-Content-Type-Options": "nosniff",
        "x-envoy-upstream-service-time": "178"
      },
      "ResponseBody": {
        "jobId": "923c7bef-f254-4152-8aef-3f91e78cbcaa",
        "lastUpdatedDateTime": "2022-09-07T03:53:51Z",
        "createdDateTime": "2022-09-07T03:53:43Z",
        "expirationDateTime": "2022-09-08T03:53:43Z",
        "status": "succeeded",
        "errors": [],
        "tasks": {
          "completed": 3,
          "failed": 0,
          "inProgress": 0,
          "total": 3,
          "items": [
            {
              "kind": "EntityRecognitionLROResults",
              "lastUpdateDateTime": "2022-09-07T03:53:46.3415061Z",
              "status": "succeeded",
              "results": {
                "statistics": {
                  "documentsCount": 5,
                  "validDocumentsCount": 4,
                  "erroneousDocumentsCount": 1,
                  "transactionsCount": 4
                },
                "documents": [
                  {
                    "id": "0",
                    "statistics": {
                      "charactersCount": 2,
                      "transactionsCount": 1
                    },
                    "entities": [],
                    "warnings": []
                  },
                  {
                    "id": "1",
                    "statistics": {
                      "charactersCount": 2,
                      "transactionsCount": 1
                    },
                    "entities": [],
                    "warnings": []
                  },
                  {
                    "id": "3",
                    "statistics": {
                      "charactersCount": 2,
                      "transactionsCount": 1
                    },
                    "entities": [],
                    "warnings": []
                  },
                  {
                    "id": "4",
                    "statistics": {
                      "charactersCount": 2,
                      "transactionsCount": 1
                    },
                    "entities": [],
                    "warnings": []
                  }
                ],
                "errors": [
                  {
                    "id": "2",
                    "error": {
                      "code": "InvalidArgument",
                      "message": "Invalid Document in request.",
                      "innererror": {
                        "code": "InvalidDocument",
                        "message": "Document text is empty."
                      }
                    }
                  }
                ],
                "modelVersion": "2021-06-01"
              }
            },
            {
              "kind": "PiiEntityRecognitionLROResults",
              "lastUpdateDateTime": "2022-09-07T03:53:46.4359813Z",
              "status": "succeeded",
              "results": {
                "statistics": {
                  "documentsCount": 5,
                  "validDocumentsCount": 4,
                  "erroneousDocumentsCount": 1,
                  "transactionsCount": 4
                },
                "documents": [
                  {
                    "redactedText": ":)",
                    "id": "0",
                    "statistics": {
                      "charactersCount": 2,
                      "transactionsCount": 1
                    },
                    "entities": [],
                    "warnings": []
                  },
                  {
                    "redactedText": ":(",
                    "id": "1",
                    "statistics": {
                      "charactersCount": 2,
                      "transactionsCount": 1
                    },
                    "entities": [],
                    "warnings": []
                  },
                  {
                    "redactedText": ":P",
                    "id": "3",
                    "statistics": {
                      "charactersCount": 2,
                      "transactionsCount": 1
                    },
                    "entities": [],
                    "warnings": []
                  },
                  {
                    "redactedText": ":D",
                    "id": "4",
                    "statistics": {
                      "charactersCount": 2,
                      "transactionsCount": 1
                    },
                    "entities": [],
                    "warnings": []
                  }
                ],
                "errors": [
                  {
                    "id": "2",
                    "error": {
                      "code": "InvalidArgument",
                      "message": "Invalid Document in request.",
                      "innererror": {
                        "code": "InvalidDocument",
                        "message": "Document text is empty."
                      }
                    }
                  }
                ],
                "modelVersion": "2021-01-15"
              }
            },
            {
              "kind": "KeyPhraseExtractionLROResults",
              "lastUpdateDateTime": "2022-09-07T03:53:51.8865567Z",
              "status": "succeeded",
              "results": {
                "statistics": {
                  "documentsCount": 5,
                  "validDocumentsCount": 4,
                  "erroneousDocumentsCount": 1,
                  "transactionsCount": 4
                },
                "documents": [
                  {
                    "id": "0",
                    "keyPhrases": [],
                    "statistics": {
                      "charactersCount": 2,
                      "transactionsCount": 1
                    },
                    "warnings": []
                  },
                  {
                    "id": "1",
                    "keyPhrases": [],
                    "statistics": {
                      "charactersCount": 2,
                      "transactionsCount": 1
                    },
                    "warnings": []
                  },
                  {
                    "id": "3",
                    "keyPhrases": [],
                    "statistics": {
                      "charactersCount": 2,
                      "transactionsCount": 1
                    },
                    "warnings": []
                  },
                  {
                    "id": "4",
                    "keyPhrases": [],
                    "statistics": {
                      "charactersCount": 2,
                      "transactionsCount": 1
                    },
                    "warnings": []
                  }
                ],
                "errors": [
                  {
                    "id": "2",
                    "error": {
                      "code": "InvalidArgument",
                      "message": "Invalid Document in request.",
                      "innererror": {
                        "code": "InvalidDocument",
                        "message": "Document text is empty."
                      }
                    }
                  }
                ],
                "modelVersion": "2022-07-01"
              }
            }
          ]
        }
      }
    }
  ],
  "Variables": {}
}
