{
  "Entries": [
    {
      "RequestUri": "https://management.azure.com/subscriptions/azure_subscription_id/resourceGroups/myjstest/providers/Microsoft.ContainerService/managedClusters/myreourcexyz?api-version=2022-08-03-preview",
      "RequestMethod": "DELETE",
      "RequestHeaders": {
        "Accept": "application/json",
        "Accept-Encoding": "gzip,deflate",
        "Authorization": "Sanitized",
        "Connection": "keep-alive",
        "User-Agent": "azsdk-js-arm-containerservice/18.0.0-beta.2 core-rest-pipeline/1.9.3 Node/v16.17.0 OS/(x64-Windows_NT-10.0.22000)",
        "x-ms-client-request-id": "9d400ea8-ac42-466c-9d33-ec4ed4e0e254"
      },
      "RequestBody": null,
      "StatusCode": 202,
      "ResponseHeaders": {
        "azure-asyncoperation": "https://management.azure.com/subscriptions/azure_subscription_id/providers/Microsoft.ContainerService/locations/eastus/operations/598c365d-71e8-4c7c-9c61-ddf38a6b4093?api-version=2017-08-31",
        "Cache-Control": "no-cache",
        "Content-Length": "0",
        "Date": "Thu, 29 Sep 2022 06:37:20 GMT",
        "Expires": "-1",
        "Location": "https://management.azure.com/subscriptions/azure_subscription_id/providers/Microsoft.ContainerService/locations/eastus/operationresults/598c365d-71e8-4c7c-9c61-ddf38a6b4093?api-version=2017-08-31",
        "Pragma": "no-cache",
        "Server": "nginx",
        "Strict-Transport-Security": "max-age=31536000; includeSubDomains",
        "X-Content-Type-Options": "nosniff",
        "x-ms-correlation-request-id": "51a053e6-418b-4207-b7c0-7107bdc5ddf4",
        "x-ms-ratelimit-remaining-subscription-deletes": "14999",
        "x-ms-request-id": "598c365d-71e8-4c7c-9c61-ddf38a6b4093",
        "x-ms-routing-request-id": "SOUTHEASTASIA:20220929T063721Z:51a053e6-418b-4207-b7c0-7107bdc5ddf4"
      },
      "ResponseBody": null
    },
    {
      "RequestUri": "https://management.azure.com/subscriptions/azure_subscription_id/providers/Microsoft.ContainerService/locations/eastus/operations/598c365d-71e8-4c7c-9c61-ddf38a6b4093?api-version=2017-08-31",
      "RequestMethod": "GET",
      "RequestHeaders": {
        "Accept": "application/json",
        "Accept-Encoding": "gzip,deflate",
        "Authorization": "Sanitized",
        "Connection": "keep-alive",
        "User-Agent": "azsdk-js-arm-containerservice/18.0.0-beta.2 core-rest-pipeline/1.9.3 Node/v16.17.0 OS/(x64-Windows_NT-10.0.22000)",
        "x-ms-client-request-id": "a3726c85-e29e-4b1a-83af-a1c14b54fe45"
      },
      "RequestBody": null,
      "StatusCode": 200,
      "ResponseHeaders": {
        "Cache-Control": "no-cache",
        "Content-Encoding": "gzip",
        "Content-Type": "application/json",
        "Date": "Thu, 29 Sep 2022 06:37:21 GMT",
        "Expires": "-1",
        "Pragma": "no-cache",
        "Server": "nginx",
        "Strict-Transport-Security": "max-age=31536000; includeSubDomains",
        "Transfer-Encoding": "chunked",
        "Vary": "Accept-Encoding",
        "X-Content-Type-Options": "nosniff",
        "x-ms-correlation-request-id": "cc30dcdc-a9c6-40bd-8d69-7cecdccdaec1",
        "x-ms-ratelimit-remaining-subscription-reads": "11903",
        "x-ms-request-id": "e1f85a3c-b4c7-47aa-abb8-1e8c2bff8bb8",
        "x-ms-routing-request-id": "SOUTHEASTASIA:20220929T063722Z:cc30dcdc-a9c6-40bd-8d69-7cecdccdaec1"
      },
      "ResponseBody": {
        "name": "5d368c59-e871-7c4c-9c61-ddf38a6b4093",
        "status": "InProgress",
        "startTime": "2022-09-29T06:37:21.2827335Z"
      }
    },
    {
      "RequestUri": "https://management.azure.com/subscriptions/azure_subscription_id/providers/Microsoft.ContainerService/locations/eastus/operations/598c365d-71e8-4c7c-9c61-ddf38a6b4093?api-version=2017-08-31",
      "RequestMethod": "GET",
      "RequestHeaders": {
        "Accept": "application/json",
        "Accept-Encoding": "gzip,deflate",
        "Authorization": "Sanitized",
        "Connection": "keep-alive",
        "User-Agent": "azsdk-js-arm-containerservice/18.0.0-beta.2 core-rest-pipeline/1.9.3 Node/v16.17.0 OS/(x64-Windows_NT-10.0.22000)",
        "x-ms-client-request-id": "c7410100-3d34-46a8-8816-bba7d95aa89a"
      },
      "RequestBody": null,
      "StatusCode": 200,
      "ResponseHeaders": {
        "Cache-Control": "no-cache",
        "Content-Encoding": "gzip",
        "Content-Type": "application/json",
        "Date": "Thu, 29 Sep 2022 06:37:21 GMT",
        "Expires": "-1",
        "Pragma": "no-cache",
        "Server": "nginx",
        "Strict-Transport-Security": "max-age=31536000; includeSubDomains",
        "Transfer-Encoding": "chunked",
        "Vary": "Accept-Encoding",
        "X-Content-Type-Options": "nosniff",
        "x-ms-correlation-request-id": "e9eebe9f-a8c4-4432-9479-6ae034496263",
        "x-ms-ratelimit-remaining-subscription-reads": "11902",
        "x-ms-request-id": "e0c7bc6b-0202-4113-9676-5063a8572ab3",
        "x-ms-routing-request-id": "SOUTHEASTASIA:20220929T063722Z:e9eebe9f-a8c4-4432-9479-6ae034496263"
      },
      "ResponseBody": {
        "name": "5d368c59-e871-7c4c-9c61-ddf38a6b4093",
        "status": "InProgress",
        "startTime": "2022-09-29T06:37:21.2827335Z"
      }
    },
    {
      "RequestUri": "https://management.azure.com/subscriptions/azure_subscription_id/providers/Microsoft.ContainerService/locations/eastus/operations/598c365d-71e8-4c7c-9c61-ddf38a6b4093?api-version=2017-08-31",
      "RequestMethod": "GET",
      "RequestHeaders": {
        "Accept": "application/json",
        "Accept-Encoding": "gzip,deflate",
        "Authorization": "Sanitized",
        "Connection": "keep-alive",
        "User-Agent": "azsdk-js-arm-containerservice/18.0.0-beta.2 core-rest-pipeline/1.9.3 Node/v16.17.0 OS/(x64-Windows_NT-10.0.22000)",
        "x-ms-client-request-id": "9306b935-595b-4dad-bc6c-a4100a4ccb6d"
      },
      "RequestBody": null,
      "StatusCode": 200,
      "ResponseHeaders": {
        "Cache-Control": "no-cache",
        "Content-Encoding": "gzip",
        "Content-Type": "application/json",
        "Date": "Thu, 29 Sep 2022 06:37:24 GMT",
        "Expires": "-1",
        "Pragma": "no-cache",
        "Server": "nginx",
        "Strict-Transport-Security": "max-age=31536000; includeSubDomains",
        "Transfer-Encoding": "chunked",
        "Vary": "Accept-Encoding",
        "X-Content-Type-Options": "nosniff",
        "x-ms-correlation-request-id": "2afed71a-92b9-4646-b17f-4b04673a9e97",
        "x-ms-ratelimit-remaining-subscription-reads": "11901",
        "x-ms-request-id": "ad325a95-da61-4d60-af33-7d84d89b2bb6",
        "x-ms-routing-request-id": "SOUTHEASTASIA:20220929T063725Z:2afed71a-92b9-4646-b17f-4b04673a9e97"
      },
      "ResponseBody": {
        "name": "5d368c59-e871-7c4c-9c61-ddf38a6b4093",
        "status": "InProgress",
        "startTime": "2022-09-29T06:37:21.2827335Z"
      }
    },
    {
      "RequestUri": "https://management.azure.com/subscriptions/azure_subscription_id/providers/Microsoft.ContainerService/locations/eastus/operations/598c365d-71e8-4c7c-9c61-ddf38a6b4093?api-version=2017-08-31",
      "RequestMethod": "GET",
      "RequestHeaders": {
        "Accept": "application/json",
        "Accept-Encoding": "gzip,deflate",
        "Authorization": "Sanitized",
        "Connection": "keep-alive",
        "User-Agent": "azsdk-js-arm-containerservice/18.0.0-beta.2 core-rest-pipeline/1.9.3 Node/v16.17.0 OS/(x64-Windows_NT-10.0.22000)",
        "x-ms-client-request-id": "0a6c3abf-fb90-4a99-8094-fa5e6f19fb21"
      },
      "RequestBody": null,
      "StatusCode": 200,
      "ResponseHeaders": {
        "Cache-Control": "no-cache",
        "Content-Encoding": "gzip",
        "Content-Type": "application/json",
        "Date": "Thu, 29 Sep 2022 06:37:26 GMT",
        "Expires": "-1",
        "Pragma": "no-cache",
        "Server": "nginx",
        "Strict-Transport-Security": "max-age=31536000; includeSubDomains",
        "Transfer-Encoding": "chunked",
        "Vary": "Accept-Encoding",
        "X-Content-Type-Options": "nosniff",
        "x-ms-correlation-request-id": "6f9651a8-46de-4741-9e16-d1b530b3f64f",
        "x-ms-ratelimit-remaining-subscription-reads": "11900",
        "x-ms-request-id": "01c50a12-e753-4cd4-a70a-3af1d8d1d5d7",
        "x-ms-routing-request-id": "SOUTHEASTASIA:20220929T063727Z:6f9651a8-46de-4741-9e16-d1b530b3f64f"
      },
      "ResponseBody": {
        "name": "5d368c59-e871-7c4c-9c61-ddf38a6b4093",
        "status": "InProgress",
        "startTime": "2022-09-29T06:37:21.2827335Z"
      }
    },
    {
      "RequestUri": "https://management.azure.com/subscriptions/azure_subscription_id/providers/Microsoft.ContainerService/locations/eastus/operations/598c365d-71e8-4c7c-9c61-ddf38a6b4093?api-version=2017-08-31",
      "RequestMethod": "GET",
      "RequestHeaders": {
        "Accept": "application/json",
        "Accept-Encoding": "gzip,deflate",
        "Authorization": "Sanitized",
        "Connection": "keep-alive",
        "User-Agent": "azsdk-js-arm-containerservice/18.0.0-beta.2 core-rest-pipeline/1.9.3 Node/v16.17.0 OS/(x64-Windows_NT-10.0.22000)",
        "x-ms-client-request-id": "04779df9-bd76-4634-8258-5fa1b21372d0"
      },
      "RequestBody": null,
      "StatusCode": 200,
      "ResponseHeaders": {
        "Cache-Control": "no-cache",
        "Content-Encoding": "gzip",
        "Content-Type": "application/json",
        "Date": "Thu, 29 Sep 2022 06:37:28 GMT",
        "Expires": "-1",
        "Pragma": "no-cache",
        "Server": "nginx",
        "Strict-Transport-Security": "max-age=31536000; includeSubDomains",
        "Transfer-Encoding": "chunked",
        "Vary": "Accept-Encoding",
        "X-Content-Type-Options": "nosniff",
        "x-ms-correlation-request-id": "ffc30f1e-731d-4544-b856-73ea9e9fdcfc",
        "x-ms-ratelimit-remaining-subscription-reads": "11899",
        "x-ms-request-id": "9fb495a8-e63c-4ed4-a1b3-789cad7b9f33",
        "x-ms-routing-request-id": "SOUTHEASTASIA:20220929T063729Z:ffc30f1e-731d-4544-b856-73ea9e9fdcfc"
      },
      "ResponseBody": {
        "name": "5d368c59-e871-7c4c-9c61-ddf38a6b4093",
        "status": "InProgress",
        "startTime": "2022-09-29T06:37:21.2827335Z"
      }
    },
    {
      "RequestUri": "https://management.azure.com/subscriptions/azure_subscription_id/providers/Microsoft.ContainerService/locations/eastus/operations/598c365d-71e8-4c7c-9c61-ddf38a6b4093?api-version=2017-08-31",
      "RequestMethod": "GET",
      "RequestHeaders": {
        "Accept": "application/json",
        "Accept-Encoding": "gzip,deflate",
        "Authorization": "Sanitized",
        "Connection": "keep-alive",
        "User-Agent": "azsdk-js-arm-containerservice/18.0.0-beta.2 core-rest-pipeline/1.9.3 Node/v16.17.0 OS/(x64-Windows_NT-10.0.22000)",
        "x-ms-client-request-id": "61868974-ed0c-457f-9c47-b2a294dc12fa"
      },
      "RequestBody": null,
      "StatusCode": 200,
      "ResponseHeaders": {
        "Cache-Control": "no-cache",
        "Content-Encoding": "gzip",
        "Content-Type": "application/json",
        "Date": "Thu, 29 Sep 2022 06:37:31 GMT",
        "Expires": "-1",
        "Pragma": "no-cache",
        "Server": "nginx",
        "Strict-Transport-Security": "max-age=31536000; includeSubDomains",
        "Transfer-Encoding": "chunked",
        "Vary": "Accept-Encoding",
        "X-Content-Type-Options": "nosniff",
        "x-ms-correlation-request-id": "aa216c78-5acb-4a88-9c8b-2480e6a98bd1",
        "x-ms-ratelimit-remaining-subscription-reads": "11898",
        "x-ms-request-id": "d8b4181c-4cfa-4330-a4ce-fb08359d5d86",
        "x-ms-routing-request-id": "SOUTHEASTASIA:20220929T063732Z:aa216c78-5acb-4a88-9c8b-2480e6a98bd1"
      },
      "ResponseBody": {
        "name": "5d368c59-e871-7c4c-9c61-ddf38a6b4093",
        "status": "InProgress",
        "startTime": "2022-09-29T06:37:21.2827335Z"
      }
    },
    {
      "RequestUri": "https://management.azure.com/subscriptions/azure_subscription_id/providers/Microsoft.ContainerService/locations/eastus/operations/598c365d-71e8-4c7c-9c61-ddf38a6b4093?api-version=2017-08-31",
      "RequestMethod": "GET",
      "RequestHeaders": {
        "Accept": "application/json",
        "Accept-Encoding": "gzip,deflate",
        "Authorization": "Sanitized",
        "Connection": "keep-alive",
        "User-Agent": "azsdk-js-arm-containerservice/18.0.0-beta.2 core-rest-pipeline/1.9.3 Node/v16.17.0 OS/(x64-Windows_NT-10.0.22000)",
        "x-ms-client-request-id": "16b91d9c-cae6-4906-b10a-e331c531ce90"
      },
      "RequestBody": null,
      "StatusCode": 200,
      "ResponseHeaders": {
        "Cache-Control": "no-cache",
        "Content-Encoding": "gzip",
        "Content-Type": "application/json",
        "Date": "Thu, 29 Sep 2022 06:37:33 GMT",
        "Expires": "-1",
        "Pragma": "no-cache",
        "Server": "nginx",
        "Strict-Transport-Security": "max-age=31536000; includeSubDomains",
        "Transfer-Encoding": "chunked",
        "Vary": "Accept-Encoding",
        "X-Content-Type-Options": "nosniff",
        "x-ms-correlation-request-id": "9dfd8559-39b0-4ebe-91b0-111df9272f4a",
        "x-ms-ratelimit-remaining-subscription-reads": "11897",
        "x-ms-request-id": "9b3a0392-3ac0-434c-b43a-2b9ebd2c049a",
        "x-ms-routing-request-id": "SOUTHEASTASIA:20220929T063734Z:9dfd8559-39b0-4ebe-91b0-111df9272f4a"
      },
      "ResponseBody": {
        "name": "5d368c59-e871-7c4c-9c61-ddf38a6b4093",
        "status": "InProgress",
        "startTime": "2022-09-29T06:37:21.2827335Z"
      }
    },
    {
      "RequestUri": "https://management.azure.com/subscriptions/azure_subscription_id/providers/Microsoft.ContainerService/locations/eastus/operations/598c365d-71e8-4c7c-9c61-ddf38a6b4093?api-version=2017-08-31",
      "RequestMethod": "GET",
      "RequestHeaders": {
        "Accept": "application/json",
        "Accept-Encoding": "gzip,deflate",
        "Authorization": "Sanitized",
        "Connection": "keep-alive",
        "User-Agent": "azsdk-js-arm-containerservice/18.0.0-beta.2 core-rest-pipeline/1.9.3 Node/v16.17.0 OS/(x64-Windows_NT-10.0.22000)",
        "x-ms-client-request-id": "84029268-32ce-476d-aa77-df7ba4c7440a"
      },
      "RequestBody": null,
      "StatusCode": 200,
      "ResponseHeaders": {
        "Cache-Control": "no-cache",
        "Content-Encoding": "gzip",
        "Content-Type": "application/json",
        "Date": "Thu, 29 Sep 2022 06:37:37 GMT",
        "Expires": "-1",
        "Pragma": "no-cache",
        "Server": "nginx",
        "Strict-Transport-Security": "max-age=31536000; includeSubDomains",
        "Transfer-Encoding": "chunked",
        "Vary": "Accept-Encoding",
        "X-Content-Type-Options": "nosniff",
        "x-ms-correlation-request-id": "1908a398-b68a-4cc1-8c63-fb5c102e728e",
        "x-ms-ratelimit-remaining-subscription-reads": "11896",
        "x-ms-request-id": "14db824c-58b2-4156-8df5-f81865dcfe11",
        "x-ms-routing-request-id": "SOUTHEASTASIA:20220929T063737Z:1908a398-b68a-4cc1-8c63-fb5c102e728e"
      },
      "ResponseBody": {
        "name": "5d368c59-e871-7c4c-9c61-ddf38a6b4093",
        "status": "InProgress",
        "startTime": "2022-09-29T06:37:21.2827335Z"
      }
    },
    {
      "RequestUri": "https://management.azure.com/subscriptions/azure_subscription_id/providers/Microsoft.ContainerService/locations/eastus/operations/598c365d-71e8-4c7c-9c61-ddf38a6b4093?api-version=2017-08-31",
      "RequestMethod": "GET",
      "RequestHeaders": {
        "Accept": "application/json",
        "Accept-Encoding": "gzip,deflate",
        "Authorization": "Sanitized",
        "Connection": "keep-alive",
        "User-Agent": "azsdk-js-arm-containerservice/18.0.0-beta.2 core-rest-pipeline/1.9.3 Node/v16.17.0 OS/(x64-Windows_NT-10.0.22000)",
        "x-ms-client-request-id": "4913c2a7-d95e-4ccc-af57-ee2932cec72d"
      },
      "RequestBody": null,
      "StatusCode": 200,
      "ResponseHeaders": {
        "Cache-Control": "no-cache",
        "Content-Encoding": "gzip",
        "Content-Type": "application/json",
        "Date": "Thu, 29 Sep 2022 06:37:39 GMT",
        "Expires": "-1",
        "Pragma": "no-cache",
        "Server": "nginx",
        "Strict-Transport-Security": "max-age=31536000; includeSubDomains",
        "Transfer-Encoding": "chunked",
        "Vary": "Accept-Encoding",
        "X-Content-Type-Options": "nosniff",
        "x-ms-correlation-request-id": "6c873580-6598-4e48-8b93-f84e554a9678",
        "x-ms-ratelimit-remaining-subscription-reads": "11895",
        "x-ms-request-id": "e9fd597c-4f87-4ce7-abd7-73f21dbd24e4",
        "x-ms-routing-request-id": "SOUTHEASTASIA:20220929T063739Z:6c873580-6598-4e48-8b93-f84e554a9678"
      },
      "ResponseBody": {
        "name": "5d368c59-e871-7c4c-9c61-ddf38a6b4093",
        "status": "InProgress",
        "startTime": "2022-09-29T06:37:21.2827335Z"
      }
    },
    {
      "RequestUri": "https://management.azure.com/subscriptions/azure_subscription_id/providers/Microsoft.ContainerService/locations/eastus/operations/598c365d-71e8-4c7c-9c61-ddf38a6b4093?api-version=2017-08-31",
      "RequestMethod": "GET",
      "RequestHeaders": {
        "Accept": "application/json",
        "Accept-Encoding": "gzip,deflate",
        "Authorization": "Sanitized",
        "Connection": "keep-alive",
        "User-Agent": "azsdk-js-arm-containerservice/18.0.0-beta.2 core-rest-pipeline/1.9.3 Node/v16.17.0 OS/(x64-Windows_NT-10.0.22000)",
        "x-ms-client-request-id": "441529ba-6583-46aa-9353-35a24bdca157"
      },
      "RequestBody": null,
      "StatusCode": 200,
      "ResponseHeaders": {
        "Cache-Control": "no-cache",
        "Content-Encoding": "gzip",
        "Content-Type": "application/json",
        "Date": "Thu, 29 Sep 2022 06:37:42 GMT",
        "Expires": "-1",
        "Pragma": "no-cache",
        "Server": "nginx",
        "Strict-Transport-Security": "max-age=31536000; includeSubDomains",
        "Transfer-Encoding": "chunked",
        "Vary": "Accept-Encoding",
        "X-Content-Type-Options": "nosniff",
        "x-ms-correlation-request-id": "aace83fa-4cab-4dd0-9424-d659844eb0cd",
        "x-ms-ratelimit-remaining-subscription-reads": "11894",
        "x-ms-request-id": "9254d642-e5e9-48a0-a370-9344650d9e4f",
        "x-ms-routing-request-id": "SOUTHEASTASIA:20220929T063742Z:aace83fa-4cab-4dd0-9424-d659844eb0cd"
      },
      "ResponseBody": {
        "name": "5d368c59-e871-7c4c-9c61-ddf38a6b4093",
        "status": "InProgress",
        "startTime": "2022-09-29T06:37:21.2827335Z"
      }
    },
    {
      "RequestUri": "https://management.azure.com/subscriptions/azure_subscription_id/providers/Microsoft.ContainerService/locations/eastus/operations/598c365d-71e8-4c7c-9c61-ddf38a6b4093?api-version=2017-08-31",
      "RequestMethod": "GET",
      "RequestHeaders": {
        "Accept": "application/json",
        "Accept-Encoding": "gzip,deflate",
        "Authorization": "Sanitized",
        "Connection": "keep-alive",
        "User-Agent": "azsdk-js-arm-containerservice/18.0.0-beta.2 core-rest-pipeline/1.9.3 Node/v16.17.0 OS/(x64-Windows_NT-10.0.22000)",
        "x-ms-client-request-id": "12c04f2e-bc74-4b75-a6cf-394540e608da"
      },
      "RequestBody": null,
      "StatusCode": 200,
      "ResponseHeaders": {
        "Cache-Control": "no-cache",
        "Content-Encoding": "gzip",
        "Content-Type": "application/json",
        "Date": "Thu, 29 Sep 2022 06:37:44 GMT",
        "Expires": "-1",
        "Pragma": "no-cache",
        "Server": "nginx",
        "Strict-Transport-Security": "max-age=31536000; includeSubDomains",
        "Transfer-Encoding": "chunked",
        "Vary": "Accept-Encoding",
        "X-Content-Type-Options": "nosniff",
        "x-ms-correlation-request-id": "7d1ef1ab-8ebd-4f65-a003-36c330ce2fa2",
        "x-ms-ratelimit-remaining-subscription-reads": "11893",
        "x-ms-request-id": "cde8b852-6fcb-42f0-9411-c9c2535712c4",
        "x-ms-routing-request-id": "SOUTHEASTASIA:20220929T063744Z:7d1ef1ab-8ebd-4f65-a003-36c330ce2fa2"
      },
      "ResponseBody": {
        "name": "5d368c59-e871-7c4c-9c61-ddf38a6b4093",
        "status": "InProgress",
        "startTime": "2022-09-29T06:37:21.2827335Z"
      }
    },
    {
      "RequestUri": "https://management.azure.com/subscriptions/azure_subscription_id/providers/Microsoft.ContainerService/locations/eastus/operations/598c365d-71e8-4c7c-9c61-ddf38a6b4093?api-version=2017-08-31",
      "RequestMethod": "GET",
      "RequestHeaders": {
        "Accept": "application/json",
        "Accept-Encoding": "gzip,deflate",
        "Authorization": "Sanitized",
        "Connection": "keep-alive",
        "User-Agent": "azsdk-js-arm-containerservice/18.0.0-beta.2 core-rest-pipeline/1.9.3 Node/v16.17.0 OS/(x64-Windows_NT-10.0.22000)",
        "x-ms-client-request-id": "c2dee291-35be-4038-b403-543842ac186d"
      },
      "RequestBody": null,
      "StatusCode": 200,
      "ResponseHeaders": {
        "Cache-Control": "no-cache",
        "Content-Encoding": "gzip",
        "Content-Type": "application/json",
        "Date": "Thu, 29 Sep 2022 06:37:47 GMT",
        "Expires": "-1",
        "Pragma": "no-cache",
        "Server": "nginx",
        "Strict-Transport-Security": "max-age=31536000; includeSubDomains",
        "Transfer-Encoding": "chunked",
        "Vary": "Accept-Encoding",
        "X-Content-Type-Options": "nosniff",
        "x-ms-correlation-request-id": "607c255d-61d8-4665-b4aa-9451abb6201d",
        "x-ms-ratelimit-remaining-subscription-reads": "11892",
        "x-ms-request-id": "866ce975-05c1-4a60-bbd1-de21e67b2ad3",
        "x-ms-routing-request-id": "SOUTHEASTASIA:20220929T063747Z:607c255d-61d8-4665-b4aa-9451abb6201d"
      },
      "ResponseBody": {
        "name": "5d368c59-e871-7c4c-9c61-ddf38a6b4093",
        "status": "InProgress",
        "startTime": "2022-09-29T06:37:21.2827335Z"
      }
    },
    {
      "RequestUri": "https://management.azure.com/subscriptions/azure_subscription_id/providers/Microsoft.ContainerService/locations/eastus/operations/598c365d-71e8-4c7c-9c61-ddf38a6b4093?api-version=2017-08-31",
      "RequestMethod": "GET",
      "RequestHeaders": {
        "Accept": "application/json",
        "Accept-Encoding": "gzip,deflate",
        "Authorization": "Sanitized",
        "Connection": "keep-alive",
        "User-Agent": "azsdk-js-arm-containerservice/18.0.0-beta.2 core-rest-pipeline/1.9.3 Node/v16.17.0 OS/(x64-Windows_NT-10.0.22000)",
        "x-ms-client-request-id": "70c3a1ab-9341-418d-85c6-3e066bbd3d3a"
      },
      "RequestBody": null,
      "StatusCode": 200,
      "ResponseHeaders": {
        "Cache-Control": "no-cache",
        "Content-Encoding": "gzip",
        "Content-Type": "application/json",
        "Date": "Thu, 29 Sep 2022 06:37:52 GMT",
        "Expires": "-1",
        "Pragma": "no-cache",
        "Server": "nginx",
        "Strict-Transport-Security": "max-age=31536000; includeSubDomains",
        "Transfer-Encoding": "chunked",
        "Vary": "Accept-Encoding",
        "X-Content-Type-Options": "nosniff",
        "x-ms-correlation-request-id": "83ebaa1e-33b4-4765-b508-58d0842f0e5d",
        "x-ms-ratelimit-remaining-subscription-reads": "11891",
        "x-ms-request-id": "2fbab84d-8cb5-4fa6-94ce-974014b39f92",
        "x-ms-routing-request-id": "SOUTHEASTASIA:20220929T063752Z:83ebaa1e-33b4-4765-b508-58d0842f0e5d"
      },
      "ResponseBody": {
        "name": "5d368c59-e871-7c4c-9c61-ddf38a6b4093",
        "status": "InProgress",
        "startTime": "2022-09-29T06:37:21.2827335Z"
      }
    },
    {
      "RequestUri": "https://management.azure.com/subscriptions/azure_subscription_id/providers/Microsoft.ContainerService/locations/eastus/operations/598c365d-71e8-4c7c-9c61-ddf38a6b4093?api-version=2017-08-31",
      "RequestMethod": "GET",
      "RequestHeaders": {
        "Accept": "application/json",
        "Accept-Encoding": "gzip,deflate",
        "Authorization": "Sanitized",
        "Connection": "keep-alive",
        "User-Agent": "azsdk-js-arm-containerservice/18.0.0-beta.2 core-rest-pipeline/1.9.3 Node/v16.17.0 OS/(x64-Windows_NT-10.0.22000)",
        "x-ms-client-request-id": "d35aa420-7d80-4460-8222-31b22ebb2111"
      },
      "RequestBody": null,
      "StatusCode": 200,
      "ResponseHeaders": {
        "Cache-Control": "no-cache",
        "Content-Encoding": "gzip",
        "Content-Type": "application/json",
        "Date": "Thu, 29 Sep 2022 06:37:55 GMT",
        "Expires": "-1",
        "Pragma": "no-cache",
        "Server": "nginx",
        "Strict-Transport-Security": "max-age=31536000; includeSubDomains",
        "Transfer-Encoding": "chunked",
        "Vary": "Accept-Encoding",
        "X-Content-Type-Options": "nosniff",
        "x-ms-correlation-request-id": "decfdb54-e4cc-434e-bac6-1f1dcb656333",
        "x-ms-ratelimit-remaining-subscription-reads": "11890",
        "x-ms-request-id": "ce9cbae3-1bb2-42b8-8641-79b18f2112f3",
        "x-ms-routing-request-id": "SOUTHEASTASIA:20220929T063755Z:decfdb54-e4cc-434e-bac6-1f1dcb656333"
      },
      "ResponseBody": {
        "name": "5d368c59-e871-7c4c-9c61-ddf38a6b4093",
        "status": "InProgress",
        "startTime": "2022-09-29T06:37:21.2827335Z"
      }
    },
    {
      "RequestUri": "https://management.azure.com/subscriptions/azure_subscription_id/providers/Microsoft.ContainerService/locations/eastus/operations/598c365d-71e8-4c7c-9c61-ddf38a6b4093?api-version=2017-08-31",
      "RequestMethod": "GET",
      "RequestHeaders": {
        "Accept": "application/json",
        "Accept-Encoding": "gzip,deflate",
        "Authorization": "Sanitized",
        "Connection": "keep-alive",
        "User-Agent": "azsdk-js-arm-containerservice/18.0.0-beta.2 core-rest-pipeline/1.9.3 Node/v16.17.0 OS/(x64-Windows_NT-10.0.22000)",
        "x-ms-client-request-id": "aa02b61f-c056-42f4-9155-d78602e53a90"
      },
      "RequestBody": null,
      "StatusCode": 200,
      "ResponseHeaders": {
        "Cache-Control": "no-cache",
        "Content-Encoding": "gzip",
        "Content-Type": "application/json",
        "Date": "Thu, 29 Sep 2022 06:37:57 GMT",
        "Expires": "-1",
        "Pragma": "no-cache",
        "Server": "nginx",
        "Strict-Transport-Security": "max-age=31536000; includeSubDomains",
        "Transfer-Encoding": "chunked",
        "Vary": "Accept-Encoding",
        "X-Content-Type-Options": "nosniff",
        "x-ms-correlation-request-id": "1e69be97-74af-4ce1-a668-5dce9bce0926",
        "x-ms-ratelimit-remaining-subscription-reads": "11889",
        "x-ms-request-id": "4f0ade91-6926-4592-b7ec-cd9deff9671d",
        "x-ms-routing-request-id": "SOUTHEASTASIA:20220929T063757Z:1e69be97-74af-4ce1-a668-5dce9bce0926"
      },
      "ResponseBody": {
        "name": "5d368c59-e871-7c4c-9c61-ddf38a6b4093",
        "status": "InProgress",
        "startTime": "2022-09-29T06:37:21.2827335Z"
      }
    },
    {
      "RequestUri": "https://management.azure.com/subscriptions/azure_subscription_id/providers/Microsoft.ContainerService/locations/eastus/operations/598c365d-71e8-4c7c-9c61-ddf38a6b4093?api-version=2017-08-31",
      "RequestMethod": "GET",
      "RequestHeaders": {
        "Accept": "application/json",
        "Accept-Encoding": "gzip,deflate",
        "Authorization": "Sanitized",
        "Connection": "keep-alive",
        "User-Agent": "azsdk-js-arm-containerservice/18.0.0-beta.2 core-rest-pipeline/1.9.3 Node/v16.17.0 OS/(x64-Windows_NT-10.0.22000)",
        "x-ms-client-request-id": "7a0cad49-f4d1-435c-8df6-1c7ceeb427ba"
      },
      "RequestBody": null,
      "StatusCode": 200,
      "ResponseHeaders": {
        "Cache-Control": "no-cache",
        "Content-Encoding": "gzip",
        "Content-Type": "application/json",
        "Date": "Thu, 29 Sep 2022 06:38:00 GMT",
        "Expires": "-1",
        "Pragma": "no-cache",
        "Server": "nginx",
        "Strict-Transport-Security": "max-age=31536000; includeSubDomains",
        "Transfer-Encoding": "chunked",
        "Vary": "Accept-Encoding",
        "X-Content-Type-Options": "nosniff",
        "x-ms-correlation-request-id": "178d0704-c59f-4cda-884f-df5f0b692c93",
        "x-ms-ratelimit-remaining-subscription-reads": "11888",
        "x-ms-request-id": "6717c828-bc9d-468d-975b-27cf8070c384",
        "x-ms-routing-request-id": "SOUTHEASTASIA:20220929T063800Z:178d0704-c59f-4cda-884f-df5f0b692c93"
      },
      "ResponseBody": {
        "name": "5d368c59-e871-7c4c-9c61-ddf38a6b4093",
        "status": "InProgress",
        "startTime": "2022-09-29T06:37:21.2827335Z"
      }
    },
    {
      "RequestUri": "https://management.azure.com/subscriptions/azure_subscription_id/providers/Microsoft.ContainerService/locations/eastus/operations/598c365d-71e8-4c7c-9c61-ddf38a6b4093?api-version=2017-08-31",
      "RequestMethod": "GET",
      "RequestHeaders": {
        "Accept": "application/json",
        "Accept-Encoding": "gzip,deflate",
        "Authorization": "Sanitized",
        "Connection": "keep-alive",
        "User-Agent": "azsdk-js-arm-containerservice/18.0.0-beta.2 core-rest-pipeline/1.9.3 Node/v16.17.0 OS/(x64-Windows_NT-10.0.22000)",
        "x-ms-client-request-id": "ec4aa195-4e80-4666-a7b5-6358eb590cf9"
      },
      "RequestBody": null,
      "StatusCode": 200,
      "ResponseHeaders": {
        "Cache-Control": "no-cache",
        "Content-Encoding": "gzip",
        "Content-Type": "application/json",
        "Date": "Thu, 29 Sep 2022 06:38:02 GMT",
        "Expires": "-1",
        "Pragma": "no-cache",
        "Server": "nginx",
        "Strict-Transport-Security": "max-age=31536000; includeSubDomains",
        "Transfer-Encoding": "chunked",
        "Vary": "Accept-Encoding",
        "X-Content-Type-Options": "nosniff",
        "x-ms-correlation-request-id": "06261b14-a51e-4465-9d4c-351a75f368cd",
        "x-ms-ratelimit-remaining-subscription-reads": "11887",
        "x-ms-request-id": "3302c1e0-ef97-44d9-8955-460bb7fecd5d",
        "x-ms-routing-request-id": "SOUTHEASTASIA:20220929T063802Z:06261b14-a51e-4465-9d4c-351a75f368cd"
      },
      "ResponseBody": {
        "name": "5d368c59-e871-7c4c-9c61-ddf38a6b4093",
        "status": "InProgress",
        "startTime": "2022-09-29T06:37:21.2827335Z"
      }
    },
    {
      "RequestUri": "https://management.azure.com/subscriptions/azure_subscription_id/providers/Microsoft.ContainerService/locations/eastus/operations/598c365d-71e8-4c7c-9c61-ddf38a6b4093?api-version=2017-08-31",
      "RequestMethod": "GET",
      "RequestHeaders": {
        "Accept": "application/json",
        "Accept-Encoding": "gzip,deflate",
        "Authorization": "Sanitized",
        "Connection": "keep-alive",
        "User-Agent": "azsdk-js-arm-containerservice/18.0.0-beta.2 core-rest-pipeline/1.9.3 Node/v16.17.0 OS/(x64-Windows_NT-10.0.22000)",
        "x-ms-client-request-id": "5f826798-4bfe-4c7d-9a4e-6ab7653fc91c"
      },
      "RequestBody": null,
      "StatusCode": 200,
      "ResponseHeaders": {
        "Cache-Control": "no-cache",
        "Content-Encoding": "gzip",
        "Content-Type": "application/json",
        "Date": "Thu, 29 Sep 2022 06:38:05 GMT",
        "Expires": "-1",
        "Pragma": "no-cache",
        "Server": "nginx",
        "Strict-Transport-Security": "max-age=31536000; includeSubDomains",
        "Transfer-Encoding": "chunked",
        "Vary": "Accept-Encoding",
        "X-Content-Type-Options": "nosniff",
        "x-ms-correlation-request-id": "7d0bd73a-761f-400c-a9b9-9df4b3f6f546",
        "x-ms-ratelimit-remaining-subscription-reads": "11886",
        "x-ms-request-id": "6c6f9bb6-92b4-4dec-bcb2-e3a62017d8a0",
        "x-ms-routing-request-id": "SOUTHEASTASIA:20220929T063805Z:7d0bd73a-761f-400c-a9b9-9df4b3f6f546"
      },
      "ResponseBody": {
        "name": "5d368c59-e871-7c4c-9c61-ddf38a6b4093",
        "status": "InProgress",
        "startTime": "2022-09-29T06:37:21.2827335Z"
      }
    },
    {
      "RequestUri": "https://management.azure.com/subscriptions/azure_subscription_id/providers/Microsoft.ContainerService/locations/eastus/operations/598c365d-71e8-4c7c-9c61-ddf38a6b4093?api-version=2017-08-31",
      "RequestMethod": "GET",
      "RequestHeaders": {
        "Accept": "application/json",
        "Accept-Encoding": "gzip,deflate",
        "Authorization": "Sanitized",
        "Connection": "keep-alive",
        "User-Agent": "azsdk-js-arm-containerservice/18.0.0-beta.2 core-rest-pipeline/1.9.3 Node/v16.17.0 OS/(x64-Windows_NT-10.0.22000)",
        "x-ms-client-request-id": "431002f2-89cd-48e3-aa84-40a02c3d5e36"
      },
      "RequestBody": null,
      "StatusCode": 200,
      "ResponseHeaders": {
        "Cache-Control": "no-cache",
        "Content-Encoding": "gzip",
        "Content-Type": "application/json",
        "Date": "Thu, 29 Sep 2022 06:38:07 GMT",
        "Expires": "-1",
        "Pragma": "no-cache",
        "Server": "nginx",
        "Strict-Transport-Security": "max-age=31536000; includeSubDomains",
        "Transfer-Encoding": "chunked",
        "Vary": "Accept-Encoding",
        "X-Content-Type-Options": "nosniff",
        "x-ms-correlation-request-id": "a5cef5ca-4067-492e-aed3-2d032dcffd0f",
        "x-ms-ratelimit-remaining-subscription-reads": "11885",
        "x-ms-request-id": "67ac1940-7e2b-4894-a237-a00fa2a68eac",
        "x-ms-routing-request-id": "SOUTHEASTASIA:20220929T063807Z:a5cef5ca-4067-492e-aed3-2d032dcffd0f"
      },
      "ResponseBody": {
        "name": "5d368c59-e871-7c4c-9c61-ddf38a6b4093",
        "status": "InProgress",
        "startTime": "2022-09-29T06:37:21.2827335Z"
      }
    },
    {
      "RequestUri": "https://management.azure.com/subscriptions/azure_subscription_id/providers/Microsoft.ContainerService/locations/eastus/operations/598c365d-71e8-4c7c-9c61-ddf38a6b4093?api-version=2017-08-31",
      "RequestMethod": "GET",
      "RequestHeaders": {
        "Accept": "application/json",
        "Accept-Encoding": "gzip,deflate",
        "Authorization": "Sanitized",
        "Connection": "keep-alive",
        "User-Agent": "azsdk-js-arm-containerservice/18.0.0-beta.2 core-rest-pipeline/1.9.3 Node/v16.17.0 OS/(x64-Windows_NT-10.0.22000)",
        "x-ms-client-request-id": "55b9dc12-27d7-49e7-a4d2-248b18ac41d5"
      },
      "RequestBody": null,
      "StatusCode": 200,
      "ResponseHeaders": {
        "Cache-Control": "no-cache",
        "Content-Encoding": "gzip",
        "Content-Type": "application/json",
        "Date": "Thu, 29 Sep 2022 06:38:10 GMT",
        "Expires": "-1",
        "Pragma": "no-cache",
        "Server": "nginx",
        "Strict-Transport-Security": "max-age=31536000; includeSubDomains",
        "Transfer-Encoding": "chunked",
        "Vary": "Accept-Encoding",
        "X-Content-Type-Options": "nosniff",
        "x-ms-correlation-request-id": "7e98e53f-7cfa-4eb8-b1ad-031bba9c1530",
        "x-ms-ratelimit-remaining-subscription-reads": "11884",
        "x-ms-request-id": "1e551b56-4b9c-4081-9b79-3619e90a6d6d",
        "x-ms-routing-request-id": "SOUTHEASTASIA:20220929T063810Z:7e98e53f-7cfa-4eb8-b1ad-031bba9c1530"
      },
      "ResponseBody": {
        "name": "5d368c59-e871-7c4c-9c61-ddf38a6b4093",
        "status": "InProgress",
        "startTime": "2022-09-29T06:37:21.2827335Z"
      }
    },
    {
      "RequestUri": "https://management.azure.com/subscriptions/azure_subscription_id/providers/Microsoft.ContainerService/locations/eastus/operations/598c365d-71e8-4c7c-9c61-ddf38a6b4093?api-version=2017-08-31",
      "RequestMethod": "GET",
      "RequestHeaders": {
        "Accept": "application/json",
        "Accept-Encoding": "gzip,deflate",
        "Authorization": "Sanitized",
        "Connection": "keep-alive",
        "User-Agent": "azsdk-js-arm-containerservice/18.0.0-beta.2 core-rest-pipeline/1.9.3 Node/v16.17.0 OS/(x64-Windows_NT-10.0.22000)",
        "x-ms-client-request-id": "3377a308-50a3-473e-bdc1-ad5f4c861e41"
      },
      "RequestBody": null,
      "StatusCode": 200,
      "ResponseHeaders": {
        "Cache-Control": "no-cache",
        "Content-Encoding": "gzip",
        "Content-Type": "application/json",
        "Date": "Thu, 29 Sep 2022 06:38:12 GMT",
        "Expires": "-1",
        "Pragma": "no-cache",
        "Server": "nginx",
        "Strict-Transport-Security": "max-age=31536000; includeSubDomains",
        "Transfer-Encoding": "chunked",
        "Vary": "Accept-Encoding",
        "X-Content-Type-Options": "nosniff",
        "x-ms-correlation-request-id": "51f0c511-d2a6-4e4e-bd96-2e8dcf6afc6d",
        "x-ms-ratelimit-remaining-subscription-reads": "11883",
        "x-ms-request-id": "a802cd7e-8874-4f25-ab8b-47a3e37dce7f",
        "x-ms-routing-request-id": "SOUTHEASTASIA:20220929T063812Z:51f0c511-d2a6-4e4e-bd96-2e8dcf6afc6d"
      },
      "ResponseBody": {
        "name": "5d368c59-e871-7c4c-9c61-ddf38a6b4093",
        "status": "InProgress",
        "startTime": "2022-09-29T06:37:21.2827335Z"
      }
    },
    {
      "RequestUri": "https://management.azure.com/subscriptions/azure_subscription_id/providers/Microsoft.ContainerService/locations/eastus/operations/598c365d-71e8-4c7c-9c61-ddf38a6b4093?api-version=2017-08-31",
      "RequestMethod": "GET",
      "RequestHeaders": {
        "Accept": "application/json",
        "Accept-Encoding": "gzip,deflate",
        "Authorization": "Sanitized",
        "Connection": "keep-alive",
        "User-Agent": "azsdk-js-arm-containerservice/18.0.0-beta.2 core-rest-pipeline/1.9.3 Node/v16.17.0 OS/(x64-Windows_NT-10.0.22000)",
        "x-ms-client-request-id": "c9a6dba9-1439-4893-96e8-b4f50f3496b3"
      },
      "RequestBody": null,
      "StatusCode": 200,
      "ResponseHeaders": {
        "Cache-Control": "no-cache",
        "Content-Encoding": "gzip",
        "Content-Type": "application/json",
        "Date": "Thu, 29 Sep 2022 06:38:14 GMT",
        "Expires": "-1",
        "Pragma": "no-cache",
        "Server": "nginx",
        "Strict-Transport-Security": "max-age=31536000; includeSubDomains",
        "Transfer-Encoding": "chunked",
        "Vary": "Accept-Encoding",
        "X-Content-Type-Options": "nosniff",
        "x-ms-correlation-request-id": "af5c928f-9c3a-4b33-a54e-0971f6986081",
        "x-ms-ratelimit-remaining-subscription-reads": "11882",
        "x-ms-request-id": "53abcd5b-d5cd-4791-af0a-59ef1d1b0315",
        "x-ms-routing-request-id": "SOUTHEASTASIA:20220929T063815Z:af5c928f-9c3a-4b33-a54e-0971f6986081"
      },
      "ResponseBody": {
        "name": "5d368c59-e871-7c4c-9c61-ddf38a6b4093",
        "status": "InProgress",
        "startTime": "2022-09-29T06:37:21.2827335Z"
      }
    },
    {
      "RequestUri": "https://management.azure.com/subscriptions/azure_subscription_id/providers/Microsoft.ContainerService/locations/eastus/operations/598c365d-71e8-4c7c-9c61-ddf38a6b4093?api-version=2017-08-31",
      "RequestMethod": "GET",
      "RequestHeaders": {
        "Accept": "application/json",
        "Accept-Encoding": "gzip,deflate",
        "Authorization": "Sanitized",
        "Connection": "keep-alive",
        "User-Agent": "azsdk-js-arm-containerservice/18.0.0-beta.2 core-rest-pipeline/1.9.3 Node/v16.17.0 OS/(x64-Windows_NT-10.0.22000)",
        "x-ms-client-request-id": "8d7e6d74-fbbf-4561-af24-d23caa7d991c"
      },
      "RequestBody": null,
      "StatusCode": 200,
      "ResponseHeaders": {
        "Cache-Control": "no-cache",
        "Content-Encoding": "gzip",
        "Content-Type": "application/json",
        "Date": "Thu, 29 Sep 2022 06:38:17 GMT",
        "Expires": "-1",
        "Pragma": "no-cache",
        "Server": "nginx",
        "Strict-Transport-Security": "max-age=31536000; includeSubDomains",
        "Transfer-Encoding": "chunked",
        "Vary": "Accept-Encoding",
        "X-Content-Type-Options": "nosniff",
        "x-ms-correlation-request-id": "5dcc99f8-fe87-49cb-b613-3ddd88b944a5",
        "x-ms-ratelimit-remaining-subscription-reads": "11881",
        "x-ms-request-id": "191a31af-6509-4f2e-9ab1-620c5c82670d",
        "x-ms-routing-request-id": "SOUTHEASTASIA:20220929T063817Z:5dcc99f8-fe87-49cb-b613-3ddd88b944a5"
      },
      "ResponseBody": {
        "name": "5d368c59-e871-7c4c-9c61-ddf38a6b4093",
        "status": "InProgress",
        "startTime": "2022-09-29T06:37:21.2827335Z"
      }
    },
    {
      "RequestUri": "https://management.azure.com/subscriptions/azure_subscription_id/providers/Microsoft.ContainerService/locations/eastus/operations/598c365d-71e8-4c7c-9c61-ddf38a6b4093?api-version=2017-08-31",
      "RequestMethod": "GET",
      "RequestHeaders": {
        "Accept": "application/json",
        "Accept-Encoding": "gzip,deflate",
        "Authorization": "Sanitized",
        "Connection": "keep-alive",
        "User-Agent": "azsdk-js-arm-containerservice/18.0.0-beta.2 core-rest-pipeline/1.9.3 Node/v16.17.0 OS/(x64-Windows_NT-10.0.22000)",
        "x-ms-client-request-id": "ee0feaf3-8cf5-42fb-85f9-6f08a06203fd"
      },
      "RequestBody": null,
      "StatusCode": 200,
      "ResponseHeaders": {
        "Cache-Control": "no-cache",
        "Content-Encoding": "gzip",
        "Content-Type": "application/json",
        "Date": "Thu, 29 Sep 2022 06:38:19 GMT",
        "Expires": "-1",
        "Pragma": "no-cache",
        "Server": "nginx",
        "Strict-Transport-Security": "max-age=31536000; includeSubDomains",
        "Transfer-Encoding": "chunked",
        "Vary": "Accept-Encoding",
        "X-Content-Type-Options": "nosniff",
        "x-ms-correlation-request-id": "dd40d583-4a26-4e0c-b2db-f21caf91ee6b",
        "x-ms-ratelimit-remaining-subscription-reads": "11880",
        "x-ms-request-id": "8ceb0fd4-a01f-4338-be80-31d5e72f9fb9",
        "x-ms-routing-request-id": "SOUTHEASTASIA:20220929T063820Z:dd40d583-4a26-4e0c-b2db-f21caf91ee6b"
      },
      "ResponseBody": {
        "name": "5d368c59-e871-7c4c-9c61-ddf38a6b4093",
        "status": "InProgress",
        "startTime": "2022-09-29T06:37:21.2827335Z"
      }
    },
    {
      "RequestUri": "https://management.azure.com/subscriptions/azure_subscription_id/providers/Microsoft.ContainerService/locations/eastus/operations/598c365d-71e8-4c7c-9c61-ddf38a6b4093?api-version=2017-08-31",
      "RequestMethod": "GET",
      "RequestHeaders": {
        "Accept": "application/json",
        "Accept-Encoding": "gzip,deflate",
        "Authorization": "Sanitized",
        "Connection": "keep-alive",
        "User-Agent": "azsdk-js-arm-containerservice/18.0.0-beta.2 core-rest-pipeline/1.9.3 Node/v16.17.0 OS/(x64-Windows_NT-10.0.22000)",
        "x-ms-client-request-id": "7af9fedd-d3c4-4e3c-9bf1-d82fe17d7827"
      },
      "RequestBody": null,
      "StatusCode": 200,
      "ResponseHeaders": {
        "Cache-Control": "no-cache",
        "Content-Encoding": "gzip",
        "Content-Type": "application/json",
        "Date": "Thu, 29 Sep 2022 06:38:22 GMT",
        "Expires": "-1",
        "Pragma": "no-cache",
        "Server": "nginx",
        "Strict-Transport-Security": "max-age=31536000; includeSubDomains",
        "Transfer-Encoding": "chunked",
        "Vary": "Accept-Encoding",
        "X-Content-Type-Options": "nosniff",
        "x-ms-correlation-request-id": "67fe6ceb-6053-40cb-bc1b-5da6006cd678",
        "x-ms-ratelimit-remaining-subscription-reads": "11879",
        "x-ms-request-id": "728aafd7-fc6f-433d-98b0-c938eb348054",
        "x-ms-routing-request-id": "SOUTHEASTASIA:20220929T063822Z:67fe6ceb-6053-40cb-bc1b-5da6006cd678"
      },
      "ResponseBody": {
        "name": "5d368c59-e871-7c4c-9c61-ddf38a6b4093",
        "status": "InProgress",
        "startTime": "2022-09-29T06:37:21.2827335Z"
      }
    },
    {
      "RequestUri": "https://management.azure.com/subscriptions/azure_subscription_id/providers/Microsoft.ContainerService/locations/eastus/operations/598c365d-71e8-4c7c-9c61-ddf38a6b4093?api-version=2017-08-31",
      "RequestMethod": "GET",
      "RequestHeaders": {
        "Accept": "application/json",
        "Accept-Encoding": "gzip,deflate",
        "Authorization": "Sanitized",
        "Connection": "keep-alive",
        "User-Agent": "azsdk-js-arm-containerservice/18.0.0-beta.2 core-rest-pipeline/1.9.3 Node/v16.17.0 OS/(x64-Windows_NT-10.0.22000)",
        "x-ms-client-request-id": "fe728ec3-9092-4a01-9cb5-e94188beee86"
      },
      "RequestBody": null,
      "StatusCode": 200,
      "ResponseHeaders": {
        "Cache-Control": "no-cache",
        "Content-Encoding": "gzip",
        "Content-Type": "application/json",
        "Date": "Thu, 29 Sep 2022 06:38:24 GMT",
        "Expires": "-1",
        "Pragma": "no-cache",
        "Server": "nginx",
        "Strict-Transport-Security": "max-age=31536000; includeSubDomains",
        "Transfer-Encoding": "chunked",
        "Vary": "Accept-Encoding",
        "X-Content-Type-Options": "nosniff",
        "x-ms-correlation-request-id": "88d02db5-6719-4b06-bdfe-03a88ddee07e",
        "x-ms-ratelimit-remaining-subscription-reads": "11878",
        "x-ms-request-id": "ce62144e-b627-4d67-b7a1-7aff5ec56884",
        "x-ms-routing-request-id": "SOUTHEASTASIA:20220929T063825Z:88d02db5-6719-4b06-bdfe-03a88ddee07e"
      },
      "ResponseBody": {
        "name": "5d368c59-e871-7c4c-9c61-ddf38a6b4093",
        "status": "InProgress",
        "startTime": "2022-09-29T06:37:21.2827335Z"
      }
    },
    {
      "RequestUri": "https://management.azure.com/subscriptions/azure_subscription_id/providers/Microsoft.ContainerService/locations/eastus/operations/598c365d-71e8-4c7c-9c61-ddf38a6b4093?api-version=2017-08-31",
      "RequestMethod": "GET",
      "RequestHeaders": {
        "Accept": "application/json",
        "Accept-Encoding": "gzip,deflate",
        "Authorization": "Sanitized",
        "Connection": "keep-alive",
        "User-Agent": "azsdk-js-arm-containerservice/18.0.0-beta.2 core-rest-pipeline/1.9.3 Node/v16.17.0 OS/(x64-Windows_NT-10.0.22000)",
        "x-ms-client-request-id": "b8a3a8c5-a4b1-49c1-b6a5-10d7735c8e1b"
      },
      "RequestBody": null,
      "StatusCode": 200,
      "ResponseHeaders": {
        "Cache-Control": "no-cache",
        "Content-Encoding": "gzip",
        "Content-Type": "application/json",
        "Date": "Thu, 29 Sep 2022 06:38:26 GMT",
        "Expires": "-1",
        "Pragma": "no-cache",
        "Server": "nginx",
        "Strict-Transport-Security": "max-age=31536000; includeSubDomains",
        "Transfer-Encoding": "chunked",
        "Vary": "Accept-Encoding",
        "X-Content-Type-Options": "nosniff",
        "x-ms-correlation-request-id": "efd14b85-94dc-42c5-ae1f-cd8ce0653d95",
        "x-ms-ratelimit-remaining-subscription-reads": "11877",
        "x-ms-request-id": "ee3fe634-8284-4e9b-ad80-63c9fa67ad01",
        "x-ms-routing-request-id": "SOUTHEASTASIA:20220929T063827Z:efd14b85-94dc-42c5-ae1f-cd8ce0653d95"
      },
      "ResponseBody": {
        "name": "5d368c59-e871-7c4c-9c61-ddf38a6b4093",
        "status": "InProgress",
        "startTime": "2022-09-29T06:37:21.2827335Z"
      }
    },
    {
      "RequestUri": "https://management.azure.com/subscriptions/azure_subscription_id/providers/Microsoft.ContainerService/locations/eastus/operations/598c365d-71e8-4c7c-9c61-ddf38a6b4093?api-version=2017-08-31",
      "RequestMethod": "GET",
      "RequestHeaders": {
        "Accept": "application/json",
        "Accept-Encoding": "gzip,deflate",
        "Authorization": "Sanitized",
        "Connection": "keep-alive",
        "User-Agent": "azsdk-js-arm-containerservice/18.0.0-beta.2 core-rest-pipeline/1.9.3 Node/v16.17.0 OS/(x64-Windows_NT-10.0.22000)",
        "x-ms-client-request-id": "7d873c46-2624-450d-815e-d9187f02123e"
      },
      "RequestBody": null,
      "StatusCode": 200,
      "ResponseHeaders": {
        "Cache-Control": "no-cache",
        "Content-Encoding": "gzip",
        "Content-Type": "application/json",
        "Date": "Thu, 29 Sep 2022 06:38:29 GMT",
        "Expires": "-1",
        "Pragma": "no-cache",
        "Server": "nginx",
        "Strict-Transport-Security": "max-age=31536000; includeSubDomains",
        "Transfer-Encoding": "chunked",
        "Vary": "Accept-Encoding",
        "X-Content-Type-Options": "nosniff",
        "x-ms-correlation-request-id": "b55b3b69-f323-47c9-a7fd-5ed4ab6bf90f",
        "x-ms-ratelimit-remaining-subscription-reads": "11876",
        "x-ms-request-id": "c5724f0c-4afc-4bfc-8971-d61bf1925cfc",
        "x-ms-routing-request-id": "SOUTHEASTASIA:20220929T063830Z:b55b3b69-f323-47c9-a7fd-5ed4ab6bf90f"
      },
      "ResponseBody": {
        "name": "5d368c59-e871-7c4c-9c61-ddf38a6b4093",
        "status": "InProgress",
        "startTime": "2022-09-29T06:37:21.2827335Z"
      }
    },
    {
      "RequestUri": "https://management.azure.com/subscriptions/azure_subscription_id/providers/Microsoft.ContainerService/locations/eastus/operations/598c365d-71e8-4c7c-9c61-ddf38a6b4093?api-version=2017-08-31",
      "RequestMethod": "GET",
      "RequestHeaders": {
        "Accept": "application/json",
        "Accept-Encoding": "gzip,deflate",
        "Authorization": "Sanitized",
        "Connection": "keep-alive",
        "User-Agent": "azsdk-js-arm-containerservice/18.0.0-beta.2 core-rest-pipeline/1.9.3 Node/v16.17.0 OS/(x64-Windows_NT-10.0.22000)",
        "x-ms-client-request-id": "0f9f4fe7-13ad-436a-82a3-b377c8a72599"
      },
      "RequestBody": null,
      "StatusCode": 200,
      "ResponseHeaders": {
        "Cache-Control": "no-cache",
        "Content-Encoding": "gzip",
        "Content-Type": "application/json",
        "Date": "Thu, 29 Sep 2022 06:38:31 GMT",
        "Expires": "-1",
        "Pragma": "no-cache",
        "Server": "nginx",
        "Strict-Transport-Security": "max-age=31536000; includeSubDomains",
        "Transfer-Encoding": "chunked",
        "Vary": "Accept-Encoding",
        "X-Content-Type-Options": "nosniff",
        "x-ms-correlation-request-id": "e7cb67fe-5017-418b-b030-0465440088d9",
        "x-ms-ratelimit-remaining-subscription-reads": "11875",
        "x-ms-request-id": "b272a22d-ca3b-4dcf-9de5-b84729a00d78",
        "x-ms-routing-request-id": "SOUTHEASTASIA:20220929T063832Z:e7cb67fe-5017-418b-b030-0465440088d9"
      },
      "ResponseBody": {
        "name": "5d368c59-e871-7c4c-9c61-ddf38a6b4093",
        "status": "InProgress",
        "startTime": "2022-09-29T06:37:21.2827335Z"
      }
    },
    {
      "RequestUri": "https://management.azure.com/subscriptions/azure_subscription_id/providers/Microsoft.ContainerService/locations/eastus/operations/598c365d-71e8-4c7c-9c61-ddf38a6b4093?api-version=2017-08-31",
      "RequestMethod": "GET",
      "RequestHeaders": {
        "Accept": "application/json",
        "Accept-Encoding": "gzip,deflate",
        "Authorization": "Sanitized",
        "Connection": "keep-alive",
        "User-Agent": "azsdk-js-arm-containerservice/18.0.0-beta.2 core-rest-pipeline/1.9.3 Node/v16.17.0 OS/(x64-Windows_NT-10.0.22000)",
        "x-ms-client-request-id": "1b3a39db-0cbb-40e8-96ed-661606b7d77b"
      },
      "RequestBody": null,
      "StatusCode": 200,
      "ResponseHeaders": {
        "Cache-Control": "no-cache",
        "Content-Encoding": "gzip",
        "Content-Type": "application/json",
        "Date": "Thu, 29 Sep 2022 06:38:34 GMT",
        "Expires": "-1",
        "Pragma": "no-cache",
        "Server": "nginx",
        "Strict-Transport-Security": "max-age=31536000; includeSubDomains",
        "Transfer-Encoding": "chunked",
        "Vary": "Accept-Encoding",
        "X-Content-Type-Options": "nosniff",
        "x-ms-correlation-request-id": "5fc139b7-4513-41b2-90b5-03198643ade3",
        "x-ms-ratelimit-remaining-subscription-reads": "11874",
        "x-ms-request-id": "a6a1b6a0-5bcc-44ce-8861-75c6be7433ef",
        "x-ms-routing-request-id": "SOUTHEASTASIA:20220929T063835Z:5fc139b7-4513-41b2-90b5-03198643ade3"
      },
      "ResponseBody": {
        "name": "5d368c59-e871-7c4c-9c61-ddf38a6b4093",
        "status": "InProgress",
        "startTime": "2022-09-29T06:37:21.2827335Z"
      }
    },
    {
      "RequestUri": "https://management.azure.com/subscriptions/azure_subscription_id/providers/Microsoft.ContainerService/locations/eastus/operations/598c365d-71e8-4c7c-9c61-ddf38a6b4093?api-version=2017-08-31",
      "RequestMethod": "GET",
      "RequestHeaders": {
        "Accept": "application/json",
        "Accept-Encoding": "gzip,deflate",
        "Authorization": "Sanitized",
        "Connection": "keep-alive",
        "User-Agent": "azsdk-js-arm-containerservice/18.0.0-beta.2 core-rest-pipeline/1.9.3 Node/v16.17.0 OS/(x64-Windows_NT-10.0.22000)",
        "x-ms-client-request-id": "ec82587f-a0e0-4113-b8d4-14dba38b2c8c"
      },
      "RequestBody": null,
      "StatusCode": 200,
      "ResponseHeaders": {
        "Cache-Control": "no-cache",
        "Content-Encoding": "gzip",
        "Content-Type": "application/json",
        "Date": "Thu, 29 Sep 2022 06:38:36 GMT",
        "Expires": "-1",
        "Pragma": "no-cache",
        "Server": "nginx",
        "Strict-Transport-Security": "max-age=31536000; includeSubDomains",
        "Transfer-Encoding": "chunked",
        "Vary": "Accept-Encoding",
        "X-Content-Type-Options": "nosniff",
        "x-ms-correlation-request-id": "78b15b92-f1e0-478e-b555-715feccb8b3a",
        "x-ms-ratelimit-remaining-subscription-reads": "11873",
        "x-ms-request-id": "57084c3a-5ca1-4b1c-90f8-e964b5627602",
        "x-ms-routing-request-id": "SOUTHEASTASIA:20220929T063837Z:78b15b92-f1e0-478e-b555-715feccb8b3a"
      },
      "ResponseBody": {
        "name": "5d368c59-e871-7c4c-9c61-ddf38a6b4093",
        "status": "InProgress",
        "startTime": "2022-09-29T06:37:21.2827335Z"
      }
    },
    {
      "RequestUri": "https://management.azure.com/subscriptions/azure_subscription_id/providers/Microsoft.ContainerService/locations/eastus/operations/598c365d-71e8-4c7c-9c61-ddf38a6b4093?api-version=2017-08-31",
      "RequestMethod": "GET",
      "RequestHeaders": {
        "Accept": "application/json",
        "Accept-Encoding": "gzip,deflate",
        "Authorization": "Sanitized",
        "Connection": "keep-alive",
        "User-Agent": "azsdk-js-arm-containerservice/18.0.0-beta.2 core-rest-pipeline/1.9.3 Node/v16.17.0 OS/(x64-Windows_NT-10.0.22000)",
        "x-ms-client-request-id": "18fe872e-57ef-492d-9f7b-16b737d96b8c"
      },
      "RequestBody": null,
      "StatusCode": 200,
      "ResponseHeaders": {
        "Cache-Control": "no-cache",
        "Content-Encoding": "gzip",
        "Content-Type": "application/json",
        "Date": "Thu, 29 Sep 2022 06:38:39 GMT",
        "Expires": "-1",
        "Pragma": "no-cache",
        "Server": "nginx",
        "Strict-Transport-Security": "max-age=31536000; includeSubDomains",
        "Transfer-Encoding": "chunked",
        "Vary": "Accept-Encoding",
        "X-Content-Type-Options": "nosniff",
        "x-ms-correlation-request-id": "c2762305-64a2-49d4-85d2-83e1a6a47fee",
        "x-ms-ratelimit-remaining-subscription-reads": "11872",
        "x-ms-request-id": "05b6ccef-efd6-462a-9fda-4446dd0364a8",
        "x-ms-routing-request-id": "SOUTHEASTASIA:20220929T063839Z:c2762305-64a2-49d4-85d2-83e1a6a47fee"
      },
      "ResponseBody": {
        "name": "5d368c59-e871-7c4c-9c61-ddf38a6b4093",
        "status": "InProgress",
        "startTime": "2022-09-29T06:37:21.2827335Z"
      }
    },
    {
      "RequestUri": "https://management.azure.com/subscriptions/azure_subscription_id/providers/Microsoft.ContainerService/locations/eastus/operations/598c365d-71e8-4c7c-9c61-ddf38a6b4093?api-version=2017-08-31",
      "RequestMethod": "GET",
      "RequestHeaders": {
        "Accept": "application/json",
        "Accept-Encoding": "gzip,deflate",
        "Authorization": "Sanitized",
        "Connection": "keep-alive",
        "User-Agent": "azsdk-js-arm-containerservice/18.0.0-beta.2 core-rest-pipeline/1.9.3 Node/v16.17.0 OS/(x64-Windows_NT-10.0.22000)",
        "x-ms-client-request-id": "faf45006-e51e-423b-85c4-d6e75e696b4f"
      },
      "RequestBody": null,
      "StatusCode": 200,
      "ResponseHeaders": {
        "Cache-Control": "no-cache",
        "Content-Encoding": "gzip",
        "Content-Type": "application/json",
        "Date": "Thu, 29 Sep 2022 06:38:41 GMT",
        "Expires": "-1",
        "Pragma": "no-cache",
        "Server": "nginx",
        "Strict-Transport-Security": "max-age=31536000; includeSubDomains",
        "Transfer-Encoding": "chunked",
        "Vary": "Accept-Encoding",
        "X-Content-Type-Options": "nosniff",
        "x-ms-correlation-request-id": "40aeba32-60fc-4707-aaa0-a9e80233e5d8",
        "x-ms-ratelimit-remaining-subscription-reads": "11871",
        "x-ms-request-id": "9e1d35b0-d835-494d-9a07-cc3c311cb684",
        "x-ms-routing-request-id": "SOUTHEASTASIA:20220929T063842Z:40aeba32-60fc-4707-aaa0-a9e80233e5d8"
      },
      "ResponseBody": {
        "name": "5d368c59-e871-7c4c-9c61-ddf38a6b4093",
        "status": "InProgress",
        "startTime": "2022-09-29T06:37:21.2827335Z"
      }
    },
    {
      "RequestUri": "https://management.azure.com/subscriptions/azure_subscription_id/providers/Microsoft.ContainerService/locations/eastus/operations/598c365d-71e8-4c7c-9c61-ddf38a6b4093?api-version=2017-08-31",
      "RequestMethod": "GET",
      "RequestHeaders": {
        "Accept": "application/json",
        "Accept-Encoding": "gzip,deflate",
        "Authorization": "Sanitized",
        "Connection": "keep-alive",
        "User-Agent": "azsdk-js-arm-containerservice/18.0.0-beta.2 core-rest-pipeline/1.9.3 Node/v16.17.0 OS/(x64-Windows_NT-10.0.22000)",
        "x-ms-client-request-id": "2b4e5b1d-f2da-4386-a774-3e0a225ff3a3"
      },
      "RequestBody": null,
      "StatusCode": 200,
      "ResponseHeaders": {
        "Cache-Control": "no-cache",
        "Content-Encoding": "gzip",
        "Content-Type": "application/json",
        "Date": "Thu, 29 Sep 2022 06:38:44 GMT",
        "Expires": "-1",
        "Pragma": "no-cache",
        "Server": "nginx",
        "Strict-Transport-Security": "max-age=31536000; includeSubDomains",
        "Transfer-Encoding": "chunked",
        "Vary": "Accept-Encoding",
        "X-Content-Type-Options": "nosniff",
        "x-ms-correlation-request-id": "6b8f1a45-8be3-4f8c-b793-16171df6a96d",
        "x-ms-ratelimit-remaining-subscription-reads": "11870",
        "x-ms-request-id": "5eab1147-778c-4d56-8144-bec85282533c",
        "x-ms-routing-request-id": "SOUTHEASTASIA:20220929T063844Z:6b8f1a45-8be3-4f8c-b793-16171df6a96d"
      },
      "ResponseBody": {
        "name": "5d368c59-e871-7c4c-9c61-ddf38a6b4093",
        "status": "InProgress",
        "startTime": "2022-09-29T06:37:21.2827335Z"
      }
    },
    {
      "RequestUri": "https://management.azure.com/subscriptions/azure_subscription_id/providers/Microsoft.ContainerService/locations/eastus/operations/598c365d-71e8-4c7c-9c61-ddf38a6b4093?api-version=2017-08-31",
      "RequestMethod": "GET",
      "RequestHeaders": {
        "Accept": "application/json",
        "Accept-Encoding": "gzip,deflate",
        "Authorization": "Sanitized",
        "Connection": "keep-alive",
        "User-Agent": "azsdk-js-arm-containerservice/18.0.0-beta.2 core-rest-pipeline/1.9.3 Node/v16.17.0 OS/(x64-Windows_NT-10.0.22000)",
        "x-ms-client-request-id": "77722ca0-e536-4a26-9505-d1f7381ff901"
      },
      "RequestBody": null,
      "StatusCode": 200,
      "ResponseHeaders": {
        "Cache-Control": "no-cache",
        "Content-Encoding": "gzip",
        "Content-Type": "application/json",
        "Date": "Thu, 29 Sep 2022 06:38:46 GMT",
        "Expires": "-1",
        "Pragma": "no-cache",
        "Server": "nginx",
        "Strict-Transport-Security": "max-age=31536000; includeSubDomains",
        "Transfer-Encoding": "chunked",
        "Vary": "Accept-Encoding",
        "X-Content-Type-Options": "nosniff",
        "x-ms-correlation-request-id": "5c989bd2-35ef-4baa-bccb-c53c55b4a0ee",
        "x-ms-ratelimit-remaining-subscription-reads": "11869",
        "x-ms-request-id": "9771de19-cbf4-4308-ade9-4e4daafc76ee",
        "x-ms-routing-request-id": "SOUTHEASTASIA:20220929T063847Z:5c989bd2-35ef-4baa-bccb-c53c55b4a0ee"
      },
      "ResponseBody": {
        "name": "5d368c59-e871-7c4c-9c61-ddf38a6b4093",
        "status": "InProgress",
        "startTime": "2022-09-29T06:37:21.2827335Z"
      }
    },
    {
      "RequestUri": "https://management.azure.com/subscriptions/azure_subscription_id/providers/Microsoft.ContainerService/locations/eastus/operations/598c365d-71e8-4c7c-9c61-ddf38a6b4093?api-version=2017-08-31",
      "RequestMethod": "GET",
      "RequestHeaders": {
        "Accept": "application/json",
        "Accept-Encoding": "gzip,deflate",
        "Authorization": "Sanitized",
        "Connection": "keep-alive",
        "User-Agent": "azsdk-js-arm-containerservice/18.0.0-beta.2 core-rest-pipeline/1.9.3 Node/v16.17.0 OS/(x64-Windows_NT-10.0.22000)",
        "x-ms-client-request-id": "ef9ae9f0-13a6-4c69-9ee8-6ea66b093ad5"
      },
      "RequestBody": null,
      "StatusCode": 200,
      "ResponseHeaders": {
        "Cache-Control": "no-cache",
        "Content-Encoding": "gzip",
        "Content-Type": "application/json",
        "Date": "Thu, 29 Sep 2022 06:38:51 GMT",
        "Expires": "-1",
        "Pragma": "no-cache",
        "Server": "nginx",
        "Strict-Transport-Security": "max-age=31536000; includeSubDomains",
        "Transfer-Encoding": "chunked",
        "Vary": "Accept-Encoding",
        "X-Content-Type-Options": "nosniff",
        "x-ms-correlation-request-id": "33f702e4-994b-4f5c-bc06-479e94e141ad",
        "x-ms-ratelimit-remaining-subscription-reads": "11868",
        "x-ms-request-id": "0163b766-b0cf-4493-9a5e-2da32d7ff775",
        "x-ms-routing-request-id": "SOUTHEASTASIA:20220929T063852Z:33f702e4-994b-4f5c-bc06-479e94e141ad"
      },
      "ResponseBody": {
        "name": "5d368c59-e871-7c4c-9c61-ddf38a6b4093",
        "status": "InProgress",
        "startTime": "2022-09-29T06:37:21.2827335Z"
      }
    },
    {
      "RequestUri": "https://management.azure.com/subscriptions/azure_subscription_id/providers/Microsoft.ContainerService/locations/eastus/operations/598c365d-71e8-4c7c-9c61-ddf38a6b4093?api-version=2017-08-31",
      "RequestMethod": "GET",
      "RequestHeaders": {
        "Accept": "application/json",
        "Accept-Encoding": "gzip,deflate",
        "Authorization": "Sanitized",
        "Connection": "keep-alive",
        "User-Agent": "azsdk-js-arm-containerservice/18.0.0-beta.2 core-rest-pipeline/1.9.3 Node/v16.17.0 OS/(x64-Windows_NT-10.0.22000)",
        "x-ms-client-request-id": "621d6a94-d66d-4794-85b6-f19cebd35f5d"
      },
      "RequestBody": null,
      "StatusCode": 200,
      "ResponseHeaders": {
        "Cache-Control": "no-cache",
        "Content-Encoding": "gzip",
        "Content-Type": "application/json",
        "Date": "Thu, 29 Sep 2022 06:38:53 GMT",
        "Expires": "-1",
        "Pragma": "no-cache",
        "Server": "nginx",
        "Strict-Transport-Security": "max-age=31536000; includeSubDomains",
        "Transfer-Encoding": "chunked",
        "Vary": "Accept-Encoding",
        "X-Content-Type-Options": "nosniff",
        "x-ms-correlation-request-id": "7e08d421-c86d-4349-914a-fc4692121dbb",
        "x-ms-ratelimit-remaining-subscription-reads": "11867",
        "x-ms-request-id": "ab5d1e6c-136c-4a9a-9c04-82e27ea911a3",
        "x-ms-routing-request-id": "SOUTHEASTASIA:20220929T063854Z:7e08d421-c86d-4349-914a-fc4692121dbb"
      },
      "ResponseBody": {
        "name": "5d368c59-e871-7c4c-9c61-ddf38a6b4093",
        "status": "InProgress",
        "startTime": "2022-09-29T06:37:21.2827335Z"
      }
    },
    {
      "RequestUri": "https://management.azure.com/subscriptions/azure_subscription_id/providers/Microsoft.ContainerService/locations/eastus/operations/598c365d-71e8-4c7c-9c61-ddf38a6b4093?api-version=2017-08-31",
      "RequestMethod": "GET",
      "RequestHeaders": {
        "Accept": "application/json",
        "Accept-Encoding": "gzip,deflate",
        "Authorization": "Sanitized",
        "Connection": "keep-alive",
        "User-Agent": "azsdk-js-arm-containerservice/18.0.0-beta.2 core-rest-pipeline/1.9.3 Node/v16.17.0 OS/(x64-Windows_NT-10.0.22000)",
        "x-ms-client-request-id": "57dfbdff-8674-4312-a2a3-b07ed01bbdbe"
      },
      "RequestBody": null,
      "StatusCode": 200,
      "ResponseHeaders": {
        "Cache-Control": "no-cache",
        "Content-Encoding": "gzip",
        "Content-Type": "application/json",
        "Date": "Thu, 29 Sep 2022 06:38:56 GMT",
        "Expires": "-1",
        "Pragma": "no-cache",
        "Server": "nginx",
        "Strict-Transport-Security": "max-age=31536000; includeSubDomains",
        "Transfer-Encoding": "chunked",
        "Vary": "Accept-Encoding",
        "X-Content-Type-Options": "nosniff",
        "x-ms-correlation-request-id": "cf35967b-8919-498b-bb47-922171d2622d",
        "x-ms-ratelimit-remaining-subscription-reads": "11866",
        "x-ms-request-id": "cdfd6f46-f8c7-44ec-b67a-5819966ef48b",
        "x-ms-routing-request-id": "SOUTHEASTASIA:20220929T063857Z:cf35967b-8919-498b-bb47-922171d2622d"
      },
      "ResponseBody": {
        "name": "5d368c59-e871-7c4c-9c61-ddf38a6b4093",
        "status": "InProgress",
        "startTime": "2022-09-29T06:37:21.2827335Z"
      }
    },
    {
      "RequestUri": "https://management.azure.com/subscriptions/azure_subscription_id/providers/Microsoft.ContainerService/locations/eastus/operations/598c365d-71e8-4c7c-9c61-ddf38a6b4093?api-version=2017-08-31",
      "RequestMethod": "GET",
      "RequestHeaders": {
        "Accept": "application/json",
        "Accept-Encoding": "gzip,deflate",
        "Authorization": "Sanitized",
        "Connection": "keep-alive",
        "User-Agent": "azsdk-js-arm-containerservice/18.0.0-beta.2 core-rest-pipeline/1.9.3 Node/v16.17.0 OS/(x64-Windows_NT-10.0.22000)",
        "x-ms-client-request-id": "0cf8c342-21cd-4862-bbe8-ec3e499e2083"
      },
      "RequestBody": null,
      "StatusCode": 200,
      "ResponseHeaders": {
        "Cache-Control": "no-cache",
        "Content-Encoding": "gzip",
        "Content-Type": "application/json",
        "Date": "Thu, 29 Sep 2022 06:38:58 GMT",
        "Expires": "-1",
        "Pragma": "no-cache",
        "Server": "nginx",
        "Strict-Transport-Security": "max-age=31536000; includeSubDomains",
        "Transfer-Encoding": "chunked",
        "Vary": "Accept-Encoding",
        "X-Content-Type-Options": "nosniff",
        "x-ms-correlation-request-id": "6fa249b1-d5e7-437f-8e14-fd13a36a49ac",
        "x-ms-ratelimit-remaining-subscription-reads": "11865",
        "x-ms-request-id": "12744131-b43f-4c95-9635-fde1047ca5c8",
        "x-ms-routing-request-id": "SOUTHEASTASIA:20220929T063859Z:6fa249b1-d5e7-437f-8e14-fd13a36a49ac"
      },
      "ResponseBody": {
        "name": "5d368c59-e871-7c4c-9c61-ddf38a6b4093",
        "status": "InProgress",
        "startTime": "2022-09-29T06:37:21.2827335Z"
      }
    },
    {
      "RequestUri": "https://management.azure.com/subscriptions/azure_subscription_id/providers/Microsoft.ContainerService/locations/eastus/operations/598c365d-71e8-4c7c-9c61-ddf38a6b4093?api-version=2017-08-31",
      "RequestMethod": "GET",
      "RequestHeaders": {
        "Accept": "application/json",
        "Accept-Encoding": "gzip,deflate",
        "Authorization": "Sanitized",
        "Connection": "keep-alive",
        "User-Agent": "azsdk-js-arm-containerservice/18.0.0-beta.2 core-rest-pipeline/1.9.3 Node/v16.17.0 OS/(x64-Windows_NT-10.0.22000)",
        "x-ms-client-request-id": "a42d0864-3b24-4138-aa9c-b76cdd01d54f"
      },
      "RequestBody": null,
      "StatusCode": 200,
      "ResponseHeaders": {
        "Cache-Control": "no-cache",
        "Content-Encoding": "gzip",
        "Content-Type": "application/json",
        "Date": "Thu, 29 Sep 2022 06:39:01 GMT",
        "Expires": "-1",
        "Pragma": "no-cache",
        "Server": "nginx",
        "Strict-Transport-Security": "max-age=31536000; includeSubDomains",
        "Transfer-Encoding": "chunked",
        "Vary": "Accept-Encoding",
        "X-Content-Type-Options": "nosniff",
        "x-ms-correlation-request-id": "610b9042-878d-408f-a481-ed523def07c3",
        "x-ms-ratelimit-remaining-subscription-reads": "11864",
        "x-ms-request-id": "a44e59d1-9db6-48ab-b084-f1ed2dfb25cc",
        "x-ms-routing-request-id": "SOUTHEASTASIA:20220929T063902Z:610b9042-878d-408f-a481-ed523def07c3"
      },
      "ResponseBody": {
        "name": "5d368c59-e871-7c4c-9c61-ddf38a6b4093",
        "status": "InProgress",
        "startTime": "2022-09-29T06:37:21.2827335Z"
      }
    },
    {
      "RequestUri": "https://management.azure.com/subscriptions/azure_subscription_id/providers/Microsoft.ContainerService/locations/eastus/operations/598c365d-71e8-4c7c-9c61-ddf38a6b4093?api-version=2017-08-31",
      "RequestMethod": "GET",
      "RequestHeaders": {
        "Accept": "application/json",
        "Accept-Encoding": "gzip,deflate",
        "Authorization": "Sanitized",
        "Connection": "keep-alive",
        "User-Agent": "azsdk-js-arm-containerservice/18.0.0-beta.2 core-rest-pipeline/1.9.3 Node/v16.17.0 OS/(x64-Windows_NT-10.0.22000)",
        "x-ms-client-request-id": "dbb66b15-1a0f-4757-bbe2-82402c350e70"
      },
      "RequestBody": null,
      "StatusCode": 200,
      "ResponseHeaders": {
        "Cache-Control": "no-cache",
        "Content-Encoding": "gzip",
        "Content-Type": "application/json",
        "Date": "Thu, 29 Sep 2022 06:39:03 GMT",
        "Expires": "-1",
        "Pragma": "no-cache",
        "Server": "nginx",
        "Strict-Transport-Security": "max-age=31536000; includeSubDomains",
        "Transfer-Encoding": "chunked",
        "Vary": "Accept-Encoding",
        "X-Content-Type-Options": "nosniff",
        "x-ms-correlation-request-id": "cb0d1705-340b-4ee3-9cc0-6e86b0762813",
        "x-ms-ratelimit-remaining-subscription-reads": "11863",
        "x-ms-request-id": "21cce2ed-19b5-4c64-8a88-fe7e6bd3b8dc",
        "x-ms-routing-request-id": "SOUTHEASTASIA:20220929T063904Z:cb0d1705-340b-4ee3-9cc0-6e86b0762813"
      },
      "ResponseBody": {
        "name": "5d368c59-e871-7c4c-9c61-ddf38a6b4093",
        "status": "InProgress",
        "startTime": "2022-09-29T06:37:21.2827335Z"
      }
    },
    {
      "RequestUri": "https://management.azure.com/subscriptions/azure_subscription_id/providers/Microsoft.ContainerService/locations/eastus/operations/598c365d-71e8-4c7c-9c61-ddf38a6b4093?api-version=2017-08-31",
      "RequestMethod": "GET",
      "RequestHeaders": {
        "Accept": "application/json",
        "Accept-Encoding": "gzip,deflate",
        "Authorization": "Sanitized",
        "Connection": "keep-alive",
        "User-Agent": "azsdk-js-arm-containerservice/18.0.0-beta.2 core-rest-pipeline/1.9.3 Node/v16.17.0 OS/(x64-Windows_NT-10.0.22000)",
        "x-ms-client-request-id": "c24a81fb-5aa3-46ae-81c7-ba4140232c31"
      },
      "RequestBody": null,
      "StatusCode": 200,
      "ResponseHeaders": {
        "Cache-Control": "no-cache",
        "Content-Encoding": "gzip",
        "Content-Type": "application/json",
        "Date": "Thu, 29 Sep 2022 06:39:06 GMT",
        "Expires": "-1",
        "Pragma": "no-cache",
        "Server": "nginx",
        "Strict-Transport-Security": "max-age=31536000; includeSubDomains",
        "Transfer-Encoding": "chunked",
        "Vary": "Accept-Encoding",
        "X-Content-Type-Options": "nosniff",
        "x-ms-correlation-request-id": "430354fb-3381-4d68-b0b0-a69d09e33d4d",
        "x-ms-ratelimit-remaining-subscription-reads": "11862",
        "x-ms-request-id": "b7ac3466-3ab0-46a0-abc0-4c79ee9ccefd",
        "x-ms-routing-request-id": "SOUTHEASTASIA:20220929T063907Z:430354fb-3381-4d68-b0b0-a69d09e33d4d"
      },
      "ResponseBody": {
        "name": "5d368c59-e871-7c4c-9c61-ddf38a6b4093",
        "status": "InProgress",
        "startTime": "2022-09-29T06:37:21.2827335Z"
      }
    },
    {
      "RequestUri": "https://management.azure.com/subscriptions/azure_subscription_id/providers/Microsoft.ContainerService/locations/eastus/operations/598c365d-71e8-4c7c-9c61-ddf38a6b4093?api-version=2017-08-31",
      "RequestMethod": "GET",
      "RequestHeaders": {
        "Accept": "application/json",
        "Accept-Encoding": "gzip,deflate",
        "Authorization": "Sanitized",
        "Connection": "keep-alive",
        "User-Agent": "azsdk-js-arm-containerservice/18.0.0-beta.2 core-rest-pipeline/1.9.3 Node/v16.17.0 OS/(x64-Windows_NT-10.0.22000)",
        "x-ms-client-request-id": "738e5afc-15e7-47aa-9e51-cbeae5110d20"
      },
      "RequestBody": null,
      "StatusCode": 200,
      "ResponseHeaders": {
        "Cache-Control": "no-cache",
        "Content-Encoding": "gzip",
        "Content-Type": "application/json",
        "Date": "Thu, 29 Sep 2022 06:39:08 GMT",
        "Expires": "-1",
        "Pragma": "no-cache",
        "Server": "nginx",
        "Strict-Transport-Security": "max-age=31536000; includeSubDomains",
        "Transfer-Encoding": "chunked",
        "Vary": "Accept-Encoding",
        "X-Content-Type-Options": "nosniff",
        "x-ms-correlation-request-id": "8d7238bc-6e83-464c-8322-5828caedf015",
        "x-ms-ratelimit-remaining-subscription-reads": "11861",
        "x-ms-request-id": "fa1d9e36-ee3b-4892-960a-a5a9f33a7257",
        "x-ms-routing-request-id": "SOUTHEASTASIA:20220929T063909Z:8d7238bc-6e83-464c-8322-5828caedf015"
      },
      "ResponseBody": {
        "name": "5d368c59-e871-7c4c-9c61-ddf38a6b4093",
        "status": "InProgress",
        "startTime": "2022-09-29T06:37:21.2827335Z"
      }
    },
    {
      "RequestUri": "https://management.azure.com/subscriptions/azure_subscription_id/providers/Microsoft.ContainerService/locations/eastus/operations/598c365d-71e8-4c7c-9c61-ddf38a6b4093?api-version=2017-08-31",
      "RequestMethod": "GET",
      "RequestHeaders": {
        "Accept": "application/json",
        "Accept-Encoding": "gzip,deflate",
        "Authorization": "Sanitized",
        "Connection": "keep-alive",
        "User-Agent": "azsdk-js-arm-containerservice/18.0.0-beta.2 core-rest-pipeline/1.9.3 Node/v16.17.0 OS/(x64-Windows_NT-10.0.22000)",
        "x-ms-client-request-id": "7b3db97c-cb8a-4cae-9cff-89f5a0831948"
      },
      "RequestBody": null,
      "StatusCode": 200,
      "ResponseHeaders": {
        "Cache-Control": "no-cache",
        "Content-Encoding": "gzip",
        "Content-Type": "application/json",
        "Date": "Thu, 29 Sep 2022 06:39:11 GMT",
        "Expires": "-1",
        "Pragma": "no-cache",
        "Server": "nginx",
        "Strict-Transport-Security": "max-age=31536000; includeSubDomains",
        "Transfer-Encoding": "chunked",
        "Vary": "Accept-Encoding",
        "X-Content-Type-Options": "nosniff",
        "x-ms-correlation-request-id": "85e0e154-4e50-487d-93dc-28f6b382f291",
        "x-ms-ratelimit-remaining-subscription-reads": "11860",
        "x-ms-request-id": "d2cf3acc-4138-4fd8-91a2-a862ee5e83d6",
        "x-ms-routing-request-id": "SOUTHEASTASIA:20220929T063912Z:85e0e154-4e50-487d-93dc-28f6b382f291"
      },
      "ResponseBody": {
        "name": "5d368c59-e871-7c4c-9c61-ddf38a6b4093",
        "status": "InProgress",
        "startTime": "2022-09-29T06:37:21.2827335Z"
      }
    },
    {
      "RequestUri": "https://management.azure.com/subscriptions/azure_subscription_id/providers/Microsoft.ContainerService/locations/eastus/operations/598c365d-71e8-4c7c-9c61-ddf38a6b4093?api-version=2017-08-31",
      "RequestMethod": "GET",
      "RequestHeaders": {
        "Accept": "application/json",
        "Accept-Encoding": "gzip,deflate",
        "Authorization": "Sanitized",
        "Connection": "keep-alive",
        "User-Agent": "azsdk-js-arm-containerservice/18.0.0-beta.2 core-rest-pipeline/1.9.3 Node/v16.17.0 OS/(x64-Windows_NT-10.0.22000)",
        "x-ms-client-request-id": "5c4a9d79-6c3d-4c45-8ad2-777c74545b0a"
      },
      "RequestBody": null,
      "StatusCode": 200,
      "ResponseHeaders": {
        "Cache-Control": "no-cache",
        "Content-Encoding": "gzip",
        "Content-Type": "application/json",
        "Date": "Thu, 29 Sep 2022 06:39:15 GMT",
        "Expires": "-1",
        "Pragma": "no-cache",
        "Server": "nginx",
        "Strict-Transport-Security": "max-age=31536000; includeSubDomains",
        "Transfer-Encoding": "chunked",
        "Vary": "Accept-Encoding",
        "X-Content-Type-Options": "nosniff",
        "x-ms-correlation-request-id": "4d3b6661-19fe-41bf-8676-939ffc3b4ecd",
        "x-ms-ratelimit-remaining-subscription-reads": "11859",
        "x-ms-request-id": "68de1994-4316-47ed-8f22-f9d1c7d18f08",
        "x-ms-routing-request-id": "SOUTHEASTASIA:20220929T063915Z:4d3b6661-19fe-41bf-8676-939ffc3b4ecd"
      },
      "ResponseBody": {
        "name": "5d368c59-e871-7c4c-9c61-ddf38a6b4093",
        "status": "InProgress",
        "startTime": "2022-09-29T06:37:21.2827335Z"
      }
    },
    {
      "RequestUri": "https://management.azure.com/subscriptions/azure_subscription_id/providers/Microsoft.ContainerService/locations/eastus/operations/598c365d-71e8-4c7c-9c61-ddf38a6b4093?api-version=2017-08-31",
      "RequestMethod": "GET",
      "RequestHeaders": {
        "Accept": "application/json",
        "Accept-Encoding": "gzip,deflate",
        "Authorization": "Sanitized",
        "Connection": "keep-alive",
        "User-Agent": "azsdk-js-arm-containerservice/18.0.0-beta.2 core-rest-pipeline/1.9.3 Node/v16.17.0 OS/(x64-Windows_NT-10.0.22000)",
        "x-ms-client-request-id": "76b31934-3778-4be9-b032-db1a2b15615c"
      },
      "RequestBody": null,
      "StatusCode": 200,
      "ResponseHeaders": {
        "Cache-Control": "no-cache",
        "Content-Encoding": "gzip",
        "Content-Type": "application/json",
        "Date": "Thu, 29 Sep 2022 06:39:17 GMT",
        "Expires": "-1",
        "Pragma": "no-cache",
        "Server": "nginx",
        "Strict-Transport-Security": "max-age=31536000; includeSubDomains",
        "Transfer-Encoding": "chunked",
        "Vary": "Accept-Encoding",
        "X-Content-Type-Options": "nosniff",
        "x-ms-correlation-request-id": "710243e1-5d95-40b6-81ee-1774d4575965",
        "x-ms-ratelimit-remaining-subscription-reads": "11858",
        "x-ms-request-id": "a8cc9924-9eda-4797-9ad4-20990faf9acd",
        "x-ms-routing-request-id": "SOUTHEASTASIA:20220929T063917Z:710243e1-5d95-40b6-81ee-1774d4575965"
      },
      "ResponseBody": {
        "name": "5d368c59-e871-7c4c-9c61-ddf38a6b4093",
        "status": "InProgress",
        "startTime": "2022-09-29T06:37:21.2827335Z"
      }
    },
    {
      "RequestUri": "https://management.azure.com/subscriptions/azure_subscription_id/providers/Microsoft.ContainerService/locations/eastus/operations/598c365d-71e8-4c7c-9c61-ddf38a6b4093?api-version=2017-08-31",
      "RequestMethod": "GET",
      "RequestHeaders": {
        "Accept": "application/json",
        "Accept-Encoding": "gzip,deflate",
        "Authorization": "Sanitized",
        "Connection": "keep-alive",
        "User-Agent": "azsdk-js-arm-containerservice/18.0.0-beta.2 core-rest-pipeline/1.9.3 Node/v16.17.0 OS/(x64-Windows_NT-10.0.22000)",
        "x-ms-client-request-id": "4b37da0b-5033-40e7-b0ee-3664934e1c71"
      },
      "RequestBody": null,
      "StatusCode": 200,
      "ResponseHeaders": {
        "Cache-Control": "no-cache",
        "Content-Encoding": "gzip",
        "Content-Type": "application/json",
        "Date": "Thu, 29 Sep 2022 06:39:19 GMT",
        "Expires": "-1",
        "Pragma": "no-cache",
        "Server": "nginx",
        "Strict-Transport-Security": "max-age=31536000; includeSubDomains",
        "Transfer-Encoding": "chunked",
        "Vary": "Accept-Encoding",
        "X-Content-Type-Options": "nosniff",
        "x-ms-correlation-request-id": "23bb5fac-e98a-4240-9237-cd081fb28215",
        "x-ms-ratelimit-remaining-subscription-reads": "11857",
        "x-ms-request-id": "c5b3e9fe-5f69-45e5-bfb0-5c385c5d9012",
        "x-ms-routing-request-id": "SOUTHEASTASIA:20220929T063920Z:23bb5fac-e98a-4240-9237-cd081fb28215"
      },
      "ResponseBody": {
        "name": "5d368c59-e871-7c4c-9c61-ddf38a6b4093",
        "status": "InProgress",
        "startTime": "2022-09-29T06:37:21.2827335Z"
      }
    },
    {
      "RequestUri": "https://management.azure.com/subscriptions/azure_subscription_id/providers/Microsoft.ContainerService/locations/eastus/operations/598c365d-71e8-4c7c-9c61-ddf38a6b4093?api-version=2017-08-31",
      "RequestMethod": "GET",
      "RequestHeaders": {
        "Accept": "application/json",
        "Accept-Encoding": "gzip,deflate",
        "Authorization": "Sanitized",
        "Connection": "keep-alive",
        "User-Agent": "azsdk-js-arm-containerservice/18.0.0-beta.2 core-rest-pipeline/1.9.3 Node/v16.17.0 OS/(x64-Windows_NT-10.0.22000)",
        "x-ms-client-request-id": "0b4e0e89-6e31-4012-8507-efa2ba936c95"
      },
      "RequestBody": null,
      "StatusCode": 200,
      "ResponseHeaders": {
        "Cache-Control": "no-cache",
        "Content-Encoding": "gzip",
        "Content-Type": "application/json",
        "Date": "Thu, 29 Sep 2022 06:39:22 GMT",
        "Expires": "-1",
        "Pragma": "no-cache",
        "Server": "nginx",
        "Strict-Transport-Security": "max-age=31536000; includeSubDomains",
        "Transfer-Encoding": "chunked",
        "Vary": "Accept-Encoding",
        "X-Content-Type-Options": "nosniff",
        "x-ms-correlation-request-id": "ea4f33aa-5fdb-4e16-a295-a40c2796a80d",
        "x-ms-ratelimit-remaining-subscription-reads": "11856",
        "x-ms-request-id": "970358b2-ad22-48b3-89f2-09c484a354bd",
        "x-ms-routing-request-id": "SOUTHEASTASIA:20220929T063922Z:ea4f33aa-5fdb-4e16-a295-a40c2796a80d"
      },
      "ResponseBody": {
        "name": "5d368c59-e871-7c4c-9c61-ddf38a6b4093",
        "status": "InProgress",
        "startTime": "2022-09-29T06:37:21.2827335Z"
      }
    },
    {
      "RequestUri": "https://management.azure.com/subscriptions/azure_subscription_id/providers/Microsoft.ContainerService/locations/eastus/operations/598c365d-71e8-4c7c-9c61-ddf38a6b4093?api-version=2017-08-31",
      "RequestMethod": "GET",
      "RequestHeaders": {
        "Accept": "application/json",
        "Accept-Encoding": "gzip,deflate",
        "Authorization": "Sanitized",
        "Connection": "keep-alive",
        "User-Agent": "azsdk-js-arm-containerservice/18.0.0-beta.2 core-rest-pipeline/1.9.3 Node/v16.17.0 OS/(x64-Windows_NT-10.0.22000)",
        "x-ms-client-request-id": "9be7db70-4d21-47d6-8add-565c84034fb2"
      },
      "RequestBody": null,
      "StatusCode": 200,
      "ResponseHeaders": {
        "Cache-Control": "no-cache",
        "Content-Encoding": "gzip",
        "Content-Type": "application/json",
        "Date": "Thu, 29 Sep 2022 06:39:24 GMT",
        "Expires": "-1",
        "Pragma": "no-cache",
        "Server": "nginx",
        "Strict-Transport-Security": "max-age=31536000; includeSubDomains",
        "Transfer-Encoding": "chunked",
        "Vary": "Accept-Encoding",
        "X-Content-Type-Options": "nosniff",
        "x-ms-correlation-request-id": "7c51ad0c-182d-4497-b558-32fe1c9bfaf5",
        "x-ms-ratelimit-remaining-subscription-reads": "11855",
        "x-ms-request-id": "c96e89b9-cb68-4d8e-b867-2aed98b63814",
        "x-ms-routing-request-id": "SOUTHEASTASIA:20220929T063924Z:7c51ad0c-182d-4497-b558-32fe1c9bfaf5"
      },
      "ResponseBody": {
        "name": "5d368c59-e871-7c4c-9c61-ddf38a6b4093",
        "status": "InProgress",
        "startTime": "2022-09-29T06:37:21.2827335Z"
      }
    },
    {
      "RequestUri": "https://management.azure.com/subscriptions/azure_subscription_id/providers/Microsoft.ContainerService/locations/eastus/operations/598c365d-71e8-4c7c-9c61-ddf38a6b4093?api-version=2017-08-31",
      "RequestMethod": "GET",
      "RequestHeaders": {
        "Accept": "application/json",
        "Accept-Encoding": "gzip,deflate",
        "Authorization": "Sanitized",
        "Connection": "keep-alive",
        "User-Agent": "azsdk-js-arm-containerservice/18.0.0-beta.2 core-rest-pipeline/1.9.3 Node/v16.17.0 OS/(x64-Windows_NT-10.0.22000)",
        "x-ms-client-request-id": "3b4b86e5-6947-433e-8d42-b50adb1dcd00"
      },
      "RequestBody": null,
      "StatusCode": 200,
      "ResponseHeaders": {
        "Cache-Control": "no-cache",
        "Content-Encoding": "gzip",
        "Content-Type": "application/json",
        "Date": "Thu, 29 Sep 2022 06:39:27 GMT",
        "Expires": "-1",
        "Pragma": "no-cache",
        "Server": "nginx",
        "Strict-Transport-Security": "max-age=31536000; includeSubDomains",
        "Transfer-Encoding": "chunked",
        "Vary": "Accept-Encoding",
        "X-Content-Type-Options": "nosniff",
        "x-ms-correlation-request-id": "621ec450-33d5-4c05-8c42-fb34094233e4",
        "x-ms-ratelimit-remaining-subscription-reads": "11854",
        "x-ms-request-id": "d6859fc9-111d-48c7-9e57-e31b93c9f5dd",
        "x-ms-routing-request-id": "SOUTHEASTASIA:20220929T063927Z:621ec450-33d5-4c05-8c42-fb34094233e4"
      },
      "ResponseBody": {
        "name": "5d368c59-e871-7c4c-9c61-ddf38a6b4093",
        "status": "InProgress",
        "startTime": "2022-09-29T06:37:21.2827335Z"
      }
    },
    {
      "RequestUri": "https://management.azure.com/subscriptions/azure_subscription_id/providers/Microsoft.ContainerService/locations/eastus/operations/598c365d-71e8-4c7c-9c61-ddf38a6b4093?api-version=2017-08-31",
      "RequestMethod": "GET",
      "RequestHeaders": {
        "Accept": "application/json",
        "Accept-Encoding": "gzip,deflate",
        "Authorization": "Sanitized",
        "Connection": "keep-alive",
        "User-Agent": "azsdk-js-arm-containerservice/18.0.0-beta.2 core-rest-pipeline/1.9.3 Node/v16.17.0 OS/(x64-Windows_NT-10.0.22000)",
        "x-ms-client-request-id": "12e88703-0b9a-49a0-8272-0a10008e6976"
      },
      "RequestBody": null,
      "StatusCode": 200,
      "ResponseHeaders": {
        "Cache-Control": "no-cache",
        "Content-Encoding": "gzip",
        "Content-Type": "application/json",
        "Date": "Thu, 29 Sep 2022 06:39:29 GMT",
        "Expires": "-1",
        "Pragma": "no-cache",
        "Server": "nginx",
        "Strict-Transport-Security": "max-age=31536000; includeSubDomains",
        "Transfer-Encoding": "chunked",
        "Vary": "Accept-Encoding",
        "X-Content-Type-Options": "nosniff",
        "x-ms-correlation-request-id": "1c99d06c-c63a-4a4f-98cd-9de9b74b6c22",
        "x-ms-ratelimit-remaining-subscription-reads": "11853",
        "x-ms-request-id": "cde2c55d-76fb-411e-bc2c-4d9b5e85c64b",
        "x-ms-routing-request-id": "SOUTHEASTASIA:20220929T063929Z:1c99d06c-c63a-4a4f-98cd-9de9b74b6c22"
      },
      "ResponseBody": {
        "name": "5d368c59-e871-7c4c-9c61-ddf38a6b4093",
        "status": "InProgress",
        "startTime": "2022-09-29T06:37:21.2827335Z"
      }
    },
    {
      "RequestUri": "https://management.azure.com/subscriptions/azure_subscription_id/providers/Microsoft.ContainerService/locations/eastus/operations/598c365d-71e8-4c7c-9c61-ddf38a6b4093?api-version=2017-08-31",
      "RequestMethod": "GET",
      "RequestHeaders": {
        "Accept": "application/json",
        "Accept-Encoding": "gzip,deflate",
        "Authorization": "Sanitized",
        "Connection": "keep-alive",
        "User-Agent": "azsdk-js-arm-containerservice/18.0.0-beta.2 core-rest-pipeline/1.9.3 Node/v16.17.0 OS/(x64-Windows_NT-10.0.22000)",
        "x-ms-client-request-id": "267e9655-110b-4d2e-a296-378f4ce85f33"
      },
      "RequestBody": null,
      "StatusCode": 200,
      "ResponseHeaders": {
        "Cache-Control": "no-cache",
        "Content-Encoding": "gzip",
        "Content-Type": "application/json",
        "Date": "Thu, 29 Sep 2022 06:39:32 GMT",
        "Expires": "-1",
        "Pragma": "no-cache",
        "Server": "nginx",
        "Strict-Transport-Security": "max-age=31536000; includeSubDomains",
        "Transfer-Encoding": "chunked",
        "Vary": "Accept-Encoding",
        "X-Content-Type-Options": "nosniff",
        "x-ms-correlation-request-id": "33d695fc-e14c-4735-965c-f792aff1cbcb",
        "x-ms-ratelimit-remaining-subscription-reads": "11852",
        "x-ms-request-id": "97184188-f816-4b3b-90ee-bf58bfe04d45",
        "x-ms-routing-request-id": "SOUTHEASTASIA:20220929T063932Z:33d695fc-e14c-4735-965c-f792aff1cbcb"
      },
      "ResponseBody": {
        "name": "5d368c59-e871-7c4c-9c61-ddf38a6b4093",
        "status": "InProgress",
        "startTime": "2022-09-29T06:37:21.2827335Z"
      }
    },
    {
      "RequestUri": "https://management.azure.com/subscriptions/azure_subscription_id/providers/Microsoft.ContainerService/locations/eastus/operations/598c365d-71e8-4c7c-9c61-ddf38a6b4093?api-version=2017-08-31",
      "RequestMethod": "GET",
      "RequestHeaders": {
        "Accept": "application/json",
        "Accept-Encoding": "gzip,deflate",
        "Authorization": "Sanitized",
        "Connection": "keep-alive",
        "User-Agent": "azsdk-js-arm-containerservice/18.0.0-beta.2 core-rest-pipeline/1.9.3 Node/v16.17.0 OS/(x64-Windows_NT-10.0.22000)",
        "x-ms-client-request-id": "b50ea5ed-830a-4877-a9a7-f1fabd60d607"
      },
      "RequestBody": null,
      "StatusCode": 200,
      "ResponseHeaders": {
        "Cache-Control": "no-cache",
        "Content-Encoding": "gzip",
        "Content-Type": "application/json",
        "Date": "Thu, 29 Sep 2022 06:39:34 GMT",
        "Expires": "-1",
        "Pragma": "no-cache",
        "Server": "nginx",
        "Strict-Transport-Security": "max-age=31536000; includeSubDomains",
        "Transfer-Encoding": "chunked",
        "Vary": "Accept-Encoding",
        "X-Content-Type-Options": "nosniff",
        "x-ms-correlation-request-id": "8c25f809-71df-4132-920d-ee92f8256ff8",
        "x-ms-ratelimit-remaining-subscription-reads": "11851",
        "x-ms-request-id": "14f012a0-c59e-4cec-9101-98c74a7295a0",
        "x-ms-routing-request-id": "SOUTHEASTASIA:20220929T063934Z:8c25f809-71df-4132-920d-ee92f8256ff8"
      },
      "ResponseBody": {
        "name": "5d368c59-e871-7c4c-9c61-ddf38a6b4093",
        "status": "InProgress",
        "startTime": "2022-09-29T06:37:21.2827335Z"
      }
    },
    {
      "RequestUri": "https://management.azure.com/subscriptions/azure_subscription_id/providers/Microsoft.ContainerService/locations/eastus/operations/598c365d-71e8-4c7c-9c61-ddf38a6b4093?api-version=2017-08-31",
      "RequestMethod": "GET",
      "RequestHeaders": {
        "Accept": "application/json",
        "Accept-Encoding": "gzip,deflate",
        "Authorization": "Sanitized",
        "Connection": "keep-alive",
        "User-Agent": "azsdk-js-arm-containerservice/18.0.0-beta.2 core-rest-pipeline/1.9.3 Node/v16.17.0 OS/(x64-Windows_NT-10.0.22000)",
        "x-ms-client-request-id": "f7e81bec-c302-46fc-a49b-ea6290c7815a"
      },
      "RequestBody": null,
      "StatusCode": 200,
      "ResponseHeaders": {
        "Cache-Control": "no-cache",
        "Content-Encoding": "gzip",
        "Content-Type": "application/json",
        "Date": "Thu, 29 Sep 2022 06:39:37 GMT",
        "Expires": "-1",
        "Pragma": "no-cache",
        "Server": "nginx",
        "Strict-Transport-Security": "max-age=31536000; includeSubDomains",
        "Transfer-Encoding": "chunked",
        "Vary": "Accept-Encoding",
        "X-Content-Type-Options": "nosniff",
        "x-ms-correlation-request-id": "4d4fd622-6c5d-47eb-8bbc-847a342c534c",
        "x-ms-ratelimit-remaining-subscription-reads": "11850",
        "x-ms-request-id": "2cc1f0ca-ef3e-418a-9570-7921bc6cbf8c",
        "x-ms-routing-request-id": "SOUTHEASTASIA:20220929T063937Z:4d4fd622-6c5d-47eb-8bbc-847a342c534c"
      },
      "ResponseBody": {
        "name": "5d368c59-e871-7c4c-9c61-ddf38a6b4093",
        "status": "InProgress",
        "startTime": "2022-09-29T06:37:21.2827335Z"
      }
    },
    {
      "RequestUri": "https://management.azure.com/subscriptions/azure_subscription_id/providers/Microsoft.ContainerService/locations/eastus/operations/598c365d-71e8-4c7c-9c61-ddf38a6b4093?api-version=2017-08-31",
      "RequestMethod": "GET",
      "RequestHeaders": {
        "Accept": "application/json",
        "Accept-Encoding": "gzip,deflate",
        "Authorization": "Sanitized",
        "Connection": "keep-alive",
        "User-Agent": "azsdk-js-arm-containerservice/18.0.0-beta.2 core-rest-pipeline/1.9.3 Node/v16.17.0 OS/(x64-Windows_NT-10.0.22000)",
        "x-ms-client-request-id": "9014ea82-1069-4e7f-a513-2bb9275c7cab"
      },
      "RequestBody": null,
      "StatusCode": 200,
      "ResponseHeaders": {
        "Cache-Control": "no-cache",
        "Content-Encoding": "gzip",
        "Content-Type": "application/json",
        "Date": "Thu, 29 Sep 2022 06:39:39 GMT",
        "Expires": "-1",
        "Pragma": "no-cache",
        "Server": "nginx",
        "Strict-Transport-Security": "max-age=31536000; includeSubDomains",
        "Transfer-Encoding": "chunked",
        "Vary": "Accept-Encoding",
        "X-Content-Type-Options": "nosniff",
        "x-ms-correlation-request-id": "cee23d6d-c62d-4055-8e7e-e6fe05835e36",
        "x-ms-ratelimit-remaining-subscription-reads": "11849",
        "x-ms-request-id": "2bcf37d9-80c1-4402-a783-e6cdbf0f955e",
        "x-ms-routing-request-id": "SOUTHEASTASIA:20220929T063939Z:cee23d6d-c62d-4055-8e7e-e6fe05835e36"
      },
      "ResponseBody": {
        "name": "5d368c59-e871-7c4c-9c61-ddf38a6b4093",
        "status": "InProgress",
        "startTime": "2022-09-29T06:37:21.2827335Z"
      }
    },
    {
      "RequestUri": "https://management.azure.com/subscriptions/azure_subscription_id/providers/Microsoft.ContainerService/locations/eastus/operations/598c365d-71e8-4c7c-9c61-ddf38a6b4093?api-version=2017-08-31",
      "RequestMethod": "GET",
      "RequestHeaders": {
        "Accept": "application/json",
        "Accept-Encoding": "gzip,deflate",
        "Authorization": "Sanitized",
        "Connection": "keep-alive",
        "User-Agent": "azsdk-js-arm-containerservice/18.0.0-beta.2 core-rest-pipeline/1.9.3 Node/v16.17.0 OS/(x64-Windows_NT-10.0.22000)",
        "x-ms-client-request-id": "4051613c-8d53-43e8-9fd5-2844f3f3066d"
      },
      "RequestBody": null,
      "StatusCode": 200,
      "ResponseHeaders": {
        "Cache-Control": "no-cache",
        "Content-Encoding": "gzip",
        "Content-Type": "application/json",
        "Date": "Thu, 29 Sep 2022 06:39:42 GMT",
        "Expires": "-1",
        "Pragma": "no-cache",
        "Server": "nginx",
        "Strict-Transport-Security": "max-age=31536000; includeSubDomains",
        "Transfer-Encoding": "chunked",
        "Vary": "Accept-Encoding",
        "X-Content-Type-Options": "nosniff",
        "x-ms-correlation-request-id": "5e06a19d-9545-44ed-8115-7ea64efa103e",
        "x-ms-ratelimit-remaining-subscription-reads": "11848",
        "x-ms-request-id": "c315407a-561d-41cf-8c74-90c8b74609b0",
        "x-ms-routing-request-id": "SOUTHEASTASIA:20220929T063942Z:5e06a19d-9545-44ed-8115-7ea64efa103e"
      },
      "ResponseBody": {
        "name": "5d368c59-e871-7c4c-9c61-ddf38a6b4093",
        "status": "InProgress",
        "startTime": "2022-09-29T06:37:21.2827335Z"
      }
    },
    {
      "RequestUri": "https://management.azure.com/subscriptions/azure_subscription_id/providers/Microsoft.ContainerService/locations/eastus/operations/598c365d-71e8-4c7c-9c61-ddf38a6b4093?api-version=2017-08-31",
      "RequestMethod": "GET",
      "RequestHeaders": {
        "Accept": "application/json",
        "Accept-Encoding": "gzip,deflate",
        "Authorization": "Sanitized",
        "Connection": "keep-alive",
        "User-Agent": "azsdk-js-arm-containerservice/18.0.0-beta.2 core-rest-pipeline/1.9.3 Node/v16.17.0 OS/(x64-Windows_NT-10.0.22000)",
        "x-ms-client-request-id": "6a1a579d-6bdb-4a45-bd76-028f2f9da5a4"
      },
      "RequestBody": null,
      "StatusCode": 200,
      "ResponseHeaders": {
        "Cache-Control": "no-cache",
        "Content-Encoding": "gzip",
        "Content-Type": "application/json",
        "Date": "Thu, 29 Sep 2022 06:39:44 GMT",
        "Expires": "-1",
        "Pragma": "no-cache",
        "Server": "nginx",
        "Strict-Transport-Security": "max-age=31536000; includeSubDomains",
        "Transfer-Encoding": "chunked",
        "Vary": "Accept-Encoding",
        "X-Content-Type-Options": "nosniff",
        "x-ms-correlation-request-id": "9efb625f-7134-4378-8ea2-97d6b50c487d",
        "x-ms-ratelimit-remaining-subscription-reads": "11847",
        "x-ms-request-id": "86edec77-bb6f-4abe-89bc-6cc19f68cd6e",
        "x-ms-routing-request-id": "SOUTHEASTASIA:20220929T063944Z:9efb625f-7134-4378-8ea2-97d6b50c487d"
      },
      "ResponseBody": {
        "name": "5d368c59-e871-7c4c-9c61-ddf38a6b4093",
        "status": "InProgress",
        "startTime": "2022-09-29T06:37:21.2827335Z"
      }
    },
    {
      "RequestUri": "https://management.azure.com/subscriptions/azure_subscription_id/providers/Microsoft.ContainerService/locations/eastus/operations/598c365d-71e8-4c7c-9c61-ddf38a6b4093?api-version=2017-08-31",
      "RequestMethod": "GET",
      "RequestHeaders": {
        "Accept": "application/json",
        "Accept-Encoding": "gzip,deflate",
        "Authorization": "Sanitized",
        "Connection": "keep-alive",
        "User-Agent": "azsdk-js-arm-containerservice/18.0.0-beta.2 core-rest-pipeline/1.9.3 Node/v16.17.0 OS/(x64-Windows_NT-10.0.22000)",
        "x-ms-client-request-id": "c22d8880-7460-45cc-afd2-1fae9b4bec5f"
      },
      "RequestBody": null,
      "StatusCode": 200,
      "ResponseHeaders": {
        "Cache-Control": "no-cache",
        "Content-Encoding": "gzip",
        "Content-Type": "application/json",
        "Date": "Thu, 29 Sep 2022 06:39:47 GMT",
        "Expires": "-1",
        "Pragma": "no-cache",
        "Server": "nginx",
        "Strict-Transport-Security": "max-age=31536000; includeSubDomains",
        "Transfer-Encoding": "chunked",
        "Vary": "Accept-Encoding",
        "X-Content-Type-Options": "nosniff",
        "x-ms-correlation-request-id": "0a0cd4d1-c09b-4341-9cd3-42d98ab6ba73",
        "x-ms-ratelimit-remaining-subscription-reads": "11846",
        "x-ms-request-id": "7a236690-249b-4d21-a193-dc1631345a28",
        "x-ms-routing-request-id": "SOUTHEASTASIA:20220929T063947Z:0a0cd4d1-c09b-4341-9cd3-42d98ab6ba73"
      },
      "ResponseBody": {
        "name": "5d368c59-e871-7c4c-9c61-ddf38a6b4093",
        "status": "InProgress",
        "startTime": "2022-09-29T06:37:21.2827335Z"
      }
    },
    {
      "RequestUri": "https://management.azure.com/subscriptions/azure_subscription_id/providers/Microsoft.ContainerService/locations/eastus/operations/598c365d-71e8-4c7c-9c61-ddf38a6b4093?api-version=2017-08-31",
      "RequestMethod": "GET",
      "RequestHeaders": {
        "Accept": "application/json",
        "Accept-Encoding": "gzip,deflate",
        "Authorization": "Sanitized",
        "Connection": "keep-alive",
        "User-Agent": "azsdk-js-arm-containerservice/18.0.0-beta.2 core-rest-pipeline/1.9.3 Node/v16.17.0 OS/(x64-Windows_NT-10.0.22000)",
        "x-ms-client-request-id": "e367f859-f213-4a32-8b6b-bc21d0b8f1c5"
      },
      "RequestBody": null,
      "StatusCode": 200,
      "ResponseHeaders": {
        "Cache-Control": "no-cache",
        "Content-Encoding": "gzip",
        "Content-Type": "application/json",
        "Date": "Thu, 29 Sep 2022 06:39:49 GMT",
        "Expires": "-1",
        "Pragma": "no-cache",
        "Server": "nginx",
        "Strict-Transport-Security": "max-age=31536000; includeSubDomains",
        "Transfer-Encoding": "chunked",
        "Vary": "Accept-Encoding",
        "X-Content-Type-Options": "nosniff",
        "x-ms-correlation-request-id": "6487e14d-db1d-4b25-9db4-018ac2fe0c98",
        "x-ms-ratelimit-remaining-subscription-reads": "11845",
        "x-ms-request-id": "e524d078-e523-49e2-beea-7c27c5e0adb5",
        "x-ms-routing-request-id": "SOUTHEASTASIA:20220929T063949Z:6487e14d-db1d-4b25-9db4-018ac2fe0c98"
      },
      "ResponseBody": {
        "name": "5d368c59-e871-7c4c-9c61-ddf38a6b4093",
        "status": "InProgress",
        "startTime": "2022-09-29T06:37:21.2827335Z"
      }
    },
    {
      "RequestUri": "https://management.azure.com/subscriptions/azure_subscription_id/providers/Microsoft.ContainerService/locations/eastus/operations/598c365d-71e8-4c7c-9c61-ddf38a6b4093?api-version=2017-08-31",
      "RequestMethod": "GET",
      "RequestHeaders": {
        "Accept": "application/json",
        "Accept-Encoding": "gzip,deflate",
        "Authorization": "Sanitized",
        "Connection": "keep-alive",
        "User-Agent": "azsdk-js-arm-containerservice/18.0.0-beta.2 core-rest-pipeline/1.9.3 Node/v16.17.0 OS/(x64-Windows_NT-10.0.22000)",
        "x-ms-client-request-id": "3698bc05-5964-42f3-accd-87a5f23b55ef"
      },
      "RequestBody": null,
      "StatusCode": 200,
      "ResponseHeaders": {
        "Cache-Control": "no-cache",
        "Content-Encoding": "gzip",
        "Content-Type": "application/json",
        "Date": "Thu, 29 Sep 2022 06:39:52 GMT",
        "Expires": "-1",
        "Pragma": "no-cache",
        "Server": "nginx",
        "Strict-Transport-Security": "max-age=31536000; includeSubDomains",
        "Transfer-Encoding": "chunked",
        "Vary": "Accept-Encoding",
        "X-Content-Type-Options": "nosniff",
        "x-ms-correlation-request-id": "47672543-060e-4f11-88ad-f737163909c2",
        "x-ms-ratelimit-remaining-subscription-reads": "11844",
        "x-ms-request-id": "e541b4ff-02f4-4ddc-91d9-c94c0102df15",
        "x-ms-routing-request-id": "SOUTHEASTASIA:20220929T063952Z:47672543-060e-4f11-88ad-f737163909c2"
      },
      "ResponseBody": {
        "name": "5d368c59-e871-7c4c-9c61-ddf38a6b4093",
        "status": "InProgress",
        "startTime": "2022-09-29T06:37:21.2827335Z"
      }
    },
    {
      "RequestUri": "https://management.azure.com/subscriptions/azure_subscription_id/providers/Microsoft.ContainerService/locations/eastus/operations/598c365d-71e8-4c7c-9c61-ddf38a6b4093?api-version=2017-08-31",
      "RequestMethod": "GET",
      "RequestHeaders": {
        "Accept": "application/json",
        "Accept-Encoding": "gzip,deflate",
        "Authorization": "Sanitized",
        "Connection": "keep-alive",
        "User-Agent": "azsdk-js-arm-containerservice/18.0.0-beta.2 core-rest-pipeline/1.9.3 Node/v16.17.0 OS/(x64-Windows_NT-10.0.22000)",
        "x-ms-client-request-id": "aed5df30-e519-4ca6-8ff8-f0648917b6ce"
      },
      "RequestBody": null,
      "StatusCode": 200,
      "ResponseHeaders": {
        "Cache-Control": "no-cache",
        "Content-Encoding": "gzip",
        "Content-Type": "application/json",
        "Date": "Thu, 29 Sep 2022 06:39:54 GMT",
        "Expires": "-1",
        "Pragma": "no-cache",
        "Server": "nginx",
        "Strict-Transport-Security": "max-age=31536000; includeSubDomains",
        "Transfer-Encoding": "chunked",
        "Vary": "Accept-Encoding",
        "X-Content-Type-Options": "nosniff",
        "x-ms-correlation-request-id": "cae6ccf0-fa1d-406b-baad-cd7333cea4bc",
        "x-ms-ratelimit-remaining-subscription-reads": "11843",
        "x-ms-request-id": "8e2a43d6-7745-4dc6-a03b-05adcf862f4a",
        "x-ms-routing-request-id": "SOUTHEASTASIA:20220929T063954Z:cae6ccf0-fa1d-406b-baad-cd7333cea4bc"
      },
      "ResponseBody": {
        "name": "5d368c59-e871-7c4c-9c61-ddf38a6b4093",
        "status": "InProgress",
        "startTime": "2022-09-29T06:37:21.2827335Z"
      }
    },
    {
      "RequestUri": "https://management.azure.com/subscriptions/azure_subscription_id/providers/Microsoft.ContainerService/locations/eastus/operations/598c365d-71e8-4c7c-9c61-ddf38a6b4093?api-version=2017-08-31",
      "RequestMethod": "GET",
      "RequestHeaders": {
        "Accept": "application/json",
        "Accept-Encoding": "gzip,deflate",
        "Authorization": "Sanitized",
        "Connection": "keep-alive",
        "User-Agent": "azsdk-js-arm-containerservice/18.0.0-beta.2 core-rest-pipeline/1.9.3 Node/v16.17.0 OS/(x64-Windows_NT-10.0.22000)",
        "x-ms-client-request-id": "8dd69bb9-7015-4216-921c-6de6838f7bd4"
      },
      "RequestBody": null,
      "StatusCode": 200,
      "ResponseHeaders": {
        "Cache-Control": "no-cache",
        "Content-Encoding": "gzip",
        "Content-Type": "application/json",
        "Date": "Thu, 29 Sep 2022 06:39:58 GMT",
        "Expires": "-1",
        "Pragma": "no-cache",
        "Server": "nginx",
        "Strict-Transport-Security": "max-age=31536000; includeSubDomains",
        "Transfer-Encoding": "chunked",
        "Vary": "Accept-Encoding",
        "X-Content-Type-Options": "nosniff",
        "x-ms-correlation-request-id": "f34052e2-2a25-41d3-b80f-d371c0c0848e",
        "x-ms-ratelimit-remaining-subscription-reads": "11842",
        "x-ms-request-id": "bcc2f0cc-cb4f-4d5d-af3c-e8a7d204a3dc",
        "x-ms-routing-request-id": "SOUTHEASTASIA:20220929T063958Z:f34052e2-2a25-41d3-b80f-d371c0c0848e"
      },
      "ResponseBody": {
        "name": "5d368c59-e871-7c4c-9c61-ddf38a6b4093",
        "status": "InProgress",
        "startTime": "2022-09-29T06:37:21.2827335Z"
      }
    },
    {
      "RequestUri": "https://management.azure.com/subscriptions/azure_subscription_id/providers/Microsoft.ContainerService/locations/eastus/operations/598c365d-71e8-4c7c-9c61-ddf38a6b4093?api-version=2017-08-31",
      "RequestMethod": "GET",
      "RequestHeaders": {
        "Accept": "application/json",
        "Accept-Encoding": "gzip,deflate",
        "Authorization": "Sanitized",
        "Connection": "keep-alive",
        "User-Agent": "azsdk-js-arm-containerservice/18.0.0-beta.2 core-rest-pipeline/1.9.3 Node/v16.17.0 OS/(x64-Windows_NT-10.0.22000)",
        "x-ms-client-request-id": "e889157a-5e05-4f5b-9e86-59f92b21ea2e"
      },
      "RequestBody": null,
      "StatusCode": 200,
      "ResponseHeaders": {
        "Cache-Control": "no-cache",
        "Content-Encoding": "gzip",
        "Content-Type": "application/json",
        "Date": "Thu, 29 Sep 2022 06:40:00 GMT",
        "Expires": "-1",
        "Pragma": "no-cache",
        "Server": "nginx",
        "Strict-Transport-Security": "max-age=31536000; includeSubDomains",
        "Transfer-Encoding": "chunked",
        "Vary": "Accept-Encoding",
        "X-Content-Type-Options": "nosniff",
        "x-ms-correlation-request-id": "9e1fccd5-3085-4902-ac38-13c12ec9d63b",
        "x-ms-ratelimit-remaining-subscription-reads": "11841",
        "x-ms-request-id": "b027793c-78c9-4154-baee-8c4842a1042f",
        "x-ms-routing-request-id": "SOUTHEASTASIA:20220929T064001Z:9e1fccd5-3085-4902-ac38-13c12ec9d63b"
      },
      "ResponseBody": {
        "name": "5d368c59-e871-7c4c-9c61-ddf38a6b4093",
        "status": "InProgress",
        "startTime": "2022-09-29T06:37:21.2827335Z"
      }
    },
    {
      "RequestUri": "https://management.azure.com/subscriptions/azure_subscription_id/providers/Microsoft.ContainerService/locations/eastus/operations/598c365d-71e8-4c7c-9c61-ddf38a6b4093?api-version=2017-08-31",
      "RequestMethod": "GET",
      "RequestHeaders": {
        "Accept": "application/json",
        "Accept-Encoding": "gzip,deflate",
        "Authorization": "Sanitized",
        "Connection": "keep-alive",
        "User-Agent": "azsdk-js-arm-containerservice/18.0.0-beta.2 core-rest-pipeline/1.9.3 Node/v16.17.0 OS/(x64-Windows_NT-10.0.22000)",
        "x-ms-client-request-id": "6a521666-1937-4481-98e7-a4645e8f1d79"
      },
      "RequestBody": null,
      "StatusCode": 200,
      "ResponseHeaders": {
        "Cache-Control": "no-cache",
        "Content-Encoding": "gzip",
        "Content-Type": "application/json",
        "Date": "Thu, 29 Sep 2022 06:40:03 GMT",
        "Expires": "-1",
        "Pragma": "no-cache",
        "Server": "nginx",
        "Strict-Transport-Security": "max-age=31536000; includeSubDomains",
        "Transfer-Encoding": "chunked",
        "Vary": "Accept-Encoding",
        "X-Content-Type-Options": "nosniff",
        "x-ms-correlation-request-id": "935d64c2-7941-4300-a3eb-7654c01064e8",
        "x-ms-ratelimit-remaining-subscription-reads": "11840",
        "x-ms-request-id": "ca742053-63f6-4e43-b7dc-6c75014f4c7d",
        "x-ms-routing-request-id": "SOUTHEASTASIA:20220929T064003Z:935d64c2-7941-4300-a3eb-7654c01064e8"
      },
      "ResponseBody": {
        "name": "5d368c59-e871-7c4c-9c61-ddf38a6b4093",
        "status": "InProgress",
        "startTime": "2022-09-29T06:37:21.2827335Z"
      }
    },
    {
      "RequestUri": "https://management.azure.com/subscriptions/azure_subscription_id/providers/Microsoft.ContainerService/locations/eastus/operations/598c365d-71e8-4c7c-9c61-ddf38a6b4093?api-version=2017-08-31",
      "RequestMethod": "GET",
      "RequestHeaders": {
        "Accept": "application/json",
        "Accept-Encoding": "gzip,deflate",
        "Authorization": "Sanitized",
        "Connection": "keep-alive",
        "User-Agent": "azsdk-js-arm-containerservice/18.0.0-beta.2 core-rest-pipeline/1.9.3 Node/v16.17.0 OS/(x64-Windows_NT-10.0.22000)",
        "x-ms-client-request-id": "9e0b8fd8-0359-4807-8d25-3dec4212a56d"
      },
      "RequestBody": null,
      "StatusCode": 200,
      "ResponseHeaders": {
        "Cache-Control": "no-cache",
        "Content-Encoding": "gzip",
        "Content-Type": "application/json",
        "Date": "Thu, 29 Sep 2022 06:40:05 GMT",
        "Expires": "-1",
        "Pragma": "no-cache",
        "Server": "nginx",
        "Strict-Transport-Security": "max-age=31536000; includeSubDomains",
        "Transfer-Encoding": "chunked",
        "Vary": "Accept-Encoding",
        "X-Content-Type-Options": "nosniff",
        "x-ms-correlation-request-id": "4474b20e-f157-4c91-a5ac-a786838ff674",
        "x-ms-ratelimit-remaining-subscription-reads": "11839",
        "x-ms-request-id": "711a144f-4558-4576-a36f-73c0002f8d6f",
        "x-ms-routing-request-id": "SOUTHEASTASIA:20220929T064006Z:4474b20e-f157-4c91-a5ac-a786838ff674"
      },
      "ResponseBody": {
        "name": "5d368c59-e871-7c4c-9c61-ddf38a6b4093",
        "status": "InProgress",
        "startTime": "2022-09-29T06:37:21.2827335Z"
      }
    },
    {
      "RequestUri": "https://management.azure.com/subscriptions/azure_subscription_id/providers/Microsoft.ContainerService/locations/eastus/operations/598c365d-71e8-4c7c-9c61-ddf38a6b4093?api-version=2017-08-31",
      "RequestMethod": "GET",
      "RequestHeaders": {
        "Accept": "application/json",
        "Accept-Encoding": "gzip,deflate",
        "Authorization": "Sanitized",
        "Connection": "keep-alive",
        "User-Agent": "azsdk-js-arm-containerservice/18.0.0-beta.2 core-rest-pipeline/1.9.3 Node/v16.17.0 OS/(x64-Windows_NT-10.0.22000)",
        "x-ms-client-request-id": "2f464337-130d-41b0-9b2c-c611527c9e50"
      },
      "RequestBody": null,
      "StatusCode": 200,
      "ResponseHeaders": {
        "Cache-Control": "no-cache",
        "Content-Encoding": "gzip",
        "Content-Type": "application/json",
        "Date": "Thu, 29 Sep 2022 06:40:07 GMT",
        "Expires": "-1",
        "Pragma": "no-cache",
        "Server": "nginx",
        "Strict-Transport-Security": "max-age=31536000; includeSubDomains",
        "Transfer-Encoding": "chunked",
        "Vary": "Accept-Encoding",
        "X-Content-Type-Options": "nosniff",
        "x-ms-correlation-request-id": "ac6ddf64-d0bf-4949-94fb-632a5b6566eb",
        "x-ms-ratelimit-remaining-subscription-reads": "11838",
        "x-ms-request-id": "7fd5aebf-eda3-46b4-b189-0c64a293b9e1",
        "x-ms-routing-request-id": "SOUTHEASTASIA:20220929T064008Z:ac6ddf64-d0bf-4949-94fb-632a5b6566eb"
      },
      "ResponseBody": {
        "name": "5d368c59-e871-7c4c-9c61-ddf38a6b4093",
        "status": "InProgress",
        "startTime": "2022-09-29T06:37:21.2827335Z"
      }
    },
    {
      "RequestUri": "https://management.azure.com/subscriptions/azure_subscription_id/providers/Microsoft.ContainerService/locations/eastus/operations/598c365d-71e8-4c7c-9c61-ddf38a6b4093?api-version=2017-08-31",
      "RequestMethod": "GET",
      "RequestHeaders": {
        "Accept": "application/json",
        "Accept-Encoding": "gzip,deflate",
        "Authorization": "Sanitized",
        "Connection": "keep-alive",
        "User-Agent": "azsdk-js-arm-containerservice/18.0.0-beta.2 core-rest-pipeline/1.9.3 Node/v16.17.0 OS/(x64-Windows_NT-10.0.22000)",
        "x-ms-client-request-id": "54e8580d-1da2-4315-a004-0b5ddc31a9ea"
      },
      "RequestBody": null,
      "StatusCode": 200,
      "ResponseHeaders": {
        "Cache-Control": "no-cache",
        "Content-Encoding": "gzip",
        "Content-Type": "application/json",
        "Date": "Thu, 29 Sep 2022 06:40:10 GMT",
        "Expires": "-1",
        "Pragma": "no-cache",
        "Server": "nginx",
        "Strict-Transport-Security": "max-age=31536000; includeSubDomains",
        "Transfer-Encoding": "chunked",
        "Vary": "Accept-Encoding",
        "X-Content-Type-Options": "nosniff",
        "x-ms-correlation-request-id": "4ff1afbd-6a08-4503-af54-32684b4762ce",
        "x-ms-ratelimit-remaining-subscription-reads": "11837",
        "x-ms-request-id": "0b7816e9-8c23-41c8-898f-6e5cf16b29f4",
        "x-ms-routing-request-id": "SOUTHEASTASIA:20220929T064011Z:4ff1afbd-6a08-4503-af54-32684b4762ce"
      },
      "ResponseBody": {
        "name": "5d368c59-e871-7c4c-9c61-ddf38a6b4093",
        "status": "InProgress",
        "startTime": "2022-09-29T06:37:21.2827335Z"
      }
    },
    {
      "RequestUri": "https://management.azure.com/subscriptions/azure_subscription_id/providers/Microsoft.ContainerService/locations/eastus/operations/598c365d-71e8-4c7c-9c61-ddf38a6b4093?api-version=2017-08-31",
      "RequestMethod": "GET",
      "RequestHeaders": {
        "Accept": "application/json",
        "Accept-Encoding": "gzip,deflate",
        "Authorization": "Sanitized",
        "Connection": "keep-alive",
        "User-Agent": "azsdk-js-arm-containerservice/18.0.0-beta.2 core-rest-pipeline/1.9.3 Node/v16.17.0 OS/(x64-Windows_NT-10.0.22000)",
        "x-ms-client-request-id": "92644ad6-c21c-45d3-87c9-274f087e9b21"
      },
      "RequestBody": null,
      "StatusCode": 200,
      "ResponseHeaders": {
        "Cache-Control": "no-cache",
        "Content-Encoding": "gzip",
        "Content-Type": "application/json",
        "Date": "Thu, 29 Sep 2022 06:40:13 GMT",
        "Expires": "-1",
        "Pragma": "no-cache",
        "Server": "nginx",
        "Strict-Transport-Security": "max-age=31536000; includeSubDomains",
        "Transfer-Encoding": "chunked",
        "Vary": "Accept-Encoding",
        "X-Content-Type-Options": "nosniff",
        "x-ms-correlation-request-id": "a835589c-544e-4b54-897e-08a33246a44b",
        "x-ms-ratelimit-remaining-subscription-reads": "11836",
        "x-ms-request-id": "ea39b95e-eaef-4ff4-a916-a998d2e422a7",
        "x-ms-routing-request-id": "SOUTHEASTASIA:20220929T064013Z:a835589c-544e-4b54-897e-08a33246a44b"
      },
      "ResponseBody": {
        "name": "5d368c59-e871-7c4c-9c61-ddf38a6b4093",
        "status": "InProgress",
        "startTime": "2022-09-29T06:37:21.2827335Z"
      }
    },
    {
      "RequestUri": "https://management.azure.com/subscriptions/azure_subscription_id/providers/Microsoft.ContainerService/locations/eastus/operations/598c365d-71e8-4c7c-9c61-ddf38a6b4093?api-version=2017-08-31",
      "RequestMethod": "GET",
      "RequestHeaders": {
        "Accept": "application/json",
        "Accept-Encoding": "gzip,deflate",
        "Authorization": "Sanitized",
        "Connection": "keep-alive",
        "User-Agent": "azsdk-js-arm-containerservice/18.0.0-beta.2 core-rest-pipeline/1.9.3 Node/v16.17.0 OS/(x64-Windows_NT-10.0.22000)",
        "x-ms-client-request-id": "4cdb5603-ecb3-4080-9600-a2a99c092ad4"
      },
      "RequestBody": null,
      "StatusCode": 200,
      "ResponseHeaders": {
        "Cache-Control": "no-cache",
        "Content-Encoding": "gzip",
        "Content-Type": "application/json",
        "Date": "Thu, 29 Sep 2022 06:40:17 GMT",
        "Expires": "-1",
        "Pragma": "no-cache",
        "Server": "nginx",
        "Strict-Transport-Security": "max-age=31536000; includeSubDomains",
        "Transfer-Encoding": "chunked",
        "Vary": "Accept-Encoding",
        "X-Content-Type-Options": "nosniff",
        "x-ms-correlation-request-id": "ca4ad47a-ae17-467c-b4b0-406d6ca2e724",
        "x-ms-ratelimit-remaining-subscription-reads": "11835",
        "x-ms-request-id": "ed1d979c-19ad-443a-9796-409629436edb",
        "x-ms-routing-request-id": "SOUTHEASTASIA:20220929T064018Z:ca4ad47a-ae17-467c-b4b0-406d6ca2e724"
      },
      "ResponseBody": {
        "name": "5d368c59-e871-7c4c-9c61-ddf38a6b4093",
        "status": "InProgress",
        "startTime": "2022-09-29T06:37:21.2827335Z"
      }
    },
    {
      "RequestUri": "https://management.azure.com/subscriptions/azure_subscription_id/providers/Microsoft.ContainerService/locations/eastus/operations/598c365d-71e8-4c7c-9c61-ddf38a6b4093?api-version=2017-08-31",
      "RequestMethod": "GET",
      "RequestHeaders": {
        "Accept": "application/json",
        "Accept-Encoding": "gzip,deflate",
        "Authorization": "Sanitized",
        "Connection": "keep-alive",
        "User-Agent": "azsdk-js-arm-containerservice/18.0.0-beta.2 core-rest-pipeline/1.9.3 Node/v16.17.0 OS/(x64-Windows_NT-10.0.22000)",
        "x-ms-client-request-id": "99e3ef0c-fcd9-4d37-9164-51a4e3354bcf"
      },
      "RequestBody": null,
      "StatusCode": 200,
      "ResponseHeaders": {
        "Cache-Control": "no-cache",
        "Content-Encoding": "gzip",
        "Content-Type": "application/json",
        "Date": "Thu, 29 Sep 2022 06:40:19 GMT",
        "Expires": "-1",
        "Pragma": "no-cache",
        "Server": "nginx",
        "Strict-Transport-Security": "max-age=31536000; includeSubDomains",
        "Transfer-Encoding": "chunked",
        "Vary": "Accept-Encoding",
        "X-Content-Type-Options": "nosniff",
        "x-ms-correlation-request-id": "0d4216ad-5c0c-4c93-b27b-1d7d643cda1c",
        "x-ms-ratelimit-remaining-subscription-reads": "11834",
        "x-ms-request-id": "94bc4c5a-2471-4004-b29e-372446ae2e78",
        "x-ms-routing-request-id": "SOUTHEASTASIA:20220929T064020Z:0d4216ad-5c0c-4c93-b27b-1d7d643cda1c"
      },
      "ResponseBody": {
        "name": "5d368c59-e871-7c4c-9c61-ddf38a6b4093",
        "status": "InProgress",
        "startTime": "2022-09-29T06:37:21.2827335Z"
      }
    },
    {
      "RequestUri": "https://management.azure.com/subscriptions/azure_subscription_id/providers/Microsoft.ContainerService/locations/eastus/operations/598c365d-71e8-4c7c-9c61-ddf38a6b4093?api-version=2017-08-31",
      "RequestMethod": "GET",
      "RequestHeaders": {
        "Accept": "application/json",
        "Accept-Encoding": "gzip,deflate",
        "Authorization": "Sanitized",
        "Connection": "keep-alive",
        "User-Agent": "azsdk-js-arm-containerservice/18.0.0-beta.2 core-rest-pipeline/1.9.3 Node/v16.17.0 OS/(x64-Windows_NT-10.0.22000)",
        "x-ms-client-request-id": "dbb8e830-1df3-4000-9805-c996faf11ec8"
      },
      "RequestBody": null,
      "StatusCode": 200,
      "ResponseHeaders": {
        "Cache-Control": "no-cache",
        "Content-Encoding": "gzip",
        "Content-Type": "application/json",
        "Date": "Thu, 29 Sep 2022 06:40:22 GMT",
        "Expires": "-1",
        "Pragma": "no-cache",
        "Server": "nginx",
        "Strict-Transport-Security": "max-age=31536000; includeSubDomains",
        "Transfer-Encoding": "chunked",
        "Vary": "Accept-Encoding",
        "X-Content-Type-Options": "nosniff",
        "x-ms-correlation-request-id": "90d69f6e-4fb9-4c78-b30c-17ff1223a31f",
        "x-ms-ratelimit-remaining-subscription-reads": "11833",
        "x-ms-request-id": "258e31ac-08c4-4951-847b-95132cdece88",
        "x-ms-routing-request-id": "SOUTHEASTASIA:20220929T064023Z:90d69f6e-4fb9-4c78-b30c-17ff1223a31f"
      },
      "ResponseBody": {
        "name": "5d368c59-e871-7c4c-9c61-ddf38a6b4093",
        "status": "InProgress",
        "startTime": "2022-09-29T06:37:21.2827335Z"
      }
    },
    {
      "RequestUri": "https://management.azure.com/subscriptions/azure_subscription_id/providers/Microsoft.ContainerService/locations/eastus/operations/598c365d-71e8-4c7c-9c61-ddf38a6b4093?api-version=2017-08-31",
      "RequestMethod": "GET",
      "RequestHeaders": {
        "Accept": "application/json",
        "Accept-Encoding": "gzip,deflate",
        "Authorization": "Sanitized",
        "Connection": "keep-alive",
        "User-Agent": "azsdk-js-arm-containerservice/18.0.0-beta.2 core-rest-pipeline/1.9.3 Node/v16.17.0 OS/(x64-Windows_NT-10.0.22000)",
        "x-ms-client-request-id": "7c2e1dc8-2f14-4944-9ed1-04bb0fb55915"
      },
      "RequestBody": null,
      "StatusCode": 200,
      "ResponseHeaders": {
        "Cache-Control": "no-cache",
        "Content-Encoding": "gzip",
        "Content-Type": "application/json",
        "Date": "Thu, 29 Sep 2022 06:40:25 GMT",
        "Expires": "-1",
        "Pragma": "no-cache",
        "Server": "nginx",
        "Strict-Transport-Security": "max-age=31536000; includeSubDomains",
        "Transfer-Encoding": "chunked",
        "Vary": "Accept-Encoding",
        "X-Content-Type-Options": "nosniff",
        "x-ms-correlation-request-id": "f00a23d5-9314-4b97-ba67-455d7a7fe811",
        "x-ms-ratelimit-remaining-subscription-reads": "11832",
        "x-ms-request-id": "328cc7a5-9587-4f79-a402-e1a9134e678d",
        "x-ms-routing-request-id": "SOUTHEASTASIA:20220929T064026Z:f00a23d5-9314-4b97-ba67-455d7a7fe811"
      },
      "ResponseBody": {
        "name": "5d368c59-e871-7c4c-9c61-ddf38a6b4093",
        "status": "InProgress",
        "startTime": "2022-09-29T06:37:21.2827335Z"
      }
    },
    {
      "RequestUri": "https://management.azure.com/subscriptions/azure_subscription_id/providers/Microsoft.ContainerService/locations/eastus/operations/598c365d-71e8-4c7c-9c61-ddf38a6b4093?api-version=2017-08-31",
      "RequestMethod": "GET",
      "RequestHeaders": {
        "Accept": "application/json",
        "Accept-Encoding": "gzip,deflate",
        "Authorization": "Sanitized",
        "Connection": "keep-alive",
        "User-Agent": "azsdk-js-arm-containerservice/18.0.0-beta.2 core-rest-pipeline/1.9.3 Node/v16.17.0 OS/(x64-Windows_NT-10.0.22000)",
        "x-ms-client-request-id": "43589960-45fc-4aa3-aad3-99dad313a992"
      },
      "RequestBody": null,
      "StatusCode": 200,
      "ResponseHeaders": {
        "Cache-Control": "no-cache",
        "Content-Encoding": "gzip",
        "Content-Type": "application/json",
        "Date": "Thu, 29 Sep 2022 06:40:28 GMT",
        "Expires": "-1",
        "Pragma": "no-cache",
        "Server": "nginx",
        "Strict-Transport-Security": "max-age=31536000; includeSubDomains",
        "Transfer-Encoding": "chunked",
        "Vary": "Accept-Encoding",
        "X-Content-Type-Options": "nosniff",
        "x-ms-correlation-request-id": "a97a4772-54cf-4cb9-9d39-0b59d18ff11e",
        "x-ms-ratelimit-remaining-subscription-reads": "11831",
        "x-ms-request-id": "682ce209-613f-4acf-8b00-a6b226bd2a83",
        "x-ms-routing-request-id": "SOUTHEASTASIA:20220929T064028Z:a97a4772-54cf-4cb9-9d39-0b59d18ff11e"
      },
      "ResponseBody": {
        "name": "5d368c59-e871-7c4c-9c61-ddf38a6b4093",
        "status": "InProgress",
        "startTime": "2022-09-29T06:37:21.2827335Z"
      }
    },
    {
      "RequestUri": "https://management.azure.com/subscriptions/azure_subscription_id/providers/Microsoft.ContainerService/locations/eastus/operations/598c365d-71e8-4c7c-9c61-ddf38a6b4093?api-version=2017-08-31",
      "RequestMethod": "GET",
      "RequestHeaders": {
        "Accept": "application/json",
        "Accept-Encoding": "gzip,deflate",
        "Authorization": "Sanitized",
        "Connection": "keep-alive",
        "User-Agent": "azsdk-js-arm-containerservice/18.0.0-beta.2 core-rest-pipeline/1.9.3 Node/v16.17.0 OS/(x64-Windows_NT-10.0.22000)",
        "x-ms-client-request-id": "f5ccc146-0b88-4715-9864-c003ba3a15e5"
      },
      "RequestBody": null,
      "StatusCode": 200,
      "ResponseHeaders": {
        "Cache-Control": "no-cache",
        "Content-Encoding": "gzip",
        "Content-Type": "application/json",
        "Date": "Thu, 29 Sep 2022 06:40:30 GMT",
        "Expires": "-1",
        "Pragma": "no-cache",
        "Server": "nginx",
        "Strict-Transport-Security": "max-age=31536000; includeSubDomains",
        "Transfer-Encoding": "chunked",
        "Vary": "Accept-Encoding",
        "X-Content-Type-Options": "nosniff",
        "x-ms-correlation-request-id": "8df8bf35-32c5-489a-8d90-8712c6f81b2a",
        "x-ms-ratelimit-remaining-subscription-reads": "11830",
        "x-ms-request-id": "86ec8922-d37a-4655-827d-ce91839083f9",
        "x-ms-routing-request-id": "SOUTHEASTASIA:20220929T064031Z:8df8bf35-32c5-489a-8d90-8712c6f81b2a"
      },
      "ResponseBody": {
        "name": "5d368c59-e871-7c4c-9c61-ddf38a6b4093",
        "status": "InProgress",
        "startTime": "2022-09-29T06:37:21.2827335Z"
      }
    },
    {
      "RequestUri": "https://management.azure.com/subscriptions/azure_subscription_id/providers/Microsoft.ContainerService/locations/eastus/operations/598c365d-71e8-4c7c-9c61-ddf38a6b4093?api-version=2017-08-31",
      "RequestMethod": "GET",
      "RequestHeaders": {
        "Accept": "application/json",
        "Accept-Encoding": "gzip,deflate",
        "Authorization": "Sanitized",
        "Connection": "keep-alive",
        "User-Agent": "azsdk-js-arm-containerservice/18.0.0-beta.2 core-rest-pipeline/1.9.3 Node/v16.17.0 OS/(x64-Windows_NT-10.0.22000)",
        "x-ms-client-request-id": "9f0b12c5-cd44-4cb1-b6ba-bbb5c24a645d"
      },
      "RequestBody": null,
      "StatusCode": 200,
      "ResponseHeaders": {
        "Cache-Control": "no-cache",
        "Content-Encoding": "gzip",
        "Content-Type": "application/json",
        "Date": "Thu, 29 Sep 2022 06:40:33 GMT",
        "Expires": "-1",
        "Pragma": "no-cache",
        "Server": "nginx",
        "Strict-Transport-Security": "max-age=31536000; includeSubDomains",
        "Transfer-Encoding": "chunked",
        "Vary": "Accept-Encoding",
        "X-Content-Type-Options": "nosniff",
        "x-ms-correlation-request-id": "b5165e77-0dbd-4abf-84ad-731b377a2980",
        "x-ms-ratelimit-remaining-subscription-reads": "11829",
        "x-ms-request-id": "5f2dedaa-d839-4472-ba9e-f360a6326f46",
        "x-ms-routing-request-id": "SOUTHEASTASIA:20220929T064033Z:b5165e77-0dbd-4abf-84ad-731b377a2980"
      },
      "ResponseBody": {
        "name": "5d368c59-e871-7c4c-9c61-ddf38a6b4093",
        "status": "InProgress",
        "startTime": "2022-09-29T06:37:21.2827335Z"
      }
    },
    {
      "RequestUri": "https://management.azure.com/subscriptions/azure_subscription_id/providers/Microsoft.ContainerService/locations/eastus/operations/598c365d-71e8-4c7c-9c61-ddf38a6b4093?api-version=2017-08-31",
      "RequestMethod": "GET",
      "RequestHeaders": {
        "Accept": "application/json",
        "Accept-Encoding": "gzip,deflate",
        "Authorization": "Sanitized",
        "Connection": "keep-alive",
        "User-Agent": "azsdk-js-arm-containerservice/18.0.0-beta.2 core-rest-pipeline/1.9.3 Node/v16.17.0 OS/(x64-Windows_NT-10.0.22000)",
        "x-ms-client-request-id": "0b3e6346-5b59-407b-b958-e593c43b9a99"
      },
      "RequestBody": null,
      "StatusCode": 200,
      "ResponseHeaders": {
        "Cache-Control": "no-cache",
        "Content-Encoding": "gzip",
        "Content-Type": "application/json",
        "Date": "Thu, 29 Sep 2022 06:40:35 GMT",
        "Expires": "-1",
        "Pragma": "no-cache",
        "Server": "nginx",
        "Strict-Transport-Security": "max-age=31536000; includeSubDomains",
        "Transfer-Encoding": "chunked",
        "Vary": "Accept-Encoding",
        "X-Content-Type-Options": "nosniff",
        "x-ms-correlation-request-id": "95f85524-7e07-4bb0-a80e-accfb347be54",
        "x-ms-ratelimit-remaining-subscription-reads": "11828",
        "x-ms-request-id": "832fc6a2-1670-46f8-aa5b-9c8469019961",
        "x-ms-routing-request-id": "SOUTHEASTASIA:20220929T064036Z:95f85524-7e07-4bb0-a80e-accfb347be54"
      },
      "ResponseBody": {
        "name": "5d368c59-e871-7c4c-9c61-ddf38a6b4093",
        "status": "InProgress",
        "startTime": "2022-09-29T06:37:21.2827335Z"
      }
    },
    {
      "RequestUri": "https://management.azure.com/subscriptions/azure_subscription_id/providers/Microsoft.ContainerService/locations/eastus/operations/598c365d-71e8-4c7c-9c61-ddf38a6b4093?api-version=2017-08-31",
      "RequestMethod": "GET",
      "RequestHeaders": {
        "Accept": "application/json",
        "Accept-Encoding": "gzip,deflate",
        "Authorization": "Sanitized",
        "Connection": "keep-alive",
        "User-Agent": "azsdk-js-arm-containerservice/18.0.0-beta.2 core-rest-pipeline/1.9.3 Node/v16.17.0 OS/(x64-Windows_NT-10.0.22000)",
        "x-ms-client-request-id": "dcb78c1b-a8a7-417b-9c70-b246ece16d33"
      },
      "RequestBody": null,
      "StatusCode": 200,
      "ResponseHeaders": {
        "Cache-Control": "no-cache",
        "Content-Encoding": "gzip",
        "Content-Type": "application/json",
        "Date": "Thu, 29 Sep 2022 06:40:38 GMT",
        "Expires": "-1",
        "Pragma": "no-cache",
        "Server": "nginx",
        "Strict-Transport-Security": "max-age=31536000; includeSubDomains",
        "Transfer-Encoding": "chunked",
        "Vary": "Accept-Encoding",
        "X-Content-Type-Options": "nosniff",
        "x-ms-correlation-request-id": "55ba38e6-eef9-4f73-aedf-baba0952b764",
        "x-ms-ratelimit-remaining-subscription-reads": "11827",
        "x-ms-request-id": "a8fe8140-b78f-4dce-8c2a-f8b0c7928de8",
        "x-ms-routing-request-id": "SOUTHEASTASIA:20220929T064038Z:55ba38e6-eef9-4f73-aedf-baba0952b764"
      },
      "ResponseBody": {
        "name": "5d368c59-e871-7c4c-9c61-ddf38a6b4093",
        "status": "InProgress",
        "startTime": "2022-09-29T06:37:21.2827335Z"
      }
    },
    {
      "RequestUri": "https://management.azure.com/subscriptions/azure_subscription_id/providers/Microsoft.ContainerService/locations/eastus/operations/598c365d-71e8-4c7c-9c61-ddf38a6b4093?api-version=2017-08-31",
      "RequestMethod": "GET",
      "RequestHeaders": {
        "Accept": "application/json",
        "Accept-Encoding": "gzip,deflate",
        "Authorization": "Sanitized",
        "Connection": "keep-alive",
        "User-Agent": "azsdk-js-arm-containerservice/18.0.0-beta.2 core-rest-pipeline/1.9.3 Node/v16.17.0 OS/(x64-Windows_NT-10.0.22000)",
        "x-ms-client-request-id": "2f62b681-c97e-43ff-be82-b0f9715c25c9"
      },
      "RequestBody": null,
      "StatusCode": 200,
      "ResponseHeaders": {
        "Cache-Control": "no-cache",
        "Content-Encoding": "gzip",
        "Content-Type": "application/json",
        "Date": "Thu, 29 Sep 2022 06:40:40 GMT",
        "Expires": "-1",
        "Pragma": "no-cache",
        "Server": "nginx",
        "Strict-Transport-Security": "max-age=31536000; includeSubDomains",
        "Transfer-Encoding": "chunked",
        "Vary": "Accept-Encoding",
        "X-Content-Type-Options": "nosniff",
        "x-ms-correlation-request-id": "13c46957-e442-4c69-b3fe-2c70927ed2cb",
        "x-ms-ratelimit-remaining-subscription-reads": "11826",
        "x-ms-request-id": "5c72277c-a12b-4711-9c08-73aceac347d7",
        "x-ms-routing-request-id": "SOUTHEASTASIA:20220929T064041Z:13c46957-e442-4c69-b3fe-2c70927ed2cb"
      },
      "ResponseBody": {
        "name": "5d368c59-e871-7c4c-9c61-ddf38a6b4093",
        "status": "InProgress",
        "startTime": "2022-09-29T06:37:21.2827335Z"
      }
    },
    {
      "RequestUri": "https://management.azure.com/subscriptions/azure_subscription_id/providers/Microsoft.ContainerService/locations/eastus/operations/598c365d-71e8-4c7c-9c61-ddf38a6b4093?api-version=2017-08-31",
      "RequestMethod": "GET",
      "RequestHeaders": {
        "Accept": "application/json",
        "Accept-Encoding": "gzip,deflate",
        "Authorization": "Sanitized",
        "Connection": "keep-alive",
        "User-Agent": "azsdk-js-arm-containerservice/18.0.0-beta.2 core-rest-pipeline/1.9.3 Node/v16.17.0 OS/(x64-Windows_NT-10.0.22000)",
        "x-ms-client-request-id": "e7c9ffe4-2219-464a-a2df-0c5658551d2a"
      },
      "RequestBody": null,
      "StatusCode": 200,
      "ResponseHeaders": {
        "Cache-Control": "no-cache",
        "Content-Encoding": "gzip",
        "Content-Type": "application/json",
        "Date": "Thu, 29 Sep 2022 06:40:42 GMT",
        "Expires": "-1",
        "Pragma": "no-cache",
        "Server": "nginx",
        "Strict-Transport-Security": "max-age=31536000; includeSubDomains",
        "Transfer-Encoding": "chunked",
        "Vary": "Accept-Encoding",
        "X-Content-Type-Options": "nosniff",
        "x-ms-correlation-request-id": "df4c8eac-5201-4ed1-9eee-d36a791af7b4",
        "x-ms-ratelimit-remaining-subscription-reads": "11825",
        "x-ms-request-id": "dbd290ed-80cd-42c7-bc2e-1fb611611982",
        "x-ms-routing-request-id": "SOUTHEASTASIA:20220929T064043Z:df4c8eac-5201-4ed1-9eee-d36a791af7b4"
      },
      "ResponseBody": {
        "name": "5d368c59-e871-7c4c-9c61-ddf38a6b4093",
        "status": "InProgress",
        "startTime": "2022-09-29T06:37:21.2827335Z"
      }
    },
    {
      "RequestUri": "https://management.azure.com/subscriptions/azure_subscription_id/providers/Microsoft.ContainerService/locations/eastus/operations/598c365d-71e8-4c7c-9c61-ddf38a6b4093?api-version=2017-08-31",
      "RequestMethod": "GET",
      "RequestHeaders": {
        "Accept": "application/json",
        "Accept-Encoding": "gzip,deflate",
        "Authorization": "Sanitized",
        "Connection": "keep-alive",
        "User-Agent": "azsdk-js-arm-containerservice/18.0.0-beta.2 core-rest-pipeline/1.9.3 Node/v16.17.0 OS/(x64-Windows_NT-10.0.22000)",
        "x-ms-client-request-id": "72296faa-e892-418e-a10b-aa1804a6b8b8"
      },
      "RequestBody": null,
      "StatusCode": 200,
      "ResponseHeaders": {
        "Cache-Control": "no-cache",
        "Content-Encoding": "gzip",
        "Content-Type": "application/json",
        "Date": "Thu, 29 Sep 2022 06:40:45 GMT",
        "Expires": "-1",
        "Pragma": "no-cache",
        "Server": "nginx",
        "Strict-Transport-Security": "max-age=31536000; includeSubDomains",
        "Transfer-Encoding": "chunked",
        "Vary": "Accept-Encoding",
        "X-Content-Type-Options": "nosniff",
        "x-ms-correlation-request-id": "22bb2878-ccaa-4790-b157-7d573ebe33c8",
        "x-ms-ratelimit-remaining-subscription-reads": "11824",
        "x-ms-request-id": "e4900019-9f84-46f2-9aeb-88d519d857e5",
        "x-ms-routing-request-id": "SOUTHEASTASIA:20220929T064046Z:22bb2878-ccaa-4790-b157-7d573ebe33c8"
      },
      "ResponseBody": {
        "name": "5d368c59-e871-7c4c-9c61-ddf38a6b4093",
        "status": "InProgress",
        "startTime": "2022-09-29T06:37:21.2827335Z"
      }
    },
    {
      "RequestUri": "https://management.azure.com/subscriptions/azure_subscription_id/providers/Microsoft.ContainerService/locations/eastus/operations/598c365d-71e8-4c7c-9c61-ddf38a6b4093?api-version=2017-08-31",
      "RequestMethod": "GET",
      "RequestHeaders": {
        "Accept": "application/json",
        "Accept-Encoding": "gzip,deflate",
        "Authorization": "Sanitized",
        "Connection": "keep-alive",
        "User-Agent": "azsdk-js-arm-containerservice/18.0.0-beta.2 core-rest-pipeline/1.9.3 Node/v16.17.0 OS/(x64-Windows_NT-10.0.22000)",
        "x-ms-client-request-id": "9da95209-4162-4b0c-b643-35a752c8c547"
      },
      "RequestBody": null,
      "StatusCode": 200,
      "ResponseHeaders": {
        "Cache-Control": "no-cache",
        "Content-Encoding": "gzip",
        "Content-Type": "application/json",
        "Date": "Thu, 29 Sep 2022 06:40:47 GMT",
        "Expires": "-1",
        "Pragma": "no-cache",
        "Server": "nginx",
        "Strict-Transport-Security": "max-age=31536000; includeSubDomains",
        "Transfer-Encoding": "chunked",
        "Vary": "Accept-Encoding",
        "X-Content-Type-Options": "nosniff",
        "x-ms-correlation-request-id": "efec9c99-41e6-4fbd-b072-f18b1f6f436d",
        "x-ms-ratelimit-remaining-subscription-reads": "11823",
        "x-ms-request-id": "f21af83a-8369-40cc-869c-41492d6d8101",
        "x-ms-routing-request-id": "SOUTHEASTASIA:20220929T064048Z:efec9c99-41e6-4fbd-b072-f18b1f6f436d"
      },
      "ResponseBody": {
        "name": "5d368c59-e871-7c4c-9c61-ddf38a6b4093",
        "status": "InProgress",
        "startTime": "2022-09-29T06:37:21.2827335Z"
      }
    },
    {
      "RequestUri": "https://management.azure.com/subscriptions/azure_subscription_id/providers/Microsoft.ContainerService/locations/eastus/operations/598c365d-71e8-4c7c-9c61-ddf38a6b4093?api-version=2017-08-31",
      "RequestMethod": "GET",
      "RequestHeaders": {
        "Accept": "application/json",
        "Accept-Encoding": "gzip,deflate",
        "Authorization": "Sanitized",
        "Connection": "keep-alive",
        "User-Agent": "azsdk-js-arm-containerservice/18.0.0-beta.2 core-rest-pipeline/1.9.3 Node/v16.17.0 OS/(x64-Windows_NT-10.0.22000)",
        "x-ms-client-request-id": "e8d06c4b-b41a-489d-952f-c07ee1b80a78"
      },
      "RequestBody": null,
      "StatusCode": 200,
      "ResponseHeaders": {
        "Cache-Control": "no-cache",
        "Content-Encoding": "gzip",
        "Content-Type": "application/json",
        "Date": "Thu, 29 Sep 2022 06:40:50 GMT",
        "Expires": "-1",
        "Pragma": "no-cache",
        "Server": "nginx",
        "Strict-Transport-Security": "max-age=31536000; includeSubDomains",
        "Transfer-Encoding": "chunked",
        "Vary": "Accept-Encoding",
        "X-Content-Type-Options": "nosniff",
        "x-ms-correlation-request-id": "7e0754b8-8e94-4d5e-aba8-24777ccb4f40",
        "x-ms-ratelimit-remaining-subscription-reads": "11822",
        "x-ms-request-id": "a760a4fb-15e0-4b40-9fdb-02e638fdea3f",
        "x-ms-routing-request-id": "SOUTHEASTASIA:20220929T064051Z:7e0754b8-8e94-4d5e-aba8-24777ccb4f40"
      },
      "ResponseBody": {
        "name": "5d368c59-e871-7c4c-9c61-ddf38a6b4093",
        "status": "InProgress",
        "startTime": "2022-09-29T06:37:21.2827335Z"
      }
    },
    {
      "RequestUri": "https://management.azure.com/subscriptions/azure_subscription_id/providers/Microsoft.ContainerService/locations/eastus/operations/598c365d-71e8-4c7c-9c61-ddf38a6b4093?api-version=2017-08-31",
      "RequestMethod": "GET",
      "RequestHeaders": {
        "Accept": "application/json",
        "Accept-Encoding": "gzip,deflate",
        "Authorization": "Sanitized",
        "Connection": "keep-alive",
        "User-Agent": "azsdk-js-arm-containerservice/18.0.0-beta.2 core-rest-pipeline/1.9.3 Node/v16.17.0 OS/(x64-Windows_NT-10.0.22000)",
        "x-ms-client-request-id": "4ee37a06-3389-444e-aba0-ecfde016bfe8"
      },
      "RequestBody": null,
      "StatusCode": 200,
      "ResponseHeaders": {
        "Cache-Control": "no-cache",
        "Content-Encoding": "gzip",
        "Content-Type": "application/json",
        "Date": "Thu, 29 Sep 2022 06:40:52 GMT",
        "Expires": "-1",
        "Pragma": "no-cache",
        "Server": "nginx",
        "Strict-Transport-Security": "max-age=31536000; includeSubDomains",
        "Transfer-Encoding": "chunked",
        "Vary": "Accept-Encoding",
        "X-Content-Type-Options": "nosniff",
        "x-ms-correlation-request-id": "192ef882-4abf-4873-a443-b31527f12ca6",
        "x-ms-ratelimit-remaining-subscription-reads": "11821",
        "x-ms-request-id": "0dd06150-de9c-415d-8be0-de80229a08a6",
        "x-ms-routing-request-id": "SOUTHEASTASIA:20220929T064053Z:192ef882-4abf-4873-a443-b31527f12ca6"
      },
      "ResponseBody": {
        "name": "5d368c59-e871-7c4c-9c61-ddf38a6b4093",
        "status": "InProgress",
        "startTime": "2022-09-29T06:37:21.2827335Z"
      }
    },
    {
      "RequestUri": "https://management.azure.com/subscriptions/azure_subscription_id/providers/Microsoft.ContainerService/locations/eastus/operations/598c365d-71e8-4c7c-9c61-ddf38a6b4093?api-version=2017-08-31",
      "RequestMethod": "GET",
      "RequestHeaders": {
        "Accept": "application/json",
        "Accept-Encoding": "gzip,deflate",
        "Authorization": "Sanitized",
        "Connection": "keep-alive",
        "User-Agent": "azsdk-js-arm-containerservice/18.0.0-beta.2 core-rest-pipeline/1.9.3 Node/v16.17.0 OS/(x64-Windows_NT-10.0.22000)",
        "x-ms-client-request-id": "f3e583af-1c61-40c0-8a5d-6c0c198fd769"
      },
      "RequestBody": null,
      "StatusCode": 200,
      "ResponseHeaders": {
        "Cache-Control": "no-cache",
        "Content-Encoding": "gzip",
        "Content-Type": "application/json",
        "Date": "Thu, 29 Sep 2022 06:40:55 GMT",
        "Expires": "-1",
        "Pragma": "no-cache",
        "Server": "nginx",
        "Strict-Transport-Security": "max-age=31536000; includeSubDomains",
        "Transfer-Encoding": "chunked",
        "Vary": "Accept-Encoding",
        "X-Content-Type-Options": "nosniff",
        "x-ms-correlation-request-id": "b6babc93-6c71-4a16-ab1d-60987a1908a2",
        "x-ms-ratelimit-remaining-subscription-reads": "11820",
        "x-ms-request-id": "f57e3c1a-4357-4b79-9ea1-0f64ca992080",
        "x-ms-routing-request-id": "SOUTHEASTASIA:20220929T064056Z:b6babc93-6c71-4a16-ab1d-60987a1908a2"
      },
      "ResponseBody": {
        "name": "5d368c59-e871-7c4c-9c61-ddf38a6b4093",
        "status": "InProgress",
        "startTime": "2022-09-29T06:37:21.2827335Z"
      }
    },
    {
      "RequestUri": "https://management.azure.com/subscriptions/azure_subscription_id/providers/Microsoft.ContainerService/locations/eastus/operations/598c365d-71e8-4c7c-9c61-ddf38a6b4093?api-version=2017-08-31",
      "RequestMethod": "GET",
      "RequestHeaders": {
        "Accept": "application/json",
        "Accept-Encoding": "gzip,deflate",
        "Authorization": "Sanitized",
        "Connection": "keep-alive",
        "User-Agent": "azsdk-js-arm-containerservice/18.0.0-beta.2 core-rest-pipeline/1.9.3 Node/v16.17.0 OS/(x64-Windows_NT-10.0.22000)",
        "x-ms-client-request-id": "dab9b0d3-160e-4877-a73f-6d41b3660e8c"
      },
      "RequestBody": null,
      "StatusCode": 200,
      "ResponseHeaders": {
        "Cache-Control": "no-cache",
        "Content-Encoding": "gzip",
        "Content-Type": "application/json",
        "Date": "Thu, 29 Sep 2022 06:40:57 GMT",
        "Expires": "-1",
        "Pragma": "no-cache",
        "Server": "nginx",
        "Strict-Transport-Security": "max-age=31536000; includeSubDomains",
        "Transfer-Encoding": "chunked",
        "Vary": "Accept-Encoding",
        "X-Content-Type-Options": "nosniff",
        "x-ms-correlation-request-id": "6e79c295-a0e9-4529-918b-1cf9d786fe47",
        "x-ms-ratelimit-remaining-subscription-reads": "11819",
        "x-ms-request-id": "8bed7298-7629-46e4-aa3d-de773a2399f9",
        "x-ms-routing-request-id": "SOUTHEASTASIA:20220929T064058Z:6e79c295-a0e9-4529-918b-1cf9d786fe47"
      },
      "ResponseBody": {
        "name": "5d368c59-e871-7c4c-9c61-ddf38a6b4093",
        "status": "InProgress",
        "startTime": "2022-09-29T06:37:21.2827335Z"
      }
    },
    {
      "RequestUri": "https://management.azure.com/subscriptions/azure_subscription_id/providers/Microsoft.ContainerService/locations/eastus/operations/598c365d-71e8-4c7c-9c61-ddf38a6b4093?api-version=2017-08-31",
      "RequestMethod": "GET",
      "RequestHeaders": {
        "Accept": "application/json",
        "Accept-Encoding": "gzip,deflate",
        "Authorization": "Sanitized",
        "Connection": "keep-alive",
        "User-Agent": "azsdk-js-arm-containerservice/18.0.0-beta.2 core-rest-pipeline/1.9.3 Node/v16.17.0 OS/(x64-Windows_NT-10.0.22000)",
        "x-ms-client-request-id": "156c84f1-d216-464c-a3f9-d1b5b6d80c87"
      },
      "RequestBody": null,
      "StatusCode": 200,
      "ResponseHeaders": {
        "Cache-Control": "no-cache",
        "Content-Encoding": "gzip",
        "Content-Type": "application/json",
        "Date": "Thu, 29 Sep 2022 06:41:01 GMT",
        "Expires": "-1",
        "Pragma": "no-cache",
        "Server": "nginx",
        "Strict-Transport-Security": "max-age=31536000; includeSubDomains",
        "Transfer-Encoding": "chunked",
        "Vary": "Accept-Encoding",
        "X-Content-Type-Options": "nosniff",
        "x-ms-correlation-request-id": "3a4aa490-cb88-454d-b8e3-8345d5b52a36",
        "x-ms-ratelimit-remaining-subscription-reads": "11818",
        "x-ms-request-id": "d7b44607-459f-45a4-a5da-8cfe490c6992",
        "x-ms-routing-request-id": "SOUTHEASTASIA:20220929T064101Z:3a4aa490-cb88-454d-b8e3-8345d5b52a36"
      },
      "ResponseBody": {
        "name": "5d368c59-e871-7c4c-9c61-ddf38a6b4093",
        "status": "InProgress",
        "startTime": "2022-09-29T06:37:21.2827335Z"
      }
    },
    {
      "RequestUri": "https://management.azure.com/subscriptions/azure_subscription_id/providers/Microsoft.ContainerService/locations/eastus/operations/598c365d-71e8-4c7c-9c61-ddf38a6b4093?api-version=2017-08-31",
      "RequestMethod": "GET",
      "RequestHeaders": {
        "Accept": "application/json",
        "Accept-Encoding": "gzip,deflate",
        "Authorization": "Sanitized",
        "Connection": "keep-alive",
        "User-Agent": "azsdk-js-arm-containerservice/18.0.0-beta.2 core-rest-pipeline/1.9.3 Node/v16.17.0 OS/(x64-Windows_NT-10.0.22000)",
        "x-ms-client-request-id": "fce77029-0cb2-4c51-97cd-dc68323ed147"
      },
      "RequestBody": null,
      "StatusCode": 200,
      "ResponseHeaders": {
        "Cache-Control": "no-cache",
        "Content-Encoding": "gzip",
        "Content-Type": "application/json",
        "Date": "Thu, 29 Sep 2022 06:41:03 GMT",
        "Expires": "-1",
        "Pragma": "no-cache",
        "Server": "nginx",
        "Strict-Transport-Security": "max-age=31536000; includeSubDomains",
        "Transfer-Encoding": "chunked",
        "Vary": "Accept-Encoding",
        "X-Content-Type-Options": "nosniff",
        "x-ms-correlation-request-id": "480cc9a5-6403-4e3b-8a29-da7cbad0014f",
        "x-ms-ratelimit-remaining-subscription-reads": "11817",
        "x-ms-request-id": "e7eff08d-c7ac-4903-acee-45433013f661",
        "x-ms-routing-request-id": "SOUTHEASTASIA:20220929T064103Z:480cc9a5-6403-4e3b-8a29-da7cbad0014f"
      },
      "ResponseBody": {
        "name": "5d368c59-e871-7c4c-9c61-ddf38a6b4093",
        "status": "InProgress",
        "startTime": "2022-09-29T06:37:21.2827335Z"
      }
    },
    {
      "RequestUri": "https://management.azure.com/subscriptions/azure_subscription_id/providers/Microsoft.ContainerService/locations/eastus/operations/598c365d-71e8-4c7c-9c61-ddf38a6b4093?api-version=2017-08-31",
      "RequestMethod": "GET",
      "RequestHeaders": {
        "Accept": "application/json",
        "Accept-Encoding": "gzip,deflate",
        "Authorization": "Sanitized",
        "Connection": "keep-alive",
        "User-Agent": "azsdk-js-arm-containerservice/18.0.0-beta.2 core-rest-pipeline/1.9.3 Node/v16.17.0 OS/(x64-Windows_NT-10.0.22000)",
        "x-ms-client-request-id": "6e18db4a-b5d1-41d3-ba28-2e2868c04110"
      },
      "RequestBody": null,
      "StatusCode": 200,
      "ResponseHeaders": {
        "Cache-Control": "no-cache",
        "Content-Encoding": "gzip",
        "Content-Type": "application/json",
        "Date": "Thu, 29 Sep 2022 06:41:06 GMT",
        "Expires": "-1",
        "Pragma": "no-cache",
        "Server": "nginx",
        "Strict-Transport-Security": "max-age=31536000; includeSubDomains",
        "Transfer-Encoding": "chunked",
        "Vary": "Accept-Encoding",
        "X-Content-Type-Options": "nosniff",
        "x-ms-correlation-request-id": "f312f476-08ac-4774-80e0-1cefd9f0c9d3",
        "x-ms-ratelimit-remaining-subscription-reads": "11816",
        "x-ms-request-id": "5a737ea2-cc4e-45c3-978a-23555c5dc126",
        "x-ms-routing-request-id": "SOUTHEASTASIA:20220929T064106Z:f312f476-08ac-4774-80e0-1cefd9f0c9d3"
      },
      "ResponseBody": {
        "name": "5d368c59-e871-7c4c-9c61-ddf38a6b4093",
        "status": "InProgress",
        "startTime": "2022-09-29T06:37:21.2827335Z"
      }
    },
    {
      "RequestUri": "https://management.azure.com/subscriptions/azure_subscription_id/providers/Microsoft.ContainerService/locations/eastus/operations/598c365d-71e8-4c7c-9c61-ddf38a6b4093?api-version=2017-08-31",
      "RequestMethod": "GET",
      "RequestHeaders": {
        "Accept": "application/json",
        "Accept-Encoding": "gzip,deflate",
        "Authorization": "Sanitized",
        "Connection": "keep-alive",
        "User-Agent": "azsdk-js-arm-containerservice/18.0.0-beta.2 core-rest-pipeline/1.9.3 Node/v16.17.0 OS/(x64-Windows_NT-10.0.22000)",
        "x-ms-client-request-id": "c0f9ee61-8a1f-4cf0-95de-dfde212f8e12"
      },
      "RequestBody": null,
      "StatusCode": 200,
      "ResponseHeaders": {
        "Cache-Control": "no-cache",
        "Content-Encoding": "gzip",
        "Content-Type": "application/json",
        "Date": "Thu, 29 Sep 2022 06:41:08 GMT",
        "Expires": "-1",
        "Pragma": "no-cache",
        "Server": "nginx",
        "Strict-Transport-Security": "max-age=31536000; includeSubDomains",
        "Transfer-Encoding": "chunked",
        "Vary": "Accept-Encoding",
        "X-Content-Type-Options": "nosniff",
        "x-ms-correlation-request-id": "2e0bd081-4ed8-4788-a49c-e0d20348e7a6",
        "x-ms-ratelimit-remaining-subscription-reads": "11815",
        "x-ms-request-id": "48fe4cad-bcae-4d9a-9a36-93c3e1152d4f",
        "x-ms-routing-request-id": "SOUTHEASTASIA:20220929T064108Z:2e0bd081-4ed8-4788-a49c-e0d20348e7a6"
      },
      "ResponseBody": {
        "name": "5d368c59-e871-7c4c-9c61-ddf38a6b4093",
        "status": "InProgress",
        "startTime": "2022-09-29T06:37:21.2827335Z"
      }
    },
    {
      "RequestUri": "https://management.azure.com/subscriptions/azure_subscription_id/providers/Microsoft.ContainerService/locations/eastus/operations/598c365d-71e8-4c7c-9c61-ddf38a6b4093?api-version=2017-08-31",
      "RequestMethod": "GET",
      "RequestHeaders": {
        "Accept": "application/json",
        "Accept-Encoding": "gzip,deflate",
        "Authorization": "Sanitized",
        "Connection": "keep-alive",
        "User-Agent": "azsdk-js-arm-containerservice/18.0.0-beta.2 core-rest-pipeline/1.9.3 Node/v16.17.0 OS/(x64-Windows_NT-10.0.22000)",
        "x-ms-client-request-id": "7083daa7-80d1-4dde-9494-62c571eef7a3"
      },
      "RequestBody": null,
      "StatusCode": 200,
      "ResponseHeaders": {
        "Cache-Control": "no-cache",
        "Content-Encoding": "gzip",
        "Content-Type": "application/json",
        "Date": "Thu, 29 Sep 2022 06:41:10 GMT",
        "Expires": "-1",
        "Pragma": "no-cache",
        "Server": "nginx",
        "Strict-Transport-Security": "max-age=31536000; includeSubDomains",
        "Transfer-Encoding": "chunked",
        "Vary": "Accept-Encoding",
        "X-Content-Type-Options": "nosniff",
        "x-ms-correlation-request-id": "65392d32-ca1f-4b20-a941-b5619c66ff1c",
        "x-ms-ratelimit-remaining-subscription-reads": "11814",
        "x-ms-request-id": "0df333f3-097c-4513-9b7c-48422535a7e5",
        "x-ms-routing-request-id": "SOUTHEASTASIA:20220929T064111Z:65392d32-ca1f-4b20-a941-b5619c66ff1c"
      },
      "ResponseBody": {
        "name": "5d368c59-e871-7c4c-9c61-ddf38a6b4093",
        "status": "InProgress",
        "startTime": "2022-09-29T06:37:21.2827335Z"
      }
    },
    {
      "RequestUri": "https://management.azure.com/subscriptions/azure_subscription_id/providers/Microsoft.ContainerService/locations/eastus/operations/598c365d-71e8-4c7c-9c61-ddf38a6b4093?api-version=2017-08-31",
      "RequestMethod": "GET",
      "RequestHeaders": {
        "Accept": "application/json",
        "Accept-Encoding": "gzip,deflate",
        "Authorization": "Sanitized",
        "Connection": "keep-alive",
        "User-Agent": "azsdk-js-arm-containerservice/18.0.0-beta.2 core-rest-pipeline/1.9.3 Node/v16.17.0 OS/(x64-Windows_NT-10.0.22000)",
        "x-ms-client-request-id": "6e6c6931-832b-42b8-a194-2baaa3e46f97"
      },
      "RequestBody": null,
      "StatusCode": 200,
      "ResponseHeaders": {
        "Cache-Control": "no-cache",
        "Content-Encoding": "gzip",
        "Content-Type": "application/json",
        "Date": "Thu, 29 Sep 2022 06:41:13 GMT",
        "Expires": "-1",
        "Pragma": "no-cache",
        "Server": "nginx",
        "Strict-Transport-Security": "max-age=31536000; includeSubDomains",
        "Transfer-Encoding": "chunked",
        "Vary": "Accept-Encoding",
        "X-Content-Type-Options": "nosniff",
        "x-ms-correlation-request-id": "58fbfe49-6972-42b0-9ccb-26bf039bb01b",
        "x-ms-ratelimit-remaining-subscription-reads": "11813",
        "x-ms-request-id": "130acf02-d7d3-4519-86f9-1389ef7531a4",
        "x-ms-routing-request-id": "SOUTHEASTASIA:20220929T064113Z:58fbfe49-6972-42b0-9ccb-26bf039bb01b"
      },
      "ResponseBody": {
        "name": "5d368c59-e871-7c4c-9c61-ddf38a6b4093",
        "status": "Succeeded",
        "startTime": "2022-09-29T06:37:21.2827335Z",
        "endTime": "2022-09-29T06:41:12.6159864Z"
      }
    },
    {
      "RequestUri": "https://management.azure.com/subscriptions/azure_subscription_id/resourceGroups/myjstest/providers/Microsoft.ContainerService/managedClusters?api-version=2022-08-03-preview",
      "RequestMethod": "GET",
      "RequestHeaders": {
        "Accept": "application/json",
        "Accept-Encoding": "gzip,deflate",
        "Authorization": "Sanitized",
        "Connection": "keep-alive",
        "User-Agent": "azsdk-js-arm-containerservice/18.0.0-beta.2 core-rest-pipeline/1.9.3 Node/v16.17.0 OS/(x64-Windows_NT-10.0.22000)",
        "x-ms-client-request-id": "43d73347-aa65-4767-a4f8-b9e02f5687e6"
      },
      "RequestBody": null,
      "StatusCode": 200,
      "ResponseHeaders": {
        "Cache-Control": "no-cache",
        "Content-Encoding": "gzip",
        "Content-Type": "application/json",
        "Date": "Thu, 29 Sep 2022 06:41:14 GMT",
        "Expires": "-1",
        "Pragma": "no-cache",
        "Server": "nginx",
        "Strict-Transport-Security": "max-age=31536000; includeSubDomains",
        "Transfer-Encoding": "chunked",
        "Vary": "Accept-Encoding",
        "X-Content-Type-Options": "nosniff",
        "x-ms-correlation-request-id": "b368fd59-e3b4-4dc8-9d56-dc787111798a",
        "x-ms-ratelimit-remaining-subscription-reads": "11812",
        "x-ms-request-id": "1b05a144-081a-45bb-8e10-40b0c63ea4a7",
        "x-ms-routing-request-id": "SOUTHEASTASIA:20220929T064114Z:b368fd59-e3b4-4dc8-9d56-dc787111798a"
      },
      "ResponseBody": {
        "value": []
      }
    }
  ],
  "Variables": {}
}
