{
  "Entries": [
    {
      "RequestUri": "https://management.azure.com/subscriptions/azure_subscription_id/resourceGroups/myjstest/providers/Microsoft.ContainerService/managedClusters/myreourcexyz?api-version=2022-09-01",
      "RequestMethod": "PUT",
      "RequestHeaders": {
        "Accept": "application/json",
        "Accept-Encoding": "gzip,deflate",
        "Authorization": "Sanitized",
        "Connection": "keep-alive",
        "Content-Length": "359",
        "Content-Type": "application/json",
        "User-Agent": "azsdk-js-arm-containerservice/17.2.1 core-rest-pipeline/1.10.1 Node/v16.17.0 OS/(x64-Windows_NT-10.0.22621)",
        "x-ms-client-request-id": "58fac233-65e2-4625-afe9-c3af9ca2da3a"
      },
      "RequestBody": {
        "location": "eastus",
        "properties": {
          "dnsPrefix": "aksjssdk",
          "agentPoolProfiles": [
            {
              "count": 1,
              "vmSize": "Standard_DS2_v2",
              "maxPods": 110,
              "osType": "Linux",
              "maxCount": 100,
              "minCount": 1,
              "enableAutoScaling": true,
              "type": "VirtualMachineScaleSets",
              "mode": "System",
              "name": "aksagent"
            }
          ],
          "servicePrincipalProfile": {
            "clientId": "azure_client_id",
            "secret": "azure_client_secret"
          }
        }
      },
      "StatusCode": 201,
      "ResponseHeaders": {
        "azure-asyncoperation": "https://management.azure.com/subscriptions/azure_subscription_id/providers/Microsoft.ContainerService/locations/eastus/operations/63db356c-a9af-44d3-9d1a-f0f49a225d54?api-version=2017-08-31",
        "Cache-Control": "no-cache",
        "Content-Length": "2253",
        "Content-Type": "application/json",
        "Date": "Wed, 23 Nov 2022 08:57:09 GMT",
        "Expires": "-1",
        "Pragma": "no-cache",
        "Server": "nginx",
        "Strict-Transport-Security": "max-age=31536000; includeSubDomains",
        "X-Content-Type-Options": "nosniff",
        "x-ms-correlation-request-id": "4c511d64-15cf-4f47-a312-06851cb8d182",
        "x-ms-ratelimit-remaining-subscription-writes": "1199",
        "x-ms-request-id": "63db356c-a9af-44d3-9d1a-f0f49a225d54",
        "x-ms-routing-request-id": "SOUTHEASTASIA:20221123T085709Z:4c511d64-15cf-4f47-a312-06851cb8d182"
      },
      "ResponseBody": {
        "id": "/subscriptions/azure_subscription_id/resourcegroups/myjstest/providers/Microsoft.ContainerService/managedClusters/myreourcexyz",
        "location": "eastus",
        "name": "myreourcexyz",
        "type": "Microsoft.ContainerService/ManagedClusters",
        "properties": {
          "provisioningState": "Creating",
          "powerState": {
            "code": "Running"
          },
          "kubernetesVersion": "1.23.12",
          "currentKubernetesVersion": "1.23.12",
          "dnsPrefix": "aksjssdk",
          "fqdn": "aksjssdk-b284ed2a.hcp.eastus.azmk8s.io",
          "azurePortalFQDN": "aksjssdk-b284ed2a.portal.hcp.eastus.azmk8s.io",
          "agentPoolProfiles": [
            {
              "name": "aksagent",
              "count": 1,
              "vmSize": "Standard_DS2_v2",
              "osDiskSizeGB": 128,
              "osDiskType": "Managed",
              "kubeletDiskType": "OS",
              "maxPods": 110,
              "type": "VirtualMachineScaleSets",
              "maxCount": 100,
              "minCount": 1,
              "enableAutoScaling": true,
              "provisioningState": "Creating",
              "powerState": {
                "code": "Running"
              },
              "orchestratorVersion": "1.23.12",
              "currentOrchestratorVersion": "1.23.12",
              "mode": "System",
              "osType": "Linux",
              "osSKU": "Ubuntu",
              "nodeImageVersion": "AKSUbuntu-1804gen2containerd-2022.11.02",
              "enableFIPS": false
            }
          ],
          "servicePrincipalProfile": {
            "clientId": "azure_client_id"
          },
          "nodeResourceGroup": "MC_myjstest_myreourcexyz_eastus",
          "enableRBAC": true,
          "networkProfile": {
            "networkPlugin": "kubenet",
            "loadBalancerSku": "standard",
            "loadBalancerProfile": {
              "managedOutboundIPs": {
                "count": 1
              }
            },
            "podCidr": "10.244.0.0/16",
            "serviceCidr": "10.0.0.0/16",
            "dnsServiceIP": "10.0.0.10",
            "dockerBridgeCidr": "172.17.0.1/16",
            "outboundType": "loadBalancer",
            "podCidrs": [
              "10.244.0.0/16"
            ],
            "serviceCidrs": [
              "10.0.0.0/16"
            ],
            "ipFamilies": [
              "IPv4"
            ]
          },
          "maxAgentPools": 100,
          "securityProfile": {},
          "storageProfile": {
            "diskCSIDriver": {
              "enabled": true
            },
            "fileCSIDriver": {
              "enabled": true
            },
            "snapshotController": {
              "enabled": true
            }
          },
          "oidcIssuerProfile": {
            "enabled": false
          }
        },
        "sku": {
          "name": "Basic",
          "tier": "Free"
        }
      }
    },
    {
      "RequestUri": "https://management.azure.com/subscriptions/azure_subscription_id/providers/Microsoft.ContainerService/locations/eastus/operations/63db356c-a9af-44d3-9d1a-f0f49a225d54?api-version=2017-08-31",
      "RequestMethod": "GET",
      "RequestHeaders": {
        "Accept": "application/json",
        "Accept-Encoding": "gzip,deflate",
        "Authorization": "Sanitized",
        "Connection": "keep-alive",
        "Content-Type": "application/json",
        "User-Agent": "azsdk-js-arm-containerservice/17.2.1 core-rest-pipeline/1.10.1 Node/v16.17.0 OS/(x64-Windows_NT-10.0.22621)",
        "x-ms-client-request-id": "cd12b901-649c-4d98-b362-84f04aa30cc8"
      },
      "RequestBody": null,
      "StatusCode": 200,
      "ResponseHeaders": {
        "Cache-Control": "no-cache",
        "Content-Encoding": "gzip",
        "Content-Type": "application/json",
        "Date": "Wed, 23 Nov 2022 08:57:10 GMT",
        "Expires": "-1",
        "Pragma": "no-cache",
        "Server": "nginx",
        "Strict-Transport-Security": "max-age=31536000; includeSubDomains",
        "Transfer-Encoding": "chunked",
        "Vary": "Accept-Encoding",
        "X-Content-Type-Options": "nosniff",
        "x-ms-correlation-request-id": "6a9ec2cb-b52c-4a1c-b319-b45e1581fe92",
        "x-ms-ratelimit-remaining-subscription-reads": "11999",
        "x-ms-request-id": "fe529438-0874-4aa1-abf2-771eadbc2cc4",
        "x-ms-routing-request-id": "SOUTHEASTASIA:20221123T085710Z:6a9ec2cb-b52c-4a1c-b319-b45e1581fe92"
      },
      "ResponseBody": {
        "name": "6c35db63-afa9-d344-9d1a-f0f49a225d54",
        "status": "InProgress",
        "startTime": "2022-11-23T08:57:08.2000873Z"
      }
    },
    {
      "RequestUri": "https://management.azure.com/subscriptions/azure_subscription_id/providers/Microsoft.ContainerService/locations/eastus/operations/63db356c-a9af-44d3-9d1a-f0f49a225d54?api-version=2017-08-31",
      "RequestMethod": "GET",
      "RequestHeaders": {
        "Accept": "application/json",
        "Accept-Encoding": "gzip,deflate",
        "Authorization": "Sanitized",
        "Connection": "keep-alive",
        "Content-Type": "application/json",
        "User-Agent": "azsdk-js-arm-containerservice/17.2.1 core-rest-pipeline/1.10.1 Node/v16.17.0 OS/(x64-Windows_NT-10.0.22621)",
        "x-ms-client-request-id": "37fc3f09-78b3-4b43-bb9a-27108dcc17cf"
      },
      "RequestBody": null,
      "StatusCode": 200,
      "ResponseHeaders": {
        "Cache-Control": "no-cache",
        "Content-Encoding": "gzip",
        "Content-Type": "application/json",
        "Date": "Wed, 23 Nov 2022 08:57:10 GMT",
        "Expires": "-1",
        "Pragma": "no-cache",
        "Server": "nginx",
        "Strict-Transport-Security": "max-age=31536000; includeSubDomains",
        "Transfer-Encoding": "chunked",
        "Vary": "Accept-Encoding",
        "X-Content-Type-Options": "nosniff",
        "x-ms-correlation-request-id": "7fd4b1d0-f902-461d-8639-4e2137c1e8a1",
        "x-ms-ratelimit-remaining-subscription-reads": "11998",
        "x-ms-request-id": "cc31bb1f-91b9-4146-8b27-02588a90eabe",
        "x-ms-routing-request-id": "SOUTHEASTASIA:20221123T085710Z:7fd4b1d0-f902-461d-8639-4e2137c1e8a1"
      },
      "ResponseBody": {
        "name": "6c35db63-afa9-d344-9d1a-f0f49a225d54",
        "status": "InProgress",
        "startTime": "2022-11-23T08:57:08.2000873Z"
      }
    },
    {
      "RequestUri": "https://management.azure.com/subscriptions/azure_subscription_id/providers/Microsoft.ContainerService/locations/eastus/operations/63db356c-a9af-44d3-9d1a-f0f49a225d54?api-version=2017-08-31",
      "RequestMethod": "GET",
      "RequestHeaders": {
        "Accept": "application/json",
        "Accept-Encoding": "gzip,deflate",
        "Authorization": "Sanitized",
        "Connection": "keep-alive",
        "Content-Type": "application/json",
        "User-Agent": "azsdk-js-arm-containerservice/17.2.1 core-rest-pipeline/1.10.1 Node/v16.17.0 OS/(x64-Windows_NT-10.0.22621)",
        "x-ms-client-request-id": "6f3a1332-fa0c-466a-9819-e49f9212eb53"
      },
      "RequestBody": null,
      "StatusCode": 200,
      "ResponseHeaders": {
        "Cache-Control": "no-cache",
        "Content-Encoding": "gzip",
        "Content-Type": "application/json",
        "Date": "Wed, 23 Nov 2022 08:57:12 GMT",
        "Expires": "-1",
        "Pragma": "no-cache",
        "Server": "nginx",
        "Strict-Transport-Security": "max-age=31536000; includeSubDomains",
        "Transfer-Encoding": "chunked",
        "Vary": "Accept-Encoding",
        "X-Content-Type-Options": "nosniff",
        "x-ms-correlation-request-id": "d8dcfe0f-3f90-416f-bd25-4d56b6101d8f",
        "x-ms-ratelimit-remaining-subscription-reads": "11997",
        "x-ms-request-id": "ccde100f-835b-4408-8397-c70ac4f1fd34",
        "x-ms-routing-request-id": "SOUTHEASTASIA:20221123T085713Z:d8dcfe0f-3f90-416f-bd25-4d56b6101d8f"
      },
      "ResponseBody": {
        "name": "6c35db63-afa9-d344-9d1a-f0f49a225d54",
        "status": "InProgress",
        "startTime": "2022-11-23T08:57:08.2000873Z"
      }
    },
    {
      "RequestUri": "https://management.azure.com/subscriptions/azure_subscription_id/providers/Microsoft.ContainerService/locations/eastus/operations/63db356c-a9af-44d3-9d1a-f0f49a225d54?api-version=2017-08-31",
      "RequestMethod": "GET",
      "RequestHeaders": {
        "Accept": "application/json",
        "Accept-Encoding": "gzip,deflate",
        "Authorization": "Sanitized",
        "Connection": "keep-alive",
        "Content-Type": "application/json",
        "User-Agent": "azsdk-js-arm-containerservice/17.2.1 core-rest-pipeline/1.10.1 Node/v16.17.0 OS/(x64-Windows_NT-10.0.22621)",
        "x-ms-client-request-id": "9544a2e5-9066-499c-a014-cee69fecc9f9"
      },
      "RequestBody": null,
      "StatusCode": 200,
      "ResponseHeaders": {
        "Cache-Control": "no-cache",
        "Content-Encoding": "gzip",
        "Content-Type": "application/json",
        "Date": "Wed, 23 Nov 2022 08:57:15 GMT",
        "Expires": "-1",
        "Pragma": "no-cache",
        "Server": "nginx",
        "Strict-Transport-Security": "max-age=31536000; includeSubDomains",
        "Transfer-Encoding": "chunked",
        "Vary": "Accept-Encoding",
        "X-Content-Type-Options": "nosniff",
        "x-ms-correlation-request-id": "f9ab5de4-f61c-4455-a817-217abf6d08a1",
        "x-ms-ratelimit-remaining-subscription-reads": "11996",
        "x-ms-request-id": "4ee9e7ac-beaa-4f85-9a72-246e0e5fc3e1",
        "x-ms-routing-request-id": "SOUTHEASTASIA:20221123T085715Z:f9ab5de4-f61c-4455-a817-217abf6d08a1"
      },
      "ResponseBody": {
        "name": "6c35db63-afa9-d344-9d1a-f0f49a225d54",
        "status": "InProgress",
        "startTime": "2022-11-23T08:57:08.2000873Z"
      }
    },
    {
      "RequestUri": "https://management.azure.com/subscriptions/azure_subscription_id/providers/Microsoft.ContainerService/locations/eastus/operations/63db356c-a9af-44d3-9d1a-f0f49a225d54?api-version=2017-08-31",
      "RequestMethod": "GET",
      "RequestHeaders": {
        "Accept": "application/json",
        "Accept-Encoding": "gzip,deflate",
        "Authorization": "Sanitized",
        "Connection": "keep-alive",
        "Content-Type": "application/json",
        "User-Agent": "azsdk-js-arm-containerservice/17.2.1 core-rest-pipeline/1.10.1 Node/v16.17.0 OS/(x64-Windows_NT-10.0.22621)",
        "x-ms-client-request-id": "ff021c57-b326-4424-9617-0eaf8ec5d898"
      },
      "RequestBody": null,
      "StatusCode": 200,
      "ResponseHeaders": {
        "Cache-Control": "no-cache",
        "Content-Encoding": "gzip",
        "Content-Type": "application/json",
        "Date": "Wed, 23 Nov 2022 08:57:17 GMT",
        "Expires": "-1",
        "Pragma": "no-cache",
        "Server": "nginx",
        "Strict-Transport-Security": "max-age=31536000; includeSubDomains",
        "Transfer-Encoding": "chunked",
        "Vary": "Accept-Encoding",
        "X-Content-Type-Options": "nosniff",
        "x-ms-correlation-request-id": "6e6b8417-c47a-4bd1-912f-b2d0c9878529",
        "x-ms-ratelimit-remaining-subscription-reads": "11995",
        "x-ms-request-id": "626710b1-a52d-4e2d-bdc2-b0bf28beb168",
        "x-ms-routing-request-id": "SOUTHEASTASIA:20221123T085718Z:6e6b8417-c47a-4bd1-912f-b2d0c9878529"
      },
      "ResponseBody": {
        "name": "6c35db63-afa9-d344-9d1a-f0f49a225d54",
        "status": "InProgress",
        "startTime": "2022-11-23T08:57:08.2000873Z"
      }
    },
    {
      "RequestUri": "https://management.azure.com/subscriptions/azure_subscription_id/providers/Microsoft.ContainerService/locations/eastus/operations/63db356c-a9af-44d3-9d1a-f0f49a225d54?api-version=2017-08-31",
      "RequestMethod": "GET",
      "RequestHeaders": {
        "Accept": "application/json",
        "Accept-Encoding": "gzip,deflate",
        "Authorization": "Sanitized",
        "Connection": "keep-alive",
        "Content-Type": "application/json",
        "User-Agent": "azsdk-js-arm-containerservice/17.2.1 core-rest-pipeline/1.10.1 Node/v16.17.0 OS/(x64-Windows_NT-10.0.22621)",
        "x-ms-client-request-id": "d74b2895-eff7-46d0-a77f-8c09ce1de3ec"
      },
      "RequestBody": null,
      "StatusCode": 200,
      "ResponseHeaders": {
        "Cache-Control": "no-cache",
        "Content-Encoding": "gzip",
        "Content-Type": "application/json",
        "Date": "Wed, 23 Nov 2022 08:57:20 GMT",
        "Expires": "-1",
        "Pragma": "no-cache",
        "Server": "nginx",
        "Strict-Transport-Security": "max-age=31536000; includeSubDomains",
        "Transfer-Encoding": "chunked",
        "Vary": "Accept-Encoding",
        "X-Content-Type-Options": "nosniff",
        "x-ms-correlation-request-id": "95c6a481-515b-488d-a10b-a68c43da0a8c",
        "x-ms-ratelimit-remaining-subscription-reads": "11994",
        "x-ms-request-id": "cc5b4351-eb71-4c65-b1dc-d956493ee3d5",
        "x-ms-routing-request-id": "SOUTHEASTASIA:20221123T085720Z:95c6a481-515b-488d-a10b-a68c43da0a8c"
      },
      "ResponseBody": {
        "name": "6c35db63-afa9-d344-9d1a-f0f49a225d54",
        "status": "InProgress",
        "startTime": "2022-11-23T08:57:08.2000873Z"
      }
    },
    {
      "RequestUri": "https://management.azure.com/subscriptions/azure_subscription_id/providers/Microsoft.ContainerService/locations/eastus/operations/63db356c-a9af-44d3-9d1a-f0f49a225d54?api-version=2017-08-31",
      "RequestMethod": "GET",
      "RequestHeaders": {
        "Accept": "application/json",
        "Accept-Encoding": "gzip,deflate",
        "Authorization": "Sanitized",
        "Connection": "keep-alive",
        "Content-Type": "application/json",
        "User-Agent": "azsdk-js-arm-containerservice/17.2.1 core-rest-pipeline/1.10.1 Node/v16.17.0 OS/(x64-Windows_NT-10.0.22621)",
        "x-ms-client-request-id": "e7357471-2a08-4dbb-85b5-b5a41801b9e0"
      },
      "RequestBody": null,
      "StatusCode": 200,
      "ResponseHeaders": {
        "Cache-Control": "no-cache",
        "Content-Encoding": "gzip",
        "Content-Type": "application/json",
        "Date": "Wed, 23 Nov 2022 08:57:22 GMT",
        "Expires": "-1",
        "Pragma": "no-cache",
        "Server": "nginx",
        "Strict-Transport-Security": "max-age=31536000; includeSubDomains",
        "Transfer-Encoding": "chunked",
        "Vary": "Accept-Encoding",
        "X-Content-Type-Options": "nosniff",
        "x-ms-correlation-request-id": "3a429343-0537-4f29-afdf-f5b890a0a073",
        "x-ms-ratelimit-remaining-subscription-reads": "11993",
        "x-ms-request-id": "576373d7-827d-4bee-bd1a-43d432a0e4be",
        "x-ms-routing-request-id": "SOUTHEASTASIA:20221123T085723Z:3a429343-0537-4f29-afdf-f5b890a0a073"
      },
      "ResponseBody": {
        "name": "6c35db63-afa9-d344-9d1a-f0f49a225d54",
        "status": "InProgress",
        "startTime": "2022-11-23T08:57:08.2000873Z"
      }
    },
    {
      "RequestUri": "https://management.azure.com/subscriptions/azure_subscription_id/providers/Microsoft.ContainerService/locations/eastus/operations/63db356c-a9af-44d3-9d1a-f0f49a225d54?api-version=2017-08-31",
      "RequestMethod": "GET",
      "RequestHeaders": {
        "Accept": "application/json",
        "Accept-Encoding": "gzip,deflate",
        "Authorization": "Sanitized",
        "Connection": "keep-alive",
        "Content-Type": "application/json",
        "User-Agent": "azsdk-js-arm-containerservice/17.2.1 core-rest-pipeline/1.10.1 Node/v16.17.0 OS/(x64-Windows_NT-10.0.22621)",
        "x-ms-client-request-id": "0a887ff7-86c7-412a-99a2-d3c70042b88f"
      },
      "RequestBody": null,
      "StatusCode": 200,
      "ResponseHeaders": {
        "Cache-Control": "no-cache",
        "Content-Encoding": "gzip",
        "Content-Type": "application/json",
        "Date": "Wed, 23 Nov 2022 08:57:25 GMT",
        "Expires": "-1",
        "Pragma": "no-cache",
        "Server": "nginx",
        "Strict-Transport-Security": "max-age=31536000; includeSubDomains",
        "Transfer-Encoding": "chunked",
        "Vary": "Accept-Encoding",
        "X-Content-Type-Options": "nosniff",
        "x-ms-correlation-request-id": "3bf8fc5d-a4e3-4101-8552-6e07454752fa",
        "x-ms-ratelimit-remaining-subscription-reads": "11992",
        "x-ms-request-id": "fc310059-97de-4018-9c5d-aec98ca582a9",
        "x-ms-routing-request-id": "SOUTHEASTASIA:20221123T085725Z:3bf8fc5d-a4e3-4101-8552-6e07454752fa"
      },
      "ResponseBody": {
        "name": "6c35db63-afa9-d344-9d1a-f0f49a225d54",
        "status": "InProgress",
        "startTime": "2022-11-23T08:57:08.2000873Z"
      }
    },
    {
      "RequestUri": "https://management.azure.com/subscriptions/azure_subscription_id/providers/Microsoft.ContainerService/locations/eastus/operations/63db356c-a9af-44d3-9d1a-f0f49a225d54?api-version=2017-08-31",
      "RequestMethod": "GET",
      "RequestHeaders": {
        "Accept": "application/json",
        "Accept-Encoding": "gzip,deflate",
        "Authorization": "Sanitized",
        "Connection": "keep-alive",
        "Content-Type": "application/json",
        "User-Agent": "azsdk-js-arm-containerservice/17.2.1 core-rest-pipeline/1.10.1 Node/v16.17.0 OS/(x64-Windows_NT-10.0.22621)",
        "x-ms-client-request-id": "a5feb119-16e7-4f2e-b786-473404dc14d3"
      },
      "RequestBody": null,
      "StatusCode": 200,
      "ResponseHeaders": {
        "Cache-Control": "no-cache",
        "Content-Encoding": "gzip",
        "Content-Type": "application/json",
        "Date": "Wed, 23 Nov 2022 08:57:27 GMT",
        "Expires": "-1",
        "Pragma": "no-cache",
        "Server": "nginx",
        "Strict-Transport-Security": "max-age=31536000; includeSubDomains",
        "Transfer-Encoding": "chunked",
        "Vary": "Accept-Encoding",
        "X-Content-Type-Options": "nosniff",
        "x-ms-correlation-request-id": "cb7973d0-d6eb-4ce2-b643-2349c9f749c7",
        "x-ms-ratelimit-remaining-subscription-reads": "11991",
        "x-ms-request-id": "13137f6c-e729-496c-8316-0140aabf0f82",
        "x-ms-routing-request-id": "SOUTHEASTASIA:20221123T085728Z:cb7973d0-d6eb-4ce2-b643-2349c9f749c7"
      },
      "ResponseBody": {
        "name": "6c35db63-afa9-d344-9d1a-f0f49a225d54",
        "status": "InProgress",
        "startTime": "2022-11-23T08:57:08.2000873Z"
      }
    },
    {
      "RequestUri": "https://management.azure.com/subscriptions/azure_subscription_id/providers/Microsoft.ContainerService/locations/eastus/operations/63db356c-a9af-44d3-9d1a-f0f49a225d54?api-version=2017-08-31",
      "RequestMethod": "GET",
      "RequestHeaders": {
        "Accept": "application/json",
        "Accept-Encoding": "gzip,deflate",
        "Authorization": "Sanitized",
        "Connection": "keep-alive",
        "Content-Type": "application/json",
        "User-Agent": "azsdk-js-arm-containerservice/17.2.1 core-rest-pipeline/1.10.1 Node/v16.17.0 OS/(x64-Windows_NT-10.0.22621)",
        "x-ms-client-request-id": "331109b4-7a12-4c89-8094-7f42b33fed85"
      },
      "RequestBody": null,
      "StatusCode": 200,
      "ResponseHeaders": {
        "Cache-Control": "no-cache",
        "Content-Encoding": "gzip",
        "Content-Type": "application/json",
        "Date": "Wed, 23 Nov 2022 08:57:30 GMT",
        "Expires": "-1",
        "Pragma": "no-cache",
        "Server": "nginx",
        "Strict-Transport-Security": "max-age=31536000; includeSubDomains",
        "Transfer-Encoding": "chunked",
        "Vary": "Accept-Encoding",
        "X-Content-Type-Options": "nosniff",
        "x-ms-correlation-request-id": "5ed7ab98-59d9-4cea-83f3-d34cb15283c4",
        "x-ms-ratelimit-remaining-subscription-reads": "11990",
        "x-ms-request-id": "4894b4c2-812e-444f-a69c-49aafd217e44",
        "x-ms-routing-request-id": "SOUTHEASTASIA:20221123T085730Z:5ed7ab98-59d9-4cea-83f3-d34cb15283c4"
      },
      "ResponseBody": {
        "name": "6c35db63-afa9-d344-9d1a-f0f49a225d54",
        "status": "InProgress",
        "startTime": "2022-11-23T08:57:08.2000873Z"
      }
    },
    {
      "RequestUri": "https://management.azure.com/subscriptions/azure_subscription_id/providers/Microsoft.ContainerService/locations/eastus/operations/63db356c-a9af-44d3-9d1a-f0f49a225d54?api-version=2017-08-31",
      "RequestMethod": "GET",
      "RequestHeaders": {
        "Accept": "application/json",
        "Accept-Encoding": "gzip,deflate",
        "Authorization": "Sanitized",
        "Connection": "keep-alive",
        "Content-Type": "application/json",
        "User-Agent": "azsdk-js-arm-containerservice/17.2.1 core-rest-pipeline/1.10.1 Node/v16.17.0 OS/(x64-Windows_NT-10.0.22621)",
        "x-ms-client-request-id": "a7ae03c4-3d2e-43ed-b32b-d9e6c851d752"
      },
      "RequestBody": null,
      "StatusCode": 200,
      "ResponseHeaders": {
        "Cache-Control": "no-cache",
        "Content-Encoding": "gzip",
        "Content-Type": "application/json",
        "Date": "Wed, 23 Nov 2022 08:57:32 GMT",
        "Expires": "-1",
        "Pragma": "no-cache",
        "Server": "nginx",
        "Strict-Transport-Security": "max-age=31536000; includeSubDomains",
        "Transfer-Encoding": "chunked",
        "Vary": "Accept-Encoding",
        "X-Content-Type-Options": "nosniff",
        "x-ms-correlation-request-id": "cd77c9a6-db22-4567-aa18-3ed0b1303ffa",
        "x-ms-ratelimit-remaining-subscription-reads": "11989",
        "x-ms-request-id": "a65d122f-5057-4e5b-bc73-d5b8790418e5",
        "x-ms-routing-request-id": "SOUTHEASTASIA:20221123T085733Z:cd77c9a6-db22-4567-aa18-3ed0b1303ffa"
      },
      "ResponseBody": {
        "name": "6c35db63-afa9-d344-9d1a-f0f49a225d54",
        "status": "InProgress",
        "startTime": "2022-11-23T08:57:08.2000873Z"
      }
    },
    {
      "RequestUri": "https://management.azure.com/subscriptions/azure_subscription_id/providers/Microsoft.ContainerService/locations/eastus/operations/63db356c-a9af-44d3-9d1a-f0f49a225d54?api-version=2017-08-31",
      "RequestMethod": "GET",
      "RequestHeaders": {
        "Accept": "application/json",
        "Accept-Encoding": "gzip,deflate",
        "Authorization": "Sanitized",
        "Connection": "keep-alive",
        "Content-Type": "application/json",
        "User-Agent": "azsdk-js-arm-containerservice/17.2.1 core-rest-pipeline/1.10.1 Node/v16.17.0 OS/(x64-Windows_NT-10.0.22621)",
        "x-ms-client-request-id": "dd7b43e4-6fb1-48ee-b473-10a5b4725001"
      },
      "RequestBody": null,
      "StatusCode": 200,
      "ResponseHeaders": {
        "Cache-Control": "no-cache",
        "Content-Encoding": "gzip",
        "Content-Type": "application/json",
        "Date": "Wed, 23 Nov 2022 08:57:35 GMT",
        "Expires": "-1",
        "Pragma": "no-cache",
        "Server": "nginx",
        "Strict-Transport-Security": "max-age=31536000; includeSubDomains",
        "Transfer-Encoding": "chunked",
        "Vary": "Accept-Encoding",
        "X-Content-Type-Options": "nosniff",
        "x-ms-correlation-request-id": "d53e82d7-1674-4803-b7b9-7517cafadb7d",
        "x-ms-ratelimit-remaining-subscription-reads": "11988",
        "x-ms-request-id": "841b2677-ca42-4e01-b147-7f5686f1da70",
        "x-ms-routing-request-id": "SOUTHEASTASIA:20221123T085735Z:d53e82d7-1674-4803-b7b9-7517cafadb7d"
      },
      "ResponseBody": {
        "name": "6c35db63-afa9-d344-9d1a-f0f49a225d54",
        "status": "InProgress",
        "startTime": "2022-11-23T08:57:08.2000873Z"
      }
    },
    {
      "RequestUri": "https://management.azure.com/subscriptions/azure_subscription_id/providers/Microsoft.ContainerService/locations/eastus/operations/63db356c-a9af-44d3-9d1a-f0f49a225d54?api-version=2017-08-31",
      "RequestMethod": "GET",
      "RequestHeaders": {
        "Accept": "application/json",
        "Accept-Encoding": "gzip,deflate",
        "Authorization": "Sanitized",
        "Connection": "keep-alive",
        "Content-Type": "application/json",
        "User-Agent": "azsdk-js-arm-containerservice/17.2.1 core-rest-pipeline/1.10.1 Node/v16.17.0 OS/(x64-Windows_NT-10.0.22621)",
        "x-ms-client-request-id": "01dd4f25-0559-43a4-91ea-376751a2ce66"
      },
      "RequestBody": null,
      "StatusCode": 200,
      "ResponseHeaders": {
        "Cache-Control": "no-cache",
        "Content-Encoding": "gzip",
        "Content-Type": "application/json",
        "Date": "Wed, 23 Nov 2022 08:57:37 GMT",
        "Expires": "-1",
        "Pragma": "no-cache",
        "Server": "nginx",
        "Strict-Transport-Security": "max-age=31536000; includeSubDomains",
        "Transfer-Encoding": "chunked",
        "Vary": "Accept-Encoding",
        "X-Content-Type-Options": "nosniff",
        "x-ms-correlation-request-id": "0d996286-265a-44ea-aed5-9daed2e151f4",
        "x-ms-ratelimit-remaining-subscription-reads": "11987",
        "x-ms-request-id": "3d677689-42d7-4bf7-b659-fc8ea4118f05",
        "x-ms-routing-request-id": "SOUTHEASTASIA:20221123T085738Z:0d996286-265a-44ea-aed5-9daed2e151f4"
      },
      "ResponseBody": {
        "name": "6c35db63-afa9-d344-9d1a-f0f49a225d54",
        "status": "InProgress",
        "startTime": "2022-11-23T08:57:08.2000873Z"
      }
    },
    {
      "RequestUri": "https://management.azure.com/subscriptions/azure_subscription_id/providers/Microsoft.ContainerService/locations/eastus/operations/63db356c-a9af-44d3-9d1a-f0f49a225d54?api-version=2017-08-31",
      "RequestMethod": "GET",
      "RequestHeaders": {
        "Accept": "application/json",
        "Accept-Encoding": "gzip,deflate",
        "Authorization": "Sanitized",
        "Connection": "keep-alive",
        "Content-Type": "application/json",
        "User-Agent": "azsdk-js-arm-containerservice/17.2.1 core-rest-pipeline/1.10.1 Node/v16.17.0 OS/(x64-Windows_NT-10.0.22621)",
        "x-ms-client-request-id": "efab8f70-62d9-4019-8971-851742317e11"
      },
      "RequestBody": null,
      "StatusCode": 200,
      "ResponseHeaders": {
        "Cache-Control": "no-cache",
        "Content-Encoding": "gzip",
        "Content-Type": "application/json",
        "Date": "Wed, 23 Nov 2022 08:57:39 GMT",
        "Expires": "-1",
        "Pragma": "no-cache",
        "Server": "nginx",
        "Strict-Transport-Security": "max-age=31536000; includeSubDomains",
        "Transfer-Encoding": "chunked",
        "Vary": "Accept-Encoding",
        "X-Content-Type-Options": "nosniff",
        "x-ms-correlation-request-id": "5d22c383-1928-46d2-95c1-5cc2ef5f85dd",
        "x-ms-ratelimit-remaining-subscription-reads": "11986",
        "x-ms-request-id": "afb5848a-ec8f-4129-bde9-3d63e11beb66",
        "x-ms-routing-request-id": "SOUTHEASTASIA:20221123T085740Z:5d22c383-1928-46d2-95c1-5cc2ef5f85dd"
      },
      "ResponseBody": {
        "name": "6c35db63-afa9-d344-9d1a-f0f49a225d54",
        "status": "InProgress",
        "startTime": "2022-11-23T08:57:08.2000873Z"
      }
    },
    {
      "RequestUri": "https://management.azure.com/subscriptions/azure_subscription_id/providers/Microsoft.ContainerService/locations/eastus/operations/63db356c-a9af-44d3-9d1a-f0f49a225d54?api-version=2017-08-31",
      "RequestMethod": "GET",
      "RequestHeaders": {
        "Accept": "application/json",
        "Accept-Encoding": "gzip,deflate",
        "Authorization": "Sanitized",
        "Connection": "keep-alive",
        "Content-Type": "application/json",
        "User-Agent": "azsdk-js-arm-containerservice/17.2.1 core-rest-pipeline/1.10.1 Node/v16.17.0 OS/(x64-Windows_NT-10.0.22621)",
        "x-ms-client-request-id": "5c9f247c-0000-4b99-a438-894397999518"
      },
      "RequestBody": null,
      "StatusCode": 200,
      "ResponseHeaders": {
        "Cache-Control": "no-cache",
        "Content-Encoding": "gzip",
        "Content-Type": "application/json",
        "Date": "Wed, 23 Nov 2022 08:57:42 GMT",
        "Expires": "-1",
        "Pragma": "no-cache",
        "Server": "nginx",
        "Strict-Transport-Security": "max-age=31536000; includeSubDomains",
        "Transfer-Encoding": "chunked",
        "Vary": "Accept-Encoding",
        "X-Content-Type-Options": "nosniff",
        "x-ms-correlation-request-id": "9609c79c-b11b-4233-9f1c-47bb68759222",
        "x-ms-ratelimit-remaining-subscription-reads": "11985",
        "x-ms-request-id": "096bd7a2-72fc-45c4-8e7e-9571934ea913",
        "x-ms-routing-request-id": "SOUTHEASTASIA:20221123T085743Z:9609c79c-b11b-4233-9f1c-47bb68759222"
      },
      "ResponseBody": {
        "name": "6c35db63-afa9-d344-9d1a-f0f49a225d54",
        "status": "InProgress",
        "startTime": "2022-11-23T08:57:08.2000873Z"
      }
    },
    {
      "RequestUri": "https://management.azure.com/subscriptions/azure_subscription_id/providers/Microsoft.ContainerService/locations/eastus/operations/63db356c-a9af-44d3-9d1a-f0f49a225d54?api-version=2017-08-31",
      "RequestMethod": "GET",
      "RequestHeaders": {
        "Accept": "application/json",
        "Accept-Encoding": "gzip,deflate",
        "Authorization": "Sanitized",
        "Connection": "keep-alive",
        "Content-Type": "application/json",
        "User-Agent": "azsdk-js-arm-containerservice/17.2.1 core-rest-pipeline/1.10.1 Node/v16.17.0 OS/(x64-Windows_NT-10.0.22621)",
        "x-ms-client-request-id": "24355f5d-d2bc-42a1-a391-ce86a78daac4"
      },
      "RequestBody": null,
      "StatusCode": 200,
      "ResponseHeaders": {
        "Cache-Control": "no-cache",
        "Content-Encoding": "gzip",
        "Content-Type": "application/json",
        "Date": "Wed, 23 Nov 2022 08:57:44 GMT",
        "Expires": "-1",
        "Pragma": "no-cache",
        "Server": "nginx",
        "Strict-Transport-Security": "max-age=31536000; includeSubDomains",
        "Transfer-Encoding": "chunked",
        "Vary": "Accept-Encoding",
        "X-Content-Type-Options": "nosniff",
        "x-ms-correlation-request-id": "757faadb-9666-48e1-88fb-b9b5d6a1f3ed",
        "x-ms-ratelimit-remaining-subscription-reads": "11984",
        "x-ms-request-id": "8a48ce50-3c4e-4327-afd0-0ab2fc1a5e55",
        "x-ms-routing-request-id": "SOUTHEASTASIA:20221123T085745Z:757faadb-9666-48e1-88fb-b9b5d6a1f3ed"
      },
      "ResponseBody": {
        "name": "6c35db63-afa9-d344-9d1a-f0f49a225d54",
        "status": "InProgress",
        "startTime": "2022-11-23T08:57:08.2000873Z"
      }
    },
    {
      "RequestUri": "https://management.azure.com/subscriptions/azure_subscription_id/providers/Microsoft.ContainerService/locations/eastus/operations/63db356c-a9af-44d3-9d1a-f0f49a225d54?api-version=2017-08-31",
      "RequestMethod": "GET",
      "RequestHeaders": {
        "Accept": "application/json",
        "Accept-Encoding": "gzip,deflate",
        "Authorization": "Sanitized",
        "Connection": "keep-alive",
        "Content-Type": "application/json",
        "User-Agent": "azsdk-js-arm-containerservice/17.2.1 core-rest-pipeline/1.10.1 Node/v16.17.0 OS/(x64-Windows_NT-10.0.22621)",
        "x-ms-client-request-id": "cc9bb15d-3877-44a7-b9c8-eed27395df70"
      },
      "RequestBody": null,
      "StatusCode": 200,
      "ResponseHeaders": {
        "Cache-Control": "no-cache",
        "Content-Encoding": "gzip",
        "Content-Type": "application/json",
        "Date": "Wed, 23 Nov 2022 08:57:47 GMT",
        "Expires": "-1",
        "Pragma": "no-cache",
        "Server": "nginx",
        "Strict-Transport-Security": "max-age=31536000; includeSubDomains",
        "Transfer-Encoding": "chunked",
        "Vary": "Accept-Encoding",
        "X-Content-Type-Options": "nosniff",
        "x-ms-correlation-request-id": "f0e771a4-f805-4fec-8d9f-a5588668b4f7",
        "x-ms-ratelimit-remaining-subscription-reads": "11983",
        "x-ms-request-id": "da90d276-b9e9-404b-a46d-e84431a6219f",
        "x-ms-routing-request-id": "SOUTHEASTASIA:20221123T085748Z:f0e771a4-f805-4fec-8d9f-a5588668b4f7"
      },
      "ResponseBody": {
        "name": "6c35db63-afa9-d344-9d1a-f0f49a225d54",
        "status": "InProgress",
        "startTime": "2022-11-23T08:57:08.2000873Z"
      }
    },
    {
      "RequestUri": "https://management.azure.com/subscriptions/azure_subscription_id/providers/Microsoft.ContainerService/locations/eastus/operations/63db356c-a9af-44d3-9d1a-f0f49a225d54?api-version=2017-08-31",
      "RequestMethod": "GET",
      "RequestHeaders": {
        "Accept": "application/json",
        "Accept-Encoding": "gzip,deflate",
        "Authorization": "Sanitized",
        "Connection": "keep-alive",
        "Content-Type": "application/json",
        "User-Agent": "azsdk-js-arm-containerservice/17.2.1 core-rest-pipeline/1.10.1 Node/v16.17.0 OS/(x64-Windows_NT-10.0.22621)",
        "x-ms-client-request-id": "132e169b-341b-414a-9e73-1ebc0286a018"
      },
      "RequestBody": null,
      "StatusCode": 200,
      "ResponseHeaders": {
        "Cache-Control": "no-cache",
        "Content-Encoding": "gzip",
        "Content-Type": "application/json",
        "Date": "Wed, 23 Nov 2022 08:57:49 GMT",
        "Expires": "-1",
        "Pragma": "no-cache",
        "Server": "nginx",
        "Strict-Transport-Security": "max-age=31536000; includeSubDomains",
        "Transfer-Encoding": "chunked",
        "Vary": "Accept-Encoding",
        "X-Content-Type-Options": "nosniff",
        "x-ms-correlation-request-id": "735fe810-b244-4a46-b56f-73546294f90c",
        "x-ms-ratelimit-remaining-subscription-reads": "11982",
        "x-ms-request-id": "2f80ef0b-c26d-46d5-9e66-d3edb3c4f658",
        "x-ms-routing-request-id": "SOUTHEASTASIA:20221123T085750Z:735fe810-b244-4a46-b56f-73546294f90c"
      },
      "ResponseBody": {
        "name": "6c35db63-afa9-d344-9d1a-f0f49a225d54",
        "status": "InProgress",
        "startTime": "2022-11-23T08:57:08.2000873Z"
      }
    },
    {
      "RequestUri": "https://management.azure.com/subscriptions/azure_subscription_id/providers/Microsoft.ContainerService/locations/eastus/operations/63db356c-a9af-44d3-9d1a-f0f49a225d54?api-version=2017-08-31",
      "RequestMethod": "GET",
      "RequestHeaders": {
        "Accept": "application/json",
        "Accept-Encoding": "gzip,deflate",
        "Authorization": "Sanitized",
        "Connection": "keep-alive",
        "Content-Type": "application/json",
        "User-Agent": "azsdk-js-arm-containerservice/17.2.1 core-rest-pipeline/1.10.1 Node/v16.17.0 OS/(x64-Windows_NT-10.0.22621)",
        "x-ms-client-request-id": "9123fb14-c6d0-48af-8994-99edf0edab18"
      },
      "RequestBody": null,
      "StatusCode": 200,
      "ResponseHeaders": {
        "Cache-Control": "no-cache",
        "Content-Encoding": "gzip",
        "Content-Type": "application/json",
        "Date": "Wed, 23 Nov 2022 08:57:52 GMT",
        "Expires": "-1",
        "Pragma": "no-cache",
        "Server": "nginx",
        "Strict-Transport-Security": "max-age=31536000; includeSubDomains",
        "Transfer-Encoding": "chunked",
        "Vary": "Accept-Encoding",
        "X-Content-Type-Options": "nosniff",
        "x-ms-correlation-request-id": "336384d8-ceea-4c4b-b6b5-8b587efbd938",
        "x-ms-ratelimit-remaining-subscription-reads": "11981",
        "x-ms-request-id": "e5dc2071-0f67-49d3-b079-84a862474e62",
        "x-ms-routing-request-id": "SOUTHEASTASIA:20221123T085752Z:336384d8-ceea-4c4b-b6b5-8b587efbd938"
      },
      "ResponseBody": {
        "name": "6c35db63-afa9-d344-9d1a-f0f49a225d54",
        "status": "InProgress",
        "startTime": "2022-11-23T08:57:08.2000873Z"
      }
    },
    {
      "RequestUri": "https://management.azure.com/subscriptions/azure_subscription_id/providers/Microsoft.ContainerService/locations/eastus/operations/63db356c-a9af-44d3-9d1a-f0f49a225d54?api-version=2017-08-31",
      "RequestMethod": "GET",
      "RequestHeaders": {
        "Accept": "application/json",
        "Accept-Encoding": "gzip,deflate",
        "Authorization": "Sanitized",
        "Connection": "keep-alive",
        "Content-Type": "application/json",
        "User-Agent": "azsdk-js-arm-containerservice/17.2.1 core-rest-pipeline/1.10.1 Node/v16.17.0 OS/(x64-Windows_NT-10.0.22621)",
        "x-ms-client-request-id": "d92cae9e-b976-4fac-b45e-29801e8d8a14"
      },
      "RequestBody": null,
      "StatusCode": 200,
      "ResponseHeaders": {
        "Cache-Control": "no-cache",
        "Content-Encoding": "gzip",
        "Content-Type": "application/json",
        "Date": "Wed, 23 Nov 2022 08:57:54 GMT",
        "Expires": "-1",
        "Pragma": "no-cache",
        "Server": "nginx",
        "Strict-Transport-Security": "max-age=31536000; includeSubDomains",
        "Transfer-Encoding": "chunked",
        "Vary": "Accept-Encoding",
        "X-Content-Type-Options": "nosniff",
        "x-ms-correlation-request-id": "5be213de-bbc3-4196-98b9-615cf0b0bdea",
        "x-ms-ratelimit-remaining-subscription-reads": "11980",
        "x-ms-request-id": "4af15e7b-dbc3-463a-8ee0-c3c9cce85360",
        "x-ms-routing-request-id": "SOUTHEASTASIA:20221123T085755Z:5be213de-bbc3-4196-98b9-615cf0b0bdea"
      },
      "ResponseBody": {
        "name": "6c35db63-afa9-d344-9d1a-f0f49a225d54",
        "status": "InProgress",
        "startTime": "2022-11-23T08:57:08.2000873Z"
      }
    },
    {
      "RequestUri": "https://management.azure.com/subscriptions/azure_subscription_id/providers/Microsoft.ContainerService/locations/eastus/operations/63db356c-a9af-44d3-9d1a-f0f49a225d54?api-version=2017-08-31",
      "RequestMethod": "GET",
      "RequestHeaders": {
        "Accept": "application/json",
        "Accept-Encoding": "gzip,deflate",
        "Authorization": "Sanitized",
        "Connection": "keep-alive",
        "Content-Type": "application/json",
        "User-Agent": "azsdk-js-arm-containerservice/17.2.1 core-rest-pipeline/1.10.1 Node/v16.17.0 OS/(x64-Windows_NT-10.0.22621)",
        "x-ms-client-request-id": "710c7c43-aa06-4d1a-ade3-2b25bd05504f"
      },
      "RequestBody": null,
      "StatusCode": 200,
      "ResponseHeaders": {
        "Cache-Control": "no-cache",
        "Content-Encoding": "gzip",
        "Content-Type": "application/json",
        "Date": "Wed, 23 Nov 2022 08:57:56 GMT",
        "Expires": "-1",
        "Pragma": "no-cache",
        "Server": "nginx",
        "Strict-Transport-Security": "max-age=31536000; includeSubDomains",
        "Transfer-Encoding": "chunked",
        "Vary": "Accept-Encoding",
        "X-Content-Type-Options": "nosniff",
        "x-ms-correlation-request-id": "d50d4782-e0bb-43a2-a63b-3a2394290178",
        "x-ms-ratelimit-remaining-subscription-reads": "11979",
        "x-ms-request-id": "d5c3b378-b881-4133-9d81-61618e5afc4d",
        "x-ms-routing-request-id": "SOUTHEASTASIA:20221123T085757Z:d50d4782-e0bb-43a2-a63b-3a2394290178"
      },
      "ResponseBody": {
        "name": "6c35db63-afa9-d344-9d1a-f0f49a225d54",
        "status": "InProgress",
        "startTime": "2022-11-23T08:57:08.2000873Z"
      }
    },
    {
      "RequestUri": "https://management.azure.com/subscriptions/azure_subscription_id/providers/Microsoft.ContainerService/locations/eastus/operations/63db356c-a9af-44d3-9d1a-f0f49a225d54?api-version=2017-08-31",
      "RequestMethod": "GET",
      "RequestHeaders": {
        "Accept": "application/json",
        "Accept-Encoding": "gzip,deflate",
        "Authorization": "Sanitized",
        "Connection": "keep-alive",
        "Content-Type": "application/json",
        "User-Agent": "azsdk-js-arm-containerservice/17.2.1 core-rest-pipeline/1.10.1 Node/v16.17.0 OS/(x64-Windows_NT-10.0.22621)",
        "x-ms-client-request-id": "b74d62f2-4277-4698-a73f-c48ff3b01447"
      },
      "RequestBody": null,
      "StatusCode": 200,
      "ResponseHeaders": {
        "Cache-Control": "no-cache",
        "Content-Encoding": "gzip",
        "Content-Type": "application/json",
        "Date": "Wed, 23 Nov 2022 08:57:59 GMT",
        "Expires": "-1",
        "Pragma": "no-cache",
        "Server": "nginx",
        "Strict-Transport-Security": "max-age=31536000; includeSubDomains",
        "Transfer-Encoding": "chunked",
        "Vary": "Accept-Encoding",
        "X-Content-Type-Options": "nosniff",
        "x-ms-correlation-request-id": "897b11eb-9fa5-4c6e-bda7-8b5a3def3b23",
        "x-ms-ratelimit-remaining-subscription-reads": "11978",
        "x-ms-request-id": "fe9a2625-dbb7-4be9-86a9-f31bfb96557f",
        "x-ms-routing-request-id": "SOUTHEASTASIA:20221123T085800Z:897b11eb-9fa5-4c6e-bda7-8b5a3def3b23"
      },
      "ResponseBody": {
        "name": "6c35db63-afa9-d344-9d1a-f0f49a225d54",
        "status": "InProgress",
        "startTime": "2022-11-23T08:57:08.2000873Z"
      }
    },
    {
      "RequestUri": "https://management.azure.com/subscriptions/azure_subscription_id/providers/Microsoft.ContainerService/locations/eastus/operations/63db356c-a9af-44d3-9d1a-f0f49a225d54?api-version=2017-08-31",
      "RequestMethod": "GET",
      "RequestHeaders": {
        "Accept": "application/json",
        "Accept-Encoding": "gzip,deflate",
        "Authorization": "Sanitized",
        "Connection": "keep-alive",
        "Content-Type": "application/json",
        "User-Agent": "azsdk-js-arm-containerservice/17.2.1 core-rest-pipeline/1.10.1 Node/v16.17.0 OS/(x64-Windows_NT-10.0.22621)",
        "x-ms-client-request-id": "544fcac8-4073-4837-99e1-bef7fc850fdf"
      },
      "RequestBody": null,
      "StatusCode": 200,
      "ResponseHeaders": {
        "Cache-Control": "no-cache",
        "Content-Encoding": "gzip",
        "Content-Type": "application/json",
        "Date": "Wed, 23 Nov 2022 08:58:02 GMT",
        "Expires": "-1",
        "Pragma": "no-cache",
        "Server": "nginx",
        "Strict-Transport-Security": "max-age=31536000; includeSubDomains",
        "Transfer-Encoding": "chunked",
        "Vary": "Accept-Encoding",
        "X-Content-Type-Options": "nosniff",
        "x-ms-correlation-request-id": "ef12fc67-7660-411c-8410-cf0ee69094e7",
        "x-ms-ratelimit-remaining-subscription-reads": "11977",
        "x-ms-request-id": "a18f8e0a-4a91-4429-a8f8-e6805892bc0d",
        "x-ms-routing-request-id": "SOUTHEASTASIA:20221123T085802Z:ef12fc67-7660-411c-8410-cf0ee69094e7"
      },
      "ResponseBody": {
        "name": "6c35db63-afa9-d344-9d1a-f0f49a225d54",
        "status": "InProgress",
        "startTime": "2022-11-23T08:57:08.2000873Z"
      }
    },
    {
      "RequestUri": "https://management.azure.com/subscriptions/azure_subscription_id/providers/Microsoft.ContainerService/locations/eastus/operations/63db356c-a9af-44d3-9d1a-f0f49a225d54?api-version=2017-08-31",
      "RequestMethod": "GET",
      "RequestHeaders": {
        "Accept": "application/json",
        "Accept-Encoding": "gzip,deflate",
        "Authorization": "Sanitized",
        "Connection": "keep-alive",
        "Content-Type": "application/json",
        "User-Agent": "azsdk-js-arm-containerservice/17.2.1 core-rest-pipeline/1.10.1 Node/v16.17.0 OS/(x64-Windows_NT-10.0.22621)",
        "x-ms-client-request-id": "4b46649a-8a02-4dd8-8246-27ff1a8ec855"
      },
      "RequestBody": null,
      "StatusCode": 200,
      "ResponseHeaders": {
        "Cache-Control": "no-cache",
        "Content-Encoding": "gzip",
        "Content-Type": "application/json",
        "Date": "Wed, 23 Nov 2022 08:58:04 GMT",
        "Expires": "-1",
        "Pragma": "no-cache",
        "Server": "nginx",
        "Strict-Transport-Security": "max-age=31536000; includeSubDomains",
        "Transfer-Encoding": "chunked",
        "Vary": "Accept-Encoding",
        "X-Content-Type-Options": "nosniff",
        "x-ms-correlation-request-id": "4a60323d-5098-47bb-8681-c1e826836dbc",
        "x-ms-ratelimit-remaining-subscription-reads": "11976",
        "x-ms-request-id": "bd88c61c-040b-406f-84b7-44e2a68bd135",
        "x-ms-routing-request-id": "SOUTHEASTASIA:20221123T085805Z:4a60323d-5098-47bb-8681-c1e826836dbc"
      },
      "ResponseBody": {
        "name": "6c35db63-afa9-d344-9d1a-f0f49a225d54",
        "status": "InProgress",
        "startTime": "2022-11-23T08:57:08.2000873Z"
      }
    },
    {
      "RequestUri": "https://management.azure.com/subscriptions/azure_subscription_id/providers/Microsoft.ContainerService/locations/eastus/operations/63db356c-a9af-44d3-9d1a-f0f49a225d54?api-version=2017-08-31",
      "RequestMethod": "GET",
      "RequestHeaders": {
        "Accept": "application/json",
        "Accept-Encoding": "gzip,deflate",
        "Authorization": "Sanitized",
        "Connection": "keep-alive",
        "Content-Type": "application/json",
        "User-Agent": "azsdk-js-arm-containerservice/17.2.1 core-rest-pipeline/1.10.1 Node/v16.17.0 OS/(x64-Windows_NT-10.0.22621)",
        "x-ms-client-request-id": "b5693746-9c59-460b-92f7-7a602274d742"
      },
      "RequestBody": null,
      "StatusCode": 200,
      "ResponseHeaders": {
        "Cache-Control": "no-cache",
        "Content-Encoding": "gzip",
        "Content-Type": "application/json",
        "Date": "Wed, 23 Nov 2022 08:58:07 GMT",
        "Expires": "-1",
        "Pragma": "no-cache",
        "Server": "nginx",
        "Strict-Transport-Security": "max-age=31536000; includeSubDomains",
        "Transfer-Encoding": "chunked",
        "Vary": "Accept-Encoding",
        "X-Content-Type-Options": "nosniff",
        "x-ms-correlation-request-id": "21890b25-c90a-49cb-a7c3-0d4b398e1b85",
        "x-ms-ratelimit-remaining-subscription-reads": "11975",
        "x-ms-request-id": "70a9cd99-f86c-4199-a60f-f7dfd5ea0cd2",
        "x-ms-routing-request-id": "SOUTHEASTASIA:20221123T085807Z:21890b25-c90a-49cb-a7c3-0d4b398e1b85"
      },
      "ResponseBody": {
        "name": "6c35db63-afa9-d344-9d1a-f0f49a225d54",
        "status": "InProgress",
        "startTime": "2022-11-23T08:57:08.2000873Z"
      }
    },
    {
      "RequestUri": "https://management.azure.com/subscriptions/azure_subscription_id/providers/Microsoft.ContainerService/locations/eastus/operations/63db356c-a9af-44d3-9d1a-f0f49a225d54?api-version=2017-08-31",
      "RequestMethod": "GET",
      "RequestHeaders": {
        "Accept": "application/json",
        "Accept-Encoding": "gzip,deflate",
        "Authorization": "Sanitized",
        "Connection": "keep-alive",
        "Content-Type": "application/json",
        "User-Agent": "azsdk-js-arm-containerservice/17.2.1 core-rest-pipeline/1.10.1 Node/v16.17.0 OS/(x64-Windows_NT-10.0.22621)",
        "x-ms-client-request-id": "9b0fc270-58b7-4806-8a7e-ba9fedcd5559"
      },
      "RequestBody": null,
      "StatusCode": 200,
      "ResponseHeaders": {
        "Cache-Control": "no-cache",
        "Content-Encoding": "gzip",
        "Content-Type": "application/json",
        "Date": "Wed, 23 Nov 2022 08:58:09 GMT",
        "Expires": "-1",
        "Pragma": "no-cache",
        "Server": "nginx",
        "Strict-Transport-Security": "max-age=31536000; includeSubDomains",
        "Transfer-Encoding": "chunked",
        "Vary": "Accept-Encoding",
        "X-Content-Type-Options": "nosniff",
        "x-ms-correlation-request-id": "4dbc7b36-7fb8-44db-b468-00636ebebbb4",
        "x-ms-ratelimit-remaining-subscription-reads": "11974",
        "x-ms-request-id": "f42d3bcf-ea1b-4bca-a262-e2e4d28dbb74",
        "x-ms-routing-request-id": "SOUTHEASTASIA:20221123T085809Z:4dbc7b36-7fb8-44db-b468-00636ebebbb4"
      },
      "ResponseBody": {
        "name": "6c35db63-afa9-d344-9d1a-f0f49a225d54",
        "status": "InProgress",
        "startTime": "2022-11-23T08:57:08.2000873Z"
      }
    },
    {
      "RequestUri": "https://management.azure.com/subscriptions/azure_subscription_id/providers/Microsoft.ContainerService/locations/eastus/operations/63db356c-a9af-44d3-9d1a-f0f49a225d54?api-version=2017-08-31",
      "RequestMethod": "GET",
      "RequestHeaders": {
        "Accept": "application/json",
        "Accept-Encoding": "gzip,deflate",
        "Authorization": "Sanitized",
        "Connection": "keep-alive",
        "Content-Type": "application/json",
        "User-Agent": "azsdk-js-arm-containerservice/17.2.1 core-rest-pipeline/1.10.1 Node/v16.17.0 OS/(x64-Windows_NT-10.0.22621)",
        "x-ms-client-request-id": "4b5d64ef-c658-4931-a843-afb793f40b45"
      },
      "RequestBody": null,
      "StatusCode": 200,
      "ResponseHeaders": {
        "Cache-Control": "no-cache",
        "Content-Encoding": "gzip",
        "Content-Type": "application/json",
        "Date": "Wed, 23 Nov 2022 08:58:12 GMT",
        "Expires": "-1",
        "Pragma": "no-cache",
        "Server": "nginx",
        "Strict-Transport-Security": "max-age=31536000; includeSubDomains",
        "Transfer-Encoding": "chunked",
        "Vary": "Accept-Encoding",
        "X-Content-Type-Options": "nosniff",
        "x-ms-correlation-request-id": "6565ad1f-195c-46b4-877a-59df9e213dea",
        "x-ms-ratelimit-remaining-subscription-reads": "11973",
        "x-ms-request-id": "e30ac200-2690-4ba2-beda-affcd137bf5e",
        "x-ms-routing-request-id": "SOUTHEASTASIA:20221123T085812Z:6565ad1f-195c-46b4-877a-59df9e213dea"
      },
      "ResponseBody": {
        "name": "6c35db63-afa9-d344-9d1a-f0f49a225d54",
        "status": "InProgress",
        "startTime": "2022-11-23T08:57:08.2000873Z"
      }
    },
    {
      "RequestUri": "https://management.azure.com/subscriptions/azure_subscription_id/providers/Microsoft.ContainerService/locations/eastus/operations/63db356c-a9af-44d3-9d1a-f0f49a225d54?api-version=2017-08-31",
      "RequestMethod": "GET",
      "RequestHeaders": {
        "Accept": "application/json",
        "Accept-Encoding": "gzip,deflate",
        "Authorization": "Sanitized",
        "Connection": "keep-alive",
        "Content-Type": "application/json",
        "User-Agent": "azsdk-js-arm-containerservice/17.2.1 core-rest-pipeline/1.10.1 Node/v16.17.0 OS/(x64-Windows_NT-10.0.22621)",
        "x-ms-client-request-id": "118eaa92-8593-45db-9e36-6b26ddc29cf9"
      },
      "RequestBody": null,
      "StatusCode": 200,
      "ResponseHeaders": {
        "Cache-Control": "no-cache",
        "Content-Encoding": "gzip",
        "Content-Type": "application/json",
        "Date": "Wed, 23 Nov 2022 08:58:14 GMT",
        "Expires": "-1",
        "Pragma": "no-cache",
        "Server": "nginx",
        "Strict-Transport-Security": "max-age=31536000; includeSubDomains",
        "Transfer-Encoding": "chunked",
        "Vary": "Accept-Encoding",
        "X-Content-Type-Options": "nosniff",
        "x-ms-correlation-request-id": "46a84f40-709f-4b3f-b9d6-3e9df94b31bb",
        "x-ms-ratelimit-remaining-subscription-reads": "11972",
        "x-ms-request-id": "a820de9c-0039-4bc9-9eb5-11c0306a30a0",
        "x-ms-routing-request-id": "SOUTHEASTASIA:20221123T085814Z:46a84f40-709f-4b3f-b9d6-3e9df94b31bb"
      },
      "ResponseBody": {
        "name": "6c35db63-afa9-d344-9d1a-f0f49a225d54",
        "status": "InProgress",
        "startTime": "2022-11-23T08:57:08.2000873Z"
      }
    },
    {
      "RequestUri": "https://management.azure.com/subscriptions/azure_subscription_id/providers/Microsoft.ContainerService/locations/eastus/operations/63db356c-a9af-44d3-9d1a-f0f49a225d54?api-version=2017-08-31",
      "RequestMethod": "GET",
      "RequestHeaders": {
        "Accept": "application/json",
        "Accept-Encoding": "gzip,deflate",
        "Authorization": "Sanitized",
        "Connection": "keep-alive",
        "Content-Type": "application/json",
        "User-Agent": "azsdk-js-arm-containerservice/17.2.1 core-rest-pipeline/1.10.1 Node/v16.17.0 OS/(x64-Windows_NT-10.0.22621)",
        "x-ms-client-request-id": "884b97d9-4daf-44d5-b77c-e491064e5ef3"
      },
      "RequestBody": null,
      "StatusCode": 200,
      "ResponseHeaders": {
        "Cache-Control": "no-cache",
        "Content-Encoding": "gzip",
        "Content-Type": "application/json",
        "Date": "Wed, 23 Nov 2022 08:58:16 GMT",
        "Expires": "-1",
        "Pragma": "no-cache",
        "Server": "nginx",
        "Strict-Transport-Security": "max-age=31536000; includeSubDomains",
        "Transfer-Encoding": "chunked",
        "Vary": "Accept-Encoding",
        "X-Content-Type-Options": "nosniff",
        "x-ms-correlation-request-id": "5c1a8095-c32e-4b7a-8bdc-86df91993867",
        "x-ms-ratelimit-remaining-subscription-reads": "11971",
        "x-ms-request-id": "5702fb19-6245-416c-8f5e-260c9283c9aa",
        "x-ms-routing-request-id": "SOUTHEASTASIA:20221123T085817Z:5c1a8095-c32e-4b7a-8bdc-86df91993867"
      },
      "ResponseBody": {
        "name": "6c35db63-afa9-d344-9d1a-f0f49a225d54",
        "status": "InProgress",
        "startTime": "2022-11-23T08:57:08.2000873Z"
      }
    },
    {
      "RequestUri": "https://management.azure.com/subscriptions/azure_subscription_id/providers/Microsoft.ContainerService/locations/eastus/operations/63db356c-a9af-44d3-9d1a-f0f49a225d54?api-version=2017-08-31",
      "RequestMethod": "GET",
      "RequestHeaders": {
        "Accept": "application/json",
        "Accept-Encoding": "gzip,deflate",
        "Authorization": "Sanitized",
        "Connection": "keep-alive",
        "Content-Type": "application/json",
        "User-Agent": "azsdk-js-arm-containerservice/17.2.1 core-rest-pipeline/1.10.1 Node/v16.17.0 OS/(x64-Windows_NT-10.0.22621)",
        "x-ms-client-request-id": "fd1f7353-3b44-432f-a688-feb938000d43"
      },
      "RequestBody": null,
      "StatusCode": 200,
      "ResponseHeaders": {
        "Cache-Control": "no-cache",
        "Content-Encoding": "gzip",
        "Content-Type": "application/json",
        "Date": "Wed, 23 Nov 2022 08:58:19 GMT",
        "Expires": "-1",
        "Pragma": "no-cache",
        "Server": "nginx",
        "Strict-Transport-Security": "max-age=31536000; includeSubDomains",
        "Transfer-Encoding": "chunked",
        "Vary": "Accept-Encoding",
        "X-Content-Type-Options": "nosniff",
        "x-ms-correlation-request-id": "0aefe016-d9b4-4e98-ad2d-c8649333693f",
        "x-ms-ratelimit-remaining-subscription-reads": "11970",
        "x-ms-request-id": "b053a40f-594b-4159-a87b-f88d42a905fe",
        "x-ms-routing-request-id": "SOUTHEASTASIA:20221123T085819Z:0aefe016-d9b4-4e98-ad2d-c8649333693f"
      },
      "ResponseBody": {
        "name": "6c35db63-afa9-d344-9d1a-f0f49a225d54",
        "status": "InProgress",
        "startTime": "2022-11-23T08:57:08.2000873Z"
      }
    },
    {
      "RequestUri": "https://management.azure.com/subscriptions/azure_subscription_id/providers/Microsoft.ContainerService/locations/eastus/operations/63db356c-a9af-44d3-9d1a-f0f49a225d54?api-version=2017-08-31",
      "RequestMethod": "GET",
      "RequestHeaders": {
        "Accept": "application/json",
        "Accept-Encoding": "gzip,deflate",
        "Authorization": "Sanitized",
        "Connection": "keep-alive",
        "Content-Type": "application/json",
        "User-Agent": "azsdk-js-arm-containerservice/17.2.1 core-rest-pipeline/1.10.1 Node/v16.17.0 OS/(x64-Windows_NT-10.0.22621)",
        "x-ms-client-request-id": "8a547808-c848-43ca-90cd-9add7e373208"
      },
      "RequestBody": null,
      "StatusCode": 200,
      "ResponseHeaders": {
        "Cache-Control": "no-cache",
        "Content-Encoding": "gzip",
        "Content-Type": "application/json",
        "Date": "Wed, 23 Nov 2022 08:58:21 GMT",
        "Expires": "-1",
        "Pragma": "no-cache",
        "Server": "nginx",
        "Strict-Transport-Security": "max-age=31536000; includeSubDomains",
        "Transfer-Encoding": "chunked",
        "Vary": "Accept-Encoding",
        "X-Content-Type-Options": "nosniff",
        "x-ms-correlation-request-id": "72f3a186-c7c3-4938-93bd-757fe098f560",
        "x-ms-ratelimit-remaining-subscription-reads": "11969",
        "x-ms-request-id": "364a7af4-7fbc-4bbe-b3f7-08685fb8c557",
        "x-ms-routing-request-id": "SOUTHEASTASIA:20221123T085821Z:72f3a186-c7c3-4938-93bd-757fe098f560"
      },
      "ResponseBody": {
        "name": "6c35db63-afa9-d344-9d1a-f0f49a225d54",
        "status": "InProgress",
        "startTime": "2022-11-23T08:57:08.2000873Z"
      }
    },
    {
      "RequestUri": "https://management.azure.com/subscriptions/azure_subscription_id/providers/Microsoft.ContainerService/locations/eastus/operations/63db356c-a9af-44d3-9d1a-f0f49a225d54?api-version=2017-08-31",
      "RequestMethod": "GET",
      "RequestHeaders": {
        "Accept": "application/json",
        "Accept-Encoding": "gzip,deflate",
        "Authorization": "Sanitized",
        "Connection": "keep-alive",
        "Content-Type": "application/json",
        "User-Agent": "azsdk-js-arm-containerservice/17.2.1 core-rest-pipeline/1.10.1 Node/v16.17.0 OS/(x64-Windows_NT-10.0.22621)",
        "x-ms-client-request-id": "7f01caf0-a6f9-4d5c-a02e-57ce6ca63c41"
      },
      "RequestBody": null,
      "StatusCode": 200,
      "ResponseHeaders": {
        "Cache-Control": "no-cache",
        "Content-Encoding": "gzip",
        "Content-Type": "application/json",
        "Date": "Wed, 23 Nov 2022 08:58:23 GMT",
        "Expires": "-1",
        "Pragma": "no-cache",
        "Server": "nginx",
        "Strict-Transport-Security": "max-age=31536000; includeSubDomains",
        "Transfer-Encoding": "chunked",
        "Vary": "Accept-Encoding",
        "X-Content-Type-Options": "nosniff",
        "x-ms-correlation-request-id": "ef124076-c4da-438a-8028-5eb2169e73dd",
        "x-ms-ratelimit-remaining-subscription-reads": "11968",
        "x-ms-request-id": "b6e72b3d-eaa7-4433-8574-0f8bc416413f",
        "x-ms-routing-request-id": "SOUTHEASTASIA:20221123T085824Z:ef124076-c4da-438a-8028-5eb2169e73dd"
      },
      "ResponseBody": {
        "name": "6c35db63-afa9-d344-9d1a-f0f49a225d54",
        "status": "InProgress",
        "startTime": "2022-11-23T08:57:08.2000873Z"
      }
    },
    {
      "RequestUri": "https://management.azure.com/subscriptions/azure_subscription_id/providers/Microsoft.ContainerService/locations/eastus/operations/63db356c-a9af-44d3-9d1a-f0f49a225d54?api-version=2017-08-31",
      "RequestMethod": "GET",
      "RequestHeaders": {
        "Accept": "application/json",
        "Accept-Encoding": "gzip,deflate",
        "Authorization": "Sanitized",
        "Connection": "keep-alive",
        "Content-Type": "application/json",
        "User-Agent": "azsdk-js-arm-containerservice/17.2.1 core-rest-pipeline/1.10.1 Node/v16.17.0 OS/(x64-Windows_NT-10.0.22621)",
        "x-ms-client-request-id": "d5ee2846-695f-4a20-8d50-9f7622b21166"
      },
      "RequestBody": null,
      "StatusCode": 200,
      "ResponseHeaders": {
        "Cache-Control": "no-cache",
        "Content-Encoding": "gzip",
        "Content-Type": "application/json",
        "Date": "Wed, 23 Nov 2022 08:58:26 GMT",
        "Expires": "-1",
        "Pragma": "no-cache",
        "Server": "nginx",
        "Strict-Transport-Security": "max-age=31536000; includeSubDomains",
        "Transfer-Encoding": "chunked",
        "Vary": "Accept-Encoding",
        "X-Content-Type-Options": "nosniff",
        "x-ms-correlation-request-id": "a80980e4-8203-4010-8113-77a27fb6e146",
        "x-ms-ratelimit-remaining-subscription-reads": "11967",
        "x-ms-request-id": "56657843-3ed2-4547-8184-38bd1ca0f616",
        "x-ms-routing-request-id": "SOUTHEASTASIA:20221123T085826Z:a80980e4-8203-4010-8113-77a27fb6e146"
      },
      "ResponseBody": {
        "name": "6c35db63-afa9-d344-9d1a-f0f49a225d54",
        "status": "InProgress",
        "startTime": "2022-11-23T08:57:08.2000873Z"
      }
    },
    {
      "RequestUri": "https://management.azure.com/subscriptions/azure_subscription_id/providers/Microsoft.ContainerService/locations/eastus/operations/63db356c-a9af-44d3-9d1a-f0f49a225d54?api-version=2017-08-31",
      "RequestMethod": "GET",
      "RequestHeaders": {
        "Accept": "application/json",
        "Accept-Encoding": "gzip,deflate",
        "Authorization": "Sanitized",
        "Connection": "keep-alive",
        "Content-Type": "application/json",
        "User-Agent": "azsdk-js-arm-containerservice/17.2.1 core-rest-pipeline/1.10.1 Node/v16.17.0 OS/(x64-Windows_NT-10.0.22621)",
        "x-ms-client-request-id": "fc89b844-7fdc-4683-bebc-c202a82e048d"
      },
      "RequestBody": null,
      "StatusCode": 200,
      "ResponseHeaders": {
        "Cache-Control": "no-cache",
        "Content-Encoding": "gzip",
        "Content-Type": "application/json",
        "Date": "Wed, 23 Nov 2022 08:58:28 GMT",
        "Expires": "-1",
        "Pragma": "no-cache",
        "Server": "nginx",
        "Strict-Transport-Security": "max-age=31536000; includeSubDomains",
        "Transfer-Encoding": "chunked",
        "Vary": "Accept-Encoding",
        "X-Content-Type-Options": "nosniff",
        "x-ms-correlation-request-id": "41c7868c-833d-4cad-b979-08b64666bb54",
        "x-ms-ratelimit-remaining-subscription-reads": "11966",
        "x-ms-request-id": "424b4a98-89df-4fbd-ba41-61377929e36d",
        "x-ms-routing-request-id": "SOUTHEASTASIA:20221123T085829Z:41c7868c-833d-4cad-b979-08b64666bb54"
      },
      "ResponseBody": {
        "name": "6c35db63-afa9-d344-9d1a-f0f49a225d54",
        "status": "InProgress",
        "startTime": "2022-11-23T08:57:08.2000873Z"
      }
    },
    {
      "RequestUri": "https://management.azure.com/subscriptions/azure_subscription_id/providers/Microsoft.ContainerService/locations/eastus/operations/63db356c-a9af-44d3-9d1a-f0f49a225d54?api-version=2017-08-31",
      "RequestMethod": "GET",
      "RequestHeaders": {
        "Accept": "application/json",
        "Accept-Encoding": "gzip,deflate",
        "Authorization": "Sanitized",
        "Connection": "keep-alive",
        "Content-Type": "application/json",
        "User-Agent": "azsdk-js-arm-containerservice/17.2.1 core-rest-pipeline/1.10.1 Node/v16.17.0 OS/(x64-Windows_NT-10.0.22621)",
        "x-ms-client-request-id": "678e37a3-1e6c-41c3-9c39-39f7e4e185ee"
      },
      "RequestBody": null,
      "StatusCode": 200,
      "ResponseHeaders": {
        "Cache-Control": "no-cache",
        "Content-Encoding": "gzip",
        "Content-Type": "application/json",
        "Date": "Wed, 23 Nov 2022 08:58:30 GMT",
        "Expires": "-1",
        "Pragma": "no-cache",
        "Server": "nginx",
        "Strict-Transport-Security": "max-age=31536000; includeSubDomains",
        "Transfer-Encoding": "chunked",
        "Vary": "Accept-Encoding",
        "X-Content-Type-Options": "nosniff",
        "x-ms-correlation-request-id": "57b0c95e-5ca5-4190-a7ab-ca7ac287e6d6",
        "x-ms-ratelimit-remaining-subscription-reads": "11965",
        "x-ms-request-id": "5ffe778f-a844-483a-8c3e-09c59eb71d54",
        "x-ms-routing-request-id": "SOUTHEASTASIA:20221123T085831Z:57b0c95e-5ca5-4190-a7ab-ca7ac287e6d6"
      },
      "ResponseBody": {
        "name": "6c35db63-afa9-d344-9d1a-f0f49a225d54",
        "status": "InProgress",
        "startTime": "2022-11-23T08:57:08.2000873Z"
      }
    },
    {
      "RequestUri": "https://management.azure.com/subscriptions/azure_subscription_id/providers/Microsoft.ContainerService/locations/eastus/operations/63db356c-a9af-44d3-9d1a-f0f49a225d54?api-version=2017-08-31",
      "RequestMethod": "GET",
      "RequestHeaders": {
        "Accept": "application/json",
        "Accept-Encoding": "gzip,deflate",
        "Authorization": "Sanitized",
        "Connection": "keep-alive",
        "Content-Type": "application/json",
        "User-Agent": "azsdk-js-arm-containerservice/17.2.1 core-rest-pipeline/1.10.1 Node/v16.17.0 OS/(x64-Windows_NT-10.0.22621)",
        "x-ms-client-request-id": "f9dcbe99-374f-4620-b24b-0f9856a10446"
      },
      "RequestBody": null,
      "StatusCode": 200,
      "ResponseHeaders": {
        "Cache-Control": "no-cache",
        "Content-Encoding": "gzip",
        "Content-Type": "application/json",
        "Date": "Wed, 23 Nov 2022 08:58:33 GMT",
        "Expires": "-1",
        "Pragma": "no-cache",
        "Server": "nginx",
        "Strict-Transport-Security": "max-age=31536000; includeSubDomains",
        "Transfer-Encoding": "chunked",
        "Vary": "Accept-Encoding",
        "X-Content-Type-Options": "nosniff",
        "x-ms-correlation-request-id": "85a86cb6-09e8-4a08-b665-24044e6d9fe4",
        "x-ms-ratelimit-remaining-subscription-reads": "11964",
        "x-ms-request-id": "c080970c-d707-4123-8224-7e101a663926",
        "x-ms-routing-request-id": "SOUTHEASTASIA:20221123T085834Z:85a86cb6-09e8-4a08-b665-24044e6d9fe4"
      },
      "ResponseBody": {
        "name": "6c35db63-afa9-d344-9d1a-f0f49a225d54",
        "status": "InProgress",
        "startTime": "2022-11-23T08:57:08.2000873Z"
      }
    },
    {
      "RequestUri": "https://management.azure.com/subscriptions/azure_subscription_id/providers/Microsoft.ContainerService/locations/eastus/operations/63db356c-a9af-44d3-9d1a-f0f49a225d54?api-version=2017-08-31",
      "RequestMethod": "GET",
      "RequestHeaders": {
        "Accept": "application/json",
        "Accept-Encoding": "gzip,deflate",
        "Authorization": "Sanitized",
        "Connection": "keep-alive",
        "Content-Type": "application/json",
        "User-Agent": "azsdk-js-arm-containerservice/17.2.1 core-rest-pipeline/1.10.1 Node/v16.17.0 OS/(x64-Windows_NT-10.0.22621)",
        "x-ms-client-request-id": "e75f8a67-cb9e-4550-bd1f-01dfb5dd519e"
      },
      "RequestBody": null,
      "StatusCode": 200,
      "ResponseHeaders": {
        "Cache-Control": "no-cache",
        "Content-Encoding": "gzip",
        "Content-Type": "application/json",
        "Date": "Wed, 23 Nov 2022 08:58:35 GMT",
        "Expires": "-1",
        "Pragma": "no-cache",
        "Server": "nginx",
        "Strict-Transport-Security": "max-age=31536000; includeSubDomains",
        "Transfer-Encoding": "chunked",
        "Vary": "Accept-Encoding",
        "X-Content-Type-Options": "nosniff",
        "x-ms-correlation-request-id": "61267ccd-d294-4748-9eb9-a9c6c51fade7",
        "x-ms-ratelimit-remaining-subscription-reads": "11963",
        "x-ms-request-id": "8c978c00-3c8b-4aaa-a8ce-b3db0985d7a6",
        "x-ms-routing-request-id": "SOUTHEASTASIA:20221123T085836Z:61267ccd-d294-4748-9eb9-a9c6c51fade7"
      },
      "ResponseBody": {
        "name": "6c35db63-afa9-d344-9d1a-f0f49a225d54",
        "status": "InProgress",
        "startTime": "2022-11-23T08:57:08.2000873Z"
      }
    },
    {
      "RequestUri": "https://management.azure.com/subscriptions/azure_subscription_id/providers/Microsoft.ContainerService/locations/eastus/operations/63db356c-a9af-44d3-9d1a-f0f49a225d54?api-version=2017-08-31",
      "RequestMethod": "GET",
      "RequestHeaders": {
        "Accept": "application/json",
        "Accept-Encoding": "gzip,deflate",
        "Authorization": "Sanitized",
        "Connection": "keep-alive",
        "Content-Type": "application/json",
        "User-Agent": "azsdk-js-arm-containerservice/17.2.1 core-rest-pipeline/1.10.1 Node/v16.17.0 OS/(x64-Windows_NT-10.0.22621)",
        "x-ms-client-request-id": "6a3ccacf-ad2a-44fc-a845-05075c41b9b9"
      },
      "RequestBody": null,
      "StatusCode": 200,
      "ResponseHeaders": {
        "Cache-Control": "no-cache",
        "Content-Encoding": "gzip",
        "Content-Type": "application/json",
        "Date": "Wed, 23 Nov 2022 08:58:38 GMT",
        "Expires": "-1",
        "Pragma": "no-cache",
        "Server": "nginx",
        "Strict-Transport-Security": "max-age=31536000; includeSubDomains",
        "Transfer-Encoding": "chunked",
        "Vary": "Accept-Encoding",
        "X-Content-Type-Options": "nosniff",
        "x-ms-correlation-request-id": "54b69d7d-f2bb-4b91-936a-7305a5d62979",
        "x-ms-ratelimit-remaining-subscription-reads": "11962",
        "x-ms-request-id": "4f5870de-beee-4394-957b-92a1d6cf230b",
        "x-ms-routing-request-id": "SOUTHEASTASIA:20221123T085838Z:54b69d7d-f2bb-4b91-936a-7305a5d62979"
      },
      "ResponseBody": {
        "name": "6c35db63-afa9-d344-9d1a-f0f49a225d54",
        "status": "InProgress",
        "startTime": "2022-11-23T08:57:08.2000873Z"
      }
    },
    {
      "RequestUri": "https://management.azure.com/subscriptions/azure_subscription_id/providers/Microsoft.ContainerService/locations/eastus/operations/63db356c-a9af-44d3-9d1a-f0f49a225d54?api-version=2017-08-31",
      "RequestMethod": "GET",
      "RequestHeaders": {
        "Accept": "application/json",
        "Accept-Encoding": "gzip,deflate",
        "Authorization": "Sanitized",
        "Connection": "keep-alive",
        "Content-Type": "application/json",
        "User-Agent": "azsdk-js-arm-containerservice/17.2.1 core-rest-pipeline/1.10.1 Node/v16.17.0 OS/(x64-Windows_NT-10.0.22621)",
        "x-ms-client-request-id": "0649b83e-71d0-4348-b640-3f65411ed6c6"
      },
      "RequestBody": null,
      "StatusCode": 200,
      "ResponseHeaders": {
        "Cache-Control": "no-cache",
        "Content-Encoding": "gzip",
        "Content-Type": "application/json",
        "Date": "Wed, 23 Nov 2022 08:58:40 GMT",
        "Expires": "-1",
        "Pragma": "no-cache",
        "Server": "nginx",
        "Strict-Transport-Security": "max-age=31536000; includeSubDomains",
        "Transfer-Encoding": "chunked",
        "Vary": "Accept-Encoding",
        "X-Content-Type-Options": "nosniff",
        "x-ms-correlation-request-id": "c9afb3aa-4185-415a-9896-2badaf9f5b53",
        "x-ms-ratelimit-remaining-subscription-reads": "11961",
        "x-ms-request-id": "ce346920-24ad-4aba-b1bc-fb15c53e2a3d",
        "x-ms-routing-request-id": "SOUTHEASTASIA:20221123T085841Z:c9afb3aa-4185-415a-9896-2badaf9f5b53"
      },
      "ResponseBody": {
        "name": "6c35db63-afa9-d344-9d1a-f0f49a225d54",
        "status": "InProgress",
        "startTime": "2022-11-23T08:57:08.2000873Z"
      }
    },
    {
      "RequestUri": "https://management.azure.com/subscriptions/azure_subscription_id/providers/Microsoft.ContainerService/locations/eastus/operations/63db356c-a9af-44d3-9d1a-f0f49a225d54?api-version=2017-08-31",
      "RequestMethod": "GET",
      "RequestHeaders": {
        "Accept": "application/json",
        "Accept-Encoding": "gzip,deflate",
        "Authorization": "Sanitized",
        "Connection": "keep-alive",
        "Content-Type": "application/json",
        "User-Agent": "azsdk-js-arm-containerservice/17.2.1 core-rest-pipeline/1.10.1 Node/v16.17.0 OS/(x64-Windows_NT-10.0.22621)",
        "x-ms-client-request-id": "03269244-d498-4082-bcea-655f9db9a2d3"
      },
      "RequestBody": null,
      "StatusCode": 200,
      "ResponseHeaders": {
        "Cache-Control": "no-cache",
        "Content-Encoding": "gzip",
        "Content-Type": "application/json",
        "Date": "Wed, 23 Nov 2022 08:58:42 GMT",
        "Expires": "-1",
        "Pragma": "no-cache",
        "Server": "nginx",
        "Strict-Transport-Security": "max-age=31536000; includeSubDomains",
        "Transfer-Encoding": "chunked",
        "Vary": "Accept-Encoding",
        "X-Content-Type-Options": "nosniff",
        "x-ms-correlation-request-id": "922b5be6-85c1-4b7a-867d-833fe06d2544",
        "x-ms-ratelimit-remaining-subscription-reads": "11960",
        "x-ms-request-id": "91a54325-4835-412d-892b-7f68aee52d7e",
        "x-ms-routing-request-id": "SOUTHEASTASIA:20221123T085843Z:922b5be6-85c1-4b7a-867d-833fe06d2544"
      },
      "ResponseBody": {
        "name": "6c35db63-afa9-d344-9d1a-f0f49a225d54",
        "status": "InProgress",
        "startTime": "2022-11-23T08:57:08.2000873Z"
      }
    },
    {
      "RequestUri": "https://management.azure.com/subscriptions/azure_subscription_id/providers/Microsoft.ContainerService/locations/eastus/operations/63db356c-a9af-44d3-9d1a-f0f49a225d54?api-version=2017-08-31",
      "RequestMethod": "GET",
      "RequestHeaders": {
        "Accept": "application/json",
        "Accept-Encoding": "gzip,deflate",
        "Authorization": "Sanitized",
        "Connection": "keep-alive",
        "Content-Type": "application/json",
        "User-Agent": "azsdk-js-arm-containerservice/17.2.1 core-rest-pipeline/1.10.1 Node/v16.17.0 OS/(x64-Windows_NT-10.0.22621)",
        "x-ms-client-request-id": "9b34410e-0985-419d-84c2-fd1a64798776"
      },
      "RequestBody": null,
      "StatusCode": 200,
      "ResponseHeaders": {
        "Cache-Control": "no-cache",
        "Content-Encoding": "gzip",
        "Content-Type": "application/json",
        "Date": "Wed, 23 Nov 2022 08:58:45 GMT",
        "Expires": "-1",
        "Pragma": "no-cache",
        "Server": "nginx",
        "Strict-Transport-Security": "max-age=31536000; includeSubDomains",
        "Transfer-Encoding": "chunked",
        "Vary": "Accept-Encoding",
        "X-Content-Type-Options": "nosniff",
        "x-ms-correlation-request-id": "9b4db13d-fd6b-4dd4-8b00-8e7cb8c662cb",
        "x-ms-ratelimit-remaining-subscription-reads": "11959",
        "x-ms-request-id": "4eccfa02-a20d-41ef-a7a1-1b4fcc8a74bd",
        "x-ms-routing-request-id": "SOUTHEASTASIA:20221123T085846Z:9b4db13d-fd6b-4dd4-8b00-8e7cb8c662cb"
      },
      "ResponseBody": {
        "name": "6c35db63-afa9-d344-9d1a-f0f49a225d54",
        "status": "InProgress",
        "startTime": "2022-11-23T08:57:08.2000873Z"
      }
    },
    {
      "RequestUri": "https://management.azure.com/subscriptions/azure_subscription_id/providers/Microsoft.ContainerService/locations/eastus/operations/63db356c-a9af-44d3-9d1a-f0f49a225d54?api-version=2017-08-31",
      "RequestMethod": "GET",
      "RequestHeaders": {
        "Accept": "application/json",
        "Accept-Encoding": "gzip,deflate",
        "Authorization": "Sanitized",
        "Connection": "keep-alive",
        "Content-Type": "application/json",
        "User-Agent": "azsdk-js-arm-containerservice/17.2.1 core-rest-pipeline/1.10.1 Node/v16.17.0 OS/(x64-Windows_NT-10.0.22621)",
        "x-ms-client-request-id": "3bc84745-6a9c-48bc-ad3e-963dcabd3138"
      },
      "RequestBody": null,
      "StatusCode": 200,
      "ResponseHeaders": {
        "Cache-Control": "no-cache",
        "Content-Encoding": "gzip",
        "Content-Type": "application/json",
        "Date": "Wed, 23 Nov 2022 08:58:47 GMT",
        "Expires": "-1",
        "Pragma": "no-cache",
        "Server": "nginx",
        "Strict-Transport-Security": "max-age=31536000; includeSubDomains",
        "Transfer-Encoding": "chunked",
        "Vary": "Accept-Encoding",
        "X-Content-Type-Options": "nosniff",
        "x-ms-correlation-request-id": "efc1ed8d-8189-4236-9e4f-7af90121a010",
        "x-ms-ratelimit-remaining-subscription-reads": "11958",
        "x-ms-request-id": "9c096505-d846-40ff-a432-db990b392193",
        "x-ms-routing-request-id": "SOUTHEASTASIA:20221123T085848Z:efc1ed8d-8189-4236-9e4f-7af90121a010"
      },
      "ResponseBody": {
        "name": "6c35db63-afa9-d344-9d1a-f0f49a225d54",
        "status": "InProgress",
        "startTime": "2022-11-23T08:57:08.2000873Z"
      }
    },
    {
      "RequestUri": "https://management.azure.com/subscriptions/azure_subscription_id/providers/Microsoft.ContainerService/locations/eastus/operations/63db356c-a9af-44d3-9d1a-f0f49a225d54?api-version=2017-08-31",
      "RequestMethod": "GET",
      "RequestHeaders": {
        "Accept": "application/json",
        "Accept-Encoding": "gzip,deflate",
        "Authorization": "Sanitized",
        "Connection": "keep-alive",
        "Content-Type": "application/json",
        "User-Agent": "azsdk-js-arm-containerservice/17.2.1 core-rest-pipeline/1.10.1 Node/v16.17.0 OS/(x64-Windows_NT-10.0.22621)",
        "x-ms-client-request-id": "e5f2a27e-9858-4bec-8724-3289e57a5113"
      },
      "RequestBody": null,
      "StatusCode": 200,
      "ResponseHeaders": {
        "Cache-Control": "no-cache",
        "Content-Encoding": "gzip",
        "Content-Type": "application/json",
        "Date": "Wed, 23 Nov 2022 08:58:51 GMT",
        "Expires": "-1",
        "Pragma": "no-cache",
        "Server": "nginx",
        "Strict-Transport-Security": "max-age=31536000; includeSubDomains",
        "Transfer-Encoding": "chunked",
        "Vary": "Accept-Encoding",
        "X-Content-Type-Options": "nosniff",
        "x-ms-correlation-request-id": "b88461c1-8737-491d-bfcb-e0513ba17fa1",
        "x-ms-ratelimit-remaining-subscription-reads": "11957",
        "x-ms-request-id": "5eaa7edb-cc25-4a90-942b-f6a249e70dc2",
        "x-ms-routing-request-id": "SOUTHEASTASIA:20221123T085851Z:b88461c1-8737-491d-bfcb-e0513ba17fa1"
      },
      "ResponseBody": {
        "name": "6c35db63-afa9-d344-9d1a-f0f49a225d54",
        "status": "InProgress",
        "startTime": "2022-11-23T08:57:08.2000873Z"
      }
    },
    {
      "RequestUri": "https://management.azure.com/subscriptions/azure_subscription_id/providers/Microsoft.ContainerService/locations/eastus/operations/63db356c-a9af-44d3-9d1a-f0f49a225d54?api-version=2017-08-31",
      "RequestMethod": "GET",
      "RequestHeaders": {
        "Accept": "application/json",
        "Accept-Encoding": "gzip,deflate",
        "Authorization": "Sanitized",
        "Connection": "keep-alive",
        "Content-Type": "application/json",
        "User-Agent": "azsdk-js-arm-containerservice/17.2.1 core-rest-pipeline/1.10.1 Node/v16.17.0 OS/(x64-Windows_NT-10.0.22621)",
        "x-ms-client-request-id": "efabf4db-324f-4835-9c85-440957993533"
      },
      "RequestBody": null,
      "StatusCode": 200,
      "ResponseHeaders": {
        "Cache-Control": "no-cache",
        "Content-Encoding": "gzip",
        "Content-Type": "application/json",
        "Date": "Wed, 23 Nov 2022 08:58:53 GMT",
        "Expires": "-1",
        "Pragma": "no-cache",
        "Server": "nginx",
        "Strict-Transport-Security": "max-age=31536000; includeSubDomains",
        "Transfer-Encoding": "chunked",
        "Vary": "Accept-Encoding",
        "X-Content-Type-Options": "nosniff",
        "x-ms-correlation-request-id": "551b2326-96b1-405a-8f3a-7dcbe9e87b42",
        "x-ms-ratelimit-remaining-subscription-reads": "11956",
        "x-ms-request-id": "3488755a-ad0c-48f9-aa10-b49d80698f20",
        "x-ms-routing-request-id": "SOUTHEASTASIA:20221123T085853Z:551b2326-96b1-405a-8f3a-7dcbe9e87b42"
      },
      "ResponseBody": {
        "name": "6c35db63-afa9-d344-9d1a-f0f49a225d54",
        "status": "InProgress",
        "startTime": "2022-11-23T08:57:08.2000873Z"
      }
    },
    {
      "RequestUri": "https://management.azure.com/subscriptions/azure_subscription_id/providers/Microsoft.ContainerService/locations/eastus/operations/63db356c-a9af-44d3-9d1a-f0f49a225d54?api-version=2017-08-31",
      "RequestMethod": "GET",
      "RequestHeaders": {
        "Accept": "application/json",
        "Accept-Encoding": "gzip,deflate",
        "Authorization": "Sanitized",
        "Connection": "keep-alive",
        "Content-Type": "application/json",
        "User-Agent": "azsdk-js-arm-containerservice/17.2.1 core-rest-pipeline/1.10.1 Node/v16.17.0 OS/(x64-Windows_NT-10.0.22621)",
        "x-ms-client-request-id": "b514b4b9-f4ee-47df-8f40-88f374402e95"
      },
      "RequestBody": null,
      "StatusCode": 200,
      "ResponseHeaders": {
        "Cache-Control": "no-cache",
        "Content-Encoding": "gzip",
        "Content-Type": "application/json",
        "Date": "Wed, 23 Nov 2022 08:58:55 GMT",
        "Expires": "-1",
        "Pragma": "no-cache",
        "Server": "nginx",
        "Strict-Transport-Security": "max-age=31536000; includeSubDomains",
        "Transfer-Encoding": "chunked",
        "Vary": "Accept-Encoding",
        "X-Content-Type-Options": "nosniff",
        "x-ms-correlation-request-id": "c3d48b12-415f-4881-8da2-65c2b46b8760",
        "x-ms-ratelimit-remaining-subscription-reads": "11955",
        "x-ms-request-id": "9b9d589e-c523-45db-9cb6-85b165dde340",
        "x-ms-routing-request-id": "SOUTHEASTASIA:20221123T085855Z:c3d48b12-415f-4881-8da2-65c2b46b8760"
      },
      "ResponseBody": {
        "name": "6c35db63-afa9-d344-9d1a-f0f49a225d54",
        "status": "InProgress",
        "startTime": "2022-11-23T08:57:08.2000873Z"
      }
    },
    {
      "RequestUri": "https://management.azure.com/subscriptions/azure_subscription_id/providers/Microsoft.ContainerService/locations/eastus/operations/63db356c-a9af-44d3-9d1a-f0f49a225d54?api-version=2017-08-31",
      "RequestMethod": "GET",
      "RequestHeaders": {
        "Accept": "application/json",
        "Accept-Encoding": "gzip,deflate",
        "Authorization": "Sanitized",
        "Connection": "keep-alive",
        "Content-Type": "application/json",
        "User-Agent": "azsdk-js-arm-containerservice/17.2.1 core-rest-pipeline/1.10.1 Node/v16.17.0 OS/(x64-Windows_NT-10.0.22621)",
        "x-ms-client-request-id": "9fef1bbb-df5f-43c2-b83b-0262da7eb3a1"
      },
      "RequestBody": null,
      "StatusCode": 200,
      "ResponseHeaders": {
        "Cache-Control": "no-cache",
        "Content-Encoding": "gzip",
        "Content-Type": "application/json",
        "Date": "Wed, 23 Nov 2022 08:58:58 GMT",
        "Expires": "-1",
        "Pragma": "no-cache",
        "Server": "nginx",
        "Strict-Transport-Security": "max-age=31536000; includeSubDomains",
        "Transfer-Encoding": "chunked",
        "Vary": "Accept-Encoding",
        "X-Content-Type-Options": "nosniff",
        "x-ms-correlation-request-id": "2fdc652b-7229-4cfb-902a-236f07aa9658",
        "x-ms-ratelimit-remaining-subscription-reads": "11954",
        "x-ms-request-id": "eb200dc0-4536-4f57-b696-9eb3ad8b8a09",
        "x-ms-routing-request-id": "SOUTHEASTASIA:20221123T085858Z:2fdc652b-7229-4cfb-902a-236f07aa9658"
      },
      "ResponseBody": {
        "name": "6c35db63-afa9-d344-9d1a-f0f49a225d54",
        "status": "InProgress",
        "startTime": "2022-11-23T08:57:08.2000873Z"
      }
    },
    {
      "RequestUri": "https://management.azure.com/subscriptions/azure_subscription_id/providers/Microsoft.ContainerService/locations/eastus/operations/63db356c-a9af-44d3-9d1a-f0f49a225d54?api-version=2017-08-31",
      "RequestMethod": "GET",
      "RequestHeaders": {
        "Accept": "application/json",
        "Accept-Encoding": "gzip,deflate",
        "Authorization": "Sanitized",
        "Connection": "keep-alive",
        "Content-Type": "application/json",
        "User-Agent": "azsdk-js-arm-containerservice/17.2.1 core-rest-pipeline/1.10.1 Node/v16.17.0 OS/(x64-Windows_NT-10.0.22621)",
        "x-ms-client-request-id": "d8c57bc8-5d9d-435b-b5bc-58c78771c0df"
      },
      "RequestBody": null,
      "StatusCode": 200,
      "ResponseHeaders": {
        "Cache-Control": "no-cache",
        "Content-Encoding": "gzip",
        "Content-Type": "application/json",
        "Date": "Wed, 23 Nov 2022 08:59:00 GMT",
        "Expires": "-1",
        "Pragma": "no-cache",
        "Server": "nginx",
        "Strict-Transport-Security": "max-age=31536000; includeSubDomains",
        "Transfer-Encoding": "chunked",
        "Vary": "Accept-Encoding",
        "X-Content-Type-Options": "nosniff",
        "x-ms-correlation-request-id": "d69f64cd-75c8-4233-b28f-79e9afa2deb1",
        "x-ms-ratelimit-remaining-subscription-reads": "11953",
        "x-ms-request-id": "3114813d-ba28-4443-889f-0d2de0764b7b",
        "x-ms-routing-request-id": "SOUTHEASTASIA:20221123T085900Z:d69f64cd-75c8-4233-b28f-79e9afa2deb1"
      },
      "ResponseBody": {
        "name": "6c35db63-afa9-d344-9d1a-f0f49a225d54",
        "status": "InProgress",
        "startTime": "2022-11-23T08:57:08.2000873Z"
      }
    },
    {
      "RequestUri": "https://management.azure.com/subscriptions/azure_subscription_id/providers/Microsoft.ContainerService/locations/eastus/operations/63db356c-a9af-44d3-9d1a-f0f49a225d54?api-version=2017-08-31",
      "RequestMethod": "GET",
      "RequestHeaders": {
        "Accept": "application/json",
        "Accept-Encoding": "gzip,deflate",
        "Authorization": "Sanitized",
        "Connection": "keep-alive",
        "Content-Type": "application/json",
        "User-Agent": "azsdk-js-arm-containerservice/17.2.1 core-rest-pipeline/1.10.1 Node/v16.17.0 OS/(x64-Windows_NT-10.0.22621)",
        "x-ms-client-request-id": "9bda00ed-8c2b-4c7a-9b79-ec61a6d8b90e"
      },
      "RequestBody": null,
      "StatusCode": 200,
      "ResponseHeaders": {
        "Cache-Control": "no-cache",
        "Content-Encoding": "gzip",
        "Content-Type": "application/json",
        "Date": "Wed, 23 Nov 2022 08:59:03 GMT",
        "Expires": "-1",
        "Pragma": "no-cache",
        "Server": "nginx",
        "Strict-Transport-Security": "max-age=31536000; includeSubDomains",
        "Transfer-Encoding": "chunked",
        "Vary": "Accept-Encoding",
        "X-Content-Type-Options": "nosniff",
        "x-ms-correlation-request-id": "5ea55281-e9f8-464b-bd60-de996a2d618d",
        "x-ms-ratelimit-remaining-subscription-reads": "11952",
        "x-ms-request-id": "a00d7103-cc71-435c-9b93-dc2f35758400",
        "x-ms-routing-request-id": "SOUTHEASTASIA:20221123T085903Z:5ea55281-e9f8-464b-bd60-de996a2d618d"
      },
      "ResponseBody": {
        "name": "6c35db63-afa9-d344-9d1a-f0f49a225d54",
        "status": "InProgress",
        "startTime": "2022-11-23T08:57:08.2000873Z"
      }
    },
    {
      "RequestUri": "https://management.azure.com/subscriptions/azure_subscription_id/providers/Microsoft.ContainerService/locations/eastus/operations/63db356c-a9af-44d3-9d1a-f0f49a225d54?api-version=2017-08-31",
      "RequestMethod": "GET",
      "RequestHeaders": {
        "Accept": "application/json",
        "Accept-Encoding": "gzip,deflate",
        "Authorization": "Sanitized",
        "Connection": "keep-alive",
        "Content-Type": "application/json",
        "User-Agent": "azsdk-js-arm-containerservice/17.2.1 core-rest-pipeline/1.10.1 Node/v16.17.0 OS/(x64-Windows_NT-10.0.22621)",
        "x-ms-client-request-id": "91dc83c5-d0e0-4076-8799-54118245f811"
      },
      "RequestBody": null,
      "StatusCode": 200,
      "ResponseHeaders": {
        "Cache-Control": "no-cache",
        "Content-Encoding": "gzip",
        "Content-Type": "application/json",
        "Date": "Wed, 23 Nov 2022 08:59:05 GMT",
        "Expires": "-1",
        "Pragma": "no-cache",
        "Server": "nginx",
        "Strict-Transport-Security": "max-age=31536000; includeSubDomains",
        "Transfer-Encoding": "chunked",
        "Vary": "Accept-Encoding",
        "X-Content-Type-Options": "nosniff",
        "x-ms-correlation-request-id": "91b604fc-f838-4b37-a9fe-d1e5626e868f",
        "x-ms-ratelimit-remaining-subscription-reads": "11951",
        "x-ms-request-id": "d452d624-3073-4822-ae70-35feadbd6c56",
        "x-ms-routing-request-id": "SOUTHEASTASIA:20221123T085905Z:91b604fc-f838-4b37-a9fe-d1e5626e868f"
      },
      "ResponseBody": {
        "name": "6c35db63-afa9-d344-9d1a-f0f49a225d54",
        "status": "InProgress",
        "startTime": "2022-11-23T08:57:08.2000873Z"
      }
    },
    {
      "RequestUri": "https://management.azure.com/subscriptions/azure_subscription_id/providers/Microsoft.ContainerService/locations/eastus/operations/63db356c-a9af-44d3-9d1a-f0f49a225d54?api-version=2017-08-31",
      "RequestMethod": "GET",
      "RequestHeaders": {
        "Accept": "application/json",
        "Accept-Encoding": "gzip,deflate",
        "Authorization": "Sanitized",
        "Connection": "keep-alive",
        "Content-Type": "application/json",
        "User-Agent": "azsdk-js-arm-containerservice/17.2.1 core-rest-pipeline/1.10.1 Node/v16.17.0 OS/(x64-Windows_NT-10.0.22621)",
        "x-ms-client-request-id": "3e263a4c-963b-4f6a-b7a8-a601d54e8386"
      },
      "RequestBody": null,
      "StatusCode": 200,
      "ResponseHeaders": {
        "Cache-Control": "no-cache",
        "Content-Encoding": "gzip",
        "Content-Type": "application/json",
        "Date": "Wed, 23 Nov 2022 08:59:08 GMT",
        "Expires": "-1",
        "Pragma": "no-cache",
        "Server": "nginx",
        "Strict-Transport-Security": "max-age=31536000; includeSubDomains",
        "Transfer-Encoding": "chunked",
        "Vary": "Accept-Encoding",
        "X-Content-Type-Options": "nosniff",
        "x-ms-correlation-request-id": "9b65f291-3bf9-4783-9ec1-36133bd6914e",
        "x-ms-ratelimit-remaining-subscription-reads": "11950",
        "x-ms-request-id": "25ac7c8a-6a99-4b61-9b0a-61dd26c0409f",
        "x-ms-routing-request-id": "SOUTHEASTASIA:20221123T085908Z:9b65f291-3bf9-4783-9ec1-36133bd6914e"
      },
      "ResponseBody": {
        "name": "6c35db63-afa9-d344-9d1a-f0f49a225d54",
        "status": "InProgress",
        "startTime": "2022-11-23T08:57:08.2000873Z"
      }
    },
    {
      "RequestUri": "https://management.azure.com/subscriptions/azure_subscription_id/providers/Microsoft.ContainerService/locations/eastus/operations/63db356c-a9af-44d3-9d1a-f0f49a225d54?api-version=2017-08-31",
      "RequestMethod": "GET",
      "RequestHeaders": {
        "Accept": "application/json",
        "Accept-Encoding": "gzip,deflate",
        "Authorization": "Sanitized",
        "Connection": "keep-alive",
        "Content-Type": "application/json",
        "User-Agent": "azsdk-js-arm-containerservice/17.2.1 core-rest-pipeline/1.10.1 Node/v16.17.0 OS/(x64-Windows_NT-10.0.22621)",
        "x-ms-client-request-id": "7bba0f01-f19c-408d-8a3e-7759b6eda95a"
      },
      "RequestBody": null,
      "StatusCode": 200,
      "ResponseHeaders": {
        "Cache-Control": "no-cache",
        "Content-Encoding": "gzip",
        "Content-Type": "application/json",
        "Date": "Wed, 23 Nov 2022 08:59:10 GMT",
        "Expires": "-1",
        "Pragma": "no-cache",
        "Server": "nginx",
        "Strict-Transport-Security": "max-age=31536000; includeSubDomains",
        "Transfer-Encoding": "chunked",
        "Vary": "Accept-Encoding",
        "X-Content-Type-Options": "nosniff",
        "x-ms-correlation-request-id": "f6c7f336-d76f-4903-9f3c-05eb142e3066",
        "x-ms-ratelimit-remaining-subscription-reads": "11949",
        "x-ms-request-id": "f3750603-29e0-4fc9-bfed-e39eb1d34c30",
        "x-ms-routing-request-id": "SOUTHEASTASIA:20221123T085910Z:f6c7f336-d76f-4903-9f3c-05eb142e3066"
      },
      "ResponseBody": {
        "name": "6c35db63-afa9-d344-9d1a-f0f49a225d54",
        "status": "InProgress",
        "startTime": "2022-11-23T08:57:08.2000873Z"
      }
    },
    {
      "RequestUri": "https://management.azure.com/subscriptions/azure_subscription_id/providers/Microsoft.ContainerService/locations/eastus/operations/63db356c-a9af-44d3-9d1a-f0f49a225d54?api-version=2017-08-31",
      "RequestMethod": "GET",
      "RequestHeaders": {
        "Accept": "application/json",
        "Accept-Encoding": "gzip,deflate",
        "Authorization": "Sanitized",
        "Connection": "keep-alive",
        "Content-Type": "application/json",
        "User-Agent": "azsdk-js-arm-containerservice/17.2.1 core-rest-pipeline/1.10.1 Node/v16.17.0 OS/(x64-Windows_NT-10.0.22621)",
        "x-ms-client-request-id": "2401bb48-2898-4926-9a0e-53708033f4d3"
      },
      "RequestBody": null,
      "StatusCode": 200,
      "ResponseHeaders": {
        "Cache-Control": "no-cache",
        "Content-Encoding": "gzip",
        "Content-Type": "application/json",
        "Date": "Wed, 23 Nov 2022 08:59:13 GMT",
        "Expires": "-1",
        "Pragma": "no-cache",
        "Server": "nginx",
        "Strict-Transport-Security": "max-age=31536000; includeSubDomains",
        "Transfer-Encoding": "chunked",
        "Vary": "Accept-Encoding",
        "X-Content-Type-Options": "nosniff",
        "x-ms-correlation-request-id": "5ebe1c79-da72-406b-9210-a9dfcf03d18a",
        "x-ms-ratelimit-remaining-subscription-reads": "11948",
        "x-ms-request-id": "0a04fafc-416e-4658-803d-15f25198dea6",
        "x-ms-routing-request-id": "SOUTHEASTASIA:20221123T085913Z:5ebe1c79-da72-406b-9210-a9dfcf03d18a"
      },
      "ResponseBody": {
        "name": "6c35db63-afa9-d344-9d1a-f0f49a225d54",
        "status": "InProgress",
        "startTime": "2022-11-23T08:57:08.2000873Z"
      }
    },
    {
      "RequestUri": "https://management.azure.com/subscriptions/azure_subscription_id/providers/Microsoft.ContainerService/locations/eastus/operations/63db356c-a9af-44d3-9d1a-f0f49a225d54?api-version=2017-08-31",
      "RequestMethod": "GET",
      "RequestHeaders": {
        "Accept": "application/json",
        "Accept-Encoding": "gzip,deflate",
        "Authorization": "Sanitized",
        "Connection": "keep-alive",
        "Content-Type": "application/json",
        "User-Agent": "azsdk-js-arm-containerservice/17.2.1 core-rest-pipeline/1.10.1 Node/v16.17.0 OS/(x64-Windows_NT-10.0.22621)",
        "x-ms-client-request-id": "c553face-512f-4221-97d8-d661ae8db4d8"
      },
      "RequestBody": null,
      "StatusCode": 200,
      "ResponseHeaders": {
        "Cache-Control": "no-cache",
        "Content-Encoding": "gzip",
        "Content-Type": "application/json",
        "Date": "Wed, 23 Nov 2022 08:59:15 GMT",
        "Expires": "-1",
        "Pragma": "no-cache",
        "Server": "nginx",
        "Strict-Transport-Security": "max-age=31536000; includeSubDomains",
        "Transfer-Encoding": "chunked",
        "Vary": "Accept-Encoding",
        "X-Content-Type-Options": "nosniff",
        "x-ms-correlation-request-id": "6222b7fe-e41e-4ac2-8a0d-d56c44a9b8b5",
        "x-ms-ratelimit-remaining-subscription-reads": "11947",
        "x-ms-request-id": "ac5e2dfa-5de1-4b44-a6f1-dd59ccef66e5",
        "x-ms-routing-request-id": "SOUTHEASTASIA:20221123T085915Z:6222b7fe-e41e-4ac2-8a0d-d56c44a9b8b5"
      },
      "ResponseBody": {
        "name": "6c35db63-afa9-d344-9d1a-f0f49a225d54",
        "status": "InProgress",
        "startTime": "2022-11-23T08:57:08.2000873Z"
      }
    },
    {
      "RequestUri": "https://management.azure.com/subscriptions/azure_subscription_id/providers/Microsoft.ContainerService/locations/eastus/operations/63db356c-a9af-44d3-9d1a-f0f49a225d54?api-version=2017-08-31",
      "RequestMethod": "GET",
      "RequestHeaders": {
        "Accept": "application/json",
        "Accept-Encoding": "gzip,deflate",
        "Authorization": "Sanitized",
        "Connection": "keep-alive",
        "Content-Type": "application/json",
        "User-Agent": "azsdk-js-arm-containerservice/17.2.1 core-rest-pipeline/1.10.1 Node/v16.17.0 OS/(x64-Windows_NT-10.0.22621)",
        "x-ms-client-request-id": "fc5b5de6-81ec-4d13-bbda-343007ef1b6d"
      },
      "RequestBody": null,
      "StatusCode": 200,
      "ResponseHeaders": {
        "Cache-Control": "no-cache",
        "Content-Encoding": "gzip",
        "Content-Type": "application/json",
        "Date": "Wed, 23 Nov 2022 08:59:17 GMT",
        "Expires": "-1",
        "Pragma": "no-cache",
        "Server": "nginx",
        "Strict-Transport-Security": "max-age=31536000; includeSubDomains",
        "Transfer-Encoding": "chunked",
        "Vary": "Accept-Encoding",
        "X-Content-Type-Options": "nosniff",
        "x-ms-correlation-request-id": "fafdfb7b-046d-4dd7-b94b-7b8a18c00d55",
        "x-ms-ratelimit-remaining-subscription-reads": "11946",
        "x-ms-request-id": "8da583dc-3ce3-40ed-bd39-7ee9751790cb",
        "x-ms-routing-request-id": "SOUTHEASTASIA:20221123T085918Z:fafdfb7b-046d-4dd7-b94b-7b8a18c00d55"
      },
      "ResponseBody": {
        "name": "6c35db63-afa9-d344-9d1a-f0f49a225d54",
        "status": "InProgress",
        "startTime": "2022-11-23T08:57:08.2000873Z"
      }
    },
    {
      "RequestUri": "https://management.azure.com/subscriptions/azure_subscription_id/providers/Microsoft.ContainerService/locations/eastus/operations/63db356c-a9af-44d3-9d1a-f0f49a225d54?api-version=2017-08-31",
      "RequestMethod": "GET",
      "RequestHeaders": {
        "Accept": "application/json",
        "Accept-Encoding": "gzip,deflate",
        "Authorization": "Sanitized",
        "Connection": "keep-alive",
        "Content-Type": "application/json",
        "User-Agent": "azsdk-js-arm-containerservice/17.2.1 core-rest-pipeline/1.10.1 Node/v16.17.0 OS/(x64-Windows_NT-10.0.22621)",
        "x-ms-client-request-id": "778ccff0-d098-4414-a4e0-cba1b9559436"
      },
      "RequestBody": null,
      "StatusCode": 200,
      "ResponseHeaders": {
        "Cache-Control": "no-cache",
        "Content-Encoding": "gzip",
        "Content-Type": "application/json",
        "Date": "Wed, 23 Nov 2022 08:59:20 GMT",
        "Expires": "-1",
        "Pragma": "no-cache",
        "Server": "nginx",
        "Strict-Transport-Security": "max-age=31536000; includeSubDomains",
        "Transfer-Encoding": "chunked",
        "Vary": "Accept-Encoding",
        "X-Content-Type-Options": "nosniff",
        "x-ms-correlation-request-id": "307feae2-4531-47cc-a957-dd3ffa4a924c",
        "x-ms-ratelimit-remaining-subscription-reads": "11945",
        "x-ms-request-id": "7eda3531-b75e-4b8d-8ae2-9e449ac33527",
        "x-ms-routing-request-id": "SOUTHEASTASIA:20221123T085920Z:307feae2-4531-47cc-a957-dd3ffa4a924c"
      },
      "ResponseBody": {
        "name": "6c35db63-afa9-d344-9d1a-f0f49a225d54",
        "status": "InProgress",
        "startTime": "2022-11-23T08:57:08.2000873Z"
      }
    },
    {
      "RequestUri": "https://management.azure.com/subscriptions/azure_subscription_id/providers/Microsoft.ContainerService/locations/eastus/operations/63db356c-a9af-44d3-9d1a-f0f49a225d54?api-version=2017-08-31",
      "RequestMethod": "GET",
      "RequestHeaders": {
        "Accept": "application/json",
        "Accept-Encoding": "gzip,deflate",
        "Authorization": "Sanitized",
        "Connection": "keep-alive",
        "Content-Type": "application/json",
        "User-Agent": "azsdk-js-arm-containerservice/17.2.1 core-rest-pipeline/1.10.1 Node/v16.17.0 OS/(x64-Windows_NT-10.0.22621)",
        "x-ms-client-request-id": "84bffcd3-3fd6-4185-96e8-ff5895c47797"
      },
      "RequestBody": null,
      "StatusCode": 200,
      "ResponseHeaders": {
        "Cache-Control": "no-cache",
        "Content-Encoding": "gzip",
        "Content-Type": "application/json",
        "Date": "Wed, 23 Nov 2022 08:59:22 GMT",
        "Expires": "-1",
        "Pragma": "no-cache",
        "Server": "nginx",
        "Strict-Transport-Security": "max-age=31536000; includeSubDomains",
        "Transfer-Encoding": "chunked",
        "Vary": "Accept-Encoding",
        "X-Content-Type-Options": "nosniff",
        "x-ms-correlation-request-id": "fdea5be2-3bdb-40dd-9b77-66c49b0bf08e",
        "x-ms-ratelimit-remaining-subscription-reads": "11944",
        "x-ms-request-id": "478af526-f325-4675-a8c4-a5707d68cac8",
        "x-ms-routing-request-id": "SOUTHEASTASIA:20221123T085922Z:fdea5be2-3bdb-40dd-9b77-66c49b0bf08e"
      },
      "ResponseBody": {
        "name": "6c35db63-afa9-d344-9d1a-f0f49a225d54",
        "status": "InProgress",
        "startTime": "2022-11-23T08:57:08.2000873Z"
      }
    },
    {
      "RequestUri": "https://management.azure.com/subscriptions/azure_subscription_id/providers/Microsoft.ContainerService/locations/eastus/operations/63db356c-a9af-44d3-9d1a-f0f49a225d54?api-version=2017-08-31",
      "RequestMethod": "GET",
      "RequestHeaders": {
        "Accept": "application/json",
        "Accept-Encoding": "gzip,deflate",
        "Authorization": "Sanitized",
        "Connection": "keep-alive",
        "Content-Type": "application/json",
        "User-Agent": "azsdk-js-arm-containerservice/17.2.1 core-rest-pipeline/1.10.1 Node/v16.17.0 OS/(x64-Windows_NT-10.0.22621)",
        "x-ms-client-request-id": "da781a94-cc71-4824-af77-a2f201549af5"
      },
      "RequestBody": null,
      "StatusCode": 200,
      "ResponseHeaders": {
        "Cache-Control": "no-cache",
        "Content-Encoding": "gzip",
        "Content-Type": "application/json",
        "Date": "Wed, 23 Nov 2022 08:59:25 GMT",
        "Expires": "-1",
        "Pragma": "no-cache",
        "Server": "nginx",
        "Strict-Transport-Security": "max-age=31536000; includeSubDomains",
        "Transfer-Encoding": "chunked",
        "Vary": "Accept-Encoding",
        "X-Content-Type-Options": "nosniff",
        "x-ms-correlation-request-id": "db4dee50-0567-4c43-8a64-d55e7db521ff",
        "x-ms-ratelimit-remaining-subscription-reads": "11943",
        "x-ms-request-id": "920fb0e4-5f96-4457-ab5c-417d2ae8867a",
        "x-ms-routing-request-id": "SOUTHEASTASIA:20221123T085925Z:db4dee50-0567-4c43-8a64-d55e7db521ff"
      },
      "ResponseBody": {
        "name": "6c35db63-afa9-d344-9d1a-f0f49a225d54",
        "status": "InProgress",
        "startTime": "2022-11-23T08:57:08.2000873Z"
      }
    },
    {
      "RequestUri": "https://management.azure.com/subscriptions/azure_subscription_id/providers/Microsoft.ContainerService/locations/eastus/operations/63db356c-a9af-44d3-9d1a-f0f49a225d54?api-version=2017-08-31",
      "RequestMethod": "GET",
      "RequestHeaders": {
        "Accept": "application/json",
        "Accept-Encoding": "gzip,deflate",
        "Authorization": "Sanitized",
        "Connection": "keep-alive",
        "Content-Type": "application/json",
        "User-Agent": "azsdk-js-arm-containerservice/17.2.1 core-rest-pipeline/1.10.1 Node/v16.17.0 OS/(x64-Windows_NT-10.0.22621)",
        "x-ms-client-request-id": "c1e5035a-2f8f-42be-88bb-3aa266caac90"
      },
      "RequestBody": null,
      "StatusCode": 200,
      "ResponseHeaders": {
        "Cache-Control": "no-cache",
        "Content-Encoding": "gzip",
        "Content-Type": "application/json",
        "Date": "Wed, 23 Nov 2022 08:59:27 GMT",
        "Expires": "-1",
        "Pragma": "no-cache",
        "Server": "nginx",
        "Strict-Transport-Security": "max-age=31536000; includeSubDomains",
        "Transfer-Encoding": "chunked",
        "Vary": "Accept-Encoding",
        "X-Content-Type-Options": "nosniff",
        "x-ms-correlation-request-id": "d2e31e09-7677-4a5b-9c59-c55461e17920",
        "x-ms-ratelimit-remaining-subscription-reads": "11942",
        "x-ms-request-id": "13d920b2-3a8a-4a31-a9ee-35faa906c33e",
        "x-ms-routing-request-id": "SOUTHEASTASIA:20221123T085927Z:d2e31e09-7677-4a5b-9c59-c55461e17920"
      },
      "ResponseBody": {
        "name": "6c35db63-afa9-d344-9d1a-f0f49a225d54",
        "status": "InProgress",
        "startTime": "2022-11-23T08:57:08.2000873Z"
      }
    },
    {
      "RequestUri": "https://management.azure.com/subscriptions/azure_subscription_id/providers/Microsoft.ContainerService/locations/eastus/operations/63db356c-a9af-44d3-9d1a-f0f49a225d54?api-version=2017-08-31",
      "RequestMethod": "GET",
      "RequestHeaders": {
        "Accept": "application/json",
        "Accept-Encoding": "gzip,deflate",
        "Authorization": "Sanitized",
        "Connection": "keep-alive",
        "Content-Type": "application/json",
        "User-Agent": "azsdk-js-arm-containerservice/17.2.1 core-rest-pipeline/1.10.1 Node/v16.17.0 OS/(x64-Windows_NT-10.0.22621)",
        "x-ms-client-request-id": "74e57fdc-770d-490f-a300-236f014312ac"
      },
      "RequestBody": null,
      "StatusCode": 200,
      "ResponseHeaders": {
        "Cache-Control": "no-cache",
        "Content-Encoding": "gzip",
        "Content-Type": "application/json",
        "Date": "Wed, 23 Nov 2022 08:59:29 GMT",
        "Expires": "-1",
        "Pragma": "no-cache",
        "Server": "nginx",
        "Strict-Transport-Security": "max-age=31536000; includeSubDomains",
        "Transfer-Encoding": "chunked",
        "Vary": "Accept-Encoding",
        "X-Content-Type-Options": "nosniff",
        "x-ms-correlation-request-id": "3b750884-f01d-426e-8a8d-b680dfa92cdc",
        "x-ms-ratelimit-remaining-subscription-reads": "11941",
        "x-ms-request-id": "f9d36a22-0223-4cf8-9582-56a130a08411",
        "x-ms-routing-request-id": "SOUTHEASTASIA:20221123T085930Z:3b750884-f01d-426e-8a8d-b680dfa92cdc"
      },
      "ResponseBody": {
        "name": "6c35db63-afa9-d344-9d1a-f0f49a225d54",
        "status": "InProgress",
        "startTime": "2022-11-23T08:57:08.2000873Z"
      }
    },
    {
      "RequestUri": "https://management.azure.com/subscriptions/azure_subscription_id/providers/Microsoft.ContainerService/locations/eastus/operations/63db356c-a9af-44d3-9d1a-f0f49a225d54?api-version=2017-08-31",
      "RequestMethod": "GET",
      "RequestHeaders": {
        "Accept": "application/json",
        "Accept-Encoding": "gzip,deflate",
        "Authorization": "Sanitized",
        "Connection": "keep-alive",
        "Content-Type": "application/json",
        "User-Agent": "azsdk-js-arm-containerservice/17.2.1 core-rest-pipeline/1.10.1 Node/v16.17.0 OS/(x64-Windows_NT-10.0.22621)",
        "x-ms-client-request-id": "ecb65533-83d9-4717-969c-2f7f9147d398"
      },
      "RequestBody": null,
      "StatusCode": 200,
      "ResponseHeaders": {
        "Cache-Control": "no-cache",
        "Content-Encoding": "gzip",
        "Content-Type": "application/json",
        "Date": "Wed, 23 Nov 2022 08:59:32 GMT",
        "Expires": "-1",
        "Pragma": "no-cache",
        "Server": "nginx",
        "Strict-Transport-Security": "max-age=31536000; includeSubDomains",
        "Transfer-Encoding": "chunked",
        "Vary": "Accept-Encoding",
        "X-Content-Type-Options": "nosniff",
        "x-ms-correlation-request-id": "90d01a46-c10c-4c23-b6b3-7288124ec6a7",
        "x-ms-ratelimit-remaining-subscription-reads": "11940",
        "x-ms-request-id": "a885c975-5cba-425d-b5bd-ecbd531aa126",
        "x-ms-routing-request-id": "SOUTHEASTASIA:20221123T085932Z:90d01a46-c10c-4c23-b6b3-7288124ec6a7"
      },
      "ResponseBody": {
        "name": "6c35db63-afa9-d344-9d1a-f0f49a225d54",
        "status": "InProgress",
        "startTime": "2022-11-23T08:57:08.2000873Z"
      }
    },
    {
      "RequestUri": "https://management.azure.com/subscriptions/azure_subscription_id/providers/Microsoft.ContainerService/locations/eastus/operations/63db356c-a9af-44d3-9d1a-f0f49a225d54?api-version=2017-08-31",
      "RequestMethod": "GET",
      "RequestHeaders": {
        "Accept": "application/json",
        "Accept-Encoding": "gzip,deflate",
        "Authorization": "Sanitized",
        "Connection": "keep-alive",
        "Content-Type": "application/json",
        "User-Agent": "azsdk-js-arm-containerservice/17.2.1 core-rest-pipeline/1.10.1 Node/v16.17.0 OS/(x64-Windows_NT-10.0.22621)",
        "x-ms-client-request-id": "1e8c80a1-0d2b-4d1b-a081-5583e7aa3362"
      },
      "RequestBody": null,
      "StatusCode": 200,
      "ResponseHeaders": {
        "Cache-Control": "no-cache",
        "Content-Encoding": "gzip",
        "Content-Type": "application/json",
        "Date": "Wed, 23 Nov 2022 08:59:34 GMT",
        "Expires": "-1",
        "Pragma": "no-cache",
        "Server": "nginx",
        "Strict-Transport-Security": "max-age=31536000; includeSubDomains",
        "Transfer-Encoding": "chunked",
        "Vary": "Accept-Encoding",
        "X-Content-Type-Options": "nosniff",
        "x-ms-correlation-request-id": "20b2503c-7823-4bbb-b9c5-ca99f98686a9",
        "x-ms-ratelimit-remaining-subscription-reads": "11939",
        "x-ms-request-id": "b136699b-9ce4-44f8-9f21-d97df4c4abe1",
        "x-ms-routing-request-id": "SOUTHEASTASIA:20221123T085935Z:20b2503c-7823-4bbb-b9c5-ca99f98686a9"
      },
      "ResponseBody": {
        "name": "6c35db63-afa9-d344-9d1a-f0f49a225d54",
        "status": "InProgress",
        "startTime": "2022-11-23T08:57:08.2000873Z"
      }
    },
    {
      "RequestUri": "https://management.azure.com/subscriptions/azure_subscription_id/providers/Microsoft.ContainerService/locations/eastus/operations/63db356c-a9af-44d3-9d1a-f0f49a225d54?api-version=2017-08-31",
      "RequestMethod": "GET",
      "RequestHeaders": {
        "Accept": "application/json",
        "Accept-Encoding": "gzip,deflate",
        "Authorization": "Sanitized",
        "Connection": "keep-alive",
        "Content-Type": "application/json",
        "User-Agent": "azsdk-js-arm-containerservice/17.2.1 core-rest-pipeline/1.10.1 Node/v16.17.0 OS/(x64-Windows_NT-10.0.22621)",
        "x-ms-client-request-id": "2d756633-8881-4eb5-bd83-1a1e32934a66"
      },
      "RequestBody": null,
      "StatusCode": 200,
      "ResponseHeaders": {
        "Cache-Control": "no-cache",
        "Content-Encoding": "gzip",
        "Content-Type": "application/json",
        "Date": "Wed, 23 Nov 2022 08:59:37 GMT",
        "Expires": "-1",
        "Pragma": "no-cache",
        "Server": "nginx",
        "Strict-Transport-Security": "max-age=31536000; includeSubDomains",
        "Transfer-Encoding": "chunked",
        "Vary": "Accept-Encoding",
        "X-Content-Type-Options": "nosniff",
        "x-ms-correlation-request-id": "55b0bc46-d9f7-484b-8d1d-52cd224172f6",
        "x-ms-ratelimit-remaining-subscription-reads": "11938",
        "x-ms-request-id": "f239d96b-990a-4b2d-b21c-194932725336",
        "x-ms-routing-request-id": "SOUTHEASTASIA:20221123T085937Z:55b0bc46-d9f7-484b-8d1d-52cd224172f6"
      },
      "ResponseBody": {
        "name": "6c35db63-afa9-d344-9d1a-f0f49a225d54",
        "status": "InProgress",
        "startTime": "2022-11-23T08:57:08.2000873Z"
      }
    },
    {
      "RequestUri": "https://management.azure.com/subscriptions/azure_subscription_id/providers/Microsoft.ContainerService/locations/eastus/operations/63db356c-a9af-44d3-9d1a-f0f49a225d54?api-version=2017-08-31",
      "RequestMethod": "GET",
      "RequestHeaders": {
        "Accept": "application/json",
        "Accept-Encoding": "gzip,deflate",
        "Authorization": "Sanitized",
        "Connection": "keep-alive",
        "Content-Type": "application/json",
        "User-Agent": "azsdk-js-arm-containerservice/17.2.1 core-rest-pipeline/1.10.1 Node/v16.17.0 OS/(x64-Windows_NT-10.0.22621)",
        "x-ms-client-request-id": "d02bb572-113c-446a-973b-cfcfd212cfb7"
      },
      "RequestBody": null,
      "StatusCode": 200,
      "ResponseHeaders": {
        "Cache-Control": "no-cache",
        "Content-Encoding": "gzip",
        "Content-Type": "application/json",
        "Date": "Wed, 23 Nov 2022 08:59:39 GMT",
        "Expires": "-1",
        "Pragma": "no-cache",
        "Server": "nginx",
        "Strict-Transport-Security": "max-age=31536000; includeSubDomains",
        "Transfer-Encoding": "chunked",
        "Vary": "Accept-Encoding",
        "X-Content-Type-Options": "nosniff",
        "x-ms-correlation-request-id": "333cd6bd-b2da-494a-b3d4-88268b49a273",
        "x-ms-ratelimit-remaining-subscription-reads": "11937",
        "x-ms-request-id": "2f50b3dd-47ed-4531-b5d0-f58edfc0e5b2",
        "x-ms-routing-request-id": "SOUTHEASTASIA:20221123T085940Z:333cd6bd-b2da-494a-b3d4-88268b49a273"
      },
      "ResponseBody": {
        "name": "6c35db63-afa9-d344-9d1a-f0f49a225d54",
        "status": "InProgress",
        "startTime": "2022-11-23T08:57:08.2000873Z"
      }
    },
    {
      "RequestUri": "https://management.azure.com/subscriptions/azure_subscription_id/providers/Microsoft.ContainerService/locations/eastus/operations/63db356c-a9af-44d3-9d1a-f0f49a225d54?api-version=2017-08-31",
      "RequestMethod": "GET",
      "RequestHeaders": {
        "Accept": "application/json",
        "Accept-Encoding": "gzip,deflate",
        "Authorization": "Sanitized",
        "Connection": "keep-alive",
        "Content-Type": "application/json",
        "User-Agent": "azsdk-js-arm-containerservice/17.2.1 core-rest-pipeline/1.10.1 Node/v16.17.0 OS/(x64-Windows_NT-10.0.22621)",
        "x-ms-client-request-id": "89ae4c57-ae34-4d79-853d-a81e8e2f1e73"
      },
      "RequestBody": null,
      "StatusCode": 200,
      "ResponseHeaders": {
        "Cache-Control": "no-cache",
        "Content-Encoding": "gzip",
        "Content-Type": "application/json",
        "Date": "Wed, 23 Nov 2022 08:59:42 GMT",
        "Expires": "-1",
        "Pragma": "no-cache",
        "Server": "nginx",
        "Strict-Transport-Security": "max-age=31536000; includeSubDomains",
        "Transfer-Encoding": "chunked",
        "Vary": "Accept-Encoding",
        "X-Content-Type-Options": "nosniff",
        "x-ms-correlation-request-id": "d151b858-b330-4ef9-90d3-16c70c25dd32",
        "x-ms-ratelimit-remaining-subscription-reads": "11936",
        "x-ms-request-id": "1abc1f61-6c59-4d05-a0de-e17695166bc9",
        "x-ms-routing-request-id": "SOUTHEASTASIA:20221123T085942Z:d151b858-b330-4ef9-90d3-16c70c25dd32"
      },
      "ResponseBody": {
        "name": "6c35db63-afa9-d344-9d1a-f0f49a225d54",
        "status": "InProgress",
        "startTime": "2022-11-23T08:57:08.2000873Z"
      }
    },
    {
      "RequestUri": "https://management.azure.com/subscriptions/azure_subscription_id/providers/Microsoft.ContainerService/locations/eastus/operations/63db356c-a9af-44d3-9d1a-f0f49a225d54?api-version=2017-08-31",
      "RequestMethod": "GET",
      "RequestHeaders": {
        "Accept": "application/json",
        "Accept-Encoding": "gzip,deflate",
        "Authorization": "Sanitized",
        "Connection": "keep-alive",
        "Content-Type": "application/json",
        "User-Agent": "azsdk-js-arm-containerservice/17.2.1 core-rest-pipeline/1.10.1 Node/v16.17.0 OS/(x64-Windows_NT-10.0.22621)",
        "x-ms-client-request-id": "fdb39def-7204-4abf-b51f-707f92e01521"
      },
      "RequestBody": null,
      "StatusCode": 200,
      "ResponseHeaders": {
        "Cache-Control": "no-cache",
        "Content-Encoding": "gzip",
        "Content-Type": "application/json",
        "Date": "Wed, 23 Nov 2022 08:59:44 GMT",
        "Expires": "-1",
        "Pragma": "no-cache",
        "Server": "nginx",
        "Strict-Transport-Security": "max-age=31536000; includeSubDomains",
        "Transfer-Encoding": "chunked",
        "Vary": "Accept-Encoding",
        "X-Content-Type-Options": "nosniff",
        "x-ms-correlation-request-id": "f48fe39f-22c3-46a7-bb27-5247dda08941",
        "x-ms-ratelimit-remaining-subscription-reads": "11935",
        "x-ms-request-id": "90e4bfb4-2762-4fd2-be43-8ff63af5fbc8",
        "x-ms-routing-request-id": "SOUTHEASTASIA:20221123T085945Z:f48fe39f-22c3-46a7-bb27-5247dda08941"
      },
      "ResponseBody": {
        "name": "6c35db63-afa9-d344-9d1a-f0f49a225d54",
        "status": "InProgress",
        "startTime": "2022-11-23T08:57:08.2000873Z"
      }
    },
    {
      "RequestUri": "https://management.azure.com/subscriptions/azure_subscription_id/providers/Microsoft.ContainerService/locations/eastus/operations/63db356c-a9af-44d3-9d1a-f0f49a225d54?api-version=2017-08-31",
      "RequestMethod": "GET",
      "RequestHeaders": {
        "Accept": "application/json",
        "Accept-Encoding": "gzip,deflate",
        "Authorization": "Sanitized",
        "Connection": "keep-alive",
        "Content-Type": "application/json",
        "User-Agent": "azsdk-js-arm-containerservice/17.2.1 core-rest-pipeline/1.10.1 Node/v16.17.0 OS/(x64-Windows_NT-10.0.22621)",
        "x-ms-client-request-id": "93a7e0ed-e52f-4896-bdda-19b1268bdb82"
      },
      "RequestBody": null,
      "StatusCode": 200,
      "ResponseHeaders": {
        "Cache-Control": "no-cache",
        "Content-Encoding": "gzip",
        "Content-Type": "application/json",
        "Date": "Wed, 23 Nov 2022 08:59:46 GMT",
        "Expires": "-1",
        "Pragma": "no-cache",
        "Server": "nginx",
        "Strict-Transport-Security": "max-age=31536000; includeSubDomains",
        "Transfer-Encoding": "chunked",
        "Vary": "Accept-Encoding",
        "X-Content-Type-Options": "nosniff",
        "x-ms-correlation-request-id": "35b3c3e6-f109-4892-a819-56d5903a35d1",
        "x-ms-ratelimit-remaining-subscription-reads": "11934",
        "x-ms-request-id": "fcca8b29-2837-4482-a2b8-9aaffcf0ddca",
        "x-ms-routing-request-id": "SOUTHEASTASIA:20221123T085947Z:35b3c3e6-f109-4892-a819-56d5903a35d1"
      },
      "ResponseBody": {
        "name": "6c35db63-afa9-d344-9d1a-f0f49a225d54",
        "status": "InProgress",
        "startTime": "2022-11-23T08:57:08.2000873Z"
      }
    },
    {
      "RequestUri": "https://management.azure.com/subscriptions/azure_subscription_id/providers/Microsoft.ContainerService/locations/eastus/operations/63db356c-a9af-44d3-9d1a-f0f49a225d54?api-version=2017-08-31",
      "RequestMethod": "GET",
      "RequestHeaders": {
        "Accept": "application/json",
        "Accept-Encoding": "gzip,deflate",
        "Authorization": "Sanitized",
        "Connection": "keep-alive",
        "Content-Type": "application/json",
        "User-Agent": "azsdk-js-arm-containerservice/17.2.1 core-rest-pipeline/1.10.1 Node/v16.17.0 OS/(x64-Windows_NT-10.0.22621)",
        "x-ms-client-request-id": "f8007c51-2241-4391-9cf8-ecea62afe9b9"
      },
      "RequestBody": null,
      "StatusCode": 200,
      "ResponseHeaders": {
        "Cache-Control": "no-cache",
        "Content-Encoding": "gzip",
        "Content-Type": "application/json",
        "Date": "Wed, 23 Nov 2022 08:59:49 GMT",
        "Expires": "-1",
        "Pragma": "no-cache",
        "Server": "nginx",
        "Strict-Transport-Security": "max-age=31536000; includeSubDomains",
        "Transfer-Encoding": "chunked",
        "Vary": "Accept-Encoding",
        "X-Content-Type-Options": "nosniff",
        "x-ms-correlation-request-id": "c6f5c90d-f6ae-42f1-9688-d95ccdee01af",
        "x-ms-ratelimit-remaining-subscription-reads": "11933",
        "x-ms-request-id": "eea0b323-4c84-46c3-b793-78f4479b94fe",
        "x-ms-routing-request-id": "SOUTHEASTASIA:20221123T085949Z:c6f5c90d-f6ae-42f1-9688-d95ccdee01af"
      },
      "ResponseBody": {
        "name": "6c35db63-afa9-d344-9d1a-f0f49a225d54",
        "status": "InProgress",
        "startTime": "2022-11-23T08:57:08.2000873Z"
      }
    },
    {
      "RequestUri": "https://management.azure.com/subscriptions/azure_subscription_id/providers/Microsoft.ContainerService/locations/eastus/operations/63db356c-a9af-44d3-9d1a-f0f49a225d54?api-version=2017-08-31",
      "RequestMethod": "GET",
      "RequestHeaders": {
        "Accept": "application/json",
        "Accept-Encoding": "gzip,deflate",
        "Authorization": "Sanitized",
        "Connection": "keep-alive",
        "Content-Type": "application/json",
        "User-Agent": "azsdk-js-arm-containerservice/17.2.1 core-rest-pipeline/1.10.1 Node/v16.17.0 OS/(x64-Windows_NT-10.0.22621)",
        "x-ms-client-request-id": "0e0d44dc-d88a-4f66-944d-614e0caa6b54"
      },
      "RequestBody": null,
      "StatusCode": 200,
      "ResponseHeaders": {
        "Cache-Control": "no-cache",
        "Content-Encoding": "gzip",
        "Content-Type": "application/json",
        "Date": "Wed, 23 Nov 2022 08:59:51 GMT",
        "Expires": "-1",
        "Pragma": "no-cache",
        "Server": "nginx",
        "Strict-Transport-Security": "max-age=31536000; includeSubDomains",
        "Transfer-Encoding": "chunked",
        "Vary": "Accept-Encoding",
        "X-Content-Type-Options": "nosniff",
        "x-ms-correlation-request-id": "ada75781-465d-44a6-8e0a-01cc95ec6ee5",
        "x-ms-ratelimit-remaining-subscription-reads": "11932",
        "x-ms-request-id": "07c74d19-0ffc-4fbd-91e1-3a7def49ec32",
        "x-ms-routing-request-id": "SOUTHEASTASIA:20221123T085952Z:ada75781-465d-44a6-8e0a-01cc95ec6ee5"
      },
      "ResponseBody": {
        "name": "6c35db63-afa9-d344-9d1a-f0f49a225d54",
        "status": "InProgress",
        "startTime": "2022-11-23T08:57:08.2000873Z"
      }
    },
    {
      "RequestUri": "https://management.azure.com/subscriptions/azure_subscription_id/providers/Microsoft.ContainerService/locations/eastus/operations/63db356c-a9af-44d3-9d1a-f0f49a225d54?api-version=2017-08-31",
      "RequestMethod": "GET",
      "RequestHeaders": {
        "Accept": "application/json",
        "Accept-Encoding": "gzip,deflate",
        "Authorization": "Sanitized",
        "Connection": "keep-alive",
        "Content-Type": "application/json",
        "User-Agent": "azsdk-js-arm-containerservice/17.2.1 core-rest-pipeline/1.10.1 Node/v16.17.0 OS/(x64-Windows_NT-10.0.22621)",
        "x-ms-client-request-id": "4574c646-285b-45ed-a24e-8532bd740e5e"
      },
      "RequestBody": null,
      "StatusCode": 200,
      "ResponseHeaders": {
        "Cache-Control": "no-cache",
        "Content-Encoding": "gzip",
        "Content-Type": "application/json",
        "Date": "Wed, 23 Nov 2022 08:59:54 GMT",
        "Expires": "-1",
        "Pragma": "no-cache",
        "Server": "nginx",
        "Strict-Transport-Security": "max-age=31536000; includeSubDomains",
        "Transfer-Encoding": "chunked",
        "Vary": "Accept-Encoding",
        "X-Content-Type-Options": "nosniff",
        "x-ms-correlation-request-id": "84209c52-cc3d-4043-9896-3f36f460613d",
        "x-ms-ratelimit-remaining-subscription-reads": "11931",
        "x-ms-request-id": "1a9dccff-7fcb-4ac9-bf6e-139aef534a6b",
        "x-ms-routing-request-id": "SOUTHEASTASIA:20221123T085954Z:84209c52-cc3d-4043-9896-3f36f460613d"
      },
      "ResponseBody": {
        "name": "6c35db63-afa9-d344-9d1a-f0f49a225d54",
        "status": "InProgress",
        "startTime": "2022-11-23T08:57:08.2000873Z"
      }
    },
    {
      "RequestUri": "https://management.azure.com/subscriptions/azure_subscription_id/providers/Microsoft.ContainerService/locations/eastus/operations/63db356c-a9af-44d3-9d1a-f0f49a225d54?api-version=2017-08-31",
      "RequestMethod": "GET",
      "RequestHeaders": {
        "Accept": "application/json",
        "Accept-Encoding": "gzip,deflate",
        "Authorization": "Sanitized",
        "Connection": "keep-alive",
        "Content-Type": "application/json",
        "User-Agent": "azsdk-js-arm-containerservice/17.2.1 core-rest-pipeline/1.10.1 Node/v16.17.0 OS/(x64-Windows_NT-10.0.22621)",
        "x-ms-client-request-id": "5cadbf0b-cbe4-481c-852d-19da1dcb76b3"
      },
      "RequestBody": null,
      "StatusCode": 200,
      "ResponseHeaders": {
        "Cache-Control": "no-cache",
        "Content-Encoding": "gzip",
        "Content-Type": "application/json",
        "Date": "Wed, 23 Nov 2022 08:59:56 GMT",
        "Expires": "-1",
        "Pragma": "no-cache",
        "Server": "nginx",
        "Strict-Transport-Security": "max-age=31536000; includeSubDomains",
        "Transfer-Encoding": "chunked",
        "Vary": "Accept-Encoding",
        "X-Content-Type-Options": "nosniff",
        "x-ms-correlation-request-id": "db13c259-e65a-4e5b-96da-8f14b523ab88",
        "x-ms-ratelimit-remaining-subscription-reads": "11930",
        "x-ms-request-id": "a33a6185-3c61-4776-bde3-952450607590",
        "x-ms-routing-request-id": "SOUTHEASTASIA:20221123T085957Z:db13c259-e65a-4e5b-96da-8f14b523ab88"
      },
      "ResponseBody": {
        "name": "6c35db63-afa9-d344-9d1a-f0f49a225d54",
        "status": "InProgress",
        "startTime": "2022-11-23T08:57:08.2000873Z"
      }
    },
    {
      "RequestUri": "https://management.azure.com/subscriptions/azure_subscription_id/providers/Microsoft.ContainerService/locations/eastus/operations/63db356c-a9af-44d3-9d1a-f0f49a225d54?api-version=2017-08-31",
      "RequestMethod": "GET",
      "RequestHeaders": {
        "Accept": "application/json",
        "Accept-Encoding": "gzip,deflate",
        "Authorization": "Sanitized",
        "Connection": "keep-alive",
        "Content-Type": "application/json",
        "User-Agent": "azsdk-js-arm-containerservice/17.2.1 core-rest-pipeline/1.10.1 Node/v16.17.0 OS/(x64-Windows_NT-10.0.22621)",
        "x-ms-client-request-id": "c1c88291-2dd7-4661-bf58-6bae91ae1eea"
      },
      "RequestBody": null,
      "StatusCode": 200,
      "ResponseHeaders": {
        "Cache-Control": "no-cache",
        "Content-Encoding": "gzip",
        "Content-Type": "application/json",
        "Date": "Wed, 23 Nov 2022 08:59:58 GMT",
        "Expires": "-1",
        "Pragma": "no-cache",
        "Server": "nginx",
        "Strict-Transport-Security": "max-age=31536000; includeSubDomains",
        "Transfer-Encoding": "chunked",
        "Vary": "Accept-Encoding",
        "X-Content-Type-Options": "nosniff",
        "x-ms-correlation-request-id": "1893b8ff-f878-4ea0-9822-e08d8212c4c1",
        "x-ms-ratelimit-remaining-subscription-reads": "11929",
        "x-ms-request-id": "332bb9a4-507c-434f-8056-f260c0840687",
        "x-ms-routing-request-id": "SOUTHEASTASIA:20221123T085959Z:1893b8ff-f878-4ea0-9822-e08d8212c4c1"
      },
      "ResponseBody": {
        "name": "6c35db63-afa9-d344-9d1a-f0f49a225d54",
        "status": "InProgress",
        "startTime": "2022-11-23T08:57:08.2000873Z"
      }
    },
    {
      "RequestUri": "https://management.azure.com/subscriptions/azure_subscription_id/providers/Microsoft.ContainerService/locations/eastus/operations/63db356c-a9af-44d3-9d1a-f0f49a225d54?api-version=2017-08-31",
      "RequestMethod": "GET",
      "RequestHeaders": {
        "Accept": "application/json",
        "Accept-Encoding": "gzip,deflate",
        "Authorization": "Sanitized",
        "Connection": "keep-alive",
        "Content-Type": "application/json",
        "User-Agent": "azsdk-js-arm-containerservice/17.2.1 core-rest-pipeline/1.10.1 Node/v16.17.0 OS/(x64-Windows_NT-10.0.22621)",
        "x-ms-client-request-id": "f1fd0963-5937-4537-92c1-44db93557141"
      },
      "RequestBody": null,
      "StatusCode": 200,
      "ResponseHeaders": {
        "Cache-Control": "no-cache",
        "Content-Encoding": "gzip",
        "Content-Type": "application/json",
        "Date": "Wed, 23 Nov 2022 09:00:01 GMT",
        "Expires": "-1",
        "Pragma": "no-cache",
        "Server": "nginx",
        "Strict-Transport-Security": "max-age=31536000; includeSubDomains",
        "Transfer-Encoding": "chunked",
        "Vary": "Accept-Encoding",
        "X-Content-Type-Options": "nosniff",
        "x-ms-correlation-request-id": "e407b070-e8d0-4443-8dd4-2fe5cbf90bab",
        "x-ms-ratelimit-remaining-subscription-reads": "11928",
        "x-ms-request-id": "07aef949-b7fa-4bf7-895c-1b6303771a3a",
        "x-ms-routing-request-id": "SOUTHEASTASIA:20221123T090002Z:e407b070-e8d0-4443-8dd4-2fe5cbf90bab"
      },
      "ResponseBody": {
        "name": "6c35db63-afa9-d344-9d1a-f0f49a225d54",
        "status": "InProgress",
        "startTime": "2022-11-23T08:57:08.2000873Z"
      }
    },
    {
      "RequestUri": "https://management.azure.com/subscriptions/azure_subscription_id/providers/Microsoft.ContainerService/locations/eastus/operations/63db356c-a9af-44d3-9d1a-f0f49a225d54?api-version=2017-08-31",
      "RequestMethod": "GET",
      "RequestHeaders": {
        "Accept": "application/json",
        "Accept-Encoding": "gzip,deflate",
        "Authorization": "Sanitized",
        "Connection": "keep-alive",
        "Content-Type": "application/json",
        "User-Agent": "azsdk-js-arm-containerservice/17.2.1 core-rest-pipeline/1.10.1 Node/v16.17.0 OS/(x64-Windows_NT-10.0.22621)",
        "x-ms-client-request-id": "5d962bef-377b-4ec6-9c2a-d961e5b62653"
      },
      "RequestBody": null,
      "StatusCode": 200,
      "ResponseHeaders": {
        "Cache-Control": "no-cache",
        "Content-Encoding": "gzip",
        "Content-Type": "application/json",
        "Date": "Wed, 23 Nov 2022 09:00:03 GMT",
        "Expires": "-1",
        "Pragma": "no-cache",
        "Server": "nginx",
        "Strict-Transport-Security": "max-age=31536000; includeSubDomains",
        "Transfer-Encoding": "chunked",
        "Vary": "Accept-Encoding",
        "X-Content-Type-Options": "nosniff",
        "x-ms-correlation-request-id": "c2f2b5c6-7d9b-48c5-a0f1-b3ffce74d1bc",
        "x-ms-ratelimit-remaining-subscription-reads": "11927",
        "x-ms-request-id": "5fdedef2-41c1-4e9f-8617-6e5e350773d1",
        "x-ms-routing-request-id": "SOUTHEASTASIA:20221123T090004Z:c2f2b5c6-7d9b-48c5-a0f1-b3ffce74d1bc"
      },
      "ResponseBody": {
        "name": "6c35db63-afa9-d344-9d1a-f0f49a225d54",
        "status": "InProgress",
        "startTime": "2022-11-23T08:57:08.2000873Z"
      }
    },
    {
      "RequestUri": "https://management.azure.com/subscriptions/azure_subscription_id/providers/Microsoft.ContainerService/locations/eastus/operations/63db356c-a9af-44d3-9d1a-f0f49a225d54?api-version=2017-08-31",
      "RequestMethod": "GET",
      "RequestHeaders": {
        "Accept": "application/json",
        "Accept-Encoding": "gzip,deflate",
        "Authorization": "Sanitized",
        "Connection": "keep-alive",
        "Content-Type": "application/json",
        "User-Agent": "azsdk-js-arm-containerservice/17.2.1 core-rest-pipeline/1.10.1 Node/v16.17.0 OS/(x64-Windows_NT-10.0.22621)",
        "x-ms-client-request-id": "4feadcce-716f-4f13-80a3-c0ceead0be55"
      },
      "RequestBody": null,
      "StatusCode": 200,
      "ResponseHeaders": {
        "Cache-Control": "no-cache",
        "Content-Encoding": "gzip",
        "Content-Type": "application/json",
        "Date": "Wed, 23 Nov 2022 09:00:06 GMT",
        "Expires": "-1",
        "Pragma": "no-cache",
        "Server": "nginx",
        "Strict-Transport-Security": "max-age=31536000; includeSubDomains",
        "Transfer-Encoding": "chunked",
        "Vary": "Accept-Encoding",
        "X-Content-Type-Options": "nosniff",
        "x-ms-correlation-request-id": "91028fcf-5dbf-4ff1-9802-74472282bd48",
        "x-ms-ratelimit-remaining-subscription-reads": "11926",
        "x-ms-request-id": "33898421-5437-460c-8333-7412ae074cae",
        "x-ms-routing-request-id": "SOUTHEASTASIA:20221123T090006Z:91028fcf-5dbf-4ff1-9802-74472282bd48"
      },
      "ResponseBody": {
        "name": "6c35db63-afa9-d344-9d1a-f0f49a225d54",
        "status": "InProgress",
        "startTime": "2022-11-23T08:57:08.2000873Z"
      }
    },
    {
      "RequestUri": "https://management.azure.com/subscriptions/azure_subscription_id/providers/Microsoft.ContainerService/locations/eastus/operations/63db356c-a9af-44d3-9d1a-f0f49a225d54?api-version=2017-08-31",
      "RequestMethod": "GET",
      "RequestHeaders": {
        "Accept": "application/json",
        "Accept-Encoding": "gzip,deflate",
        "Authorization": "Sanitized",
        "Connection": "keep-alive",
        "Content-Type": "application/json",
        "User-Agent": "azsdk-js-arm-containerservice/17.2.1 core-rest-pipeline/1.10.1 Node/v16.17.0 OS/(x64-Windows_NT-10.0.22621)",
        "x-ms-client-request-id": "3e584337-1c62-485d-8ce9-c69c0df853e3"
      },
      "RequestBody": null,
      "StatusCode": 200,
      "ResponseHeaders": {
        "Cache-Control": "no-cache",
        "Content-Encoding": "gzip",
        "Content-Type": "application/json",
        "Date": "Wed, 23 Nov 2022 09:00:08 GMT",
        "Expires": "-1",
        "Pragma": "no-cache",
        "Server": "nginx",
        "Strict-Transport-Security": "max-age=31536000; includeSubDomains",
        "Transfer-Encoding": "chunked",
        "Vary": "Accept-Encoding",
        "X-Content-Type-Options": "nosniff",
        "x-ms-correlation-request-id": "60e33780-6f03-4214-b668-bc6f0abdc01c",
        "x-ms-ratelimit-remaining-subscription-reads": "11925",
        "x-ms-request-id": "938a9ed5-eccf-4640-9666-73b0b7acf7ed",
        "x-ms-routing-request-id": "SOUTHEASTASIA:20221123T090009Z:60e33780-6f03-4214-b668-bc6f0abdc01c"
      },
      "ResponseBody": {
        "name": "6c35db63-afa9-d344-9d1a-f0f49a225d54",
        "status": "InProgress",
        "startTime": "2022-11-23T08:57:08.2000873Z"
      }
    },
    {
      "RequestUri": "https://management.azure.com/subscriptions/azure_subscription_id/providers/Microsoft.ContainerService/locations/eastus/operations/63db356c-a9af-44d3-9d1a-f0f49a225d54?api-version=2017-08-31",
      "RequestMethod": "GET",
      "RequestHeaders": {
        "Accept": "application/json",
        "Accept-Encoding": "gzip,deflate",
        "Authorization": "Sanitized",
        "Connection": "keep-alive",
        "Content-Type": "application/json",
        "User-Agent": "azsdk-js-arm-containerservice/17.2.1 core-rest-pipeline/1.10.1 Node/v16.17.0 OS/(x64-Windows_NT-10.0.22621)",
        "x-ms-client-request-id": "d85b7c69-88d9-41ef-ac9b-2bb6fe584744"
      },
      "RequestBody": null,
      "StatusCode": 200,
      "ResponseHeaders": {
        "Cache-Control": "no-cache",
        "Content-Encoding": "gzip",
        "Content-Type": "application/json",
        "Date": "Wed, 23 Nov 2022 09:00:10 GMT",
        "Expires": "-1",
        "Pragma": "no-cache",
        "Server": "nginx",
        "Strict-Transport-Security": "max-age=31536000; includeSubDomains",
        "Transfer-Encoding": "chunked",
        "Vary": "Accept-Encoding",
        "X-Content-Type-Options": "nosniff",
        "x-ms-correlation-request-id": "624e18fa-04c9-4941-a327-c3985547c2ba",
        "x-ms-ratelimit-remaining-subscription-reads": "11924",
        "x-ms-request-id": "9e91c5b3-1a34-4f82-8b56-242117240a7e",
        "x-ms-routing-request-id": "SOUTHEASTASIA:20221123T090011Z:624e18fa-04c9-4941-a327-c3985547c2ba"
      },
      "ResponseBody": {
        "name": "6c35db63-afa9-d344-9d1a-f0f49a225d54",
        "status": "InProgress",
        "startTime": "2022-11-23T08:57:08.2000873Z"
      }
    },
    {
      "RequestUri": "https://management.azure.com/subscriptions/azure_subscription_id/providers/Microsoft.ContainerService/locations/eastus/operations/63db356c-a9af-44d3-9d1a-f0f49a225d54?api-version=2017-08-31",
      "RequestMethod": "GET",
      "RequestHeaders": {
        "Accept": "application/json",
        "Accept-Encoding": "gzip,deflate",
        "Authorization": "Sanitized",
        "Connection": "keep-alive",
        "Content-Type": "application/json",
        "User-Agent": "azsdk-js-arm-containerservice/17.2.1 core-rest-pipeline/1.10.1 Node/v16.17.0 OS/(x64-Windows_NT-10.0.22621)",
        "x-ms-client-request-id": "789c4917-7e6b-413d-831f-66aa37002bf0"
      },
      "RequestBody": null,
      "StatusCode": 200,
      "ResponseHeaders": {
        "Cache-Control": "no-cache",
        "Content-Encoding": "gzip",
        "Content-Type": "application/json",
        "Date": "Wed, 23 Nov 2022 09:00:13 GMT",
        "Expires": "-1",
        "Pragma": "no-cache",
        "Server": "nginx",
        "Strict-Transport-Security": "max-age=31536000; includeSubDomains",
        "Transfer-Encoding": "chunked",
        "Vary": "Accept-Encoding",
        "X-Content-Type-Options": "nosniff",
        "x-ms-correlation-request-id": "e0b69f47-498c-4bba-b986-0d5138fb4ee7",
        "x-ms-ratelimit-remaining-subscription-reads": "11923",
        "x-ms-request-id": "8dd104da-1479-4e36-bde5-b9d29de85366",
        "x-ms-routing-request-id": "SOUTHEASTASIA:20221123T090014Z:e0b69f47-498c-4bba-b986-0d5138fb4ee7"
      },
      "ResponseBody": {
        "name": "6c35db63-afa9-d344-9d1a-f0f49a225d54",
        "status": "InProgress",
        "startTime": "2022-11-23T08:57:08.2000873Z"
      }
    },
    {
      "RequestUri": "https://management.azure.com/subscriptions/azure_subscription_id/providers/Microsoft.ContainerService/locations/eastus/operations/63db356c-a9af-44d3-9d1a-f0f49a225d54?api-version=2017-08-31",
      "RequestMethod": "GET",
      "RequestHeaders": {
        "Accept": "application/json",
        "Accept-Encoding": "gzip,deflate",
        "Authorization": "Sanitized",
        "Connection": "keep-alive",
        "Content-Type": "application/json",
        "User-Agent": "azsdk-js-arm-containerservice/17.2.1 core-rest-pipeline/1.10.1 Node/v16.17.0 OS/(x64-Windows_NT-10.0.22621)",
        "x-ms-client-request-id": "2b967a9f-04d4-454d-840b-ad91773b2e77"
      },
      "RequestBody": null,
      "StatusCode": 200,
      "ResponseHeaders": {
        "Cache-Control": "no-cache",
        "Content-Encoding": "gzip",
        "Content-Type": "application/json",
        "Date": "Wed, 23 Nov 2022 09:00:15 GMT",
        "Expires": "-1",
        "Pragma": "no-cache",
        "Server": "nginx",
        "Strict-Transport-Security": "max-age=31536000; includeSubDomains",
        "Transfer-Encoding": "chunked",
        "Vary": "Accept-Encoding",
        "X-Content-Type-Options": "nosniff",
        "x-ms-correlation-request-id": "a2847d71-7706-4239-80d0-41013457ceb8",
        "x-ms-ratelimit-remaining-subscription-reads": "11922",
        "x-ms-request-id": "e9841881-ac83-439b-a853-abf280e8e6a7",
        "x-ms-routing-request-id": "SOUTHEASTASIA:20221123T090016Z:a2847d71-7706-4239-80d0-41013457ceb8"
      },
      "ResponseBody": {
        "name": "6c35db63-afa9-d344-9d1a-f0f49a225d54",
        "status": "InProgress",
        "startTime": "2022-11-23T08:57:08.2000873Z"
      }
    },
    {
      "RequestUri": "https://management.azure.com/subscriptions/azure_subscription_id/providers/Microsoft.ContainerService/locations/eastus/operations/63db356c-a9af-44d3-9d1a-f0f49a225d54?api-version=2017-08-31",
      "RequestMethod": "GET",
      "RequestHeaders": {
        "Accept": "application/json",
        "Accept-Encoding": "gzip,deflate",
        "Authorization": "Sanitized",
        "Connection": "keep-alive",
        "Content-Type": "application/json",
        "User-Agent": "azsdk-js-arm-containerservice/17.2.1 core-rest-pipeline/1.10.1 Node/v16.17.0 OS/(x64-Windows_NT-10.0.22621)",
        "x-ms-client-request-id": "0b575af3-8958-49dd-a159-20975b8e9a1b"
      },
      "RequestBody": null,
      "StatusCode": 200,
      "ResponseHeaders": {
        "Cache-Control": "no-cache",
        "Content-Encoding": "gzip",
        "Content-Type": "application/json",
        "Date": "Wed, 23 Nov 2022 09:00:19 GMT",
        "Expires": "-1",
        "Pragma": "no-cache",
        "Server": "nginx",
        "Strict-Transport-Security": "max-age=31536000; includeSubDomains",
        "Transfer-Encoding": "chunked",
        "Vary": "Accept-Encoding",
        "X-Content-Type-Options": "nosniff",
        "x-ms-correlation-request-id": "d0b6d331-220b-455d-9aca-69d1e1ba796c",
        "x-ms-ratelimit-remaining-subscription-reads": "11921",
        "x-ms-request-id": "9201b6ba-0eeb-41ab-bd54-c69eee6f94a2",
        "x-ms-routing-request-id": "SOUTHEASTASIA:20221123T090019Z:d0b6d331-220b-455d-9aca-69d1e1ba796c"
      },
      "ResponseBody": {
        "name": "6c35db63-afa9-d344-9d1a-f0f49a225d54",
        "status": "InProgress",
        "startTime": "2022-11-23T08:57:08.2000873Z"
      }
    },
    {
      "RequestUri": "https://management.azure.com/subscriptions/azure_subscription_id/providers/Microsoft.ContainerService/locations/eastus/operations/63db356c-a9af-44d3-9d1a-f0f49a225d54?api-version=2017-08-31",
      "RequestMethod": "GET",
      "RequestHeaders": {
        "Accept": "application/json",
        "Accept-Encoding": "gzip,deflate",
        "Authorization": "Sanitized",
        "Connection": "keep-alive",
        "Content-Type": "application/json",
        "User-Agent": "azsdk-js-arm-containerservice/17.2.1 core-rest-pipeline/1.10.1 Node/v16.17.0 OS/(x64-Windows_NT-10.0.22621)",
        "x-ms-client-request-id": "c8be5e8c-ffb3-4f2e-af20-4c0e3da07596"
      },
      "RequestBody": null,
      "StatusCode": 200,
      "ResponseHeaders": {
        "Cache-Control": "no-cache",
        "Content-Encoding": "gzip",
        "Content-Type": "application/json",
        "Date": "Wed, 23 Nov 2022 09:00:21 GMT",
        "Expires": "-1",
        "Pragma": "no-cache",
        "Server": "nginx",
        "Strict-Transport-Security": "max-age=31536000; includeSubDomains",
        "Transfer-Encoding": "chunked",
        "Vary": "Accept-Encoding",
        "X-Content-Type-Options": "nosniff",
        "x-ms-correlation-request-id": "fa872324-c818-4bc4-a06a-2f854babdbdb",
        "x-ms-ratelimit-remaining-subscription-reads": "11920",
        "x-ms-request-id": "dba6a85a-d2bf-4817-a5ee-6c7712bd01d6",
        "x-ms-routing-request-id": "SOUTHEASTASIA:20221123T090021Z:fa872324-c818-4bc4-a06a-2f854babdbdb"
      },
      "ResponseBody": {
        "name": "6c35db63-afa9-d344-9d1a-f0f49a225d54",
        "status": "InProgress",
        "startTime": "2022-11-23T08:57:08.2000873Z"
      }
    },
    {
      "RequestUri": "https://management.azure.com/subscriptions/azure_subscription_id/providers/Microsoft.ContainerService/locations/eastus/operations/63db356c-a9af-44d3-9d1a-f0f49a225d54?api-version=2017-08-31",
      "RequestMethod": "GET",
      "RequestHeaders": {
        "Accept": "application/json",
        "Accept-Encoding": "gzip,deflate",
        "Authorization": "Sanitized",
        "Connection": "keep-alive",
        "Content-Type": "application/json",
        "User-Agent": "azsdk-js-arm-containerservice/17.2.1 core-rest-pipeline/1.10.1 Node/v16.17.0 OS/(x64-Windows_NT-10.0.22621)",
        "x-ms-client-request-id": "b70b64f5-a48d-44c2-9cb8-f8282fc25fce"
      },
      "RequestBody": null,
      "StatusCode": 200,
      "ResponseHeaders": {
        "Cache-Control": "no-cache",
        "Content-Encoding": "gzip",
        "Content-Type": "application/json",
        "Date": "Wed, 23 Nov 2022 09:00:23 GMT",
        "Expires": "-1",
        "Pragma": "no-cache",
        "Server": "nginx",
        "Strict-Transport-Security": "max-age=31536000; includeSubDomains",
        "Transfer-Encoding": "chunked",
        "Vary": "Accept-Encoding",
        "X-Content-Type-Options": "nosniff",
        "x-ms-correlation-request-id": "76c1e219-7472-4a1c-8c6f-5c8adf5b087a",
        "x-ms-ratelimit-remaining-subscription-reads": "11919",
        "x-ms-request-id": "a6ed0972-98b8-4eb6-bb45-8e7fed306842",
        "x-ms-routing-request-id": "SOUTHEASTASIA:20221123T090023Z:76c1e219-7472-4a1c-8c6f-5c8adf5b087a"
      },
      "ResponseBody": {
        "name": "6c35db63-afa9-d344-9d1a-f0f49a225d54",
        "status": "InProgress",
        "startTime": "2022-11-23T08:57:08.2000873Z"
      }
    },
    {
      "RequestUri": "https://management.azure.com/subscriptions/azure_subscription_id/providers/Microsoft.ContainerService/locations/eastus/operations/63db356c-a9af-44d3-9d1a-f0f49a225d54?api-version=2017-08-31",
      "RequestMethod": "GET",
      "RequestHeaders": {
        "Accept": "application/json",
        "Accept-Encoding": "gzip,deflate",
        "Authorization": "Sanitized",
        "Connection": "keep-alive",
        "Content-Type": "application/json",
        "User-Agent": "azsdk-js-arm-containerservice/17.2.1 core-rest-pipeline/1.10.1 Node/v16.17.0 OS/(x64-Windows_NT-10.0.22621)",
        "x-ms-client-request-id": "1412dbc7-ab6f-493c-9313-ee074b5d5c00"
      },
      "RequestBody": null,
      "StatusCode": 200,
      "ResponseHeaders": {
        "Cache-Control": "no-cache",
        "Content-Encoding": "gzip",
        "Content-Type": "application/json",
        "Date": "Wed, 23 Nov 2022 09:00:26 GMT",
        "Expires": "-1",
        "Pragma": "no-cache",
        "Server": "nginx",
        "Strict-Transport-Security": "max-age=31536000; includeSubDomains",
        "Transfer-Encoding": "chunked",
        "Vary": "Accept-Encoding",
        "X-Content-Type-Options": "nosniff",
        "x-ms-correlation-request-id": "9cdb68ac-c00f-413d-97f2-24ad4ed74c8a",
        "x-ms-ratelimit-remaining-subscription-reads": "11918",
        "x-ms-request-id": "fa280bec-95ac-4273-a4af-3e82c537e9fd",
        "x-ms-routing-request-id": "SOUTHEASTASIA:20221123T090026Z:9cdb68ac-c00f-413d-97f2-24ad4ed74c8a"
      },
      "ResponseBody": {
        "name": "6c35db63-afa9-d344-9d1a-f0f49a225d54",
        "status": "InProgress",
        "startTime": "2022-11-23T08:57:08.2000873Z"
      }
    },
    {
      "RequestUri": "https://management.azure.com/subscriptions/azure_subscription_id/providers/Microsoft.ContainerService/locations/eastus/operations/63db356c-a9af-44d3-9d1a-f0f49a225d54?api-version=2017-08-31",
      "RequestMethod": "GET",
      "RequestHeaders": {
        "Accept": "application/json",
        "Accept-Encoding": "gzip,deflate",
        "Authorization": "Sanitized",
        "Connection": "keep-alive",
        "Content-Type": "application/json",
        "User-Agent": "azsdk-js-arm-containerservice/17.2.1 core-rest-pipeline/1.10.1 Node/v16.17.0 OS/(x64-Windows_NT-10.0.22621)",
        "x-ms-client-request-id": "ce84bd8f-bf4d-4252-9360-5450446a987d"
      },
      "RequestBody": null,
      "StatusCode": 200,
      "ResponseHeaders": {
        "Cache-Control": "no-cache",
        "Content-Encoding": "gzip",
        "Content-Type": "application/json",
        "Date": "Wed, 23 Nov 2022 09:00:28 GMT",
        "Expires": "-1",
        "Pragma": "no-cache",
        "Server": "nginx",
        "Strict-Transport-Security": "max-age=31536000; includeSubDomains",
        "Transfer-Encoding": "chunked",
        "Vary": "Accept-Encoding",
        "X-Content-Type-Options": "nosniff",
        "x-ms-correlation-request-id": "2b539e2f-36d6-423a-906d-721ffcc0efca",
        "x-ms-ratelimit-remaining-subscription-reads": "11917",
        "x-ms-request-id": "c65a1403-f89b-42b5-801c-17ec7b1c57d2",
        "x-ms-routing-request-id": "SOUTHEASTASIA:20221123T090028Z:2b539e2f-36d6-423a-906d-721ffcc0efca"
      },
      "ResponseBody": {
        "name": "6c35db63-afa9-d344-9d1a-f0f49a225d54",
        "status": "InProgress",
        "startTime": "2022-11-23T08:57:08.2000873Z"
      }
    },
    {
      "RequestUri": "https://management.azure.com/subscriptions/azure_subscription_id/providers/Microsoft.ContainerService/locations/eastus/operations/63db356c-a9af-44d3-9d1a-f0f49a225d54?api-version=2017-08-31",
      "RequestMethod": "GET",
      "RequestHeaders": {
        "Accept": "application/json",
        "Accept-Encoding": "gzip,deflate",
        "Authorization": "Sanitized",
        "Connection": "keep-alive",
        "Content-Type": "application/json",
        "User-Agent": "azsdk-js-arm-containerservice/17.2.1 core-rest-pipeline/1.10.1 Node/v16.17.0 OS/(x64-Windows_NT-10.0.22621)",
        "x-ms-client-request-id": "7a948266-0d45-42ea-837a-c12d60b2100d"
      },
      "RequestBody": null,
      "StatusCode": 200,
      "ResponseHeaders": {
        "Cache-Control": "no-cache",
        "Content-Encoding": "gzip",
        "Content-Type": "application/json",
        "Date": "Wed, 23 Nov 2022 09:00:31 GMT",
        "Expires": "-1",
        "Pragma": "no-cache",
        "Server": "nginx",
        "Strict-Transport-Security": "max-age=31536000; includeSubDomains",
        "Transfer-Encoding": "chunked",
        "Vary": "Accept-Encoding",
        "X-Content-Type-Options": "nosniff",
        "x-ms-correlation-request-id": "cb4c0836-f6d6-4c81-b583-42cda7fdb61d",
        "x-ms-ratelimit-remaining-subscription-reads": "11916",
        "x-ms-request-id": "cbab9f42-bfc7-4f5f-a277-8058ac2aae50",
        "x-ms-routing-request-id": "SOUTHEASTASIA:20221123T090031Z:cb4c0836-f6d6-4c81-b583-42cda7fdb61d"
      },
      "ResponseBody": {
        "name": "6c35db63-afa9-d344-9d1a-f0f49a225d54",
        "status": "InProgress",
        "startTime": "2022-11-23T08:57:08.2000873Z"
      }
    },
    {
      "RequestUri": "https://management.azure.com/subscriptions/azure_subscription_id/providers/Microsoft.ContainerService/locations/eastus/operations/63db356c-a9af-44d3-9d1a-f0f49a225d54?api-version=2017-08-31",
      "RequestMethod": "GET",
      "RequestHeaders": {
        "Accept": "application/json",
        "Accept-Encoding": "gzip,deflate",
        "Authorization": "Sanitized",
        "Connection": "keep-alive",
        "Content-Type": "application/json",
        "User-Agent": "azsdk-js-arm-containerservice/17.2.1 core-rest-pipeline/1.10.1 Node/v16.17.0 OS/(x64-Windows_NT-10.0.22621)",
        "x-ms-client-request-id": "00a8a3d3-b26f-4b4c-a968-50b83ec9326b"
      },
      "RequestBody": null,
      "StatusCode": 200,
      "ResponseHeaders": {
        "Cache-Control": "no-cache",
        "Content-Encoding": "gzip",
        "Content-Type": "application/json",
        "Date": "Wed, 23 Nov 2022 09:00:33 GMT",
        "Expires": "-1",
        "Pragma": "no-cache",
        "Server": "nginx",
        "Strict-Transport-Security": "max-age=31536000; includeSubDomains",
        "Transfer-Encoding": "chunked",
        "Vary": "Accept-Encoding",
        "X-Content-Type-Options": "nosniff",
        "x-ms-correlation-request-id": "60771aaa-8ca2-4a11-b750-20a4bfc9f9f3",
        "x-ms-ratelimit-remaining-subscription-reads": "11915",
        "x-ms-request-id": "0daf3708-6d23-4a9c-a1be-b1c69470c56b",
        "x-ms-routing-request-id": "SOUTHEASTASIA:20221123T090033Z:60771aaa-8ca2-4a11-b750-20a4bfc9f9f3"
      },
      "ResponseBody": {
        "name": "6c35db63-afa9-d344-9d1a-f0f49a225d54",
        "status": "InProgress",
        "startTime": "2022-11-23T08:57:08.2000873Z"
      }
    },
    {
      "RequestUri": "https://management.azure.com/subscriptions/azure_subscription_id/providers/Microsoft.ContainerService/locations/eastus/operations/63db356c-a9af-44d3-9d1a-f0f49a225d54?api-version=2017-08-31",
      "RequestMethod": "GET",
      "RequestHeaders": {
        "Accept": "application/json",
        "Accept-Encoding": "gzip,deflate",
        "Authorization": "Sanitized",
        "Connection": "keep-alive",
        "Content-Type": "application/json",
        "User-Agent": "azsdk-js-arm-containerservice/17.2.1 core-rest-pipeline/1.10.1 Node/v16.17.0 OS/(x64-Windows_NT-10.0.22621)",
        "x-ms-client-request-id": "353b189d-bdd9-499a-9470-8d945f8ec160"
      },
      "RequestBody": null,
      "StatusCode": 200,
      "ResponseHeaders": {
        "Cache-Control": "no-cache",
        "Content-Encoding": "gzip",
        "Content-Type": "application/json",
        "Date": "Wed, 23 Nov 2022 09:00:35 GMT",
        "Expires": "-1",
        "Pragma": "no-cache",
        "Server": "nginx",
        "Strict-Transport-Security": "max-age=31536000; includeSubDomains",
        "Transfer-Encoding": "chunked",
        "Vary": "Accept-Encoding",
        "X-Content-Type-Options": "nosniff",
        "x-ms-correlation-request-id": "02d877bf-06eb-4627-befa-08dd93cc62f1",
        "x-ms-ratelimit-remaining-subscription-reads": "11914",
        "x-ms-request-id": "eafd5c66-4e92-4066-884e-95b06ee1d87d",
        "x-ms-routing-request-id": "SOUTHEASTASIA:20221123T090036Z:02d877bf-06eb-4627-befa-08dd93cc62f1"
      },
      "ResponseBody": {
        "name": "6c35db63-afa9-d344-9d1a-f0f49a225d54",
        "status": "InProgress",
        "startTime": "2022-11-23T08:57:08.2000873Z"
      }
    },
    {
      "RequestUri": "https://management.azure.com/subscriptions/azure_subscription_id/providers/Microsoft.ContainerService/locations/eastus/operations/63db356c-a9af-44d3-9d1a-f0f49a225d54?api-version=2017-08-31",
      "RequestMethod": "GET",
      "RequestHeaders": {
        "Accept": "application/json",
        "Accept-Encoding": "gzip,deflate",
        "Authorization": "Sanitized",
        "Connection": "keep-alive",
        "Content-Type": "application/json",
        "User-Agent": "azsdk-js-arm-containerservice/17.2.1 core-rest-pipeline/1.10.1 Node/v16.17.0 OS/(x64-Windows_NT-10.0.22621)",
        "x-ms-client-request-id": "6e946252-7d71-4682-8c5c-e5466101c3c6"
      },
      "RequestBody": null,
      "StatusCode": 200,
      "ResponseHeaders": {
        "Cache-Control": "no-cache",
        "Content-Encoding": "gzip",
        "Content-Type": "application/json",
        "Date": "Wed, 23 Nov 2022 09:00:38 GMT",
        "Expires": "-1",
        "Pragma": "no-cache",
        "Server": "nginx",
        "Strict-Transport-Security": "max-age=31536000; includeSubDomains",
        "Transfer-Encoding": "chunked",
        "Vary": "Accept-Encoding",
        "X-Content-Type-Options": "nosniff",
        "x-ms-correlation-request-id": "b80cbc91-6b0e-4cff-a2b8-6edd22e652b8",
        "x-ms-ratelimit-remaining-subscription-reads": "11913",
        "x-ms-request-id": "9689342a-386d-44b6-883d-c7b0aed9739d",
        "x-ms-routing-request-id": "SOUTHEASTASIA:20221123T090038Z:b80cbc91-6b0e-4cff-a2b8-6edd22e652b8"
      },
      "ResponseBody": {
        "name": "6c35db63-afa9-d344-9d1a-f0f49a225d54",
        "status": "InProgress",
        "startTime": "2022-11-23T08:57:08.2000873Z"
      }
    },
    {
      "RequestUri": "https://management.azure.com/subscriptions/azure_subscription_id/providers/Microsoft.ContainerService/locations/eastus/operations/63db356c-a9af-44d3-9d1a-f0f49a225d54?api-version=2017-08-31",
      "RequestMethod": "GET",
      "RequestHeaders": {
        "Accept": "application/json",
        "Accept-Encoding": "gzip,deflate",
        "Authorization": "Sanitized",
        "Connection": "keep-alive",
        "Content-Type": "application/json",
        "User-Agent": "azsdk-js-arm-containerservice/17.2.1 core-rest-pipeline/1.10.1 Node/v16.17.0 OS/(x64-Windows_NT-10.0.22621)",
        "x-ms-client-request-id": "84bd6b98-58fc-4ac4-9fb0-c5b2d7a1234b"
      },
      "RequestBody": null,
      "StatusCode": 200,
      "ResponseHeaders": {
        "Cache-Control": "no-cache",
        "Content-Encoding": "gzip",
        "Content-Type": "application/json",
        "Date": "Wed, 23 Nov 2022 09:00:40 GMT",
        "Expires": "-1",
        "Pragma": "no-cache",
        "Server": "nginx",
        "Strict-Transport-Security": "max-age=31536000; includeSubDomains",
        "Transfer-Encoding": "chunked",
        "Vary": "Accept-Encoding",
        "X-Content-Type-Options": "nosniff",
        "x-ms-correlation-request-id": "45612c8c-3e9c-427b-b635-32311b316cb8",
        "x-ms-ratelimit-remaining-subscription-reads": "11912",
        "x-ms-request-id": "62f9e685-f6ad-4f18-9f02-92682a30aed6",
        "x-ms-routing-request-id": "SOUTHEASTASIA:20221123T090041Z:45612c8c-3e9c-427b-b635-32311b316cb8"
      },
      "ResponseBody": {
        "name": "6c35db63-afa9-d344-9d1a-f0f49a225d54",
        "status": "InProgress",
        "startTime": "2022-11-23T08:57:08.2000873Z"
      }
    },
    {
      "RequestUri": "https://management.azure.com/subscriptions/azure_subscription_id/providers/Microsoft.ContainerService/locations/eastus/operations/63db356c-a9af-44d3-9d1a-f0f49a225d54?api-version=2017-08-31",
      "RequestMethod": "GET",
      "RequestHeaders": {
        "Accept": "application/json",
        "Accept-Encoding": "gzip,deflate",
        "Authorization": "Sanitized",
        "Connection": "keep-alive",
        "Content-Type": "application/json",
        "User-Agent": "azsdk-js-arm-containerservice/17.2.1 core-rest-pipeline/1.10.1 Node/v16.17.0 OS/(x64-Windows_NT-10.0.22621)",
        "x-ms-client-request-id": "18693b67-640d-479b-b92c-a725f86ae248"
      },
      "RequestBody": null,
      "StatusCode": 200,
      "ResponseHeaders": {
        "Cache-Control": "no-cache",
        "Content-Encoding": "gzip",
        "Content-Type": "application/json",
        "Date": "Wed, 23 Nov 2022 09:00:43 GMT",
        "Expires": "-1",
        "Pragma": "no-cache",
        "Server": "nginx",
        "Strict-Transport-Security": "max-age=31536000; includeSubDomains",
        "Transfer-Encoding": "chunked",
        "Vary": "Accept-Encoding",
        "X-Content-Type-Options": "nosniff",
        "x-ms-correlation-request-id": "3d1e414c-1c5c-4ecf-855c-abcc967accf7",
        "x-ms-ratelimit-remaining-subscription-reads": "11911",
        "x-ms-request-id": "31eb9ed8-9797-4c38-9c9a-8f8cc6159313",
        "x-ms-routing-request-id": "SOUTHEASTASIA:20221123T090043Z:3d1e414c-1c5c-4ecf-855c-abcc967accf7"
      },
      "ResponseBody": {
        "name": "6c35db63-afa9-d344-9d1a-f0f49a225d54",
        "status": "InProgress",
        "startTime": "2022-11-23T08:57:08.2000873Z"
      }
    },
    {
      "RequestUri": "https://management.azure.com/subscriptions/azure_subscription_id/providers/Microsoft.ContainerService/locations/eastus/operations/63db356c-a9af-44d3-9d1a-f0f49a225d54?api-version=2017-08-31",
      "RequestMethod": "GET",
      "RequestHeaders": {
        "Accept": "application/json",
        "Accept-Encoding": "gzip,deflate",
        "Authorization": "Sanitized",
        "Connection": "keep-alive",
        "Content-Type": "application/json",
        "User-Agent": "azsdk-js-arm-containerservice/17.2.1 core-rest-pipeline/1.10.1 Node/v16.17.0 OS/(x64-Windows_NT-10.0.22621)",
        "x-ms-client-request-id": "352acce5-7ea5-468d-8259-a3765e8ae677"
      },
      "RequestBody": null,
      "StatusCode": 200,
      "ResponseHeaders": {
        "Cache-Control": "no-cache",
        "Content-Encoding": "gzip",
        "Content-Type": "application/json",
        "Date": "Wed, 23 Nov 2022 09:00:45 GMT",
        "Expires": "-1",
        "Pragma": "no-cache",
        "Server": "nginx",
        "Strict-Transport-Security": "max-age=31536000; includeSubDomains",
        "Transfer-Encoding": "chunked",
        "Vary": "Accept-Encoding",
        "X-Content-Type-Options": "nosniff",
        "x-ms-correlation-request-id": "f03c132b-b536-4062-9578-4263bb5fb750",
        "x-ms-ratelimit-remaining-subscription-reads": "11910",
        "x-ms-request-id": "5d1b2fb5-c981-4db3-b6e3-5a68e80c153b",
        "x-ms-routing-request-id": "SOUTHEASTASIA:20221123T090045Z:f03c132b-b536-4062-9578-4263bb5fb750"
      },
      "ResponseBody": {
        "name": "6c35db63-afa9-d344-9d1a-f0f49a225d54",
        "status": "InProgress",
        "startTime": "2022-11-23T08:57:08.2000873Z"
      }
    },
    {
      "RequestUri": "https://management.azure.com/subscriptions/azure_subscription_id/providers/Microsoft.ContainerService/locations/eastus/operations/63db356c-a9af-44d3-9d1a-f0f49a225d54?api-version=2017-08-31",
      "RequestMethod": "GET",
      "RequestHeaders": {
        "Accept": "application/json",
        "Accept-Encoding": "gzip,deflate",
        "Authorization": "Sanitized",
        "Connection": "keep-alive",
        "Content-Type": "application/json",
        "User-Agent": "azsdk-js-arm-containerservice/17.2.1 core-rest-pipeline/1.10.1 Node/v16.17.0 OS/(x64-Windows_NT-10.0.22621)",
        "x-ms-client-request-id": "54da0790-9309-4dac-858b-73870e51e01a"
      },
      "RequestBody": null,
      "StatusCode": 200,
      "ResponseHeaders": {
        "Cache-Control": "no-cache",
        "Content-Encoding": "gzip",
        "Content-Type": "application/json",
        "Date": "Wed, 23 Nov 2022 09:00:47 GMT",
        "Expires": "-1",
        "Pragma": "no-cache",
        "Server": "nginx",
        "Strict-Transport-Security": "max-age=31536000; includeSubDomains",
        "Transfer-Encoding": "chunked",
        "Vary": "Accept-Encoding",
        "X-Content-Type-Options": "nosniff",
        "x-ms-correlation-request-id": "ce92ff9f-c48d-4edc-bcf5-999515dd12fb",
        "x-ms-ratelimit-remaining-subscription-reads": "11909",
        "x-ms-request-id": "5c6051a9-8bc7-4994-b5ee-5d042c78a141",
        "x-ms-routing-request-id": "SOUTHEASTASIA:20221123T090048Z:ce92ff9f-c48d-4edc-bcf5-999515dd12fb"
      },
      "ResponseBody": {
        "name": "6c35db63-afa9-d344-9d1a-f0f49a225d54",
        "status": "InProgress",
        "startTime": "2022-11-23T08:57:08.2000873Z"
      }
    },
    {
      "RequestUri": "https://management.azure.com/subscriptions/azure_subscription_id/providers/Microsoft.ContainerService/locations/eastus/operations/63db356c-a9af-44d3-9d1a-f0f49a225d54?api-version=2017-08-31",
      "RequestMethod": "GET",
      "RequestHeaders": {
        "Accept": "application/json",
        "Accept-Encoding": "gzip,deflate",
        "Authorization": "Sanitized",
        "Connection": "keep-alive",
        "Content-Type": "application/json",
        "User-Agent": "azsdk-js-arm-containerservice/17.2.1 core-rest-pipeline/1.10.1 Node/v16.17.0 OS/(x64-Windows_NT-10.0.22621)",
        "x-ms-client-request-id": "e6d4ac2c-2bdf-4713-ab6c-02a69892e87e"
      },
      "RequestBody": null,
      "StatusCode": 200,
      "ResponseHeaders": {
        "Cache-Control": "no-cache",
        "Content-Encoding": "gzip",
        "Content-Type": "application/json",
        "Date": "Wed, 23 Nov 2022 09:00:50 GMT",
        "Expires": "-1",
        "Pragma": "no-cache",
        "Server": "nginx",
        "Strict-Transport-Security": "max-age=31536000; includeSubDomains",
        "Transfer-Encoding": "chunked",
        "Vary": "Accept-Encoding",
        "X-Content-Type-Options": "nosniff",
        "x-ms-correlation-request-id": "967a5879-c7a2-4049-aa1d-7d25025051d9",
        "x-ms-ratelimit-remaining-subscription-reads": "11908",
        "x-ms-request-id": "de58b8b8-daf7-4876-a9f1-774269efde96",
        "x-ms-routing-request-id": "SOUTHEASTASIA:20221123T090050Z:967a5879-c7a2-4049-aa1d-7d25025051d9"
      },
      "ResponseBody": {
        "name": "6c35db63-afa9-d344-9d1a-f0f49a225d54",
        "status": "InProgress",
        "startTime": "2022-11-23T08:57:08.2000873Z"
      }
    },
    {
      "RequestUri": "https://management.azure.com/subscriptions/azure_subscription_id/providers/Microsoft.ContainerService/locations/eastus/operations/63db356c-a9af-44d3-9d1a-f0f49a225d54?api-version=2017-08-31",
      "RequestMethod": "GET",
      "RequestHeaders": {
        "Accept": "application/json",
        "Accept-Encoding": "gzip,deflate",
        "Authorization": "Sanitized",
        "Connection": "keep-alive",
        "Content-Type": "application/json",
        "User-Agent": "azsdk-js-arm-containerservice/17.2.1 core-rest-pipeline/1.10.1 Node/v16.17.0 OS/(x64-Windows_NT-10.0.22621)",
        "x-ms-client-request-id": "417770de-ed25-4a7f-aed4-6ab0fa174f71"
      },
      "RequestBody": null,
      "StatusCode": 200,
      "ResponseHeaders": {
        "Cache-Control": "no-cache",
        "Content-Encoding": "gzip",
        "Content-Type": "application/json",
        "Date": "Wed, 23 Nov 2022 09:00:52 GMT",
        "Expires": "-1",
        "Pragma": "no-cache",
        "Server": "nginx",
        "Strict-Transport-Security": "max-age=31536000; includeSubDomains",
        "Transfer-Encoding": "chunked",
        "Vary": "Accept-Encoding",
        "X-Content-Type-Options": "nosniff",
        "x-ms-correlation-request-id": "8746731a-ea13-45c2-a95f-2294d6179eea",
        "x-ms-ratelimit-remaining-subscription-reads": "11907",
        "x-ms-request-id": "4dc6601d-3abb-4aa1-ab52-d53e4f4a48f3",
        "x-ms-routing-request-id": "SOUTHEASTASIA:20221123T090053Z:8746731a-ea13-45c2-a95f-2294d6179eea"
      },
      "ResponseBody": {
        "name": "6c35db63-afa9-d344-9d1a-f0f49a225d54",
        "status": "Succeeded",
        "startTime": "2022-11-23T08:57:08.2000873Z",
        "endTime": "2022-11-23T09:00:52.9441925Z"
      }
    },
    {
      "RequestUri": "https://management.azure.com/subscriptions/azure_subscription_id/resourceGroups/myjstest/providers/Microsoft.ContainerService/managedClusters/myreourcexyz?api-version=2022-09-01",
      "RequestMethod": "GET",
      "RequestHeaders": {
        "Accept": "application/json",
        "Accept-Encoding": "gzip,deflate",
        "Authorization": "Sanitized",
        "Connection": "keep-alive",
        "Content-Type": "application/json",
        "User-Agent": "azsdk-js-arm-containerservice/17.2.1 core-rest-pipeline/1.10.1 Node/v16.17.0 OS/(x64-Windows_NT-10.0.22621)",
        "x-ms-client-request-id": "3c743564-eed7-4315-92ae-157f86339cd5"
      },
      "RequestBody": null,
      "StatusCode": 200,
      "ResponseHeaders": {
        "Cache-Control": "no-cache",
        "Content-Encoding": "gzip",
        "Content-Type": "application/json",
        "Date": "Wed, 23 Nov 2022 09:00:53 GMT",
        "Expires": "-1",
        "Pragma": "no-cache",
        "Server": "nginx",
        "Strict-Transport-Security": "max-age=31536000; includeSubDomains",
        "Transfer-Encoding": "chunked",
        "Vary": "Accept-Encoding",
        "X-Content-Type-Options": "nosniff",
        "x-ms-correlation-request-id": "0486647b-c23d-45df-802d-4cf6c4c8d0c2",
        "x-ms-ratelimit-remaining-subscription-reads": "11906",
        "x-ms-request-id": "5cd8d597-57b9-40ac-8be5-3862e4469a26",
        "x-ms-routing-request-id": "SOUTHEASTASIA:20221123T090054Z:0486647b-c23d-45df-802d-4cf6c4c8d0c2"
      },
      "ResponseBody": {
        "id": "/subscriptions/azure_subscription_id/resourcegroups/myjstest/providers/Microsoft.ContainerService/managedClusters/myreourcexyz",
        "location": "eastus",
        "name": "myreourcexyz",
        "type": "Microsoft.ContainerService/ManagedClusters",
        "properties": {
          "provisioningState": "Succeeded",
          "powerState": {
            "code": "Running"
          },
          "kubernetesVersion": "1.23.12",
          "currentKubernetesVersion": "1.23.12",
          "dnsPrefix": "aksjssdk",
          "fqdn": "aksjssdk-b284ed2a.hcp.eastus.azmk8s.io",
          "azurePortalFQDN": "aksjssdk-b284ed2a.portal.hcp.eastus.azmk8s.io",
          "agentPoolProfiles": [
            {
              "name": "aksagent",
              "count": 1,
              "vmSize": "Standard_DS2_v2",
              "osDiskSizeGB": 128,
              "osDiskType": "Managed",
              "kubeletDiskType": "OS",
              "maxPods": 110,
              "type": "VirtualMachineScaleSets",
              "maxCount": 100,
              "minCount": 1,
              "enableAutoScaling": true,
              "provisioningState": "Succeeded",
              "powerState": {
                "code": "Running"
              },
              "orchestratorVersion": "1.23.12",
              "currentOrchestratorVersion": "1.23.12",
              "mode": "System",
              "osType": "Linux",
              "osSKU": "Ubuntu",
              "nodeImageVersion": "AKSUbuntu-1804gen2containerd-2022.11.02",
              "enableFIPS": false
            }
          ],
          "servicePrincipalProfile": {
            "clientId": "azure_client_id"
          },
          "nodeResourceGroup": "MC_myjstest_myreourcexyz_eastus",
          "enableRBAC": true,
          "networkProfile": {
            "networkPlugin": "kubenet",
            "loadBalancerSku": "Standard",
            "loadBalancerProfile": {
              "managedOutboundIPs": {
                "count": 1
              },
              "effectiveOutboundIPs": [
                {
                  "id": "/subscriptions/azure_subscription_id/resourceGroups/MC_myjstest_myreourcexyz_eastus/providers/Microsoft.Network/publicIPAddresses/ba1e7ca1-b6bd-457f-8f79-7cbc28608e39"
                }
              ]
            },
            "podCidr": "10.244.0.0/16",
            "serviceCidr": "10.0.0.0/16",
            "dnsServiceIP": "10.0.0.10",
            "dockerBridgeCidr": "172.17.0.1/16",
            "outboundType": "loadBalancer",
            "podCidrs": [
              "10.244.0.0/16"
            ],
            "serviceCidrs": [
              "10.0.0.0/16"
            ],
            "ipFamilies": [
              "IPv4"
            ]
          },
          "maxAgentPools": 100,
          "autoScalerProfile": {
            "balance-similar-node-groups": "false",
            "expander": "random",
            "max-empty-bulk-delete": "10",
            "max-graceful-termination-sec": "600",
            "max-node-provision-time": "15m",
            "max-total-unready-percentage": "45",
            "new-pod-scale-up-delay": "0s",
            "ok-total-unready-count": "3",
            "scale-down-delay-after-add": "10m",
            "scale-down-delay-after-delete": "10s",
            "scale-down-delay-after-failure": "3m",
            "scale-down-unneeded-time": "10m",
            "scale-down-unready-time": "20m",
            "scale-down-utilization-threshold": "0.5",
            "scan-interval": "10s",
            "skip-nodes-with-local-storage": "false",
            "skip-nodes-with-system-pods": "true"
          },
          "securityProfile": {},
          "storageProfile": {
            "diskCSIDriver": {
              "enabled": true
            },
            "fileCSIDriver": {
              "enabled": true
            },
            "snapshotController": {
              "enabled": true
            }
          },
          "oidcIssuerProfile": {
            "enabled": false
          }
        },
        "sku": {
          "name": "Basic",
          "tier": "Free"
        }
      }
    }
  ],
  "Variables": {}
}
