{
  "Entries": [
    {
      "RequestUri": "https://management.azure.com/subscriptions/azure_subscription_id/resourceGroups/myjstest/providers/Microsoft.ContainerService/managedClusters/myreourcexyz?api-version=2023-01-02-preview",
      "RequestMethod": "DELETE",
      "RequestHeaders": {
        "Accept": "application/json",
        "Accept-Encoding": "gzip,deflate",
        "Authorization": "Sanitized",
        "Connection": "keep-alive",
        "User-Agent": "azsdk-js-arm-containerservice/17.4.0-beta.2 core-rest-pipeline/1.10.2 Node/v16.17.0 OS/(x64-Windows_NT-10.0.22621)",
        "x-ms-client-request-id": "68a25e0b-78a1-4192-912f-6886d581fa9a"
      },
      "RequestBody": null,
      "StatusCode": 202,
      "ResponseHeaders": {
        "azure-asyncoperation": "https://management.azure.com/subscriptions/azure_subscription_id/providers/Microsoft.ContainerService/locations/eastus/operations/22fd436c-8039-42f6-9569-110e2985ac42?api-version=2017-08-31",
        "Cache-Control": "no-cache",
        "Content-Length": "0",
        "Date": "Mon, 20 Feb 2023 03:17:12 GMT",
        "Expires": "-1",
        "Location": "https://management.azure.com/subscriptions/azure_subscription_id/providers/Microsoft.ContainerService/locations/eastus/operationresults/22fd436c-8039-42f6-9569-110e2985ac42?api-version=2017-08-31",
        "Pragma": "no-cache",
        "Server": "nginx",
        "Strict-Transport-Security": "max-age=31536000; includeSubDomains",
        "X-Content-Type-Options": "nosniff",
        "x-ms-correlation-request-id": "c4d5d6eb-65bf-4e51-ab96-91e3ca1e441f",
        "x-ms-ratelimit-remaining-subscription-deletes": "14999",
        "x-ms-request-id": "22fd436c-8039-42f6-9569-110e2985ac42",
        "x-ms-routing-request-id": "SOUTHEASTASIA:20230220T031712Z:c4d5d6eb-65bf-4e51-ab96-91e3ca1e441f"
      },
      "ResponseBody": null
    },
    {
      "RequestUri": "https://management.azure.com/subscriptions/azure_subscription_id/providers/Microsoft.ContainerService/locations/eastus/operations/22fd436c-8039-42f6-9569-110e2985ac42?api-version=2017-08-31",
      "RequestMethod": "GET",
      "RequestHeaders": {
        "Accept": "application/json",
        "Accept-Encoding": "gzip,deflate",
        "Authorization": "Sanitized",
        "Connection": "keep-alive",
        "User-Agent": "azsdk-js-arm-containerservice/17.4.0-beta.2 core-rest-pipeline/1.10.2 Node/v16.17.0 OS/(x64-Windows_NT-10.0.22621)",
        "x-ms-client-request-id": "dbd0b55f-4a16-4780-91d1-8743489ed724"
      },
      "RequestBody": null,
      "StatusCode": 200,
      "ResponseHeaders": {
        "Cache-Control": "no-cache",
        "Content-Encoding": "gzip",
        "Content-Type": "application/json",
        "Date": "Mon, 20 Feb 2023 03:17:12 GMT",
        "Expires": "-1",
        "Pragma": "no-cache",
        "Server": "nginx",
        "Strict-Transport-Security": "max-age=31536000; includeSubDomains",
        "Transfer-Encoding": "chunked",
        "Vary": "Accept-Encoding",
        "X-Content-Type-Options": "nosniff",
        "x-ms-correlation-request-id": "242475dc-8af3-4039-b713-b8eebfea2aff",
        "x-ms-ratelimit-remaining-subscription-reads": "11893",
        "x-ms-request-id": "b6a48452-5fc5-4b41-b569-682e5cd11b5e",
        "x-ms-routing-request-id": "SOUTHEASTASIA:20230220T031713Z:242475dc-8af3-4039-b713-b8eebfea2aff"
      },
      "ResponseBody": {
        "name": "6c43fd22-3980-f642-9569-110e2985ac42",
        "status": "InProgress",
        "startTime": "2023-02-20T03:17:12.4755379Z"
      }
    },
    {
      "RequestUri": "https://management.azure.com/subscriptions/azure_subscription_id/providers/Microsoft.ContainerService/locations/eastus/operations/22fd436c-8039-42f6-9569-110e2985ac42?api-version=2017-08-31",
      "RequestMethod": "GET",
      "RequestHeaders": {
        "Accept": "application/json",
        "Accept-Encoding": "gzip,deflate",
        "Authorization": "Sanitized",
        "Connection": "keep-alive",
        "User-Agent": "azsdk-js-arm-containerservice/17.4.0-beta.2 core-rest-pipeline/1.10.2 Node/v16.17.0 OS/(x64-Windows_NT-10.0.22621)",
        "x-ms-client-request-id": "7c6e8aae-a675-42d8-91bc-72eedb4243b1"
      },
      "RequestBody": null,
      "StatusCode": 200,
      "ResponseHeaders": {
        "Cache-Control": "no-cache",
        "Content-Encoding": "gzip",
        "Content-Type": "application/json",
        "Date": "Mon, 20 Feb 2023 03:17:13 GMT",
        "Expires": "-1",
        "Pragma": "no-cache",
        "Server": "nginx",
        "Strict-Transport-Security": "max-age=31536000; includeSubDomains",
        "Transfer-Encoding": "chunked",
        "Vary": "Accept-Encoding",
        "X-Content-Type-Options": "nosniff",
        "x-ms-correlation-request-id": "d2fbe837-ba3d-4c13-aebc-2a8a7984e2b5",
        "x-ms-ratelimit-remaining-subscription-reads": "11892",
        "x-ms-request-id": "4a96d74a-e50c-4d95-926e-e49f7afe4654",
        "x-ms-routing-request-id": "SOUTHEASTASIA:20230220T031713Z:d2fbe837-ba3d-4c13-aebc-2a8a7984e2b5"
      },
      "ResponseBody": {
        "name": "6c43fd22-3980-f642-9569-110e2985ac42",
        "status": "InProgress",
        "startTime": "2023-02-20T03:17:12.4755379Z"
      }
    },
    {
      "RequestUri": "https://management.azure.com/subscriptions/azure_subscription_id/providers/Microsoft.ContainerService/locations/eastus/operations/22fd436c-8039-42f6-9569-110e2985ac42?api-version=2017-08-31",
      "RequestMethod": "GET",
      "RequestHeaders": {
        "Accept": "application/json",
        "Accept-Encoding": "gzip,deflate",
        "Authorization": "Sanitized",
        "Connection": "keep-alive",
        "User-Agent": "azsdk-js-arm-containerservice/17.4.0-beta.2 core-rest-pipeline/1.10.2 Node/v16.17.0 OS/(x64-Windows_NT-10.0.22621)",
        "x-ms-client-request-id": "984aefab-7fb3-4bce-81a5-5f8338ea2d87"
      },
      "RequestBody": null,
      "StatusCode": 200,
      "ResponseHeaders": {
        "Cache-Control": "no-cache",
        "Content-Encoding": "gzip",
        "Content-Type": "application/json",
        "Date": "Mon, 20 Feb 2023 03:17:15 GMT",
        "Expires": "-1",
        "Pragma": "no-cache",
        "Server": "nginx",
        "Strict-Transport-Security": "max-age=31536000; includeSubDomains",
        "Transfer-Encoding": "chunked",
        "Vary": "Accept-Encoding",
        "X-Content-Type-Options": "nosniff",
        "x-ms-correlation-request-id": "21748d20-77aa-4629-85ed-6142b8681da5",
        "x-ms-ratelimit-remaining-subscription-reads": "11891",
        "x-ms-request-id": "dbc81a15-bde0-466c-b20f-beae679c667c",
        "x-ms-routing-request-id": "SOUTHEASTASIA:20230220T031715Z:21748d20-77aa-4629-85ed-6142b8681da5"
      },
      "ResponseBody": {
        "name": "6c43fd22-3980-f642-9569-110e2985ac42",
        "status": "InProgress",
        "startTime": "2023-02-20T03:17:12.4755379Z"
      }
    },
    {
      "RequestUri": "https://management.azure.com/subscriptions/azure_subscription_id/providers/Microsoft.ContainerService/locations/eastus/operations/22fd436c-8039-42f6-9569-110e2985ac42?api-version=2017-08-31",
      "RequestMethod": "GET",
      "RequestHeaders": {
        "Accept": "application/json",
        "Accept-Encoding": "gzip,deflate",
        "Authorization": "Sanitized",
        "Connection": "keep-alive",
        "User-Agent": "azsdk-js-arm-containerservice/17.4.0-beta.2 core-rest-pipeline/1.10.2 Node/v16.17.0 OS/(x64-Windows_NT-10.0.22621)",
        "x-ms-client-request-id": "17289136-e684-4a50-87c9-958820d2d795"
      },
      "RequestBody": null,
      "StatusCode": 200,
      "ResponseHeaders": {
        "Cache-Control": "no-cache",
        "Content-Encoding": "gzip",
        "Content-Type": "application/json",
        "Date": "Mon, 20 Feb 2023 03:17:17 GMT",
        "Expires": "-1",
        "Pragma": "no-cache",
        "Server": "nginx",
        "Strict-Transport-Security": "max-age=31536000; includeSubDomains",
        "Transfer-Encoding": "chunked",
        "Vary": "Accept-Encoding",
        "X-Content-Type-Options": "nosniff",
        "x-ms-correlation-request-id": "c2eb8b0f-7558-427c-b733-c6e993d305c0",
        "x-ms-ratelimit-remaining-subscription-reads": "11890",
        "x-ms-request-id": "f80b9224-f0f0-4909-af6d-99a82ab604a6",
        "x-ms-routing-request-id": "SOUTHEASTASIA:20230220T031718Z:c2eb8b0f-7558-427c-b733-c6e993d305c0"
      },
      "ResponseBody": {
        "name": "6c43fd22-3980-f642-9569-110e2985ac42",
        "status": "InProgress",
        "startTime": "2023-02-20T03:17:12.4755379Z"
      }
    },
    {
      "RequestUri": "https://management.azure.com/subscriptions/azure_subscription_id/providers/Microsoft.ContainerService/locations/eastus/operations/22fd436c-8039-42f6-9569-110e2985ac42?api-version=2017-08-31",
      "RequestMethod": "GET",
      "RequestHeaders": {
        "Accept": "application/json",
        "Accept-Encoding": "gzip,deflate",
        "Authorization": "Sanitized",
        "Connection": "keep-alive",
        "User-Agent": "azsdk-js-arm-containerservice/17.4.0-beta.2 core-rest-pipeline/1.10.2 Node/v16.17.0 OS/(x64-Windows_NT-10.0.22621)",
        "x-ms-client-request-id": "46f91da7-e5f9-4ffa-8a57-a89389a09800"
      },
      "RequestBody": null,
      "StatusCode": 200,
      "ResponseHeaders": {
        "Cache-Control": "no-cache",
        "Content-Encoding": "gzip",
        "Content-Type": "application/json",
        "Date": "Mon, 20 Feb 2023 03:17:19 GMT",
        "Expires": "-1",
        "Pragma": "no-cache",
        "Server": "nginx",
        "Strict-Transport-Security": "max-age=31536000; includeSubDomains",
        "Transfer-Encoding": "chunked",
        "Vary": "Accept-Encoding",
        "X-Content-Type-Options": "nosniff",
        "x-ms-correlation-request-id": "4f1ed2f1-cfd8-47b8-9cda-57d395b8183f",
        "x-ms-ratelimit-remaining-subscription-reads": "11889",
        "x-ms-request-id": "79c9da01-9b6a-42fa-87d0-20c61e3eb621",
        "x-ms-routing-request-id": "SOUTHEASTASIA:20230220T031720Z:4f1ed2f1-cfd8-47b8-9cda-57d395b8183f"
      },
      "ResponseBody": {
        "name": "6c43fd22-3980-f642-9569-110e2985ac42",
        "status": "InProgress",
        "startTime": "2023-02-20T03:17:12.4755379Z"
      }
    },
    {
      "RequestUri": "https://management.azure.com/subscriptions/azure_subscription_id/providers/Microsoft.ContainerService/locations/eastus/operations/22fd436c-8039-42f6-9569-110e2985ac42?api-version=2017-08-31",
      "RequestMethod": "GET",
      "RequestHeaders": {
        "Accept": "application/json",
        "Accept-Encoding": "gzip,deflate",
        "Authorization": "Sanitized",
        "Connection": "keep-alive",
        "User-Agent": "azsdk-js-arm-containerservice/17.4.0-beta.2 core-rest-pipeline/1.10.2 Node/v16.17.0 OS/(x64-Windows_NT-10.0.22621)",
        "x-ms-client-request-id": "9cc2a784-4f62-40df-9b06-48cae4a1fea6"
      },
      "RequestBody": null,
      "StatusCode": 200,
      "ResponseHeaders": {
        "Cache-Control": "no-cache",
        "Content-Encoding": "gzip",
        "Content-Type": "application/json",
        "Date": "Mon, 20 Feb 2023 03:17:22 GMT",
        "Expires": "-1",
        "Pragma": "no-cache",
        "Server": "nginx",
        "Strict-Transport-Security": "max-age=31536000; includeSubDomains",
        "Transfer-Encoding": "chunked",
        "Vary": "Accept-Encoding",
        "X-Content-Type-Options": "nosniff",
        "x-ms-correlation-request-id": "bbc4c139-d5e6-4f4d-a072-51d56784a93a",
        "x-ms-ratelimit-remaining-subscription-reads": "11888",
        "x-ms-request-id": "afe80f0d-b2a4-41ee-ace8-b62f82d2127d",
        "x-ms-routing-request-id": "SOUTHEASTASIA:20230220T031722Z:bbc4c139-d5e6-4f4d-a072-51d56784a93a"
      },
      "ResponseBody": {
        "name": "6c43fd22-3980-f642-9569-110e2985ac42",
        "status": "InProgress",
        "startTime": "2023-02-20T03:17:12.4755379Z"
      }
    },
    {
      "RequestUri": "https://management.azure.com/subscriptions/azure_subscription_id/providers/Microsoft.ContainerService/locations/eastus/operations/22fd436c-8039-42f6-9569-110e2985ac42?api-version=2017-08-31",
      "RequestMethod": "GET",
      "RequestHeaders": {
        "Accept": "application/json",
        "Accept-Encoding": "gzip,deflate",
        "Authorization": "Sanitized",
        "Connection": "keep-alive",
        "User-Agent": "azsdk-js-arm-containerservice/17.4.0-beta.2 core-rest-pipeline/1.10.2 Node/v16.17.0 OS/(x64-Windows_NT-10.0.22621)",
        "x-ms-client-request-id": "28592d19-dd05-4a4b-8e6a-0be961856a3b"
      },
      "RequestBody": null,
      "StatusCode": 200,
      "ResponseHeaders": {
        "Cache-Control": "no-cache",
        "Content-Encoding": "gzip",
        "Content-Type": "application/json",
        "Date": "Mon, 20 Feb 2023 03:17:24 GMT",
        "Expires": "-1",
        "Pragma": "no-cache",
        "Server": "nginx",
        "Strict-Transport-Security": "max-age=31536000; includeSubDomains",
        "Transfer-Encoding": "chunked",
        "Vary": "Accept-Encoding",
        "X-Content-Type-Options": "nosniff",
        "x-ms-correlation-request-id": "aba9c9e4-c34c-4377-afed-83a96c3ba70d",
        "x-ms-ratelimit-remaining-subscription-reads": "11887",
        "x-ms-request-id": "f46bd63d-41c8-49da-8396-6971e4acbcc9",
        "x-ms-routing-request-id": "SOUTHEASTASIA:20230220T031725Z:aba9c9e4-c34c-4377-afed-83a96c3ba70d"
      },
      "ResponseBody": {
        "name": "6c43fd22-3980-f642-9569-110e2985ac42",
        "status": "InProgress",
        "startTime": "2023-02-20T03:17:12.4755379Z"
      }
    },
    {
      "RequestUri": "https://management.azure.com/subscriptions/azure_subscription_id/providers/Microsoft.ContainerService/locations/eastus/operations/22fd436c-8039-42f6-9569-110e2985ac42?api-version=2017-08-31",
      "RequestMethod": "GET",
      "RequestHeaders": {
        "Accept": "application/json",
        "Accept-Encoding": "gzip,deflate",
        "Authorization": "Sanitized",
        "Connection": "keep-alive",
        "User-Agent": "azsdk-js-arm-containerservice/17.4.0-beta.2 core-rest-pipeline/1.10.2 Node/v16.17.0 OS/(x64-Windows_NT-10.0.22621)",
        "x-ms-client-request-id": "7dce7082-4ec7-47e7-8ea3-6750b9709aff"
      },
      "RequestBody": null,
      "StatusCode": 200,
      "ResponseHeaders": {
        "Cache-Control": "no-cache",
        "Content-Encoding": "gzip",
        "Content-Type": "application/json",
        "Date": "Mon, 20 Feb 2023 03:17:27 GMT",
        "Expires": "-1",
        "Pragma": "no-cache",
        "Server": "nginx",
        "Strict-Transport-Security": "max-age=31536000; includeSubDomains",
        "Transfer-Encoding": "chunked",
        "Vary": "Accept-Encoding",
        "X-Content-Type-Options": "nosniff",
        "x-ms-correlation-request-id": "c8ae3215-9e3b-452c-9fb9-143b3481e40f",
        "x-ms-ratelimit-remaining-subscription-reads": "11886",
        "x-ms-request-id": "3545b82d-1ee1-441e-a19f-9d28f77cffc6",
        "x-ms-routing-request-id": "SOUTHEASTASIA:20230220T031727Z:c8ae3215-9e3b-452c-9fb9-143b3481e40f"
      },
      "ResponseBody": {
        "name": "6c43fd22-3980-f642-9569-110e2985ac42",
        "status": "InProgress",
        "startTime": "2023-02-20T03:17:12.4755379Z"
      }
    },
    {
      "RequestUri": "https://management.azure.com/subscriptions/azure_subscription_id/providers/Microsoft.ContainerService/locations/eastus/operations/22fd436c-8039-42f6-9569-110e2985ac42?api-version=2017-08-31",
      "RequestMethod": "GET",
      "RequestHeaders": {
        "Accept": "application/json",
        "Accept-Encoding": "gzip,deflate",
        "Authorization": "Sanitized",
        "Connection": "keep-alive",
        "User-Agent": "azsdk-js-arm-containerservice/17.4.0-beta.2 core-rest-pipeline/1.10.2 Node/v16.17.0 OS/(x64-Windows_NT-10.0.22621)",
        "x-ms-client-request-id": "be12bd81-58cf-4003-914d-21e6a6da7eae"
      },
      "RequestBody": null,
      "StatusCode": 200,
      "ResponseHeaders": {
        "Cache-Control": "no-cache",
        "Content-Encoding": "gzip",
        "Content-Type": "application/json",
        "Date": "Mon, 20 Feb 2023 03:17:29 GMT",
        "Expires": "-1",
        "Pragma": "no-cache",
        "Server": "nginx",
        "Strict-Transport-Security": "max-age=31536000; includeSubDomains",
        "Transfer-Encoding": "chunked",
        "Vary": "Accept-Encoding",
        "X-Content-Type-Options": "nosniff",
        "x-ms-correlation-request-id": "3fbf9d8a-2848-410f-a851-afea475a6de7",
        "x-ms-ratelimit-remaining-subscription-reads": "11885",
        "x-ms-request-id": "e20175f0-0693-4754-ae6c-a876bca8b7b8",
        "x-ms-routing-request-id": "SOUTHEASTASIA:20230220T031729Z:3fbf9d8a-2848-410f-a851-afea475a6de7"
      },
      "ResponseBody": {
        "name": "6c43fd22-3980-f642-9569-110e2985ac42",
        "status": "InProgress",
        "startTime": "2023-02-20T03:17:12.4755379Z"
      }
    },
    {
      "RequestUri": "https://management.azure.com/subscriptions/azure_subscription_id/providers/Microsoft.ContainerService/locations/eastus/operations/22fd436c-8039-42f6-9569-110e2985ac42?api-version=2017-08-31",
      "RequestMethod": "GET",
      "RequestHeaders": {
        "Accept": "application/json",
        "Accept-Encoding": "gzip,deflate",
        "Authorization": "Sanitized",
        "Connection": "keep-alive",
        "User-Agent": "azsdk-js-arm-containerservice/17.4.0-beta.2 core-rest-pipeline/1.10.2 Node/v16.17.0 OS/(x64-Windows_NT-10.0.22621)",
        "x-ms-client-request-id": "b12e8472-3ab1-441d-b801-9b2ca7a31862"
      },
      "RequestBody": null,
      "StatusCode": 200,
      "ResponseHeaders": {
        "Cache-Control": "no-cache",
        "Content-Encoding": "gzip",
        "Content-Type": "application/json",
        "Date": "Mon, 20 Feb 2023 03:17:31 GMT",
        "Expires": "-1",
        "Pragma": "no-cache",
        "Server": "nginx",
        "Strict-Transport-Security": "max-age=31536000; includeSubDomains",
        "Transfer-Encoding": "chunked",
        "Vary": "Accept-Encoding",
        "X-Content-Type-Options": "nosniff",
        "x-ms-correlation-request-id": "655b8ca7-3ceb-47fa-ab1a-a068d0dc7252",
        "x-ms-ratelimit-remaining-subscription-reads": "11884",
        "x-ms-request-id": "70cc6389-df65-40ae-b3d7-1bee814b3e83",
        "x-ms-routing-request-id": "SOUTHEASTASIA:20230220T031732Z:655b8ca7-3ceb-47fa-ab1a-a068d0dc7252"
      },
      "ResponseBody": {
        "name": "6c43fd22-3980-f642-9569-110e2985ac42",
        "status": "InProgress",
        "startTime": "2023-02-20T03:17:12.4755379Z"
      }
    },
    {
      "RequestUri": "https://management.azure.com/subscriptions/azure_subscription_id/providers/Microsoft.ContainerService/locations/eastus/operations/22fd436c-8039-42f6-9569-110e2985ac42?api-version=2017-08-31",
      "RequestMethod": "GET",
      "RequestHeaders": {
        "Accept": "application/json",
        "Accept-Encoding": "gzip,deflate",
        "Authorization": "Sanitized",
        "Connection": "keep-alive",
        "User-Agent": "azsdk-js-arm-containerservice/17.4.0-beta.2 core-rest-pipeline/1.10.2 Node/v16.17.0 OS/(x64-Windows_NT-10.0.22621)",
        "x-ms-client-request-id": "a23b1af0-3109-4b16-8361-f660bf3dfce0"
      },
      "RequestBody": null,
      "StatusCode": 200,
      "ResponseHeaders": {
        "Cache-Control": "no-cache",
        "Content-Encoding": "gzip",
        "Content-Type": "application/json",
        "Date": "Mon, 20 Feb 2023 03:17:34 GMT",
        "Expires": "-1",
        "Pragma": "no-cache",
        "Server": "nginx",
        "Strict-Transport-Security": "max-age=31536000; includeSubDomains",
        "Transfer-Encoding": "chunked",
        "Vary": "Accept-Encoding",
        "X-Content-Type-Options": "nosniff",
        "x-ms-correlation-request-id": "d5589f83-da8e-41e8-9815-de98415bde02",
        "x-ms-ratelimit-remaining-subscription-reads": "11883",
        "x-ms-request-id": "96d1c693-b0ca-4f4f-8392-01f43b5414bf",
        "x-ms-routing-request-id": "SOUTHEASTASIA:20230220T031734Z:d5589f83-da8e-41e8-9815-de98415bde02"
      },
      "ResponseBody": {
        "name": "6c43fd22-3980-f642-9569-110e2985ac42",
        "status": "InProgress",
        "startTime": "2023-02-20T03:17:12.4755379Z"
      }
    },
    {
      "RequestUri": "https://management.azure.com/subscriptions/azure_subscription_id/providers/Microsoft.ContainerService/locations/eastus/operations/22fd436c-8039-42f6-9569-110e2985ac42?api-version=2017-08-31",
      "RequestMethod": "GET",
      "RequestHeaders": {
        "Accept": "application/json",
        "Accept-Encoding": "gzip,deflate",
        "Authorization": "Sanitized",
        "Connection": "keep-alive",
        "User-Agent": "azsdk-js-arm-containerservice/17.4.0-beta.2 core-rest-pipeline/1.10.2 Node/v16.17.0 OS/(x64-Windows_NT-10.0.22621)",
        "x-ms-client-request-id": "ffce574b-9153-4d94-8b08-b04c6b2c48c0"
      },
      "RequestBody": null,
      "StatusCode": 200,
      "ResponseHeaders": {
        "Cache-Control": "no-cache",
        "Content-Encoding": "gzip",
        "Content-Type": "application/json",
        "Date": "Mon, 20 Feb 2023 03:17:36 GMT",
        "Expires": "-1",
        "Pragma": "no-cache",
        "Server": "nginx",
        "Strict-Transport-Security": "max-age=31536000; includeSubDomains",
        "Transfer-Encoding": "chunked",
        "Vary": "Accept-Encoding",
        "X-Content-Type-Options": "nosniff",
        "x-ms-correlation-request-id": "30b87743-4ef8-44e2-8831-f062ae391ca9",
        "x-ms-ratelimit-remaining-subscription-reads": "11882",
        "x-ms-request-id": "f347e71d-3701-4bd8-86e7-aa4a40122263",
        "x-ms-routing-request-id": "SOUTHEASTASIA:20230220T031737Z:30b87743-4ef8-44e2-8831-f062ae391ca9"
      },
      "ResponseBody": {
        "name": "6c43fd22-3980-f642-9569-110e2985ac42",
        "status": "InProgress",
        "startTime": "2023-02-20T03:17:12.4755379Z"
      }
    },
    {
      "RequestUri": "https://management.azure.com/subscriptions/azure_subscription_id/providers/Microsoft.ContainerService/locations/eastus/operations/22fd436c-8039-42f6-9569-110e2985ac42?api-version=2017-08-31",
      "RequestMethod": "GET",
      "RequestHeaders": {
        "Accept": "application/json",
        "Accept-Encoding": "gzip,deflate",
        "Authorization": "Sanitized",
        "Connection": "keep-alive",
        "User-Agent": "azsdk-js-arm-containerservice/17.4.0-beta.2 core-rest-pipeline/1.10.2 Node/v16.17.0 OS/(x64-Windows_NT-10.0.22621)",
        "x-ms-client-request-id": "eb1e7283-efaf-4924-9945-eb5d0d5e50e2"
      },
      "RequestBody": null,
      "StatusCode": 200,
      "ResponseHeaders": {
        "Cache-Control": "no-cache",
        "Content-Encoding": "gzip",
        "Content-Type": "application/json",
        "Date": "Mon, 20 Feb 2023 03:17:38 GMT",
        "Expires": "-1",
        "Pragma": "no-cache",
        "Server": "nginx",
        "Strict-Transport-Security": "max-age=31536000; includeSubDomains",
        "Transfer-Encoding": "chunked",
        "Vary": "Accept-Encoding",
        "X-Content-Type-Options": "nosniff",
        "x-ms-correlation-request-id": "ed4e1e0b-2c73-4bb5-90c9-853e7b1e0181",
        "x-ms-ratelimit-remaining-subscription-reads": "11881",
        "x-ms-request-id": "2d5ae7af-95b3-4ea5-85cf-10350d2258a3",
        "x-ms-routing-request-id": "SOUTHEASTASIA:20230220T031739Z:ed4e1e0b-2c73-4bb5-90c9-853e7b1e0181"
      },
      "ResponseBody": {
        "name": "6c43fd22-3980-f642-9569-110e2985ac42",
        "status": "InProgress",
        "startTime": "2023-02-20T03:17:12.4755379Z"
      }
    },
    {
      "RequestUri": "https://management.azure.com/subscriptions/azure_subscription_id/providers/Microsoft.ContainerService/locations/eastus/operations/22fd436c-8039-42f6-9569-110e2985ac42?api-version=2017-08-31",
      "RequestMethod": "GET",
      "RequestHeaders": {
        "Accept": "application/json",
        "Accept-Encoding": "gzip,deflate",
        "Authorization": "Sanitized",
        "Connection": "keep-alive",
        "User-Agent": "azsdk-js-arm-containerservice/17.4.0-beta.2 core-rest-pipeline/1.10.2 Node/v16.17.0 OS/(x64-Windows_NT-10.0.22621)",
        "x-ms-client-request-id": "efa77608-32d2-4fce-a9dc-bdbf5da80e8b"
      },
      "RequestBody": null,
      "StatusCode": 200,
      "ResponseHeaders": {
        "Cache-Control": "no-cache",
        "Content-Encoding": "gzip",
        "Content-Type": "application/json",
        "Date": "Mon, 20 Feb 2023 03:17:41 GMT",
        "Expires": "-1",
        "Pragma": "no-cache",
        "Server": "nginx",
        "Strict-Transport-Security": "max-age=31536000; includeSubDomains",
        "Transfer-Encoding": "chunked",
        "Vary": "Accept-Encoding",
        "X-Content-Type-Options": "nosniff",
        "x-ms-correlation-request-id": "96c38449-fb83-49d7-b6c1-5c67b4a86577",
        "x-ms-ratelimit-remaining-subscription-reads": "11880",
        "x-ms-request-id": "8b2e07ec-3b97-44bc-b7aa-aa66749d06b3",
        "x-ms-routing-request-id": "SOUTHEASTASIA:20230220T031741Z:96c38449-fb83-49d7-b6c1-5c67b4a86577"
      },
      "ResponseBody": {
        "name": "6c43fd22-3980-f642-9569-110e2985ac42",
        "status": "InProgress",
        "startTime": "2023-02-20T03:17:12.4755379Z"
      }
    },
    {
      "RequestUri": "https://management.azure.com/subscriptions/azure_subscription_id/providers/Microsoft.ContainerService/locations/eastus/operations/22fd436c-8039-42f6-9569-110e2985ac42?api-version=2017-08-31",
      "RequestMethod": "GET",
      "RequestHeaders": {
        "Accept": "application/json",
        "Accept-Encoding": "gzip,deflate",
        "Authorization": "Sanitized",
        "Connection": "keep-alive",
        "User-Agent": "azsdk-js-arm-containerservice/17.4.0-beta.2 core-rest-pipeline/1.10.2 Node/v16.17.0 OS/(x64-Windows_NT-10.0.22621)",
        "x-ms-client-request-id": "b4c56229-3a45-45e3-a038-1ad1d03ba564"
      },
      "RequestBody": null,
      "StatusCode": 200,
      "ResponseHeaders": {
        "Cache-Control": "no-cache",
        "Content-Encoding": "gzip",
        "Content-Type": "application/json",
        "Date": "Mon, 20 Feb 2023 03:17:43 GMT",
        "Expires": "-1",
        "Pragma": "no-cache",
        "Server": "nginx",
        "Strict-Transport-Security": "max-age=31536000; includeSubDomains",
        "Transfer-Encoding": "chunked",
        "Vary": "Accept-Encoding",
        "X-Content-Type-Options": "nosniff",
        "x-ms-correlation-request-id": "98a8a4c8-57a5-4fe0-ae29-d3e111a72656",
        "x-ms-ratelimit-remaining-subscription-reads": "11879",
        "x-ms-request-id": "50940662-0dfa-457e-960f-838437864e3f",
        "x-ms-routing-request-id": "SOUTHEASTASIA:20230220T031744Z:98a8a4c8-57a5-4fe0-ae29-d3e111a72656"
      },
      "ResponseBody": {
        "name": "6c43fd22-3980-f642-9569-110e2985ac42",
        "status": "InProgress",
        "startTime": "2023-02-20T03:17:12.4755379Z"
      }
    },
    {
      "RequestUri": "https://management.azure.com/subscriptions/azure_subscription_id/providers/Microsoft.ContainerService/locations/eastus/operations/22fd436c-8039-42f6-9569-110e2985ac42?api-version=2017-08-31",
      "RequestMethod": "GET",
      "RequestHeaders": {
        "Accept": "application/json",
        "Accept-Encoding": "gzip,deflate",
        "Authorization": "Sanitized",
        "Connection": "keep-alive",
        "User-Agent": "azsdk-js-arm-containerservice/17.4.0-beta.2 core-rest-pipeline/1.10.2 Node/v16.17.0 OS/(x64-Windows_NT-10.0.22621)",
        "x-ms-client-request-id": "5e5debc5-dbb0-479f-9e93-3c5063195245"
      },
      "RequestBody": null,
      "StatusCode": 200,
      "ResponseHeaders": {
        "Cache-Control": "no-cache",
        "Content-Encoding": "gzip",
        "Content-Type": "application/json",
        "Date": "Mon, 20 Feb 2023 03:17:45 GMT",
        "Expires": "-1",
        "Pragma": "no-cache",
        "Server": "nginx",
        "Strict-Transport-Security": "max-age=31536000; includeSubDomains",
        "Transfer-Encoding": "chunked",
        "Vary": "Accept-Encoding",
        "X-Content-Type-Options": "nosniff",
        "x-ms-correlation-request-id": "57976ae7-ff34-4dcb-9a18-f057ef028cbb",
        "x-ms-ratelimit-remaining-subscription-reads": "11878",
        "x-ms-request-id": "6869adee-b41c-4399-8bd3-cdcd7f0a251a",
        "x-ms-routing-request-id": "SOUTHEASTASIA:20230220T031746Z:57976ae7-ff34-4dcb-9a18-f057ef028cbb"
      },
      "ResponseBody": {
        "name": "6c43fd22-3980-f642-9569-110e2985ac42",
        "status": "InProgress",
        "startTime": "2023-02-20T03:17:12.4755379Z"
      }
    },
    {
      "RequestUri": "https://management.azure.com/subscriptions/azure_subscription_id/providers/Microsoft.ContainerService/locations/eastus/operations/22fd436c-8039-42f6-9569-110e2985ac42?api-version=2017-08-31",
      "RequestMethod": "GET",
      "RequestHeaders": {
        "Accept": "application/json",
        "Accept-Encoding": "gzip,deflate",
        "Authorization": "Sanitized",
        "Connection": "keep-alive",
        "User-Agent": "azsdk-js-arm-containerservice/17.4.0-beta.2 core-rest-pipeline/1.10.2 Node/v16.17.0 OS/(x64-Windows_NT-10.0.22621)",
        "x-ms-client-request-id": "85e84d21-ba22-4d44-82e7-b70796b0d5c5"
      },
      "RequestBody": null,
      "StatusCode": 200,
      "ResponseHeaders": {
        "Cache-Control": "no-cache",
        "Content-Encoding": "gzip",
        "Content-Type": "application/json",
        "Date": "Mon, 20 Feb 2023 03:17:48 GMT",
        "Expires": "-1",
        "Pragma": "no-cache",
        "Server": "nginx",
        "Strict-Transport-Security": "max-age=31536000; includeSubDomains",
        "Transfer-Encoding": "chunked",
        "Vary": "Accept-Encoding",
        "X-Content-Type-Options": "nosniff",
        "x-ms-correlation-request-id": "92924809-d292-41a3-b98a-26860dafed60",
        "x-ms-ratelimit-remaining-subscription-reads": "11877",
        "x-ms-request-id": "ad8adcdd-c483-411f-9d4a-90e4fa652883",
        "x-ms-routing-request-id": "SOUTHEASTASIA:20230220T031749Z:92924809-d292-41a3-b98a-26860dafed60"
      },
      "ResponseBody": {
        "name": "6c43fd22-3980-f642-9569-110e2985ac42",
        "status": "InProgress",
        "startTime": "2023-02-20T03:17:12.4755379Z"
      }
    },
    {
      "RequestUri": "https://management.azure.com/subscriptions/azure_subscription_id/providers/Microsoft.ContainerService/locations/eastus/operations/22fd436c-8039-42f6-9569-110e2985ac42?api-version=2017-08-31",
      "RequestMethod": "GET",
      "RequestHeaders": {
        "Accept": "application/json",
        "Accept-Encoding": "gzip,deflate",
        "Authorization": "Sanitized",
        "Connection": "keep-alive",
        "User-Agent": "azsdk-js-arm-containerservice/17.4.0-beta.2 core-rest-pipeline/1.10.2 Node/v16.17.0 OS/(x64-Windows_NT-10.0.22621)",
        "x-ms-client-request-id": "7e46367f-76df-42aa-ae75-222cd3b47e76"
      },
      "RequestBody": null,
      "StatusCode": 200,
      "ResponseHeaders": {
        "Cache-Control": "no-cache",
        "Content-Encoding": "gzip",
        "Content-Type": "application/json",
        "Date": "Mon, 20 Feb 2023 03:17:50 GMT",
        "Expires": "-1",
        "Pragma": "no-cache",
        "Server": "nginx",
        "Strict-Transport-Security": "max-age=31536000; includeSubDomains",
        "Transfer-Encoding": "chunked",
        "Vary": "Accept-Encoding",
        "X-Content-Type-Options": "nosniff",
        "x-ms-correlation-request-id": "4e66563d-a23f-4988-90da-b7e22100e1ae",
        "x-ms-ratelimit-remaining-subscription-reads": "11876",
        "x-ms-request-id": "18723e8a-9405-40e1-b06a-ff3fe63ef2e0",
        "x-ms-routing-request-id": "SOUTHEASTASIA:20230220T031751Z:4e66563d-a23f-4988-90da-b7e22100e1ae"
      },
      "ResponseBody": {
        "name": "6c43fd22-3980-f642-9569-110e2985ac42",
        "status": "InProgress",
        "startTime": "2023-02-20T03:17:12.4755379Z"
      }
    },
    {
      "RequestUri": "https://management.azure.com/subscriptions/azure_subscription_id/providers/Microsoft.ContainerService/locations/eastus/operations/22fd436c-8039-42f6-9569-110e2985ac42?api-version=2017-08-31",
      "RequestMethod": "GET",
      "RequestHeaders": {
        "Accept": "application/json",
        "Accept-Encoding": "gzip,deflate",
        "Authorization": "Sanitized",
        "Connection": "keep-alive",
        "User-Agent": "azsdk-js-arm-containerservice/17.4.0-beta.2 core-rest-pipeline/1.10.2 Node/v16.17.0 OS/(x64-Windows_NT-10.0.22621)",
        "x-ms-client-request-id": "3d24cff5-a906-49f2-98ab-803d62d0ebe0"
      },
      "RequestBody": null,
      "StatusCode": 200,
      "ResponseHeaders": {
        "Cache-Control": "no-cache",
        "Content-Encoding": "gzip",
        "Content-Type": "application/json",
        "Date": "Mon, 20 Feb 2023 03:17:52 GMT",
        "Expires": "-1",
        "Pragma": "no-cache",
        "Server": "nginx",
        "Strict-Transport-Security": "max-age=31536000; includeSubDomains",
        "Transfer-Encoding": "chunked",
        "Vary": "Accept-Encoding",
        "X-Content-Type-Options": "nosniff",
        "x-ms-correlation-request-id": "4fe9d499-dd0f-4b8b-9a1a-b783e0dce7e1",
        "x-ms-ratelimit-remaining-subscription-reads": "11875",
        "x-ms-request-id": "2d14fe1b-41a0-4182-bb97-8a9e4c5779e0",
        "x-ms-routing-request-id": "SOUTHEASTASIA:20230220T031753Z:4fe9d499-dd0f-4b8b-9a1a-b783e0dce7e1"
      },
      "ResponseBody": {
        "name": "6c43fd22-3980-f642-9569-110e2985ac42",
        "status": "InProgress",
        "startTime": "2023-02-20T03:17:12.4755379Z"
      }
    },
    {
      "RequestUri": "https://management.azure.com/subscriptions/azure_subscription_id/providers/Microsoft.ContainerService/locations/eastus/operations/22fd436c-8039-42f6-9569-110e2985ac42?api-version=2017-08-31",
      "RequestMethod": "GET",
      "RequestHeaders": {
        "Accept": "application/json",
        "Accept-Encoding": "gzip,deflate",
        "Authorization": "Sanitized",
        "Connection": "keep-alive",
        "User-Agent": "azsdk-js-arm-containerservice/17.4.0-beta.2 core-rest-pipeline/1.10.2 Node/v16.17.0 OS/(x64-Windows_NT-10.0.22621)",
        "x-ms-client-request-id": "e07757db-f9dd-4ed0-b9f3-cffa9b5598d0"
      },
      "RequestBody": null,
      "StatusCode": 200,
      "ResponseHeaders": {
        "Cache-Control": "no-cache",
        "Content-Encoding": "gzip",
        "Content-Type": "application/json",
        "Date": "Mon, 20 Feb 2023 03:17:55 GMT",
        "Expires": "-1",
        "Pragma": "no-cache",
        "Server": "nginx",
        "Strict-Transport-Security": "max-age=31536000; includeSubDomains",
        "Transfer-Encoding": "chunked",
        "Vary": "Accept-Encoding",
        "X-Content-Type-Options": "nosniff",
        "x-ms-correlation-request-id": "74b7a325-df40-47da-b35b-ed78d94f4443",
        "x-ms-ratelimit-remaining-subscription-reads": "11874",
        "x-ms-request-id": "ea9fe8cc-60fe-4042-bcdd-b3fd8cae920f",
        "x-ms-routing-request-id": "SOUTHEASTASIA:20230220T031756Z:74b7a325-df40-47da-b35b-ed78d94f4443"
      },
      "ResponseBody": {
        "name": "6c43fd22-3980-f642-9569-110e2985ac42",
        "status": "InProgress",
        "startTime": "2023-02-20T03:17:12.4755379Z"
      }
    },
    {
      "RequestUri": "https://management.azure.com/subscriptions/azure_subscription_id/providers/Microsoft.ContainerService/locations/eastus/operations/22fd436c-8039-42f6-9569-110e2985ac42?api-version=2017-08-31",
      "RequestMethod": "GET",
      "RequestHeaders": {
        "Accept": "application/json",
        "Accept-Encoding": "gzip,deflate",
        "Authorization": "Sanitized",
        "Connection": "keep-alive",
        "User-Agent": "azsdk-js-arm-containerservice/17.4.0-beta.2 core-rest-pipeline/1.10.2 Node/v16.17.0 OS/(x64-Windows_NT-10.0.22621)",
        "x-ms-client-request-id": "f8d3df86-c3cc-4149-9d35-b31ca3aaac70"
      },
      "RequestBody": null,
      "StatusCode": 200,
      "ResponseHeaders": {
        "Cache-Control": "no-cache",
        "Content-Encoding": "gzip",
        "Content-Type": "application/json",
        "Date": "Mon, 20 Feb 2023 03:17:57 GMT",
        "Expires": "-1",
        "Pragma": "no-cache",
        "Server": "nginx",
        "Strict-Transport-Security": "max-age=31536000; includeSubDomains",
        "Transfer-Encoding": "chunked",
        "Vary": "Accept-Encoding",
        "X-Content-Type-Options": "nosniff",
        "x-ms-correlation-request-id": "f853c1d3-23bd-4b23-acef-b32995c199ee",
        "x-ms-ratelimit-remaining-subscription-reads": "11873",
        "x-ms-request-id": "6b9a162b-6b9a-4f28-bf72-731704b8f9ad",
        "x-ms-routing-request-id": "SOUTHEASTASIA:20230220T031758Z:f853c1d3-23bd-4b23-acef-b32995c199ee"
      },
      "ResponseBody": {
        "name": "6c43fd22-3980-f642-9569-110e2985ac42",
        "status": "InProgress",
        "startTime": "2023-02-20T03:17:12.4755379Z"
      }
    },
    {
      "RequestUri": "https://management.azure.com/subscriptions/azure_subscription_id/providers/Microsoft.ContainerService/locations/eastus/operations/22fd436c-8039-42f6-9569-110e2985ac42?api-version=2017-08-31",
      "RequestMethod": "GET",
      "RequestHeaders": {
        "Accept": "application/json",
        "Accept-Encoding": "gzip,deflate",
        "Authorization": "Sanitized",
        "Connection": "keep-alive",
        "User-Agent": "azsdk-js-arm-containerservice/17.4.0-beta.2 core-rest-pipeline/1.10.2 Node/v16.17.0 OS/(x64-Windows_NT-10.0.22621)",
        "x-ms-client-request-id": "5ae460c4-9eb9-402b-a5be-286ad8d4fdd9"
      },
      "RequestBody": null,
      "StatusCode": 200,
      "ResponseHeaders": {
        "Cache-Control": "no-cache",
        "Content-Encoding": "gzip",
        "Content-Type": "application/json",
        "Date": "Mon, 20 Feb 2023 03:17:59 GMT",
        "Expires": "-1",
        "Pragma": "no-cache",
        "Server": "nginx",
        "Strict-Transport-Security": "max-age=31536000; includeSubDomains",
        "Transfer-Encoding": "chunked",
        "Vary": "Accept-Encoding",
        "X-Content-Type-Options": "nosniff",
        "x-ms-correlation-request-id": "7a8f0f4f-b984-4207-b10b-88dcf50ec01b",
        "x-ms-ratelimit-remaining-subscription-reads": "11872",
        "x-ms-request-id": "ca1940f5-26f6-407e-bfa3-f6bfe2866add",
        "x-ms-routing-request-id": "SOUTHEASTASIA:20230220T031800Z:7a8f0f4f-b984-4207-b10b-88dcf50ec01b"
      },
      "ResponseBody": {
        "name": "6c43fd22-3980-f642-9569-110e2985ac42",
        "status": "InProgress",
        "startTime": "2023-02-20T03:17:12.4755379Z"
      }
    },
    {
      "RequestUri": "https://management.azure.com/subscriptions/azure_subscription_id/providers/Microsoft.ContainerService/locations/eastus/operations/22fd436c-8039-42f6-9569-110e2985ac42?api-version=2017-08-31",
      "RequestMethod": "GET",
      "RequestHeaders": {
        "Accept": "application/json",
        "Accept-Encoding": "gzip,deflate",
        "Authorization": "Sanitized",
        "Connection": "keep-alive",
        "User-Agent": "azsdk-js-arm-containerservice/17.4.0-beta.2 core-rest-pipeline/1.10.2 Node/v16.17.0 OS/(x64-Windows_NT-10.0.22621)",
        "x-ms-client-request-id": "a2b2e979-4a57-4d89-a2cf-327b3e450bc1"
      },
      "RequestBody": null,
      "StatusCode": 200,
      "ResponseHeaders": {
        "Cache-Control": "no-cache",
        "Content-Encoding": "gzip",
        "Content-Type": "application/json",
        "Date": "Mon, 20 Feb 2023 03:18:02 GMT",
        "Expires": "-1",
        "Pragma": "no-cache",
        "Server": "nginx",
        "Strict-Transport-Security": "max-age=31536000; includeSubDomains",
        "Transfer-Encoding": "chunked",
        "Vary": "Accept-Encoding",
        "X-Content-Type-Options": "nosniff",
        "x-ms-correlation-request-id": "ebf22459-ad81-4370-ade7-434fa198fae8",
        "x-ms-ratelimit-remaining-subscription-reads": "11871",
        "x-ms-request-id": "a8a9761a-60d9-4489-9c3c-e0c8aa5257fb",
        "x-ms-routing-request-id": "SOUTHEASTASIA:20230220T031803Z:ebf22459-ad81-4370-ade7-434fa198fae8"
      },
      "ResponseBody": {
        "name": "6c43fd22-3980-f642-9569-110e2985ac42",
        "status": "InProgress",
        "startTime": "2023-02-20T03:17:12.4755379Z"
      }
    },
    {
      "RequestUri": "https://management.azure.com/subscriptions/azure_subscription_id/providers/Microsoft.ContainerService/locations/eastus/operations/22fd436c-8039-42f6-9569-110e2985ac42?api-version=2017-08-31",
      "RequestMethod": "GET",
      "RequestHeaders": {
        "Accept": "application/json",
        "Accept-Encoding": "gzip,deflate",
        "Authorization": "Sanitized",
        "Connection": "keep-alive",
        "User-Agent": "azsdk-js-arm-containerservice/17.4.0-beta.2 core-rest-pipeline/1.10.2 Node/v16.17.0 OS/(x64-Windows_NT-10.0.22621)",
        "x-ms-client-request-id": "ae526b6a-b279-46b6-a60f-eea8a708ff0d"
      },
      "RequestBody": null,
      "StatusCode": 200,
      "ResponseHeaders": {
        "Cache-Control": "no-cache",
        "Content-Encoding": "gzip",
        "Content-Type": "application/json",
        "Date": "Mon, 20 Feb 2023 03:18:05 GMT",
        "Expires": "-1",
        "Pragma": "no-cache",
        "Server": "nginx",
        "Strict-Transport-Security": "max-age=31536000; includeSubDomains",
        "Transfer-Encoding": "chunked",
        "Vary": "Accept-Encoding",
        "X-Content-Type-Options": "nosniff",
        "x-ms-correlation-request-id": "b257e0bd-3dc2-42be-8e4d-6e1a28a75e4f",
        "x-ms-ratelimit-remaining-subscription-reads": "11870",
        "x-ms-request-id": "c9c27bdc-d84a-4f5f-8f97-348e7f14f8d1",
        "x-ms-routing-request-id": "SOUTHEASTASIA:20230220T031805Z:b257e0bd-3dc2-42be-8e4d-6e1a28a75e4f"
      },
      "ResponseBody": {
        "name": "6c43fd22-3980-f642-9569-110e2985ac42",
        "status": "InProgress",
        "startTime": "2023-02-20T03:17:12.4755379Z"
      }
    },
    {
      "RequestUri": "https://management.azure.com/subscriptions/azure_subscription_id/providers/Microsoft.ContainerService/locations/eastus/operations/22fd436c-8039-42f6-9569-110e2985ac42?api-version=2017-08-31",
      "RequestMethod": "GET",
      "RequestHeaders": {
        "Accept": "application/json",
        "Accept-Encoding": "gzip,deflate",
        "Authorization": "Sanitized",
        "Connection": "keep-alive",
        "User-Agent": "azsdk-js-arm-containerservice/17.4.0-beta.2 core-rest-pipeline/1.10.2 Node/v16.17.0 OS/(x64-Windows_NT-10.0.22621)",
        "x-ms-client-request-id": "ce1a0693-d352-4e47-a04a-70c8a11ddc67"
      },
      "RequestBody": null,
      "StatusCode": 200,
      "ResponseHeaders": {
        "Cache-Control": "no-cache",
        "Content-Encoding": "gzip",
        "Content-Type": "application/json",
        "Date": "Mon, 20 Feb 2023 03:18:08 GMT",
        "Expires": "-1",
        "Pragma": "no-cache",
        "Server": "nginx",
        "Strict-Transport-Security": "max-age=31536000; includeSubDomains",
        "Transfer-Encoding": "chunked",
        "Vary": "Accept-Encoding",
        "X-Content-Type-Options": "nosniff",
        "x-ms-correlation-request-id": "c92c597c-4738-44e2-b476-63767af2cce2",
        "x-ms-ratelimit-remaining-subscription-reads": "11869",
        "x-ms-request-id": "de5415bc-0acb-4eb9-a2e4-36a9ff660676",
        "x-ms-routing-request-id": "SOUTHEASTASIA:20230220T031808Z:c92c597c-4738-44e2-b476-63767af2cce2"
      },
      "ResponseBody": {
        "name": "6c43fd22-3980-f642-9569-110e2985ac42",
        "status": "InProgress",
        "startTime": "2023-02-20T03:17:12.4755379Z"
      }
    },
    {
      "RequestUri": "https://management.azure.com/subscriptions/azure_subscription_id/providers/Microsoft.ContainerService/locations/eastus/operations/22fd436c-8039-42f6-9569-110e2985ac42?api-version=2017-08-31",
      "RequestMethod": "GET",
      "RequestHeaders": {
        "Accept": "application/json",
        "Accept-Encoding": "gzip,deflate",
        "Authorization": "Sanitized",
        "Connection": "keep-alive",
        "User-Agent": "azsdk-js-arm-containerservice/17.4.0-beta.2 core-rest-pipeline/1.10.2 Node/v16.17.0 OS/(x64-Windows_NT-10.0.22621)",
        "x-ms-client-request-id": "27a5f43c-f9a3-4ccf-9a67-d80e3fd6e0be"
      },
      "RequestBody": null,
      "StatusCode": 200,
      "ResponseHeaders": {
        "Cache-Control": "no-cache",
        "Content-Encoding": "gzip",
        "Content-Type": "application/json",
        "Date": "Mon, 20 Feb 2023 03:18:10 GMT",
        "Expires": "-1",
        "Pragma": "no-cache",
        "Server": "nginx",
        "Strict-Transport-Security": "max-age=31536000; includeSubDomains",
        "Transfer-Encoding": "chunked",
        "Vary": "Accept-Encoding",
        "X-Content-Type-Options": "nosniff",
        "x-ms-correlation-request-id": "afb5a05b-d79b-4c7f-8e3b-e53de4fdca32",
        "x-ms-ratelimit-remaining-subscription-reads": "11868",
        "x-ms-request-id": "0fb10b01-3ce8-44ae-a3c1-e0869f870d0d",
        "x-ms-routing-request-id": "SOUTHEASTASIA:20230220T031810Z:afb5a05b-d79b-4c7f-8e3b-e53de4fdca32"
      },
      "ResponseBody": {
        "name": "6c43fd22-3980-f642-9569-110e2985ac42",
        "status": "InProgress",
        "startTime": "2023-02-20T03:17:12.4755379Z"
      }
    },
    {
      "RequestUri": "https://management.azure.com/subscriptions/azure_subscription_id/providers/Microsoft.ContainerService/locations/eastus/operations/22fd436c-8039-42f6-9569-110e2985ac42?api-version=2017-08-31",
      "RequestMethod": "GET",
      "RequestHeaders": {
        "Accept": "application/json",
        "Accept-Encoding": "gzip,deflate",
        "Authorization": "Sanitized",
        "Connection": "keep-alive",
        "User-Agent": "azsdk-js-arm-containerservice/17.4.0-beta.2 core-rest-pipeline/1.10.2 Node/v16.17.0 OS/(x64-Windows_NT-10.0.22621)",
        "x-ms-client-request-id": "a2c7c44b-5f64-4420-bbfc-2f68aaee246d"
      },
      "RequestBody": null,
      "StatusCode": 200,
      "ResponseHeaders": {
        "Cache-Control": "no-cache",
        "Content-Encoding": "gzip",
        "Content-Type": "application/json",
        "Date": "Mon, 20 Feb 2023 03:18:12 GMT",
        "Expires": "-1",
        "Pragma": "no-cache",
        "Server": "nginx",
        "Strict-Transport-Security": "max-age=31536000; includeSubDomains",
        "Transfer-Encoding": "chunked",
        "Vary": "Accept-Encoding",
        "X-Content-Type-Options": "nosniff",
        "x-ms-correlation-request-id": "7aa10c46-df6a-453b-a012-548ed5878dd4",
        "x-ms-ratelimit-remaining-subscription-reads": "11867",
        "x-ms-request-id": "b73d1712-2e90-4c25-a947-80352f7995c7",
        "x-ms-routing-request-id": "SOUTHEASTASIA:20230220T031813Z:7aa10c46-df6a-453b-a012-548ed5878dd4"
      },
      "ResponseBody": {
        "name": "6c43fd22-3980-f642-9569-110e2985ac42",
        "status": "InProgress",
        "startTime": "2023-02-20T03:17:12.4755379Z"
      }
    },
    {
      "RequestUri": "https://management.azure.com/subscriptions/azure_subscription_id/providers/Microsoft.ContainerService/locations/eastus/operations/22fd436c-8039-42f6-9569-110e2985ac42?api-version=2017-08-31",
      "RequestMethod": "GET",
      "RequestHeaders": {
        "Accept": "application/json",
        "Accept-Encoding": "gzip,deflate",
        "Authorization": "Sanitized",
        "Connection": "keep-alive",
        "User-Agent": "azsdk-js-arm-containerservice/17.4.0-beta.2 core-rest-pipeline/1.10.2 Node/v16.17.0 OS/(x64-Windows_NT-10.0.22621)",
        "x-ms-client-request-id": "790539a2-be2a-46a4-aa8f-7f0c107d3e78"
      },
      "RequestBody": null,
      "StatusCode": 200,
      "ResponseHeaders": {
        "Cache-Control": "no-cache",
        "Content-Encoding": "gzip",
        "Content-Type": "application/json",
        "Date": "Mon, 20 Feb 2023 03:18:15 GMT",
        "Expires": "-1",
        "Pragma": "no-cache",
        "Server": "nginx",
        "Strict-Transport-Security": "max-age=31536000; includeSubDomains",
        "Transfer-Encoding": "chunked",
        "Vary": "Accept-Encoding",
        "X-Content-Type-Options": "nosniff",
        "x-ms-correlation-request-id": "be4d21a9-35a8-49e0-adad-275e315fe519",
        "x-ms-ratelimit-remaining-subscription-reads": "11866",
        "x-ms-request-id": "528ddab1-4038-4a5f-af5a-91b53e07e077",
        "x-ms-routing-request-id": "SOUTHEASTASIA:20230220T031816Z:be4d21a9-35a8-49e0-adad-275e315fe519"
      },
      "ResponseBody": {
        "name": "6c43fd22-3980-f642-9569-110e2985ac42",
        "status": "InProgress",
        "startTime": "2023-02-20T03:17:12.4755379Z"
      }
    },
    {
      "RequestUri": "https://management.azure.com/subscriptions/azure_subscription_id/providers/Microsoft.ContainerService/locations/eastus/operations/22fd436c-8039-42f6-9569-110e2985ac42?api-version=2017-08-31",
      "RequestMethod": "GET",
      "RequestHeaders": {
        "Accept": "application/json",
        "Accept-Encoding": "gzip,deflate",
        "Authorization": "Sanitized",
        "Connection": "keep-alive",
        "User-Agent": "azsdk-js-arm-containerservice/17.4.0-beta.2 core-rest-pipeline/1.10.2 Node/v16.17.0 OS/(x64-Windows_NT-10.0.22621)",
        "x-ms-client-request-id": "36aa0c53-8240-4155-a73f-4fcd28c0244f"
      },
      "RequestBody": null,
      "StatusCode": 200,
      "ResponseHeaders": {
        "Cache-Control": "no-cache",
        "Content-Encoding": "gzip",
        "Content-Type": "application/json",
        "Date": "Mon, 20 Feb 2023 03:18:18 GMT",
        "Expires": "-1",
        "Pragma": "no-cache",
        "Server": "nginx",
        "Strict-Transport-Security": "max-age=31536000; includeSubDomains",
        "Transfer-Encoding": "chunked",
        "Vary": "Accept-Encoding",
        "X-Content-Type-Options": "nosniff",
        "x-ms-correlation-request-id": "e437f674-ea9d-4dff-8810-608628cbbbde",
        "x-ms-ratelimit-remaining-subscription-reads": "11865",
        "x-ms-request-id": "ce473ab5-42b5-4442-8560-8bd1d61ace3f",
        "x-ms-routing-request-id": "SOUTHEASTASIA:20230220T031818Z:e437f674-ea9d-4dff-8810-608628cbbbde"
      },
      "ResponseBody": {
        "name": "6c43fd22-3980-f642-9569-110e2985ac42",
        "status": "InProgress",
        "startTime": "2023-02-20T03:17:12.4755379Z"
      }
    },
    {
      "RequestUri": "https://management.azure.com/subscriptions/azure_subscription_id/providers/Microsoft.ContainerService/locations/eastus/operations/22fd436c-8039-42f6-9569-110e2985ac42?api-version=2017-08-31",
      "RequestMethod": "GET",
      "RequestHeaders": {
        "Accept": "application/json",
        "Accept-Encoding": "gzip,deflate",
        "Authorization": "Sanitized",
        "Connection": "keep-alive",
        "User-Agent": "azsdk-js-arm-containerservice/17.4.0-beta.2 core-rest-pipeline/1.10.2 Node/v16.17.0 OS/(x64-Windows_NT-10.0.22621)",
        "x-ms-client-request-id": "afe7f905-3097-417a-bb3c-b9e38e308d96"
      },
      "RequestBody": null,
      "StatusCode": 200,
      "ResponseHeaders": {
        "Cache-Control": "no-cache",
        "Content-Encoding": "gzip",
        "Content-Type": "application/json",
        "Date": "Mon, 20 Feb 2023 03:18:20 GMT",
        "Expires": "-1",
        "Pragma": "no-cache",
        "Server": "nginx",
        "Strict-Transport-Security": "max-age=31536000; includeSubDomains",
        "Transfer-Encoding": "chunked",
        "Vary": "Accept-Encoding",
        "X-Content-Type-Options": "nosniff",
        "x-ms-correlation-request-id": "2e6ade26-684c-4f7e-a8cf-8277bcccbaf9",
        "x-ms-ratelimit-remaining-subscription-reads": "11864",
        "x-ms-request-id": "067594c1-e869-4399-8401-821ae3ee7656",
        "x-ms-routing-request-id": "SOUTHEASTASIA:20230220T031820Z:2e6ade26-684c-4f7e-a8cf-8277bcccbaf9"
      },
      "ResponseBody": {
        "name": "6c43fd22-3980-f642-9569-110e2985ac42",
        "status": "InProgress",
        "startTime": "2023-02-20T03:17:12.4755379Z"
      }
    },
    {
      "RequestUri": "https://management.azure.com/subscriptions/azure_subscription_id/providers/Microsoft.ContainerService/locations/eastus/operations/22fd436c-8039-42f6-9569-110e2985ac42?api-version=2017-08-31",
      "RequestMethod": "GET",
      "RequestHeaders": {
        "Accept": "application/json",
        "Accept-Encoding": "gzip,deflate",
        "Authorization": "Sanitized",
        "Connection": "keep-alive",
        "User-Agent": "azsdk-js-arm-containerservice/17.4.0-beta.2 core-rest-pipeline/1.10.2 Node/v16.17.0 OS/(x64-Windows_NT-10.0.22621)",
        "x-ms-client-request-id": "94586b56-c381-4f32-9cda-209abf560b6f"
      },
      "RequestBody": null,
      "StatusCode": 200,
      "ResponseHeaders": {
        "Cache-Control": "no-cache",
        "Content-Encoding": "gzip",
        "Content-Type": "application/json",
        "Date": "Mon, 20 Feb 2023 03:18:23 GMT",
        "Expires": "-1",
        "Pragma": "no-cache",
        "Server": "nginx",
        "Strict-Transport-Security": "max-age=31536000; includeSubDomains",
        "Transfer-Encoding": "chunked",
        "Vary": "Accept-Encoding",
        "X-Content-Type-Options": "nosniff",
        "x-ms-correlation-request-id": "b0dcd355-18ad-43f3-8cb1-363e02da5a97",
        "x-ms-ratelimit-remaining-subscription-reads": "11863",
        "x-ms-request-id": "dafa5a75-a869-455b-8821-13d2e708d3b4",
        "x-ms-routing-request-id": "SOUTHEASTASIA:20230220T031823Z:b0dcd355-18ad-43f3-8cb1-363e02da5a97"
      },
      "ResponseBody": {
        "name": "6c43fd22-3980-f642-9569-110e2985ac42",
        "status": "InProgress",
        "startTime": "2023-02-20T03:17:12.4755379Z"
      }
    },
    {
      "RequestUri": "https://management.azure.com/subscriptions/azure_subscription_id/providers/Microsoft.ContainerService/locations/eastus/operations/22fd436c-8039-42f6-9569-110e2985ac42?api-version=2017-08-31",
      "RequestMethod": "GET",
      "RequestHeaders": {
        "Accept": "application/json",
        "Accept-Encoding": "gzip,deflate",
        "Authorization": "Sanitized",
        "Connection": "keep-alive",
        "User-Agent": "azsdk-js-arm-containerservice/17.4.0-beta.2 core-rest-pipeline/1.10.2 Node/v16.17.0 OS/(x64-Windows_NT-10.0.22621)",
        "x-ms-client-request-id": "660b5343-c33d-440d-8a5e-3cc0d538fd45"
      },
      "RequestBody": null,
      "StatusCode": 200,
      "ResponseHeaders": {
        "Cache-Control": "no-cache",
        "Content-Encoding": "gzip",
        "Content-Type": "application/json",
        "Date": "Mon, 20 Feb 2023 03:18:25 GMT",
        "Expires": "-1",
        "Pragma": "no-cache",
        "Server": "nginx",
        "Strict-Transport-Security": "max-age=31536000; includeSubDomains",
        "Transfer-Encoding": "chunked",
        "Vary": "Accept-Encoding",
        "X-Content-Type-Options": "nosniff",
        "x-ms-correlation-request-id": "08c62ff2-813e-401c-80c1-eabf7f385a14",
        "x-ms-ratelimit-remaining-subscription-reads": "11862",
        "x-ms-request-id": "872034f2-0a42-411d-846a-4cdd6c85158d",
        "x-ms-routing-request-id": "SOUTHEASTASIA:20230220T031825Z:08c62ff2-813e-401c-80c1-eabf7f385a14"
      },
      "ResponseBody": {
        "name": "6c43fd22-3980-f642-9569-110e2985ac42",
        "status": "InProgress",
        "startTime": "2023-02-20T03:17:12.4755379Z"
      }
    },
    {
      "RequestUri": "https://management.azure.com/subscriptions/azure_subscription_id/providers/Microsoft.ContainerService/locations/eastus/operations/22fd436c-8039-42f6-9569-110e2985ac42?api-version=2017-08-31",
      "RequestMethod": "GET",
      "RequestHeaders": {
        "Accept": "application/json",
        "Accept-Encoding": "gzip,deflate",
        "Authorization": "Sanitized",
        "Connection": "keep-alive",
        "User-Agent": "azsdk-js-arm-containerservice/17.4.0-beta.2 core-rest-pipeline/1.10.2 Node/v16.17.0 OS/(x64-Windows_NT-10.0.22621)",
        "x-ms-client-request-id": "4dd605ed-99ed-49b6-840b-19e40f118ff6"
      },
      "RequestBody": null,
      "StatusCode": 200,
      "ResponseHeaders": {
        "Cache-Control": "no-cache",
        "Content-Encoding": "gzip",
        "Content-Type": "application/json",
        "Date": "Mon, 20 Feb 2023 03:18:27 GMT",
        "Expires": "-1",
        "Pragma": "no-cache",
        "Server": "nginx",
        "Strict-Transport-Security": "max-age=31536000; includeSubDomains",
        "Transfer-Encoding": "chunked",
        "Vary": "Accept-Encoding",
        "X-Content-Type-Options": "nosniff",
        "x-ms-correlation-request-id": "366eec00-2d4d-43d0-b689-c676865e78c8",
        "x-ms-ratelimit-remaining-subscription-reads": "11861",
        "x-ms-request-id": "708fac7f-b6e4-4271-ab27-7f62b7e3bef8",
        "x-ms-routing-request-id": "SOUTHEASTASIA:20230220T031827Z:366eec00-2d4d-43d0-b689-c676865e78c8"
      },
      "ResponseBody": {
        "name": "6c43fd22-3980-f642-9569-110e2985ac42",
        "status": "InProgress",
        "startTime": "2023-02-20T03:17:12.4755379Z"
      }
    },
    {
      "RequestUri": "https://management.azure.com/subscriptions/azure_subscription_id/providers/Microsoft.ContainerService/locations/eastus/operations/22fd436c-8039-42f6-9569-110e2985ac42?api-version=2017-08-31",
      "RequestMethod": "GET",
      "RequestHeaders": {
        "Accept": "application/json",
        "Accept-Encoding": "gzip,deflate",
        "Authorization": "Sanitized",
        "Connection": "keep-alive",
        "User-Agent": "azsdk-js-arm-containerservice/17.4.0-beta.2 core-rest-pipeline/1.10.2 Node/v16.17.0 OS/(x64-Windows_NT-10.0.22621)",
        "x-ms-client-request-id": "33b46749-0d21-41f0-b5b1-8d48b4a6fd9e"
      },
      "RequestBody": null,
      "StatusCode": 200,
      "ResponseHeaders": {
        "Cache-Control": "no-cache",
        "Content-Encoding": "gzip",
        "Content-Type": "application/json",
        "Date": "Mon, 20 Feb 2023 03:18:30 GMT",
        "Expires": "-1",
        "Pragma": "no-cache",
        "Server": "nginx",
        "Strict-Transport-Security": "max-age=31536000; includeSubDomains",
        "Transfer-Encoding": "chunked",
        "Vary": "Accept-Encoding",
        "X-Content-Type-Options": "nosniff",
        "x-ms-correlation-request-id": "7be58242-5b7f-4400-8623-fd4a0800e1d2",
        "x-ms-ratelimit-remaining-subscription-reads": "11860",
        "x-ms-request-id": "d9d7c5d3-dbf5-46bc-af3e-7e3048e34226",
        "x-ms-routing-request-id": "SOUTHEASTASIA:20230220T031830Z:7be58242-5b7f-4400-8623-fd4a0800e1d2"
      },
      "ResponseBody": {
        "name": "6c43fd22-3980-f642-9569-110e2985ac42",
        "status": "InProgress",
        "startTime": "2023-02-20T03:17:12.4755379Z"
      }
    },
    {
      "RequestUri": "https://management.azure.com/subscriptions/azure_subscription_id/providers/Microsoft.ContainerService/locations/eastus/operations/22fd436c-8039-42f6-9569-110e2985ac42?api-version=2017-08-31",
      "RequestMethod": "GET",
      "RequestHeaders": {
        "Accept": "application/json",
        "Accept-Encoding": "gzip,deflate",
        "Authorization": "Sanitized",
        "Connection": "keep-alive",
        "User-Agent": "azsdk-js-arm-containerservice/17.4.0-beta.2 core-rest-pipeline/1.10.2 Node/v16.17.0 OS/(x64-Windows_NT-10.0.22621)",
        "x-ms-client-request-id": "8b3b2dee-bd41-44a9-aa1b-ecd46b65dd60"
      },
      "RequestBody": null,
      "StatusCode": 200,
      "ResponseHeaders": {
        "Cache-Control": "no-cache",
        "Content-Encoding": "gzip",
        "Content-Type": "application/json",
        "Date": "Mon, 20 Feb 2023 03:18:32 GMT",
        "Expires": "-1",
        "Pragma": "no-cache",
        "Server": "nginx",
        "Strict-Transport-Security": "max-age=31536000; includeSubDomains",
        "Transfer-Encoding": "chunked",
        "Vary": "Accept-Encoding",
        "X-Content-Type-Options": "nosniff",
        "x-ms-correlation-request-id": "cd34b4b4-74b7-408f-922c-6716143113ab",
        "x-ms-ratelimit-remaining-subscription-reads": "11859",
        "x-ms-request-id": "c8cd30f8-9f8f-4222-8f3d-625ef4a106fc",
        "x-ms-routing-request-id": "SOUTHEASTASIA:20230220T031832Z:cd34b4b4-74b7-408f-922c-6716143113ab"
      },
      "ResponseBody": {
        "name": "6c43fd22-3980-f642-9569-110e2985ac42",
        "status": "InProgress",
        "startTime": "2023-02-20T03:17:12.4755379Z"
      }
    },
    {
      "RequestUri": "https://management.azure.com/subscriptions/azure_subscription_id/providers/Microsoft.ContainerService/locations/eastus/operations/22fd436c-8039-42f6-9569-110e2985ac42?api-version=2017-08-31",
      "RequestMethod": "GET",
      "RequestHeaders": {
        "Accept": "application/json",
        "Accept-Encoding": "gzip,deflate",
        "Authorization": "Sanitized",
        "Connection": "keep-alive",
        "User-Agent": "azsdk-js-arm-containerservice/17.4.0-beta.2 core-rest-pipeline/1.10.2 Node/v16.17.0 OS/(x64-Windows_NT-10.0.22621)",
        "x-ms-client-request-id": "a35a0c3f-2236-4a29-8642-438d6cc112be"
      },
      "RequestBody": null,
      "StatusCode": 200,
      "ResponseHeaders": {
        "Cache-Control": "no-cache",
        "Content-Encoding": "gzip",
        "Content-Type": "application/json",
        "Date": "Mon, 20 Feb 2023 03:18:34 GMT",
        "Expires": "-1",
        "Pragma": "no-cache",
        "Server": "nginx",
        "Strict-Transport-Security": "max-age=31536000; includeSubDomains",
        "Transfer-Encoding": "chunked",
        "Vary": "Accept-Encoding",
        "X-Content-Type-Options": "nosniff",
        "x-ms-correlation-request-id": "1502fdb5-6ceb-4da8-943c-0cb04c0ab493",
        "x-ms-ratelimit-remaining-subscription-reads": "11858",
        "x-ms-request-id": "be27ae4a-cca4-47d0-b27f-4b56aa8e2ef3",
        "x-ms-routing-request-id": "SOUTHEASTASIA:20230220T031835Z:1502fdb5-6ceb-4da8-943c-0cb04c0ab493"
      },
      "ResponseBody": {
        "name": "6c43fd22-3980-f642-9569-110e2985ac42",
        "status": "InProgress",
        "startTime": "2023-02-20T03:17:12.4755379Z"
      }
    },
    {
      "RequestUri": "https://management.azure.com/subscriptions/azure_subscription_id/providers/Microsoft.ContainerService/locations/eastus/operations/22fd436c-8039-42f6-9569-110e2985ac42?api-version=2017-08-31",
      "RequestMethod": "GET",
      "RequestHeaders": {
        "Accept": "application/json",
        "Accept-Encoding": "gzip,deflate",
        "Authorization": "Sanitized",
        "Connection": "keep-alive",
        "User-Agent": "azsdk-js-arm-containerservice/17.4.0-beta.2 core-rest-pipeline/1.10.2 Node/v16.17.0 OS/(x64-Windows_NT-10.0.22621)",
        "x-ms-client-request-id": "6689fa6b-e2e7-46af-a4ab-9bbc982e19a1"
      },
      "RequestBody": null,
      "StatusCode": 200,
      "ResponseHeaders": {
        "Cache-Control": "no-cache",
        "Content-Encoding": "gzip",
        "Content-Type": "application/json",
        "Date": "Mon, 20 Feb 2023 03:18:37 GMT",
        "Expires": "-1",
        "Pragma": "no-cache",
        "Server": "nginx",
        "Strict-Transport-Security": "max-age=31536000; includeSubDomains",
        "Transfer-Encoding": "chunked",
        "Vary": "Accept-Encoding",
        "X-Content-Type-Options": "nosniff",
        "x-ms-correlation-request-id": "ab24afc2-0b8d-40b9-9eb0-646f055280b0",
        "x-ms-ratelimit-remaining-subscription-reads": "11857",
        "x-ms-request-id": "1c90c881-bd7c-4df0-b1f9-7174825d7639",
        "x-ms-routing-request-id": "SOUTHEASTASIA:20230220T031837Z:ab24afc2-0b8d-40b9-9eb0-646f055280b0"
      },
      "ResponseBody": {
        "name": "6c43fd22-3980-f642-9569-110e2985ac42",
        "status": "InProgress",
        "startTime": "2023-02-20T03:17:12.4755379Z"
      }
    },
    {
      "RequestUri": "https://management.azure.com/subscriptions/azure_subscription_id/providers/Microsoft.ContainerService/locations/eastus/operations/22fd436c-8039-42f6-9569-110e2985ac42?api-version=2017-08-31",
      "RequestMethod": "GET",
      "RequestHeaders": {
        "Accept": "application/json",
        "Accept-Encoding": "gzip,deflate",
        "Authorization": "Sanitized",
        "Connection": "keep-alive",
        "User-Agent": "azsdk-js-arm-containerservice/17.4.0-beta.2 core-rest-pipeline/1.10.2 Node/v16.17.0 OS/(x64-Windows_NT-10.0.22621)",
        "x-ms-client-request-id": "97e12182-b38d-41b8-9295-7d9cbd23ced5"
      },
      "RequestBody": null,
      "StatusCode": 200,
      "ResponseHeaders": {
        "Cache-Control": "no-cache",
        "Content-Encoding": "gzip",
        "Content-Type": "application/json",
        "Date": "Mon, 20 Feb 2023 03:18:39 GMT",
        "Expires": "-1",
        "Pragma": "no-cache",
        "Server": "nginx",
        "Strict-Transport-Security": "max-age=31536000; includeSubDomains",
        "Transfer-Encoding": "chunked",
        "Vary": "Accept-Encoding",
        "X-Content-Type-Options": "nosniff",
        "x-ms-correlation-request-id": "76bb41d0-0c41-4f28-9633-1168bf3cf3c3",
        "x-ms-ratelimit-remaining-subscription-reads": "11856",
        "x-ms-request-id": "25fc9dd0-ea57-4a6f-b01d-4281860b20d4",
        "x-ms-routing-request-id": "SOUTHEASTASIA:20230220T031839Z:76bb41d0-0c41-4f28-9633-1168bf3cf3c3"
      },
      "ResponseBody": {
        "name": "6c43fd22-3980-f642-9569-110e2985ac42",
        "status": "InProgress",
        "startTime": "2023-02-20T03:17:12.4755379Z"
      }
    },
    {
      "RequestUri": "https://management.azure.com/subscriptions/azure_subscription_id/providers/Microsoft.ContainerService/locations/eastus/operations/22fd436c-8039-42f6-9569-110e2985ac42?api-version=2017-08-31",
      "RequestMethod": "GET",
      "RequestHeaders": {
        "Accept": "application/json",
        "Accept-Encoding": "gzip,deflate",
        "Authorization": "Sanitized",
        "Connection": "keep-alive",
        "User-Agent": "azsdk-js-arm-containerservice/17.4.0-beta.2 core-rest-pipeline/1.10.2 Node/v16.17.0 OS/(x64-Windows_NT-10.0.22621)",
        "x-ms-client-request-id": "8a10b27e-b372-4eef-a55d-9754f0747caa"
      },
      "RequestBody": null,
      "StatusCode": 200,
      "ResponseHeaders": {
        "Cache-Control": "no-cache",
        "Content-Encoding": "gzip",
        "Content-Type": "application/json",
        "Date": "Mon, 20 Feb 2023 03:18:41 GMT",
        "Expires": "-1",
        "Pragma": "no-cache",
        "Server": "nginx",
        "Strict-Transport-Security": "max-age=31536000; includeSubDomains",
        "Transfer-Encoding": "chunked",
        "Vary": "Accept-Encoding",
        "X-Content-Type-Options": "nosniff",
        "x-ms-correlation-request-id": "f64ce186-ab45-4139-98c2-20a33acfce0c",
        "x-ms-ratelimit-remaining-subscription-reads": "11855",
        "x-ms-request-id": "9d46ad52-c34c-4d6c-ae38-f3a06202fb83",
        "x-ms-routing-request-id": "SOUTHEASTASIA:20230220T031842Z:f64ce186-ab45-4139-98c2-20a33acfce0c"
      },
      "ResponseBody": {
        "name": "6c43fd22-3980-f642-9569-110e2985ac42",
        "status": "InProgress",
        "startTime": "2023-02-20T03:17:12.4755379Z"
      }
    },
    {
      "RequestUri": "https://management.azure.com/subscriptions/azure_subscription_id/providers/Microsoft.ContainerService/locations/eastus/operations/22fd436c-8039-42f6-9569-110e2985ac42?api-version=2017-08-31",
      "RequestMethod": "GET",
      "RequestHeaders": {
        "Accept": "application/json",
        "Accept-Encoding": "gzip,deflate",
        "Authorization": "Sanitized",
        "Connection": "keep-alive",
        "User-Agent": "azsdk-js-arm-containerservice/17.4.0-beta.2 core-rest-pipeline/1.10.2 Node/v16.17.0 OS/(x64-Windows_NT-10.0.22621)",
        "x-ms-client-request-id": "e216f231-ea55-4951-b920-e8d1867e4ff2"
      },
      "RequestBody": null,
      "StatusCode": 200,
      "ResponseHeaders": {
        "Cache-Control": "no-cache",
        "Content-Encoding": "gzip",
        "Content-Type": "application/json",
        "Date": "Mon, 20 Feb 2023 03:18:44 GMT",
        "Expires": "-1",
        "Pragma": "no-cache",
        "Server": "nginx",
        "Strict-Transport-Security": "max-age=31536000; includeSubDomains",
        "Transfer-Encoding": "chunked",
        "Vary": "Accept-Encoding",
        "X-Content-Type-Options": "nosniff",
        "x-ms-correlation-request-id": "e720e313-7b8e-4d01-95c5-230cd07daeca",
        "x-ms-ratelimit-remaining-subscription-reads": "11854",
        "x-ms-request-id": "d8e98774-d82a-46a8-b02c-bad82ffbfe24",
        "x-ms-routing-request-id": "SOUTHEASTASIA:20230220T031844Z:e720e313-7b8e-4d01-95c5-230cd07daeca"
      },
      "ResponseBody": {
        "name": "6c43fd22-3980-f642-9569-110e2985ac42",
        "status": "InProgress",
        "startTime": "2023-02-20T03:17:12.4755379Z"
      }
    },
    {
      "RequestUri": "https://management.azure.com/subscriptions/azure_subscription_id/providers/Microsoft.ContainerService/locations/eastus/operations/22fd436c-8039-42f6-9569-110e2985ac42?api-version=2017-08-31",
      "RequestMethod": "GET",
      "RequestHeaders": {
        "Accept": "application/json",
        "Accept-Encoding": "gzip,deflate",
        "Authorization": "Sanitized",
        "Connection": "keep-alive",
        "User-Agent": "azsdk-js-arm-containerservice/17.4.0-beta.2 core-rest-pipeline/1.10.2 Node/v16.17.0 OS/(x64-Windows_NT-10.0.22621)",
        "x-ms-client-request-id": "47a217f8-9239-42b7-8ab6-d35fcf82f940"
      },
      "RequestBody": null,
      "StatusCode": 200,
      "ResponseHeaders": {
        "Cache-Control": "no-cache",
        "Content-Encoding": "gzip",
        "Content-Type": "application/json",
        "Date": "Mon, 20 Feb 2023 03:18:46 GMT",
        "Expires": "-1",
        "Pragma": "no-cache",
        "Server": "nginx",
        "Strict-Transport-Security": "max-age=31536000; includeSubDomains",
        "Transfer-Encoding": "chunked",
        "Vary": "Accept-Encoding",
        "X-Content-Type-Options": "nosniff",
        "x-ms-correlation-request-id": "0422f690-ae46-4cd4-bda8-426563bd075b",
        "x-ms-ratelimit-remaining-subscription-reads": "11853",
        "x-ms-request-id": "72e103ca-5776-4fdc-9858-7d623ff74d84",
        "x-ms-routing-request-id": "SOUTHEASTASIA:20230220T031846Z:0422f690-ae46-4cd4-bda8-426563bd075b"
      },
      "ResponseBody": {
        "name": "6c43fd22-3980-f642-9569-110e2985ac42",
        "status": "InProgress",
        "startTime": "2023-02-20T03:17:12.4755379Z"
      }
    },
    {
      "RequestUri": "https://management.azure.com/subscriptions/azure_subscription_id/providers/Microsoft.ContainerService/locations/eastus/operations/22fd436c-8039-42f6-9569-110e2985ac42?api-version=2017-08-31",
      "RequestMethod": "GET",
      "RequestHeaders": {
        "Accept": "application/json",
        "Accept-Encoding": "gzip,deflate",
        "Authorization": "Sanitized",
        "Connection": "keep-alive",
        "User-Agent": "azsdk-js-arm-containerservice/17.4.0-beta.2 core-rest-pipeline/1.10.2 Node/v16.17.0 OS/(x64-Windows_NT-10.0.22621)",
        "x-ms-client-request-id": "87a10711-cd8c-4b7a-8f0e-212ac493cd55"
      },
      "RequestBody": null,
      "StatusCode": 200,
      "ResponseHeaders": {
        "Cache-Control": "no-cache",
        "Content-Encoding": "gzip",
        "Content-Type": "application/json",
        "Date": "Mon, 20 Feb 2023 03:18:48 GMT",
        "Expires": "-1",
        "Pragma": "no-cache",
        "Server": "nginx",
        "Strict-Transport-Security": "max-age=31536000; includeSubDomains",
        "Transfer-Encoding": "chunked",
        "Vary": "Accept-Encoding",
        "X-Content-Type-Options": "nosniff",
        "x-ms-correlation-request-id": "236cc040-54d2-4ed4-9f71-5b69a3de6903",
        "x-ms-ratelimit-remaining-subscription-reads": "11852",
        "x-ms-request-id": "8f764350-8447-455a-b5de-53d5e6c7f382",
        "x-ms-routing-request-id": "SOUTHEASTASIA:20230220T031849Z:236cc040-54d2-4ed4-9f71-5b69a3de6903"
      },
      "ResponseBody": {
        "name": "6c43fd22-3980-f642-9569-110e2985ac42",
        "status": "InProgress",
        "startTime": "2023-02-20T03:17:12.4755379Z"
      }
    },
    {
      "RequestUri": "https://management.azure.com/subscriptions/azure_subscription_id/providers/Microsoft.ContainerService/locations/eastus/operations/22fd436c-8039-42f6-9569-110e2985ac42?api-version=2017-08-31",
      "RequestMethod": "GET",
      "RequestHeaders": {
        "Accept": "application/json",
        "Accept-Encoding": "gzip,deflate",
        "Authorization": "Sanitized",
        "Connection": "keep-alive",
        "User-Agent": "azsdk-js-arm-containerservice/17.4.0-beta.2 core-rest-pipeline/1.10.2 Node/v16.17.0 OS/(x64-Windows_NT-10.0.22621)",
        "x-ms-client-request-id": "1f026b7b-65cc-4363-8206-e8cb310c2717"
      },
      "RequestBody": null,
      "StatusCode": 200,
      "ResponseHeaders": {
        "Cache-Control": "no-cache",
        "Content-Encoding": "gzip",
        "Content-Type": "application/json",
        "Date": "Mon, 20 Feb 2023 03:18:51 GMT",
        "Expires": "-1",
        "Pragma": "no-cache",
        "Server": "nginx",
        "Strict-Transport-Security": "max-age=31536000; includeSubDomains",
        "Transfer-Encoding": "chunked",
        "Vary": "Accept-Encoding",
        "X-Content-Type-Options": "nosniff",
        "x-ms-correlation-request-id": "fdda9c9e-9e8c-48e3-9e6c-8b0ca0f1e2f1",
        "x-ms-ratelimit-remaining-subscription-reads": "11851",
        "x-ms-request-id": "2d9bb403-22c7-475c-866a-cb2ddc3358e0",
        "x-ms-routing-request-id": "SOUTHEASTASIA:20230220T031851Z:fdda9c9e-9e8c-48e3-9e6c-8b0ca0f1e2f1"
      },
      "ResponseBody": {
        "name": "6c43fd22-3980-f642-9569-110e2985ac42",
        "status": "InProgress",
        "startTime": "2023-02-20T03:17:12.4755379Z"
      }
    },
    {
      "RequestUri": "https://management.azure.com/subscriptions/azure_subscription_id/providers/Microsoft.ContainerService/locations/eastus/operations/22fd436c-8039-42f6-9569-110e2985ac42?api-version=2017-08-31",
      "RequestMethod": "GET",
      "RequestHeaders": {
        "Accept": "application/json",
        "Accept-Encoding": "gzip,deflate",
        "Authorization": "Sanitized",
        "Connection": "keep-alive",
        "User-Agent": "azsdk-js-arm-containerservice/17.4.0-beta.2 core-rest-pipeline/1.10.2 Node/v16.17.0 OS/(x64-Windows_NT-10.0.22621)",
        "x-ms-client-request-id": "33a64f8a-127e-4ddf-bf20-5a4b11c184fc"
      },
      "RequestBody": null,
      "StatusCode": 200,
      "ResponseHeaders": {
        "Cache-Control": "no-cache",
        "Content-Encoding": "gzip",
        "Content-Type": "application/json",
        "Date": "Mon, 20 Feb 2023 03:18:53 GMT",
        "Expires": "-1",
        "Pragma": "no-cache",
        "Server": "nginx",
        "Strict-Transport-Security": "max-age=31536000; includeSubDomains",
        "Transfer-Encoding": "chunked",
        "Vary": "Accept-Encoding",
        "X-Content-Type-Options": "nosniff",
        "x-ms-correlation-request-id": "b8fc0e27-20d1-4350-946e-7531ed777b54",
        "x-ms-ratelimit-remaining-subscription-reads": "11850",
        "x-ms-request-id": "6672b320-30af-4a2a-a932-944b9d33327d",
        "x-ms-routing-request-id": "SOUTHEASTASIA:20230220T031853Z:b8fc0e27-20d1-4350-946e-7531ed777b54"
      },
      "ResponseBody": {
        "name": "6c43fd22-3980-f642-9569-110e2985ac42",
        "status": "InProgress",
        "startTime": "2023-02-20T03:17:12.4755379Z"
      }
    },
    {
      "RequestUri": "https://management.azure.com/subscriptions/azure_subscription_id/providers/Microsoft.ContainerService/locations/eastus/operations/22fd436c-8039-42f6-9569-110e2985ac42?api-version=2017-08-31",
      "RequestMethod": "GET",
      "RequestHeaders": {
        "Accept": "application/json",
        "Accept-Encoding": "gzip,deflate",
        "Authorization": "Sanitized",
        "Connection": "keep-alive",
        "User-Agent": "azsdk-js-arm-containerservice/17.4.0-beta.2 core-rest-pipeline/1.10.2 Node/v16.17.0 OS/(x64-Windows_NT-10.0.22621)",
        "x-ms-client-request-id": "330b12fe-a26c-4ace-9852-0c6181386c36"
      },
      "RequestBody": null,
      "StatusCode": 200,
      "ResponseHeaders": {
        "Cache-Control": "no-cache",
        "Content-Encoding": "gzip",
        "Content-Type": "application/json",
        "Date": "Mon, 20 Feb 2023 03:18:55 GMT",
        "Expires": "-1",
        "Pragma": "no-cache",
        "Server": "nginx",
        "Strict-Transport-Security": "max-age=31536000; includeSubDomains",
        "Transfer-Encoding": "chunked",
        "Vary": "Accept-Encoding",
        "X-Content-Type-Options": "nosniff",
        "x-ms-correlation-request-id": "b60fadbf-cf2d-4d45-a35d-99513d0cc0de",
        "x-ms-ratelimit-remaining-subscription-reads": "11849",
        "x-ms-request-id": "311f9023-e894-4ac0-b6c9-0292d7b704b8",
        "x-ms-routing-request-id": "SOUTHEASTASIA:20230220T031856Z:b60fadbf-cf2d-4d45-a35d-99513d0cc0de"
      },
      "ResponseBody": {
        "name": "6c43fd22-3980-f642-9569-110e2985ac42",
        "status": "InProgress",
        "startTime": "2023-02-20T03:17:12.4755379Z"
      }
    },
    {
      "RequestUri": "https://management.azure.com/subscriptions/azure_subscription_id/providers/Microsoft.ContainerService/locations/eastus/operations/22fd436c-8039-42f6-9569-110e2985ac42?api-version=2017-08-31",
      "RequestMethod": "GET",
      "RequestHeaders": {
        "Accept": "application/json",
        "Accept-Encoding": "gzip,deflate",
        "Authorization": "Sanitized",
        "Connection": "keep-alive",
        "User-Agent": "azsdk-js-arm-containerservice/17.4.0-beta.2 core-rest-pipeline/1.10.2 Node/v16.17.0 OS/(x64-Windows_NT-10.0.22621)",
        "x-ms-client-request-id": "c3e44fce-8231-45d6-97ab-70fcfbb5c75b"
      },
      "RequestBody": null,
      "StatusCode": 200,
      "ResponseHeaders": {
        "Cache-Control": "no-cache",
        "Content-Encoding": "gzip",
        "Content-Type": "application/json",
        "Date": "Mon, 20 Feb 2023 03:18:57 GMT",
        "Expires": "-1",
        "Pragma": "no-cache",
        "Server": "nginx",
        "Strict-Transport-Security": "max-age=31536000; includeSubDomains",
        "Transfer-Encoding": "chunked",
        "Vary": "Accept-Encoding",
        "X-Content-Type-Options": "nosniff",
        "x-ms-correlation-request-id": "31671f43-79e5-46a7-8b37-7d85b4d84577",
        "x-ms-ratelimit-remaining-subscription-reads": "11848",
        "x-ms-request-id": "7387788f-fce5-4d8d-8ae4-650221345c6b",
        "x-ms-routing-request-id": "SOUTHEASTASIA:20230220T031858Z:31671f43-79e5-46a7-8b37-7d85b4d84577"
      },
      "ResponseBody": {
        "name": "6c43fd22-3980-f642-9569-110e2985ac42",
        "status": "InProgress",
        "startTime": "2023-02-20T03:17:12.4755379Z"
      }
    },
    {
      "RequestUri": "https://management.azure.com/subscriptions/azure_subscription_id/providers/Microsoft.ContainerService/locations/eastus/operations/22fd436c-8039-42f6-9569-110e2985ac42?api-version=2017-08-31",
      "RequestMethod": "GET",
      "RequestHeaders": {
        "Accept": "application/json",
        "Accept-Encoding": "gzip,deflate",
        "Authorization": "Sanitized",
        "Connection": "keep-alive",
        "User-Agent": "azsdk-js-arm-containerservice/17.4.0-beta.2 core-rest-pipeline/1.10.2 Node/v16.17.0 OS/(x64-Windows_NT-10.0.22621)",
        "x-ms-client-request-id": "67a407cf-0884-4f75-8b77-cc5db64876e4"
      },
      "RequestBody": null,
      "StatusCode": 200,
      "ResponseHeaders": {
        "Cache-Control": "no-cache",
        "Content-Encoding": "gzip",
        "Content-Type": "application/json",
        "Date": "Mon, 20 Feb 2023 03:19:00 GMT",
        "Expires": "-1",
        "Pragma": "no-cache",
        "Server": "nginx",
        "Strict-Transport-Security": "max-age=31536000; includeSubDomains",
        "Transfer-Encoding": "chunked",
        "Vary": "Accept-Encoding",
        "X-Content-Type-Options": "nosniff",
        "x-ms-correlation-request-id": "b589693c-bd5d-4de7-8f5d-4c4810059a3a",
        "x-ms-ratelimit-remaining-subscription-reads": "11847",
        "x-ms-request-id": "a6232dd9-c963-477e-9518-4c9e7cf1242c",
        "x-ms-routing-request-id": "SOUTHEASTASIA:20230220T031901Z:b589693c-bd5d-4de7-8f5d-4c4810059a3a"
      },
      "ResponseBody": {
        "name": "6c43fd22-3980-f642-9569-110e2985ac42",
        "status": "InProgress",
        "startTime": "2023-02-20T03:17:12.4755379Z"
      }
    },
    {
      "RequestUri": "https://management.azure.com/subscriptions/azure_subscription_id/providers/Microsoft.ContainerService/locations/eastus/operations/22fd436c-8039-42f6-9569-110e2985ac42?api-version=2017-08-31",
      "RequestMethod": "GET",
      "RequestHeaders": {
        "Accept": "application/json",
        "Accept-Encoding": "gzip,deflate",
        "Authorization": "Sanitized",
        "Connection": "keep-alive",
        "User-Agent": "azsdk-js-arm-containerservice/17.4.0-beta.2 core-rest-pipeline/1.10.2 Node/v16.17.0 OS/(x64-Windows_NT-10.0.22621)",
        "x-ms-client-request-id": "7bf2043e-65df-418d-93b6-46a5aacaeab9"
      },
      "RequestBody": null,
      "StatusCode": 200,
      "ResponseHeaders": {
        "Cache-Control": "no-cache",
        "Content-Encoding": "gzip",
        "Content-Type": "application/json",
        "Date": "Mon, 20 Feb 2023 03:19:02 GMT",
        "Expires": "-1",
        "Pragma": "no-cache",
        "Server": "nginx",
        "Strict-Transport-Security": "max-age=31536000; includeSubDomains",
        "Transfer-Encoding": "chunked",
        "Vary": "Accept-Encoding",
        "X-Content-Type-Options": "nosniff",
        "x-ms-correlation-request-id": "6d6e7531-29f1-4418-a5fb-8be927e50c7b",
        "x-ms-ratelimit-remaining-subscription-reads": "11846",
        "x-ms-request-id": "32bdf65a-a935-4fbc-8155-5c21e1e55896",
        "x-ms-routing-request-id": "SOUTHEASTASIA:20230220T031903Z:6d6e7531-29f1-4418-a5fb-8be927e50c7b"
      },
      "ResponseBody": {
        "name": "6c43fd22-3980-f642-9569-110e2985ac42",
        "status": "InProgress",
        "startTime": "2023-02-20T03:17:12.4755379Z"
      }
    },
    {
      "RequestUri": "https://management.azure.com/subscriptions/azure_subscription_id/providers/Microsoft.ContainerService/locations/eastus/operations/22fd436c-8039-42f6-9569-110e2985ac42?api-version=2017-08-31",
      "RequestMethod": "GET",
      "RequestHeaders": {
        "Accept": "application/json",
        "Accept-Encoding": "gzip,deflate",
        "Authorization": "Sanitized",
        "Connection": "keep-alive",
        "User-Agent": "azsdk-js-arm-containerservice/17.4.0-beta.2 core-rest-pipeline/1.10.2 Node/v16.17.0 OS/(x64-Windows_NT-10.0.22621)",
        "x-ms-client-request-id": "fbf50c2f-9817-4d54-b311-f9c4da3d573d"
      },
      "RequestBody": null,
      "StatusCode": 200,
      "ResponseHeaders": {
        "Cache-Control": "no-cache",
        "Content-Encoding": "gzip",
        "Content-Type": "application/json",
        "Date": "Mon, 20 Feb 2023 03:19:04 GMT",
        "Expires": "-1",
        "Pragma": "no-cache",
        "Server": "nginx",
        "Strict-Transport-Security": "max-age=31536000; includeSubDomains",
        "Transfer-Encoding": "chunked",
        "Vary": "Accept-Encoding",
        "X-Content-Type-Options": "nosniff",
        "x-ms-correlation-request-id": "d3a59859-0d42-44c2-9ebc-bae0c4283019",
        "x-ms-ratelimit-remaining-subscription-reads": "11845",
        "x-ms-request-id": "f70466e0-164c-4ea5-8a6d-1d4aaeef5119",
        "x-ms-routing-request-id": "SOUTHEASTASIA:20230220T031905Z:d3a59859-0d42-44c2-9ebc-bae0c4283019"
      },
      "ResponseBody": {
        "name": "6c43fd22-3980-f642-9569-110e2985ac42",
        "status": "InProgress",
        "startTime": "2023-02-20T03:17:12.4755379Z"
      }
    },
    {
      "RequestUri": "https://management.azure.com/subscriptions/azure_subscription_id/providers/Microsoft.ContainerService/locations/eastus/operations/22fd436c-8039-42f6-9569-110e2985ac42?api-version=2017-08-31",
      "RequestMethod": "GET",
      "RequestHeaders": {
        "Accept": "application/json",
        "Accept-Encoding": "gzip,deflate",
        "Authorization": "Sanitized",
        "Connection": "keep-alive",
        "User-Agent": "azsdk-js-arm-containerservice/17.4.0-beta.2 core-rest-pipeline/1.10.2 Node/v16.17.0 OS/(x64-Windows_NT-10.0.22621)",
        "x-ms-client-request-id": "499d6bba-9842-4d5c-97aa-268dc84911fb"
      },
      "RequestBody": null,
      "StatusCode": 200,
      "ResponseHeaders": {
        "Cache-Control": "no-cache",
        "Content-Encoding": "gzip",
        "Content-Type": "application/json",
        "Date": "Mon, 20 Feb 2023 03:19:07 GMT",
        "Expires": "-1",
        "Pragma": "no-cache",
        "Server": "nginx",
        "Strict-Transport-Security": "max-age=31536000; includeSubDomains",
        "Transfer-Encoding": "chunked",
        "Vary": "Accept-Encoding",
        "X-Content-Type-Options": "nosniff",
        "x-ms-correlation-request-id": "9747b777-addc-466b-812c-bbddc68cd58e",
        "x-ms-ratelimit-remaining-subscription-reads": "11844",
        "x-ms-request-id": "a7b1673c-1189-4fed-875b-32fce7c08085",
        "x-ms-routing-request-id": "SOUTHEASTASIA:20230220T031908Z:9747b777-addc-466b-812c-bbddc68cd58e"
      },
      "ResponseBody": {
        "name": "6c43fd22-3980-f642-9569-110e2985ac42",
        "status": "InProgress",
        "startTime": "2023-02-20T03:17:12.4755379Z"
      }
    },
    {
      "RequestUri": "https://management.azure.com/subscriptions/azure_subscription_id/providers/Microsoft.ContainerService/locations/eastus/operations/22fd436c-8039-42f6-9569-110e2985ac42?api-version=2017-08-31",
      "RequestMethod": "GET",
      "RequestHeaders": {
        "Accept": "application/json",
        "Accept-Encoding": "gzip,deflate",
        "Authorization": "Sanitized",
        "Connection": "keep-alive",
        "User-Agent": "azsdk-js-arm-containerservice/17.4.0-beta.2 core-rest-pipeline/1.10.2 Node/v16.17.0 OS/(x64-Windows_NT-10.0.22621)",
        "x-ms-client-request-id": "20d22997-1de7-41fb-b14c-a919d3058252"
      },
      "RequestBody": null,
      "StatusCode": 200,
      "ResponseHeaders": {
        "Cache-Control": "no-cache",
        "Content-Encoding": "gzip",
        "Content-Type": "application/json",
        "Date": "Mon, 20 Feb 2023 03:19:09 GMT",
        "Expires": "-1",
        "Pragma": "no-cache",
        "Server": "nginx",
        "Strict-Transport-Security": "max-age=31536000; includeSubDomains",
        "Transfer-Encoding": "chunked",
        "Vary": "Accept-Encoding",
        "X-Content-Type-Options": "nosniff",
        "x-ms-correlation-request-id": "eece1065-b419-4c70-921e-6ebdd7df54bb",
        "x-ms-ratelimit-remaining-subscription-reads": "11843",
        "x-ms-request-id": "f42d7a2b-6914-4df9-a6fa-f6a1ee6404a3",
        "x-ms-routing-request-id": "SOUTHEASTASIA:20230220T031910Z:eece1065-b419-4c70-921e-6ebdd7df54bb"
      },
      "ResponseBody": {
        "name": "6c43fd22-3980-f642-9569-110e2985ac42",
        "status": "InProgress",
        "startTime": "2023-02-20T03:17:12.4755379Z"
      }
    },
    {
      "RequestUri": "https://management.azure.com/subscriptions/azure_subscription_id/providers/Microsoft.ContainerService/locations/eastus/operations/22fd436c-8039-42f6-9569-110e2985ac42?api-version=2017-08-31",
      "RequestMethod": "GET",
      "RequestHeaders": {
        "Accept": "application/json",
        "Accept-Encoding": "gzip,deflate",
        "Authorization": "Sanitized",
        "Connection": "keep-alive",
        "User-Agent": "azsdk-js-arm-containerservice/17.4.0-beta.2 core-rest-pipeline/1.10.2 Node/v16.17.0 OS/(x64-Windows_NT-10.0.22621)",
        "x-ms-client-request-id": "f8364725-f430-4b54-8ebc-f76f8010b97d"
      },
      "RequestBody": null,
      "StatusCode": 200,
      "ResponseHeaders": {
        "Cache-Control": "no-cache",
        "Content-Encoding": "gzip",
        "Content-Type": "application/json",
        "Date": "Mon, 20 Feb 2023 03:19:11 GMT",
        "Expires": "-1",
        "Pragma": "no-cache",
        "Server": "nginx",
        "Strict-Transport-Security": "max-age=31536000; includeSubDomains",
        "Transfer-Encoding": "chunked",
        "Vary": "Accept-Encoding",
        "X-Content-Type-Options": "nosniff",
        "x-ms-correlation-request-id": "de8293c7-fa30-41f8-8945-7384337d6c9d",
        "x-ms-ratelimit-remaining-subscription-reads": "11842",
        "x-ms-request-id": "2b84435f-16eb-479b-9c57-7f2794cf1f0f",
        "x-ms-routing-request-id": "SOUTHEASTASIA:20230220T031912Z:de8293c7-fa30-41f8-8945-7384337d6c9d"
      },
      "ResponseBody": {
        "name": "6c43fd22-3980-f642-9569-110e2985ac42",
        "status": "InProgress",
        "startTime": "2023-02-20T03:17:12.4755379Z"
      }
    },
    {
      "RequestUri": "https://management.azure.com/subscriptions/azure_subscription_id/providers/Microsoft.ContainerService/locations/eastus/operations/22fd436c-8039-42f6-9569-110e2985ac42?api-version=2017-08-31",
      "RequestMethod": "GET",
      "RequestHeaders": {
        "Accept": "application/json",
        "Accept-Encoding": "gzip,deflate",
        "Authorization": "Sanitized",
        "Connection": "keep-alive",
        "User-Agent": "azsdk-js-arm-containerservice/17.4.0-beta.2 core-rest-pipeline/1.10.2 Node/v16.17.0 OS/(x64-Windows_NT-10.0.22621)",
        "x-ms-client-request-id": "b1a13eb1-22b7-4191-8a34-915bf611b9db"
      },
      "RequestBody": null,
      "StatusCode": 200,
      "ResponseHeaders": {
        "Cache-Control": "no-cache",
        "Content-Encoding": "gzip",
        "Content-Type": "application/json",
        "Date": "Mon, 20 Feb 2023 03:19:14 GMT",
        "Expires": "-1",
        "Pragma": "no-cache",
        "Server": "nginx",
        "Strict-Transport-Security": "max-age=31536000; includeSubDomains",
        "Transfer-Encoding": "chunked",
        "Vary": "Accept-Encoding",
        "X-Content-Type-Options": "nosniff",
        "x-ms-correlation-request-id": "d05b1ae2-52f5-4cb7-a7eb-6d345c9d29c2",
        "x-ms-ratelimit-remaining-subscription-reads": "11841",
        "x-ms-request-id": "de7c8933-a693-4bca-846f-9b7531adadb1",
        "x-ms-routing-request-id": "SOUTHEASTASIA:20230220T031915Z:d05b1ae2-52f5-4cb7-a7eb-6d345c9d29c2"
      },
      "ResponseBody": {
        "name": "6c43fd22-3980-f642-9569-110e2985ac42",
        "status": "InProgress",
        "startTime": "2023-02-20T03:17:12.4755379Z"
      }
    },
    {
      "RequestUri": "https://management.azure.com/subscriptions/azure_subscription_id/providers/Microsoft.ContainerService/locations/eastus/operations/22fd436c-8039-42f6-9569-110e2985ac42?api-version=2017-08-31",
      "RequestMethod": "GET",
      "RequestHeaders": {
        "Accept": "application/json",
        "Accept-Encoding": "gzip,deflate",
        "Authorization": "Sanitized",
        "Connection": "keep-alive",
        "User-Agent": "azsdk-js-arm-containerservice/17.4.0-beta.2 core-rest-pipeline/1.10.2 Node/v16.17.0 OS/(x64-Windows_NT-10.0.22621)",
        "x-ms-client-request-id": "6cf758c8-f4bb-43fa-a941-6054f31caa1d"
      },
      "RequestBody": null,
      "StatusCode": 200,
      "ResponseHeaders": {
        "Cache-Control": "no-cache",
        "Content-Encoding": "gzip",
        "Content-Type": "application/json",
        "Date": "Mon, 20 Feb 2023 03:19:16 GMT",
        "Expires": "-1",
        "Pragma": "no-cache",
        "Server": "nginx",
        "Strict-Transport-Security": "max-age=31536000; includeSubDomains",
        "Transfer-Encoding": "chunked",
        "Vary": "Accept-Encoding",
        "X-Content-Type-Options": "nosniff",
        "x-ms-correlation-request-id": "6604fce2-9d5a-4cf3-9cc9-5626b834f010",
        "x-ms-ratelimit-remaining-subscription-reads": "11840",
        "x-ms-request-id": "c5ce80fb-9d6a-48b0-b374-086a3abba924",
        "x-ms-routing-request-id": "SOUTHEASTASIA:20230220T031917Z:6604fce2-9d5a-4cf3-9cc9-5626b834f010"
      },
      "ResponseBody": {
        "name": "6c43fd22-3980-f642-9569-110e2985ac42",
        "status": "InProgress",
        "startTime": "2023-02-20T03:17:12.4755379Z"
      }
    },
    {
      "RequestUri": "https://management.azure.com/subscriptions/azure_subscription_id/providers/Microsoft.ContainerService/locations/eastus/operations/22fd436c-8039-42f6-9569-110e2985ac42?api-version=2017-08-31",
      "RequestMethod": "GET",
      "RequestHeaders": {
        "Accept": "application/json",
        "Accept-Encoding": "gzip,deflate",
        "Authorization": "Sanitized",
        "Connection": "keep-alive",
        "User-Agent": "azsdk-js-arm-containerservice/17.4.0-beta.2 core-rest-pipeline/1.10.2 Node/v16.17.0 OS/(x64-Windows_NT-10.0.22621)",
        "x-ms-client-request-id": "2e3ccbd7-6477-48f9-bab4-e30d4903f1cc"
      },
      "RequestBody": null,
      "StatusCode": 200,
      "ResponseHeaders": {
        "Cache-Control": "no-cache",
        "Content-Encoding": "gzip",
        "Content-Type": "application/json",
        "Date": "Mon, 20 Feb 2023 03:19:19 GMT",
        "Expires": "-1",
        "Pragma": "no-cache",
        "Server": "nginx",
        "Strict-Transport-Security": "max-age=31536000; includeSubDomains",
        "Transfer-Encoding": "chunked",
        "Vary": "Accept-Encoding",
        "X-Content-Type-Options": "nosniff",
        "x-ms-correlation-request-id": "b1efcbf9-fbfb-4a94-8530-4faa2ee85cc4",
        "x-ms-ratelimit-remaining-subscription-reads": "11839",
        "x-ms-request-id": "62572607-20cc-4aac-a313-4c08f3bd65d7",
        "x-ms-routing-request-id": "SOUTHEASTASIA:20230220T031919Z:b1efcbf9-fbfb-4a94-8530-4faa2ee85cc4"
      },
      "ResponseBody": {
        "name": "6c43fd22-3980-f642-9569-110e2985ac42",
        "status": "InProgress",
        "startTime": "2023-02-20T03:17:12.4755379Z"
      }
    },
    {
      "RequestUri": "https://management.azure.com/subscriptions/azure_subscription_id/providers/Microsoft.ContainerService/locations/eastus/operations/22fd436c-8039-42f6-9569-110e2985ac42?api-version=2017-08-31",
      "RequestMethod": "GET",
      "RequestHeaders": {
        "Accept": "application/json",
        "Accept-Encoding": "gzip,deflate",
        "Authorization": "Sanitized",
        "Connection": "keep-alive",
        "User-Agent": "azsdk-js-arm-containerservice/17.4.0-beta.2 core-rest-pipeline/1.10.2 Node/v16.17.0 OS/(x64-Windows_NT-10.0.22621)",
        "x-ms-client-request-id": "80be170b-c0c2-4f1d-b73c-59eeeb25fdfa"
      },
      "RequestBody": null,
      "StatusCode": 200,
      "ResponseHeaders": {
        "Cache-Control": "no-cache",
        "Content-Encoding": "gzip",
        "Content-Type": "application/json",
        "Date": "Mon, 20 Feb 2023 03:19:21 GMT",
        "Expires": "-1",
        "Pragma": "no-cache",
        "Server": "nginx",
        "Strict-Transport-Security": "max-age=31536000; includeSubDomains",
        "Transfer-Encoding": "chunked",
        "Vary": "Accept-Encoding",
        "X-Content-Type-Options": "nosniff",
        "x-ms-correlation-request-id": "90e53bd3-fc4a-4331-9d3e-d8ffb9f8a844",
        "x-ms-ratelimit-remaining-subscription-reads": "11838",
        "x-ms-request-id": "d601e290-7f51-4d1d-a58b-389e4689f726",
        "x-ms-routing-request-id": "SOUTHEASTASIA:20230220T031922Z:90e53bd3-fc4a-4331-9d3e-d8ffb9f8a844"
      },
      "ResponseBody": {
        "name": "6c43fd22-3980-f642-9569-110e2985ac42",
        "status": "InProgress",
        "startTime": "2023-02-20T03:17:12.4755379Z"
      }
    },
    {
      "RequestUri": "https://management.azure.com/subscriptions/azure_subscription_id/providers/Microsoft.ContainerService/locations/eastus/operations/22fd436c-8039-42f6-9569-110e2985ac42?api-version=2017-08-31",
      "RequestMethod": "GET",
      "RequestHeaders": {
        "Accept": "application/json",
        "Accept-Encoding": "gzip,deflate",
        "Authorization": "Sanitized",
        "Connection": "keep-alive",
        "User-Agent": "azsdk-js-arm-containerservice/17.4.0-beta.2 core-rest-pipeline/1.10.2 Node/v16.17.0 OS/(x64-Windows_NT-10.0.22621)",
        "x-ms-client-request-id": "468722fc-fff7-4e4c-87a4-ad45bc0559b6"
      },
      "RequestBody": null,
      "StatusCode": 200,
      "ResponseHeaders": {
        "Cache-Control": "no-cache",
        "Content-Encoding": "gzip",
        "Content-Type": "application/json",
        "Date": "Mon, 20 Feb 2023 03:19:23 GMT",
        "Expires": "-1",
        "Pragma": "no-cache",
        "Server": "nginx",
        "Strict-Transport-Security": "max-age=31536000; includeSubDomains",
        "Transfer-Encoding": "chunked",
        "Vary": "Accept-Encoding",
        "X-Content-Type-Options": "nosniff",
        "x-ms-correlation-request-id": "dbaf3047-a548-4109-8920-d2d8fd3e94b8",
        "x-ms-ratelimit-remaining-subscription-reads": "11837",
        "x-ms-request-id": "84ff9e87-75b0-4668-9063-e22c118d4453",
        "x-ms-routing-request-id": "SOUTHEASTASIA:20230220T031924Z:dbaf3047-a548-4109-8920-d2d8fd3e94b8"
      },
      "ResponseBody": {
        "name": "6c43fd22-3980-f642-9569-110e2985ac42",
        "status": "InProgress",
        "startTime": "2023-02-20T03:17:12.4755379Z"
      }
    },
    {
      "RequestUri": "https://management.azure.com/subscriptions/azure_subscription_id/providers/Microsoft.ContainerService/locations/eastus/operations/22fd436c-8039-42f6-9569-110e2985ac42?api-version=2017-08-31",
      "RequestMethod": "GET",
      "RequestHeaders": {
        "Accept": "application/json",
        "Accept-Encoding": "gzip,deflate",
        "Authorization": "Sanitized",
        "Connection": "keep-alive",
        "User-Agent": "azsdk-js-arm-containerservice/17.4.0-beta.2 core-rest-pipeline/1.10.2 Node/v16.17.0 OS/(x64-Windows_NT-10.0.22621)",
        "x-ms-client-request-id": "cb18c447-536b-4639-9b04-915617c4019c"
      },
      "RequestBody": null,
      "StatusCode": 200,
      "ResponseHeaders": {
        "Cache-Control": "no-cache",
        "Content-Encoding": "gzip",
        "Content-Type": "application/json",
        "Date": "Mon, 20 Feb 2023 03:19:26 GMT",
        "Expires": "-1",
        "Pragma": "no-cache",
        "Server": "nginx",
        "Strict-Transport-Security": "max-age=31536000; includeSubDomains",
        "Transfer-Encoding": "chunked",
        "Vary": "Accept-Encoding",
        "X-Content-Type-Options": "nosniff",
        "x-ms-correlation-request-id": "184438f4-d84a-451d-ac54-39cbc20a6467",
        "x-ms-ratelimit-remaining-subscription-reads": "11836",
        "x-ms-request-id": "2b4a18cd-f064-482a-acf6-018b432b6f8e",
        "x-ms-routing-request-id": "SOUTHEASTASIA:20230220T031927Z:184438f4-d84a-451d-ac54-39cbc20a6467"
      },
      "ResponseBody": {
        "name": "6c43fd22-3980-f642-9569-110e2985ac42",
        "status": "InProgress",
        "startTime": "2023-02-20T03:17:12.4755379Z"
      }
    },
    {
      "RequestUri": "https://management.azure.com/subscriptions/azure_subscription_id/providers/Microsoft.ContainerService/locations/eastus/operations/22fd436c-8039-42f6-9569-110e2985ac42?api-version=2017-08-31",
      "RequestMethod": "GET",
      "RequestHeaders": {
        "Accept": "application/json",
        "Accept-Encoding": "gzip,deflate",
        "Authorization": "Sanitized",
        "Connection": "keep-alive",
        "User-Agent": "azsdk-js-arm-containerservice/17.4.0-beta.2 core-rest-pipeline/1.10.2 Node/v16.17.0 OS/(x64-Windows_NT-10.0.22621)",
        "x-ms-client-request-id": "7fb3b1db-aba0-4062-b40c-23b0f7b8f5fe"
      },
      "RequestBody": null,
      "StatusCode": 200,
      "ResponseHeaders": {
        "Cache-Control": "no-cache",
        "Content-Encoding": "gzip",
        "Content-Type": "application/json",
        "Date": "Mon, 20 Feb 2023 03:19:30 GMT",
        "Expires": "-1",
        "Pragma": "no-cache",
        "Server": "nginx",
        "Strict-Transport-Security": "max-age=31536000; includeSubDomains",
        "Transfer-Encoding": "chunked",
        "Vary": "Accept-Encoding",
        "X-Content-Type-Options": "nosniff",
        "x-ms-correlation-request-id": "c55428cb-c159-4cf2-b7ba-8368af37acfa",
        "x-ms-ratelimit-remaining-subscription-reads": "11835",
        "x-ms-request-id": "2fea26a5-37ee-4a7f-bad4-dccd69385066",
        "x-ms-routing-request-id": "SOUTHEASTASIA:20230220T031930Z:c55428cb-c159-4cf2-b7ba-8368af37acfa"
      },
      "ResponseBody": {
        "name": "6c43fd22-3980-f642-9569-110e2985ac42",
        "status": "InProgress",
        "startTime": "2023-02-20T03:17:12.4755379Z"
      }
    },
    {
      "RequestUri": "https://management.azure.com/subscriptions/azure_subscription_id/providers/Microsoft.ContainerService/locations/eastus/operations/22fd436c-8039-42f6-9569-110e2985ac42?api-version=2017-08-31",
      "RequestMethod": "GET",
      "RequestHeaders": {
        "Accept": "application/json",
        "Accept-Encoding": "gzip,deflate",
        "Authorization": "Sanitized",
        "Connection": "keep-alive",
        "User-Agent": "azsdk-js-arm-containerservice/17.4.0-beta.2 core-rest-pipeline/1.10.2 Node/v16.17.0 OS/(x64-Windows_NT-10.0.22621)",
        "x-ms-client-request-id": "a32c46d2-4375-4e5d-9a6f-523e690ebfea"
      },
      "RequestBody": null,
      "StatusCode": 200,
      "ResponseHeaders": {
        "Cache-Control": "no-cache",
        "Content-Encoding": "gzip",
        "Content-Type": "application/json",
        "Date": "Mon, 20 Feb 2023 03:19:32 GMT",
        "Expires": "-1",
        "Pragma": "no-cache",
        "Server": "nginx",
        "Strict-Transport-Security": "max-age=31536000; includeSubDomains",
        "Transfer-Encoding": "chunked",
        "Vary": "Accept-Encoding",
        "X-Content-Type-Options": "nosniff",
        "x-ms-correlation-request-id": "4984324d-52df-4523-8946-0bb994c0cba1",
        "x-ms-ratelimit-remaining-subscription-reads": "11834",
        "x-ms-request-id": "c2735298-6ccf-4899-a317-7655f17c0c04",
        "x-ms-routing-request-id": "SOUTHEASTASIA:20230220T031932Z:4984324d-52df-4523-8946-0bb994c0cba1"
      },
      "ResponseBody": {
        "name": "6c43fd22-3980-f642-9569-110e2985ac42",
        "status": "InProgress",
        "startTime": "2023-02-20T03:17:12.4755379Z"
      }
    },
    {
      "RequestUri": "https://management.azure.com/subscriptions/azure_subscription_id/providers/Microsoft.ContainerService/locations/eastus/operations/22fd436c-8039-42f6-9569-110e2985ac42?api-version=2017-08-31",
      "RequestMethod": "GET",
      "RequestHeaders": {
        "Accept": "application/json",
        "Accept-Encoding": "gzip,deflate",
        "Authorization": "Sanitized",
        "Connection": "keep-alive",
        "User-Agent": "azsdk-js-arm-containerservice/17.4.0-beta.2 core-rest-pipeline/1.10.2 Node/v16.17.0 OS/(x64-Windows_NT-10.0.22621)",
        "x-ms-client-request-id": "cebb05e4-f75d-4d81-b4dc-a3f588ab174d"
      },
      "RequestBody": null,
      "StatusCode": 200,
      "ResponseHeaders": {
        "Cache-Control": "no-cache",
        "Content-Encoding": "gzip",
        "Content-Type": "application/json",
        "Date": "Mon, 20 Feb 2023 03:19:34 GMT",
        "Expires": "-1",
        "Pragma": "no-cache",
        "Server": "nginx",
        "Strict-Transport-Security": "max-age=31536000; includeSubDomains",
        "Transfer-Encoding": "chunked",
        "Vary": "Accept-Encoding",
        "X-Content-Type-Options": "nosniff",
        "x-ms-correlation-request-id": "acf51afa-ab1a-4ac2-8b6c-1df97345cd39",
        "x-ms-ratelimit-remaining-subscription-reads": "11833",
        "x-ms-request-id": "136271d7-e477-4ec0-8852-9feb8dac6492",
        "x-ms-routing-request-id": "SOUTHEASTASIA:20230220T031934Z:acf51afa-ab1a-4ac2-8b6c-1df97345cd39"
      },
      "ResponseBody": {
        "name": "6c43fd22-3980-f642-9569-110e2985ac42",
        "status": "InProgress",
        "startTime": "2023-02-20T03:17:12.4755379Z"
      }
    },
    {
      "RequestUri": "https://management.azure.com/subscriptions/azure_subscription_id/providers/Microsoft.ContainerService/locations/eastus/operations/22fd436c-8039-42f6-9569-110e2985ac42?api-version=2017-08-31",
      "RequestMethod": "GET",
      "RequestHeaders": {
        "Accept": "application/json",
        "Accept-Encoding": "gzip,deflate",
        "Authorization": "Sanitized",
        "Connection": "keep-alive",
        "User-Agent": "azsdk-js-arm-containerservice/17.4.0-beta.2 core-rest-pipeline/1.10.2 Node/v16.17.0 OS/(x64-Windows_NT-10.0.22621)",
        "x-ms-client-request-id": "76aeda42-36b5-4f0f-8d72-cb3b6b5d41b6"
      },
      "RequestBody": null,
      "StatusCode": 200,
      "ResponseHeaders": {
        "Cache-Control": "no-cache",
        "Content-Encoding": "gzip",
        "Content-Type": "application/json",
        "Date": "Mon, 20 Feb 2023 03:19:36 GMT",
        "Expires": "-1",
        "Pragma": "no-cache",
        "Server": "nginx",
        "Strict-Transport-Security": "max-age=31536000; includeSubDomains",
        "Transfer-Encoding": "chunked",
        "Vary": "Accept-Encoding",
        "X-Content-Type-Options": "nosniff",
        "x-ms-correlation-request-id": "78fc872c-c678-4094-8edc-bd929c6017ed",
        "x-ms-ratelimit-remaining-subscription-reads": "11832",
        "x-ms-request-id": "6dfe335e-0a76-4198-aeb0-c3d12077f615",
        "x-ms-routing-request-id": "SOUTHEASTASIA:20230220T031937Z:78fc872c-c678-4094-8edc-bd929c6017ed"
      },
      "ResponseBody": {
        "name": "6c43fd22-3980-f642-9569-110e2985ac42",
        "status": "InProgress",
        "startTime": "2023-02-20T03:17:12.4755379Z"
      }
    },
    {
      "RequestUri": "https://management.azure.com/subscriptions/azure_subscription_id/providers/Microsoft.ContainerService/locations/eastus/operations/22fd436c-8039-42f6-9569-110e2985ac42?api-version=2017-08-31",
      "RequestMethod": "GET",
      "RequestHeaders": {
        "Accept": "application/json",
        "Accept-Encoding": "gzip,deflate",
        "Authorization": "Sanitized",
        "Connection": "keep-alive",
        "User-Agent": "azsdk-js-arm-containerservice/17.4.0-beta.2 core-rest-pipeline/1.10.2 Node/v16.17.0 OS/(x64-Windows_NT-10.0.22621)",
        "x-ms-client-request-id": "7fea20e2-e2eb-4c60-a082-5cd2fd2a2929"
      },
      "RequestBody": null,
      "StatusCode": 200,
      "ResponseHeaders": {
        "Cache-Control": "no-cache",
        "Content-Encoding": "gzip",
        "Content-Type": "application/json",
        "Date": "Mon, 20 Feb 2023 03:19:39 GMT",
        "Expires": "-1",
        "Pragma": "no-cache",
        "Server": "nginx",
        "Strict-Transport-Security": "max-age=31536000; includeSubDomains",
        "Transfer-Encoding": "chunked",
        "Vary": "Accept-Encoding",
        "X-Content-Type-Options": "nosniff",
        "x-ms-correlation-request-id": "69945c57-b27d-4a45-b2c4-ef69fbf1444f",
        "x-ms-ratelimit-remaining-subscription-reads": "11831",
        "x-ms-request-id": "90552dd7-f400-4330-8400-d29f27b80c79",
        "x-ms-routing-request-id": "SOUTHEASTASIA:20230220T031939Z:69945c57-b27d-4a45-b2c4-ef69fbf1444f"
      },
      "ResponseBody": {
        "name": "6c43fd22-3980-f642-9569-110e2985ac42",
        "status": "InProgress",
        "startTime": "2023-02-20T03:17:12.4755379Z"
      }
    },
    {
      "RequestUri": "https://management.azure.com/subscriptions/azure_subscription_id/providers/Microsoft.ContainerService/locations/eastus/operations/22fd436c-8039-42f6-9569-110e2985ac42?api-version=2017-08-31",
      "RequestMethod": "GET",
      "RequestHeaders": {
        "Accept": "application/json",
        "Accept-Encoding": "gzip,deflate",
        "Authorization": "Sanitized",
        "Connection": "keep-alive",
        "User-Agent": "azsdk-js-arm-containerservice/17.4.0-beta.2 core-rest-pipeline/1.10.2 Node/v16.17.0 OS/(x64-Windows_NT-10.0.22621)",
        "x-ms-client-request-id": "f4117704-15e2-47dc-a2d2-7da3460cacb4"
      },
      "RequestBody": null,
      "StatusCode": 200,
      "ResponseHeaders": {
        "Cache-Control": "no-cache",
        "Content-Encoding": "gzip",
        "Content-Type": "application/json",
        "Date": "Mon, 20 Feb 2023 03:19:41 GMT",
        "Expires": "-1",
        "Pragma": "no-cache",
        "Server": "nginx",
        "Strict-Transport-Security": "max-age=31536000; includeSubDomains",
        "Transfer-Encoding": "chunked",
        "Vary": "Accept-Encoding",
        "X-Content-Type-Options": "nosniff",
        "x-ms-correlation-request-id": "3e89680b-a2d2-4b46-88ea-1d83a286eeb5",
        "x-ms-ratelimit-remaining-subscription-reads": "11830",
        "x-ms-request-id": "60e4f351-bdf8-4c38-98f7-4af385b8fe52",
        "x-ms-routing-request-id": "SOUTHEASTASIA:20230220T031941Z:3e89680b-a2d2-4b46-88ea-1d83a286eeb5"
      },
      "ResponseBody": {
        "name": "6c43fd22-3980-f642-9569-110e2985ac42",
        "status": "InProgress",
        "startTime": "2023-02-20T03:17:12.4755379Z"
      }
    },
    {
      "RequestUri": "https://management.azure.com/subscriptions/azure_subscription_id/providers/Microsoft.ContainerService/locations/eastus/operations/22fd436c-8039-42f6-9569-110e2985ac42?api-version=2017-08-31",
      "RequestMethod": "GET",
      "RequestHeaders": {
        "Accept": "application/json",
        "Accept-Encoding": "gzip,deflate",
        "Authorization": "Sanitized",
        "Connection": "keep-alive",
        "User-Agent": "azsdk-js-arm-containerservice/17.4.0-beta.2 core-rest-pipeline/1.10.2 Node/v16.17.0 OS/(x64-Windows_NT-10.0.22621)",
        "x-ms-client-request-id": "2ff3b68f-73ff-45ac-bca0-008b26ba97a2"
      },
      "RequestBody": null,
      "StatusCode": 200,
      "ResponseHeaders": {
        "Cache-Control": "no-cache",
        "Content-Encoding": "gzip",
        "Content-Type": "application/json",
        "Date": "Mon, 20 Feb 2023 03:19:43 GMT",
        "Expires": "-1",
        "Pragma": "no-cache",
        "Server": "nginx",
        "Strict-Transport-Security": "max-age=31536000; includeSubDomains",
        "Transfer-Encoding": "chunked",
        "Vary": "Accept-Encoding",
        "X-Content-Type-Options": "nosniff",
        "x-ms-correlation-request-id": "b5dec555-49e6-4651-be53-b84816d310a4",
        "x-ms-ratelimit-remaining-subscription-reads": "11829",
        "x-ms-request-id": "e595ccd2-acda-4209-a852-a1b79781aa40",
        "x-ms-routing-request-id": "SOUTHEASTASIA:20230220T031944Z:b5dec555-49e6-4651-be53-b84816d310a4"
      },
      "ResponseBody": {
        "name": "6c43fd22-3980-f642-9569-110e2985ac42",
        "status": "InProgress",
        "startTime": "2023-02-20T03:17:12.4755379Z"
      }
    },
    {
      "RequestUri": "https://management.azure.com/subscriptions/azure_subscription_id/providers/Microsoft.ContainerService/locations/eastus/operations/22fd436c-8039-42f6-9569-110e2985ac42?api-version=2017-08-31",
      "RequestMethod": "GET",
      "RequestHeaders": {
        "Accept": "application/json",
        "Accept-Encoding": "gzip,deflate",
        "Authorization": "Sanitized",
        "Connection": "keep-alive",
        "User-Agent": "azsdk-js-arm-containerservice/17.4.0-beta.2 core-rest-pipeline/1.10.2 Node/v16.17.0 OS/(x64-Windows_NT-10.0.22621)",
        "x-ms-client-request-id": "e93dc96b-4c6d-4d25-b8e8-2fa3d4f97c0c"
      },
      "RequestBody": null,
      "StatusCode": 200,
      "ResponseHeaders": {
        "Cache-Control": "no-cache",
        "Content-Encoding": "gzip",
        "Content-Type": "application/json",
        "Date": "Mon, 20 Feb 2023 03:19:46 GMT",
        "Expires": "-1",
        "Pragma": "no-cache",
        "Server": "nginx",
        "Strict-Transport-Security": "max-age=31536000; includeSubDomains",
        "Transfer-Encoding": "chunked",
        "Vary": "Accept-Encoding",
        "X-Content-Type-Options": "nosniff",
        "x-ms-correlation-request-id": "f6cda285-0105-4d20-a00b-c7313dec9fb6",
        "x-ms-ratelimit-remaining-subscription-reads": "11828",
        "x-ms-request-id": "6c993229-96ee-41b0-a3c4-2b0ce99053f4",
        "x-ms-routing-request-id": "SOUTHEASTASIA:20230220T031946Z:f6cda285-0105-4d20-a00b-c7313dec9fb6"
      },
      "ResponseBody": {
        "name": "6c43fd22-3980-f642-9569-110e2985ac42",
        "status": "InProgress",
        "startTime": "2023-02-20T03:17:12.4755379Z"
      }
    },
    {
      "RequestUri": "https://management.azure.com/subscriptions/azure_subscription_id/providers/Microsoft.ContainerService/locations/eastus/operations/22fd436c-8039-42f6-9569-110e2985ac42?api-version=2017-08-31",
      "RequestMethod": "GET",
      "RequestHeaders": {
        "Accept": "application/json",
        "Accept-Encoding": "gzip,deflate",
        "Authorization": "Sanitized",
        "Connection": "keep-alive",
        "User-Agent": "azsdk-js-arm-containerservice/17.4.0-beta.2 core-rest-pipeline/1.10.2 Node/v16.17.0 OS/(x64-Windows_NT-10.0.22621)",
        "x-ms-client-request-id": "eb8dada2-c7f1-4a47-8b30-47cc34940c80"
      },
      "RequestBody": null,
      "StatusCode": 200,
      "ResponseHeaders": {
        "Cache-Control": "no-cache",
        "Content-Encoding": "gzip",
        "Content-Type": "application/json",
        "Date": "Mon, 20 Feb 2023 03:19:48 GMT",
        "Expires": "-1",
        "Pragma": "no-cache",
        "Server": "nginx",
        "Strict-Transport-Security": "max-age=31536000; includeSubDomains",
        "Transfer-Encoding": "chunked",
        "Vary": "Accept-Encoding",
        "X-Content-Type-Options": "nosniff",
        "x-ms-correlation-request-id": "1f884136-6123-4d2b-a147-acd466e24e5d",
        "x-ms-ratelimit-remaining-subscription-reads": "11827",
        "x-ms-request-id": "1526005e-4db2-4919-9e9d-0e2fb88ee7e6",
        "x-ms-routing-request-id": "SOUTHEASTASIA:20230220T031948Z:1f884136-6123-4d2b-a147-acd466e24e5d"
      },
      "ResponseBody": {
        "name": "6c43fd22-3980-f642-9569-110e2985ac42",
        "status": "InProgress",
        "startTime": "2023-02-20T03:17:12.4755379Z"
      }
    },
    {
      "RequestUri": "https://management.azure.com/subscriptions/azure_subscription_id/providers/Microsoft.ContainerService/locations/eastus/operations/22fd436c-8039-42f6-9569-110e2985ac42?api-version=2017-08-31",
      "RequestMethod": "GET",
      "RequestHeaders": {
        "Accept": "application/json",
        "Accept-Encoding": "gzip,deflate",
        "Authorization": "Sanitized",
        "Connection": "keep-alive",
        "User-Agent": "azsdk-js-arm-containerservice/17.4.0-beta.2 core-rest-pipeline/1.10.2 Node/v16.17.0 OS/(x64-Windows_NT-10.0.22621)",
        "x-ms-client-request-id": "492c3219-65df-445b-8495-06f785023a58"
      },
      "RequestBody": null,
      "StatusCode": 200,
      "ResponseHeaders": {
        "Cache-Control": "no-cache",
        "Content-Encoding": "gzip",
        "Content-Type": "application/json",
        "Date": "Mon, 20 Feb 2023 03:19:50 GMT",
        "Expires": "-1",
        "Pragma": "no-cache",
        "Server": "nginx",
        "Strict-Transport-Security": "max-age=31536000; includeSubDomains",
        "Transfer-Encoding": "chunked",
        "Vary": "Accept-Encoding",
        "X-Content-Type-Options": "nosniff",
        "x-ms-correlation-request-id": "2836c559-6e68-453d-ae6b-28e9bb485dcc",
        "x-ms-ratelimit-remaining-subscription-reads": "11826",
        "x-ms-request-id": "47ca19e3-6cb2-4b66-a62f-944e4fe82b84",
        "x-ms-routing-request-id": "SOUTHEASTASIA:20230220T031951Z:2836c559-6e68-453d-ae6b-28e9bb485dcc"
      },
      "ResponseBody": {
        "name": "6c43fd22-3980-f642-9569-110e2985ac42",
        "status": "InProgress",
        "startTime": "2023-02-20T03:17:12.4755379Z"
      }
    },
    {
      "RequestUri": "https://management.azure.com/subscriptions/azure_subscription_id/providers/Microsoft.ContainerService/locations/eastus/operations/22fd436c-8039-42f6-9569-110e2985ac42?api-version=2017-08-31",
      "RequestMethod": "GET",
      "RequestHeaders": {
        "Accept": "application/json",
        "Accept-Encoding": "gzip,deflate",
        "Authorization": "Sanitized",
        "Connection": "keep-alive",
        "User-Agent": "azsdk-js-arm-containerservice/17.4.0-beta.2 core-rest-pipeline/1.10.2 Node/v16.17.0 OS/(x64-Windows_NT-10.0.22621)",
        "x-ms-client-request-id": "11277531-16dd-4e2e-a584-368ac06e5cff"
      },
      "RequestBody": null,
      "StatusCode": 200,
      "ResponseHeaders": {
        "Cache-Control": "no-cache",
        "Content-Encoding": "gzip",
        "Content-Type": "application/json",
        "Date": "Mon, 20 Feb 2023 03:19:53 GMT",
        "Expires": "-1",
        "Pragma": "no-cache",
        "Server": "nginx",
        "Strict-Transport-Security": "max-age=31536000; includeSubDomains",
        "Transfer-Encoding": "chunked",
        "Vary": "Accept-Encoding",
        "X-Content-Type-Options": "nosniff",
        "x-ms-correlation-request-id": "5a1436be-f228-4c6a-a67e-ac312da671d5",
        "x-ms-ratelimit-remaining-subscription-reads": "11825",
        "x-ms-request-id": "c5c41e6d-9c94-4cad-a04e-d0bb299b3dde",
        "x-ms-routing-request-id": "SOUTHEASTASIA:20230220T031953Z:5a1436be-f228-4c6a-a67e-ac312da671d5"
      },
      "ResponseBody": {
        "name": "6c43fd22-3980-f642-9569-110e2985ac42",
        "status": "InProgress",
        "startTime": "2023-02-20T03:17:12.4755379Z"
      }
    },
    {
      "RequestUri": "https://management.azure.com/subscriptions/azure_subscription_id/providers/Microsoft.ContainerService/locations/eastus/operations/22fd436c-8039-42f6-9569-110e2985ac42?api-version=2017-08-31",
      "RequestMethod": "GET",
      "RequestHeaders": {
        "Accept": "application/json",
        "Accept-Encoding": "gzip,deflate",
        "Authorization": "Sanitized",
        "Connection": "keep-alive",
        "User-Agent": "azsdk-js-arm-containerservice/17.4.0-beta.2 core-rest-pipeline/1.10.2 Node/v16.17.0 OS/(x64-Windows_NT-10.0.22621)",
        "x-ms-client-request-id": "c151c2ff-5cb6-451d-9b9b-83cfefb31ab3"
      },
      "RequestBody": null,
      "StatusCode": 200,
      "ResponseHeaders": {
        "Cache-Control": "no-cache",
        "Content-Encoding": "gzip",
        "Content-Type": "application/json",
        "Date": "Mon, 20 Feb 2023 03:19:55 GMT",
        "Expires": "-1",
        "Pragma": "no-cache",
        "Server": "nginx",
        "Strict-Transport-Security": "max-age=31536000; includeSubDomains",
        "Transfer-Encoding": "chunked",
        "Vary": "Accept-Encoding",
        "X-Content-Type-Options": "nosniff",
        "x-ms-correlation-request-id": "5483fafb-7d5d-4bb0-accb-c259ad10902f",
        "x-ms-ratelimit-remaining-subscription-reads": "11824",
        "x-ms-request-id": "ecf62004-9e43-4a16-89f3-5ef0b46431c1",
        "x-ms-routing-request-id": "SOUTHEASTASIA:20230220T031956Z:5483fafb-7d5d-4bb0-accb-c259ad10902f"
      },
      "ResponseBody": {
        "name": "6c43fd22-3980-f642-9569-110e2985ac42",
        "status": "InProgress",
        "startTime": "2023-02-20T03:17:12.4755379Z"
      }
    },
    {
      "RequestUri": "https://management.azure.com/subscriptions/azure_subscription_id/providers/Microsoft.ContainerService/locations/eastus/operations/22fd436c-8039-42f6-9569-110e2985ac42?api-version=2017-08-31",
      "RequestMethod": "GET",
      "RequestHeaders": {
        "Accept": "application/json",
        "Accept-Encoding": "gzip,deflate",
        "Authorization": "Sanitized",
        "Connection": "keep-alive",
        "User-Agent": "azsdk-js-arm-containerservice/17.4.0-beta.2 core-rest-pipeline/1.10.2 Node/v16.17.0 OS/(x64-Windows_NT-10.0.22621)",
        "x-ms-client-request-id": "7a90f4af-30fa-4f50-9c34-8ad60fb396e3"
      },
      "RequestBody": null,
      "StatusCode": 200,
      "ResponseHeaders": {
        "Cache-Control": "no-cache",
        "Content-Encoding": "gzip",
        "Content-Type": "application/json",
        "Date": "Mon, 20 Feb 2023 03:19:57 GMT",
        "Expires": "-1",
        "Pragma": "no-cache",
        "Server": "nginx",
        "Strict-Transport-Security": "max-age=31536000; includeSubDomains",
        "Transfer-Encoding": "chunked",
        "Vary": "Accept-Encoding",
        "X-Content-Type-Options": "nosniff",
        "x-ms-correlation-request-id": "b0ad833b-23c4-4109-ac4e-17ff9497c197",
        "x-ms-ratelimit-remaining-subscription-reads": "11823",
        "x-ms-request-id": "63342c5c-781e-4149-a001-c3f0f91f2af3",
        "x-ms-routing-request-id": "SOUTHEASTASIA:20230220T031958Z:b0ad833b-23c4-4109-ac4e-17ff9497c197"
      },
      "ResponseBody": {
        "name": "6c43fd22-3980-f642-9569-110e2985ac42",
        "status": "InProgress",
        "startTime": "2023-02-20T03:17:12.4755379Z"
      }
    },
    {
      "RequestUri": "https://management.azure.com/subscriptions/azure_subscription_id/providers/Microsoft.ContainerService/locations/eastus/operations/22fd436c-8039-42f6-9569-110e2985ac42?api-version=2017-08-31",
      "RequestMethod": "GET",
      "RequestHeaders": {
        "Accept": "application/json",
        "Accept-Encoding": "gzip,deflate",
        "Authorization": "Sanitized",
        "Connection": "keep-alive",
        "User-Agent": "azsdk-js-arm-containerservice/17.4.0-beta.2 core-rest-pipeline/1.10.2 Node/v16.17.0 OS/(x64-Windows_NT-10.0.22621)",
        "x-ms-client-request-id": "e40b7375-bc53-4210-9bbd-5ee227c5af56"
      },
      "RequestBody": null,
      "StatusCode": 200,
      "ResponseHeaders": {
        "Cache-Control": "no-cache",
        "Content-Encoding": "gzip",
        "Content-Type": "application/json",
        "Date": "Mon, 20 Feb 2023 03:20:00 GMT",
        "Expires": "-1",
        "Pragma": "no-cache",
        "Server": "nginx",
        "Strict-Transport-Security": "max-age=31536000; includeSubDomains",
        "Transfer-Encoding": "chunked",
        "Vary": "Accept-Encoding",
        "X-Content-Type-Options": "nosniff",
        "x-ms-correlation-request-id": "221c9e46-445c-4ec4-b295-d5a154292dbe",
        "x-ms-ratelimit-remaining-subscription-reads": "11822",
        "x-ms-request-id": "be3b21c9-2980-4ad4-9c6a-2db586403a34",
        "x-ms-routing-request-id": "SOUTHEASTASIA:20230220T032000Z:221c9e46-445c-4ec4-b295-d5a154292dbe"
      },
      "ResponseBody": {
        "name": "6c43fd22-3980-f642-9569-110e2985ac42",
        "status": "InProgress",
        "startTime": "2023-02-20T03:17:12.4755379Z"
      }
    },
    {
      "RequestUri": "https://management.azure.com/subscriptions/azure_subscription_id/providers/Microsoft.ContainerService/locations/eastus/operations/22fd436c-8039-42f6-9569-110e2985ac42?api-version=2017-08-31",
      "RequestMethod": "GET",
      "RequestHeaders": {
        "Accept": "application/json",
        "Accept-Encoding": "gzip,deflate",
        "Authorization": "Sanitized",
        "Connection": "keep-alive",
        "User-Agent": "azsdk-js-arm-containerservice/17.4.0-beta.2 core-rest-pipeline/1.10.2 Node/v16.17.0 OS/(x64-Windows_NT-10.0.22621)",
        "x-ms-client-request-id": "92db3b34-7ea6-4ba9-85f3-1e268d149d16"
      },
      "RequestBody": null,
      "StatusCode": 200,
      "ResponseHeaders": {
        "Cache-Control": "no-cache",
        "Content-Encoding": "gzip",
        "Content-Type": "application/json",
        "Date": "Mon, 20 Feb 2023 03:20:02 GMT",
        "Expires": "-1",
        "Pragma": "no-cache",
        "Server": "nginx",
        "Strict-Transport-Security": "max-age=31536000; includeSubDomains",
        "Transfer-Encoding": "chunked",
        "Vary": "Accept-Encoding",
        "X-Content-Type-Options": "nosniff",
        "x-ms-correlation-request-id": "95e2e4c4-ae11-43ee-81f1-2e1f399c99aa",
        "x-ms-ratelimit-remaining-subscription-reads": "11821",
        "x-ms-request-id": "2cc5794e-4bbd-4f24-bb76-c0b26be33eba",
        "x-ms-routing-request-id": "SOUTHEASTASIA:20230220T032003Z:95e2e4c4-ae11-43ee-81f1-2e1f399c99aa"
      },
      "ResponseBody": {
        "name": "6c43fd22-3980-f642-9569-110e2985ac42",
        "status": "InProgress",
        "startTime": "2023-02-20T03:17:12.4755379Z"
      }
    },
    {
      "RequestUri": "https://management.azure.com/subscriptions/azure_subscription_id/providers/Microsoft.ContainerService/locations/eastus/operations/22fd436c-8039-42f6-9569-110e2985ac42?api-version=2017-08-31",
      "RequestMethod": "GET",
      "RequestHeaders": {
        "Accept": "application/json",
        "Accept-Encoding": "gzip,deflate",
        "Authorization": "Sanitized",
        "Connection": "keep-alive",
        "User-Agent": "azsdk-js-arm-containerservice/17.4.0-beta.2 core-rest-pipeline/1.10.2 Node/v16.17.0 OS/(x64-Windows_NT-10.0.22621)",
        "x-ms-client-request-id": "9048beff-6169-43c5-a770-649943933c21"
      },
      "RequestBody": null,
      "StatusCode": 200,
      "ResponseHeaders": {
        "Cache-Control": "no-cache",
        "Content-Encoding": "gzip",
        "Content-Type": "application/json",
        "Date": "Mon, 20 Feb 2023 03:20:04 GMT",
        "Expires": "-1",
        "Pragma": "no-cache",
        "Server": "nginx",
        "Strict-Transport-Security": "max-age=31536000; includeSubDomains",
        "Transfer-Encoding": "chunked",
        "Vary": "Accept-Encoding",
        "X-Content-Type-Options": "nosniff",
        "x-ms-correlation-request-id": "f2de99fe-2ebb-491e-9211-547f6548fe59",
        "x-ms-ratelimit-remaining-subscription-reads": "11820",
        "x-ms-request-id": "e53106a4-5b6c-4181-93f0-fedc21b3d013",
        "x-ms-routing-request-id": "SOUTHEASTASIA:20230220T032005Z:f2de99fe-2ebb-491e-9211-547f6548fe59"
      },
      "ResponseBody": {
        "name": "6c43fd22-3980-f642-9569-110e2985ac42",
        "status": "InProgress",
        "startTime": "2023-02-20T03:17:12.4755379Z"
      }
    },
    {
      "RequestUri": "https://management.azure.com/subscriptions/azure_subscription_id/providers/Microsoft.ContainerService/locations/eastus/operations/22fd436c-8039-42f6-9569-110e2985ac42?api-version=2017-08-31",
      "RequestMethod": "GET",
      "RequestHeaders": {
        "Accept": "application/json",
        "Accept-Encoding": "gzip,deflate",
        "Authorization": "Sanitized",
        "Connection": "keep-alive",
        "User-Agent": "azsdk-js-arm-containerservice/17.4.0-beta.2 core-rest-pipeline/1.10.2 Node/v16.17.0 OS/(x64-Windows_NT-10.0.22621)",
        "x-ms-client-request-id": "115944c0-1a77-48fa-88ea-aae62b455f88"
      },
      "RequestBody": null,
      "StatusCode": 200,
      "ResponseHeaders": {
        "Cache-Control": "no-cache",
        "Content-Encoding": "gzip",
        "Content-Type": "application/json",
        "Date": "Mon, 20 Feb 2023 03:20:07 GMT",
        "Expires": "-1",
        "Pragma": "no-cache",
        "Server": "nginx",
        "Strict-Transport-Security": "max-age=31536000; includeSubDomains",
        "Transfer-Encoding": "chunked",
        "Vary": "Accept-Encoding",
        "X-Content-Type-Options": "nosniff",
        "x-ms-correlation-request-id": "f646a300-dd44-4bd4-a3ba-eedaad4f9299",
        "x-ms-ratelimit-remaining-subscription-reads": "11819",
        "x-ms-request-id": "32831b5a-7d79-40e4-b0da-d3012c5205ae",
        "x-ms-routing-request-id": "SOUTHEASTASIA:20230220T032007Z:f646a300-dd44-4bd4-a3ba-eedaad4f9299"
      },
      "ResponseBody": {
        "name": "6c43fd22-3980-f642-9569-110e2985ac42",
        "status": "InProgress",
        "startTime": "2023-02-20T03:17:12.4755379Z"
      }
    },
    {
      "RequestUri": "https://management.azure.com/subscriptions/azure_subscription_id/providers/Microsoft.ContainerService/locations/eastus/operations/22fd436c-8039-42f6-9569-110e2985ac42?api-version=2017-08-31",
      "RequestMethod": "GET",
      "RequestHeaders": {
        "Accept": "application/json",
        "Accept-Encoding": "gzip,deflate",
        "Authorization": "Sanitized",
        "Connection": "keep-alive",
        "User-Agent": "azsdk-js-arm-containerservice/17.4.0-beta.2 core-rest-pipeline/1.10.2 Node/v16.17.0 OS/(x64-Windows_NT-10.0.22621)",
        "x-ms-client-request-id": "836875b9-0181-4cdd-9ade-a6414076c498"
      },
      "RequestBody": null,
      "StatusCode": 200,
      "ResponseHeaders": {
        "Cache-Control": "no-cache",
        "Content-Encoding": "gzip",
        "Content-Type": "application/json",
        "Date": "Mon, 20 Feb 2023 03:20:09 GMT",
        "Expires": "-1",
        "Pragma": "no-cache",
        "Server": "nginx",
        "Strict-Transport-Security": "max-age=31536000; includeSubDomains",
        "Transfer-Encoding": "chunked",
        "Vary": "Accept-Encoding",
        "X-Content-Type-Options": "nosniff",
        "x-ms-correlation-request-id": "5fc0e011-f0e9-42c7-aa45-e4c1dac24fe3",
        "x-ms-ratelimit-remaining-subscription-reads": "11818",
        "x-ms-request-id": "b3fb98de-f853-4867-8a73-d9e07d3680e1",
        "x-ms-routing-request-id": "SOUTHEASTASIA:20230220T032010Z:5fc0e011-f0e9-42c7-aa45-e4c1dac24fe3"
      },
      "ResponseBody": {
        "name": "6c43fd22-3980-f642-9569-110e2985ac42",
        "status": "InProgress",
        "startTime": "2023-02-20T03:17:12.4755379Z"
      }
    },
    {
      "RequestUri": "https://management.azure.com/subscriptions/azure_subscription_id/providers/Microsoft.ContainerService/locations/eastus/operations/22fd436c-8039-42f6-9569-110e2985ac42?api-version=2017-08-31",
      "RequestMethod": "GET",
      "RequestHeaders": {
        "Accept": "application/json",
        "Accept-Encoding": "gzip,deflate",
        "Authorization": "Sanitized",
        "Connection": "keep-alive",
        "User-Agent": "azsdk-js-arm-containerservice/17.4.0-beta.2 core-rest-pipeline/1.10.2 Node/v16.17.0 OS/(x64-Windows_NT-10.0.22621)",
        "x-ms-client-request-id": "6dba809c-bd5e-4200-88de-4c8808c66420"
      },
      "RequestBody": null,
      "StatusCode": 200,
      "ResponseHeaders": {
        "Cache-Control": "no-cache",
        "Content-Encoding": "gzip",
        "Content-Type": "application/json",
        "Date": "Mon, 20 Feb 2023 03:20:12 GMT",
        "Expires": "-1",
        "Pragma": "no-cache",
        "Server": "nginx",
        "Strict-Transport-Security": "max-age=31536000; includeSubDomains",
        "Transfer-Encoding": "chunked",
        "Vary": "Accept-Encoding",
        "X-Content-Type-Options": "nosniff",
        "x-ms-correlation-request-id": "e1add262-8172-4a14-a919-f4aff58c746f",
        "x-ms-ratelimit-remaining-subscription-reads": "11817",
        "x-ms-request-id": "dddf5e95-c97f-4b16-999a-8efeba6d4d54",
        "x-ms-routing-request-id": "SOUTHEASTASIA:20230220T032012Z:e1add262-8172-4a14-a919-f4aff58c746f"
      },
      "ResponseBody": {
        "name": "6c43fd22-3980-f642-9569-110e2985ac42",
        "status": "InProgress",
        "startTime": "2023-02-20T03:17:12.4755379Z"
      }
    },
    {
      "RequestUri": "https://management.azure.com/subscriptions/azure_subscription_id/providers/Microsoft.ContainerService/locations/eastus/operations/22fd436c-8039-42f6-9569-110e2985ac42?api-version=2017-08-31",
      "RequestMethod": "GET",
      "RequestHeaders": {
        "Accept": "application/json",
        "Accept-Encoding": "gzip,deflate",
        "Authorization": "Sanitized",
        "Connection": "keep-alive",
        "User-Agent": "azsdk-js-arm-containerservice/17.4.0-beta.2 core-rest-pipeline/1.10.2 Node/v16.17.0 OS/(x64-Windows_NT-10.0.22621)",
        "x-ms-client-request-id": "b161e83c-0969-42d2-a407-fce43287c1cd"
      },
      "RequestBody": null,
      "StatusCode": 200,
      "ResponseHeaders": {
        "Cache-Control": "no-cache",
        "Content-Encoding": "gzip",
        "Content-Type": "application/json",
        "Date": "Mon, 20 Feb 2023 03:20:14 GMT",
        "Expires": "-1",
        "Pragma": "no-cache",
        "Server": "nginx",
        "Strict-Transport-Security": "max-age=31536000; includeSubDomains",
        "Transfer-Encoding": "chunked",
        "Vary": "Accept-Encoding",
        "X-Content-Type-Options": "nosniff",
        "x-ms-correlation-request-id": "c0aa9068-80ce-444b-856a-95aa65a7300e",
        "x-ms-ratelimit-remaining-subscription-reads": "11816",
        "x-ms-request-id": "6f5485e5-83a5-48b8-84bb-f43f2285684a",
        "x-ms-routing-request-id": "SOUTHEASTASIA:20230220T032015Z:c0aa9068-80ce-444b-856a-95aa65a7300e"
      },
      "ResponseBody": {
        "name": "6c43fd22-3980-f642-9569-110e2985ac42",
        "status": "InProgress",
        "startTime": "2023-02-20T03:17:12.4755379Z"
      }
    },
    {
      "RequestUri": "https://management.azure.com/subscriptions/azure_subscription_id/providers/Microsoft.ContainerService/locations/eastus/operations/22fd436c-8039-42f6-9569-110e2985ac42?api-version=2017-08-31",
      "RequestMethod": "GET",
      "RequestHeaders": {
        "Accept": "application/json",
        "Accept-Encoding": "gzip,deflate",
        "Authorization": "Sanitized",
        "Connection": "keep-alive",
        "User-Agent": "azsdk-js-arm-containerservice/17.4.0-beta.2 core-rest-pipeline/1.10.2 Node/v16.17.0 OS/(x64-Windows_NT-10.0.22621)",
        "x-ms-client-request-id": "341288eb-a778-46d4-9f99-c739eed5edf6"
      },
      "RequestBody": null,
      "StatusCode": 200,
      "ResponseHeaders": {
        "Cache-Control": "no-cache",
        "Content-Encoding": "gzip",
        "Content-Type": "application/json",
        "Date": "Mon, 20 Feb 2023 03:20:16 GMT",
        "Expires": "-1",
        "Pragma": "no-cache",
        "Server": "nginx",
        "Strict-Transport-Security": "max-age=31536000; includeSubDomains",
        "Transfer-Encoding": "chunked",
        "Vary": "Accept-Encoding",
        "X-Content-Type-Options": "nosniff",
        "x-ms-correlation-request-id": "ce4ff3b7-8b0c-44c3-9d14-5d8d8f574664",
        "x-ms-ratelimit-remaining-subscription-reads": "11815",
        "x-ms-request-id": "0d674026-8a44-470d-904c-59ed1bbf8576",
        "x-ms-routing-request-id": "SOUTHEASTASIA:20230220T032017Z:ce4ff3b7-8b0c-44c3-9d14-5d8d8f574664"
      },
      "ResponseBody": {
        "name": "6c43fd22-3980-f642-9569-110e2985ac42",
        "status": "InProgress",
        "startTime": "2023-02-20T03:17:12.4755379Z"
      }
    },
    {
      "RequestUri": "https://management.azure.com/subscriptions/azure_subscription_id/providers/Microsoft.ContainerService/locations/eastus/operations/22fd436c-8039-42f6-9569-110e2985ac42?api-version=2017-08-31",
      "RequestMethod": "GET",
      "RequestHeaders": {
        "Accept": "application/json",
        "Accept-Encoding": "gzip,deflate",
        "Authorization": "Sanitized",
        "Connection": "keep-alive",
        "User-Agent": "azsdk-js-arm-containerservice/17.4.0-beta.2 core-rest-pipeline/1.10.2 Node/v16.17.0 OS/(x64-Windows_NT-10.0.22621)",
        "x-ms-client-request-id": "48ce5599-7b18-4a07-93ba-ae17166c9963"
      },
      "RequestBody": null,
      "StatusCode": 200,
      "ResponseHeaders": {
        "Cache-Control": "no-cache",
        "Content-Encoding": "gzip",
        "Content-Type": "application/json",
        "Date": "Mon, 20 Feb 2023 03:20:19 GMT",
        "Expires": "-1",
        "Pragma": "no-cache",
        "Server": "nginx",
        "Strict-Transport-Security": "max-age=31536000; includeSubDomains",
        "Transfer-Encoding": "chunked",
        "Vary": "Accept-Encoding",
        "X-Content-Type-Options": "nosniff",
        "x-ms-correlation-request-id": "232b1275-fda7-444f-8fa4-a97d6a40849a",
        "x-ms-ratelimit-remaining-subscription-reads": "11814",
        "x-ms-request-id": "bfd2ce22-5ff6-49f6-bc4f-559a4d664090",
        "x-ms-routing-request-id": "SOUTHEASTASIA:20230220T032019Z:232b1275-fda7-444f-8fa4-a97d6a40849a"
      },
      "ResponseBody": {
        "name": "6c43fd22-3980-f642-9569-110e2985ac42",
        "status": "InProgress",
        "startTime": "2023-02-20T03:17:12.4755379Z"
      }
    },
    {
      "RequestUri": "https://management.azure.com/subscriptions/azure_subscription_id/providers/Microsoft.ContainerService/locations/eastus/operations/22fd436c-8039-42f6-9569-110e2985ac42?api-version=2017-08-31",
      "RequestMethod": "GET",
      "RequestHeaders": {
        "Accept": "application/json",
        "Accept-Encoding": "gzip,deflate",
        "Authorization": "Sanitized",
        "Connection": "keep-alive",
        "User-Agent": "azsdk-js-arm-containerservice/17.4.0-beta.2 core-rest-pipeline/1.10.2 Node/v16.17.0 OS/(x64-Windows_NT-10.0.22621)",
        "x-ms-client-request-id": "3e225550-bfe6-4bdb-b803-bc4acf590679"
      },
      "RequestBody": null,
      "StatusCode": 200,
      "ResponseHeaders": {
        "Cache-Control": "no-cache",
        "Content-Encoding": "gzip",
        "Content-Type": "application/json",
        "Date": "Mon, 20 Feb 2023 03:20:21 GMT",
        "Expires": "-1",
        "Pragma": "no-cache",
        "Server": "nginx",
        "Strict-Transport-Security": "max-age=31536000; includeSubDomains",
        "Transfer-Encoding": "chunked",
        "Vary": "Accept-Encoding",
        "X-Content-Type-Options": "nosniff",
        "x-ms-correlation-request-id": "dd939fcd-1077-4a75-a0ad-39569ea065f0",
        "x-ms-ratelimit-remaining-subscription-reads": "11813",
        "x-ms-request-id": "60f06ce3-dc39-48fd-a666-3bf47daee950",
        "x-ms-routing-request-id": "SOUTHEASTASIA:20230220T032022Z:dd939fcd-1077-4a75-a0ad-39569ea065f0"
      },
      "ResponseBody": {
        "name": "6c43fd22-3980-f642-9569-110e2985ac42",
        "status": "InProgress",
        "startTime": "2023-02-20T03:17:12.4755379Z"
      }
    },
    {
      "RequestUri": "https://management.azure.com/subscriptions/azure_subscription_id/providers/Microsoft.ContainerService/locations/eastus/operations/22fd436c-8039-42f6-9569-110e2985ac42?api-version=2017-08-31",
      "RequestMethod": "GET",
      "RequestHeaders": {
        "Accept": "application/json",
        "Accept-Encoding": "gzip,deflate",
        "Authorization": "Sanitized",
        "Connection": "keep-alive",
        "User-Agent": "azsdk-js-arm-containerservice/17.4.0-beta.2 core-rest-pipeline/1.10.2 Node/v16.17.0 OS/(x64-Windows_NT-10.0.22621)",
        "x-ms-client-request-id": "8527ab09-e747-44cf-b659-3e026c7ec8e0"
      },
      "RequestBody": null,
      "StatusCode": 200,
      "ResponseHeaders": {
        "Cache-Control": "no-cache",
        "Content-Encoding": "gzip",
        "Content-Type": "application/json",
        "Date": "Mon, 20 Feb 2023 03:20:23 GMT",
        "Expires": "-1",
        "Pragma": "no-cache",
        "Server": "nginx",
        "Strict-Transport-Security": "max-age=31536000; includeSubDomains",
        "Transfer-Encoding": "chunked",
        "Vary": "Accept-Encoding",
        "X-Content-Type-Options": "nosniff",
        "x-ms-correlation-request-id": "bc26f07a-1d77-404f-807b-e8d415ac8a9b",
        "x-ms-ratelimit-remaining-subscription-reads": "11812",
        "x-ms-request-id": "f115b254-4cf9-4b2b-b206-7aa1601cdf73",
        "x-ms-routing-request-id": "SOUTHEASTASIA:20230220T032024Z:bc26f07a-1d77-404f-807b-e8d415ac8a9b"
      },
      "ResponseBody": {
        "name": "6c43fd22-3980-f642-9569-110e2985ac42",
        "status": "InProgress",
        "startTime": "2023-02-20T03:17:12.4755379Z"
      }
    },
    {
      "RequestUri": "https://management.azure.com/subscriptions/azure_subscription_id/providers/Microsoft.ContainerService/locations/eastus/operations/22fd436c-8039-42f6-9569-110e2985ac42?api-version=2017-08-31",
      "RequestMethod": "GET",
      "RequestHeaders": {
        "Accept": "application/json",
        "Accept-Encoding": "gzip,deflate",
        "Authorization": "Sanitized",
        "Connection": "keep-alive",
        "User-Agent": "azsdk-js-arm-containerservice/17.4.0-beta.2 core-rest-pipeline/1.10.2 Node/v16.17.0 OS/(x64-Windows_NT-10.0.22621)",
        "x-ms-client-request-id": "38f309b2-0279-408a-8fdf-258d3244cd7e"
      },
      "RequestBody": null,
      "StatusCode": 200,
      "ResponseHeaders": {
        "Cache-Control": "no-cache",
        "Content-Encoding": "gzip",
        "Content-Type": "application/json",
        "Date": "Mon, 20 Feb 2023 03:20:26 GMT",
        "Expires": "-1",
        "Pragma": "no-cache",
        "Server": "nginx",
        "Strict-Transport-Security": "max-age=31536000; includeSubDomains",
        "Transfer-Encoding": "chunked",
        "Vary": "Accept-Encoding",
        "X-Content-Type-Options": "nosniff",
        "x-ms-correlation-request-id": "a55dc53c-bf03-4b7a-a031-c9870556d045",
        "x-ms-ratelimit-remaining-subscription-reads": "11811",
        "x-ms-request-id": "6dff056a-752a-4202-9ec6-eb52692cc59e",
        "x-ms-routing-request-id": "SOUTHEASTASIA:20230220T032027Z:a55dc53c-bf03-4b7a-a031-c9870556d045"
      },
      "ResponseBody": {
        "name": "6c43fd22-3980-f642-9569-110e2985ac42",
        "status": "InProgress",
        "startTime": "2023-02-20T03:17:12.4755379Z"
      }
    },
    {
      "RequestUri": "https://management.azure.com/subscriptions/azure_subscription_id/providers/Microsoft.ContainerService/locations/eastus/operations/22fd436c-8039-42f6-9569-110e2985ac42?api-version=2017-08-31",
      "RequestMethod": "GET",
      "RequestHeaders": {
        "Accept": "application/json",
        "Accept-Encoding": "gzip,deflate",
        "Authorization": "Sanitized",
        "Connection": "keep-alive",
        "User-Agent": "azsdk-js-arm-containerservice/17.4.0-beta.2 core-rest-pipeline/1.10.2 Node/v16.17.0 OS/(x64-Windows_NT-10.0.22621)",
        "x-ms-client-request-id": "e2b70f6e-0e27-43dd-af99-054146bbf2b7"
      },
      "RequestBody": null,
      "StatusCode": 200,
      "ResponseHeaders": {
        "Cache-Control": "no-cache",
        "Content-Encoding": "gzip",
        "Content-Type": "application/json",
        "Date": "Mon, 20 Feb 2023 03:20:28 GMT",
        "Expires": "-1",
        "Pragma": "no-cache",
        "Server": "nginx",
        "Strict-Transport-Security": "max-age=31536000; includeSubDomains",
        "Transfer-Encoding": "chunked",
        "Vary": "Accept-Encoding",
        "X-Content-Type-Options": "nosniff",
        "x-ms-correlation-request-id": "3d093c4d-9511-4cea-bfd2-af35b5863f5b",
        "x-ms-ratelimit-remaining-subscription-reads": "11810",
        "x-ms-request-id": "b582907d-6a1e-41ee-99d0-46aeaa0f9bd8",
        "x-ms-routing-request-id": "SOUTHEASTASIA:20230220T032029Z:3d093c4d-9511-4cea-bfd2-af35b5863f5b"
      },
      "ResponseBody": {
        "name": "6c43fd22-3980-f642-9569-110e2985ac42",
        "status": "InProgress",
        "startTime": "2023-02-20T03:17:12.4755379Z"
      }
    },
    {
      "RequestUri": "https://management.azure.com/subscriptions/azure_subscription_id/providers/Microsoft.ContainerService/locations/eastus/operations/22fd436c-8039-42f6-9569-110e2985ac42?api-version=2017-08-31",
      "RequestMethod": "GET",
      "RequestHeaders": {
        "Accept": "application/json",
        "Accept-Encoding": "gzip,deflate",
        "Authorization": "Sanitized",
        "Connection": "keep-alive",
        "User-Agent": "azsdk-js-arm-containerservice/17.4.0-beta.2 core-rest-pipeline/1.10.2 Node/v16.17.0 OS/(x64-Windows_NT-10.0.22621)",
        "x-ms-client-request-id": "f0c4e73b-36cb-46db-964c-e3b95d2b9c37"
      },
      "RequestBody": null,
      "StatusCode": 200,
      "ResponseHeaders": {
        "Cache-Control": "no-cache",
        "Content-Encoding": "gzip",
        "Content-Type": "application/json",
        "Date": "Mon, 20 Feb 2023 03:20:31 GMT",
        "Expires": "-1",
        "Pragma": "no-cache",
        "Server": "nginx",
        "Strict-Transport-Security": "max-age=31536000; includeSubDomains",
        "Transfer-Encoding": "chunked",
        "Vary": "Accept-Encoding",
        "X-Content-Type-Options": "nosniff",
        "x-ms-correlation-request-id": "eccc19c6-aa5d-4237-a42b-9a9937683c3f",
        "x-ms-ratelimit-remaining-subscription-reads": "11809",
        "x-ms-request-id": "b06adeb4-a8dc-412d-8d34-324c6ca47b66",
        "x-ms-routing-request-id": "SOUTHEASTASIA:20230220T032031Z:eccc19c6-aa5d-4237-a42b-9a9937683c3f"
      },
      "ResponseBody": {
        "name": "6c43fd22-3980-f642-9569-110e2985ac42",
        "status": "InProgress",
        "startTime": "2023-02-20T03:17:12.4755379Z"
      }
    },
    {
      "RequestUri": "https://management.azure.com/subscriptions/azure_subscription_id/providers/Microsoft.ContainerService/locations/eastus/operations/22fd436c-8039-42f6-9569-110e2985ac42?api-version=2017-08-31",
      "RequestMethod": "GET",
      "RequestHeaders": {
        "Accept": "application/json",
        "Accept-Encoding": "gzip,deflate",
        "Authorization": "Sanitized",
        "Connection": "keep-alive",
        "User-Agent": "azsdk-js-arm-containerservice/17.4.0-beta.2 core-rest-pipeline/1.10.2 Node/v16.17.0 OS/(x64-Windows_NT-10.0.22621)",
        "x-ms-client-request-id": "9bb9c05d-3837-44a6-81d0-e62d35ea4e0d"
      },
      "RequestBody": null,
      "StatusCode": 200,
      "ResponseHeaders": {
        "Cache-Control": "no-cache",
        "Content-Encoding": "gzip",
        "Content-Type": "application/json",
        "Date": "Mon, 20 Feb 2023 03:20:33 GMT",
        "Expires": "-1",
        "Pragma": "no-cache",
        "Server": "nginx",
        "Strict-Transport-Security": "max-age=31536000; includeSubDomains",
        "Transfer-Encoding": "chunked",
        "Vary": "Accept-Encoding",
        "X-Content-Type-Options": "nosniff",
        "x-ms-correlation-request-id": "4855d4c3-fda8-4a9b-875b-5d2ace8756ca",
        "x-ms-ratelimit-remaining-subscription-reads": "11808",
        "x-ms-request-id": "c4f9aba3-2595-4d17-8f82-a77f88fd63ab",
        "x-ms-routing-request-id": "SOUTHEASTASIA:20230220T032034Z:4855d4c3-fda8-4a9b-875b-5d2ace8756ca"
      },
      "ResponseBody": {
        "name": "6c43fd22-3980-f642-9569-110e2985ac42",
        "status": "InProgress",
        "startTime": "2023-02-20T03:17:12.4755379Z"
      }
    },
    {
      "RequestUri": "https://management.azure.com/subscriptions/azure_subscription_id/providers/Microsoft.ContainerService/locations/eastus/operations/22fd436c-8039-42f6-9569-110e2985ac42?api-version=2017-08-31",
      "RequestMethod": "GET",
      "RequestHeaders": {
        "Accept": "application/json",
        "Accept-Encoding": "gzip,deflate",
        "Authorization": "Sanitized",
        "Connection": "keep-alive",
        "User-Agent": "azsdk-js-arm-containerservice/17.4.0-beta.2 core-rest-pipeline/1.10.2 Node/v16.17.0 OS/(x64-Windows_NT-10.0.22621)",
        "x-ms-client-request-id": "c5cbef44-6d50-45cc-81d5-6dc419264514"
      },
      "RequestBody": null,
      "StatusCode": 200,
      "ResponseHeaders": {
        "Cache-Control": "no-cache",
        "Content-Encoding": "gzip",
        "Content-Type": "application/json",
        "Date": "Mon, 20 Feb 2023 03:20:35 GMT",
        "Expires": "-1",
        "Pragma": "no-cache",
        "Server": "nginx",
        "Strict-Transport-Security": "max-age=31536000; includeSubDomains",
        "Transfer-Encoding": "chunked",
        "Vary": "Accept-Encoding",
        "X-Content-Type-Options": "nosniff",
        "x-ms-correlation-request-id": "5a935695-60ad-4286-ac1d-19877ce91f96",
        "x-ms-ratelimit-remaining-subscription-reads": "11807",
        "x-ms-request-id": "51df9926-7aed-492c-85fb-b8be57405625",
        "x-ms-routing-request-id": "SOUTHEASTASIA:20230220T032036Z:5a935695-60ad-4286-ac1d-19877ce91f96"
      },
      "ResponseBody": {
        "name": "6c43fd22-3980-f642-9569-110e2985ac42",
        "status": "InProgress",
        "startTime": "2023-02-20T03:17:12.4755379Z"
      }
    },
    {
      "RequestUri": "https://management.azure.com/subscriptions/azure_subscription_id/providers/Microsoft.ContainerService/locations/eastus/operations/22fd436c-8039-42f6-9569-110e2985ac42?api-version=2017-08-31",
      "RequestMethod": "GET",
      "RequestHeaders": {
        "Accept": "application/json",
        "Accept-Encoding": "gzip,deflate",
        "Authorization": "Sanitized",
        "Connection": "keep-alive",
        "User-Agent": "azsdk-js-arm-containerservice/17.4.0-beta.2 core-rest-pipeline/1.10.2 Node/v16.17.0 OS/(x64-Windows_NT-10.0.22621)",
        "x-ms-client-request-id": "97564708-f62f-4867-8787-15a9cad11f2f"
      },
      "RequestBody": null,
      "StatusCode": 200,
      "ResponseHeaders": {
        "Cache-Control": "no-cache",
        "Content-Encoding": "gzip",
        "Content-Type": "application/json",
        "Date": "Mon, 20 Feb 2023 03:20:38 GMT",
        "Expires": "-1",
        "Pragma": "no-cache",
        "Server": "nginx",
        "Strict-Transport-Security": "max-age=31536000; includeSubDomains",
        "Transfer-Encoding": "chunked",
        "Vary": "Accept-Encoding",
        "X-Content-Type-Options": "nosniff",
        "x-ms-correlation-request-id": "a88d6c5b-830a-43f7-a205-e41b9e32176f",
        "x-ms-ratelimit-remaining-subscription-reads": "11806",
        "x-ms-request-id": "63940425-91ad-4774-9371-cbcbad1cff56",
        "x-ms-routing-request-id": "SOUTHEASTASIA:20230220T032038Z:a88d6c5b-830a-43f7-a205-e41b9e32176f"
      },
      "ResponseBody": {
        "name": "6c43fd22-3980-f642-9569-110e2985ac42",
        "status": "InProgress",
        "startTime": "2023-02-20T03:17:12.4755379Z"
      }
    },
    {
      "RequestUri": "https://management.azure.com/subscriptions/azure_subscription_id/providers/Microsoft.ContainerService/locations/eastus/operations/22fd436c-8039-42f6-9569-110e2985ac42?api-version=2017-08-31",
      "RequestMethod": "GET",
      "RequestHeaders": {
        "Accept": "application/json",
        "Accept-Encoding": "gzip,deflate",
        "Authorization": "Sanitized",
        "Connection": "keep-alive",
        "User-Agent": "azsdk-js-arm-containerservice/17.4.0-beta.2 core-rest-pipeline/1.10.2 Node/v16.17.0 OS/(x64-Windows_NT-10.0.22621)",
        "x-ms-client-request-id": "232448cb-6550-4a1e-b5ae-1fb0ea833ff2"
      },
      "RequestBody": null,
      "StatusCode": 200,
      "ResponseHeaders": {
        "Cache-Control": "no-cache",
        "Content-Encoding": "gzip",
        "Content-Type": "application/json",
        "Date": "Mon, 20 Feb 2023 03:20:40 GMT",
        "Expires": "-1",
        "Pragma": "no-cache",
        "Server": "nginx",
        "Strict-Transport-Security": "max-age=31536000; includeSubDomains",
        "Transfer-Encoding": "chunked",
        "Vary": "Accept-Encoding",
        "X-Content-Type-Options": "nosniff",
        "x-ms-correlation-request-id": "4e481be0-944d-49c3-8aeb-ecee296bb0df",
        "x-ms-ratelimit-remaining-subscription-reads": "11805",
        "x-ms-request-id": "ea51dda1-e62c-4800-9a08-30db1c2e7d6c",
        "x-ms-routing-request-id": "SOUTHEASTASIA:20230220T032041Z:4e481be0-944d-49c3-8aeb-ecee296bb0df"
      },
      "ResponseBody": {
        "name": "6c43fd22-3980-f642-9569-110e2985ac42",
        "status": "InProgress",
        "startTime": "2023-02-20T03:17:12.4755379Z"
      }
    },
    {
      "RequestUri": "https://management.azure.com/subscriptions/azure_subscription_id/providers/Microsoft.ContainerService/locations/eastus/operations/22fd436c-8039-42f6-9569-110e2985ac42?api-version=2017-08-31",
      "RequestMethod": "GET",
      "RequestHeaders": {
        "Accept": "application/json",
        "Accept-Encoding": "gzip,deflate",
        "Authorization": "Sanitized",
        "Connection": "keep-alive",
        "User-Agent": "azsdk-js-arm-containerservice/17.4.0-beta.2 core-rest-pipeline/1.10.2 Node/v16.17.0 OS/(x64-Windows_NT-10.0.22621)",
        "x-ms-client-request-id": "dbd86e3c-1633-402c-9c7d-0d5f8a84996b"
      },
      "RequestBody": null,
      "StatusCode": 200,
      "ResponseHeaders": {
        "Cache-Control": "no-cache",
        "Content-Encoding": "gzip",
        "Content-Type": "application/json",
        "Date": "Mon, 20 Feb 2023 03:20:42 GMT",
        "Expires": "-1",
        "Pragma": "no-cache",
        "Server": "nginx",
        "Strict-Transport-Security": "max-age=31536000; includeSubDomains",
        "Transfer-Encoding": "chunked",
        "Vary": "Accept-Encoding",
        "X-Content-Type-Options": "nosniff",
        "x-ms-correlation-request-id": "23d5e23d-c10d-4f0c-8abd-c4af23ac3e2d",
        "x-ms-ratelimit-remaining-subscription-reads": "11804",
        "x-ms-request-id": "13ca5391-9529-4b9e-afa2-6a57d46c6263",
        "x-ms-routing-request-id": "SOUTHEASTASIA:20230220T032043Z:23d5e23d-c10d-4f0c-8abd-c4af23ac3e2d"
      },
      "ResponseBody": {
        "name": "6c43fd22-3980-f642-9569-110e2985ac42",
        "status": "InProgress",
        "startTime": "2023-02-20T03:17:12.4755379Z"
      }
    },
    {
      "RequestUri": "https://management.azure.com/subscriptions/azure_subscription_id/providers/Microsoft.ContainerService/locations/eastus/operations/22fd436c-8039-42f6-9569-110e2985ac42?api-version=2017-08-31",
      "RequestMethod": "GET",
      "RequestHeaders": {
        "Accept": "application/json",
        "Accept-Encoding": "gzip,deflate",
        "Authorization": "Sanitized",
        "Connection": "keep-alive",
        "User-Agent": "azsdk-js-arm-containerservice/17.4.0-beta.2 core-rest-pipeline/1.10.2 Node/v16.17.0 OS/(x64-Windows_NT-10.0.22621)",
        "x-ms-client-request-id": "39f88bb7-a19e-4dc0-b80c-f36d7de32303"
      },
      "RequestBody": null,
      "StatusCode": 200,
      "ResponseHeaders": {
        "Cache-Control": "no-cache",
        "Content-Encoding": "gzip",
        "Content-Type": "application/json",
        "Date": "Mon, 20 Feb 2023 03:20:45 GMT",
        "Expires": "-1",
        "Pragma": "no-cache",
        "Server": "nginx",
        "Strict-Transport-Security": "max-age=31536000; includeSubDomains",
        "Transfer-Encoding": "chunked",
        "Vary": "Accept-Encoding",
        "X-Content-Type-Options": "nosniff",
        "x-ms-correlation-request-id": "171882c0-4bcc-499c-8192-92b42ba04e39",
        "x-ms-ratelimit-remaining-subscription-reads": "11803",
        "x-ms-request-id": "79c63f06-d00f-408f-883e-8b32ba33adb5",
        "x-ms-routing-request-id": "SOUTHEASTASIA:20230220T032045Z:171882c0-4bcc-499c-8192-92b42ba04e39"
      },
      "ResponseBody": {
        "name": "6c43fd22-3980-f642-9569-110e2985ac42",
        "status": "InProgress",
        "startTime": "2023-02-20T03:17:12.4755379Z"
      }
    },
    {
      "RequestUri": "https://management.azure.com/subscriptions/azure_subscription_id/providers/Microsoft.ContainerService/locations/eastus/operations/22fd436c-8039-42f6-9569-110e2985ac42?api-version=2017-08-31",
      "RequestMethod": "GET",
      "RequestHeaders": {
        "Accept": "application/json",
        "Accept-Encoding": "gzip,deflate",
        "Authorization": "Sanitized",
        "Connection": "keep-alive",
        "User-Agent": "azsdk-js-arm-containerservice/17.4.0-beta.2 core-rest-pipeline/1.10.2 Node/v16.17.0 OS/(x64-Windows_NT-10.0.22621)",
        "x-ms-client-request-id": "6c1a9d0a-7aab-42b0-8d66-7d86144dcc59"
      },
      "RequestBody": null,
      "StatusCode": 200,
      "ResponseHeaders": {
        "Cache-Control": "no-cache",
        "Content-Encoding": "gzip",
        "Content-Type": "application/json",
        "Date": "Mon, 20 Feb 2023 03:20:47 GMT",
        "Expires": "-1",
        "Pragma": "no-cache",
        "Server": "nginx",
        "Strict-Transport-Security": "max-age=31536000; includeSubDomains",
        "Transfer-Encoding": "chunked",
        "Vary": "Accept-Encoding",
        "X-Content-Type-Options": "nosniff",
        "x-ms-correlation-request-id": "18ef60b3-90f7-485e-89b4-fcb54d22a7f4",
        "x-ms-ratelimit-remaining-subscription-reads": "11802",
        "x-ms-request-id": "e1a31444-ecef-4adf-a82e-e61a6288113a",
        "x-ms-routing-request-id": "SOUTHEASTASIA:20230220T032048Z:18ef60b3-90f7-485e-89b4-fcb54d22a7f4"
      },
      "ResponseBody": {
        "name": "6c43fd22-3980-f642-9569-110e2985ac42",
        "status": "InProgress",
        "startTime": "2023-02-20T03:17:12.4755379Z"
      }
    },
    {
      "RequestUri": "https://management.azure.com/subscriptions/azure_subscription_id/providers/Microsoft.ContainerService/locations/eastus/operations/22fd436c-8039-42f6-9569-110e2985ac42?api-version=2017-08-31",
      "RequestMethod": "GET",
      "RequestHeaders": {
        "Accept": "application/json",
        "Accept-Encoding": "gzip,deflate",
        "Authorization": "Sanitized",
        "Connection": "keep-alive",
        "User-Agent": "azsdk-js-arm-containerservice/17.4.0-beta.2 core-rest-pipeline/1.10.2 Node/v16.17.0 OS/(x64-Windows_NT-10.0.22621)",
        "x-ms-client-request-id": "ac7122bb-3fe0-49ec-9381-1798dc3063af"
      },
      "RequestBody": null,
      "StatusCode": 200,
      "ResponseHeaders": {
        "Cache-Control": "no-cache",
        "Content-Encoding": "gzip",
        "Content-Type": "application/json",
        "Date": "Mon, 20 Feb 2023 03:20:49 GMT",
        "Expires": "-1",
        "Pragma": "no-cache",
        "Server": "nginx",
        "Strict-Transport-Security": "max-age=31536000; includeSubDomains",
        "Transfer-Encoding": "chunked",
        "Vary": "Accept-Encoding",
        "X-Content-Type-Options": "nosniff",
        "x-ms-correlation-request-id": "4589a519-d0a7-4134-91b0-a46f5d6736e4",
        "x-ms-ratelimit-remaining-subscription-reads": "11801",
        "x-ms-request-id": "327d5c89-2533-4c93-be66-2c63b37f8ae2",
        "x-ms-routing-request-id": "SOUTHEASTASIA:20230220T032050Z:4589a519-d0a7-4134-91b0-a46f5d6736e4"
      },
      "ResponseBody": {
        "name": "6c43fd22-3980-f642-9569-110e2985ac42",
        "status": "InProgress",
        "startTime": "2023-02-20T03:17:12.4755379Z"
      }
    },
    {
      "RequestUri": "https://management.azure.com/subscriptions/azure_subscription_id/providers/Microsoft.ContainerService/locations/eastus/operations/22fd436c-8039-42f6-9569-110e2985ac42?api-version=2017-08-31",
      "RequestMethod": "GET",
      "RequestHeaders": {
        "Accept": "application/json",
        "Accept-Encoding": "gzip,deflate",
        "Authorization": "Sanitized",
        "Connection": "keep-alive",
        "User-Agent": "azsdk-js-arm-containerservice/17.4.0-beta.2 core-rest-pipeline/1.10.2 Node/v16.17.0 OS/(x64-Windows_NT-10.0.22621)",
        "x-ms-client-request-id": "7063ba56-7c02-4192-bdba-c5b240f0b659"
      },
      "RequestBody": null,
      "StatusCode": 200,
      "ResponseHeaders": {
        "Cache-Control": "no-cache",
        "Content-Encoding": "gzip",
        "Content-Type": "application/json",
        "Date": "Mon, 20 Feb 2023 03:20:52 GMT",
        "Expires": "-1",
        "Pragma": "no-cache",
        "Server": "nginx",
        "Strict-Transport-Security": "max-age=31536000; includeSubDomains",
        "Transfer-Encoding": "chunked",
        "Vary": "Accept-Encoding",
        "X-Content-Type-Options": "nosniff",
        "x-ms-correlation-request-id": "29db6376-3af9-4f01-bfc0-47cd39402e93",
        "x-ms-ratelimit-remaining-subscription-reads": "11800",
        "x-ms-request-id": "d7027fe6-8ee1-4c97-8991-dad00e4f96c6",
        "x-ms-routing-request-id": "SOUTHEASTASIA:20230220T032052Z:29db6376-3af9-4f01-bfc0-47cd39402e93"
      },
      "ResponseBody": {
        "name": "6c43fd22-3980-f642-9569-110e2985ac42",
        "status": "InProgress",
        "startTime": "2023-02-20T03:17:12.4755379Z"
      }
    },
    {
      "RequestUri": "https://management.azure.com/subscriptions/azure_subscription_id/providers/Microsoft.ContainerService/locations/eastus/operations/22fd436c-8039-42f6-9569-110e2985ac42?api-version=2017-08-31",
      "RequestMethod": "GET",
      "RequestHeaders": {
        "Accept": "application/json",
        "Accept-Encoding": "gzip,deflate",
        "Authorization": "Sanitized",
        "Connection": "keep-alive",
        "User-Agent": "azsdk-js-arm-containerservice/17.4.0-beta.2 core-rest-pipeline/1.10.2 Node/v16.17.0 OS/(x64-Windows_NT-10.0.22621)",
        "x-ms-client-request-id": "b5f7844b-2418-4f19-bffd-7b85f39f99bc"
      },
      "RequestBody": null,
      "StatusCode": 200,
      "ResponseHeaders": {
        "Cache-Control": "no-cache",
        "Content-Encoding": "gzip",
        "Content-Type": "application/json",
        "Date": "Mon, 20 Feb 2023 03:20:54 GMT",
        "Expires": "-1",
        "Pragma": "no-cache",
        "Server": "nginx",
        "Strict-Transport-Security": "max-age=31536000; includeSubDomains",
        "Transfer-Encoding": "chunked",
        "Vary": "Accept-Encoding",
        "X-Content-Type-Options": "nosniff",
        "x-ms-correlation-request-id": "aad4deaf-c968-48bb-85cb-234b62cdfa91",
        "x-ms-ratelimit-remaining-subscription-reads": "11799",
        "x-ms-request-id": "7e2c9d99-827d-4156-a86f-b19491a37b8b",
        "x-ms-routing-request-id": "SOUTHEASTASIA:20230220T032055Z:aad4deaf-c968-48bb-85cb-234b62cdfa91"
      },
      "ResponseBody": {
        "name": "6c43fd22-3980-f642-9569-110e2985ac42",
        "status": "InProgress",
        "startTime": "2023-02-20T03:17:12.4755379Z"
      }
    },
    {
      "RequestUri": "https://management.azure.com/subscriptions/azure_subscription_id/providers/Microsoft.ContainerService/locations/eastus/operations/22fd436c-8039-42f6-9569-110e2985ac42?api-version=2017-08-31",
      "RequestMethod": "GET",
      "RequestHeaders": {
        "Accept": "application/json",
        "Accept-Encoding": "gzip,deflate",
        "Authorization": "Sanitized",
        "Connection": "keep-alive",
        "User-Agent": "azsdk-js-arm-containerservice/17.4.0-beta.2 core-rest-pipeline/1.10.2 Node/v16.17.0 OS/(x64-Windows_NT-10.0.22621)",
        "x-ms-client-request-id": "a1c3d830-ef84-41da-b37b-8722e0d9dacc"
      },
      "RequestBody": null,
      "StatusCode": 200,
      "ResponseHeaders": {
        "Cache-Control": "no-cache",
        "Content-Encoding": "gzip",
        "Content-Type": "application/json",
        "Date": "Mon, 20 Feb 2023 03:20:56 GMT",
        "Expires": "-1",
        "Pragma": "no-cache",
        "Server": "nginx",
        "Strict-Transport-Security": "max-age=31536000; includeSubDomains",
        "Transfer-Encoding": "chunked",
        "Vary": "Accept-Encoding",
        "X-Content-Type-Options": "nosniff",
        "x-ms-correlation-request-id": "01704c49-ea38-4d9a-bb74-5301dcf90b9b",
        "x-ms-ratelimit-remaining-subscription-reads": "11798",
        "x-ms-request-id": "c223d612-2dcc-4efe-b10b-0036b11f9635",
        "x-ms-routing-request-id": "SOUTHEASTASIA:20230220T032057Z:01704c49-ea38-4d9a-bb74-5301dcf90b9b"
      },
      "ResponseBody": {
        "name": "6c43fd22-3980-f642-9569-110e2985ac42",
        "status": "InProgress",
        "startTime": "2023-02-20T03:17:12.4755379Z"
      }
    },
    {
      "RequestUri": "https://management.azure.com/subscriptions/azure_subscription_id/providers/Microsoft.ContainerService/locations/eastus/operations/22fd436c-8039-42f6-9569-110e2985ac42?api-version=2017-08-31",
      "RequestMethod": "GET",
      "RequestHeaders": {
        "Accept": "application/json",
        "Accept-Encoding": "gzip,deflate",
        "Authorization": "Sanitized",
        "Connection": "keep-alive",
        "User-Agent": "azsdk-js-arm-containerservice/17.4.0-beta.2 core-rest-pipeline/1.10.2 Node/v16.17.0 OS/(x64-Windows_NT-10.0.22621)",
        "x-ms-client-request-id": "1798c520-3b1e-4356-8ad6-37957a47d234"
      },
      "RequestBody": null,
      "StatusCode": 200,
      "ResponseHeaders": {
        "Cache-Control": "no-cache",
        "Content-Encoding": "gzip",
        "Content-Type": "application/json",
        "Date": "Mon, 20 Feb 2023 03:20:59 GMT",
        "Expires": "-1",
        "Pragma": "no-cache",
        "Server": "nginx",
        "Strict-Transport-Security": "max-age=31536000; includeSubDomains",
        "Transfer-Encoding": "chunked",
        "Vary": "Accept-Encoding",
        "X-Content-Type-Options": "nosniff",
        "x-ms-correlation-request-id": "b515bf11-f99d-4412-9f46-8a9d8d027b2a",
        "x-ms-ratelimit-remaining-subscription-reads": "11797",
        "x-ms-request-id": "ff994aa7-26a4-4e1c-b7b4-ca79fecac785",
        "x-ms-routing-request-id": "SOUTHEASTASIA:20230220T032100Z:b515bf11-f99d-4412-9f46-8a9d8d027b2a"
      },
      "ResponseBody": {
        "name": "6c43fd22-3980-f642-9569-110e2985ac42",
        "status": "InProgress",
        "startTime": "2023-02-20T03:17:12.4755379Z"
      }
    },
    {
      "RequestUri": "https://management.azure.com/subscriptions/azure_subscription_id/providers/Microsoft.ContainerService/locations/eastus/operations/22fd436c-8039-42f6-9569-110e2985ac42?api-version=2017-08-31",
      "RequestMethod": "GET",
      "RequestHeaders": {
        "Accept": "application/json",
        "Accept-Encoding": "gzip,deflate",
        "Authorization": "Sanitized",
        "Connection": "keep-alive",
        "User-Agent": "azsdk-js-arm-containerservice/17.4.0-beta.2 core-rest-pipeline/1.10.2 Node/v16.17.0 OS/(x64-Windows_NT-10.0.22621)",
        "x-ms-client-request-id": "7a6a38c9-36ae-4271-a32b-150b47c3000c"
      },
      "RequestBody": null,
      "StatusCode": 200,
      "ResponseHeaders": {
        "Cache-Control": "no-cache",
        "Content-Encoding": "gzip",
        "Content-Type": "application/json",
        "Date": "Mon, 20 Feb 2023 03:21:01 GMT",
        "Expires": "-1",
        "Pragma": "no-cache",
        "Server": "nginx",
        "Strict-Transport-Security": "max-age=31536000; includeSubDomains",
        "Transfer-Encoding": "chunked",
        "Vary": "Accept-Encoding",
        "X-Content-Type-Options": "nosniff",
        "x-ms-correlation-request-id": "25668b6c-5c35-4d7e-b4ca-46c3a595096c",
        "x-ms-ratelimit-remaining-subscription-reads": "11796",
        "x-ms-request-id": "f353de40-7f62-4544-bc15-83c2c9ce3125",
        "x-ms-routing-request-id": "SOUTHEASTASIA:20230220T032102Z:25668b6c-5c35-4d7e-b4ca-46c3a595096c"
      },
      "ResponseBody": {
        "name": "6c43fd22-3980-f642-9569-110e2985ac42",
        "status": "InProgress",
        "startTime": "2023-02-20T03:17:12.4755379Z"
      }
    },
    {
      "RequestUri": "https://management.azure.com/subscriptions/azure_subscription_id/providers/Microsoft.ContainerService/locations/eastus/operations/22fd436c-8039-42f6-9569-110e2985ac42?api-version=2017-08-31",
      "RequestMethod": "GET",
      "RequestHeaders": {
        "Accept": "application/json",
        "Accept-Encoding": "gzip,deflate",
        "Authorization": "Sanitized",
        "Connection": "keep-alive",
        "User-Agent": "azsdk-js-arm-containerservice/17.4.0-beta.2 core-rest-pipeline/1.10.2 Node/v16.17.0 OS/(x64-Windows_NT-10.0.22621)",
        "x-ms-client-request-id": "87b584e3-4a8b-4ced-a125-d6c299ccd493"
      },
      "RequestBody": null,
      "StatusCode": 200,
      "ResponseHeaders": {
        "Cache-Control": "no-cache",
        "Content-Encoding": "gzip",
        "Content-Type": "application/json",
        "Date": "Mon, 20 Feb 2023 03:21:04 GMT",
        "Expires": "-1",
        "Pragma": "no-cache",
        "Server": "nginx",
        "Strict-Transport-Security": "max-age=31536000; includeSubDomains",
        "Transfer-Encoding": "chunked",
        "Vary": "Accept-Encoding",
        "X-Content-Type-Options": "nosniff",
        "x-ms-correlation-request-id": "5f1f1206-492d-4e85-bc4a-b3a04a9a026e",
        "x-ms-ratelimit-remaining-subscription-reads": "11795",
        "x-ms-request-id": "42711c96-efe9-4190-83bd-df317e8acdd7",
        "x-ms-routing-request-id": "SOUTHEASTASIA:20230220T032104Z:5f1f1206-492d-4e85-bc4a-b3a04a9a026e"
      },
      "ResponseBody": {
        "name": "6c43fd22-3980-f642-9569-110e2985ac42",
        "status": "InProgress",
        "startTime": "2023-02-20T03:17:12.4755379Z"
      }
    },
    {
      "RequestUri": "https://management.azure.com/subscriptions/azure_subscription_id/providers/Microsoft.ContainerService/locations/eastus/operations/22fd436c-8039-42f6-9569-110e2985ac42?api-version=2017-08-31",
      "RequestMethod": "GET",
      "RequestHeaders": {
        "Accept": "application/json",
        "Accept-Encoding": "gzip,deflate",
        "Authorization": "Sanitized",
        "Connection": "keep-alive",
        "User-Agent": "azsdk-js-arm-containerservice/17.4.0-beta.2 core-rest-pipeline/1.10.2 Node/v16.17.0 OS/(x64-Windows_NT-10.0.22621)",
        "x-ms-client-request-id": "66340b6e-969a-4ed2-9b0f-662fc09c79b4"
      },
      "RequestBody": null,
      "StatusCode": 200,
      "ResponseHeaders": {
        "Cache-Control": "no-cache",
        "Content-Encoding": "gzip",
        "Content-Type": "application/json",
        "Date": "Mon, 20 Feb 2023 03:21:07 GMT",
        "Expires": "-1",
        "Pragma": "no-cache",
        "Server": "nginx",
        "Strict-Transport-Security": "max-age=31536000; includeSubDomains",
        "Transfer-Encoding": "chunked",
        "Vary": "Accept-Encoding",
        "X-Content-Type-Options": "nosniff",
        "x-ms-correlation-request-id": "7e5583eb-4fe3-4b1a-9e13-74ba04b438dd",
        "x-ms-ratelimit-remaining-subscription-reads": "11794",
        "x-ms-request-id": "16bb1134-d5d6-4c32-81a1-19de56c494d7",
        "x-ms-routing-request-id": "SOUTHEASTASIA:20230220T032107Z:7e5583eb-4fe3-4b1a-9e13-74ba04b438dd"
      },
      "ResponseBody": {
        "name": "6c43fd22-3980-f642-9569-110e2985ac42",
        "status": "InProgress",
        "startTime": "2023-02-20T03:17:12.4755379Z"
      }
    },
    {
      "RequestUri": "https://management.azure.com/subscriptions/azure_subscription_id/providers/Microsoft.ContainerService/locations/eastus/operations/22fd436c-8039-42f6-9569-110e2985ac42?api-version=2017-08-31",
      "RequestMethod": "GET",
      "RequestHeaders": {
        "Accept": "application/json",
        "Accept-Encoding": "gzip,deflate",
        "Authorization": "Sanitized",
        "Connection": "keep-alive",
        "User-Agent": "azsdk-js-arm-containerservice/17.4.0-beta.2 core-rest-pipeline/1.10.2 Node/v16.17.0 OS/(x64-Windows_NT-10.0.22621)",
        "x-ms-client-request-id": "4e7a33a3-ec67-400a-bb68-fabee35640eb"
      },
      "RequestBody": null,
      "StatusCode": 200,
      "ResponseHeaders": {
        "Cache-Control": "no-cache",
        "Content-Encoding": "gzip",
        "Content-Type": "application/json",
        "Date": "Mon, 20 Feb 2023 03:21:09 GMT",
        "Expires": "-1",
        "Pragma": "no-cache",
        "Server": "nginx",
        "Strict-Transport-Security": "max-age=31536000; includeSubDomains",
        "Transfer-Encoding": "chunked",
        "Vary": "Accept-Encoding",
        "X-Content-Type-Options": "nosniff",
        "x-ms-correlation-request-id": "02defaa8-93a3-402e-a77d-6e308dd5471f",
        "x-ms-ratelimit-remaining-subscription-reads": "11793",
        "x-ms-request-id": "680810cf-7993-4b2d-8681-bb2bb1e08dba",
        "x-ms-routing-request-id": "SOUTHEASTASIA:20230220T032109Z:02defaa8-93a3-402e-a77d-6e308dd5471f"
      },
      "ResponseBody": {
        "name": "6c43fd22-3980-f642-9569-110e2985ac42",
        "status": "InProgress",
        "startTime": "2023-02-20T03:17:12.4755379Z"
      }
    },
    {
      "RequestUri": "https://management.azure.com/subscriptions/azure_subscription_id/providers/Microsoft.ContainerService/locations/eastus/operations/22fd436c-8039-42f6-9569-110e2985ac42?api-version=2017-08-31",
      "RequestMethod": "GET",
      "RequestHeaders": {
        "Accept": "application/json",
        "Accept-Encoding": "gzip,deflate",
        "Authorization": "Sanitized",
        "Connection": "keep-alive",
        "User-Agent": "azsdk-js-arm-containerservice/17.4.0-beta.2 core-rest-pipeline/1.10.2 Node/v16.17.0 OS/(x64-Windows_NT-10.0.22621)",
        "x-ms-client-request-id": "32b5f2aa-1b99-41a8-96a5-4b9b51246029"
      },
      "RequestBody": null,
      "StatusCode": 200,
      "ResponseHeaders": {
        "Cache-Control": "no-cache",
        "Content-Encoding": "gzip",
        "Content-Type": "application/json",
        "Date": "Mon, 20 Feb 2023 03:21:11 GMT",
        "Expires": "-1",
        "Pragma": "no-cache",
        "Server": "nginx",
        "Strict-Transport-Security": "max-age=31536000; includeSubDomains",
        "Transfer-Encoding": "chunked",
        "Vary": "Accept-Encoding",
        "X-Content-Type-Options": "nosniff",
        "x-ms-correlation-request-id": "3aea082f-7e6c-4c9a-9cdb-1566c75f4635",
        "x-ms-ratelimit-remaining-subscription-reads": "11792",
        "x-ms-request-id": "46098d7f-30cd-4ced-8f6f-dc45aab4e59c",
        "x-ms-routing-request-id": "SOUTHEASTASIA:20230220T032111Z:3aea082f-7e6c-4c9a-9cdb-1566c75f4635"
      },
      "ResponseBody": {
        "name": "6c43fd22-3980-f642-9569-110e2985ac42",
        "status": "InProgress",
        "startTime": "2023-02-20T03:17:12.4755379Z"
      }
    },
    {
      "RequestUri": "https://management.azure.com/subscriptions/azure_subscription_id/providers/Microsoft.ContainerService/locations/eastus/operations/22fd436c-8039-42f6-9569-110e2985ac42?api-version=2017-08-31",
      "RequestMethod": "GET",
      "RequestHeaders": {
        "Accept": "application/json",
        "Accept-Encoding": "gzip,deflate",
        "Authorization": "Sanitized",
        "Connection": "keep-alive",
        "User-Agent": "azsdk-js-arm-containerservice/17.4.0-beta.2 core-rest-pipeline/1.10.2 Node/v16.17.0 OS/(x64-Windows_NT-10.0.22621)",
        "x-ms-client-request-id": "ab2029bc-8977-4ed1-bbb1-b1fce06dfe81"
      },
      "RequestBody": null,
      "StatusCode": 200,
      "ResponseHeaders": {
        "Cache-Control": "no-cache",
        "Content-Encoding": "gzip",
        "Content-Type": "application/json",
        "Date": "Mon, 20 Feb 2023 03:21:14 GMT",
        "Expires": "-1",
        "Pragma": "no-cache",
        "Server": "nginx",
        "Strict-Transport-Security": "max-age=31536000; includeSubDomains",
        "Transfer-Encoding": "chunked",
        "Vary": "Accept-Encoding",
        "X-Content-Type-Options": "nosniff",
        "x-ms-correlation-request-id": "275467c3-cfdd-4efa-a3c6-fd9c64ef8793",
        "x-ms-ratelimit-remaining-subscription-reads": "11791",
        "x-ms-request-id": "6d5e19ca-7e72-4fdb-88d2-f1a10a16a14f",
        "x-ms-routing-request-id": "SOUTHEASTASIA:20230220T032114Z:275467c3-cfdd-4efa-a3c6-fd9c64ef8793"
      },
      "ResponseBody": {
        "name": "6c43fd22-3980-f642-9569-110e2985ac42",
        "status": "InProgress",
        "startTime": "2023-02-20T03:17:12.4755379Z"
      }
    },
    {
      "RequestUri": "https://management.azure.com/subscriptions/azure_subscription_id/providers/Microsoft.ContainerService/locations/eastus/operations/22fd436c-8039-42f6-9569-110e2985ac42?api-version=2017-08-31",
      "RequestMethod": "GET",
      "RequestHeaders": {
        "Accept": "application/json",
        "Accept-Encoding": "gzip,deflate",
        "Authorization": "Sanitized",
        "Connection": "keep-alive",
        "User-Agent": "azsdk-js-arm-containerservice/17.4.0-beta.2 core-rest-pipeline/1.10.2 Node/v16.17.0 OS/(x64-Windows_NT-10.0.22621)",
        "x-ms-client-request-id": "1c51973a-0f8c-4ded-8e39-782343836c86"
      },
      "RequestBody": null,
      "StatusCode": 200,
      "ResponseHeaders": {
        "Cache-Control": "no-cache",
        "Content-Encoding": "gzip",
        "Content-Type": "application/json",
        "Date": "Mon, 20 Feb 2023 03:21:16 GMT",
        "Expires": "-1",
        "Pragma": "no-cache",
        "Server": "nginx",
        "Strict-Transport-Security": "max-age=31536000; includeSubDomains",
        "Transfer-Encoding": "chunked",
        "Vary": "Accept-Encoding",
        "X-Content-Type-Options": "nosniff",
        "x-ms-correlation-request-id": "5f87bfdc-139e-4cd5-990f-d0e0bfeca45a",
        "x-ms-ratelimit-remaining-subscription-reads": "11790",
        "x-ms-request-id": "61e0c301-0caa-42b1-96f7-313448813a11",
        "x-ms-routing-request-id": "SOUTHEASTASIA:20230220T032116Z:5f87bfdc-139e-4cd5-990f-d0e0bfeca45a"
      },
      "ResponseBody": {
        "name": "6c43fd22-3980-f642-9569-110e2985ac42",
        "status": "InProgress",
        "startTime": "2023-02-20T03:17:12.4755379Z"
      }
    },
    {
      "RequestUri": "https://management.azure.com/subscriptions/azure_subscription_id/providers/Microsoft.ContainerService/locations/eastus/operations/22fd436c-8039-42f6-9569-110e2985ac42?api-version=2017-08-31",
      "RequestMethod": "GET",
      "RequestHeaders": {
        "Accept": "application/json",
        "Accept-Encoding": "gzip,deflate",
        "Authorization": "Sanitized",
        "Connection": "keep-alive",
        "User-Agent": "azsdk-js-arm-containerservice/17.4.0-beta.2 core-rest-pipeline/1.10.2 Node/v16.17.0 OS/(x64-Windows_NT-10.0.22621)",
        "x-ms-client-request-id": "d46962bd-0151-4cb5-8570-4f61d23cbaf8"
      },
      "RequestBody": null,
      "StatusCode": 200,
      "ResponseHeaders": {
        "Cache-Control": "no-cache",
        "Content-Encoding": "gzip",
        "Content-Type": "application/json",
        "Date": "Mon, 20 Feb 2023 03:21:18 GMT",
        "Expires": "-1",
        "Pragma": "no-cache",
        "Server": "nginx",
        "Strict-Transport-Security": "max-age=31536000; includeSubDomains",
        "Transfer-Encoding": "chunked",
        "Vary": "Accept-Encoding",
        "X-Content-Type-Options": "nosniff",
        "x-ms-correlation-request-id": "95714600-303f-489c-8b2c-358972d0dcfd",
        "x-ms-ratelimit-remaining-subscription-reads": "11789",
        "x-ms-request-id": "5055d905-a395-43fc-a379-abae9f47fc55",
        "x-ms-routing-request-id": "SOUTHEASTASIA:20230220T032118Z:95714600-303f-489c-8b2c-358972d0dcfd"
      },
      "ResponseBody": {
        "name": "6c43fd22-3980-f642-9569-110e2985ac42",
        "status": "Succeeded",
        "startTime": "2023-02-20T03:17:12.4755379Z",
        "endTime": "2023-02-20T03:21:17.2401441Z"
      }
    },
    {
      "RequestUri": "https://management.azure.com/subscriptions/azure_subscription_id/resourceGroups/myjstest/providers/Microsoft.ContainerService/managedClusters?api-version=2023-01-02-preview",
      "RequestMethod": "GET",
      "RequestHeaders": {
        "Accept": "application/json",
        "Accept-Encoding": "gzip,deflate",
        "Authorization": "Sanitized",
        "Connection": "keep-alive",
        "User-Agent": "azsdk-js-arm-containerservice/17.4.0-beta.2 core-rest-pipeline/1.10.2 Node/v16.17.0 OS/(x64-Windows_NT-10.0.22621)",
        "x-ms-client-request-id": "82249da5-70d5-4a44-a948-f54151f53c4b"
      },
      "RequestBody": null,
      "StatusCode": 200,
      "ResponseHeaders": {
        "Cache-Control": "no-cache",
        "Content-Encoding": "gzip",
        "Content-Type": "application/json",
        "Date": "Mon, 20 Feb 2023 03:21:19 GMT",
        "Expires": "-1",
        "Pragma": "no-cache",
        "Server": "nginx",
        "Strict-Transport-Security": "max-age=31536000; includeSubDomains",
        "Transfer-Encoding": "chunked",
        "Vary": "Accept-Encoding",
        "X-Content-Type-Options": "nosniff",
        "x-ms-correlation-request-id": "a8aa94bf-d6c3-45a6-81af-73bbbbd3d6c2",
        "x-ms-ratelimit-remaining-subscription-reads": "11788",
        "x-ms-request-id": "10aaa3a8-dd2d-40de-ae11-3e64148bf8a1",
        "x-ms-routing-request-id": "SOUTHEASTASIA:20230220T032119Z:a8aa94bf-d6c3-45a6-81af-73bbbbd3d6c2"
      },
      "ResponseBody": {
        "value": []
      }
    }
  ],
  "Variables": {}
}
