{
  "Entries": [
    {
      "RequestUri": "https://myappconfig.azconfig.io/kv/key1-1679419684234?api-version=2022-11-01-preview\u0026label=label1",
      "RequestMethod": "PUT",
      "RequestHeaders": {
        "Accept": "application/vnd.microsoft.appconfig.kv\u002Bjson, application/problem\u002Bjson",
        "Accept-Encoding": "gzip, deflate, br",
        "Accept-Language": "en-US",
        "Authorization": "Sanitized",
        "Connection": "keep-alive",
        "Content-Length": "62",
        "Content-Type": "application/vnd.microsoft.appconfig.kv\u002Bjson",
        "If-None-Match": "*",
        "Origin": "http://localhost:9876",
        "Referer": "http://localhost:9876/",
        "sec-ch-ua": "",
        "sec-ch-ua-mobile": "?0",
        "sec-ch-ua-platform": "",
        "Sec-Fetch-Dest": "empty",
        "Sec-Fetch-Mode": "cors",
        "Sec-Fetch-Site": "same-site",
        "User-Agent": "Mozilla/5.0 (Windows NT 10.0; Win64; x64) AppleWebKit/537.36 (KHTML, like Gecko) HeadlessChrome/111.0.5555.0 Safari/537.36",
        "x-ms-client-request-id": "d0646971-94a8-47bc-8144-7989b2640909",
        "x-ms-content-sha256": "4cuBkypcxo6rMXjEvlh\u002BVIsA9U7ron9Vvk35an\u002B4QpI=",
        "x-ms-date": "Tue, 21 Mar 2023 17:28:04 GMT",
        "x-ms-useragent": "azsdk-js-app-configuration/1.4.0-beta.1 core-rest-pipeline/1.10.3 OS"
      },
      "RequestBody": {
        "key": "key1-1679419684234",
        "label": "label1",
        "value": "value1"
      },
      "StatusCode": 200,
      "ResponseHeaders": {
        "Access-Control-Allow-Credentials": "true",
        "Access-Control-Allow-Origin": "*",
        "Access-Control-Expose-Headers": "DNT, X-CustomHeader, Keep-Alive, User-Agent, X-Requested-With, If-Modified-Since, Cache-Control, Content-Type, Authorization, x-ms-client-request-id, x-ms-useragent, x-ms-content-sha256, x-ms-date, host, Accept, Accept-Datetime, Date, If-Match, If-None-Match, Sync-Token, x-ms-return-client-request-id, ETag, Last-Modified, Link, Memento-Datetime, retry-after-ms, x-ms-request-id, x-ms-client-session-id, x-ms-effective-locale, WWW-Authenticate, traceparent, tracestate",
        "Connection": "keep-alive",
        "Content-Type": "application/vnd.microsoft.appconfig.kv\u002Bjson; charset=utf-8",
        "Date": "Tue, 21 Mar 2023 17:28:05 GMT",
        "ETag": "\u0022AuHsgTmsgEeE3ohlkCh_qpcWmpSZxsoTIq9Uo3eGciw\u0022",
        "Last-Modified": "Tue, 21 Mar 2023 17:28:05 GMT",
        "Server": "openresty/1.21.4.1",
        "Strict-Transport-Security": "max-age=15724800; includeSubDomains",
        "Sync-Token": "zAJw6V16=MDotMSMyNzQ3MDk=;sn=274709",
        "Transfer-Encoding": "chunked",
        "x-ms-correlation-request-id": "a772425d-e9dc-40b4-bd7e-2ac964e89271",
        "x-ms-request-id": "a772425d-e9dc-40b4-bd7e-2ac964e89271"
      },
      "ResponseBody": {
        "etag": "AuHsgTmsgEeE3ohlkCh_qpcWmpSZxsoTIq9Uo3eGciw",
        "key": "key1-1679419684234",
        "label": "label1",
        "content_type": null,
        "value": "value1",
        "tags": {},
        "locked": false,
        "last_modified": "2023-03-21T17:28:05\u002B00:00"
      }
    },
    {
      "RequestUri": "https://myappconfig.azconfig.io/kv/key2-1679419684234?api-version=2022-11-01-preview\u0026label=label2",
      "RequestMethod": "PUT",
      "RequestHeaders": {
        "Accept": "application/vnd.microsoft.appconfig.kv\u002Bjson, application/problem\u002Bjson",
        "Accept-Encoding": "gzip, deflate, br",
        "Accept-Language": "en-US",
        "Authorization": "Sanitized",
        "Connection": "keep-alive",
        "Content-Length": "62",
        "Content-Type": "application/vnd.microsoft.appconfig.kv\u002Bjson",
        "If-None-Match": "*",
        "Origin": "http://localhost:9876",
        "Referer": "http://localhost:9876/",
        "sec-ch-ua": "",
        "sec-ch-ua-mobile": "?0",
        "sec-ch-ua-platform": "",
        "Sec-Fetch-Dest": "empty",
        "Sec-Fetch-Mode": "cors",
        "Sec-Fetch-Site": "same-site",
        "sync-token": "zAJw6V16=MDotMSMyNzQ3MDk=",
        "User-Agent": "Mozilla/5.0 (Windows NT 10.0; Win64; x64) AppleWebKit/537.36 (KHTML, like Gecko) HeadlessChrome/111.0.5555.0 Safari/537.36",
        "x-ms-client-request-id": "b4ddf0b9-ba85-430b-ae19-d9af1be5fff5",
        "x-ms-content-sha256": "q0mGlS8wdGPUElP5ROfPWvedCfk7udSI6lCUWN8VBBg=",
        "x-ms-date": "Tue, 21 Mar 2023 17:28:04 GMT",
        "x-ms-useragent": "azsdk-js-app-configuration/1.4.0-beta.1 core-rest-pipeline/1.10.3 OS"
      },
      "RequestBody": {
        "key": "key2-1679419684234",
        "label": "label2",
        "value": "value2"
      },
      "StatusCode": 200,
      "ResponseHeaders": {
        "Access-Control-Allow-Credentials": "true",
        "Access-Control-Allow-Origin": "*",
        "Access-Control-Expose-Headers": "DNT, X-CustomHeader, Keep-Alive, User-Agent, X-Requested-With, If-Modified-Since, Cache-Control, Content-Type, Authorization, x-ms-client-request-id, x-ms-useragent, x-ms-content-sha256, x-ms-date, host, Accept, Accept-Datetime, Date, If-Match, If-None-Match, Sync-Token, x-ms-return-client-request-id, ETag, Last-Modified, Link, Memento-Datetime, retry-after-ms, x-ms-request-id, x-ms-client-session-id, x-ms-effective-locale, WWW-Authenticate, traceparent, tracestate",
        "Connection": "keep-alive",
        "Content-Type": "application/vnd.microsoft.appconfig.kv\u002Bjson; charset=utf-8",
        "Date": "Tue, 21 Mar 2023 17:28:05 GMT",
        "ETag": "\u00226N2ieDC9XAqyDxo5ZwDmg_K3BmP72YR85_JNwpTtAwI\u0022",
        "Last-Modified": "Tue, 21 Mar 2023 17:28:05 GMT",
        "Server": "openresty/1.21.4.1",
        "Strict-Transport-Security": "max-age=15724800; includeSubDomains",
        "Sync-Token": "zAJw6V16=MDotMSMyNzQ3MTA=;sn=274710",
        "Transfer-Encoding": "chunked",
        "x-ms-correlation-request-id": "6d358e12-ae62-4b6e-9d46-2ca1b2bfc51c",
        "x-ms-request-id": "6d358e12-ae62-4b6e-9d46-2ca1b2bfc51c"
      },
      "ResponseBody": {
        "etag": "6N2ieDC9XAqyDxo5ZwDmg_K3BmP72YR85_JNwpTtAwI",
        "key": "key2-1679419684234",
        "label": "label2",
        "content_type": null,
        "value": "value2",
        "tags": {},
        "locked": false,
        "last_modified": "2023-03-21T17:28:05\u002B00:00"
      }
    },
    {
      "RequestUri": "https://myappconfig.azconfig.io/snapshots/snapshot-1679419684234?api-version=2022-11-01-preview",
      "RequestMethod": "PUT",
      "RequestHeaders": {
        "Accept": "application/vnd.microsoft.appconfig.snapshot\u002Bjson, application/problem\u002Bjson",
        "Accept-Encoding": "gzip, deflate, br",
        "Accept-Language": "en-US",
        "Authorization": "Sanitized",
        "Connection": "keep-alive",
        "Content-Length": "80",
        "Content-Type": "application/vnd.microsoft.appconfig.snapshot\u002Bjson",
        "Origin": "http://localhost:9876",
        "Referer": "http://localhost:9876/",
        "sec-ch-ua": "",
        "sec-ch-ua-mobile": "?0",
        "sec-ch-ua-platform": "",
        "Sec-Fetch-Dest": "empty",
        "Sec-Fetch-Mode": "cors",
        "Sec-Fetch-Site": "same-site",
        "sync-token": "zAJw6V16=MDotMSMyNzQ3MTA=",
        "User-Agent": "Mozilla/5.0 (Windows NT 10.0; Win64; x64) AppleWebKit/537.36 (KHTML, like Gecko) HeadlessChrome/111.0.5555.0 Safari/537.36",
        "x-ms-client-request-id": "23ed44eb-3f34-4ec5-bd52-b27317ebb6c9",
        "x-ms-content-sha256": "LY69/mLyL0w0yH1y7anKEULmW8Zyw3AFMe1BemxXu6U=",
        "x-ms-date": "Tue, 21 Mar 2023 17:28:04 GMT",
        "x-ms-useragent": "azsdk-js-app-configuration/1.4.0-beta.1 core-rest-pipeline/1.10.3 OS"
      },
      "RequestBody": {
        "filters": [
          {
            "key": "key1-1679419684234",
            "label": "label1"
          }
        ],
        "retention_period": 0
      },
      "StatusCode": 201,
      "ResponseHeaders": {
        "Access-Control-Allow-Credentials": "true",
        "Access-Control-Allow-Origin": "*",
        "Access-Control-Expose-Headers": "DNT, X-CustomHeader, Keep-Alive, User-Agent, X-Requested-With, If-Modified-Since, Cache-Control, Content-Type, Authorization, x-ms-client-request-id, x-ms-useragent, x-ms-content-sha256, x-ms-date, host, Accept, Accept-Datetime, Date, If-Match, If-None-Match, Sync-Token, x-ms-return-client-request-id, ETag, Last-Modified, Link, Memento-Datetime, retry-after-ms, x-ms-request-id, x-ms-client-session-id, x-ms-effective-locale, WWW-Authenticate, traceparent, tracestate",
        "Connection": "keep-alive",
        "Content-Type": "application/vnd.microsoft.appconfig.snapshot\u002Bjson; charset=utf-8",
        "Date": "Tue, 21 Mar 2023 17:28:05 GMT",
        "ETag": "\u0022ysbl4M2iMOWzX94cUw7lKCOcl-v4NpoADaOnqJyQtL0\u0022",
        "Last-Modified": "Tue, 21 Mar 2023 17:28:05 GMT",
        "Link": "\u003C/kv?snapshot=snapshot-1679419684234\u0026api-version=2022-11-01-preview\u003E; rel=\u0022items\u0022",
        "Operation-Location": "https://myappconfig.azconfig.io/operations?snapshot=snapshot-1679419684234\u0026api-version=2022-11-01-preview",
        "Server": "openresty/1.21.4.1",
        "Strict-Transport-Security": "max-age=15724800; includeSubDomains",
        "Sync-Token": "zAJw6V16=MDotMSMyNzQ3MTE=;sn=274711",
        "Transfer-Encoding": "chunked",
        "x-ms-correlation-request-id": "356afe5a-0e29-450f-b2b7-f10fee455f91",
        "x-ms-request-id": "356afe5a-0e29-450f-b2b7-f10fee455f91"
      },
      "ResponseBody": {
        "etag": "ysbl4M2iMOWzX94cUw7lKCOcl-v4NpoADaOnqJyQtL0",
        "name": "snapshot-1679419684234",
        "status": "provisioning",
        "filters": [
          {
            "key": "key1-1679419684234",
            "label": "label1"
          }
        ],
        "composition_type": "all",
        "created": "2023-03-21T17:28:05\u002B00:00",
        "size": 0,
        "items_count": 0,
        "tags": {},
        "retention_period": 0
      }
    },
    {
      "RequestUri": "https://myappconfig.azconfig.io/operations?snapshot=snapshot-1679419684234\u0026api-version=2022-11-01-preview",
      "RequestMethod": "GET",
      "RequestHeaders": {
        "Accept": "application/vnd.microsoft.appconfig.snapshot\u002Bjson, application/problem\u002Bjson",
        "Accept-Encoding": "gzip, deflate, br",
        "Accept-Language": "en-US",
        "Authorization": "Sanitized",
        "Connection": "keep-alive",
        "Content-Type": "application/vnd.microsoft.appconfig.snapshot\u002Bjson",
        "Origin": "http://localhost:9876",
        "Referer": "http://localhost:9876/",
        "sec-ch-ua": "",
        "sec-ch-ua-mobile": "?0",
        "sec-ch-ua-platform": "",
        "Sec-Fetch-Dest": "empty",
        "Sec-Fetch-Mode": "cors",
        "Sec-Fetch-Site": "same-site",
        "sync-token": "zAJw6V16=MDotMSMyNzQ3MTE=",
        "User-Agent": "Mozilla/5.0 (Windows NT 10.0; Win64; x64) AppleWebKit/537.36 (KHTML, like Gecko) HeadlessChrome/111.0.5555.0 Safari/537.36",
        "x-ms-client-request-id": "d7755a38-91bf-4ddc-ad7d-d10a3573a39b",
        "x-ms-content-sha256": "47DEQpj8HBSa\u002B/TImW\u002B5JCeuQeRkm5NMpJWZG3hSuFU=",
        "x-ms-date": "Tue, 21 Mar 2023 17:28:04 GMT",
        "x-ms-useragent": "azsdk-js-app-configuration/1.4.0-beta.1 core-rest-pipeline/1.10.3 OS"
      },
      "RequestBody": null,
      "StatusCode": 200,
      "ResponseHeaders": {
        "Access-Control-Allow-Credentials": "true",
        "Access-Control-Allow-Origin": "*",
        "Access-Control-Expose-Headers": "DNT, X-CustomHeader, Keep-Alive, User-Agent, X-Requested-With, If-Modified-Since, Cache-Control, Content-Type, Authorization, x-ms-client-request-id, x-ms-useragent, x-ms-content-sha256, x-ms-date, host, Accept, Accept-Datetime, Date, If-Match, If-None-Match, Sync-Token, x-ms-return-client-request-id, ETag, Last-Modified, Link, Memento-Datetime, retry-after-ms, x-ms-request-id, x-ms-client-session-id, x-ms-effective-locale, WWW-Authenticate, traceparent, tracestate",
        "Connection": "keep-alive",
        "Content-Encoding": "gzip",
        "Content-Type": "application/json; charset=utf-8",
        "Date": "Tue, 21 Mar 2023 17:28:05 GMT",
        "Retry-After": "10",
        "Server": "openresty/1.21.4.1",
        "Strict-Transport-Security": "max-age=15724800; includeSubDomains",
        "Sync-Token": "zAJw6V16=MDotMSMyNzQ3MTE=;sn=274711",
        "Transfer-Encoding": "chunked",
        "Vary": "Accept-Encoding",
        "x-ms-correlation-request-id": "09af5d47-58d7-4868-8e3d-aa25f5b15cdd",
        "x-ms-request-id": "09af5d47-58d7-4868-8e3d-aa25f5b15cdd"
      },
      "ResponseBody": {
        "id": "snapshot-1679419684234",
        "status": "Running",
        "error": null
      }
    },
    {
      "RequestUri": "https://myappconfig.azconfig.io/operations?snapshot=snapshot-1679419684234\u0026api-version=2022-11-01-preview",
      "RequestMethod": "GET",
      "RequestHeaders": {
        "Accept": "application/vnd.microsoft.appconfig.snapshot\u002Bjson, application/problem\u002Bjson",
        "Accept-Encoding": "gzip, deflate, br",
        "Accept-Language": "en-US",
        "Authorization": "Sanitized",
        "Connection": "keep-alive",
        "Content-Type": "application/vnd.microsoft.appconfig.snapshot\u002Bjson",
        "Origin": "http://localhost:9876",
        "Referer": "http://localhost:9876/",
        "sec-ch-ua": "",
        "sec-ch-ua-mobile": "?0",
        "sec-ch-ua-platform": "",
        "Sec-Fetch-Dest": "empty",
        "Sec-Fetch-Mode": "cors",
        "Sec-Fetch-Site": "same-site",
        "sync-token": "zAJw6V16=MDotMSMyNzQ3MTE=",
        "User-Agent": "Mozilla/5.0 (Windows NT 10.0; Win64; x64) AppleWebKit/537.36 (KHTML, like Gecko) HeadlessChrome/111.0.5555.0 Safari/537.36",
        "x-ms-client-request-id": "932208dc-ce02-4943-acb3-471295ed8fd3",
        "x-ms-content-sha256": "47DEQpj8HBSa\u002B/TImW\u002B5JCeuQeRkm5NMpJWZG3hSuFU=",
        "x-ms-date": "Tue, 21 Mar 2023 17:28:05 GMT",
        "x-ms-useragent": "azsdk-js-app-configuration/1.4.0-beta.1 core-rest-pipeline/1.10.3 OS"
      },
      "RequestBody": null,
      "StatusCode": 200,
      "ResponseHeaders": {
        "Access-Control-Allow-Credentials": "true",
        "Access-Control-Allow-Origin": "*",
        "Access-Control-Expose-Headers": "DNT, X-CustomHeader, Keep-Alive, User-Agent, X-Requested-With, If-Modified-Since, Cache-Control, Content-Type, Authorization, x-ms-client-request-id, x-ms-useragent, x-ms-content-sha256, x-ms-date, host, Accept, Accept-Datetime, Date, If-Match, If-None-Match, Sync-Token, x-ms-return-client-request-id, ETag, Last-Modified, Link, Memento-Datetime, retry-after-ms, x-ms-request-id, x-ms-client-session-id, x-ms-effective-locale, WWW-Authenticate, traceparent, tracestate",
        "Connection": "keep-alive",
        "Content-Encoding": "gzip",
        "Content-Type": "application/json; charset=utf-8",
        "Date": "Tue, 21 Mar 2023 17:28:05 GMT",
        "Retry-After": "10",
        "Server": "openresty/1.21.4.1",
        "Strict-Transport-Security": "max-age=15724800; includeSubDomains",
        "Sync-Token": "zAJw6V16=MDotMSMyNzQ3MTE=;sn=274711",
        "Transfer-Encoding": "chunked",
        "Vary": "Accept-Encoding",
        "x-ms-correlation-request-id": "d85b00b3-48b6-43ff-975d-9143ec689eed",
        "x-ms-request-id": "d85b00b3-48b6-43ff-975d-9143ec689eed"
      },
      "ResponseBody": {
        "id": "snapshot-1679419684234",
        "status": "Running",
        "error": null
      }
    },
    {
      "RequestUri": "https://myappconfig.azconfig.io/operations?snapshot=snapshot-1679419684234\u0026api-version=2022-11-01-preview",
      "RequestMethod": "GET",
      "RequestHeaders": {
        "Accept": "application/vnd.microsoft.appconfig.snapshot\u002Bjson, application/problem\u002Bjson",
        "Accept-Encoding": "gzip, deflate, br",
        "Accept-Language": "en-US",
        "Authorization": "Sanitized",
        "Connection": "keep-alive",
        "Content-Type": "application/vnd.microsoft.appconfig.snapshot\u002Bjson",
        "Origin": "http://localhost:9876",
        "Referer": "http://localhost:9876/",
        "sec-ch-ua": "",
        "sec-ch-ua-mobile": "?0",
        "sec-ch-ua-platform": "",
        "Sec-Fetch-Dest": "empty",
        "Sec-Fetch-Mode": "cors",
        "Sec-Fetch-Site": "same-site",
        "sync-token": "zAJw6V16=MDotMSMyNzQ3MTE=",
        "User-Agent": "Mozilla/5.0 (Windows NT 10.0; Win64; x64) AppleWebKit/537.36 (KHTML, like Gecko) HeadlessChrome/111.0.5555.0 Safari/537.36",
        "x-ms-client-request-id": "5810d2e2-bbbb-470f-9592-cb8ec6fcfd20",
        "x-ms-content-sha256": "47DEQpj8HBSa\u002B/TImW\u002B5JCeuQeRkm5NMpJWZG3hSuFU=",
        "x-ms-date": "Tue, 21 Mar 2023 17:28:15 GMT",
        "x-ms-useragent": "azsdk-js-app-configuration/1.4.0-beta.1 core-rest-pipeline/1.10.3 OS"
      },
      "RequestBody": null,
      "StatusCode": 200,
      "ResponseHeaders": {
        "Access-Control-Allow-Credentials": "true",
        "Access-Control-Allow-Origin": "*",
        "Access-Control-Expose-Headers": "DNT, X-CustomHeader, Keep-Alive, User-Agent, X-Requested-With, If-Modified-Since, Cache-Control, Content-Type, Authorization, x-ms-client-request-id, x-ms-useragent, x-ms-content-sha256, x-ms-date, host, Accept, Accept-Datetime, Date, If-Match, If-None-Match, Sync-Token, x-ms-return-client-request-id, ETag, Last-Modified, Link, Memento-Datetime, retry-after-ms, x-ms-request-id, x-ms-client-session-id, x-ms-effective-locale, WWW-Authenticate, traceparent, tracestate",
        "Connection": "keep-alive",
        "Content-Encoding": "gzip",
        "Content-Type": "application/json; charset=utf-8",
        "Date": "Tue, 21 Mar 2023 17:28:16 GMT",
        "Server": "openresty/1.21.4.1",
        "Strict-Transport-Security": "max-age=15724800; includeSubDomains",
        "Sync-Token": "zAJw6V16=MDotMSMyNzQ3MTQ=;sn=274714",
        "Transfer-Encoding": "chunked",
        "Vary": "Accept-Encoding",
        "x-ms-correlation-request-id": "e11a947d-d040-4db3-aaa6-341f94acd039",
        "x-ms-request-id": "e11a947d-d040-4db3-aaa6-341f94acd039"
      },
      "ResponseBody": {
        "id": "snapshot-1679419684234",
        "status": "Succeeded",
        "error": null
      }
    },
    {
      "RequestUri": "https://myappconfig.azconfig.io/snapshots/snapshot-1679419684234?api-version=2022-11-01-preview",
      "RequestMethod": "GET",
      "RequestHeaders": {
        "Accept": "application/vnd.microsoft.appconfig.snapshot\u002Bjson, application/problem\u002Bjson",
        "Accept-Encoding": "gzip, deflate, br",
        "Accept-Language": "en-US",
        "Authorization": "Sanitized",
        "Connection": "keep-alive",
        "Content-Type": "application/vnd.microsoft.appconfig.snapshot\u002Bjson",
        "Origin": "http://localhost:9876",
        "Referer": "http://localhost:9876/",
        "sec-ch-ua": "",
        "sec-ch-ua-mobile": "?0",
        "sec-ch-ua-platform": "",
        "Sec-Fetch-Dest": "empty",
        "Sec-Fetch-Mode": "cors",
        "Sec-Fetch-Site": "same-site",
        "sync-token": "zAJw6V16=MDotMSMyNzQ3MTQ=",
        "User-Agent": "Mozilla/5.0 (Windows NT 10.0; Win64; x64) AppleWebKit/537.36 (KHTML, like Gecko) HeadlessChrome/111.0.5555.0 Safari/537.36",
        "x-ms-client-request-id": "b2928cea-28af-406a-9bcc-656a2a66396a",
        "x-ms-content-sha256": "47DEQpj8HBSa\u002B/TImW\u002B5JCeuQeRkm5NMpJWZG3hSuFU=",
        "x-ms-date": "Tue, 21 Mar 2023 17:28:15 GMT",
        "x-ms-useragent": "azsdk-js-app-configuration/1.4.0-beta.1 core-rest-pipeline/1.10.3 OS"
      },
      "RequestBody": null,
      "StatusCode": 200,
      "ResponseHeaders": {
        "Access-Control-Allow-Credentials": "true",
        "Access-Control-Allow-Origin": "*",
        "Access-Control-Expose-Headers": "DNT, X-CustomHeader, Keep-Alive, User-Agent, X-Requested-With, If-Modified-Since, Cache-Control, Content-Type, Authorization, x-ms-client-request-id, x-ms-useragent, x-ms-content-sha256, x-ms-date, host, Accept, Accept-Datetime, Date, If-Match, If-None-Match, Sync-Token, x-ms-return-client-request-id, ETag, Last-Modified, Link, Memento-Datetime, retry-after-ms, x-ms-request-id, x-ms-client-session-id, x-ms-effective-locale, WWW-Authenticate, traceparent, tracestate",
        "Connection": "keep-alive",
        "Content-Type": "application/vnd.microsoft.appconfig.snapshot\u002Bjson; charset=utf-8",
        "Date": "Tue, 21 Mar 2023 17:28:16 GMT",
        "ETag": "\u0022ysbl4M2iMOWzX94cUw7lKCOcl-v4NpoADaOnqJyQtL0\u0022",
        "Last-Modified": "Tue, 21 Mar 2023 17:28:05 GMT",
        "Link": "\u003C/kv?snapshot=snapshot-1679419684234\u0026api-version=2022-11-01-preview\u003E; rel=\u0022items\u0022",
        "Server": "openresty/1.21.4.1",
        "Strict-Transport-Security": "max-age=15724800; includeSubDomains",
        "Sync-Token": "zAJw6V16=MDotMSMyNzQ3MTQ=;sn=274714",
        "Transfer-Encoding": "chunked",
        "x-ms-correlation-request-id": "97ddf495-39f5-41ad-93f2-aeda97db8b66",
        "x-ms-request-id": "97ddf495-39f5-41ad-93f2-aeda97db8b66"
      },
      "ResponseBody": {
        "etag": "ysbl4M2iMOWzX94cUw7lKCOcl-v4NpoADaOnqJyQtL0",
        "name": "snapshot-1679419684234",
        "status": "ready",
        "filters": [
          {
            "key": "key1-1679419684234",
            "label": "label1"
          }
        ],
        "composition_type": "all",
        "created": "2023-03-21T17:28:05\u002B00:00",
        "size": 1000,
        "items_count": 1,
        "tags": {},
        "retention_period": 0
      }
    },
    {
      "RequestUri": "https://myappconfig.azconfig.io/snapshots/snapshot-1679419684234?api-version=2022-11-01-preview",
      "RequestMethod": "GET",
      "RequestHeaders": {
        "Accept": "application/vnd.microsoft.appconfig.snapshot\u002Bjson, application/problem\u002Bjson",
        "Accept-Encoding": "gzip, deflate, br",
        "Accept-Language": "en-US",
        "Authorization": "Sanitized",
        "Connection": "keep-alive",
        "Origin": "http://localhost:9876",
        "Referer": "http://localhost:9876/",
        "sec-ch-ua": "",
        "sec-ch-ua-mobile": "?0",
        "sec-ch-ua-platform": "",
        "Sec-Fetch-Dest": "empty",
        "Sec-Fetch-Mode": "cors",
        "Sec-Fetch-Site": "same-site",
        "sync-token": "zAJw6V16=MDotMSMyNzQ3MTQ=",
        "User-Agent": "Mozilla/5.0 (Windows NT 10.0; Win64; x64) AppleWebKit/537.36 (KHTML, like Gecko) HeadlessChrome/111.0.5555.0 Safari/537.36",
        "x-ms-client-request-id": "69edf9a9-698d-410c-b828-fd545a2b3bf2",
        "x-ms-content-sha256": "47DEQpj8HBSa\u002B/TImW\u002B5JCeuQeRkm5NMpJWZG3hSuFU=",
        "x-ms-date": "Tue, 21 Mar 2023 17:28:15 GMT",
        "x-ms-useragent": "azsdk-js-app-configuration/1.4.0-beta.1 core-rest-pipeline/1.10.3 OS"
      },
      "RequestBody": null,
      "StatusCode": 200,
      "ResponseHeaders": {
        "Access-Control-Allow-Credentials": "true",
        "Access-Control-Allow-Origin": "*",
        "Access-Control-Expose-Headers": "DNT, X-CustomHeader, Keep-Alive, User-Agent, X-Requested-With, If-Modified-Since, Cache-Control, Content-Type, Authorization, x-ms-client-request-id, x-ms-useragent, x-ms-content-sha256, x-ms-date, host, Accept, Accept-Datetime, Date, If-Match, If-None-Match, Sync-Token, x-ms-return-client-request-id, ETag, Last-Modified, Link, Memento-Datetime, retry-after-ms, x-ms-request-id, x-ms-client-session-id, x-ms-effective-locale, WWW-Authenticate, traceparent, tracestate",
        "Connection": "keep-alive",
        "Content-Type": "application/vnd.microsoft.appconfig.snapshot\u002Bjson; charset=utf-8",
        "Date": "Tue, 21 Mar 2023 17:28:16 GMT",
        "ETag": "\u0022ysbl4M2iMOWzX94cUw7lKCOcl-v4NpoADaOnqJyQtL0\u0022",
        "Last-Modified": "Tue, 21 Mar 2023 17:28:05 GMT",
        "Link": "\u003C/kv?snapshot=snapshot-1679419684234\u0026api-version=2022-11-01-preview\u003E; rel=\u0022items\u0022",
        "Server": "openresty/1.21.4.1",
        "Strict-Transport-Security": "max-age=15724800; includeSubDomains",
        "Sync-Token": "zAJw6V16=MDotMSMyNzQ3MTQ=;sn=274714",
        "Transfer-Encoding": "chunked",
        "x-ms-correlation-request-id": "fe17d666-a889-46d9-986c-e70bfe97b6a6",
        "x-ms-request-id": "fe17d666-a889-46d9-986c-e70bfe97b6a6"
      },
      "ResponseBody": {
        "etag": "ysbl4M2iMOWzX94cUw7lKCOcl-v4NpoADaOnqJyQtL0",
        "name": "snapshot-1679419684234",
        "status": "ready",
        "filters": [
          {
            "key": "key1-1679419684234",
            "label": "label1"
          }
        ],
        "composition_type": "all",
        "created": "2023-03-21T17:28:05\u002B00:00",
        "size": 1000,
        "items_count": 1,
        "tags": {},
        "retention_period": 0
      }
    },
    {
      "RequestUri": "https://myappconfig.azconfig.io/snapshots/snapshot-1679419684234?api-version=2022-11-01-preview",
      "RequestMethod": "PATCH",
      "RequestHeaders": {
        "Accept": "application/vnd.microsoft.appconfig.snapshot\u002Bjson, application/problem\u002Bjson",
        "Accept-Encoding": "gzip, deflate, br",
        "Accept-Language": "en-US",
        "Authorization": "Sanitized",
        "Connection": "keep-alive",
        "Content-Length": "21",
        "Content-Type": "application/json",
        "Origin": "http://localhost:9876",
        "Referer": "http://localhost:9876/",
        "sec-ch-ua": "",
        "sec-ch-ua-mobile": "?0",
        "sec-ch-ua-platform": "",
        "Sec-Fetch-Dest": "empty",
        "Sec-Fetch-Mode": "cors",
        "Sec-Fetch-Site": "same-site",
        "sync-token": "zAJw6V16=MDotMSMyNzQ3MTQ=",
        "User-Agent": "Mozilla/5.0 (Windows NT 10.0; Win64; x64) AppleWebKit/537.36 (KHTML, like Gecko) HeadlessChrome/111.0.5555.0 Safari/537.36",
        "x-ms-client-request-id": "a76e6d25-a0f5-46d5-8d0b-fe9162717969",
        "x-ms-content-sha256": "tynngJHjE7uDMwpGVh1hcULF0zuJfLFECY9VxlHWIWo=",
        "x-ms-date": "Tue, 21 Mar 2023 17:28:15 GMT",
        "x-ms-useragent": "azsdk-js-app-configuration/1.4.0-beta.1 core-rest-pipeline/1.10.3 OS"
      },
      "RequestBody": {
        "status": "archived"
      },
      "StatusCode": 200,
      "ResponseHeaders": {
        "Access-Control-Allow-Credentials": "true",
        "Access-Control-Allow-Origin": "*",
        "Access-Control-Expose-Headers": "DNT, X-CustomHeader, Keep-Alive, User-Agent, X-Requested-With, If-Modified-Since, Cache-Control, Content-Type, Authorization, x-ms-client-request-id, x-ms-useragent, x-ms-content-sha256, x-ms-date, host, Accept, Accept-Datetime, Date, If-Match, If-None-Match, Sync-Token, x-ms-return-client-request-id, ETag, Last-Modified, Link, Memento-Datetime, retry-after-ms, x-ms-request-id, x-ms-client-session-id, x-ms-effective-locale, WWW-Authenticate, traceparent, tracestate",
        "Connection": "keep-alive",
        "Content-Type": "application/vnd.microsoft.appconfig.snapshot\u002Bjson; charset=utf-8",
        "Date": "Tue, 21 Mar 2023 17:28:16 GMT",
        "ETag": "\u0022-Eez_phE2tJ6Fy_1XyjhMvF8JRYo0RnZdUtbIYCfh7Y\u0022",
        "Last-Modified": "Tue, 21 Mar 2023 17:28:05 GMT",
        "Link": "\u003C/kv?snapshot=snapshot-1679419684234\u0026api-version=2022-11-01-preview\u003E; rel=\u0022items\u0022",
        "Server": "openresty/1.21.4.1",
        "Strict-Transport-Security": "max-age=15724800; includeSubDomains",
        "Sync-Token": "zAJw6V16=MDotMSMyNzQ3MTU=;sn=274715",
        "Transfer-Encoding": "chunked",
        "x-ms-correlation-request-id": "3259370f-8536-4b8b-a527-0fe80646b1a6",
        "x-ms-request-id": "3259370f-8536-4b8b-a527-0fe80646b1a6"
      },
      "ResponseBody": {
        "etag": "-Eez_phE2tJ6Fy_1XyjhMvF8JRYo0RnZdUtbIYCfh7Y",
        "name": "snapshot-1679419684234",
        "status": "archived",
        "filters": [
          {
            "key": "key1-1679419684234",
            "label": "label1"
          }
        ],
        "composition_type": "all",
        "created": "2023-03-21T17:28:05\u002B00:00",
        "expires": "2023-03-21T17:28:16.6906062\u002B00:00",
        "size": 1000,
        "items_count": 1,
        "tags": {},
        "retention_period": 0
      }
    },
    {
      "RequestUri": "https://myappconfig.azconfig.io/kv/key1-1679419684234?api-version=2022-11-01-preview\u0026label=label1",
      "RequestMethod": "DELETE",
      "RequestHeaders": {
        "Accept": "application/vnd.microsoft.appconfig.kv\u002Bjson, application/problem\u002Bjson",
        "Accept-Encoding": "gzip, deflate, br",
        "Accept-Language": "en-US",
        "Authorization": "Sanitized",
        "Connection": "keep-alive",
        "Origin": "http://localhost:9876",
        "Referer": "http://localhost:9876/",
        "sec-ch-ua": "",
        "sec-ch-ua-mobile": "?0",
        "sec-ch-ua-platform": "",
        "Sec-Fetch-Dest": "empty",
        "Sec-Fetch-Mode": "cors",
        "Sec-Fetch-Site": "same-site",
        "sync-token": "zAJw6V16=MDotMSMyNzQ3MTU=",
        "User-Agent": "Mozilla/5.0 (Windows NT 10.0; Win64; x64) AppleWebKit/537.36 (KHTML, like Gecko) HeadlessChrome/111.0.5555.0 Safari/537.36",
        "x-ms-client-request-id": "3a863540-6115-4c90-8cd4-7c9b856e1886",
        "x-ms-content-sha256": "47DEQpj8HBSa\u002B/TImW\u002B5JCeuQeRkm5NMpJWZG3hSuFU=",
        "x-ms-date": "Tue, 21 Mar 2023 17:28:16 GMT",
        "x-ms-useragent": "azsdk-js-app-configuration/1.4.0-beta.1 core-rest-pipeline/1.10.3 OS"
      },
      "RequestBody": null,
      "StatusCode": 200,
      "ResponseHeaders": {
        "Access-Control-Allow-Credentials": "true",
        "Access-Control-Allow-Origin": "*",
        "Access-Control-Expose-Headers": "DNT, X-CustomHeader, Keep-Alive, User-Agent, X-Requested-With, If-Modified-Since, Cache-Control, Content-Type, Authorization, x-ms-client-request-id, x-ms-useragent, x-ms-content-sha256, x-ms-date, host, Accept, Accept-Datetime, Date, If-Match, If-None-Match, Sync-Token, x-ms-return-client-request-id, ETag, Last-Modified, Link, Memento-Datetime, retry-after-ms, x-ms-request-id, x-ms-client-session-id, x-ms-effective-locale, WWW-Authenticate, traceparent, tracestate",
        "Connection": "keep-alive",
        "Content-Type": "application/vnd.microsoft.appconfig.kv\u002Bjson; charset=utf-8",
        "Date": "Tue, 21 Mar 2023 17:28:16 GMT",
        "ETag": "\u0022AuHsgTmsgEeE3ohlkCh_qpcWmpSZxsoTIq9Uo3eGciw\u0022",
        "Last-Modified": "Tue, 21 Mar 2023 17:28:05 GMT",
        "Server": "openresty/1.21.4.1",
        "Strict-Transport-Security": "max-age=15724800; includeSubDomains",
        "Sync-Token": "zAJw6V16=MDotMSMyNzQ3MTY=;sn=274716",
        "Transfer-Encoding": "chunked",
        "x-ms-correlation-request-id": "abf5c50b-c520-49ea-bb7b-af43ee3914a8",
        "x-ms-request-id": "abf5c50b-c520-49ea-bb7b-af43ee3914a8"
      },
      "ResponseBody": {
        "etag": "AuHsgTmsgEeE3ohlkCh_qpcWmpSZxsoTIq9Uo3eGciw",
        "key": "key1-1679419684234",
        "label": "label1",
        "content_type": null,
        "value": "value1",
        "tags": {},
        "locked": false,
        "last_modified": "2023-03-21T17:28:05\u002B00:00"
      }
    },
    {
      "RequestUri": "https://myappconfig.azconfig.io/kv/key2-1679419684234?api-version=2022-11-01-preview\u0026label=label2",
      "RequestMethod": "DELETE",
      "RequestHeaders": {
        "Accept": "application/vnd.microsoft.appconfig.kv\u002Bjson, application/problem\u002Bjson",
        "Accept-Encoding": "gzip, deflate, br",
        "Accept-Language": "en-US",
        "Authorization": "Sanitized",
        "Connection": "keep-alive",
        "Origin": "http://localhost:9876",
        "Referer": "http://localhost:9876/",
        "sec-ch-ua": "",
        "sec-ch-ua-mobile": "?0",
        "sec-ch-ua-platform": "",
        "Sec-Fetch-Dest": "empty",
        "Sec-Fetch-Mode": "cors",
        "Sec-Fetch-Site": "same-site",
        "sync-token": "zAJw6V16=MDotMSMyNzQ3MTY=",
        "User-Agent": "Mozilla/5.0 (Windows NT 10.0; Win64; x64) AppleWebKit/537.36 (KHTML, like Gecko) HeadlessChrome/111.0.5555.0 Safari/537.36",
        "x-ms-client-request-id": "a4977898-7da5-40fc-ad36-c3bdf56259cc",
        "x-ms-content-sha256": "47DEQpj8HBSa\u002B/TImW\u002B5JCeuQeRkm5NMpJWZG3hSuFU=",
        "x-ms-date": "Tue, 21 Mar 2023 17:28:16 GMT",
        "x-ms-useragent": "azsdk-js-app-configuration/1.4.0-beta.1 core-rest-pipeline/1.10.3 OS"
      },
      "RequestBody": null,
      "StatusCode": 200,
      "ResponseHeaders": {
        "Access-Control-Allow-Credentials": "true",
        "Access-Control-Allow-Origin": "*",
        "Access-Control-Expose-Headers": "DNT, X-CustomHeader, Keep-Alive, User-Agent, X-Requested-With, If-Modified-Since, Cache-Control, Content-Type, Authorization, x-ms-client-request-id, x-ms-useragent, x-ms-content-sha256, x-ms-date, host, Accept, Accept-Datetime, Date, If-Match, If-None-Match, Sync-Token, x-ms-return-client-request-id, ETag, Last-Modified, Link, Memento-Datetime, retry-after-ms, x-ms-request-id, x-ms-client-session-id, x-ms-effective-locale, WWW-Authenticate, traceparent, tracestate",
        "Connection": "keep-alive",
        "Content-Type": "application/vnd.microsoft.appconfig.kv\u002Bjson; charset=utf-8",
        "Date": "Tue, 21 Mar 2023 17:28:17 GMT",
        "ETag": "\u00226N2ieDC9XAqyDxo5ZwDmg_K3BmP72YR85_JNwpTtAwI\u0022",
        "Last-Modified": "Tue, 21 Mar 2023 17:28:05 GMT",
        "Server": "openresty/1.21.4.1",
        "Strict-Transport-Security": "max-age=15724800; includeSubDomains",
        "Sync-Token": "zAJw6V16=MDotMSMyNzQ3MTc=;sn=274717",
        "Transfer-Encoding": "chunked",
        "x-ms-correlation-request-id": "cb74130a-6c96-4a70-afb9-4fd48859d4bc",
        "x-ms-request-id": "cb74130a-6c96-4a70-afb9-4fd48859d4bc"
      },
      "ResponseBody": {
        "etag": "6N2ieDC9XAqyDxo5ZwDmg_K3BmP72YR85_JNwpTtAwI",
        "key": "key2-1679419684234",
        "label": "label2",
        "content_type": null,
        "value": "value2",
        "tags": {},
        "locked": false,
        "last_modified": "2023-03-21T17:28:05\u002B00:00"
      }
    }
  ],
  "Variables": {
    "key1": "key1-1679419684234",
    "key2": "key2-1679419684234",
    "snapshot1": "snapshot-1679419684234"
  }
}
