{
  "Entries": [
    {
      "RequestUri": "https://management.azure.com/subscriptions/azure_subscription_id/resourceGroups/myjstest/providers/Microsoft.Devices/IotHubs/myiothubxxxxyyyjjrr?api-version=2021-07-02",
      "RequestMethod": "DELETE",
      "RequestHeaders": {
        "Accept": "application/json",
        "Accept-Encoding": "gzip,deflate",
        "Authorization": "Sanitized",
        "Connection": "keep-alive",
        "User-Agent": "azsdk-js-arm-iothub/6.1.4 core-rest-pipeline/1.9.1 Node/v16.15.0 OS/(x64-Windows_NT-10.0.22000)",
        "x-ms-client-request-id": "8b8f9c29-fdb1-4a41-ac83-203bb71cfd5b"
      },
      "RequestBody": null,
      "StatusCode": 202,
      "ResponseHeaders": {
        "Azure-AsyncOperation": "https://management.azure.com/subscriptions/azure_subscription_id/providers/Microsoft.Devices/locations/eastus/operationResults/aWQ9b3NfaWhfMzc2MjU4YTctMTNhNi00YjRkLTg3NWUtMjEyYTNkZTNjYzgwO3JlZ2lvbj1lYXN0dXM=?api-version=2021-07-02\u0026operationSource=other\u0026asyncinfo",
        "Cache-Control": "no-cache",
        "Content-Length": "4",
        "Content-Type": "application/json; charset=utf-8",
        "Date": "Mon, 13 Jun 2022 08:57:20 GMT",
        "Expires": "-1",
        "Location": "https://management.azure.com/subscriptions/azure_subscription_id/providers/Microsoft.Devices/locations/eastus/operationResults/aWQ9b3NfaWhfMzc2MjU4YTctMTNhNi00YjRkLTg3NWUtMjEyYTNkZTNjYzgwO3JlZ2lvbj1lYXN0dXM=?api-version=2021-07-02\u0026operationSource=other",
        "Pragma": "no-cache",
        "Retry-After": "15",
        "Server": "Microsoft-HTTPAPI/2.0",
        "Strict-Transport-Security": "max-age=31536000; includeSubDomains",
        "X-Content-Type-Options": "nosniff",
        "x-ms-correlation-request-id": "3cf96b77-376d-40a5-b949-3f3a76754b96",
        "x-ms-ratelimit-remaining-subscription-deletes": "14999",
        "x-ms-request-id": "3cf96b77-376d-40a5-b949-3f3a76754b96",
        "x-ms-routing-request-id": "SOUTHEASTASIA:20220613T085720Z:3cf96b77-376d-40a5-b949-3f3a76754b96"
      },
      "ResponseBody": "null"
    },
    {
      "RequestUri": "https://management.azure.com/subscriptions/azure_subscription_id/providers/Microsoft.Devices/locations/eastus/operationResults/aWQ9b3NfaWhfMzc2MjU4YTctMTNhNi00YjRkLTg3NWUtMjEyYTNkZTNjYzgwO3JlZ2lvbj1lYXN0dXM=?api-version=2021-07-02\u0026operationSource=other\u0026asyncinfo=undefined",
      "RequestMethod": "GET",
      "RequestHeaders": {
        "Accept": "application/json",
        "Accept-Encoding": "gzip,deflate",
        "Authorization": "Sanitized",
        "Connection": "keep-alive",
        "User-Agent": "azsdk-js-arm-iothub/6.1.4 core-rest-pipeline/1.9.1 Node/v16.15.0 OS/(x64-Windows_NT-10.0.22000)",
        "x-ms-client-request-id": "801e88fe-99e0-4c07-b3b6-7f49cce05840"
      },
      "RequestBody": null,
      "StatusCode": 200,
      "ResponseHeaders": {
        "Cache-Control": "no-cache",
        "Content-Encoding": "gzip",
        "Content-Type": "application/json; charset=utf-8",
        "Date": "Mon, 13 Jun 2022 08:57:20 GMT",
        "Expires": "-1",
        "Pragma": "no-cache",
        "Server": "Microsoft-HTTPAPI/2.0",
        "Strict-Transport-Security": "max-age=31536000; includeSubDomains",
        "Transfer-Encoding": "chunked",
        "Vary": "Accept-Encoding",
        "X-Content-Type-Options": "nosniff",
        "x-ms-correlation-request-id": "f57f46e4-cc9a-470f-b166-7495ca0df571",
        "x-ms-ratelimit-remaining-subscription-reads": "11945",
        "x-ms-request-id": "f57f46e4-cc9a-470f-b166-7495ca0df571",
        "x-ms-routing-request-id": "SOUTHEASTASIA:20220613T085721Z:f57f46e4-cc9a-470f-b166-7495ca0df571"
      },
      "ResponseBody": {
        "status": "Running"
      }
    },
    {
      "RequestUri": "https://management.azure.com/subscriptions/azure_subscription_id/providers/Microsoft.Devices/locations/eastus/operationResults/aWQ9b3NfaWhfMzc2MjU4YTctMTNhNi00YjRkLTg3NWUtMjEyYTNkZTNjYzgwO3JlZ2lvbj1lYXN0dXM=?api-version=2021-07-02\u0026operationSource=other\u0026asyncinfo=undefined",
      "RequestMethod": "GET",
      "RequestHeaders": {
        "Accept": "application/json",
        "Accept-Encoding": "gzip,deflate",
        "Authorization": "Sanitized",
        "Connection": "keep-alive",
        "User-Agent": "azsdk-js-arm-iothub/6.1.4 core-rest-pipeline/1.9.1 Node/v16.15.0 OS/(x64-Windows_NT-10.0.22000)",
        "x-ms-client-request-id": "2d963d2d-224f-469c-8edf-7fc65c66c48a"
      },
      "RequestBody": null,
      "StatusCode": 200,
      "ResponseHeaders": {
        "Cache-Control": "no-cache",
        "Content-Encoding": "gzip",
        "Content-Type": "application/json; charset=utf-8",
        "Date": "Mon, 13 Jun 2022 08:57:20 GMT",
        "Expires": "-1",
        "Pragma": "no-cache",
        "Server": "Microsoft-HTTPAPI/2.0",
        "Strict-Transport-Security": "max-age=31536000; includeSubDomains",
        "Transfer-Encoding": "chunked",
        "Vary": "Accept-Encoding",
        "X-Content-Type-Options": "nosniff",
        "x-ms-correlation-request-id": "be88d312-20ce-404f-9f46-c17239e68857",
        "x-ms-ratelimit-remaining-subscription-reads": "11944",
        "x-ms-request-id": "be88d312-20ce-404f-9f46-c17239e68857",
        "x-ms-routing-request-id": "SOUTHEASTASIA:20220613T085721Z:be88d312-20ce-404f-9f46-c17239e68857"
      },
      "ResponseBody": {
        "status": "Running"
      }
    },
    {
      "RequestUri": "https://management.azure.com/subscriptions/azure_subscription_id/providers/Microsoft.Devices/locations/eastus/operationResults/aWQ9b3NfaWhfMzc2MjU4YTctMTNhNi00YjRkLTg3NWUtMjEyYTNkZTNjYzgwO3JlZ2lvbj1lYXN0dXM=?api-version=2021-07-02\u0026operationSource=other\u0026asyncinfo=undefined",
      "RequestMethod": "GET",
      "RequestHeaders": {
        "Accept": "application/json",
        "Accept-Encoding": "gzip,deflate",
        "Authorization": "Sanitized",
        "Connection": "keep-alive",
        "User-Agent": "azsdk-js-arm-iothub/6.1.4 core-rest-pipeline/1.9.1 Node/v16.15.0 OS/(x64-Windows_NT-10.0.22000)",
        "x-ms-client-request-id": "539d50cb-d7b5-41b1-9c93-4937ab23c32e"
      },
      "RequestBody": null,
      "StatusCode": 200,
      "ResponseHeaders": {
        "Cache-Control": "no-cache",
        "Content-Encoding": "gzip",
        "Content-Type": "application/json; charset=utf-8",
        "Date": "Mon, 13 Jun 2022 08:57:23 GMT",
        "Expires": "-1",
        "Pragma": "no-cache",
        "Server": "Microsoft-HTTPAPI/2.0",
        "Strict-Transport-Security": "max-age=31536000; includeSubDomains",
        "Transfer-Encoding": "chunked",
        "Vary": "Accept-Encoding",
        "X-Content-Type-Options": "nosniff",
        "x-ms-correlation-request-id": "20af83b8-af19-4114-87e4-9a462a4e46ea",
        "x-ms-ratelimit-remaining-subscription-reads": "11943",
        "x-ms-request-id": "20af83b8-af19-4114-87e4-9a462a4e46ea",
        "x-ms-routing-request-id": "SOUTHEASTASIA:20220613T085723Z:20af83b8-af19-4114-87e4-9a462a4e46ea"
      },
      "ResponseBody": {
        "status": "Running"
      }
    },
    {
      "RequestUri": "https://management.azure.com/subscriptions/azure_subscription_id/providers/Microsoft.Devices/locations/eastus/operationResults/aWQ9b3NfaWhfMzc2MjU4YTctMTNhNi00YjRkLTg3NWUtMjEyYTNkZTNjYzgwO3JlZ2lvbj1lYXN0dXM=?api-version=2021-07-02\u0026operationSource=other\u0026asyncinfo=undefined",
      "RequestMethod": "GET",
      "RequestHeaders": {
        "Accept": "application/json",
        "Accept-Encoding": "gzip,deflate",
        "Authorization": "Sanitized",
        "Connection": "keep-alive",
        "User-Agent": "azsdk-js-arm-iothub/6.1.4 core-rest-pipeline/1.9.1 Node/v16.15.0 OS/(x64-Windows_NT-10.0.22000)",
        "x-ms-client-request-id": "912c8efe-b339-4953-9eeb-6b04ad28afc9"
      },
      "RequestBody": null,
      "StatusCode": 200,
      "ResponseHeaders": {
        "Cache-Control": "no-cache",
        "Content-Encoding": "gzip",
        "Content-Type": "application/json; charset=utf-8",
        "Date": "Mon, 13 Jun 2022 08:57:25 GMT",
        "Expires": "-1",
        "Pragma": "no-cache",
        "Server": "Microsoft-HTTPAPI/2.0",
        "Strict-Transport-Security": "max-age=31536000; includeSubDomains",
        "Transfer-Encoding": "chunked",
        "Vary": "Accept-Encoding",
        "X-Content-Type-Options": "nosniff",
        "x-ms-correlation-request-id": "d0d19857-e31d-4b54-bea7-7d3775bed4c9",
        "x-ms-ratelimit-remaining-subscription-reads": "11942",
        "x-ms-request-id": "d0d19857-e31d-4b54-bea7-7d3775bed4c9",
        "x-ms-routing-request-id": "SOUTHEASTASIA:20220613T085726Z:d0d19857-e31d-4b54-bea7-7d3775bed4c9"
      },
      "ResponseBody": {
        "status": "Running"
      }
    },
    {
      "RequestUri": "https://management.azure.com/subscriptions/azure_subscription_id/providers/Microsoft.Devices/locations/eastus/operationResults/aWQ9b3NfaWhfMzc2MjU4YTctMTNhNi00YjRkLTg3NWUtMjEyYTNkZTNjYzgwO3JlZ2lvbj1lYXN0dXM=?api-version=2021-07-02\u0026operationSource=other\u0026asyncinfo=undefined",
      "RequestMethod": "GET",
      "RequestHeaders": {
        "Accept": "application/json",
        "Accept-Encoding": "gzip,deflate",
        "Authorization": "Sanitized",
        "Connection": "keep-alive",
        "User-Agent": "azsdk-js-arm-iothub/6.1.4 core-rest-pipeline/1.9.1 Node/v16.15.0 OS/(x64-Windows_NT-10.0.22000)",
        "x-ms-client-request-id": "110b6d3e-227f-402d-b090-5cc763b3a605"
      },
      "RequestBody": null,
      "StatusCode": 200,
      "ResponseHeaders": {
        "Cache-Control": "no-cache",
        "Content-Encoding": "gzip",
        "Content-Type": "application/json; charset=utf-8",
        "Date": "Mon, 13 Jun 2022 08:57:27 GMT",
        "Expires": "-1",
        "Pragma": "no-cache",
        "Server": "Microsoft-HTTPAPI/2.0",
        "Strict-Transport-Security": "max-age=31536000; includeSubDomains",
        "Transfer-Encoding": "chunked",
        "Vary": "Accept-Encoding",
        "X-Content-Type-Options": "nosniff",
        "x-ms-correlation-request-id": "2fd14c2b-f807-468c-8cc9-eda4f0fe6c76",
        "x-ms-ratelimit-remaining-subscription-reads": "11941",
        "x-ms-request-id": "2fd14c2b-f807-468c-8cc9-eda4f0fe6c76",
        "x-ms-routing-request-id": "SOUTHEASTASIA:20220613T085728Z:2fd14c2b-f807-468c-8cc9-eda4f0fe6c76"
      },
      "ResponseBody": {
        "status": "Succeeded"
      }
    },
    {
      "RequestUri": "https://management.azure.com/subscriptions/azure_subscription_id/resourceGroups/myjstest/providers/Microsoft.Devices/IotHubs?api-version=2021-07-02",
      "RequestMethod": "GET",
      "RequestHeaders": {
        "Accept": "application/json",
        "Accept-Encoding": "gzip,deflate",
        "Authorization": "Sanitized",
        "Connection": "keep-alive",
        "User-Agent": "azsdk-js-arm-iothub/6.1.4 core-rest-pipeline/1.9.1 Node/v16.15.0 OS/(x64-Windows_NT-10.0.22000)",
        "x-ms-client-request-id": "2b634abd-07ee-4813-9ea9-0be7ee207b2f"
      },
      "RequestBody": null,
      "StatusCode": 200,
      "ResponseHeaders": {
        "Cache-Control": "no-cache",
        "Content-Encoding": "gzip",
        "Content-Type": "application/json; charset=utf-8",
        "Date": "Mon, 13 Jun 2022 08:57:28 GMT",
        "Expires": "-1",
        "Pragma": "no-cache",
        "Server": "Microsoft-HTTPAPI/2.0",
        "Strict-Transport-Security": "max-age=31536000; includeSubDomains",
        "Transfer-Encoding": "chunked",
        "Vary": "Accept-Encoding",
        "X-Content-Type-Options": "nosniff",
        "x-ms-correlation-request-id": "9a3ffd33-d5f7-482f-8e54-c482e24a39b9",
        "x-ms-ratelimit-remaining-subscription-reads": "11940",
        "x-ms-request-id": "9a3ffd33-d5f7-482f-8e54-c482e24a39b9",
        "x-ms-routing-request-id": "SOUTHEASTASIA:20220613T085729Z:9a3ffd33-d5f7-482f-8e54-c482e24a39b9"
      },
      "ResponseBody": {
        "value": []
      }
    }
  ],
  "Variables": {}
}
