{
  "Entries": [
    {
      "RequestUri": "https://endpoint/subscriptions/5aceda1f-93bf-4b33-b129-22f360f7c5ff/resourceGroups/thangdeveastus2-rg/workspaces/sdktesting/discoGroups/University%20of%20Kansas:run?api-version=2023-03-01-preview",
      "RequestMethod": "POST",
      "RequestHeaders": {
        "Accept": "application/json",
        "Accept-Encoding": "gzip,deflate",
        "Authorization": "Sanitized",
        "Connection": "keep-alive",
        "Content-Length": "0",
        "User-Agent": "azsdk-js-defender-easm-rest/1.0.0-beta.1 core-rest-pipeline/1.12.2 Node/v16.17.0 OS/(arm64-Darwin-22.6.0)",
        "x-ms-client-request-id": "bab49de6-8ebb-4cf5-82c4-739a07483141"
      },
      "RequestBody": null,
      "StatusCode": 500,
      "ResponseHeaders": {
        "Cache-Control": "no-store, must-revalidate, no-cache, max-age=0",
        "Connection": "keep-alive",
        "Content-Encoding": "gzip",
        "Content-Type": "application/json",
        "Date": "Tue, 03 Oct 2023 03:37:17 GMT",
        "Expires": "0",
        "Pragma": "no-cache",
        "Server": "digitalfootprint-web",
        "Strict-Transport-Security": "max-age=31536000 ; includeSubDomains",
        "Transfer-Encoding": "chunked",
        "Vary": [
          "origin",
          "access-control-request-method",
          "access-control-request-headers",
          "accept-encoding"
        ],
        "X-Content-Type-Options": "nosniff",
        "X-Frame-Options": "DENY",
        "x-ms-correlation-request-id": "c99ccc27-c841-45eb-a593-95481a02c147",
        "x-ms-error-code": "DiscoMicroserviceSubmitFailed",
        "x-ms-request-id": "d764fb0c-76c1-483e-83a1-9456f6716ced",
        "x-ms-ui-version": "sdk",
        "X-XSS-Protection": "1; mode=block"
      },
      "ResponseBody": {
        "error": {
          "code": "DiscoMicroserviceSubmitFailed",
          "message": "Error performing request: 500 - \n{\u0022timestamp\u0022:\u00222023-10-03T03:37:17.479\u002B00:00\u0022,\u0022status\u0022:500,\u0022error\u0022:\u0022Internal Server Error\u0022,\u0022path\u0022:\u0022/v1/disco/submit\u0022}",
          "target": null,
          "details": null,
          "innererror": null
        }
      }
    },
    {
      "RequestUri": "https://endpoint/subscriptions/5aceda1f-93bf-4b33-b129-22f360f7c5ff/resourceGroups/thangdeveastus2-rg/workspaces/sdktesting/discoGroups/University%20of%20Kansas:run?api-version=2023-03-01-preview",
      "RequestMethod": "POST",
      "RequestHeaders": {
        "Accept": "application/json",
        "Accept-Encoding": "gzip,deflate",
        "Authorization": "Sanitized",
        "Connection": "keep-alive",
        "Content-Length": "0",
        "User-Agent": "azsdk-js-defender-easm-rest/1.0.0-beta.1 core-rest-pipeline/1.12.2 Node/v16.17.0 OS/(arm64-Darwin-22.6.0)",
        "x-ms-client-request-id": "bab49de6-8ebb-4cf5-82c4-739a07483141"
      },
      "RequestBody": null,
      "StatusCode": 500,
      "ResponseHeaders": {
        "Cache-Control": "no-store, must-revalidate, no-cache, max-age=0",
        "Connection": "keep-alive",
        "Content-Encoding": "gzip",
        "Content-Type": "application/json",
        "Date": "Tue, 03 Oct 2023 03:37:20 GMT",
        "Expires": "0",
        "Pragma": "no-cache",
        "Server": "digitalfootprint-web",
        "Strict-Transport-Security": "max-age=31536000 ; includeSubDomains",
        "Transfer-Encoding": "chunked",
        "Vary": [
          "origin",
          "access-control-request-method",
          "access-control-request-headers",
          "accept-encoding"
        ],
        "X-Content-Type-Options": "nosniff",
        "X-Frame-Options": "DENY",
        "x-ms-correlation-request-id": "8ff32daa-3131-4812-ab6b-7892e1f7b898",
        "x-ms-error-code": "DiscoMicroserviceSubmitFailed",
        "x-ms-request-id": "d1a6f82f-0c02-4bba-8e4f-9b696dcd6cf5",
        "x-ms-ui-version": "sdk",
        "X-XSS-Protection": "1; mode=block"
      },
      "ResponseBody": {
        "error": {
          "code": "DiscoMicroserviceSubmitFailed",
          "message": "Error performing request: 500 - \n{\u0022timestamp\u0022:\u00222023-10-03T03:37:20.684\u002B00:00\u0022,\u0022status\u0022:500,\u0022error\u0022:\u0022Internal Server Error\u0022,\u0022path\u0022:\u0022/v1/disco/submit\u0022}",
          "target": null,
          "details": null,
          "innererror": null
        }
      }
    },
    {
      "RequestUri": "https://endpoint/subscriptions/5aceda1f-93bf-4b33-b129-22f360f7c5ff/resourceGroups/thangdeveastus2-rg/workspaces/sdktesting/discoGroups/University%20of%20Kansas:run?api-version=2023-03-01-preview",
      "RequestMethod": "POST",
      "RequestHeaders": {
        "Accept": "application/json",
        "Accept-Encoding": "gzip,deflate",
        "Authorization": "Sanitized",
        "Connection": "keep-alive",
        "Content-Length": "0",
        "User-Agent": "azsdk-js-defender-easm-rest/1.0.0-beta.1 core-rest-pipeline/1.12.2 Node/v16.17.0 OS/(arm64-Darwin-22.6.0)",
        "x-ms-client-request-id": "bab49de6-8ebb-4cf5-82c4-739a07483141"
      },
      "RequestBody": null,
      "StatusCode": 204,
      "ResponseHeaders": {
        "Cache-Control": "no-store, must-revalidate, no-cache, max-age=0",
        "Connection": "keep-alive",
        "Date": "Tue, 03 Oct 2023 03:37:22 GMT",
        "Expires": "0",
        "Pragma": "no-cache",
        "Server": "digitalfootprint-web",
        "Strict-Transport-Security": "max-age=31536000 ; includeSubDomains",
        "Vary": [
          "Origin",
          "Access-Control-Request-Method",
          "Access-Control-Request-Headers"
        ],
        "X-Content-Type-Options": "nosniff",
        "X-Frame-Options": "DENY",
        "x-ms-correlation-request-id": "86eff91f-bb14-499e-9ab4-398d6740b230",
        "x-ms-request-id": "e3394142-3d7e-4c98-9fca-0e877ea3fe10",
        "x-ms-ui-version": "sdk",
        "X-RiskIQ-RequestID": "e3394142-3d7e-4c98-9fca-0e877ea3fe10",
        "X-XSS-Protection": "1; mode=block"
      },
      "ResponseBody": null
    }
  ],
  "Variables": {}
}
