{
  "Entries": [
    {
      "RequestUri": "https://fakestorageaccount.file.core.windows.net/share168625119142908327?restype=share",
      "RequestMethod": "PUT",
      "RequestHeaders": {
        "Accept": "application/xml",
        "Authorization": "Sanitized",
        "Connection": "keep-alive",
        "Content-Length": "0",
        "User-Agent": "azsdk-js-azure-storage-blob/12.13.0 core-rest-pipeline/1.11.1 Node/v16.18.0 OS/(x64-Linux-5.15.0-1038-azure)",
        "x-ms-client-request-id": "b8a56f85-0c5f-4e4b-ab8b-15e3d82b71bd",
        "x-ms-date": "Thu, 08 Jun 2023 19:06:31 GMT",
        "x-ms-version": "2021-10-04"
      },
      "RequestBody": null,
      "StatusCode": 201,
      "ResponseHeaders": {
        "Content-Length": "0",
        "Date": "Thu, 08 Jun 2023 19:06:31 GMT",
        "ETag": "\u00220x8DB68537868ECD7\u0022",
        "Last-Modified": "Thu, 08 Jun 2023 19:06:31 GMT",
        "Server": [
          "Windows-Azure-File/1.0",
          "Microsoft-HTTPAPI/2.0"
        ],
        "x-ms-client-request-id": "b8a56f85-0c5f-4e4b-ab8b-15e3d82b71bd",
        "x-ms-request-id": "53b7511d-f01a-0062-153c-9a0896000000",
        "x-ms-version": "2021-10-04"
      },
      "ResponseBody": null
    },
    {
      "RequestUri": "https://fakestorageaccount.file.core.windows.net/share168625119142908327/?comp=list\u0026restype=directory",
      "RequestMethod": "GET",
      "RequestHeaders": {
        "Accept": "application/xml",
        "Connection": "keep-alive",
        "User-Agent": "azsdk-js-azure-storage-blob/12.13.0 core-rest-pipeline/1.11.1 Node/v16.18.0 OS/(x64-Linux-5.15.0-1038-azure)",
        "x-ms-client-request-id": "e6b04ca4-caf5-456a-b570-43db17e204de",
        "x-ms-version": "2021-10-04"
      },
      "RequestBody": null,
      "StatusCode": 200,
      "ResponseHeaders": {
        "Access-Control-Allow-Origin": "*",
        "Access-Control-Expose-Headers": "x-ms-request-id,x-ms-client-request-id,Server,x-ms-version,Content-Type,Content-Length,Date,Transfer-Encoding",
        "Content-Type": "application/xml",
        "Date": "Thu, 08 Jun 2023 19:06:31 GMT",
        "Server": [
          "Windows-Azure-File/1.0",
          "Microsoft-HTTPAPI/2.0"
        ],
        "Transfer-Encoding": "chunked",
        "x-ms-client-request-id": "e6b04ca4-caf5-456a-b570-43db17e204de",
        "x-ms-request-id": "53b7511f-f01a-0062-163c-9a0896000000",
        "x-ms-version": "2021-10-04"
      },
      "ResponseBody": "\uFEFF\u003C?xml version=\u00221.0\u0022 encoding=\u0022utf-8\u0022?\u003E\u003CEnumerationResults ServiceEndpoint=\u0022https://fakestorageaccount.file.core.windows.net/\u0022 ShareName=\u0022share168625119142908327\u0022 DirectoryPath=\u0022\u0022\u003E\u003CDirectoryId\u003E0\u003C/DirectoryId\u003E\u003CEntries /\u003E\u003CNextMarker /\u003E\u003C/EnumerationResults\u003E"
    },
    {
      "RequestUri": "https://fakestorageaccount.file.core.windows.net/share168625119142908327?restype=share",
      "RequestMethod": "DELETE",
      "RequestHeaders": {
        "Accept": "application/xml",
        "Authorization": "Sanitized",
        "Connection": "keep-alive",
        "User-Agent": "azsdk-js-azure-storage-blob/12.13.0 core-rest-pipeline/1.11.1 Node/v16.18.0 OS/(x64-Linux-5.15.0-1038-azure)",
        "x-ms-client-request-id": "e73fdde2-6d1e-4712-beb5-a7d3fc807e4c",
        "x-ms-date": "Thu, 08 Jun 2023 19:06:31 GMT",
        "x-ms-version": "2021-10-04"
      },
      "RequestBody": null,
      "StatusCode": 202,
      "ResponseHeaders": {
        "Content-Length": "0",
        "Date": "Thu, 08 Jun 2023 19:06:31 GMT",
        "Server": [
          "Windows-Azure-File/1.0",
          "Microsoft-HTTPAPI/2.0"
        ],
        "x-ms-client-request-id": "e73fdde2-6d1e-4712-beb5-a7d3fc807e4c",
        "x-ms-request-id": "53b75120-f01a-0062-173c-9a0896000000",
        "x-ms-version": "2021-10-04"
      },
      "ResponseBody": null
    }
  ],
  "Variables": {
    "now": "2023-06-08T19:06:31.429Z",
    "share": "share168625119142908327",
    "tmr": "2023-06-08T19:06:31.429Z"
  }
}
