{
  "Entries": [
    {
      "RequestUri": "https://myregistry.azurecr.io/v2/oci-artifact/blobs/uploads/",
      "RequestMethod": "POST",
      "RequestHeaders": {
        "Accept": "application/json",
        "Accept-Encoding": "gzip,deflate",
        "Connection": "keep-alive",
        "Content-Length": "0",
        "User-Agent": "azsdk-js-container-registry/1.1.0-beta.4 core-rest-pipeline/1.10.4 Node/v18.16.0 OS/(x64-Linux-5.15.90.1-microsoft-standard-WSL2)",
        "x-ms-client-request-id": "332fca86-8e5d-4052-a3a1-dafa3368232f"
      },
      "RequestBody": null,
      "StatusCode": 401,
      "ResponseHeaders": {
        "Access-Control-Expose-Headers": [
          "Docker-Content-Digest",
          "WWW-Authenticate",
          "Link",
          "X-Ms-Correlation-Request-Id"
        ],
        "Connection": "keep-alive",
        "Content-Length": "266",
        "Content-Type": "application/json; charset=utf-8",
        "Date": "Mon, 08 May 2023 07:38:45 GMT",
        "Docker-Distribution-Api-Version": "registry/2.0",
        "Server": "openresty",
        "Strict-Transport-Security": [
          "max-age=31536000; includeSubDomains",
          "max-age=31536000; includeSubDomains"
        ],
        "WWW-Authenticate": "Bearer realm=\u0022https://myregistry.azurecr.io/oauth2/token\u0022,service=\u0022timovcontainerregistry2.azurecr.io\u0022,scope=\u0022repository:oci-artifact:pull,push\u0022",
        "X-Content-Type-Options": "nosniff",
        "X-Ms-Correlation-Request-Id": "266334e3-2cbb-4884-8965-2e09a026ce6f"
      },
      "ResponseBody": {
        "errors": [
          {
            "code": "UNAUTHORIZED",
            "message": "authentication required, visit https://aka.ms/acr/authorization for more information.",
            "detail": [
              {
                "Type": "repository",
                "Name": "oci-artifact",
                "Action": "pull"
              },
              {
                "Type": "repository",
                "Name": "oci-artifact",
                "Action": "push"
              }
            ]
          }
        ]
      }
    },
    {
      "RequestUri": "https://myregistry.azurecr.io/oauth2/exchange?api-version=2021-07-01",
      "RequestMethod": "POST",
      "RequestHeaders": {
        "Accept": "application/json",
        "Accept-Encoding": "gzip,deflate",
        "Connection": "keep-alive",
        "Content-Length": "97",
        "Content-Type": "application/x-www-form-urlencoded",
        "User-Agent": "azsdk-js-container-registry/1.1.0-beta.4 core-rest-pipeline/1.10.4 Node/v18.16.0 OS/(x64-Linux-5.15.90.1-microsoft-standard-WSL2)",
        "x-ms-client-request-id": "64166d01-a628-4228-ad42-50f5bfb3553c"
      },
      "RequestBody": "grant_type=access_token\u0026service=timovcontainerregistry2.azurecr.io\u0026access_token=SecretPlaceholder",
      "StatusCode": 200,
      "ResponseHeaders": {
        "Connection": "keep-alive",
        "Content-Type": "application/json; charset=utf-8",
        "Date": "Mon, 08 May 2023 07:38:46 GMT",
        "Server": "openresty",
        "Strict-Transport-Security": "max-age=31536000; includeSubDomains",
        "Transfer-Encoding": "chunked",
        "X-Ms-Correlation-Request-Id": "ca2cdf66-8af7-4e20-81ae-099670d2d12f",
        "x-ms-ratelimit-remaining-calls-per-second": "166.65"
      },
      "ResponseBody": {
        "refresh_token": "sanitized.eyJleHAiOjg2NDAwMDAwMDAwMDB9.sanitized"
      }
    },
    {
      "RequestUri": "https://myregistry.azurecr.io/oauth2/token?api-version=2021-07-01",
      "RequestMethod": "POST",
      "RequestHeaders": {
        "Accept": "application/json",
        "Accept-Encoding": "gzip,deflate",
        "Connection": "keep-alive",
        "Content-Length": "176",
        "Content-Type": "application/x-www-form-urlencoded",
        "User-Agent": "azsdk-js-container-registry/1.1.0-beta.4 core-rest-pipeline/1.10.4 Node/v18.16.0 OS/(x64-Linux-5.15.90.1-microsoft-standard-WSL2)",
        "x-ms-client-request-id": "b4430ba3-5b93-4350-9822-42df24241da2"
      },
      "RequestBody": "service=timovcontainerregistry2.azurecr.io\u0026scope=repository%3Aoci-artifact%3Apull%2Cpush\u0026refresh_token=sanitized.eyJleHAiOjg2NDAwMDAwMDAwMDB9.sanitized\u0026grant_type=refresh_token",
      "StatusCode": 200,
      "ResponseHeaders": {
        "Connection": "keep-alive",
        "Content-Type": "application/json; charset=utf-8",
        "Date": "Mon, 08 May 2023 07:38:46 GMT",
        "Server": "openresty",
        "Strict-Transport-Security": "max-age=31536000; includeSubDomains",
        "Transfer-Encoding": "chunked",
        "X-Ms-Correlation-Request-Id": "c85f3923-5675-4704-a997-ac0026053785",
        "x-ms-ratelimit-remaining-calls-per-second": "166.633333"
      },
      "ResponseBody": {
        "access_token": "Sanitized"
      }
    },
    {
      "RequestUri": "https://myregistry.azurecr.io/v2/oci-artifact/blobs/uploads/",
      "RequestMethod": "POST",
      "RequestHeaders": {
        "Accept": "application/json",
        "Accept-Encoding": "gzip,deflate",
        "Authorization": "Sanitized",
        "Connection": "keep-alive",
        "Content-Length": "0",
        "User-Agent": "azsdk-js-container-registry/1.1.0-beta.4 core-rest-pipeline/1.10.4 Node/v18.16.0 OS/(x64-Linux-5.15.90.1-microsoft-standard-WSL2)",
        "x-ms-client-request-id": "332fca86-8e5d-4052-a3a1-dafa3368232f"
      },
      "RequestBody": null,
      "StatusCode": 202,
      "ResponseHeaders": {
        "Access-Control-Expose-Headers": [
          "Docker-Content-Digest",
          "WWW-Authenticate",
          "Link",
          "X-Ms-Correlation-Request-Id"
        ],
        "Connection": "keep-alive",
        "Content-Length": "0",
        "Date": "Mon, 08 May 2023 07:38:46 GMT",
        "Docker-Distribution-Api-Version": "registry/2.0",
        "Docker-Upload-Uuid": "7817dc61-d1db-4787-9c7d-32db67bfb83d",
        "Location": "/v2/oci-artifact/blobs/uploads/7817dc61-d1db-4787-9c7d-32db67bfb83d?_nouploadcache=false\u0026_state=vfvcPVHfm_rl6ESJbHSjGXdwH5g8CJ0DZbo1yBlzv6R7Ik5hbWUiOiJvY2ktYXJ0aWZhY3QiLCJVVUlEIjoiNzgxN2RjNjEtZDFkYi00Nzg3LTljN2QtMzJkYjY3YmZiODNkIiwiT2Zmc2V0IjowLCJTdGFydGVkQXQiOiIyMDIzLTA1LTA4VDA3OjM4OjQ2Ljc4MDM2ODY2NloifQ%3D%3D",
        "Range": "0-0",
        "Server": "openresty",
        "Strict-Transport-Security": [
          "max-age=31536000; includeSubDomains",
          "max-age=31536000; includeSubDomains"
        ],
        "X-Content-Type-Options": "nosniff",
        "X-Ms-Client-Request-Id": "332fca86-8e5d-4052-a3a1-dafa3368232f",
        "X-Ms-Correlation-Request-Id": "8d31e83c-aad0-4110-80bf-23fa08df00c6",
        "X-Ms-Request-Id": "33658e4d-4c77-4b65-8fad-73e07e4bdd86"
      },
      "ResponseBody": null
    },
    {
      "RequestUri": "https://myregistry.azurecr.io/v2/oci-artifact/blobs/uploads/7817dc61-d1db-4787-9c7d-32db67bfb83d?_nouploadcache=false\u0026_state=vfvcPVHfm_rl6ESJbHSjGXdwH5g8CJ0DZbo1yBlzv6R7Ik5hbWUiOiJvY2ktYXJ0aWZhY3QiLCJVVUlEIjoiNzgxN2RjNjEtZDFkYi00Nzg3LTljN2QtMzJkYjY3YmZiODNkIiwiT2Zmc2V0IjowLCJTdGFydGVkQXQiOiIyMDIzLTA1LTA4VDA3OjM4OjQ2Ljc4MDM2ODY2NloifQ%3D%3D",
      "RequestMethod": "PATCH",
      "RequestHeaders": {
        "Accept": "application/json",
        "Accept-Encoding": "gzip,deflate",
        "Authorization": "Sanitized",
        "Connection": "keep-alive",
        "Content-Length": "28",
        "Content-Type": "application/octet-stream",
        "User-Agent": "azsdk-js-container-registry/1.1.0-beta.4 core-rest-pipeline/1.10.4 Node/v18.16.0 OS/(x64-Linux-5.15.90.1-microsoft-standard-WSL2)",
        "x-ms-client-request-id": "9cd3fbe9-c1e3-4a21-bc4e-4f1817257718"
      },
      "RequestBody": "//5oAGUAbABsAG8AIAB3AG8AcgBsAGQADQAKAA==",
      "StatusCode": 202,
      "ResponseHeaders": {
        "Access-Control-Expose-Headers": [
          "Docker-Content-Digest",
          "WWW-Authenticate",
          "Link",
          "X-Ms-Correlation-Request-Id"
        ],
        "Connection": "keep-alive",
        "Content-Length": "0",
        "Date": "Mon, 08 May 2023 07:38:47 GMT",
        "Docker-Distribution-Api-Version": "registry/2.0",
        "Docker-Upload-Uuid": "7817dc61-d1db-4787-9c7d-32db67bfb83d",
        "Location": "/v2/oci-artifact/blobs/uploads/7817dc61-d1db-4787-9c7d-32db67bfb83d?_nouploadcache=false\u0026_state=c3oercwbqQ29GBn53ZYxv3Utd-664TCiuv4AVihHdwp7Ik5hbWUiOiJvY2ktYXJ0aWZhY3QiLCJVVUlEIjoiNzgxN2RjNjEtZDFkYi00Nzg3LTljN2QtMzJkYjY3YmZiODNkIiwiT2Zmc2V0IjoyOCwiU3RhcnRlZEF0IjoiMjAyMy0wNS0wOFQwNzozODo0NloifQ%3D%3D",
        "Range": "0-27",
        "Server": "openresty",
        "Strict-Transport-Security": [
          "max-age=31536000; includeSubDomains",
          "max-age=31536000; includeSubDomains"
        ],
        "X-Content-Type-Options": "nosniff",
        "X-Ms-Client-Request-Id": "9cd3fbe9-c1e3-4a21-bc4e-4f1817257718",
        "X-Ms-Correlation-Request-Id": "ac0a840c-2620-4cdc-8d05-5961952e2a0c",
        "X-Ms-Request-Id": "6ef26b44-2eac-429e-b539-290f2db2979e"
      },
      "ResponseBody": null
    },
    {
      "RequestUri": "https://myregistry.azurecr.io/v2/oci-artifact/blobs/uploads/7817dc61-d1db-4787-9c7d-32db67bfb83d?_nouploadcache=false\u0026_state=c3oercwbqQ29GBn53ZYxv3Utd-664TCiuv4AVihHdwp7Ik5hbWUiOiJvY2ktYXJ0aWZhY3QiLCJVVUlEIjoiNzgxN2RjNjEtZDFkYi00Nzg3LTljN2QtMzJkYjY3YmZiODNkIiwiT2Zmc2V0IjoyOCwiU3RhcnRlZEF0IjoiMjAyMy0wNS0wOFQwNzozODo0NloifQ%3D%3D\u0026digest=sha256%3A654b93f61054e4ce90ed203bb8d556a6200d5f906cf3eca0620738d6dc18cbed",
      "RequestMethod": "PUT",
      "RequestHeaders": {
        "Accept": "application/json",
        "Accept-Encoding": "gzip,deflate",
        "Authorization": "Sanitized",
        "Connection": "keep-alive",
        "Content-Length": "0",
        "Content-Type": "application/octet-stream",
        "User-Agent": "azsdk-js-container-registry/1.1.0-beta.4 core-rest-pipeline/1.10.4 Node/v18.16.0 OS/(x64-Linux-5.15.90.1-microsoft-standard-WSL2)",
        "x-ms-client-request-id": "200f12c7-a6f8-4646-8246-b375b6dd2dea"
      },
      "RequestBody": null,
      "StatusCode": 201,
      "ResponseHeaders": {
        "Access-Control-Expose-Headers": [
          "Docker-Content-Digest",
          "WWW-Authenticate",
          "Link",
          "X-Ms-Correlation-Request-Id"
        ],
        "Connection": "keep-alive",
        "Content-Length": "0",
        "Date": "Mon, 08 May 2023 07:38:47 GMT",
        "Docker-Content-Digest": "sha256:654b93f61054e4ce90ed203bb8d556a6200d5f906cf3eca0620738d6dc18cbed",
        "Docker-Distribution-Api-Version": "registry/2.0",
        "Location": "/v2/oci-artifact/blobs/sha256:654b93f61054e4ce90ed203bb8d556a6200d5f906cf3eca0620738d6dc18cbed",
        "Server": "openresty",
        "Strict-Transport-Security": [
          "max-age=31536000; includeSubDomains",
          "max-age=31536000; includeSubDomains"
        ],
        "X-Content-Type-Options": "nosniff",
        "X-Ms-Client-Request-Id": "200f12c7-a6f8-4646-8246-b375b6dd2dea",
        "X-Ms-Correlation-Request-Id": "9f103d8d-c85b-4210-a0e9-cd4d3db060ad",
        "X-Ms-Request-Id": "abe3f13b-7175-40e6-ba76-1aa125c917ae"
      },
      "ResponseBody": null
    },
    {
      "RequestUri": "https://myregistry.azurecr.io/v2/oci-artifact/blobs/uploads/",
      "RequestMethod": "POST",
      "RequestHeaders": {
        "Accept": "application/json",
        "Accept-Encoding": "gzip,deflate",
        "Authorization": "Sanitized",
        "Connection": "keep-alive",
        "Content-Length": "0",
        "User-Agent": "azsdk-js-container-registry/1.1.0-beta.4 core-rest-pipeline/1.10.4 Node/v18.16.0 OS/(x64-Linux-5.15.90.1-microsoft-standard-WSL2)",
        "x-ms-client-request-id": "c43ff54d-38b8-49b4-b869-105e8d610d1b"
      },
      "RequestBody": null,
      "StatusCode": 202,
      "ResponseHeaders": {
        "Access-Control-Expose-Headers": [
          "Docker-Content-Digest",
          "WWW-Authenticate",
          "Link",
          "X-Ms-Correlation-Request-Id"
        ],
        "Connection": "keep-alive",
        "Content-Length": "0",
        "Date": "Mon, 08 May 2023 07:38:47 GMT",
        "Docker-Distribution-Api-Version": "registry/2.0",
        "Docker-Upload-Uuid": "d778b044-c6b7-42da-9061-1fcdc0367c64",
        "Location": "/v2/oci-artifact/blobs/uploads/d778b044-c6b7-42da-9061-1fcdc0367c64?_nouploadcache=false\u0026_state=TYVLZWlSsGQ0a8JRYR24TxEOMVzpTJyjnQXzMGFEdB97Ik5hbWUiOiJvY2ktYXJ0aWZhY3QiLCJVVUlEIjoiZDc3OGIwNDQtYzZiNy00MmRhLTkwNjEtMWZjZGMwMzY3YzY0IiwiT2Zmc2V0IjowLCJTdGFydGVkQXQiOiIyMDIzLTA1LTA4VDA3OjM4OjQ3LjUwNDM4NjIwNFoifQ%3D%3D",
        "Range": "0-0",
        "Server": "openresty",
        "Strict-Transport-Security": [
          "max-age=31536000; includeSubDomains",
          "max-age=31536000; includeSubDomains"
        ],
        "X-Content-Type-Options": "nosniff",
        "X-Ms-Client-Request-Id": "c43ff54d-38b8-49b4-b869-105e8d610d1b",
        "X-Ms-Correlation-Request-Id": "ba5302ed-4c6a-4cfa-be1e-7623b1a137d2",
        "X-Ms-Request-Id": "8f01bc55-5105-44ce-85f3-61b3b83843a2"
      },
      "ResponseBody": null
    },
    {
      "RequestUri": "https://myregistry.azurecr.io/v2/oci-artifact/blobs/uploads/d778b044-c6b7-42da-9061-1fcdc0367c64?_nouploadcache=false\u0026_state=TYVLZWlSsGQ0a8JRYR24TxEOMVzpTJyjnQXzMGFEdB97Ik5hbWUiOiJvY2ktYXJ0aWZhY3QiLCJVVUlEIjoiZDc3OGIwNDQtYzZiNy00MmRhLTkwNjEtMWZjZGMwMzY3YzY0IiwiT2Zmc2V0IjowLCJTdGFydGVkQXQiOiIyMDIzLTA1LTA4VDA3OjM4OjQ3LjUwNDM4NjIwNFoifQ%3D%3D",
      "RequestMethod": "PATCH",
      "RequestHeaders": {
        "Accept": "application/json",
        "Accept-Encoding": "gzip,deflate",
        "Authorization": "Sanitized",
        "Connection": "keep-alive",
        "Content-Length": "171",
        "Content-Type": "application/octet-stream",
        "User-Agent": "azsdk-js-container-registry/1.1.0-beta.4 core-rest-pipeline/1.10.4 Node/v18.16.0 OS/(x64-Linux-5.15.90.1-microsoft-standard-WSL2)",
        "x-ms-client-request-id": "fbf2c007-0979-43e8-b910-9a1d873ee8e2"
      },
      "RequestBody": "H4sIAAAAAAAA/\u002BzRwcrCMBAE4Dn/8L9DD551tulmn6dUq4VioUb06VUsORU8aRQx32VzSjYzi2bYt90WKZGkmU2T5HxOZ6lo6lTNPCjUUlFo0q2i4yHUI8hn75l/7kvE/lf1GLq2bsIynMOr37jn4b1/3L\u002BrYv9lWYkDxYkoireE\u002BOP9Xy87bNCjx4ACJwwY0WONf/x9erUsy7IsoVsAAAD//yO/fykACgAA",
      "StatusCode": 202,
      "ResponseHeaders": {
        "Access-Control-Expose-Headers": [
          "Docker-Content-Digest",
          "WWW-Authenticate",
          "Link",
          "X-Ms-Correlation-Request-Id"
        ],
        "Connection": "keep-alive",
        "Content-Length": "0",
        "Date": "Mon, 08 May 2023 07:38:47 GMT",
        "Docker-Distribution-Api-Version": "registry/2.0",
        "Docker-Upload-Uuid": "d778b044-c6b7-42da-9061-1fcdc0367c64",
        "Location": "/v2/oci-artifact/blobs/uploads/d778b044-c6b7-42da-9061-1fcdc0367c64?_nouploadcache=false\u0026_state=DNfe7bCUf5sR17Xq2wrUJAQLKC6IhD1ySPGYWl8onY17Ik5hbWUiOiJvY2ktYXJ0aWZhY3QiLCJVVUlEIjoiZDc3OGIwNDQtYzZiNy00MmRhLTkwNjEtMWZjZGMwMzY3YzY0IiwiT2Zmc2V0IjoxNzEsIlN0YXJ0ZWRBdCI6IjIwMjMtMDUtMDhUMDc6Mzg6NDdaIn0%3D",
        "Range": "0-170",
        "Server": "openresty",
        "Strict-Transport-Security": [
          "max-age=31536000; includeSubDomains",
          "max-age=31536000; includeSubDomains"
        ],
        "X-Content-Type-Options": "nosniff",
        "X-Ms-Client-Request-Id": "fbf2c007-0979-43e8-b910-9a1d873ee8e2",
        "X-Ms-Correlation-Request-Id": "8b9cc2cb-420e-4a0d-8218-4ecff3d5a7d1",
        "X-Ms-Request-Id": "a5b3d6ef-c783-447a-9272-9e1d589c9b4c"
      },
      "ResponseBody": null
    },
    {
      "RequestUri": "https://myregistry.azurecr.io/v2/oci-artifact/blobs/uploads/d778b044-c6b7-42da-9061-1fcdc0367c64?_nouploadcache=false\u0026_state=DNfe7bCUf5sR17Xq2wrUJAQLKC6IhD1ySPGYWl8onY17Ik5hbWUiOiJvY2ktYXJ0aWZhY3QiLCJVVUlEIjoiZDc3OGIwNDQtYzZiNy00MmRhLTkwNjEtMWZjZGMwMzY3YzY0IiwiT2Zmc2V0IjoxNzEsIlN0YXJ0ZWRBdCI6IjIwMjMtMDUtMDhUMDc6Mzg6NDdaIn0%3D\u0026digest=sha256%3Ad25b42d3dbad5361ed2d909624d899e7254a822c9a632b582ebd3a44f9b0dbc8",
      "RequestMethod": "PUT",
      "RequestHeaders": {
        "Accept": "application/json",
        "Accept-Encoding": "gzip,deflate",
        "Authorization": "Sanitized",
        "Connection": "keep-alive",
        "Content-Length": "0",
        "Content-Type": "application/octet-stream",
        "User-Agent": "azsdk-js-container-registry/1.1.0-beta.4 core-rest-pipeline/1.10.4 Node/v18.16.0 OS/(x64-Linux-5.15.90.1-microsoft-standard-WSL2)",
        "x-ms-client-request-id": "8e15a347-bfd3-4cce-b796-d8c488d5fbcf"
      },
      "RequestBody": null,
      "StatusCode": 201,
      "ResponseHeaders": {
        "Access-Control-Expose-Headers": [
          "Docker-Content-Digest",
          "WWW-Authenticate",
          "Link",
          "X-Ms-Correlation-Request-Id"
        ],
        "Connection": "keep-alive",
        "Content-Length": "0",
        "Date": "Mon, 08 May 2023 07:38:47 GMT",
        "Docker-Content-Digest": "sha256:d25b42d3dbad5361ed2d909624d899e7254a822c9a632b582ebd3a44f9b0dbc8",
        "Docker-Distribution-Api-Version": "registry/2.0",
        "Location": "/v2/oci-artifact/blobs/sha256:d25b42d3dbad5361ed2d909624d899e7254a822c9a632b582ebd3a44f9b0dbc8",
        "Server": "openresty",
        "Strict-Transport-Security": [
          "max-age=31536000; includeSubDomains",
          "max-age=31536000; includeSubDomains"
        ],
        "X-Content-Type-Options": "nosniff",
        "X-Ms-Client-Request-Id": "8e15a347-bfd3-4cce-b796-d8c488d5fbcf",
        "X-Ms-Correlation-Request-Id": "63ff5bd5-4e3c-4ba2-8e3a-1cf396c7b799",
        "X-Ms-Request-Id": "86b130f3-3de6-4033-a900-dc9a4062f0ba"
      },
      "ResponseBody": null
    },
    {
      "RequestUri": "https://myregistry.azurecr.io/v2/oci-artifact/manifests/sha256%3A70e2ffca8e79adc4bd34b67363a972522d75933e435084826d39a19f958579ed",
      "RequestMethod": "PUT",
      "RequestHeaders": {
        "Accept": "application/json",
        "Accept-Encoding": "gzip,deflate",
        "Authorization": "Sanitized",
        "Connection": "keep-alive",
        "Content-Length": "402",
        "Content-Type": "application/vnd.oci.image.manifest.v1\u002Bjson",
        "User-Agent": "azsdk-js-container-registry/1.1.0-beta.4 core-rest-pipeline/1.10.4 Node/v18.16.0 OS/(x64-Linux-5.15.90.1-microsoft-standard-WSL2)",
        "x-ms-client-request-id": "af47b8d8-55e5-419e-95eb-6b83aa0cf6a2"
      },
      "RequestBody": {
        "schemaVersion": 2,
        "config": {
          "mediaType": "application/vnd.oci.image.config.v1\u002Bjson",
          "digest": "sha256:d25b42d3dbad5361ed2d909624d899e7254a822c9a632b582ebd3a44f9b0dbc8",
          "size": 171
        },
        "layers": [
          {
            "mediaType": "application/vnd.oci.image.layer.v1.tar",
            "digest": "sha256:654b93f61054e4ce90ed203bb8d556a6200d5f906cf3eca0620738d6dc18cbed",
            "size": 28,
            "annotations": {
              "org.opencontainers.image.title": "artifact.txt"
            }
          }
        ]
      },
      "StatusCode": 201,
      "ResponseHeaders": {
        "Access-Control-Expose-Headers": [
          "Docker-Content-Digest",
          "WWW-Authenticate",
          "Link",
          "X-Ms-Correlation-Request-Id"
        ],
        "Connection": "keep-alive",
        "Content-Length": "0",
        "Date": "Mon, 08 May 2023 07:38:48 GMT",
        "Docker-Content-Digest": "sha256:70e2ffca8e79adc4bd34b67363a972522d75933e435084826d39a19f958579ed",
        "Docker-Distribution-Api-Version": "registry/2.0",
        "Location": "/v2/oci-artifact/manifests/sha256:70e2ffca8e79adc4bd34b67363a972522d75933e435084826d39a19f958579ed",
        "Server": "openresty",
        "Strict-Transport-Security": [
          "max-age=31536000; includeSubDomains",
          "max-age=31536000; includeSubDomains"
        ],
        "X-Content-Type-Options": "nosniff",
        "X-Ms-Client-Request-Id": "af47b8d8-55e5-419e-95eb-6b83aa0cf6a2",
        "X-Ms-Correlation-Request-Id": "8641ecac-206c-4cca-94de-782075fbbfd8",
        "X-Ms-Request-Id": "ba5f5db6-3e01-4825-9d98-ffc1333444af"
      },
      "ResponseBody": null
    },
    {
      "RequestUri": "https://myregistry.azurecr.io/v2/oci-artifact/manifests/sha256%3A70e2ffca8e79adc4bd34b67363a972522d75933e435084826d39a19f958579ed",
      "RequestMethod": "GET",
      "RequestHeaders": {
        "Accept": "application/vnd.oci.image.manifest.v1\u002Bjson, application/vnd.docker.distribution.manifest.v2\u002Bjson, application/vnd.oci.image.index.v1\u002Bjson, application/vnd.docker.distribution.manifest.list.v2\u002Bjson, application/vnd.docker.container.image.v1\u002Bjson",
        "Accept-Encoding": "gzip,deflate",
        "Authorization": "Sanitized",
        "Connection": "keep-alive",
        "User-Agent": "azsdk-js-container-registry/1.1.0-beta.4 core-rest-pipeline/1.10.4 Node/v18.16.0 OS/(x64-Linux-5.15.90.1-microsoft-standard-WSL2)",
        "x-ms-client-request-id": "05549096-5aa6-453c-b8e6-870352e8bc8d"
      },
      "RequestBody": null,
      "StatusCode": 200,
      "ResponseHeaders": {
        "Access-Control-Expose-Headers": [
          "Docker-Content-Digest",
          "WWW-Authenticate",
          "Link",
          "X-Ms-Correlation-Request-Id"
        ],
        "Connection": "keep-alive",
        "Content-Length": "402",
        "Content-Type": "application/vnd.oci.image.manifest.v1\u002Bjson",
        "Date": "Mon, 08 May 2023 07:38:48 GMT",
        "Docker-Content-Digest": "sha256:70e2ffca8e79adc4bd34b67363a972522d75933e435084826d39a19f958579ed",
        "Docker-Distribution-Api-Version": "registry/2.0",
        "ETag": "\u0022sha256:70e2ffca8e79adc4bd34b67363a972522d75933e435084826d39a19f958579ed\u0022",
        "Server": "openresty",
        "Strict-Transport-Security": [
          "max-age=31536000; includeSubDomains",
          "max-age=31536000; includeSubDomains"
        ],
        "X-Content-Type-Options": "nosniff",
        "X-Ms-Client-Request-Id": "05549096-5aa6-453c-b8e6-870352e8bc8d",
        "X-Ms-Correlation-Request-Id": "e486e73d-08e1-4deb-a711-f2342ea78283",
        "X-Ms-Request-Id": "9ce17b89-dd00-4c5f-a7fe-7c0b7c0118ad"
      },
      "ResponseBody": {
        "schemaVersion": 2,
        "config": {
          "mediaType": "application/vnd.oci.image.config.v1\u002Bjson",
          "digest": "sha256:d25b42d3dbad5361ed2d909624d899e7254a822c9a632b582ebd3a44f9b0dbc8",
          "size": 171
        },
        "layers": [
          {
            "mediaType": "application/vnd.oci.image.layer.v1.tar",
            "digest": "sha256:654b93f61054e4ce90ed203bb8d556a6200d5f906cf3eca0620738d6dc18cbed",
            "size": 28,
            "annotations": {
              "org.opencontainers.image.title": "artifact.txt"
            }
          }
        ]
      }
    },
    {
      "RequestUri": "https://myregistry.azurecr.io/v2/oci-artifact/manifests/sha256%3A70e2ffca8e79adc4bd34b67363a972522d75933e435084826d39a19f958579ed",
      "RequestMethod": "DELETE",
      "RequestHeaders": {
        "Accept": "application/json",
        "Accept-Encoding": "gzip,deflate",
        "Authorization": "Sanitized",
        "Connection": "keep-alive",
        "User-Agent": "azsdk-js-container-registry/1.1.0-beta.4 core-rest-pipeline/1.10.4 Node/v18.16.0 OS/(x64-Linux-5.15.90.1-microsoft-standard-WSL2)",
        "x-ms-client-request-id": "0b3acaac-3817-49d7-a633-384261c27b54"
      },
      "RequestBody": null,
      "StatusCode": 401,
      "ResponseHeaders": {
        "Access-Control-Expose-Headers": [
          "Docker-Content-Digest",
          "WWW-Authenticate",
          "Link",
          "X-Ms-Correlation-Request-Id"
        ],
        "Connection": "keep-alive",
        "Content-Length": "208",
        "Content-Type": "application/json; charset=utf-8",
        "Date": "Mon, 08 May 2023 07:38:48 GMT",
        "Docker-Distribution-Api-Version": "registry/2.0",
        "Server": "openresty",
        "Strict-Transport-Security": [
          "max-age=31536000; includeSubDomains",
          "max-age=31536000; includeSubDomains"
        ],
        "WWW-Authenticate": "Bearer realm=\u0022https://myregistry.azurecr.io/oauth2/token\u0022,service=\u0022timovcontainerregistry2.azurecr.io\u0022,scope=\u0022repository:oci-artifact:delete\u0022,error=\u0022insufficient_scope\u0022",
        "X-Content-Type-Options": "nosniff",
        "X-Ms-Correlation-Request-Id": "0af3a6df-3f51-4e24-8a47-14a9b35139fe"
      },
      "ResponseBody": {
        "errors": [
          {
            "code": "UNAUTHORIZED",
            "message": "authentication required, visit https://aka.ms/acr/authorization for more information.",
            "detail": [
              {
                "Type": "repository",
                "Name": "oci-artifact",
                "Action": "delete"
              }
            ]
          }
        ]
      }
    },
    {
      "RequestUri": "https://myregistry.azurecr.io/oauth2/token?api-version=2021-07-01",
      "RequestMethod": "POST",
      "RequestHeaders": {
        "Accept": "application/json",
        "Accept-Encoding": "gzip,deflate",
        "Connection": "keep-alive",
        "Content-Length": "171",
        "Content-Type": "application/x-www-form-urlencoded",
        "User-Agent": "azsdk-js-container-registry/1.1.0-beta.4 core-rest-pipeline/1.10.4 Node/v18.16.0 OS/(x64-Linux-5.15.90.1-microsoft-standard-WSL2)",
        "x-ms-client-request-id": "b6c84547-ab15-4704-b3ed-7cd91490e18b"
      },
      "RequestBody": "service=timovcontainerregistry2.azurecr.io\u0026scope=repository%3Aoci-artifact%3Adelete\u0026refresh_token=sanitized.eyJleHAiOjg2NDAwMDAwMDAwMDB9.sanitized\u0026grant_type=refresh_token",
      "StatusCode": 200,
      "ResponseHeaders": {
        "Connection": "keep-alive",
        "Content-Type": "application/json; charset=utf-8",
        "Date": "Mon, 08 May 2023 07:38:48 GMT",
        "Server": "openresty",
        "Strict-Transport-Security": "max-age=31536000; includeSubDomains",
        "Transfer-Encoding": "chunked",
        "X-Ms-Correlation-Request-Id": "5adaddc6-0368-46f1-b2bc-a399c0280300",
        "x-ms-ratelimit-remaining-calls-per-second": "166.616667"
      },
      "ResponseBody": {
        "access_token": "Sanitized"
      }
    },
    {
      "RequestUri": "https://myregistry.azurecr.io/v2/oci-artifact/manifests/sha256%3A70e2ffca8e79adc4bd34b67363a972522d75933e435084826d39a19f958579ed",
      "RequestMethod": "DELETE",
      "RequestHeaders": {
        "Accept": "application/json",
        "Accept-Encoding": "gzip,deflate",
        "Authorization": "Sanitized",
        "Connection": "keep-alive",
        "User-Agent": "azsdk-js-container-registry/1.1.0-beta.4 core-rest-pipeline/1.10.4 Node/v18.16.0 OS/(x64-Linux-5.15.90.1-microsoft-standard-WSL2)",
        "x-ms-client-request-id": "0b3acaac-3817-49d7-a633-384261c27b54"
      },
      "RequestBody": null,
      "StatusCode": 202,
      "ResponseHeaders": {
        "Access-Control-Expose-Headers": [
          "Docker-Content-Digest",
          "WWW-Authenticate",
          "Link",
          "X-Ms-Correlation-Request-Id"
        ],
        "Connection": "keep-alive",
        "Content-Length": "0",
        "Date": "Mon, 08 May 2023 07:38:49 GMT",
        "Docker-Distribution-Api-Version": "registry/2.0",
        "Server": "openresty",
        "Strict-Transport-Security": [
          "max-age=31536000; includeSubDomains",
          "max-age=31536000; includeSubDomains"
        ],
        "X-Content-Type-Options": "nosniff",
        "X-Ms-Client-Request-Id": "0b3acaac-3817-49d7-a633-384261c27b54",
        "X-Ms-Correlation-Request-Id": "cd5ff6f9-4fa6-4778-8535-21e45a6ddb8a",
        "X-Ms-Ratelimit-Remaining-Calls-Per-Second": "8.000000",
        "X-Ms-Request-Id": "8460fe38-40f2-40a0-8b96-5aae78325f6a"
      },
      "ResponseBody": null
    }
  ],
  "Variables": {}
}
