{
  "Entries": [
    {
      "RequestUri": "https://myappconfig.azconfig.io/kv/key-1-10571?api-version=1.0\u0026label=test",
      "RequestMethod": "PUT",
      "RequestHeaders": {
        "Accept": "application/vnd.microsoft.appconfig.kv\u002Bjson, application/json, application/problem\u002Bjson",
        "Accept-Encoding": "gzip, deflate, br",
        "Accept-Language": "en-US",
        "Authorization": "Sanitized",
        "Cache-Control": "max-age=0",
        "Connection": "keep-alive",
        "Content-Length": "117",
        "Content-Type": "application/vnd.microsoft.appconfig.kv\u002Bjson",
        "If-None-Match": "*",
        "Referer": "http://localhost:9876/",
        "sec-ch-ua": "",
        "sec-ch-ua-mobile": "?0",
        "sec-ch-ua-platform": "",
        "Sec-Fetch-Dest": "empty",
        "Sec-Fetch-Mode": "cors",
        "Sec-Fetch-Site": "same-site",
        "User-Agent": "Mozilla/5.0 (X11; Linux x86_64) AppleWebKit/537.36 (KHTML, like Gecko) HeadlessChrome/93.0.4577.0 Safari/537.36",
        "x-ms-client-request-id": "9a13eb7e-9bde-4d9d-87b3-6e4a00a1225e",
        "x-ms-content-sha256": "wfPypBx4V9SlA/nA9TX9LTVV79MQN6y0jw2E8IQFwDU=",
        "x-ms-date": "Wed, 29 Dec 2021 21:08:50 GMT",
        "x-ms-useragent": "azsdk-js-app-configuration/1.3.2 core-http/2.2.3 OS/Linuxx86_64"
      },
      "RequestBody": {
        "key": "key-1-10571",
        "label": "test",
        "content_type": "application/json",
        "value": "foo",
        "tags": {
          "bar": "baz",
          "car": "caz"
        }
      },
      "StatusCode": 200,
      "ResponseHeaders": {
        "Access-Control-Allow-Credentials": "true",
        "Access-Control-Allow-Origin": "*",
        "Access-Control-Expose-Headers": "DNT, X-CustomHeader, Keep-Alive, User-Agent, X-Requested-With, If-Modified-Since, Cache-Control, Content-Type, Authorization, x-ms-client-request-id, x-ms-useragent, x-ms-content-sha256, x-ms-date, host, Accept, Accept-Datetime, Date, If-Match, If-None-Match, Sync-Token, x-ms-return-client-request-id, ETag, Last-Modified, Link, Memento-Datetime, retry-after-ms, x-ms-request-id, x-ms-client-session-id, x-ms-effective-locale, WWW-Authenticate, traceparent, tracestate",
        "Connection": "keep-alive",
        "Content-Type": "application/vnd.microsoft.appconfig.kv\u002Bjson; charset=utf-8",
        "Date": "Wed, 29 Dec 2021 21:08:50 GMT",
        "ETag": "\u0022Bez0BagkO74JD0wzLReoljt9sww\u0022",
        "Last-Modified": "Wed, 29 Dec 2021 21:08:50 GMT",
        "Server": "openresty/1.17.8.2",
        "Strict-Transport-Security": "max-age=15724800; includeSubDomains",
        "Sync-Token": "zAJw6V16=NToxNSMzMjg0NDc4;sn=3284478",
        "Transfer-Encoding": "chunked",
        "x-ms-correlation-request-id": "9963f167-1767-474d-b618-03c1e0f1d89e",
        "x-ms-request-id": "9963f167-1767-474d-b618-03c1e0f1d89e"
      },
      "ResponseBody": {
        "etag": "Bez0BagkO74JD0wzLReoljt9sww",
        "key": "key-1-10571",
        "label": "test",
        "content_type": "application/json",
        "value": "foo",
        "tags": {
          "bar": "baz",
          "car": "caz"
        },
        "locked": false,
        "last_modified": "2021-12-29T21:08:50\u002B00:00"
      }
    },
    {
      "RequestUri": "https://myappconfig.azconfig.io/kv/key-1-10571?api-version=1.0\u0026label=test",
      "RequestMethod": "PUT",
      "RequestHeaders": {
        "Accept": "application/vnd.microsoft.appconfig.kv\u002Bjson, application/json, application/problem\u002Bjson",
        "Accept-Encoding": "gzip, deflate, br",
        "Accept-Language": "en-US",
        "Authorization": "Sanitized",
        "Cache-Control": "max-age=0",
        "Connection": "keep-alive",
        "Content-Length": "88",
        "Content-Type": "application/vnd.microsoft.appconfig.kv\u002Bjson",
        "If-Match": "\u0022Bez0BagkO74JD0wzLReoljt9sww\u0022",
        "Referer": "http://localhost:9876/",
        "sec-ch-ua": "",
        "sec-ch-ua-mobile": "?0",
        "sec-ch-ua-platform": "",
        "Sec-Fetch-Dest": "empty",
        "Sec-Fetch-Mode": "cors",
        "Sec-Fetch-Site": "same-site",
        "sync-token": "zAJw6V16=NToxNSMzMjg0NDc4",
        "User-Agent": "Mozilla/5.0 (X11; Linux x86_64) AppleWebKit/537.36 (KHTML, like Gecko) HeadlessChrome/93.0.4577.0 Safari/537.36",
        "x-ms-client-request-id": "f22ee6b5-d0bb-4e04-a556-758bbdd8dc10",
        "x-ms-content-sha256": "S8GyZ/tgrCinw\u002Bnzf2fR0plVhpbjVuDbqJii\u002B3cwqBM=",
        "x-ms-date": "Wed, 29 Dec 2021 21:08:50 GMT",
        "x-ms-useragent": "azsdk-js-app-configuration/1.3.2 core-http/2.2.3 OS/Linuxx86_64"
      },
      "RequestBody": {
        "key": "key-1-10571",
        "label": "test",
        "value": "foo2",
        "etag": "Bez0BagkO74JD0wzLReoljt9sww"
      },
      "StatusCode": 200,
      "ResponseHeaders": {
        "Access-Control-Allow-Credentials": "true",
        "Access-Control-Allow-Origin": "*",
        "Access-Control-Expose-Headers": "DNT, X-CustomHeader, Keep-Alive, User-Agent, X-Requested-With, If-Modified-Since, Cache-Control, Content-Type, Authorization, x-ms-client-request-id, x-ms-useragent, x-ms-content-sha256, x-ms-date, host, Accept, Accept-Datetime, Date, If-Match, If-None-Match, Sync-Token, x-ms-return-client-request-id, ETag, Last-Modified, Link, Memento-Datetime, retry-after-ms, x-ms-request-id, x-ms-client-session-id, x-ms-effective-locale, WWW-Authenticate, traceparent, tracestate",
        "Connection": "keep-alive",
        "Content-Type": "application/vnd.microsoft.appconfig.kv\u002Bjson; charset=utf-8",
        "Date": "Wed, 29 Dec 2021 21:08:50 GMT",
        "ETag": "\u0022Udw76u95AEoc1KdsFnvc2yEUVd5\u0022",
        "Last-Modified": "Wed, 29 Dec 2021 21:08:50 GMT",
        "Server": "openresty/1.17.8.2",
        "Strict-Transport-Security": "max-age=15724800; includeSubDomains",
        "Sync-Token": "zAJw6V16=NToxNSMzMjg0NDc5;sn=3284479",
        "Transfer-Encoding": "chunked",
        "x-ms-correlation-request-id": "1331285f-13c9-463f-901b-8036fe4ea7c8",
        "x-ms-request-id": "1331285f-13c9-463f-901b-8036fe4ea7c8"
      },
      "ResponseBody": {
        "etag": "Udw76u95AEoc1KdsFnvc2yEUVd5",
        "key": "key-1-10571",
        "label": "test",
        "content_type": null,
        "value": "foo2",
        "tags": {},
        "locked": false,
        "last_modified": "2021-12-29T21:08:50\u002B00:00"
      }
    },
    {
      "RequestUri": "https://myappconfig.azconfig.io/kv/key-1-10571?api-version=1.0\u0026label=test",
      "RequestMethod": "DELETE",
      "RequestHeaders": {
        "Accept": "application/vnd.microsoft.appconfig.kv\u002Bjson, application/json, application/problem\u002Bjson",
        "Accept-Encoding": "gzip, deflate, br",
        "Accept-Language": "en-US",
        "Authorization": "Sanitized",
        "Connection": "keep-alive",
        "Referer": "http://localhost:9876/",
        "sec-ch-ua": "",
        "sec-ch-ua-mobile": "?0",
        "sec-ch-ua-platform": "",
        "Sec-Fetch-Dest": "empty",
        "Sec-Fetch-Mode": "cors",
        "Sec-Fetch-Site": "same-site",
        "sync-token": "zAJw6V16=NToxNSMzMjg0NDc5",
        "User-Agent": "Mozilla/5.0 (X11; Linux x86_64) AppleWebKit/537.36 (KHTML, like Gecko) HeadlessChrome/93.0.4577.0 Safari/537.36",
        "x-ms-client-request-id": "41ca2845-a81f-4c48-a8e2-b47661476bae",
        "x-ms-content-sha256": "47DEQpj8HBSa\u002B/TImW\u002B5JCeuQeRkm5NMpJWZG3hSuFU=",
        "x-ms-date": "Wed, 29 Dec 2021 21:08:50 GMT",
        "x-ms-useragent": "azsdk-js-app-configuration/1.3.2 core-http/2.2.3 OS/Linuxx86_64"
      },
      "RequestBody": null,
      "StatusCode": 200,
      "ResponseHeaders": {
        "Access-Control-Allow-Credentials": "true",
        "Access-Control-Allow-Origin": "*",
        "Access-Control-Expose-Headers": "DNT, X-CustomHeader, Keep-Alive, User-Agent, X-Requested-With, If-Modified-Since, Cache-Control, Content-Type, Authorization, x-ms-client-request-id, x-ms-useragent, x-ms-content-sha256, x-ms-date, host, Accept, Accept-Datetime, Date, If-Match, If-None-Match, Sync-Token, x-ms-return-client-request-id, ETag, Last-Modified, Link, Memento-Datetime, retry-after-ms, x-ms-request-id, x-ms-client-session-id, x-ms-effective-locale, WWW-Authenticate, traceparent, tracestate",
        "Connection": "keep-alive",
        "Content-Type": "application/vnd.microsoft.appconfig.kv\u002Bjson; charset=utf-8",
        "Date": "Wed, 29 Dec 2021 21:08:50 GMT",
        "ETag": "\u0022Udw76u95AEoc1KdsFnvc2yEUVd5\u0022",
        "Last-Modified": "Wed, 29 Dec 2021 21:08:50 GMT",
        "Server": "openresty/1.17.8.2",
        "Strict-Transport-Security": "max-age=15724800; includeSubDomains",
        "Sync-Token": "zAJw6V16=NToxNSMzMjg0NDgw;sn=3284480",
        "Transfer-Encoding": "chunked",
        "x-ms-correlation-request-id": "ef3e2a45-64cb-40f0-83a1-dfc64299a043",
        "x-ms-request-id": "ef3e2a45-64cb-40f0-83a1-dfc64299a043"
      },
      "ResponseBody": {
        "etag": "Udw76u95AEoc1KdsFnvc2yEUVd5",
        "key": "key-1-10571",
        "label": "test",
        "content_type": null,
        "value": "foo2",
        "tags": {},
        "locked": false,
        "last_modified": "2021-12-29T21:08:50\u002B00:00"
      }
    }
  ],
  "Variables": {
    "key-1": "key-1-10571"
  }
}
