{
  "Entries": [
    {
      "RequestUri": "https://myappconfig.azconfig.io/kv/key-1-1707?api-version=1.0\u0026label=test",
      "RequestMethod": "PUT",
      "RequestHeaders": {
        "Accept": "application/vnd.microsoft.appconfig.kv\u002Bjson, application/json, application/problem\u002Bjson",
        "Accept-Encoding": "gzip,deflate",
        "Authorization": "Sanitized",
        "Connection": "close",
        "Content-Length": "49",
        "Content-Type": "application/vnd.microsoft.appconfig.kv\u002Bjson",
        "Cookie": "",
        "If-None-Match": "*",
        "User-Agent": "azsdk-js-app-configuration/1.3.1 core-http/2.2.3 Node/v14.17.6 OS/(x64-Linux-5.4.0-1063-azure)",
        "x-ms-client-request-id": "26f64744-ff3e-449b-aa61-38f6de23d739",
        "x-ms-content-sha256": "S3d43wz3eEEhWnKkgt8Urgfx0vJtPAslopHGBNMjLCM=",
        "x-ms-date": "Tue, 07 Dec 2021 20:53:38 GMT"
      },
      "RequestBody": {
        "key": "key-1-1707",
        "label": "test",
        "value": "foo"
      },
      "StatusCode": 200,
      "ResponseHeaders": {
        "Access-Control-Allow-Credentials": "true",
        "Access-Control-Allow-Origin": "*",
        "Access-Control-Expose-Headers": "DNT, X-CustomHeader, Keep-Alive, User-Agent, X-Requested-With, If-Modified-Since, Cache-Control, Content-Type, Authorization, x-ms-client-request-id, x-ms-useragent, x-ms-content-sha256, x-ms-date, host, Accept, Accept-Datetime, Date, If-Match, If-None-Match, Sync-Token, x-ms-return-client-request-id, ETag, Last-Modified, Link, Memento-Datetime, retry-after-ms, x-ms-request-id, x-ms-client-session-id, x-ms-effective-locale, WWW-Authenticate, traceparent, tracestate",
        "Connection": "close",
        "Content-Type": "application/vnd.microsoft.appconfig.kv\u002Bjson; charset=utf-8",
        "Date": "Tue, 07 Dec 2021 20:53:38 GMT",
        "ETag": "\u002226Dx247IiWKwbdYtEnxRR93YavP\u0022",
        "Last-Modified": "Tue, 07 Dec 2021 20:53:39 GMT",
        "Server": "openresty/1.17.8.2",
        "Strict-Transport-Security": "max-age=15724800; includeSubDomains",
        "Sync-Token": "zAJw6V16=NToxNSMzMTk4Njgw;sn=3198680",
        "Transfer-Encoding": "chunked",
        "x-ms-correlation-request-id": "4ef5f057-b532-477f-b0c3-ee2316826505",
        "x-ms-request-id": "4ef5f057-b532-477f-b0c3-ee2316826505"
      },
      "ResponseBody": {
        "etag": "26Dx247IiWKwbdYtEnxRR93YavP",
        "key": "key-1-1707",
        "label": "test",
        "content_type": null,
        "value": "foo",
        "tags": {},
        "locked": false,
        "last_modified": "2021-12-07T20:53:39\u002B00:00"
      }
    },
    {
      "RequestUri": "https://myappconfig.azconfig.io/kv/key-1-1707?api-version=1.0\u0026label=test",
      "RequestMethod": "DELETE",
      "RequestHeaders": {
        "Accept": "application/vnd.microsoft.appconfig.kv\u002Bjson, application/json, application/problem\u002Bjson",
        "Accept-Encoding": "gzip,deflate",
        "Authorization": "Sanitized",
        "Connection": "close",
        "Cookie": "",
        "sync-token": "zAJw6V16=NToxNSMzMTk4Njgw",
        "User-Agent": "azsdk-js-app-configuration/1.3.1 core-http/2.2.3 Node/v14.17.6 OS/(x64-Linux-5.4.0-1063-azure)",
        "x-ms-client-request-id": "d39c7bef-21ed-4733-b48e-b530c902feda",
        "x-ms-content-sha256": "47DEQpj8HBSa\u002B/TImW\u002B5JCeuQeRkm5NMpJWZG3hSuFU=",
        "x-ms-date": "Tue, 07 Dec 2021 20:53:38 GMT"
      },
      "RequestBody": null,
      "StatusCode": 200,
      "ResponseHeaders": {
        "Access-Control-Allow-Credentials": "true",
        "Access-Control-Allow-Origin": "*",
        "Access-Control-Expose-Headers": "DNT, X-CustomHeader, Keep-Alive, User-Agent, X-Requested-With, If-Modified-Since, Cache-Control, Content-Type, Authorization, x-ms-client-request-id, x-ms-useragent, x-ms-content-sha256, x-ms-date, host, Accept, Accept-Datetime, Date, If-Match, If-None-Match, Sync-Token, x-ms-return-client-request-id, ETag, Last-Modified, Link, Memento-Datetime, retry-after-ms, x-ms-request-id, x-ms-client-session-id, x-ms-effective-locale, WWW-Authenticate, traceparent, tracestate",
        "Connection": "close",
        "Content-Type": "application/vnd.microsoft.appconfig.kv\u002Bjson; charset=utf-8",
        "Date": "Tue, 07 Dec 2021 20:53:39 GMT",
        "ETag": "\u002226Dx247IiWKwbdYtEnxRR93YavP\u0022",
        "Last-Modified": "Tue, 07 Dec 2021 20:53:39 GMT",
        "Server": "openresty/1.17.8.2",
        "Strict-Transport-Security": "max-age=15724800; includeSubDomains",
        "Sync-Token": "zAJw6V16=NToxNSMzMTk4Njgx;sn=3198681",
        "Transfer-Encoding": "chunked",
        "x-ms-correlation-request-id": "7ebc3973-c074-4ce6-811c-edc5dab66fff",
        "x-ms-request-id": "7ebc3973-c074-4ce6-811c-edc5dab66fff"
      },
      "ResponseBody": {
        "etag": "26Dx247IiWKwbdYtEnxRR93YavP",
        "key": "key-1-1707",
        "label": "test",
        "content_type": null,
        "value": "foo",
        "tags": {},
        "locked": false,
        "last_modified": "2021-12-07T20:53:39\u002B00:00"
      }
    },
    {
      "RequestUri": "https://myappconfig.azconfig.io/kv/key-1-1707?api-version=1.0\u0026label=test",
      "RequestMethod": "GET",
      "RequestHeaders": {
        "Accept": "application/vnd.microsoft.appconfig.kv\u002Bjson, application/json, application/problem\u002Bjson",
        "Accept-Encoding": "gzip,deflate",
        "Authorization": "Sanitized",
        "Connection": "close",
        "Cookie": "",
        "sync-token": "zAJw6V16=NToxNSMzMTk4Njgx",
        "User-Agent": "azsdk-js-app-configuration/1.3.1 core-http/2.2.3 Node/v14.17.6 OS/(x64-Linux-5.4.0-1063-azure)",
        "x-ms-client-request-id": "fc4a1437-1f4f-4115-bf74-c65b53d2c63f",
        "x-ms-content-sha256": "47DEQpj8HBSa\u002B/TImW\u002B5JCeuQeRkm5NMpJWZG3hSuFU=",
        "x-ms-date": "Tue, 07 Dec 2021 20:53:39 GMT"
      },
      "RequestBody": null,
      "StatusCode": 404,
      "ResponseHeaders": {
        "Access-Control-Allow-Credentials": "true",
        "Access-Control-Allow-Origin": "*",
        "Access-Control-Expose-Headers": "DNT, X-CustomHeader, Keep-Alive, User-Agent, X-Requested-With, If-Modified-Since, Cache-Control, Content-Type, Authorization, x-ms-client-request-id, x-ms-useragent, x-ms-content-sha256, x-ms-date, host, Accept, Accept-Datetime, Date, If-Match, If-None-Match, Sync-Token, x-ms-return-client-request-id, ETag, Last-Modified, Link, Memento-Datetime, retry-after-ms, x-ms-request-id, x-ms-client-session-id, x-ms-effective-locale, WWW-Authenticate, traceparent, tracestate",
        "Connection": "close",
        "Content-Length": "0",
        "Date": "Tue, 07 Dec 2021 20:53:39 GMT",
        "Server": "openresty/1.17.8.2",
        "Strict-Transport-Security": "max-age=15724800; includeSubDomains",
        "x-ms-correlation-request-id": "8dee5d97-9611-4f2a-a285-c2285587d777",
        "x-ms-request-id": "8dee5d97-9611-4f2a-a285-c2285587d777"
      },
      "ResponseBody": null
    }
  ],
  "Variables": {
    "key-1": "key-1-1707"
  }
}
