{
  "Entries": [
    {
      "RequestUri": "https://fakestorageaccount.blob.core.windows.net/container167520850906507389?restype=container",
      "RequestMethod": "PUT",
      "RequestHeaders": {
        "Accept": "application/xml",
        "Accept-Encoding": "gzip, deflate, br",
        "Accept-Language": "en-US",
        "Connection": "keep-alive",
        "Content-Length": "0",
        "Origin": "http://localhost:9876",
        "Referer": "http://localhost:9876/",
        "sec-ch-ua": "",
        "sec-ch-ua-mobile": "?0",
        "sec-ch-ua-platform": "",
        "Sec-Fetch-Dest": "empty",
        "Sec-Fetch-Mode": "cors",
        "Sec-Fetch-Site": "same-site",
        "User-Agent": "Mozilla/5.0 (X11; Linux x86_64) AppleWebKit/537.36 (KHTML, like Gecko) HeadlessChrome/109.0.5412.0 Safari/537.36",
        "x-ms-client-request-id": "7194f285-f6b1-4f85-bde0-7bb792062f65",
        "x-ms-useragent": "azsdk-js-azure-storage-blob/12.13.0 core-rest-pipeline/1.10.2 OS/Linuxx86_64",
        "x-ms-version": "2021-12-02"
      },
      "RequestBody": null,
      "StatusCode": 201,
      "ResponseHeaders": {
        "Access-Control-Allow-Origin": "*",
        "Access-Control-Expose-Headers": "x-ms-request-id,x-ms-client-request-id,Server,x-ms-version,Last-Modified,ETag,Content-Length,Date,Transfer-Encoding",
        "Content-Length": "0",
        "Date": "Tue, 31 Jan 2023 23:41:48 GMT",
        "ETag": "\u00220x8DB03E4B8CDD863\u0022",
        "Last-Modified": "Tue, 31 Jan 2023 23:41:49 GMT",
        "Server": [
          "Windows-Azure-Blob/1.0",
          "Microsoft-HTTPAPI/2.0"
        ],
        "x-ms-client-request-id": "7194f285-f6b1-4f85-bde0-7bb792062f65",
        "x-ms-request-id": "1d221cd6-101e-005d-6ecd-357536000000",
        "x-ms-version": "2021-12-02"
      },
      "ResponseBody": null
    },
    {
      "RequestUri": "https://fakestorageaccount.blob.core.windows.net/container167520850906507389/blockblob167520850913408659?",
      "RequestMethod": "PUT",
      "RequestHeaders": {
        "Accept": "application/xml",
        "Accept-Encoding": "gzip, deflate, br",
        "Accept-Language": "en-US",
        "Connection": "keep-alive",
        "Content-Length": "0",
        "Content-Type": "application/octet-stream",
        "Origin": "http://localhost:9876",
        "Referer": "http://localhost:9876/",
        "sec-ch-ua": "",
        "sec-ch-ua-mobile": "?0",
        "sec-ch-ua-platform": "",
        "Sec-Fetch-Dest": "empty",
        "Sec-Fetch-Mode": "cors",
        "Sec-Fetch-Site": "same-site",
        "User-Agent": "Mozilla/5.0 (X11; Linux x86_64) AppleWebKit/537.36 (KHTML, like Gecko) HeadlessChrome/109.0.5412.0 Safari/537.36",
        "x-ms-blob-type": "BlockBlob",
        "x-ms-client-request-id": "56c5e4f3-d3f4-458f-92ad-43199f6a94fa",
        "x-ms-useragent": "azsdk-js-azure-storage-blob/12.13.0 core-rest-pipeline/1.10.2 OS/Linuxx86_64",
        "x-ms-version": "2021-12-02"
      },
      "RequestBody": null,
      "StatusCode": 201,
      "ResponseHeaders": {
        "Access-Control-Allow-Origin": "*",
        "Access-Control-Expose-Headers": "x-ms-request-id,x-ms-client-request-id,Server,x-ms-version,x-ms-content-crc64,Content-MD5,Last-Modified,ETag,x-ms-request-server-encrypted,x-ms-version-id,Content-Length,Date,Transfer-Encoding",
        "Content-Length": "0",
        "Content-MD5": "1B2M2Y8AsgTpgAmY7PhCfg==",
        "Date": "Tue, 31 Jan 2023 23:41:48 GMT",
        "ETag": "\u00220x8DB03E4B8D8EEF3\u0022",
        "Last-Modified": "Tue, 31 Jan 2023 23:41:49 GMT",
        "Server": [
          "Windows-Azure-Blob/1.0",
          "Microsoft-HTTPAPI/2.0"
        ],
        "x-ms-client-request-id": "56c5e4f3-d3f4-458f-92ad-43199f6a94fa",
        "x-ms-content-crc64": "AAAAAAAAAAA=",
        "x-ms-request-id": "1d221d08-101e-005d-1bcd-357536000000",
        "x-ms-request-server-encrypted": "true",
        "x-ms-version": "2021-12-02",
        "x-ms-version-id": "2023-01-31T23:41:49.1708659Z"
      },
      "ResponseBody": null
    },
    {
      "RequestUri": "https://fakestorageaccount.blob.core.windows.net/container167520850906507389/blockblob167520850913408659?",
      "RequestMethod": "DELETE",
      "RequestHeaders": {
        "Accept": "application/xml",
        "Accept-Encoding": "gzip, deflate, br",
        "Accept-Language": "en-US",
        "Connection": "keep-alive",
        "Origin": "http://localhost:9876",
        "Referer": "http://localhost:9876/",
        "sec-ch-ua": "",
        "sec-ch-ua-mobile": "?0",
        "sec-ch-ua-platform": "",
        "Sec-Fetch-Dest": "empty",
        "Sec-Fetch-Mode": "cors",
        "Sec-Fetch-Site": "same-site",
        "User-Agent": "Mozilla/5.0 (X11; Linux x86_64) AppleWebKit/537.36 (KHTML, like Gecko) HeadlessChrome/109.0.5412.0 Safari/537.36",
        "x-ms-client-request-id": "39ec6ddc-f01f-4c41-a4a9-8fad4a23d2b4",
        "x-ms-useragent": "azsdk-js-azure-storage-blob/12.13.0 core-rest-pipeline/1.10.2 OS/Linuxx86_64",
        "x-ms-version": "2021-12-02"
      },
      "RequestBody": null,
      "StatusCode": 202,
      "ResponseHeaders": {
        "Access-Control-Allow-Origin": "*",
        "Access-Control-Expose-Headers": "x-ms-request-id,x-ms-client-request-id,Server,x-ms-version,x-ms-delete-type-permanent,Content-Length,Date,Transfer-Encoding",
        "Content-Length": "0",
        "Date": "Tue, 31 Jan 2023 23:41:48 GMT",
        "Server": [
          "Windows-Azure-Blob/1.0",
          "Microsoft-HTTPAPI/2.0"
        ],
        "x-ms-client-request-id": "39ec6ddc-f01f-4c41-a4a9-8fad4a23d2b4",
        "x-ms-delete-type-permanent": "false",
        "x-ms-request-id": "1d221d67-101e-005d-74cd-357536000000",
        "x-ms-version": "2021-12-02"
      },
      "ResponseBody": null
    },
    {
      "RequestUri": "https://fakestorageaccount.blob.core.windows.net/container167520850906507389?comp=list\u0026restype=container\u0026include=deletedwithversions\u0026",
      "RequestMethod": "GET",
      "RequestHeaders": {
        "Accept": "application/xml",
        "Accept-Encoding": "gzip, deflate, br",
        "Accept-Language": "en-US",
        "Connection": "keep-alive",
        "Origin": "http://localhost:9876",
        "Referer": "http://localhost:9876/",
        "sec-ch-ua": "",
        "sec-ch-ua-mobile": "?0",
        "sec-ch-ua-platform": "",
        "Sec-Fetch-Dest": "empty",
        "Sec-Fetch-Mode": "cors",
        "Sec-Fetch-Site": "same-site",
        "User-Agent": "Mozilla/5.0 (X11; Linux x86_64) AppleWebKit/537.36 (KHTML, like Gecko) HeadlessChrome/109.0.5412.0 Safari/537.36",
        "x-ms-client-request-id": "b31ec812-03e3-4bd5-a1fd-9478a2cb1cf2",
        "x-ms-useragent": "azsdk-js-azure-storage-blob/12.13.0 core-rest-pipeline/1.10.2 OS/Linuxx86_64",
        "x-ms-version": "2021-12-02"
      },
      "RequestBody": null,
      "StatusCode": 200,
      "ResponseHeaders": {
        "Access-Control-Allow-Origin": "*",
        "Access-Control-Expose-Headers": "x-ms-request-id,x-ms-client-request-id,Server,x-ms-version,Content-Type,Content-Length,Date,Transfer-Encoding",
        "Content-Type": "application/xml",
        "Date": "Tue, 31 Jan 2023 23:41:48 GMT",
        "Server": [
          "Windows-Azure-Blob/1.0",
          "Microsoft-HTTPAPI/2.0"
        ],
        "Transfer-Encoding": "chunked",
        "x-ms-client-request-id": "b31ec812-03e3-4bd5-a1fd-9478a2cb1cf2",
        "x-ms-request-id": "1d221da6-101e-005d-2ccd-357536000000",
        "x-ms-version": "2021-12-02"
      },
      "ResponseBody": "\uFEFF\u003C?xml version=\u00221.0\u0022 encoding=\u0022utf-8\u0022?\u003E\u003CEnumerationResults ServiceEndpoint=\u0022https://fakestorageaccount.blob.core.windows.net/\u0022 ContainerName=\u0022container167520850906507389\u0022\u003E\u003CBlobs\u003E\u003CBlob\u003E\u003CName\u003Eblockblob167520850913408659\u003C/Name\u003E\u003CVersionId\u003E2023-01-31T23:41:49.2718101Z\u003C/VersionId\u003E\u003CIsCurrentVersion\u003Etrue\u003C/IsCurrentVersion\u003E\u003CHasVersionsOnly\u003Etrue\u003C/HasVersionsOnly\u003E\u003CProperties\u003E\u003CCreation-Time\u003ETue, 31 Jan 2023 23:41:49 GMT\u003C/Creation-Time\u003E\u003CLast-Modified\u003ETue, 31 Jan 2023 23:41:49 GMT\u003C/Last-Modified\u003E\u003CEtag\u003E0x8DB03E4B8D8EEF3\u003C/Etag\u003E\u003CContent-Length\u003E0\u003C/Content-Length\u003E\u003CContent-Type\u003Eapplication/octet-stream\u003C/Content-Type\u003E\u003CContent-Encoding /\u003E\u003CContent-Language /\u003E\u003CContent-CRC64 /\u003E\u003CContent-MD5\u003E1B2M2Y8AsgTpgAmY7PhCfg==\u003C/Content-MD5\u003E\u003CCache-Control /\u003E\u003CContent-Disposition /\u003E\u003CBlobType\u003EBlockBlob\u003C/BlobType\u003E\u003CAccessTier\u003EHot\u003C/AccessTier\u003E\u003CAccessTierInferred\u003Etrue\u003C/AccessTierInferred\u003E\u003CLeaseStatus\u003Eunlocked\u003C/LeaseStatus\u003E\u003CLeaseState\u003Eavailable\u003C/LeaseState\u003E\u003CServerEncrypted\u003Etrue\u003C/ServerEncrypted\u003E\u003C/Properties\u003E\u003COrMetadata /\u003E\u003C/Blob\u003E\u003C/Blobs\u003E\u003CNextMarker /\u003E\u003C/EnumerationResults\u003E"
    },
    {
      "RequestUri": "https://fakestorageaccount.blob.core.windows.net/container167520850906507389?restype=container",
      "RequestMethod": "DELETE",
      "RequestHeaders": {
        "Accept": "application/xml",
        "Accept-Encoding": "gzip, deflate, br",
        "Accept-Language": "en-US",
        "Connection": "keep-alive",
        "Origin": "http://localhost:9876",
        "Referer": "http://localhost:9876/",
        "sec-ch-ua": "",
        "sec-ch-ua-mobile": "?0",
        "sec-ch-ua-platform": "",
        "Sec-Fetch-Dest": "empty",
        "Sec-Fetch-Mode": "cors",
        "Sec-Fetch-Site": "same-site",
        "User-Agent": "Mozilla/5.0 (X11; Linux x86_64) AppleWebKit/537.36 (KHTML, like Gecko) HeadlessChrome/109.0.5412.0 Safari/537.36",
        "x-ms-client-request-id": "68eb3efa-3164-4eb9-ac93-6aee2dbb98a1",
        "x-ms-useragent": "azsdk-js-azure-storage-blob/12.13.0 core-rest-pipeline/1.10.2 OS/Linuxx86_64",
        "x-ms-version": "2021-12-02"
      },
      "RequestBody": null,
      "StatusCode": 202,
      "ResponseHeaders": {
        "Access-Control-Allow-Origin": "*",
        "Access-Control-Expose-Headers": "x-ms-request-id,x-ms-client-request-id,Server,x-ms-version,Content-Length,Date,Transfer-Encoding",
        "Content-Length": "0",
        "Date": "Tue, 31 Jan 2023 23:41:48 GMT",
        "Server": [
          "Windows-Azure-Blob/1.0",
          "Microsoft-HTTPAPI/2.0"
        ],
        "x-ms-client-request-id": "68eb3efa-3164-4eb9-ac93-6aee2dbb98a1",
        "x-ms-request-id": "1d221e00-101e-005d-77cd-357536000000",
        "x-ms-version": "2021-12-02"
      },
      "ResponseBody": null
    }
  ],
  "Variables": {
    "blockblob": "blockblob167520850913408659",
    "container": "container167520850906507389"
  }
}
