{
  "Entries": [
    {
      "RequestUri": "https://endpoint/sip?api-version=2023-01-01-preview",
      "RequestMethod": "GET",
      "RequestHeaders": {
        "Accept": "application/json",
        "Accept-Encoding": "gzip,deflate",
        "Authorization": "Sanitized",
        "Connection": "keep-alive",
        "User-Agent": "azsdk-js-communication-phone-numbers/1.2.0-alpha.20230303.1 core-rest-pipeline/1.9.2 Node/v18.13.0 OS/(x64-Windows_NT-10.0.22621)",
        "x-ms-client-request-id": "sanitized"
      },
      "RequestBody": null,
      "StatusCode": 200,
      "ResponseHeaders": {
        "api-supported-versions": "2021-05-01-preview, 2022-09-01-preview, 2023-01-01-preview, 2023-03-01",
        "Content-Length": "192",
        "Content-Type": "application/json; charset=utf-8",
        "Date": "Thu, 02 Mar 2023 14:04:20 GMT",
        "MS-CV": "KdD\u002BsAzh8U2vUJnJZnjLpw.0",
        "Strict-Transport-Security": "max-age=2592000",
        "X-Azure-Ref": "05KwAZAAAAACgykPiG8B3QoEcVWAPE97wUFJHMDFFREdFMDkxMABjYzkyNzU4ZC0wNWY3LTRhZDYtYWE1ZS0wZmE5NzE4ZDg5ODU=",
        "X-Cache": "CONFIG_NOCACHE",
        "X-Processing-Time": "182ms"
      },
      "ResponseBody": {
        "domains": {
          "nostojic13012023.skype.net": {
            "enabled": true
          },
          "nostojic14012023.skype.net": {
            "enabled": true
          },
          "27383910346242e78817b10fe4e65fe8.skype.net": {
            "enabled": false
          }
        },
        "trunks": {},
        "routes": []
      }
    },
    {
      "RequestUri": "https://endpoint/sip?api-version=2023-01-01-preview",
      "RequestMethod": "PATCH",
      "RequestHeaders": {
        "Accept": "application/json",
        "Accept-Encoding": "gzip,deflate",
        "Authorization": "Sanitized",
        "Connection": "keep-alive",
        "Content-Length": "76",
        "Content-Type": "application/merge-patch\u002Bjson",
        "User-Agent": "azsdk-js-communication-phone-numbers/1.2.0-alpha.20230303.1 core-rest-pipeline/1.9.2 Node/v18.13.0 OS/(x64-Windows_NT-10.0.22621)",
        "x-ms-client-request-id": "sanitized"
      },
      "RequestBody": {
        "domains": {
          "35c6c35496f1404fa72f86e417b8edcf.skype.net": {
            "enabled": false
          }
        }
      },
      "StatusCode": 200,
      "ResponseHeaders": {
        "api-supported-versions": "2021-05-01-preview, 2022-09-01-preview, 2023-01-01-preview, 2023-03-01",
        "Content-Length": "255",
        "Content-Type": "application/json; charset=utf-8",
        "Date": "Thu, 02 Mar 2023 14:04:21 GMT",
        "MS-CV": "kNJE7aJDpk6X87akwkOOLw.0",
        "Strict-Transport-Security": "max-age=2592000",
        "X-Azure-Ref": "05awAZAAAAABWh2JjCGEVQomjQoQ2SujoUFJHMDFFREdFMDkxMABjYzkyNzU4ZC0wNWY3LTRhZDYtYWE1ZS0wZmE5NzE4ZDg5ODU=",
        "X-Cache": "CONFIG_NOCACHE",
        "X-Processing-Time": "747ms"
      },
      "ResponseBody": {
        "domains": {
          "nostojic13012023.skype.net": {
            "enabled": true
          },
          "nostojic14012023.skype.net": {
            "enabled": true
          },
          "27383910346242e78817b10fe4e65fe8.skype.net": {
            "enabled": false
          },
          "35c6c35496f1404fa72f86e417b8edcf.skype.net": {
            "enabled": false
          }
        },
        "trunks": {},
        "routes": []
      }
    },
    {
      "RequestUri": "https://endpoint/sip?api-version=2023-01-01-preview",
      "RequestMethod": "PATCH",
      "RequestHeaders": {
        "Accept": "application/json",
        "Accept-Encoding": "gzip,deflate",
        "Authorization": "Sanitized",
        "Connection": "keep-alive",
        "Content-Length": "76",
        "Content-Type": "application/merge-patch\u002Bjson",
        "User-Agent": "azsdk-js-communication-phone-numbers/1.2.0-alpha.20230303.1 core-rest-pipeline/1.9.2 Node/v18.13.0 OS/(x64-Windows_NT-10.0.22621)",
        "x-ms-client-request-id": "sanitized"
      },
      "RequestBody": {
        "domains": {
          "7aa27a32a1db476cb096d2b4f24f0a45.skype.net": {
            "enabled": false
          }
        }
      },
      "StatusCode": 200,
      "ResponseHeaders": {
        "api-supported-versions": "2021-05-01-preview, 2022-09-01-preview, 2023-01-01-preview, 2023-03-01",
        "Content-Length": "318",
        "Content-Type": "application/json; charset=utf-8",
        "Date": "Thu, 02 Mar 2023 14:04:22 GMT",
        "MS-CV": "zAx3j/uel0SJsiJcV/ahvg.0",
        "Strict-Transport-Security": "max-age=2592000",
        "X-Azure-Ref": "05qwAZAAAAABqdhV13u3pTb2YuGuhvD7EUFJHMDFFREdFMDkxMABjYzkyNzU4ZC0wNWY3LTRhZDYtYWE1ZS0wZmE5NzE4ZDg5ODU=",
        "X-Cache": "CONFIG_NOCACHE",
        "X-Processing-Time": "802ms"
      },
      "ResponseBody": {
        "domains": {
          "nostojic13012023.skype.net": {
            "enabled": true
          },
          "nostojic14012023.skype.net": {
            "enabled": true
          },
          "27383910346242e78817b10fe4e65fe8.skype.net": {
            "enabled": false
          },
          "35c6c35496f1404fa72f86e417b8edcf.skype.net": {
            "enabled": false
          },
          "7aa27a32a1db476cb096d2b4f24f0a45.skype.net": {
            "enabled": false
          }
        },
        "trunks": {},
        "routes": []
      }
    },
    {
      "RequestUri": "https://endpoint/sip?api-version=2023-01-01-preview",
      "RequestMethod": "GET",
      "RequestHeaders": {
        "Accept": "application/json",
        "Accept-Encoding": "gzip,deflate",
        "Authorization": "Sanitized",
        "Connection": "keep-alive",
        "User-Agent": "azsdk-js-communication-phone-numbers/1.2.0-alpha.20230303.1 core-rest-pipeline/1.9.2 Node/v18.13.0 OS/(x64-Windows_NT-10.0.22621)",
        "x-ms-client-request-id": "sanitized"
      },
      "RequestBody": null,
      "StatusCode": 200,
      "ResponseHeaders": {
        "api-supported-versions": "2021-05-01-preview, 2022-09-01-preview, 2023-01-01-preview, 2023-03-01",
        "Content-Length": "318",
        "Content-Type": "application/json; charset=utf-8",
        "Date": "Thu, 02 Mar 2023 14:04:22 GMT",
        "MS-CV": "\u002BELqZEHzWEy8rxWEM3td3w.0",
        "Strict-Transport-Security": "max-age=2592000",
        "X-Azure-Ref": "056wAZAAAAAC3p4copegxRqE\u002BzEsQrKoDUFJHMDFFREdFMDkxMABjYzkyNzU4ZC0wNWY3LTRhZDYtYWE1ZS0wZmE5NzE4ZDg5ODU=",
        "X-Cache": "CONFIG_NOCACHE",
        "X-Processing-Time": "171ms"
      },
      "ResponseBody": {
        "domains": {
          "nostojic13012023.skype.net": {
            "enabled": true
          },
          "nostojic14012023.skype.net": {
            "enabled": true
          },
          "27383910346242e78817b10fe4e65fe8.skype.net": {
            "enabled": false
          },
          "35c6c35496f1404fa72f86e417b8edcf.skype.net": {
            "enabled": false
          },
          "7aa27a32a1db476cb096d2b4f24f0a45.skype.net": {
            "enabled": false
          }
        },
        "trunks": {},
        "routes": []
      }
    }
  ],
  "Variables": {
    "domain-1": "7b2ada9b9563450e893abaa71ed084d3.skype.net",
    "domain-2": "35c6c35496f1404fa72f86e417b8edcf.skype.net",
    "domain-3": "7aa27a32a1db476cb096d2b4f24f0a45.skype.net",
    "domain-4": "1f6f2e62e5344e3eabbafa4c3b9a4f4f.skype.net"
  }
}
