{
  "Entries": [
    {
      "RequestUri": "https://endpoint/identities?api-version=2022-10-01",
      "RequestMethod": "POST",
      "RequestHeaders": {
        "Accept": "application/json",
        "Accept-Encoding": "gzip,deflate",
        "Authorization": "Sanitized",
        "Connection": "keep-alive",
        "Content-Length": "0",
        "Content-Type": "application/json",
        "User-Agent": "azsdk-js-communication-identity/1.2.1 core-rest-pipeline/1.10.4 Node/v16.14.2 OS/(x64-Linux-5.15.90.1-microsoft-standard-WSL2)",
        "x-ms-client-request-id": "32d862ea-4fb2-42a7-aa01-54bff40553c2",
        "x-ms-content-sha256": "47DEQpj8HBSa\u002B/TImW\u002B5JCeuQeRkm5NMpJWZG3hSuFU=",
        "x-ms-date": "Mon, 08 May 2023 21:27:07 GMT"
      },
      "RequestBody": null,
      "StatusCode": 201,
      "ResponseHeaders": {
        "api-supported-versions": "2020-07-20-preview2, 2021-02-22-preview1, 2021-03-07, 2021-10-31-preview, 2021-11-01, 2022-06-01, 2022-10-01, 2023-08-01",
        "Content-Length": "101",
        "Content-Type": "application/json; charset=utf-8",
        "Date": "Mon, 08 May 2023 21:27:06 GMT",
        "MS-CV": "BzeaYga\u002BFUKF2wKiRaU5bQ.0",
        "Request-Context": "appId=",
        "Strict-Transport-Security": "max-age=2592000",
        "X-Azure-Ref": "0K2lZZAAAAAD2D4gLVAbBT4XfBiKbqy7aWVZSMzExMDAwMTE1MDI1ADlmYzdiNTE5LWE4Y2MtNGY4OS05MzVlLWM5MTQ4YWUwOWU4MQ==",
        "X-Cache": "CONFIG_NOCACHE",
        "x-ms-client-request-id": "32d862ea-4fb2-42a7-aa01-54bff40553c2",
        "X-Processing-Time": "81ms"
      },
      "ResponseBody": {
        "identity": {
          "id": "8:acs:1bdaa2b9-9507-4542-bb64-a7b22c00a8d4_00000018-9d24-7568-063d-8e3a0d004b9b"
        }
      }
    },
    {
      "RequestUri": "https://endpoint/identities?api-version=2022-10-01",
      "RequestMethod": "POST",
      "RequestHeaders": {
        "Accept": "application/json",
        "Accept-Encoding": "gzip,deflate",
        "Authorization": "Sanitized",
        "Connection": "keep-alive",
        "Content-Length": "0",
        "Content-Type": "application/json",
        "User-Agent": "azsdk-js-communication-identity/1.2.1 core-rest-pipeline/1.10.4 Node/v16.14.2 OS/(x64-Linux-5.15.90.1-microsoft-standard-WSL2)",
        "x-ms-client-request-id": "01f27a89-d6f4-4a93-8cc0-d8feb23423d1",
        "x-ms-content-sha256": "47DEQpj8HBSa\u002B/TImW\u002B5JCeuQeRkm5NMpJWZG3hSuFU=",
        "x-ms-date": "Mon, 08 May 2023 21:27:07 GMT"
      },
      "RequestBody": null,
      "StatusCode": 201,
      "ResponseHeaders": {
        "api-supported-versions": "2020-07-20-preview2, 2021-02-22-preview1, 2021-03-07, 2021-10-31-preview, 2021-11-01, 2022-06-01, 2022-10-01, 2023-08-01",
        "Content-Length": "101",
        "Content-Type": "application/json; charset=utf-8",
        "Date": "Mon, 08 May 2023 21:27:06 GMT",
        "MS-CV": "Mwb4tuodKEaCc8LwPJcRvQ.0",
        "Request-Context": "appId=",
        "Strict-Transport-Security": "max-age=2592000",
        "X-Azure-Ref": "0K2lZZAAAAAAHSEiITovGT4SpQaE84dmHWVZSMzExMDAwMTE1MDI1ADlmYzdiNTE5LWE4Y2MtNGY4OS05MzVlLWM5MTQ4YWUwOWU4MQ==",
        "X-Cache": "CONFIG_NOCACHE",
        "x-ms-client-request-id": "01f27a89-d6f4-4a93-8cc0-d8feb23423d1",
        "X-Processing-Time": "84ms"
      },
      "ResponseBody": {
        "identity": {
          "id": "8:acs:1bdaa2b9-9507-4542-bb64-a7b22c00a8d4_00000018-9d24-7610-063d-8e3a0d004b9c"
        }
      }
    },
    {
      "RequestUri": "https://endpoint/calling/callConnections?api-version=2023-01-15-preview",
      "RequestMethod": "POST",
      "RequestHeaders": {
        "Accept": "application/json",
        "Accept-Encoding": "gzip,deflate",
        "Authorization": "Sanitized",
        "Connection": "keep-alive",
        "Content-Length": "604",
        "Content-Type": "application/json",
        "Repeatability-First-Sent": "Mon, 08 May 2023 21:27:09 GMT",
        "Repeatability-Request-ID": "dd6544cf-798f-4ca2-9e0c-97abcf2262b2",
        "User-Agent": "azsdk-js-communication-call-automation/1.0.0-beta.1 azsdk-js-azure-communication-call-automation/1.0.0-beta.1 core-rest-pipeline/1.10.4 Node/v16.14.2 OS/(x64-Linux-5.15.90.1-microsoft-standard-WSL2)",
        "x-ms-client-request-id": "00b36bd5-ab21-4bef-ab3b-b4674101bcb3",
        "x-ms-content-sha256": "JONa9kDZN/JbDDGeAKxV\u002BzWqN0dlLwfGGQ6x17nSTNs=",
        "x-ms-date": "Mon, 08 May 2023 21:27:09 GMT"
      },
      "RequestBody": {
        "targets": [
          {
            "rawId": "8:acs:1bdaa2b9-9507-4542-bb64-a7b22c00a8d4_00000018-9d24-7610-063d-8e3a0d004b9c",
            "kind": "communicationUser",
            "communicationUser": {
              "id": "8:acs:1bdaa2b9-9507-4542-bb64-a7b22c00a8d4_00000018-9d24-7610-063d-8e3a0d004b9c"
            }
          }
        ],
        "sourceIdentity": {
          "id": "8:acs:1bdaa2b9-9507-4542-bb64-a7b22c00a8d4_00000018-9d24-7568-063d-8e3a0d004b9b"
        },
        "callbackUri": "https://redacted.azurewebsites.net/api/servicebuscallback/events?q=8acs1bdaa2b9-9507-4542-bb64-a7b22c00a8d4_00000018-9d24-7568-063d-8e3a0d004b9b8acs1bdaa2b9-9507-4542-bb64-a7b22c00a8d4_00000018-9d24-7610-063d-8e3a0d004b9c",
        "customContext": {}
      },
      "StatusCode": 400,
      "ResponseHeaders": {
        "Content-Length": "232",
        "Content-Type": "application/json; charset=utf-8",
        "Date": "Mon, 08 May 2023 21:27:08 GMT",
        "X-Azure-Ref": "0LWlZZAAAAAD8/4qIIO8iS4VeKfYEiAfCWVZSMzExMDAwMTE1MDI1ADlmYzdiNTE5LWE4Y2MtNGY4OS05MzVlLWM5MTQ4YWUwOWU4MQ==",
        "X-Cache": "CONFIG_NOCACHE",
        "X-Microsoft-Skype-Chain-ID": "1367e7a4-4896-491b-b164-99eaedbac435",
        "x-ms-client-request-id": "00b36bd5-ab21-4bef-ab3b-b4674101bcb3"
      },
      "ResponseBody": {
        "error": {
          "code": "400",
          "message": "Invalid request",
          "details": [
            {
              "message": "Invalid SourceIdentity in request, CommunicationUserIdentifier is required but provided CommunicationUserIdentifier is invalid.",
              "target": "SourceIdentity"
            }
          ]
        }
      }
    }
  ],
  "Variables": {}
}
