{
  "Entries": [
    {
      "RequestUri": "https://management.azure.com/subscriptions/azure_subscription_id/resourceGroups/myjstest/providers/Microsoft.StorageMover/storageMovers/storageMoverName/endpoints/testendpoint?api-version=2023-03-01",
      "RequestMethod": "DELETE",
      "RequestHeaders": {
        "Accept": "application/json",
        "Accept-Encoding": "gzip,deflate",
        "Authorization": "Sanitized",
        "Connection": "keep-alive",
        "User-Agent": "azsdk-js-arm-storagemover/1.0.0 core-rest-pipeline/1.10.2 Node/v16.17.0 OS/(x64-Windows_NT-10.0.22621)",
        "x-ms-client-request-id": "f2fbc990-f0cb-4139-96f6-aaf363305d69"
      },
      "RequestBody": null,
      "StatusCode": 200,
      "ResponseHeaders": {
        "Cache-Control": "no-cache",
        "Content-Length": "0",
        "Date": "Thu, 02 Mar 2023 08:56:24 GMT",
        "Expires": "-1",
        "Pragma": "no-cache",
        "Strict-Transport-Security": "max-age=31536000; includeSubDomains",
        "X-Content-Type-Options": "nosniff",
        "x-ms-correlation-request-id": "a58e778b-f370-4938-95f3-3f76238fd47c",
        "x-ms-providerhub-traffic": "True",
        "x-ms-ratelimit-remaining-subscription-deletes": "14993",
        "x-ms-request-id": "00000000-0000-0000-0000-000000000000",
        "x-ms-routing-request-id": "SOUTHEASTASIA:20230302T085624Z:a58e778b-f370-4938-95f3-3f76238fd47c"
      },
      "ResponseBody": null
    },
    {
      "RequestUri": "https://management.azure.com/subscriptions/azure_subscription_id/resourceGroups/myjstest/providers/Microsoft.StorageMover/storageMovers/storageMoverName/endpoints/testendpoint1?api-version=2023-03-01",
      "RequestMethod": "DELETE",
      "RequestHeaders": {
        "Accept": "application/json",
        "Accept-Encoding": "gzip,deflate",
        "Authorization": "Sanitized",
        "Connection": "keep-alive",
        "User-Agent": "azsdk-js-arm-storagemover/1.0.0 core-rest-pipeline/1.10.2 Node/v16.17.0 OS/(x64-Windows_NT-10.0.22621)",
        "x-ms-client-request-id": "2fa5bf48-9b18-4835-819c-912939b8b560"
      },
      "RequestBody": null,
      "StatusCode": 204,
      "ResponseHeaders": {
        "Cache-Control": "no-cache",
        "Date": "Thu, 02 Mar 2023 08:56:25 GMT",
        "Expires": "-1",
        "Pragma": "no-cache",
        "Strict-Transport-Security": "max-age=31536000; includeSubDomains",
        "X-Content-Type-Options": "nosniff",
        "x-ms-correlation-request-id": "989c4537-d225-4e21-9f28-9eec6cedc101",
        "x-ms-providerhub-traffic": "True",
        "x-ms-ratelimit-remaining-subscription-deletes": "14992",
        "x-ms-request-id": "00000000-0000-0000-0000-000000000000",
        "x-ms-routing-request-id": "SOUTHEASTASIA:20230302T085625Z:989c4537-d225-4e21-9f28-9eec6cedc101"
      },
      "ResponseBody": null
    },
    {
      "RequestUri": "https://management.azure.com/subscriptions/azure_subscription_id/resourceGroups/myjstest/providers/Microsoft.StorageMover/storageMovers/storageMoverName/endpoints?api-version=2023-03-01",
      "RequestMethod": "GET",
      "RequestHeaders": {
        "Accept": "application/json",
        "Accept-Encoding": "gzip,deflate",
        "Authorization": "Sanitized",
        "Connection": "keep-alive",
        "User-Agent": "azsdk-js-arm-storagemover/1.0.0 core-rest-pipeline/1.10.2 Node/v16.17.0 OS/(x64-Windows_NT-10.0.22621)",
        "x-ms-client-request-id": "ebfc8cf1-9e21-408b-a187-1de1bbd6a7c7"
      },
      "RequestBody": null,
      "StatusCode": 200,
      "ResponseHeaders": {
        "Cache-Control": "no-cache",
        "Content-Encoding": "gzip",
        "Content-Type": "application/json; charset=utf-8",
        "Date": "Thu, 02 Mar 2023 08:56:25 GMT",
        "Expires": "-1",
        "Pragma": "no-cache",
        "Strict-Transport-Security": "max-age=31536000; includeSubDomains",
        "Transfer-Encoding": "chunked",
        "Vary": "Accept-Encoding",
        "X-Content-Type-Options": "nosniff",
        "x-ms-correlation-request-id": "8c22ea42-7eea-478a-a580-40d09aeecffa",
        "x-ms-providerhub-traffic": "True",
        "x-ms-ratelimit-remaining-subscription-reads": "11956",
        "x-ms-request-id": "0861dd80-583b-481e-88fd-0f48399119da",
        "x-ms-routing-request-id": "SOUTHEASTASIA:20230302T085626Z:8c22ea42-7eea-478a-a580-40d09aeecffa"
      },
      "ResponseBody": {
        "value": []
      }
    }
  ],
  "Variables": {}
}
