{
  "Entries": [
    {
      "RequestUri": "https://myappconfig.azconfig.io/kv/etags-10753?api-version=1.0",
      "RequestMethod": "PUT",
      "RequestHeaders": {
        "Accept": "application/vnd.microsoft.appconfig.kv\u002Bjson, application/json, application/problem\u002Bjson",
        "Accept-Encoding": "gzip, deflate, br",
        "Accept-Language": "en-US",
        "Authorization": "Sanitized",
        "Cache-Control": "max-age=0",
        "Connection": "keep-alive",
        "Content-Length": "37",
        "Content-Type": "application/vnd.microsoft.appconfig.kv\u002Bjson",
        "If-None-Match": "*",
        "Referer": "http://localhost:9876/",
        "sec-ch-ua": "",
        "sec-ch-ua-mobile": "?0",
        "sec-ch-ua-platform": "",
        "Sec-Fetch-Dest": "empty",
        "Sec-Fetch-Mode": "cors",
        "Sec-Fetch-Site": "same-site",
        "User-Agent": "Mozilla/5.0 (X11; Linux x86_64) AppleWebKit/537.36 (KHTML, like Gecko) HeadlessChrome/93.0.4577.0 Safari/537.36",
        "x-ms-client-request-id": "ca71e1d7-fa4f-4599-a6d0-303a0b4e8cd1",
        "x-ms-content-sha256": "\u002B/K3OqIOqQzHSZ54jRDm/pis0MjSbNmbxwR5KJMB3cg=",
        "x-ms-date": "Wed, 29 Dec 2021 21:08:54 GMT",
        "x-ms-useragent": "azsdk-js-app-configuration/1.3.2 core-http/2.2.3 OS/Linuxx86_64"
      },
      "RequestBody": {
        "key": "etags-10753",
        "value": "world"
      },
      "StatusCode": 200,
      "ResponseHeaders": {
        "Access-Control-Allow-Credentials": "true",
        "Access-Control-Allow-Origin": "*",
        "Access-Control-Expose-Headers": "DNT, X-CustomHeader, Keep-Alive, User-Agent, X-Requested-With, If-Modified-Since, Cache-Control, Content-Type, Authorization, x-ms-client-request-id, x-ms-useragent, x-ms-content-sha256, x-ms-date, host, Accept, Accept-Datetime, Date, If-Match, If-None-Match, Sync-Token, x-ms-return-client-request-id, ETag, Last-Modified, Link, Memento-Datetime, retry-after-ms, x-ms-request-id, x-ms-client-session-id, x-ms-effective-locale, WWW-Authenticate, traceparent, tracestate",
        "Connection": "keep-alive",
        "Content-Type": "application/vnd.microsoft.appconfig.kv\u002Bjson; charset=utf-8",
        "Date": "Wed, 29 Dec 2021 21:08:54 GMT",
        "ETag": "\u0022RQY7o3Tl0ZjvtJACBO2pG0Mu8Er\u0022",
        "Last-Modified": "Wed, 29 Dec 2021 21:08:54 GMT",
        "Server": "openresty/1.17.8.2",
        "Strict-Transport-Security": "max-age=15724800; includeSubDomains",
        "Sync-Token": "zAJw6V16=NToxNSMzMjg0NTA0;sn=3284504",
        "Transfer-Encoding": "chunked",
        "x-ms-correlation-request-id": "1d6ff05b-cafe-4474-9354-63523643bcc3",
        "x-ms-request-id": "1d6ff05b-cafe-4474-9354-63523643bcc3"
      },
      "ResponseBody": {
        "etag": "RQY7o3Tl0ZjvtJACBO2pG0Mu8Er",
        "key": "etags-10753",
        "label": null,
        "content_type": null,
        "value": "world",
        "tags": {},
        "locked": false,
        "last_modified": "2021-12-29T21:08:54\u002B00:00"
      }
    },
    {
      "RequestUri": "https://myappconfig.azconfig.io/locks/etags-10753?api-version=1.0",
      "RequestMethod": "PUT",
      "RequestHeaders": {
        "Accept": "application/vnd.microsoft.appconfig.kv\u002Bjson, application/json, application/problem\u002Bjson",
        "Accept-Encoding": "gzip, deflate, br",
        "Accept-Language": "en-US",
        "Authorization": "Sanitized",
        "Connection": "keep-alive",
        "Content-Length": "0",
        "Referer": "http://localhost:9876/",
        "sec-ch-ua": "",
        "sec-ch-ua-mobile": "?0",
        "sec-ch-ua-platform": "",
        "Sec-Fetch-Dest": "empty",
        "Sec-Fetch-Mode": "cors",
        "Sec-Fetch-Site": "same-site",
        "sync-token": "zAJw6V16=NToxNSMzMjg0NTA0",
        "User-Agent": "Mozilla/5.0 (X11; Linux x86_64) AppleWebKit/537.36 (KHTML, like Gecko) HeadlessChrome/93.0.4577.0 Safari/537.36",
        "x-ms-client-request-id": "2fd8ff53-0ebd-482b-8fd4-7c2ce159ac74",
        "x-ms-content-sha256": "47DEQpj8HBSa\u002B/TImW\u002B5JCeuQeRkm5NMpJWZG3hSuFU=",
        "x-ms-date": "Wed, 29 Dec 2021 21:08:54 GMT",
        "x-ms-useragent": "azsdk-js-app-configuration/1.3.2 core-http/2.2.3 OS/Linuxx86_64"
      },
      "RequestBody": null,
      "StatusCode": 200,
      "ResponseHeaders": {
        "Access-Control-Allow-Credentials": "true",
        "Access-Control-Allow-Origin": "*",
        "Access-Control-Expose-Headers": "DNT, X-CustomHeader, Keep-Alive, User-Agent, X-Requested-With, If-Modified-Since, Cache-Control, Content-Type, Authorization, x-ms-client-request-id, x-ms-useragent, x-ms-content-sha256, x-ms-date, host, Accept, Accept-Datetime, Date, If-Match, If-None-Match, Sync-Token, x-ms-return-client-request-id, ETag, Last-Modified, Link, Memento-Datetime, retry-after-ms, x-ms-request-id, x-ms-client-session-id, x-ms-effective-locale, WWW-Authenticate, traceparent, tracestate",
        "Connection": "keep-alive",
        "Content-Type": "application/vnd.microsoft.appconfig.kv\u002Bjson; charset=utf-8",
        "Date": "Wed, 29 Dec 2021 21:08:54 GMT",
        "ETag": "\u0022QeqXcszeAGeX6BW0udp2LIHWqnn\u0022",
        "Last-Modified": "Wed, 29 Dec 2021 21:08:55 GMT",
        "Server": "openresty/1.17.8.2",
        "Strict-Transport-Security": "max-age=15724800; includeSubDomains",
        "Sync-Token": "zAJw6V16=NToxNSMzMjg0NTA1;sn=3284505",
        "Transfer-Encoding": "chunked",
        "x-ms-correlation-request-id": "d9414849-5986-43c7-805e-f4ae03f4d74f",
        "x-ms-request-id": "d9414849-5986-43c7-805e-f4ae03f4d74f"
      },
      "ResponseBody": {
        "etag": "QeqXcszeAGeX6BW0udp2LIHWqnn",
        "key": "etags-10753",
        "label": null,
        "content_type": null,
        "value": "world",
        "tags": {},
        "locked": true,
        "last_modified": "2021-12-29T21:08:55\u002B00:00"
      }
    },
    {
      "RequestUri": "https://myappconfig.azconfig.io/kv/etags-10753?api-version=1.0",
      "RequestMethod": "DELETE",
      "RequestHeaders": {
        "Accept": "application/vnd.microsoft.appconfig.kv\u002Bjson, application/json, application/problem\u002Bjson",
        "Accept-Encoding": "gzip, deflate, br",
        "Accept-Language": "en-US",
        "Authorization": "Sanitized",
        "Connection": "keep-alive",
        "Referer": "http://localhost:9876/",
        "sec-ch-ua": "",
        "sec-ch-ua-mobile": "?0",
        "sec-ch-ua-platform": "",
        "Sec-Fetch-Dest": "empty",
        "Sec-Fetch-Mode": "cors",
        "Sec-Fetch-Site": "same-site",
        "sync-token": "zAJw6V16=NToxNSMzMjg0NTA1",
        "User-Agent": "Mozilla/5.0 (X11; Linux x86_64) AppleWebKit/537.36 (KHTML, like Gecko) HeadlessChrome/93.0.4577.0 Safari/537.36",
        "x-ms-client-request-id": "c579b5b6-bf2d-4981-8c64-a84c0c72965a",
        "x-ms-content-sha256": "47DEQpj8HBSa\u002B/TImW\u002B5JCeuQeRkm5NMpJWZG3hSuFU=",
        "x-ms-date": "Wed, 29 Dec 2021 21:08:54 GMT",
        "x-ms-useragent": "azsdk-js-app-configuration/1.3.2 core-http/2.2.3 OS/Linuxx86_64"
      },
      "RequestBody": null,
      "StatusCode": 409,
      "ResponseHeaders": {
        "Access-Control-Allow-Credentials": "true",
        "Access-Control-Allow-Origin": "*",
        "Access-Control-Expose-Headers": "DNT, X-CustomHeader, Keep-Alive, User-Agent, X-Requested-With, If-Modified-Since, Cache-Control, Content-Type, Authorization, x-ms-client-request-id, x-ms-useragent, x-ms-content-sha256, x-ms-date, host, Accept, Accept-Datetime, Date, If-Match, If-None-Match, Sync-Token, x-ms-return-client-request-id, ETag, Last-Modified, Link, Memento-Datetime, retry-after-ms, x-ms-request-id, x-ms-client-session-id, x-ms-effective-locale, WWW-Authenticate, traceparent, tracestate",
        "Connection": "keep-alive",
        "Content-Type": "application/problem\u002Bjson; charset=utf-8",
        "Date": "Wed, 29 Dec 2021 21:08:54 GMT",
        "Server": "openresty/1.17.8.2",
        "Strict-Transport-Security": "max-age=15724800; includeSubDomains",
        "Transfer-Encoding": "chunked",
        "x-ms-correlation-request-id": "21bbddc8-0648-41fb-a1f8-7030fdf33e05",
        "x-ms-request-id": "21bbddc8-0648-41fb-a1f8-7030fdf33e05"
      },
      "ResponseBody": {
        "type": "https://azconfig.io/errors/key-locked",
        "title": "Modifing key \u0027etags-10753\u0027 is not allowed",
        "name": "etags-10753",
        "detail": "The key is read-only. To allow modification unlock it first.",
        "status": 409
      }
    },
    {
      "RequestUri": "https://myappconfig.azconfig.io/locks/etags-10753?api-version=1.0",
      "RequestMethod": "DELETE",
      "RequestHeaders": {
        "Accept": "application/vnd.microsoft.appconfig.kv\u002Bjson, application/json, application/problem\u002Bjson",
        "Accept-Encoding": "gzip, deflate, br",
        "Accept-Language": "en-US",
        "Authorization": "Sanitized",
        "Connection": "keep-alive",
        "Referer": "http://localhost:9876/",
        "sec-ch-ua": "",
        "sec-ch-ua-mobile": "?0",
        "sec-ch-ua-platform": "",
        "Sec-Fetch-Dest": "empty",
        "Sec-Fetch-Mode": "cors",
        "Sec-Fetch-Site": "same-site",
        "sync-token": "zAJw6V16=NToxNSMzMjg0NTA1",
        "User-Agent": "Mozilla/5.0 (X11; Linux x86_64) AppleWebKit/537.36 (KHTML, like Gecko) HeadlessChrome/93.0.4577.0 Safari/537.36",
        "x-ms-client-request-id": "9a894637-72e8-464f-9993-4e770b809388",
        "x-ms-content-sha256": "47DEQpj8HBSa\u002B/TImW\u002B5JCeuQeRkm5NMpJWZG3hSuFU=",
        "x-ms-date": "Wed, 29 Dec 2021 21:08:54 GMT",
        "x-ms-useragent": "azsdk-js-app-configuration/1.3.2 core-http/2.2.3 OS/Linuxx86_64"
      },
      "RequestBody": null,
      "StatusCode": 200,
      "ResponseHeaders": {
        "Access-Control-Allow-Credentials": "true",
        "Access-Control-Allow-Origin": "*",
        "Access-Control-Expose-Headers": "DNT, X-CustomHeader, Keep-Alive, User-Agent, X-Requested-With, If-Modified-Since, Cache-Control, Content-Type, Authorization, x-ms-client-request-id, x-ms-useragent, x-ms-content-sha256, x-ms-date, host, Accept, Accept-Datetime, Date, If-Match, If-None-Match, Sync-Token, x-ms-return-client-request-id, ETag, Last-Modified, Link, Memento-Datetime, retry-after-ms, x-ms-request-id, x-ms-client-session-id, x-ms-effective-locale, WWW-Authenticate, traceparent, tracestate",
        "Connection": "keep-alive",
        "Content-Type": "application/vnd.microsoft.appconfig.kv\u002Bjson; charset=utf-8",
        "Date": "Wed, 29 Dec 2021 21:08:54 GMT",
        "ETag": "\u0022DFuc63tbtc7nUiNmiQ5HirDjcnZ\u0022",
        "Last-Modified": "Wed, 29 Dec 2021 21:08:55 GMT",
        "Server": "openresty/1.17.8.2",
        "Strict-Transport-Security": "max-age=15724800; includeSubDomains",
        "Sync-Token": "zAJw6V16=NToxNSMzMjg0NTA2;sn=3284506",
        "Transfer-Encoding": "chunked",
        "x-ms-correlation-request-id": "470d6ae1-1e93-4355-a217-649de060f3e6",
        "x-ms-request-id": "470d6ae1-1e93-4355-a217-649de060f3e6"
      },
      "ResponseBody": {
        "etag": "DFuc63tbtc7nUiNmiQ5HirDjcnZ",
        "key": "etags-10753",
        "label": null,
        "content_type": null,
        "value": "world",
        "tags": {},
        "locked": false,
        "last_modified": "2021-12-29T21:08:55\u002B00:00"
      }
    },
    {
      "RequestUri": "https://myappconfig.azconfig.io/kv?api-version=1.0\u0026key=etags-10753",
      "RequestMethod": "GET",
      "RequestHeaders": {
        "Accept": "application/vnd.microsoft.appconfig.kvset\u002Bjson, application/json, application/problem\u002Bjson",
        "Accept-Encoding": "gzip, deflate, br",
        "Accept-Language": "en-US",
        "Authorization": "Sanitized",
        "Connection": "keep-alive",
        "Referer": "http://localhost:9876/",
        "sec-ch-ua": "",
        "sec-ch-ua-mobile": "?0",
        "sec-ch-ua-platform": "",
        "Sec-Fetch-Dest": "empty",
        "Sec-Fetch-Mode": "cors",
        "Sec-Fetch-Site": "same-site",
        "sync-token": "zAJw6V16=NToxNSMzMjg0NTA2",
        "User-Agent": "Mozilla/5.0 (X11; Linux x86_64) AppleWebKit/537.36 (KHTML, like Gecko) HeadlessChrome/93.0.4577.0 Safari/537.36",
        "x-ms-client-request-id": "0ab4dee2-8b89-4d1b-886a-2cb96c66525b",
        "x-ms-content-sha256": "47DEQpj8HBSa\u002B/TImW\u002B5JCeuQeRkm5NMpJWZG3hSuFU=",
        "x-ms-date": "Wed, 29 Dec 2021 21:08:54 GMT",
        "x-ms-useragent": "azsdk-js-app-configuration/1.3.2 core-http/2.2.3 OS/Linuxx86_64"
      },
      "RequestBody": null,
      "StatusCode": 200,
      "ResponseHeaders": {
        "Access-Control-Allow-Credentials": "true",
        "Access-Control-Allow-Origin": "*",
        "Access-Control-Expose-Headers": "DNT, X-CustomHeader, Keep-Alive, User-Agent, X-Requested-With, If-Modified-Since, Cache-Control, Content-Type, Authorization, x-ms-client-request-id, x-ms-useragent, x-ms-content-sha256, x-ms-date, host, Accept, Accept-Datetime, Date, If-Match, If-None-Match, Sync-Token, x-ms-return-client-request-id, ETag, Last-Modified, Link, Memento-Datetime, retry-after-ms, x-ms-request-id, x-ms-client-session-id, x-ms-effective-locale, WWW-Authenticate, traceparent, tracestate",
        "Connection": "keep-alive",
        "Content-Type": "application/vnd.microsoft.appconfig.kvset\u002Bjson; charset=utf-8",
        "Date": "Wed, 29 Dec 2021 21:08:54 GMT",
        "Server": "openresty/1.17.8.2",
        "Strict-Transport-Security": "max-age=15724800; includeSubDomains",
        "Sync-Token": "zAJw6V16=NToxNSMzMjg0NTA2;sn=3284506",
        "Transfer-Encoding": "chunked",
        "x-ms-correlation-request-id": "5391f5a0-00db-4b25-93ee-2eb1b626351e",
        "x-ms-request-id": "5391f5a0-00db-4b25-93ee-2eb1b626351e"
      },
      "ResponseBody": {
        "items": [
          {
            "etag": "DFuc63tbtc7nUiNmiQ5HirDjcnZ",
            "key": "etags-10753",
            "label": null,
            "content_type": null,
            "value": "world",
            "tags": {},
            "locked": false,
            "last_modified": "2021-12-29T21:08:55\u002B00:00"
          }
        ]
      }
    },
    {
      "RequestUri": "https://myappconfig.azconfig.io/kv/etags-10753?api-version=1.0",
      "RequestMethod": "DELETE",
      "RequestHeaders": {
        "Accept": "application/vnd.microsoft.appconfig.kv\u002Bjson, application/json, application/problem\u002Bjson",
        "Accept-Encoding": "gzip, deflate, br",
        "Accept-Language": "en-US",
        "Authorization": "Sanitized",
        "Connection": "keep-alive",
        "Referer": "http://localhost:9876/",
        "sec-ch-ua": "",
        "sec-ch-ua-mobile": "?0",
        "sec-ch-ua-platform": "",
        "Sec-Fetch-Dest": "empty",
        "Sec-Fetch-Mode": "cors",
        "Sec-Fetch-Site": "same-site",
        "sync-token": "zAJw6V16=NToxNSMzMjg0NTA2",
        "User-Agent": "Mozilla/5.0 (X11; Linux x86_64) AppleWebKit/537.36 (KHTML, like Gecko) HeadlessChrome/93.0.4577.0 Safari/537.36",
        "x-ms-client-request-id": "909280a7-7044-40ea-b23c-aee38c77d7d3",
        "x-ms-content-sha256": "47DEQpj8HBSa\u002B/TImW\u002B5JCeuQeRkm5NMpJWZG3hSuFU=",
        "x-ms-date": "Wed, 29 Dec 2021 21:08:54 GMT",
        "x-ms-useragent": "azsdk-js-app-configuration/1.3.2 core-http/2.2.3 OS/Linuxx86_64"
      },
      "RequestBody": null,
      "StatusCode": 200,
      "ResponseHeaders": {
        "Access-Control-Allow-Credentials": "true",
        "Access-Control-Allow-Origin": "*",
        "Access-Control-Expose-Headers": "DNT, X-CustomHeader, Keep-Alive, User-Agent, X-Requested-With, If-Modified-Since, Cache-Control, Content-Type, Authorization, x-ms-client-request-id, x-ms-useragent, x-ms-content-sha256, x-ms-date, host, Accept, Accept-Datetime, Date, If-Match, If-None-Match, Sync-Token, x-ms-return-client-request-id, ETag, Last-Modified, Link, Memento-Datetime, retry-after-ms, x-ms-request-id, x-ms-client-session-id, x-ms-effective-locale, WWW-Authenticate, traceparent, tracestate",
        "Connection": "keep-alive",
        "Content-Type": "application/vnd.microsoft.appconfig.kv\u002Bjson; charset=utf-8",
        "Date": "Wed, 29 Dec 2021 21:08:54 GMT",
        "ETag": "\u0022DFuc63tbtc7nUiNmiQ5HirDjcnZ\u0022",
        "Last-Modified": "Wed, 29 Dec 2021 21:08:55 GMT",
        "Server": "openresty/1.17.8.2",
        "Strict-Transport-Security": "max-age=15724800; includeSubDomains",
        "Sync-Token": "zAJw6V16=NToxNSMzMjg0NTA3;sn=3284507",
        "Transfer-Encoding": "chunked",
        "x-ms-correlation-request-id": "03b4d436-3a20-449f-863d-ae5d2c4f02c9",
        "x-ms-request-id": "03b4d436-3a20-449f-863d-ae5d2c4f02c9"
      },
      "ResponseBody": {
        "etag": "DFuc63tbtc7nUiNmiQ5HirDjcnZ",
        "key": "etags-10753",
        "label": null,
        "content_type": null,
        "value": "world",
        "tags": {},
        "locked": false,
        "last_modified": "2021-12-29T21:08:55\u002B00:00"
      }
    }
  ],
  "Variables": {
    "etags": "etags-10753"
  }
}
