{
  "Entries": [
    {
      "RequestUri": "https://management.azure.com/subscriptions/azure_subscription_id/resourceGroups/myjstest/providers/Microsoft.Relay/namespaces/mynamespacexxx?api-version=2017-04-01",
      "RequestMethod": "PUT",
      "RequestHeaders": {
        "Accept": "application/json",
        "Accept-Encoding": "gzip,deflate",
        "Authorization": "Sanitized",
        "Connection": "keep-alive",
        "Content-Length": "90",
        "Content-Type": "application/json",
        "User-Agent": "azsdk-js-arm-relay/3.1.0 core-rest-pipeline/1.9.1 Node/v16.15.1 OS/(x64-Windows_NT-10.0.22000)",
        "x-ms-client-request-id": "92a83300-a241-4a5b-bbff-6714d2b5f856"
      },
      "RequestBody": {
        "location": "eastus",
        "tags": {
          "tag1": "value1"
        },
        "sku": {
          "name": "Standard",
          "tier": "Standard"
        }
      },
      "StatusCode": 200,
      "ResponseHeaders": {
        "Cache-Control": "no-cache",
        "Content-Length": "540",
        "Content-Type": "application/json; charset=utf-8",
        "Date": "Fri, 08 Jul 2022 07:38:53 GMT",
        "Expires": "-1",
        "Pragma": "no-cache",
        "Server": [
          "Service-Bus-Resource-Provider/CH3",
          "Microsoft-HTTPAPI/2.0"
        ],
        "Server-SB": "Service-Bus-Resource-Provider/CH3",
        "Strict-Transport-Security": "max-age=31536000; includeSubDomains",
        "X-Content-Type-Options": "nosniff",
        "x-ms-correlation-request-id": "ddff3c10-d4d2-4c94-8705-7d243f97148f",
        "x-ms-ratelimit-remaining-subscription-resource-requests": "49",
        "x-ms-request-id": "64df2958-6d02-4e16-a644-256ef3c49e35_M6CH3_M6CH3",
        "x-ms-routing-request-id": "SOUTHEASTASIA:20220708T073854Z:ddff3c10-d4d2-4c94-8705-7d243f97148f"
      },
      "ResponseBody": {
        "sku": {
          "name": "Standard",
          "tier": "Standard"
        },
        "id": "/subscriptions/azure_subscription_id/resourceGroups/myjstest/providers/Microsoft.Relay/namespaces/mynamespacexxx",
        "name": "mynamespacexxx",
        "type": "Microsoft.Relay/Namespaces",
        "location": "East US",
        "tags": {
          "tag1": "value1"
        },
        "properties": {
          "provisioningState": "Created",
          "metricId": "azure_subscription_id:mynamespacexxx",
          "createdAt": "2022-07-08T07:38:52.287Z",
          "updatedAt": "2022-07-08T07:38:52.287Z",
          "serviceBusEndpoint": "https://mynamespacexxx.servicebus.windows.net:443/",
          "status": "Activating"
        }
      }
    },
    {
      "RequestUri": "https://management.azure.com/subscriptions/azure_subscription_id/resourceGroups/myjstest/providers/Microsoft.Relay/namespaces/mynamespacexxx?api-version=2017-04-01",
      "RequestMethod": "GET",
      "RequestHeaders": {
        "Accept": "application/json",
        "Accept-Encoding": "gzip,deflate",
        "Authorization": "Sanitized",
        "Connection": "keep-alive",
        "Content-Type": "application/json",
        "User-Agent": "azsdk-js-arm-relay/3.1.0 core-rest-pipeline/1.9.1 Node/v16.15.1 OS/(x64-Windows_NT-10.0.22000)",
        "x-ms-client-request-id": "2a4af481-cb3f-48f8-8306-3ebf82b5cb10"
      },
      "RequestBody": null,
      "StatusCode": 200,
      "ResponseHeaders": {
        "Cache-Control": "no-cache",
        "Content-Length": "540",
        "Content-Type": "application/json; charset=utf-8",
        "Date": "Fri, 08 Jul 2022 07:38:54 GMT",
        "Expires": "-1",
        "Pragma": "no-cache",
        "Server": [
          "Service-Bus-Resource-Provider/CH3",
          "Microsoft-HTTPAPI/2.0"
        ],
        "Server-SB": "Service-Bus-Resource-Provider/CH3",
        "Strict-Transport-Security": "max-age=31536000; includeSubDomains",
        "X-Content-Type-Options": "nosniff",
        "x-ms-correlation-request-id": "3b8dce84-7347-4375-95d3-a7e3f61b0b72",
        "x-ms-ratelimit-remaining-subscription-reads": "11992",
        "x-ms-request-id": "a876fdbb-e826-401d-8ea9-ec0049e01db3_M8CH3_M8CH3",
        "x-ms-routing-request-id": "SOUTHEASTASIA:20220708T073855Z:3b8dce84-7347-4375-95d3-a7e3f61b0b72"
      },
      "ResponseBody": {
        "sku": {
          "name": "Standard",
          "tier": "Standard"
        },
        "id": "/subscriptions/azure_subscription_id/resourceGroups/myjstest/providers/Microsoft.Relay/namespaces/mynamespacexxx",
        "name": "mynamespacexxx",
        "type": "Microsoft.Relay/Namespaces",
        "location": "East US",
        "tags": {
          "tag1": "value1"
        },
        "properties": {
          "provisioningState": "Created",
          "metricId": "azure_subscription_id:mynamespacexxx",
          "createdAt": "2022-07-08T07:38:52.287Z",
          "updatedAt": "2022-07-08T07:38:52.287Z",
          "serviceBusEndpoint": "https://mynamespacexxx.servicebus.windows.net:443/",
          "status": "Activating"
        }
      }
    },
    {
      "RequestUri": "https://management.azure.com/subscriptions/azure_subscription_id/resourceGroups/myjstest/providers/Microsoft.Relay/namespaces/mynamespacexxx?api-version=2017-04-01",
      "RequestMethod": "GET",
      "RequestHeaders": {
        "Accept": "application/json",
        "Accept-Encoding": "gzip,deflate",
        "Authorization": "Sanitized",
        "Connection": "keep-alive",
        "Content-Type": "application/json",
        "User-Agent": "azsdk-js-arm-relay/3.1.0 core-rest-pipeline/1.9.1 Node/v16.15.1 OS/(x64-Windows_NT-10.0.22000)",
        "x-ms-client-request-id": "74de12df-b546-4351-99a8-37f9176f926f"
      },
      "RequestBody": null,
      "StatusCode": 200,
      "ResponseHeaders": {
        "Cache-Control": "no-cache",
        "Content-Length": "540",
        "Content-Type": "application/json; charset=utf-8",
        "Date": "Fri, 08 Jul 2022 07:38:54 GMT",
        "Expires": "-1",
        "Pragma": "no-cache",
        "Server": [
          "Service-Bus-Resource-Provider/CH3",
          "Microsoft-HTTPAPI/2.0"
        ],
        "Server-SB": "Service-Bus-Resource-Provider/CH3",
        "Strict-Transport-Security": "max-age=31536000; includeSubDomains",
        "X-Content-Type-Options": "nosniff",
        "x-ms-correlation-request-id": "03ed9b4f-5c2f-4ece-ad96-6506d4d3b168",
        "x-ms-ratelimit-remaining-subscription-reads": "11991",
        "x-ms-request-id": "e45d9ae3-1d8a-4d66-b0cc-d74e41735dd4_M8CH3_M8CH3",
        "x-ms-routing-request-id": "SOUTHEASTASIA:20220708T073855Z:03ed9b4f-5c2f-4ece-ad96-6506d4d3b168"
      },
      "ResponseBody": {
        "sku": {
          "name": "Standard",
          "tier": "Standard"
        },
        "id": "/subscriptions/azure_subscription_id/resourceGroups/myjstest/providers/Microsoft.Relay/namespaces/mynamespacexxx",
        "name": "mynamespacexxx",
        "type": "Microsoft.Relay/Namespaces",
        "location": "East US",
        "tags": {
          "tag1": "value1"
        },
        "properties": {
          "provisioningState": "Created",
          "metricId": "azure_subscription_id:mynamespacexxx",
          "createdAt": "2022-07-08T07:38:52.287Z",
          "updatedAt": "2022-07-08T07:38:52.287Z",
          "serviceBusEndpoint": "https://mynamespacexxx.servicebus.windows.net:443/",
          "status": "Activating"
        }
      }
    },
    {
      "RequestUri": "https://management.azure.com/subscriptions/azure_subscription_id/resourceGroups/myjstest/providers/Microsoft.Relay/namespaces/mynamespacexxx?api-version=2017-04-01",
      "RequestMethod": "GET",
      "RequestHeaders": {
        "Accept": "application/json",
        "Accept-Encoding": "gzip,deflate",
        "Authorization": "Sanitized",
        "Connection": "keep-alive",
        "Content-Type": "application/json",
        "User-Agent": "azsdk-js-arm-relay/3.1.0 core-rest-pipeline/1.9.1 Node/v16.15.1 OS/(x64-Windows_NT-10.0.22000)",
        "x-ms-client-request-id": "f9def726-dc4c-47cb-b45a-b0ff82889aee"
      },
      "RequestBody": null,
      "StatusCode": 200,
      "ResponseHeaders": {
        "Cache-Control": "no-cache",
        "Content-Length": "540",
        "Content-Type": "application/json; charset=utf-8",
        "Date": "Fri, 08 Jul 2022 07:38:58 GMT",
        "Expires": "-1",
        "Pragma": "no-cache",
        "Server": [
          "Service-Bus-Resource-Provider/CH3",
          "Microsoft-HTTPAPI/2.0"
        ],
        "Server-SB": "Service-Bus-Resource-Provider/CH3",
        "Strict-Transport-Security": "max-age=31536000; includeSubDomains",
        "X-Content-Type-Options": "nosniff",
        "x-ms-correlation-request-id": "6db4c178-d945-47cb-af4a-1e7e57ae2b03",
        "x-ms-ratelimit-remaining-subscription-reads": "11990",
        "x-ms-request-id": "e19fccfc-cc78-44f1-b181-f80a1d9d94d1_M0CH3_M0CH3",
        "x-ms-routing-request-id": "SOUTHEASTASIA:20220708T073859Z:6db4c178-d945-47cb-af4a-1e7e57ae2b03"
      },
      "ResponseBody": {
        "sku": {
          "name": "Standard",
          "tier": "Standard"
        },
        "id": "/subscriptions/azure_subscription_id/resourceGroups/myjstest/providers/Microsoft.Relay/namespaces/mynamespacexxx",
        "name": "mynamespacexxx",
        "type": "Microsoft.Relay/Namespaces",
        "location": "East US",
        "tags": {
          "tag1": "value1"
        },
        "properties": {
          "provisioningState": "Created",
          "metricId": "azure_subscription_id:mynamespacexxx",
          "createdAt": "2022-07-08T07:38:52.287Z",
          "updatedAt": "2022-07-08T07:38:52.287Z",
          "serviceBusEndpoint": "https://mynamespacexxx.servicebus.windows.net:443/",
          "status": "Activating"
        }
      }
    },
    {
      "RequestUri": "https://management.azure.com/subscriptions/azure_subscription_id/resourceGroups/myjstest/providers/Microsoft.Relay/namespaces/mynamespacexxx?api-version=2017-04-01",
      "RequestMethod": "GET",
      "RequestHeaders": {
        "Accept": "application/json",
        "Accept-Encoding": "gzip,deflate",
        "Authorization": "Sanitized",
        "Connection": "keep-alive",
        "Content-Type": "application/json",
        "User-Agent": "azsdk-js-arm-relay/3.1.0 core-rest-pipeline/1.9.1 Node/v16.15.1 OS/(x64-Windows_NT-10.0.22000)",
        "x-ms-client-request-id": "03e6446c-6474-4b9a-a891-fe0f3948d4eb"
      },
      "RequestBody": null,
      "StatusCode": 200,
      "ResponseHeaders": {
        "Cache-Control": "no-cache",
        "Content-Length": "540",
        "Content-Type": "application/json; charset=utf-8",
        "Date": "Fri, 08 Jul 2022 07:39:02 GMT",
        "Expires": "-1",
        "Pragma": "no-cache",
        "Server": [
          "Service-Bus-Resource-Provider/CH3",
          "Microsoft-HTTPAPI/2.0"
        ],
        "Server-SB": "Service-Bus-Resource-Provider/CH3",
        "Strict-Transport-Security": "max-age=31536000; includeSubDomains",
        "X-Content-Type-Options": "nosniff",
        "x-ms-correlation-request-id": "260bd5e2-6c93-4a62-a438-16c6a02e9277",
        "x-ms-ratelimit-remaining-subscription-reads": "11989",
        "x-ms-request-id": "043b43f2-0dda-43e9-b8d9-daab17505a1f_M3CH3_M3CH3",
        "x-ms-routing-request-id": "SOUTHEASTASIA:20220708T073903Z:260bd5e2-6c93-4a62-a438-16c6a02e9277"
      },
      "ResponseBody": {
        "sku": {
          "name": "Standard",
          "tier": "Standard"
        },
        "id": "/subscriptions/azure_subscription_id/resourceGroups/myjstest/providers/Microsoft.Relay/namespaces/mynamespacexxx",
        "name": "mynamespacexxx",
        "type": "Microsoft.Relay/Namespaces",
        "location": "East US",
        "tags": {
          "tag1": "value1"
        },
        "properties": {
          "provisioningState": "Created",
          "metricId": "azure_subscription_id:mynamespacexxx",
          "createdAt": "2022-07-08T07:38:52.287Z",
          "updatedAt": "2022-07-08T07:38:52.287Z",
          "serviceBusEndpoint": "https://mynamespacexxx.servicebus.windows.net:443/",
          "status": "Activating"
        }
      }
    },
    {
      "RequestUri": "https://management.azure.com/subscriptions/azure_subscription_id/resourceGroups/myjstest/providers/Microsoft.Relay/namespaces/mynamespacexxx?api-version=2017-04-01",
      "RequestMethod": "GET",
      "RequestHeaders": {
        "Accept": "application/json",
        "Accept-Encoding": "gzip,deflate",
        "Authorization": "Sanitized",
        "Connection": "keep-alive",
        "Content-Type": "application/json",
        "User-Agent": "azsdk-js-arm-relay/3.1.0 core-rest-pipeline/1.9.1 Node/v16.15.1 OS/(x64-Windows_NT-10.0.22000)",
        "x-ms-client-request-id": "879d0d56-2168-49ac-80e3-0de98dbfbdc9"
      },
      "RequestBody": null,
      "StatusCode": 200,
      "ResponseHeaders": {
        "Cache-Control": "no-cache",
        "Content-Length": "540",
        "Content-Type": "application/json; charset=utf-8",
        "Date": "Fri, 08 Jul 2022 07:39:06 GMT",
        "Expires": "-1",
        "Pragma": "no-cache",
        "Server": [
          "Service-Bus-Resource-Provider/CH3",
          "Microsoft-HTTPAPI/2.0"
        ],
        "Server-SB": "Service-Bus-Resource-Provider/CH3",
        "Strict-Transport-Security": "max-age=31536000; includeSubDomains",
        "X-Content-Type-Options": "nosniff",
        "x-ms-correlation-request-id": "55dff4d9-ee77-4018-8c23-45b6ae229f01",
        "x-ms-ratelimit-remaining-subscription-reads": "11988",
        "x-ms-request-id": "02c66bcb-0e52-4bbf-bd22-23735bd17750_M11CH3_M11CH3",
        "x-ms-routing-request-id": "SOUTHEASTASIA:20220708T073907Z:55dff4d9-ee77-4018-8c23-45b6ae229f01"
      },
      "ResponseBody": {
        "sku": {
          "name": "Standard",
          "tier": "Standard"
        },
        "id": "/subscriptions/azure_subscription_id/resourceGroups/myjstest/providers/Microsoft.Relay/namespaces/mynamespacexxx",
        "name": "mynamespacexxx",
        "type": "Microsoft.Relay/Namespaces",
        "location": "East US",
        "tags": {
          "tag1": "value1"
        },
        "properties": {
          "provisioningState": "Created",
          "metricId": "azure_subscription_id:mynamespacexxx",
          "createdAt": "2022-07-08T07:38:52.287Z",
          "updatedAt": "2022-07-08T07:38:52.287Z",
          "serviceBusEndpoint": "https://mynamespacexxx.servicebus.windows.net:443/",
          "status": "Activating"
        }
      }
    },
    {
      "RequestUri": "https://management.azure.com/subscriptions/azure_subscription_id/resourceGroups/myjstest/providers/Microsoft.Relay/namespaces/mynamespacexxx?api-version=2017-04-01",
      "RequestMethod": "GET",
      "RequestHeaders": {
        "Accept": "application/json",
        "Accept-Encoding": "gzip,deflate",
        "Authorization": "Sanitized",
        "Connection": "keep-alive",
        "Content-Type": "application/json",
        "User-Agent": "azsdk-js-arm-relay/3.1.0 core-rest-pipeline/1.9.1 Node/v16.15.1 OS/(x64-Windows_NT-10.0.22000)",
        "x-ms-client-request-id": "d0c03a2c-ac58-4f8b-b6f5-4a098d726486"
      },
      "RequestBody": null,
      "StatusCode": 200,
      "ResponseHeaders": {
        "Cache-Control": "no-cache",
        "Content-Length": "540",
        "Content-Type": "application/json; charset=utf-8",
        "Date": "Fri, 08 Jul 2022 07:39:09 GMT",
        "Expires": "-1",
        "Pragma": "no-cache",
        "Server": [
          "Service-Bus-Resource-Provider/CH3",
          "Microsoft-HTTPAPI/2.0"
        ],
        "Server-SB": "Service-Bus-Resource-Provider/CH3",
        "Strict-Transport-Security": "max-age=31536000; includeSubDomains",
        "X-Content-Type-Options": "nosniff",
        "x-ms-correlation-request-id": "54aabf5f-8271-48ca-98f5-3a833de2e2f3",
        "x-ms-ratelimit-remaining-subscription-reads": "11987",
        "x-ms-request-id": "5c5cda89-701d-4b63-8200-970411a42f67_M3CH3_M3CH3",
        "x-ms-routing-request-id": "SOUTHEASTASIA:20220708T073910Z:54aabf5f-8271-48ca-98f5-3a833de2e2f3"
      },
      "ResponseBody": {
        "sku": {
          "name": "Standard",
          "tier": "Standard"
        },
        "id": "/subscriptions/azure_subscription_id/resourceGroups/myjstest/providers/Microsoft.Relay/namespaces/mynamespacexxx",
        "name": "mynamespacexxx",
        "type": "Microsoft.Relay/Namespaces",
        "location": "East US",
        "tags": {
          "tag1": "value1"
        },
        "properties": {
          "provisioningState": "Created",
          "metricId": "azure_subscription_id:mynamespacexxx",
          "createdAt": "2022-07-08T07:38:52.287Z",
          "updatedAt": "2022-07-08T07:38:52.287Z",
          "serviceBusEndpoint": "https://mynamespacexxx.servicebus.windows.net:443/",
          "status": "Activating"
        }
      }
    },
    {
      "RequestUri": "https://management.azure.com/subscriptions/azure_subscription_id/resourceGroups/myjstest/providers/Microsoft.Relay/namespaces/mynamespacexxx?api-version=2017-04-01",
      "RequestMethod": "GET",
      "RequestHeaders": {
        "Accept": "application/json",
        "Accept-Encoding": "gzip,deflate",
        "Authorization": "Sanitized",
        "Connection": "keep-alive",
        "Content-Type": "application/json",
        "User-Agent": "azsdk-js-arm-relay/3.1.0 core-rest-pipeline/1.9.1 Node/v16.15.1 OS/(x64-Windows_NT-10.0.22000)",
        "x-ms-client-request-id": "e535ccc7-4817-47ff-802b-bd4a6c820ffa"
      },
      "RequestBody": null,
      "StatusCode": 200,
      "ResponseHeaders": {
        "Cache-Control": "no-cache",
        "Content-Length": "540",
        "Content-Type": "application/json; charset=utf-8",
        "Date": "Fri, 08 Jul 2022 07:39:13 GMT",
        "Expires": "-1",
        "Pragma": "no-cache",
        "Server": [
          "Service-Bus-Resource-Provider/CH3",
          "Microsoft-HTTPAPI/2.0"
        ],
        "Server-SB": "Service-Bus-Resource-Provider/CH3",
        "Strict-Transport-Security": "max-age=31536000; includeSubDomains",
        "X-Content-Type-Options": "nosniff",
        "x-ms-correlation-request-id": "b5c99bb5-bcdc-49cd-97b6-939a1284e01b",
        "x-ms-ratelimit-remaining-subscription-reads": "11986",
        "x-ms-request-id": "69a2dec2-2d3a-4fc6-bfd8-dcdeda6bfa84_M7CH3_M7CH3",
        "x-ms-routing-request-id": "SOUTHEASTASIA:20220708T073914Z:b5c99bb5-bcdc-49cd-97b6-939a1284e01b"
      },
      "ResponseBody": {
        "sku": {
          "name": "Standard",
          "tier": "Standard"
        },
        "id": "/subscriptions/azure_subscription_id/resourceGroups/myjstest/providers/Microsoft.Relay/namespaces/mynamespacexxx",
        "name": "mynamespacexxx",
        "type": "Microsoft.Relay/Namespaces",
        "location": "East US",
        "tags": {
          "tag1": "value1"
        },
        "properties": {
          "provisioningState": "Created",
          "metricId": "azure_subscription_id:mynamespacexxx",
          "createdAt": "2022-07-08T07:38:52.287Z",
          "updatedAt": "2022-07-08T07:38:52.287Z",
          "serviceBusEndpoint": "https://mynamespacexxx.servicebus.windows.net:443/",
          "status": "Activating"
        }
      }
    },
    {
      "RequestUri": "https://management.azure.com/subscriptions/azure_subscription_id/resourceGroups/myjstest/providers/Microsoft.Relay/namespaces/mynamespacexxx?api-version=2017-04-01",
      "RequestMethod": "GET",
      "RequestHeaders": {
        "Accept": "application/json",
        "Accept-Encoding": "gzip,deflate",
        "Authorization": "Sanitized",
        "Connection": "keep-alive",
        "Content-Type": "application/json",
        "User-Agent": "azsdk-js-arm-relay/3.1.0 core-rest-pipeline/1.9.1 Node/v16.15.1 OS/(x64-Windows_NT-10.0.22000)",
        "x-ms-client-request-id": "93e98fd9-6f63-4716-bc96-b60ad8d0fc33"
      },
      "RequestBody": null,
      "StatusCode": 200,
      "ResponseHeaders": {
        "Cache-Control": "no-cache",
        "Content-Length": "540",
        "Content-Type": "application/json; charset=utf-8",
        "Date": "Fri, 08 Jul 2022 07:39:17 GMT",
        "Expires": "-1",
        "Pragma": "no-cache",
        "Server": [
          "Service-Bus-Resource-Provider/CH3",
          "Microsoft-HTTPAPI/2.0"
        ],
        "Server-SB": "Service-Bus-Resource-Provider/CH3",
        "Strict-Transport-Security": "max-age=31536000; includeSubDomains",
        "X-Content-Type-Options": "nosniff",
        "x-ms-correlation-request-id": "113849c1-bbab-460c-a3b9-22bb27b0b9e3",
        "x-ms-ratelimit-remaining-subscription-reads": "11985",
        "x-ms-request-id": "78ff9d79-34ee-4e7b-b36b-6b8998738d14_M1CH3_M1CH3",
        "x-ms-routing-request-id": "SOUTHEASTASIA:20220708T073918Z:113849c1-bbab-460c-a3b9-22bb27b0b9e3"
      },
      "ResponseBody": {
        "sku": {
          "name": "Standard",
          "tier": "Standard"
        },
        "id": "/subscriptions/azure_subscription_id/resourceGroups/myjstest/providers/Microsoft.Relay/namespaces/mynamespacexxx",
        "name": "mynamespacexxx",
        "type": "Microsoft.Relay/Namespaces",
        "location": "East US",
        "tags": {
          "tag1": "value1"
        },
        "properties": {
          "provisioningState": "Created",
          "metricId": "azure_subscription_id:mynamespacexxx",
          "createdAt": "2022-07-08T07:38:52.287Z",
          "updatedAt": "2022-07-08T07:38:52.287Z",
          "serviceBusEndpoint": "https://mynamespacexxx.servicebus.windows.net:443/",
          "status": "Activating"
        }
      }
    },
    {
      "RequestUri": "https://management.azure.com/subscriptions/azure_subscription_id/resourceGroups/myjstest/providers/Microsoft.Relay/namespaces/mynamespacexxx?api-version=2017-04-01",
      "RequestMethod": "GET",
      "RequestHeaders": {
        "Accept": "application/json",
        "Accept-Encoding": "gzip,deflate",
        "Authorization": "Sanitized",
        "Connection": "keep-alive",
        "Content-Type": "application/json",
        "User-Agent": "azsdk-js-arm-relay/3.1.0 core-rest-pipeline/1.9.1 Node/v16.15.1 OS/(x64-Windows_NT-10.0.22000)",
        "x-ms-client-request-id": "87fc27fc-82da-4a8a-b620-cc354a69349d"
      },
      "RequestBody": null,
      "StatusCode": 200,
      "ResponseHeaders": {
        "Cache-Control": "no-cache",
        "Content-Length": "540",
        "Content-Type": "application/json; charset=utf-8",
        "Date": "Fri, 08 Jul 2022 07:39:20 GMT",
        "Expires": "-1",
        "Pragma": "no-cache",
        "Server": [
          "Service-Bus-Resource-Provider/CH3",
          "Microsoft-HTTPAPI/2.0"
        ],
        "Server-SB": "Service-Bus-Resource-Provider/CH3",
        "Strict-Transport-Security": "max-age=31536000; includeSubDomains",
        "X-Content-Type-Options": "nosniff",
        "x-ms-correlation-request-id": "e9170654-25b9-4fe1-9e65-f6c83b374cb9",
        "x-ms-ratelimit-remaining-subscription-reads": "11984",
        "x-ms-request-id": "46580af8-0e97-4dd7-bb0d-a48e55b3b07a_M3CH3_M3CH3",
        "x-ms-routing-request-id": "SOUTHEASTASIA:20220708T073921Z:e9170654-25b9-4fe1-9e65-f6c83b374cb9"
      },
      "ResponseBody": {
        "sku": {
          "name": "Standard",
          "tier": "Standard"
        },
        "id": "/subscriptions/azure_subscription_id/resourceGroups/myjstest/providers/Microsoft.Relay/namespaces/mynamespacexxx",
        "name": "mynamespacexxx",
        "type": "Microsoft.Relay/Namespaces",
        "location": "East US",
        "tags": {
          "tag1": "value1"
        },
        "properties": {
          "provisioningState": "Created",
          "metricId": "azure_subscription_id:mynamespacexxx",
          "createdAt": "2022-07-08T07:38:52.287Z",
          "updatedAt": "2022-07-08T07:38:52.287Z",
          "serviceBusEndpoint": "https://mynamespacexxx.servicebus.windows.net:443/",
          "status": "Activating"
        }
      }
    },
    {
      "RequestUri": "https://management.azure.com/subscriptions/azure_subscription_id/resourceGroups/myjstest/providers/Microsoft.Relay/namespaces/mynamespacexxx?api-version=2017-04-01",
      "RequestMethod": "GET",
      "RequestHeaders": {
        "Accept": "application/json",
        "Accept-Encoding": "gzip,deflate",
        "Authorization": "Sanitized",
        "Connection": "keep-alive",
        "Content-Type": "application/json",
        "User-Agent": "azsdk-js-arm-relay/3.1.0 core-rest-pipeline/1.9.1 Node/v16.15.1 OS/(x64-Windows_NT-10.0.22000)",
        "x-ms-client-request-id": "6629ca7d-b4fe-4814-a814-e7f4c431c8c7"
      },
      "RequestBody": null,
      "StatusCode": 200,
      "ResponseHeaders": {
        "Cache-Control": "no-cache",
        "Content-Length": "540",
        "Content-Type": "application/json; charset=utf-8",
        "Date": "Fri, 08 Jul 2022 07:39:24 GMT",
        "Expires": "-1",
        "Pragma": "no-cache",
        "Server": [
          "Service-Bus-Resource-Provider/CH3",
          "Microsoft-HTTPAPI/2.0"
        ],
        "Server-SB": "Service-Bus-Resource-Provider/CH3",
        "Strict-Transport-Security": "max-age=31536000; includeSubDomains",
        "X-Content-Type-Options": "nosniff",
        "x-ms-correlation-request-id": "406d851a-65ca-4390-b0b5-c80ae0a32b87",
        "x-ms-ratelimit-remaining-subscription-reads": "11983",
        "x-ms-request-id": "d755a5ba-2168-4cd3-a802-5e0dcdb06793_M5CH3_M5CH3",
        "x-ms-routing-request-id": "SOUTHEASTASIA:20220708T073925Z:406d851a-65ca-4390-b0b5-c80ae0a32b87"
      },
      "ResponseBody": {
        "sku": {
          "name": "Standard",
          "tier": "Standard"
        },
        "id": "/subscriptions/azure_subscription_id/resourceGroups/myjstest/providers/Microsoft.Relay/namespaces/mynamespacexxx",
        "name": "mynamespacexxx",
        "type": "Microsoft.Relay/Namespaces",
        "location": "East US",
        "tags": {
          "tag1": "value1"
        },
        "properties": {
          "provisioningState": "Created",
          "metricId": "azure_subscription_id:mynamespacexxx",
          "createdAt": "2022-07-08T07:38:52.287Z",
          "updatedAt": "2022-07-08T07:38:52.287Z",
          "serviceBusEndpoint": "https://mynamespacexxx.servicebus.windows.net:443/",
          "status": "Activating"
        }
      }
    },
    {
      "RequestUri": "https://management.azure.com/subscriptions/azure_subscription_id/resourceGroups/myjstest/providers/Microsoft.Relay/namespaces/mynamespacexxx?api-version=2017-04-01",
      "RequestMethod": "GET",
      "RequestHeaders": {
        "Accept": "application/json",
        "Accept-Encoding": "gzip,deflate",
        "Authorization": "Sanitized",
        "Connection": "keep-alive",
        "Content-Type": "application/json",
        "User-Agent": "azsdk-js-arm-relay/3.1.0 core-rest-pipeline/1.9.1 Node/v16.15.1 OS/(x64-Windows_NT-10.0.22000)",
        "x-ms-client-request-id": "d2f8dd46-828e-4403-8e8c-0ec7b201547b"
      },
      "RequestBody": null,
      "StatusCode": 200,
      "ResponseHeaders": {
        "Cache-Control": "no-cache",
        "Content-Length": "540",
        "Content-Type": "application/json; charset=utf-8",
        "Date": "Fri, 08 Jul 2022 07:39:28 GMT",
        "Expires": "-1",
        "Pragma": "no-cache",
        "Server": [
          "Service-Bus-Resource-Provider/CH3",
          "Microsoft-HTTPAPI/2.0"
        ],
        "Server-SB": "Service-Bus-Resource-Provider/CH3",
        "Strict-Transport-Security": "max-age=31536000; includeSubDomains",
        "X-Content-Type-Options": "nosniff",
        "x-ms-correlation-request-id": "76ed28a6-8030-4418-a36f-f5d92f99b1a2",
        "x-ms-ratelimit-remaining-subscription-reads": "11982",
        "x-ms-request-id": "199ed05c-e5ae-48c3-a3cf-5d10730d0963_M9CH3_M9CH3",
        "x-ms-routing-request-id": "SOUTHEASTASIA:20220708T073929Z:76ed28a6-8030-4418-a36f-f5d92f99b1a2"
      },
      "ResponseBody": {
        "sku": {
          "name": "Standard",
          "tier": "Standard"
        },
        "id": "/subscriptions/azure_subscription_id/resourceGroups/myjstest/providers/Microsoft.Relay/namespaces/mynamespacexxx",
        "name": "mynamespacexxx",
        "type": "Microsoft.Relay/Namespaces",
        "location": "East US",
        "tags": {
          "tag1": "value1"
        },
        "properties": {
          "provisioningState": "Created",
          "metricId": "azure_subscription_id:mynamespacexxx",
          "createdAt": "2022-07-08T07:38:52.287Z",
          "updatedAt": "2022-07-08T07:38:52.287Z",
          "serviceBusEndpoint": "https://mynamespacexxx.servicebus.windows.net:443/",
          "status": "Activating"
        }
      }
    },
    {
      "RequestUri": "https://management.azure.com/subscriptions/azure_subscription_id/resourceGroups/myjstest/providers/Microsoft.Relay/namespaces/mynamespacexxx?api-version=2017-04-01",
      "RequestMethod": "GET",
      "RequestHeaders": {
        "Accept": "application/json",
        "Accept-Encoding": "gzip,deflate",
        "Authorization": "Sanitized",
        "Connection": "keep-alive",
        "Content-Type": "application/json",
        "User-Agent": "azsdk-js-arm-relay/3.1.0 core-rest-pipeline/1.9.1 Node/v16.15.1 OS/(x64-Windows_NT-10.0.22000)",
        "x-ms-client-request-id": "49698d85-cd24-430f-9bd8-3ab19324b4f8"
      },
      "RequestBody": null,
      "StatusCode": 200,
      "ResponseHeaders": {
        "Cache-Control": "no-cache",
        "Content-Length": "540",
        "Content-Type": "application/json; charset=utf-8",
        "Date": "Fri, 08 Jul 2022 07:39:31 GMT",
        "Expires": "-1",
        "Pragma": "no-cache",
        "Server": [
          "Service-Bus-Resource-Provider/CH3",
          "Microsoft-HTTPAPI/2.0"
        ],
        "Server-SB": "Service-Bus-Resource-Provider/CH3",
        "Strict-Transport-Security": "max-age=31536000; includeSubDomains",
        "X-Content-Type-Options": "nosniff",
        "x-ms-correlation-request-id": "efd311ba-2177-4ee1-a05a-ae12d58e7c62",
        "x-ms-ratelimit-remaining-subscription-reads": "11981",
        "x-ms-request-id": "dbd77fd1-e382-4388-ade0-5d0c6d377f12_M12CH3_M12CH3",
        "x-ms-routing-request-id": "SOUTHEASTASIA:20220708T073932Z:efd311ba-2177-4ee1-a05a-ae12d58e7c62"
      },
      "ResponseBody": {
        "sku": {
          "name": "Standard",
          "tier": "Standard"
        },
        "id": "/subscriptions/azure_subscription_id/resourceGroups/myjstest/providers/Microsoft.Relay/namespaces/mynamespacexxx",
        "name": "mynamespacexxx",
        "type": "Microsoft.Relay/Namespaces",
        "location": "East US",
        "tags": {
          "tag1": "value1"
        },
        "properties": {
          "provisioningState": "Created",
          "metricId": "azure_subscription_id:mynamespacexxx",
          "createdAt": "2022-07-08T07:38:52.287Z",
          "updatedAt": "2022-07-08T07:38:52.287Z",
          "serviceBusEndpoint": "https://mynamespacexxx.servicebus.windows.net:443/",
          "status": "Activating"
        }
      }
    },
    {
      "RequestUri": "https://management.azure.com/subscriptions/azure_subscription_id/resourceGroups/myjstest/providers/Microsoft.Relay/namespaces/mynamespacexxx?api-version=2017-04-01",
      "RequestMethod": "GET",
      "RequestHeaders": {
        "Accept": "application/json",
        "Accept-Encoding": "gzip,deflate",
        "Authorization": "Sanitized",
        "Connection": "keep-alive",
        "Content-Type": "application/json",
        "User-Agent": "azsdk-js-arm-relay/3.1.0 core-rest-pipeline/1.9.1 Node/v16.15.1 OS/(x64-Windows_NT-10.0.22000)",
        "x-ms-client-request-id": "3cd89b17-7d7f-4679-8ff1-a38f35bce009"
      },
      "RequestBody": null,
      "StatusCode": 200,
      "ResponseHeaders": {
        "Cache-Control": "no-cache",
        "Content-Length": "540",
        "Content-Type": "application/json; charset=utf-8",
        "Date": "Fri, 08 Jul 2022 07:39:34 GMT",
        "Expires": "-1",
        "Pragma": "no-cache",
        "Server": [
          "Service-Bus-Resource-Provider/CH3",
          "Microsoft-HTTPAPI/2.0"
        ],
        "Server-SB": "Service-Bus-Resource-Provider/CH3",
        "Strict-Transport-Security": "max-age=31536000; includeSubDomains",
        "X-Content-Type-Options": "nosniff",
        "x-ms-correlation-request-id": "f4ec0f33-3966-4395-a409-cf368b6c840d",
        "x-ms-ratelimit-remaining-subscription-reads": "11980",
        "x-ms-request-id": "505ebadc-04de-4080-9901-cfd6c12262b8_M12CH3_M12CH3",
        "x-ms-routing-request-id": "SOUTHEASTASIA:20220708T073935Z:f4ec0f33-3966-4395-a409-cf368b6c840d"
      },
      "ResponseBody": {
        "sku": {
          "name": "Standard",
          "tier": "Standard"
        },
        "id": "/subscriptions/azure_subscription_id/resourceGroups/myjstest/providers/Microsoft.Relay/namespaces/mynamespacexxx",
        "name": "mynamespacexxx",
        "type": "Microsoft.Relay/Namespaces",
        "location": "East US",
        "tags": {
          "tag1": "value1"
        },
        "properties": {
          "provisioningState": "Created",
          "metricId": "azure_subscription_id:mynamespacexxx",
          "createdAt": "2022-07-08T07:38:52.287Z",
          "updatedAt": "2022-07-08T07:38:52.287Z",
          "serviceBusEndpoint": "https://mynamespacexxx.servicebus.windows.net:443/",
          "status": "Activating"
        }
      }
    },
    {
      "RequestUri": "https://management.azure.com/subscriptions/azure_subscription_id/resourceGroups/myjstest/providers/Microsoft.Relay/namespaces/mynamespacexxx?api-version=2017-04-01",
      "RequestMethod": "GET",
      "RequestHeaders": {
        "Accept": "application/json",
        "Accept-Encoding": "gzip,deflate",
        "Authorization": "Sanitized",
        "Connection": "keep-alive",
        "Content-Type": "application/json",
        "User-Agent": "azsdk-js-arm-relay/3.1.0 core-rest-pipeline/1.9.1 Node/v16.15.1 OS/(x64-Windows_NT-10.0.22000)",
        "x-ms-client-request-id": "e7371a4a-cf95-4e21-abd4-a2dc176ed12f"
      },
      "RequestBody": null,
      "StatusCode": 200,
      "ResponseHeaders": {
        "Cache-Control": "no-cache",
        "Content-Length": "538",
        "Content-Type": "application/json; charset=utf-8",
        "Date": "Fri, 08 Jul 2022 07:39:37 GMT",
        "Expires": "-1",
        "Pragma": "no-cache",
        "Server": [
          "Service-Bus-Resource-Provider/CH3",
          "Microsoft-HTTPAPI/2.0"
        ],
        "Server-SB": "Service-Bus-Resource-Provider/CH3",
        "Strict-Transport-Security": "max-age=31536000; includeSubDomains",
        "X-Content-Type-Options": "nosniff",
        "x-ms-correlation-request-id": "7cb1135f-228b-42bd-8be5-d38c43757059",
        "x-ms-ratelimit-remaining-subscription-reads": "11979",
        "x-ms-request-id": "99b3daf9-d959-4d7e-980b-e1a565be2c9e_M12CH3_M12CH3",
        "x-ms-routing-request-id": "SOUTHEASTASIA:20220708T073938Z:7cb1135f-228b-42bd-8be5-d38c43757059"
      },
      "ResponseBody": {
        "sku": {
          "name": "Standard",
          "tier": "Standard"
        },
        "id": "/subscriptions/azure_subscription_id/resourceGroups/myjstest/providers/Microsoft.Relay/namespaces/mynamespacexxx",
        "name": "mynamespacexxx",
        "type": "Microsoft.Relay/Namespaces",
        "location": "East US",
        "tags": {
          "tag1": "value1"
        },
        "properties": {
          "provisioningState": "Succeeded",
          "metricId": "azure_subscription_id:mynamespacexxx",
          "createdAt": "2022-07-08T07:38:52.287Z",
          "updatedAt": "2022-07-08T07:39:35.233Z",
          "serviceBusEndpoint": "https://mynamespacexxx.servicebus.windows.net:443/",
          "status": "Active"
        }
      }
    }
  ],
  "Variables": {}
}
