{
  "Entries": [
    {
      "RequestUri": "https://endpoint/text/analytics/v3.2-preview.2/analyze",
      "RequestMethod": "POST",
      "RequestHeaders": {
        "Accept": "application/json, text/json",
        "Accept-Encoding": "gzip, deflate, br",
        "Accept-Language": "en-GB",
        "Authorization": "Sanitized",
        "Connection": "keep-alive",
        "Content-Length": "749",
        "Content-Type": "application/json",
        "Referer": "http://localhost:9876/",
        "sec-ch-ua": "",
        "sec-ch-ua-mobile": "?0",
        "sec-ch-ua-platform": "",
        "Sec-Fetch-Dest": "empty",
        "Sec-Fetch-Mode": "cors",
        "Sec-Fetch-Site": "same-site",
        "traceparent": "00-00000000000000000000000000000456-0000000000001064-00",
        "User-Agent": "Mozilla/5.0 (Windows NT 10.0; Win64; x64) AppleWebKit/537.36 (KHTML, like Gecko) HeadlessChrome/93.0.4577.0 Safari/537.36",
        "x-ms-client-request-id": "6b18a7c4-4671-4378-8229-ea98f12b32db",
        "x-ms-useragent": "azsdk-js-ai-text-analytics/5.2.0-beta.3 core-rest-pipeline/1.5.1 OS/Win32"
      },
      "RequestBody": {
        "analysisInput": {
          "documents": [
            {
              "id": "0",
              "text": "The food was unacceptable",
              "language": "en"
            },
            {
              "id": "1",
              "text": "The rooms were beautiful. The AC was good and quiet.",
              "language": "en"
            },
            {
              "id": "2",
              "text": "The breakfast was good, but the toilet was smelly.",
              "language": "en"
            },
            {
              "id": "3",
              "text": "Loved this hotel - good breakfast - nice shuttle service - clean rooms.",
              "language": "en"
            },
            {
              "id": "4",
              "text": "I had a great unobstructed view of the Microsoft campus.",
              "language": "en"
            },
            {
              "id": "5",
              "text": "Nice rooms but bathrooms were old and the toilet was dirty when we arrived.",
              "language": "en"
            },
            {
              "id": "6",
              "text": "The toilet smelled.",
              "language": "en"
            }
          ]
        },
        "tasks": {
          "sentimentAnalysisTasks": [
            {
              "parameters": {
                "opinionMining": true,
                "stringIndexType": "Utf16CodeUnit"
              }
            }
          ]
        }
      },
      "StatusCode": 202,
      "ResponseHeaders": {
        "apim-request-id": "2a9096dd-2987-49f7-908d-aa34ac5e226d",
        "Date": "Fri, 18 Feb 2022 19:16:28 GMT",
        "operation-location": "https://endpoint/text/analytics/v3.2-preview.2/analyze/jobs/a6a94fc4-bbc8-4067-a9c7-9281c5da7ea0",
        "Strict-Transport-Security": "max-age=31536000; includeSubDomains; preload",
        "Transfer-Encoding": "chunked",
        "X-Content-Type-Options": "nosniff",
        "x-envoy-upstream-service-time": "290"
      },
      "ResponseBody": null
    },
    {
      "RequestUri": "https://endpoint/text/analytics/v3.2-preview.2/analyze/jobs/a6a94fc4-bbc8-4067-a9c7-9281c5da7ea0?$top=20\u0026$skip=0",
      "RequestMethod": "GET",
      "RequestHeaders": {
        "Accept": "application/json, text/json",
        "Accept-Encoding": "gzip, deflate, br",
        "Accept-Language": "en-GB",
        "Authorization": "Sanitized",
        "Connection": "keep-alive",
        "Referer": "http://localhost:9876/",
        "sec-ch-ua": "",
        "sec-ch-ua-mobile": "?0",
        "sec-ch-ua-platform": "",
        "Sec-Fetch-Dest": "empty",
        "Sec-Fetch-Mode": "cors",
        "Sec-Fetch-Site": "same-site",
        "traceparent": "00-00000000000000000000000000000457-0000000000001066-00",
        "User-Agent": "Mozilla/5.0 (Windows NT 10.0; Win64; x64) AppleWebKit/537.36 (KHTML, like Gecko) HeadlessChrome/93.0.4577.0 Safari/537.36",
        "x-ms-client-request-id": "7bb1bcb3-76f6-4fe7-a2e2-2f97ec7e67cb",
        "x-ms-useragent": "azsdk-js-ai-text-analytics/5.2.0-beta.3 core-rest-pipeline/1.5.1 OS/Win32"
      },
      "RequestBody": null,
      "StatusCode": 200,
      "ResponseHeaders": {
        "apim-request-id": "98e8977a-a678-48d7-b1c8-bf5afbcc6332",
        "Content-Type": "application/json; charset=utf-8",
        "Date": "Fri, 18 Feb 2022 19:16:28 GMT",
        "Strict-Transport-Security": "max-age=31536000; includeSubDomains; preload",
        "Transfer-Encoding": "chunked",
        "X-Content-Type-Options": "nosniff",
        "x-envoy-upstream-service-time": "7"
      },
      "ResponseBody": {
        "jobId": "a6a94fc4-bbc8-4067-a9c7-9281c5da7ea0",
        "lastUpdateDateTime": "2022-02-18T19:16:28Z",
        "createdDateTime": "2022-02-18T19:16:28Z",
        "expirationDateTime": "2022-02-19T19:16:28Z",
        "status": "notStarted",
        "errors": [],
        "tasks": {
          "completed": 0,
          "failed": 0,
          "inProgress": 1,
          "total": 1
        }
      }
    },
    {
      "RequestUri": "https://endpoint/text/analytics/v3.2-preview.2/analyze/jobs/a6a94fc4-bbc8-4067-a9c7-9281c5da7ea0?$top=20\u0026$skip=0",
      "RequestMethod": "GET",
      "RequestHeaders": {
        "Accept": "application/json, text/json",
        "Accept-Encoding": "gzip, deflate, br",
        "Accept-Language": "en-GB",
        "Authorization": "Sanitized",
        "Connection": "keep-alive",
        "Referer": "http://localhost:9876/",
        "sec-ch-ua": "",
        "sec-ch-ua-mobile": "?0",
        "sec-ch-ua-platform": "",
        "Sec-Fetch-Dest": "empty",
        "Sec-Fetch-Mode": "cors",
        "Sec-Fetch-Site": "same-site",
        "traceparent": "00-00000000000000000000000000000458-0000000000001068-00",
        "User-Agent": "Mozilla/5.0 (Windows NT 10.0; Win64; x64) AppleWebKit/537.36 (KHTML, like Gecko) HeadlessChrome/93.0.4577.0 Safari/537.36",
        "x-ms-client-request-id": "dc6efb0a-ea4c-4ba9-83b8-08cb50fac897",
        "x-ms-useragent": "azsdk-js-ai-text-analytics/5.2.0-beta.3 core-rest-pipeline/1.5.1 OS/Win32"
      },
      "RequestBody": null,
      "StatusCode": 200,
      "ResponseHeaders": {
        "apim-request-id": "8cbdcdad-a334-49a2-864f-338586c7df9d",
        "Content-Type": "application/json; charset=utf-8",
        "Date": "Fri, 18 Feb 2022 19:16:28 GMT",
        "Strict-Transport-Security": "max-age=31536000; includeSubDomains; preload",
        "Transfer-Encoding": "chunked",
        "X-Content-Type-Options": "nosniff",
        "x-envoy-upstream-service-time": "8"
      },
      "ResponseBody": {
        "jobId": "a6a94fc4-bbc8-4067-a9c7-9281c5da7ea0",
        "lastUpdateDateTime": "2022-02-18T19:16:29Z",
        "createdDateTime": "2022-02-18T19:16:28Z",
        "expirationDateTime": "2022-02-19T19:16:28Z",
        "status": "running",
        "errors": [],
        "tasks": {
          "completed": 0,
          "failed": 0,
          "inProgress": 1,
          "total": 1
        }
      }
    },
    {
      "RequestUri": "https://endpoint/text/analytics/v3.2-preview.2/analyze/jobs/a6a94fc4-bbc8-4067-a9c7-9281c5da7ea0?$top=20\u0026$skip=0",
      "RequestMethod": "GET",
      "RequestHeaders": {
        "Accept": "application/json, text/json",
        "Accept-Encoding": "gzip, deflate, br",
        "Accept-Language": "en-GB",
        "Authorization": "Sanitized",
        "Connection": "keep-alive",
        "Referer": "http://localhost:9876/",
        "sec-ch-ua": "",
        "sec-ch-ua-mobile": "?0",
        "sec-ch-ua-platform": "",
        "Sec-Fetch-Dest": "empty",
        "Sec-Fetch-Mode": "cors",
        "Sec-Fetch-Site": "same-site",
        "traceparent": "00-00000000000000000000000000000459-0000000000001070-00",
        "User-Agent": "Mozilla/5.0 (Windows NT 10.0; Win64; x64) AppleWebKit/537.36 (KHTML, like Gecko) HeadlessChrome/93.0.4577.0 Safari/537.36",
        "x-ms-client-request-id": "6976a71e-bd33-4ab0-bfc2-89a293559693",
        "x-ms-useragent": "azsdk-js-ai-text-analytics/5.2.0-beta.3 core-rest-pipeline/1.5.1 OS/Win32"
      },
      "RequestBody": null,
      "StatusCode": 200,
      "ResponseHeaders": {
        "apim-request-id": "0976f7d2-f16c-4ecb-b17a-59209f2bf7e1",
        "Content-Type": "application/json; charset=utf-8",
        "Date": "Fri, 18 Feb 2022 19:16:30 GMT",
        "Strict-Transport-Security": "max-age=31536000; includeSubDomains; preload",
        "Transfer-Encoding": "chunked",
        "X-Content-Type-Options": "nosniff",
        "x-envoy-upstream-service-time": "8"
      },
      "ResponseBody": {
        "jobId": "a6a94fc4-bbc8-4067-a9c7-9281c5da7ea0",
        "lastUpdateDateTime": "2022-02-18T19:16:29Z",
        "createdDateTime": "2022-02-18T19:16:28Z",
        "expirationDateTime": "2022-02-19T19:16:28Z",
        "status": "running",
        "errors": [],
        "tasks": {
          "completed": 0,
          "failed": 0,
          "inProgress": 1,
          "total": 1
        }
      }
    },
    {
      "RequestUri": "https://endpoint/text/analytics/v3.2-preview.2/analyze/jobs/a6a94fc4-bbc8-4067-a9c7-9281c5da7ea0?$top=20\u0026$skip=0",
      "RequestMethod": "GET",
      "RequestHeaders": {
        "Accept": "application/json, text/json",
        "Accept-Encoding": "gzip, deflate, br",
        "Accept-Language": "en-GB",
        "Authorization": "Sanitized",
        "Connection": "keep-alive",
        "Referer": "http://localhost:9876/",
        "sec-ch-ua": "",
        "sec-ch-ua-mobile": "?0",
        "sec-ch-ua-platform": "",
        "Sec-Fetch-Dest": "empty",
        "Sec-Fetch-Mode": "cors",
        "Sec-Fetch-Site": "same-site",
        "traceparent": "00-00000000000000000000000000000460-0000000000001072-00",
        "User-Agent": "Mozilla/5.0 (Windows NT 10.0; Win64; x64) AppleWebKit/537.36 (KHTML, like Gecko) HeadlessChrome/93.0.4577.0 Safari/537.36",
        "x-ms-client-request-id": "a1facdb4-247c-4999-9300-3bdd9956e548",
        "x-ms-useragent": "azsdk-js-ai-text-analytics/5.2.0-beta.3 core-rest-pipeline/1.5.1 OS/Win32"
      },
      "RequestBody": null,
      "StatusCode": 200,
      "ResponseHeaders": {
        "apim-request-id": "e0e1867d-9b0f-47f4-ac76-76d4a6fd94df",
        "Content-Type": "application/json; charset=utf-8",
        "Date": "Fri, 18 Feb 2022 19:16:32 GMT",
        "Strict-Transport-Security": "max-age=31536000; includeSubDomains; preload",
        "Transfer-Encoding": "chunked",
        "X-Content-Type-Options": "nosniff",
        "x-envoy-upstream-service-time": "8"
      },
      "ResponseBody": {
        "jobId": "a6a94fc4-bbc8-4067-a9c7-9281c5da7ea0",
        "lastUpdateDateTime": "2022-02-18T19:16:29Z",
        "createdDateTime": "2022-02-18T19:16:28Z",
        "expirationDateTime": "2022-02-19T19:16:28Z",
        "status": "running",
        "errors": [],
        "tasks": {
          "completed": 0,
          "failed": 0,
          "inProgress": 1,
          "total": 1
        }
      }
    },
    {
      "RequestUri": "https://endpoint/text/analytics/v3.2-preview.2/analyze/jobs/a6a94fc4-bbc8-4067-a9c7-9281c5da7ea0?$top=20\u0026$skip=0",
      "RequestMethod": "GET",
      "RequestHeaders": {
        "Accept": "application/json, text/json",
        "Accept-Encoding": "gzip, deflate, br",
        "Accept-Language": "en-GB",
        "Authorization": "Sanitized",
        "Connection": "keep-alive",
        "Referer": "http://localhost:9876/",
        "sec-ch-ua": "",
        "sec-ch-ua-mobile": "?0",
        "sec-ch-ua-platform": "",
        "Sec-Fetch-Dest": "empty",
        "Sec-Fetch-Mode": "cors",
        "Sec-Fetch-Site": "same-site",
        "traceparent": "00-00000000000000000000000000000461-0000000000001074-00",
        "User-Agent": "Mozilla/5.0 (Windows NT 10.0; Win64; x64) AppleWebKit/537.36 (KHTML, like Gecko) HeadlessChrome/93.0.4577.0 Safari/537.36",
        "x-ms-client-request-id": "bd76c4fd-3484-4fd3-a56b-8f33042dda5a",
        "x-ms-useragent": "azsdk-js-ai-text-analytics/5.2.0-beta.3 core-rest-pipeline/1.5.1 OS/Win32"
      },
      "RequestBody": null,
      "StatusCode": 200,
      "ResponseHeaders": {
        "apim-request-id": "137df18a-5208-45ef-863e-a020ccdcb528",
        "Content-Type": "application/json; charset=utf-8",
        "Date": "Fri, 18 Feb 2022 19:16:34 GMT",
        "Strict-Transport-Security": "max-age=31536000; includeSubDomains; preload",
        "Transfer-Encoding": "chunked",
        "X-Content-Type-Options": "nosniff",
        "x-envoy-upstream-service-time": "7"
      },
      "ResponseBody": {
        "jobId": "a6a94fc4-bbc8-4067-a9c7-9281c5da7ea0",
        "lastUpdateDateTime": "2022-02-18T19:16:29Z",
        "createdDateTime": "2022-02-18T19:16:28Z",
        "expirationDateTime": "2022-02-19T19:16:28Z",
        "status": "running",
        "errors": [],
        "tasks": {
          "completed": 0,
          "failed": 0,
          "inProgress": 1,
          "total": 1
        }
      }
    },
    {
      "RequestUri": "https://endpoint/text/analytics/v3.2-preview.2/analyze/jobs/a6a94fc4-bbc8-4067-a9c7-9281c5da7ea0?$top=20\u0026$skip=0",
      "RequestMethod": "GET",
      "RequestHeaders": {
        "Accept": "application/json, text/json",
        "Accept-Encoding": "gzip, deflate, br",
        "Accept-Language": "en-GB",
        "Authorization": "Sanitized",
        "Connection": "keep-alive",
        "Referer": "http://localhost:9876/",
        "sec-ch-ua": "",
        "sec-ch-ua-mobile": "?0",
        "sec-ch-ua-platform": "",
        "Sec-Fetch-Dest": "empty",
        "Sec-Fetch-Mode": "cors",
        "Sec-Fetch-Site": "same-site",
        "traceparent": "00-00000000000000000000000000000462-0000000000001076-00",
        "User-Agent": "Mozilla/5.0 (Windows NT 10.0; Win64; x64) AppleWebKit/537.36 (KHTML, like Gecko) HeadlessChrome/93.0.4577.0 Safari/537.36",
        "x-ms-client-request-id": "f3274fd6-b001-42d5-a445-dcff663d462f",
        "x-ms-useragent": "azsdk-js-ai-text-analytics/5.2.0-beta.3 core-rest-pipeline/1.5.1 OS/Win32"
      },
      "RequestBody": null,
      "StatusCode": 200,
      "ResponseHeaders": {
        "apim-request-id": "a5c4d135-3c92-4fc9-82cc-10beb6677a56",
        "Content-Type": "application/json; charset=utf-8",
        "Date": "Fri, 18 Feb 2022 19:16:36 GMT",
        "Strict-Transport-Security": "max-age=31536000; includeSubDomains; preload",
        "Transfer-Encoding": "chunked",
        "X-Content-Type-Options": "nosniff",
        "x-envoy-upstream-service-time": "68"
      },
      "ResponseBody": {
        "jobId": "a6a94fc4-bbc8-4067-a9c7-9281c5da7ea0",
        "lastUpdateDateTime": "2022-02-18T19:16:29Z",
        "createdDateTime": "2022-02-18T19:16:28Z",
        "expirationDateTime": "2022-02-19T19:16:28Z",
        "status": "running",
        "errors": [],
        "tasks": {
          "completed": 0,
          "failed": 0,
          "inProgress": 1,
          "total": 1
        }
      }
    },
    {
      "RequestUri": "https://endpoint/text/analytics/v3.2-preview.2/analyze/jobs/a6a94fc4-bbc8-4067-a9c7-9281c5da7ea0?$top=20\u0026$skip=0",
      "RequestMethod": "GET",
      "RequestHeaders": {
        "Accept": "application/json, text/json",
        "Accept-Encoding": "gzip, deflate, br",
        "Accept-Language": "en-GB",
        "Authorization": "Sanitized",
        "Connection": "keep-alive",
        "Referer": "http://localhost:9876/",
        "sec-ch-ua": "",
        "sec-ch-ua-mobile": "?0",
        "sec-ch-ua-platform": "",
        "Sec-Fetch-Dest": "empty",
        "Sec-Fetch-Mode": "cors",
        "Sec-Fetch-Site": "same-site",
        "traceparent": "00-00000000000000000000000000000463-0000000000001078-00",
        "User-Agent": "Mozilla/5.0 (Windows NT 10.0; Win64; x64) AppleWebKit/537.36 (KHTML, like Gecko) HeadlessChrome/93.0.4577.0 Safari/537.36",
        "x-ms-client-request-id": "c970a0a0-4239-4e83-95bf-c8be55778ba0",
        "x-ms-useragent": "azsdk-js-ai-text-analytics/5.2.0-beta.3 core-rest-pipeline/1.5.1 OS/Win32"
      },
      "RequestBody": null,
      "StatusCode": 200,
      "ResponseHeaders": {
        "apim-request-id": "877dc094-6cf8-4443-91d2-ede0aa946e76",
        "Content-Type": "application/json; charset=utf-8",
        "Date": "Fri, 18 Feb 2022 19:16:38 GMT",
        "Strict-Transport-Security": "max-age=31536000; includeSubDomains; preload",
        "Transfer-Encoding": "chunked",
        "X-Content-Type-Options": "nosniff",
        "x-envoy-upstream-service-time": "83"
      },
      "ResponseBody": {
        "jobId": "a6a94fc4-bbc8-4067-a9c7-9281c5da7ea0",
        "lastUpdateDateTime": "2022-02-18T19:16:37Z",
        "createdDateTime": "2022-02-18T19:16:28Z",
        "expirationDateTime": "2022-02-19T19:16:28Z",
        "status": "succeeded",
        "errors": [],
        "tasks": {
          "completed": 1,
          "failed": 0,
          "inProgress": 0,
          "total": 1,
          "sentimentAnalysisTasks": [
            {
              "lastUpdateDateTime": "2022-02-18T19:16:37.7944844Z",
              "state": "succeeded",
              "results": {
                "documents": [
                  {
                    "id": "0",
                    "sentiment": "negative",
                    "confidenceScores": {
                      "positive": 0.0,
                      "neutral": 0.0,
                      "negative": 1.0
                    },
                    "sentences": [
                      {
                        "sentiment": "negative",
                        "confidenceScores": {
                          "positive": 0.0,
                          "neutral": 0.0,
                          "negative": 1.0
                        },
                        "offset": 0,
                        "length": 25,
                        "text": "The food was unacceptable",
                        "targets": [
                          {
                            "sentiment": "negative",
                            "confidenceScores": {
                              "positive": 0.0,
                              "negative": 1.0
                            },
                            "offset": 4,
                            "length": 4,
                            "text": "food",
                            "relations": [
                              {
                                "relationType": "assessment",
                                "ref": "#/documents/0/sentences/0/assessments/0"
                              }
                            ]
                          }
                        ],
                        "assessments": [
                          {
                            "sentiment": "negative",
                            "confidenceScores": {
                              "positive": 0.0,
                              "negative": 1.0
                            },
                            "offset": 13,
                            "length": 12,
                            "text": "unacceptable",
                            "isNegated": false
                          }
                        ]
                      }
                    ],
                    "warnings": []
                  },
                  {
                    "id": "1",
                    "sentiment": "positive",
                    "confidenceScores": {
                      "positive": 1.0,
                      "neutral": 0.0,
                      "negative": 0.0
                    },
                    "sentences": [
                      {
                        "sentiment": "positive",
                        "confidenceScores": {
                          "positive": 1.0,
                          "neutral": 0.0,
                          "negative": 0.0
                        },
                        "offset": 0,
                        "length": 25,
                        "text": "The rooms were beautiful.",
                        "targets": [
                          {
                            "sentiment": "positive",
                            "confidenceScores": {
                              "positive": 1.0,
                              "negative": 0.0
                            },
                            "offset": 4,
                            "length": 5,
                            "text": "rooms",
                            "relations": [
                              {
                                "relationType": "assessment",
                                "ref": "#/documents/1/sentences/0/assessments/0"
                              }
                            ]
                          }
                        ],
                        "assessments": [
                          {
                            "sentiment": "positive",
                            "confidenceScores": {
                              "positive": 1.0,
                              "negative": 0.0
                            },
                            "offset": 15,
                            "length": 9,
                            "text": "beautiful",
                            "isNegated": false
                          }
                        ]
                      },
                      {
                        "sentiment": "positive",
                        "confidenceScores": {
                          "positive": 1.0,
                          "neutral": 0.0,
                          "negative": 0.0
                        },
                        "offset": 26,
                        "length": 26,
                        "text": "The AC was good and quiet.",
                        "targets": [
                          {
                            "sentiment": "positive",
                            "confidenceScores": {
                              "positive": 1.0,
                              "negative": 0.0
                            },
                            "offset": 30,
                            "length": 2,
                            "text": "AC",
                            "relations": [
                              {
                                "relationType": "assessment",
                                "ref": "#/documents/1/sentences/1/assessments/0"
                              },
                              {
                                "relationType": "assessment",
                                "ref": "#/documents/1/sentences/1/assessments/1"
                              }
                            ]
                          }
                        ],
                        "assessments": [
                          {
                            "sentiment": "positive",
                            "confidenceScores": {
                              "positive": 1.0,
                              "negative": 0.0
                            },
                            "offset": 37,
                            "length": 4,
                            "text": "good",
                            "isNegated": false
                          },
                          {
                            "sentiment": "positive",
                            "confidenceScores": {
                              "positive": 1.0,
                              "negative": 0.0
                            },
                            "offset": 46,
                            "length": 5,
                            "text": "quiet",
                            "isNegated": false
                          }
                        ]
                      }
                    ],
                    "warnings": []
                  },
                  {
                    "id": "2",
                    "sentiment": "negative",
                    "confidenceScores": {
                      "positive": 0.01,
                      "neutral": 0.0,
                      "negative": 0.99
                    },
                    "sentences": [
                      {
                        "sentiment": "negative",
                        "confidenceScores": {
                          "positive": 0.01,
                          "neutral": 0.0,
                          "negative": 0.99
                        },
                        "offset": 0,
                        "length": 50,
                        "text": "The breakfast was good, but the toilet was smelly.",
                        "targets": [
                          {
                            "sentiment": "positive",
                            "confidenceScores": {
                              "positive": 1.0,
                              "negative": 0.0
                            },
                            "offset": 4,
                            "length": 9,
                            "text": "breakfast",
                            "relations": [
                              {
                                "relationType": "assessment",
                                "ref": "#/documents/2/sentences/0/assessments/0"
                              }
                            ]
                          },
                          {
                            "sentiment": "negative",
                            "confidenceScores": {
                              "positive": 0.0,
                              "negative": 1.0
                            },
                            "offset": 32,
                            "length": 6,
                            "text": "toilet",
                            "relations": [
                              {
                                "relationType": "assessment",
                                "ref": "#/documents/2/sentences/0/assessments/1"
                              }
                            ]
                          }
                        ],
                        "assessments": [
                          {
                            "sentiment": "positive",
                            "confidenceScores": {
                              "positive": 1.0,
                              "negative": 0.0
                            },
                            "offset": 18,
                            "length": 4,
                            "text": "good",
                            "isNegated": false
                          },
                          {
                            "sentiment": "negative",
                            "confidenceScores": {
                              "positive": 0.0,
                              "negative": 1.0
                            },
                            "offset": 43,
                            "length": 6,
                            "text": "smelly",
                            "isNegated": false
                          }
                        ]
                      }
                    ],
                    "warnings": []
                  },
                  {
                    "id": "3",
                    "sentiment": "positive",
                    "confidenceScores": {
                      "positive": 1.0,
                      "neutral": 0.0,
                      "negative": 0.0
                    },
                    "sentences": [
                      {
                        "sentiment": "positive",
                        "confidenceScores": {
                          "positive": 1.0,
                          "neutral": 0.0,
                          "negative": 0.0
                        },
                        "offset": 0,
                        "length": 71,
                        "text": "Loved this hotel - good breakfast - nice shuttle service - clean rooms.",
                        "targets": [
                          {
                            "sentiment": "positive",
                            "confidenceScores": {
                              "positive": 1.0,
                              "negative": 0.0
                            },
                            "offset": 11,
                            "length": 5,
                            "text": "hotel",
                            "relations": [
                              {
                                "relationType": "assessment",
                                "ref": "#/documents/3/sentences/0/assessments/0"
                              }
                            ]
                          },
                          {
                            "sentiment": "positive",
                            "confidenceScores": {
                              "positive": 1.0,
                              "negative": 0.0
                            },
                            "offset": 24,
                            "length": 9,
                            "text": "breakfast",
                            "relations": [
                              {
                                "relationType": "assessment",
                                "ref": "#/documents/3/sentences/0/assessments/1"
                              }
                            ]
                          },
                          {
                            "sentiment": "positive",
                            "confidenceScores": {
                              "positive": 1.0,
                              "negative": 0.0
                            },
                            "offset": 41,
                            "length": 15,
                            "text": "shuttle service",
                            "relations": [
                              {
                                "relationType": "assessment",
                                "ref": "#/documents/3/sentences/0/assessments/2"
                              }
                            ]
                          },
                          {
                            "sentiment": "positive",
                            "confidenceScores": {
                              "positive": 1.0,
                              "negative": 0.0
                            },
                            "offset": 65,
                            "length": 5,
                            "text": "rooms",
                            "relations": [
                              {
                                "relationType": "assessment",
                                "ref": "#/documents/3/sentences/0/assessments/0"
                              },
                              {
                                "relationType": "assessment",
                                "ref": "#/documents/3/sentences/0/assessments/1"
                              },
                              {
                                "relationType": "assessment",
                                "ref": "#/documents/3/sentences/0/assessments/3"
                              },
                              {
                                "relationType": "assessment",
                                "ref": "#/documents/3/sentences/0/assessments/2"
                              }
                            ]
                          }
                        ],
                        "assessments": [
                          {
                            "sentiment": "positive",
                            "confidenceScores": {
                              "positive": 1.0,
                              "negative": 0.0
                            },
                            "offset": 19,
                            "length": 4,
                            "text": "good",
                            "isNegated": false
                          },
                          {
                            "sentiment": "positive",
                            "confidenceScores": {
                              "positive": 1.0,
                              "negative": 0.0
                            },
                            "offset": 36,
                            "length": 4,
                            "text": "nice",
                            "isNegated": false
                          },
                          {
                            "sentiment": "positive",
                            "confidenceScores": {
                              "positive": 1.0,
                              "negative": 0.0
                            },
                            "offset": 0,
                            "length": 5,
                            "text": "loved",
                            "isNegated": false
                          },
                          {
                            "sentiment": "positive",
                            "confidenceScores": {
                              "positive": 1.0,
                              "negative": 0.0
                            },
                            "offset": 59,
                            "length": 5,
                            "text": "clean",
                            "isNegated": false
                          }
                        ]
                      }
                    ],
                    "warnings": []
                  },
                  {
                    "id": "4",
                    "sentiment": "positive",
                    "confidenceScores": {
                      "positive": 1.0,
                      "neutral": 0.0,
                      "negative": 0.0
                    },
                    "sentences": [
                      {
                        "sentiment": "positive",
                        "confidenceScores": {
                          "positive": 1.0,
                          "neutral": 0.0,
                          "negative": 0.0
                        },
                        "offset": 0,
                        "length": 56,
                        "text": "I had a great unobstructed view of the Microsoft campus.",
                        "targets": [
                          {
                            "sentiment": "positive",
                            "confidenceScores": {
                              "positive": 0.97,
                              "negative": 0.03
                            },
                            "offset": 27,
                            "length": 4,
                            "text": "view",
                            "relations": [
                              {
                                "relationType": "assessment",
                                "ref": "#/documents/4/sentences/0/assessments/0"
                              },
                              {
                                "relationType": "assessment",
                                "ref": "#/documents/4/sentences/0/assessments/1"
                              }
                            ]
                          }
                        ],
                        "assessments": [
                          {
                            "sentiment": "positive",
                            "confidenceScores": {
                              "positive": 1.0,
                              "negative": 0.0
                            },
                            "offset": 8,
                            "length": 5,
                            "text": "great",
                            "isNegated": false
                          },
                          {
                            "sentiment": "positive",
                            "confidenceScores": {
                              "positive": 0.93,
                              "negative": 0.07
                            },
                            "offset": 14,
                            "length": 12,
                            "text": "unobstructed",
                            "isNegated": false
                          }
                        ]
                      }
                    ],
                    "warnings": []
                  },
                  {
                    "id": "5",
                    "sentiment": "negative",
                    "confidenceScores": {
                      "positive": 0.0,
                      "neutral": 0.0,
                      "negative": 1.0
                    },
                    "sentences": [
                      {
                        "sentiment": "negative",
                        "confidenceScores": {
                          "positive": 0.0,
                          "neutral": 0.0,
                          "negative": 1.0
                        },
                        "offset": 0,
                        "length": 75,
                        "text": "Nice rooms but bathrooms were old and the toilet was dirty when we arrived.",
                        "targets": [
                          {
                            "sentiment": "positive",
                            "confidenceScores": {
                              "positive": 1.0,
                              "negative": 0.0
                            },
                            "offset": 5,
                            "length": 5,
                            "text": "rooms",
                            "relations": [
                              {
                                "relationType": "assessment",
                                "ref": "#/documents/5/sentences/0/assessments/0"
                              }
                            ]
                          },
                          {
                            "sentiment": "negative",
                            "confidenceScores": {
                              "positive": 0.0,
                              "negative": 1.0
                            },
                            "offset": 15,
                            "length": 9,
                            "text": "bathrooms",
                            "relations": [
                              {
                                "relationType": "assessment",
                                "ref": "#/documents/5/sentences/0/assessments/1"
                              }
                            ]
                          },
                          {
                            "sentiment": "negative",
                            "confidenceScores": {
                              "positive": 0.0,
                              "negative": 1.0
                            },
                            "offset": 42,
                            "length": 6,
                            "text": "toilet",
                            "relations": [
                              {
                                "relationType": "assessment",
                                "ref": "#/documents/5/sentences/0/assessments/2"
                              }
                            ]
                          }
                        ],
                        "assessments": [
                          {
                            "sentiment": "positive",
                            "confidenceScores": {
                              "positive": 1.0,
                              "negative": 0.0
                            },
                            "offset": 0,
                            "length": 4,
                            "text": "nice",
                            "isNegated": false
                          },
                          {
                            "sentiment": "negative",
                            "confidenceScores": {
                              "positive": 0.0,
                              "negative": 1.0
                            },
                            "offset": 30,
                            "length": 3,
                            "text": "old",
                            "isNegated": false
                          },
                          {
                            "sentiment": "negative",
                            "confidenceScores": {
                              "positive": 0.0,
                              "negative": 1.0
                            },
                            "offset": 53,
                            "length": 5,
                            "text": "dirty",
                            "isNegated": false
                          }
                        ]
                      }
                    ],
                    "warnings": []
                  },
                  {
                    "id": "6",
                    "sentiment": "neutral",
                    "confidenceScores": {
                      "positive": 0.03,
                      "neutral": 0.63,
                      "negative": 0.34
                    },
                    "sentences": [
                      {
                        "sentiment": "neutral",
                        "confidenceScores": {
                          "positive": 0.03,
                          "neutral": 0.63,
                          "negative": 0.34
                        },
                        "offset": 0,
                        "length": 19,
                        "text": "The toilet smelled.",
                        "targets": [
                          {
                            "sentiment": "negative",
                            "confidenceScores": {
                              "positive": 0.01,
                              "negative": 0.99
                            },
                            "offset": 4,
                            "length": 6,
                            "text": "toilet",
                            "relations": [
                              {
                                "relationType": "assessment",
                                "ref": "#/documents/6/sentences/0/assessments/0"
                              }
                            ]
                          }
                        ],
                        "assessments": [
                          {
                            "sentiment": "negative",
                            "confidenceScores": {
                              "positive": 0.01,
                              "negative": 0.99
                            },
                            "offset": 11,
                            "length": 7,
                            "text": "smelled",
                            "isNegated": false
                          }
                        ]
                      }
                    ],
                    "warnings": []
                  }
                ],
                "errors": [],
                "modelVersion": "2020-04-01"
              }
            }
          ]
        }
      }
    },
    {
      "RequestUri": "https://endpoint/text/analytics/v3.2-preview.2/analyze/jobs/a6a94fc4-bbc8-4067-a9c7-9281c5da7ea0?$top=20\u0026$skip=0",
      "RequestMethod": "GET",
      "RequestHeaders": {
        "Accept": "application/json, text/json",
        "Accept-Encoding": "gzip, deflate, br",
        "Accept-Language": "en-GB",
        "Authorization": "Sanitized",
        "Connection": "keep-alive",
        "Referer": "http://localhost:9876/",
        "sec-ch-ua": "",
        "sec-ch-ua-mobile": "?0",
        "sec-ch-ua-platform": "",
        "Sec-Fetch-Dest": "empty",
        "Sec-Fetch-Mode": "cors",
        "Sec-Fetch-Site": "same-site",
        "traceparent": "00-00000000000000000000000000000464-0000000000001080-00",
        "User-Agent": "Mozilla/5.0 (Windows NT 10.0; Win64; x64) AppleWebKit/537.36 (KHTML, like Gecko) HeadlessChrome/93.0.4577.0 Safari/537.36",
        "x-ms-client-request-id": "98e62e2d-5d36-4f75-b445-1a1acd113365",
        "x-ms-useragent": "azsdk-js-ai-text-analytics/5.2.0-beta.3 core-rest-pipeline/1.5.1 OS/Win32"
      },
      "RequestBody": null,
      "StatusCode": 200,
      "ResponseHeaders": {
        "apim-request-id": "7f73aa56-341f-41ab-a22b-93700f3ce881",
        "Content-Type": "application/json; charset=utf-8",
        "Date": "Fri, 18 Feb 2022 19:16:39 GMT",
        "Strict-Transport-Security": "max-age=31536000; includeSubDomains; preload",
        "Transfer-Encoding": "chunked",
        "X-Content-Type-Options": "nosniff",
        "x-envoy-upstream-service-time": "135"
      },
      "ResponseBody": {
        "jobId": "a6a94fc4-bbc8-4067-a9c7-9281c5da7ea0",
        "lastUpdateDateTime": "2022-02-18T19:16:37Z",
        "createdDateTime": "2022-02-18T19:16:28Z",
        "expirationDateTime": "2022-02-19T19:16:28Z",
        "status": "succeeded",
        "errors": [],
        "tasks": {
          "completed": 1,
          "failed": 0,
          "inProgress": 0,
          "total": 1,
          "sentimentAnalysisTasks": [
            {
              "lastUpdateDateTime": "2022-02-18T19:16:37.7944844Z",
              "state": "succeeded",
              "results": {
                "documents": [
                  {
                    "id": "0",
                    "sentiment": "negative",
                    "confidenceScores": {
                      "positive": 0.0,
                      "neutral": 0.0,
                      "negative": 1.0
                    },
                    "sentences": [
                      {
                        "sentiment": "negative",
                        "confidenceScores": {
                          "positive": 0.0,
                          "neutral": 0.0,
                          "negative": 1.0
                        },
                        "offset": 0,
                        "length": 25,
                        "text": "The food was unacceptable",
                        "targets": [
                          {
                            "sentiment": "negative",
                            "confidenceScores": {
                              "positive": 0.0,
                              "negative": 1.0
                            },
                            "offset": 4,
                            "length": 4,
                            "text": "food",
                            "relations": [
                              {
                                "relationType": "assessment",
                                "ref": "#/documents/0/sentences/0/assessments/0"
                              }
                            ]
                          }
                        ],
                        "assessments": [
                          {
                            "sentiment": "negative",
                            "confidenceScores": {
                              "positive": 0.0,
                              "negative": 1.0
                            },
                            "offset": 13,
                            "length": 12,
                            "text": "unacceptable",
                            "isNegated": false
                          }
                        ]
                      }
                    ],
                    "warnings": []
                  },
                  {
                    "id": "1",
                    "sentiment": "positive",
                    "confidenceScores": {
                      "positive": 1.0,
                      "neutral": 0.0,
                      "negative": 0.0
                    },
                    "sentences": [
                      {
                        "sentiment": "positive",
                        "confidenceScores": {
                          "positive": 1.0,
                          "neutral": 0.0,
                          "negative": 0.0
                        },
                        "offset": 0,
                        "length": 25,
                        "text": "The rooms were beautiful.",
                        "targets": [
                          {
                            "sentiment": "positive",
                            "confidenceScores": {
                              "positive": 1.0,
                              "negative": 0.0
                            },
                            "offset": 4,
                            "length": 5,
                            "text": "rooms",
                            "relations": [
                              {
                                "relationType": "assessment",
                                "ref": "#/documents/1/sentences/0/assessments/0"
                              }
                            ]
                          }
                        ],
                        "assessments": [
                          {
                            "sentiment": "positive",
                            "confidenceScores": {
                              "positive": 1.0,
                              "negative": 0.0
                            },
                            "offset": 15,
                            "length": 9,
                            "text": "beautiful",
                            "isNegated": false
                          }
                        ]
                      },
                      {
                        "sentiment": "positive",
                        "confidenceScores": {
                          "positive": 1.0,
                          "neutral": 0.0,
                          "negative": 0.0
                        },
                        "offset": 26,
                        "length": 26,
                        "text": "The AC was good and quiet.",
                        "targets": [
                          {
                            "sentiment": "positive",
                            "confidenceScores": {
                              "positive": 1.0,
                              "negative": 0.0
                            },
                            "offset": 30,
                            "length": 2,
                            "text": "AC",
                            "relations": [
                              {
                                "relationType": "assessment",
                                "ref": "#/documents/1/sentences/1/assessments/0"
                              },
                              {
                                "relationType": "assessment",
                                "ref": "#/documents/1/sentences/1/assessments/1"
                              }
                            ]
                          }
                        ],
                        "assessments": [
                          {
                            "sentiment": "positive",
                            "confidenceScores": {
                              "positive": 1.0,
                              "negative": 0.0
                            },
                            "offset": 37,
                            "length": 4,
                            "text": "good",
                            "isNegated": false
                          },
                          {
                            "sentiment": "positive",
                            "confidenceScores": {
                              "positive": 1.0,
                              "negative": 0.0
                            },
                            "offset": 46,
                            "length": 5,
                            "text": "quiet",
                            "isNegated": false
                          }
                        ]
                      }
                    ],
                    "warnings": []
                  },
                  {
                    "id": "2",
                    "sentiment": "negative",
                    "confidenceScores": {
                      "positive": 0.01,
                      "neutral": 0.0,
                      "negative": 0.99
                    },
                    "sentences": [
                      {
                        "sentiment": "negative",
                        "confidenceScores": {
                          "positive": 0.01,
                          "neutral": 0.0,
                          "negative": 0.99
                        },
                        "offset": 0,
                        "length": 50,
                        "text": "The breakfast was good, but the toilet was smelly.",
                        "targets": [
                          {
                            "sentiment": "positive",
                            "confidenceScores": {
                              "positive": 1.0,
                              "negative": 0.0
                            },
                            "offset": 4,
                            "length": 9,
                            "text": "breakfast",
                            "relations": [
                              {
                                "relationType": "assessment",
                                "ref": "#/documents/2/sentences/0/assessments/0"
                              }
                            ]
                          },
                          {
                            "sentiment": "negative",
                            "confidenceScores": {
                              "positive": 0.0,
                              "negative": 1.0
                            },
                            "offset": 32,
                            "length": 6,
                            "text": "toilet",
                            "relations": [
                              {
                                "relationType": "assessment",
                                "ref": "#/documents/2/sentences/0/assessments/1"
                              }
                            ]
                          }
                        ],
                        "assessments": [
                          {
                            "sentiment": "positive",
                            "confidenceScores": {
                              "positive": 1.0,
                              "negative": 0.0
                            },
                            "offset": 18,
                            "length": 4,
                            "text": "good",
                            "isNegated": false
                          },
                          {
                            "sentiment": "negative",
                            "confidenceScores": {
                              "positive": 0.0,
                              "negative": 1.0
                            },
                            "offset": 43,
                            "length": 6,
                            "text": "smelly",
                            "isNegated": false
                          }
                        ]
                      }
                    ],
                    "warnings": []
                  },
                  {
                    "id": "3",
                    "sentiment": "positive",
                    "confidenceScores": {
                      "positive": 1.0,
                      "neutral": 0.0,
                      "negative": 0.0
                    },
                    "sentences": [
                      {
                        "sentiment": "positive",
                        "confidenceScores": {
                          "positive": 1.0,
                          "neutral": 0.0,
                          "negative": 0.0
                        },
                        "offset": 0,
                        "length": 71,
                        "text": "Loved this hotel - good breakfast - nice shuttle service - clean rooms.",
                        "targets": [
                          {
                            "sentiment": "positive",
                            "confidenceScores": {
                              "positive": 1.0,
                              "negative": 0.0
                            },
                            "offset": 11,
                            "length": 5,
                            "text": "hotel",
                            "relations": [
                              {
                                "relationType": "assessment",
                                "ref": "#/documents/3/sentences/0/assessments/0"
                              }
                            ]
                          },
                          {
                            "sentiment": "positive",
                            "confidenceScores": {
                              "positive": 1.0,
                              "negative": 0.0
                            },
                            "offset": 24,
                            "length": 9,
                            "text": "breakfast",
                            "relations": [
                              {
                                "relationType": "assessment",
                                "ref": "#/documents/3/sentences/0/assessments/1"
                              }
                            ]
                          },
                          {
                            "sentiment": "positive",
                            "confidenceScores": {
                              "positive": 1.0,
                              "negative": 0.0
                            },
                            "offset": 41,
                            "length": 15,
                            "text": "shuttle service",
                            "relations": [
                              {
                                "relationType": "assessment",
                                "ref": "#/documents/3/sentences/0/assessments/2"
                              }
                            ]
                          },
                          {
                            "sentiment": "positive",
                            "confidenceScores": {
                              "positive": 1.0,
                              "negative": 0.0
                            },
                            "offset": 65,
                            "length": 5,
                            "text": "rooms",
                            "relations": [
                              {
                                "relationType": "assessment",
                                "ref": "#/documents/3/sentences/0/assessments/0"
                              },
                              {
                                "relationType": "assessment",
                                "ref": "#/documents/3/sentences/0/assessments/1"
                              },
                              {
                                "relationType": "assessment",
                                "ref": "#/documents/3/sentences/0/assessments/3"
                              },
                              {
                                "relationType": "assessment",
                                "ref": "#/documents/3/sentences/0/assessments/2"
                              }
                            ]
                          }
                        ],
                        "assessments": [
                          {
                            "sentiment": "positive",
                            "confidenceScores": {
                              "positive": 1.0,
                              "negative": 0.0
                            },
                            "offset": 19,
                            "length": 4,
                            "text": "good",
                            "isNegated": false
                          },
                          {
                            "sentiment": "positive",
                            "confidenceScores": {
                              "positive": 1.0,
                              "negative": 0.0
                            },
                            "offset": 36,
                            "length": 4,
                            "text": "nice",
                            "isNegated": false
                          },
                          {
                            "sentiment": "positive",
                            "confidenceScores": {
                              "positive": 1.0,
                              "negative": 0.0
                            },
                            "offset": 0,
                            "length": 5,
                            "text": "loved",
                            "isNegated": false
                          },
                          {
                            "sentiment": "positive",
                            "confidenceScores": {
                              "positive": 1.0,
                              "negative": 0.0
                            },
                            "offset": 59,
                            "length": 5,
                            "text": "clean",
                            "isNegated": false
                          }
                        ]
                      }
                    ],
                    "warnings": []
                  },
                  {
                    "id": "4",
                    "sentiment": "positive",
                    "confidenceScores": {
                      "positive": 1.0,
                      "neutral": 0.0,
                      "negative": 0.0
                    },
                    "sentences": [
                      {
                        "sentiment": "positive",
                        "confidenceScores": {
                          "positive": 1.0,
                          "neutral": 0.0,
                          "negative": 0.0
                        },
                        "offset": 0,
                        "length": 56,
                        "text": "I had a great unobstructed view of the Microsoft campus.",
                        "targets": [
                          {
                            "sentiment": "positive",
                            "confidenceScores": {
                              "positive": 0.97,
                              "negative": 0.03
                            },
                            "offset": 27,
                            "length": 4,
                            "text": "view",
                            "relations": [
                              {
                                "relationType": "assessment",
                                "ref": "#/documents/4/sentences/0/assessments/0"
                              },
                              {
                                "relationType": "assessment",
                                "ref": "#/documents/4/sentences/0/assessments/1"
                              }
                            ]
                          }
                        ],
                        "assessments": [
                          {
                            "sentiment": "positive",
                            "confidenceScores": {
                              "positive": 1.0,
                              "negative": 0.0
                            },
                            "offset": 8,
                            "length": 5,
                            "text": "great",
                            "isNegated": false
                          },
                          {
                            "sentiment": "positive",
                            "confidenceScores": {
                              "positive": 0.93,
                              "negative": 0.07
                            },
                            "offset": 14,
                            "length": 12,
                            "text": "unobstructed",
                            "isNegated": false
                          }
                        ]
                      }
                    ],
                    "warnings": []
                  },
                  {
                    "id": "5",
                    "sentiment": "negative",
                    "confidenceScores": {
                      "positive": 0.0,
                      "neutral": 0.0,
                      "negative": 1.0
                    },
                    "sentences": [
                      {
                        "sentiment": "negative",
                        "confidenceScores": {
                          "positive": 0.0,
                          "neutral": 0.0,
                          "negative": 1.0
                        },
                        "offset": 0,
                        "length": 75,
                        "text": "Nice rooms but bathrooms were old and the toilet was dirty when we arrived.",
                        "targets": [
                          {
                            "sentiment": "positive",
                            "confidenceScores": {
                              "positive": 1.0,
                              "negative": 0.0
                            },
                            "offset": 5,
                            "length": 5,
                            "text": "rooms",
                            "relations": [
                              {
                                "relationType": "assessment",
                                "ref": "#/documents/5/sentences/0/assessments/0"
                              }
                            ]
                          },
                          {
                            "sentiment": "negative",
                            "confidenceScores": {
                              "positive": 0.0,
                              "negative": 1.0
                            },
                            "offset": 15,
                            "length": 9,
                            "text": "bathrooms",
                            "relations": [
                              {
                                "relationType": "assessment",
                                "ref": "#/documents/5/sentences/0/assessments/1"
                              }
                            ]
                          },
                          {
                            "sentiment": "negative",
                            "confidenceScores": {
                              "positive": 0.0,
                              "negative": 1.0
                            },
                            "offset": 42,
                            "length": 6,
                            "text": "toilet",
                            "relations": [
                              {
                                "relationType": "assessment",
                                "ref": "#/documents/5/sentences/0/assessments/2"
                              }
                            ]
                          }
                        ],
                        "assessments": [
                          {
                            "sentiment": "positive",
                            "confidenceScores": {
                              "positive": 1.0,
                              "negative": 0.0
                            },
                            "offset": 0,
                            "length": 4,
                            "text": "nice",
                            "isNegated": false
                          },
                          {
                            "sentiment": "negative",
                            "confidenceScores": {
                              "positive": 0.0,
                              "negative": 1.0
                            },
                            "offset": 30,
                            "length": 3,
                            "text": "old",
                            "isNegated": false
                          },
                          {
                            "sentiment": "negative",
                            "confidenceScores": {
                              "positive": 0.0,
                              "negative": 1.0
                            },
                            "offset": 53,
                            "length": 5,
                            "text": "dirty",
                            "isNegated": false
                          }
                        ]
                      }
                    ],
                    "warnings": []
                  },
                  {
                    "id": "6",
                    "sentiment": "neutral",
                    "confidenceScores": {
                      "positive": 0.03,
                      "neutral": 0.63,
                      "negative": 0.34
                    },
                    "sentences": [
                      {
                        "sentiment": "neutral",
                        "confidenceScores": {
                          "positive": 0.03,
                          "neutral": 0.63,
                          "negative": 0.34
                        },
                        "offset": 0,
                        "length": 19,
                        "text": "The toilet smelled.",
                        "targets": [
                          {
                            "sentiment": "negative",
                            "confidenceScores": {
                              "positive": 0.01,
                              "negative": 0.99
                            },
                            "offset": 4,
                            "length": 6,
                            "text": "toilet",
                            "relations": [
                              {
                                "relationType": "assessment",
                                "ref": "#/documents/6/sentences/0/assessments/0"
                              }
                            ]
                          }
                        ],
                        "assessments": [
                          {
                            "sentiment": "negative",
                            "confidenceScores": {
                              "positive": 0.01,
                              "negative": 0.99
                            },
                            "offset": 11,
                            "length": 7,
                            "text": "smelled",
                            "isNegated": false
                          }
                        ]
                      }
                    ],
                    "warnings": []
                  }
                ],
                "errors": [],
                "modelVersion": "2020-04-01"
              }
            }
          ]
        }
      }
    }
  ],
  "Variables": {}
}
