{
  "Entries": [
    {
      "RequestUri": "https://endpoint/text/analytics/v3.2-preview.2/entities/health/jobs?stringIndexType=Utf16CodeUnit",
      "RequestMethod": "POST",
      "RequestHeaders": {
        "Accept": "application/json, text/json",
        "Accept-Encoding": "gzip,deflate",
        "Authorization": "Sanitized",
        "Connection": "keep-alive",
        "Content-Length": "131",
        "Content-Type": "application/json",
        "User-Agent": "azsdk-js-ai-text-analytics/5.2.0-beta.3 core-rest-pipeline/1.8.2 Node/v16.13.2 OS/(x64-Linux-5.10.102.1-microsoft-standard-WSL2)",
        "x-ms-client-request-id": "d967dd1c-52cb-4772-a3ce-fa051ce1798c"
      },
      "RequestBody": {
        "documents": [
          {
            "id": "56",
            "text": ":)"
          },
          {
            "id": "0",
            "text": ":("
          },
          {
            "id": "22",
            "text": ""
          },
          {
            "id": "19",
            "text": ":P"
          },
          {
            "id": "1",
            "text": ":D"
          }
        ]
      },
      "StatusCode": 202,
      "ResponseHeaders": {
        "apim-request-id": "bbe2fdb3-abc4-4746-8223-9cbfd8a8fe3d",
        "Date": "Tue, 10 May 2022 00:12:44 GMT",
        "operation-location": "https://endpoint/text/analytics/v3.2-preview.2/entities/health/jobs/98890a39-8c82-4a1d-9beb-95e7a8f2ae1d",
        "Strict-Transport-Security": "max-age=31536000; includeSubDomains; preload",
        "Transfer-Encoding": "chunked",
        "X-Content-Type-Options": "nosniff",
        "x-envoy-upstream-service-time": "228"
      },
      "ResponseBody": null
    },
    {
      "RequestUri": "https://endpoint/text/analytics/v3.2-preview.2/entities/health/jobs/98890a39-8c82-4a1d-9beb-95e7a8f2ae1d?$top=20\u0026$skip=0",
      "RequestMethod": "GET",
      "RequestHeaders": {
        "Accept": "application/json, text/json",
        "Accept-Encoding": "gzip,deflate",
        "Authorization": "Sanitized",
        "Connection": "keep-alive",
        "User-Agent": "azsdk-js-ai-text-analytics/5.2.0-beta.3 core-rest-pipeline/1.8.2 Node/v16.13.2 OS/(x64-Linux-5.10.102.1-microsoft-standard-WSL2)",
        "x-ms-client-request-id": "ccd61f99-4cb2-46b3-b728-6d7db24af14b"
      },
      "RequestBody": null,
      "StatusCode": 200,
      "ResponseHeaders": {
        "apim-request-id": "7a425fb6-6201-457c-b282-80ee59fd875b",
        "Content-Type": "application/json; charset=utf-8",
        "Date": "Tue, 10 May 2022 00:12:44 GMT",
        "Strict-Transport-Security": "max-age=31536000; includeSubDomains; preload",
        "Transfer-Encoding": "chunked",
        "X-Content-Type-Options": "nosniff",
        "x-envoy-upstream-service-time": "11"
      },
      "ResponseBody": {
        "jobId": "98890a39-8c82-4a1d-9beb-95e7a8f2ae1d",
        "lastUpdateDateTime": "2022-05-10T00:12:45Z",
        "createdDateTime": "2022-05-10T00:12:45Z",
        "expirationDateTime": "2022-05-11T00:12:45Z",
        "status": "notStarted",
        "errors": []
      }
    },
    {
      "RequestUri": "https://endpoint/text/analytics/v3.2-preview.2/entities/health/jobs/98890a39-8c82-4a1d-9beb-95e7a8f2ae1d?$top=20\u0026$skip=0",
      "RequestMethod": "GET",
      "RequestHeaders": {
        "Accept": "application/json, text/json",
        "Accept-Encoding": "gzip,deflate",
        "Authorization": "Sanitized",
        "Connection": "keep-alive",
        "User-Agent": "azsdk-js-ai-text-analytics/5.2.0-beta.3 core-rest-pipeline/1.8.2 Node/v16.13.2 OS/(x64-Linux-5.10.102.1-microsoft-standard-WSL2)",
        "x-ms-client-request-id": "998bbb50-cd87-4906-a160-624fc759bf72"
      },
      "RequestBody": null,
      "StatusCode": 200,
      "ResponseHeaders": {
        "apim-request-id": "fac1a353-ead4-4345-858a-4b529268661c",
        "Content-Type": "application/json; charset=utf-8",
        "Date": "Tue, 10 May 2022 00:12:44 GMT",
        "Strict-Transport-Security": "max-age=31536000; includeSubDomains; preload",
        "Transfer-Encoding": "chunked",
        "X-Content-Type-Options": "nosniff",
        "x-envoy-upstream-service-time": "9"
      },
      "ResponseBody": {
        "jobId": "98890a39-8c82-4a1d-9beb-95e7a8f2ae1d",
        "lastUpdateDateTime": "2022-05-10T00:12:45Z",
        "createdDateTime": "2022-05-10T00:12:45Z",
        "expirationDateTime": "2022-05-11T00:12:45Z",
        "status": "notStarted",
        "errors": []
      }
    },
    {
      "RequestUri": "https://endpoint/text/analytics/v3.2-preview.2/entities/health/jobs/98890a39-8c82-4a1d-9beb-95e7a8f2ae1d?$top=20\u0026$skip=0",
      "RequestMethod": "GET",
      "RequestHeaders": {
        "Accept": "application/json, text/json",
        "Accept-Encoding": "gzip,deflate",
        "Authorization": "Sanitized",
        "Connection": "keep-alive",
        "User-Agent": "azsdk-js-ai-text-analytics/5.2.0-beta.3 core-rest-pipeline/1.8.2 Node/v16.13.2 OS/(x64-Linux-5.10.102.1-microsoft-standard-WSL2)",
        "x-ms-client-request-id": "c917fbd9-1b55-4527-85d4-c86e0ee72edf"
      },
      "RequestBody": null,
      "StatusCode": 200,
      "ResponseHeaders": {
        "apim-request-id": "4f9b5c80-d085-40dc-9c64-7056259bbfc7",
        "Content-Type": "application/json; charset=utf-8",
        "Date": "Tue, 10 May 2022 00:12:47 GMT",
        "Strict-Transport-Security": "max-age=31536000; includeSubDomains; preload",
        "Transfer-Encoding": "chunked",
        "X-Content-Type-Options": "nosniff",
        "x-envoy-upstream-service-time": "67"
      },
      "ResponseBody": {
        "jobId": "98890a39-8c82-4a1d-9beb-95e7a8f2ae1d",
        "lastUpdateDateTime": "2022-05-10T00:12:45Z",
        "createdDateTime": "2022-05-10T00:12:45Z",
        "expirationDateTime": "2022-05-11T00:12:45Z",
        "status": "succeeded",
        "errors": [],
        "results": {
          "documents": [
            {
              "id": "56",
              "entities": [],
              "relations": [],
              "warnings": []
            },
            {
              "id": "0",
              "entities": [],
              "relations": [],
              "warnings": []
            },
            {
              "id": "19",
              "entities": [],
              "relations": [],
              "warnings": []
            },
            {
              "id": "1",
              "entities": [],
              "relations": [],
              "warnings": []
            }
          ],
          "errors": [
            {
              "id": "22",
              "error": {
                "code": "InvalidArgument",
                "message": "Invalid Document in request.",
                "innererror": {
                  "code": "InvalidDocument",
                  "message": "Document text is empty."
                }
              }
            }
          ],
          "modelVersion": "2022-03-01"
        }
      }
    },
    {
      "RequestUri": "https://endpoint/text/analytics/v3.2-preview.2/entities/health/jobs/98890a39-8c82-4a1d-9beb-95e7a8f2ae1d?$top=20\u0026$skip=0",
      "RequestMethod": "GET",
      "RequestHeaders": {
        "Accept": "application/json, text/json",
        "Accept-Encoding": "gzip,deflate",
        "Authorization": "Sanitized",
        "Connection": "keep-alive",
        "User-Agent": "azsdk-js-ai-text-analytics/5.2.0-beta.3 core-rest-pipeline/1.8.2 Node/v16.13.2 OS/(x64-Linux-5.10.102.1-microsoft-standard-WSL2)",
        "x-ms-client-request-id": "c0e944dd-8068-4697-9f2b-7c7b6b265e39"
      },
      "RequestBody": null,
      "StatusCode": 200,
      "ResponseHeaders": {
        "apim-request-id": "1b26a494-38c1-4123-ba89-dff6bb31dcb2",
        "Content-Type": "application/json; charset=utf-8",
        "Date": "Tue, 10 May 2022 00:12:47 GMT",
        "Strict-Transport-Security": "max-age=31536000; includeSubDomains; preload",
        "Transfer-Encoding": "chunked",
        "X-Content-Type-Options": "nosniff",
        "x-envoy-upstream-service-time": "67"
      },
      "ResponseBody": {
        "jobId": "98890a39-8c82-4a1d-9beb-95e7a8f2ae1d",
        "lastUpdateDateTime": "2022-05-10T00:12:45Z",
        "createdDateTime": "2022-05-10T00:12:45Z",
        "expirationDateTime": "2022-05-11T00:12:45Z",
        "status": "succeeded",
        "errors": [],
        "results": {
          "documents": [
            {
              "id": "56",
              "entities": [],
              "relations": [],
              "warnings": []
            },
            {
              "id": "0",
              "entities": [],
              "relations": [],
              "warnings": []
            },
            {
              "id": "19",
              "entities": [],
              "relations": [],
              "warnings": []
            },
            {
              "id": "1",
              "entities": [],
              "relations": [],
              "warnings": []
            }
          ],
          "errors": [
            {
              "id": "22",
              "error": {
                "code": "InvalidArgument",
                "message": "Invalid Document in request.",
                "innererror": {
                  "code": "InvalidDocument",
                  "message": "Document text is empty."
                }
              }
            }
          ],
          "modelVersion": "2022-03-01"
        }
      }
    }
  ],
  "Variables": {}
}
