{
  "Entries": [
    {
      "RequestUri": "https://myregistry.azurecr.io/v2/oci-artifact/blobs/uploads/",
      "RequestMethod": "POST",
      "RequestHeaders": {
        "Accept": "application/json",
        "Accept-Encoding": "gzip,deflate",
        "Connection": "keep-alive",
        "Content-Length": "0",
        "User-Agent": "azsdk-js-container-registry/1.0.1 core-rest-pipeline/1.5.1 Node/v16.13.0 OS/(x64-Linux-5.10.60.1-microsoft-standard-WSL2)",
        "x-ms-client-request-id": "7cc37c5c-e9c1-4f8d-b845-5f5e43ea2572"
      },
      "RequestBody": null,
      "StatusCode": 401,
      "ResponseHeaders": {
        "Access-Control-Expose-Headers": [
          "Docker-Content-Digest",
          "WWW-Authenticate",
          "Link",
          "X-Ms-Correlation-Request-Id"
        ],
        "Connection": "keep-alive",
        "Content-Length": "266",
        "Content-Type": "application/json; charset=utf-8",
        "Date": "Wed, 23 Mar 2022 23:06:31 GMT",
        "Docker-Distribution-Api-Version": "registry/2.0",
        "Server": "openresty",
        "Strict-Transport-Security": [
          "max-age=31536000; includeSubDomains",
          "max-age=31536000; includeSubDomains"
        ],
        "WWW-Authenticate": "Bearer realm=\u0022https://myregistry.azurecr.io/oauth2/token\u0022,service=\u0022myregistry.azurecr.io\u0022,scope=\u0022repository:oci-artifact:pull,push\u0022",
        "X-Content-Type-Options": "nosniff",
        "X-Ms-Correlation-Request-Id": "eca1f8a3-844a-4fe0-a334-4c027e13de8c"
      },
      "ResponseBody": {
        "errors": [
          {
            "code": "UNAUTHORIZED",
            "message": "authentication required, visit https://aka.ms/acr/authorization for more information.",
            "detail": [
              {
                "Type": "repository",
                "Name": "oci-artifact",
                "Action": "pull"
              },
              {
                "Type": "repository",
                "Name": "oci-artifact",
                "Action": "push"
              }
            ]
          }
        ]
      }
    },
    {
      "RequestUri": "https://myregistry.azurecr.io/oauth2/exchange?api-version=2021-07-01",
      "RequestMethod": "POST",
      "RequestHeaders": {
        "Accept": "application/json",
        "Accept-Encoding": "gzip,deflate",
        "Connection": "keep-alive",
        "Content-Length": "84",
        "Content-Type": "application/x-www-form-urlencoded",
        "User-Agent": "azsdk-js-container-registry/1.0.1 core-rest-pipeline/1.5.1 Node/v16.13.0 OS/(x64-Linux-5.10.60.1-microsoft-standard-WSL2)",
        "x-ms-client-request-id": "b68ec81e-11d4-4574-963b-f8bddbcaa2b8"
      },
      "RequestBody": "grant_type=access_token\u0026service=myregistry.azurecr.io\u0026access_token=SecretPlaceholder",
      "StatusCode": 200,
      "ResponseHeaders": {
        "Connection": "keep-alive",
        "Content-Type": "application/json; charset=utf-8",
        "Date": "Wed, 23 Mar 2022 23:06:32 GMT",
        "Server": "openresty",
        "Strict-Transport-Security": "max-age=31536000; includeSubDomains",
        "Transfer-Encoding": "chunked",
        "X-Ms-Correlation-Request-Id": "a9d3e736-2acb-42fb-afcf-5b16dc5f8e96"
      },
      "ResponseBody": {
        "refresh_token": "sanitized.eyJleHAiOjg2NDAwMDAwMDAwMDB9.sanitized"
      }
    },
    {
      "RequestUri": "https://myregistry.azurecr.io/oauth2/token?api-version=2021-07-01",
      "RequestMethod": "POST",
      "RequestHeaders": {
        "Accept": "application/json",
        "Accept-Encoding": "gzip,deflate",
        "Connection": "keep-alive",
        "Content-Length": "163",
        "Content-Type": "application/x-www-form-urlencoded",
        "User-Agent": "azsdk-js-container-registry/1.0.1 core-rest-pipeline/1.5.1 Node/v16.13.0 OS/(x64-Linux-5.10.60.1-microsoft-standard-WSL2)",
        "x-ms-client-request-id": "7c454128-f1c5-4d76-90aa-910d1794486a"
      },
      "RequestBody": "service=myregistry.azurecr.io\u0026scope=repository%3Aoci-artifact%3Apull%2Cpush\u0026refresh_token=sanitized.eyJleHAiOjg2NDAwMDAwMDAwMDB9.sanitized\u0026grant_type=refresh_token",
      "StatusCode": 200,
      "ResponseHeaders": {
        "Connection": "keep-alive",
        "Content-Type": "application/json; charset=utf-8",
        "Date": "Wed, 23 Mar 2022 23:06:32 GMT",
        "Server": "openresty",
        "Strict-Transport-Security": "max-age=31536000; includeSubDomains",
        "Transfer-Encoding": "chunked",
        "X-Ms-Correlation-Request-Id": "630532d8-1760-4ddf-ba6b-7e4d841545dc"
      },
      "ResponseBody": {
        "access_token": "Sanitized"
      }
    },
    {
      "RequestUri": "https://myregistry.azurecr.io/v2/oci-artifact/blobs/uploads/",
      "RequestMethod": "POST",
      "RequestHeaders": {
        "Accept": "application/json",
        "Accept-Encoding": "gzip,deflate",
        "Authorization": "Sanitized",
        "Connection": "keep-alive",
        "Content-Length": "0",
        "User-Agent": "azsdk-js-container-registry/1.0.1 core-rest-pipeline/1.5.1 Node/v16.13.0 OS/(x64-Linux-5.10.60.1-microsoft-standard-WSL2)",
        "x-ms-client-request-id": "7cc37c5c-e9c1-4f8d-b845-5f5e43ea2572"
      },
      "RequestBody": null,
      "StatusCode": 202,
      "ResponseHeaders": {
        "Access-Control-Expose-Headers": [
          "Docker-Content-Digest",
          "WWW-Authenticate",
          "Link",
          "X-Ms-Correlation-Request-Id"
        ],
        "Connection": "keep-alive",
        "Content-Length": "0",
        "Date": "Wed, 23 Mar 2022 23:06:32 GMT",
        "Docker-Distribution-Api-Version": "registry/2.0",
        "Docker-Upload-Uuid": "013d4303-5479-45e3-aad8-d3fdddf24d03",
        "Location": "/v2/oci-artifact/blobs/uploads/013d4303-5479-45e3-aad8-d3fdddf24d03?_nouploadcache=false\u0026_state=IrjEnaxvLVpqsTf4O7rq6yirZRXTAR_XTvZFp4ZgqBt7Ik5hbWUiOiJvY2ktYXJ0aWZhY3QiLCJVVUlEIjoiMDEzZDQzMDMtNTQ3OS00NWUzLWFhZDgtZDNmZGRkZjI0ZDAzIiwiT2Zmc2V0IjowLCJTdGFydGVkQXQiOiIyMDIyLTAzLTIzVDIzOjA2OjMyLjkzMDIwOTU1NFoifQ%3D%3D",
        "Range": "0-0",
        "Server": "openresty",
        "Strict-Transport-Security": [
          "max-age=31536000; includeSubDomains",
          "max-age=31536000; includeSubDomains"
        ],
        "X-Content-Type-Options": "nosniff",
        "X-Ms-Client-Request-Id": "7cc37c5c-e9c1-4f8d-b845-5f5e43ea2572",
        "X-Ms-Correlation-Request-Id": "ff9c1d0f-3bfd-4ffd-8a01-eba317332a75",
        "X-Ms-Request-Id": "1fa87856-5323-44a1-855d-2f9274166899"
      },
      "ResponseBody": null
    },
    {
      "RequestUri": "https://myregistry.azurecr.io/v2/oci-artifact/blobs/uploads/013d4303-5479-45e3-aad8-d3fdddf24d03?_nouploadcache=false\u0026_state=IrjEnaxvLVpqsTf4O7rq6yirZRXTAR_XTvZFp4ZgqBt7Ik5hbWUiOiJvY2ktYXJ0aWZhY3QiLCJVVUlEIjoiMDEzZDQzMDMtNTQ3OS00NWUzLWFhZDgtZDNmZGRkZjI0ZDAzIiwiT2Zmc2V0IjowLCJTdGFydGVkQXQiOiIyMDIyLTAzLTIzVDIzOjA2OjMyLjkzMDIwOTU1NFoifQ%3D%3D",
      "RequestMethod": "PATCH",
      "RequestHeaders": {
        "Accept": "application/json",
        "Accept-Encoding": "gzip,deflate",
        "Connection": "keep-alive",
        "Content-Length": "28",
        "Content-Type": "application/octet-stream",
        "User-Agent": "azsdk-js-container-registry/1.0.1 core-rest-pipeline/1.5.1 Node/v16.13.0 OS/(x64-Linux-5.10.60.1-microsoft-standard-WSL2)",
        "x-ms-client-request-id": "6bdf1ec4-0363-4dab-a061-24b5f86fe228"
      },
      "RequestBody": "//5oAGUAbABsAG8AIAB3AG8AcgBsAGQADQAKAA==",
      "StatusCode": 401,
      "ResponseHeaders": {
        "Access-Control-Expose-Headers": [
          "Docker-Content-Digest",
          "WWW-Authenticate",
          "Link",
          "X-Ms-Correlation-Request-Id"
        ],
        "Connection": "keep-alive",
        "Content-Length": "266",
        "Content-Type": "application/json; charset=utf-8",
        "Date": "Wed, 23 Mar 2022 23:06:33 GMT",
        "Docker-Distribution-Api-Version": "registry/2.0",
        "Server": "openresty",
        "Strict-Transport-Security": [
          "max-age=31536000; includeSubDomains",
          "max-age=31536000; includeSubDomains"
        ],
        "WWW-Authenticate": "Bearer realm=\u0022https://myregistry.azurecr.io/oauth2/token\u0022,service=\u0022myregistry.azurecr.io\u0022,scope=\u0022repository:oci-artifact:pull,push\u0022",
        "X-Content-Type-Options": "nosniff",
        "X-Ms-Correlation-Request-Id": "5f525dc6-1f6f-4587-a21d-6b2b20c9e41c"
      },
      "ResponseBody": {
        "errors": [
          {
            "code": "UNAUTHORIZED",
            "message": "authentication required, visit https://aka.ms/acr/authorization for more information.",
            "detail": [
              {
                "Type": "repository",
                "Name": "oci-artifact",
                "Action": "pull"
              },
              {
                "Type": "repository",
                "Name": "oci-artifact",
                "Action": "push"
              }
            ]
          }
        ]
      }
    },
    {
      "RequestUri": "https://myregistry.azurecr.io/oauth2/token?api-version=2021-07-01",
      "RequestMethod": "POST",
      "RequestHeaders": {
        "Accept": "application/json",
        "Accept-Encoding": "gzip,deflate",
        "Connection": "keep-alive",
        "Content-Length": "163",
        "Content-Type": "application/x-www-form-urlencoded",
        "User-Agent": "azsdk-js-container-registry/1.0.1 core-rest-pipeline/1.5.1 Node/v16.13.0 OS/(x64-Linux-5.10.60.1-microsoft-standard-WSL2)",
        "x-ms-client-request-id": "d72ad9ba-59ff-472f-9bb4-8201a8355b87"
      },
      "RequestBody": "service=myregistry.azurecr.io\u0026scope=repository%3Aoci-artifact%3Apull%2Cpush\u0026refresh_token=sanitized.eyJleHAiOjg2NDAwMDAwMDAwMDB9.sanitized\u0026grant_type=refresh_token",
      "StatusCode": 200,
      "ResponseHeaders": {
        "Connection": "keep-alive",
        "Content-Type": "application/json; charset=utf-8",
        "Date": "Wed, 23 Mar 2022 23:06:33 GMT",
        "Server": "openresty",
        "Strict-Transport-Security": "max-age=31536000; includeSubDomains",
        "Transfer-Encoding": "chunked",
        "X-Ms-Correlation-Request-Id": "2b169332-be32-4ad7-9fd5-b1030cac6c19"
      },
      "ResponseBody": {
        "access_token": "Sanitized"
      }
    },
    {
      "RequestUri": "https://myregistry.azurecr.io/v2/oci-artifact/blobs/uploads/013d4303-5479-45e3-aad8-d3fdddf24d03?_nouploadcache=false\u0026_state=IrjEnaxvLVpqsTf4O7rq6yirZRXTAR_XTvZFp4ZgqBt7Ik5hbWUiOiJvY2ktYXJ0aWZhY3QiLCJVVUlEIjoiMDEzZDQzMDMtNTQ3OS00NWUzLWFhZDgtZDNmZGRkZjI0ZDAzIiwiT2Zmc2V0IjowLCJTdGFydGVkQXQiOiIyMDIyLTAzLTIzVDIzOjA2OjMyLjkzMDIwOTU1NFoifQ%3D%3D",
      "RequestMethod": "PATCH",
      "RequestHeaders": {
        "Accept": "application/json",
        "Accept-Encoding": "gzip,deflate",
        "Authorization": "Sanitized",
        "Connection": "keep-alive",
        "Content-Length": "28",
        "Content-Type": "application/octet-stream",
        "User-Agent": "azsdk-js-container-registry/1.0.1 core-rest-pipeline/1.5.1 Node/v16.13.0 OS/(x64-Linux-5.10.60.1-microsoft-standard-WSL2)",
        "x-ms-client-request-id": "6bdf1ec4-0363-4dab-a061-24b5f86fe228"
      },
      "RequestBody": "//5oAGUAbABsAG8AIAB3AG8AcgBsAGQADQAKAA==",
      "StatusCode": 202,
      "ResponseHeaders": {
        "Access-Control-Expose-Headers": [
          "Docker-Content-Digest",
          "WWW-Authenticate",
          "Link",
          "X-Ms-Correlation-Request-Id"
        ],
        "Connection": "keep-alive",
        "Content-Length": "0",
        "Date": "Wed, 23 Mar 2022 23:06:33 GMT",
        "Docker-Distribution-Api-Version": "registry/2.0",
        "Docker-Upload-Uuid": "013d4303-5479-45e3-aad8-d3fdddf24d03",
        "Location": "/v2/oci-artifact/blobs/uploads/013d4303-5479-45e3-aad8-d3fdddf24d03?_nouploadcache=false\u0026_state=38GrJ_1PNtJDefwG2TB4RaUkLNyXNwvLTNKGNm2gcyt7Ik5hbWUiOiJvY2ktYXJ0aWZhY3QiLCJVVUlEIjoiMDEzZDQzMDMtNTQ3OS00NWUzLWFhZDgtZDNmZGRkZjI0ZDAzIiwiT2Zmc2V0IjoyOCwiU3RhcnRlZEF0IjoiMjAyMi0wMy0yM1QyMzowNjozMloifQ%3D%3D",
        "Range": "0-27",
        "Server": "openresty",
        "Strict-Transport-Security": [
          "max-age=31536000; includeSubDomains",
          "max-age=31536000; includeSubDomains"
        ],
        "X-Content-Type-Options": "nosniff",
        "X-Ms-Client-Request-Id": "6bdf1ec4-0363-4dab-a061-24b5f86fe228",
        "X-Ms-Correlation-Request-Id": "7a0b5039-7b56-4181-8d5a-e9e29ba449e1",
        "X-Ms-Request-Id": "47ead137-79f8-409d-8b4c-7d3ca951d179"
      },
      "ResponseBody": null
    },
    {
      "RequestUri": "https://myregistry.azurecr.io/v2/oci-artifact/blobs/uploads/013d4303-5479-45e3-aad8-d3fdddf24d03?_nouploadcache=false\u0026_state=38GrJ_1PNtJDefwG2TB4RaUkLNyXNwvLTNKGNm2gcyt7Ik5hbWUiOiJvY2ktYXJ0aWZhY3QiLCJVVUlEIjoiMDEzZDQzMDMtNTQ3OS00NWUzLWFhZDgtZDNmZGRkZjI0ZDAzIiwiT2Zmc2V0IjoyOCwiU3RhcnRlZEF0IjoiMjAyMi0wMy0yM1QyMzowNjozMloifQ%3D%3D\u0026digest=sha256%3A654b93f61054e4ce90ed203bb8d556a6200d5f906cf3eca0620738d6dc18cbed",
      "RequestMethod": "PUT",
      "RequestHeaders": {
        "Accept": "application/json",
        "Accept-Encoding": "gzip,deflate",
        "Connection": "keep-alive",
        "Content-Length": "0",
        "Content-Type": "application/octet-stream",
        "User-Agent": "azsdk-js-container-registry/1.0.1 core-rest-pipeline/1.5.1 Node/v16.13.0 OS/(x64-Linux-5.10.60.1-microsoft-standard-WSL2)",
        "x-ms-client-request-id": "377d401d-f185-4ac8-99e5-0919e22bbee3"
      },
      "RequestBody": null,
      "StatusCode": 401,
      "ResponseHeaders": {
        "Access-Control-Expose-Headers": [
          "Docker-Content-Digest",
          "WWW-Authenticate",
          "Link",
          "X-Ms-Correlation-Request-Id"
        ],
        "Connection": "keep-alive",
        "Content-Length": "266",
        "Content-Type": "application/json; charset=utf-8",
        "Date": "Wed, 23 Mar 2022 23:06:33 GMT",
        "Docker-Distribution-Api-Version": "registry/2.0",
        "Server": "openresty",
        "Strict-Transport-Security": [
          "max-age=31536000; includeSubDomains",
          "max-age=31536000; includeSubDomains"
        ],
        "WWW-Authenticate": "Bearer realm=\u0022https://myregistry.azurecr.io/oauth2/token\u0022,service=\u0022myregistry.azurecr.io\u0022,scope=\u0022repository:oci-artifact:pull,push\u0022",
        "X-Content-Type-Options": "nosniff",
        "X-Ms-Correlation-Request-Id": "a037e185-57c2-45c8-9549-b458b7dea8fe"
      },
      "ResponseBody": {
        "errors": [
          {
            "code": "UNAUTHORIZED",
            "message": "authentication required, visit https://aka.ms/acr/authorization for more information.",
            "detail": [
              {
                "Type": "repository",
                "Name": "oci-artifact",
                "Action": "pull"
              },
              {
                "Type": "repository",
                "Name": "oci-artifact",
                "Action": "push"
              }
            ]
          }
        ]
      }
    },
    {
      "RequestUri": "https://myregistry.azurecr.io/oauth2/token?api-version=2021-07-01",
      "RequestMethod": "POST",
      "RequestHeaders": {
        "Accept": "application/json",
        "Accept-Encoding": "gzip,deflate",
        "Connection": "keep-alive",
        "Content-Length": "163",
        "Content-Type": "application/x-www-form-urlencoded",
        "User-Agent": "azsdk-js-container-registry/1.0.1 core-rest-pipeline/1.5.1 Node/v16.13.0 OS/(x64-Linux-5.10.60.1-microsoft-standard-WSL2)",
        "x-ms-client-request-id": "0b845756-9ee2-4bfc-93ce-10314031ece0"
      },
      "RequestBody": "service=myregistry.azurecr.io\u0026scope=repository%3Aoci-artifact%3Apull%2Cpush\u0026refresh_token=sanitized.eyJleHAiOjg2NDAwMDAwMDAwMDB9.sanitized\u0026grant_type=refresh_token",
      "StatusCode": 200,
      "ResponseHeaders": {
        "Connection": "keep-alive",
        "Content-Type": "application/json; charset=utf-8",
        "Date": "Wed, 23 Mar 2022 23:06:33 GMT",
        "Server": "openresty",
        "Strict-Transport-Security": "max-age=31536000; includeSubDomains",
        "Transfer-Encoding": "chunked",
        "X-Ms-Correlation-Request-Id": "e1c14cf9-0e74-4c39-be65-0210f459917f"
      },
      "ResponseBody": {
        "access_token": "Sanitized"
      }
    },
    {
      "RequestUri": "https://myregistry.azurecr.io/v2/oci-artifact/blobs/uploads/013d4303-5479-45e3-aad8-d3fdddf24d03?_nouploadcache=false\u0026_state=38GrJ_1PNtJDefwG2TB4RaUkLNyXNwvLTNKGNm2gcyt7Ik5hbWUiOiJvY2ktYXJ0aWZhY3QiLCJVVUlEIjoiMDEzZDQzMDMtNTQ3OS00NWUzLWFhZDgtZDNmZGRkZjI0ZDAzIiwiT2Zmc2V0IjoyOCwiU3RhcnRlZEF0IjoiMjAyMi0wMy0yM1QyMzowNjozMloifQ%3D%3D\u0026digest=sha256%3A654b93f61054e4ce90ed203bb8d556a6200d5f906cf3eca0620738d6dc18cbed",
      "RequestMethod": "PUT",
      "RequestHeaders": {
        "Accept": "application/json",
        "Accept-Encoding": "gzip,deflate",
        "Authorization": "Sanitized",
        "Connection": "keep-alive",
        "Content-Length": "0",
        "Content-Type": "application/octet-stream",
        "User-Agent": "azsdk-js-container-registry/1.0.1 core-rest-pipeline/1.5.1 Node/v16.13.0 OS/(x64-Linux-5.10.60.1-microsoft-standard-WSL2)",
        "x-ms-client-request-id": "377d401d-f185-4ac8-99e5-0919e22bbee3"
      },
      "RequestBody": null,
      "StatusCode": 201,
      "ResponseHeaders": {
        "Access-Control-Expose-Headers": [
          "Docker-Content-Digest",
          "WWW-Authenticate",
          "Link",
          "X-Ms-Correlation-Request-Id"
        ],
        "Connection": "keep-alive",
        "Content-Length": "0",
        "Date": "Wed, 23 Mar 2022 23:06:34 GMT",
        "Docker-Content-Digest": "sha256:654b93f61054e4ce90ed203bb8d556a6200d5f906cf3eca0620738d6dc18cbed",
        "Docker-Distribution-Api-Version": "registry/2.0",
        "Location": "/v2/oci-artifact/blobs/sha256:654b93f61054e4ce90ed203bb8d556a6200d5f906cf3eca0620738d6dc18cbed",
        "Server": "openresty",
        "Strict-Transport-Security": [
          "max-age=31536000; includeSubDomains",
          "max-age=31536000; includeSubDomains"
        ],
        "X-Content-Type-Options": "nosniff",
        "X-Ms-Client-Request-Id": "377d401d-f185-4ac8-99e5-0919e22bbee3",
        "X-Ms-Correlation-Request-Id": "35892a91-c133-41d1-978d-85c04dfeffa0",
        "X-Ms-Request-Id": "f74df9fb-a5aa-4a92-ba4a-91d28fa13fa4"
      },
      "ResponseBody": null
    },
    {
      "RequestUri": "https://myregistry.azurecr.io/v2/oci-artifact/blobs/uploads/",
      "RequestMethod": "POST",
      "RequestHeaders": {
        "Accept": "application/json",
        "Accept-Encoding": "gzip,deflate",
        "Connection": "keep-alive",
        "Content-Length": "0",
        "User-Agent": "azsdk-js-container-registry/1.0.1 core-rest-pipeline/1.5.1 Node/v16.13.0 OS/(x64-Linux-5.10.60.1-microsoft-standard-WSL2)",
        "x-ms-client-request-id": "e42fca86-8c13-481e-8f30-3ed255436af3"
      },
      "RequestBody": null,
      "StatusCode": 401,
      "ResponseHeaders": {
        "Access-Control-Expose-Headers": [
          "Docker-Content-Digest",
          "WWW-Authenticate",
          "Link",
          "X-Ms-Correlation-Request-Id"
        ],
        "Connection": "keep-alive",
        "Content-Length": "266",
        "Content-Type": "application/json; charset=utf-8",
        "Date": "Wed, 23 Mar 2022 23:06:34 GMT",
        "Docker-Distribution-Api-Version": "registry/2.0",
        "Server": "openresty",
        "Strict-Transport-Security": [
          "max-age=31536000; includeSubDomains",
          "max-age=31536000; includeSubDomains"
        ],
        "WWW-Authenticate": "Bearer realm=\u0022https://myregistry.azurecr.io/oauth2/token\u0022,service=\u0022myregistry.azurecr.io\u0022,scope=\u0022repository:oci-artifact:pull,push\u0022",
        "X-Content-Type-Options": "nosniff",
        "X-Ms-Correlation-Request-Id": "ad6f794f-8cc7-4c77-8658-7490a8876967"
      },
      "ResponseBody": {
        "errors": [
          {
            "code": "UNAUTHORIZED",
            "message": "authentication required, visit https://aka.ms/acr/authorization for more information.",
            "detail": [
              {
                "Type": "repository",
                "Name": "oci-artifact",
                "Action": "pull"
              },
              {
                "Type": "repository",
                "Name": "oci-artifact",
                "Action": "push"
              }
            ]
          }
        ]
      }
    },
    {
      "RequestUri": "https://myregistry.azurecr.io/oauth2/token?api-version=2021-07-01",
      "RequestMethod": "POST",
      "RequestHeaders": {
        "Accept": "application/json",
        "Accept-Encoding": "gzip,deflate",
        "Connection": "keep-alive",
        "Content-Length": "163",
        "Content-Type": "application/x-www-form-urlencoded",
        "User-Agent": "azsdk-js-container-registry/1.0.1 core-rest-pipeline/1.5.1 Node/v16.13.0 OS/(x64-Linux-5.10.60.1-microsoft-standard-WSL2)",
        "x-ms-client-request-id": "6e268d83-4049-4265-9f8c-18731219dc0f"
      },
      "RequestBody": "service=myregistry.azurecr.io\u0026scope=repository%3Aoci-artifact%3Apull%2Cpush\u0026refresh_token=sanitized.eyJleHAiOjg2NDAwMDAwMDAwMDB9.sanitized\u0026grant_type=refresh_token",
      "StatusCode": 200,
      "ResponseHeaders": {
        "Connection": "keep-alive",
        "Content-Type": "application/json; charset=utf-8",
        "Date": "Wed, 23 Mar 2022 23:06:34 GMT",
        "Server": "openresty",
        "Strict-Transport-Security": "max-age=31536000; includeSubDomains",
        "Transfer-Encoding": "chunked",
        "X-Ms-Correlation-Request-Id": "39eb33d6-d27f-40e1-a46e-8ae13218ae90"
      },
      "ResponseBody": {
        "access_token": "Sanitized"
      }
    },
    {
      "RequestUri": "https://myregistry.azurecr.io/v2/oci-artifact/blobs/uploads/",
      "RequestMethod": "POST",
      "RequestHeaders": {
        "Accept": "application/json",
        "Accept-Encoding": "gzip,deflate",
        "Authorization": "Sanitized",
        "Connection": "keep-alive",
        "Content-Length": "0",
        "User-Agent": "azsdk-js-container-registry/1.0.1 core-rest-pipeline/1.5.1 Node/v16.13.0 OS/(x64-Linux-5.10.60.1-microsoft-standard-WSL2)",
        "x-ms-client-request-id": "e42fca86-8c13-481e-8f30-3ed255436af3"
      },
      "RequestBody": null,
      "StatusCode": 202,
      "ResponseHeaders": {
        "Access-Control-Expose-Headers": [
          "Docker-Content-Digest",
          "WWW-Authenticate",
          "Link",
          "X-Ms-Correlation-Request-Id"
        ],
        "Connection": "keep-alive",
        "Content-Length": "0",
        "Date": "Wed, 23 Mar 2022 23:06:35 GMT",
        "Docker-Distribution-Api-Version": "registry/2.0",
        "Docker-Upload-Uuid": "25d285ed-bfd7-4ead-b1fd-dba2a2f8323f",
        "Location": "/v2/oci-artifact/blobs/uploads/25d285ed-bfd7-4ead-b1fd-dba2a2f8323f?_nouploadcache=false\u0026_state=mwokQNbxlYbQIubxW7MgA4-uf02z4LLF03YUgtUZEJ57Ik5hbWUiOiJvY2ktYXJ0aWZhY3QiLCJVVUlEIjoiMjVkMjg1ZWQtYmZkNy00ZWFkLWIxZmQtZGJhMmEyZjgzMjNmIiwiT2Zmc2V0IjowLCJTdGFydGVkQXQiOiIyMDIyLTAzLTIzVDIzOjA2OjM0Ljk4NDk0NzkzM1oifQ%3D%3D",
        "Range": "0-0",
        "Server": "openresty",
        "Strict-Transport-Security": [
          "max-age=31536000; includeSubDomains",
          "max-age=31536000; includeSubDomains"
        ],
        "X-Content-Type-Options": "nosniff",
        "X-Ms-Client-Request-Id": "e42fca86-8c13-481e-8f30-3ed255436af3",
        "X-Ms-Correlation-Request-Id": "c526e855-83fd-45c3-b563-078223c04d3b",
        "X-Ms-Request-Id": "7c027448-b7f4-4265-bf42-340ae06e1911"
      },
      "ResponseBody": null
    },
    {
      "RequestUri": "https://myregistry.azurecr.io/v2/oci-artifact/blobs/uploads/25d285ed-bfd7-4ead-b1fd-dba2a2f8323f?_nouploadcache=false\u0026_state=mwokQNbxlYbQIubxW7MgA4-uf02z4LLF03YUgtUZEJ57Ik5hbWUiOiJvY2ktYXJ0aWZhY3QiLCJVVUlEIjoiMjVkMjg1ZWQtYmZkNy00ZWFkLWIxZmQtZGJhMmEyZjgzMjNmIiwiT2Zmc2V0IjowLCJTdGFydGVkQXQiOiIyMDIyLTAzLTIzVDIzOjA2OjM0Ljk4NDk0NzkzM1oifQ%3D%3D",
      "RequestMethod": "PATCH",
      "RequestHeaders": {
        "Accept": "application/json",
        "Accept-Encoding": "gzip,deflate",
        "Connection": "keep-alive",
        "Content-Length": "171",
        "Content-Type": "application/octet-stream",
        "User-Agent": "azsdk-js-container-registry/1.0.1 core-rest-pipeline/1.5.1 Node/v16.13.0 OS/(x64-Linux-5.10.60.1-microsoft-standard-WSL2)",
        "x-ms-client-request-id": "2527daa2-4906-46a8-9532-cca7ea0edf33"
      },
      "RequestBody": "H4sIAAAAAAAA/\u002BzRwcrCMBAE4Dn/8L9DD551tulmn6dUq4VioUb06VUsORU8aRQx32VzSjYzi2bYt90WKZGkmU2T5HxOZ6lo6lTNPCjUUlFo0q2i4yHUI8hn75l/7kvE/lf1GLq2bsIynMOr37jn4b1/3L\u002BrYv9lWYkDxYkoireE\u002BOP9Xy87bNCjx4ACJwwY0WONf/x9erUsy7IsoVsAAAD//yO/fykACgAA",
      "StatusCode": 401,
      "ResponseHeaders": {
        "Access-Control-Expose-Headers": [
          "Docker-Content-Digest",
          "WWW-Authenticate",
          "Link",
          "X-Ms-Correlation-Request-Id"
        ],
        "Connection": "keep-alive",
        "Content-Length": "266",
        "Content-Type": "application/json; charset=utf-8",
        "Date": "Wed, 23 Mar 2022 23:06:35 GMT",
        "Docker-Distribution-Api-Version": "registry/2.0",
        "Server": "openresty",
        "Strict-Transport-Security": [
          "max-age=31536000; includeSubDomains",
          "max-age=31536000; includeSubDomains"
        ],
        "WWW-Authenticate": "Bearer realm=\u0022https://myregistry.azurecr.io/oauth2/token\u0022,service=\u0022myregistry.azurecr.io\u0022,scope=\u0022repository:oci-artifact:pull,push\u0022",
        "X-Content-Type-Options": "nosniff",
        "X-Ms-Correlation-Request-Id": "9e3a8139-d68d-451c-b4ef-9cb5084314b5"
      },
      "ResponseBody": {
        "errors": [
          {
            "code": "UNAUTHORIZED",
            "message": "authentication required, visit https://aka.ms/acr/authorization for more information.",
            "detail": [
              {
                "Type": "repository",
                "Name": "oci-artifact",
                "Action": "pull"
              },
              {
                "Type": "repository",
                "Name": "oci-artifact",
                "Action": "push"
              }
            ]
          }
        ]
      }
    },
    {
      "RequestUri": "https://myregistry.azurecr.io/oauth2/token?api-version=2021-07-01",
      "RequestMethod": "POST",
      "RequestHeaders": {
        "Accept": "application/json",
        "Accept-Encoding": "gzip,deflate",
        "Connection": "keep-alive",
        "Content-Length": "163",
        "Content-Type": "application/x-www-form-urlencoded",
        "User-Agent": "azsdk-js-container-registry/1.0.1 core-rest-pipeline/1.5.1 Node/v16.13.0 OS/(x64-Linux-5.10.60.1-microsoft-standard-WSL2)",
        "x-ms-client-request-id": "b8d57516-ca26-410c-9f7a-55292d1b28db"
      },
      "RequestBody": "service=myregistry.azurecr.io\u0026scope=repository%3Aoci-artifact%3Apull%2Cpush\u0026refresh_token=sanitized.eyJleHAiOjg2NDAwMDAwMDAwMDB9.sanitized\u0026grant_type=refresh_token",
      "StatusCode": 200,
      "ResponseHeaders": {
        "Connection": "keep-alive",
        "Content-Type": "application/json; charset=utf-8",
        "Date": "Wed, 23 Mar 2022 23:06:35 GMT",
        "Server": "openresty",
        "Strict-Transport-Security": "max-age=31536000; includeSubDomains",
        "Transfer-Encoding": "chunked",
        "X-Ms-Correlation-Request-Id": "9da6e299-7c6f-4977-8a86-d22c63e3cebd"
      },
      "ResponseBody": {
        "access_token": "Sanitized"
      }
    },
    {
      "RequestUri": "https://myregistry.azurecr.io/v2/oci-artifact/blobs/uploads/25d285ed-bfd7-4ead-b1fd-dba2a2f8323f?_nouploadcache=false\u0026_state=mwokQNbxlYbQIubxW7MgA4-uf02z4LLF03YUgtUZEJ57Ik5hbWUiOiJvY2ktYXJ0aWZhY3QiLCJVVUlEIjoiMjVkMjg1ZWQtYmZkNy00ZWFkLWIxZmQtZGJhMmEyZjgzMjNmIiwiT2Zmc2V0IjowLCJTdGFydGVkQXQiOiIyMDIyLTAzLTIzVDIzOjA2OjM0Ljk4NDk0NzkzM1oifQ%3D%3D",
      "RequestMethod": "PATCH",
      "RequestHeaders": {
        "Accept": "application/json",
        "Accept-Encoding": "gzip,deflate",
        "Authorization": "Sanitized",
        "Connection": "keep-alive",
        "Content-Length": "171",
        "Content-Type": "application/octet-stream",
        "User-Agent": "azsdk-js-container-registry/1.0.1 core-rest-pipeline/1.5.1 Node/v16.13.0 OS/(x64-Linux-5.10.60.1-microsoft-standard-WSL2)",
        "x-ms-client-request-id": "2527daa2-4906-46a8-9532-cca7ea0edf33"
      },
      "RequestBody": "H4sIAAAAAAAA/\u002BzRwcrCMBAE4Dn/8L9DD551tulmn6dUq4VioUb06VUsORU8aRQx32VzSjYzi2bYt90WKZGkmU2T5HxOZ6lo6lTNPCjUUlFo0q2i4yHUI8hn75l/7kvE/lf1GLq2bsIynMOr37jn4b1/3L\u002BrYv9lWYkDxYkoireE\u002BOP9Xy87bNCjx4ACJwwY0WONf/x9erUsy7IsoVsAAAD//yO/fykACgAA",
      "StatusCode": 202,
      "ResponseHeaders": {
        "Access-Control-Expose-Headers": [
          "Docker-Content-Digest",
          "WWW-Authenticate",
          "Link",
          "X-Ms-Correlation-Request-Id"
        ],
        "Connection": "keep-alive",
        "Content-Length": "0",
        "Date": "Wed, 23 Mar 2022 23:06:35 GMT",
        "Docker-Distribution-Api-Version": "registry/2.0",
        "Docker-Upload-Uuid": "25d285ed-bfd7-4ead-b1fd-dba2a2f8323f",
        "Location": "/v2/oci-artifact/blobs/uploads/25d285ed-bfd7-4ead-b1fd-dba2a2f8323f?_nouploadcache=false\u0026_state=rVwFuY9HEaxbqDRjEB2Z6RoRA1TcyfySp94ZPCKKEwF7Ik5hbWUiOiJvY2ktYXJ0aWZhY3QiLCJVVUlEIjoiMjVkMjg1ZWQtYmZkNy00ZWFkLWIxZmQtZGJhMmEyZjgzMjNmIiwiT2Zmc2V0IjoxNzEsIlN0YXJ0ZWRBdCI6IjIwMjItMDMtMjNUMjM6MDY6MzRaIn0%3D",
        "Range": "0-170",
        "Server": "openresty",
        "Strict-Transport-Security": [
          "max-age=31536000; includeSubDomains",
          "max-age=31536000; includeSubDomains"
        ],
        "X-Content-Type-Options": "nosniff",
        "X-Ms-Client-Request-Id": "2527daa2-4906-46a8-9532-cca7ea0edf33",
        "X-Ms-Correlation-Request-Id": "d059ac32-3c37-42b7-8a5d-b23ea7a932d9",
        "X-Ms-Request-Id": "52c0247c-9e69-4322-8c15-d91aebebdbb8"
      },
      "ResponseBody": null
    },
    {
      "RequestUri": "https://myregistry.azurecr.io/v2/oci-artifact/blobs/uploads/25d285ed-bfd7-4ead-b1fd-dba2a2f8323f?_nouploadcache=false\u0026_state=rVwFuY9HEaxbqDRjEB2Z6RoRA1TcyfySp94ZPCKKEwF7Ik5hbWUiOiJvY2ktYXJ0aWZhY3QiLCJVVUlEIjoiMjVkMjg1ZWQtYmZkNy00ZWFkLWIxZmQtZGJhMmEyZjgzMjNmIiwiT2Zmc2V0IjoxNzEsIlN0YXJ0ZWRBdCI6IjIwMjItMDMtMjNUMjM6MDY6MzRaIn0%3D\u0026digest=sha256%3Ad25b42d3dbad5361ed2d909624d899e7254a822c9a632b582ebd3a44f9b0dbc8",
      "RequestMethod": "PUT",
      "RequestHeaders": {
        "Accept": "application/json",
        "Accept-Encoding": "gzip,deflate",
        "Connection": "keep-alive",
        "Content-Length": "0",
        "Content-Type": "application/octet-stream",
        "User-Agent": "azsdk-js-container-registry/1.0.1 core-rest-pipeline/1.5.1 Node/v16.13.0 OS/(x64-Linux-5.10.60.1-microsoft-standard-WSL2)",
        "x-ms-client-request-id": "52fd5cc6-6a52-4b62-ac0b-20f4a43be4bc"
      },
      "RequestBody": null,
      "StatusCode": 401,
      "ResponseHeaders": {
        "Access-Control-Expose-Headers": [
          "Docker-Content-Digest",
          "WWW-Authenticate",
          "Link",
          "X-Ms-Correlation-Request-Id"
        ],
        "Connection": "keep-alive",
        "Content-Length": "266",
        "Content-Type": "application/json; charset=utf-8",
        "Date": "Wed, 23 Mar 2022 23:06:35 GMT",
        "Docker-Distribution-Api-Version": "registry/2.0",
        "Server": "openresty",
        "Strict-Transport-Security": [
          "max-age=31536000; includeSubDomains",
          "max-age=31536000; includeSubDomains"
        ],
        "WWW-Authenticate": "Bearer realm=\u0022https://myregistry.azurecr.io/oauth2/token\u0022,service=\u0022myregistry.azurecr.io\u0022,scope=\u0022repository:oci-artifact:pull,push\u0022",
        "X-Content-Type-Options": "nosniff",
        "X-Ms-Correlation-Request-Id": "6f489b9d-b025-4e41-af31-5eac10e0f056"
      },
      "ResponseBody": {
        "errors": [
          {
            "code": "UNAUTHORIZED",
            "message": "authentication required, visit https://aka.ms/acr/authorization for more information.",
            "detail": [
              {
                "Type": "repository",
                "Name": "oci-artifact",
                "Action": "pull"
              },
              {
                "Type": "repository",
                "Name": "oci-artifact",
                "Action": "push"
              }
            ]
          }
        ]
      }
    },
    {
      "RequestUri": "https://myregistry.azurecr.io/oauth2/token?api-version=2021-07-01",
      "RequestMethod": "POST",
      "RequestHeaders": {
        "Accept": "application/json",
        "Accept-Encoding": "gzip,deflate",
        "Connection": "keep-alive",
        "Content-Length": "163",
        "Content-Type": "application/x-www-form-urlencoded",
        "User-Agent": "azsdk-js-container-registry/1.0.1 core-rest-pipeline/1.5.1 Node/v16.13.0 OS/(x64-Linux-5.10.60.1-microsoft-standard-WSL2)",
        "x-ms-client-request-id": "43a18589-b11c-46c2-9d28-c58f288000e8"
      },
      "RequestBody": "service=myregistry.azurecr.io\u0026scope=repository%3Aoci-artifact%3Apull%2Cpush\u0026refresh_token=sanitized.eyJleHAiOjg2NDAwMDAwMDAwMDB9.sanitized\u0026grant_type=refresh_token",
      "StatusCode": 200,
      "ResponseHeaders": {
        "Connection": "keep-alive",
        "Content-Type": "application/json; charset=utf-8",
        "Date": "Wed, 23 Mar 2022 23:06:35 GMT",
        "Server": "openresty",
        "Strict-Transport-Security": "max-age=31536000; includeSubDomains",
        "Transfer-Encoding": "chunked",
        "X-Ms-Correlation-Request-Id": "a98d5f1a-a067-4ae6-8a2c-ca2bf0bf0e14"
      },
      "ResponseBody": {
        "access_token": "Sanitized"
      }
    },
    {
      "RequestUri": "https://myregistry.azurecr.io/v2/oci-artifact/blobs/uploads/25d285ed-bfd7-4ead-b1fd-dba2a2f8323f?_nouploadcache=false\u0026_state=rVwFuY9HEaxbqDRjEB2Z6RoRA1TcyfySp94ZPCKKEwF7Ik5hbWUiOiJvY2ktYXJ0aWZhY3QiLCJVVUlEIjoiMjVkMjg1ZWQtYmZkNy00ZWFkLWIxZmQtZGJhMmEyZjgzMjNmIiwiT2Zmc2V0IjoxNzEsIlN0YXJ0ZWRBdCI6IjIwMjItMDMtMjNUMjM6MDY6MzRaIn0%3D\u0026digest=sha256%3Ad25b42d3dbad5361ed2d909624d899e7254a822c9a632b582ebd3a44f9b0dbc8",
      "RequestMethod": "PUT",
      "RequestHeaders": {
        "Accept": "application/json",
        "Accept-Encoding": "gzip,deflate",
        "Authorization": "Sanitized",
        "Connection": "keep-alive",
        "Content-Length": "0",
        "Content-Type": "application/octet-stream",
        "User-Agent": "azsdk-js-container-registry/1.0.1 core-rest-pipeline/1.5.1 Node/v16.13.0 OS/(x64-Linux-5.10.60.1-microsoft-standard-WSL2)",
        "x-ms-client-request-id": "52fd5cc6-6a52-4b62-ac0b-20f4a43be4bc"
      },
      "RequestBody": null,
      "StatusCode": 201,
      "ResponseHeaders": {
        "Access-Control-Expose-Headers": [
          "Docker-Content-Digest",
          "WWW-Authenticate",
          "Link",
          "X-Ms-Correlation-Request-Id"
        ],
        "Connection": "keep-alive",
        "Content-Length": "0",
        "Date": "Wed, 23 Mar 2022 23:06:35 GMT",
        "Docker-Content-Digest": "sha256:d25b42d3dbad5361ed2d909624d899e7254a822c9a632b582ebd3a44f9b0dbc8",
        "Docker-Distribution-Api-Version": "registry/2.0",
        "Location": "/v2/oci-artifact/blobs/sha256:d25b42d3dbad5361ed2d909624d899e7254a822c9a632b582ebd3a44f9b0dbc8",
        "Server": "openresty",
        "Strict-Transport-Security": [
          "max-age=31536000; includeSubDomains",
          "max-age=31536000; includeSubDomains"
        ],
        "X-Content-Type-Options": "nosniff",
        "X-Ms-Client-Request-Id": "52fd5cc6-6a52-4b62-ac0b-20f4a43be4bc",
        "X-Ms-Correlation-Request-Id": "9d64d977-7385-4586-ab08-bfa3447ce8e2",
        "X-Ms-Request-Id": "db882784-1bfb-44cc-94d5-c7c64870c807"
      },
      "ResponseBody": null
    },
    {
      "RequestUri": "https://myregistry.azurecr.io/v2/oci-artifact/manifests/sha256%3Ad5dd4479d4b658f68b10a47e51815472f3313dc7886ec17a1744deb21dc186f4",
      "RequestMethod": "PUT",
      "RequestHeaders": {
        "Accept": "application/json",
        "Accept-Encoding": "gzip,deflate",
        "Connection": "keep-alive",
        "Content-Length": "585",
        "Content-Type": "application/vnd.oci.image.manifest.v1\u002Bjson",
        "User-Agent": "azsdk-js-container-registry/1.0.1 core-rest-pipeline/1.5.1 Node/v16.13.0 OS/(x64-Linux-5.10.60.1-microsoft-standard-WSL2)",
        "x-ms-client-request-id": "101a6d62-a7f0-48b8-967b-99a971bb8239"
      },
      "RequestBody": {
        "schemaVersion": 2,
        "config": {
          "mediaType": "application/vnd.oci.image.config.v1\u002Bjson",
          "digest": "sha256:d25b42d3dbad5361ed2d909624d899e7254a822c9a632b582ebd3a44f9b0dbc8",
          "size": 171
        },
        "layers": [
          {
            "mediaType": "application/vnd.oci.image.layer.v1.tar",
            "digest": "sha256:654b93f61054e4ce90ed203bb8d556a6200d5f906cf3eca0620738d6dc18cbed",
            "size": 28,
            "annotations": {
              "org.opencontainers.image.title": "artifact.txt"
            }
          }
        ]
      },
      "StatusCode": 401,
      "ResponseHeaders": {
        "Access-Control-Expose-Headers": [
          "Docker-Content-Digest",
          "WWW-Authenticate",
          "Link",
          "X-Ms-Correlation-Request-Id"
        ],
        "Connection": "keep-alive",
        "Content-Length": "266",
        "Content-Type": "application/json; charset=utf-8",
        "Date": "Wed, 23 Mar 2022 23:06:35 GMT",
        "Docker-Distribution-Api-Version": "registry/2.0",
        "Server": "openresty",
        "Strict-Transport-Security": [
          "max-age=31536000; includeSubDomains",
          "max-age=31536000; includeSubDomains"
        ],
        "WWW-Authenticate": "Bearer realm=\u0022https://myregistry.azurecr.io/oauth2/token\u0022,service=\u0022myregistry.azurecr.io\u0022,scope=\u0022repository:oci-artifact:pull,push\u0022",
        "X-Content-Type-Options": "nosniff",
        "X-Ms-Correlation-Request-Id": "b3ee331c-e74a-45a4-b46b-e962e7ba1ed7"
      },
      "ResponseBody": {
        "errors": [
          {
            "code": "UNAUTHORIZED",
            "message": "authentication required, visit https://aka.ms/acr/authorization for more information.",
            "detail": [
              {
                "Type": "repository",
                "Name": "oci-artifact",
                "Action": "pull"
              },
              {
                "Type": "repository",
                "Name": "oci-artifact",
                "Action": "push"
              }
            ]
          }
        ]
      }
    },
    {
      "RequestUri": "https://myregistry.azurecr.io/oauth2/token?api-version=2021-07-01",
      "RequestMethod": "POST",
      "RequestHeaders": {
        "Accept": "application/json",
        "Accept-Encoding": "gzip,deflate",
        "Connection": "keep-alive",
        "Content-Length": "163",
        "Content-Type": "application/x-www-form-urlencoded",
        "User-Agent": "azsdk-js-container-registry/1.0.1 core-rest-pipeline/1.5.1 Node/v16.13.0 OS/(x64-Linux-5.10.60.1-microsoft-standard-WSL2)",
        "x-ms-client-request-id": "3755d1b3-694d-45ca-ade2-a7cb5afa06ac"
      },
      "RequestBody": "service=myregistry.azurecr.io\u0026scope=repository%3Aoci-artifact%3Apull%2Cpush\u0026refresh_token=sanitized.eyJleHAiOjg2NDAwMDAwMDAwMDB9.sanitized\u0026grant_type=refresh_token",
      "StatusCode": 200,
      "ResponseHeaders": {
        "Connection": "keep-alive",
        "Content-Type": "application/json; charset=utf-8",
        "Date": "Wed, 23 Mar 2022 23:06:35 GMT",
        "Server": "openresty",
        "Strict-Transport-Security": "max-age=31536000; includeSubDomains",
        "Transfer-Encoding": "chunked",
        "X-Ms-Correlation-Request-Id": "92b0fbae-30dd-4b81-8d5b-2e172d0d46cf"
      },
      "ResponseBody": {
        "access_token": "Sanitized"
      }
    },
    {
      "RequestUri": "https://myregistry.azurecr.io/v2/oci-artifact/manifests/sha256%3Ad5dd4479d4b658f68b10a47e51815472f3313dc7886ec17a1744deb21dc186f4",
      "RequestMethod": "PUT",
      "RequestHeaders": {
        "Accept": "application/json",
        "Accept-Encoding": "gzip,deflate",
        "Authorization": "Sanitized",
        "Connection": "keep-alive",
        "Content-Length": "585",
        "Content-Type": "application/vnd.oci.image.manifest.v1\u002Bjson",
        "User-Agent": "azsdk-js-container-registry/1.0.1 core-rest-pipeline/1.5.1 Node/v16.13.0 OS/(x64-Linux-5.10.60.1-microsoft-standard-WSL2)",
        "x-ms-client-request-id": "101a6d62-a7f0-48b8-967b-99a971bb8239"
      },
      "RequestBody": {
        "schemaVersion": 2,
        "config": {
          "mediaType": "application/vnd.oci.image.config.v1\u002Bjson",
          "digest": "sha256:d25b42d3dbad5361ed2d909624d899e7254a822c9a632b582ebd3a44f9b0dbc8",
          "size": 171
        },
        "layers": [
          {
            "mediaType": "application/vnd.oci.image.layer.v1.tar",
            "digest": "sha256:654b93f61054e4ce90ed203bb8d556a6200d5f906cf3eca0620738d6dc18cbed",
            "size": 28,
            "annotations": {
              "org.opencontainers.image.title": "artifact.txt"
            }
          }
        ]
      },
      "StatusCode": 201,
      "ResponseHeaders": {
        "Access-Control-Expose-Headers": [
          "Docker-Content-Digest",
          "WWW-Authenticate",
          "Link",
          "X-Ms-Correlation-Request-Id"
        ],
        "Connection": "keep-alive",
        "Content-Length": "0",
        "Date": "Wed, 23 Mar 2022 23:06:36 GMT",
        "Docker-Content-Digest": "sha256:d5dd4479d4b658f68b10a47e51815472f3313dc7886ec17a1744deb21dc186f4",
        "Docker-Distribution-Api-Version": "registry/2.0",
        "Location": "/v2/oci-artifact/manifests/sha256:d5dd4479d4b658f68b10a47e51815472f3313dc7886ec17a1744deb21dc186f4",
        "Server": "openresty",
        "Strict-Transport-Security": [
          "max-age=31536000; includeSubDomains",
          "max-age=31536000; includeSubDomains"
        ],
        "X-Content-Type-Options": "nosniff",
        "X-Ms-Client-Request-Id": "101a6d62-a7f0-48b8-967b-99a971bb8239",
        "X-Ms-Correlation-Request-Id": "7b4b7e25-28f2-47e4-8aa5-c030a91f599c",
        "X-Ms-Request-Id": "fc958996-918c-4773-a8e5-2b48b666e6aa"
      },
      "ResponseBody": null
    },
    {
      "RequestUri": "https://myregistry.azurecr.io/v2/oci-artifact/manifests/sha256%3Ad5dd4479d4b658f68b10a47e51815472f3313dc7886ec17a1744deb21dc186f4",
      "RequestMethod": "GET",
      "RequestHeaders": {
        "Accept": "application/vnd.oci.image.manifest.v1\u002Bjson",
        "Accept-Encoding": "gzip,deflate",
        "Connection": "keep-alive",
        "User-Agent": "azsdk-js-container-registry/1.0.1 core-rest-pipeline/1.5.1 Node/v16.13.0 OS/(x64-Linux-5.10.60.1-microsoft-standard-WSL2)",
        "x-ms-client-request-id": "1883f6ed-2c30-40d8-a72b-7663ec50cecc"
      },
      "RequestBody": null,
      "StatusCode": 401,
      "ResponseHeaders": {
        "Access-Control-Expose-Headers": [
          "Docker-Content-Digest",
          "WWW-Authenticate",
          "Link",
          "X-Ms-Correlation-Request-Id"
        ],
        "Connection": "keep-alive",
        "Content-Length": "206",
        "Content-Type": "application/json; charset=utf-8",
        "Date": "Wed, 23 Mar 2022 23:06:36 GMT",
        "Docker-Distribution-Api-Version": "registry/2.0",
        "Server": "openresty",
        "Strict-Transport-Security": [
          "max-age=31536000; includeSubDomains",
          "max-age=31536000; includeSubDomains"
        ],
        "WWW-Authenticate": "Bearer realm=\u0022https://myregistry.azurecr.io/oauth2/token\u0022,service=\u0022myregistry.azurecr.io\u0022,scope=\u0022repository:oci-artifact:pull\u0022",
        "X-Content-Type-Options": "nosniff",
        "X-Ms-Correlation-Request-Id": "ea4e7db5-420b-4eff-9f0a-d37ebe90235d"
      },
      "ResponseBody": {
        "errors": [
          {
            "code": "UNAUTHORIZED",
            "message": "authentication required, visit https://aka.ms/acr/authorization for more information.",
            "detail": [
              {
                "Type": "repository",
                "Name": "oci-artifact",
                "Action": "pull"
              }
            ]
          }
        ]
      }
    },
    {
      "RequestUri": "https://myregistry.azurecr.io/oauth2/token?api-version=2021-07-01",
      "RequestMethod": "POST",
      "RequestHeaders": {
        "Accept": "application/json",
        "Accept-Encoding": "gzip,deflate",
        "Connection": "keep-alive",
        "Content-Length": "156",
        "Content-Type": "application/x-www-form-urlencoded",
        "User-Agent": "azsdk-js-container-registry/1.0.1 core-rest-pipeline/1.5.1 Node/v16.13.0 OS/(x64-Linux-5.10.60.1-microsoft-standard-WSL2)",
        "x-ms-client-request-id": "79565445-b709-4071-b9f2-9263b5641ce5"
      },
      "RequestBody": "service=myregistry.azurecr.io\u0026scope=repository%3Aoci-artifact%3Apull\u0026refresh_token=sanitized.eyJleHAiOjg2NDAwMDAwMDAwMDB9.sanitized\u0026grant_type=refresh_token",
      "StatusCode": 200,
      "ResponseHeaders": {
        "Connection": "keep-alive",
        "Content-Type": "application/json; charset=utf-8",
        "Date": "Wed, 23 Mar 2022 23:06:36 GMT",
        "Server": "openresty",
        "Strict-Transport-Security": "max-age=31536000; includeSubDomains",
        "Transfer-Encoding": "chunked",
        "X-Ms-Correlation-Request-Id": "e2206a7a-e986-49d0-8f31-fd51d29dd538"
      },
      "ResponseBody": {
        "access_token": "Sanitized"
      }
    },
    {
      "RequestUri": "https://myregistry.azurecr.io/v2/oci-artifact/manifests/sha256%3Ad5dd4479d4b658f68b10a47e51815472f3313dc7886ec17a1744deb21dc186f4",
      "RequestMethod": "GET",
      "RequestHeaders": {
        "Accept": "application/vnd.oci.image.manifest.v1\u002Bjson",
        "Accept-Encoding": "gzip,deflate",
        "Authorization": "Sanitized",
        "Connection": "keep-alive",
        "User-Agent": "azsdk-js-container-registry/1.0.1 core-rest-pipeline/1.5.1 Node/v16.13.0 OS/(x64-Linux-5.10.60.1-microsoft-standard-WSL2)",
        "x-ms-client-request-id": "1883f6ed-2c30-40d8-a72b-7663ec50cecc"
      },
      "RequestBody": null,
      "StatusCode": 200,
      "ResponseHeaders": {
        "Access-Control-Expose-Headers": [
          "Docker-Content-Digest",
          "WWW-Authenticate",
          "Link",
          "X-Ms-Correlation-Request-Id"
        ],
        "Connection": "keep-alive",
        "Content-Length": "585",
        "Content-Type": "application/vnd.oci.image.manifest.v1\u002Bjson",
        "Date": "Wed, 23 Mar 2022 23:06:36 GMT",
        "Docker-Content-Digest": "sha256:d5dd4479d4b658f68b10a47e51815472f3313dc7886ec17a1744deb21dc186f4",
        "Docker-Distribution-Api-Version": "registry/2.0",
        "ETag": "\u0022sha256:d5dd4479d4b658f68b10a47e51815472f3313dc7886ec17a1744deb21dc186f4\u0022",
        "Server": "openresty",
        "Strict-Transport-Security": [
          "max-age=31536000; includeSubDomains",
          "max-age=31536000; includeSubDomains"
        ],
        "X-Content-Type-Options": "nosniff",
        "X-Ms-Client-Request-Id": "1883f6ed-2c30-40d8-a72b-7663ec50cecc",
        "X-Ms-Correlation-Request-Id": "874b70ff-2880-471b-b50c-79a1972ef0c9",
        "X-Ms-Request-Id": "668f4f5a-a475-4fc8-bb7f-8c882e261c68"
      },
      "ResponseBody": {
        "schemaVersion": 2,
        "config": {
          "mediaType": "application/vnd.oci.image.config.v1\u002Bjson",
          "digest": "sha256:d25b42d3dbad5361ed2d909624d899e7254a822c9a632b582ebd3a44f9b0dbc8",
          "size": 171
        },
        "layers": [
          {
            "mediaType": "application/vnd.oci.image.layer.v1.tar",
            "digest": "sha256:654b93f61054e4ce90ed203bb8d556a6200d5f906cf3eca0620738d6dc18cbed",
            "size": 28,
            "annotations": {
              "org.opencontainers.image.title": "artifact.txt"
            }
          }
        ]
      }
    },
    {
      "RequestUri": "https://myregistry.azurecr.io/v2/oci-artifact/manifests/sha256%3Ad5dd4479d4b658f68b10a47e51815472f3313dc7886ec17a1744deb21dc186f4",
      "RequestMethod": "DELETE",
      "RequestHeaders": {
        "Accept": "application/json",
        "Accept-Encoding": "gzip,deflate",
        "Connection": "keep-alive",
        "User-Agent": "azsdk-js-container-registry/1.0.1 core-rest-pipeline/1.5.1 Node/v16.13.0 OS/(x64-Linux-5.10.60.1-microsoft-standard-WSL2)",
        "x-ms-client-request-id": "bf39c930-cd9e-4449-b8b4-455270f19923"
      },
      "RequestBody": null,
      "StatusCode": 401,
      "ResponseHeaders": {
        "Access-Control-Expose-Headers": [
          "Docker-Content-Digest",
          "WWW-Authenticate",
          "Link",
          "X-Ms-Correlation-Request-Id"
        ],
        "Connection": "keep-alive",
        "Content-Length": "208",
        "Content-Type": "application/json; charset=utf-8",
        "Date": "Wed, 23 Mar 2022 23:06:36 GMT",
        "Docker-Distribution-Api-Version": "registry/2.0",
        "Server": "openresty",
        "Strict-Transport-Security": [
          "max-age=31536000; includeSubDomains",
          "max-age=31536000; includeSubDomains"
        ],
        "WWW-Authenticate": "Bearer realm=\u0022https://myregistry.azurecr.io/oauth2/token\u0022,service=\u0022myregistry.azurecr.io\u0022,scope=\u0022repository:oci-artifact:delete\u0022",
        "X-Content-Type-Options": "nosniff",
        "X-Ms-Correlation-Request-Id": "3d0aa80f-b695-4fda-832a-5848be540db7"
      },
      "ResponseBody": {
        "errors": [
          {
            "code": "UNAUTHORIZED",
            "message": "authentication required, visit https://aka.ms/acr/authorization for more information.",
            "detail": [
              {
                "Type": "repository",
                "Name": "oci-artifact",
                "Action": "delete"
              }
            ]
          }
        ]
      }
    },
    {
      "RequestUri": "https://myregistry.azurecr.io/oauth2/token?api-version=2021-07-01",
      "RequestMethod": "POST",
      "RequestHeaders": {
        "Accept": "application/json",
        "Accept-Encoding": "gzip,deflate",
        "Connection": "keep-alive",
        "Content-Length": "158",
        "Content-Type": "application/x-www-form-urlencoded",
        "User-Agent": "azsdk-js-container-registry/1.0.1 core-rest-pipeline/1.5.1 Node/v16.13.0 OS/(x64-Linux-5.10.60.1-microsoft-standard-WSL2)",
        "x-ms-client-request-id": "d55f56bd-146b-4fd6-9cd6-d273d40a9ae0"
      },
      "RequestBody": "service=myregistry.azurecr.io\u0026scope=repository%3Aoci-artifact%3Adelete\u0026refresh_token=sanitized.eyJleHAiOjg2NDAwMDAwMDAwMDB9.sanitized\u0026grant_type=refresh_token",
      "StatusCode": 200,
      "ResponseHeaders": {
        "Connection": "keep-alive",
        "Content-Type": "application/json; charset=utf-8",
        "Date": "Wed, 23 Mar 2022 23:06:36 GMT",
        "Server": "openresty",
        "Strict-Transport-Security": "max-age=31536000; includeSubDomains",
        "Transfer-Encoding": "chunked",
        "X-Ms-Correlation-Request-Id": "6d67cc08-cbbb-4eab-9f4a-1e125f862259"
      },
      "ResponseBody": {
        "access_token": "Sanitized"
      }
    },
    {
      "RequestUri": "https://myregistry.azurecr.io/v2/oci-artifact/manifests/sha256%3Ad5dd4479d4b658f68b10a47e51815472f3313dc7886ec17a1744deb21dc186f4",
      "RequestMethod": "DELETE",
      "RequestHeaders": {
        "Accept": "application/json",
        "Accept-Encoding": "gzip,deflate",
        "Authorization": "Sanitized",
        "Connection": "keep-alive",
        "User-Agent": "azsdk-js-container-registry/1.0.1 core-rest-pipeline/1.5.1 Node/v16.13.0 OS/(x64-Linux-5.10.60.1-microsoft-standard-WSL2)",
        "x-ms-client-request-id": "bf39c930-cd9e-4449-b8b4-455270f19923"
      },
      "RequestBody": null,
      "StatusCode": 202,
      "ResponseHeaders": {
        "Access-Control-Expose-Headers": [
          "Docker-Content-Digest",
          "WWW-Authenticate",
          "Link",
          "X-Ms-Correlation-Request-Id"
        ],
        "Connection": "keep-alive",
        "Content-Length": "0",
        "Date": "Wed, 23 Mar 2022 23:06:36 GMT",
        "Docker-Distribution-Api-Version": "registry/2.0",
        "Server": "openresty",
        "Strict-Transport-Security": [
          "max-age=31536000; includeSubDomains",
          "max-age=31536000; includeSubDomains"
        ],
        "X-Content-Type-Options": "nosniff",
        "X-Ms-Client-Request-Id": "bf39c930-cd9e-4449-b8b4-455270f19923",
        "X-Ms-Correlation-Request-Id": "8cad896a-decc-4319-8edf-48c469136c74",
        "X-Ms-Request-Id": "f88b620d-2096-4624-808d-2dffb7c01caf"
      },
      "ResponseBody": null
    }
  ],
  "Variables": {}
}
