{
  "Entries": [
    {
      "RequestUri": "https://myregistry.azurecr.io/v2/oci-artifact/blobs/uploads/",
      "RequestMethod": "POST",
      "RequestHeaders": {
        "Accept": "application/json",
        "Accept-Encoding": "gzip,deflate",
        "Connection": "keep-alive",
        "Content-Length": "0",
        "User-Agent": "azsdk-js-container-registry/1.0.1 core-rest-pipeline/1.8.0 Node/v16.13.2 OS/(x64-Windows_NT-10.0.22000)",
        "x-ms-client-request-id": "860b8b8d-c072-428c-b929-3de338251916"
      },
      "RequestBody": null,
      "StatusCode": 401,
      "ResponseHeaders": {
        "Access-Control-Expose-Headers": [
          "Docker-Content-Digest",
          "WWW-Authenticate",
          "Link",
          "X-Ms-Correlation-Request-Id"
        ],
        "Connection": "keep-alive",
        "Content-Length": "266",
        "Content-Type": "application/json; charset=utf-8",
        "Date": "Fri, 25 Mar 2022 22:41:33 GMT",
        "Docker-Distribution-Api-Version": "registry/2.0",
        "Server": "openresty",
        "Strict-Transport-Security": [
          "max-age=31536000; includeSubDomains",
          "max-age=31536000; includeSubDomains"
        ],
        "WWW-Authenticate": "Bearer realm=\u0022https://myregistry.azurecr.io/oauth2/token\u0022,service=\u0022myregistry.azurecr.io\u0022,scope=\u0022repository:oci-artifact:push,pull\u0022",
        "X-Content-Type-Options": "nosniff",
        "X-Ms-Correlation-Request-Id": "4d3683b5-f387-4563-9c6d-403ee1259d4a"
      },
      "ResponseBody": {
        "errors": [
          {
            "code": "UNAUTHORIZED",
            "message": "authentication required, visit https://aka.ms/acr/authorization for more information.",
            "detail": [
              {
                "Type": "repository",
                "Name": "oci-artifact",
                "Action": "pull"
              },
              {
                "Type": "repository",
                "Name": "oci-artifact",
                "Action": "push"
              }
            ]
          }
        ]
      }
    },
    {
      "RequestUri": "https://myregistry.azurecr.io/oauth2/exchange?api-version=2021-07-01",
      "RequestMethod": "POST",
      "RequestHeaders": {
        "Accept": "application/json",
        "Accept-Encoding": "gzip,deflate",
        "Connection": "keep-alive",
        "Content-Length": "84",
        "Content-Type": "application/x-www-form-urlencoded",
        "User-Agent": "azsdk-js-container-registry/1.0.1 core-rest-pipeline/1.8.0 Node/v16.13.2 OS/(x64-Windows_NT-10.0.22000)",
        "x-ms-client-request-id": "963f8191-1759-4925-9bce-6422ef24dd40"
      },
      "RequestBody": "grant_type=access_token\u0026service=myregistry.azurecr.io\u0026access_token=SecretPlaceholder",
      "StatusCode": 200,
      "ResponseHeaders": {
        "Connection": "keep-alive",
        "Content-Type": "application/json; charset=utf-8",
        "Date": "Fri, 25 Mar 2022 22:41:34 GMT",
        "Server": "openresty",
        "Strict-Transport-Security": "max-age=31536000; includeSubDomains",
        "Transfer-Encoding": "chunked",
        "X-Ms-Correlation-Request-Id": "00850732-faf9-4607-9fbf-613541b889e1"
      },
      "ResponseBody": {
        "refresh_token": "sanitized.eyJleHAiOjg2NDAwMDAwMDAwMDB9.sanitized"
      }
    },
    {
      "RequestUri": "https://myregistry.azurecr.io/oauth2/token?api-version=2021-07-01",
      "RequestMethod": "POST",
      "RequestHeaders": {
        "Accept": "application/json",
        "Accept-Encoding": "gzip,deflate",
        "Connection": "keep-alive",
        "Content-Length": "163",
        "Content-Type": "application/x-www-form-urlencoded",
        "User-Agent": "azsdk-js-container-registry/1.0.1 core-rest-pipeline/1.8.0 Node/v16.13.2 OS/(x64-Windows_NT-10.0.22000)",
        "x-ms-client-request-id": "0a7ff8ad-b197-431e-ab2d-ad1ea93fe1fb"
      },
      "RequestBody": "service=myregistry.azurecr.io\u0026scope=repository%3Aoci-artifact%3Apush%2Cpull\u0026refresh_token=sanitized.eyJleHAiOjg2NDAwMDAwMDAwMDB9.sanitized\u0026grant_type=refresh_token",
      "StatusCode": 200,
      "ResponseHeaders": {
        "Connection": "keep-alive",
        "Content-Type": "application/json; charset=utf-8",
        "Date": "Fri, 25 Mar 2022 22:41:34 GMT",
        "Server": "openresty",
        "Strict-Transport-Security": "max-age=31536000; includeSubDomains",
        "Transfer-Encoding": "chunked",
        "X-Ms-Correlation-Request-Id": "6f748c22-f70a-4f6e-980f-c46a42bb93df"
      },
      "ResponseBody": {
        "access_token": "Sanitized"
      }
    },
    {
      "RequestUri": "https://myregistry.azurecr.io/v2/oci-artifact/blobs/uploads/",
      "RequestMethod": "POST",
      "RequestHeaders": {
        "Accept": "application/json",
        "Accept-Encoding": "gzip,deflate",
        "Authorization": "Sanitized",
        "Connection": "keep-alive",
        "Content-Length": "0",
        "User-Agent": "azsdk-js-container-registry/1.0.1 core-rest-pipeline/1.8.0 Node/v16.13.2 OS/(x64-Windows_NT-10.0.22000)",
        "x-ms-client-request-id": "860b8b8d-c072-428c-b929-3de338251916"
      },
      "RequestBody": null,
      "StatusCode": 202,
      "ResponseHeaders": {
        "Access-Control-Expose-Headers": [
          "Docker-Content-Digest",
          "WWW-Authenticate",
          "Link",
          "X-Ms-Correlation-Request-Id"
        ],
        "Connection": "keep-alive",
        "Content-Length": "0",
        "Date": "Fri, 25 Mar 2022 22:41:34 GMT",
        "Docker-Distribution-Api-Version": "registry/2.0",
        "Docker-Upload-Uuid": "682c0fb7-43ba-49cc-a725-32c83878e5dc",
        "Location": "/v2/oci-artifact/blobs/uploads/682c0fb7-43ba-49cc-a725-32c83878e5dc?_nouploadcache=false\u0026_state=L2OD8a1u8oJOYTAbKtU4IdhDteMfOSSroUI4wylNerJ7Ik5hbWUiOiJvY2ktYXJ0aWZhY3QiLCJVVUlEIjoiNjgyYzBmYjctNDNiYS00OWNjLWE3MjUtMzJjODM4NzhlNWRjIiwiT2Zmc2V0IjowLCJTdGFydGVkQXQiOiIyMDIyLTAzLTI1VDIyOjQxOjM0Ljc0ODk4OTk0OVoifQ%3D%3D",
        "Range": "0-0",
        "Server": "openresty",
        "Strict-Transport-Security": [
          "max-age=31536000; includeSubDomains",
          "max-age=31536000; includeSubDomains"
        ],
        "X-Content-Type-Options": "nosniff",
        "X-Ms-Client-Request-Id": "860b8b8d-c072-428c-b929-3de338251916",
        "X-Ms-Correlation-Request-Id": "67b82f50-e991-446a-8d14-d34753ce8790",
        "X-Ms-Request-Id": "554fad5f-c5dc-4404-994c-d5bfa4916445"
      },
      "ResponseBody": null
    },
    {
      "RequestUri": "https://myregistry.azurecr.io/v2/oci-artifact/blobs/uploads/682c0fb7-43ba-49cc-a725-32c83878e5dc?_nouploadcache=false\u0026_state=L2OD8a1u8oJOYTAbKtU4IdhDteMfOSSroUI4wylNerJ7Ik5hbWUiOiJvY2ktYXJ0aWZhY3QiLCJVVUlEIjoiNjgyYzBmYjctNDNiYS00OWNjLWE3MjUtMzJjODM4NzhlNWRjIiwiT2Zmc2V0IjowLCJTdGFydGVkQXQiOiIyMDIyLTAzLTI1VDIyOjQxOjM0Ljc0ODk4OTk0OVoifQ%3D%3D",
      "RequestMethod": "PATCH",
      "RequestHeaders": {
        "Accept": "application/json",
        "Accept-Encoding": "gzip,deflate",
        "Connection": "keep-alive",
        "Content-Length": "28",
        "Content-Type": "application/octet-stream",
        "User-Agent": "azsdk-js-container-registry/1.0.1 core-rest-pipeline/1.8.0 Node/v16.13.2 OS/(x64-Windows_NT-10.0.22000)",
        "x-ms-client-request-id": "1e2c6e72-00e3-4a9f-97dd-816f12000865"
      },
      "RequestBody": "//5oAGUAbABsAG8AIAB3AG8AcgBsAGQADQAKAA==",
      "StatusCode": 401,
      "ResponseHeaders": {
        "Access-Control-Expose-Headers": [
          "Docker-Content-Digest",
          "WWW-Authenticate",
          "Link",
          "X-Ms-Correlation-Request-Id"
        ],
        "Connection": "keep-alive",
        "Content-Length": "266",
        "Content-Type": "application/json; charset=utf-8",
        "Date": "Fri, 25 Mar 2022 22:41:35 GMT",
        "Docker-Distribution-Api-Version": "registry/2.0",
        "Server": "openresty",
        "Strict-Transport-Security": [
          "max-age=31536000; includeSubDomains",
          "max-age=31536000; includeSubDomains"
        ],
        "WWW-Authenticate": "Bearer realm=\u0022https://myregistry.azurecr.io/oauth2/token\u0022,service=\u0022myregistry.azurecr.io\u0022,scope=\u0022repository:oci-artifact:push,pull\u0022",
        "X-Content-Type-Options": "nosniff",
        "X-Ms-Correlation-Request-Id": "e0298f6f-9bf7-4132-8e2e-3a850eae93c6"
      },
      "ResponseBody": {
        "errors": [
          {
            "code": "UNAUTHORIZED",
            "message": "authentication required, visit https://aka.ms/acr/authorization for more information.",
            "detail": [
              {
                "Type": "repository",
                "Name": "oci-artifact",
                "Action": "pull"
              },
              {
                "Type": "repository",
                "Name": "oci-artifact",
                "Action": "push"
              }
            ]
          }
        ]
      }
    },
    {
      "RequestUri": "https://myregistry.azurecr.io/oauth2/token?api-version=2021-07-01",
      "RequestMethod": "POST",
      "RequestHeaders": {
        "Accept": "application/json",
        "Accept-Encoding": "gzip,deflate",
        "Connection": "keep-alive",
        "Content-Length": "163",
        "Content-Type": "application/x-www-form-urlencoded",
        "User-Agent": "azsdk-js-container-registry/1.0.1 core-rest-pipeline/1.8.0 Node/v16.13.2 OS/(x64-Windows_NT-10.0.22000)",
        "x-ms-client-request-id": "c6200d62-7b8a-4d68-8a4f-9e19fe4e36ba"
      },
      "RequestBody": "service=myregistry.azurecr.io\u0026scope=repository%3Aoci-artifact%3Apush%2Cpull\u0026refresh_token=sanitized.eyJleHAiOjg2NDAwMDAwMDAwMDB9.sanitized\u0026grant_type=refresh_token",
      "StatusCode": 200,
      "ResponseHeaders": {
        "Connection": "keep-alive",
        "Content-Type": "application/json; charset=utf-8",
        "Date": "Fri, 25 Mar 2022 22:41:35 GMT",
        "Server": "openresty",
        "Strict-Transport-Security": "max-age=31536000; includeSubDomains",
        "Transfer-Encoding": "chunked",
        "X-Ms-Correlation-Request-Id": "24969797-0a75-490a-b787-89c210f10d59"
      },
      "ResponseBody": {
        "access_token": "Sanitized"
      }
    },
    {
      "RequestUri": "https://myregistry.azurecr.io/v2/oci-artifact/blobs/uploads/682c0fb7-43ba-49cc-a725-32c83878e5dc?_nouploadcache=false\u0026_state=L2OD8a1u8oJOYTAbKtU4IdhDteMfOSSroUI4wylNerJ7Ik5hbWUiOiJvY2ktYXJ0aWZhY3QiLCJVVUlEIjoiNjgyYzBmYjctNDNiYS00OWNjLWE3MjUtMzJjODM4NzhlNWRjIiwiT2Zmc2V0IjowLCJTdGFydGVkQXQiOiIyMDIyLTAzLTI1VDIyOjQxOjM0Ljc0ODk4OTk0OVoifQ%3D%3D",
      "RequestMethod": "PATCH",
      "RequestHeaders": {
        "Accept": "application/json",
        "Accept-Encoding": "gzip,deflate",
        "Authorization": "Sanitized",
        "Connection": "keep-alive",
        "Content-Length": "28",
        "Content-Type": "application/octet-stream",
        "User-Agent": "azsdk-js-container-registry/1.0.1 core-rest-pipeline/1.8.0 Node/v16.13.2 OS/(x64-Windows_NT-10.0.22000)",
        "x-ms-client-request-id": "1e2c6e72-00e3-4a9f-97dd-816f12000865"
      },
      "RequestBody": "//5oAGUAbABsAG8AIAB3AG8AcgBsAGQADQAKAA==",
      "StatusCode": 202,
      "ResponseHeaders": {
        "Access-Control-Expose-Headers": [
          "Docker-Content-Digest",
          "WWW-Authenticate",
          "Link",
          "X-Ms-Correlation-Request-Id"
        ],
        "Connection": "keep-alive",
        "Content-Length": "0",
        "Date": "Fri, 25 Mar 2022 22:41:35 GMT",
        "Docker-Distribution-Api-Version": "registry/2.0",
        "Docker-Upload-Uuid": "682c0fb7-43ba-49cc-a725-32c83878e5dc",
        "Location": "/v2/oci-artifact/blobs/uploads/682c0fb7-43ba-49cc-a725-32c83878e5dc?_nouploadcache=false\u0026_state=lhJJ72a_u153msY6ARDtGuUPz-m6oMryRLHT9apfaRh7Ik5hbWUiOiJvY2ktYXJ0aWZhY3QiLCJVVUlEIjoiNjgyYzBmYjctNDNiYS00OWNjLWE3MjUtMzJjODM4NzhlNWRjIiwiT2Zmc2V0IjoyOCwiU3RhcnRlZEF0IjoiMjAyMi0wMy0yNVQyMjo0MTozNFoifQ%3D%3D",
        "Range": "0-27",
        "Server": "openresty",
        "Strict-Transport-Security": [
          "max-age=31536000; includeSubDomains",
          "max-age=31536000; includeSubDomains"
        ],
        "X-Content-Type-Options": "nosniff",
        "X-Ms-Client-Request-Id": "1e2c6e72-00e3-4a9f-97dd-816f12000865",
        "X-Ms-Correlation-Request-Id": "d788bcf1-f7c7-4fe7-b548-24f26d28e910",
        "X-Ms-Request-Id": "0ce98fbc-2b26-44c9-9a2c-050f88a6969c"
      },
      "ResponseBody": null
    },
    {
      "RequestUri": "https://myregistry.azurecr.io/v2/oci-artifact/blobs/uploads/682c0fb7-43ba-49cc-a725-32c83878e5dc?_nouploadcache=false\u0026_state=lhJJ72a_u153msY6ARDtGuUPz-m6oMryRLHT9apfaRh7Ik5hbWUiOiJvY2ktYXJ0aWZhY3QiLCJVVUlEIjoiNjgyYzBmYjctNDNiYS00OWNjLWE3MjUtMzJjODM4NzhlNWRjIiwiT2Zmc2V0IjoyOCwiU3RhcnRlZEF0IjoiMjAyMi0wMy0yNVQyMjo0MTozNFoifQ%3D%3D\u0026digest=sha256%3A654b93f61054e4ce90ed203bb8d556a6200d5f906cf3eca0620738d6dc18cbed",
      "RequestMethod": "PUT",
      "RequestHeaders": {
        "Accept": "application/json",
        "Accept-Encoding": "gzip,deflate",
        "Connection": "keep-alive",
        "Content-Length": "0",
        "Content-Type": "application/octet-stream",
        "User-Agent": "azsdk-js-container-registry/1.0.1 core-rest-pipeline/1.8.0 Node/v16.13.2 OS/(x64-Windows_NT-10.0.22000)",
        "x-ms-client-request-id": "68f29414-6587-4170-9e85-1bd9f5629119"
      },
      "RequestBody": null,
      "StatusCode": 401,
      "ResponseHeaders": {
        "Access-Control-Expose-Headers": [
          "Docker-Content-Digest",
          "WWW-Authenticate",
          "Link",
          "X-Ms-Correlation-Request-Id"
        ],
        "Connection": "keep-alive",
        "Content-Length": "266",
        "Content-Type": "application/json; charset=utf-8",
        "Date": "Fri, 25 Mar 2022 22:41:35 GMT",
        "Docker-Distribution-Api-Version": "registry/2.0",
        "Server": "openresty",
        "Strict-Transport-Security": [
          "max-age=31536000; includeSubDomains",
          "max-age=31536000; includeSubDomains"
        ],
        "WWW-Authenticate": "Bearer realm=\u0022https://myregistry.azurecr.io/oauth2/token\u0022,service=\u0022myregistry.azurecr.io\u0022,scope=\u0022repository:oci-artifact:push,pull\u0022",
        "X-Content-Type-Options": "nosniff",
        "X-Ms-Correlation-Request-Id": "640be214-4cd0-47ed-9ac6-57cd575c33f3"
      },
      "ResponseBody": {
        "errors": [
          {
            "code": "UNAUTHORIZED",
            "message": "authentication required, visit https://aka.ms/acr/authorization for more information.",
            "detail": [
              {
                "Type": "repository",
                "Name": "oci-artifact",
                "Action": "pull"
              },
              {
                "Type": "repository",
                "Name": "oci-artifact",
                "Action": "push"
              }
            ]
          }
        ]
      }
    },
    {
      "RequestUri": "https://myregistry.azurecr.io/oauth2/token?api-version=2021-07-01",
      "RequestMethod": "POST",
      "RequestHeaders": {
        "Accept": "application/json",
        "Accept-Encoding": "gzip,deflate",
        "Connection": "keep-alive",
        "Content-Length": "163",
        "Content-Type": "application/x-www-form-urlencoded",
        "User-Agent": "azsdk-js-container-registry/1.0.1 core-rest-pipeline/1.8.0 Node/v16.13.2 OS/(x64-Windows_NT-10.0.22000)",
        "x-ms-client-request-id": "006b3d0c-9cb3-4695-9e22-681d2cd14477"
      },
      "RequestBody": "service=myregistry.azurecr.io\u0026scope=repository%3Aoci-artifact%3Apush%2Cpull\u0026refresh_token=sanitized.eyJleHAiOjg2NDAwMDAwMDAwMDB9.sanitized\u0026grant_type=refresh_token",
      "StatusCode": 200,
      "ResponseHeaders": {
        "Connection": "keep-alive",
        "Content-Type": "application/json; charset=utf-8",
        "Date": "Fri, 25 Mar 2022 22:41:36 GMT",
        "Server": "openresty",
        "Strict-Transport-Security": "max-age=31536000; includeSubDomains",
        "Transfer-Encoding": "chunked",
        "X-Ms-Correlation-Request-Id": "7d1a202a-02a4-4262-afa2-9d65fad7953a"
      },
      "ResponseBody": {
        "access_token": "Sanitized"
      }
    },
    {
      "RequestUri": "https://myregistry.azurecr.io/v2/oci-artifact/blobs/uploads/682c0fb7-43ba-49cc-a725-32c83878e5dc?_nouploadcache=false\u0026_state=lhJJ72a_u153msY6ARDtGuUPz-m6oMryRLHT9apfaRh7Ik5hbWUiOiJvY2ktYXJ0aWZhY3QiLCJVVUlEIjoiNjgyYzBmYjctNDNiYS00OWNjLWE3MjUtMzJjODM4NzhlNWRjIiwiT2Zmc2V0IjoyOCwiU3RhcnRlZEF0IjoiMjAyMi0wMy0yNVQyMjo0MTozNFoifQ%3D%3D\u0026digest=sha256%3A654b93f61054e4ce90ed203bb8d556a6200d5f906cf3eca0620738d6dc18cbed",
      "RequestMethod": "PUT",
      "RequestHeaders": {
        "Accept": "application/json",
        "Accept-Encoding": "gzip,deflate",
        "Authorization": "Sanitized",
        "Connection": "keep-alive",
        "Content-Length": "0",
        "Content-Type": "application/octet-stream",
        "User-Agent": "azsdk-js-container-registry/1.0.1 core-rest-pipeline/1.8.0 Node/v16.13.2 OS/(x64-Windows_NT-10.0.22000)",
        "x-ms-client-request-id": "68f29414-6587-4170-9e85-1bd9f5629119"
      },
      "RequestBody": null,
      "StatusCode": 201,
      "ResponseHeaders": {
        "Access-Control-Expose-Headers": [
          "Docker-Content-Digest",
          "WWW-Authenticate",
          "Link",
          "X-Ms-Correlation-Request-Id"
        ],
        "Connection": "keep-alive",
        "Content-Length": "0",
        "Date": "Fri, 25 Mar 2022 22:41:36 GMT",
        "Docker-Content-Digest": "sha256:654b93f61054e4ce90ed203bb8d556a6200d5f906cf3eca0620738d6dc18cbed",
        "Docker-Distribution-Api-Version": "registry/2.0",
        "Location": "/v2/oci-artifact/blobs/sha256:654b93f61054e4ce90ed203bb8d556a6200d5f906cf3eca0620738d6dc18cbed",
        "Server": "openresty",
        "Strict-Transport-Security": [
          "max-age=31536000; includeSubDomains",
          "max-age=31536000; includeSubDomains"
        ],
        "X-Content-Type-Options": "nosniff",
        "X-Ms-Client-Request-Id": "68f29414-6587-4170-9e85-1bd9f5629119",
        "X-Ms-Correlation-Request-Id": "16c3efcb-d3b4-4b55-85b9-278aaa3189d7",
        "X-Ms-Request-Id": "9db40e77-0720-4f4e-bbb9-5a5add03ff9d"
      },
      "ResponseBody": null
    },
    {
      "RequestUri": "https://myregistry.azurecr.io/v2/oci-artifact/blobs/sha256%3A654b93f61054e4ce90ed203bb8d556a6200d5f906cf3eca0620738d6dc18cbed",
      "RequestMethod": "GET",
      "RequestHeaders": {
        "Accept": "application/octet-stream",
        "Accept-Encoding": "gzip,deflate",
        "Connection": "keep-alive",
        "User-Agent": "azsdk-js-container-registry/1.0.1 core-rest-pipeline/1.8.0 Node/v16.13.2 OS/(x64-Windows_NT-10.0.22000)",
        "x-ms-client-request-id": "0e6c5a7c-0ec2-4236-8ff0-a74340436d31"
      },
      "RequestBody": null,
      "StatusCode": 401,
      "ResponseHeaders": {
        "Access-Control-Expose-Headers": [
          "Docker-Content-Digest",
          "WWW-Authenticate",
          "Link",
          "X-Ms-Correlation-Request-Id"
        ],
        "Connection": "keep-alive",
        "Content-Length": "206",
        "Content-Type": "application/json; charset=utf-8",
        "Date": "Fri, 25 Mar 2022 22:41:36 GMT",
        "Docker-Distribution-Api-Version": "registry/2.0",
        "Server": "openresty",
        "Strict-Transport-Security": [
          "max-age=31536000; includeSubDomains",
          "max-age=31536000; includeSubDomains"
        ],
        "WWW-Authenticate": "Bearer realm=\u0022https://myregistry.azurecr.io/oauth2/token\u0022,service=\u0022myregistry.azurecr.io\u0022,scope=\u0022repository:oci-artifact:pull\u0022",
        "X-Content-Type-Options": "nosniff",
        "X-Ms-Correlation-Request-Id": "691348fe-34bf-48cf-aa0c-6e39564e675d"
      },
      "ResponseBody": {
        "errors": [
          {
            "code": "UNAUTHORIZED",
            "message": "authentication required, visit https://aka.ms/acr/authorization for more information.",
            "detail": [
              {
                "Type": "repository",
                "Name": "oci-artifact",
                "Action": "pull"
              }
            ]
          }
        ]
      }
    },
    {
      "RequestUri": "https://myregistry.azurecr.io/oauth2/token?api-version=2021-07-01",
      "RequestMethod": "POST",
      "RequestHeaders": {
        "Accept": "application/json",
        "Accept-Encoding": "gzip,deflate",
        "Connection": "keep-alive",
        "Content-Length": "156",
        "Content-Type": "application/x-www-form-urlencoded",
        "User-Agent": "azsdk-js-container-registry/1.0.1 core-rest-pipeline/1.8.0 Node/v16.13.2 OS/(x64-Windows_NT-10.0.22000)",
        "x-ms-client-request-id": "a62bd35e-ffc5-4f3e-a5d0-9ae7a481fa09"
      },
      "RequestBody": "service=myregistry.azurecr.io\u0026scope=repository%3Aoci-artifact%3Apull\u0026refresh_token=sanitized.eyJleHAiOjg2NDAwMDAwMDAwMDB9.sanitized\u0026grant_type=refresh_token",
      "StatusCode": 200,
      "ResponseHeaders": {
        "Connection": "keep-alive",
        "Content-Type": "application/json; charset=utf-8",
        "Date": "Fri, 25 Mar 2022 22:41:36 GMT",
        "Server": "openresty",
        "Strict-Transport-Security": "max-age=31536000; includeSubDomains",
        "Transfer-Encoding": "chunked",
        "X-Ms-Correlation-Request-Id": "31a9868b-9c39-4090-b50c-8793480117d8"
      },
      "ResponseBody": {
        "access_token": "Sanitized"
      }
    },
    {
      "RequestUri": "https://myregistry.azurecr.io/v2/oci-artifact/blobs/sha256%3A654b93f61054e4ce90ed203bb8d556a6200d5f906cf3eca0620738d6dc18cbed",
      "RequestMethod": "GET",
      "RequestHeaders": {
        "Accept": "application/octet-stream",
        "Accept-Encoding": "gzip,deflate",
        "Authorization": "Sanitized",
        "Connection": "keep-alive",
        "User-Agent": "azsdk-js-container-registry/1.0.1 core-rest-pipeline/1.8.0 Node/v16.13.2 OS/(x64-Windows_NT-10.0.22000)",
        "x-ms-client-request-id": "0e6c5a7c-0ec2-4236-8ff0-a74340436d31"
      },
      "RequestBody": null,
      "StatusCode": 200,
      "ResponseHeaders": {
        "Accept-Ranges": "bytes",
        "Content-Length": "28",
        "Content-Type": "application/octet-stream",
        "Date": "Fri, 25 Mar 2022 22:41:37 GMT",
        "ETag": "\u00220x8DA0B6CB9DEB2E7\u0022",
        "Last-Modified": "Mon, 21 Mar 2022 18:58:02 GMT",
        "Server": [
          "Windows-Azure-Blob/1.0",
          "Microsoft-HTTPAPI/2.0"
        ],
        "x-ms-blob-committed-block-count": "1",
        "x-ms-blob-type": "AppendBlob",
        "x-ms-copy-completion-time": "Mon, 21 Mar 2022 18:58:02 GMT",
        "x-ms-copy-id": "390b34fa-1770-4be5-9e89-ab8984393a36",
        "x-ms-copy-progress": "28/28",
        "x-ms-copy-source": "https://eusmanaged44.blob.core.windows.net/3bed0a4a849e4153a900c52adffdf79b-qab7p90gsb//docker/registry/v2/blobs/sha256/65/654b93f61054e4ce90ed203bb8d556a6200d5f906cf3eca0620738d6dc18cbed/data?sv=2018-03-28\u0026sr=b\u0026se=2022-03-28T18%3A58%3A02Z\u0026sp=r\u0026api-version=2018-03-28",
        "x-ms-copy-status": "success",
        "x-ms-lease-state": "available",
        "x-ms-lease-status": "unlocked",
        "x-ms-request-id": "09556f4d-c01e-0006-7e99-40b399000000",
        "x-ms-server-encrypted": "true",
        "x-ms-version": "2016-05-31"
      },
      "ResponseBody": "//5oAGUAbABsAG8AIAB3AG8AcgBsAGQADQAKAA=="
    }
  ],
  "Variables": {}
}
