{
  "Entries": [
    {
      "RequestUri": "https://endpoint/phoneNumbers/%2B14155550100/capabilities?api-version=2023-05-01-preview",
      "RequestMethod": "PATCH",
      "RequestHeaders": {
        "Accept": "application/json",
        "Accept-Encoding": "gzip,deflate",
        "Authorization": "Sanitized",
        "Connection": "keep-alive",
        "Content-Length": "35",
        "Content-Type": "application/merge-patch\u002Bjson",
        "User-Agent": "azsdk-js-communication-phone-numbers/1.2.0 core-rest-pipeline/1.11.1 Node/v14.17.5 OS/(x64-Windows_NT-10.0.22621)",
        "x-ms-client-request-id": "sanitized",
        "x-ms-content-sha256": "UC9kRixTqGBHL8/8LDOWaZFJCLceepyhWJ\u002B/vn6WEYQ=",
        "x-ms-date": "Mon, 19 Jun 2023 17:05:57 GMT"
      },
      "RequestBody": {
        "calling": "none",
        "sms": "outbound"
      },
      "StatusCode": 202,
      "ResponseHeaders": {
        "Access-Control-Expose-Headers": "Operation-Location,Location,operation-id,capabilities-id",
        "api-supported-versions": "2021-03-07, 2022-01-11-preview2, 2022-06-01-preview, 2022-12-01, 2022-12-02-preview2, 2023-05-01-preview",
        "capabilities-id": "sanitized",
        "Content-Length": "36",
        "Content-Type": "application/json; charset=utf-8",
        "Date": "Mon, 19 Jun 2023 17:05:59 GMT",
        "Location": "/phoneNumbers/\u002B14155550100?api-version=2023-05-01-preview",
        "MS-CV": "5gnf1aoCjEu30ozbkPUb5g.0",
        "operation-id": "capabilities_sanitized",
        "Operation-Location": "/phoneNumbers/operations/capabilities_sanitized?api-version=2023-05-01-preview",
        "Strict-Transport-Security": "max-age=2592000",
        "X-Azure-Ref": "09YqQZAAAAAANhSCs/VhTSI\u002BU9afGfsRNUERYMzFFREdFMDIwOQA5ZmM3YjUxOS1hOGNjLTRmODktOTM1ZS1jOTE0OGFlMDllODE=",
        "X-Cache": "CONFIG_NOCACHE",
        "X-Processing-Time": "3043ms"
      },
      "ResponseBody": {
        "capabilitiesUpdateId": "sanitized"
      }
    },
    {
      "RequestUri": "https://endpoint/phoneNumbers/operations/capabilities_sanitized?api-version=2023-05-01-preview",
      "RequestMethod": "GET",
      "RequestHeaders": {
        "Accept": "application/json",
        "Accept-Encoding": "gzip,deflate",
        "Authorization": "Sanitized",
        "Connection": "keep-alive",
        "Content-Type": "application/merge-patch\u002Bjson",
        "User-Agent": "azsdk-js-communication-phone-numbers/1.2.0 core-rest-pipeline/1.11.1 Node/v14.17.5 OS/(x64-Windows_NT-10.0.22621)",
        "x-ms-client-request-id": "sanitized",
        "x-ms-content-sha256": "47DEQpj8HBSa\u002B/TImW\u002B5JCeuQeRkm5NMpJWZG3hSuFU=",
        "x-ms-date": "Mon, 19 Jun 2023 17:06:00 GMT"
      },
      "RequestBody": null,
      "StatusCode": 200,
      "ResponseHeaders": {
        "Access-Control-Expose-Headers": "Location",
        "api-supported-versions": "2021-03-07, 2022-01-11-preview2, 2022-06-01-preview, 2022-11-15-preview, 2022-12-01, 2022-12-02-preview2, 2023-05-01-preview",
        "Content-Type": "application/json; charset=utf-8",
        "Date": "Mon, 19 Jun 2023 17:05:59 GMT",
        "Location": "/phoneNumbers/\u002B14155550100?api-version=2023-05-01-preview",
        "MS-CV": "SHZ8nL3Rm0eVGANvOT9YXw.0",
        "Strict-Transport-Security": "max-age=2592000",
        "Transfer-Encoding": "chunked",
        "X-Azure-Ref": "0\u002BIqQZAAAAABW9yhqtDm8SYhS30fP8ru6UERYMzFFREdFMDIwOQA5ZmM3YjUxOS1hOGNjLTRmODktOTM1ZS1jOTE0OGFlMDllODE=",
        "X-Cache": "CONFIG_NOCACHE",
        "X-Processing-Time": "157ms"
      },
      "ResponseBody": {
        "operationType": "updatePhoneNumberCapabilities",
        "status": "running",
        "resourceLocation": "/phoneNumbers/\u002B14155550100?api-version=2023-05-01-preview",
        "createdDateTime": "2023-06-19T17:06:00.4585924\u002B00:00",
        "id": "capabilities_sanitized",
        "lastActionDateTime": "0001-01-01T00:00:00\u002B00:00"
      }
    },
    {
      "RequestUri": "https://endpoint/phoneNumbers/operations/capabilities_sanitized?api-version=2023-05-01-preview",
      "RequestMethod": "GET",
      "RequestHeaders": {
        "Accept": "application/json",
        "Accept-Encoding": "gzip,deflate",
        "Authorization": "Sanitized",
        "Connection": "keep-alive",
        "Content-Type": "application/merge-patch\u002Bjson",
        "User-Agent": "azsdk-js-communication-phone-numbers/1.2.0 core-rest-pipeline/1.11.1 Node/v14.17.5 OS/(x64-Windows_NT-10.0.22621)",
        "x-ms-client-request-id": "sanitized",
        "x-ms-content-sha256": "47DEQpj8HBSa\u002B/TImW\u002B5JCeuQeRkm5NMpJWZG3hSuFU=",
        "x-ms-date": "Mon, 19 Jun 2023 17:06:00 GMT"
      },
      "RequestBody": null,
      "StatusCode": 200,
      "ResponseHeaders": {
        "Access-Control-Expose-Headers": "Location",
        "api-supported-versions": "2021-03-07, 2022-01-11-preview2, 2022-06-01-preview, 2022-11-15-preview, 2022-12-01, 2022-12-02-preview2, 2023-05-01-preview",
        "Content-Type": "application/json; charset=utf-8",
        "Date": "Mon, 19 Jun 2023 17:06:00 GMT",
        "Location": "/phoneNumbers/\u002B14155550100?api-version=2023-05-01-preview",
        "MS-CV": "TkhZStYCkU6\u002Bzto5lRcK4Q.0",
        "Strict-Transport-Security": "max-age=2592000",
        "Transfer-Encoding": "chunked",
        "X-Azure-Ref": "0\u002BIqQZAAAAAB7R89kmjQITp5vrvS7E/sJUERYMzFFREdFMDIwOQA5ZmM3YjUxOS1hOGNjLTRmODktOTM1ZS1jOTE0OGFlMDllODE=",
        "X-Cache": "CONFIG_NOCACHE",
        "X-Processing-Time": "182ms"
      },
      "ResponseBody": {
        "operationType": "updatePhoneNumberCapabilities",
        "status": "running",
        "resourceLocation": "/phoneNumbers/\u002B14155550100?api-version=2023-05-01-preview",
        "createdDateTime": "2023-06-19T17:06:00.4585924\u002B00:00",
        "id": "capabilities_sanitized",
        "lastActionDateTime": "0001-01-01T00:00:00\u002B00:00"
      }
    },
    {
      "RequestUri": "https://endpoint/phoneNumbers/operations/capabilities_sanitized?api-version=2023-05-01-preview",
      "RequestMethod": "GET",
      "RequestHeaders": {
        "Accept": "application/json",
        "Accept-Encoding": "gzip,deflate",
        "Authorization": "Sanitized",
        "Connection": "keep-alive",
        "Content-Type": "application/merge-patch\u002Bjson",
        "User-Agent": "azsdk-js-communication-phone-numbers/1.2.0 core-rest-pipeline/1.11.1 Node/v14.17.5 OS/(x64-Windows_NT-10.0.22621)",
        "x-ms-client-request-id": "sanitized",
        "x-ms-content-sha256": "47DEQpj8HBSa\u002B/TImW\u002B5JCeuQeRkm5NMpJWZG3hSuFU=",
        "x-ms-date": "Mon, 19 Jun 2023 17:06:03 GMT"
      },
      "RequestBody": null,
      "StatusCode": 200,
      "ResponseHeaders": {
        "Access-Control-Expose-Headers": "Location",
        "api-supported-versions": "2021-03-07, 2022-01-11-preview2, 2022-06-01-preview, 2022-11-15-preview, 2022-12-01, 2022-12-02-preview2, 2023-05-01-preview",
        "Content-Type": "application/json; charset=utf-8",
        "Date": "Mon, 19 Jun 2023 17:06:02 GMT",
        "Location": "/phoneNumbers/\u002B14155550100?api-version=2023-05-01-preview",
        "MS-CV": "nstzFakz5kuwkUm0NTEHIQ.0",
        "Strict-Transport-Security": "max-age=2592000",
        "Transfer-Encoding": "chunked",
        "X-Azure-Ref": "0\u002B4qQZAAAAABEiA64F3rjS6NslhFVg6o4UERYMzFFREdFMDIwOQA5ZmM3YjUxOS1hOGNjLTRmODktOTM1ZS1jOTE0OGFlMDllODE=",
        "X-Cache": "CONFIG_NOCACHE",
        "X-Processing-Time": "152ms"
      },
      "ResponseBody": {
        "operationType": "updatePhoneNumberCapabilities",
        "status": "running",
        "resourceLocation": "/phoneNumbers/\u002B14155550100?api-version=2023-05-01-preview",
        "createdDateTime": "2023-06-19T17:06:00.4585924\u002B00:00",
        "id": "capabilities_sanitized",
        "lastActionDateTime": "0001-01-01T00:00:00\u002B00:00"
      }
    },
    {
      "RequestUri": "https://endpoint/phoneNumbers/operations/capabilities_sanitized?api-version=2023-05-01-preview",
      "RequestMethod": "GET",
      "RequestHeaders": {
        "Accept": "application/json",
        "Accept-Encoding": "gzip,deflate",
        "Authorization": "Sanitized",
        "Connection": "keep-alive",
        "Content-Type": "application/merge-patch\u002Bjson",
        "User-Agent": "azsdk-js-communication-phone-numbers/1.2.0 core-rest-pipeline/1.11.1 Node/v14.17.5 OS/(x64-Windows_NT-10.0.22621)",
        "x-ms-client-request-id": "sanitized",
        "x-ms-content-sha256": "47DEQpj8HBSa\u002B/TImW\u002B5JCeuQeRkm5NMpJWZG3hSuFU=",
        "x-ms-date": "Mon, 19 Jun 2023 17:06:05 GMT"
      },
      "RequestBody": null,
      "StatusCode": 200,
      "ResponseHeaders": {
        "Access-Control-Expose-Headers": "Location",
        "api-supported-versions": "2021-03-07, 2022-01-11-preview2, 2022-06-01-preview, 2022-11-15-preview, 2022-12-01, 2022-12-02-preview2, 2023-05-01-preview",
        "Content-Type": "application/json; charset=utf-8",
        "Date": "Mon, 19 Jun 2023 17:06:04 GMT",
        "Location": "/phoneNumbers/\u002B14155550100?api-version=2023-05-01-preview",
        "MS-CV": "AOYCmImTTk28u1iv7vdyIw.0",
        "Strict-Transport-Security": "max-age=2592000",
        "Transfer-Encoding": "chunked",
        "X-Azure-Ref": "0/YqQZAAAAADh1jO7t1PXQ7OrVw\u002BNT9WAUERYMzFFREdFMDIwOQA5ZmM3YjUxOS1hOGNjLTRmODktOTM1ZS1jOTE0OGFlMDllODE=",
        "X-Cache": "CONFIG_NOCACHE",
        "X-Processing-Time": "149ms"
      },
      "ResponseBody": {
        "operationType": "updatePhoneNumberCapabilities",
        "status": "succeeded",
        "resourceLocation": "/phoneNumbers/\u002B14155550100?api-version=2023-05-01-preview",
        "createdDateTime": "2023-06-19T17:06:00.4585924\u002B00:00",
        "id": "capabilities_sanitized",
        "lastActionDateTime": "0001-01-01T00:00:00\u002B00:00"
      }
    },
    {
      "RequestUri": "https://endpoint/phoneNumbers/\u002B14155550100?api-version=2023-05-01-preview",
      "RequestMethod": "GET",
      "RequestHeaders": {
        "Accept": "application/json",
        "Accept-Encoding": "gzip,deflate",
        "Authorization": "Sanitized",
        "Connection": "keep-alive",
        "Content-Type": "application/merge-patch\u002Bjson",
        "User-Agent": "azsdk-js-communication-phone-numbers/1.2.0 core-rest-pipeline/1.11.1 Node/v14.17.5 OS/(x64-Windows_NT-10.0.22621)",
        "x-ms-client-request-id": "sanitized",
        "x-ms-content-sha256": "47DEQpj8HBSa\u002B/TImW\u002B5JCeuQeRkm5NMpJWZG3hSuFU=",
        "x-ms-date": "Mon, 19 Jun 2023 17:06:05 GMT"
      },
      "RequestBody": null,
      "StatusCode": 200,
      "ResponseHeaders": {
        "api-supported-versions": "2021-03-07, 2022-01-11-preview2, 2022-06-01-preview, 2022-12-01, 2022-12-02-preview2, 2023-05-01-preview",
        "Content-Length": "302",
        "Content-Type": "application/json; charset=utf-8",
        "Date": "Mon, 19 Jun 2023 17:06:06 GMT",
        "MS-CV": "1K6iUhcdSk6oFzBAK4hkcA.0",
        "Strict-Transport-Security": "max-age=2592000",
        "X-Azure-Ref": "0/YqQZAAAAADJy5qII1foQ495DHFZXMSzUERYMzFFREdFMDIwOQA5ZmM3YjUxOS1hOGNjLTRmODktOTM1ZS1jOTE0OGFlMDllODE=",
        "X-Cache": "CONFIG_NOCACHE",
        "X-Processing-Time": "1601ms"
      },
      "ResponseBody": {
        "id": "14155550100",
        "phoneNumber": "\u002B14155550100",
        "countryCode": "US",
        "phoneNumberType": "tollFree",
        "capabilities": {
          "calling": "none",
          "sms": "outbound"
        },
        "assignmentType": "application",
        "purchaseDate": "2021-06-23T23:31:47.0550566\u002B00:00",
        "cost": {
          "amount": 2.0,
          "currencyCode": "USD",
          "billingFrequency": "monthly"
        }
      }
    }
  ],
  "Variables": {}
}
