{
  "Entries": [
    {
      "RequestUri": "https://fakestorageaccount.blob.core.windows.net/container167511307198309434?restype=container",
      "RequestMethod": "PUT",
      "RequestHeaders": {
        "Accept": "application/xml",
        "Authorization": "Sanitized",
        "Connection": "keep-alive",
        "Content-Length": "0",
        "User-Agent": "azsdk-js-azure-storage-blob/12.13.0 core-rest-pipeline/1.10.2 Node/v16.18.0 OS/(x64-Linux-5.4.0-1100-azure)",
        "x-ms-client-request-id": "1db61d5d-b230-4595-ae28-3800f9a56417",
        "x-ms-date": "Mon, 30 Jan 2023 21:11:11 GMT",
        "x-ms-version": "2021-12-02"
      },
      "RequestBody": null,
      "StatusCode": 201,
      "ResponseHeaders": {
        "Content-Length": "0",
        "Date": "Mon, 30 Jan 2023 21:11:11 GMT",
        "ETag": "\u00220x8DB030683EE026F\u0022",
        "Last-Modified": "Mon, 30 Jan 2023 21:11:12 GMT",
        "Server": [
          "Windows-Azure-Blob/1.0",
          "Microsoft-HTTPAPI/2.0"
        ],
        "x-ms-client-request-id": "1db61d5d-b230-4595-ae28-3800f9a56417",
        "x-ms-request-id": "e3d69470-401e-003a-60ef-34d0c9000000",
        "x-ms-version": "2021-12-02"
      },
      "ResponseBody": null
    },
    {
      "RequestUri": "https://fakestorageaccount.blob.core.windows.net/container167511307198309434/srcblob/%252%2B%252F167511307215108728",
      "RequestMethod": "PUT",
      "RequestHeaders": {
        "Accept": "application/xml",
        "Authorization": "Sanitized",
        "Connection": "keep-alive",
        "Content-Length": "11",
        "Content-Type": "application/octet-stream",
        "User-Agent": "azsdk-js-azure-storage-blob/12.13.0 core-rest-pipeline/1.10.2 Node/v16.18.0 OS/(x64-Linux-5.4.0-1100-azure)",
        "x-ms-blob-cache-control": "blobCacheControl",
        "x-ms-blob-content-disposition": "blobContentDisposition",
        "x-ms-blob-content-encoding": "blobContentEncoding",
        "x-ms-blob-content-language": "blobContentLanguage",
        "x-ms-blob-content-type": "blobContentType",
        "x-ms-blob-type": "BlockBlob",
        "x-ms-client-request-id": "c2d08220-4a8b-4a5e-93db-78fc94513ed2",
        "x-ms-date": "Mon, 30 Jan 2023 21:11:12 GMT",
        "x-ms-version": "2021-12-02"
      },
      "RequestBody": "SGVsbG8gV29ybGQ=",
      "StatusCode": 201,
      "ResponseHeaders": {
        "Content-Length": "0",
        "Content-MD5": "sQqNsWTgdUEFt6mb5y4/5Q==",
        "Date": "Mon, 30 Jan 2023 21:11:11 GMT",
        "ETag": "\u00220x8DB030683F96398\u0022",
        "Last-Modified": "Mon, 30 Jan 2023 21:11:12 GMT",
        "Server": [
          "Windows-Azure-Blob/1.0",
          "Microsoft-HTTPAPI/2.0"
        ],
        "x-ms-client-request-id": "c2d08220-4a8b-4a5e-93db-78fc94513ed2",
        "x-ms-content-crc64": "YeJLfssylmU=",
        "x-ms-request-id": "e3d6951c-401e-003a-6bef-34d0c9000000",
        "x-ms-request-server-encrypted": "true",
        "x-ms-version": "2021-12-02",
        "x-ms-version-id": "2023-01-30T21:11:12.1903512Z"
      },
      "ResponseBody": null
    },
    {
      "RequestUri": "https://fakestorageaccount.blob.core.windows.net/container167511307198309434/blockblob167511307215007535",
      "RequestMethod": "PUT",
      "RequestHeaders": {
        "Accept": "application/xml",
        "Authorization": "Sanitized",
        "Connection": "keep-alive",
        "Content-Length": "0",
        "User-Agent": "azsdk-js-azure-storage-blob/12.13.0 core-rest-pipeline/1.10.2 Node/v16.18.0 OS/(x64-Linux-5.4.0-1100-azure)",
        "x-ms-blob-type": "BlockBlob",
        "x-ms-client-request-id": "47524607-7779-433d-aa94-891209c86dcf",
        "x-ms-date": "Mon, 30 Jan 2023 21:11:12 GMT",
        "x-ms-source-if-match": "\u00220x8DB030683F96398\u0022",
        "x-ms-version": "2021-12-02"
      },
      "RequestBody": null,
      "StatusCode": 201,
      "ResponseHeaders": {
        "Content-Length": "0",
        "Date": "Mon, 30 Jan 2023 21:11:11 GMT",
        "ETag": "\u00220x8DB030684060BF7\u0022",
        "Last-Modified": "Mon, 30 Jan 2023 21:11:12 GMT",
        "Server": [
          "Windows-Azure-Blob/1.0",
          "Microsoft-HTTPAPI/2.0"
        ],
        "x-ms-client-request-id": "47524607-7779-433d-aa94-891209c86dcf",
        "x-ms-content-crc64": "YeJLfssylmU=",
        "x-ms-request-id": "e3d6956d-401e-003a-34ef-34d0c9000000",
        "x-ms-request-server-encrypted": "true",
        "x-ms-version": "2021-12-02",
        "x-ms-version-id": "2023-01-30T21:11:12.2743039Z"
      },
      "ResponseBody": null
    },
    {
      "RequestUri": "https://fakestorageaccount.blob.core.windows.net/container167511307198309434/blockblob167511307215007535",
      "RequestMethod": "PUT",
      "RequestHeaders": {
        "Accept": "application/xml",
        "Authorization": "Sanitized",
        "Connection": "keep-alive",
        "Content-Length": "0",
        "User-Agent": "azsdk-js-azure-storage-blob/12.13.0 core-rest-pipeline/1.10.2 Node/v16.18.0 OS/(x64-Linux-5.4.0-1100-azure)",
        "x-ms-blob-type": "BlockBlob",
        "x-ms-client-request-id": "dc3ec797-86bd-44eb-b004-00eb8f8890c0",
        "x-ms-date": "Mon, 30 Jan 2023 21:11:12 GMT",
        "x-ms-source-if-match": "\u0022invalidetag\u0022",
        "x-ms-version": "2021-12-02"
      },
      "RequestBody": null,
      "StatusCode": 412,
      "ResponseHeaders": {
        "Content-Length": "265",
        "Content-Type": "application/xml",
        "Date": "Mon, 30 Jan 2023 21:11:11 GMT",
        "Server": [
          "Windows-Azure-Blob/1.0",
          "Microsoft-HTTPAPI/2.0"
        ],
        "x-ms-client-request-id": "dc3ec797-86bd-44eb-b004-00eb8f8890c0",
        "x-ms-error-code": "SourceConditionNotMet",
        "x-ms-request-id": "e3d695cf-401e-003a-0cef-34d0c9000000",
        "x-ms-version": "2021-12-02"
      },
      "ResponseBody": [
        "\uFEFF\u003C?xml version=\u00221.0\u0022 encoding=\u0022utf-8\u0022?\u003E\u003CError\u003E\u003CCode\u003ESourceConditionNotMet\u003C/Code\u003E\u003CMessage\u003EThe source condition specified using HTTP conditional header(s) is not met.\n",
        "RequestId:e3d695cf-401e-003a-0cef-34d0c9000000\n",
        "Time:2023-01-30T21:11:12.3416447Z\u003C/Message\u003E\u003C/Error\u003E"
      ]
    },
    {
      "RequestUri": "https://fakestorageaccount.blob.core.windows.net/container167511307198309434?restype=container",
      "RequestMethod": "DELETE",
      "RequestHeaders": {
        "Accept": "application/xml",
        "Authorization": "Sanitized",
        "Connection": "keep-alive",
        "User-Agent": "azsdk-js-azure-storage-blob/12.13.0 core-rest-pipeline/1.10.2 Node/v16.18.0 OS/(x64-Linux-5.4.0-1100-azure)",
        "x-ms-client-request-id": "84bec627-38f0-4925-9625-529d3e00f59d",
        "x-ms-date": "Mon, 30 Jan 2023 21:11:12 GMT",
        "x-ms-version": "2021-12-02"
      },
      "RequestBody": null,
      "StatusCode": 202,
      "ResponseHeaders": {
        "Content-Length": "0",
        "Date": "Mon, 30 Jan 2023 21:11:11 GMT",
        "Server": [
          "Windows-Azure-Blob/1.0",
          "Microsoft-HTTPAPI/2.0"
        ],
        "x-ms-client-request-id": "84bec627-38f0-4925-9625-529d3e00f59d",
        "x-ms-request-id": "e3d69614-401e-003a-4bef-34d0c9000000",
        "x-ms-version": "2021-12-02"
      },
      "ResponseBody": null
    }
  ],
  "Variables": {
    "blockblob": "blockblob167511307215007535",
    "container": "container167511307198309434",
    "expiry": "2023-01-30T21:11:12.224Z",
    "srcblob/%2\u002B%2F": "srcblob/%2\u002B%2F167511307215108728"
  }
}
