{
  "Entries": [
    {
      "RequestUri": "https://fakestorageaccount.blob.core.windows.net/container167511306629404271?restype=container",
      "RequestMethod": "PUT",
      "RequestHeaders": {
        "Accept": "application/xml",
        "Authorization": "Sanitized",
        "Connection": "keep-alive",
        "Content-Length": "0",
        "User-Agent": "azsdk-js-azure-storage-blob/12.13.0 core-rest-pipeline/1.10.2 Node/v16.18.0 OS/(x64-Linux-5.4.0-1100-azure)",
        "x-ms-client-request-id": "3d3560e2-a4fd-479f-b9a0-17acb82bd19c",
        "x-ms-date": "Mon, 30 Jan 2023 21:11:06 GMT",
        "x-ms-version": "2021-12-02"
      },
      "RequestBody": null,
      "StatusCode": 201,
      "ResponseHeaders": {
        "Content-Length": "0",
        "Date": "Mon, 30 Jan 2023 21:11:05 GMT",
        "ETag": "\u00220x8DB0306807ABA36\u0022",
        "Last-Modified": "Mon, 30 Jan 2023 21:11:06 GMT",
        "Server": [
          "Windows-Azure-Blob/1.0",
          "Microsoft-HTTPAPI/2.0"
        ],
        "x-ms-client-request-id": "3d3560e2-a4fd-479f-b9a0-17acb82bd19c",
        "x-ms-request-id": "e3d67d16-401e-003a-18ef-34d0c9000000",
        "x-ms-version": "2021-12-02"
      },
      "ResponseBody": null
    },
    {
      "RequestUri": "https://fakestorageaccount.blob.core.windows.net/container167511306629404271/srcblob/%252%2B%252F167511306636303890",
      "RequestMethod": "PUT",
      "RequestHeaders": {
        "Accept": "application/xml",
        "Authorization": "Sanitized",
        "Connection": "keep-alive",
        "Content-Length": "11",
        "Content-Type": "application/octet-stream",
        "User-Agent": "azsdk-js-azure-storage-blob/12.13.0 core-rest-pipeline/1.10.2 Node/v16.18.0 OS/(x64-Linux-5.4.0-1100-azure)",
        "x-ms-blob-cache-control": "blobCacheControl",
        "x-ms-blob-content-disposition": "blobContentDisposition",
        "x-ms-blob-content-encoding": "blobContentEncoding",
        "x-ms-blob-content-language": "blobContentLanguage",
        "x-ms-blob-content-type": "blobContentType",
        "x-ms-blob-type": "BlockBlob",
        "x-ms-client-request-id": "ab07ebf8-9a69-4572-9968-693bb17b486c",
        "x-ms-date": "Mon, 30 Jan 2023 21:11:06 GMT",
        "x-ms-version": "2021-12-02"
      },
      "RequestBody": "SGVsbG8gV29ybGQ=",
      "StatusCode": 201,
      "ResponseHeaders": {
        "Content-Length": "0",
        "Content-MD5": "sQqNsWTgdUEFt6mb5y4/5Q==",
        "Date": "Mon, 30 Jan 2023 21:11:05 GMT",
        "ETag": "\u00220x8DB030680857D14\u0022",
        "Last-Modified": "Mon, 30 Jan 2023 21:11:06 GMT",
        "Server": [
          "Windows-Azure-Blob/1.0",
          "Microsoft-HTTPAPI/2.0"
        ],
        "x-ms-client-request-id": "ab07ebf8-9a69-4572-9968-693bb17b486c",
        "x-ms-content-crc64": "YeJLfssylmU=",
        "x-ms-request-id": "e3d67d61-401e-003a-5eef-34d0c9000000",
        "x-ms-request-server-encrypted": "true",
        "x-ms-version": "2021-12-02",
        "x-ms-version-id": "2023-01-30T21:11:06.3976212Z"
      },
      "ResponseBody": null
    },
    {
      "RequestUri": "https://fakestorageaccount.blob.core.windows.net/container167511306629404271/blockblob167511306636201771",
      "RequestMethod": "PUT",
      "RequestHeaders": {
        "Accept": "application/xml",
        "Authorization": "Sanitized",
        "Connection": "keep-alive",
        "Content-Length": "0",
        "User-Agent": "azsdk-js-azure-storage-blob/12.13.0 core-rest-pipeline/1.10.2 Node/v16.18.0 OS/(x64-Linux-5.4.0-1100-azure)",
        "x-ms-blob-type": "BlockBlob",
        "x-ms-client-request-id": "68b0b81c-2929-4fd1-8b9d-b26234be19d7",
        "x-ms-version": "2021-12-02"
      },
      "RequestBody": null,
      "StatusCode": 201,
      "ResponseHeaders": {
        "Content-Length": "0",
        "Date": "Mon, 30 Jan 2023 21:11:06 GMT",
        "ETag": "\u00220x8DB030680D31CB0\u0022",
        "Last-Modified": "Mon, 30 Jan 2023 21:11:06 GMT",
        "Server": [
          "Windows-Azure-Blob/1.0",
          "Microsoft-HTTPAPI/2.0"
        ],
        "x-ms-client-request-id": "68b0b81c-2929-4fd1-8b9d-b26234be19d7",
        "x-ms-content-crc64": "YeJLfssylmU=",
        "x-ms-request-id": "e3d67ede-401e-003a-22ef-34d0c9000000",
        "x-ms-request-server-encrypted": "true",
        "x-ms-version": "2021-12-02",
        "x-ms-version-id": "2023-01-30T21:11:06.9073337Z"
      },
      "ResponseBody": null
    },
    {
      "RequestUri": "https://fakestorageaccount.blob.core.windows.net/container167511306629404271/blockblob167511306636201771",
      "RequestMethod": "GET",
      "RequestHeaders": {
        "Accept": "application/xml",
        "Authorization": "Sanitized",
        "Connection": "keep-alive",
        "User-Agent": "azsdk-js-azure-storage-blob/12.13.0 core-rest-pipeline/1.10.2 Node/v16.18.0 OS/(x64-Linux-5.4.0-1100-azure)",
        "x-ms-client-request-id": "29c22bb9-d6e3-4d0b-8354-d8b4f4c812a5",
        "x-ms-date": "Mon, 30 Jan 2023 21:11:06 GMT",
        "x-ms-version": "2021-12-02"
      },
      "RequestBody": null,
      "StatusCode": 200,
      "ResponseHeaders": {
        "Accept-Ranges": "bytes",
        "Access-Control-Allow-Origin": "*",
        "Access-Control-Expose-Headers": "x-ms-request-id,x-ms-client-request-id,Server,x-ms-version,x-ms-version-id,x-ms-is-current-version,Content-Type,Content-Encoding,Content-Language,Cache-Control,Last-Modified,ETag,x-ms-creation-time,Content-MD5,x-ms-lease-status,x-ms-lease-state,x-ms-blob-type,Content-Disposition,x-ms-server-encrypted,Accept-Ranges,Content-Length,Date,Transfer-Encoding",
        "Cache-Control": "blobCacheControl",
        "Content-Disposition": "blobContentDisposition",
        "Content-Encoding": "blobContentEncoding",
        "Content-Language": "blobContentLanguage",
        "Content-Length": "11",
        "Content-MD5": "sQqNsWTgdUEFt6mb5y4/5Q==",
        "Content-Type": "blobContentType",
        "Date": "Mon, 30 Jan 2023 21:11:06 GMT",
        "ETag": "\u00220x8DB030680D31CB0\u0022",
        "Last-Modified": "Mon, 30 Jan 2023 21:11:06 GMT",
        "Server": [
          "Windows-Azure-Blob/1.0",
          "Microsoft-HTTPAPI/2.0"
        ],
        "x-ms-blob-type": "BlockBlob",
        "x-ms-client-request-id": "29c22bb9-d6e3-4d0b-8354-d8b4f4c812a5",
        "x-ms-creation-time": "Mon, 30 Jan 2023 21:11:06 GMT",
        "x-ms-is-current-version": "true",
        "x-ms-lease-state": "available",
        "x-ms-lease-status": "unlocked",
        "x-ms-request-id": "e3d67f52-401e-003a-09ef-34d0c9000000",
        "x-ms-server-encrypted": "true",
        "x-ms-version": "2021-12-02",
        "x-ms-version-id": "2023-01-30T21:11:06.9073337Z"
      },
      "ResponseBody": "SGVsbG8gV29ybGQ="
    },
    {
      "RequestUri": "https://fakestorageaccount.blob.core.windows.net/container167511306629404271?restype=container",
      "RequestMethod": "DELETE",
      "RequestHeaders": {
        "Accept": "application/xml",
        "Authorization": "Sanitized",
        "Connection": "keep-alive",
        "User-Agent": "azsdk-js-azure-storage-blob/12.13.0 core-rest-pipeline/1.10.2 Node/v16.18.0 OS/(x64-Linux-5.4.0-1100-azure)",
        "x-ms-client-request-id": "37b0e1ad-e01c-49ce-851c-19ad92a55df4",
        "x-ms-date": "Mon, 30 Jan 2023 21:11:07 GMT",
        "x-ms-version": "2021-12-02"
      },
      "RequestBody": null,
      "StatusCode": 202,
      "ResponseHeaders": {
        "Content-Length": "0",
        "Date": "Mon, 30 Jan 2023 21:11:06 GMT",
        "Server": [
          "Windows-Azure-Blob/1.0",
          "Microsoft-HTTPAPI/2.0"
        ],
        "x-ms-client-request-id": "37b0e1ad-e01c-49ce-851c-19ad92a55df4",
        "x-ms-request-id": "e3d67f93-401e-003a-45ef-34d0c9000000",
        "x-ms-version": "2021-12-02"
      },
      "ResponseBody": null
    }
  ],
  "Variables": {
    "blockblob": "blockblob167511306636201771",
    "container": "container167511306629404271",
    "expiry": "2023-01-30T21:11:06.429Z",
    "srcblob/%2\u002B%2F": "srcblob/%2\u002B%2F167511306636303890"
  }
}
