{
  "Entries": [
    {
      "RequestUri": "https://management.azure.com/subscriptions/azure_subscription_id/resourceGroups/myjstest/providers/Microsoft.Sql/servers/myserverppp?api-version=2021-02-01-preview",
      "RequestMethod": "PUT",
      "RequestHeaders": {
        "Accept": "application/json",
        "Accept-Encoding": "gzip,deflate",
        "Authorization": "Sanitized",
        "Connection": "keep-alive",
        "Content-Length": "133",
        "Content-Type": "application/json",
        "User-Agent": "azsdk-js-arm-sql/9.1.0 core-rest-pipeline/1.10.1 Node/v16.17.0 OS/(x64-Windows_NT-10.0.22621)",
        "x-ms-client-request-id": "5f1425ac-cac7-4dc9-ac9d-fb0e3b0b72df"
      },
      "RequestBody": {
        "location": "eastus",
        "properties": {
          "administratorLogin": "dummylogin",
          "administratorLoginPassword": "Placeholder123",
          "version": "12.0"
        }
      },
      "StatusCode": 202,
      "ResponseHeaders": {
        "Azure-AsyncOperation": "https://management.azure.com/subscriptions/azure_subscription_id/resourceGroups/myjstest/providers/Microsoft.Sql/locations/eastus/serverAzureAsyncOperation/d129c26b-7be0-4a67-9049-d58e1ccad52c?api-version=2021-02-01-preview",
        "Cache-Control": "no-cache",
        "Content-Length": "73",
        "Content-Type": "application/json; charset=utf-8",
        "Date": "Thu, 15 Dec 2022 06:13:59 GMT",
        "Expires": "-1",
        "Location": "https://management.azure.com/subscriptions/azure_subscription_id/resourceGroups/myjstest/providers/Microsoft.Sql/locations/eastus/serverOperationResults/d129c26b-7be0-4a67-9049-d58e1ccad52c?api-version=2021-02-01-preview",
        "Pragma": "no-cache",
        "Retry-After": "1",
        "Server": "Microsoft-HTTPAPI/2.0",
        "Strict-Transport-Security": "max-age=31536000; includeSubDomains",
        "X-Content-Type-Options": "nosniff",
        "x-ms-correlation-request-id": "020be9c5-ca24-4d4d-8358-7ecaa19cacd2",
        "x-ms-ratelimit-remaining-subscription-writes": "1199",
        "x-ms-request-id": "d129c26b-7be0-4a67-9049-d58e1ccad52c",
        "x-ms-routing-request-id": "SOUTHEASTASIA:20221215T061359Z:020be9c5-ca24-4d4d-8358-7ecaa19cacd2"
      },
      "ResponseBody": {
        "operation": "UpsertLogicalServer",
        "startTime": "2022-12-15T06:13:59.34Z"
      }
    },
    {
      "RequestUri": "https://management.azure.com/subscriptions/azure_subscription_id/resourceGroups/myjstest/providers/Microsoft.Sql/locations/eastus/serverAzureAsyncOperation/d129c26b-7be0-4a67-9049-d58e1ccad52c?api-version=2021-02-01-preview",
      "RequestMethod": "GET",
      "RequestHeaders": {
        "Accept": "application/json",
        "Accept-Encoding": "gzip,deflate",
        "Authorization": "Sanitized",
        "Connection": "keep-alive",
        "Content-Type": "application/json",
        "User-Agent": "azsdk-js-arm-sql/9.1.0 core-rest-pipeline/1.10.1 Node/v16.17.0 OS/(x64-Windows_NT-10.0.22621)",
        "x-ms-client-request-id": "0e43036d-c973-4365-bf40-be4d6fb682d8"
      },
      "RequestBody": null,
      "StatusCode": 200,
      "ResponseHeaders": {
        "Cache-Control": "no-cache",
        "Content-Encoding": "gzip",
        "Content-Type": "application/json; charset=utf-8",
        "Date": "Thu, 15 Dec 2022 06:13:59 GMT",
        "Expires": "-1",
        "Pragma": "no-cache",
        "Retry-After": "1",
        "Server": "Microsoft-HTTPAPI/2.0",
        "Strict-Transport-Security": "max-age=31536000; includeSubDomains",
        "Transfer-Encoding": "chunked",
        "Vary": "Accept-Encoding",
        "X-Content-Type-Options": "nosniff",
        "x-ms-correlation-request-id": "bba536f3-76d7-4b01-97d3-ce9f09ee3b8d",
        "x-ms-ratelimit-remaining-subscription-reads": "11999",
        "x-ms-request-id": "e0f03299-bb04-4f50-9b93-ec6023f33080",
        "x-ms-routing-request-id": "SOUTHEASTASIA:20221215T061359Z:bba536f3-76d7-4b01-97d3-ce9f09ee3b8d"
      },
      "ResponseBody": {
        "name": "d129c26b-7be0-4a67-9049-d58e1ccad52c",
        "status": "InProgress",
        "startTime": "2022-12-15T06:13:59.34Z"
      }
    },
    {
      "RequestUri": "https://management.azure.com/subscriptions/azure_subscription_id/resourceGroups/myjstest/providers/Microsoft.Sql/locations/eastus/serverAzureAsyncOperation/d129c26b-7be0-4a67-9049-d58e1ccad52c?api-version=2021-02-01-preview",
      "RequestMethod": "GET",
      "RequestHeaders": {
        "Accept": "application/json",
        "Accept-Encoding": "gzip,deflate",
        "Authorization": "Sanitized",
        "Connection": "keep-alive",
        "Content-Type": "application/json",
        "User-Agent": "azsdk-js-arm-sql/9.1.0 core-rest-pipeline/1.10.1 Node/v16.17.0 OS/(x64-Windows_NT-10.0.22621)",
        "x-ms-client-request-id": "cde35b1b-fcb2-4fb4-8cea-7ae76de74c0d"
      },
      "RequestBody": null,
      "StatusCode": 200,
      "ResponseHeaders": {
        "Cache-Control": "no-cache",
        "Content-Encoding": "gzip",
        "Content-Type": "application/json; charset=utf-8",
        "Date": "Thu, 15 Dec 2022 06:14:00 GMT",
        "Expires": "-1",
        "Pragma": "no-cache",
        "Retry-After": "1",
        "Server": "Microsoft-HTTPAPI/2.0",
        "Strict-Transport-Security": "max-age=31536000; includeSubDomains",
        "Transfer-Encoding": "chunked",
        "Vary": "Accept-Encoding",
        "X-Content-Type-Options": "nosniff",
        "x-ms-correlation-request-id": "035c8660-b99e-4dec-aeea-4501db83e423",
        "x-ms-ratelimit-remaining-subscription-reads": "11998",
        "x-ms-request-id": "23d701ed-d0df-420a-9110-2bc2c0392bba",
        "x-ms-routing-request-id": "SOUTHEASTASIA:20221215T061400Z:035c8660-b99e-4dec-aeea-4501db83e423"
      },
      "ResponseBody": {
        "name": "d129c26b-7be0-4a67-9049-d58e1ccad52c",
        "status": "InProgress",
        "startTime": "2022-12-15T06:13:59.34Z"
      }
    },
    {
      "RequestUri": "https://management.azure.com/subscriptions/azure_subscription_id/resourceGroups/myjstest/providers/Microsoft.Sql/locations/eastus/serverAzureAsyncOperation/d129c26b-7be0-4a67-9049-d58e1ccad52c?api-version=2021-02-01-preview",
      "RequestMethod": "GET",
      "RequestHeaders": {
        "Accept": "application/json",
        "Accept-Encoding": "gzip,deflate",
        "Authorization": "Sanitized",
        "Connection": "keep-alive",
        "Content-Type": "application/json",
        "User-Agent": "azsdk-js-arm-sql/9.1.0 core-rest-pipeline/1.10.1 Node/v16.17.0 OS/(x64-Windows_NT-10.0.22621)",
        "x-ms-client-request-id": "9f410ecb-3144-43b7-84a0-d9d26deaaca5"
      },
      "RequestBody": null,
      "StatusCode": 200,
      "ResponseHeaders": {
        "Cache-Control": "no-cache",
        "Content-Encoding": "gzip",
        "Content-Type": "application/json; charset=utf-8",
        "Date": "Thu, 15 Dec 2022 06:14:01 GMT",
        "Expires": "-1",
        "Pragma": "no-cache",
        "Retry-After": "1",
        "Server": "Microsoft-HTTPAPI/2.0",
        "Strict-Transport-Security": "max-age=31536000; includeSubDomains",
        "Transfer-Encoding": "chunked",
        "Vary": "Accept-Encoding",
        "X-Content-Type-Options": "nosniff",
        "x-ms-correlation-request-id": "358d270a-bdd7-47af-982e-7080d383bde5",
        "x-ms-ratelimit-remaining-subscription-reads": "11997",
        "x-ms-request-id": "36819034-04d1-436c-a74c-ca33d9e277d7",
        "x-ms-routing-request-id": "SOUTHEASTASIA:20221215T061401Z:358d270a-bdd7-47af-982e-7080d383bde5"
      },
      "ResponseBody": {
        "name": "d129c26b-7be0-4a67-9049-d58e1ccad52c",
        "status": "InProgress",
        "startTime": "2022-12-15T06:13:59.34Z"
      }
    },
    {
      "RequestUri": "https://management.azure.com/subscriptions/azure_subscription_id/resourceGroups/myjstest/providers/Microsoft.Sql/locations/eastus/serverAzureAsyncOperation/d129c26b-7be0-4a67-9049-d58e1ccad52c?api-version=2021-02-01-preview",
      "RequestMethod": "GET",
      "RequestHeaders": {
        "Accept": "application/json",
        "Accept-Encoding": "gzip,deflate",
        "Authorization": "Sanitized",
        "Connection": "keep-alive",
        "Content-Type": "application/json",
        "User-Agent": "azsdk-js-arm-sql/9.1.0 core-rest-pipeline/1.10.1 Node/v16.17.0 OS/(x64-Windows_NT-10.0.22621)",
        "x-ms-client-request-id": "8ff4e576-05a0-447c-ab64-7da991f98c66"
      },
      "RequestBody": null,
      "StatusCode": 200,
      "ResponseHeaders": {
        "Cache-Control": "no-cache",
        "Content-Encoding": "gzip",
        "Content-Type": "application/json; charset=utf-8",
        "Date": "Thu, 15 Dec 2022 06:14:02 GMT",
        "Expires": "-1",
        "Pragma": "no-cache",
        "Retry-After": "1",
        "Server": "Microsoft-HTTPAPI/2.0",
        "Strict-Transport-Security": "max-age=31536000; includeSubDomains",
        "Transfer-Encoding": "chunked",
        "Vary": "Accept-Encoding",
        "X-Content-Type-Options": "nosniff",
        "x-ms-correlation-request-id": "9659a450-865a-4856-ac81-328da35c4ba4",
        "x-ms-ratelimit-remaining-subscription-reads": "11996",
        "x-ms-request-id": "9febe3dc-f688-49a9-a624-9b0e2e5ab08e",
        "x-ms-routing-request-id": "SOUTHEASTASIA:20221215T061402Z:9659a450-865a-4856-ac81-328da35c4ba4"
      },
      "ResponseBody": {
        "name": "d129c26b-7be0-4a67-9049-d58e1ccad52c",
        "status": "InProgress",
        "startTime": "2022-12-15T06:13:59.34Z"
      }
    },
    {
      "RequestUri": "https://management.azure.com/subscriptions/azure_subscription_id/resourceGroups/myjstest/providers/Microsoft.Sql/locations/eastus/serverAzureAsyncOperation/d129c26b-7be0-4a67-9049-d58e1ccad52c?api-version=2021-02-01-preview",
      "RequestMethod": "GET",
      "RequestHeaders": {
        "Accept": "application/json",
        "Accept-Encoding": "gzip,deflate",
        "Authorization": "Sanitized",
        "Connection": "keep-alive",
        "Content-Type": "application/json",
        "User-Agent": "azsdk-js-arm-sql/9.1.0 core-rest-pipeline/1.10.1 Node/v16.17.0 OS/(x64-Windows_NT-10.0.22621)",
        "x-ms-client-request-id": "c7fcc858-4d66-4b98-bdfb-040441e2b40d"
      },
      "RequestBody": null,
      "StatusCode": 200,
      "ResponseHeaders": {
        "Cache-Control": "no-cache",
        "Content-Encoding": "gzip",
        "Content-Type": "application/json; charset=utf-8",
        "Date": "Thu, 15 Dec 2022 06:14:04 GMT",
        "Expires": "-1",
        "Pragma": "no-cache",
        "Retry-After": "1",
        "Server": "Microsoft-HTTPAPI/2.0",
        "Strict-Transport-Security": "max-age=31536000; includeSubDomains",
        "Transfer-Encoding": "chunked",
        "Vary": "Accept-Encoding",
        "X-Content-Type-Options": "nosniff",
        "x-ms-correlation-request-id": "f0b43dae-c9be-4e4e-bea7-a7a360e76c49",
        "x-ms-ratelimit-remaining-subscription-reads": "11995",
        "x-ms-request-id": "f210eb9f-9b9f-4693-8383-a7b5c194d3c4",
        "x-ms-routing-request-id": "SOUTHEASTASIA:20221215T061404Z:f0b43dae-c9be-4e4e-bea7-a7a360e76c49"
      },
      "ResponseBody": {
        "name": "d129c26b-7be0-4a67-9049-d58e1ccad52c",
        "status": "InProgress",
        "startTime": "2022-12-15T06:13:59.34Z"
      }
    },
    {
      "RequestUri": "https://management.azure.com/subscriptions/azure_subscription_id/resourceGroups/myjstest/providers/Microsoft.Sql/locations/eastus/serverAzureAsyncOperation/d129c26b-7be0-4a67-9049-d58e1ccad52c?api-version=2021-02-01-preview",
      "RequestMethod": "GET",
      "RequestHeaders": {
        "Accept": "application/json",
        "Accept-Encoding": "gzip,deflate",
        "Authorization": "Sanitized",
        "Connection": "keep-alive",
        "Content-Type": "application/json",
        "User-Agent": "azsdk-js-arm-sql/9.1.0 core-rest-pipeline/1.10.1 Node/v16.17.0 OS/(x64-Windows_NT-10.0.22621)",
        "x-ms-client-request-id": "005a6477-7a66-4445-bd24-8d81516cd8f3"
      },
      "RequestBody": null,
      "StatusCode": 200,
      "ResponseHeaders": {
        "Cache-Control": "no-cache",
        "Content-Encoding": "gzip",
        "Content-Type": "application/json; charset=utf-8",
        "Date": "Thu, 15 Dec 2022 06:14:05 GMT",
        "Expires": "-1",
        "Pragma": "no-cache",
        "Retry-After": "20",
        "Server": "Microsoft-HTTPAPI/2.0",
        "Strict-Transport-Security": "max-age=31536000; includeSubDomains",
        "Transfer-Encoding": "chunked",
        "Vary": "Accept-Encoding",
        "X-Content-Type-Options": "nosniff",
        "x-ms-correlation-request-id": "25dcd1e3-1094-4ea8-8184-dd3f63cbb023",
        "x-ms-ratelimit-remaining-subscription-reads": "11994",
        "x-ms-request-id": "405d874c-5e31-4d0d-ac66-c03d461132bb",
        "x-ms-routing-request-id": "SOUTHEASTASIA:20221215T061405Z:25dcd1e3-1094-4ea8-8184-dd3f63cbb023"
      },
      "ResponseBody": {
        "name": "d129c26b-7be0-4a67-9049-d58e1ccad52c",
        "status": "InProgress",
        "startTime": "2022-12-15T06:13:59.34Z"
      }
    },
    {
      "RequestUri": "https://management.azure.com/subscriptions/azure_subscription_id/resourceGroups/myjstest/providers/Microsoft.Sql/locations/eastus/serverAzureAsyncOperation/d129c26b-7be0-4a67-9049-d58e1ccad52c?api-version=2021-02-01-preview",
      "RequestMethod": "GET",
      "RequestHeaders": {
        "Accept": "application/json",
        "Accept-Encoding": "gzip,deflate",
        "Authorization": "Sanitized",
        "Connection": "keep-alive",
        "Content-Type": "application/json",
        "User-Agent": "azsdk-js-arm-sql/9.1.0 core-rest-pipeline/1.10.1 Node/v16.17.0 OS/(x64-Windows_NT-10.0.22621)",
        "x-ms-client-request-id": "8aa9c977-27cd-4daf-8e7b-8009a0c7ad19"
      },
      "RequestBody": null,
      "StatusCode": 200,
      "ResponseHeaders": {
        "Cache-Control": "no-cache",
        "Content-Encoding": "gzip",
        "Content-Type": "application/json; charset=utf-8",
        "Date": "Thu, 15 Dec 2022 06:14:25 GMT",
        "Expires": "-1",
        "Pragma": "no-cache",
        "Retry-After": "20",
        "Server": "Microsoft-HTTPAPI/2.0",
        "Strict-Transport-Security": "max-age=31536000; includeSubDomains",
        "Transfer-Encoding": "chunked",
        "Vary": "Accept-Encoding",
        "X-Content-Type-Options": "nosniff",
        "x-ms-correlation-request-id": "d68b3d19-f7b4-4325-b606-a576cc1ec08b",
        "x-ms-ratelimit-remaining-subscription-reads": "11993",
        "x-ms-request-id": "d4ecd90d-96af-49bc-9c8b-f44567c4e8b7",
        "x-ms-routing-request-id": "SOUTHEASTASIA:20221215T061425Z:d68b3d19-f7b4-4325-b606-a576cc1ec08b"
      },
      "ResponseBody": {
        "name": "d129c26b-7be0-4a67-9049-d58e1ccad52c",
        "status": "InProgress",
        "startTime": "2022-12-15T06:13:59.34Z"
      }
    },
    {
      "RequestUri": "https://management.azure.com/subscriptions/azure_subscription_id/resourceGroups/myjstest/providers/Microsoft.Sql/locations/eastus/serverAzureAsyncOperation/d129c26b-7be0-4a67-9049-d58e1ccad52c?api-version=2021-02-01-preview",
      "RequestMethod": "GET",
      "RequestHeaders": {
        "Accept": "application/json",
        "Accept-Encoding": "gzip,deflate",
        "Authorization": "Sanitized",
        "Connection": "keep-alive",
        "Content-Type": "application/json",
        "User-Agent": "azsdk-js-arm-sql/9.1.0 core-rest-pipeline/1.10.1 Node/v16.17.0 OS/(x64-Windows_NT-10.0.22621)",
        "x-ms-client-request-id": "7d4687c8-3f0b-4e5a-8d3f-4a7e89d57704"
      },
      "RequestBody": null,
      "StatusCode": 200,
      "ResponseHeaders": {
        "Cache-Control": "no-cache",
        "Content-Encoding": "gzip",
        "Content-Type": "application/json; charset=utf-8",
        "Date": "Thu, 15 Dec 2022 06:14:45 GMT",
        "Expires": "-1",
        "Pragma": "no-cache",
        "Retry-After": "20",
        "Server": "Microsoft-HTTPAPI/2.0",
        "Strict-Transport-Security": "max-age=31536000; includeSubDomains",
        "Transfer-Encoding": "chunked",
        "Vary": "Accept-Encoding",
        "X-Content-Type-Options": "nosniff",
        "x-ms-correlation-request-id": "fd48f151-d010-422a-ba34-925eb729aa46",
        "x-ms-ratelimit-remaining-subscription-reads": "11992",
        "x-ms-request-id": "78bb1b47-a938-407d-980e-32f8282b989b",
        "x-ms-routing-request-id": "SOUTHEASTASIA:20221215T061446Z:fd48f151-d010-422a-ba34-925eb729aa46"
      },
      "ResponseBody": {
        "name": "d129c26b-7be0-4a67-9049-d58e1ccad52c",
        "status": "InProgress",
        "startTime": "2022-12-15T06:13:59.34Z"
      }
    },
    {
      "RequestUri": "https://management.azure.com/subscriptions/azure_subscription_id/resourceGroups/myjstest/providers/Microsoft.Sql/locations/eastus/serverAzureAsyncOperation/d129c26b-7be0-4a67-9049-d58e1ccad52c?api-version=2021-02-01-preview",
      "RequestMethod": "GET",
      "RequestHeaders": {
        "Accept": "application/json",
        "Accept-Encoding": "gzip,deflate",
        "Authorization": "Sanitized",
        "Connection": "keep-alive",
        "Content-Type": "application/json",
        "User-Agent": "azsdk-js-arm-sql/9.1.0 core-rest-pipeline/1.10.1 Node/v16.17.0 OS/(x64-Windows_NT-10.0.22621)",
        "x-ms-client-request-id": "77a16443-3843-4972-9ab1-9a4ffa767fb1"
      },
      "RequestBody": null,
      "StatusCode": 200,
      "ResponseHeaders": {
        "Cache-Control": "no-cache",
        "Content-Encoding": "gzip",
        "Content-Type": "application/json; charset=utf-8",
        "Date": "Thu, 15 Dec 2022 06:15:06 GMT",
        "Expires": "-1",
        "Pragma": "no-cache",
        "Retry-After": "15",
        "Server": "Microsoft-HTTPAPI/2.0",
        "Strict-Transport-Security": "max-age=31536000; includeSubDomains",
        "Transfer-Encoding": "chunked",
        "Vary": "Accept-Encoding",
        "X-Content-Type-Options": "nosniff",
        "x-ms-correlation-request-id": "73c25915-1cb8-4432-9a5a-618f919bbf6d",
        "x-ms-ratelimit-remaining-subscription-reads": "11991",
        "x-ms-request-id": "cf8536ea-c8a6-4ea5-9443-9e17f7ed6f49",
        "x-ms-routing-request-id": "SOUTHEASTASIA:20221215T061506Z:73c25915-1cb8-4432-9a5a-618f919bbf6d"
      },
      "ResponseBody": {
        "name": "d129c26b-7be0-4a67-9049-d58e1ccad52c",
        "status": "Succeeded",
        "startTime": "2022-12-15T06:13:59.34Z"
      }
    },
    {
      "RequestUri": "https://management.azure.com/subscriptions/azure_subscription_id/resourceGroups/myjstest/providers/Microsoft.Sql/servers/myserverppp?api-version=2021-02-01-preview",
      "RequestMethod": "GET",
      "RequestHeaders": {
        "Accept": "application/json",
        "Accept-Encoding": "gzip,deflate",
        "Authorization": "Sanitized",
        "Connection": "keep-alive",
        "Content-Type": "application/json",
        "User-Agent": "azsdk-js-arm-sql/9.1.0 core-rest-pipeline/1.10.1 Node/v16.17.0 OS/(x64-Windows_NT-10.0.22621)",
        "x-ms-client-request-id": "02a3229c-6282-4a55-8a10-eee1c19043d3"
      },
      "RequestBody": null,
      "StatusCode": 200,
      "ResponseHeaders": {
        "Cache-Control": "no-cache",
        "Content-Encoding": "gzip",
        "Content-Type": "application/json; charset=utf-8",
        "Date": "Thu, 15 Dec 2022 06:15:06 GMT",
        "Expires": "-1",
        "Pragma": "no-cache",
        "Server": "Microsoft-HTTPAPI/2.0",
        "Strict-Transport-Security": "max-age=31536000; includeSubDomains",
        "Transfer-Encoding": "chunked",
        "Vary": "Accept-Encoding",
        "X-Content-Type-Options": "nosniff",
        "x-ms-correlation-request-id": "07d4bfc1-5745-45c2-a6c7-cb58652e4c4c",
        "x-ms-ratelimit-remaining-subscription-reads": "11990",
        "x-ms-request-id": "47bfb57b-fb49-4031-846b-236cd831b77f",
        "x-ms-routing-request-id": "SOUTHEASTASIA:20221215T061507Z:07d4bfc1-5745-45c2-a6c7-cb58652e4c4c"
      },
      "ResponseBody": {
        "kind": "v12.0",
        "properties": {
          "administratorLogin": "dummylogin",
          "version": "12.0",
          "state": "Ready",
          "fullyQualifiedDomainName": "myserverppp.database.windows.net",
          "privateEndpointConnections": [],
          "publicNetworkAccess": "Enabled",
          "restrictOutboundNetworkAccess": "Disabled"
        },
        "location": "eastus",
        "id": "/subscriptions/azure_subscription_id/resourceGroups/myjstest/providers/Microsoft.Sql/servers/myserverppp",
        "name": "myserverppp",
        "type": "Microsoft.Sql/servers"
      }
    }
  ],
  "Variables": {}
}
