{
  "Entries": [
    {
      "RequestUri": "https://fakeaccountname.table.core.windows.net/tableClientTestnode?st=2021-08-03T08:52:15Z\u0026spr=https\u0026sig=fakesigval",
      "RequestMethod": "POST",
      "RequestHeaders": {
        "Accept": "application/json;odata=minimalmetadata",
        "Accept-Encoding": "gzip,deflate",
        "Connection": "keep-alive",
        "Content-Length": "105",
        "Content-Type": "application/json;odata=nometadata",
        "DataServiceVersion": "3.0",
        "Prefer": "return-no-content",
        "User-Agent": "azsdk-js-data-tables/13.0.2 core-rest-pipeline/1.5.0 Node/v14.17.6 OS/(x64-Linux-5.4.0-1067-azure)",
        "x-ms-client-request-id": "f008bdf3-ea1a-4b66-9798-7d8909eb8160",
        "x-ms-version": "2019-02-02"
      },
      "RequestBody": {
        "PartitionKey": "P8_node",
        "RowKey": "R8",
        "integerNumber": 3,
        "floatingPointNumber": 3.14,
        "booleanValue": true
      },
      "StatusCode": 204,
      "ResponseHeaders": {
        "Cache-Control": "no-cache",
        "Content-Length": "0",
        "DataServiceId": "https://fakeaccountname.table.core.windows.net/tableClientTestnode(PartitionKey=\u0027P8_node\u0027,RowKey=\u0027R8\u0027)",
        "Date": "Tue, 01 Feb 2022 20:52:40 GMT",
        "ETag": "W/\u0022datetime\u00272022-02-01T20%3A52%3A40.7871932Z\u0027\u0022",
        "Location": "https://fakeaccountname.table.core.windows.net/tableClientTestnode(PartitionKey=\u0027P8_node\u0027,RowKey=\u0027R8\u0027)",
        "Preference-Applied": "return-no-content",
        "Server": [
          "Windows-Azure-Table/1.0",
          "Microsoft-HTTPAPI/2.0"
        ],
        "X-Content-Type-Options": "nosniff",
        "x-ms-client-request-id": "f008bdf3-ea1a-4b66-9798-7d8909eb8160",
        "x-ms-request-id": "a5ad761d-0002-0010-7fad-17b759000000",
        "x-ms-version": "2019-02-02"
      },
      "ResponseBody": null
    },
    {
      "RequestUri": "https://fakeaccountname.table.core.windows.net/tableClientTestnode(PartitionKey=\u0027P8_node\u0027,RowKey=\u0027R8\u0027)?st=2021-08-03T08:52:15Z\u0026spr=https\u0026sig=fakesigval",
      "RequestMethod": "GET",
      "RequestHeaders": {
        "Accept": "application/json;odata=minimalmetadata",
        "Accept-Encoding": "gzip,deflate",
        "Connection": "keep-alive",
        "DataServiceVersion": "3.0",
        "User-Agent": "azsdk-js-data-tables/13.0.2 core-rest-pipeline/1.5.0 Node/v14.17.6 OS/(x64-Linux-5.4.0-1067-azure)",
        "x-ms-client-request-id": "cfaad7c2-366e-4d07-8795-1327ae384a21",
        "x-ms-version": "2019-02-02"
      },
      "RequestBody": null,
      "StatusCode": 200,
      "ResponseHeaders": {
        "Access-Control-Allow-Origin": "*",
        "Access-Control-Expose-Headers": "x-ms-request-id,x-ms-client-request-id,Server,x-ms-version,X-Content-Type-Options,Cache-Control,ETag,Content-Type,Content-Length,Date,Transfer-Encoding",
        "Cache-Control": "no-cache",
        "Content-Type": "application/json; odata=minimalmetadata; streaming=true; charset=utf-8",
        "Date": "Tue, 01 Feb 2022 20:52:40 GMT",
        "ETag": "W/\u0022datetime\u00272022-02-01T20%3A52%3A40.7871932Z\u0027\u0022",
        "Server": [
          "Windows-Azure-Table/1.0",
          "Microsoft-HTTPAPI/2.0"
        ],
        "Transfer-Encoding": "chunked",
        "X-Content-Type-Options": "nosniff",
        "x-ms-client-request-id": "cfaad7c2-366e-4d07-8795-1327ae384a21",
        "x-ms-request-id": "a5ad7633-0002-0010-15ad-17b759000000",
        "x-ms-version": "2019-02-02"
      },
      "ResponseBody": {
        "odata.metadata": "https://fakeaccountname.table.core.windows.net/$metadata#tableClientTestnode/@Element",
        "odata.etag": "W/\u0022datetime\u00272022-02-01T20%3A52%3A40.7871932Z\u0027\u0022",
        "PartitionKey": "P8_node",
        "RowKey": "R8",
        "Timestamp": "2022-02-01T20:52:40.7871932Z",
        "integerNumber": 3,
        "floatingPointNumber": 3.14,
        "booleanValue": true
      }
    },
    {
      "RequestUri": "https://fakeaccountname.table.core.windows.net/tableClientTestnode(PartitionKey=\u0027P8_node\u0027,RowKey=\u0027R8\u0027)?st=2021-08-03T08:52:15Z\u0026spr=https\u0026sig=fakesigval",
      "RequestMethod": "DELETE",
      "RequestHeaders": {
        "Accept": "application/json;odata=minimalmetadata",
        "Accept-Encoding": "gzip,deflate",
        "Connection": "keep-alive",
        "DataServiceVersion": "3.0",
        "If-Match": "*",
        "User-Agent": "azsdk-js-data-tables/13.0.2 core-rest-pipeline/1.5.0 Node/v14.17.6 OS/(x64-Linux-5.4.0-1067-azure)",
        "x-ms-client-request-id": "45aa16cf-1b78-4f97-951a-d3d8931bd58a",
        "x-ms-version": "2019-02-02"
      },
      "RequestBody": null,
      "StatusCode": 204,
      "ResponseHeaders": {
        "Cache-Control": "no-cache",
        "Content-Length": "0",
        "Date": "Tue, 01 Feb 2022 20:52:40 GMT",
        "Server": [
          "Windows-Azure-Table/1.0",
          "Microsoft-HTTPAPI/2.0"
        ],
        "X-Content-Type-Options": "nosniff",
        "x-ms-client-request-id": "45aa16cf-1b78-4f97-951a-d3d8931bd58a",
        "x-ms-request-id": "a5ad7643-0002-0010-23ad-17b759000000",
        "x-ms-version": "2019-02-02"
      },
      "ResponseBody": null
    }
  ],
  "Variables": {}
}
