{
  "Entries": [
    {
      "RequestUri": "https://fakeaccountname.table.core.windows.net/tableClientTestnode?st=2021-08-03T08:52:15Z\u0026spr=https\u0026sig=fakesigval",
      "RequestMethod": "POST",
      "RequestHeaders": {
        "Accept": "application/json;odata=minimalmetadata",
        "Accept-Encoding": "gzip,deflate",
        "Connection": "keep-alive",
        "Content-Length": "125",
        "Content-Type": "application/json;odata=nometadata",
        "DataServiceVersion": "3.0",
        "Prefer": "return-no-content",
        "User-Agent": "azsdk-js-data-tables/13.0.2 core-rest-pipeline/1.5.0 Node/v14.17.6 OS/(x64-Linux-5.4.0-1067-azure)",
        "x-ms-client-request-id": "a4374727-ea6c-4ec8-9c2c-85b36ba48630",
        "x-ms-version": "2019-02-02"
      },
      "RequestBody": {
        "PartitionKey": "P3_node",
        "RowKey": "R3",
        "testField": "cf8ef051-1b7d-4e93-a1e5-a3944d7e441c",
        "testField@odata.type": "Edm.Guid"
      },
      "StatusCode": 204,
      "ResponseHeaders": {
        "Cache-Control": "no-cache",
        "Content-Length": "0",
        "DataServiceId": "https://fakeaccountname.table.core.windows.net/tableClientTestnode(PartitionKey=\u0027P3_node\u0027,RowKey=\u0027R3\u0027)",
        "Date": "Tue, 01 Feb 2022 18:37:20 GMT",
        "ETag": "W/\u0022datetime\u00272022-02-01T18%3A37%3A21.0014578Z\u0027\u0022",
        "Location": "https://fakeaccountname.table.core.windows.net/tableClientTestnode(PartitionKey=\u0027P3_node\u0027,RowKey=\u0027R3\u0027)",
        "Preference-Applied": "return-no-content",
        "Server": [
          "Windows-Azure-Table/1.0",
          "Microsoft-HTTPAPI/2.0"
        ],
        "X-Content-Type-Options": "nosniff",
        "x-ms-client-request-id": "a4374727-ea6c-4ec8-9c2c-85b36ba48630",
        "x-ms-request-id": "5f764118-0002-0093-219a-1717f4000000",
        "x-ms-version": "2019-02-02"
      },
      "ResponseBody": null
    },
    {
      "RequestUri": "https://fakeaccountname.table.core.windows.net/tableClientTestnode(PartitionKey=\u0027P3_node\u0027,RowKey=\u0027R3\u0027)?st=2021-08-03T08:52:15Z\u0026spr=https\u0026sig=fakesigval",
      "RequestMethod": "GET",
      "RequestHeaders": {
        "Accept": "application/json;odata=minimalmetadata",
        "Accept-Encoding": "gzip,deflate",
        "Connection": "keep-alive",
        "DataServiceVersion": "3.0",
        "User-Agent": "azsdk-js-data-tables/13.0.2 core-rest-pipeline/1.5.0 Node/v14.17.6 OS/(x64-Linux-5.4.0-1067-azure)",
        "x-ms-client-request-id": "44eb35e8-9979-4032-b424-3ded28b04de8",
        "x-ms-version": "2019-02-02"
      },
      "RequestBody": null,
      "StatusCode": 200,
      "ResponseHeaders": {
        "Access-Control-Allow-Origin": "*",
        "Access-Control-Expose-Headers": "x-ms-request-id,x-ms-client-request-id,Server,x-ms-version,X-Content-Type-Options,Cache-Control,ETag,Content-Type,Content-Length,Date,Transfer-Encoding",
        "Cache-Control": "no-cache",
        "Content-Type": "application/json; odata=minimalmetadata; streaming=true; charset=utf-8",
        "Date": "Tue, 01 Feb 2022 18:37:20 GMT",
        "ETag": "W/\u0022datetime\u00272022-02-01T18%3A37%3A21.0014578Z\u0027\u0022",
        "Server": [
          "Windows-Azure-Table/1.0",
          "Microsoft-HTTPAPI/2.0"
        ],
        "Transfer-Encoding": "chunked",
        "X-Content-Type-Options": "nosniff",
        "x-ms-client-request-id": "44eb35e8-9979-4032-b424-3ded28b04de8",
        "x-ms-request-id": "5f764139-0002-0093-429a-1717f4000000",
        "x-ms-version": "2019-02-02"
      },
      "ResponseBody": {
        "odata.metadata": "https://fakeaccountname.table.core.windows.net/$metadata#tableClientTestnode/@Element",
        "odata.etag": "W/\u0022datetime\u00272022-02-01T18%3A37%3A21.0014578Z\u0027\u0022",
        "PartitionKey": "P3_node",
        "RowKey": "R3",
        "Timestamp": "2022-02-01T18:37:21.0014578Z",
        "testField@odata.type": "Edm.Guid",
        "testField": "cf8ef051-1b7d-4e93-a1e5-a3944d7e441c"
      }
    },
    {
      "RequestUri": "https://fakeaccountname.table.core.windows.net/tableClientTestnode(PartitionKey=\u0027P3_node\u0027,RowKey=\u0027R3\u0027)?st=2021-08-03T08:52:15Z\u0026spr=https\u0026sig=fakesigval",
      "RequestMethod": "DELETE",
      "RequestHeaders": {
        "Accept": "application/json;odata=minimalmetadata",
        "Accept-Encoding": "gzip,deflate",
        "Connection": "keep-alive",
        "DataServiceVersion": "3.0",
        "If-Match": "*",
        "User-Agent": "azsdk-js-data-tables/13.0.2 core-rest-pipeline/1.5.0 Node/v14.17.6 OS/(x64-Linux-5.4.0-1067-azure)",
        "x-ms-client-request-id": "ed37d962-8434-4592-9cfe-150013501e48",
        "x-ms-version": "2019-02-02"
      },
      "RequestBody": null,
      "StatusCode": 204,
      "ResponseHeaders": {
        "Cache-Control": "no-cache",
        "Content-Length": "0",
        "Date": "Tue, 01 Feb 2022 18:37:20 GMT",
        "Server": [
          "Windows-Azure-Table/1.0",
          "Microsoft-HTTPAPI/2.0"
        ],
        "X-Content-Type-Options": "nosniff",
        "x-ms-client-request-id": "ed37d962-8434-4592-9cfe-150013501e48",
        "x-ms-request-id": "5f764169-0002-0093-6d9a-1717f4000000",
        "x-ms-version": "2019-02-02"
      },
      "ResponseBody": null
    }
  ],
  "Variables": {}
}
