{
  "Entries": [
    {
      "RequestUri": "https://management.azure.com/subscriptions/azure_subscription_id/resourceGroups/myjstest/providers/Microsoft.AppPlatform/Spring/myservicexxx/apps/myappxxx?api-version=2022-09-01-preview",
      "RequestMethod": "DELETE",
      "RequestHeaders": {
        "Accept": "application/json",
        "Accept-Encoding": "gzip,deflate",
        "Authorization": "Sanitized",
        "Connection": "keep-alive",
        "User-Agent": "azsdk-js-arm-appplatform/2.1.0-beta.1 core-rest-pipeline/1.9.3 Node/v16.17.0 OS/(x64-Windows_NT-10.0.22000)",
        "x-ms-client-request-id": "a1c5ba0c-0bd2-42d4-9607-7e9649ef36d7"
      },
      "RequestBody": null,
      "StatusCode": 202,
      "ResponseHeaders": {
        "Azure-AsyncOperation": "https://management.azure.com/subscriptions/azure_subscription_id/resourceGroups/myjstest/providers/Microsoft.AppPlatform/locations/east%20us/operationStatus/myappxxx/operationId/f76db19b-d5bb-4567-ab10-ca10d06e59e9?api-version=2022-09-01-preview",
        "Cache-Control": "no-cache",
        "Content-Length": "0",
        "Date": "Fri, 09 Sep 2022 09:28:07 GMT",
        "Expires": "-1",
        "Location": "https://management.azure.com/subscriptions/azure_subscription_id/resourceGroups/myjstest/providers/Microsoft.AppPlatform/locations/east%20us/operationResults/f76db19b-d5bb-4567-ab10-ca10d06e59e9/Spring/myappxxx?api-version=2022-09-01-preview",
        "Pragma": "no-cache",
        "Request-Context": "appId=cid-v1:797d7e4e-8180-497e-a254-780fbd39ba4d",
        "Strict-Transport-Security": "max-age=31536000; includeSubDomains",
        "X-Content-Type-Options": "nosniff",
        "x-ms-client-request-id": "a1c5ba0c-0bd2-42d4-9607-7e9649ef36d7",
        "x-ms-correlation-request-id": "c3056941-4998-4ff8-8daa-20e9c81870da",
        "x-ms-ratelimit-remaining-subscription-deletes": "14993",
        "x-ms-request-id": "c3056941-4998-4ff8-8daa-20e9c81870da",
        "x-ms-routing-request-id": "SOUTHEASTASIA:20220909T092807Z:c3056941-4998-4ff8-8daa-20e9c81870da",
        "x-rp-server-mvid": "241ec0d8-d41d-4dce-842c-f5a9d8334be4"
      },
      "ResponseBody": null
    },
    {
      "RequestUri": "https://management.azure.com/subscriptions/azure_subscription_id/resourceGroups/myjstest/providers/Microsoft.AppPlatform/locations/east%20us/operationStatus/myappxxx/operationId/f76db19b-d5bb-4567-ab10-ca10d06e59e9?api-version=2022-09-01-preview",
      "RequestMethod": "GET",
      "RequestHeaders": {
        "Accept": "application/json",
        "Accept-Encoding": "gzip,deflate",
        "Authorization": "Sanitized",
        "Connection": "keep-alive",
        "User-Agent": "azsdk-js-arm-appplatform/2.1.0-beta.1 core-rest-pipeline/1.9.3 Node/v16.17.0 OS/(x64-Windows_NT-10.0.22000)",
        "x-ms-client-request-id": "ed5922a7-0578-405c-80a9-aee5a8dbf347"
      },
      "RequestBody": null,
      "StatusCode": 200,
      "ResponseHeaders": {
        "Cache-Control": "no-cache",
        "Content-Encoding": "gzip",
        "Content-Type": "application/json; charset=utf-8",
        "Date": "Fri, 09 Sep 2022 09:28:07 GMT",
        "Expires": "-1",
        "Pragma": "no-cache",
        "Request-Context": "appId=cid-v1:797d7e4e-8180-497e-a254-780fbd39ba4d",
        "Retry-After": "10",
        "Strict-Transport-Security": "max-age=31536000; includeSubDomains",
        "Transfer-Encoding": "chunked",
        "Vary": "Accept-Encoding",
        "X-Content-Type-Options": "nosniff",
        "x-ms-client-request-id": "ed5922a7-0578-405c-80a9-aee5a8dbf347",
        "x-ms-correlation-request-id": "b5a76c82-e670-4609-8efe-5baa2d943f44",
        "x-ms-ratelimit-remaining-subscription-reads": "11818",
        "x-ms-request-id": "b5a76c82-e670-4609-8efe-5baa2d943f44",
        "x-ms-routing-request-id": "SOUTHEASTASIA:20220909T092808Z:b5a76c82-e670-4609-8efe-5baa2d943f44",
        "x-rp-server-mvid": "241ec0d8-d41d-4dce-842c-f5a9d8334be4"
      },
      "ResponseBody": {
        "id": "subscriptions/azure_subscription_id/resourceGroups/myjstest/providers/Microsoft.AppPlatform/locations/east us/operationStatus/myappxxx/operationId/f76db19b-d5bb-4567-ab10-ca10d06e59e9",
        "name": "f76db19b-d5bb-4567-ab10-ca10d06e59e9",
        "status": "Running",
        "startTime": "2022-09-09T09:28:07.6774773Z"
      }
    },
    {
      "RequestUri": "https://management.azure.com/subscriptions/azure_subscription_id/resourceGroups/myjstest/providers/Microsoft.AppPlatform/locations/east%20us/operationStatus/myappxxx/operationId/f76db19b-d5bb-4567-ab10-ca10d06e59e9?api-version=2022-09-01-preview",
      "RequestMethod": "GET",
      "RequestHeaders": {
        "Accept": "application/json",
        "Accept-Encoding": "gzip,deflate",
        "Authorization": "Sanitized",
        "Connection": "keep-alive",
        "User-Agent": "azsdk-js-arm-appplatform/2.1.0-beta.1 core-rest-pipeline/1.9.3 Node/v16.17.0 OS/(x64-Windows_NT-10.0.22000)",
        "x-ms-client-request-id": "e07879a7-5dfb-4fb9-96be-588d8c966d39"
      },
      "RequestBody": null,
      "StatusCode": 200,
      "ResponseHeaders": {
        "Cache-Control": "no-cache",
        "Content-Encoding": "gzip",
        "Content-Type": "application/json; charset=utf-8",
        "Date": "Fri, 09 Sep 2022 09:28:08 GMT",
        "Expires": "-1",
        "Pragma": "no-cache",
        "Request-Context": "appId=cid-v1:797d7e4e-8180-497e-a254-780fbd39ba4d",
        "Retry-After": "10",
        "Strict-Transport-Security": "max-age=31536000; includeSubDomains",
        "Transfer-Encoding": "chunked",
        "Vary": "Accept-Encoding",
        "X-Content-Type-Options": "nosniff",
        "x-ms-client-request-id": "e07879a7-5dfb-4fb9-96be-588d8c966d39",
        "x-ms-correlation-request-id": "9bab0cab-0286-4fd2-b6ad-22f9c8b5253c",
        "x-ms-ratelimit-remaining-subscription-reads": "11817",
        "x-ms-request-id": "9bab0cab-0286-4fd2-b6ad-22f9c8b5253c",
        "x-ms-routing-request-id": "SOUTHEASTASIA:20220909T092808Z:9bab0cab-0286-4fd2-b6ad-22f9c8b5253c",
        "x-rp-server-mvid": "241ec0d8-d41d-4dce-842c-f5a9d8334be4"
      },
      "ResponseBody": {
        "id": "subscriptions/azure_subscription_id/resourceGroups/myjstest/providers/Microsoft.AppPlatform/locations/east us/operationStatus/myappxxx/operationId/f76db19b-d5bb-4567-ab10-ca10d06e59e9",
        "name": "f76db19b-d5bb-4567-ab10-ca10d06e59e9",
        "status": "Running",
        "startTime": "2022-09-09T09:28:07.6774773Z"
      }
    },
    {
      "RequestUri": "https://management.azure.com/subscriptions/azure_subscription_id/resourceGroups/myjstest/providers/Microsoft.AppPlatform/locations/east%20us/operationStatus/myappxxx/operationId/f76db19b-d5bb-4567-ab10-ca10d06e59e9?api-version=2022-09-01-preview",
      "RequestMethod": "GET",
      "RequestHeaders": {
        "Accept": "application/json",
        "Accept-Encoding": "gzip,deflate",
        "Authorization": "Sanitized",
        "Connection": "keep-alive",
        "User-Agent": "azsdk-js-arm-appplatform/2.1.0-beta.1 core-rest-pipeline/1.9.3 Node/v16.17.0 OS/(x64-Windows_NT-10.0.22000)",
        "x-ms-client-request-id": "c840821f-e31c-4bbb-8810-cc31acbec936"
      },
      "RequestBody": null,
      "StatusCode": 200,
      "ResponseHeaders": {
        "Cache-Control": "no-cache",
        "Content-Encoding": "gzip",
        "Content-Type": "application/json; charset=utf-8",
        "Date": "Fri, 09 Sep 2022 09:28:18 GMT",
        "Expires": "-1",
        "Pragma": "no-cache",
        "Request-Context": "appId=cid-v1:797d7e4e-8180-497e-a254-780fbd39ba4d",
        "Strict-Transport-Security": "max-age=31536000; includeSubDomains",
        "Transfer-Encoding": "chunked",
        "Vary": "Accept-Encoding",
        "X-Content-Type-Options": "nosniff",
        "x-ms-client-request-id": "c840821f-e31c-4bbb-8810-cc31acbec936",
        "x-ms-correlation-request-id": "49ee9a25-758c-41ba-9252-4e06b4da599c",
        "x-ms-ratelimit-remaining-subscription-reads": "11816",
        "x-ms-request-id": "49ee9a25-758c-41ba-9252-4e06b4da599c",
        "x-ms-routing-request-id": "SOUTHEASTASIA:20220909T092819Z:49ee9a25-758c-41ba-9252-4e06b4da599c",
        "x-rp-server-mvid": "241ec0d8-d41d-4dce-842c-f5a9d8334be4"
      },
      "ResponseBody": {
        "id": "subscriptions/azure_subscription_id/resourceGroups/myjstest/providers/Microsoft.AppPlatform/locations/east us/operationStatus/myappxxx/operationId/f76db19b-d5bb-4567-ab10-ca10d06e59e9",
        "name": "f76db19b-d5bb-4567-ab10-ca10d06e59e9",
        "status": "Succeeded",
        "startTime": "2022-09-09T09:28:07.6774773Z",
        "endTime": "2022-09-09T09:28:16.1824436Z"
      }
    },
    {
      "RequestUri": "https://management.azure.com/subscriptions/azure_subscription_id/resourceGroups/myjstest/providers/Microsoft.AppPlatform/Spring/myservicexxx/apps?api-version=2022-09-01-preview",
      "RequestMethod": "GET",
      "RequestHeaders": {
        "Accept": "application/json",
        "Accept-Encoding": "gzip,deflate",
        "Authorization": "Sanitized",
        "Connection": "keep-alive",
        "User-Agent": "azsdk-js-arm-appplatform/2.1.0-beta.1 core-rest-pipeline/1.9.3 Node/v16.17.0 OS/(x64-Windows_NT-10.0.22000)",
        "x-ms-client-request-id": "6cf3e286-2d91-4aee-b71b-16acbe7751c2"
      },
      "RequestBody": null,
      "StatusCode": 200,
      "ResponseHeaders": {
        "Cache-Control": "no-cache",
        "Content-Encoding": "gzip",
        "Content-Type": "application/json; charset=utf-8",
        "Date": "Fri, 09 Sep 2022 09:28:19 GMT",
        "Expires": "-1",
        "Pragma": "no-cache",
        "Request-Context": "appId=cid-v1:797d7e4e-8180-497e-a254-780fbd39ba4d",
        "Strict-Transport-Security": "max-age=31536000; includeSubDomains",
        "Transfer-Encoding": "chunked",
        "Vary": "Accept-Encoding",
        "X-Content-Type-Options": "nosniff",
        "x-ms-client-request-id": "6cf3e286-2d91-4aee-b71b-16acbe7751c2",
        "x-ms-correlation-request-id": "74befe32-015c-400a-b2cc-f100eacd9b1e",
        "x-ms-ratelimit-remaining-subscription-resource-requests": "11988",
        "x-ms-request-id": "74befe32-015c-400a-b2cc-f100eacd9b1e",
        "x-ms-routing-request-id": "SOUTHEASTASIA:20220909T092819Z:74befe32-015c-400a-b2cc-f100eacd9b1e",
        "x-rp-server-mvid": "241ec0d8-d41d-4dce-842c-f5a9d8334be4"
      },
      "ResponseBody": {
        "value": []
      }
    }
  ],
  "Variables": {}
}
