{
  "Entries": [
    {
      "RequestUri": "https://fakestorageaccount.blob.core.windows.net/container167485824274207489?restype=container",
      "RequestMethod": "PUT",
      "RequestHeaders": {
        "Accept": "application/xml",
        "Authorization": "Sanitized",
        "Connection": "keep-alive",
        "Content-Length": "0",
        "User-Agent": "azsdk-js-azure-storage-blob/12.13.0 core-rest-pipeline/1.10.2 Node/v16.18.0 OS/(x64-Linux-5.4.0-1100-azure)",
        "x-ms-client-request-id": "14f475ce-e091-4a74-a052-6ff8c499336d",
        "x-ms-date": "Fri, 27 Jan 2023 22:24:02 GMT",
        "x-ms-version": "2021-12-02"
      },
      "RequestBody": null,
      "StatusCode": 201,
      "ResponseHeaders": {
        "Content-Length": "0",
        "Date": "Fri, 27 Jan 2023 22:24:02 GMT",
        "ETag": "\u00220x8DB00B531CE7578\u0022",
        "Last-Modified": "Fri, 27 Jan 2023 22:24:02 GMT",
        "Server": [
          "Windows-Azure-Blob/1.0",
          "Microsoft-HTTPAPI/2.0"
        ],
        "x-ms-client-request-id": "14f475ce-e091-4a74-a052-6ff8c499336d",
        "x-ms-request-id": "915bb3fc-701e-0021-5b9e-32eeca000000",
        "x-ms-version": "2021-12-02"
      },
      "ResponseBody": null
    },
    {
      "RequestUri": "https://fakestorageaccount.blob.core.windows.net/container167485824274207489/blob167485824281004060",
      "RequestMethod": "PUT",
      "RequestHeaders": {
        "Accept": "application/xml",
        "Authorization": "Sanitized",
        "Connection": "keep-alive",
        "Content-Length": "11",
        "Content-Type": "application/octet-stream",
        "User-Agent": "azsdk-js-azure-storage-blob/12.13.0 core-rest-pipeline/1.10.2 Node/v16.18.0 OS/(x64-Linux-5.4.0-1100-azure)",
        "x-ms-blob-type": "BlockBlob",
        "x-ms-client-request-id": "ae1490b8-3ecd-4d60-98de-5a00af4e0a8b",
        "x-ms-date": "Fri, 27 Jan 2023 22:24:02 GMT",
        "x-ms-version": "2021-12-02"
      },
      "RequestBody": "SGVsbG8gV29ybGQ=",
      "StatusCode": 201,
      "ResponseHeaders": {
        "Content-Length": "0",
        "Content-MD5": "sQqNsWTgdUEFt6mb5y4/5Q==",
        "Date": "Fri, 27 Jan 2023 22:24:02 GMT",
        "ETag": "\u00220x8DB00B531D8A114\u0022",
        "Last-Modified": "Fri, 27 Jan 2023 22:24:02 GMT",
        "Server": [
          "Windows-Azure-Blob/1.0",
          "Microsoft-HTTPAPI/2.0"
        ],
        "x-ms-client-request-id": "ae1490b8-3ecd-4d60-98de-5a00af4e0a8b",
        "x-ms-content-crc64": "YeJLfssylmU=",
        "x-ms-request-id": "915bb44e-701e-0021-249e-32eeca000000",
        "x-ms-request-server-encrypted": "true",
        "x-ms-version": "2021-12-02",
        "x-ms-version-id": "2023-01-27T22:24:02.8418324Z"
      },
      "ResponseBody": null
    },
    {
      "RequestUri": "https://fakestorageaccount.blob.core.windows.net/container167485824274207489/blob167485824281004060",
      "RequestMethod": "PUT",
      "RequestHeaders": {
        "Accept": "application/xml",
        "Authorization": "Sanitized",
        "Connection": "keep-alive",
        "Content-Length": "0",
        "Content-Type": "application/octet-stream",
        "User-Agent": "azsdk-js-azure-storage-blob/12.13.0 core-rest-pipeline/1.10.2 Node/v16.18.0 OS/(x64-Linux-5.4.0-1100-azure)",
        "x-ms-blob-type": "BlockBlob",
        "x-ms-client-request-id": "4ba2f07a-d1e8-45f4-8515-4952155f8c14",
        "x-ms-date": "Fri, 27 Jan 2023 22:24:02 GMT",
        "x-ms-version": "2021-12-02"
      },
      "RequestBody": null,
      "StatusCode": 201,
      "ResponseHeaders": {
        "Content-Length": "0",
        "Content-MD5": "1B2M2Y8AsgTpgAmY7PhCfg==",
        "Date": "Fri, 27 Jan 2023 22:24:02 GMT",
        "ETag": "\u00220x8DB00B531E2B1B5\u0022",
        "Last-Modified": "Fri, 27 Jan 2023 22:24:02 GMT",
        "Server": [
          "Windows-Azure-Blob/1.0",
          "Microsoft-HTTPAPI/2.0"
        ],
        "x-ms-client-request-id": "4ba2f07a-d1e8-45f4-8515-4952155f8c14",
        "x-ms-content-crc64": "AAAAAAAAAAA=",
        "x-ms-request-id": "915bb4a1-701e-0021-689e-32eeca000000",
        "x-ms-request-server-encrypted": "true",
        "x-ms-version": "2021-12-02",
        "x-ms-version-id": "2023-01-27T22:24:02.9087941Z"
      },
      "ResponseBody": null
    },
    {
      "RequestUri": "https://fakestorageaccount.blob.core.windows.net/?restype=service\u0026comp=userdelegationkey",
      "RequestMethod": "POST",
      "RequestHeaders": {
        "Accept": "application/xml",
        "Authorization": "Sanitized",
        "Connection": "keep-alive",
        "Content-Length": "146",
        "Content-Type": "application/xml",
        "User-Agent": "azsdk-js-azure-storage-blob/12.13.0 core-rest-pipeline/1.10.2 Node/v16.18.0 OS/(x64-Linux-5.4.0-1100-azure)",
        "x-ms-client-request-id": "33e86171-ea53-4c5d-afb6-8e3e12de3849",
        "x-ms-version": "2021-12-02"
      },
      "RequestBody": "\u003C?xml version=\u00221.0\u0022 encoding=\u0022UTF-8\u0022 standalone=\u0022yes\u0022?\u003E\u003CKeyInfo\u003E\u003CStart\u003E2023-01-27T22:19:02Z\u003C/Start\u003E\u003CExpiry\u003E2023-01-28T22:24:02Z\u003C/Expiry\u003E\u003C/KeyInfo\u003E",
      "StatusCode": 200,
      "ResponseHeaders": {
        "Content-Type": "application/xml",
        "Date": "Fri, 27 Jan 2023 22:24:03 GMT",
        "Server": [
          "Windows-Azure-Blob/1.0",
          "Microsoft-HTTPAPI/2.0"
        ],
        "Transfer-Encoding": "chunked",
        "x-ms-client-request-id": "33e86171-ea53-4c5d-afb6-8e3e12de3849",
        "x-ms-request-id": "915bb6bf-701e-0021-359e-32eeca000000",
        "x-ms-version": "2021-12-02"
      },
      "ResponseBody": "\uFEFF\u003C?xml version=\u00221.0\u0022 encoding=\u0022utf-8\u0022?\u003E\u003CUserDelegationKey\u003E\u003CSignedOid\u003E60b24e44-9b54-4d6f-9227-a474e444e08c\u003C/SignedOid\u003E\u003CSignedTid\u003Eaaaaa\u003C/SignedTid\u003E\u003CSignedStart\u003E2023-01-27T22:19:02Z\u003C/SignedStart\u003E\u003CSignedExpiry\u003E2023-01-28T22:24:02Z\u003C/SignedExpiry\u003E\u003CSignedService\u003Eb\u003C/SignedService\u003E\u003CSignedVersion\u003E2021-12-02\u003C/SignedVersion\u003E\u003CValue\u003EMZ\u002BcQduAckiWmxvD8gOVpVatuUYGXgNGZtuJU9S6mZA=\u003C/Value\u003E\u003C/UserDelegationKey\u003E"
    },
    {
      "RequestUri": "https://fakestorageaccount.blob.core.windows.net/container167485824274207489?restype=container",
      "RequestMethod": "DELETE",
      "RequestHeaders": {
        "Accept": "application/xml",
        "Authorization": "Sanitized",
        "Connection": "keep-alive",
        "User-Agent": "azsdk-js-azure-storage-blob/12.13.0 core-rest-pipeline/1.10.2 Node/v16.18.0 OS/(x64-Linux-5.4.0-1100-azure)",
        "x-ms-client-request-id": "af65cb28-589c-4cbe-a006-dfcf8955297a",
        "x-ms-date": "Fri, 27 Jan 2023 22:24:03 GMT",
        "x-ms-version": "2021-12-02"
      },
      "RequestBody": null,
      "StatusCode": 202,
      "ResponseHeaders": {
        "Content-Length": "0",
        "Date": "Fri, 27 Jan 2023 22:24:03 GMT",
        "Server": [
          "Windows-Azure-Blob/1.0",
          "Microsoft-HTTPAPI/2.0"
        ],
        "x-ms-client-request-id": "af65cb28-589c-4cbe-a006-dfcf8955297a",
        "x-ms-request-id": "915bb7b1-701e-0021-0a9e-32eeca000000",
        "x-ms-version": "2021-12-02"
      },
      "ResponseBody": null
    }
  ],
  "Variables": {
    "blob": "blob167485824281004060",
    "container": "container167485824274207489",
    "now": "2023-01-27T22:24:02.942Z",
    "tmr": "2023-01-27T22:24:02.942Z"
  }
}
