{
  "Entries": [
    {
      "RequestUri": "https://fakestorageaccount.blob.core.windows.net/container167485824182401424?restype=container",
      "RequestMethod": "PUT",
      "RequestHeaders": {
        "Accept": "application/xml",
        "Authorization": "Sanitized",
        "Connection": "keep-alive",
        "Content-Length": "0",
        "User-Agent": "azsdk-js-azure-storage-blob/12.13.0 core-rest-pipeline/1.10.2 Node/v16.18.0 OS/(x64-Linux-5.4.0-1100-azure)",
        "x-ms-client-request-id": "d9f77e5b-1495-4b0d-992e-3faf8671202d",
        "x-ms-date": "Fri, 27 Jan 2023 22:24:01 GMT",
        "x-ms-version": "2021-12-02"
      },
      "RequestBody": null,
      "StatusCode": 201,
      "ResponseHeaders": {
        "Content-Length": "0",
        "Date": "Fri, 27 Jan 2023 22:24:01 GMT",
        "ETag": "\u00220x8DB00B531424F41\u0022",
        "Last-Modified": "Fri, 27 Jan 2023 22:24:01 GMT",
        "Server": [
          "Windows-Azure-Blob/1.0",
          "Microsoft-HTTPAPI/2.0"
        ],
        "x-ms-client-request-id": "d9f77e5b-1495-4b0d-992e-3faf8671202d",
        "x-ms-request-id": "915bb079-701e-0021-479e-32eeca000000",
        "x-ms-version": "2021-12-02"
      },
      "ResponseBody": null
    },
    {
      "RequestUri": "https://fakestorageaccount.blob.core.windows.net/container167485824182401424/blob167485824189105475",
      "RequestMethod": "PUT",
      "RequestHeaders": {
        "Accept": "application/xml",
        "Authorization": "Sanitized",
        "Connection": "keep-alive",
        "Content-Length": "11",
        "Content-Type": "application/octet-stream",
        "User-Agent": "azsdk-js-azure-storage-blob/12.13.0 core-rest-pipeline/1.10.2 Node/v16.18.0 OS/(x64-Linux-5.4.0-1100-azure)",
        "x-ms-blob-type": "BlockBlob",
        "x-ms-client-request-id": "3368d6e7-ee52-4552-9262-b3cdf9d7d0fa",
        "x-ms-date": "Fri, 27 Jan 2023 22:24:01 GMT",
        "x-ms-version": "2021-12-02"
      },
      "RequestBody": "SGVsbG8gV29ybGQ=",
      "StatusCode": 201,
      "ResponseHeaders": {
        "Content-Length": "0",
        "Content-MD5": "sQqNsWTgdUEFt6mb5y4/5Q==",
        "Date": "Fri, 27 Jan 2023 22:24:01 GMT",
        "ETag": "\u00220x8DB00B5314C7B05\u0022",
        "Last-Modified": "Fri, 27 Jan 2023 22:24:01 GMT",
        "Server": [
          "Windows-Azure-Blob/1.0",
          "Microsoft-HTTPAPI/2.0"
        ],
        "x-ms-client-request-id": "3368d6e7-ee52-4552-9262-b3cdf9d7d0fa",
        "x-ms-content-crc64": "YeJLfssylmU=",
        "x-ms-request-id": "915bb0ad-701e-0021-779e-32eeca000000",
        "x-ms-request-server-encrypted": "true",
        "x-ms-version": "2021-12-02",
        "x-ms-version-id": "2023-01-27T22:24:01.9243537Z"
      },
      "ResponseBody": null
    },
    {
      "RequestUri": "https://fakestorageaccount.blob.core.windows.net/container167485824182401424/blob167485824189105475",
      "RequestMethod": "PUT",
      "RequestHeaders": {
        "Accept": "application/xml",
        "Authorization": "Sanitized",
        "Connection": "keep-alive",
        "Content-Length": "0",
        "Content-Type": "application/octet-stream",
        "User-Agent": "azsdk-js-azure-storage-blob/12.13.0 core-rest-pipeline/1.10.2 Node/v16.18.0 OS/(x64-Linux-5.4.0-1100-azure)",
        "x-ms-blob-type": "BlockBlob",
        "x-ms-client-request-id": "59685cff-8bd4-47bb-a0f7-53d50bf6c150",
        "x-ms-date": "Fri, 27 Jan 2023 22:24:01 GMT",
        "x-ms-version": "2021-12-02"
      },
      "RequestBody": null,
      "StatusCode": 201,
      "ResponseHeaders": {
        "Content-Length": "0",
        "Content-MD5": "1B2M2Y8AsgTpgAmY7PhCfg==",
        "Date": "Fri, 27 Jan 2023 22:24:01 GMT",
        "ETag": "\u00220x8DB00B5315CA54F\u0022",
        "Last-Modified": "Fri, 27 Jan 2023 22:24:02 GMT",
        "Server": [
          "Windows-Azure-Blob/1.0",
          "Microsoft-HTTPAPI/2.0"
        ],
        "x-ms-client-request-id": "59685cff-8bd4-47bb-a0f7-53d50bf6c150",
        "x-ms-content-crc64": "AAAAAAAAAAA=",
        "x-ms-request-id": "915bb0f2-701e-0021-389e-32eeca000000",
        "x-ms-request-server-encrypted": "true",
        "x-ms-version": "2021-12-02",
        "x-ms-version-id": "2023-01-27T22:24:02.0302943Z"
      },
      "ResponseBody": null
    },
    {
      "RequestUri": "https://fakestorageaccount.blob.core.windows.net/container167485824182401424?restype=container",
      "RequestMethod": "DELETE",
      "RequestHeaders": {
        "Accept": "application/xml",
        "Authorization": "Sanitized",
        "Connection": "keep-alive",
        "User-Agent": "azsdk-js-azure-storage-blob/12.13.0 core-rest-pipeline/1.10.2 Node/v16.18.0 OS/(x64-Linux-5.4.0-1100-azure)",
        "x-ms-client-request-id": "8ff46c3f-4d02-4459-8287-063c36ae52f2",
        "x-ms-date": "Fri, 27 Jan 2023 22:24:02 GMT",
        "x-ms-version": "2021-12-02"
      },
      "RequestBody": null,
      "StatusCode": 202,
      "ResponseHeaders": {
        "Content-Length": "0",
        "Date": "Fri, 27 Jan 2023 22:24:01 GMT",
        "Server": [
          "Windows-Azure-Blob/1.0",
          "Microsoft-HTTPAPI/2.0"
        ],
        "x-ms-client-request-id": "8ff46c3f-4d02-4459-8287-063c36ae52f2",
        "x-ms-request-id": "915bb1f3-701e-0021-1d9e-32eeca000000",
        "x-ms-version": "2021-12-02"
      },
      "ResponseBody": null
    }
  ],
  "Variables": {
    "blob": "blob167485824189105475",
    "container": "container167485824182401424",
    "now": "2023-01-27T22:24:02.065Z",
    "tmr": "2023-01-27T22:24:02.065Z"
  }
}
