{
  "Entries": [
    {
      "RequestUri": "https://fakestorageaccount.blob.core.windows.net/filesystem167830683828602404?restype=container",
      "RequestMethod": "PUT",
      "RequestHeaders": {
        "Accept": "application/xml",
        "Accept-Encoding": "gzip, deflate, br",
        "Accept-Language": "en-US",
        "Connection": "keep-alive",
        "Content-Length": "0",
        "Origin": "http://localhost:9876",
        "Referer": "http://localhost:9876/",
        "sec-ch-ua": "",
        "sec-ch-ua-mobile": "?0",
        "sec-ch-ua-platform": "",
        "Sec-Fetch-Dest": "empty",
        "Sec-Fetch-Mode": "cors",
        "Sec-Fetch-Site": "same-site",
        "User-Agent": "Mozilla/5.0 (X11; Linux x86_64) AppleWebKit/537.36 (KHTML, like Gecko) HeadlessChrome/111.0.5555.0 Safari/537.36",
        "x-ms-client-request-id": "0ca50bb5-0fe6-4170-b210-18a7a4a190d1",
        "x-ms-useragent": "azsdk-js-azure-storage-blob/12.13.0 core-rest-pipeline/1.10.3 OS",
        "x-ms-version": "2021-12-02"
      },
      "RequestBody": null,
      "StatusCode": 201,
      "ResponseHeaders": {
        "Access-Control-Allow-Origin": "*",
        "Access-Control-Expose-Headers": "x-ms-request-id,x-ms-client-request-id,Server,x-ms-version,Last-Modified,ETag,Content-Length,Date,Transfer-Encoding",
        "Content-Length": "0",
        "Date": "Wed, 08 Mar 2023 20:20:37 GMT",
        "ETag": "\u00220x8DB201294EED28B\u0022",
        "Last-Modified": "Wed, 08 Mar 2023 20:20:38 GMT",
        "Server": [
          "Windows-Azure-Blob/1.0",
          "Microsoft-HTTPAPI/2.0"
        ],
        "x-ms-client-request-id": "0ca50bb5-0fe6-4170-b210-18a7a4a190d1",
        "x-ms-request-id": "759bd126-d01e-005f-12fb-5189fd000000",
        "x-ms-version": "2021-12-02"
      },
      "ResponseBody": null
    },
    {
      "RequestUri": "https://fakestorageaccount.dfs.core.windows.net/filesystem167830683828602404/file167830683837902149?resource=file",
      "RequestMethod": "PUT",
      "RequestHeaders": {
        "Accept": "application/json",
        "Accept-Encoding": "gzip, deflate, br",
        "Accept-Language": "en-US",
        "Connection": "keep-alive",
        "Content-Length": "0",
        "Origin": "http://localhost:9876",
        "Referer": "http://localhost:9876/",
        "sec-ch-ua": "",
        "sec-ch-ua-mobile": "?0",
        "sec-ch-ua-platform": "",
        "Sec-Fetch-Dest": "empty",
        "Sec-Fetch-Mode": "cors",
        "Sec-Fetch-Site": "same-site",
        "User-Agent": "Mozilla/5.0 (X11; Linux x86_64) AppleWebKit/537.36 (KHTML, like Gecko) HeadlessChrome/111.0.5555.0 Safari/537.36",
        "x-ms-client-request-id": "ba60be62-fe6b-4d4f-984c-b65930b6dd72",
        "x-ms-useragent": "azsdk-js-azure-storage-blob/12.13.0 core-rest-pipeline/1.10.3 OS",
        "x-ms-version": "2021-12-02"
      },
      "RequestBody": null,
      "StatusCode": 201,
      "ResponseHeaders": {
        "Access-Control-Allow-Origin": "*",
        "Access-Control-Expose-Headers": "Content-Length,Date,ETag,Last-Modified,Server,x-ms-client-request-id,x-ms-request-id,x-ms-request-server-encrypted,x-ms-version",
        "Content-Length": "0",
        "Date": "Wed, 08 Mar 2023 20:20:37 GMT",
        "ETag": "\u00220x8DB201294FE75CE\u0022",
        "Last-Modified": "Wed, 08 Mar 2023 20:20:38 GMT",
        "Server": [
          "Windows-Azure-HDFS/1.0",
          "Microsoft-HTTPAPI/2.0"
        ],
        "x-ms-client-request-id": "ba60be62-fe6b-4d4f-984c-b65930b6dd72",
        "x-ms-request-id": "3deb8dff-d01f-004f-60fb-514c95000000",
        "x-ms-request-server-encrypted": "true",
        "x-ms-version": "2021-12-02"
      },
      "ResponseBody": null
    },
    {
      "RequestUri": "https://fakestorageaccount.dfs.core.windows.net/filesystem167830683828602404/file167830683837902149?position=0\u0026action=append",
      "RequestMethod": "PATCH",
      "RequestHeaders": {
        "Accept": "application/json",
        "Accept-Encoding": "gzip, deflate, br",
        "Accept-Language": "en-US",
        "Connection": "keep-alive",
        "Content-Length": "11",
        "Content-Type": "application/json",
        "Origin": "http://localhost:9876",
        "Referer": "http://localhost:9876/",
        "sec-ch-ua": "",
        "sec-ch-ua-mobile": "?0",
        "sec-ch-ua-platform": "",
        "Sec-Fetch-Dest": "empty",
        "Sec-Fetch-Mode": "cors",
        "Sec-Fetch-Site": "same-site",
        "User-Agent": "Mozilla/5.0 (X11; Linux x86_64) AppleWebKit/537.36 (KHTML, like Gecko) HeadlessChrome/111.0.5555.0 Safari/537.36",
        "x-ms-client-request-id": "50440eac-c930-403e-a0f4-799ea2ea8b33",
        "x-ms-useragent": "azsdk-js-azure-storage-blob/12.13.0 core-rest-pipeline/1.10.3 OS",
        "x-ms-version": "2021-12-02"
      },
      "RequestBody": "Hello World",
      "StatusCode": 202,
      "ResponseHeaders": {
        "Access-Control-Allow-Origin": "*",
        "Access-Control-Expose-Headers": "Content-Length,Date,Server,x-ms-client-request-id,x-ms-request-id,x-ms-request-server-encrypted,x-ms-version",
        "Content-Length": "0",
        "Date": "Wed, 08 Mar 2023 20:20:37 GMT",
        "Server": [
          "Windows-Azure-HDFS/1.0",
          "Microsoft-HTTPAPI/2.0"
        ],
        "x-ms-client-request-id": "50440eac-c930-403e-a0f4-799ea2ea8b33",
        "x-ms-request-id": "3deb8e12-d01f-004f-73fb-514c95000000",
        "x-ms-request-server-encrypted": "true",
        "x-ms-version": "2021-12-02"
      },
      "ResponseBody": null
    },
    {
      "RequestUri": "https://fakestorageaccount.dfs.core.windows.net/filesystem167830683828602404/file167830683837902149?position=11\u0026action=flush",
      "RequestMethod": "PATCH",
      "RequestHeaders": {
        "Accept": "application/json",
        "Accept-Encoding": "gzip, deflate, br",
        "Accept-Language": "en-US",
        "Connection": "keep-alive",
        "Content-Length": "0",
        "Content-Type": "application/json; charset=utf-8",
        "Origin": "http://localhost:9876",
        "Referer": "http://localhost:9876/",
        "sec-ch-ua": "",
        "sec-ch-ua-mobile": "?0",
        "sec-ch-ua-platform": "",
        "Sec-Fetch-Dest": "empty",
        "Sec-Fetch-Mode": "cors",
        "Sec-Fetch-Site": "same-site",
        "User-Agent": "Mozilla/5.0 (X11; Linux x86_64) AppleWebKit/537.36 (KHTML, like Gecko) HeadlessChrome/111.0.5555.0 Safari/537.36",
        "x-ms-client-request-id": "cf55226e-d655-4bc1-a0b3-cea52b5cde50",
        "x-ms-useragent": "azsdk-js-azure-storage-blob/12.13.0 core-rest-pipeline/1.10.3 OS",
        "x-ms-version": "2021-12-02"
      },
      "RequestBody": null,
      "StatusCode": 200,
      "ResponseHeaders": {
        "Access-Control-Allow-Origin": "*",
        "Access-Control-Expose-Headers": "Content-Length,Date,ETag,Last-Modified,Server,x-ms-client-request-id,x-ms-request-id,x-ms-request-server-encrypted,x-ms-version",
        "Content-Length": "0",
        "Date": "Wed, 08 Mar 2023 20:20:37 GMT",
        "ETag": "\u00220x8DB201295182A91\u0022",
        "Last-Modified": "Wed, 08 Mar 2023 20:20:38 GMT",
        "Server": [
          "Windows-Azure-HDFS/1.0",
          "Microsoft-HTTPAPI/2.0"
        ],
        "x-ms-client-request-id": "cf55226e-d655-4bc1-a0b3-cea52b5cde50",
        "x-ms-request-id": "3deb8e26-d01f-004f-07fb-514c95000000",
        "x-ms-request-server-encrypted": "false",
        "x-ms-version": "2021-12-02"
      },
      "ResponseBody": null
    },
    {
      "RequestUri": "https://fakestorageaccount.dfs.core.windows.net/filesystem167830683828602404/file167830683837902149?resource=file",
      "RequestMethod": "PUT",
      "RequestHeaders": {
        "Accept": "application/json",
        "Accept-Encoding": "gzip, deflate, br",
        "Accept-Language": "en-US",
        "Connection": "keep-alive",
        "Content-Length": "0",
        "If-None-Match": "*",
        "Origin": "http://localhost:9876",
        "Referer": "http://localhost:9876/",
        "sec-ch-ua": "",
        "sec-ch-ua-mobile": "?0",
        "sec-ch-ua-platform": "",
        "Sec-Fetch-Dest": "empty",
        "Sec-Fetch-Mode": "cors",
        "Sec-Fetch-Site": "same-site",
        "User-Agent": "Mozilla/5.0 (X11; Linux x86_64) AppleWebKit/537.36 (KHTML, like Gecko) HeadlessChrome/111.0.5555.0 Safari/537.36",
        "x-ms-client-request-id": "b7b852cc-a3a4-4732-afc4-cf4871ac3dd8",
        "x-ms-useragent": "azsdk-js-azure-storage-blob/12.13.0 core-rest-pipeline/1.10.3 OS",
        "x-ms-version": "2021-12-02"
      },
      "RequestBody": null,
      "StatusCode": 409,
      "ResponseHeaders": {
        "Access-Control-Allow-Origin": "*",
        "Access-Control-Expose-Headers": "Content-Length,Content-Type,Date,Server,x-ms-client-request-id,x-ms-error-code,x-ms-request-id,x-ms-version",
        "Content-Length": "168",
        "Content-Type": "application/json; charset=utf-8",
        "Date": "Wed, 08 Mar 2023 20:20:37 GMT",
        "Server": [
          "Windows-Azure-HDFS/1.0",
          "Microsoft-HTTPAPI/2.0"
        ],
        "x-ms-client-request-id": "b7b852cc-a3a4-4732-afc4-cf4871ac3dd8",
        "x-ms-error-code": "PathAlreadyExists",
        "x-ms-request-id": "3deb8e40-d01f-004f-21fb-514c95000000",
        "x-ms-version": "2021-12-02"
      },
      "ResponseBody": {
        "error": {
          "code": "PathAlreadyExists",
          "message": "The specified path already exists.\nRequestId:3deb8e40-d01f-004f-21fb-514c95000000\nTime:2023-03-08T20:20:38.6624105Z"
        }
      }
    },
    {
      "RequestUri": "https://fakestorageaccount.blob.core.windows.net/filesystem167830683828602404?restype=container",
      "RequestMethod": "DELETE",
      "RequestHeaders": {
        "Accept": "application/xml",
        "Accept-Encoding": "gzip, deflate, br",
        "Accept-Language": "en-US",
        "Connection": "keep-alive",
        "Origin": "http://localhost:9876",
        "Referer": "http://localhost:9876/",
        "sec-ch-ua": "",
        "sec-ch-ua-mobile": "?0",
        "sec-ch-ua-platform": "",
        "Sec-Fetch-Dest": "empty",
        "Sec-Fetch-Mode": "cors",
        "Sec-Fetch-Site": "same-site",
        "User-Agent": "Mozilla/5.0 (X11; Linux x86_64) AppleWebKit/537.36 (KHTML, like Gecko) HeadlessChrome/111.0.5555.0 Safari/537.36",
        "x-ms-client-request-id": "438e2bbb-6485-4200-a50f-25f2271821a1",
        "x-ms-useragent": "azsdk-js-azure-storage-blob/12.13.0 core-rest-pipeline/1.10.3 OS",
        "x-ms-version": "2021-12-02"
      },
      "RequestBody": null,
      "StatusCode": 202,
      "ResponseHeaders": {
        "Access-Control-Allow-Origin": "*",
        "Access-Control-Expose-Headers": "x-ms-request-id,x-ms-client-request-id,Server,x-ms-version,Content-Length,Date,Transfer-Encoding",
        "Content-Length": "0",
        "Date": "Wed, 08 Mar 2023 20:20:38 GMT",
        "Server": [
          "Windows-Azure-Blob/1.0",
          "Microsoft-HTTPAPI/2.0"
        ],
        "x-ms-client-request-id": "438e2bbb-6485-4200-a50f-25f2271821a1",
        "x-ms-request-id": "759bd1d6-d01e-005f-38fb-5189fd000000",
        "x-ms-version": "2021-12-02"
      },
      "ResponseBody": null
    }
  ],
  "Variables": {
    "file": "file167830683837902149",
    "filesystem": "filesystem167830683828602404"
  }
}
