{
  "Entries": [
    {
      "RequestUri": "https://fakestorageaccount.blob.core.windows.net/filesystem167830683978903882?restype=container",
      "RequestMethod": "PUT",
      "RequestHeaders": {
        "Accept": "application/xml",
        "Accept-Encoding": "gzip, deflate, br",
        "Accept-Language": "en-US",
        "Connection": "keep-alive",
        "Content-Length": "0",
        "Origin": "http://localhost:9876",
        "Referer": "http://localhost:9876/",
        "sec-ch-ua": "",
        "sec-ch-ua-mobile": "?0",
        "sec-ch-ua-platform": "",
        "Sec-Fetch-Dest": "empty",
        "Sec-Fetch-Mode": "cors",
        "Sec-Fetch-Site": "same-site",
        "User-Agent": "Mozilla/5.0 (X11; Linux x86_64) AppleWebKit/537.36 (KHTML, like Gecko) HeadlessChrome/111.0.5555.0 Safari/537.36",
        "x-ms-client-request-id": "6e0e4fbd-11dc-4e18-b623-fdcc6817d45a",
        "x-ms-useragent": "azsdk-js-azure-storage-blob/12.13.0 core-rest-pipeline/1.10.3 OS",
        "x-ms-version": "2021-12-02"
      },
      "RequestBody": null,
      "StatusCode": 201,
      "ResponseHeaders": {
        "Access-Control-Allow-Origin": "*",
        "Access-Control-Expose-Headers": "x-ms-request-id,x-ms-client-request-id,Server,x-ms-version,Last-Modified,ETag,Content-Length,Date,Transfer-Encoding",
        "Content-Length": "0",
        "Date": "Wed, 08 Mar 2023 20:20:38 GMT",
        "ETag": "\u00220x8DB201295D40762\u0022",
        "Last-Modified": "Wed, 08 Mar 2023 20:20:39 GMT",
        "Server": [
          "Windows-Azure-Blob/1.0",
          "Microsoft-HTTPAPI/2.0"
        ],
        "x-ms-client-request-id": "6e0e4fbd-11dc-4e18-b623-fdcc6817d45a",
        "x-ms-request-id": "759bd3b7-d01e-005f-76fb-5189fd000000",
        "x-ms-version": "2021-12-02"
      },
      "ResponseBody": null
    },
    {
      "RequestUri": "https://fakestorageaccount.dfs.core.windows.net/filesystem167830683978903882/file167830683987509614?resource=file",
      "RequestMethod": "PUT",
      "RequestHeaders": {
        "Accept": "application/json",
        "Accept-Encoding": "gzip, deflate, br",
        "Accept-Language": "en-US",
        "Connection": "keep-alive",
        "Content-Length": "0",
        "Origin": "http://localhost:9876",
        "Referer": "http://localhost:9876/",
        "sec-ch-ua": "",
        "sec-ch-ua-mobile": "?0",
        "sec-ch-ua-platform": "",
        "Sec-Fetch-Dest": "empty",
        "Sec-Fetch-Mode": "cors",
        "Sec-Fetch-Site": "same-site",
        "User-Agent": "Mozilla/5.0 (X11; Linux x86_64) AppleWebKit/537.36 (KHTML, like Gecko) HeadlessChrome/111.0.5555.0 Safari/537.36",
        "x-ms-client-request-id": "0d36b21f-9c4a-42e3-bedb-276e4ea4e200",
        "x-ms-useragent": "azsdk-js-azure-storage-blob/12.13.0 core-rest-pipeline/1.10.3 OS",
        "x-ms-version": "2021-12-02"
      },
      "RequestBody": null,
      "StatusCode": 201,
      "ResponseHeaders": {
        "Access-Control-Allow-Origin": "*",
        "Access-Control-Expose-Headers": "Content-Length,Date,ETag,Last-Modified,Server,x-ms-client-request-id,x-ms-request-id,x-ms-request-server-encrypted,x-ms-version",
        "Content-Length": "0",
        "Date": "Wed, 08 Mar 2023 20:20:39 GMT",
        "ETag": "\u00220x8DB201295E33F55\u0022",
        "Last-Modified": "Wed, 08 Mar 2023 20:20:39 GMT",
        "Server": [
          "Windows-Azure-HDFS/1.0",
          "Microsoft-HTTPAPI/2.0"
        ],
        "x-ms-client-request-id": "0d36b21f-9c4a-42e3-bedb-276e4ea4e200",
        "x-ms-request-id": "3deb8fcc-d01f-004f-2dfb-514c95000000",
        "x-ms-request-server-encrypted": "true",
        "x-ms-version": "2021-12-02"
      },
      "ResponseBody": null
    },
    {
      "RequestUri": "https://fakestorageaccount.dfs.core.windows.net/filesystem167830683978903882/file167830683987509614?position=0\u0026action=append",
      "RequestMethod": "PATCH",
      "RequestHeaders": {
        "Accept": "application/json",
        "Accept-Encoding": "gzip, deflate, br",
        "Accept-Language": "en-US",
        "Connection": "keep-alive",
        "Content-Length": "11",
        "Content-Type": "application/json",
        "Origin": "http://localhost:9876",
        "Referer": "http://localhost:9876/",
        "sec-ch-ua": "",
        "sec-ch-ua-mobile": "?0",
        "sec-ch-ua-platform": "",
        "Sec-Fetch-Dest": "empty",
        "Sec-Fetch-Mode": "cors",
        "Sec-Fetch-Site": "same-site",
        "User-Agent": "Mozilla/5.0 (X11; Linux x86_64) AppleWebKit/537.36 (KHTML, like Gecko) HeadlessChrome/111.0.5555.0 Safari/537.36",
        "x-ms-client-request-id": "8e9368f6-e6e0-4fee-aa6c-76ae2afcac58",
        "x-ms-useragent": "azsdk-js-azure-storage-blob/12.13.0 core-rest-pipeline/1.10.3 OS",
        "x-ms-version": "2021-12-02"
      },
      "RequestBody": "Hello World",
      "StatusCode": 202,
      "ResponseHeaders": {
        "Access-Control-Allow-Origin": "*",
        "Access-Control-Expose-Headers": "Content-Length,Date,Server,x-ms-client-request-id,x-ms-request-id,x-ms-request-server-encrypted,x-ms-version",
        "Content-Length": "0",
        "Date": "Wed, 08 Mar 2023 20:20:39 GMT",
        "Server": [
          "Windows-Azure-HDFS/1.0",
          "Microsoft-HTTPAPI/2.0"
        ],
        "x-ms-client-request-id": "8e9368f6-e6e0-4fee-aa6c-76ae2afcac58",
        "x-ms-request-id": "3deb8fdf-d01f-004f-40fb-514c95000000",
        "x-ms-request-server-encrypted": "true",
        "x-ms-version": "2021-12-02"
      },
      "ResponseBody": null
    },
    {
      "RequestUri": "https://fakestorageaccount.dfs.core.windows.net/filesystem167830683978903882/file167830683987509614?position=11\u0026action=flush",
      "RequestMethod": "PATCH",
      "RequestHeaders": {
        "Accept": "application/json",
        "Accept-Encoding": "gzip, deflate, br",
        "Accept-Language": "en-US",
        "Connection": "keep-alive",
        "Content-Length": "0",
        "Content-Type": "application/json; charset=utf-8",
        "Origin": "http://localhost:9876",
        "Referer": "http://localhost:9876/",
        "sec-ch-ua": "",
        "sec-ch-ua-mobile": "?0",
        "sec-ch-ua-platform": "",
        "Sec-Fetch-Dest": "empty",
        "Sec-Fetch-Mode": "cors",
        "Sec-Fetch-Site": "same-site",
        "User-Agent": "Mozilla/5.0 (X11; Linux x86_64) AppleWebKit/537.36 (KHTML, like Gecko) HeadlessChrome/111.0.5555.0 Safari/537.36",
        "x-ms-client-request-id": "5bea8691-438e-4ac5-9031-059400dc5eb9",
        "x-ms-useragent": "azsdk-js-azure-storage-blob/12.13.0 core-rest-pipeline/1.10.3 OS",
        "x-ms-version": "2021-12-02"
      },
      "RequestBody": null,
      "StatusCode": 200,
      "ResponseHeaders": {
        "Access-Control-Allow-Origin": "*",
        "Access-Control-Expose-Headers": "Content-Length,Date,ETag,Last-Modified,Server,x-ms-client-request-id,x-ms-request-id,x-ms-request-server-encrypted,x-ms-version",
        "Content-Length": "0",
        "Date": "Wed, 08 Mar 2023 20:20:39 GMT",
        "ETag": "\u00220x8DB201295FC97E0\u0022",
        "Last-Modified": "Wed, 08 Mar 2023 20:20:40 GMT",
        "Server": [
          "Windows-Azure-HDFS/1.0",
          "Microsoft-HTTPAPI/2.0"
        ],
        "x-ms-client-request-id": "5bea8691-438e-4ac5-9031-059400dc5eb9",
        "x-ms-request-id": "3deb8fee-d01f-004f-4ffb-514c95000000",
        "x-ms-request-server-encrypted": "false",
        "x-ms-version": "2021-12-02"
      },
      "ResponseBody": null
    },
    {
      "RequestUri": "https://fakestorageaccount.dfs.core.windows.net/filesystem167830683978903882/dir167830684012304876/file167830683987509614?",
      "RequestMethod": "DELETE",
      "RequestHeaders": {
        "Accept": "application/json",
        "Accept-Encoding": "gzip, deflate, br",
        "Accept-Language": "en-US",
        "Connection": "keep-alive",
        "Origin": "http://localhost:9876",
        "Referer": "http://localhost:9876/",
        "sec-ch-ua": "",
        "sec-ch-ua-mobile": "?0",
        "sec-ch-ua-platform": "",
        "Sec-Fetch-Dest": "empty",
        "Sec-Fetch-Mode": "cors",
        "Sec-Fetch-Site": "same-site",
        "User-Agent": "Mozilla/5.0 (X11; Linux x86_64) AppleWebKit/537.36 (KHTML, like Gecko) HeadlessChrome/111.0.5555.0 Safari/537.36",
        "x-ms-client-request-id": "89bfcba0-62cb-42a7-8e26-56f52b23e761",
        "x-ms-useragent": "azsdk-js-azure-storage-blob/12.13.0 core-rest-pipeline/1.10.3 OS",
        "x-ms-version": "2021-12-02"
      },
      "RequestBody": null,
      "StatusCode": 404,
      "ResponseHeaders": {
        "Access-Control-Allow-Origin": "*",
        "Access-Control-Expose-Headers": "Content-Length,Content-Type,Date,Server,x-ms-client-request-id,x-ms-error-code,x-ms-request-id,x-ms-version",
        "Content-Length": "163",
        "Content-Type": "application/json; charset=utf-8",
        "Date": "Wed, 08 Mar 2023 20:20:39 GMT",
        "Server": [
          "Windows-Azure-HDFS/1.0",
          "Microsoft-HTTPAPI/2.0"
        ],
        "x-ms-client-request-id": "89bfcba0-62cb-42a7-8e26-56f52b23e761",
        "x-ms-error-code": "PathNotFound",
        "x-ms-request-id": "3deb9009-d01f-004f-6afb-514c95000000",
        "x-ms-version": "2021-12-02"
      },
      "ResponseBody": {
        "error": {
          "code": "PathNotFound",
          "message": "The specified path does not exist.\nRequestId:3deb9009-d01f-004f-6afb-514c95000000\nTime:2023-03-08T20:20:40.1645615Z"
        }
      }
    },
    {
      "RequestUri": "https://fakestorageaccount.blob.core.windows.net/filesystem167830683978903882?restype=container",
      "RequestMethod": "DELETE",
      "RequestHeaders": {
        "Accept": "application/xml",
        "Accept-Encoding": "gzip, deflate, br",
        "Accept-Language": "en-US",
        "Connection": "keep-alive",
        "Origin": "http://localhost:9876",
        "Referer": "http://localhost:9876/",
        "sec-ch-ua": "",
        "sec-ch-ua-mobile": "?0",
        "sec-ch-ua-platform": "",
        "Sec-Fetch-Dest": "empty",
        "Sec-Fetch-Mode": "cors",
        "Sec-Fetch-Site": "same-site",
        "User-Agent": "Mozilla/5.0 (X11; Linux x86_64) AppleWebKit/537.36 (KHTML, like Gecko) HeadlessChrome/111.0.5555.0 Safari/537.36",
        "x-ms-client-request-id": "b3bf978e-961d-47e3-835e-62f7234960fc",
        "x-ms-useragent": "azsdk-js-azure-storage-blob/12.13.0 core-rest-pipeline/1.10.3 OS",
        "x-ms-version": "2021-12-02"
      },
      "RequestBody": null,
      "StatusCode": 202,
      "ResponseHeaders": {
        "Access-Control-Allow-Origin": "*",
        "Access-Control-Expose-Headers": "x-ms-request-id,x-ms-client-request-id,Server,x-ms-version,Content-Length,Date,Transfer-Encoding",
        "Content-Length": "0",
        "Date": "Wed, 08 Mar 2023 20:20:39 GMT",
        "Server": [
          "Windows-Azure-Blob/1.0",
          "Microsoft-HTTPAPI/2.0"
        ],
        "x-ms-client-request-id": "b3bf978e-961d-47e3-835e-62f7234960fc",
        "x-ms-request-id": "759bd458-d01e-005f-11fb-5189fd000000",
        "x-ms-version": "2021-12-02"
      },
      "ResponseBody": null
    }
  ],
  "Variables": {
    "dir": "dir167830684012304876",
    "file": "file167830683987509614",
    "filesystem": "filesystem167830683978903882"
  }
}
