{
  "Entries": [
    {
      "RequestUri": "https://fakestorageaccount.file.core.windows.net/share168617845096403796?restype=share",
      "RequestMethod": "PUT",
      "RequestHeaders": {
        "Accept": "application/xml",
        "Authorization": "Sanitized",
        "Connection": "keep-alive",
        "Content-Length": "0",
        "User-Agent": "azsdk-js-azure-storage-blob/12.13.0 core-rest-pipeline/1.11.1 Node/v16.18.0 OS/(x64-Linux-5.15.0-1038-azure)",
        "x-ms-client-request-id": "d95a1211-2954-4e4f-80ed-2e7f2c972282",
        "x-ms-date": "Wed, 07 Jun 2023 22:54:10 GMT",
        "x-ms-version": "2021-10-04"
      },
      "RequestBody": null,
      "StatusCode": 201,
      "ResponseHeaders": {
        "Content-Length": "0",
        "Date": "Wed, 07 Jun 2023 22:54:10 GMT",
        "ETag": "\u00220x8DB67AA1BB41629\u0022",
        "Last-Modified": "Wed, 07 Jun 2023 22:54:10 GMT",
        "Server": [
          "Windows-Azure-File/1.0",
          "Microsoft-HTTPAPI/2.0"
        ],
        "x-ms-client-request-id": "d95a1211-2954-4e4f-80ed-2e7f2c972282",
        "x-ms-request-id": "7360b09d-001a-003b-3092-998f15000000",
        "x-ms-version": "2021-10-04"
      },
      "ResponseBody": null
    },
    {
      "RequestUri": "https://fakestorageaccount.file.core.windows.net/share168617845096403796/dir168617845103003364?restype=directory",
      "RequestMethod": "PUT",
      "RequestHeaders": {
        "Accept": "application/xml",
        "Authorization": "Sanitized",
        "Connection": "keep-alive",
        "Content-Length": "0",
        "User-Agent": "azsdk-js-azure-storage-blob/12.13.0 core-rest-pipeline/1.11.1 Node/v16.18.0 OS/(x64-Linux-5.15.0-1038-azure)",
        "x-ms-client-request-id": "16a04f42-4e85-486f-8416-4e0d0a21abad",
        "x-ms-date": "Wed, 07 Jun 2023 22:54:11 GMT",
        "x-ms-file-attributes": "Directory",
        "x-ms-file-creation-time": "now",
        "x-ms-file-last-write-time": "now",
        "x-ms-file-permission": "inherit",
        "x-ms-version": "2021-10-04"
      },
      "RequestBody": null,
      "StatusCode": 201,
      "ResponseHeaders": {
        "Content-Length": "0",
        "Date": "Wed, 07 Jun 2023 22:54:10 GMT",
        "ETag": "\u00220x8DB67AA1BBEC3B3\u0022",
        "Last-Modified": "Wed, 07 Jun 2023 22:54:11 GMT",
        "Server": [
          "Windows-Azure-File/1.0",
          "Microsoft-HTTPAPI/2.0"
        ],
        "x-ms-client-request-id": "16a04f42-4e85-486f-8416-4e0d0a21abad",
        "x-ms-file-attributes": "Directory",
        "x-ms-file-change-time": "2023-06-07T22:54:11.0645171Z",
        "x-ms-file-creation-time": "2023-06-07T22:54:11.0645171Z",
        "x-ms-file-id": "13835128424026341376",
        "x-ms-file-last-write-time": "2023-06-07T22:54:11.0645171Z",
        "x-ms-file-parent-id": "0",
        "x-ms-file-permission-key": "14438882940201373875*11581588750433322810",
        "x-ms-request-id": "7360b09f-001a-003b-3192-998f15000000",
        "x-ms-request-server-encrypted": "true",
        "x-ms-version": "2021-10-04"
      },
      "ResponseBody": null
    },
    {
      "RequestUri": "https://fakestorageaccount.file.core.windows.net/share168617845096403796/dir168617845103003364/file168617845109905668",
      "RequestMethod": "PUT",
      "RequestHeaders": {
        "Accept": "application/xml",
        "Authorization": "Sanitized",
        "Connection": "keep-alive",
        "Content-Length": "0",
        "User-Agent": "azsdk-js-azure-storage-blob/12.13.0 core-rest-pipeline/1.11.1 Node/v16.18.0 OS/(x64-Linux-5.15.0-1038-azure)",
        "x-ms-client-request-id": "e7de7d19-c8b7-41ad-a415-79081f6a35eb",
        "x-ms-content-length": "11",
        "x-ms-date": "Wed, 07 Jun 2023 22:54:11 GMT",
        "x-ms-file-attributes": "None",
        "x-ms-file-creation-time": "now",
        "x-ms-file-last-write-time": "now",
        "x-ms-file-permission": "inherit",
        "x-ms-type": "file",
        "x-ms-version": "2021-10-04"
      },
      "RequestBody": null,
      "StatusCode": 201,
      "ResponseHeaders": {
        "Content-Length": "0",
        "Date": "Wed, 07 Jun 2023 22:54:10 GMT",
        "ETag": "\u00220x8DB67AA1BC9226F\u0022",
        "Last-Modified": "Wed, 07 Jun 2023 22:54:11 GMT",
        "Server": [
          "Windows-Azure-File/1.0",
          "Microsoft-HTTPAPI/2.0"
        ],
        "x-ms-client-request-id": "e7de7d19-c8b7-41ad-a415-79081f6a35eb",
        "x-ms-file-attributes": "Archive",
        "x-ms-file-change-time": "2023-06-07T22:54:11.1324783Z",
        "x-ms-file-creation-time": "2023-06-07T22:54:11.1324783Z",
        "x-ms-file-id": "11529285414812647424",
        "x-ms-file-last-write-time": "2023-06-07T22:54:11.1324783Z",
        "x-ms-file-parent-id": "13835128424026341376",
        "x-ms-file-permission-key": "584053819618422708*11581588750433322810",
        "x-ms-request-id": "7360b0a0-001a-003b-3292-998f15000000",
        "x-ms-request-server-encrypted": "true",
        "x-ms-version": "2021-10-04"
      },
      "ResponseBody": null
    },
    {
      "RequestUri": "https://fakestorageaccount.file.core.windows.net/share168617845096403796/dir168617845103003364/file168617845109905668?comp=lease",
      "RequestMethod": "PUT",
      "RequestHeaders": {
        "Accept": "application/xml",
        "Authorization": "Sanitized",
        "Connection": "keep-alive",
        "Content-Length": "0",
        "User-Agent": "azsdk-js-azure-storage-blob/12.13.0 core-rest-pipeline/1.11.1 Node/v16.18.0 OS/(x64-Linux-5.15.0-1038-azure)",
        "x-ms-client-request-id": "76ee4090-0afa-46eb-995c-ed4fe6d8dd89",
        "x-ms-date": "Wed, 07 Jun 2023 22:54:11 GMT",
        "x-ms-lease-action": "acquire",
        "x-ms-lease-duration": "-1",
        "x-ms-proposed-lease-id": "e9890485-bf47-4d9a-b3d0-aceb18506124",
        "x-ms-version": "2021-10-04"
      },
      "RequestBody": null,
      "StatusCode": 201,
      "ResponseHeaders": {
        "Date": "Wed, 07 Jun 2023 22:54:10 GMT",
        "ETag": "\u00220x8DB67AA1BC9226F\u0022",
        "Last-Modified": "Wed, 07 Jun 2023 22:54:11 GMT",
        "Server": [
          "Windows-Azure-File/1.0",
          "Microsoft-HTTPAPI/2.0"
        ],
        "Transfer-Encoding": "chunked",
        "x-ms-client-request-id": "76ee4090-0afa-46eb-995c-ed4fe6d8dd89",
        "x-ms-lease-id": "e9890485-bf47-4d9a-b3d0-aceb18506124",
        "x-ms-request-id": "7360b0a1-001a-003b-3392-998f15000000",
        "x-ms-version": "2021-10-04"
      },
      "ResponseBody": null
    },
    {
      "RequestUri": "https://fakestorageaccount.file.core.windows.net/share168617845096403796/dir168617845103003364/file168617845109905668",
      "RequestMethod": "HEAD",
      "RequestHeaders": {
        "Accept": "application/xml",
        "Authorization": "Sanitized",
        "Connection": "keep-alive",
        "User-Agent": "azsdk-js-azure-storage-blob/12.13.0 core-rest-pipeline/1.11.1 Node/v16.18.0 OS/(x64-Linux-5.15.0-1038-azure)",
        "x-ms-client-request-id": "b984328f-1d01-48ca-869e-40af65e14bf5",
        "x-ms-date": "Wed, 07 Jun 2023 22:54:11 GMT",
        "x-ms-version": "2021-10-04"
      },
      "RequestBody": null,
      "StatusCode": 200,
      "ResponseHeaders": {
        "Access-Control-Allow-Origin": "*",
        "Access-Control-Expose-Headers": "x-ms-request-id,x-ms-client-request-id,Server,x-ms-version,Content-Type,Last-Modified,ETag,x-ms-type,x-ms-server-encrypted,x-ms-lease-status,x-ms-lease-state,x-ms-lease-duration,x-ms-file-change-time,x-ms-file-last-write-time,x-ms-file-creation-time,x-ms-file-permission-key,x-ms-file-attributes,x-ms-file-id,x-ms-file-parent-id,Content-Length,Date,Transfer-Encoding",
        "Content-Length": "11",
        "Content-Type": "application/octet-stream",
        "Date": "Wed, 07 Jun 2023 22:54:10 GMT",
        "ETag": "\u00220x8DB67AA1BC9226F\u0022",
        "Last-Modified": "Wed, 07 Jun 2023 22:54:11 GMT",
        "Server": [
          "Windows-Azure-File/1.0",
          "Microsoft-HTTPAPI/2.0"
        ],
        "x-ms-client-request-id": "b984328f-1d01-48ca-869e-40af65e14bf5",
        "x-ms-file-attributes": "Archive",
        "x-ms-file-change-time": "2023-06-07T22:54:11.1324783Z",
        "x-ms-file-creation-time": "2023-06-07T22:54:11.1324783Z",
        "x-ms-file-id": "11529285414812647424",
        "x-ms-file-last-write-time": "2023-06-07T22:54:11.1324783Z",
        "x-ms-file-parent-id": "13835128424026341376",
        "x-ms-file-permission-key": "584053819618422708*11581588750433322810",
        "x-ms-lease-duration": "infinite",
        "x-ms-lease-state": "leased",
        "x-ms-lease-status": "locked",
        "x-ms-request-id": "7360b0a2-001a-003b-3492-998f15000000",
        "x-ms-server-encrypted": "true",
        "x-ms-type": "File",
        "x-ms-version": "2021-10-04"
      },
      "ResponseBody": null
    },
    {
      "RequestUri": "https://fakestorageaccount.file.core.windows.net/share168617845096403796/dir168617845103003364/file168617845109905668?comp=properties",
      "RequestMethod": "PUT",
      "RequestHeaders": {
        "Accept": "application/xml",
        "Authorization": "Sanitized",
        "Connection": "keep-alive",
        "Content-Length": "0",
        "User-Agent": "azsdk-js-azure-storage-blob/12.13.0 core-rest-pipeline/1.11.1 Node/v16.18.0 OS/(x64-Linux-5.15.0-1038-azure)",
        "x-ms-client-request-id": "7ac96106-14df-4f1c-bb0e-25f50b449318",
        "x-ms-date": "Wed, 07 Jun 2023 22:54:11 GMT",
        "x-ms-file-attributes": "preserve",
        "x-ms-file-creation-time": "preserve",
        "x-ms-file-last-write-time": "preserve",
        "x-ms-file-permission": "preserve",
        "x-ms-version": "2021-10-04"
      },
      "RequestBody": null,
      "StatusCode": 412,
      "ResponseHeaders": {
        "Content-Length": "267",
        "Content-Type": "application/xml",
        "Date": "Wed, 07 Jun 2023 22:54:10 GMT",
        "Server": [
          "Windows-Azure-File/1.0",
          "Microsoft-HTTPAPI/2.0"
        ],
        "x-ms-client-request-id": "7ac96106-14df-4f1c-bb0e-25f50b449318",
        "x-ms-error-code": "LeaseIdMissing",
        "x-ms-request-id": "7360b0a3-001a-003b-3592-998f15000000",
        "x-ms-version": "2021-10-04"
      },
      "ResponseBody": [
        "\uFEFF\u003C?xml version=\u00221.0\u0022 encoding=\u0022utf-8\u0022?\u003E\u003CError\u003E\u003CCode\u003ELeaseIdMissing\u003C/Code\u003E\u003CMessage\u003EThere is currently a lease on the file and no lease ID was specified in the request.\n",
        "RequestId:7360b0a3-001a-003b-3592-998f15000000\n",
        "Time:2023-06-07T22:54:11.3263461Z\u003C/Message\u003E\u003C/Error\u003E"
      ]
    },
    {
      "RequestUri": "https://fakestorageaccount.file.core.windows.net/share168617845096403796/dir168617845103003364/file168617845109905668?comp=properties",
      "RequestMethod": "PUT",
      "RequestHeaders": {
        "Accept": "application/xml",
        "Authorization": "Sanitized",
        "Connection": "keep-alive",
        "Content-Length": "0",
        "User-Agent": "azsdk-js-azure-storage-blob/12.13.0 core-rest-pipeline/1.11.1 Node/v16.18.0 OS/(x64-Linux-5.15.0-1038-azure)",
        "x-ms-client-request-id": "02e64043-988f-49b6-8c19-d2efa9bd67a5",
        "x-ms-date": "Wed, 07 Jun 2023 22:54:11 GMT",
        "x-ms-file-attributes": "preserve",
        "x-ms-file-creation-time": "preserve",
        "x-ms-file-last-write-time": "preserve",
        "x-ms-file-permission": "preserve",
        "x-ms-lease-id": "e9890485-bf47-4d9a-b3d0-aceb18506124",
        "x-ms-version": "2021-10-04"
      },
      "RequestBody": null,
      "StatusCode": 200,
      "ResponseHeaders": {
        "Content-Length": "0",
        "Date": "Wed, 07 Jun 2023 22:54:10 GMT",
        "ETag": "\u00220x8DB67AA1BF005C0\u0022",
        "Last-Modified": "Wed, 07 Jun 2023 22:54:11 GMT",
        "Server": [
          "Windows-Azure-File/1.0",
          "Microsoft-HTTPAPI/2.0"
        ],
        "x-ms-client-request-id": "02e64043-988f-49b6-8c19-d2efa9bd67a5",
        "x-ms-file-attributes": "Archive",
        "x-ms-file-change-time": "2023-06-07T22:54:11.3873344Z",
        "x-ms-file-creation-time": "2023-06-07T22:54:11.1324783Z",
        "x-ms-file-id": "11529285414812647424",
        "x-ms-file-last-write-time": "2023-06-07T22:54:11.1324783Z",
        "x-ms-file-parent-id": "13835128424026341376",
        "x-ms-file-permission-key": "584053819618422708*11581588750433322810",
        "x-ms-request-id": "7360b0a4-001a-003b-3692-998f15000000",
        "x-ms-request-server-encrypted": "true",
        "x-ms-version": "2021-10-04"
      },
      "ResponseBody": null
    },
    {
      "RequestUri": "https://fakestorageaccount.file.core.windows.net/share168617845096403796/dir168617845103003364/file168617845109905668?comp=lease",
      "RequestMethod": "PUT",
      "RequestHeaders": {
        "Accept": "application/xml",
        "Authorization": "Sanitized",
        "Connection": "keep-alive",
        "Content-Length": "0",
        "User-Agent": "azsdk-js-azure-storage-blob/12.13.0 core-rest-pipeline/1.11.1 Node/v16.18.0 OS/(x64-Linux-5.15.0-1038-azure)",
        "x-ms-client-request-id": "0902e324-4f1f-4731-9a5a-225877a89fa9",
        "x-ms-date": "Wed, 07 Jun 2023 22:54:11 GMT",
        "x-ms-lease-action": "release",
        "x-ms-lease-id": "e9890485-bf47-4d9a-b3d0-aceb18506124",
        "x-ms-version": "2021-10-04"
      },
      "RequestBody": null,
      "StatusCode": 200,
      "ResponseHeaders": {
        "Date": "Wed, 07 Jun 2023 22:54:11 GMT",
        "ETag": "\u00220x8DB67AA1BF005C0\u0022",
        "Last-Modified": "Wed, 07 Jun 2023 22:54:11 GMT",
        "Server": [
          "Windows-Azure-File/1.0",
          "Microsoft-HTTPAPI/2.0"
        ],
        "Transfer-Encoding": "chunked",
        "x-ms-client-request-id": "0902e324-4f1f-4731-9a5a-225877a89fa9",
        "x-ms-request-id": "7360b0a5-001a-003b-3792-998f15000000",
        "x-ms-version": "2021-10-04"
      },
      "ResponseBody": null
    },
    {
      "RequestUri": "https://fakestorageaccount.file.core.windows.net/share168617845096403796?restype=share",
      "RequestMethod": "DELETE",
      "RequestHeaders": {
        "Accept": "application/xml",
        "Authorization": "Sanitized",
        "Connection": "keep-alive",
        "User-Agent": "azsdk-js-azure-storage-blob/12.13.0 core-rest-pipeline/1.11.1 Node/v16.18.0 OS/(x64-Linux-5.15.0-1038-azure)",
        "x-ms-client-request-id": "72c0a12d-dbaf-4ac9-8716-0102fe50bbc0",
        "x-ms-date": "Wed, 07 Jun 2023 22:54:11 GMT",
        "x-ms-version": "2021-10-04"
      },
      "RequestBody": null,
      "StatusCode": 202,
      "ResponseHeaders": {
        "Content-Length": "0",
        "Date": "Wed, 07 Jun 2023 22:54:11 GMT",
        "Server": [
          "Windows-Azure-File/1.0",
          "Microsoft-HTTPAPI/2.0"
        ],
        "x-ms-client-request-id": "72c0a12d-dbaf-4ac9-8716-0102fe50bbc0",
        "x-ms-request-id": "7360b0a6-001a-003b-3892-998f15000000",
        "x-ms-version": "2021-10-04"
      },
      "ResponseBody": null
    }
  ],
  "Variables": {
    "dir": "dir168617845103003364",
    "file": "file168617845109905668",
    "share": "share168617845096403796"
  }
}
