{
  "Entries": [
    {
      "RequestUri": "https://fakestorageaccount.file.core.windows.net/share168617845029402789?restype=share",
      "RequestMethod": "PUT",
      "RequestHeaders": {
        "Accept": "application/xml",
        "Authorization": "Sanitized",
        "Connection": "keep-alive",
        "Content-Length": "0",
        "User-Agent": "azsdk-js-azure-storage-blob/12.13.0 core-rest-pipeline/1.11.1 Node/v16.18.0 OS/(x64-Linux-5.15.0-1038-azure)",
        "x-ms-client-request-id": "d02a0cae-595d-4628-89d3-6c13487177a3",
        "x-ms-date": "Wed, 07 Jun 2023 22:54:10 GMT",
        "x-ms-version": "2021-10-04"
      },
      "RequestBody": null,
      "StatusCode": 201,
      "ResponseHeaders": {
        "Content-Length": "0",
        "Date": "Wed, 07 Jun 2023 22:54:09 GMT",
        "ETag": "\u00220x8DB67AA1B4E1061\u0022",
        "Last-Modified": "Wed, 07 Jun 2023 22:54:10 GMT",
        "Server": [
          "Windows-Azure-File/1.0",
          "Microsoft-HTTPAPI/2.0"
        ],
        "x-ms-client-request-id": "d02a0cae-595d-4628-89d3-6c13487177a3",
        "x-ms-request-id": "7360b08c-001a-003b-2292-998f15000000",
        "x-ms-version": "2021-10-04"
      },
      "ResponseBody": null
    },
    {
      "RequestUri": "https://fakestorageaccount.file.core.windows.net/share168617845029402789/dir168617845036208312?restype=directory",
      "RequestMethod": "PUT",
      "RequestHeaders": {
        "Accept": "application/xml",
        "Authorization": "Sanitized",
        "Connection": "keep-alive",
        "Content-Length": "0",
        "User-Agent": "azsdk-js-azure-storage-blob/12.13.0 core-rest-pipeline/1.11.1 Node/v16.18.0 OS/(x64-Linux-5.15.0-1038-azure)",
        "x-ms-client-request-id": "2177441e-4b52-4e78-afc1-98c7eb66f0dc",
        "x-ms-date": "Wed, 07 Jun 2023 22:54:10 GMT",
        "x-ms-file-attributes": "Directory",
        "x-ms-file-creation-time": "now",
        "x-ms-file-last-write-time": "now",
        "x-ms-file-permission": "inherit",
        "x-ms-version": "2021-10-04"
      },
      "RequestBody": null,
      "StatusCode": 201,
      "ResponseHeaders": {
        "Content-Length": "0",
        "Date": "Wed, 07 Jun 2023 22:54:09 GMT",
        "ETag": "\u00220x8DB67AA1B58E4BE\u0022",
        "Last-Modified": "Wed, 07 Jun 2023 22:54:10 GMT",
        "Server": [
          "Windows-Azure-File/1.0",
          "Microsoft-HTTPAPI/2.0"
        ],
        "x-ms-client-request-id": "2177441e-4b52-4e78-afc1-98c7eb66f0dc",
        "x-ms-file-attributes": "Directory",
        "x-ms-file-change-time": "2023-06-07T22:54:10.3968958Z",
        "x-ms-file-creation-time": "2023-06-07T22:54:10.3968958Z",
        "x-ms-file-id": "13835128424026341376",
        "x-ms-file-last-write-time": "2023-06-07T22:54:10.3968958Z",
        "x-ms-file-parent-id": "0",
        "x-ms-file-permission-key": "14438882940201373875*11581588750433322810",
        "x-ms-request-id": "7360b08f-001a-003b-2492-998f15000000",
        "x-ms-request-server-encrypted": "true",
        "x-ms-version": "2021-10-04"
      },
      "ResponseBody": null
    },
    {
      "RequestUri": "https://fakestorageaccount.file.core.windows.net/share168617845029402789/dir168617845036208312/file168617845043207409",
      "RequestMethod": "PUT",
      "RequestHeaders": {
        "Accept": "application/xml",
        "Authorization": "Sanitized",
        "Connection": "keep-alive",
        "Content-Length": "0",
        "User-Agent": "azsdk-js-azure-storage-blob/12.13.0 core-rest-pipeline/1.11.1 Node/v16.18.0 OS/(x64-Linux-5.15.0-1038-azure)",
        "x-ms-client-request-id": "fad38c26-702e-46ae-b30c-89096e366691",
        "x-ms-content-length": "11",
        "x-ms-date": "Wed, 07 Jun 2023 22:54:10 GMT",
        "x-ms-file-attributes": "None",
        "x-ms-file-creation-time": "now",
        "x-ms-file-last-write-time": "now",
        "x-ms-file-permission": "inherit",
        "x-ms-type": "file",
        "x-ms-version": "2021-10-04"
      },
      "RequestBody": null,
      "StatusCode": 201,
      "ResponseHeaders": {
        "Content-Length": "0",
        "Date": "Wed, 07 Jun 2023 22:54:10 GMT",
        "ETag": "\u00220x8DB67AA1B631C78\u0022",
        "Last-Modified": "Wed, 07 Jun 2023 22:54:10 GMT",
        "Server": [
          "Windows-Azure-File/1.0",
          "Microsoft-HTTPAPI/2.0"
        ],
        "x-ms-client-request-id": "fad38c26-702e-46ae-b30c-89096e366691",
        "x-ms-file-attributes": "Archive",
        "x-ms-file-change-time": "2023-06-07T22:54:10.4638584Z",
        "x-ms-file-creation-time": "2023-06-07T22:54:10.4638584Z",
        "x-ms-file-id": "11529285414812647424",
        "x-ms-file-last-write-time": "2023-06-07T22:54:10.4638584Z",
        "x-ms-file-parent-id": "13835128424026341376",
        "x-ms-file-permission-key": "584053819618422708*11581588750433322810",
        "x-ms-request-id": "7360b091-001a-003b-2692-998f15000000",
        "x-ms-request-server-encrypted": "true",
        "x-ms-version": "2021-10-04"
      },
      "ResponseBody": null
    },
    {
      "RequestUri": "https://fakestorageaccount.file.core.windows.net/share168617845029402789/dir168617845036208312/file168617845043207409?comp=lease",
      "RequestMethod": "PUT",
      "RequestHeaders": {
        "Accept": "application/xml",
        "Authorization": "Sanitized",
        "Connection": "keep-alive",
        "Content-Length": "0",
        "User-Agent": "azsdk-js-azure-storage-blob/12.13.0 core-rest-pipeline/1.11.1 Node/v16.18.0 OS/(x64-Linux-5.15.0-1038-azure)",
        "x-ms-client-request-id": "59b8aa5e-99f2-431a-aff8-547bd28481ad",
        "x-ms-date": "Wed, 07 Jun 2023 22:54:10 GMT",
        "x-ms-lease-action": "acquire",
        "x-ms-lease-duration": "-1",
        "x-ms-proposed-lease-id": "e9890485-bf47-4d9a-b3d0-aceb18506124",
        "x-ms-version": "2021-10-04"
      },
      "RequestBody": null,
      "StatusCode": 201,
      "ResponseHeaders": {
        "Date": "Wed, 07 Jun 2023 22:54:10 GMT",
        "ETag": "\u00220x8DB67AA1B631C78\u0022",
        "Last-Modified": "Wed, 07 Jun 2023 22:54:10 GMT",
        "Server": [
          "Windows-Azure-File/1.0",
          "Microsoft-HTTPAPI/2.0"
        ],
        "Transfer-Encoding": "chunked",
        "x-ms-client-request-id": "59b8aa5e-99f2-431a-aff8-547bd28481ad",
        "x-ms-lease-id": "e9890485-bf47-4d9a-b3d0-aceb18506124",
        "x-ms-request-id": "7360b092-001a-003b-2792-998f15000000",
        "x-ms-version": "2021-10-04"
      },
      "ResponseBody": null
    },
    {
      "RequestUri": "https://fakestorageaccount.file.core.windows.net/share168617845029402789/dir168617845036208312/file168617845043207409",
      "RequestMethod": "HEAD",
      "RequestHeaders": {
        "Accept": "application/xml",
        "Authorization": "Sanitized",
        "Connection": "keep-alive",
        "User-Agent": "azsdk-js-azure-storage-blob/12.13.0 core-rest-pipeline/1.11.1 Node/v16.18.0 OS/(x64-Linux-5.15.0-1038-azure)",
        "x-ms-client-request-id": "a9091b9b-ce53-40ba-b83e-a24f8300543c",
        "x-ms-date": "Wed, 07 Jun 2023 22:54:10 GMT",
        "x-ms-version": "2021-10-04"
      },
      "RequestBody": null,
      "StatusCode": 200,
      "ResponseHeaders": {
        "Access-Control-Allow-Origin": "*",
        "Access-Control-Expose-Headers": "x-ms-request-id,x-ms-client-request-id,Server,x-ms-version,Content-Type,Last-Modified,ETag,x-ms-type,x-ms-server-encrypted,x-ms-lease-status,x-ms-lease-state,x-ms-lease-duration,x-ms-file-change-time,x-ms-file-last-write-time,x-ms-file-creation-time,x-ms-file-permission-key,x-ms-file-attributes,x-ms-file-id,x-ms-file-parent-id,Content-Length,Date,Transfer-Encoding",
        "Content-Length": "11",
        "Content-Type": "application/octet-stream",
        "Date": "Wed, 07 Jun 2023 22:54:10 GMT",
        "ETag": "\u00220x8DB67AA1B631C78\u0022",
        "Last-Modified": "Wed, 07 Jun 2023 22:54:10 GMT",
        "Server": [
          "Windows-Azure-File/1.0",
          "Microsoft-HTTPAPI/2.0"
        ],
        "x-ms-client-request-id": "a9091b9b-ce53-40ba-b83e-a24f8300543c",
        "x-ms-file-attributes": "Archive",
        "x-ms-file-change-time": "2023-06-07T22:54:10.4638584Z",
        "x-ms-file-creation-time": "2023-06-07T22:54:10.4638584Z",
        "x-ms-file-id": "11529285414812647424",
        "x-ms-file-last-write-time": "2023-06-07T22:54:10.4638584Z",
        "x-ms-file-parent-id": "13835128424026341376",
        "x-ms-file-permission-key": "584053819618422708*11581588750433322810",
        "x-ms-lease-duration": "infinite",
        "x-ms-lease-state": "leased",
        "x-ms-lease-status": "locked",
        "x-ms-request-id": "7360b093-001a-003b-2892-998f15000000",
        "x-ms-server-encrypted": "true",
        "x-ms-type": "File",
        "x-ms-version": "2021-10-04"
      },
      "ResponseBody": null
    },
    {
      "RequestUri": "https://fakestorageaccount.file.core.windows.net/share168617845029402789/dir168617845036208312/file168617845043207409",
      "RequestMethod": "PUT",
      "RequestHeaders": {
        "Accept": "application/xml",
        "Authorization": "Sanitized",
        "Connection": "keep-alive",
        "Content-Length": "0",
        "User-Agent": "azsdk-js-azure-storage-blob/12.13.0 core-rest-pipeline/1.11.1 Node/v16.18.0 OS/(x64-Linux-5.15.0-1038-azure)",
        "x-ms-client-request-id": "189b7d8f-7898-4294-b7dd-bbda78fd8cb0",
        "x-ms-content-length": "10",
        "x-ms-date": "Wed, 07 Jun 2023 22:54:10 GMT",
        "x-ms-file-attributes": "None",
        "x-ms-file-creation-time": "now",
        "x-ms-file-last-write-time": "now",
        "x-ms-file-permission": "inherit",
        "x-ms-type": "file",
        "x-ms-version": "2021-10-04"
      },
      "RequestBody": null,
      "StatusCode": 412,
      "ResponseHeaders": {
        "Content-Length": "267",
        "Content-Type": "application/xml",
        "Date": "Wed, 07 Jun 2023 22:54:10 GMT",
        "Server": [
          "Windows-Azure-File/1.0",
          "Microsoft-HTTPAPI/2.0"
        ],
        "x-ms-client-request-id": "189b7d8f-7898-4294-b7dd-bbda78fd8cb0",
        "x-ms-error-code": "LeaseIdMissing",
        "x-ms-request-id": "7360b094-001a-003b-2992-998f15000000",
        "x-ms-version": "2021-10-04"
      },
      "ResponseBody": [
        "\uFEFF\u003C?xml version=\u00221.0\u0022 encoding=\u0022utf-8\u0022?\u003E\u003CError\u003E\u003CCode\u003ELeaseIdMissing\u003C/Code\u003E\u003CMessage\u003EThere is currently a lease on the file and no lease ID was specified in the request.\n",
        "RequestId:7360b094-001a-003b-2992-998f15000000\n",
        "Time:2023-06-07T22:54:10.6607311Z\u003C/Message\u003E\u003C/Error\u003E"
      ]
    },
    {
      "RequestUri": "https://fakestorageaccount.file.core.windows.net/share168617845029402789/dir168617845036208312/file168617845043207409",
      "RequestMethod": "PUT",
      "RequestHeaders": {
        "Accept": "application/xml",
        "Authorization": "Sanitized",
        "Connection": "keep-alive",
        "Content-Length": "0",
        "User-Agent": "azsdk-js-azure-storage-blob/12.13.0 core-rest-pipeline/1.11.1 Node/v16.18.0 OS/(x64-Linux-5.15.0-1038-azure)",
        "x-ms-client-request-id": "5b2da5b5-05a9-41d7-8b96-ef75c746f65f",
        "x-ms-content-length": "10",
        "x-ms-date": "Wed, 07 Jun 2023 22:54:10 GMT",
        "x-ms-file-attributes": "None",
        "x-ms-file-creation-time": "now",
        "x-ms-file-last-write-time": "now",
        "x-ms-file-permission": "inherit",
        "x-ms-lease-id": "e9890485-bf47-4d9a-b3d0-aceb18506124",
        "x-ms-type": "file",
        "x-ms-version": "2021-10-04"
      },
      "RequestBody": null,
      "StatusCode": 201,
      "ResponseHeaders": {
        "Content-Length": "0",
        "Date": "Wed, 07 Jun 2023 22:54:10 GMT",
        "ETag": "\u00220x8DB67AA1B8AC2FC\u0022",
        "Last-Modified": "Wed, 07 Jun 2023 22:54:10 GMT",
        "Server": [
          "Windows-Azure-File/1.0",
          "Microsoft-HTTPAPI/2.0"
        ],
        "x-ms-client-request-id": "5b2da5b5-05a9-41d7-8b96-ef75c746f65f",
        "x-ms-file-attributes": "Archive",
        "x-ms-file-change-time": "2023-06-07T22:54:10.7237116Z",
        "x-ms-file-creation-time": "2023-06-07T22:54:10.7237116Z",
        "x-ms-file-id": "11529285414812647424",
        "x-ms-file-last-write-time": "2023-06-07T22:54:10.7237116Z",
        "x-ms-file-parent-id": "13835128424026341376",
        "x-ms-file-permission-key": "584053819618422708*11581588750433322810",
        "x-ms-request-id": "7360b095-001a-003b-2a92-998f15000000",
        "x-ms-request-server-encrypted": "true",
        "x-ms-version": "2021-10-04"
      },
      "ResponseBody": null
    },
    {
      "RequestUri": "https://fakestorageaccount.file.core.windows.net/share168617845029402789/dir168617845036208312/file168617845043207409",
      "RequestMethod": "GET",
      "RequestHeaders": {
        "Accept": "application/xml",
        "Authorization": "Sanitized",
        "Connection": "keep-alive",
        "User-Agent": "azsdk-js-azure-storage-blob/12.13.0 core-rest-pipeline/1.11.1 Node/v16.18.0 OS/(x64-Linux-5.15.0-1038-azure)",
        "x-ms-client-request-id": "7701c806-80a7-4a22-bdb2-b49c454e5435",
        "x-ms-date": "Wed, 07 Jun 2023 22:54:10 GMT",
        "x-ms-version": "2021-10-04"
      },
      "RequestBody": null,
      "StatusCode": 200,
      "ResponseHeaders": {
        "Accept-Ranges": "bytes",
        "Access-Control-Allow-Origin": "*",
        "Access-Control-Expose-Headers": "x-ms-request-id,x-ms-client-request-id,Server,x-ms-version,Content-Type,Last-Modified,ETag,x-ms-type,x-ms-server-encrypted,x-ms-lease-status,x-ms-lease-state,x-ms-lease-duration,x-ms-file-change-time,x-ms-file-last-write-time,x-ms-file-creation-time,x-ms-file-permission-key,x-ms-file-attributes,x-ms-file-id,x-ms-file-parent-id,Accept-Ranges,Content-Length,Date,Transfer-Encoding",
        "Content-Length": "10",
        "Content-Type": "application/octet-stream",
        "Date": "Wed, 07 Jun 2023 22:54:10 GMT",
        "ETag": "\u00220x8DB67AA1B8AC2FC\u0022",
        "Last-Modified": "Wed, 07 Jun 2023 22:54:10 GMT",
        "Server": [
          "Windows-Azure-File/1.0",
          "Microsoft-HTTPAPI/2.0"
        ],
        "x-ms-client-request-id": "7701c806-80a7-4a22-bdb2-b49c454e5435",
        "x-ms-file-attributes": "Archive",
        "x-ms-file-change-time": "2023-06-07T22:54:10.7237116Z",
        "x-ms-file-creation-time": "2023-06-07T22:54:10.7237116Z",
        "x-ms-file-id": "11529285414812647424",
        "x-ms-file-last-write-time": "2023-06-07T22:54:10.7237116Z",
        "x-ms-file-parent-id": "13835128424026341376",
        "x-ms-file-permission-key": "584053819618422708*11581588750433322810",
        "x-ms-lease-duration": "infinite",
        "x-ms-lease-state": "leased",
        "x-ms-lease-status": "locked",
        "x-ms-request-id": "7360b096-001a-003b-2b92-998f15000000",
        "x-ms-server-encrypted": "true",
        "x-ms-type": "File",
        "x-ms-version": "2021-10-04"
      },
      "ResponseBody": "AAAAAAAAAAAAAA=="
    },
    {
      "RequestUri": "https://fakestorageaccount.file.core.windows.net/share168617845029402789/dir168617845036208312/file168617845043207409?comp=lease",
      "RequestMethod": "PUT",
      "RequestHeaders": {
        "Accept": "application/xml",
        "Authorization": "Sanitized",
        "Connection": "keep-alive",
        "Content-Length": "0",
        "User-Agent": "azsdk-js-azure-storage-blob/12.13.0 core-rest-pipeline/1.11.1 Node/v16.18.0 OS/(x64-Linux-5.15.0-1038-azure)",
        "x-ms-client-request-id": "4f26dcf4-7e7d-41db-aa1d-dffedb46805e",
        "x-ms-date": "Wed, 07 Jun 2023 22:54:10 GMT",
        "x-ms-lease-action": "release",
        "x-ms-lease-id": "e9890485-bf47-4d9a-b3d0-aceb18506124",
        "x-ms-version": "2021-10-04"
      },
      "RequestBody": null,
      "StatusCode": 200,
      "ResponseHeaders": {
        "Date": "Wed, 07 Jun 2023 22:54:10 GMT",
        "ETag": "\u00220x8DB67AA1B8AC2FC\u0022",
        "Last-Modified": "Wed, 07 Jun 2023 22:54:10 GMT",
        "Server": [
          "Windows-Azure-File/1.0",
          "Microsoft-HTTPAPI/2.0"
        ],
        "Transfer-Encoding": "chunked",
        "x-ms-client-request-id": "4f26dcf4-7e7d-41db-aa1d-dffedb46805e",
        "x-ms-request-id": "7360b097-001a-003b-2c92-998f15000000",
        "x-ms-version": "2021-10-04"
      },
      "ResponseBody": null
    },
    {
      "RequestUri": "https://fakestorageaccount.file.core.windows.net/share168617845029402789?restype=share",
      "RequestMethod": "DELETE",
      "RequestHeaders": {
        "Accept": "application/xml",
        "Authorization": "Sanitized",
        "Connection": "keep-alive",
        "User-Agent": "azsdk-js-azure-storage-blob/12.13.0 core-rest-pipeline/1.11.1 Node/v16.18.0 OS/(x64-Linux-5.15.0-1038-azure)",
        "x-ms-client-request-id": "6852bbde-352e-4259-9908-9c51a64ecbac",
        "x-ms-date": "Wed, 07 Jun 2023 22:54:10 GMT",
        "x-ms-version": "2021-10-04"
      },
      "RequestBody": null,
      "StatusCode": 202,
      "ResponseHeaders": {
        "Content-Length": "0",
        "Date": "Wed, 07 Jun 2023 22:54:10 GMT",
        "Server": [
          "Windows-Azure-File/1.0",
          "Microsoft-HTTPAPI/2.0"
        ],
        "x-ms-client-request-id": "6852bbde-352e-4259-9908-9c51a64ecbac",
        "x-ms-request-id": "7360b098-001a-003b-2d92-998f15000000",
        "x-ms-version": "2021-10-04"
      },
      "ResponseBody": null
    }
  ],
  "Variables": {
    "dir": "dir168617845036208312",
    "file": "file168617845043207409",
    "share": "share168617845029402789"
  }
}
