{
  "Entries": [
    {
      "RequestUri": "https://fakestorageaccount.file.core.windows.net/share168617844689500424?restype=share",
      "RequestMethod": "PUT",
      "RequestHeaders": {
        "Accept": "application/xml",
        "Authorization": "Sanitized",
        "Connection": "keep-alive",
        "Content-Length": "0",
        "User-Agent": "azsdk-js-azure-storage-blob/12.13.0 core-rest-pipeline/1.11.1 Node/v16.18.0 OS/(x64-Linux-5.15.0-1038-azure)",
        "x-ms-client-request-id": "45ba5394-9d55-40a1-a922-350b1fea79e7",
        "x-ms-date": "Wed, 07 Jun 2023 22:54:06 GMT",
        "x-ms-version": "2021-10-04"
      },
      "RequestBody": null,
      "StatusCode": 201,
      "ResponseHeaders": {
        "Content-Length": "0",
        "Date": "Wed, 07 Jun 2023 22:54:06 GMT",
        "ETag": "\u00220x8DB67AA19471B68\u0022",
        "Last-Modified": "Wed, 07 Jun 2023 22:54:06 GMT",
        "Server": [
          "Windows-Azure-File/1.0",
          "Microsoft-HTTPAPI/2.0"
        ],
        "x-ms-client-request-id": "45ba5394-9d55-40a1-a922-350b1fea79e7",
        "x-ms-request-id": "7360b049-001a-003b-6c92-998f15000000",
        "x-ms-version": "2021-10-04"
      },
      "ResponseBody": null
    },
    {
      "RequestUri": "https://fakestorageaccount.file.core.windows.net/share168617844689500424/dir168617844696107324?restype=directory",
      "RequestMethod": "PUT",
      "RequestHeaders": {
        "Accept": "application/xml",
        "Authorization": "Sanitized",
        "Connection": "keep-alive",
        "Content-Length": "0",
        "User-Agent": "azsdk-js-azure-storage-blob/12.13.0 core-rest-pipeline/1.11.1 Node/v16.18.0 OS/(x64-Linux-5.15.0-1038-azure)",
        "x-ms-client-request-id": "0458c0c0-0a94-49c1-9cd3-d8b496af957a",
        "x-ms-date": "Wed, 07 Jun 2023 22:54:06 GMT",
        "x-ms-file-attributes": "Directory",
        "x-ms-file-creation-time": "now",
        "x-ms-file-last-write-time": "now",
        "x-ms-file-permission": "inherit",
        "x-ms-version": "2021-10-04"
      },
      "RequestBody": null,
      "StatusCode": 201,
      "ResponseHeaders": {
        "Content-Length": "0",
        "Date": "Wed, 07 Jun 2023 22:54:06 GMT",
        "ETag": "\u00220x8DB67AA1951C796\u0022",
        "Last-Modified": "Wed, 07 Jun 2023 22:54:06 GMT",
        "Server": [
          "Windows-Azure-File/1.0",
          "Microsoft-HTTPAPI/2.0"
        ],
        "x-ms-client-request-id": "0458c0c0-0a94-49c1-9cd3-d8b496af957a",
        "x-ms-file-attributes": "Directory",
        "x-ms-file-change-time": "2023-06-07T22:54:06.9948310Z",
        "x-ms-file-creation-time": "2023-06-07T22:54:06.9948310Z",
        "x-ms-file-id": "13835128424026341376",
        "x-ms-file-last-write-time": "2023-06-07T22:54:06.9948310Z",
        "x-ms-file-parent-id": "0",
        "x-ms-file-permission-key": "14438882940201373875*11581588750433322810",
        "x-ms-request-id": "7360b04c-001a-003b-6d92-998f15000000",
        "x-ms-request-server-encrypted": "true",
        "x-ms-version": "2021-10-04"
      },
      "ResponseBody": null
    },
    {
      "RequestUri": "https://fakestorageaccount.file.core.windows.net/share168617844689500424/dir168617844696107324/file168617844703008344",
      "RequestMethod": "PUT",
      "RequestHeaders": {
        "Accept": "application/xml",
        "Authorization": "Sanitized",
        "Connection": "keep-alive",
        "Content-Length": "0",
        "User-Agent": "azsdk-js-azure-storage-blob/12.13.0 core-rest-pipeline/1.11.1 Node/v16.18.0 OS/(x64-Linux-5.15.0-1038-azure)",
        "x-ms-client-request-id": "cfb2f995-ef83-4d47-883f-fb748c88c8d2",
        "x-ms-content-length": "11",
        "x-ms-date": "Wed, 07 Jun 2023 22:54:07 GMT",
        "x-ms-file-attributes": "None",
        "x-ms-file-creation-time": "now",
        "x-ms-file-last-write-time": "now",
        "x-ms-file-permission": "inherit",
        "x-ms-type": "file",
        "x-ms-version": "2021-10-04"
      },
      "RequestBody": null,
      "StatusCode": 201,
      "ResponseHeaders": {
        "Content-Length": "0",
        "Date": "Wed, 07 Jun 2023 22:54:06 GMT",
        "ETag": "\u00220x8DB67AA195BFF44\u0022",
        "Last-Modified": "Wed, 07 Jun 2023 22:54:07 GMT",
        "Server": [
          "Windows-Azure-File/1.0",
          "Microsoft-HTTPAPI/2.0"
        ],
        "x-ms-client-request-id": "cfb2f995-ef83-4d47-883f-fb748c88c8d2",
        "x-ms-file-attributes": "Archive",
        "x-ms-file-change-time": "2023-06-07T22:54:07.0617924Z",
        "x-ms-file-creation-time": "2023-06-07T22:54:07.0617924Z",
        "x-ms-file-id": "11529285414812647424",
        "x-ms-file-last-write-time": "2023-06-07T22:54:07.0617924Z",
        "x-ms-file-parent-id": "13835128424026341376",
        "x-ms-file-permission-key": "584053819618422708*11581588750433322810",
        "x-ms-request-id": "7360b04d-001a-003b-6e92-998f15000000",
        "x-ms-request-server-encrypted": "true",
        "x-ms-version": "2021-10-04"
      },
      "ResponseBody": null
    },
    {
      "RequestUri": "https://fakestorageaccount.file.core.windows.net/share168617844689500424/dir168617844696107324/file168617844703008344?comp=lease",
      "RequestMethod": "PUT",
      "RequestHeaders": {
        "Accept": "application/xml",
        "Authorization": "Sanitized",
        "Connection": "keep-alive",
        "Content-Length": "0",
        "User-Agent": "azsdk-js-azure-storage-blob/12.13.0 core-rest-pipeline/1.11.1 Node/v16.18.0 OS/(x64-Linux-5.15.0-1038-azure)",
        "x-ms-client-request-id": "cc232456-5dd5-4523-97b3-5d5fc04c98f8",
        "x-ms-date": "Wed, 07 Jun 2023 22:54:07 GMT",
        "x-ms-lease-action": "acquire",
        "x-ms-lease-duration": "20",
        "x-ms-version": "2021-10-04"
      },
      "RequestBody": null,
      "StatusCode": 400,
      "ResponseHeaders": {
        "Content-Length": "327",
        "Content-Type": "application/xml",
        "Date": "Wed, 07 Jun 2023 22:54:06 GMT",
        "Server": [
          "Windows-Azure-File/1.0",
          "Microsoft-HTTPAPI/2.0"
        ],
        "x-ms-client-request-id": "cc232456-5dd5-4523-97b3-5d5fc04c98f8",
        "x-ms-error-code": "InvalidHeaderValue",
        "x-ms-request-id": "7360b04e-001a-003b-6f92-998f15000000",
        "x-ms-version": "2021-10-04"
      },
      "ResponseBody": [
        "\uFEFF\u003C?xml version=\u00221.0\u0022 encoding=\u0022utf-8\u0022?\u003E\u003CError\u003E\u003CCode\u003EInvalidHeaderValue\u003C/Code\u003E\u003CMessage\u003EThe value for one of the HTTP headers is not in the correct format.\n",
        "RequestId:7360b04e-001a-003b-6f92-998f15000000\n",
        "Time:2023-06-07T22:54:07.1277702Z\u003C/Message\u003E\u003CHeaderName\u003Ex-ms-lease-duration\u003C/HeaderName\u003E\u003CHeaderValue\u003E20\u003C/HeaderValue\u003E\u003C/Error\u003E"
      ]
    },
    {
      "RequestUri": "https://fakestorageaccount.file.core.windows.net/share168617844689500424?restype=share",
      "RequestMethod": "DELETE",
      "RequestHeaders": {
        "Accept": "application/xml",
        "Authorization": "Sanitized",
        "Connection": "keep-alive",
        "User-Agent": "azsdk-js-azure-storage-blob/12.13.0 core-rest-pipeline/1.11.1 Node/v16.18.0 OS/(x64-Linux-5.15.0-1038-azure)",
        "x-ms-client-request-id": "d05ff3c0-1206-4a59-b939-09eacd003e92",
        "x-ms-date": "Wed, 07 Jun 2023 22:54:07 GMT",
        "x-ms-version": "2021-10-04"
      },
      "RequestBody": null,
      "StatusCode": 202,
      "ResponseHeaders": {
        "Content-Length": "0",
        "Date": "Wed, 07 Jun 2023 22:54:06 GMT",
        "Server": [
          "Windows-Azure-File/1.0",
          "Microsoft-HTTPAPI/2.0"
        ],
        "x-ms-client-request-id": "d05ff3c0-1206-4a59-b939-09eacd003e92",
        "x-ms-request-id": "7360b04f-001a-003b-7092-998f15000000",
        "x-ms-version": "2021-10-04"
      },
      "ResponseBody": null
    }
  ],
  "Variables": {
    "dir": "dir168617844696107324",
    "file": "file168617844703008344",
    "share": "share168617844689500424"
  }
}
