{
  "Entries": [
    {
      "RequestUri": "https://endpoint/chat/threads/19%3Ae9ARCRYju2ETKP7JbltjEtL0Ng2mwzhplRmmbVii3D81%40thread.v2/messages?api-version=2023-07-01-preview",
      "RequestMethod": "GET",
      "RequestHeaders": {
        "Accept": "application/json",
        "Accept-Encoding": "gzip,deflate",
        "Authorization": "Sanitized",
        "Connection": "keep-alive",
        "User-Agent": "azsdk-js-communication-chat/1.3.2-beta.3 core-rest-pipeline/1.11.1 Node/v16.14.2 OS/(arm64-Darwin-22.6.0)",
        "x-ms-client-request-id": "1a97503b-81ea-453a-a405-31cdd3134e9d"
      },
      "RequestBody": null,
      "StatusCode": 200,
      "ResponseHeaders": {
        "Access-Control-Expose-Headers": "*",
        "api-supported-versions": "2021-03-07, 2021-04-05-preview6, 2021-09-07, 2023-04-01-preview, 2023-07-01-preview",
        "Content-Length": "2178",
        "Content-Type": "application/json; charset=utf-8",
        "Date": "Fri, 11 Aug 2023 19:50:13 GMT",
        "MS-CV": "hv8yeqrUlUmOPGxDv7YpkQ.0",
        "Strict-Transport-Security": "max-age=2592000",
        "X-Azure-Ref": "09pDWZAAAAADhjZ3o\u002BljBQ4imwuVqgrzUV1NURURHRTAxMTIAOWZjN2I1MTktYThjYy00Zjg5LTkzNWUtYzkxNDhhZTA5ZTgx",
        "X-Cache": "CONFIG_NOCACHE",
        "X-Processing-Time": "178ms"
      },
      "ResponseBody": {
        "value": [
          {
            "id": "1691783412729",
            "type": "text",
            "sequenceId": "4",
            "version": "1691783412729",
            "content": {
              "message": "content",
              "attachments": []
            },
            "senderDisplayName": "",
            "createdOn": "2023-08-11T19:50:12Z",
            "senderCommunicationIdentifier": {
              "rawId": "8:acs:357e39d2-a29a-4bf6-88cc-fda0afc2c0ed_0000001a-8607-d79a-78fe-343a0d00d0e2",
              "communicationUser": {
                "id": "8:acs:357e39d2-a29a-4bf6-88cc-fda0afc2c0ed_0000001a-8607-d79a-78fe-343a0d00d0e2"
              }
            },
            "metadata": {
              "tags": "sometag"
            }
          },
          {
            "id": "1691783411521",
            "type": "topicUpdated",
            "sequenceId": "3",
            "version": "1691783411521",
            "content": {
              "topic": "new topic",
              "initiatorCommunicationIdentifier": {
                "rawId": "8:acs:357e39d2-a29a-4bf6-88cc-fda0afc2c0ed_0000001a-8607-d79a-78fe-343a0d00d0e2",
                "communicationUser": {
                  "id": "8:acs:357e39d2-a29a-4bf6-88cc-fda0afc2c0ed_0000001a-8607-d79a-78fe-343a0d00d0e2"
                }
              }
            },
            "createdOn": "2023-08-11T19:50:11Z"
          },
          {
            "id": "1691783410998",
            "type": "topicUpdated",
            "sequenceId": "2",
            "version": "1691783410998",
            "content": {
              "topic": "test topic",
              "initiatorCommunicationIdentifier": {
                "rawId": "8:acs:357e39d2-a29a-4bf6-88cc-fda0afc2c0ed_0000001a-8607-d79a-78fe-343a0d00d0e2",
                "communicationUser": {
                  "id": "8:acs:357e39d2-a29a-4bf6-88cc-fda0afc2c0ed_0000001a-8607-d79a-78fe-343a0d00d0e2"
                }
              }
            },
            "createdOn": "2023-08-11T19:50:10Z"
          },
          {
            "id": "1691783410910",
            "type": "participantAdded",
            "sequenceId": "1",
            "version": "1691783410910",
            "content": {
              "participants": [
                {
                  "communicationIdentifier": {
                    "rawId": "8:acs:357e39d2-a29a-4bf6-88cc-fda0afc2c0ed_0000001a-8607-d79a-78fe-343a0d00d0e2",
                    "communicationUser": {
                      "id": "8:acs:357e39d2-a29a-4bf6-88cc-fda0afc2c0ed_0000001a-8607-d79a-78fe-343a0d00d0e2"
                    }
                  },
                  "shareHistoryTime": "1970-01-01T00:00:00Z"
                },
                {
                  "communicationIdentifier": {
                    "rawId": "8:acs:357e39d2-a29a-4bf6-88cc-fda0afc2c0ed_0000001a-8607-d7a8-1000-343a0d00c9ce",
                    "communicationUser": {
                      "id": "8:acs:357e39d2-a29a-4bf6-88cc-fda0afc2c0ed_0000001a-8607-d7a8-1000-343a0d00c9ce"
                    }
                  },
                  "shareHistoryTime": "1970-01-01T00:00:00Z"
                }
              ],
              "initiatorCommunicationIdentifier": {
                "rawId": "8:acs:357e39d2-a29a-4bf6-88cc-fda0afc2c0ed_0000001a-8607-d79a-78fe-343a0d00d0e2",
                "communicationUser": {
                  "id": "8:acs:357e39d2-a29a-4bf6-88cc-fda0afc2c0ed_0000001a-8607-d79a-78fe-343a0d00d0e2"
                }
              }
            },
            "createdOn": "2023-08-11T19:50:10Z"
          }
        ]
      }
    },
    {
      "RequestUri": "https://endpoint/chat/threads/19%3Ae9ARCRYju2ETKP7JbltjEtL0Ng2mwzhplRmmbVii3D81%40thread.v2/messages?maxPageSize=3\u0026api-version=2023-07-01-preview",
      "RequestMethod": "GET",
      "RequestHeaders": {
        "Accept": "application/json",
        "Accept-Encoding": "gzip,deflate",
        "Authorization": "Sanitized",
        "Connection": "keep-alive",
        "User-Agent": "azsdk-js-communication-chat/1.3.2-beta.3 core-rest-pipeline/1.11.1 Node/v16.14.2 OS/(arm64-Darwin-22.6.0)",
        "x-ms-client-request-id": "669c4152-3348-42f6-a32b-119f4be131ee"
      },
      "RequestBody": null,
      "StatusCode": 200,
      "ResponseHeaders": {
        "Access-Control-Expose-Headers": "*",
        "api-supported-versions": "2021-03-07, 2021-04-05-preview6, 2021-09-07, 2023-04-01-preview, 2023-07-01-preview",
        "Content-Length": "1624",
        "Content-Type": "application/json; charset=utf-8",
        "Date": "Fri, 11 Aug 2023 19:50:13 GMT",
        "MS-CV": "RTqg2yeU9kmeCTuvXl1JZg.0",
        "Strict-Transport-Security": "max-age=2592000",
        "X-Azure-Ref": "09pDWZAAAAACo8Hqe2kD8Q4BifxvmXEEYV1NURURHRTAxMTIAOWZjN2I1MTktYThjYy00Zjg5LTkzNWUtYzkxNDhhZTA5ZTgx",
        "X-Cache": "CONFIG_NOCACHE",
        "X-Processing-Time": "22ms"
      },
      "ResponseBody": {
        "value": [
          {
            "id": "1691783412729",
            "type": "text",
            "sequenceId": "4",
            "version": "1691783412729",
            "content": {
              "message": "content",
              "attachments": []
            },
            "senderDisplayName": "",
            "createdOn": "2023-08-11T19:50:12Z",
            "senderCommunicationIdentifier": {
              "rawId": "8:acs:357e39d2-a29a-4bf6-88cc-fda0afc2c0ed_0000001a-8607-d79a-78fe-343a0d00d0e2",
              "communicationUser": {
                "id": "8:acs:357e39d2-a29a-4bf6-88cc-fda0afc2c0ed_0000001a-8607-d79a-78fe-343a0d00d0e2"
              }
            },
            "metadata": {
              "tags": "sometag"
            }
          },
          {
            "id": "1691783411521",
            "type": "topicUpdated",
            "sequenceId": "3",
            "version": "1691783411521",
            "content": {
              "topic": "new topic",
              "initiatorCommunicationIdentifier": {
                "rawId": "8:acs:357e39d2-a29a-4bf6-88cc-fda0afc2c0ed_0000001a-8607-d79a-78fe-343a0d00d0e2",
                "communicationUser": {
                  "id": "8:acs:357e39d2-a29a-4bf6-88cc-fda0afc2c0ed_0000001a-8607-d79a-78fe-343a0d00d0e2"
                }
              }
            },
            "createdOn": "2023-08-11T19:50:11Z"
          },
          {
            "id": "1691783410998",
            "type": "topicUpdated",
            "sequenceId": "2",
            "version": "1691783410998",
            "content": {
              "topic": "test topic",
              "initiatorCommunicationIdentifier": {
                "rawId": "8:acs:357e39d2-a29a-4bf6-88cc-fda0afc2c0ed_0000001a-8607-d79a-78fe-343a0d00d0e2",
                "communicationUser": {
                  "id": "8:acs:357e39d2-a29a-4bf6-88cc-fda0afc2c0ed_0000001a-8607-d79a-78fe-343a0d00d0e2"
                }
              }
            },
            "createdOn": "2023-08-11T19:50:10Z"
          }
        ],
        "nextLink": "https://endpoint/chat/threads/19:e9ARCRYju2ETKP7JbltjEtL0Ng2mwzhplRmmbVii3D81@thread.v2/messages?syncState=3e3900000031393a653941524352596a753245544b50374a626c746a45744c304e67326d777a68706c526d6d6256696933443831407468726561642e763201363526e689010000f93b26e689010000\u0026startTime=1%2F1%2F1970%2012%3A00%3A00%20AM%20%2B00%3A00\u0026maxPageSize=3\u0026api-version=2023-07-01-preview"
      }
    },
    {
      "RequestUri": "https://endpoint/chat/threads/19:e9ARCRYju2ETKP7JbltjEtL0Ng2mwzhplRmmbVii3D81@thread.v2/messages?syncState=3e3900000031393a653941524352596a753245544b50374a626c746a45744c304e67326d777a68706c526d6d6256696933443831407468726561642e763201363526e689010000f93b26e689010000\u0026startTime=1%2F1%2F1970%2012%3A00%3A00%20AM%20%2B00%3A00\u0026maxPageSize=3\u0026api-version=2023-07-01-preview",
      "RequestMethod": "GET",
      "RequestHeaders": {
        "Accept": "application/json",
        "Accept-Encoding": "gzip,deflate",
        "Authorization": "Sanitized",
        "Connection": "keep-alive",
        "User-Agent": "azsdk-js-communication-chat/1.3.2-beta.3 core-rest-pipeline/1.11.1 Node/v16.14.2 OS/(arm64-Darwin-22.6.0)",
        "x-ms-client-request-id": "cb77f2ba-4c2e-48ea-9d60-219a9ed7011b"
      },
      "RequestBody": null,
      "StatusCode": 200,
      "ResponseHeaders": {
        "Access-Control-Expose-Headers": "*",
        "api-supported-versions": "2021-03-07, 2021-04-05-preview6, 2021-09-07, 2023-04-01-preview, 2023-07-01-preview",
        "Content-Length": "945",
        "Content-Type": "application/json; charset=utf-8",
        "Date": "Fri, 11 Aug 2023 19:50:13 GMT",
        "MS-CV": "UZMPnW\u002BvqEuzAXBtIJ1TVA.0",
        "Strict-Transport-Security": "max-age=2592000",
        "X-Azure-Ref": "09pDWZAAAAADzc8hPxk8QTJAmrap1BxINV1NURURHRTAxMTIAOWZjN2I1MTktYThjYy00Zjg5LTkzNWUtYzkxNDhhZTA5ZTgx",
        "X-Cache": "CONFIG_NOCACHE",
        "X-Processing-Time": "232ms"
      },
      "ResponseBody": {
        "value": [
          {
            "id": "1691783410910",
            "type": "participantAdded",
            "sequenceId": "1",
            "version": "1691783410910",
            "content": {
              "participants": [
                {
                  "communicationIdentifier": {
                    "rawId": "8:acs:357e39d2-a29a-4bf6-88cc-fda0afc2c0ed_0000001a-8607-d79a-78fe-343a0d00d0e2",
                    "communicationUser": {
                      "id": "8:acs:357e39d2-a29a-4bf6-88cc-fda0afc2c0ed_0000001a-8607-d79a-78fe-343a0d00d0e2"
                    }
                  },
                  "shareHistoryTime": "1970-01-01T00:00:00Z"
                },
                {
                  "communicationIdentifier": {
                    "rawId": "8:acs:357e39d2-a29a-4bf6-88cc-fda0afc2c0ed_0000001a-8607-d7a8-1000-343a0d00c9ce",
                    "communicationUser": {
                      "id": "8:acs:357e39d2-a29a-4bf6-88cc-fda0afc2c0ed_0000001a-8607-d7a8-1000-343a0d00c9ce"
                    }
                  },
                  "shareHistoryTime": "1970-01-01T00:00:00Z"
                }
              ],
              "initiatorCommunicationIdentifier": {
                "rawId": "8:acs:357e39d2-a29a-4bf6-88cc-fda0afc2c0ed_0000001a-8607-d79a-78fe-343a0d00d0e2",
                "communicationUser": {
                  "id": "8:acs:357e39d2-a29a-4bf6-88cc-fda0afc2c0ed_0000001a-8607-d79a-78fe-343a0d00d0e2"
                }
              }
            },
            "createdOn": "2023-08-11T19:50:10Z"
          }
        ]
      }
    }
  ],
  "Variables": {}
}
