{
  "Entries": [
    {
      "RequestUri": "https://endpoint/routing/distributionPolicies/test-d-policy-recorded-queues?api-version=2023-11-01",
      "RequestMethod": "PATCH",
      "RequestHeaders": {
        "Accept": "application/json",
        "Accept-Encoding": "gzip, deflate, br",
        "Accept-Language": "en-GB",
        "Authorization": "Sanitized",
        "Connection": "keep-alive",
        "Content-Length": "156",
        "Content-Type": "application/merge-patch\u002Bjson",
        "Referer": "http://localhost:9876/",
        "sec-ch-ua": "",
        "sec-ch-ua-mobile": "?0",
        "sec-ch-ua-platform": "\u0022\u0022",
        "Sec-Fetch-Dest": "empty",
        "Sec-Fetch-Mode": "cors",
        "Sec-Fetch-Site": "same-site",
        "User-Agent": "Mozilla/5.0 (Windows NT 10.0; Win64; x64) AppleWebKit/537.36 (KHTML, like Gecko) HeadlessChrome/112.0.5614.0 Safari/537.36",
        "x-ms-client-request-id": "8c7437d9-1ce1-47a6-83e1-f5dce6b76a87",
        "x-ms-content-sha256": "xG1T22SpOFlCH4u\u002BZ1hH\u002BYh9ErqiPS\u002B0sXvekVfomxM=",
        "x-ms-date": "Wed, 15 Nov 2023 01:00:51 GMT",
        "x-ms-useragent": "azsdk-js-communication-job-router-rest/1.0.0 core-rest-pipeline/1.12.3 OS"
      },
      "RequestBody": {
        "name": "test-d-policy",
        "offerExpiresAfterSeconds": 60,
        "mode": {
          "kind": "longestIdle",
          "minConcurrentOffers": 1,
          "maxConcurrentOffers": 5,
          "bypassSelectors": false
        }
      },
      "StatusCode": 200,
      "ResponseHeaders": {
        "api-supported-versions": "2021-04-07-preview1, 2022-07-18-preview, 2023-08-25-preview, 2023-11-01",
        "Connection": "keep-alive",
        "Content-Type": "application/json; charset=utf-8",
        "Date": "Wed, 15 Nov 2023 01:00:51 GMT",
        "ETag": "\u0022ad00a2b8-0000-0700-0000-655418420000\u0022",
        "Last-Modified": "Wed, 15 Nov 2023 01:00:50 GMT",
        "Request-Context": "appId=",
        "trace-id": "9957b909-de72-ba8d-e32b-67a2d19e9938",
        "Transfer-Encoding": "chunked",
        "x-azure-ref": "20231115T010051Z-nmc9m15zv1071dte260c8qfav400000006b00000000258h3",
        "X-Cache": "CONFIG_NOCACHE"
      },
      "ResponseBody": {
        "id": "test-d-policy-recorded-queues",
        "name": "test-d-policy",
        "offerExpiresAfterSeconds": 60,
        "mode": {
          "kind": "longestIdle",
          "minConcurrentOffers": 1,
          "maxConcurrentOffers": 5,
          "bypassSelectors": false
        },
        "etag": "\u0022ad00a2b8-0000-0700-0000-655418420000\u0022"
      }
    },
    {
      "RequestUri": "https://endpoint/routing/exceptionPolicies/test-e-policy-recorded-queues?api-version=2023-11-01",
      "RequestMethod": "PATCH",
      "RequestHeaders": {
        "Accept": "application/json",
        "Accept-Encoding": "gzip, deflate, br",
        "Accept-Language": "en-GB",
        "Authorization": "Sanitized",
        "Connection": "keep-alive",
        "Content-Length": "200",
        "Content-Type": "application/merge-patch\u002Bjson",
        "Referer": "http://localhost:9876/",
        "sec-ch-ua": "",
        "sec-ch-ua-mobile": "?0",
        "sec-ch-ua-platform": "\u0022\u0022",
        "Sec-Fetch-Dest": "empty",
        "Sec-Fetch-Mode": "cors",
        "Sec-Fetch-Site": "same-site",
        "User-Agent": "Mozilla/5.0 (Windows NT 10.0; Win64; x64) AppleWebKit/537.36 (KHTML, like Gecko) HeadlessChrome/112.0.5614.0 Safari/537.36",
        "x-ms-client-request-id": "37a6632b-3486-4bb2-bef4-8fd35ce4a6ac",
        "x-ms-content-sha256": "A5ySZT3yD7WO66GsYhBfJY0Z6v1CuU2HTd2a\u002BAaoTPE=",
        "x-ms-date": "Wed, 15 Nov 2023 01:00:51 GMT",
        "x-ms-useragent": "azsdk-js-communication-job-router-rest/1.0.0 core-rest-pipeline/1.12.3 OS"
      },
      "RequestBody": {
        "name": "test-e-policy",
        "exceptionRules": [
          {
            "id": "MaxWaitTimeExceededCancel",
            "actions": [
              {
                "kind": "cancel",
                "note": "wait time exceeded; cancelling"
              }
            ],
            "trigger": {
              "kind": "waitTime",
              "thresholdSeconds": 10
            }
          }
        ]
      },
      "StatusCode": 200,
      "ResponseHeaders": {
        "api-supported-versions": "2021-04-07-preview1, 2022-07-18-preview, 2023-08-25-preview, 2023-11-01",
        "Connection": "keep-alive",
        "Content-Type": "application/json; charset=utf-8",
        "Date": "Wed, 15 Nov 2023 01:00:51 GMT",
        "ETag": "\u0022210027eb-0000-0700-0000-655418430000\u0022",
        "Last-Modified": "Wed, 15 Nov 2023 01:00:51 GMT",
        "Request-Context": "appId=",
        "trace-id": "d626440c-e7b4-3252-bf95-cd137cc27f9f",
        "Transfer-Encoding": "chunked",
        "x-azure-ref": "20231115T010051Z-nmc9m15zv1071dte260c8qfav400000006b00000000258hf",
        "X-Cache": "CONFIG_NOCACHE"
      },
      "ResponseBody": {
        "id": "test-e-policy-recorded-queues",
        "name": "test-e-policy",
        "exceptionRules": [
          {
            "id": "MaxWaitTimeExceededCancel",
            "trigger": {
              "kind": "waitTime",
              "thresholdSeconds": 10
            },
            "actions": [
              {
                "kind": "cancel",
                "note": "wait time exceeded; cancelling",
                "id": "d8ccda14-42d4-42c7-b92c-b6cd761180a4"
              }
            ]
          }
        ],
        "etag": "\u0022210027eb-0000-0700-0000-655418430000\u0022"
      }
    },
    {
      "RequestUri": "https://endpoint/routing/queues/test-a-queue-recorded-queues?api-version=2023-11-01",
      "RequestMethod": "PATCH",
      "RequestHeaders": {
        "Accept": "application/json",
        "Accept-Encoding": "gzip, deflate, br",
        "Accept-Language": "en-GB",
        "Authorization": "Sanitized",
        "Connection": "keep-alive",
        "Content-Length": "174",
        "Content-Type": "application/merge-patch\u002Bjson",
        "Referer": "http://localhost:9876/",
        "sec-ch-ua": "",
        "sec-ch-ua-mobile": "?0",
        "sec-ch-ua-platform": "\u0022\u0022",
        "Sec-Fetch-Dest": "empty",
        "Sec-Fetch-Mode": "cors",
        "Sec-Fetch-Site": "same-site",
        "User-Agent": "Mozilla/5.0 (Windows NT 10.0; Win64; x64) AppleWebKit/537.36 (KHTML, like Gecko) HeadlessChrome/112.0.5614.0 Safari/537.36",
        "x-ms-client-request-id": "b98f29c2-cd55-4c61-9f77-7327a9c150c1",
        "x-ms-content-sha256": "jhRXshi6XLLwKB\u002BC1KzyrGMvK9FptmNw5Mt8RJTkZNQ=",
        "x-ms-date": "Wed, 15 Nov 2023 01:00:51 GMT",
        "x-ms-useragent": "azsdk-js-communication-job-router-rest/1.0.0 core-rest-pipeline/1.12.3 OS"
      },
      "RequestBody": {
        "id": "test-a-queue-recorded-queues",
        "name": "new-name",
        "exceptionPolicyId": "test-e-policy-recorded-queues",
        "distributionPolicyId": "test-d-policy-recorded-queues",
        "labels": {}
      },
      "StatusCode": 200,
      "ResponseHeaders": {
        "api-supported-versions": "2021-04-07-preview1, 2022-07-18-preview, 2023-08-25-preview, 2023-11-01",
        "Connection": "keep-alive",
        "Content-Type": "application/json; charset=utf-8",
        "Date": "Wed, 15 Nov 2023 01:00:51 GMT",
        "ETag": "\u00227b02426d-0000-0700-0000-655418430000\u0022",
        "Last-Modified": "Wed, 15 Nov 2023 01:00:51 GMT",
        "Request-Context": "appId=",
        "trace-id": "bd03e086-c5ce-b06f-34fe-e08211c07d4d",
        "Transfer-Encoding": "chunked",
        "x-azure-ref": "20231115T010051Z-nmc9m15zv1071dte260c8qfav400000006b00000000258hz",
        "X-Cache": "CONFIG_NOCACHE"
      },
      "ResponseBody": {
        "id": "test-a-queue-recorded-queues",
        "name": "new-name",
        "distributionPolicyId": "test-d-policy-recorded-queues",
        "labels": {
          "Id": "test-a-queue-recorded-queues"
        },
        "exceptionPolicyId": "test-e-policy-recorded-queues",
        "etag": "\u00227b02426d-0000-0700-0000-655418430000\u0022"
      }
    },
    {
      "RequestUri": "https://endpoint/routing/queues/test-a-queue-recorded-queues?api-version=2023-11-01",
      "RequestMethod": "PATCH",
      "RequestHeaders": {
        "Accept": "application/json",
        "Accept-Encoding": "gzip, deflate, br",
        "Accept-Language": "en-GB",
        "Authorization": "Sanitized",
        "Connection": "keep-alive",
        "Content-Length": "168",
        "Content-Type": "application/merge-patch\u002Bjson",
        "Referer": "http://localhost:9876/",
        "sec-ch-ua": "",
        "sec-ch-ua-mobile": "?0",
        "sec-ch-ua-platform": "\u0022\u0022",
        "Sec-Fetch-Dest": "empty",
        "Sec-Fetch-Mode": "cors",
        "Sec-Fetch-Site": "same-site",
        "User-Agent": "Mozilla/5.0 (Windows NT 10.0; Win64; x64) AppleWebKit/537.36 (KHTML, like Gecko) HeadlessChrome/112.0.5614.0 Safari/537.36",
        "x-ms-client-request-id": "7ce18a24-189a-41d7-92c9-c7233c5875e0",
        "x-ms-content-sha256": "iquVYsuaRv84ImUoZrMxRn36rRsUoLeB56lD4b7YK0o=",
        "x-ms-date": "Wed, 15 Nov 2023 01:00:51 GMT",
        "x-ms-useragent": "azsdk-js-communication-job-router-rest/1.0.0 core-rest-pipeline/1.12.3 OS"
      },
      "RequestBody": {
        "id": "test-a-queue-recorded-queues",
        "name": null,
        "exceptionPolicyId": "test-e-policy-recorded-queues",
        "distributionPolicyId": "test-d-policy-recorded-queues",
        "labels": {}
      },
      "StatusCode": 200,
      "ResponseHeaders": {
        "api-supported-versions": "2021-04-07-preview1, 2022-07-18-preview, 2023-08-25-preview, 2023-11-01",
        "Connection": "keep-alive",
        "Content-Type": "application/json; charset=utf-8",
        "Date": "Wed, 15 Nov 2023 01:00:51 GMT",
        "ETag": "\u00227b02446d-0000-0700-0000-655418430000\u0022",
        "Last-Modified": "Wed, 15 Nov 2023 01:00:51 GMT",
        "Request-Context": "appId=",
        "trace-id": "77d1fbeb-b626-0997-6c01-87cd112d90c7",
        "Transfer-Encoding": "chunked",
        "x-azure-ref": "20231115T010051Z-nmc9m15zv1071dte260c8qfav400000006b00000000258n2",
        "X-Cache": "CONFIG_NOCACHE"
      },
      "ResponseBody": {
        "id": "test-a-queue-recorded-queues",
        "distributionPolicyId": "test-d-policy-recorded-queues",
        "labels": {
          "Id": "test-a-queue-recorded-queues"
        },
        "exceptionPolicyId": "test-e-policy-recorded-queues",
        "etag": "\u00227b02446d-0000-0700-0000-655418430000\u0022"
      }
    },
    {
      "RequestUri": "https://endpoint/routing/distributionPolicies/test-d-policy-recorded-queues?api-version=2023-11-01",
      "RequestMethod": "DELETE",
      "RequestHeaders": {
        "Accept": "application/json",
        "Accept-Encoding": "gzip, deflate, br",
        "Accept-Language": "en-GB",
        "Authorization": "Sanitized",
        "Connection": "keep-alive",
        "Referer": "http://localhost:9876/",
        "sec-ch-ua": "",
        "sec-ch-ua-mobile": "?0",
        "sec-ch-ua-platform": "\u0022\u0022",
        "Sec-Fetch-Dest": "empty",
        "Sec-Fetch-Mode": "cors",
        "Sec-Fetch-Site": "same-site",
        "User-Agent": "Mozilla/5.0 (Windows NT 10.0; Win64; x64) AppleWebKit/537.36 (KHTML, like Gecko) HeadlessChrome/112.0.5614.0 Safari/537.36",
        "x-ms-client-request-id": "a5f43967-80fd-4b15-9fbc-75162e9abe56",
        "x-ms-content-sha256": "47DEQpj8HBSa\u002B/TImW\u002B5JCeuQeRkm5NMpJWZG3hSuFU=",
        "x-ms-date": "Wed, 15 Nov 2023 01:00:51 GMT",
        "x-ms-useragent": "azsdk-js-communication-job-router-rest/1.0.0 core-rest-pipeline/1.12.3 OS"
      },
      "RequestBody": null,
      "StatusCode": 400,
      "ResponseHeaders": {
        "api-supported-versions": "2021-04-07-preview1, 2022-07-18-preview, 2023-08-25-preview, 2023-11-01",
        "Connection": "keep-alive",
        "Content-Type": "application/json; charset=utf-8",
        "Date": "Wed, 15 Nov 2023 01:00:52 GMT",
        "Request-Context": "appId=",
        "trace-id": "8b3f5d4b-185e-bc8a-18f6-d2766296d322",
        "Transfer-Encoding": "chunked",
        "x-azure-ref": "20231115T010051Z-nmc9m15zv1071dte260c8qfav400000006b00000000258nz",
        "X-Cache": "CONFIG_NOCACHE"
      },
      "ResponseBody": {
        "communicationError": {
          "code": "BadRequest",
          "message": "One or more validation errors occurred.",
          "target": "/routing/distributionPolicies/test-d-policy-recorded-queues",
          "details": [
            {
              "code": "QueueExistsWithDistributionPolicy",
              "message": "There is a queue with this distribution policy"
            }
          ]
        }
      }
    },
    {
      "RequestUri": "https://endpoint/routing/exceptionPolicies/test-e-policy-recorded-queues?api-version=2023-11-01",
      "RequestMethod": "DELETE",
      "RequestHeaders": {
        "Accept": "application/json",
        "Accept-Encoding": "gzip, deflate, br",
        "Accept-Language": "en-GB",
        "Authorization": "Sanitized",
        "Connection": "keep-alive",
        "Referer": "http://localhost:9876/",
        "sec-ch-ua": "",
        "sec-ch-ua-mobile": "?0",
        "sec-ch-ua-platform": "\u0022\u0022",
        "Sec-Fetch-Dest": "empty",
        "Sec-Fetch-Mode": "cors",
        "Sec-Fetch-Site": "same-site",
        "User-Agent": "Mozilla/5.0 (Windows NT 10.0; Win64; x64) AppleWebKit/537.36 (KHTML, like Gecko) HeadlessChrome/112.0.5614.0 Safari/537.36",
        "x-ms-client-request-id": "2a0b41b7-cd93-4b77-bd2d-91af98a1deb5",
        "x-ms-content-sha256": "47DEQpj8HBSa\u002B/TImW\u002B5JCeuQeRkm5NMpJWZG3hSuFU=",
        "x-ms-date": "Wed, 15 Nov 2023 01:00:51 GMT",
        "x-ms-useragent": "azsdk-js-communication-job-router-rest/1.0.0 core-rest-pipeline/1.12.3 OS"
      },
      "RequestBody": null,
      "StatusCode": 400,
      "ResponseHeaders": {
        "api-supported-versions": "2021-04-07-preview1, 2022-07-18-preview, 2023-08-25-preview, 2023-11-01",
        "Connection": "keep-alive",
        "Content-Type": "application/json; charset=utf-8",
        "Date": "Wed, 15 Nov 2023 01:00:52 GMT",
        "Request-Context": "appId=",
        "trace-id": "bdf81c96-5c69-6dd3-6418-28f584dbb65f",
        "Transfer-Encoding": "chunked",
        "x-azure-ref": "20231115T010052Z-nmc9m15zv1071dte260c8qfav400000006b00000000258pc",
        "X-Cache": "CONFIG_NOCACHE"
      },
      "ResponseBody": {
        "communicationError": {
          "code": "BadRequest",
          "message": "One or more validation errors occurred.",
          "target": "/routing/exceptionPolicies/test-e-policy-recorded-queues",
          "details": [
            {
              "code": "QueueExistsWithExceptionPolicy",
              "message": "There is a queue with this exception policy"
            }
          ]
        }
      }
    }
  ],
  "Variables": {}
}
