{
  "Entries": [
    {
      "RequestUri": "https://management.azure.com/subscriptions/azure_subscription_id/resourceGroups/myjstest/providers/Microsoft.NetApp/netAppAccounts/accounttest?api-version=2022-05-01",
      "RequestMethod": "PUT",
      "RequestHeaders": {
        "Accept": "application/json",
        "Accept-Encoding": "gzip,deflate",
        "Authorization": "Sanitized",
        "Connection": "keep-alive",
        "Content-Length": "21",
        "Content-Type": "application/json",
        "User-Agent": "azsdk-js-arm-netapp/18.0.0 core-rest-pipeline/1.10.2 Node/v18.10.0 OS/(x64-Windows_NT-10.0.19042)",
        "x-ms-client-request-id": "71ed2f60-d599-452d-87d4-c23fe418f2fa"
      },
      "RequestBody": {
        "location": "eastus"
      },
      "StatusCode": 201,
      "ResponseHeaders": {
        "Azure-AsyncOperation": "https://management.azure.com/subscriptions/azure_subscription_id/providers/Microsoft.NetApp/locations/eastus/operationResults/918ba3a1-7890-4003-9c0f-7f665025ecef?api-version=2022-05-01",
        "Cache-Control": "no-cache",
        "Content-Length": "544",
        "Content-Type": "application/json; charset=utf-8",
        "Date": "Sun, 29 Jan 2023 09:13:33 GMT",
        "ETag": "W/\u0022datetime\u00272023-01-29T09%3A13%3A32.868826Z\u0027\u0022",
        "Expires": "-1",
        "Pragma": "no-cache",
        "Server": "Microsoft-IIS/10.0",
        "Strict-Transport-Security": "max-age=31536000; includeSubDomains",
        "X-Content-Type-Options": "nosniff",
        "x-ms-correlation-request-id": "6ae2da3b-29bf-4bc8-9cd9-d51d2949d947",
        "x-ms-ratelimit-remaining-subscription-writes": "1199",
        "x-ms-request-id": "fd9a049e-47f6-478b-894e-05cb6e11a098",
        "x-ms-routing-request-id": "KOREASOUTH:20230129T091333Z:6ae2da3b-29bf-4bc8-9cd9-d51d2949d947",
        "X-Powered-By": "ASP.NET"
      },
      "ResponseBody": {
        "id": "/subscriptions/azure_subscription_id/resourceGroups/myjstest/providers/Microsoft.NetApp/netAppAccounts/accounttest",
        "name": "accounttest",
        "type": "Microsoft.NetApp/netAppAccounts",
        "etag": "W/\u0022datetime\u00272023-01-29T09%3A13%3A32.868826Z\u0027\u0022",
        "location": "eastus",
        "properties": {
          "provisioningState": "Creating"
        },
        "systemData": {
          "createdBy": "azure_client_id",
          "createdByType": "Application",
          "createdAt": "2023-01-29T09:13:31.7644034Z",
          "lastModifiedBy": "azure_client_id",
          "lastModifiedByType": "Application",
          "lastModifiedAt": "2023-01-29T09:13:31.7644034Z"
        }
      }
    },
    {
      "RequestUri": "https://management.azure.com/subscriptions/azure_subscription_id/providers/Microsoft.NetApp/locations/eastus/operationResults/918ba3a1-7890-4003-9c0f-7f665025ecef?api-version=2022-05-01",
      "RequestMethod": "GET",
      "RequestHeaders": {
        "Accept": "application/json",
        "Accept-Encoding": "gzip,deflate",
        "Authorization": "Sanitized",
        "Connection": "keep-alive",
        "Content-Type": "application/json",
        "User-Agent": "azsdk-js-arm-netapp/18.0.0 core-rest-pipeline/1.10.2 Node/v18.10.0 OS/(x64-Windows_NT-10.0.19042)",
        "x-ms-client-request-id": "bc1c9731-f1c7-454e-aea2-241ebaca8d23"
      },
      "RequestBody": null,
      "StatusCode": 200,
      "ResponseHeaders": {
        "Cache-Control": "no-cache",
        "Content-Encoding": "gzip",
        "Content-Type": "application/json; charset=utf-8",
        "Date": "Sun, 29 Jan 2023 09:13:33 GMT",
        "Expires": "-1",
        "Pragma": "no-cache",
        "Server": "Microsoft-IIS/10.0",
        "Strict-Transport-Security": "max-age=31536000; includeSubDomains",
        "Transfer-Encoding": "chunked",
        "Vary": "Accept-Encoding",
        "X-Content-Type-Options": "nosniff",
        "x-ms-correlation-request-id": "6f11a454-e620-43f8-a2d1-e65520eadaae",
        "x-ms-ratelimit-remaining-subscription-reads": "11999",
        "x-ms-request-id": "da345f01-e0bd-47da-a39a-8b87c0780219",
        "x-ms-routing-request-id": "KOREASOUTH:20230129T091334Z:6f11a454-e620-43f8-a2d1-e65520eadaae",
        "X-Powered-By": "ASP.NET"
      },
      "ResponseBody": {
        "id": "/subscriptions/azure_subscription_id/providers/Microsoft.NetApp/locations/eastus/operationResults/918ba3a1-7890-4003-9c0f-7f665025ecef",
        "name": "918ba3a1-7890-4003-9c0f-7f665025ecef",
        "status": "Succeeded",
        "startTime": "2023-01-29T09:13:32.8679508Z",
        "endTime": "2023-01-29T09:13:32.9112088Z",
        "percentComplete": 100.0,
        "properties": {
          "resourceName": "/subscriptions/azure_subscription_id/resourceGroups/myjstest/providers/Microsoft.NetApp/netAppAccounts/accounttest",
          "action": "CREATE"
        }
      }
    },
    {
      "RequestUri": "https://management.azure.com/subscriptions/azure_subscription_id/resourceGroups/myjstest/providers/Microsoft.NetApp/netAppAccounts/accounttest?api-version=2022-05-01",
      "RequestMethod": "GET",
      "RequestHeaders": {
        "Accept": "application/json",
        "Accept-Encoding": "gzip,deflate",
        "Authorization": "Sanitized",
        "Connection": "keep-alive",
        "Content-Type": "application/json",
        "User-Agent": "azsdk-js-arm-netapp/18.0.0 core-rest-pipeline/1.10.2 Node/v18.10.0 OS/(x64-Windows_NT-10.0.19042)",
        "x-ms-client-request-id": "3fe00b2a-2132-484b-9b30-c08b87ebc40e"
      },
      "RequestBody": null,
      "StatusCode": 200,
      "ResponseHeaders": {
        "Cache-Control": "no-cache",
        "Content-Encoding": "gzip",
        "Content-Type": "application/json; charset=utf-8",
        "Date": "Sun, 29 Jan 2023 09:13:34 GMT",
        "ETag": "W/\u0022datetime\u00272023-01-29T09%3A13%3A32.9152964Z\u0027\u0022",
        "Expires": "-1",
        "Pragma": "no-cache",
        "Server": "Microsoft-IIS/10.0",
        "Strict-Transport-Security": "max-age=31536000; includeSubDomains",
        "Transfer-Encoding": "chunked",
        "Vary": "Accept-Encoding",
        "X-Content-Type-Options": "nosniff",
        "x-ms-correlation-request-id": "68744746-0364-4755-bd78-ef05328bce4f",
        "x-ms-ratelimit-remaining-subscription-reads": "11998",
        "x-ms-request-id": "f9a27bfa-2333-411f-9166-46f68bdf4e9e",
        "x-ms-routing-request-id": "KOREASOUTH:20230129T091335Z:68744746-0364-4755-bd78-ef05328bce4f",
        "X-Powered-By": "ASP.NET"
      },
      "ResponseBody": {
        "id": "/subscriptions/azure_subscription_id/resourceGroups/myjstest/providers/Microsoft.NetApp/netAppAccounts/accounttest",
        "name": "accounttest",
        "type": "Microsoft.NetApp/netAppAccounts",
        "etag": "W/\u0022datetime\u00272023-01-29T09%3A13%3A32.9152964Z\u0027\u0022",
        "location": "eastus",
        "properties": {
          "encryption": {
            "keySource": "Microsoft.NetApp"
          },
          "provisioningState": "Succeeded"
        },
        "systemData": {
          "createdBy": "azure_client_id",
          "createdByType": "Application",
          "createdAt": "2023-01-29T09:13:31.7644034Z",
          "lastModifiedBy": "azure_client_id",
          "lastModifiedByType": "Application",
          "lastModifiedAt": "2023-01-29T09:13:31.7644034Z"
        }
      }
    }
  ],
  "Variables": {}
}
