{
  "Entries": [
    {
      "RequestUri": "https://endpoint/language/analyze-text/jobs?api-version=2022-10-01-preview",
      "RequestMethod": "POST",
      "RequestHeaders": {
        "Accept": "application/json",
        "Accept-Encoding": "gzip,deflate",
        "Connection": "keep-alive",
        "Content-Length": "447",
        "Content-Type": "application/json",
        "Ocp-Apim-Subscription-Key": "api_key",
        "User-Agent": "azsdk-js-ai-language-text/1.1.0-beta.1 core-rest-pipeline/1.10.2 Node/v19.5.0 OS/(x64-Linux-5.4.0-1100-azure)",
        "x-ms-client-request-id": "c0b6f798-54d0-4c0d-acd1-9aa883f19033"
      },
      "RequestBody": {
        "analysisInput": {
          "documents": [
            {
              "id": "0",
              "text": "The patient is a 54-year-old gentleman with a history of progressive angina over the past several months.",
              "language": "en"
            },
            {
              "id": "1",
              "text": "Prescribed 100mg ibuprofen, taken twice daily.",
              "language": "en"
            },
            {
              "id": "2",
              "text": "Patient does not suffer from high blood pressure.",
              "language": "en"
            }
          ]
        },
        "tasks": [
          {
            "kind": "Healthcare",
            "parameters": {
              "fhirVersion": "4.0.1",
              "documentType": "DischargeSummary"
            }
          }
        ]
      },
      "StatusCode": 202,
      "ResponseHeaders": {
        "apim-request-id": "906d3c4c-ae35-45ff-9bd8-133804f19e22",
        "Content-Length": "0",
        "Date": "Wed, 08 Feb 2023 17:09:30 GMT",
        "operation-location": "https://endpoint/language/analyze-text/jobs/632d9a2c-b064-4355-a446-8f8cc38c29f8?api-version=2022-10-01-preview",
        "Strict-Transport-Security": "max-age=31536000; includeSubDomains; preload",
        "X-Content-Type-Options": "nosniff",
        "x-envoy-upstream-service-time": "228",
        "x-ms-region": "East US"
      },
      "ResponseBody": null
    },
    {
      "RequestUri": "https://endpoint/language/analyze-text/jobs/632d9a2c-b064-4355-a446-8f8cc38c29f8?api-version=2022-10-01-preview",
      "RequestMethod": "GET",
      "RequestHeaders": {
        "Accept": "application/json",
        "Accept-Encoding": "gzip,deflate",
        "Connection": "keep-alive",
        "Ocp-Apim-Subscription-Key": "api_key",
        "User-Agent": "azsdk-js-ai-language-text/1.1.0-beta.1 core-rest-pipeline/1.10.2 Node/v19.5.0 OS/(x64-Linux-5.4.0-1100-azure)",
        "x-ms-client-request-id": "97d82a10-8b75-4186-8ed4-05319ab66867"
      },
      "RequestBody": null,
      "StatusCode": 200,
      "ResponseHeaders": {
        "apim-request-id": "06cc405e-6151-4504-8515-86711aca2f70",
        "Content-Length": "283",
        "Content-Type": "application/json; charset=utf-8",
        "Date": "Wed, 08 Feb 2023 17:09:30 GMT",
        "Strict-Transport-Security": "max-age=31536000; includeSubDomains; preload",
        "X-Content-Type-Options": "nosniff",
        "x-envoy-upstream-service-time": "12",
        "x-ms-region": "East US"
      },
      "ResponseBody": {
        "jobId": "632d9a2c-b064-4355-a446-8f8cc38c29f8",
        "lastUpdatedDateTime": "2023-02-08T17:09:30Z",
        "createdDateTime": "2023-02-08T17:09:30Z",
        "expirationDateTime": "2023-02-09T17:09:30Z",
        "status": "notStarted",
        "errors": [],
        "tasks": {
          "completed": 0,
          "failed": 0,
          "inProgress": 1,
          "total": 1,
          "items": []
        }
      }
    },
    {
      "RequestUri": "https://endpoint/language/analyze-text/jobs/632d9a2c-b064-4355-a446-8f8cc38c29f8?api-version=2022-10-01-preview",
      "RequestMethod": "GET",
      "RequestHeaders": {
        "Accept": "application/json",
        "Accept-Encoding": "gzip,deflate",
        "Connection": "keep-alive",
        "Ocp-Apim-Subscription-Key": "api_key",
        "User-Agent": "azsdk-js-ai-language-text/1.1.0-beta.1 core-rest-pipeline/1.10.2 Node/v19.5.0 OS/(x64-Linux-5.4.0-1100-azure)",
        "x-ms-client-request-id": "11204bd3-08f4-4282-8cf2-bea8fb016232"
      },
      "RequestBody": null,
      "StatusCode": 200,
      "ResponseHeaders": {
        "apim-request-id": "a3c883ad-b32a-41bb-b92e-6fbf91105c51",
        "Content-Length": "283",
        "Content-Type": "application/json; charset=utf-8",
        "Date": "Wed, 08 Feb 2023 17:09:30 GMT",
        "Strict-Transport-Security": "max-age=31536000; includeSubDomains; preload",
        "X-Content-Type-Options": "nosniff",
        "x-envoy-upstream-service-time": "11",
        "x-ms-region": "East US"
      },
      "ResponseBody": {
        "jobId": "632d9a2c-b064-4355-a446-8f8cc38c29f8",
        "lastUpdatedDateTime": "2023-02-08T17:09:30Z",
        "createdDateTime": "2023-02-08T17:09:30Z",
        "expirationDateTime": "2023-02-09T17:09:30Z",
        "status": "notStarted",
        "errors": [],
        "tasks": {
          "completed": 0,
          "failed": 0,
          "inProgress": 1,
          "total": 1,
          "items": []
        }
      }
    },
    {
      "RequestUri": "https://endpoint/language/analyze-text/jobs/632d9a2c-b064-4355-a446-8f8cc38c29f8?api-version=2022-10-01-preview",
      "RequestMethod": "GET",
      "RequestHeaders": {
        "Accept": "application/json",
        "Accept-Encoding": "gzip,deflate",
        "Connection": "keep-alive",
        "Ocp-Apim-Subscription-Key": "api_key",
        "User-Agent": "azsdk-js-ai-language-text/1.1.0-beta.1 core-rest-pipeline/1.10.2 Node/v19.5.0 OS/(x64-Linux-5.4.0-1100-azure)",
        "x-ms-client-request-id": "bdeced58-ec80-4de9-abfb-d47495eb4d5e"
      },
      "RequestBody": null,
      "StatusCode": 200,
      "ResponseHeaders": {
        "apim-request-id": "60715082-35ea-47cd-86fe-11fef65b934a",
        "Content-Length": "280",
        "Content-Type": "application/json; charset=utf-8",
        "Date": "Wed, 08 Feb 2023 17:09:32 GMT",
        "Strict-Transport-Security": "max-age=31536000; includeSubDomains; preload",
        "X-Content-Type-Options": "nosniff",
        "x-envoy-upstream-service-time": "16",
        "x-ms-region": "East US"
      },
      "ResponseBody": {
        "jobId": "632d9a2c-b064-4355-a446-8f8cc38c29f8",
        "lastUpdatedDateTime": "2023-02-08T17:09:31Z",
        "createdDateTime": "2023-02-08T17:09:30Z",
        "expirationDateTime": "2023-02-09T17:09:30Z",
        "status": "running",
        "errors": [],
        "tasks": {
          "completed": 0,
          "failed": 0,
          "inProgress": 1,
          "total": 1,
          "items": []
        }
      }
    },
    {
      "RequestUri": "https://endpoint/language/analyze-text/jobs/632d9a2c-b064-4355-a446-8f8cc38c29f8?api-version=2022-10-01-preview",
      "RequestMethod": "GET",
      "RequestHeaders": {
        "Accept": "application/json",
        "Accept-Encoding": "gzip,deflate",
        "Connection": "keep-alive",
        "Ocp-Apim-Subscription-Key": "api_key",
        "User-Agent": "azsdk-js-ai-language-text/1.1.0-beta.1 core-rest-pipeline/1.10.2 Node/v19.5.0 OS/(x64-Linux-5.4.0-1100-azure)",
        "x-ms-client-request-id": "7fbb469f-eb8b-465c-9d32-0c9d1e35674f"
      },
      "RequestBody": null,
      "StatusCode": 200,
      "ResponseHeaders": {
        "apim-request-id": "3ac14305-88b8-4622-831f-87f9065153d4",
        "Content-Length": "280",
        "Content-Type": "application/json; charset=utf-8",
        "Date": "Wed, 08 Feb 2023 17:09:34 GMT",
        "Strict-Transport-Security": "max-age=31536000; includeSubDomains; preload",
        "X-Content-Type-Options": "nosniff",
        "x-envoy-upstream-service-time": "14",
        "x-ms-region": "East US"
      },
      "ResponseBody": {
        "jobId": "632d9a2c-b064-4355-a446-8f8cc38c29f8",
        "lastUpdatedDateTime": "2023-02-08T17:09:31Z",
        "createdDateTime": "2023-02-08T17:09:30Z",
        "expirationDateTime": "2023-02-09T17:09:30Z",
        "status": "running",
        "errors": [],
        "tasks": {
          "completed": 0,
          "failed": 0,
          "inProgress": 1,
          "total": 1,
          "items": []
        }
      }
    },
    {
      "RequestUri": "https://endpoint/language/analyze-text/jobs/632d9a2c-b064-4355-a446-8f8cc38c29f8?api-version=2022-10-01-preview",
      "RequestMethod": "GET",
      "RequestHeaders": {
        "Accept": "application/json",
        "Accept-Encoding": "gzip,deflate",
        "Connection": "keep-alive",
        "Ocp-Apim-Subscription-Key": "api_key",
        "User-Agent": "azsdk-js-ai-language-text/1.1.0-beta.1 core-rest-pipeline/1.10.2 Node/v19.5.0 OS/(x64-Linux-5.4.0-1100-azure)",
        "x-ms-client-request-id": "d919ba52-19a2-4974-84e5-772adeedc3ef"
      },
      "RequestBody": null,
      "StatusCode": 200,
      "ResponseHeaders": {
        "apim-request-id": "28a5bf36-ca3d-4504-819f-90b713a11d06",
        "Content-Length": "26938",
        "Content-Type": "application/json; charset=utf-8",
        "Date": "Wed, 08 Feb 2023 17:09:36 GMT",
        "Strict-Transport-Security": "max-age=31536000; includeSubDomains; preload",
        "X-Content-Type-Options": "nosniff",
        "x-envoy-upstream-service-time": "66",
        "x-ms-region": "East US"
      },
      "ResponseBody": {
        "jobId": "632d9a2c-b064-4355-a446-8f8cc38c29f8",
        "lastUpdatedDateTime": "2023-02-08T17:09:37Z",
        "createdDateTime": "2023-02-08T17:09:30Z",
        "expirationDateTime": "2023-02-09T17:09:30Z",
        "status": "succeeded",
        "errors": [],
        "tasks": {
          "completed": 1,
          "failed": 0,
          "inProgress": 0,
          "total": 1,
          "items": [
            {
              "kind": "HealthcareLROResults",
              "lastUpdateDateTime": "2023-02-08T17:09:37.1710962Z",
              "status": "succeeded",
              "results": {
                "documents": [
                  {
                    "id": "0",
                    "entities": [
                      {
                        "offset": 17,
                        "length": 11,
                        "text": "54-year-old",
                        "category": "Age",
                        "confidenceScore": 1.0
                      },
                      {
                        "offset": 29,
                        "length": 9,
                        "text": "gentleman",
                        "category": "Gender",
                        "confidenceScore": 1.0,
                        "name": "Male population group",
                        "links": [
                          {
                            "dataSource": "UMLS",
                            "id": "C0025266"
                          },
                          {
                            "dataSource": "AOD",
                            "id": "0000026918"
                          },
                          {
                            "dataSource": "CHV",
                            "id": "0000007919"
                          },
                          {
                            "dataSource": "LCH",
                            "id": "U002897"
                          },
                          {
                            "dataSource": "LCH_NW",
                            "id": "sh85083510"
                          },
                          {
                            "dataSource": "MEDLINEPLUS",
                            "id": "24"
                          },
                          {
                            "dataSource": "MSH",
                            "id": "D008571"
                          },
                          {
                            "dataSource": "NCI",
                            "id": "C14366"
                          },
                          {
                            "dataSource": "PSY",
                            "id": "30625"
                          },
                          {
                            "dataSource": "SNOMEDCT_US",
                            "id": "339947000"
                          }
                        ]
                      },
                      {
                        "offset": 57,
                        "length": 11,
                        "text": "progressive",
                        "category": "Course",
                        "confidenceScore": 0.9
                      },
                      {
                        "offset": 69,
                        "length": 6,
                        "text": "angina",
                        "category": "SymptomOrSign",
                        "confidenceScore": 0.83,
                        "name": "Angina Pectoris",
                        "links": [
                          {
                            "dataSource": "UMLS",
                            "id": "C0002962"
                          },
                          {
                            "dataSource": "AOD",
                            "id": "0000005330"
                          },
                          {
                            "dataSource": "BI",
                            "id": "BI00047"
                          },
                          {
                            "dataSource": "CCPSS",
                            "id": "1017852"
                          },
                          {
                            "dataSource": "CCS",
                            "id": "7.2.4.1"
                          },
                          {
                            "dataSource": "CHV",
                            "id": "0000001165"
                          },
                          {
                            "dataSource": "COSTAR",
                            "id": "054"
                          },
                          {
                            "dataSource": "CSP",
                            "id": "1393-3407"
                          },
                          {
                            "dataSource": "CST",
                            "id": "ANGINA PECTORIS"
                          },
                          {
                            "dataSource": "DXP",
                            "id": "U000113"
                          },
                          {
                            "dataSource": "HPO",
                            "id": "HP:0001681"
                          },
                          {
                            "dataSource": "ICD10",
                            "id": "I20.9"
                          },
                          {
                            "dataSource": "ICD10AM",
                            "id": "I20.9"
                          },
                          {
                            "dataSource": "ICD10CM",
                            "id": "I20.9"
                          },
                          {
                            "dataSource": "ICD9CM",
                            "id": "413"
                          },
                          {
                            "dataSource": "ICPC",
                            "id": "K74"
                          },
                          {
                            "dataSource": "ICPC2EENG",
                            "id": "K74"
                          },
                          {
                            "dataSource": "ICPC2ICD10ENG",
                            "id": "MTHU006338"
                          },
                          {
                            "dataSource": "ICPC2P",
                            "id": "K74001"
                          },
                          {
                            "dataSource": "LCH",
                            "id": "U000244"
                          },
                          {
                            "dataSource": "LCH_NW",
                            "id": "sh85005022"
                          },
                          {
                            "dataSource": "LNC",
                            "id": "LA14275-4"
                          },
                          {
                            "dataSource": "MDR",
                            "id": "10002383"
                          },
                          {
                            "dataSource": "MEDCIN",
                            "id": "33215"
                          },
                          {
                            "dataSource": "MEDLINEPLUS",
                            "id": "142"
                          },
                          {
                            "dataSource": "MSH",
                            "id": "D000787"
                          },
                          {
                            "dataSource": "MTH",
                            "id": "053"
                          },
                          {
                            "dataSource": "MTHICD9",
                            "id": "413.9"
                          },
                          {
                            "dataSource": "MTHICPC2EAE",
                            "id": "K74"
                          },
                          {
                            "dataSource": "NCI",
                            "id": "C51221"
                          },
                          {
                            "dataSource": "NCI_CTCAE",
                            "id": "E10110"
                          },
                          {
                            "dataSource": "NCI_FDA",
                            "id": "1710"
                          },
                          {
                            "dataSource": "NCI_NICHD",
                            "id": "C51221"
                          },
                          {
                            "dataSource": "NOC",
                            "id": "040504"
                          },
                          {
                            "dataSource": "OMIM",
                            "id": "MTHU009903"
                          },
                          {
                            "dataSource": "OMS",
                            "id": "29.13"
                          },
                          {
                            "dataSource": "PCDS",
                            "id": "PRB_02040.07"
                          },
                          {
                            "dataSource": "PSY",
                            "id": "02530"
                          },
                          {
                            "dataSource": "QMR",
                            "id": "Q0300326"
                          },
                          {
                            "dataSource": "RCD",
                            "id": "G33.."
                          },
                          {
                            "dataSource": "RCDAE",
                            "id": "Ua1eH"
                          },
                          {
                            "dataSource": "SNM",
                            "id": "F-71500"
                          },
                          {
                            "dataSource": "SNMI",
                            "id": "D3-12000"
                          },
                          {
                            "dataSource": "SNOMEDCT_US",
                            "id": "194828000"
                          },
                          {
                            "dataSource": "WHO",
                            "id": "0422"
                          }
                        ]
                      },
                      {
                        "offset": 85,
                        "length": 19,
                        "text": "past several months",
                        "category": "Time",
                        "confidenceScore": 0.99
                      }
                    ],
                    "relations": [
                      {
                        "confidenceScore": 0.84,
                        "relationType": "CourseOfCondition",
                        "entities": [
                          {
                            "ref": "#/results/documents/0/entities/2",
                            "role": "Course"
                          },
                          {
                            "ref": "#/results/documents/0/entities/3",
                            "role": "Condition"
                          }
                        ]
                      },
                      {
                        "confidenceScore": 0.89,
                        "relationType": "TimeOfCondition",
                        "entities": [
                          {
                            "ref": "#/results/documents/0/entities/3",
                            "role": "Condition"
                          },
                          {
                            "ref": "#/results/documents/0/entities/4",
                            "role": "Time"
                          }
                        ]
                      }
                    ],
                    "warnings": [],
                    "fhirBundle": {
                      "resourceType": "Bundle",
                      "id": "e1188d2d-a67d-4814-8a5a-2d2dd23a6d61",
                      "meta": {
                        "profile": [
                          "http://hl7.org/fhir/4.0.1/StructureDefinition/Bundle"
                        ]
                      },
                      "identifier": {
                        "system": "urn:ietf:rfc:3986",
                        "value": "urn:uuid:e1188d2d-a67d-4814-8a5a-2d2dd23a6d61"
                      },
                      "type": "document",
                      "entry": [
                        {
                          "fullUrl": "Composition/72a69e58-95dc-47af-991a-d89febc7265f",
                          "resource": {
                            "resourceType": "Composition",
                            "id": "72a69e58-95dc-47af-991a-d89febc7265f",
                            "language": "en",
                            "status": "final",
                            "type": {
                              "coding": [
                                {
                                  "system": "http://loinc.org",
                                  "code": "18842-5",
                                  "display": "Discharge summary"
                                }
                              ],
                              "text": "Discharge summary"
                            },
                            "subject": {
                              "reference": "Patient/51d3775f-025e-422f-8e4a-ad1ca1e31b9d",
                              "type": "Patient"
                            },
                            "encounter": {
                              "reference": "Encounter/e5735c37-9c83-48bc-9c41-55601ce95c1f",
                              "type": "Encounter",
                              "display": "unknown"
                            },
                            "date": "0001-01-01T00:00:00\u002B00:00",
                            "author": [
                              {
                                "reference": "Practitioner/dac8bdd9-006d-4845-802b-d36f5b4990b8",
                                "type": "Practitioner",
                                "display": "Unknown"
                              }
                            ],
                            "title": "Discharge summary",
                            "section": [
                              {
                                "title": "General",
                                "code": {
                                  "coding": [
                                    {
                                      "system": "",
                                      "display": "Unrecognized Section"
                                    }
                                  ],
                                  "text": "General"
                                },
                                "text": {
                                  "status": "additional",
                                  "div": "\u003Cdiv\u003E\r\n\t\t\t\t\t\t\t\u003Ch1\u003EGeneral\u003C/h1\u003E\r\n\t\t\t\t\t\t\t\u003Cp\u003EThe patient is a 54-year-old gentleman with a history of progressive angina over the past several months.\u003C/p\u003E\r\n\t\t\t\t\t\u003C/div\u003E"
                                },
                                "entry": [
                                  {
                                    "reference": "List/c70236e0-0f22-4f85-98b5-9fb3a5141b9c",
                                    "type": "List",
                                    "display": "General"
                                  }
                                ]
                              }
                            ]
                          }
                        },
                        {
                          "fullUrl": "Practitioner/dac8bdd9-006d-4845-802b-d36f5b4990b8",
                          "resource": {
                            "resourceType": "Practitioner",
                            "id": "dac8bdd9-006d-4845-802b-d36f5b4990b8",
                            "name": [
                              {
                                "text": "Unknown",
                                "family": "Unknown"
                              }
                            ]
                          }
                        },
                        {
                          "fullUrl": "Patient/51d3775f-025e-422f-8e4a-ad1ca1e31b9d",
                          "resource": {
                            "resourceType": "Patient",
                            "id": "51d3775f-025e-422f-8e4a-ad1ca1e31b9d",
                            "gender": "male"
                          }
                        },
                        {
                          "fullUrl": "Encounter/e5735c37-9c83-48bc-9c41-55601ce95c1f",
                          "resource": {
                            "resourceType": "Encounter",
                            "id": "e5735c37-9c83-48bc-9c41-55601ce95c1f",
                            "meta": {
                              "profile": [
                                "http://hl7.org/fhir/us/core/StructureDefinition/us-core-encounter"
                              ]
                            },
                            "status": "finished",
                            "class": {
                              "system": "http://terminology.hl7.org/CodeSystem/v3-ActCode",
                              "display": "unknown"
                            },
                            "subject": {
                              "reference": "Patient/51d3775f-025e-422f-8e4a-ad1ca1e31b9d",
                              "type": "Patient"
                            }
                          }
                        },
                        {
                          "fullUrl": "Observation/7f714174-4733-4079-a5d1-8bec569af5aa",
                          "resource": {
                            "resourceType": "Observation",
                            "id": "7f714174-4733-4079-a5d1-8bec569af5aa",
                            "language": "en",
                            "extension": [
                              {
                                "extension": [
                                  {
                                    "url": "offset",
                                    "valueInteger": 69
                                  },
                                  {
                                    "url": "length",
                                    "valueInteger": 6
                                  }
                                ],
                                "url": "http://hl7.org/fhir/StructureDefinition/derivation-reference"
                              }
                            ],
                            "status": "final",
                            "category": [
                              {
                                "coding": [
                                  {
                                    "system": "http://terminology.hl7.org/CodeSystem/observation-category",
                                    "code": "exam",
                                    "display": "Exam"
                                  }
                                ],
                                "text": "Exam"
                              }
                            ],
                            "code": {
                              "coding": [
                                {
                                  "system": "http://www.nlm.nih.gov/research/umls",
                                  "code": "C0002962",
                                  "display": "Angina Pectoris"
                                },
                                {
                                  "system": "http://www.nlm.nih.gov/research/umls/aod",
                                  "code": "0000005330"
                                },
                                {
                                  "system": "http://www.nlm.nih.gov/research/umls/bi",
                                  "code": "BI00047"
                                },
                                {
                                  "system": "http://www.nlm.nih.gov/research/umls/ccpss",
                                  "code": "1017852"
                                },
                                {
                                  "system": "http://www.nlm.nih.gov/research/umls/ccs",
                                  "code": "7.2.4.1"
                                },
                                {
                                  "system": "http://www.nlm.nih.gov/research/umls/chv",
                                  "code": "0000001165"
                                },
                                {
                                  "system": "http://www.nlm.nih.gov/research/umls/costar",
                                  "code": "054"
                                },
                                {
                                  "system": "http://www.nlm.nih.gov/research/umls/csp",
                                  "code": "1393-3407"
                                },
                                {
                                  "system": "http://www.nlm.nih.gov/research/umls/cst",
                                  "code": "ANGINA PECTORIS"
                                },
                                {
                                  "system": "http://www.nlm.nih.gov/research/umls/dxp",
                                  "code": "U000113"
                                },
                                {
                                  "system": "http://www.nlm.nih.gov/research/umls/hpo",
                                  "code": "HP:0001681"
                                },
                                {
                                  "system": "http://hl7.org/fhir/sid/icd-10",
                                  "code": "I20.9"
                                },
                                {
                                  "system": "http://hl7.org/fhir/sid/icd-10-am",
                                  "code": "I20.9"
                                },
                                {
                                  "system": "http://hl7.org/fhir/sid/icd-10-cm",
                                  "code": "I20.9"
                                },
                                {
                                  "system": "http://hl7.org/fhir/sid/icd-9-cm",
                                  "code": "413"
                                },
                                {
                                  "system": "http://www.nlm.nih.gov/research/umls/icpc",
                                  "code": "K74"
                                },
                                {
                                  "system": "http://www.nlm.nih.gov/research/umls/icpc2eeng",
                                  "code": "K74"
                                },
                                {
                                  "system": "http://hl7.org/fhir/sid/icpc2icd10eng",
                                  "code": "MTHU006338"
                                },
                                {
                                  "system": "http://hl7.org/fhir/sid/icpc-2p",
                                  "code": "K74001"
                                },
                                {
                                  "system": "http://www.nlm.nih.gov/research/umls/lch",
                                  "code": "U000244"
                                },
                                {
                                  "system": "http://www.nlm.nih.gov/research/umls/lch_nw",
                                  "code": "sh85005022"
                                },
                                {
                                  "system": "http://loinc.org",
                                  "code": "LA14275-4"
                                },
                                {
                                  "system": "http://www.nlm.nih.gov/research/umls/mdr",
                                  "code": "10002383"
                                },
                                {
                                  "system": "http://www.nlm.nih.gov/research/umls/medcin",
                                  "code": "33215"
                                },
                                {
                                  "system": "http://www.nlm.nih.gov/research/umls/medlineplus",
                                  "code": "142"
                                },
                                {
                                  "system": "http://www.nlm.nih.gov/research/umls/msh",
                                  "code": "D000787"
                                },
                                {
                                  "system": "http://www.nlm.nih.gov/research/umls/mth",
                                  "code": "053"
                                },
                                {
                                  "system": "http://www.nlm.nih.gov/research/umls/mthicd9",
                                  "code": "413.9"
                                },
                                {
                                  "system": "http://hl7.org/fhir/sid/mthicpc2eae",
                                  "code": "K74"
                                },
                                {
                                  "system": "http://ncimeta.nci.nih.gov",
                                  "code": "C51221"
                                },
                                {
                                  "system": "http://www.nlm.nih.gov/research/umls/nci_ctcae",
                                  "code": "E10110"
                                },
                                {
                                  "system": "http://www.nlm.nih.gov/research/umls/nci_fda",
                                  "code": "1710"
                                },
                                {
                                  "system": "http://www.nlm.nih.gov/research/umls/nci_nichd",
                                  "code": "C51221"
                                },
                                {
                                  "system": "http://www.nlm.nih.gov/research/umls/noc",
                                  "code": "040504"
                                },
                                {
                                  "system": "http://www.nlm.nih.gov/research/umls/omim",
                                  "code": "MTHU009903"
                                },
                                {
                                  "system": "http://www.nlm.nih.gov/research/umls/oms",
                                  "code": "29.13"
                                },
                                {
                                  "system": "http://www.nlm.nih.gov/research/umls/pcds",
                                  "code": "PRB_02040.07"
                                },
                                {
                                  "system": "http://www.nlm.nih.gov/research/umls/psy",
                                  "code": "02530"
                                },
                                {
                                  "system": "http://www.nlm.nih.gov/research/umls/qmr",
                                  "code": "Q0300326"
                                },
                                {
                                  "system": "http://www.nlm.nih.gov/research/umls/rcd",
                                  "code": "G33.."
                                },
                                {
                                  "system": "http://www.nlm.nih.gov/research/umls/rcdae",
                                  "code": "Ua1eH"
                                },
                                {
                                  "system": "http://www.nlm.nih.gov/research/umls/snm",
                                  "code": "F-71500"
                                },
                                {
                                  "system": "http://snomed.info/sct/900000000000207008",
                                  "code": "D3-12000"
                                },
                                {
                                  "system": "http://snomed.info/sct",
                                  "code": "194828000"
                                },
                                {
                                  "system": "http://www.nlm.nih.gov/research/umls/who",
                                  "code": "0422"
                                }
                              ],
                              "text": "angina"
                            },
                            "subject": {
                              "reference": "Patient/51d3775f-025e-422f-8e4a-ad1ca1e31b9d",
                              "type": "Patient"
                            },
                            "encounter": {
                              "reference": "Encounter/e5735c37-9c83-48bc-9c41-55601ce95c1f",
                              "type": "Encounter",
                              "display": "unknown"
                            },
                            "effectiveTiming": {
                              "repeat": {
                                "duration": 1,
                                "durationUnit": "mo"
                              },
                              "code": {
                                "text": "past several months"
                              }
                            },
                            "interpretation": [
                              {
                                "extension": [
                                  {
                                    "extension": [
                                      {
                                        "url": "offset",
                                        "valueInteger": 57
                                      },
                                      {
                                        "url": "length",
                                        "valueInteger": 11
                                      }
                                    ],
                                    "url": "http://hl7.org/fhir/StructureDefinition/derivation-reference"
                                  }
                                ],
                                "text": "progressive"
                              },
                              {
                                "coding": [
                                  {
                                    "system": "http://terminology.hl7.org/CodeSystem/v3-ObservationInterpretation",
                                    "code": "POS",
                                    "display": "Positive"
                                  }
                                ],
                                "text": "Positive"
                              }
                            ]
                          }
                        },
                        {
                          "fullUrl": "List/c70236e0-0f22-4f85-98b5-9fb3a5141b9c",
                          "resource": {
                            "resourceType": "List",
                            "id": "c70236e0-0f22-4f85-98b5-9fb3a5141b9c",
                            "status": "current",
                            "mode": "snapshot",
                            "title": "General",
                            "subject": {
                              "reference": "Patient/51d3775f-025e-422f-8e4a-ad1ca1e31b9d",
                              "type": "Patient"
                            },
                            "encounter": {
                              "reference": "Encounter/e5735c37-9c83-48bc-9c41-55601ce95c1f",
                              "type": "Encounter",
                              "display": "unknown"
                            },
                            "entry": [
                              {
                                "item": {
                                  "reference": "Observation/7f714174-4733-4079-a5d1-8bec569af5aa",
                                  "type": "Observation",
                                  "display": "angina"
                                }
                              }
                            ]
                          }
                        }
                      ]
                    }
                  },
                  {
                    "id": "1",
                    "entities": [
                      {
                        "offset": 11,
                        "length": 5,
                        "text": "100mg",
                        "category": "Dosage",
                        "confidenceScore": 0.98
                      },
                      {
                        "offset": 17,
                        "length": 9,
                        "text": "ibuprofen",
                        "category": "MedicationName",
                        "confidenceScore": 1.0,
                        "name": "ibuprofen",
                        "links": [
                          {
                            "dataSource": "UMLS",
                            "id": "C0020740"
                          },
                          {
                            "dataSource": "AOD",
                            "id": "0000019879"
                          },
                          {
                            "dataSource": "ATC",
                            "id": "M01AE01"
                          },
                          {
                            "dataSource": "CCPSS",
                            "id": "0046165"
                          },
                          {
                            "dataSource": "CHV",
                            "id": "0000006519"
                          },
                          {
                            "dataSource": "CSP",
                            "id": "2270-2077"
                          },
                          {
                            "dataSource": "DRUGBANK",
                            "id": "DB01050"
                          },
                          {
                            "dataSource": "GS",
                            "id": "1611"
                          },
                          {
                            "dataSource": "LCH_NW",
                            "id": "sh97005926"
                          },
                          {
                            "dataSource": "LNC",
                            "id": "LP16165-0"
                          },
                          {
                            "dataSource": "MEDCIN",
                            "id": "40458"
                          },
                          {
                            "dataSource": "MMSL",
                            "id": "d00015"
                          },
                          {
                            "dataSource": "MSH",
                            "id": "D007052"
                          },
                          {
                            "dataSource": "MTHSPL",
                            "id": "WK2XYI10QM"
                          },
                          {
                            "dataSource": "NCI",
                            "id": "C561"
                          },
                          {
                            "dataSource": "NCI_CTRP",
                            "id": "C561"
                          },
                          {
                            "dataSource": "NCI_DCP",
                            "id": "00803"
                          },
                          {
                            "dataSource": "NCI_DTP",
                            "id": "NSC0256857"
                          },
                          {
                            "dataSource": "NCI_FDA",
                            "id": "WK2XYI10QM"
                          },
                          {
                            "dataSource": "NCI_NCI-GLOSS",
                            "id": "CDR0000613511"
                          },
                          {
                            "dataSource": "NDDF",
                            "id": "002377"
                          },
                          {
                            "dataSource": "PDQ",
                            "id": "CDR0000040475"
                          },
                          {
                            "dataSource": "RCD",
                            "id": "x02MO"
                          },
                          {
                            "dataSource": "RXNORM",
                            "id": "5640"
                          },
                          {
                            "dataSource": "SNM",
                            "id": "E-7772"
                          },
                          {
                            "dataSource": "SNMI",
                            "id": "C-603C0"
                          },
                          {
                            "dataSource": "SNOMEDCT_US",
                            "id": "387207008"
                          },
                          {
                            "dataSource": "USP",
                            "id": "m39860"
                          },
                          {
                            "dataSource": "USPMG",
                            "id": "MTHU000060"
                          },
                          {
                            "dataSource": "VANDF",
                            "id": "4017840"
                          }
                        ]
                      },
                      {
                        "offset": 34,
                        "length": 11,
                        "text": "twice daily",
                        "category": "Frequency",
                        "confidenceScore": 1.0
                      }
                    ],
                    "relations": [
                      {
                        "confidenceScore": 1.0,
                        "relationType": "DosageOfMedication",
                        "entities": [
                          {
                            "ref": "#/results/documents/1/entities/0",
                            "role": "Dosage"
                          },
                          {
                            "ref": "#/results/documents/1/entities/1",
                            "role": "Medication"
                          }
                        ]
                      },
                      {
                        "confidenceScore": 1.0,
                        "relationType": "FrequencyOfMedication",
                        "entities": [
                          {
                            "ref": "#/results/documents/1/entities/1",
                            "role": "Medication"
                          },
                          {
                            "ref": "#/results/documents/1/entities/2",
                            "role": "Frequency"
                          }
                        ]
                      }
                    ],
                    "warnings": [],
                    "fhirBundle": {
                      "resourceType": "Bundle",
                      "id": "6c5c469d-a5b7-45f5-8989-2b1572c600fa",
                      "meta": {
                        "profile": [
                          "http://hl7.org/fhir/4.0.1/StructureDefinition/Bundle"
                        ]
                      },
                      "identifier": {
                        "system": "urn:ietf:rfc:3986",
                        "value": "urn:uuid:6c5c469d-a5b7-45f5-8989-2b1572c600fa"
                      },
                      "type": "document",
                      "entry": [
                        {
                          "fullUrl": "Composition/5139d1f6-9221-4289-ad2f-4ad5c5bc5de0",
                          "resource": {
                            "resourceType": "Composition",
                            "id": "5139d1f6-9221-4289-ad2f-4ad5c5bc5de0",
                            "language": "en",
                            "status": "final",
                            "type": {
                              "coding": [
                                {
                                  "system": "http://loinc.org",
                                  "code": "18842-5",
                                  "display": "Discharge summary"
                                }
                              ],
                              "text": "Discharge summary"
                            },
                            "subject": {
                              "reference": "Patient/5d4f93e8-0477-48bf-9a83-7b43bea6e949",
                              "type": "Patient"
                            },
                            "encounter": {
                              "reference": "Encounter/84230839-2e64-46e7-b93c-986df45fec27",
                              "type": "Encounter",
                              "display": "unknown"
                            },
                            "date": "0001-01-01T00:00:00\u002B00:00",
                            "author": [
                              {
                                "reference": "Practitioner/7f774487-a517-4c93-99a0-c34e86abdaba",
                                "type": "Practitioner",
                                "display": "Unknown"
                              }
                            ],
                            "title": "Discharge summary",
                            "section": [
                              {
                                "title": "General",
                                "code": {
                                  "coding": [
                                    {
                                      "system": "",
                                      "display": "Unrecognized Section"
                                    }
                                  ],
                                  "text": "General"
                                },
                                "text": {
                                  "status": "additional",
                                  "div": "\u003Cdiv\u003E\r\n\t\t\t\t\t\t\t\u003Ch1\u003EGeneral\u003C/h1\u003E\r\n\t\t\t\t\t\t\t\u003Cp\u003EPrescribed 100mg ibuprofen, taken twice daily.\u003C/p\u003E\r\n\t\t\t\t\t\u003C/div\u003E"
                                },
                                "entry": [
                                  {
                                    "reference": "List/a06e64ab-266d-4f9b-9fdf-c3a71e17eed9",
                                    "type": "List",
                                    "display": "General"
                                  }
                                ]
                              }
                            ]
                          }
                        },
                        {
                          "fullUrl": "Practitioner/7f774487-a517-4c93-99a0-c34e86abdaba",
                          "resource": {
                            "resourceType": "Practitioner",
                            "id": "7f774487-a517-4c93-99a0-c34e86abdaba",
                            "name": [
                              {
                                "text": "Unknown",
                                "family": "Unknown"
                              }
                            ]
                          }
                        },
                        {
                          "fullUrl": "Patient/5d4f93e8-0477-48bf-9a83-7b43bea6e949",
                          "resource": {
                            "resourceType": "Patient",
                            "id": "5d4f93e8-0477-48bf-9a83-7b43bea6e949",
                            "gender": "unknown"
                          }
                        },
                        {
                          "fullUrl": "Encounter/84230839-2e64-46e7-b93c-986df45fec27",
                          "resource": {
                            "resourceType": "Encounter",
                            "id": "84230839-2e64-46e7-b93c-986df45fec27",
                            "meta": {
                              "profile": [
                                "http://hl7.org/fhir/us/core/StructureDefinition/us-core-encounter"
                              ]
                            },
                            "status": "finished",
                            "class": {
                              "system": "http://terminology.hl7.org/CodeSystem/v3-ActCode",
                              "display": "unknown"
                            },
                            "subject": {
                              "reference": "Patient/5d4f93e8-0477-48bf-9a83-7b43bea6e949",
                              "type": "Patient"
                            }
                          }
                        },
                        {
                          "fullUrl": "MedicationStatement/e1e022dd-9cd8-4359-b5c0-c38739374aef",
                          "resource": {
                            "resourceType": "MedicationStatement",
                            "id": "e1e022dd-9cd8-4359-b5c0-c38739374aef",
                            "language": "en",
                            "extension": [
                              {
                                "extension": [
                                  {
                                    "url": "offset",
                                    "valueInteger": 17
                                  },
                                  {
                                    "url": "length",
                                    "valueInteger": 9
                                  }
                                ],
                                "url": "http://hl7.org/fhir/StructureDefinition/derivation-reference"
                              }
                            ],
                            "status": "active",
                            "medicationCodeableConcept": {
                              "coding": [
                                {
                                  "system": "http://www.nlm.nih.gov/research/umls",
                                  "code": "C0020740",
                                  "display": "ibuprofen"
                                },
                                {
                                  "system": "http://www.nlm.nih.gov/research/umls/aod",
                                  "code": "0000019879"
                                },
                                {
                                  "system": "http://www.whocc.no/atc",
                                  "code": "M01AE01"
                                },
                                {
                                  "system": "http://www.nlm.nih.gov/research/umls/ccpss",
                                  "code": "0046165"
                                },
                                {
                                  "system": "http://www.nlm.nih.gov/research/umls/chv",
                                  "code": "0000006519"
                                },
                                {
                                  "system": "http://www.nlm.nih.gov/research/umls/csp",
                                  "code": "2270-2077"
                                },
                                {
                                  "system": "http://www.nlm.nih.gov/research/umls/drugbank",
                                  "code": "DB01050"
                                },
                                {
                                  "system": "http://www.nlm.nih.gov/research/umls/gs",
                                  "code": "1611"
                                },
                                {
                                  "system": "http://www.nlm.nih.gov/research/umls/lch_nw",
                                  "code": "sh97005926"
                                },
                                {
                                  "system": "http://loinc.org",
                                  "code": "LP16165-0"
                                },
                                {
                                  "system": "http://www.nlm.nih.gov/research/umls/medcin",
                                  "code": "40458"
                                },
                                {
                                  "system": "http://www.nlm.nih.gov/research/umls/mmsl",
                                  "code": "d00015"
                                },
                                {
                                  "system": "http://www.nlm.nih.gov/research/umls/msh",
                                  "code": "D007052"
                                },
                                {
                                  "system": "http://www.nlm.nih.gov/research/umls/mthspl",
                                  "code": "WK2XYI10QM"
                                },
                                {
                                  "system": "http://ncimeta.nci.nih.gov",
                                  "code": "C561"
                                },
                                {
                                  "system": "http://www.nlm.nih.gov/research/umls/nci_ctrp",
                                  "code": "C561"
                                },
                                {
                                  "system": "http://www.nlm.nih.gov/research/umls/nci_dcp",
                                  "code": "00803"
                                },
                                {
                                  "system": "http://www.nlm.nih.gov/research/umls/nci_dtp",
                                  "code": "NSC0256857"
                                },
                                {
                                  "system": "http://www.nlm.nih.gov/research/umls/nci_fda",
                                  "code": "WK2XYI10QM"
                                },
                                {
                                  "system": "http://www.nlm.nih.gov/research/umls/nci_nci-gloss",
                                  "code": "CDR0000613511"
                                },
                                {
                                  "system": "http://www.nlm.nih.gov/research/umls/nddf",
                                  "code": "002377"
                                },
                                {
                                  "system": "http://www.nlm.nih.gov/research/umls/pdq",
                                  "code": "CDR0000040475"
                                },
                                {
                                  "system": "http://www.nlm.nih.gov/research/umls/rcd",
                                  "code": "x02MO"
                                },
                                {
                                  "system": "http://www.nlm.nih.gov/research/umls/rxnorm",
                                  "code": "5640"
                                },
                                {
                                  "system": "http://www.nlm.nih.gov/research/umls/snm",
                                  "code": "E-7772"
                                },
                                {
                                  "system": "http://snomed.info/sct/900000000000207008",
                                  "code": "C-603C0"
                                },
                                {
                                  "system": "http://snomed.info/sct",
                                  "code": "387207008"
                                },
                                {
                                  "system": "http://www.nlm.nih.gov/research/umls/usp",
                                  "code": "m39860"
                                },
                                {
                                  "system": "http://www.nlm.nih.gov/research/umls/uspmg",
                                  "code": "MTHU000060"
                                },
                                {
                                  "system": "http://hl7.org/fhir/ndfrt",
                                  "code": "4017840"
                                }
                              ],
                              "text": "ibuprofen"
                            },
                            "subject": {
                              "reference": "Patient/5d4f93e8-0477-48bf-9a83-7b43bea6e949",
                              "type": "Patient"
                            },
                            "context": {
                              "reference": "Encounter/84230839-2e64-46e7-b93c-986df45fec27",
                              "type": "Encounter",
                              "display": "unknown"
                            },
                            "dosage": [
                              {
                                "text": "100mg",
                                "timing": {
                                  "repeat": {
                                    "frequency": 2,
                                    "period": 1,
                                    "periodUnit": "d"
                                  },
                                  "code": {
                                    "text": "twice daily"
                                  }
                                },
                                "doseAndRate": [
                                  {
                                    "doseQuantity": {
                                      "value": 100
                                    }
                                  }
                                ]
                              }
                            ]
                          }
                        },
                        {
                          "fullUrl": "List/a06e64ab-266d-4f9b-9fdf-c3a71e17eed9",
                          "resource": {
                            "resourceType": "List",
                            "id": "a06e64ab-266d-4f9b-9fdf-c3a71e17eed9",
                            "status": "current",
                            "mode": "snapshot",
                            "title": "General",
                            "subject": {
                              "reference": "Patient/5d4f93e8-0477-48bf-9a83-7b43bea6e949",
                              "type": "Patient"
                            },
                            "encounter": {
                              "reference": "Encounter/84230839-2e64-46e7-b93c-986df45fec27",
                              "type": "Encounter",
                              "display": "unknown"
                            },
                            "entry": [
                              {
                                "item": {
                                  "reference": "MedicationStatement/e1e022dd-9cd8-4359-b5c0-c38739374aef",
                                  "type": "MedicationStatement",
                                  "display": "ibuprofen"
                                }
                              }
                            ]
                          }
                        }
                      ]
                    }
                  },
                  {
                    "id": "2",
                    "entities": [
                      {
                        "offset": 29,
                        "length": 19,
                        "text": "high blood pressure",
                        "category": "SymptomOrSign",
                        "confidenceScore": 1.0,
                        "assertion": {
                          "certainty": "negative"
                        },
                        "name": "Hypertensive disease",
                        "links": [
                          {
                            "dataSource": "UMLS",
                            "id": "C0020538"
                          },
                          {
                            "dataSource": "AOD",
                            "id": "0000023317"
                          },
                          {
                            "dataSource": "BI",
                            "id": "BI00001"
                          },
                          {
                            "dataSource": "CCPSS",
                            "id": "1017493"
                          },
                          {
                            "dataSource": "CCS",
                            "id": "7.1"
                          },
                          {
                            "dataSource": "CHV",
                            "id": "0000015800"
                          },
                          {
                            "dataSource": "COSTAR",
                            "id": "397"
                          },
                          {
                            "dataSource": "CSP",
                            "id": "0571-5243"
                          },
                          {
                            "dataSource": "CST",
                            "id": "HYPERTENS"
                          },
                          {
                            "dataSource": "DXP",
                            "id": "U002034"
                          },
                          {
                            "dataSource": "HPO",
                            "id": "HP:0000822"
                          },
                          {
                            "dataSource": "ICD10",
                            "id": "I10-I15.9"
                          },
                          {
                            "dataSource": "ICD10AM",
                            "id": "I10-I15.9"
                          },
                          {
                            "dataSource": "ICD10CM",
                            "id": "I10"
                          },
                          {
                            "dataSource": "ICD9CM",
                            "id": "997.91"
                          },
                          {
                            "dataSource": "ICPC2ICD10ENG",
                            "id": "MTHU035456"
                          },
                          {
                            "dataSource": "ICPC2P",
                            "id": "K85004"
                          },
                          {
                            "dataSource": "LCH",
                            "id": "U002317"
                          },
                          {
                            "dataSource": "LCH_NW",
                            "id": "sh85063723"
                          },
                          {
                            "dataSource": "LNC",
                            "id": "LA14293-7"
                          },
                          {
                            "dataSource": "MDR",
                            "id": "10020772"
                          },
                          {
                            "dataSource": "MEDCIN",
                            "id": "33288"
                          },
                          {
                            "dataSource": "MEDLINEPLUS",
                            "id": "34"
                          },
                          {
                            "dataSource": "MSH",
                            "id": "D006973"
                          },
                          {
                            "dataSource": "MTH",
                            "id": "005"
                          },
                          {
                            "dataSource": "MTHICD9",
                            "id": "997.91"
                          },
                          {
                            "dataSource": "NANDA-I",
                            "id": "00905"
                          },
                          {
                            "dataSource": "NCI",
                            "id": "C3117"
                          },
                          {
                            "dataSource": "NCI_CPTAC",
                            "id": "C3117"
                          },
                          {
                            "dataSource": "NCI_CTCAE",
                            "id": "E13785"
                          },
                          {
                            "dataSource": "NCI_CTRP",
                            "id": "C3117"
                          },
                          {
                            "dataSource": "NCI_FDA",
                            "id": "1908"
                          },
                          {
                            "dataSource": "NCI_GDC",
                            "id": "C3117"
                          },
                          {
                            "dataSource": "NCI_NCI-GLOSS",
                            "id": "CDR0000458091"
                          },
                          {
                            "dataSource": "NCI_NICHD",
                            "id": "C3117"
                          },
                          {
                            "dataSource": "NCI_caDSR",
                            "id": "C3117"
                          },
                          {
                            "dataSource": "NOC",
                            "id": "060808"
                          },
                          {
                            "dataSource": "OMIM",
                            "id": "MTHU002068"
                          },
                          {
                            "dataSource": "PCDS",
                            "id": "PRB_11000.06"
                          },
                          {
                            "dataSource": "PDQ",
                            "id": "CDR0000686951"
                          },
                          {
                            "dataSource": "PSY",
                            "id": "23830"
                          },
                          {
                            "dataSource": "RCD",
                            "id": "XE0Ub"
                          },
                          {
                            "dataSource": "SNM",
                            "id": "F-70700"
                          },
                          {
                            "dataSource": "SNMI",
                            "id": "D3-02000"
                          },
                          {
                            "dataSource": "SNOMEDCT_US",
                            "id": "38341003"
                          },
                          {
                            "dataSource": "WHO",
                            "id": "0210"
                          }
                        ]
                      }
                    ],
                    "relations": [],
                    "warnings": [],
                    "fhirBundle": {
                      "resourceType": "Bundle",
                      "id": "5d989398-2c11-42d2-a869-ea075c17a57d",
                      "meta": {
                        "profile": [
                          "http://hl7.org/fhir/4.0.1/StructureDefinition/Bundle"
                        ]
                      },
                      "identifier": {
                        "system": "urn:ietf:rfc:3986",
                        "value": "urn:uuid:5d989398-2c11-42d2-a869-ea075c17a57d"
                      },
                      "type": "document",
                      "entry": [
                        {
                          "fullUrl": "Composition/df52f8af-fdd2-40a5-8e03-23904f41fd3d",
                          "resource": {
                            "resourceType": "Composition",
                            "id": "df52f8af-fdd2-40a5-8e03-23904f41fd3d",
                            "language": "en",
                            "status": "final",
                            "type": {
                              "coding": [
                                {
                                  "system": "http://loinc.org",
                                  "code": "18842-5",
                                  "display": "Discharge summary"
                                }
                              ],
                              "text": "Discharge summary"
                            },
                            "subject": {
                              "reference": "Patient/09bddd70-807d-43ee-b149-105bec9b4e5b",
                              "type": "Patient"
                            },
                            "encounter": {
                              "reference": "Encounter/7bd49e60-c3c6-4940-8df6-d92f0a15927a",
                              "type": "Encounter",
                              "display": "unknown"
                            },
                            "date": "0001-01-01T00:00:00\u002B00:00",
                            "author": [
                              {
                                "reference": "Practitioner/9aa845ea-1fa6-4b37-a41b-1725b2d8fe48",
                                "type": "Practitioner",
                                "display": "Unknown"
                              }
                            ],
                            "title": "Discharge summary",
                            "section": [
                              {
                                "title": "General",
                                "code": {
                                  "coding": [
                                    {
                                      "system": "",
                                      "display": "Unrecognized Section"
                                    }
                                  ],
                                  "text": "General"
                                },
                                "text": {
                                  "status": "additional",
                                  "div": "\u003Cdiv\u003E\r\n\t\t\t\t\t\t\t\u003Ch1\u003EGeneral\u003C/h1\u003E\r\n\t\t\t\t\t\t\t\u003Cp\u003EPatient does not suffer from high blood pressure.\u003C/p\u003E\r\n\t\t\t\t\t\u003C/div\u003E"
                                },
                                "entry": [
                                  {
                                    "reference": "List/df6f21e3-2bcc-4c2b-990f-9f956e9539c7",
                                    "type": "List",
                                    "display": "General"
                                  }
                                ]
                              }
                            ]
                          }
                        },
                        {
                          "fullUrl": "Practitioner/9aa845ea-1fa6-4b37-a41b-1725b2d8fe48",
                          "resource": {
                            "resourceType": "Practitioner",
                            "id": "9aa845ea-1fa6-4b37-a41b-1725b2d8fe48",
                            "name": [
                              {
                                "text": "Unknown",
                                "family": "Unknown"
                              }
                            ]
                          }
                        },
                        {
                          "fullUrl": "Patient/09bddd70-807d-43ee-b149-105bec9b4e5b",
                          "resource": {
                            "resourceType": "Patient",
                            "id": "09bddd70-807d-43ee-b149-105bec9b4e5b",
                            "gender": "unknown"
                          }
                        },
                        {
                          "fullUrl": "Encounter/7bd49e60-c3c6-4940-8df6-d92f0a15927a",
                          "resource": {
                            "resourceType": "Encounter",
                            "id": "7bd49e60-c3c6-4940-8df6-d92f0a15927a",
                            "meta": {
                              "profile": [
                                "http://hl7.org/fhir/us/core/StructureDefinition/us-core-encounter"
                              ]
                            },
                            "status": "finished",
                            "class": {
                              "system": "http://terminology.hl7.org/CodeSystem/v3-ActCode",
                              "display": "unknown"
                            },
                            "subject": {
                              "reference": "Patient/09bddd70-807d-43ee-b149-105bec9b4e5b",
                              "type": "Patient"
                            }
                          }
                        },
                        {
                          "fullUrl": "Observation/191f04d9-12f9-4bf0-8734-b62c42949f4a",
                          "resource": {
                            "resourceType": "Observation",
                            "id": "191f04d9-12f9-4bf0-8734-b62c42949f4a",
                            "language": "en",
                            "extension": [
                              {
                                "extension": [
                                  {
                                    "url": "offset",
                                    "valueInteger": 29
                                  },
                                  {
                                    "url": "length",
                                    "valueInteger": 19
                                  }
                                ],
                                "url": "http://hl7.org/fhir/StructureDefinition/derivation-reference"
                              }
                            ],
                            "status": "final",
                            "category": [
                              {
                                "coding": [
                                  {
                                    "system": "http://terminology.hl7.org/CodeSystem/observation-category",
                                    "code": "exam",
                                    "display": "Exam"
                                  }
                                ],
                                "text": "Exam"
                              }
                            ],
                            "code": {
                              "coding": [
                                {
                                  "system": "http://www.nlm.nih.gov/research/umls",
                                  "code": "C0020538",
                                  "display": "Hypertensive disease"
                                },
                                {
                                  "system": "http://www.nlm.nih.gov/research/umls/aod",
                                  "code": "0000023317"
                                },
                                {
                                  "system": "http://www.nlm.nih.gov/research/umls/bi",
                                  "code": "BI00001"
                                },
                                {
                                  "system": "http://www.nlm.nih.gov/research/umls/ccpss",
                                  "code": "1017493"
                                },
                                {
                                  "system": "http://www.nlm.nih.gov/research/umls/ccs",
                                  "code": "7.1"
                                },
                                {
                                  "system": "http://www.nlm.nih.gov/research/umls/chv",
                                  "code": "0000015800"
                                },
                                {
                                  "system": "http://www.nlm.nih.gov/research/umls/costar",
                                  "code": "397"
                                },
                                {
                                  "system": "http://www.nlm.nih.gov/research/umls/csp",
                                  "code": "0571-5243"
                                },
                                {
                                  "system": "http://www.nlm.nih.gov/research/umls/cst",
                                  "code": "HYPERTENS"
                                },
                                {
                                  "system": "http://www.nlm.nih.gov/research/umls/dxp",
                                  "code": "U002034"
                                },
                                {
                                  "system": "http://www.nlm.nih.gov/research/umls/hpo",
                                  "code": "HP:0000822"
                                },
                                {
                                  "system": "http://hl7.org/fhir/sid/icd-10",
                                  "code": "I10-I15.9"
                                },
                                {
                                  "system": "http://hl7.org/fhir/sid/icd-10-am",
                                  "code": "I10-I15.9"
                                },
                                {
                                  "system": "http://hl7.org/fhir/sid/icd-10-cm",
                                  "code": "I10"
                                },
                                {
                                  "system": "http://hl7.org/fhir/sid/icd-9-cm",
                                  "code": "997.91"
                                },
                                {
                                  "system": "http://hl7.org/fhir/sid/icpc2icd10eng",
                                  "code": "MTHU035456"
                                },
                                {
                                  "system": "http://hl7.org/fhir/sid/icpc-2p",
                                  "code": "K85004"
                                },
                                {
                                  "system": "http://www.nlm.nih.gov/research/umls/lch",
                                  "code": "U002317"
                                },
                                {
                                  "system": "http://www.nlm.nih.gov/research/umls/lch_nw",
                                  "code": "sh85063723"
                                },
                                {
                                  "system": "http://loinc.org",
                                  "code": "LA14293-7"
                                },
                                {
                                  "system": "http://www.nlm.nih.gov/research/umls/mdr",
                                  "code": "10020772"
                                },
                                {
                                  "system": "http://www.nlm.nih.gov/research/umls/medcin",
                                  "code": "33288"
                                },
                                {
                                  "system": "http://www.nlm.nih.gov/research/umls/medlineplus",
                                  "code": "34"
                                },
                                {
                                  "system": "http://www.nlm.nih.gov/research/umls/msh",
                                  "code": "D006973"
                                },
                                {
                                  "system": "http://www.nlm.nih.gov/research/umls/mth",
                                  "code": "005"
                                },
                                {
                                  "system": "http://www.nlm.nih.gov/research/umls/mthicd9",
                                  "code": "997.91"
                                },
                                {
                                  "system": "http://www.nlm.nih.gov/research/umls/nanda-i",
                                  "code": "00905"
                                },
                                {
                                  "system": "http://ncimeta.nci.nih.gov",
                                  "code": "C3117"
                                },
                                {
                                  "system": "http://www.nlm.nih.gov/research/umls/nci_cptac",
                                  "code": "C3117"
                                },
                                {
                                  "system": "http://www.nlm.nih.gov/research/umls/nci_ctcae",
                                  "code": "E13785"
                                },
                                {
                                  "system": "http://www.nlm.nih.gov/research/umls/nci_ctrp",
                                  "code": "C3117"
                                },
                                {
                                  "system": "http://www.nlm.nih.gov/research/umls/nci_fda",
                                  "code": "1908"
                                },
                                {
                                  "system": "http://www.nlm.nih.gov/research/umls/nci_gdc",
                                  "code": "C3117"
                                },
                                {
                                  "system": "http://www.nlm.nih.gov/research/umls/nci_nci-gloss",
                                  "code": "CDR0000458091"
                                },
                                {
                                  "system": "http://www.nlm.nih.gov/research/umls/nci_nichd",
                                  "code": "C3117"
                                },
                                {
                                  "system": "http://www.nlm.nih.gov/research/umls/nci_cadsr",
                                  "code": "C3117"
                                },
                                {
                                  "system": "http://www.nlm.nih.gov/research/umls/noc",
                                  "code": "060808"
                                },
                                {
                                  "system": "http://www.nlm.nih.gov/research/umls/omim",
                                  "code": "MTHU002068"
                                },
                                {
                                  "system": "http://www.nlm.nih.gov/research/umls/pcds",
                                  "code": "PRB_11000.06"
                                },
                                {
                                  "system": "http://www.nlm.nih.gov/research/umls/pdq",
                                  "code": "CDR0000686951"
                                },
                                {
                                  "system": "http://www.nlm.nih.gov/research/umls/psy",
                                  "code": "23830"
                                },
                                {
                                  "system": "http://www.nlm.nih.gov/research/umls/rcd",
                                  "code": "XE0Ub"
                                },
                                {
                                  "system": "http://www.nlm.nih.gov/research/umls/snm",
                                  "code": "F-70700"
                                },
                                {
                                  "system": "http://snomed.info/sct/900000000000207008",
                                  "code": "D3-02000"
                                },
                                {
                                  "system": "http://snomed.info/sct",
                                  "code": "38341003"
                                },
                                {
                                  "system": "http://www.nlm.nih.gov/research/umls/who",
                                  "code": "0210"
                                }
                              ],
                              "text": "high blood pressure"
                            },
                            "subject": {
                              "reference": "Patient/09bddd70-807d-43ee-b149-105bec9b4e5b",
                              "type": "Patient"
                            },
                            "encounter": {
                              "reference": "Encounter/7bd49e60-c3c6-4940-8df6-d92f0a15927a",
                              "type": "Encounter",
                              "display": "unknown"
                            },
                            "interpretation": [
                              {
                                "coding": [
                                  {
                                    "system": "http://terminology.hl7.org/CodeSystem/v3-ObservationInterpretation",
                                    "code": "NEG",
                                    "display": "Negative"
                                  }
                                ],
                                "text": "Negative"
                              }
                            ]
                          }
                        },
                        {
                          "fullUrl": "List/df6f21e3-2bcc-4c2b-990f-9f956e9539c7",
                          "resource": {
                            "resourceType": "List",
                            "id": "df6f21e3-2bcc-4c2b-990f-9f956e9539c7",
                            "status": "current",
                            "mode": "snapshot",
                            "title": "General",
                            "subject": {
                              "reference": "Patient/09bddd70-807d-43ee-b149-105bec9b4e5b",
                              "type": "Patient"
                            },
                            "encounter": {
                              "reference": "Encounter/7bd49e60-c3c6-4940-8df6-d92f0a15927a",
                              "type": "Encounter",
                              "display": "unknown"
                            },
                            "entry": [
                              {
                                "item": {
                                  "reference": "Observation/191f04d9-12f9-4bf0-8734-b62c42949f4a",
                                  "type": "Observation",
                                  "display": "high blood pressure"
                                }
                              }
                            ]
                          }
                        }
                      ]
                    }
                  }
                ],
                "errors": [],
                "modelVersion": "2022-03-01"
              }
            }
          ]
        }
      }
    },
    {
      "RequestUri": "https://endpoint/language/analyze-text/jobs/632d9a2c-b064-4355-a446-8f8cc38c29f8?api-version=2022-10-01-preview",
      "RequestMethod": "GET",
      "RequestHeaders": {
        "Accept": "application/json",
        "Accept-Encoding": "gzip,deflate",
        "Connection": "keep-alive",
        "Ocp-Apim-Subscription-Key": "api_key",
        "User-Agent": "azsdk-js-ai-language-text/1.1.0-beta.1 core-rest-pipeline/1.10.2 Node/v19.5.0 OS/(x64-Linux-5.4.0-1100-azure)",
        "x-ms-client-request-id": "34634268-22fe-476e-820d-0068c75416fb"
      },
      "RequestBody": null,
      "StatusCode": 200,
      "ResponseHeaders": {
        "apim-request-id": "dc59a765-0f12-4182-bc89-fc5fe1d4799a",
        "Content-Length": "26938",
        "Content-Type": "application/json; charset=utf-8",
        "Date": "Wed, 08 Feb 2023 17:09:36 GMT",
        "Strict-Transport-Security": "max-age=31536000; includeSubDomains; preload",
        "X-Content-Type-Options": "nosniff",
        "x-envoy-upstream-service-time": "98",
        "x-ms-region": "East US"
      },
      "ResponseBody": {
        "jobId": "632d9a2c-b064-4355-a446-8f8cc38c29f8",
        "lastUpdatedDateTime": "2023-02-08T17:09:37Z",
        "createdDateTime": "2023-02-08T17:09:30Z",
        "expirationDateTime": "2023-02-09T17:09:30Z",
        "status": "succeeded",
        "errors": [],
        "tasks": {
          "completed": 1,
          "failed": 0,
          "inProgress": 0,
          "total": 1,
          "items": [
            {
              "kind": "HealthcareLROResults",
              "lastUpdateDateTime": "2023-02-08T17:09:37.1710962Z",
              "status": "succeeded",
              "results": {
                "documents": [
                  {
                    "id": "0",
                    "entities": [
                      {
                        "offset": 17,
                        "length": 11,
                        "text": "54-year-old",
                        "category": "Age",
                        "confidenceScore": 1.0
                      },
                      {
                        "offset": 29,
                        "length": 9,
                        "text": "gentleman",
                        "category": "Gender",
                        "confidenceScore": 1.0,
                        "name": "Male population group",
                        "links": [
                          {
                            "dataSource": "UMLS",
                            "id": "C0025266"
                          },
                          {
                            "dataSource": "AOD",
                            "id": "0000026918"
                          },
                          {
                            "dataSource": "CHV",
                            "id": "0000007919"
                          },
                          {
                            "dataSource": "LCH",
                            "id": "U002897"
                          },
                          {
                            "dataSource": "LCH_NW",
                            "id": "sh85083510"
                          },
                          {
                            "dataSource": "MEDLINEPLUS",
                            "id": "24"
                          },
                          {
                            "dataSource": "MSH",
                            "id": "D008571"
                          },
                          {
                            "dataSource": "NCI",
                            "id": "C14366"
                          },
                          {
                            "dataSource": "PSY",
                            "id": "30625"
                          },
                          {
                            "dataSource": "SNOMEDCT_US",
                            "id": "339947000"
                          }
                        ]
                      },
                      {
                        "offset": 57,
                        "length": 11,
                        "text": "progressive",
                        "category": "Course",
                        "confidenceScore": 0.9
                      },
                      {
                        "offset": 69,
                        "length": 6,
                        "text": "angina",
                        "category": "SymptomOrSign",
                        "confidenceScore": 0.83,
                        "name": "Angina Pectoris",
                        "links": [
                          {
                            "dataSource": "UMLS",
                            "id": "C0002962"
                          },
                          {
                            "dataSource": "AOD",
                            "id": "0000005330"
                          },
                          {
                            "dataSource": "BI",
                            "id": "BI00047"
                          },
                          {
                            "dataSource": "CCPSS",
                            "id": "1017852"
                          },
                          {
                            "dataSource": "CCS",
                            "id": "7.2.4.1"
                          },
                          {
                            "dataSource": "CHV",
                            "id": "0000001165"
                          },
                          {
                            "dataSource": "COSTAR",
                            "id": "054"
                          },
                          {
                            "dataSource": "CSP",
                            "id": "1393-3407"
                          },
                          {
                            "dataSource": "CST",
                            "id": "ANGINA PECTORIS"
                          },
                          {
                            "dataSource": "DXP",
                            "id": "U000113"
                          },
                          {
                            "dataSource": "HPO",
                            "id": "HP:0001681"
                          },
                          {
                            "dataSource": "ICD10",
                            "id": "I20.9"
                          },
                          {
                            "dataSource": "ICD10AM",
                            "id": "I20.9"
                          },
                          {
                            "dataSource": "ICD10CM",
                            "id": "I20.9"
                          },
                          {
                            "dataSource": "ICD9CM",
                            "id": "413"
                          },
                          {
                            "dataSource": "ICPC",
                            "id": "K74"
                          },
                          {
                            "dataSource": "ICPC2EENG",
                            "id": "K74"
                          },
                          {
                            "dataSource": "ICPC2ICD10ENG",
                            "id": "MTHU006338"
                          },
                          {
                            "dataSource": "ICPC2P",
                            "id": "K74001"
                          },
                          {
                            "dataSource": "LCH",
                            "id": "U000244"
                          },
                          {
                            "dataSource": "LCH_NW",
                            "id": "sh85005022"
                          },
                          {
                            "dataSource": "LNC",
                            "id": "LA14275-4"
                          },
                          {
                            "dataSource": "MDR",
                            "id": "10002383"
                          },
                          {
                            "dataSource": "MEDCIN",
                            "id": "33215"
                          },
                          {
                            "dataSource": "MEDLINEPLUS",
                            "id": "142"
                          },
                          {
                            "dataSource": "MSH",
                            "id": "D000787"
                          },
                          {
                            "dataSource": "MTH",
                            "id": "053"
                          },
                          {
                            "dataSource": "MTHICD9",
                            "id": "413.9"
                          },
                          {
                            "dataSource": "MTHICPC2EAE",
                            "id": "K74"
                          },
                          {
                            "dataSource": "NCI",
                            "id": "C51221"
                          },
                          {
                            "dataSource": "NCI_CTCAE",
                            "id": "E10110"
                          },
                          {
                            "dataSource": "NCI_FDA",
                            "id": "1710"
                          },
                          {
                            "dataSource": "NCI_NICHD",
                            "id": "C51221"
                          },
                          {
                            "dataSource": "NOC",
                            "id": "040504"
                          },
                          {
                            "dataSource": "OMIM",
                            "id": "MTHU009903"
                          },
                          {
                            "dataSource": "OMS",
                            "id": "29.13"
                          },
                          {
                            "dataSource": "PCDS",
                            "id": "PRB_02040.07"
                          },
                          {
                            "dataSource": "PSY",
                            "id": "02530"
                          },
                          {
                            "dataSource": "QMR",
                            "id": "Q0300326"
                          },
                          {
                            "dataSource": "RCD",
                            "id": "G33.."
                          },
                          {
                            "dataSource": "RCDAE",
                            "id": "Ua1eH"
                          },
                          {
                            "dataSource": "SNM",
                            "id": "F-71500"
                          },
                          {
                            "dataSource": "SNMI",
                            "id": "D3-12000"
                          },
                          {
                            "dataSource": "SNOMEDCT_US",
                            "id": "194828000"
                          },
                          {
                            "dataSource": "WHO",
                            "id": "0422"
                          }
                        ]
                      },
                      {
                        "offset": 85,
                        "length": 19,
                        "text": "past several months",
                        "category": "Time",
                        "confidenceScore": 0.99
                      }
                    ],
                    "relations": [
                      {
                        "confidenceScore": 0.84,
                        "relationType": "CourseOfCondition",
                        "entities": [
                          {
                            "ref": "#/results/documents/0/entities/2",
                            "role": "Course"
                          },
                          {
                            "ref": "#/results/documents/0/entities/3",
                            "role": "Condition"
                          }
                        ]
                      },
                      {
                        "confidenceScore": 0.89,
                        "relationType": "TimeOfCondition",
                        "entities": [
                          {
                            "ref": "#/results/documents/0/entities/3",
                            "role": "Condition"
                          },
                          {
                            "ref": "#/results/documents/0/entities/4",
                            "role": "Time"
                          }
                        ]
                      }
                    ],
                    "warnings": [],
                    "fhirBundle": {
                      "resourceType": "Bundle",
                      "id": "e1188d2d-a67d-4814-8a5a-2d2dd23a6d61",
                      "meta": {
                        "profile": [
                          "http://hl7.org/fhir/4.0.1/StructureDefinition/Bundle"
                        ]
                      },
                      "identifier": {
                        "system": "urn:ietf:rfc:3986",
                        "value": "urn:uuid:e1188d2d-a67d-4814-8a5a-2d2dd23a6d61"
                      },
                      "type": "document",
                      "entry": [
                        {
                          "fullUrl": "Composition/72a69e58-95dc-47af-991a-d89febc7265f",
                          "resource": {
                            "resourceType": "Composition",
                            "id": "72a69e58-95dc-47af-991a-d89febc7265f",
                            "language": "en",
                            "status": "final",
                            "type": {
                              "coding": [
                                {
                                  "system": "http://loinc.org",
                                  "code": "18842-5",
                                  "display": "Discharge summary"
                                }
                              ],
                              "text": "Discharge summary"
                            },
                            "subject": {
                              "reference": "Patient/51d3775f-025e-422f-8e4a-ad1ca1e31b9d",
                              "type": "Patient"
                            },
                            "encounter": {
                              "reference": "Encounter/e5735c37-9c83-48bc-9c41-55601ce95c1f",
                              "type": "Encounter",
                              "display": "unknown"
                            },
                            "date": "0001-01-01T00:00:00\u002B00:00",
                            "author": [
                              {
                                "reference": "Practitioner/dac8bdd9-006d-4845-802b-d36f5b4990b8",
                                "type": "Practitioner",
                                "display": "Unknown"
                              }
                            ],
                            "title": "Discharge summary",
                            "section": [
                              {
                                "title": "General",
                                "code": {
                                  "coding": [
                                    {
                                      "system": "",
                                      "display": "Unrecognized Section"
                                    }
                                  ],
                                  "text": "General"
                                },
                                "text": {
                                  "status": "additional",
                                  "div": "\u003Cdiv\u003E\r\n\t\t\t\t\t\t\t\u003Ch1\u003EGeneral\u003C/h1\u003E\r\n\t\t\t\t\t\t\t\u003Cp\u003EThe patient is a 54-year-old gentleman with a history of progressive angina over the past several months.\u003C/p\u003E\r\n\t\t\t\t\t\u003C/div\u003E"
                                },
                                "entry": [
                                  {
                                    "reference": "List/c70236e0-0f22-4f85-98b5-9fb3a5141b9c",
                                    "type": "List",
                                    "display": "General"
                                  }
                                ]
                              }
                            ]
                          }
                        },
                        {
                          "fullUrl": "Practitioner/dac8bdd9-006d-4845-802b-d36f5b4990b8",
                          "resource": {
                            "resourceType": "Practitioner",
                            "id": "dac8bdd9-006d-4845-802b-d36f5b4990b8",
                            "name": [
                              {
                                "text": "Unknown",
                                "family": "Unknown"
                              }
                            ]
                          }
                        },
                        {
                          "fullUrl": "Patient/51d3775f-025e-422f-8e4a-ad1ca1e31b9d",
                          "resource": {
                            "resourceType": "Patient",
                            "id": "51d3775f-025e-422f-8e4a-ad1ca1e31b9d",
                            "gender": "male"
                          }
                        },
                        {
                          "fullUrl": "Encounter/e5735c37-9c83-48bc-9c41-55601ce95c1f",
                          "resource": {
                            "resourceType": "Encounter",
                            "id": "e5735c37-9c83-48bc-9c41-55601ce95c1f",
                            "meta": {
                              "profile": [
                                "http://hl7.org/fhir/us/core/StructureDefinition/us-core-encounter"
                              ]
                            },
                            "status": "finished",
                            "class": {
                              "system": "http://terminology.hl7.org/CodeSystem/v3-ActCode",
                              "display": "unknown"
                            },
                            "subject": {
                              "reference": "Patient/51d3775f-025e-422f-8e4a-ad1ca1e31b9d",
                              "type": "Patient"
                            }
                          }
                        },
                        {
                          "fullUrl": "Observation/7f714174-4733-4079-a5d1-8bec569af5aa",
                          "resource": {
                            "resourceType": "Observation",
                            "id": "7f714174-4733-4079-a5d1-8bec569af5aa",
                            "language": "en",
                            "extension": [
                              {
                                "extension": [
                                  {
                                    "url": "offset",
                                    "valueInteger": 69
                                  },
                                  {
                                    "url": "length",
                                    "valueInteger": 6
                                  }
                                ],
                                "url": "http://hl7.org/fhir/StructureDefinition/derivation-reference"
                              }
                            ],
                            "status": "final",
                            "category": [
                              {
                                "coding": [
                                  {
                                    "system": "http://terminology.hl7.org/CodeSystem/observation-category",
                                    "code": "exam",
                                    "display": "Exam"
                                  }
                                ],
                                "text": "Exam"
                              }
                            ],
                            "code": {
                              "coding": [
                                {
                                  "system": "http://www.nlm.nih.gov/research/umls",
                                  "code": "C0002962",
                                  "display": "Angina Pectoris"
                                },
                                {
                                  "system": "http://www.nlm.nih.gov/research/umls/aod",
                                  "code": "0000005330"
                                },
                                {
                                  "system": "http://www.nlm.nih.gov/research/umls/bi",
                                  "code": "BI00047"
                                },
                                {
                                  "system": "http://www.nlm.nih.gov/research/umls/ccpss",
                                  "code": "1017852"
                                },
                                {
                                  "system": "http://www.nlm.nih.gov/research/umls/ccs",
                                  "code": "7.2.4.1"
                                },
                                {
                                  "system": "http://www.nlm.nih.gov/research/umls/chv",
                                  "code": "0000001165"
                                },
                                {
                                  "system": "http://www.nlm.nih.gov/research/umls/costar",
                                  "code": "054"
                                },
                                {
                                  "system": "http://www.nlm.nih.gov/research/umls/csp",
                                  "code": "1393-3407"
                                },
                                {
                                  "system": "http://www.nlm.nih.gov/research/umls/cst",
                                  "code": "ANGINA PECTORIS"
                                },
                                {
                                  "system": "http://www.nlm.nih.gov/research/umls/dxp",
                                  "code": "U000113"
                                },
                                {
                                  "system": "http://www.nlm.nih.gov/research/umls/hpo",
                                  "code": "HP:0001681"
                                },
                                {
                                  "system": "http://hl7.org/fhir/sid/icd-10",
                                  "code": "I20.9"
                                },
                                {
                                  "system": "http://hl7.org/fhir/sid/icd-10-am",
                                  "code": "I20.9"
                                },
                                {
                                  "system": "http://hl7.org/fhir/sid/icd-10-cm",
                                  "code": "I20.9"
                                },
                                {
                                  "system": "http://hl7.org/fhir/sid/icd-9-cm",
                                  "code": "413"
                                },
                                {
                                  "system": "http://www.nlm.nih.gov/research/umls/icpc",
                                  "code": "K74"
                                },
                                {
                                  "system": "http://www.nlm.nih.gov/research/umls/icpc2eeng",
                                  "code": "K74"
                                },
                                {
                                  "system": "http://hl7.org/fhir/sid/icpc2icd10eng",
                                  "code": "MTHU006338"
                                },
                                {
                                  "system": "http://hl7.org/fhir/sid/icpc-2p",
                                  "code": "K74001"
                                },
                                {
                                  "system": "http://www.nlm.nih.gov/research/umls/lch",
                                  "code": "U000244"
                                },
                                {
                                  "system": "http://www.nlm.nih.gov/research/umls/lch_nw",
                                  "code": "sh85005022"
                                },
                                {
                                  "system": "http://loinc.org",
                                  "code": "LA14275-4"
                                },
                                {
                                  "system": "http://www.nlm.nih.gov/research/umls/mdr",
                                  "code": "10002383"
                                },
                                {
                                  "system": "http://www.nlm.nih.gov/research/umls/medcin",
                                  "code": "33215"
                                },
                                {
                                  "system": "http://www.nlm.nih.gov/research/umls/medlineplus",
                                  "code": "142"
                                },
                                {
                                  "system": "http://www.nlm.nih.gov/research/umls/msh",
                                  "code": "D000787"
                                },
                                {
                                  "system": "http://www.nlm.nih.gov/research/umls/mth",
                                  "code": "053"
                                },
                                {
                                  "system": "http://www.nlm.nih.gov/research/umls/mthicd9",
                                  "code": "413.9"
                                },
                                {
                                  "system": "http://hl7.org/fhir/sid/mthicpc2eae",
                                  "code": "K74"
                                },
                                {
                                  "system": "http://ncimeta.nci.nih.gov",
                                  "code": "C51221"
                                },
                                {
                                  "system": "http://www.nlm.nih.gov/research/umls/nci_ctcae",
                                  "code": "E10110"
                                },
                                {
                                  "system": "http://www.nlm.nih.gov/research/umls/nci_fda",
                                  "code": "1710"
                                },
                                {
                                  "system": "http://www.nlm.nih.gov/research/umls/nci_nichd",
                                  "code": "C51221"
                                },
                                {
                                  "system": "http://www.nlm.nih.gov/research/umls/noc",
                                  "code": "040504"
                                },
                                {
                                  "system": "http://www.nlm.nih.gov/research/umls/omim",
                                  "code": "MTHU009903"
                                },
                                {
                                  "system": "http://www.nlm.nih.gov/research/umls/oms",
                                  "code": "29.13"
                                },
                                {
                                  "system": "http://www.nlm.nih.gov/research/umls/pcds",
                                  "code": "PRB_02040.07"
                                },
                                {
                                  "system": "http://www.nlm.nih.gov/research/umls/psy",
                                  "code": "02530"
                                },
                                {
                                  "system": "http://www.nlm.nih.gov/research/umls/qmr",
                                  "code": "Q0300326"
                                },
                                {
                                  "system": "http://www.nlm.nih.gov/research/umls/rcd",
                                  "code": "G33.."
                                },
                                {
                                  "system": "http://www.nlm.nih.gov/research/umls/rcdae",
                                  "code": "Ua1eH"
                                },
                                {
                                  "system": "http://www.nlm.nih.gov/research/umls/snm",
                                  "code": "F-71500"
                                },
                                {
                                  "system": "http://snomed.info/sct/900000000000207008",
                                  "code": "D3-12000"
                                },
                                {
                                  "system": "http://snomed.info/sct",
                                  "code": "194828000"
                                },
                                {
                                  "system": "http://www.nlm.nih.gov/research/umls/who",
                                  "code": "0422"
                                }
                              ],
                              "text": "angina"
                            },
                            "subject": {
                              "reference": "Patient/51d3775f-025e-422f-8e4a-ad1ca1e31b9d",
                              "type": "Patient"
                            },
                            "encounter": {
                              "reference": "Encounter/e5735c37-9c83-48bc-9c41-55601ce95c1f",
                              "type": "Encounter",
                              "display": "unknown"
                            },
                            "effectiveTiming": {
                              "repeat": {
                                "duration": 1,
                                "durationUnit": "mo"
                              },
                              "code": {
                                "text": "past several months"
                              }
                            },
                            "interpretation": [
                              {
                                "extension": [
                                  {
                                    "extension": [
                                      {
                                        "url": "offset",
                                        "valueInteger": 57
                                      },
                                      {
                                        "url": "length",
                                        "valueInteger": 11
                                      }
                                    ],
                                    "url": "http://hl7.org/fhir/StructureDefinition/derivation-reference"
                                  }
                                ],
                                "text": "progressive"
                              },
                              {
                                "coding": [
                                  {
                                    "system": "http://terminology.hl7.org/CodeSystem/v3-ObservationInterpretation",
                                    "code": "POS",
                                    "display": "Positive"
                                  }
                                ],
                                "text": "Positive"
                              }
                            ]
                          }
                        },
                        {
                          "fullUrl": "List/c70236e0-0f22-4f85-98b5-9fb3a5141b9c",
                          "resource": {
                            "resourceType": "List",
                            "id": "c70236e0-0f22-4f85-98b5-9fb3a5141b9c",
                            "status": "current",
                            "mode": "snapshot",
                            "title": "General",
                            "subject": {
                              "reference": "Patient/51d3775f-025e-422f-8e4a-ad1ca1e31b9d",
                              "type": "Patient"
                            },
                            "encounter": {
                              "reference": "Encounter/e5735c37-9c83-48bc-9c41-55601ce95c1f",
                              "type": "Encounter",
                              "display": "unknown"
                            },
                            "entry": [
                              {
                                "item": {
                                  "reference": "Observation/7f714174-4733-4079-a5d1-8bec569af5aa",
                                  "type": "Observation",
                                  "display": "angina"
                                }
                              }
                            ]
                          }
                        }
                      ]
                    }
                  },
                  {
                    "id": "1",
                    "entities": [
                      {
                        "offset": 11,
                        "length": 5,
                        "text": "100mg",
                        "category": "Dosage",
                        "confidenceScore": 0.98
                      },
                      {
                        "offset": 17,
                        "length": 9,
                        "text": "ibuprofen",
                        "category": "MedicationName",
                        "confidenceScore": 1.0,
                        "name": "ibuprofen",
                        "links": [
                          {
                            "dataSource": "UMLS",
                            "id": "C0020740"
                          },
                          {
                            "dataSource": "AOD",
                            "id": "0000019879"
                          },
                          {
                            "dataSource": "ATC",
                            "id": "M01AE01"
                          },
                          {
                            "dataSource": "CCPSS",
                            "id": "0046165"
                          },
                          {
                            "dataSource": "CHV",
                            "id": "0000006519"
                          },
                          {
                            "dataSource": "CSP",
                            "id": "2270-2077"
                          },
                          {
                            "dataSource": "DRUGBANK",
                            "id": "DB01050"
                          },
                          {
                            "dataSource": "GS",
                            "id": "1611"
                          },
                          {
                            "dataSource": "LCH_NW",
                            "id": "sh97005926"
                          },
                          {
                            "dataSource": "LNC",
                            "id": "LP16165-0"
                          },
                          {
                            "dataSource": "MEDCIN",
                            "id": "40458"
                          },
                          {
                            "dataSource": "MMSL",
                            "id": "d00015"
                          },
                          {
                            "dataSource": "MSH",
                            "id": "D007052"
                          },
                          {
                            "dataSource": "MTHSPL",
                            "id": "WK2XYI10QM"
                          },
                          {
                            "dataSource": "NCI",
                            "id": "C561"
                          },
                          {
                            "dataSource": "NCI_CTRP",
                            "id": "C561"
                          },
                          {
                            "dataSource": "NCI_DCP",
                            "id": "00803"
                          },
                          {
                            "dataSource": "NCI_DTP",
                            "id": "NSC0256857"
                          },
                          {
                            "dataSource": "NCI_FDA",
                            "id": "WK2XYI10QM"
                          },
                          {
                            "dataSource": "NCI_NCI-GLOSS",
                            "id": "CDR0000613511"
                          },
                          {
                            "dataSource": "NDDF",
                            "id": "002377"
                          },
                          {
                            "dataSource": "PDQ",
                            "id": "CDR0000040475"
                          },
                          {
                            "dataSource": "RCD",
                            "id": "x02MO"
                          },
                          {
                            "dataSource": "RXNORM",
                            "id": "5640"
                          },
                          {
                            "dataSource": "SNM",
                            "id": "E-7772"
                          },
                          {
                            "dataSource": "SNMI",
                            "id": "C-603C0"
                          },
                          {
                            "dataSource": "SNOMEDCT_US",
                            "id": "387207008"
                          },
                          {
                            "dataSource": "USP",
                            "id": "m39860"
                          },
                          {
                            "dataSource": "USPMG",
                            "id": "MTHU000060"
                          },
                          {
                            "dataSource": "VANDF",
                            "id": "4017840"
                          }
                        ]
                      },
                      {
                        "offset": 34,
                        "length": 11,
                        "text": "twice daily",
                        "category": "Frequency",
                        "confidenceScore": 1.0
                      }
                    ],
                    "relations": [
                      {
                        "confidenceScore": 1.0,
                        "relationType": "DosageOfMedication",
                        "entities": [
                          {
                            "ref": "#/results/documents/1/entities/0",
                            "role": "Dosage"
                          },
                          {
                            "ref": "#/results/documents/1/entities/1",
                            "role": "Medication"
                          }
                        ]
                      },
                      {
                        "confidenceScore": 1.0,
                        "relationType": "FrequencyOfMedication",
                        "entities": [
                          {
                            "ref": "#/results/documents/1/entities/1",
                            "role": "Medication"
                          },
                          {
                            "ref": "#/results/documents/1/entities/2",
                            "role": "Frequency"
                          }
                        ]
                      }
                    ],
                    "warnings": [],
                    "fhirBundle": {
                      "resourceType": "Bundle",
                      "id": "6c5c469d-a5b7-45f5-8989-2b1572c600fa",
                      "meta": {
                        "profile": [
                          "http://hl7.org/fhir/4.0.1/StructureDefinition/Bundle"
                        ]
                      },
                      "identifier": {
                        "system": "urn:ietf:rfc:3986",
                        "value": "urn:uuid:6c5c469d-a5b7-45f5-8989-2b1572c600fa"
                      },
                      "type": "document",
                      "entry": [
                        {
                          "fullUrl": "Composition/5139d1f6-9221-4289-ad2f-4ad5c5bc5de0",
                          "resource": {
                            "resourceType": "Composition",
                            "id": "5139d1f6-9221-4289-ad2f-4ad5c5bc5de0",
                            "language": "en",
                            "status": "final",
                            "type": {
                              "coding": [
                                {
                                  "system": "http://loinc.org",
                                  "code": "18842-5",
                                  "display": "Discharge summary"
                                }
                              ],
                              "text": "Discharge summary"
                            },
                            "subject": {
                              "reference": "Patient/5d4f93e8-0477-48bf-9a83-7b43bea6e949",
                              "type": "Patient"
                            },
                            "encounter": {
                              "reference": "Encounter/84230839-2e64-46e7-b93c-986df45fec27",
                              "type": "Encounter",
                              "display": "unknown"
                            },
                            "date": "0001-01-01T00:00:00\u002B00:00",
                            "author": [
                              {
                                "reference": "Practitioner/7f774487-a517-4c93-99a0-c34e86abdaba",
                                "type": "Practitioner",
                                "display": "Unknown"
                              }
                            ],
                            "title": "Discharge summary",
                            "section": [
                              {
                                "title": "General",
                                "code": {
                                  "coding": [
                                    {
                                      "system": "",
                                      "display": "Unrecognized Section"
                                    }
                                  ],
                                  "text": "General"
                                },
                                "text": {
                                  "status": "additional",
                                  "div": "\u003Cdiv\u003E\r\n\t\t\t\t\t\t\t\u003Ch1\u003EGeneral\u003C/h1\u003E\r\n\t\t\t\t\t\t\t\u003Cp\u003EPrescribed 100mg ibuprofen, taken twice daily.\u003C/p\u003E\r\n\t\t\t\t\t\u003C/div\u003E"
                                },
                                "entry": [
                                  {
                                    "reference": "List/a06e64ab-266d-4f9b-9fdf-c3a71e17eed9",
                                    "type": "List",
                                    "display": "General"
                                  }
                                ]
                              }
                            ]
                          }
                        },
                        {
                          "fullUrl": "Practitioner/7f774487-a517-4c93-99a0-c34e86abdaba",
                          "resource": {
                            "resourceType": "Practitioner",
                            "id": "7f774487-a517-4c93-99a0-c34e86abdaba",
                            "name": [
                              {
                                "text": "Unknown",
                                "family": "Unknown"
                              }
                            ]
                          }
                        },
                        {
                          "fullUrl": "Patient/5d4f93e8-0477-48bf-9a83-7b43bea6e949",
                          "resource": {
                            "resourceType": "Patient",
                            "id": "5d4f93e8-0477-48bf-9a83-7b43bea6e949",
                            "gender": "unknown"
                          }
                        },
                        {
                          "fullUrl": "Encounter/84230839-2e64-46e7-b93c-986df45fec27",
                          "resource": {
                            "resourceType": "Encounter",
                            "id": "84230839-2e64-46e7-b93c-986df45fec27",
                            "meta": {
                              "profile": [
                                "http://hl7.org/fhir/us/core/StructureDefinition/us-core-encounter"
                              ]
                            },
                            "status": "finished",
                            "class": {
                              "system": "http://terminology.hl7.org/CodeSystem/v3-ActCode",
                              "display": "unknown"
                            },
                            "subject": {
                              "reference": "Patient/5d4f93e8-0477-48bf-9a83-7b43bea6e949",
                              "type": "Patient"
                            }
                          }
                        },
                        {
                          "fullUrl": "MedicationStatement/e1e022dd-9cd8-4359-b5c0-c38739374aef",
                          "resource": {
                            "resourceType": "MedicationStatement",
                            "id": "e1e022dd-9cd8-4359-b5c0-c38739374aef",
                            "language": "en",
                            "extension": [
                              {
                                "extension": [
                                  {
                                    "url": "offset",
                                    "valueInteger": 17
                                  },
                                  {
                                    "url": "length",
                                    "valueInteger": 9
                                  }
                                ],
                                "url": "http://hl7.org/fhir/StructureDefinition/derivation-reference"
                              }
                            ],
                            "status": "active",
                            "medicationCodeableConcept": {
                              "coding": [
                                {
                                  "system": "http://www.nlm.nih.gov/research/umls",
                                  "code": "C0020740",
                                  "display": "ibuprofen"
                                },
                                {
                                  "system": "http://www.nlm.nih.gov/research/umls/aod",
                                  "code": "0000019879"
                                },
                                {
                                  "system": "http://www.whocc.no/atc",
                                  "code": "M01AE01"
                                },
                                {
                                  "system": "http://www.nlm.nih.gov/research/umls/ccpss",
                                  "code": "0046165"
                                },
                                {
                                  "system": "http://www.nlm.nih.gov/research/umls/chv",
                                  "code": "0000006519"
                                },
                                {
                                  "system": "http://www.nlm.nih.gov/research/umls/csp",
                                  "code": "2270-2077"
                                },
                                {
                                  "system": "http://www.nlm.nih.gov/research/umls/drugbank",
                                  "code": "DB01050"
                                },
                                {
                                  "system": "http://www.nlm.nih.gov/research/umls/gs",
                                  "code": "1611"
                                },
                                {
                                  "system": "http://www.nlm.nih.gov/research/umls/lch_nw",
                                  "code": "sh97005926"
                                },
                                {
                                  "system": "http://loinc.org",
                                  "code": "LP16165-0"
                                },
                                {
                                  "system": "http://www.nlm.nih.gov/research/umls/medcin",
                                  "code": "40458"
                                },
                                {
                                  "system": "http://www.nlm.nih.gov/research/umls/mmsl",
                                  "code": "d00015"
                                },
                                {
                                  "system": "http://www.nlm.nih.gov/research/umls/msh",
                                  "code": "D007052"
                                },
                                {
                                  "system": "http://www.nlm.nih.gov/research/umls/mthspl",
                                  "code": "WK2XYI10QM"
                                },
                                {
                                  "system": "http://ncimeta.nci.nih.gov",
                                  "code": "C561"
                                },
                                {
                                  "system": "http://www.nlm.nih.gov/research/umls/nci_ctrp",
                                  "code": "C561"
                                },
                                {
                                  "system": "http://www.nlm.nih.gov/research/umls/nci_dcp",
                                  "code": "00803"
                                },
                                {
                                  "system": "http://www.nlm.nih.gov/research/umls/nci_dtp",
                                  "code": "NSC0256857"
                                },
                                {
                                  "system": "http://www.nlm.nih.gov/research/umls/nci_fda",
                                  "code": "WK2XYI10QM"
                                },
                                {
                                  "system": "http://www.nlm.nih.gov/research/umls/nci_nci-gloss",
                                  "code": "CDR0000613511"
                                },
                                {
                                  "system": "http://www.nlm.nih.gov/research/umls/nddf",
                                  "code": "002377"
                                },
                                {
                                  "system": "http://www.nlm.nih.gov/research/umls/pdq",
                                  "code": "CDR0000040475"
                                },
                                {
                                  "system": "http://www.nlm.nih.gov/research/umls/rcd",
                                  "code": "x02MO"
                                },
                                {
                                  "system": "http://www.nlm.nih.gov/research/umls/rxnorm",
                                  "code": "5640"
                                },
                                {
                                  "system": "http://www.nlm.nih.gov/research/umls/snm",
                                  "code": "E-7772"
                                },
                                {
                                  "system": "http://snomed.info/sct/900000000000207008",
                                  "code": "C-603C0"
                                },
                                {
                                  "system": "http://snomed.info/sct",
                                  "code": "387207008"
                                },
                                {
                                  "system": "http://www.nlm.nih.gov/research/umls/usp",
                                  "code": "m39860"
                                },
                                {
                                  "system": "http://www.nlm.nih.gov/research/umls/uspmg",
                                  "code": "MTHU000060"
                                },
                                {
                                  "system": "http://hl7.org/fhir/ndfrt",
                                  "code": "4017840"
                                }
                              ],
                              "text": "ibuprofen"
                            },
                            "subject": {
                              "reference": "Patient/5d4f93e8-0477-48bf-9a83-7b43bea6e949",
                              "type": "Patient"
                            },
                            "context": {
                              "reference": "Encounter/84230839-2e64-46e7-b93c-986df45fec27",
                              "type": "Encounter",
                              "display": "unknown"
                            },
                            "dosage": [
                              {
                                "text": "100mg",
                                "timing": {
                                  "repeat": {
                                    "frequency": 2,
                                    "period": 1,
                                    "periodUnit": "d"
                                  },
                                  "code": {
                                    "text": "twice daily"
                                  }
                                },
                                "doseAndRate": [
                                  {
                                    "doseQuantity": {
                                      "value": 100
                                    }
                                  }
                                ]
                              }
                            ]
                          }
                        },
                        {
                          "fullUrl": "List/a06e64ab-266d-4f9b-9fdf-c3a71e17eed9",
                          "resource": {
                            "resourceType": "List",
                            "id": "a06e64ab-266d-4f9b-9fdf-c3a71e17eed9",
                            "status": "current",
                            "mode": "snapshot",
                            "title": "General",
                            "subject": {
                              "reference": "Patient/5d4f93e8-0477-48bf-9a83-7b43bea6e949",
                              "type": "Patient"
                            },
                            "encounter": {
                              "reference": "Encounter/84230839-2e64-46e7-b93c-986df45fec27",
                              "type": "Encounter",
                              "display": "unknown"
                            },
                            "entry": [
                              {
                                "item": {
                                  "reference": "MedicationStatement/e1e022dd-9cd8-4359-b5c0-c38739374aef",
                                  "type": "MedicationStatement",
                                  "display": "ibuprofen"
                                }
                              }
                            ]
                          }
                        }
                      ]
                    }
                  },
                  {
                    "id": "2",
                    "entities": [
                      {
                        "offset": 29,
                        "length": 19,
                        "text": "high blood pressure",
                        "category": "SymptomOrSign",
                        "confidenceScore": 1.0,
                        "assertion": {
                          "certainty": "negative"
                        },
                        "name": "Hypertensive disease",
                        "links": [
                          {
                            "dataSource": "UMLS",
                            "id": "C0020538"
                          },
                          {
                            "dataSource": "AOD",
                            "id": "0000023317"
                          },
                          {
                            "dataSource": "BI",
                            "id": "BI00001"
                          },
                          {
                            "dataSource": "CCPSS",
                            "id": "1017493"
                          },
                          {
                            "dataSource": "CCS",
                            "id": "7.1"
                          },
                          {
                            "dataSource": "CHV",
                            "id": "0000015800"
                          },
                          {
                            "dataSource": "COSTAR",
                            "id": "397"
                          },
                          {
                            "dataSource": "CSP",
                            "id": "0571-5243"
                          },
                          {
                            "dataSource": "CST",
                            "id": "HYPERTENS"
                          },
                          {
                            "dataSource": "DXP",
                            "id": "U002034"
                          },
                          {
                            "dataSource": "HPO",
                            "id": "HP:0000822"
                          },
                          {
                            "dataSource": "ICD10",
                            "id": "I10-I15.9"
                          },
                          {
                            "dataSource": "ICD10AM",
                            "id": "I10-I15.9"
                          },
                          {
                            "dataSource": "ICD10CM",
                            "id": "I10"
                          },
                          {
                            "dataSource": "ICD9CM",
                            "id": "997.91"
                          },
                          {
                            "dataSource": "ICPC2ICD10ENG",
                            "id": "MTHU035456"
                          },
                          {
                            "dataSource": "ICPC2P",
                            "id": "K85004"
                          },
                          {
                            "dataSource": "LCH",
                            "id": "U002317"
                          },
                          {
                            "dataSource": "LCH_NW",
                            "id": "sh85063723"
                          },
                          {
                            "dataSource": "LNC",
                            "id": "LA14293-7"
                          },
                          {
                            "dataSource": "MDR",
                            "id": "10020772"
                          },
                          {
                            "dataSource": "MEDCIN",
                            "id": "33288"
                          },
                          {
                            "dataSource": "MEDLINEPLUS",
                            "id": "34"
                          },
                          {
                            "dataSource": "MSH",
                            "id": "D006973"
                          },
                          {
                            "dataSource": "MTH",
                            "id": "005"
                          },
                          {
                            "dataSource": "MTHICD9",
                            "id": "997.91"
                          },
                          {
                            "dataSource": "NANDA-I",
                            "id": "00905"
                          },
                          {
                            "dataSource": "NCI",
                            "id": "C3117"
                          },
                          {
                            "dataSource": "NCI_CPTAC",
                            "id": "C3117"
                          },
                          {
                            "dataSource": "NCI_CTCAE",
                            "id": "E13785"
                          },
                          {
                            "dataSource": "NCI_CTRP",
                            "id": "C3117"
                          },
                          {
                            "dataSource": "NCI_FDA",
                            "id": "1908"
                          },
                          {
                            "dataSource": "NCI_GDC",
                            "id": "C3117"
                          },
                          {
                            "dataSource": "NCI_NCI-GLOSS",
                            "id": "CDR0000458091"
                          },
                          {
                            "dataSource": "NCI_NICHD",
                            "id": "C3117"
                          },
                          {
                            "dataSource": "NCI_caDSR",
                            "id": "C3117"
                          },
                          {
                            "dataSource": "NOC",
                            "id": "060808"
                          },
                          {
                            "dataSource": "OMIM",
                            "id": "MTHU002068"
                          },
                          {
                            "dataSource": "PCDS",
                            "id": "PRB_11000.06"
                          },
                          {
                            "dataSource": "PDQ",
                            "id": "CDR0000686951"
                          },
                          {
                            "dataSource": "PSY",
                            "id": "23830"
                          },
                          {
                            "dataSource": "RCD",
                            "id": "XE0Ub"
                          },
                          {
                            "dataSource": "SNM",
                            "id": "F-70700"
                          },
                          {
                            "dataSource": "SNMI",
                            "id": "D3-02000"
                          },
                          {
                            "dataSource": "SNOMEDCT_US",
                            "id": "38341003"
                          },
                          {
                            "dataSource": "WHO",
                            "id": "0210"
                          }
                        ]
                      }
                    ],
                    "relations": [],
                    "warnings": [],
                    "fhirBundle": {
                      "resourceType": "Bundle",
                      "id": "5d989398-2c11-42d2-a869-ea075c17a57d",
                      "meta": {
                        "profile": [
                          "http://hl7.org/fhir/4.0.1/StructureDefinition/Bundle"
                        ]
                      },
                      "identifier": {
                        "system": "urn:ietf:rfc:3986",
                        "value": "urn:uuid:5d989398-2c11-42d2-a869-ea075c17a57d"
                      },
                      "type": "document",
                      "entry": [
                        {
                          "fullUrl": "Composition/df52f8af-fdd2-40a5-8e03-23904f41fd3d",
                          "resource": {
                            "resourceType": "Composition",
                            "id": "df52f8af-fdd2-40a5-8e03-23904f41fd3d",
                            "language": "en",
                            "status": "final",
                            "type": {
                              "coding": [
                                {
                                  "system": "http://loinc.org",
                                  "code": "18842-5",
                                  "display": "Discharge summary"
                                }
                              ],
                              "text": "Discharge summary"
                            },
                            "subject": {
                              "reference": "Patient/09bddd70-807d-43ee-b149-105bec9b4e5b",
                              "type": "Patient"
                            },
                            "encounter": {
                              "reference": "Encounter/7bd49e60-c3c6-4940-8df6-d92f0a15927a",
                              "type": "Encounter",
                              "display": "unknown"
                            },
                            "date": "0001-01-01T00:00:00\u002B00:00",
                            "author": [
                              {
                                "reference": "Practitioner/9aa845ea-1fa6-4b37-a41b-1725b2d8fe48",
                                "type": "Practitioner",
                                "display": "Unknown"
                              }
                            ],
                            "title": "Discharge summary",
                            "section": [
                              {
                                "title": "General",
                                "code": {
                                  "coding": [
                                    {
                                      "system": "",
                                      "display": "Unrecognized Section"
                                    }
                                  ],
                                  "text": "General"
                                },
                                "text": {
                                  "status": "additional",
                                  "div": "\u003Cdiv\u003E\r\n\t\t\t\t\t\t\t\u003Ch1\u003EGeneral\u003C/h1\u003E\r\n\t\t\t\t\t\t\t\u003Cp\u003EPatient does not suffer from high blood pressure.\u003C/p\u003E\r\n\t\t\t\t\t\u003C/div\u003E"
                                },
                                "entry": [
                                  {
                                    "reference": "List/df6f21e3-2bcc-4c2b-990f-9f956e9539c7",
                                    "type": "List",
                                    "display": "General"
                                  }
                                ]
                              }
                            ]
                          }
                        },
                        {
                          "fullUrl": "Practitioner/9aa845ea-1fa6-4b37-a41b-1725b2d8fe48",
                          "resource": {
                            "resourceType": "Practitioner",
                            "id": "9aa845ea-1fa6-4b37-a41b-1725b2d8fe48",
                            "name": [
                              {
                                "text": "Unknown",
                                "family": "Unknown"
                              }
                            ]
                          }
                        },
                        {
                          "fullUrl": "Patient/09bddd70-807d-43ee-b149-105bec9b4e5b",
                          "resource": {
                            "resourceType": "Patient",
                            "id": "09bddd70-807d-43ee-b149-105bec9b4e5b",
                            "gender": "unknown"
                          }
                        },
                        {
                          "fullUrl": "Encounter/7bd49e60-c3c6-4940-8df6-d92f0a15927a",
                          "resource": {
                            "resourceType": "Encounter",
                            "id": "7bd49e60-c3c6-4940-8df6-d92f0a15927a",
                            "meta": {
                              "profile": [
                                "http://hl7.org/fhir/us/core/StructureDefinition/us-core-encounter"
                              ]
                            },
                            "status": "finished",
                            "class": {
                              "system": "http://terminology.hl7.org/CodeSystem/v3-ActCode",
                              "display": "unknown"
                            },
                            "subject": {
                              "reference": "Patient/09bddd70-807d-43ee-b149-105bec9b4e5b",
                              "type": "Patient"
                            }
                          }
                        },
                        {
                          "fullUrl": "Observation/191f04d9-12f9-4bf0-8734-b62c42949f4a",
                          "resource": {
                            "resourceType": "Observation",
                            "id": "191f04d9-12f9-4bf0-8734-b62c42949f4a",
                            "language": "en",
                            "extension": [
                              {
                                "extension": [
                                  {
                                    "url": "offset",
                                    "valueInteger": 29
                                  },
                                  {
                                    "url": "length",
                                    "valueInteger": 19
                                  }
                                ],
                                "url": "http://hl7.org/fhir/StructureDefinition/derivation-reference"
                              }
                            ],
                            "status": "final",
                            "category": [
                              {
                                "coding": [
                                  {
                                    "system": "http://terminology.hl7.org/CodeSystem/observation-category",
                                    "code": "exam",
                                    "display": "Exam"
                                  }
                                ],
                                "text": "Exam"
                              }
                            ],
                            "code": {
                              "coding": [
                                {
                                  "system": "http://www.nlm.nih.gov/research/umls",
                                  "code": "C0020538",
                                  "display": "Hypertensive disease"
                                },
                                {
                                  "system": "http://www.nlm.nih.gov/research/umls/aod",
                                  "code": "0000023317"
                                },
                                {
                                  "system": "http://www.nlm.nih.gov/research/umls/bi",
                                  "code": "BI00001"
                                },
                                {
                                  "system": "http://www.nlm.nih.gov/research/umls/ccpss",
                                  "code": "1017493"
                                },
                                {
                                  "system": "http://www.nlm.nih.gov/research/umls/ccs",
                                  "code": "7.1"
                                },
                                {
                                  "system": "http://www.nlm.nih.gov/research/umls/chv",
                                  "code": "0000015800"
                                },
                                {
                                  "system": "http://www.nlm.nih.gov/research/umls/costar",
                                  "code": "397"
                                },
                                {
                                  "system": "http://www.nlm.nih.gov/research/umls/csp",
                                  "code": "0571-5243"
                                },
                                {
                                  "system": "http://www.nlm.nih.gov/research/umls/cst",
                                  "code": "HYPERTENS"
                                },
                                {
                                  "system": "http://www.nlm.nih.gov/research/umls/dxp",
                                  "code": "U002034"
                                },
                                {
                                  "system": "http://www.nlm.nih.gov/research/umls/hpo",
                                  "code": "HP:0000822"
                                },
                                {
                                  "system": "http://hl7.org/fhir/sid/icd-10",
                                  "code": "I10-I15.9"
                                },
                                {
                                  "system": "http://hl7.org/fhir/sid/icd-10-am",
                                  "code": "I10-I15.9"
                                },
                                {
                                  "system": "http://hl7.org/fhir/sid/icd-10-cm",
                                  "code": "I10"
                                },
                                {
                                  "system": "http://hl7.org/fhir/sid/icd-9-cm",
                                  "code": "997.91"
                                },
                                {
                                  "system": "http://hl7.org/fhir/sid/icpc2icd10eng",
                                  "code": "MTHU035456"
                                },
                                {
                                  "system": "http://hl7.org/fhir/sid/icpc-2p",
                                  "code": "K85004"
                                },
                                {
                                  "system": "http://www.nlm.nih.gov/research/umls/lch",
                                  "code": "U002317"
                                },
                                {
                                  "system": "http://www.nlm.nih.gov/research/umls/lch_nw",
                                  "code": "sh85063723"
                                },
                                {
                                  "system": "http://loinc.org",
                                  "code": "LA14293-7"
                                },
                                {
                                  "system": "http://www.nlm.nih.gov/research/umls/mdr",
                                  "code": "10020772"
                                },
                                {
                                  "system": "http://www.nlm.nih.gov/research/umls/medcin",
                                  "code": "33288"
                                },
                                {
                                  "system": "http://www.nlm.nih.gov/research/umls/medlineplus",
                                  "code": "34"
                                },
                                {
                                  "system": "http://www.nlm.nih.gov/research/umls/msh",
                                  "code": "D006973"
                                },
                                {
                                  "system": "http://www.nlm.nih.gov/research/umls/mth",
                                  "code": "005"
                                },
                                {
                                  "system": "http://www.nlm.nih.gov/research/umls/mthicd9",
                                  "code": "997.91"
                                },
                                {
                                  "system": "http://www.nlm.nih.gov/research/umls/nanda-i",
                                  "code": "00905"
                                },
                                {
                                  "system": "http://ncimeta.nci.nih.gov",
                                  "code": "C3117"
                                },
                                {
                                  "system": "http://www.nlm.nih.gov/research/umls/nci_cptac",
                                  "code": "C3117"
                                },
                                {
                                  "system": "http://www.nlm.nih.gov/research/umls/nci_ctcae",
                                  "code": "E13785"
                                },
                                {
                                  "system": "http://www.nlm.nih.gov/research/umls/nci_ctrp",
                                  "code": "C3117"
                                },
                                {
                                  "system": "http://www.nlm.nih.gov/research/umls/nci_fda",
                                  "code": "1908"
                                },
                                {
                                  "system": "http://www.nlm.nih.gov/research/umls/nci_gdc",
                                  "code": "C3117"
                                },
                                {
                                  "system": "http://www.nlm.nih.gov/research/umls/nci_nci-gloss",
                                  "code": "CDR0000458091"
                                },
                                {
                                  "system": "http://www.nlm.nih.gov/research/umls/nci_nichd",
                                  "code": "C3117"
                                },
                                {
                                  "system": "http://www.nlm.nih.gov/research/umls/nci_cadsr",
                                  "code": "C3117"
                                },
                                {
                                  "system": "http://www.nlm.nih.gov/research/umls/noc",
                                  "code": "060808"
                                },
                                {
                                  "system": "http://www.nlm.nih.gov/research/umls/omim",
                                  "code": "MTHU002068"
                                },
                                {
                                  "system": "http://www.nlm.nih.gov/research/umls/pcds",
                                  "code": "PRB_11000.06"
                                },
                                {
                                  "system": "http://www.nlm.nih.gov/research/umls/pdq",
                                  "code": "CDR0000686951"
                                },
                                {
                                  "system": "http://www.nlm.nih.gov/research/umls/psy",
                                  "code": "23830"
                                },
                                {
                                  "system": "http://www.nlm.nih.gov/research/umls/rcd",
                                  "code": "XE0Ub"
                                },
                                {
                                  "system": "http://www.nlm.nih.gov/research/umls/snm",
                                  "code": "F-70700"
                                },
                                {
                                  "system": "http://snomed.info/sct/900000000000207008",
                                  "code": "D3-02000"
                                },
                                {
                                  "system": "http://snomed.info/sct",
                                  "code": "38341003"
                                },
                                {
                                  "system": "http://www.nlm.nih.gov/research/umls/who",
                                  "code": "0210"
                                }
                              ],
                              "text": "high blood pressure"
                            },
                            "subject": {
                              "reference": "Patient/09bddd70-807d-43ee-b149-105bec9b4e5b",
                              "type": "Patient"
                            },
                            "encounter": {
                              "reference": "Encounter/7bd49e60-c3c6-4940-8df6-d92f0a15927a",
                              "type": "Encounter",
                              "display": "unknown"
                            },
                            "interpretation": [
                              {
                                "coding": [
                                  {
                                    "system": "http://terminology.hl7.org/CodeSystem/v3-ObservationInterpretation",
                                    "code": "NEG",
                                    "display": "Negative"
                                  }
                                ],
                                "text": "Negative"
                              }
                            ]
                          }
                        },
                        {
                          "fullUrl": "List/df6f21e3-2bcc-4c2b-990f-9f956e9539c7",
                          "resource": {
                            "resourceType": "List",
                            "id": "df6f21e3-2bcc-4c2b-990f-9f956e9539c7",
                            "status": "current",
                            "mode": "snapshot",
                            "title": "General",
                            "subject": {
                              "reference": "Patient/09bddd70-807d-43ee-b149-105bec9b4e5b",
                              "type": "Patient"
                            },
                            "encounter": {
                              "reference": "Encounter/7bd49e60-c3c6-4940-8df6-d92f0a15927a",
                              "type": "Encounter",
                              "display": "unknown"
                            },
                            "entry": [
                              {
                                "item": {
                                  "reference": "Observation/191f04d9-12f9-4bf0-8734-b62c42949f4a",
                                  "type": "Observation",
                                  "display": "high blood pressure"
                                }
                              }
                            ]
                          }
                        }
                      ]
                    }
                  }
                ],
                "errors": [],
                "modelVersion": "2022-03-01"
              }
            }
          ]
        }
      }
    }
  ],
  "Variables": {}
}
