{
  "Entries": [
    {
      "RequestUri": "https://thisurl-logsingestion-somethinglocation123abcrd.monitor.azure.com/dataCollectionRules/immutable-id-123/streams/Custom-MyTableRawData?api-version=2021-11-01-preview",
      "RequestMethod": "POST",
      "RequestHeaders": {
        "Accept": "application/json",
        "Accept-Encoding": "gzip, deflate, br",
        "Accept-Language": "en-US",
        "Authorization": "Sanitized",
        "Connection": "keep-alive",
        "Content-Encoding": "gzip",
        "Content-Length": "5582",
        "Content-Type": "application/json",
        "Referer": "http://localhost:9876/",
        "sec-ch-ua": "",
        "sec-ch-ua-mobile": "?0",
        "sec-ch-ua-platform": "",
        "Sec-Fetch-Dest": "empty",
        "Sec-Fetch-Mode": "cors",
        "Sec-Fetch-Site": "same-site",
        "User-Agent": "Mozilla/5.0 (X11; Linux x86_64) AppleWebKit/537.36 (KHTML, like Gecko) HeadlessChrome/103.0.5058.0 Safari/537.36",
        "x-ms-client-request-id": "f655fcb1-0ebc-42f7-b833-6a0594f666ed",
        "x-ms-useragent": "azsdk-js-monitor-ingestion/1.0.0-beta.2 core-rest-pipeline/1.9.2 OS/Linuxx86_64"
      },
      "RequestBody": [
        "\u001F\uFFFD\b\u0000\u0000\u0000\u0000\u0000\u0000\u0003\uFFFD\u0331\n",
        "\uFFFDP\u0000\uFFFD\uFFFDW\uFFFD;k\\nb\uFFFD\u0016\uFFFD\uFFFDS\uFFFD )!\uFFFD\u000E9\u0004\u047B\uFFFD\u0010=A\u3DDE\uFFFD\uD835\uDFA1\u001DoChB\uFFFD)\u0015\uFFFD*\u04B6\uFFFDe\u0013\uB9AC6\uFFFD\uFFFD\u003E\uFFFD\u003C\uFFFD\uFFFD~\\\uFFFDe\uFFFD\uFFFD2\uFFFD\uFFFDc\uFFFD\u073B\u07D6M\uFFFD\uFFFD\uFFFD]\uFFFD\uFFFD\u0013\uFFFDD\u0022\uFFFDH$\u0012\uFFFDD\u0022\uFFFDH$\u0012\uFFFDD\u0022\uFFFDH$\u0012\uFFFDD\u0022\uFFFDH$\u0012\uFFFDD\u0022\uFFFDH$\u0012\uFFFDD\u0022\uFFFDH$\u0012\uFFFDD\u0022\uFFFDH$\u0012\uFFFDD\u0022\uFFFDH$\u0012\uFFFDD\u0022\uFFFDH$\u0012\uFFFDD\u0022\uFFFDH$\u0012\uFFFDD\u0022\uFFFDH$\u0012\uFFFDD\u0022\uFFFDH$\u0012\uFFFDD\u0022\uFFFDH$\u0012\uFFFDD\u0022\uFFFDH$\u0012\uFFFDD\u0022\uFFFDH$\u0012\uFFFDD\u0022\uFFFDH$\u0012\uFFFDD\u0022\uFFFDH$\u0012\uFFFDD\u0022\uFFFDH$\u0012\uFFFDD\u0022\uFFFDH$\u0012\uFFFDD\u0022\uFFFDH$\u0012\uFFFDD\u0022\uFFFDH$\u0012\uFFFDD\u0022\uFFFDH$\u0012\uFFFDD\u0022\uFFFDH$\u0012\uFFFDD\u0022\uFFFDH$\u0012\uFFFDD\u0022\uFFFDH$\u0012\uFFFDD\u0022\uFFFDH$\u0012\uFFFDD\u0022\uFFFDH$\u0012\uFFFDD\u0022\uFFFDH$\u0012\uFFFDD\u0022\uFFFDH$\u0012\uFFFDD\u0022\uFFFDH$\u0012\uFFFDD\u0022\uFFFDH$\u0012\uFFFDD\u0022\uFFFDH$\u0012\uFFFDD\u0022\uFFFDH$\u0012\uFFFDD\u0022\uFFFDH$\u0012\uFFFDD\u0022\uFFFDH$\u0012\uFFFDD\u0022\uFFFDH$\u0012\uFFFDD\u0022\uFFFDH$\u0012\uFFFDD\u0022\uFFFDH$\u0012\uFFFDD\u0022\uFFFDH$\u0012\uFFFDD\u0022\uFFFDH$\u0012\uFFFDD\u0022\uFFFDH$\u0012\uFFFDD\u0022\uFFFDH$\u0012\uFFFDD\u0022\uFFFDH$\u0012\uFFFDD\u0022\uFFFDH$\u0012\uFFFDD\u0022\uFFFDH$\u0012\uFFFDD\u0022\uFFFDH$\u0012\uFFFDD\u0022\uFFFDH$\u0012\uFFFDD\u0022\uFFFDH$\u0012\uFFFDD\u0022\uFFFDH$\u0012\uFFFDD\u0022\uFFFDH$\u0012\uFFFDD\u0022\uFFFDH$\u0012\uFFFDD\u0022\uFFFDH$\u0012\uFFFDD\u0022\uFFFDH$\u0012\uFFFDD\u0022\uFFFDH$\u0012\uFFFDD\u0022\uFFFDH$\u0012\uFFFDD\u0022\uFFFDH$\u0012\uFFFDD\u0022\uFFFDH$\u0012\uFFFDD\u0022\uFFFDH$\u0012\uFFFDD\u0022\uFFFDH$\u0012\uFFFDD\u0022\uFFFDH$\u0012\uFFFDD\u0022\uFFFDH$\u0012\uFFFDD\u0022\uFFFDH$\u0012\uFFFDD\u0022\uFFFDH$\u0012\uFFFDD\u0022\uFFFDH$\u0012\uFFFDD\u0022\uFFFDH$\u0012\uFFFDD\u0022\uFFFDH$\u0012\uFFFDD\u0022\uFFFDH$\u0012\uFFFDD\u0022\uFFFDH$\u0012\uFFFDD\u0022\uFFFDH$\u0012\uFFFDD\u0022\uFFFDH$\u0012\uFFFDD\u0022\uFFFDH$\u0012\uFFFDD\u0022\uFFFDH$\u0012\uFFFDD\u0022\uFFFDH$\u0012\uFFFDD\u0022\uFFFDH$\u0012\uFFFDD\u0022\uFFFDH$\u0012\uFFFDD\u0022\uFFFDH$\u0012\uFFFDD\u0022\uFFFDH$\u0012\uFFFDD\u0022\uFFFDH$\u0012\uFFFDD\u0022\uFFFDH$\u0012\uFFFDD\u0022\uFFFDH$\u0012\uFFFDD\u0022\uFFFDH$\u0012\uFFFDD\u0022\uFFFDH$\u0012\uFFFDD\u0022\uFFFDH$\u0012\uFFFDD\u0022\uFFFDH$\u0012\uFFFDD\u0022\uFFFDH$\u0012\uFFFDD\u0022\uFFFDH$\u0012\uFFFDD\u0022\uFFFDH$\u0012\uFFFDD\u0022\uFFFDH$\u0012\uFFFDD\u0022\uFFFDH$\u0012\uFFFDD\u0022\uFFFDH$\u0012\uFFFDD\u0022\uFFFDH$\u0012\uFFFDD\u0022\uFFFDH$\u0012\uFFFDD\u0022\uFFFDH$\u0012\uFFFDD\u0022\uFFFDH$\u0012\uFFFDD\u0022\uFFFDH$\u0012\uFFFDD\u0022\uFFFDH$\u0012\uFFFDD\u0022\uFFFDH$\u0012\uFFFDD\u0022\uFFFDH$\u0012\uFFFDD\u0022\uFFFDH$\u0012\uFFFDD\u0022\uFFFDH$\u0012\uFFFDD\u0022\uFFFDH$\u0012\uFFFDD\u0022\uFFFDH$\u0012\uFFFDD\u0022\uFFFDH$\u0012\uFFFDD\u0022\uFFFDH$\u0012\uFFFDD\u0022\uFFFDH$\u0012\uFFFDD\u0022\uFFFDH$\u0012\uFFFDD\u0022\uFFFDH$\u0012\uFFFDD\u0022\uFFFDH$\u0012\uFFFDD\u0022\uFFFDH$\u0012\uFFFDD\u0022\uFFFDH$\u0012\uFFFDD\u0022\uFFFDH$\u0012\uFFFDD\u0022\uFFFDH$\u0012\uFFFDD\u0022\uFFFDH$\u0012\uFFFDD\u0022\uFFFDH$\u0012\uFFFDD\u0022\uFFFDH$\u0012\uFFFDD\u0022\uFFFDH$\u0012\uFFFDD\u0022\uFFFDH$\u0012\uFFFDD\u0022\uFFFDH$\u0012\uFFFDD\u0022\uFFFDH$\u0012\uFFFDD\u0022\uFFFDH$\u0012\uFFFDD\u0022\uFFFDH$\u0012\uFFFDD\u0022\uFFFDH$\u0012\uFFFDD\u0022\uFFFDH$\u0012\uFFFDD\u0022\uFFFDH$\u0012\uFFFDD\u0022\uFFFDH$\u0012\uFFFDD\u0022\uFFFDH$\u0012\uFFFDD\u0022\uFFFDH$\u0012\uFFFDD\u0022\uFFFDH$\u0012\uFFFDD\u0022\uFFFDH$\u0012\uFFFDD\u0022\uFFFDH$\u0012\uFFFDD\u0022\uFFFDH$\u0012\uFFFDD\u0022\uFFFDH$\u0012\uFFFDD\u0022\uFFFDH$\u0012\uFFFDD\u0022\uFFFDH$\u0012\uFFFDD\u0022\uFFFDH$\u0012\uFFFDD\u0022\uFFFDH$\u0012\uFFFDD\u0022\uFFFDH$\u0012\uFFFDD\u0022\uFFFDH$\u0012\uFFFDD\u0022\uFFFDH$\u0012\uFFFDD\u0022\uFFFDH$\u0012\uFFFDD\u0022\uFFFDH$\u0012\uFFFDD\u0022\uFFFDH$\u0012\uFFFDD\u0022\uFFFDH$\u0012\uFFFDD\u0022\uFFFDH$\u0012\uFFFDD\u0022\uFFFDH$\u0012\uFFFDD\u0022\uFFFDH$\u0012\uFFFDD\u0022\uFFFDH$\u0012\uFFFDD\u0022\uFFFDH$\u0012\uFFFDD\u0022\uFFFDH$\u0012\uFFFDD\u0022\uFFFDH$\u0012\uFFFDD\u0022\uFFFDH$\u0012\uFFFDD\u0022\uFFFDH$\u0012\uFFFDD\u0022\uFFFDH$\u0012\uFFFDD\u0022\uFFFDH$\u0012\uFFFDD\u0022\uFFFDH$\u0012\uFFFDD\u0022\uFFFDH$\u0012\uFFFDD\u0022\uFFFDH$\u0012\uFFFDD\u0022\uFFFDH$\u0012\uFFFDD\u0022\uFFFDH$\u0012\uFFFDD\u0022\uFFFDH$\u0012\uFFFDD\u0022\uFFFDH$\u0012\uFFFDD\u0022\uFFFDH$\u0012\uFFFDD\u0022\uFFFDH$\u0012\uFFFDD\u0022\uFFFDH$\u0012\uFFFDD\u0022\uFFFDH$\u0012\uFFFDD\u0022\uFFFDH$\u0012\uFFFDD\u0022\uFFFDH$\u0012\uFFFDD\u0022\uFFFDH$\u0012\uFFFDD\u0022\uFFFDH$\u0012\uFFFDD\u0022\uFFFDH$\u0012\uFFFDD\u0022\uFFFDH$\u0012\uFFFDD\u0022\uFFFDH$\u0012\uFFFDD\u0022\uFFFDH$\u0012\uFFFDD\u0022\uFFFDH$\u0012\uFFFDD\u0022\uFFFDH$\u0012\uFFFDD\u0022\uFFFDH$\u0012\uFFFDD\u0022\uFFFDH$\u0012\uFFFDD\u0022\uFFFDH$\u0012\uFFFDD\u0022\uFFFDH$\u0012\uFFFDD\u0022\uFFFDH$\u0012\uFFFDD\u0022\uFFFDH$\u0012\uFFFDD\u0022\uFFFDH$\u0012\uFFFDD\u0022\uFFFDH$\u0012\uFFFDD\u0022\uFFFDH$\u0012\uFFFDD\u0022\uFFFDH$\u0012\uFFFDD\u0022\uFFFDH$\u0012\uFFFDD\u0022\uFFFDH$\u0012\uFFFDD\u0022\uFFFDH$\u0012\uFFFDD\u0022\uFFFDH$\u0012\uFFFDD\u0022\uFFFDH$\u0012\uFFFDD\u0022\uFFFDH$\u0012\uFFFDD\u0022\uFFFDH$\u0012\uFFFDD\u0022\uFFFDH$\u0012\uFFFDD\u0022\uFFFDH$\u0012\uFFFDD\u0022\uFFFDH$\u0012\uFFFDD\u0022\uFFFDH$\u0012\uFFFDD\u0022\uFFFDH$\u0012\uFFFDD\u0022\uFFFDH$\u0012\uFFFDD\u0022\uFFFDH$\u0012\uFFFDD\u0022\uFFFDH$\u0012\uFFFDD\u0022\uFFFDH$\u0012\uFFFDD\u0022\uFFFDH$\u0012\uFFFDD\u0022\uFFFDH$\u0012\uFFFDD\u0022\uFFFDH$\u0012\uFFFDD\u0022\uFFFDH$\u0012\uFFFDD\u0022\uFFFDH$\u0012\uFFFDD\u0022\uFFFDH$\u0012\uFFFDD\u0022\uFFFDH$\u0012\uFFFDD\u0022\uFFFDH$\u0012\uFFFDD\u0022\uFFFDH$\u0012\uFFFDD\u0022\uFFFDH$\u0012\uFFFDD\u0022\uFFFDH$\u0012\uFFFDD\u0022\uFFFDH$\u0012\uFFFDD\u0022\uFFFDH$\u0012\uFFFDD\u0022\uFFFDH$\u0012\uFFFDD\u0022\uFFFDH$\u0012\uFFFDD\u0022\uFFFDH$\u0012\uFFFDD\u0022\uFFFDH$\u0012\uFFFDD\u0022\uFFFDH$\u0012\uFFFDD\u0022\uFFFDH$\u0012\uFFFDD\u0022\uFFFDH$\u0012\uFFFDD\u0022\uFFFDH$\u0012\uFFFDD\u0022\uFFFDH$\u0012\uFFFDD\u0022\uFFFDH$\u0012\uFFFDD\u0022\uFFFDH$\u0012\uFFFDD\u0022\uFFFDH$\u0012\uFFFDD\u0022\uFFFDH$\u0012\uFFFDD\u0022\uFFFDH$\u0012\uFFFDD\u0022\uFFFDH$\u0012\uFFFDD\u0022\uFFFDH$\u0012\uFFFDD\u0022\uFFFDH$\u0012\uFFFDD\u0022\uFFFDH$\u0012\uFFFDD\u0022\uFFFDH$\u0012\uFFFDD\u0022\uFFFDH$\u0012\uFFFDD\u0022\uFFFDH$\u0012\uFFFDD\u0022\uFFFDH$\u0012\uFFFDD\u0022\uFFFDH$\u0012\uFFFDD\u0022\uFFFDH$\u0012\uFFFDD\u0022\uFFFDH$\u0012\uFFFDD\u0022\uFFFDH$\u0012\uFFFDD\u0022\uFFFDH$\u0012\uFFFDD\u0022\uFFFDH$\u0012\uFFFDD\u0022\uFFFDH$\u0012\uFFFDD\u0022\uFFFDH$\u0012\uFFFDD\u0022\uFFFDH$\u0012\uFFFDD\u0022\uFFFDH$\u0012\uFFFDD\u0022\uFFFDH$\u0012\uFFFDD\u0022\uFFFDH$\u0012\uFFFDD\u0022\uFFFDH$\u0012\uFFFDD\u0022\uFFFDH$\u0012\uFFFDD\u0022\uFFFDH$\u0012\uFFFDD\u0022\uFFFDH$\u0012\uFFFDD\u0022\uFFFDH$\u0012\uFFFDD\u0022\uFFFDH$\u0012\uFFFDD\u0022\uFFFDH$\u0012\uFFFDD\u0022\uFFFDH$\u0012\uFFFDD\u0022\uFFFDH$\u0012\uFFFDD\u0022\uFFFDH$\u0012\uFFFDD\u0022\uFFFDH$\u0012\uFFFDD\u0022\uFFFDH$\u0012\uFFFDD\u0022\uFFFDH$\u0012\uFFFDD\u0022\uFFFDH$\u0012\uFFFDD\u0022\uFFFDH$\u0012\uFFFDD\u0022\uFFFDH$\u0012\uFFFDD\u0022\uFFFDH$\u0012\uFFFDD\u0022\uFFFDH$\u0012\uFFFDD\u0022\uFFFDH$\u0012\uFFFDD\u0022\uFFFDH$\u0012\uFFFDD\u0022\uFFFDH$\u0012\uFFFDD\u0022\uFFFDH$\u0012\uFFFDD\u0022\uFFFDH$\u0012\uFFFDD\u0022\uFFFDH$\u0012\uFFFDD\u0022\uFFFDH$\u0012\uFFFDD\u0022\uFFFDH$\u0012\uFFFDD\u0022\uFFFDH$\u0012\uFFFDD\u0022\uFFFDH$\u0012\uFFFDD\u0022\uFFFDH$\u0012\uFFFDD\u0022\uFFFDH$\u0012\uFFFDD\u0022\uFFFDH$\u0012\uFFFDD\u0022\uFFFDH$\u0012\uFFFDD\u0022\uFFFDH$\u0012\uFFFDD\u0022\uFFFDH$\u0012\uFFFDD\u0022\uFFFDH$\u0012\uFFFDD\u0022\uFFFDH$\u0012\uFFFDD\u0022\uFFFDH$\u0012\uFFFDD\u0022\uFFFDH$\u0012\uFFFDD\u0022\uFFFDH$\u0012\uFFFDD\u0022\uFFFDH$\u0012\uFFFDD\u0022\uFFFDH$\u0012\uFFFDD\u0022\uFFFDH$\u0012\uFFFDD\u0022\uFFFDH$\u0012\uFFFDD\u0022\uFFFDH$\u0012\uFFFDD\u0022\uFFFDH$\u0012\uFFFDD\u0022\uFFFDH$\u0012\uFFFDD\u0022\uFFFDH$\u0012\uFFFDD\u0022\uFFFDH$\u0012\uFFFDD\u0022\uFFFDH$\u0012\uFFFDD\u0022\uFFFDH$\u0012\uFFFDD\u0022\uFFFDH$\u0012\uFFFDD\u0022\uFFFDH$\u0012\uFFFDD\u0022\uFFFDH$\u0012\uFFFDD\u0022\uFFFDH$\u0012\uFFFDD\u0022\uFFFDH$\u0012\uFFFDD\u0022\uFFFDH$\u0012\uFFFDD\u0022\uFFFDH$\u0012\uFFFDD\u0022\uFFFDH$\u0012\uFFFDD\u0022\uFFFDH$\u0012\uFFFDD\u0022\uFFFDH$\u0012\uFFFDD\u0022\uFFFDH$\u0012\uFFFDD\u0022\uFFFDH$\u0012\uFFFDD\u0022\uFFFDH$\u0012\uFFFDD\u0022\uFFFDH$\u0012\uFFFDD\u0022\uFFFDH$\u0012\uFFFDD\u0022\uFFFDH$\u0012\uFFFDD\u0022\uFFFDH$\u0012\uFFFDD\u0022\uFFFDH$\u0012\uFFFDD\u0022\uFFFDH$\u0012\uFFFDD\u0022\uFFFDH$\u0012\uFFFDD\u0022\uFFFDH$\u0012\uFFFDD\u0022\uFFFDH$\u0012\uFFFDD\u0022\uFFFDH$\u0012\uFFFDD\u0022\uFFFDH$\u0012\uFFFDD\u0022\uFFFDH$\u0012\uFFFDD\u0022\uFFFDH$\u0012\uFFFDD\u0022\uFFFDH$\u0012\uFFFDD\u0022\uFFFDH$\u0012\uFFFDD\u0022\uFFFDH$\u0012\uFFFDD\u0022\uFFFDH$\u0012\uFFFDD\u0022\uFFFDH$\u0012\uFFFDD\u0022\uFFFDH$\u0012\uFFFDD\u0022\uFFFDH$\u0012\uFFFDD\u0022\uFFFDH$\u0012\uFFFDD\u0022\uFFFDH$\u0012\uFFFDD\u0022\uFFFDH$\u0012\uFFFDD\u0022\uFFFDH$\u0012\uFFFDD\u0022\uFFFDH$\u0012\uFFFDD\u0022\uFFFDH$\u0012\uFFFDD\u0022\uFFFDH$\u0012\uFFFDD\u0022\uFFFDH$\u0012\uFFFDD\u0022\uFFFDH$\u0012\uFFFDD\u0022\uFFFDH$\u0012\uFFFDD\u0022\uFFFDH$\u0012\uFFFDD\u0022\uFFFDH$\u0012\uFFFDD\u0022\uFFFDH$\u0012\uFFFDD\u0022\uFFFDH$\u0012\uFFFDD\u0022\uFFFDH$\u0012\uFFFDD\u0022\uFFFDH$\u0012\uFFFDD\u0022\uFFFDH$\u0012\uFFFDD\u0022\uFFFDH$\u0012\uFFFDD\u0022\uFFFDH$\u0012\uFFFDD\u0022\uFFFDH$\u0012\uFFFDD\u0022\uFFFDH$\u0012\uFFFDD\u0022\uFFFDH$\u0012\uFFFDD\u0022\uFFFDH$\u0012\uFFFDD\u0022\uFFFDH$\u0012\uFFFDD\u0022\uFFFDH$\u0012\uFFFDD\u0022\uFFFDH$\u0012\uFFFDD\u0022\uFFFDH$\u0012\uFFFDD\u0022\uFFFDH$\u0012\uFFFDD\u0022\uFFFDH$\u0012\uFFFDD\u0022\uFFFDH$\u0012\uFFFDD\u0022\uFFFDH$\u0012\uFFFDD\u0022\uFFFDH$\u0012\uFFFDD\u0022\uFFFDH$\u0012\uFFFDD\u0022\uFFFDH$\u0012\uFFFDD\u0022\uFFFDH$\u0012\uFFFDD\u0022\uFFFDH$\u0012\uFFFDD\u0022\uFFFDH$\u0012\uFFFDD\u0022\uFFFDH$\u0012\uFFFDD\u0022\uFFFDH$\u0012\uFFFDD\u0022\uFFFDH$\u0012\uFFFDD\u0022\uFFFDH$\u0012\uFFFDD\u0022\uFFFDH$\u0012\uFFFDD\u0022\uFFFDH$\u0012\uFFFDD\u0022\uFFFDH$\u0012\uFFFDD\u0022\uFFFDH$\u0012\uFFFDD\u0022\uFFFDH$\u0012\uFFFDD\u0022\uFFFDH$\u0012\uFFFDD\u0022\uFFFDH$\u0012\uFFFDD\u0022\uFFFDH$\u0012\uFFFDD\u0022\uFFFDH$\u0012\uFFFDD\u0022\uFFFDH$\u0012\uFFFDD\u0022\uFFFDH$\u0012\uFFFDD\u0022\uFFFDH$\u0012\uFFFDD\u0022\uFFFDH$\u0012\uFFFDD\u0022\uFFFDH$\u0012\uFFFDD\u0022\uFFFDH$\u0012\uFFFDD\u0022\uFFFDH$\u0012\uFFFDD\u0022\uFFFDH$\u0012\uFFFDD\u0022\uFFFDH$\u0012\uFFFDD\u0022\uFFFDH$\u0012\uFFFDD\u0022\uFFFDH$\u0012\uFFFDD\u0022\uFFFDH$\u0012\uFFFDD\u0022\uFFFDH$\u0012\uFFFDD\u0022\uFFFDH$\u0012\uFFFDD\u0022\uFFFDH$\u0012\uFFFDD\u0022\uFFFDH$\u0012\uFFFDD\u0022\uFFFDH$\u0012\uFFFDD\u0022\uFFFDH$\u0012\uFFFDD\u0022\uFFFDH$\u0012\uFFFDD\u0022\uFFFDH$\u0012\uFFFDD\u0022\uFFFDH$\u0012\uFFFDD\u0022\uFFFDH$\u0012\uFFFDD\u0022\uFFFDH$\u0012\uFFFDD\u0022\uFFFDH$\u0012\uFFFDD\u0022\uFFFDH$\u0012\uFFFDD\u0022\uFFFDH$\u0012\uFFFDD\u0022\uFFFDH$\u0012\uFFFDD\u0022\uFFFDH$\u0012\uFFFDD\u0022\uFFFDH$\u0012\uFFFDD\u0022\uFFFDH$\u0012\uFFFDD\u0022\uFFFDH$\u0012\uFFFDD\u0022\uFFFDH$\u0012\uFFFDD\u0022\uFFFDH$\u0012\uFFFDD\u0022\uFFFDH$\u0012\uFFFDD\u0022\uFFFDH$\u0012\uFFFDD\u0022\uFFFDH$\u0012\uFFFDD\u0022\uFFFDH$\u0012\uFFFDD\u0022\uFFFDH$\u0012\uFFFDD\u0022\uFFFDH$\u0012\uFFFDD\u0022\uFFFDH$\u0012\uFFFDD\u0022\uFFFDH$\u0012\uFFFDD\u0022\uFFFDH$\u0012\uFFFDD\u0022\uFFFDH$\u0012\uFFFDD\u0022\uFFFDH$\u0012\uFFFDD\u0022\uFFFDH$\u0012\uFFFDD\u0022\uFFFDH$\u0012\uFFFDD\u0022\uFFFDH$\u0012\uFFFDD\u0022\uFFFDH$\u0012\uFFFDD\u0022\uFFFDH$\u0012\uFFFDD\u0022\uFFFDH$\u0012\uFFFDD\u0022\uFFFDH$\u0012\uFFFDD\u0022\uFFFDH$\u0012\uFFFDD\u0022\uFFFDH$\u0012\uFFFDD\u0022\uFFFDH$\u0012\uFFFDD\u0022\uFFFDH$\u0012\uFFFDD\u0022\uFFFDH$\u0012\uFFFDD\u0022\uFFFDH$\u0012\uFFFDD\u0022\uFFFDH$\u0012\uFFFDD\u0022\uFFFDH$\u0012\uFFFDD\u0022\uFFFDH$\u0012\uFFFDD\u0022\uFFFDH$\u0012\uFFFDD\u0022\uFFFDH$\u0012\uFFFDD\u0022\uFFFDH$\u0012\uFFFDD\u0022\uFFFDH$\u0012\uFFFDD\u0022\uFFFDH$\u0012\uFFFDD\u0022\uFFFDH$\u0012\uFFFDD\u0022\uFFFDH$\u0012\uFFFDD\u0022\uFFFDH$\u0012\uFFFDD\u0022\uFFFDH$\u0012\uFFFDD\u0022\uFFFDH$\u0012\uFFFDD\u0022\uFFFDH$\u0012\uFFFDD\u0022\uFFFDH$\u0012\uFFFDD\u0022\uFFFDH$\u0012\uFFFDD\u0022\uFFFDH$\u0012\uFFFDD\u0022\uFFFDH$\u0012\uFFFDD\u0022\uFFFDH$\u0012\uFFFDD\u0022\uFFFDH$\u0012\uFFFDD\u0022\uFFFDH$\u0012\uFFFDD\u0022\uFFFDH$\u0012\uFFFDD\u0022\uFFFDH$\u0012\uFFFDD\u0022\uFFFDH$\u0012\uFFFDD\u0022\uFFFDH$\u0012\uFFFDD\u0022\uFFFDH$\u0012\uFFFDD\u0022\uFFFDH$\u0012\uFFFDD\u0022\uFFFDH$\u0012\uFFFDD\u0022\uFFFDH$\u0012\uFFFDD\u0022\uFFFDH$\u0012\uFFFDD\u0022\uFFFDH$\u0012\uFFFDD\u0022\uFFFDH$\u0012\uFFFDD\u0022\uFFFDH$\u0012\uFFFDD\u0022\uFFFDH$\u0012\uFFFDD\u0022\uFFFDH$\u0012\uFFFDD\u0022\uFFFDH$\u0012\uFFFDD\u0022\uFFFDH$\u0012\uFFFDD\u0022\uFFFDH$\u0012\uFFFDD\u0022\uFFFDH$\u0012\uFFFDD\u0022\uFFFDH$\u0012\uFFFDD\u0022\uFFFDH$\u0012\uFFFDD\u0022\uFFFDH$\u0012\uFFFDD\u0022\uFFFDH$\u0012\uFFFDD\u0022\uFFFDH$\u0012\uFFFDD\u0022\uFFFDH$\u0012\uFFFDD\u0022\uFFFDH$\u0012\uFFFDD\u0022\uFFFDH$\u0012\uFFFDD\u0022\uFFFDH$\u0012\uFFFDD\u0022\uFFFDH$\u0012\uFFFDD\u0022\uFFFDH$\u0012\uFFFDD\u0022\uFFFDH$\u0012\uFFFDD\u0022\uFFFDH$\u0012\uFFFD\u013F\uFFFD\uFFFD7\uFFFD\uFFFDH\uFFFDCr\u000F\u0000"
      ],
      "StatusCode": 404,
      "ResponseHeaders": {
        "Content-Type": "application/json",
        "Date": "Tue, 23 Aug 2022 22:42:47 GMT",
        "Server": "Microsoft-HTTPAPI/2.0",
        "Transfer-Encoding": "chunked",
        "x-ms-client-request-id": "f655fcb1-0ebc-42f7-b833-6a0594f666ed",
        "x-ms-error-code": "NotFound",
        "x-ms-request-id": "e43f6335-39d3-4064-9012-83d528d4e3f9"
      },
      "ResponseBody": {
        "error": {
          "code": "NotFound",
          "message": "Data collection rule with immutable Id \u0027immutable-id-123\u0027 not found."
        }
      }
    },
    {
      "RequestUri": "https://thisurl-logsingestion-somethinglocation123abcrd.monitor.azure.com/dataCollectionRules/immutable-id-123/streams/Custom-MyTableRawData?api-version=2021-11-01-preview",
      "RequestMethod": "POST",
      "RequestHeaders": {
        "Accept": "application/json",
        "Accept-Encoding": "gzip, deflate, br",
        "Accept-Language": "en-US",
        "Authorization": "Sanitized",
        "Connection": "keep-alive",
        "Content-Encoding": "gzip",
        "Content-Length": "323",
        "Content-Type": "application/json",
        "Referer": "http://localhost:9876/",
        "sec-ch-ua": "",
        "sec-ch-ua-mobile": "?0",
        "sec-ch-ua-platform": "",
        "Sec-Fetch-Dest": "empty",
        "Sec-Fetch-Mode": "cors",
        "Sec-Fetch-Site": "same-site",
        "User-Agent": "Mozilla/5.0 (X11; Linux x86_64) AppleWebKit/537.36 (KHTML, like Gecko) HeadlessChrome/103.0.5058.0 Safari/537.36",
        "x-ms-client-request-id": "81e323fc-7a67-4adc-8d2d-b22ec30e2a56",
        "x-ms-useragent": "azsdk-js-monitor-ingestion/1.0.0-beta.2 core-rest-pipeline/1.9.2 OS/Linuxx86_64"
      },
      "RequestBody": [
        "\u001F\uFFFD\b\u0000\u0000\u0000\u0000\u0000\u0000\u0003\uFFFD\u0331\n",
        "\uFFFDP\u0000\uFFFD\uFFFDW\uFFFD;k\\nb\uFFFD\u0016\uFFFD\uFFFDS\uFFFD )!\uFFFD\u000E9\u0004\u047B\uFFFD\u0010=@\uFFFD\uFFFD\uD835\uDFA1\u001DoChB\uFFFD)\u0015\uFFFD*\u04B6\uFFFDe\u0013\uB9AC6\uFFFD\uFFFD\u003E\uFFFD\u003C\uFFFD\uFFFD~\\\uFFFDe\uFFFD\uFFFD2\uFFFD\uFFFDc\uFFFD\u073B\u07D6M\uFFFD\uFFFD\uFFFD]\uFFFD\uFFFD\u0013\uFFFDD\u0022\uFFFDH$\u0012\uFFFDD\u0022\uFFFDH$\u0012\uFFFDD\u0022\uFFFDH$\u0012\uFFFDD\u0022\uFFFDH$\u0012\uFFFDD\u0022\uFFFDH$\u0012\uFFFDD\u0022\uFFFDH$\u0012\uFFFDD\u0022\uFFFDH$\u0012\uFFFDD\u0022\uFFFDH$\u0012\uFFFDD\u0022\uFFFDH$\u0012\uFFFDD\u0022\uFFFDH$\u0012\uFFFDD\u0022\uFFFDH$\u0012\uFFFDD\u0022\uFFFDH$\u0012\uFFFD\u007F\uFFFD\uFFFD7/\uFFFD\uFFFD\uFFFDMc\u0000\u0000"
      ],
      "StatusCode": 404,
      "ResponseHeaders": {
        "Content-Type": "application/json",
        "Date": "Tue, 23 Aug 2022 22:42:47 GMT",
        "Server": "Microsoft-HTTPAPI/2.0",
        "Transfer-Encoding": "chunked",
        "x-ms-client-request-id": "81e323fc-7a67-4adc-8d2d-b22ec30e2a56",
        "x-ms-error-code": "NotFound",
        "x-ms-request-id": "11b97796-fb48-47bd-9906-ace0905372fd"
      },
      "ResponseBody": {
        "error": {
          "code": "NotFound",
          "message": "Data collection rule with immutable Id \u0027immutable-id-123\u0027 not found."
        }
      }
    },
    {
      "RequestUri": "https://thisurl-logsingestion-somethinglocation123abcrd.monitor.azure.com/dataCollectionRules/immutable-id-123/streams/Custom-MyTableRawData?api-version=2021-11-01-preview",
      "RequestMethod": "POST",
      "RequestHeaders": {
        "Accept": "application/json",
        "Accept-Encoding": "gzip, deflate, br",
        "Accept-Language": "en-US",
        "Authorization": "Sanitized",
        "Connection": "keep-alive",
        "Content-Encoding": "gzip",
        "Content-Length": "5582",
        "Content-Type": "application/json",
        "Referer": "http://localhost:9876/",
        "sec-ch-ua": "",
        "sec-ch-ua-mobile": "?0",
        "sec-ch-ua-platform": "",
        "Sec-Fetch-Dest": "empty",
        "Sec-Fetch-Mode": "cors",
        "Sec-Fetch-Site": "same-site",
        "User-Agent": "Mozilla/5.0 (X11; Linux x86_64) AppleWebKit/537.36 (KHTML, like Gecko) HeadlessChrome/103.0.5058.0 Safari/537.36",
        "x-ms-client-request-id": "0ba8e6a6-f4bd-4be3-a612-d602a6988554",
        "x-ms-useragent": "azsdk-js-monitor-ingestion/1.0.0-beta.2 core-rest-pipeline/1.9.2 OS/Linuxx86_64"
      },
      "RequestBody": [
        "\u001F\uFFFD\b\u0000\u0000\u0000\u0000\u0000\u0000\u0003\uFFFD\u0331\n",
        "\uFFFDP\u0000\uFFFD\uFFFDW\uFFFD;k\\nb\uFFFD\u0016\uFFFD\uFFFDS\uFFFD )!\uFFFD\u000E9\u0004\u047B\uFFFD\u0010=A\u3DDE\uFFFD\uD835\uDFA1\u001DoChB\uFFFD)\u0015\uFFFD*\u04B6\uFFFDe\u0013\uB9AC6\uFFFD\uFFFD\u003E\uFFFD\u003C\uFFFD\uFFFD~\\\uFFFDe\uFFFD\uFFFD2\uFFFD\uFFFDc\uFFFD\u073B\u07D6M\uFFFD\uFFFD\uFFFD]\uFFFD\uFFFD\u0013\uFFFDD\u0022\uFFFDH$\u0012\uFFFDD\u0022\uFFFDH$\u0012\uFFFDD\u0022\uFFFDH$\u0012\uFFFDD\u0022\uFFFDH$\u0012\uFFFDD\u0022\uFFFDH$\u0012\uFFFDD\u0022\uFFFDH$\u0012\uFFFDD\u0022\uFFFDH$\u0012\uFFFDD\u0022\uFFFDH$\u0012\uFFFDD\u0022\uFFFDH$\u0012\uFFFDD\u0022\uFFFDH$\u0012\uFFFDD\u0022\uFFFDH$\u0012\uFFFDD\u0022\uFFFDH$\u0012\uFFFDD\u0022\uFFFDH$\u0012\uFFFDD\u0022\uFFFDH$\u0012\uFFFDD\u0022\uFFFDH$\u0012\uFFFDD\u0022\uFFFDH$\u0012\uFFFDD\u0022\uFFFDH$\u0012\uFFFDD\u0022\uFFFDH$\u0012\uFFFDD\u0022\uFFFDH$\u0012\uFFFDD\u0022\uFFFDH$\u0012\uFFFDD\u0022\uFFFDH$\u0012\uFFFDD\u0022\uFFFDH$\u0012\uFFFDD\u0022\uFFFDH$\u0012\uFFFDD\u0022\uFFFDH$\u0012\uFFFDD\u0022\uFFFDH$\u0012\uFFFDD\u0022\uFFFDH$\u0012\uFFFDD\u0022\uFFFDH$\u0012\uFFFDD\u0022\uFFFDH$\u0012\uFFFDD\u0022\uFFFDH$\u0012\uFFFDD\u0022\uFFFDH$\u0012\uFFFDD\u0022\uFFFDH$\u0012\uFFFDD\u0022\uFFFDH$\u0012\uFFFDD\u0022\uFFFDH$\u0012\uFFFDD\u0022\uFFFDH$\u0012\uFFFDD\u0022\uFFFDH$\u0012\uFFFDD\u0022\uFFFDH$\u0012\uFFFDD\u0022\uFFFDH$\u0012\uFFFDD\u0022\uFFFDH$\u0012\uFFFDD\u0022\uFFFDH$\u0012\uFFFDD\u0022\uFFFDH$\u0012\uFFFDD\u0022\uFFFDH$\u0012\uFFFDD\u0022\uFFFDH$\u0012\uFFFDD\u0022\uFFFDH$\u0012\uFFFDD\u0022\uFFFDH$\u0012\uFFFDD\u0022\uFFFDH$\u0012\uFFFDD\u0022\uFFFDH$\u0012\uFFFDD\u0022\uFFFDH$\u0012\uFFFDD\u0022\uFFFDH$\u0012\uFFFDD\u0022\uFFFDH$\u0012\uFFFDD\u0022\uFFFDH$\u0012\uFFFDD\u0022\uFFFDH$\u0012\uFFFDD\u0022\uFFFDH$\u0012\uFFFDD\u0022\uFFFDH$\u0012\uFFFDD\u0022\uFFFDH$\u0012\uFFFDD\u0022\uFFFDH$\u0012\uFFFDD\u0022\uFFFDH$\u0012\uFFFDD\u0022\uFFFDH$\u0012\uFFFDD\u0022\uFFFDH$\u0012\uFFFDD\u0022\uFFFDH$\u0012\uFFFDD\u0022\uFFFDH$\u0012\uFFFDD\u0022\uFFFDH$\u0012\uFFFDD\u0022\uFFFDH$\u0012\uFFFDD\u0022\uFFFDH$\u0012\uFFFDD\u0022\uFFFDH$\u0012\uFFFDD\u0022\uFFFDH$\u0012\uFFFDD\u0022\uFFFDH$\u0012\uFFFDD\u0022\uFFFDH$\u0012\uFFFDD\u0022\uFFFDH$\u0012\uFFFDD\u0022\uFFFDH$\u0012\uFFFDD\u0022\uFFFDH$\u0012\uFFFDD\u0022\uFFFDH$\u0012\uFFFDD\u0022\uFFFDH$\u0012\uFFFDD\u0022\uFFFDH$\u0012\uFFFDD\u0022\uFFFDH$\u0012\uFFFDD\u0022\uFFFDH$\u0012\uFFFDD\u0022\uFFFDH$\u0012\uFFFDD\u0022\uFFFDH$\u0012\uFFFDD\u0022\uFFFDH$\u0012\uFFFDD\u0022\uFFFDH$\u0012\uFFFDD\u0022\uFFFDH$\u0012\uFFFDD\u0022\uFFFDH$\u0012\uFFFDD\u0022\uFFFDH$\u0012\uFFFDD\u0022\uFFFDH$\u0012\uFFFDD\u0022\uFFFDH$\u0012\uFFFDD\u0022\uFFFDH$\u0012\uFFFDD\u0022\uFFFDH$\u0012\uFFFDD\u0022\uFFFDH$\u0012\uFFFDD\u0022\uFFFDH$\u0012\uFFFDD\u0022\uFFFDH$\u0012\uFFFDD\u0022\uFFFDH$\u0012\uFFFDD\u0022\uFFFDH$\u0012\uFFFDD\u0022\uFFFDH$\u0012\uFFFDD\u0022\uFFFDH$\u0012\uFFFDD\u0022\uFFFDH$\u0012\uFFFDD\u0022\uFFFDH$\u0012\uFFFDD\u0022\uFFFDH$\u0012\uFFFDD\u0022\uFFFDH$\u0012\uFFFDD\u0022\uFFFDH$\u0012\uFFFDD\u0022\uFFFDH$\u0012\uFFFDD\u0022\uFFFDH$\u0012\uFFFDD\u0022\uFFFDH$\u0012\uFFFDD\u0022\uFFFDH$\u0012\uFFFDD\u0022\uFFFDH$\u0012\uFFFDD\u0022\uFFFDH$\u0012\uFFFDD\u0022\uFFFDH$\u0012\uFFFDD\u0022\uFFFDH$\u0012\uFFFDD\u0022\uFFFDH$\u0012\uFFFDD\u0022\uFFFDH$\u0012\uFFFDD\u0022\uFFFDH$\u0012\uFFFDD\u0022\uFFFDH$\u0012\uFFFDD\u0022\uFFFDH$\u0012\uFFFDD\u0022\uFFFDH$\u0012\uFFFDD\u0022\uFFFDH$\u0012\uFFFDD\u0022\uFFFDH$\u0012\uFFFDD\u0022\uFFFDH$\u0012\uFFFDD\u0022\uFFFDH$\u0012\uFFFDD\u0022\uFFFDH$\u0012\uFFFDD\u0022\uFFFDH$\u0012\uFFFDD\u0022\uFFFDH$\u0012\uFFFDD\u0022\uFFFDH$\u0012\uFFFDD\u0022\uFFFDH$\u0012\uFFFDD\u0022\uFFFDH$\u0012\uFFFDD\u0022\uFFFDH$\u0012\uFFFDD\u0022\uFFFDH$\u0012\uFFFDD\u0022\uFFFDH$\u0012\uFFFDD\u0022\uFFFDH$\u0012\uFFFDD\u0022\uFFFDH$\u0012\uFFFDD\u0022\uFFFDH$\u0012\uFFFDD\u0022\uFFFDH$\u0012\uFFFDD\u0022\uFFFDH$\u0012\uFFFDD\u0022\uFFFDH$\u0012\uFFFDD\u0022\uFFFDH$\u0012\uFFFDD\u0022\uFFFDH$\u0012\uFFFDD\u0022\uFFFDH$\u0012\uFFFDD\u0022\uFFFDH$\u0012\uFFFDD\u0022\uFFFDH$\u0012\uFFFDD\u0022\uFFFDH$\u0012\uFFFDD\u0022\uFFFDH$\u0012\uFFFDD\u0022\uFFFDH$\u0012\uFFFDD\u0022\uFFFDH$\u0012\uFFFDD\u0022\uFFFDH$\u0012\uFFFDD\u0022\uFFFDH$\u0012\uFFFDD\u0022\uFFFDH$\u0012\uFFFDD\u0022\uFFFDH$\u0012\uFFFDD\u0022\uFFFDH$\u0012\uFFFDD\u0022\uFFFDH$\u0012\uFFFDD\u0022\uFFFDH$\u0012\uFFFDD\u0022\uFFFDH$\u0012\uFFFDD\u0022\uFFFDH$\u0012\uFFFDD\u0022\uFFFDH$\u0012\uFFFDD\u0022\uFFFDH$\u0012\uFFFDD\u0022\uFFFDH$\u0012\uFFFDD\u0022\uFFFDH$\u0012\uFFFDD\u0022\uFFFDH$\u0012\uFFFDD\u0022\uFFFDH$\u0012\uFFFDD\u0022\uFFFDH$\u0012\uFFFDD\u0022\uFFFDH$\u0012\uFFFDD\u0022\uFFFDH$\u0012\uFFFDD\u0022\uFFFDH$\u0012\uFFFDD\u0022\uFFFDH$\u0012\uFFFDD\u0022\uFFFDH$\u0012\uFFFDD\u0022\uFFFDH$\u0012\uFFFDD\u0022\uFFFDH$\u0012\uFFFDD\u0022\uFFFDH$\u0012\uFFFDD\u0022\uFFFDH$\u0012\uFFFDD\u0022\uFFFDH$\u0012\uFFFDD\u0022\uFFFDH$\u0012\uFFFDD\u0022\uFFFDH$\u0012\uFFFDD\u0022\uFFFDH$\u0012\uFFFDD\u0022\uFFFDH$\u0012\uFFFDD\u0022\uFFFDH$\u0012\uFFFDD\u0022\uFFFDH$\u0012\uFFFDD\u0022\uFFFDH$\u0012\uFFFDD\u0022\uFFFDH$\u0012\uFFFDD\u0022\uFFFDH$\u0012\uFFFDD\u0022\uFFFDH$\u0012\uFFFDD\u0022\uFFFDH$\u0012\uFFFDD\u0022\uFFFDH$\u0012\uFFFDD\u0022\uFFFDH$\u0012\uFFFDD\u0022\uFFFDH$\u0012\uFFFDD\u0022\uFFFDH$\u0012\uFFFDD\u0022\uFFFDH$\u0012\uFFFDD\u0022\uFFFDH$\u0012\uFFFDD\u0022\uFFFDH$\u0012\uFFFDD\u0022\uFFFDH$\u0012\uFFFDD\u0022\uFFFDH$\u0012\uFFFDD\u0022\uFFFDH$\u0012\uFFFDD\u0022\uFFFDH$\u0012\uFFFDD\u0022\uFFFDH$\u0012\uFFFDD\u0022\uFFFDH$\u0012\uFFFDD\u0022\uFFFDH$\u0012\uFFFDD\u0022\uFFFDH$\u0012\uFFFDD\u0022\uFFFDH$\u0012\uFFFDD\u0022\uFFFDH$\u0012\uFFFDD\u0022\uFFFDH$\u0012\uFFFDD\u0022\uFFFDH$\u0012\uFFFDD\u0022\uFFFDH$\u0012\uFFFDD\u0022\uFFFDH$\u0012\uFFFDD\u0022\uFFFDH$\u0012\uFFFDD\u0022\uFFFDH$\u0012\uFFFDD\u0022\uFFFDH$\u0012\uFFFDD\u0022\uFFFDH$\u0012\uFFFDD\u0022\uFFFDH$\u0012\uFFFDD\u0022\uFFFDH$\u0012\uFFFDD\u0022\uFFFDH$\u0012\uFFFDD\u0022\uFFFDH$\u0012\uFFFDD\u0022\uFFFDH$\u0012\uFFFDD\u0022\uFFFDH$\u0012\uFFFDD\u0022\uFFFDH$\u0012\uFFFDD\u0022\uFFFDH$\u0012\uFFFDD\u0022\uFFFDH$\u0012\uFFFDD\u0022\uFFFDH$\u0012\uFFFDD\u0022\uFFFDH$\u0012\uFFFDD\u0022\uFFFDH$\u0012\uFFFDD\u0022\uFFFDH$\u0012\uFFFDD\u0022\uFFFDH$\u0012\uFFFDD\u0022\uFFFDH$\u0012\uFFFDD\u0022\uFFFDH$\u0012\uFFFDD\u0022\uFFFDH$\u0012\uFFFDD\u0022\uFFFDH$\u0012\uFFFDD\u0022\uFFFDH$\u0012\uFFFDD\u0022\uFFFDH$\u0012\uFFFDD\u0022\uFFFDH$\u0012\uFFFDD\u0022\uFFFDH$\u0012\uFFFDD\u0022\uFFFDH$\u0012\uFFFDD\u0022\uFFFDH$\u0012\uFFFDD\u0022\uFFFDH$\u0012\uFFFDD\u0022\uFFFDH$\u0012\uFFFDD\u0022\uFFFDH$\u0012\uFFFDD\u0022\uFFFDH$\u0012\uFFFDD\u0022\uFFFDH$\u0012\uFFFDD\u0022\uFFFDH$\u0012\uFFFDD\u0022\uFFFDH$\u0012\uFFFDD\u0022\uFFFDH$\u0012\uFFFDD\u0022\uFFFDH$\u0012\uFFFDD\u0022\uFFFDH$\u0012\uFFFDD\u0022\uFFFDH$\u0012\uFFFDD\u0022\uFFFDH$\u0012\uFFFDD\u0022\uFFFDH$\u0012\uFFFDD\u0022\uFFFDH$\u0012\uFFFDD\u0022\uFFFDH$\u0012\uFFFDD\u0022\uFFFDH$\u0012\uFFFDD\u0022\uFFFDH$\u0012\uFFFDD\u0022\uFFFDH$\u0012\uFFFDD\u0022\uFFFDH$\u0012\uFFFDD\u0022\uFFFDH$\u0012\uFFFDD\u0022\uFFFDH$\u0012\uFFFDD\u0022\uFFFDH$\u0012\uFFFDD\u0022\uFFFDH$\u0012\uFFFDD\u0022\uFFFDH$\u0012\uFFFDD\u0022\uFFFDH$\u0012\uFFFDD\u0022\uFFFDH$\u0012\uFFFDD\u0022\uFFFDH$\u0012\uFFFDD\u0022\uFFFDH$\u0012\uFFFDD\u0022\uFFFDH$\u0012\uFFFDD\u0022\uFFFDH$\u0012\uFFFDD\u0022\uFFFDH$\u0012\uFFFDD\u0022\uFFFDH$\u0012\uFFFDD\u0022\uFFFDH$\u0012\uFFFDD\u0022\uFFFDH$\u0012\uFFFDD\u0022\uFFFDH$\u0012\uFFFDD\u0022\uFFFDH$\u0012\uFFFDD\u0022\uFFFDH$\u0012\uFFFDD\u0022\uFFFDH$\u0012\uFFFDD\u0022\uFFFDH$\u0012\uFFFDD\u0022\uFFFDH$\u0012\uFFFDD\u0022\uFFFDH$\u0012\uFFFDD\u0022\uFFFDH$\u0012\uFFFDD\u0022\uFFFDH$\u0012\uFFFDD\u0022\uFFFDH$\u0012\uFFFDD\u0022\uFFFDH$\u0012\uFFFDD\u0022\uFFFDH$\u0012\uFFFDD\u0022\uFFFDH$\u0012\uFFFDD\u0022\uFFFDH$\u0012\uFFFDD\u0022\uFFFDH$\u0012\uFFFDD\u0022\uFFFDH$\u0012\uFFFDD\u0022\uFFFDH$\u0012\uFFFDD\u0022\uFFFDH$\u0012\uFFFDD\u0022\uFFFDH$\u0012\uFFFDD\u0022\uFFFDH$\u0012\uFFFDD\u0022\uFFFDH$\u0012\uFFFDD\u0022\uFFFDH$\u0012\uFFFDD\u0022\uFFFDH$\u0012\uFFFDD\u0022\uFFFDH$\u0012\uFFFDD\u0022\uFFFDH$\u0012\uFFFDD\u0022\uFFFDH$\u0012\uFFFDD\u0022\uFFFDH$\u0012\uFFFDD\u0022\uFFFDH$\u0012\uFFFDD\u0022\uFFFDH$\u0012\uFFFDD\u0022\uFFFDH$\u0012\uFFFDD\u0022\uFFFDH$\u0012\uFFFDD\u0022\uFFFDH$\u0012\uFFFDD\u0022\uFFFDH$\u0012\uFFFDD\u0022\uFFFDH$\u0012\uFFFDD\u0022\uFFFDH$\u0012\uFFFDD\u0022\uFFFDH$\u0012\uFFFDD\u0022\uFFFDH$\u0012\uFFFDD\u0022\uFFFDH$\u0012\uFFFDD\u0022\uFFFDH$\u0012\uFFFDD\u0022\uFFFDH$\u0012\uFFFDD\u0022\uFFFDH$\u0012\uFFFDD\u0022\uFFFDH$\u0012\uFFFDD\u0022\uFFFDH$\u0012\uFFFDD\u0022\uFFFDH$\u0012\uFFFDD\u0022\uFFFDH$\u0012\uFFFDD\u0022\uFFFDH$\u0012\uFFFDD\u0022\uFFFDH$\u0012\uFFFDD\u0022\uFFFDH$\u0012\uFFFDD\u0022\uFFFDH$\u0012\uFFFDD\u0022\uFFFDH$\u0012\uFFFDD\u0022\uFFFDH$\u0012\uFFFDD\u0022\uFFFDH$\u0012\uFFFDD\u0022\uFFFDH$\u0012\uFFFDD\u0022\uFFFDH$\u0012\uFFFDD\u0022\uFFFDH$\u0012\uFFFDD\u0022\uFFFDH$\u0012\uFFFDD\u0022\uFFFDH$\u0012\uFFFDD\u0022\uFFFDH$\u0012\uFFFDD\u0022\uFFFDH$\u0012\uFFFDD\u0022\uFFFDH$\u0012\uFFFDD\u0022\uFFFDH$\u0012\uFFFDD\u0022\uFFFDH$\u0012\uFFFDD\u0022\uFFFDH$\u0012\uFFFDD\u0022\uFFFDH$\u0012\uFFFDD\u0022\uFFFDH$\u0012\uFFFDD\u0022\uFFFDH$\u0012\uFFFDD\u0022\uFFFDH$\u0012\uFFFDD\u0022\uFFFDH$\u0012\uFFFDD\u0022\uFFFDH$\u0012\uFFFDD\u0022\uFFFDH$\u0012\uFFFDD\u0022\uFFFDH$\u0012\uFFFDD\u0022\uFFFDH$\u0012\uFFFDD\u0022\uFFFDH$\u0012\uFFFDD\u0022\uFFFDH$\u0012\uFFFDD\u0022\uFFFDH$\u0012\uFFFDD\u0022\uFFFDH$\u0012\uFFFDD\u0022\uFFFDH$\u0012\uFFFDD\u0022\uFFFDH$\u0012\uFFFDD\u0022\uFFFDH$\u0012\uFFFDD\u0022\uFFFDH$\u0012\uFFFDD\u0022\uFFFDH$\u0012\uFFFDD\u0022\uFFFDH$\u0012\uFFFDD\u0022\uFFFDH$\u0012\uFFFDD\u0022\uFFFDH$\u0012\uFFFDD\u0022\uFFFDH$\u0012\uFFFDD\u0022\uFFFDH$\u0012\uFFFDD\u0022\uFFFDH$\u0012\uFFFDD\u0022\uFFFDH$\u0012\uFFFDD\u0022\uFFFDH$\u0012\uFFFDD\u0022\uFFFDH$\u0012\uFFFDD\u0022\uFFFDH$\u0012\uFFFDD\u0022\uFFFDH$\u0012\uFFFDD\u0022\uFFFDH$\u0012\uFFFDD\u0022\uFFFDH$\u0012\uFFFDD\u0022\uFFFDH$\u0012\uFFFDD\u0022\uFFFDH$\u0012\uFFFDD\u0022\uFFFDH$\u0012\uFFFDD\u0022\uFFFDH$\u0012\uFFFDD\u0022\uFFFDH$\u0012\uFFFDD\u0022\uFFFDH$\u0012\uFFFDD\u0022\uFFFDH$\u0012\uFFFDD\u0022\uFFFDH$\u0012\uFFFDD\u0022\uFFFDH$\u0012\uFFFDD\u0022\uFFFDH$\u0012\uFFFDD\u0022\uFFFDH$\u0012\uFFFDD\u0022\uFFFDH$\u0012\uFFFDD\u0022\uFFFDH$\u0012\uFFFDD\u0022\uFFFDH$\u0012\uFFFDD\u0022\uFFFDH$\u0012\uFFFDD\u0022\uFFFDH$\u0012\uFFFDD\u0022\uFFFDH$\u0012\uFFFDD\u0022\uFFFDH$\u0012\uFFFDD\u0022\uFFFDH$\u0012\uFFFDD\u0022\uFFFDH$\u0012\uFFFDD\u0022\uFFFDH$\u0012\uFFFDD\u0022\uFFFDH$\u0012\uFFFDD\u0022\uFFFDH$\u0012\uFFFDD\u0022\uFFFDH$\u0012\uFFFDD\u0022\uFFFDH$\u0012\uFFFDD\u0022\uFFFDH$\u0012\uFFFDD\u0022\uFFFDH$\u0012\uFFFDD\u0022\uFFFDH$\u0012\uFFFDD\u0022\uFFFDH$\u0012\uFFFDD\u0022\uFFFDH$\u0012\uFFFDD\u0022\uFFFDH$\u0012\uFFFDD\u0022\uFFFDH$\u0012\uFFFDD\u0022\uFFFDH$\u0012\uFFFDD\u0022\uFFFDH$\u0012\uFFFDD\u0022\uFFFDH$\u0012\uFFFDD\u0022\uFFFDH$\u0012\uFFFDD\u0022\uFFFDH$\u0012\uFFFDD\u0022\uFFFDH$\u0012\uFFFDD\u0022\uFFFDH$\u0012\uFFFDD\u0022\uFFFDH$\u0012\uFFFDD\u0022\uFFFDH$\u0012\uFFFDD\u0022\uFFFDH$\u0012\uFFFDD\u0022\uFFFDH$\u0012\uFFFDD\u0022\uFFFDH$\u0012\uFFFDD\u0022\uFFFDH$\u0012\uFFFDD\u0022\uFFFDH$\u0012\uFFFDD\u0022\uFFFDH$\u0012\uFFFDD\u0022\uFFFDH$\u0012\uFFFDD\u0022\uFFFDH$\u0012\uFFFDD\u0022\uFFFDH$\u0012\uFFFDD\u0022\uFFFDH$\u0012\uFFFDD\u0022\uFFFDH$\u0012\uFFFDD\u0022\uFFFDH$\u0012\uFFFDD\u0022\uFFFDH$\u0012\uFFFDD\u0022\uFFFDH$\u0012\uFFFDD\u0022\uFFFDH$\u0012\uFFFDD\u0022\uFFFDH$\u0012\uFFFDD\u0022\uFFFDH$\u0012\uFFFDD\u0022\uFFFDH$\u0012\uFFFDD\u0022\uFFFDH$\u0012\uFFFDD\u0022\uFFFDH$\u0012\uFFFDD\u0022\uFFFDH$\u0012\uFFFDD\u0022\uFFFDH$\u0012\uFFFDD\u0022\uFFFDH$\u0012\uFFFDD\u0022\uFFFDH$\u0012\uFFFDD\u0022\uFFFDH$\u0012\uFFFDD\u0022\uFFFDH$\u0012\uFFFDD\u0022\uFFFDH$\u0012\uFFFDD\u0022\uFFFDH$\u0012\uFFFDD\u0022\uFFFDH$\u0012\uFFFDD\u0022\uFFFDH$\u0012\uFFFDD\u0022\uFFFDH$\u0012\uFFFDD\u0022\uFFFDH$\u0012\uFFFDD\u0022\uFFFDH$\u0012\uFFFDD\u0022\uFFFDH$\u0012\uFFFDD\u0022\uFFFDH$\u0012\uFFFDD\u0022\uFFFDH$\u0012\uFFFDD\u0022\uFFFDH$\u0012\uFFFDD\u0022\uFFFDH$\u0012\uFFFDD\u0022\uFFFDH$\u0012\uFFFDD\u0022\uFFFDH$\u0012\uFFFDD\u0022\uFFFDH$\u0012\uFFFDD\u0022\uFFFDH$\u0012\uFFFDD\u0022\uFFFDH$\u0012\uFFFDD\u0022\uFFFDH$\u0012\uFFFDD\u0022\uFFFDH$\u0012\uFFFDD\u0022\uFFFDH$\u0012\uFFFDD\u0022\uFFFDH$\u0012\uFFFDD\u0022\uFFFDH$\u0012\uFFFDD\u0022\uFFFDH$\u0012\uFFFDD\u0022\uFFFDH$\u0012\uFFFDD\u0022\uFFFDH$\u0012\uFFFDD\u0022\uFFFDH$\u0012\uFFFDD\u0022\uFFFDH$\u0012\uFFFDD\u0022\uFFFDH$\u0012\uFFFDD\u0022\uFFFDH$\u0012\uFFFDD\u0022\uFFFDH$\u0012\uFFFDD\u0022\uFFFDH$\u0012\uFFFDD\u0022\uFFFDH$\u0012\uFFFDD\u0022\uFFFDH$\u0012\uFFFDD\u0022\uFFFDH$\u0012\uFFFDD\u0022\uFFFDH$\u0012\uFFFDD\u0022\uFFFDH$\u0012\uFFFDD\u0022\uFFFDH$\u0012\uFFFDD\u0022\uFFFDH$\u0012\uFFFDD\u0022\uFFFDH$\u0012\uFFFDD\u0022\uFFFDH$\u0012\uFFFDD\u0022\uFFFDH$\u0012\uFFFDD\u0022\uFFFDH$\u0012\uFFFDD\u0022\uFFFDH$\u0012\uFFFDD\u0022\uFFFDH$\u0012\uFFFDD\u0022\uFFFDH$\u0012\uFFFDD\u0022\uFFFDH$\u0012\uFFFDD\u0022\uFFFDH$\u0012\uFFFDD\u0022\uFFFDH$\u0012\uFFFDD\u0022\uFFFDH$\u0012\uFFFDD\u0022\uFFFDH$\u0012\uFFFDD\u0022\uFFFDH$\u0012\uFFFDD\u0022\uFFFDH$\u0012\uFFFDD\u0022\uFFFDH$\u0012\uFFFDD\u0022\uFFFDH$\u0012\uFFFDD\u0022\uFFFDH$\u0012\uFFFDD\u0022\uFFFDH$\u0012\uFFFDD\u0022\uFFFDH$\u0012\uFFFDD\u0022\uFFFDH$\u0012\uFFFDD\u0022\uFFFDH$\u0012\uFFFDD\u0022\uFFFDH$\u0012\uFFFDD\u0022\uFFFDH$\u0012\uFFFDD\u0022\uFFFDH$\u0012\uFFFDD\u0022\uFFFDH$\u0012\uFFFDD\u0022\uFFFDH$\u0012\uFFFDD\u0022\uFFFDH$\u0012\uFFFDD\u0022\uFFFDH$\u0012\uFFFDD\u0022\uFFFDH$\u0012\uFFFDD\u0022\uFFFDH$\u0012\uFFFDD\u0022\uFFFDH$\u0012\uFFFD\u013F\uFFFD\uFFFD7\uFFFD\uFFFDH\uFFFDCr\u000F\u0000"
      ],
      "StatusCode": 404,
      "ResponseHeaders": {
        "Content-Type": "application/json",
        "Date": "Tue, 23 Aug 2022 22:42:48 GMT",
        "Server": "Microsoft-HTTPAPI/2.0",
        "Transfer-Encoding": "chunked",
        "x-ms-client-request-id": "0ba8e6a6-f4bd-4be3-a612-d602a6988554",
        "x-ms-error-code": "NotFound",
        "x-ms-request-id": "ace9dc1c-8fd1-4bc3-9b08-0710b8816622"
      },
      "ResponseBody": {
        "error": {
          "code": "NotFound",
          "message": "Data collection rule with immutable Id \u0027immutable-id-123\u0027 not found."
        }
      }
    }
  ],
  "Variables": {}
}
