{
  "Entries": [
    {
      "RequestUri": "https://endpoint/availablePhoneNumbers/countries/US/:search?api-version=2023-05-01-preview",
      "RequestMethod": "POST",
      "RequestHeaders": {
        "Accept": "application/json",
        "Accept-Encoding": "gzip,deflate",
        "Authorization": "Sanitized",
        "Connection": "keep-alive",
        "Content-Length": "125",
        "Content-Type": "application/json",
        "User-Agent": "azsdk-js-communication-phone-numbers/1.2.0 core-rest-pipeline/1.11.1 Node/v14.17.5 OS/(x64-Windows_NT-10.0.22621)",
        "x-ms-client-request-id": "sanitized",
        "x-ms-content-sha256": "um69rwCQDfoJlf7RIyaR7E83TxRZJQn/i\u002BrWwWXvDMo=",
        "x-ms-date": "Fri, 14 Jul 2023 05:01:09 GMT"
      },
      "RequestBody": {
        "phoneNumberType": "tollFree",
        "assignmentType": "application",
        "capabilities": {
          "calling": "outbound",
          "sms": "none"
        },
        "quantity": 1
      },
      "StatusCode": 202,
      "ResponseHeaders": {
        "Access-Control-Expose-Headers": "Location,Operation-Location,operation-id,search-id",
        "api-supported-versions": "2021-03-07, 2022-01-11-preview2, 2022-06-01-preview, 2022-12-01, 2022-12-02-preview2, 2023-05-01-preview",
        "Content-Length": "0",
        "Date": "Fri, 14 Jul 2023 05:01:10 GMT",
        "Location": "/availablePhoneNumbers/searchResults/sanitized?api-version=2023-05-01-preview",
        "MS-CV": "i3pOCc2dl0ShQfvZdxevWQ.0",
        "operation-id": "search_sanitized",
        "Operation-Location": "/phoneNumbers/operations/search_sanitized?api-version=2023-05-01-preview",
        "search-id": "sanitized",
        "Strict-Transport-Security": "max-age=2592000",
        "X-Azure-Ref": "0ldawZAAAAADE2OyHbnUKTI7XToC40QCsV1NURURHRTA4MjAAOWZjN2I1MTktYThjYy00Zjg5LTkzNWUtYzkxNDhhZTA5ZTgx",
        "X-Cache": "CONFIG_NOCACHE",
        "X-Processing-Time": "822ms"
      },
      "ResponseBody": null
    },
    {
      "RequestUri": "https://endpoint/phoneNumbers/operations/search_sanitized?api-version=2023-05-01-preview",
      "RequestMethod": "GET",
      "RequestHeaders": {
        "Accept": "application/json",
        "Accept-Encoding": "gzip,deflate",
        "Authorization": "Sanitized",
        "Connection": "keep-alive",
        "Content-Type": "application/json",
        "User-Agent": "azsdk-js-communication-phone-numbers/1.2.0 core-rest-pipeline/1.11.1 Node/v14.17.5 OS/(x64-Windows_NT-10.0.22621)",
        "x-ms-client-request-id": "sanitized",
        "x-ms-content-sha256": "47DEQpj8HBSa\u002B/TImW\u002B5JCeuQeRkm5NMpJWZG3hSuFU=",
        "x-ms-date": "Fri, 14 Jul 2023 05:01:10 GMT"
      },
      "RequestBody": null,
      "StatusCode": 200,
      "ResponseHeaders": {
        "Access-Control-Expose-Headers": "Location",
        "api-supported-versions": "2021-03-07, 2022-01-11-preview2, 2022-06-01-preview, 2022-11-15-preview, 2022-12-01, 2022-12-02-preview2, 2023-05-01-preview",
        "Content-Type": "application/json; charset=utf-8",
        "Date": "Fri, 14 Jul 2023 05:01:10 GMT",
        "Location": "/availablePhoneNumbers/searchResults/sanitized?api-version=2023-05-01-preview",
        "MS-CV": "TM\u002BdwEPEdEmSQBqySNKNrw.0",
        "Strict-Transport-Security": "max-age=2592000",
        "Transfer-Encoding": "chunked",
        "X-Azure-Ref": "0ltawZAAAAADoxei16CjqS5ZTMsouh5G1V1NURURHRTA4MjAAOWZjN2I1MTktYThjYy00Zjg5LTkzNWUtYzkxNDhhZTA5ZTgx",
        "X-Cache": "CONFIG_NOCACHE",
        "X-Processing-Time": "269ms"
      },
      "ResponseBody": {
        "operationType": "search",
        "status": "notStarted",
        "resourceLocation": "/availablePhoneNumbers/searchResults/sanitized?api-version=2023-05-01-preview",
        "createdDateTime": "2023-07-14T05:01:10.5355834\u002B00:00",
        "id": "search_sanitized",
        "lastActionDateTime": "0001-01-01T00:00:00\u002B00:00"
      }
    },
    {
      "RequestUri": "https://endpoint/phoneNumbers/operations/search_sanitized?api-version=2023-05-01-preview",
      "RequestMethod": "GET",
      "RequestHeaders": {
        "Accept": "application/json",
        "Accept-Encoding": "gzip,deflate",
        "Authorization": "Sanitized",
        "Connection": "keep-alive",
        "Content-Type": "application/json",
        "User-Agent": "azsdk-js-communication-phone-numbers/1.2.0 core-rest-pipeline/1.11.1 Node/v14.17.5 OS/(x64-Windows_NT-10.0.22621)",
        "x-ms-client-request-id": "sanitized",
        "x-ms-content-sha256": "47DEQpj8HBSa\u002B/TImW\u002B5JCeuQeRkm5NMpJWZG3hSuFU=",
        "x-ms-date": "Fri, 14 Jul 2023 05:01:10 GMT"
      },
      "RequestBody": null,
      "StatusCode": 200,
      "ResponseHeaders": {
        "Access-Control-Expose-Headers": "Location",
        "api-supported-versions": "2021-03-07, 2022-01-11-preview2, 2022-06-01-preview, 2022-11-15-preview, 2022-12-01, 2022-12-02-preview2, 2023-05-01-preview",
        "Content-Type": "application/json; charset=utf-8",
        "Date": "Fri, 14 Jul 2023 05:01:10 GMT",
        "Location": "/availablePhoneNumbers/searchResults/sanitized?api-version=2023-05-01-preview",
        "MS-CV": "pDbhF4Tdske0Q6dhuFABvg.0",
        "Strict-Transport-Security": "max-age=2592000",
        "Transfer-Encoding": "chunked",
        "X-Azure-Ref": "0l9awZAAAAADFckR2/0JLQI9OrFXYWRNnV1NURURHRTA4MjAAOWZjN2I1MTktYThjYy00Zjg5LTkzNWUtYzkxNDhhZTA5ZTgx",
        "X-Cache": "CONFIG_NOCACHE",
        "X-Processing-Time": "246ms"
      },
      "ResponseBody": {
        "operationType": "search",
        "status": "running",
        "resourceLocation": "/availablePhoneNumbers/searchResults/sanitized?api-version=2023-05-01-preview",
        "createdDateTime": "2023-07-14T05:01:10.5355834\u002B00:00",
        "id": "search_sanitized",
        "lastActionDateTime": "0001-01-01T00:00:00\u002B00:00"
      }
    },
    {
      "RequestUri": "https://endpoint/phoneNumbers/operations/search_sanitized?api-version=2023-05-01-preview",
      "RequestMethod": "GET",
      "RequestHeaders": {
        "Accept": "application/json",
        "Accept-Encoding": "gzip,deflate",
        "Authorization": "Sanitized",
        "Connection": "keep-alive",
        "Content-Type": "application/json",
        "User-Agent": "azsdk-js-communication-phone-numbers/1.2.0 core-rest-pipeline/1.11.1 Node/v14.17.5 OS/(x64-Windows_NT-10.0.22621)",
        "x-ms-client-request-id": "sanitized",
        "x-ms-content-sha256": "47DEQpj8HBSa\u002B/TImW\u002B5JCeuQeRkm5NMpJWZG3hSuFU=",
        "x-ms-date": "Fri, 14 Jul 2023 05:01:12 GMT"
      },
      "RequestBody": null,
      "StatusCode": 200,
      "ResponseHeaders": {
        "Access-Control-Expose-Headers": "Location",
        "api-supported-versions": "2021-03-07, 2022-01-11-preview2, 2022-06-01-preview, 2022-11-15-preview, 2022-12-01, 2022-12-02-preview2, 2023-05-01-preview",
        "Content-Type": "application/json; charset=utf-8",
        "Date": "Fri, 14 Jul 2023 05:01:12 GMT",
        "Location": "/availablePhoneNumbers/searchResults/sanitized?api-version=2023-05-01-preview",
        "MS-CV": "RzF08i1EgUWiyD/mBT/xZg.0",
        "Strict-Transport-Security": "max-age=2592000",
        "Transfer-Encoding": "chunked",
        "X-Azure-Ref": "0mdawZAAAAAC1mjLYDgaXS6sPwXcYYGWVV1NURURHRTA4MjAAOWZjN2I1MTktYThjYy00Zjg5LTkzNWUtYzkxNDhhZTA5ZTgx",
        "X-Cache": "CONFIG_NOCACHE",
        "X-Processing-Time": "247ms"
      },
      "ResponseBody": {
        "operationType": "search",
        "status": "succeeded",
        "resourceLocation": "/availablePhoneNumbers/searchResults/sanitized?api-version=2023-05-01-preview",
        "createdDateTime": "2023-07-14T05:01:10.5355834\u002B00:00",
        "id": "search_sanitized",
        "lastActionDateTime": "0001-01-01T00:00:00\u002B00:00"
      }
    },
    {
      "RequestUri": "https://endpoint/availablePhoneNumbers/searchResults/sanitized?api-version=2023-05-01-preview",
      "RequestMethod": "GET",
      "RequestHeaders": {
        "Accept": "application/json",
        "Accept-Encoding": "gzip,deflate",
        "Authorization": "Sanitized",
        "Connection": "keep-alive",
        "Content-Type": "application/json",
        "User-Agent": "azsdk-js-communication-phone-numbers/1.2.0 core-rest-pipeline/1.11.1 Node/v14.17.5 OS/(x64-Windows_NT-10.0.22621)",
        "x-ms-client-request-id": "sanitized",
        "x-ms-content-sha256": "47DEQpj8HBSa\u002B/TImW\u002B5JCeuQeRkm5NMpJWZG3hSuFU=",
        "x-ms-date": "Fri, 14 Jul 2023 05:01:13 GMT"
      },
      "RequestBody": null,
      "StatusCode": 200,
      "ResponseHeaders": {
        "api-supported-versions": "2021-03-07, 2022-01-11-preview2, 2022-06-01-preview, 2022-12-01, 2022-12-02-preview2, 2023-05-01-preview",
        "Content-Length": "311",
        "Content-Type": "application/json; charset=utf-8",
        "Date": "Fri, 14 Jul 2023 05:01:13 GMT",
        "MS-CV": "MR8WTD8\u002BfU6ab0QFJUrS5A.0",
        "Strict-Transport-Security": "max-age=2592000",
        "X-Azure-Ref": "0mdawZAAAAABCb7j9XsTiSaSdUD3IuGUrV1NURURHRTA4MjAAOWZjN2I1MTktYThjYy00Zjg5LTkzNWUtYzkxNDhhZTA5ZTgx",
        "X-Cache": "CONFIG_NOCACHE",
        "X-Processing-Time": "429ms"
      },
      "ResponseBody": {
        "searchId": "sanitized",
        "phoneNumbers": [
          "\u002B14155550100"
        ],
        "phoneNumberType": "tollFree",
        "assignmentType": "application",
        "capabilities": {
          "calling": "outbound",
          "sms": "none"
        },
        "cost": {
          "amount": 2.0,
          "currencyCode": "USD",
          "billingFrequency": "monthly"
        },
        "searchExpiresBy": "2023-07-14T05:17:12.7211917\u002B00:00",
        "error": "NoError"
      }
    }
  ],
  "Variables": {}
}
