{
  "Entries": [
    {
      "RequestUri": "https://endpoint/availablePhoneNumbers/countries/US/:search?api-version=2022-06-01-preview",
      "RequestMethod": "POST",
      "RequestHeaders": {
        "Accept": "application/json",
        "Accept-Encoding": "gzip,deflate",
        "Authorization": "Sanitized",
        "Connection": "keep-alive",
        "Content-Length": "125",
        "Content-Type": "application/json",
        "User-Agent": "azsdk-js-communication-phone-numbers/1.2.0-beta.5 core-rest-pipeline/1.9.1 Node/v16.14.0 OS/(x64-Windows_NT-10.0.22000)",
        "x-ms-client-request-id": "sanitized",
        "x-ms-content-sha256": "um69rwCQDfoJlf7RIyaR7E83TxRZJQn/i\u002BrWwWXvDMo=",
        "x-ms-date": "Wed, 07 Sep 2022 13:36:45 GMT"
      },
      "RequestBody": {
        "phoneNumberType": "tollFree",
        "assignmentType": "application",
        "capabilities": {
          "calling": "outbound",
          "sms": "none"
        },
        "quantity": 1
      },
      "StatusCode": 202,
      "ResponseHeaders": {
        "Access-Control-Expose-Headers": "Location,Operation-Location,operation-id,search-id",
        "api-supported-versions": "2021-03-07, 2022-01-11-preview2, 2022-06-01-preview, 2022-12-01",
        "Content-Length": "0",
        "Date": "Wed, 07 Sep 2022 13:36:49 GMT",
        "Location": "/availablePhoneNumbers/searchResults/sanitized?api-version=2022-06-01-preview",
        "MS-CV": "reVxyPIWb0y68hQE8aHw0A.0",
        "operation-id": "search_sanitized",
        "Operation-Location": "/phoneNumbers/operations/search_sanitized?api-version=2022-06-01-preview",
        "search-id": "sanitized",
        "Strict-Transport-Security": "max-age=2592000",
        "X-Azure-Ref": "0bp4YYwAAAACAtuMzPKTMS5Ts5dMnFh7bUFJHMDFFREdFMDkxMgA5ZmM3YjUxOS1hOGNjLTRmODktOTM1ZS1jOTE0OGFlMDllODE=",
        "X-Cache": "CONFIG_NOCACHE",
        "X-Processing-Time": "3508ms"
      },
      "ResponseBody": null
    },
    {
      "RequestUri": "https://endpoint/phoneNumbers/operations/search_sanitized?api-version=2022-06-01-preview",
      "RequestMethod": "GET",
      "RequestHeaders": {
        "Accept": "application/json",
        "Accept-Encoding": "gzip,deflate",
        "Authorization": "Sanitized",
        "Connection": "keep-alive",
        "Content-Type": "application/json",
        "User-Agent": "azsdk-js-communication-phone-numbers/1.2.0-beta.5 core-rest-pipeline/1.9.1 Node/v16.14.0 OS/(x64-Windows_NT-10.0.22000)",
        "x-ms-client-request-id": "sanitized",
        "x-ms-content-sha256": "47DEQpj8HBSa\u002B/TImW\u002B5JCeuQeRkm5NMpJWZG3hSuFU=",
        "x-ms-date": "Wed, 07 Sep 2022 13:36:48 GMT"
      },
      "RequestBody": null,
      "StatusCode": 200,
      "ResponseHeaders": {
        "Access-Control-Expose-Headers": "Location",
        "api-supported-versions": "2021-03-07, 2022-01-11-preview2, 2022-06-01-preview, 2022-12-01",
        "Content-Type": "application/json; charset=utf-8",
        "Date": "Wed, 07 Sep 2022 13:36:49 GMT",
        "Location": "/availablePhoneNumbers/searchResults/sanitized?api-version=2022-06-01-preview",
        "MS-CV": "U7BQb7uvoUmdaAQRpgjEwQ.0",
        "Strict-Transport-Security": "max-age=2592000",
        "Transfer-Encoding": "chunked",
        "X-Azure-Ref": "0cZ4YYwAAAAD\u002B39Ep6f6dT6DXmpVdHr57UFJHMDFFREdFMDkxMgA5ZmM3YjUxOS1hOGNjLTRmODktOTM1ZS1jOTE0OGFlMDllODE=",
        "X-Cache": "CONFIG_NOCACHE",
        "X-Processing-Time": "765ms"
      },
      "ResponseBody": {
        "operationType": "search",
        "status": "notStarted",
        "resourceLocation": "/availablePhoneNumbers/searchResults/sanitized?api-version=2022-06-01-preview",
        "createdDateTime": "2022-09-07T13:36:48.9884326\u002B00:00",
        "id": "search_sanitized",
        "lastActionDateTime": "0001-01-01T00:00:00\u002B00:00"
      }
    },
    {
      "RequestUri": "https://endpoint/availablePhoneNumbers/searchResults/sanitized?api-version=2022-06-01-preview",
      "RequestMethod": "GET",
      "RequestHeaders": {
        "Accept": "application/json",
        "Accept-Encoding": "gzip,deflate",
        "Authorization": "Sanitized",
        "Connection": "keep-alive",
        "Content-Type": "application/json",
        "User-Agent": "azsdk-js-communication-phone-numbers/1.2.0-beta.5 core-rest-pipeline/1.9.1 Node/v16.14.0 OS/(x64-Windows_NT-10.0.22000)",
        "x-ms-client-request-id": "sanitized",
        "x-ms-content-sha256": "47DEQpj8HBSa\u002B/TImW\u002B5JCeuQeRkm5NMpJWZG3hSuFU=",
        "x-ms-date": "Wed, 07 Sep 2022 13:36:49 GMT"
      },
      "RequestBody": null,
      "StatusCode": 200,
      "ResponseHeaders": {
        "api-supported-versions": "2021-03-07, 2022-01-11-preview2, 2022-06-01-preview, 2022-12-01",
        "Content-Type": "application/json; charset=utf-8",
        "Date": "Wed, 07 Sep 2022 13:36:51 GMT",
        "MS-CV": "GTo4xZd5gU6AZ738MuOrVA.0",
        "Strict-Transport-Security": "max-age=2592000",
        "Transfer-Encoding": "chunked",
        "X-Azure-Ref": "0cp4YYwAAAACLoMto87t4SYiERC\u002BgEpOVUFJHMDFFREdFMDkxMgA5ZmM3YjUxOS1hOGNjLTRmODktOTM1ZS1jOTE0OGFlMDllODE=",
        "X-Cache": "CONFIG_NOCACHE",
        "X-Processing-Time": "1405ms"
      },
      "ResponseBody": {
        "searchId": "sanitized",
        "phoneNumbers": [],
        "phoneNumberType": "tollFree",
        "assignmentType": "application",
        "capabilities": {
          "calling": "outbound",
          "sms": "none"
        },
        "cost": {
          "amount": 2.0,
          "currencyCode": "USD",
          "billingFrequency": "monthly"
        },
        "searchExpiresBy": "2022-09-07T13:36:51.6562092\u002B00:00"
      }
    },
    {
      "RequestUri": "https://endpoint/availablePhoneNumbers/searchResults/sanitized?api-version=2022-06-01-preview",
      "RequestMethod": "GET",
      "RequestHeaders": {
        "Accept": "application/json",
        "Accept-Encoding": "gzip,deflate",
        "Authorization": "Sanitized",
        "Connection": "keep-alive",
        "Content-Type": "application/json",
        "User-Agent": "azsdk-js-communication-phone-numbers/1.2.0-beta.5 core-rest-pipeline/1.9.1 Node/v16.14.0 OS/(x64-Windows_NT-10.0.22000)",
        "x-ms-client-request-id": "sanitized",
        "x-ms-content-sha256": "47DEQpj8HBSa\u002B/TImW\u002B5JCeuQeRkm5NMpJWZG3hSuFU=",
        "x-ms-date": "Wed, 07 Sep 2022 13:36:53 GMT"
      },
      "RequestBody": null,
      "StatusCode": 200,
      "ResponseHeaders": {
        "api-supported-versions": "2021-03-07, 2022-01-11-preview2, 2022-06-01-preview, 2022-12-01",
        "Content-Type": "application/json; charset=utf-8",
        "Date": "Wed, 07 Sep 2022 13:36:55 GMT",
        "MS-CV": "0mjBySDiV0yBJUD\u002BOCZFAg.0",
        "Strict-Transport-Security": "max-age=2592000",
        "Transfer-Encoding": "chunked",
        "X-Azure-Ref": "0dp4YYwAAAACaSWJcT4AiTI7pREl12/56UFJHMDFFREdFMDkxMgA5ZmM3YjUxOS1hOGNjLTRmODktOTM1ZS1jOTE0OGFlMDllODE=",
        "X-Cache": "CONFIG_NOCACHE",
        "X-Processing-Time": "1488ms"
      },
      "ResponseBody": {
        "searchId": "sanitized",
        "phoneNumbers": [
          "\u002B14155550100"
        ],
        "phoneNumberType": "tollFree",
        "assignmentType": "application",
        "capabilities": {
          "calling": "outbound",
          "sms": "none"
        },
        "cost": {
          "amount": 2.0,
          "currencyCode": "USD",
          "billingFrequency": "monthly"
        },
        "searchExpiresBy": "2022-09-07T13:52:53.7015312\u002B00:00"
      }
    }
  ],
  "Variables": {}
}
