{
  "Entries": [
    {
      "RequestUri": "https://endpoint/text/analytics/v3.1/entities/health/jobs?stringIndexType=Utf16CodeUnit",
      "RequestMethod": "POST",
      "RequestHeaders": {
        "Accept": "application/json, text/json",
        "Accept-Encoding": "gzip,deflate",
        "Connection": "keep-alive",
        "Content-Length": "76",
        "Content-Type": "application/json",
        "Ocp-Apim-Subscription-Key": "api_key",
        "User-Agent": "azsdk-js-ai-textanalytics/5.1.1 azsdk-js-ai-text-analytics/5.1.1 core-rest-pipeline/1.9.1 Node/v18.6.0 OS/(x64-Linux-5.10.102.1-microsoft-standard-WSL2)",
        "x-ms-client-request-id": "ed76ad78-1eb2-4c4c-826b-21679d91e9b9"
      },
      "RequestBody": {
        "documents": [
          {
            "id": "1",
            "text": "This won\u0027t actually create a warning :\u0027("
          }
        ]
      },
      "StatusCode": 202,
      "ResponseHeaders": {
        "apim-request-id": "4650f7db-e622-42bc-95d6-b0f57cacfb5e",
        "Date": "Fri, 22 Jul 2022 02:39:23 GMT",
        "operation-location": "https://endpoint/text/analytics/v3.1/entities/health/jobs/7cfeb883-b6b0-4e62-9fd1-f036f68fd3a2",
        "Strict-Transport-Security": "max-age=31536000; includeSubDomains; preload",
        "Transfer-Encoding": "chunked",
        "X-Content-Type-Options": "nosniff",
        "x-envoy-upstream-service-time": "105"
      },
      "ResponseBody": null
    },
    {
      "RequestUri": "https://endpoint/text/analytics/v3.1/entities/health/jobs/7cfeb883-b6b0-4e62-9fd1-f036f68fd3a2?$top=20\u0026$skip=0",
      "RequestMethod": "GET",
      "RequestHeaders": {
        "Accept": "application/json, text/json",
        "Accept-Encoding": "gzip,deflate",
        "Connection": "keep-alive",
        "Ocp-Apim-Subscription-Key": "api_key",
        "User-Agent": "azsdk-js-ai-textanalytics/5.1.1 azsdk-js-ai-text-analytics/5.1.1 core-rest-pipeline/1.9.1 Node/v18.6.0 OS/(x64-Linux-5.10.102.1-microsoft-standard-WSL2)",
        "x-ms-client-request-id": "94bacded-0a7c-4e6e-a3c2-0b4bad7e429a"
      },
      "RequestBody": null,
      "StatusCode": 200,
      "ResponseHeaders": {
        "apim-request-id": "a01ea379-6269-4dc0-8dfc-33b1a9cc17f3",
        "Content-Type": "application/json; charset=utf-8",
        "Date": "Fri, 22 Jul 2022 02:39:23 GMT",
        "Strict-Transport-Security": "max-age=31536000; includeSubDomains; preload",
        "Transfer-Encoding": "chunked",
        "X-Content-Type-Options": "nosniff",
        "x-envoy-upstream-service-time": "10"
      },
      "ResponseBody": {
        "jobId": "7cfeb883-b6b0-4e62-9fd1-f036f68fd3a2",
        "lastUpdateDateTime": "2022-07-22T02:39:23Z",
        "createdDateTime": "2022-07-22T02:39:23Z",
        "expirationDateTime": "2022-07-23T02:39:23Z",
        "status": "notStarted",
        "errors": []
      }
    },
    {
      "RequestUri": "https://endpoint/text/analytics/v3.1/entities/health/jobs/7cfeb883-b6b0-4e62-9fd1-f036f68fd3a2?$top=20\u0026$skip=0",
      "RequestMethod": "GET",
      "RequestHeaders": {
        "Accept": "application/json, text/json",
        "Accept-Encoding": "gzip,deflate",
        "Connection": "keep-alive",
        "Ocp-Apim-Subscription-Key": "api_key",
        "User-Agent": "azsdk-js-ai-textanalytics/5.1.1 azsdk-js-ai-text-analytics/5.1.1 core-rest-pipeline/1.9.1 Node/v18.6.0 OS/(x64-Linux-5.10.102.1-microsoft-standard-WSL2)",
        "x-ms-client-request-id": "470433a7-e501-487e-ae6e-2a6b3343be55"
      },
      "RequestBody": null,
      "StatusCode": 200,
      "ResponseHeaders": {
        "apim-request-id": "556c0729-5b31-4766-a40a-ac3b7deebca0",
        "Content-Type": "application/json; charset=utf-8",
        "Date": "Fri, 22 Jul 2022 02:39:24 GMT",
        "Strict-Transport-Security": "max-age=31536000; includeSubDomains; preload",
        "Transfer-Encoding": "chunked",
        "X-Content-Type-Options": "nosniff",
        "x-envoy-upstream-service-time": "24"
      },
      "ResponseBody": {
        "jobId": "7cfeb883-b6b0-4e62-9fd1-f036f68fd3a2",
        "lastUpdateDateTime": "2022-07-22T02:39:24Z",
        "createdDateTime": "2022-07-22T02:39:23Z",
        "expirationDateTime": "2022-07-23T02:39:23Z",
        "status": "succeeded",
        "errors": [],
        "results": {
          "documents": [
            {
              "id": "1",
              "entities": [],
              "relations": [],
              "warnings": []
            }
          ],
          "errors": [],
          "modelVersion": "2022-03-01"
        }
      }
    },
    {
      "RequestUri": "https://endpoint/text/analytics/v3.1/entities/health/jobs/7cfeb883-b6b0-4e62-9fd1-f036f68fd3a2?$top=20\u0026$skip=0",
      "RequestMethod": "GET",
      "RequestHeaders": {
        "Accept": "application/json, text/json",
        "Accept-Encoding": "gzip,deflate",
        "Connection": "keep-alive",
        "Ocp-Apim-Subscription-Key": "api_key",
        "User-Agent": "azsdk-js-ai-textanalytics/5.1.1 azsdk-js-ai-text-analytics/5.1.1 core-rest-pipeline/1.9.1 Node/v18.6.0 OS/(x64-Linux-5.10.102.1-microsoft-standard-WSL2)",
        "x-ms-client-request-id": "fb05e1df-bdea-46cf-9afd-ac466fb19d5c"
      },
      "RequestBody": null,
      "StatusCode": 200,
      "ResponseHeaders": {
        "apim-request-id": "7c018ccb-ab3d-417c-bc3d-ca9938de428d",
        "Content-Type": "application/json; charset=utf-8",
        "Date": "Fri, 22 Jul 2022 02:39:24 GMT",
        "Strict-Transport-Security": "max-age=31536000; includeSubDomains; preload",
        "Transfer-Encoding": "chunked",
        "X-Content-Type-Options": "nosniff",
        "x-envoy-upstream-service-time": "36"
      },
      "ResponseBody": {
        "jobId": "7cfeb883-b6b0-4e62-9fd1-f036f68fd3a2",
        "lastUpdateDateTime": "2022-07-22T02:39:24Z",
        "createdDateTime": "2022-07-22T02:39:23Z",
        "expirationDateTime": "2022-07-23T02:39:23Z",
        "status": "succeeded",
        "errors": [],
        "results": {
          "documents": [
            {
              "id": "1",
              "entities": [],
              "relations": [],
              "warnings": []
            }
          ],
          "errors": [],
          "modelVersion": "2022-03-01"
        }
      }
    }
  ],
  "Variables": {}
}
