{
  "Entries": [
    {
      "RequestUri": "https://fakestorageaccount.file.core.windows.net/share168617855150409850?restype=share",
      "RequestMethod": "PUT",
      "RequestHeaders": {
        "Accept": "application/xml",
        "Authorization": "Sanitized",
        "Connection": "keep-alive",
        "Content-Length": "0",
        "User-Agent": "azsdk-js-azure-storage-blob/12.13.0 core-rest-pipeline/1.11.1 Node/v16.18.0 OS/(x64-Linux-5.15.0-1038-azure)",
        "x-ms-client-request-id": "90647fd2-2350-4df3-a76a-e4e68547e567",
        "x-ms-date": "Wed, 07 Jun 2023 22:55:51 GMT",
        "x-ms-version": "2021-10-04"
      },
      "RequestBody": null,
      "StatusCode": 201,
      "ResponseHeaders": {
        "Content-Length": "0",
        "Date": "Wed, 07 Jun 2023 22:55:50 GMT",
        "ETag": "\u00220x8DB67AA57A13F39\u0022",
        "Last-Modified": "Wed, 07 Jun 2023 22:55:51 GMT",
        "Server": [
          "Windows-Azure-File/1.0",
          "Microsoft-HTTPAPI/2.0"
        ],
        "x-ms-client-request-id": "90647fd2-2350-4df3-a76a-e4e68547e567",
        "x-ms-request-id": "21eda33f-701a-0031-4e93-992ba2000000",
        "x-ms-version": "2021-10-04"
      },
      "ResponseBody": null
    },
    {
      "RequestUri": "https://fakestorageaccount.file.core.windows.net/share168617855150409850?restype=share\u0026comp=metadata",
      "RequestMethod": "PUT",
      "RequestHeaders": {
        "Accept": "application/xml",
        "Authorization": "Sanitized",
        "Connection": "keep-alive",
        "Content-Length": "0",
        "User-Agent": "azsdk-js-azure-storage-blob/12.13.0 core-rest-pipeline/1.11.1 Node/v16.18.0 OS/(x64-Linux-5.15.0-1038-azure)",
        "x-ms-client-request-id": "38921b34-ffc5-495f-a8fa-1f711e43698a",
        "x-ms-date": "Wed, 07 Jun 2023 22:55:51 GMT",
        "x-ms-meta-key0": "val0",
        "x-ms-meta-keya": "vala",
        "x-ms-meta-keyb": "valb",
        "x-ms-version": "2021-10-04"
      },
      "RequestBody": null,
      "StatusCode": 200,
      "ResponseHeaders": {
        "Content-Length": "0",
        "Date": "Wed, 07 Jun 2023 22:55:50 GMT",
        "ETag": "\u00220x8DB67AA57AD5E6F\u0022",
        "Last-Modified": "Wed, 07 Jun 2023 22:55:51 GMT",
        "Server": [
          "Windows-Azure-File/1.0",
          "Microsoft-HTTPAPI/2.0"
        ],
        "x-ms-client-request-id": "38921b34-ffc5-495f-a8fa-1f711e43698a",
        "x-ms-request-id": "21eda341-701a-0031-4f93-992ba2000000",
        "x-ms-version": "2021-10-04"
      },
      "ResponseBody": null
    },
    {
      "RequestUri": "https://fakestorageaccount.file.core.windows.net/share168617855150409850?restype=share",
      "RequestMethod": "GET",
      "RequestHeaders": {
        "Accept": "application/xml",
        "Authorization": "Sanitized",
        "Connection": "keep-alive",
        "User-Agent": "azsdk-js-azure-storage-blob/12.13.0 core-rest-pipeline/1.11.1 Node/v16.18.0 OS/(x64-Linux-5.15.0-1038-azure)",
        "x-ms-client-request-id": "fa33706b-e66a-449a-8ebe-a73c0bddee6a",
        "x-ms-date": "Wed, 07 Jun 2023 22:55:51 GMT",
        "x-ms-version": "2021-10-04"
      },
      "RequestBody": null,
      "StatusCode": 200,
      "ResponseHeaders": {
        "Access-Control-Allow-Origin": "*",
        "Access-Control-Expose-Headers": "x-ms-request-id,x-ms-client-request-id,Server,x-ms-version,x-ms-meta-key0,x-ms-meta-keya,x-ms-meta-keyb,Last-Modified,ETag,x-ms-lease-status,x-ms-lease-state,x-ms-has-immutability-policy,x-ms-has-legal-hold,x-ms-share-quota,x-ms-access-tier,x-ms-access-tier-change-time,Content-Length,Date,Transfer-Encoding",
        "Content-Length": "0",
        "Date": "Wed, 07 Jun 2023 22:55:50 GMT",
        "ETag": "\u00220x8DB67AA57AD5E6F\u0022",
        "Last-Modified": "Wed, 07 Jun 2023 22:55:51 GMT",
        "Server": [
          "Windows-Azure-File/1.0",
          "Microsoft-HTTPAPI/2.0"
        ],
        "x-ms-access-tier": "TransactionOptimized",
        "x-ms-access-tier-change-time": "Wed, 07 Jun 2023 22:55:51 GMT",
        "x-ms-client-request-id": "fa33706b-e66a-449a-8ebe-a73c0bddee6a",
        "x-ms-has-immutability-policy": "false",
        "x-ms-has-legal-hold": "false",
        "x-ms-lease-state": "available",
        "x-ms-lease-status": "unlocked",
        "x-ms-meta-key0": "val0",
        "x-ms-meta-keya": "vala",
        "x-ms-meta-keyb": "valb",
        "x-ms-request-id": "21eda343-701a-0031-5093-992ba2000000",
        "x-ms-share-quota": "5120",
        "x-ms-version": "2021-10-04"
      },
      "ResponseBody": null
    },
    {
      "RequestUri": "https://fakestorageaccount.file.core.windows.net/share168617855150409850?restype=share",
      "RequestMethod": "DELETE",
      "RequestHeaders": {
        "Accept": "application/xml",
        "Authorization": "Sanitized",
        "Connection": "keep-alive",
        "User-Agent": "azsdk-js-azure-storage-blob/12.13.0 core-rest-pipeline/1.11.1 Node/v16.18.0 OS/(x64-Linux-5.15.0-1038-azure)",
        "x-ms-client-request-id": "dc7d63e9-7ca6-4b55-9c42-f2ddf0b5edf9",
        "x-ms-date": "Wed, 07 Jun 2023 22:55:51 GMT",
        "x-ms-version": "2021-10-04"
      },
      "RequestBody": null,
      "StatusCode": 202,
      "ResponseHeaders": {
        "Content-Length": "0",
        "Date": "Wed, 07 Jun 2023 22:55:50 GMT",
        "Server": [
          "Windows-Azure-File/1.0",
          "Microsoft-HTTPAPI/2.0"
        ],
        "x-ms-client-request-id": "dc7d63e9-7ca6-4b55-9c42-f2ddf0b5edf9",
        "x-ms-request-id": "21eda344-701a-0031-5193-992ba2000000",
        "x-ms-version": "2021-10-04"
      },
      "ResponseBody": null
    }
  ],
  "Variables": {
    "share": "share168617855150409850"
  }
}
