{
  "Entries": [
    {
      "RequestUri": "https://endpoint/routing/distributionPolicies/test-d-policy-recorded-queues?api-version=2022-07-18-preview",
      "RequestMethod": "PATCH",
      "RequestHeaders": {
        "Accept": "application/json",
        "Accept-Encoding": "gzip,deflate",
        "Authorization": "Sanitized",
        "Connection": "keep-alive",
        "Content-Length": "157",
        "Content-Type": "application/merge-patch\u002Bjson",
        "User-Agent": "azsdk-js-communication-job-router/V2022-07-18-preview azsdk-js-communication-job-router/1.0.0-beta.1 core-rest-pipeline/1.11.1 Node/v16.16.0 OS/(x64-Windows_NT-10.0.22621)",
        "x-ms-client-request-id": "c1cf2c13-0248-418a-8bba-8419104ca5ee",
        "x-ms-content-sha256": "iRU4FoF\u002BSHDyek4I2mTj9UxqfsCodrYA4ivTcF4xVFQ=",
        "x-ms-date": "Fri, 21 Jul 2023 05:46:18 GMT"
      },
      "RequestBody": {
        "name": "test-d-policy",
        "offerExpiresAfterSeconds": 60,
        "mode": {
          "kind": "longest-idle",
          "minConcurrentOffers": 1,
          "maxConcurrentOffers": 5,
          "bypassSelectors": false
        }
      },
      "StatusCode": 201,
      "ResponseHeaders": {
        "api-supported-versions": "2021-04-07-preview1, 2022-07-18-preview",
        "Connection": "keep-alive",
        "Content-Type": "application/json; charset=utf-8",
        "Date": "Fri, 21 Jul 2023 05:46:18 GMT",
        "ETag": "\u00220800215a-0000-0700-0000-64ba1baa0000\u0022",
        "Last-Modified": "Fri, 21 Jul 2023 05:46:18 GMT",
        "trace-id": "042c60cf-1da1-dc42-98cd-3cb89b91fb1e",
        "Transfer-Encoding": "chunked",
        "x-azure-ref": "20230721T054618Z-mb4c8vp0qd29zaa8d7ctn3cngw00000000tg000000007gy8",
        "X-Cache": "CONFIG_NOCACHE"
      },
      "ResponseBody": {
        "id": "test-d-policy-recorded-queues",
        "name": "test-d-policy",
        "offerExpiresAfterSeconds": 60,
        "mode": {
          "kind": "longest-idle",
          "minConcurrentOffers": 1,
          "maxConcurrentOffers": 5,
          "bypassSelectors": false
        }
      }
    },
    {
      "RequestUri": "https://endpoint/routing/exceptionPolicies/test-e-policy-recorded-queues?api-version=2022-07-18-preview",
      "RequestMethod": "PATCH",
      "RequestHeaders": {
        "Accept": "application/json",
        "Accept-Encoding": "gzip,deflate",
        "Authorization": "Sanitized",
        "Connection": "keep-alive",
        "Content-Length": "205",
        "Content-Type": "application/merge-patch\u002Bjson",
        "User-Agent": "azsdk-js-communication-job-router/V2022-07-18-preview azsdk-js-communication-job-router/1.0.0-beta.1 core-rest-pipeline/1.11.1 Node/v16.16.0 OS/(x64-Windows_NT-10.0.22621)",
        "x-ms-client-request-id": "63bec131-6014-41fb-a934-65ef6f90c38d",
        "x-ms-content-sha256": "DnPGZm8GTFJTh0d1bEHun9/03VZVF0xo\u002BzuWvPJk3V0=",
        "x-ms-date": "Fri, 21 Jul 2023 05:46:18 GMT"
      },
      "RequestBody": {
        "name": "test-e-policy",
        "exceptionRules": {
          "MaxWaitTimeExceededCancel": {
            "trigger": {
              "kind": "wait-time",
              "thresholdSeconds": 10
            },
            "actions": {
              "Cancel": {
                "kind": "cancel",
                "note": "wait time exceeded; cancelling"
              }
            }
          }
        }
      },
      "StatusCode": 201,
      "ResponseHeaders": {
        "api-supported-versions": "2021-04-07-preview1, 2022-07-18-preview",
        "Connection": "keep-alive",
        "Content-Type": "application/json; charset=utf-8",
        "Date": "Fri, 21 Jul 2023 05:46:19 GMT",
        "ETag": "\u00220200e1fd-0000-0700-0000-64ba1baa0000\u0022",
        "Last-Modified": "Fri, 21 Jul 2023 05:46:18 GMT",
        "trace-id": "b78f4fdd-244a-b228-bc46-644b84a3bcae",
        "Transfer-Encoding": "chunked",
        "x-azure-ref": "20230721T054618Z-mb4c8vp0qd29zaa8d7ctn3cngw00000000tg000000007gyt",
        "X-Cache": "CONFIG_NOCACHE"
      },
      "ResponseBody": {
        "id": "test-e-policy-recorded-queues",
        "name": "test-e-policy",
        "exceptionRules": {
          "MaxWaitTimeExceededCancel": {
            "trigger": {
              "kind": "wait-time",
              "thresholdSeconds": 10
            },
            "actions": {
              "Cancel": {
                "kind": "cancel",
                "note": "wait time exceeded; cancelling"
              }
            }
          }
        }
      }
    },
    {
      "RequestUri": "https://endpoint/routing/queues/test-queue-recorded-queues?api-version=2022-07-18-preview",
      "RequestMethod": "PATCH",
      "RequestHeaders": {
        "Accept": "application/json",
        "Accept-Encoding": "gzip,deflate",
        "Authorization": "Sanitized",
        "Connection": "keep-alive",
        "Content-Length": "140",
        "Content-Type": "application/merge-patch\u002Bjson",
        "User-Agent": "azsdk-js-communication-job-router/V2022-07-18-preview azsdk-js-communication-job-router/1.0.0-beta.1 core-rest-pipeline/1.11.1 Node/v16.16.0 OS/(x64-Windows_NT-10.0.22621)",
        "x-ms-client-request-id": "928de6a7-9b09-4c56-9196-fe4b586ec1ae",
        "x-ms-content-sha256": "hdTn4rYoaPggL2D1QSgAQysmHJpYDlQcjF/VCDRPW\u002Bc=",
        "x-ms-date": "Fri, 21 Jul 2023 05:46:18 GMT"
      },
      "RequestBody": {
        "name": "test-queue",
        "distributionPolicyId": "test-d-policy-recorded-queues",
        "labels": {},
        "exceptionPolicyId": "test-e-policy-recorded-queues"
      },
      "StatusCode": 200,
      "ResponseHeaders": {
        "api-supported-versions": "2021-04-07-preview1, 2022-07-18-preview",
        "Connection": "keep-alive",
        "Content-Type": "application/json; charset=utf-8",
        "Date": "Fri, 21 Jul 2023 05:46:19 GMT",
        "ETag": "\u002202008864-0000-0700-0000-64ba1bab0000\u0022",
        "Last-Modified": "Fri, 21 Jul 2023 05:46:19 GMT",
        "trace-id": "d4a91171-bd5a-ecc1-b5ad-f0fdd48bfb14",
        "Transfer-Encoding": "chunked",
        "x-azure-ref": "20230721T054619Z-mb4c8vp0qd29zaa8d7ctn3cngw00000000tg000000007gz2",
        "X-Cache": "CONFIG_NOCACHE"
      },
      "ResponseBody": {
        "id": "test-queue-recorded-queues",
        "name": "test-queue",
        "distributionPolicyId": "test-d-policy-recorded-queues",
        "labels": {
          "Id": "test-queue-recorded-queues"
        },
        "exceptionPolicyId": "test-e-policy-recorded-queues"
      }
    },
    {
      "RequestUri": "https://endpoint/routing/queues/test-queue-recorded-queues?api-version=2022-07-18-preview",
      "RequestMethod": "PATCH",
      "RequestHeaders": {
        "Accept": "application/json",
        "Accept-Encoding": "gzip,deflate",
        "Authorization": "Sanitized",
        "Connection": "keep-alive",
        "Content-Length": "140",
        "Content-Type": "application/merge-patch\u002Bjson",
        "User-Agent": "azsdk-js-communication-job-router/V2022-07-18-preview azsdk-js-communication-job-router/1.0.0-beta.1 core-rest-pipeline/1.11.1 Node/v16.16.0 OS/(x64-Windows_NT-10.0.22621)",
        "x-ms-client-request-id": "de717daa-da00-4968-9d0d-52a6d727d5de",
        "x-ms-content-sha256": "hdTn4rYoaPggL2D1QSgAQysmHJpYDlQcjF/VCDRPW\u002Bc=",
        "x-ms-date": "Fri, 21 Jul 2023 05:46:18 GMT"
      },
      "RequestBody": {
        "name": "test-queue",
        "distributionPolicyId": "test-d-policy-recorded-queues",
        "labels": {},
        "exceptionPolicyId": "test-e-policy-recorded-queues"
      },
      "StatusCode": 201,
      "ResponseHeaders": {
        "api-supported-versions": "2021-04-07-preview1, 2022-07-18-preview",
        "Connection": "keep-alive",
        "Content-Type": "application/json; charset=utf-8",
        "Date": "Fri, 21 Jul 2023 05:46:19 GMT",
        "ETag": "\u002202008864-0000-0700-0000-64ba1bab0000\u0022",
        "Last-Modified": "Fri, 21 Jul 2023 05:46:19 GMT",
        "trace-id": "a7fb8bbc-db0a-8eab-d819-0c4981e62b32",
        "Transfer-Encoding": "chunked",
        "x-azure-ref": "20230721T054619Z-mb4c8vp0qd29zaa8d7ctn3cngw00000000tg000000007gzm",
        "X-Cache": "CONFIG_NOCACHE"
      },
      "ResponseBody": {
        "id": "test-queue-recorded-queues",
        "name": "test-queue",
        "distributionPolicyId": "test-d-policy-recorded-queues",
        "labels": {
          "Id": "test-queue-recorded-queues"
        },
        "exceptionPolicyId": "test-e-policy-recorded-queues"
      }
    },
    {
      "RequestUri": "https://endpoint/routing/queues/test-queue-recorded-queues?api-version=2022-07-18-preview",
      "RequestMethod": "DELETE",
      "RequestHeaders": {
        "Accept": "application/json",
        "Accept-Encoding": "gzip,deflate",
        "Authorization": "Sanitized",
        "Connection": "keep-alive",
        "User-Agent": "azsdk-js-communication-job-router/V2022-07-18-preview azsdk-js-communication-job-router/1.0.0-beta.1 core-rest-pipeline/1.11.1 Node/v16.16.0 OS/(x64-Windows_NT-10.0.22621)",
        "x-ms-client-request-id": "1facd5de-d5df-45c2-bbba-fa46f8f8bb60",
        "x-ms-content-sha256": "47DEQpj8HBSa\u002B/TImW\u002B5JCeuQeRkm5NMpJWZG3hSuFU=",
        "x-ms-date": "Fri, 21 Jul 2023 05:46:18 GMT"
      },
      "RequestBody": null,
      "StatusCode": 204,
      "ResponseHeaders": {
        "api-supported-versions": "2021-04-07-preview1, 2022-07-18-preview",
        "Connection": "keep-alive",
        "Date": "Fri, 21 Jul 2023 05:46:19 GMT",
        "trace-id": "291d283c-cad0-9c58-d155-78162a97869d",
        "x-azure-ref": "20230721T054619Z-mb4c8vp0qd29zaa8d7ctn3cngw00000000tg000000007gzv",
        "X-Cache": "CONFIG_NOCACHE"
      },
      "ResponseBody": null
    },
    {
      "RequestUri": "https://endpoint/routing/exceptionPolicies/test-e-policy-recorded-queues?api-version=2022-07-18-preview",
      "RequestMethod": "DELETE",
      "RequestHeaders": {
        "Accept": "application/json",
        "Accept-Encoding": "gzip,deflate",
        "Authorization": "Sanitized",
        "Connection": "keep-alive",
        "User-Agent": "azsdk-js-communication-job-router/V2022-07-18-preview azsdk-js-communication-job-router/1.0.0-beta.1 core-rest-pipeline/1.11.1 Node/v16.16.0 OS/(x64-Windows_NT-10.0.22621)",
        "x-ms-client-request-id": "ea858ae8-0334-412f-b0df-262d8cd3a4da",
        "x-ms-content-sha256": "47DEQpj8HBSa\u002B/TImW\u002B5JCeuQeRkm5NMpJWZG3hSuFU=",
        "x-ms-date": "Fri, 21 Jul 2023 05:46:18 GMT"
      },
      "RequestBody": null,
      "StatusCode": 204,
      "ResponseHeaders": {
        "api-supported-versions": "2021-04-07-preview1, 2022-07-18-preview",
        "Connection": "keep-alive",
        "Date": "Fri, 21 Jul 2023 05:46:19 GMT",
        "trace-id": "9db8a76b-9025-ef13-5c28-af563cea6945",
        "x-azure-ref": "20230721T054619Z-mb4c8vp0qd29zaa8d7ctn3cngw00000000tg000000007h00",
        "X-Cache": "CONFIG_NOCACHE"
      },
      "ResponseBody": null
    },
    {
      "RequestUri": "https://endpoint/routing/distributionPolicies/test-d-policy-recorded-queues?api-version=2022-07-18-preview",
      "RequestMethod": "DELETE",
      "RequestHeaders": {
        "Accept": "application/json",
        "Accept-Encoding": "gzip,deflate",
        "Authorization": "Sanitized",
        "Connection": "keep-alive",
        "User-Agent": "azsdk-js-communication-job-router/V2022-07-18-preview azsdk-js-communication-job-router/1.0.0-beta.1 core-rest-pipeline/1.11.1 Node/v16.16.0 OS/(x64-Windows_NT-10.0.22621)",
        "x-ms-client-request-id": "1b241955-607f-4d90-93af-485534d62326",
        "x-ms-content-sha256": "47DEQpj8HBSa\u002B/TImW\u002B5JCeuQeRkm5NMpJWZG3hSuFU=",
        "x-ms-date": "Fri, 21 Jul 2023 05:46:18 GMT"
      },
      "RequestBody": null,
      "StatusCode": 204,
      "ResponseHeaders": {
        "api-supported-versions": "2021-04-07-preview1, 2022-07-18-preview",
        "Connection": "keep-alive",
        "Date": "Fri, 21 Jul 2023 05:46:19 GMT",
        "trace-id": "54d53210-5c4e-756d-071b-2000e7a0ee2f",
        "x-azure-ref": "20230721T054619Z-mb4c8vp0qd29zaa8d7ctn3cngw00000000tg000000007h0a",
        "X-Cache": "CONFIG_NOCACHE"
      },
      "ResponseBody": null
    }
  ],
  "Variables": {}
}
