{
  "Entries": [
    {
      "RequestUri": "https://endpoint/text/analytics/v3.2-preview.2/analyze",
      "RequestMethod": "POST",
      "RequestHeaders": {
        "Accept": "application/json, text/json",
        "Accept-Encoding": "gzip,deflate",
        "Connection": "keep-alive",
        "Content-Length": "436",
        "Content-Type": "application/json",
        "Ocp-Apim-Subscription-Key": "api_key",
        "User-Agent": "azsdk-js-ai-text-analytics/5.2.0-beta.3 core-rest-pipeline/1.8.2 Node/v16.13.2 OS/(x64-Linux-5.10.102.1-microsoft-standard-WSL2)",
        "x-ms-client-request-id": "8c64bb89-5e4e-4528-b505-ead2ceaa35ee"
      },
      "RequestBody": {
        "analysisInput": {
          "documents": [
            {
              "id": "0",
              "text": "This should fail because we\u0027re passing in an invalid language hint",
              "language": "notalanguage"
            }
          ]
        },
        "tasks": {
          "entityRecognitionTasks": [
            {
              "parameters": {
                "model-version": "latest",
                "stringIndexType": "Utf16CodeUnit"
              }
            }
          ],
          "entityRecognitionPiiTasks": [
            {
              "parameters": {
                "model-version": "latest",
                "stringIndexType": "Utf16CodeUnit"
              }
            }
          ],
          "keyPhraseExtractionTasks": [
            {
              "parameters": {
                "model-version": "latest"
              }
            }
          ]
        }
      },
      "StatusCode": 202,
      "ResponseHeaders": {
        "apim-request-id": "25df58d1-a8c9-4909-b9b2-d8feddf80469",
        "Date": "Tue, 10 May 2022 00:06:43 GMT",
        "operation-location": "https://endpoint/text/analytics/v3.2-preview.2/analyze/jobs/3c805101-92ea-47bc-9489-657769e3af76",
        "Strict-Transport-Security": "max-age=31536000; includeSubDomains; preload",
        "Transfer-Encoding": "chunked",
        "X-Content-Type-Options": "nosniff",
        "x-envoy-upstream-service-time": "193"
      },
      "ResponseBody": null
    },
    {
      "RequestUri": "https://endpoint/text/analytics/v3.2-preview.2/analyze/jobs/3c805101-92ea-47bc-9489-657769e3af76?$top=20\u0026$skip=0",
      "RequestMethod": "GET",
      "RequestHeaders": {
        "Accept": "application/json, text/json",
        "Accept-Encoding": "gzip,deflate",
        "Connection": "keep-alive",
        "Ocp-Apim-Subscription-Key": "api_key",
        "User-Agent": "azsdk-js-ai-text-analytics/5.2.0-beta.3 core-rest-pipeline/1.8.2 Node/v16.13.2 OS/(x64-Linux-5.10.102.1-microsoft-standard-WSL2)",
        "x-ms-client-request-id": "6db2e310-3a22-4671-8827-fccae26a3e15"
      },
      "RequestBody": null,
      "StatusCode": 200,
      "ResponseHeaders": {
        "apim-request-id": "8c9e603c-dca8-4fd7-a959-8539c98d9d53",
        "Content-Type": "application/json; charset=utf-8",
        "Date": "Tue, 10 May 2022 00:06:43 GMT",
        "Strict-Transport-Security": "max-age=31536000; includeSubDomains; preload",
        "Transfer-Encoding": "chunked",
        "X-Content-Type-Options": "nosniff",
        "x-envoy-upstream-service-time": "9"
      },
      "ResponseBody": {
        "jobId": "3c805101-92ea-47bc-9489-657769e3af76",
        "lastUpdateDateTime": "2022-05-10T00:06:43Z",
        "createdDateTime": "2022-05-10T00:06:43Z",
        "expirationDateTime": "2022-05-11T00:06:43Z",
        "status": "notStarted",
        "errors": [],
        "tasks": {
          "completed": 0,
          "failed": 0,
          "inProgress": 3,
          "total": 3
        }
      }
    },
    {
      "RequestUri": "https://endpoint/text/analytics/v3.2-preview.2/analyze/jobs/3c805101-92ea-47bc-9489-657769e3af76?$top=20\u0026$skip=0",
      "RequestMethod": "GET",
      "RequestHeaders": {
        "Accept": "application/json, text/json",
        "Accept-Encoding": "gzip,deflate",
        "Connection": "keep-alive",
        "Ocp-Apim-Subscription-Key": "api_key",
        "User-Agent": "azsdk-js-ai-text-analytics/5.2.0-beta.3 core-rest-pipeline/1.8.2 Node/v16.13.2 OS/(x64-Linux-5.10.102.1-microsoft-standard-WSL2)",
        "x-ms-client-request-id": "f2d58895-9499-45f2-9e27-728dc717b1d7"
      },
      "RequestBody": null,
      "StatusCode": 200,
      "ResponseHeaders": {
        "apim-request-id": "8b1e879f-9cea-4390-899f-4e69853e529a",
        "Content-Type": "application/json; charset=utf-8",
        "Date": "Tue, 10 May 2022 00:06:43 GMT",
        "Strict-Transport-Security": "max-age=31536000; includeSubDomains; preload",
        "Transfer-Encoding": "chunked",
        "X-Content-Type-Options": "nosniff",
        "x-envoy-upstream-service-time": "8"
      },
      "ResponseBody": {
        "jobId": "3c805101-92ea-47bc-9489-657769e3af76",
        "lastUpdateDateTime": "2022-05-10T00:06:43Z",
        "createdDateTime": "2022-05-10T00:06:43Z",
        "expirationDateTime": "2022-05-11T00:06:43Z",
        "status": "notStarted",
        "errors": [],
        "tasks": {
          "completed": 0,
          "failed": 0,
          "inProgress": 3,
          "total": 3
        }
      }
    },
    {
      "RequestUri": "https://endpoint/text/analytics/v3.2-preview.2/analyze/jobs/3c805101-92ea-47bc-9489-657769e3af76?$top=20\u0026$skip=0",
      "RequestMethod": "GET",
      "RequestHeaders": {
        "Accept": "application/json, text/json",
        "Accept-Encoding": "gzip,deflate",
        "Connection": "keep-alive",
        "Ocp-Apim-Subscription-Key": "api_key",
        "User-Agent": "azsdk-js-ai-text-analytics/5.2.0-beta.3 core-rest-pipeline/1.8.2 Node/v16.13.2 OS/(x64-Linux-5.10.102.1-microsoft-standard-WSL2)",
        "x-ms-client-request-id": "34c54630-5628-465c-89ea-b47e77a66cd6"
      },
      "RequestBody": null,
      "StatusCode": 200,
      "ResponseHeaders": {
        "apim-request-id": "c7148a77-06cd-4be2-96c1-0be418677ef5",
        "Content-Type": "application/json; charset=utf-8",
        "Date": "Tue, 10 May 2022 00:06:45 GMT",
        "Strict-Transport-Security": "max-age=31536000; includeSubDomains; preload",
        "Transfer-Encoding": "chunked",
        "X-Content-Type-Options": "nosniff",
        "x-envoy-upstream-service-time": "80"
      },
      "ResponseBody": {
        "jobId": "3c805101-92ea-47bc-9489-657769e3af76",
        "lastUpdateDateTime": "2022-05-10T00:06:44Z",
        "createdDateTime": "2022-05-10T00:06:43Z",
        "expirationDateTime": "2022-05-11T00:06:43Z",
        "status": "succeeded",
        "errors": [],
        "tasks": {
          "completed": 3,
          "failed": 0,
          "inProgress": 0,
          "total": 3,
          "entityRecognitionTasks": [
            {
              "lastUpdateDateTime": "2022-05-10T00:06:44.7604835Z",
              "state": "succeeded",
              "results": {
                "documents": [],
                "errors": [
                  {
                    "id": "0",
                    "error": {
                      "code": "InvalidArgument",
                      "message": "Invalid Language Code.",
                      "innererror": {
                        "code": "UnsupportedLanguageCode",
                        "message": "Invalid language code. Supported languages: en,es,de,fr,zh-Hans,ar,cs,da,fi,hu,it,ja,ko,no,nl,pl,pt-BR,pt-PT,ru,sv,tr. For additional details see https://aka.ms/text-analytics/language-support?tabs=named-entity-recognition"
                      }
                    }
                  }
                ],
                "modelVersion": "2021-06-01"
              }
            }
          ],
          "entityRecognitionPiiTasks": [
            {
              "lastUpdateDateTime": "2022-05-10T00:06:44.8075591Z",
              "state": "succeeded",
              "results": {
                "documents": [],
                "errors": [
                  {
                    "id": "0",
                    "error": {
                      "code": "InvalidArgument",
                      "message": "Invalid Language Code.",
                      "innererror": {
                        "code": "UnsupportedLanguageCode",
                        "message": "Invalid language code. Supported languages: ja,ko,zh-Hans,de,en,es,fr,it,pt-BR,pt-PT. For additional details see https://aka.ms/text-analytics/language-support?tabs=named-entity-recognition"
                      }
                    }
                  }
                ],
                "modelVersion": "2021-01-15"
              }
            }
          ],
          "keyPhraseExtractionTasks": [
            {
              "lastUpdateDateTime": "2022-05-10T00:06:44.7086732Z",
              "state": "succeeded",
              "results": {
                "documents": [],
                "errors": [
                  {
                    "id": "0",
                    "error": {
                      "code": "InvalidArgument",
                      "message": "Invalid Language Code.",
                      "innererror": {
                        "code": "UnsupportedLanguageCode",
                        "message": "Invalid language code. Supported languages: ja,ko,zh-Hans,da,fi,nl,pl,ru,sv,de,en,es,fr,it,pt-BR,pt-PT,af,bg,ca,el,et,hr,hu,id,lv,no,ro,sk,sl,tr. For additional details see https://aka.ms/text-analytics/language-support?tabs=key-phrase-extraction"
                      }
                    }
                  }
                ],
                "modelVersion": "2021-06-01"
              }
            }
          ]
        }
      }
    },
    {
      "RequestUri": "https://endpoint/text/analytics/v3.2-preview.2/analyze/jobs/3c805101-92ea-47bc-9489-657769e3af76?$top=20\u0026$skip=0",
      "RequestMethod": "GET",
      "RequestHeaders": {
        "Accept": "application/json, text/json",
        "Accept-Encoding": "gzip,deflate",
        "Connection": "keep-alive",
        "Ocp-Apim-Subscription-Key": "api_key",
        "User-Agent": "azsdk-js-ai-text-analytics/5.2.0-beta.3 core-rest-pipeline/1.8.2 Node/v16.13.2 OS/(x64-Linux-5.10.102.1-microsoft-standard-WSL2)",
        "x-ms-client-request-id": "2cfb70ed-aa34-4e13-81cb-28324775643f"
      },
      "RequestBody": null,
      "StatusCode": 200,
      "ResponseHeaders": {
        "apim-request-id": "5180f229-8e52-425a-9614-9e310c6ce211",
        "Content-Type": "application/json; charset=utf-8",
        "Date": "Tue, 10 May 2022 00:06:45 GMT",
        "Strict-Transport-Security": "max-age=31536000; includeSubDomains; preload",
        "Transfer-Encoding": "chunked",
        "X-Content-Type-Options": "nosniff",
        "x-envoy-upstream-service-time": "79"
      },
      "ResponseBody": {
        "jobId": "3c805101-92ea-47bc-9489-657769e3af76",
        "lastUpdateDateTime": "2022-05-10T00:06:44Z",
        "createdDateTime": "2022-05-10T00:06:43Z",
        "expirationDateTime": "2022-05-11T00:06:43Z",
        "status": "succeeded",
        "errors": [],
        "tasks": {
          "completed": 3,
          "failed": 0,
          "inProgress": 0,
          "total": 3,
          "entityRecognitionTasks": [
            {
              "lastUpdateDateTime": "2022-05-10T00:06:44.7604835Z",
              "state": "succeeded",
              "results": {
                "documents": [],
                "errors": [
                  {
                    "id": "0",
                    "error": {
                      "code": "InvalidArgument",
                      "message": "Invalid Language Code.",
                      "innererror": {
                        "code": "UnsupportedLanguageCode",
                        "message": "Invalid language code. Supported languages: en,es,de,fr,zh-Hans,ar,cs,da,fi,hu,it,ja,ko,no,nl,pl,pt-BR,pt-PT,ru,sv,tr. For additional details see https://aka.ms/text-analytics/language-support?tabs=named-entity-recognition"
                      }
                    }
                  }
                ],
                "modelVersion": "2021-06-01"
              }
            }
          ],
          "entityRecognitionPiiTasks": [
            {
              "lastUpdateDateTime": "2022-05-10T00:06:44.8075591Z",
              "state": "succeeded",
              "results": {
                "documents": [],
                "errors": [
                  {
                    "id": "0",
                    "error": {
                      "code": "InvalidArgument",
                      "message": "Invalid Language Code.",
                      "innererror": {
                        "code": "UnsupportedLanguageCode",
                        "message": "Invalid language code. Supported languages: ja,ko,zh-Hans,de,en,es,fr,it,pt-BR,pt-PT. For additional details see https://aka.ms/text-analytics/language-support?tabs=named-entity-recognition"
                      }
                    }
                  }
                ],
                "modelVersion": "2021-01-15"
              }
            }
          ],
          "keyPhraseExtractionTasks": [
            {
              "lastUpdateDateTime": "2022-05-10T00:06:44.7086732Z",
              "state": "succeeded",
              "results": {
                "documents": [],
                "errors": [
                  {
                    "id": "0",
                    "error": {
                      "code": "InvalidArgument",
                      "message": "Invalid Language Code.",
                      "innererror": {
                        "code": "UnsupportedLanguageCode",
                        "message": "Invalid language code. Supported languages: ja,ko,zh-Hans,da,fi,nl,pl,ru,sv,de,en,es,fr,it,pt-BR,pt-PT,af,bg,ca,el,et,hr,hu,id,lv,no,ro,sk,sl,tr. For additional details see https://aka.ms/text-analytics/language-support?tabs=key-phrase-extraction"
                      }
                    }
                  }
                ],
                "modelVersion": "2021-06-01"
              }
            }
          ]
        }
      }
    }
  ],
  "Variables": {}
}
