{
  "Entries": [
    {
      "RequestUri": "https://endpoint/text/analytics/v3.1/analyze",
      "RequestMethod": "POST",
      "RequestHeaders": {
        "Accept": "application/json, text/json",
        "Accept-Encoding": "gzip,deflate",
        "Connection": "keep-alive",
        "Content-Length": "471",
        "Content-Type": "application/json",
        "Ocp-Apim-Subscription-Key": "api_key",
        "User-Agent": "azsdk-js-ai-textanalytics/5.1.1 azsdk-js-ai-text-analytics/5.1.1 core-rest-pipeline/1.9.1 Node/v18.6.0 OS/(x64-Linux-5.10.102.1-microsoft-standard-WSL2)",
        "x-ms-client-request-id": "29273bfc-bd36-4802-9e4e-9f908ccfbd86"
      },
      "RequestBody": {
        "analysisInput": {
          "documents": [
            {
              "id": "1",
              "text": "Microsoft was founded by Bill Gates and Paul Allen on April 4, 1975.",
              "language": "en"
            },
            {
              "id": "2",
              "text": "Microsoft fue fundado por Bill Gates y Paul Allen el 4 de abril de 1975.",
              "language": "es"
            },
            {
              "id": "3",
              "text": "Microsoft wurde am 4. April 1975 von Bill Gates und Paul Allen gegr\u00FCndet.",
              "language": "de"
            }
          ]
        },
        "tasks": {
          "entityRecognitionTasks": [
            {
              "parameters": {
                "model-version": "latest",
                "stringIndexType": "Utf16CodeUnit"
              }
            }
          ]
        }
      },
      "StatusCode": 202,
      "ResponseHeaders": {
        "apim-request-id": "04aca2a5-3935-443e-8462-521b57e3fb7d",
        "Date": "Fri, 22 Jul 2022 02:36:15 GMT",
        "operation-location": "https://endpoint/text/analytics/v3.1/analyze/jobs/f4dca60f-4b0a-424c-a6b8-497f88f0e9f5",
        "Strict-Transport-Security": "max-age=31536000; includeSubDomains; preload",
        "Transfer-Encoding": "chunked",
        "X-Content-Type-Options": "nosniff",
        "x-envoy-upstream-service-time": "180"
      },
      "ResponseBody": null
    },
    {
      "RequestUri": "https://endpoint/text/analytics/v3.1/analyze/jobs/f4dca60f-4b0a-424c-a6b8-497f88f0e9f5?$top=20\u0026$skip=0",
      "RequestMethod": "GET",
      "RequestHeaders": {
        "Accept": "application/json, text/json",
        "Accept-Encoding": "gzip,deflate",
        "Connection": "keep-alive",
        "Ocp-Apim-Subscription-Key": "api_key",
        "User-Agent": "azsdk-js-ai-textanalytics/5.1.1 azsdk-js-ai-text-analytics/5.1.1 core-rest-pipeline/1.9.1 Node/v18.6.0 OS/(x64-Linux-5.10.102.1-microsoft-standard-WSL2)",
        "x-ms-client-request-id": "84c700d9-c279-465a-bfc5-eb572cb2dbb0"
      },
      "RequestBody": null,
      "StatusCode": 200,
      "ResponseHeaders": {
        "apim-request-id": "3eb3102c-372a-4f9b-8e34-8be4e34d7266",
        "Content-Type": "application/json; charset=utf-8",
        "Date": "Fri, 22 Jul 2022 02:36:15 GMT",
        "Strict-Transport-Security": "max-age=31536000; includeSubDomains; preload",
        "Transfer-Encoding": "chunked",
        "X-Content-Type-Options": "nosniff",
        "x-envoy-upstream-service-time": "7"
      },
      "ResponseBody": {
        "jobId": "f4dca60f-4b0a-424c-a6b8-497f88f0e9f5",
        "lastUpdateDateTime": "2022-07-22T02:36:15Z",
        "createdDateTime": "2022-07-22T02:36:15Z",
        "expirationDateTime": "2022-07-23T02:36:15Z",
        "status": "notStarted",
        "errors": [],
        "tasks": {
          "completed": 0,
          "failed": 0,
          "inProgress": 1,
          "total": 1
        }
      }
    },
    {
      "RequestUri": "https://endpoint/text/analytics/v3.1/analyze/jobs/f4dca60f-4b0a-424c-a6b8-497f88f0e9f5?$top=20\u0026$skip=0",
      "RequestMethod": "GET",
      "RequestHeaders": {
        "Accept": "application/json, text/json",
        "Accept-Encoding": "gzip,deflate",
        "Connection": "keep-alive",
        "Ocp-Apim-Subscription-Key": "api_key",
        "User-Agent": "azsdk-js-ai-textanalytics/5.1.1 azsdk-js-ai-text-analytics/5.1.1 core-rest-pipeline/1.9.1 Node/v18.6.0 OS/(x64-Linux-5.10.102.1-microsoft-standard-WSL2)",
        "x-ms-client-request-id": "aa777da4-3117-4d97-8c1e-e26c634cd420"
      },
      "RequestBody": null,
      "StatusCode": 200,
      "ResponseHeaders": {
        "apim-request-id": "0984fd40-525c-4518-9ac8-0713b5a71970",
        "Content-Type": "application/json; charset=utf-8",
        "Date": "Fri, 22 Jul 2022 02:36:16 GMT",
        "Strict-Transport-Security": "max-age=31536000; includeSubDomains; preload",
        "Transfer-Encoding": "chunked",
        "X-Content-Type-Options": "nosniff",
        "x-envoy-upstream-service-time": "7"
      },
      "ResponseBody": {
        "jobId": "f4dca60f-4b0a-424c-a6b8-497f88f0e9f5",
        "lastUpdateDateTime": "2022-07-22T02:36:16Z",
        "createdDateTime": "2022-07-22T02:36:15Z",
        "expirationDateTime": "2022-07-23T02:36:15Z",
        "status": "running",
        "errors": [],
        "tasks": {
          "completed": 0,
          "failed": 0,
          "inProgress": 1,
          "total": 1
        }
      }
    },
    {
      "RequestUri": "https://endpoint/text/analytics/v3.1/analyze/jobs/f4dca60f-4b0a-424c-a6b8-497f88f0e9f5?$top=20\u0026$skip=0",
      "RequestMethod": "GET",
      "RequestHeaders": {
        "Accept": "application/json, text/json",
        "Accept-Encoding": "gzip,deflate",
        "Connection": "keep-alive",
        "Ocp-Apim-Subscription-Key": "api_key",
        "User-Agent": "azsdk-js-ai-textanalytics/5.1.1 azsdk-js-ai-text-analytics/5.1.1 core-rest-pipeline/1.9.1 Node/v18.6.0 OS/(x64-Linux-5.10.102.1-microsoft-standard-WSL2)",
        "x-ms-client-request-id": "bc5e9345-5419-46d2-b8f3-da2d6d457a41"
      },
      "RequestBody": null,
      "StatusCode": 200,
      "ResponseHeaders": {
        "apim-request-id": "1477d545-fdb3-43fd-b2b2-0570060a30bc",
        "Content-Type": "application/json; charset=utf-8",
        "Date": "Fri, 22 Jul 2022 02:36:18 GMT",
        "Strict-Transport-Security": "max-age=31536000; includeSubDomains; preload",
        "Transfer-Encoding": "chunked",
        "X-Content-Type-Options": "nosniff",
        "x-envoy-upstream-service-time": "51"
      },
      "ResponseBody": {
        "jobId": "f4dca60f-4b0a-424c-a6b8-497f88f0e9f5",
        "lastUpdateDateTime": "2022-07-22T02:36:18Z",
        "createdDateTime": "2022-07-22T02:36:15Z",
        "expirationDateTime": "2022-07-23T02:36:15Z",
        "status": "succeeded",
        "errors": [],
        "tasks": {
          "completed": 1,
          "failed": 0,
          "inProgress": 0,
          "total": 1,
          "entityRecognitionTasks": [
            {
              "lastUpdateDateTime": "2022-07-22T02:36:18.442568Z",
              "state": "succeeded",
              "results": {
                "documents": [
                  {
                    "id": "1",
                    "entities": [
                      {
                        "text": "Microsoft",
                        "category": "Organization",
                        "offset": 0,
                        "length": 9,
                        "confidenceScore": 1.0
                      },
                      {
                        "text": "Bill Gates",
                        "category": "Person",
                        "offset": 25,
                        "length": 10,
                        "confidenceScore": 1.0
                      },
                      {
                        "text": "Paul Allen",
                        "category": "Person",
                        "offset": 40,
                        "length": 10,
                        "confidenceScore": 1.0
                      },
                      {
                        "text": "April 4, 1975",
                        "category": "DateTime",
                        "subcategory": "Date",
                        "offset": 54,
                        "length": 13,
                        "confidenceScore": 0.8
                      }
                    ],
                    "warnings": []
                  },
                  {
                    "id": "2",
                    "entities": [
                      {
                        "text": "Microsoft",
                        "category": "Organization",
                        "offset": 0,
                        "length": 9,
                        "confidenceScore": 1.0
                      },
                      {
                        "text": "Bill Gates",
                        "category": "Person",
                        "offset": 26,
                        "length": 10,
                        "confidenceScore": 1.0
                      },
                      {
                        "text": "Paul Allen",
                        "category": "Person",
                        "offset": 39,
                        "length": 10,
                        "confidenceScore": 0.99
                      },
                      {
                        "text": "4 de abril de 1975",
                        "category": "DateTime",
                        "subcategory": "Date",
                        "offset": 53,
                        "length": 18,
                        "confidenceScore": 0.8
                      }
                    ],
                    "warnings": []
                  },
                  {
                    "id": "3",
                    "entities": [
                      {
                        "text": "Microsoft",
                        "category": "Organization",
                        "offset": 0,
                        "length": 9,
                        "confidenceScore": 1.0
                      },
                      {
                        "text": "4. April 1975",
                        "category": "DateTime",
                        "subcategory": "Date",
                        "offset": 19,
                        "length": 13,
                        "confidenceScore": 0.8
                      },
                      {
                        "text": "Bill Gates",
                        "category": "Person",
                        "offset": 37,
                        "length": 10,
                        "confidenceScore": 1.0
                      },
                      {
                        "text": "Paul Allen",
                        "category": "Person",
                        "offset": 52,
                        "length": 10,
                        "confidenceScore": 1.0
                      }
                    ],
                    "warnings": []
                  }
                ],
                "errors": [],
                "modelVersion": "2021-06-01"
              }
            }
          ]
        }
      }
    },
    {
      "RequestUri": "https://endpoint/text/analytics/v3.1/analyze/jobs/f4dca60f-4b0a-424c-a6b8-497f88f0e9f5?$top=20\u0026$skip=0",
      "RequestMethod": "GET",
      "RequestHeaders": {
        "Accept": "application/json, text/json",
        "Accept-Encoding": "gzip,deflate",
        "Connection": "keep-alive",
        "Ocp-Apim-Subscription-Key": "api_key",
        "User-Agent": "azsdk-js-ai-textanalytics/5.1.1 azsdk-js-ai-text-analytics/5.1.1 core-rest-pipeline/1.9.1 Node/v18.6.0 OS/(x64-Linux-5.10.102.1-microsoft-standard-WSL2)",
        "x-ms-client-request-id": "57f6833d-9212-4ec0-b0db-4d34a666707a"
      },
      "RequestBody": null,
      "StatusCode": 200,
      "ResponseHeaders": {
        "apim-request-id": "89bf2733-8ad3-4cb0-a7f8-f59eb3fb84e6",
        "Content-Type": "application/json; charset=utf-8",
        "Date": "Fri, 22 Jul 2022 02:36:19 GMT",
        "Strict-Transport-Security": "max-age=31536000; includeSubDomains; preload",
        "Transfer-Encoding": "chunked",
        "X-Content-Type-Options": "nosniff",
        "x-envoy-upstream-service-time": "49"
      },
      "ResponseBody": {
        "jobId": "f4dca60f-4b0a-424c-a6b8-497f88f0e9f5",
        "lastUpdateDateTime": "2022-07-22T02:36:18Z",
        "createdDateTime": "2022-07-22T02:36:15Z",
        "expirationDateTime": "2022-07-23T02:36:15Z",
        "status": "succeeded",
        "errors": [],
        "tasks": {
          "completed": 1,
          "failed": 0,
          "inProgress": 0,
          "total": 1,
          "entityRecognitionTasks": [
            {
              "lastUpdateDateTime": "2022-07-22T02:36:18.442568Z",
              "state": "succeeded",
              "results": {
                "documents": [
                  {
                    "id": "1",
                    "entities": [
                      {
                        "text": "Microsoft",
                        "category": "Organization",
                        "offset": 0,
                        "length": 9,
                        "confidenceScore": 1.0
                      },
                      {
                        "text": "Bill Gates",
                        "category": "Person",
                        "offset": 25,
                        "length": 10,
                        "confidenceScore": 1.0
                      },
                      {
                        "text": "Paul Allen",
                        "category": "Person",
                        "offset": 40,
                        "length": 10,
                        "confidenceScore": 1.0
                      },
                      {
                        "text": "April 4, 1975",
                        "category": "DateTime",
                        "subcategory": "Date",
                        "offset": 54,
                        "length": 13,
                        "confidenceScore": 0.8
                      }
                    ],
                    "warnings": []
                  },
                  {
                    "id": "2",
                    "entities": [
                      {
                        "text": "Microsoft",
                        "category": "Organization",
                        "offset": 0,
                        "length": 9,
                        "confidenceScore": 1.0
                      },
                      {
                        "text": "Bill Gates",
                        "category": "Person",
                        "offset": 26,
                        "length": 10,
                        "confidenceScore": 1.0
                      },
                      {
                        "text": "Paul Allen",
                        "category": "Person",
                        "offset": 39,
                        "length": 10,
                        "confidenceScore": 0.99
                      },
                      {
                        "text": "4 de abril de 1975",
                        "category": "DateTime",
                        "subcategory": "Date",
                        "offset": 53,
                        "length": 18,
                        "confidenceScore": 0.8
                      }
                    ],
                    "warnings": []
                  },
                  {
                    "id": "3",
                    "entities": [
                      {
                        "text": "Microsoft",
                        "category": "Organization",
                        "offset": 0,
                        "length": 9,
                        "confidenceScore": 1.0
                      },
                      {
                        "text": "4. April 1975",
                        "category": "DateTime",
                        "subcategory": "Date",
                        "offset": 19,
                        "length": 13,
                        "confidenceScore": 0.8
                      },
                      {
                        "text": "Bill Gates",
                        "category": "Person",
                        "offset": 37,
                        "length": 10,
                        "confidenceScore": 1.0
                      },
                      {
                        "text": "Paul Allen",
                        "category": "Person",
                        "offset": 52,
                        "length": 10,
                        "confidenceScore": 1.0
                      }
                    ],
                    "warnings": []
                  }
                ],
                "errors": [],
                "modelVersion": "2021-06-01"
              }
            }
          ]
        }
      }
    }
  ],
  "Variables": {}
}
