{
  "Entries": [
    {
      "RequestUri": "https://endpoint/language/analyze-text/jobs?api-version=2022-05-01",
      "RequestMethod": "POST",
      "RequestHeaders": {
        "Accept": "application/json",
        "Accept-Encoding": "gzip, deflate, br",
        "Accept-Language": "en-US",
        "Authorization": "Sanitized",
        "Connection": "keep-alive",
        "Content-Length": "487",
        "Content-Type": "application/json",
        "Referer": "http://localhost:9876/",
        "sec-ch-ua": "",
        "sec-ch-ua-mobile": "?0",
        "sec-ch-ua-platform": "",
        "Sec-Fetch-Dest": "empty",
        "Sec-Fetch-Mode": "cors",
        "Sec-Fetch-Site": "same-site",
        "User-Agent": "Mozilla/5.0 (X11; Linux x86_64) AppleWebKit/537.36 (KHTML, like Gecko) HeadlessChrome/103.0.5058.0 Safari/537.36",
        "x-ms-client-request-id": "ad1977dd-b90b-4bf3-971d-e90835bb398d",
        "x-ms-useragent": "azsdk-js-ai-language-text/1.0.0 core-rest-pipeline/1.9.2 OS/Linuxx86_64"
      },
      "RequestBody": {
        "analysisInput": {
          "documents": [
            {
              "id": "0",
              "text": "A recent report by the Government Accountability Office (GAO) found that the dramatic increase in oil and natural gas development on federal lands over the past six years has stretched the staff of the BLM to a point that it has been unable to meet its environmental protection responsibilities.",
              "language": "en"
            }
          ]
        },
        "tasks": [
          {
            "kind": "CustomMultiLabelClassification",
            "parameters": {
              "projectName": "sanitized",
              "deploymentName": "sanitized"
            }
          }
        ]
      },
      "StatusCode": 202,
      "ResponseHeaders": {
        "apim-request-id": "d3b9ecf1-f353-4db9-9238-be671747a43a",
        "Content-Length": "0",
        "Date": "Wed, 07 Sep 2022 04:24:16 GMT",
        "operation-location": "https://endpoint/language/analyze-text/jobs/6d4d2a67-d2a1-42e0-b125-e6d64abbc6d7?api-version=2022-05-01",
        "Strict-Transport-Security": "max-age=31536000; includeSubDomains; preload",
        "X-Content-Type-Options": "nosniff",
        "x-envoy-upstream-service-time": "117"
      },
      "ResponseBody": null
    },
    {
      "RequestUri": "https://endpoint/language/analyze-text/jobs/6d4d2a67-d2a1-42e0-b125-e6d64abbc6d7?api-version=2022-05-01",
      "RequestMethod": "GET",
      "RequestHeaders": {
        "Accept": "application/json",
        "Accept-Encoding": "gzip, deflate, br",
        "Accept-Language": "en-US",
        "Authorization": "Sanitized",
        "Connection": "keep-alive",
        "Referer": "http://localhost:9876/",
        "sec-ch-ua": "",
        "sec-ch-ua-mobile": "?0",
        "sec-ch-ua-platform": "",
        "Sec-Fetch-Dest": "empty",
        "Sec-Fetch-Mode": "cors",
        "Sec-Fetch-Site": "same-site",
        "User-Agent": "Mozilla/5.0 (X11; Linux x86_64) AppleWebKit/537.36 (KHTML, like Gecko) HeadlessChrome/103.0.5058.0 Safari/537.36",
        "x-ms-client-request-id": "9b962b3b-e60c-4dcf-941a-74052d0ed9fd",
        "x-ms-useragent": "azsdk-js-ai-language-text/1.0.0 core-rest-pipeline/1.9.2 OS/Linuxx86_64"
      },
      "RequestBody": null,
      "StatusCode": 200,
      "ResponseHeaders": {
        "apim-request-id": "f1ce178e-999f-4627-9df5-e8f5a002850a",
        "Content-Length": "283",
        "Content-Type": "application/json; charset=utf-8",
        "Date": "Wed, 07 Sep 2022 04:24:16 GMT",
        "Strict-Transport-Security": "max-age=31536000; includeSubDomains; preload",
        "X-Content-Type-Options": "nosniff",
        "x-envoy-upstream-service-time": "7"
      },
      "ResponseBody": {
        "jobId": "6d4d2a67-d2a1-42e0-b125-e6d64abbc6d7",
        "lastUpdatedDateTime": "2022-09-07T04:24:17Z",
        "createdDateTime": "2022-09-07T04:24:16Z",
        "expirationDateTime": "2022-09-08T04:24:16Z",
        "status": "notStarted",
        "errors": [],
        "tasks": {
          "completed": 0,
          "failed": 0,
          "inProgress": 1,
          "total": 1,
          "items": []
        }
      }
    },
    {
      "RequestUri": "https://endpoint/language/analyze-text/jobs/6d4d2a67-d2a1-42e0-b125-e6d64abbc6d7?api-version=2022-05-01",
      "RequestMethod": "GET",
      "RequestHeaders": {
        "Accept": "application/json",
        "Accept-Encoding": "gzip, deflate, br",
        "Accept-Language": "en-US",
        "Authorization": "Sanitized",
        "Connection": "keep-alive",
        "Referer": "http://localhost:9876/",
        "sec-ch-ua": "",
        "sec-ch-ua-mobile": "?0",
        "sec-ch-ua-platform": "",
        "Sec-Fetch-Dest": "empty",
        "Sec-Fetch-Mode": "cors",
        "Sec-Fetch-Site": "same-site",
        "User-Agent": "Mozilla/5.0 (X11; Linux x86_64) AppleWebKit/537.36 (KHTML, like Gecko) HeadlessChrome/103.0.5058.0 Safari/537.36",
        "x-ms-client-request-id": "1c6c8db7-d904-4492-86e3-f27bdd157852",
        "x-ms-useragent": "azsdk-js-ai-language-text/1.0.0 core-rest-pipeline/1.9.2 OS/Linuxx86_64"
      },
      "RequestBody": null,
      "StatusCode": 200,
      "ResponseHeaders": {
        "apim-request-id": "cb3a8672-2202-4c20-a288-980b3dba42ae",
        "Content-Length": "283",
        "Content-Type": "application/json; charset=utf-8",
        "Date": "Wed, 07 Sep 2022 04:24:17 GMT",
        "Strict-Transport-Security": "max-age=31536000; includeSubDomains; preload",
        "X-Content-Type-Options": "nosniff",
        "x-envoy-upstream-service-time": "7"
      },
      "ResponseBody": {
        "jobId": "6d4d2a67-d2a1-42e0-b125-e6d64abbc6d7",
        "lastUpdatedDateTime": "2022-09-07T04:24:17Z",
        "createdDateTime": "2022-09-07T04:24:16Z",
        "expirationDateTime": "2022-09-08T04:24:16Z",
        "status": "notStarted",
        "errors": [],
        "tasks": {
          "completed": 0,
          "failed": 0,
          "inProgress": 1,
          "total": 1,
          "items": []
        }
      }
    },
    {
      "RequestUri": "https://endpoint/language/analyze-text/jobs/6d4d2a67-d2a1-42e0-b125-e6d64abbc6d7?api-version=2022-05-01",
      "RequestMethod": "GET",
      "RequestHeaders": {
        "Accept": "application/json",
        "Accept-Encoding": "gzip, deflate, br",
        "Accept-Language": "en-US",
        "Authorization": "Sanitized",
        "Connection": "keep-alive",
        "Referer": "http://localhost:9876/",
        "sec-ch-ua": "",
        "sec-ch-ua-mobile": "?0",
        "sec-ch-ua-platform": "",
        "Sec-Fetch-Dest": "empty",
        "Sec-Fetch-Mode": "cors",
        "Sec-Fetch-Site": "same-site",
        "User-Agent": "Mozilla/5.0 (X11; Linux x86_64) AppleWebKit/537.36 (KHTML, like Gecko) HeadlessChrome/103.0.5058.0 Safari/537.36",
        "x-ms-client-request-id": "be13bd72-048a-4551-8603-ce700997df1f",
        "x-ms-useragent": "azsdk-js-ai-language-text/1.0.0 core-rest-pipeline/1.9.2 OS/Linuxx86_64"
      },
      "RequestBody": null,
      "StatusCode": 200,
      "ResponseHeaders": {
        "apim-request-id": "0e61013d-7c4d-4795-93df-709b70f9c821",
        "Content-Length": "535",
        "Content-Type": "application/json; charset=utf-8",
        "Date": "Wed, 07 Sep 2022 04:24:19 GMT",
        "Strict-Transport-Security": "max-age=31536000; includeSubDomains; preload",
        "X-Content-Type-Options": "nosniff",
        "x-envoy-upstream-service-time": "33"
      },
      "ResponseBody": {
        "jobId": "6d4d2a67-d2a1-42e0-b125-e6d64abbc6d7",
        "lastUpdatedDateTime": "2022-09-07T04:24:17Z",
        "createdDateTime": "2022-09-07T04:24:16Z",
        "expirationDateTime": "2022-09-08T04:24:16Z",
        "status": "succeeded",
        "errors": [],
        "tasks": {
          "completed": 1,
          "failed": 0,
          "inProgress": 0,
          "total": 1,
          "items": [
            {
              "kind": "CustomMultiLabelClassificationLROResults",
              "lastUpdateDateTime": "2022-09-07T04:24:17.7638553Z",
              "status": "succeeded",
              "results": {
                "documents": [
                  {
                    "id": "0",
                    "class": [],
                    "warnings": []
                  }
                ],
                "errors": [],
                "projectName": "sanitized",
                "deploymentName": "sanitized"
              }
            }
          ]
        }
      }
    },
    {
      "RequestUri": "https://endpoint/language/analyze-text/jobs/6d4d2a67-d2a1-42e0-b125-e6d64abbc6d7?api-version=2022-05-01",
      "RequestMethod": "GET",
      "RequestHeaders": {
        "Accept": "application/json",
        "Accept-Encoding": "gzip, deflate, br",
        "Accept-Language": "en-US",
        "Authorization": "Sanitized",
        "Connection": "keep-alive",
        "Referer": "http://localhost:9876/",
        "sec-ch-ua": "",
        "sec-ch-ua-mobile": "?0",
        "sec-ch-ua-platform": "",
        "Sec-Fetch-Dest": "empty",
        "Sec-Fetch-Mode": "cors",
        "Sec-Fetch-Site": "same-site",
        "User-Agent": "Mozilla/5.0 (X11; Linux x86_64) AppleWebKit/537.36 (KHTML, like Gecko) HeadlessChrome/103.0.5058.0 Safari/537.36",
        "x-ms-client-request-id": "5deb834f-2020-4e68-a84d-ce70f2409236",
        "x-ms-useragent": "azsdk-js-ai-language-text/1.0.0 core-rest-pipeline/1.9.2 OS/Linuxx86_64"
      },
      "RequestBody": null,
      "StatusCode": 200,
      "ResponseHeaders": {
        "apim-request-id": "0dbe4234-844a-40b8-bff2-f56dc663ccdd",
        "Content-Length": "535",
        "Content-Type": "application/json; charset=utf-8",
        "Date": "Wed, 07 Sep 2022 04:24:19 GMT",
        "Strict-Transport-Security": "max-age=31536000; includeSubDomains; preload",
        "X-Content-Type-Options": "nosniff",
        "x-envoy-upstream-service-time": "35"
      },
      "ResponseBody": {
        "jobId": "6d4d2a67-d2a1-42e0-b125-e6d64abbc6d7",
        "lastUpdatedDateTime": "2022-09-07T04:24:17Z",
        "createdDateTime": "2022-09-07T04:24:16Z",
        "expirationDateTime": "2022-09-08T04:24:16Z",
        "status": "succeeded",
        "errors": [],
        "tasks": {
          "completed": 1,
          "failed": 0,
          "inProgress": 0,
          "total": 1,
          "items": [
            {
              "kind": "CustomMultiLabelClassificationLROResults",
              "lastUpdateDateTime": "2022-09-07T04:24:17.7638553Z",
              "status": "succeeded",
              "results": {
                "documents": [
                  {
                    "id": "0",
                    "class": [],
                    "warnings": []
                  }
                ],
                "errors": [],
                "projectName": "sanitized",
                "deploymentName": "sanitized"
              }
            }
          ]
        }
      }
    }
  ],
  "Variables": {}
}
