{
  "Entries": [
    {
      "RequestUri": "https://endpoint/routing/distributionPolicies/test-d-policy-recorded-jobs?api-version=2022-07-18-preview",
      "RequestMethod": "PATCH",
      "RequestHeaders": {
        "Accept": "application/json",
        "Accept-Encoding": "gzip, deflate, br",
        "Accept-Language": "en-GB",
        "Authorization": "Sanitized",
        "Connection": "keep-alive",
        "Content-Length": "148",
        "Content-Type": "application/merge-patch\u002Bjson",
        "Origin": "http://localhost:9876",
        "Referer": "http://localhost:9876/",
        "sec-ch-ua": "",
        "sec-ch-ua-mobile": "?0",
        "sec-ch-ua-platform": "\u0022\u0022",
        "Sec-Fetch-Dest": "empty",
        "Sec-Fetch-Mode": "cors",
        "Sec-Fetch-Site": "same-site",
        "User-Agent": "Mozilla/5.0 (Windows NT 10.0; Win64; x64) AppleWebKit/537.36 (KHTML, like Gecko) HeadlessChrome/112.0.5614.0 Safari/537.36",
        "x-ms-client-request-id": "321d4b6d-6fd8-42ea-8acf-660b97aba703",
        "x-ms-content-sha256": "oEbZ\u002BLnO9rcJU8qXPm2ndsjGGab8Qbu\u002B4rDEbZJPHJc=",
        "x-ms-date": "Wed, 26 Apr 2023 23:38:10 GMT",
        "x-ms-useragent": "azsdk-js-communication-job-router/V2022-07-18-preview azsdk-js-azure-communication-job-router/1.0.0-beta.1 core-rest-pipeline/1.10.4 OS"
      },
      "RequestBody": {
        "name": "test-d-policy",
        "offerTtlSeconds": 60,
        "mode": {
          "kind": "longest-idle",
          "minConcurrentOffers": 1,
          "maxConcurrentOffers": 5,
          "bypassSelectors": false
        }
      },
      "StatusCode": 200,
      "ResponseHeaders": {
        "Access-Control-Allow-Credentials": "true",
        "Access-Control-Allow-Origin": "http://localhost:9876",
        "api-supported-versions": "2021-04-07-preview1, 2022-07-18-preview",
        "Content-Type": "application/json; charset=utf-8",
        "Date": "Wed, 26 Apr 2023 23:38:13 GMT",
        "ETag": "\u0022dd02125a-0000-0700-0000-6449b5e50000\u0022",
        "Last-Modified": "Wed, 26 Apr 2023 23:38:13 GMT",
        "trace-id": "7f5f3a61-835e-5056-793a-13df46094589",
        "Transfer-Encoding": "chunked",
        "X-Azure-Ref": "05LVJZAAAAACpNZJkQ\u002BLiQoqgpRC8qGpIWVZSMzExMDAwMTE1MDExADlmYzdiNTE5LWE4Y2MtNGY4OS05MzVlLWM5MTQ4YWUwOWU4MQ==",
        "X-Cache": "CONFIG_NOCACHE"
      },
      "ResponseBody": {
        "id": "test-d-policy-recorded-jobs",
        "name": "test-d-policy",
        "offerTtlSeconds": 60,
        "mode": {
          "kind": "longest-idle",
          "minConcurrentOffers": 1,
          "maxConcurrentOffers": 5,
          "bypassSelectors": false
        }
      }
    },
    {
      "RequestUri": "https://endpoint/routing/exceptionPolicies/test-e-policy-recorded-jobs?api-version=2022-07-18-preview",
      "RequestMethod": "PATCH",
      "RequestHeaders": {
        "Accept": "application/json",
        "Accept-Encoding": "gzip, deflate, br",
        "Accept-Language": "en-GB",
        "Authorization": "Sanitized",
        "Connection": "keep-alive",
        "Content-Length": "205",
        "Content-Type": "application/merge-patch\u002Bjson",
        "Origin": "http://localhost:9876",
        "Referer": "http://localhost:9876/",
        "sec-ch-ua": "",
        "sec-ch-ua-mobile": "?0",
        "sec-ch-ua-platform": "\u0022\u0022",
        "Sec-Fetch-Dest": "empty",
        "Sec-Fetch-Mode": "cors",
        "Sec-Fetch-Site": "same-site",
        "User-Agent": "Mozilla/5.0 (Windows NT 10.0; Win64; x64) AppleWebKit/537.36 (KHTML, like Gecko) HeadlessChrome/112.0.5614.0 Safari/537.36",
        "x-ms-client-request-id": "7d3d1fd1-56d1-44dc-a8b9-5433736a55ad",
        "x-ms-content-sha256": "DnPGZm8GTFJTh0d1bEHun9/03VZVF0xo\u002BzuWvPJk3V0=",
        "x-ms-date": "Wed, 26 Apr 2023 23:38:11 GMT",
        "x-ms-useragent": "azsdk-js-communication-job-router/V2022-07-18-preview azsdk-js-azure-communication-job-router/1.0.0-beta.1 core-rest-pipeline/1.10.4 OS"
      },
      "RequestBody": {
        "name": "test-e-policy",
        "exceptionRules": {
          "MaxWaitTimeExceededCancel": {
            "trigger": {
              "kind": "wait-time",
              "thresholdSeconds": 10
            },
            "actions": {
              "Cancel": {
                "kind": "cancel",
                "note": "wait time exceeded; cancelling"
              }
            }
          }
        }
      },
      "StatusCode": 200,
      "ResponseHeaders": {
        "Access-Control-Allow-Credentials": "true",
        "Access-Control-Allow-Origin": "http://localhost:9876",
        "api-supported-versions": "2021-04-07-preview1, 2022-07-18-preview",
        "Content-Type": "application/json; charset=utf-8",
        "Date": "Wed, 26 Apr 2023 23:38:13 GMT",
        "ETag": "\u00225f0420fd-0000-0700-0000-6449b5e50000\u0022",
        "Last-Modified": "Wed, 26 Apr 2023 23:38:13 GMT",
        "trace-id": "ccb11947-7e96-1f91-9d95-a96a9481529f",
        "Transfer-Encoding": "chunked",
        "X-Azure-Ref": "05bVJZAAAAABwKVW5ZInLSaMVWsjS\u002BdvOWVZSMzExMDAwMTE1MDExADlmYzdiNTE5LWE4Y2MtNGY4OS05MzVlLWM5MTQ4YWUwOWU4MQ==",
        "X-Cache": "CONFIG_NOCACHE"
      },
      "ResponseBody": {
        "id": "test-e-policy-recorded-jobs",
        "name": "test-e-policy",
        "exceptionRules": {
          "MaxWaitTimeExceededCancel": {
            "trigger": {
              "kind": "wait-time",
              "thresholdSeconds": 10
            },
            "actions": {
              "Cancel": {
                "kind": "cancel",
                "note": "wait time exceeded; cancelling"
              }
            }
          }
        }
      }
    },
    {
      "RequestUri": "https://endpoint/routing/queues/test-queue-recorded-jobs?api-version=2022-07-18-preview",
      "RequestMethod": "PATCH",
      "RequestHeaders": {
        "Accept": "application/json",
        "Accept-Encoding": "gzip, deflate, br",
        "Accept-Language": "en-GB",
        "Authorization": "Sanitized",
        "Connection": "keep-alive",
        "Content-Length": "136",
        "Content-Type": "application/merge-patch\u002Bjson",
        "Origin": "http://localhost:9876",
        "Referer": "http://localhost:9876/",
        "sec-ch-ua": "",
        "sec-ch-ua-mobile": "?0",
        "sec-ch-ua-platform": "\u0022\u0022",
        "Sec-Fetch-Dest": "empty",
        "Sec-Fetch-Mode": "cors",
        "Sec-Fetch-Site": "same-site",
        "User-Agent": "Mozilla/5.0 (Windows NT 10.0; Win64; x64) AppleWebKit/537.36 (KHTML, like Gecko) HeadlessChrome/112.0.5614.0 Safari/537.36",
        "x-ms-client-request-id": "a2e86d00-b83b-49f5-8046-ea714639b127",
        "x-ms-content-sha256": "Iu35CanCMTTxYHJVdxB2EZicK\u002Bw4yomznDINfJktFQA=",
        "x-ms-date": "Wed, 26 Apr 2023 23:38:11 GMT",
        "x-ms-useragent": "azsdk-js-communication-job-router/V2022-07-18-preview azsdk-js-azure-communication-job-router/1.0.0-beta.1 core-rest-pipeline/1.10.4 OS"
      },
      "RequestBody": {
        "name": "test-queue",
        "distributionPolicyId": "test-d-policy-recorded-jobs",
        "labels": {},
        "exceptionPolicyId": "test-e-policy-recorded-jobs"
      },
      "StatusCode": 200,
      "ResponseHeaders": {
        "Access-Control-Allow-Credentials": "true",
        "Access-Control-Allow-Origin": "http://localhost:9876",
        "api-supported-versions": "2021-04-07-preview1, 2022-07-18-preview",
        "Content-Type": "application/json; charset=utf-8",
        "Date": "Wed, 26 Apr 2023 23:38:14 GMT",
        "ETag": "\u002239009da5-0000-0700-0000-6449b5e60000\u0022",
        "Last-Modified": "Wed, 26 Apr 2023 23:38:14 GMT",
        "trace-id": "9eb58e4b-4e0a-d970-22df-c889acfa5f13",
        "Transfer-Encoding": "chunked",
        "X-Azure-Ref": "05bVJZAAAAADMhoQ/dSEaS4t4nW71YplLWVZSMzExMDAwMTE1MDExADlmYzdiNTE5LWE4Y2MtNGY4OS05MzVlLWM5MTQ4YWUwOWU4MQ==",
        "X-Cache": "CONFIG_NOCACHE"
      },
      "ResponseBody": {
        "id": "test-queue-recorded-jobs",
        "name": "test-queue",
        "distributionPolicyId": "test-d-policy-recorded-jobs",
        "labels": {
          "Id": "test-queue-recorded-jobs"
        },
        "exceptionPolicyId": "test-e-policy-recorded-jobs"
      }
    },
    {
      "RequestUri": "https://endpoint/routing/classificationPolicies/test-c-policy-recorded-jobs?api-version=2022-07-18-preview",
      "RequestMethod": "PATCH",
      "RequestHeaders": {
        "Accept": "application/json",
        "Accept-Encoding": "gzip, deflate, br",
        "Accept-Language": "en-GB",
        "Authorization": "Sanitized",
        "Connection": "keep-alive",
        "Content-Length": "69",
        "Content-Type": "application/merge-patch\u002Bjson",
        "Origin": "http://localhost:9876",
        "Referer": "http://localhost:9876/",
        "sec-ch-ua": "",
        "sec-ch-ua-mobile": "?0",
        "sec-ch-ua-platform": "\u0022\u0022",
        "Sec-Fetch-Dest": "empty",
        "Sec-Fetch-Mode": "cors",
        "Sec-Fetch-Site": "same-site",
        "User-Agent": "Mozilla/5.0 (Windows NT 10.0; Win64; x64) AppleWebKit/537.36 (KHTML, like Gecko) HeadlessChrome/112.0.5614.0 Safari/537.36",
        "x-ms-client-request-id": "0ce75628-9384-48f9-b72d-2c7fe649ee48",
        "x-ms-content-sha256": "n\u002BFtt1nmNAxZTdMqG8hN\u002BjaPnFzlvGX5O5hKuLFDC\u002BQ=",
        "x-ms-date": "Wed, 26 Apr 2023 23:38:11 GMT",
        "x-ms-useragent": "azsdk-js-communication-job-router/V2022-07-18-preview azsdk-js-azure-communication-job-router/1.0.0-beta.1 core-rest-pipeline/1.10.4 OS"
      },
      "RequestBody": {
        "name": "test-c-policy",
        "fallbackQueueId": "test-queue-recorded-jobs"
      },
      "StatusCode": 200,
      "ResponseHeaders": {
        "Access-Control-Allow-Credentials": "true",
        "Access-Control-Allow-Origin": "http://localhost:9876",
        "api-supported-versions": "2021-04-07-preview1, 2022-07-18-preview",
        "Content-Type": "application/json; charset=utf-8",
        "Date": "Wed, 26 Apr 2023 23:38:14 GMT",
        "ETag": "\u00223300c4f4-0000-0700-0000-6449b5e60000\u0022",
        "Last-Modified": "Wed, 26 Apr 2023 23:38:14 GMT",
        "trace-id": "042603a3-c547-61d6-9470-e1f4b739c4dd",
        "Transfer-Encoding": "chunked",
        "X-Azure-Ref": "05rVJZAAAAACnisp2yYmATa8F9mnaWe3wWVZSMzExMDAwMTE1MDExADlmYzdiNTE5LWE4Y2MtNGY4OS05MzVlLWM5MTQ4YWUwOWU4MQ==",
        "X-Cache": "CONFIG_NOCACHE"
      },
      "ResponseBody": {
        "id": "test-c-policy-recorded-jobs",
        "name": "test-c-policy",
        "fallbackQueueId": "test-queue-recorded-jobs",
        "queueSelectors": [],
        "workerSelectors": []
      }
    },
    {
      "RequestUri": "https://endpoint/routing/jobs/test-job-recorded-jobs?api-version=2022-07-18-preview",
      "RequestMethod": "PATCH",
      "RequestHeaders": {
        "Accept": "application/json",
        "Accept-Encoding": "gzip, deflate, br",
        "Accept-Language": "en-GB",
        "Authorization": "Sanitized",
        "Connection": "keep-alive",
        "Content-Length": "145",
        "Content-Type": "application/merge-patch\u002Bjson",
        "Origin": "http://localhost:9876",
        "Referer": "http://localhost:9876/",
        "sec-ch-ua": "",
        "sec-ch-ua-mobile": "?0",
        "sec-ch-ua-platform": "\u0022\u0022",
        "Sec-Fetch-Dest": "empty",
        "Sec-Fetch-Mode": "cors",
        "Sec-Fetch-Site": "same-site",
        "User-Agent": "Mozilla/5.0 (Windows NT 10.0; Win64; x64) AppleWebKit/537.36 (KHTML, like Gecko) HeadlessChrome/112.0.5614.0 Safari/537.36",
        "x-ms-client-request-id": "72a9899e-9ab5-4ad4-9f09-b56480a17cbc",
        "x-ms-content-sha256": "U8ff\u002B2KXeSzC\u002BCnNbpVTCHTWAbZOBLWAZhKReTSD\u002B38=",
        "x-ms-date": "Wed, 26 Apr 2023 23:38:12 GMT",
        "x-ms-useragent": "azsdk-js-communication-job-router/V2022-07-18-preview azsdk-js-azure-communication-job-router/1.0.0-beta.1 core-rest-pipeline/1.10.4 OS"
      },
      "RequestBody": {
        "channelId": "test-channel",
        "classificationPolicyId": "test-c-policy-recorded-jobs",
        "queueId": "test-queue-recorded-jobs",
        "priority": 1,
        "labels": {}
      },
      "StatusCode": 200,
      "ResponseHeaders": {
        "Access-Control-Allow-Credentials": "true",
        "Access-Control-Allow-Origin": "http://localhost:9876",
        "api-supported-versions": "2021-04-07-preview1, 2022-07-18-preview",
        "Content-Type": "application/json; charset=utf-8",
        "Date": "Wed, 26 Apr 2023 23:38:15 GMT",
        "ETag": "\u002200000000-0000-0000-e7b6-504eaf46db08\u0022",
        "Last-Modified": "Wed, 26 Apr 2023 23:38:15 GMT",
        "trace-id": "e0318f89-1d2d-784d-cab5-e71f121f6a6b",
        "Transfer-Encoding": "chunked",
        "X-Azure-Ref": "05rVJZAAAAAACmBDUVNa2SYdDetPl1tNVWVZSMzExMDAwMTE1MDExADlmYzdiNTE5LWE4Y2MtNGY4OS05MzVlLWM5MTQ4YWUwOWU4MQ==",
        "X-Cache": "CONFIG_NOCACHE"
      },
      "ResponseBody": {
        "id": "test-job-recorded-jobs",
        "jobStatus": "pendingClassification",
        "channelId": "test-channel",
        "classificationPolicyId": "test-c-policy-recorded-jobs",
        "queueId": "test-queue-recorded-jobs",
        "priority": 1,
        "requestedWorkerSelectors": [],
        "attachedWorkerSelectors": [],
        "labels": {},
        "assignments": {},
        "tags": {},
        "notes": {}
      }
    },
    {
      "RequestUri": "https://endpoint/routing/jobs/test-job-recorded-jobs?api-version=2022-07-18-preview",
      "RequestMethod": "PATCH",
      "RequestHeaders": {
        "Accept": "application/json",
        "Accept-Encoding": "gzip, deflate, br",
        "Accept-Language": "en-GB",
        "Authorization": "Sanitized",
        "Connection": "keep-alive",
        "Content-Length": "145",
        "Content-Type": "application/merge-patch\u002Bjson",
        "Origin": "http://localhost:9876",
        "Referer": "http://localhost:9876/",
        "sec-ch-ua": "",
        "sec-ch-ua-mobile": "?0",
        "sec-ch-ua-platform": "\u0022\u0022",
        "Sec-Fetch-Dest": "empty",
        "Sec-Fetch-Mode": "cors",
        "Sec-Fetch-Site": "same-site",
        "User-Agent": "Mozilla/5.0 (Windows NT 10.0; Win64; x64) AppleWebKit/537.36 (KHTML, like Gecko) HeadlessChrome/112.0.5614.0 Safari/537.36",
        "x-ms-client-request-id": "62ff20a6-b0e4-477b-8f83-89d10128eca3",
        "x-ms-content-sha256": "cwQpcqKPQSgrb7PcAnDVsNjn9EWEVTNQq7/qzj5mFeM=",
        "x-ms-date": "Wed, 26 Apr 2023 23:38:14 GMT",
        "x-ms-useragent": "azsdk-js-communication-job-router/V2022-07-18-preview azsdk-js-azure-communication-job-router/1.0.0-beta.1 core-rest-pipeline/1.10.4 OS"
      },
      "RequestBody": {
        "channelId": "test-channel",
        "classificationPolicyId": "test-c-policy-recorded-jobs",
        "queueId": "test-queue-recorded-jobs",
        "priority": 5,
        "labels": {}
      },
      "StatusCode": 200,
      "ResponseHeaders": {
        "Access-Control-Allow-Credentials": "true",
        "Access-Control-Allow-Origin": "http://localhost:9876",
        "api-supported-versions": "2021-04-07-preview1, 2022-07-18-preview",
        "Content-Type": "application/json; charset=utf-8",
        "Date": "Wed, 26 Apr 2023 23:38:17 GMT",
        "ETag": "\u002200000004-0000-0000-eac7-9b4faf46db08\u0022",
        "Last-Modified": "Wed, 26 Apr 2023 23:38:17 GMT",
        "trace-id": "e53d4c3c-34d2-7eaf-11bc-e3b291ee6578",
        "Transfer-Encoding": "chunked",
        "X-Azure-Ref": "06LVJZAAAAABhKkqVEKAGSI\u002Bb8q5APP\u002B5WVZSMzExMDAwMTE1MDExADlmYzdiNTE5LWE4Y2MtNGY4OS05MzVlLWM5MTQ4YWUwOWU4MQ==",
        "X-Cache": "CONFIG_NOCACHE"
      },
      "ResponseBody": {
        "id": "test-job-recorded-jobs",
        "jobStatus": "queued",
        "enqueueTimeUtc": "2023-04-26T23:38:16.0742661\u002B00:00",
        "channelId": "test-channel",
        "queueId": "test-queue-recorded-jobs",
        "priority": 5,
        "requestedWorkerSelectors": [],
        "attachedWorkerSelectors": [],
        "labels": {},
        "assignments": {},
        "tags": {},
        "notes": {}
      }
    },
    {
      "RequestUri": "https://endpoint/routing/jobs/test-job-recorded-jobs:cancel?api-version=2022-07-18-preview",
      "RequestMethod": "POST",
      "RequestHeaders": {
        "Accept": "application/json",
        "Accept-Encoding": "gzip, deflate, br",
        "Accept-Language": "en-GB",
        "Authorization": "Sanitized",
        "Connection": "keep-alive",
        "Content-Length": "0",
        "Content-Type": "application/json",
        "Origin": "http://localhost:9876",
        "Referer": "http://localhost:9876/",
        "sec-ch-ua": "",
        "sec-ch-ua-mobile": "?0",
        "sec-ch-ua-platform": "\u0022\u0022",
        "Sec-Fetch-Dest": "empty",
        "Sec-Fetch-Mode": "cors",
        "Sec-Fetch-Site": "same-site",
        "User-Agent": "Mozilla/5.0 (Windows NT 10.0; Win64; x64) AppleWebKit/537.36 (KHTML, like Gecko) HeadlessChrome/112.0.5614.0 Safari/537.36",
        "x-ms-client-request-id": "752183e5-6cc3-4d3b-a39b-e3de429fff2f",
        "x-ms-content-sha256": "47DEQpj8HBSa\u002B/TImW\u002B5JCeuQeRkm5NMpJWZG3hSuFU=",
        "x-ms-date": "Wed, 26 Apr 2023 23:38:16 GMT",
        "x-ms-useragent": "azsdk-js-communication-job-router/V2022-07-18-preview azsdk-js-azure-communication-job-router/1.0.0-beta.1 core-rest-pipeline/1.10.4 OS"
      },
      "RequestBody": null,
      "StatusCode": 200,
      "ResponseHeaders": {
        "Access-Control-Allow-Credentials": "true",
        "Access-Control-Allow-Origin": "http://localhost:9876",
        "api-supported-versions": "2021-04-07-preview1, 2022-07-18-preview",
        "Content-Type": "application/json; charset=utf-8",
        "Date": "Wed, 26 Apr 2023 23:38:19 GMT",
        "trace-id": "90bfc322-ef88-772c-26b8-dea2ad74f71a",
        "Transfer-Encoding": "chunked",
        "X-Azure-Ref": "06rVJZAAAAAD7CyF0QdhZSqCCIUpHrYNbWVZSMzExMDAwMTE1MDExADlmYzdiNTE5LWE4Y2MtNGY4OS05MzVlLWM5MTQ4YWUwOWU4MQ==",
        "X-Cache": "CONFIG_NOCACHE"
      },
      "ResponseBody": {}
    },
    {
      "RequestUri": "https://endpoint/routing/jobs/test-job-recorded-jobs?api-version=2022-07-18-preview",
      "RequestMethod": "DELETE",
      "RequestHeaders": {
        "Accept": "application/json",
        "Accept-Encoding": "gzip, deflate, br",
        "Accept-Language": "en-GB",
        "Authorization": "Sanitized",
        "Connection": "keep-alive",
        "Origin": "http://localhost:9876",
        "Referer": "http://localhost:9876/",
        "sec-ch-ua": "",
        "sec-ch-ua-mobile": "?0",
        "sec-ch-ua-platform": "\u0022\u0022",
        "Sec-Fetch-Dest": "empty",
        "Sec-Fetch-Mode": "cors",
        "Sec-Fetch-Site": "same-site",
        "User-Agent": "Mozilla/5.0 (Windows NT 10.0; Win64; x64) AppleWebKit/537.36 (KHTML, like Gecko) HeadlessChrome/112.0.5614.0 Safari/537.36",
        "x-ms-client-request-id": "b8346372-7d3c-4ae3-ba25-7bb3a1b0e59a",
        "x-ms-content-sha256": "47DEQpj8HBSa\u002B/TImW\u002B5JCeuQeRkm5NMpJWZG3hSuFU=",
        "x-ms-date": "Wed, 26 Apr 2023 23:38:16 GMT",
        "x-ms-useragent": "azsdk-js-communication-job-router/V2022-07-18-preview azsdk-js-azure-communication-job-router/1.0.0-beta.1 core-rest-pipeline/1.10.4 OS"
      },
      "RequestBody": null,
      "StatusCode": 204,
      "ResponseHeaders": {
        "Access-Control-Allow-Credentials": "true",
        "Access-Control-Allow-Origin": "http://localhost:9876",
        "api-supported-versions": "2021-04-07-preview1, 2022-07-18-preview",
        "Date": "Wed, 26 Apr 2023 23:38:19 GMT",
        "trace-id": "7374da1a-f4e7-6c09-f372-a7232d4a2138",
        "X-Azure-Ref": "067VJZAAAAAA4x2rmzkRSTYHeaobw\u002BhdSWVZSMzExMDAwMTE1MDExADlmYzdiNTE5LWE4Y2MtNGY4OS05MzVlLWM5MTQ4YWUwOWU4MQ==",
        "X-Cache": "CONFIG_NOCACHE"
      },
      "ResponseBody": null
    },
    {
      "RequestUri": "https://endpoint/routing/classificationPolicies/test-c-policy-recorded-jobs?api-version=2022-07-18-preview",
      "RequestMethod": "DELETE",
      "RequestHeaders": {
        "Accept": "application/json",
        "Accept-Encoding": "gzip, deflate, br",
        "Accept-Language": "en-GB",
        "Authorization": "Sanitized",
        "Connection": "keep-alive",
        "Origin": "http://localhost:9876",
        "Referer": "http://localhost:9876/",
        "sec-ch-ua": "",
        "sec-ch-ua-mobile": "?0",
        "sec-ch-ua-platform": "\u0022\u0022",
        "Sec-Fetch-Dest": "empty",
        "Sec-Fetch-Mode": "cors",
        "Sec-Fetch-Site": "same-site",
        "User-Agent": "Mozilla/5.0 (Windows NT 10.0; Win64; x64) AppleWebKit/537.36 (KHTML, like Gecko) HeadlessChrome/112.0.5614.0 Safari/537.36",
        "x-ms-client-request-id": "0d11832e-833d-4769-bed5-3edaa8166a65",
        "x-ms-content-sha256": "47DEQpj8HBSa\u002B/TImW\u002B5JCeuQeRkm5NMpJWZG3hSuFU=",
        "x-ms-date": "Wed, 26 Apr 2023 23:38:17 GMT",
        "x-ms-useragent": "azsdk-js-communication-job-router/V2022-07-18-preview azsdk-js-azure-communication-job-router/1.0.0-beta.1 core-rest-pipeline/1.10.4 OS"
      },
      "RequestBody": null,
      "StatusCode": 204,
      "ResponseHeaders": {
        "Access-Control-Allow-Credentials": "true",
        "Access-Control-Allow-Origin": "http://localhost:9876",
        "api-supported-versions": "2021-04-07-preview1, 2022-07-18-preview",
        "Date": "Wed, 26 Apr 2023 23:38:20 GMT",
        "trace-id": "cd8578e0-7dab-172f-d263-5d9c8c4baac6",
        "X-Azure-Ref": "067VJZAAAAACmLAUXnEwbRZIXMqNE/ODWWVZSMzExMDAwMTE1MDExADlmYzdiNTE5LWE4Y2MtNGY4OS05MzVlLWM5MTQ4YWUwOWU4MQ==",
        "X-Cache": "CONFIG_NOCACHE"
      },
      "ResponseBody": null
    },
    {
      "RequestUri": "https://endpoint/routing/queues/test-queue-recorded-jobs?api-version=2022-07-18-preview",
      "RequestMethod": "DELETE",
      "RequestHeaders": {
        "Accept": "application/json",
        "Accept-Encoding": "gzip, deflate, br",
        "Accept-Language": "en-GB",
        "Authorization": "Sanitized",
        "Connection": "keep-alive",
        "Origin": "http://localhost:9876",
        "Referer": "http://localhost:9876/",
        "sec-ch-ua": "",
        "sec-ch-ua-mobile": "?0",
        "sec-ch-ua-platform": "\u0022\u0022",
        "Sec-Fetch-Dest": "empty",
        "Sec-Fetch-Mode": "cors",
        "Sec-Fetch-Site": "same-site",
        "User-Agent": "Mozilla/5.0 (Windows NT 10.0; Win64; x64) AppleWebKit/537.36 (KHTML, like Gecko) HeadlessChrome/112.0.5614.0 Safari/537.36",
        "x-ms-client-request-id": "13ac1947-63ad-4ec1-9374-049605feba5a",
        "x-ms-content-sha256": "47DEQpj8HBSa\u002B/TImW\u002B5JCeuQeRkm5NMpJWZG3hSuFU=",
        "x-ms-date": "Wed, 26 Apr 2023 23:38:17 GMT",
        "x-ms-useragent": "azsdk-js-communication-job-router/V2022-07-18-preview azsdk-js-azure-communication-job-router/1.0.0-beta.1 core-rest-pipeline/1.10.4 OS"
      },
      "RequestBody": null,
      "StatusCode": 204,
      "ResponseHeaders": {
        "Access-Control-Allow-Credentials": "true",
        "Access-Control-Allow-Origin": "http://localhost:9876",
        "api-supported-versions": "2021-04-07-preview1, 2022-07-18-preview",
        "Date": "Wed, 26 Apr 2023 23:38:20 GMT",
        "trace-id": "184a93a3-aec2-cafd-a692-c33d99e8e5ed",
        "X-Azure-Ref": "07LVJZAAAAAD8zeW5zkrdSb2MrmrfGU0pWVZSMzExMDAwMTE1MDExADlmYzdiNTE5LWE4Y2MtNGY4OS05MzVlLWM5MTQ4YWUwOWU4MQ==",
        "X-Cache": "CONFIG_NOCACHE"
      },
      "ResponseBody": null
    },
    {
      "RequestUri": "https://endpoint/routing/exceptionPolicies/test-e-policy-recorded-jobs?api-version=2022-07-18-preview",
      "RequestMethod": "DELETE",
      "RequestHeaders": {
        "Accept": "application/json",
        "Accept-Encoding": "gzip, deflate, br",
        "Accept-Language": "en-GB",
        "Authorization": "Sanitized",
        "Connection": "keep-alive",
        "Origin": "http://localhost:9876",
        "Referer": "http://localhost:9876/",
        "sec-ch-ua": "",
        "sec-ch-ua-mobile": "?0",
        "sec-ch-ua-platform": "\u0022\u0022",
        "Sec-Fetch-Dest": "empty",
        "Sec-Fetch-Mode": "cors",
        "Sec-Fetch-Site": "same-site",
        "User-Agent": "Mozilla/5.0 (Windows NT 10.0; Win64; x64) AppleWebKit/537.36 (KHTML, like Gecko) HeadlessChrome/112.0.5614.0 Safari/537.36",
        "x-ms-client-request-id": "8c249342-69c4-4b4f-8dea-db367610fa90",
        "x-ms-content-sha256": "47DEQpj8HBSa\u002B/TImW\u002B5JCeuQeRkm5NMpJWZG3hSuFU=",
        "x-ms-date": "Wed, 26 Apr 2023 23:38:18 GMT",
        "x-ms-useragent": "azsdk-js-communication-job-router/V2022-07-18-preview azsdk-js-azure-communication-job-router/1.0.0-beta.1 core-rest-pipeline/1.10.4 OS"
      },
      "RequestBody": null,
      "StatusCode": 204,
      "ResponseHeaders": {
        "Access-Control-Allow-Credentials": "true",
        "Access-Control-Allow-Origin": "http://localhost:9876",
        "api-supported-versions": "2021-04-07-preview1, 2022-07-18-preview",
        "Date": "Wed, 26 Apr 2023 23:38:20 GMT",
        "trace-id": "859f0ce1-4d6c-b4c0-c76c-e8cd6bd2cb13",
        "X-Azure-Ref": "07LVJZAAAAADTJ5\u002BQZEFRQqULzS4f0YHEWVZSMzExMDAwMTE1MDExADlmYzdiNTE5LWE4Y2MtNGY4OS05MzVlLWM5MTQ4YWUwOWU4MQ==",
        "X-Cache": "CONFIG_NOCACHE"
      },
      "ResponseBody": null
    },
    {
      "RequestUri": "https://endpoint/routing/distributionPolicies/test-d-policy-recorded-jobs?api-version=2022-07-18-preview",
      "RequestMethod": "DELETE",
      "RequestHeaders": {
        "Accept": "application/json",
        "Accept-Encoding": "gzip, deflate, br",
        "Accept-Language": "en-GB",
        "Authorization": "Sanitized",
        "Connection": "keep-alive",
        "Origin": "http://localhost:9876",
        "Referer": "http://localhost:9876/",
        "sec-ch-ua": "",
        "sec-ch-ua-mobile": "?0",
        "sec-ch-ua-platform": "\u0022\u0022",
        "Sec-Fetch-Dest": "empty",
        "Sec-Fetch-Mode": "cors",
        "Sec-Fetch-Site": "same-site",
        "User-Agent": "Mozilla/5.0 (Windows NT 10.0; Win64; x64) AppleWebKit/537.36 (KHTML, like Gecko) HeadlessChrome/112.0.5614.0 Safari/537.36",
        "x-ms-client-request-id": "73322b22-2791-4db3-8097-b306e3b1af99",
        "x-ms-content-sha256": "47DEQpj8HBSa\u002B/TImW\u002B5JCeuQeRkm5NMpJWZG3hSuFU=",
        "x-ms-date": "Wed, 26 Apr 2023 23:38:18 GMT",
        "x-ms-useragent": "azsdk-js-communication-job-router/V2022-07-18-preview azsdk-js-azure-communication-job-router/1.0.0-beta.1 core-rest-pipeline/1.10.4 OS"
      },
      "RequestBody": null,
      "StatusCode": 204,
      "ResponseHeaders": {
        "Access-Control-Allow-Credentials": "true",
        "Access-Control-Allow-Origin": "http://localhost:9876",
        "api-supported-versions": "2021-04-07-preview1, 2022-07-18-preview",
        "Date": "Wed, 26 Apr 2023 23:38:21 GMT",
        "trace-id": "6cdcee28-45c2-a60c-bbca-c0293d05e9ef",
        "X-Azure-Ref": "07LVJZAAAAAA4ebdwpe\u002BfQpo7VDEo4f1VWVZSMzExMDAwMTE1MDExADlmYzdiNTE5LWE4Y2MtNGY4OS05MzVlLWM5MTQ4YWUwOWU4MQ==",
        "X-Cache": "CONFIG_NOCACHE"
      },
      "ResponseBody": null
    }
  ],
  "Variables": {}
}
