{
  "Entries": [
    {
      "RequestUri": "https://fakeaccountname.table.cosmos.azure.com/RegionalFailovernode",
      "RequestMethod": "POST",
      "RequestHeaders": {
        "Accept": "application/json;odata=minimalmetadata",
        "Accept-Encoding": "gzip,deflate",
        "Authorization": "Sanitized",
        "Content-Length": "49",
        "Content-Type": "application/json;odata=nometadata",
        "DataServiceVersion": "3.0",
        "Prefer": "return-no-content",
        "User-Agent": "azsdk-js-data-tables/13.1.2 core-rest-pipeline/1.10.0 Node/v16.14.2 OS/(x64-Linux-5.4.0-1090-azure)",
        "x-ms-client-request-id": "6100e280-99e6-4efe-bdb7-73e26ab70288",
        "x-ms-date": "Mon, 24 Oct 2022 20:35:23 GMT",
        "x-ms-version": "2019-02-02"
      },
      "RequestBody": {
        "PartitionKey": "p1",
        "RowKey": "r1",
        "data": "data"
      },
      "StatusCode": 204,
      "ResponseHeaders": {
        "Content-Type": "application/json",
        "Date": "Mon, 24 Oct 2022 20:35:23 GMT",
        "ETag": "W/\u0022datetime\u00272022-10-24T20%3A35%3A23.3015815Z\u0027\u0022",
        "Location": "https://fakeaccountname.table.cosmos.azure.com/RegionalFailovernode(PartitionKey=\u0027p1\u0027,RowKey=\u0027r1\u0027)",
        "Preference-Applied": "return-no-content"
      },
      "ResponseBody": null
    },
    {
      "RequestUri": "https://fakeaccountname-primary.table.cosmos.azure.com/RegionalFailovernode(PartitionKey=\u0027p1\u0027,RowKey=\u0027r1\u0027)",
      "RequestMethod": "GET",
      "RequestHeaders": {
        "Accept": "application/json;odata=minimalmetadata",
        "Accept-Encoding": "gzip,deflate",
        "Authorization": "Sanitized",
        "DataServiceVersion": "3.0",
        "User-Agent": "azsdk-js-data-tables/13.1.2 core-rest-pipeline/1.10.0 Node/v16.14.2 OS/(x64-Linux-5.4.0-1090-azure)",
        "x-ms-client-request-id": "112d8aa0-32fa-4022-a724-72d735218e91",
        "x-ms-date": "Mon, 24 Oct 2022 20:35:23 GMT",
        "x-ms-version": "2019-02-02"
      },
      "RequestBody": null,
      "StatusCode": 200,
      "ResponseHeaders": {
        "Content-Type": "application/json; odata=minimalmetadata",
        "Date": "Mon, 24 Oct 2022 20:35:23 GMT",
        "ETag": "W/\u0022datetime\u00272022-10-24T20%3A35%3A23.3015815Z\u0027\u0022",
        "Transfer-Encoding": "chunked"
      },
      "ResponseBody": {
        "odata.metadata": "https://fakeaccountname-primary.table.cosmos.azure.com/RegionalFailovernode/$metadata#RegionalFailovernode/@Element",
        "odata.etag": "W/\u0022datetime\u00272022-10-24T20%3A35%3A23.3015815Z\u0027\u0022",
        "PartitionKey": "p1",
        "RowKey": "r1",
        "data": "data",
        "Timestamp": "2022-10-24T20:35:23.3015815Z"
      }
    },
    {
      "RequestUri": "https://fakeaccountname.table.cosmos.azure.com/RegionalFailovernode(PartitionKey=\u0027p1\u0027,RowKey=\u0027r1\u0027)",
      "RequestMethod": "DELETE",
      "RequestHeaders": {
        "Accept": "application/json;odata=minimalmetadata",
        "Accept-Encoding": "gzip,deflate",
        "Authorization": "Sanitized",
        "DataServiceVersion": "3.0",
        "If-Match": "*",
        "User-Agent": "azsdk-js-data-tables/13.1.2 core-rest-pipeline/1.10.0 Node/v16.14.2 OS/(x64-Linux-5.4.0-1090-azure)",
        "x-ms-client-request-id": "1451b881-5b20-44ce-85f6-b89a1cd5c143",
        "x-ms-date": "Mon, 24 Oct 2022 20:35:23 GMT",
        "x-ms-version": "2019-02-02"
      },
      "RequestBody": null,
      "StatusCode": 204,
      "ResponseHeaders": {
        "Content-Type": "application/json",
        "Date": "Mon, 24 Oct 2022 20:35:23 GMT"
      },
      "ResponseBody": null
    }
  ],
  "Variables": {}
}
