{
  "Entries": [
    {
      "RequestUri": "https://endpoint/sip?api-version=2023-01-01-preview",
      "RequestMethod": "GET",
      "RequestHeaders": {
        "Accept": "application/json",
        "Accept-Encoding": "gzip, deflate, br",
        "Accept-Language": "en-US",
        "Authorization": "Sanitized",
        "Connection": "keep-alive",
        "Referer": "http://localhost:9876/",
        "sec-ch-ua": "",
        "sec-ch-ua-mobile": "?0",
        "sec-ch-ua-platform": "",
        "Sec-Fetch-Dest": "empty",
        "Sec-Fetch-Mode": "cors",
        "Sec-Fetch-Site": "same-site",
        "User-Agent": "Mozilla/5.0 (Windows NT 10.0; Win64; x64) AppleWebKit/537.36 (KHTML, like Gecko) HeadlessChrome/110.0.5478.0 Safari/537.36",
        "x-ms-client-request-id": "sanitized",
        "x-ms-useragent": "azsdk-js-communication-phone-numbers/1.2.0-alpha.20230303.1 core-rest-pipeline/1.9.2 OS/Win32"
      },
      "RequestBody": null,
      "StatusCode": 200,
      "ResponseHeaders": {
        "api-supported-versions": "2021-05-01-preview, 2022-09-01-preview, 2023-01-01-preview, 2023-03-01",
        "Content-Length": "262",
        "Content-Type": "application/json; charset=utf-8",
        "Date": "Thu, 02 Mar 2023 13:34:45 GMT",
        "MS-CV": "yQkQ9YHG3Ea/vUOElGyHjg.0",
        "Strict-Transport-Security": "max-age=2592000",
        "X-Azure-Ref": "09aUAZAAAAADGinekZG95RqYwYKHbwb6cUFJHMDFFREdFMDkwNwBjYzkyNzU4ZC0wNWY3LTRhZDYtYWE1ZS0wZmE5NzE4ZDg5ODU=",
        "X-Cache": "CONFIG_NOCACHE",
        "X-Processing-Time": "177ms"
      },
      "ResponseBody": {
        "domains": {
          "nostojic13012023.skype.net": {
            "enabled": true
          },
          "nostojic14012023.skype.net": {
            "enabled": true
          }
        },
        "trunks": {
          "test1.nostojic13012023.skype.net": {
            "enabled": true,
            "sipSignalingPort": 8239
          },
          "test2.nostojic13012023.skype.net": {
            "enabled": true,
            "sipSignalingPort": 7348
          }
        },
        "routes": []
      }
    },
    {
      "RequestUri": "https://endpoint/sip?api-version=2023-01-01-preview",
      "RequestMethod": "PATCH",
      "RequestHeaders": {
        "Accept": "application/json",
        "Accept-Encoding": "gzip, deflate, br",
        "Accept-Language": "en-US",
        "Authorization": "Sanitized",
        "Connection": "keep-alive",
        "Content-Length": "220",
        "Content-Type": "application/merge-patch\u002Bjson",
        "Referer": "http://localhost:9876/",
        "sec-ch-ua": "",
        "sec-ch-ua-mobile": "?0",
        "sec-ch-ua-platform": "",
        "Sec-Fetch-Dest": "empty",
        "Sec-Fetch-Mode": "cors",
        "Sec-Fetch-Site": "same-site",
        "User-Agent": "Mozilla/5.0 (Windows NT 10.0; Win64; x64) AppleWebKit/537.36 (KHTML, like Gecko) HeadlessChrome/110.0.5478.0 Safari/537.36",
        "x-ms-client-request-id": "sanitized",
        "x-ms-useragent": "azsdk-js-communication-phone-numbers/1.2.0-alpha.20230303.1 core-rest-pipeline/1.9.2 OS/Win32"
      },
      "RequestBody": {
        "trunks": {
          "test3.nostojic13012023.skype.net": {
            "sipSignalingPort": 5678,
            "enabled": true
          },
          "test4.nostojic13012023.skype.net": {
            "sipSignalingPort": 5678,
            "enabled": true
          },
          "test1.nostojic13012023.skype.net": null,
          "test2.nostojic13012023.skype.net": null
        }
      },
      "StatusCode": 200,
      "ResponseHeaders": {
        "api-supported-versions": "2021-05-01-preview, 2022-09-01-preview, 2023-01-01-preview, 2023-03-01",
        "Content-Length": "262",
        "Content-Type": "application/json; charset=utf-8",
        "Date": "Thu, 02 Mar 2023 13:34:46 GMT",
        "MS-CV": "7R2fZSDvckauIkWEYbDfOA.0",
        "Strict-Transport-Security": "max-age=2592000",
        "X-Azure-Ref": "09aUAZAAAAACbBjP5EKkhRIQVcxhQegdNUFJHMDFFREdFMDkwNwBjYzkyNzU4ZC0wNWY3LTRhZDYtYWE1ZS0wZmE5NzE4ZDg5ODU=",
        "X-Cache": "CONFIG_NOCACHE",
        "X-Processing-Time": "1219ms"
      },
      "ResponseBody": {
        "domains": {
          "nostojic13012023.skype.net": {
            "enabled": true
          },
          "nostojic14012023.skype.net": {
            "enabled": true
          }
        },
        "trunks": {
          "test3.nostojic13012023.skype.net": {
            "enabled": true,
            "sipSignalingPort": 5678
          },
          "test4.nostojic13012023.skype.net": {
            "enabled": true,
            "sipSignalingPort": 5678
          }
        },
        "routes": []
      }
    },
    {
      "RequestUri": "https://endpoint/sip?api-version=2023-01-01-preview",
      "RequestMethod": "PATCH",
      "RequestHeaders": {
        "Accept": "application/json",
        "Accept-Encoding": "gzip, deflate, br",
        "Accept-Language": "en-US",
        "Authorization": "Sanitized",
        "Connection": "keep-alive",
        "Content-Length": "248",
        "Content-Type": "application/merge-patch\u002Bjson",
        "Referer": "http://localhost:9876/",
        "sec-ch-ua": "",
        "sec-ch-ua-mobile": "?0",
        "sec-ch-ua-platform": "",
        "Sec-Fetch-Dest": "empty",
        "Sec-Fetch-Mode": "cors",
        "Sec-Fetch-Site": "same-site",
        "User-Agent": "Mozilla/5.0 (Windows NT 10.0; Win64; x64) AppleWebKit/537.36 (KHTML, like Gecko) HeadlessChrome/110.0.5478.0 Safari/537.36",
        "x-ms-client-request-id": "sanitized",
        "x-ms-useragent": "azsdk-js-communication-phone-numbers/1.2.0-alpha.20230303.1 core-rest-pipeline/1.9.2 OS/Win32"
      },
      "RequestBody": {
        "routes": [
          {
            "description": "myFirstRoute\u0027s description",
            "name": "myFirstRoute",
            "numberPattern": "^\u002B[1-9][0-9]{3,23}$",
            "trunks": []
          },
          {
            "description": "mySecondRoute\u0027s description",
            "name": "mySecondRoute",
            "numberPattern": "^\u002B[1-9][0-9]{3,23}$",
            "trunks": []
          }
        ]
      },
      "StatusCode": 200,
      "ResponseHeaders": {
        "api-supported-versions": "2021-05-01-preview, 2022-09-01-preview, 2023-01-01-preview, 2023-03-01",
        "Content-Length": "497",
        "Content-Type": "application/json; charset=utf-8",
        "Date": "Thu, 02 Mar 2023 13:34:47 GMT",
        "MS-CV": "QOvDFt9VGEuOKVKgNEFPBw.0",
        "Strict-Transport-Security": "max-age=2592000",
        "X-Azure-Ref": "096UAZAAAAAB7UvQPrYzEQq7oRMGvTGFsUFJHMDFFREdFMDkwNwBjYzkyNzU4ZC0wNWY3LTRhZDYtYWE1ZS0wZmE5NzE4ZDg5ODU=",
        "X-Cache": "CONFIG_NOCACHE",
        "X-Processing-Time": "287ms"
      },
      "ResponseBody": {
        "domains": {
          "nostojic13012023.skype.net": {
            "enabled": true
          },
          "nostojic14012023.skype.net": {
            "enabled": true
          }
        },
        "trunks": {
          "test3.nostojic13012023.skype.net": {
            "enabled": true,
            "sipSignalingPort": 5678
          },
          "test4.nostojic13012023.skype.net": {
            "enabled": true,
            "sipSignalingPort": 5678
          }
        },
        "routes": [
          {
            "description": "myFirstRoute\u0027s description",
            "name": "myFirstRoute",
            "numberPattern": "^\u002B[1-9][0-9]{3,23}$",
            "trunks": []
          },
          {
            "description": "mySecondRoute\u0027s description",
            "name": "mySecondRoute",
            "numberPattern": "^\u002B[1-9][0-9]{3,23}$",
            "trunks": []
          }
        ]
      }
    },
    {
      "RequestUri": "https://endpoint/sip?api-version=2023-01-01-preview",
      "RequestMethod": "GET",
      "RequestHeaders": {
        "Accept": "application/json",
        "Accept-Encoding": "gzip, deflate, br",
        "Accept-Language": "en-US",
        "Authorization": "Sanitized",
        "Connection": "keep-alive",
        "Referer": "http://localhost:9876/",
        "sec-ch-ua": "",
        "sec-ch-ua-mobile": "?0",
        "sec-ch-ua-platform": "",
        "Sec-Fetch-Dest": "empty",
        "Sec-Fetch-Mode": "cors",
        "Sec-Fetch-Site": "same-site",
        "User-Agent": "Mozilla/5.0 (Windows NT 10.0; Win64; x64) AppleWebKit/537.36 (KHTML, like Gecko) HeadlessChrome/110.0.5478.0 Safari/537.36",
        "x-ms-client-request-id": "sanitized",
        "x-ms-useragent": "azsdk-js-communication-phone-numbers/1.2.0-alpha.20230303.1 core-rest-pipeline/1.9.2 OS/Win32"
      },
      "RequestBody": null,
      "StatusCode": 200,
      "ResponseHeaders": {
        "api-supported-versions": "2021-05-01-preview, 2022-09-01-preview, 2023-01-01-preview, 2023-03-01",
        "Content-Length": "497",
        "Content-Type": "application/json; charset=utf-8",
        "Date": "Thu, 02 Mar 2023 13:34:47 GMT",
        "MS-CV": "prwSXianL0WrdBMtz9Jlkw.0",
        "Strict-Transport-Security": "max-age=2592000",
        "X-Azure-Ref": "096UAZAAAAACdxnOftI60SqZiRFEgXqFRUFJHMDFFREdFMDkwNwBjYzkyNzU4ZC0wNWY3LTRhZDYtYWE1ZS0wZmE5NzE4ZDg5ODU=",
        "X-Cache": "CONFIG_NOCACHE",
        "X-Processing-Time": "171ms"
      },
      "ResponseBody": {
        "domains": {
          "nostojic13012023.skype.net": {
            "enabled": true
          },
          "nostojic14012023.skype.net": {
            "enabled": true
          }
        },
        "trunks": {
          "test3.nostojic13012023.skype.net": {
            "enabled": true,
            "sipSignalingPort": 5678
          },
          "test4.nostojic13012023.skype.net": {
            "enabled": true,
            "sipSignalingPort": 5678
          }
        },
        "routes": [
          {
            "description": "myFirstRoute\u0027s description",
            "name": "myFirstRoute",
            "numberPattern": "^\u002B[1-9][0-9]{3,23}$",
            "trunks": []
          },
          {
            "description": "mySecondRoute\u0027s description",
            "name": "mySecondRoute",
            "numberPattern": "^\u002B[1-9][0-9]{3,23}$",
            "trunks": []
          }
        ]
      }
    },
    {
      "RequestUri": "https://endpoint/sip?api-version=2023-01-01-preview",
      "RequestMethod": "GET",
      "RequestHeaders": {
        "Accept": "application/json",
        "Accept-Encoding": "gzip, deflate, br",
        "Accept-Language": "en-US",
        "Authorization": "Sanitized",
        "Connection": "keep-alive",
        "Referer": "http://localhost:9876/",
        "sec-ch-ua": "",
        "sec-ch-ua-mobile": "?0",
        "sec-ch-ua-platform": "",
        "Sec-Fetch-Dest": "empty",
        "Sec-Fetch-Mode": "cors",
        "Sec-Fetch-Site": "same-site",
        "User-Agent": "Mozilla/5.0 (Windows NT 10.0; Win64; x64) AppleWebKit/537.36 (KHTML, like Gecko) HeadlessChrome/110.0.5478.0 Safari/537.36",
        "x-ms-client-request-id": "sanitized",
        "x-ms-useragent": "azsdk-js-communication-phone-numbers/1.2.0-alpha.20230303.1 core-rest-pipeline/1.9.2 OS/Win32"
      },
      "RequestBody": null,
      "StatusCode": 200,
      "ResponseHeaders": {
        "api-supported-versions": "2021-05-01-preview, 2022-09-01-preview, 2023-01-01-preview, 2023-03-01",
        "Content-Length": "497",
        "Content-Type": "application/json; charset=utf-8",
        "Date": "Thu, 02 Mar 2023 13:34:47 GMT",
        "MS-CV": "9xpIgTD1h0WAvC09o8r\u002BEg.0",
        "Strict-Transport-Security": "max-age=2592000",
        "X-Azure-Ref": "096UAZAAAAAAHZC\u002BQoWSJRY3/sOP0c4M6UFJHMDFFREdFMDkwNwBjYzkyNzU4ZC0wNWY3LTRhZDYtYWE1ZS0wZmE5NzE4ZDg5ODU=",
        "X-Cache": "CONFIG_NOCACHE",
        "X-Processing-Time": "172ms"
      },
      "ResponseBody": {
        "domains": {
          "nostojic13012023.skype.net": {
            "enabled": true
          },
          "nostojic14012023.skype.net": {
            "enabled": true
          }
        },
        "trunks": {
          "test3.nostojic13012023.skype.net": {
            "enabled": true,
            "sipSignalingPort": 5678
          },
          "test4.nostojic13012023.skype.net": {
            "enabled": true,
            "sipSignalingPort": 5678
          }
        },
        "routes": [
          {
            "description": "myFirstRoute\u0027s description",
            "name": "myFirstRoute",
            "numberPattern": "^\u002B[1-9][0-9]{3,23}$",
            "trunks": []
          },
          {
            "description": "mySecondRoute\u0027s description",
            "name": "mySecondRoute",
            "numberPattern": "^\u002B[1-9][0-9]{3,23}$",
            "trunks": []
          }
        ]
      }
    }
  ],
  "Variables": {
    "fqdn-1": "test1.nostojic13012023.skype.net",
    "fqdn-2": "test2.nostojic13012023.skype.net",
    "fqdn-3": "test3.nostojic13012023.skype.net",
    "fqdn-4": "test4.nostojic13012023.skype.net"
  }
}
