{
  "Entries": [
    {
      "RequestUri": "https://fakestorageaccount.file.core.windows.net/share168617839405001949?restype=share",
      "RequestMethod": "PUT",
      "RequestHeaders": {
        "Accept": "application/xml",
        "Authorization": "Sanitized",
        "Connection": "keep-alive",
        "Content-Length": "0",
        "User-Agent": "azsdk-js-azure-storage-blob/12.13.0 core-rest-pipeline/1.11.1 Node/v16.18.0 OS/(x64-Linux-5.15.0-1038-azure)",
        "x-ms-client-request-id": "2791b127-a8da-48e1-a311-9c7fcfa94463",
        "x-ms-date": "Wed, 07 Jun 2023 22:53:14 GMT",
        "x-ms-version": "2021-10-04"
      },
      "RequestBody": null,
      "StatusCode": 201,
      "ResponseHeaders": {
        "Content-Length": "0",
        "Date": "Wed, 07 Jun 2023 22:53:13 GMT",
        "ETag": "\u00220x8DB67A9F9C7D3F8\u0022",
        "Last-Modified": "Wed, 07 Jun 2023 22:53:14 GMT",
        "Server": [
          "Windows-Azure-File/1.0",
          "Microsoft-HTTPAPI/2.0"
        ],
        "x-ms-client-request-id": "2791b127-a8da-48e1-a311-9c7fcfa94463",
        "x-ms-request-id": "7360ae1c-001a-003b-0692-998f15000000",
        "x-ms-version": "2021-10-04"
      },
      "ResponseBody": null
    },
    {
      "RequestUri": "https://fakestorageaccount.file.core.windows.net/share168617839405001949/dir168617839411805188?restype=directory",
      "RequestMethod": "PUT",
      "RequestHeaders": {
        "Accept": "application/xml",
        "Authorization": "Sanitized",
        "Connection": "keep-alive",
        "Content-Length": "0",
        "User-Agent": "azsdk-js-azure-storage-blob/12.13.0 core-rest-pipeline/1.11.1 Node/v16.18.0 OS/(x64-Linux-5.15.0-1038-azure)",
        "x-ms-client-request-id": "fe84dbc5-4c3a-41a2-b49b-b7ab6e7a0abb",
        "x-ms-date": "Wed, 07 Jun 2023 22:53:14 GMT",
        "x-ms-file-attributes": "Directory",
        "x-ms-file-creation-time": "now",
        "x-ms-file-last-write-time": "now",
        "x-ms-file-permission": "inherit",
        "x-ms-version": "2021-10-04"
      },
      "RequestBody": null,
      "StatusCode": 201,
      "ResponseHeaders": {
        "Content-Length": "0",
        "Date": "Wed, 07 Jun 2023 22:53:13 GMT",
        "ETag": "\u00220x8DB67A9F9D295B0\u0022",
        "Last-Modified": "Wed, 07 Jun 2023 22:53:14 GMT",
        "Server": [
          "Windows-Azure-File/1.0",
          "Microsoft-HTTPAPI/2.0"
        ],
        "x-ms-client-request-id": "fe84dbc5-4c3a-41a2-b49b-b7ab6e7a0abb",
        "x-ms-file-attributes": "Directory",
        "x-ms-file-change-time": "2023-06-07T22:53:14.1518768Z",
        "x-ms-file-creation-time": "2023-06-07T22:53:14.1518768Z",
        "x-ms-file-id": "13835128424026341376",
        "x-ms-file-last-write-time": "2023-06-07T22:53:14.1518768Z",
        "x-ms-file-parent-id": "0",
        "x-ms-file-permission-key": "14438882940201373875*11581588750433322810",
        "x-ms-request-id": "7360ae1e-001a-003b-0792-998f15000000",
        "x-ms-request-server-encrypted": "true",
        "x-ms-version": "2021-10-04"
      },
      "ResponseBody": null
    },
    {
      "RequestUri": "https://fakestorageaccount.file.core.windows.net/share168617839405001949/dir168617839411805188/file168617839418704108",
      "RequestMethod": "PUT",
      "RequestHeaders": {
        "Accept": "application/xml",
        "Authorization": "Sanitized",
        "Connection": "keep-alive",
        "Content-Length": "0",
        "User-Agent": "azsdk-js-azure-storage-blob/12.13.0 core-rest-pipeline/1.11.1 Node/v16.18.0 OS/(x64-Linux-5.15.0-1038-azure)",
        "x-ms-client-request-id": "4fe4e53a-65e2-441c-a8f8-628107216a3c",
        "x-ms-content-length": "10",
        "x-ms-date": "Wed, 07 Jun 2023 22:53:14 GMT",
        "x-ms-file-attributes": "None",
        "x-ms-file-creation-time": "now",
        "x-ms-file-last-write-time": "now",
        "x-ms-file-permission": "inherit",
        "x-ms-type": "file",
        "x-ms-version": "2021-10-04"
      },
      "RequestBody": null,
      "StatusCode": 201,
      "ResponseHeaders": {
        "Content-Length": "0",
        "Date": "Wed, 07 Jun 2023 22:53:13 GMT",
        "ETag": "\u00220x8DB67A9F9DD1B7B\u0022",
        "Last-Modified": "Wed, 07 Jun 2023 22:53:14 GMT",
        "Server": [
          "Windows-Azure-File/1.0",
          "Microsoft-HTTPAPI/2.0"
        ],
        "x-ms-client-request-id": "4fe4e53a-65e2-441c-a8f8-628107216a3c",
        "x-ms-file-attributes": "Archive",
        "x-ms-file-change-time": "2023-06-07T22:53:14.2208379Z",
        "x-ms-file-creation-time": "2023-06-07T22:53:14.2208379Z",
        "x-ms-file-id": "11529285414812647424",
        "x-ms-file-last-write-time": "2023-06-07T22:53:14.2208379Z",
        "x-ms-file-parent-id": "13835128424026341376",
        "x-ms-file-permission-key": "584053819618422708*11581588750433322810",
        "x-ms-request-id": "7360ae20-001a-003b-0992-998f15000000",
        "x-ms-request-server-encrypted": "true",
        "x-ms-version": "2021-10-04"
      },
      "ResponseBody": null
    },
    {
      "RequestUri": "https://fakestorageaccount.file.core.windows.net/share168617839405001949/dir168617839411805188/file168617839418704108?comp=range",
      "RequestMethod": "PUT",
      "RequestHeaders": {
        "Accept": "application/xml",
        "Authorization": "Sanitized",
        "Connection": "keep-alive",
        "Content-Length": "10",
        "Content-Type": "application/octet-stream",
        "User-Agent": "azsdk-js-azure-storage-blob/12.13.0 core-rest-pipeline/1.11.1 Node/v16.18.0 OS/(x64-Linux-5.15.0-1038-azure)",
        "x-ms-client-request-id": "d5c43d53-9b55-40ff-a3f4-660ef35a4045",
        "x-ms-date": "Wed, 07 Jun 2023 22:53:14 GMT",
        "x-ms-range": "bytes=0-9",
        "x-ms-version": "2021-10-04",
        "x-ms-write": "update"
      },
      "RequestBody": "SGVsbG9Xb3JsZA==",
      "StatusCode": 201,
      "ResponseHeaders": {
        "Content-Length": "0",
        "Content-MD5": "aOEJ8PQMpyoV4FzCJ4b45g==",
        "Date": "Wed, 07 Jun 2023 22:53:13 GMT",
        "ETag": "\u00220x8DB67A9F9E75329\u0022",
        "Last-Modified": "Wed, 07 Jun 2023 22:53:14 GMT",
        "Server": [
          "Windows-Azure-File/1.0",
          "Microsoft-HTTPAPI/2.0"
        ],
        "x-ms-client-request-id": "d5c43d53-9b55-40ff-a3f4-660ef35a4045",
        "x-ms-file-last-write-time": "2023-06-07T22:53:14.2877993Z",
        "x-ms-request-id": "7360ae21-001a-003b-0a92-998f15000000",
        "x-ms-request-server-encrypted": "true",
        "x-ms-version": "2021-10-04"
      },
      "ResponseBody": null
    },
    {
      "RequestUri": "https://fakestorageaccount.file.core.windows.net/share168617839405001949/dir168617839411805188/file168617839418704108",
      "RequestMethod": "GET",
      "RequestHeaders": {
        "Accept": "application/xml",
        "Authorization": "Sanitized",
        "Connection": "keep-alive",
        "User-Agent": "azsdk-js-azure-storage-blob/12.13.0 core-rest-pipeline/1.11.1 Node/v16.18.0 OS/(x64-Linux-5.15.0-1038-azure)",
        "x-ms-client-request-id": "c65e3d54-ef53-4285-8de2-a39b8a79dc09",
        "x-ms-date": "Wed, 07 Jun 2023 22:53:14 GMT",
        "x-ms-range": "bytes=0-1",
        "x-ms-version": "2021-10-04"
      },
      "RequestBody": null,
      "StatusCode": 206,
      "ResponseHeaders": {
        "Accept-Ranges": "bytes",
        "Access-Control-Allow-Origin": "*",
        "Access-Control-Expose-Headers": "x-ms-request-id,x-ms-client-request-id,Server,x-ms-version,Content-Type,Last-Modified,ETag,x-ms-type,x-ms-server-encrypted,x-ms-lease-status,x-ms-lease-state,x-ms-file-change-time,x-ms-file-last-write-time,x-ms-file-creation-time,x-ms-file-permission-key,x-ms-file-attributes,x-ms-file-id,x-ms-file-parent-id,Content-Range,Accept-Ranges,Content-Length,Date,Transfer-Encoding",
        "Content-Length": "2",
        "Content-Range": "bytes 0-1/10",
        "Content-Type": "application/octet-stream",
        "Date": "Wed, 07 Jun 2023 22:53:13 GMT",
        "ETag": "\u00220x8DB67A9F9E75329\u0022",
        "Last-Modified": "Wed, 07 Jun 2023 22:53:14 GMT",
        "Server": [
          "Windows-Azure-File/1.0",
          "Microsoft-HTTPAPI/2.0"
        ],
        "x-ms-client-request-id": "c65e3d54-ef53-4285-8de2-a39b8a79dc09",
        "x-ms-file-attributes": "Archive",
        "x-ms-file-change-time": "2023-06-07T22:53:14.2877993Z",
        "x-ms-file-creation-time": "2023-06-07T22:53:14.2208379Z",
        "x-ms-file-id": "11529285414812647424",
        "x-ms-file-last-write-time": "2023-06-07T22:53:14.2877993Z",
        "x-ms-file-parent-id": "13835128424026341376",
        "x-ms-file-permission-key": "584053819618422708*11581588750433322810",
        "x-ms-lease-state": "available",
        "x-ms-lease-status": "unlocked",
        "x-ms-request-id": "7360ae23-001a-003b-0c92-998f15000000",
        "x-ms-server-encrypted": "true",
        "x-ms-type": "File",
        "x-ms-version": "2021-10-04"
      },
      "ResponseBody": "SGU="
    },
    {
      "RequestUri": "https://fakestorageaccount.file.core.windows.net/share168617839405001949?restype=share",
      "RequestMethod": "DELETE",
      "RequestHeaders": {
        "Accept": "application/xml",
        "Authorization": "Sanitized",
        "Connection": "keep-alive",
        "User-Agent": "azsdk-js-azure-storage-blob/12.13.0 core-rest-pipeline/1.11.1 Node/v16.18.0 OS/(x64-Linux-5.15.0-1038-azure)",
        "x-ms-client-request-id": "985813a4-8bf1-44bf-963a-3632770a0264",
        "x-ms-date": "Wed, 07 Jun 2023 22:53:14 GMT",
        "x-ms-delete-snapshots": "include",
        "x-ms-version": "2021-10-04"
      },
      "RequestBody": null,
      "StatusCode": 202,
      "ResponseHeaders": {
        "Content-Length": "0",
        "Date": "Wed, 07 Jun 2023 22:53:14 GMT",
        "Server": [
          "Windows-Azure-File/1.0",
          "Microsoft-HTTPAPI/2.0"
        ],
        "x-ms-client-request-id": "985813a4-8bf1-44bf-963a-3632770a0264",
        "x-ms-request-id": "7360ae25-001a-003b-0e92-998f15000000",
        "x-ms-version": "2021-10-04"
      },
      "ResponseBody": null
    }
  ],
  "Variables": {
    "dir": "dir168617839411805188",
    "file": "file168617839418704108",
    "share": "share168617839405001949"
  }
}
