{
  "Entries": [
    {
      "RequestUri": "https://fakestorageaccount.file.core.windows.net/share168617837867702826?restype=share",
      "RequestMethod": "PUT",
      "RequestHeaders": {
        "Accept": "application/xml",
        "Authorization": "Sanitized",
        "Connection": "keep-alive",
        "Content-Length": "0",
        "User-Agent": "azsdk-js-azure-storage-blob/12.13.0 core-rest-pipeline/1.11.1 Node/v16.18.0 OS/(x64-Linux-5.15.0-1038-azure)",
        "x-ms-client-request-id": "bf8834cc-1685-4157-9b82-fdea4758769f",
        "x-ms-date": "Wed, 07 Jun 2023 22:52:58 GMT",
        "x-ms-version": "2021-10-04"
      },
      "RequestBody": null,
      "StatusCode": 201,
      "ResponseHeaders": {
        "Content-Length": "0",
        "Date": "Wed, 07 Jun 2023 22:52:58 GMT",
        "ETag": "\u00220x8DB67A9F09DEC0C\u0022",
        "Last-Modified": "Wed, 07 Jun 2023 22:52:58 GMT",
        "Server": [
          "Windows-Azure-File/1.0",
          "Microsoft-HTTPAPI/2.0"
        ],
        "x-ms-client-request-id": "bf8834cc-1685-4157-9b82-fdea4758769f",
        "x-ms-request-id": "7360ac90-001a-003b-2e92-998f15000000",
        "x-ms-version": "2021-10-04"
      },
      "ResponseBody": null
    },
    {
      "RequestUri": "https://fakestorageaccount.file.core.windows.net/share168617837867702826/dir168617837874404756?restype=directory",
      "RequestMethod": "PUT",
      "RequestHeaders": {
        "Accept": "application/xml",
        "Authorization": "Sanitized",
        "Connection": "keep-alive",
        "Content-Length": "0",
        "User-Agent": "azsdk-js-azure-storage-blob/12.13.0 core-rest-pipeline/1.11.1 Node/v16.18.0 OS/(x64-Linux-5.15.0-1038-azure)",
        "x-ms-client-request-id": "ef57a33a-f26c-431d-926f-3dec719fa2a2",
        "x-ms-date": "Wed, 07 Jun 2023 22:52:58 GMT",
        "x-ms-file-attributes": "Directory",
        "x-ms-file-creation-time": "now",
        "x-ms-file-last-write-time": "now",
        "x-ms-file-permission": "inherit",
        "x-ms-version": "2021-10-04"
      },
      "RequestBody": null,
      "StatusCode": 201,
      "ResponseHeaders": {
        "Content-Length": "0",
        "Date": "Wed, 07 Jun 2023 22:52:58 GMT",
        "ETag": "\u00220x8DB67A9F0A8CFD1\u0022",
        "Last-Modified": "Wed, 07 Jun 2023 22:52:58 GMT",
        "Server": [
          "Windows-Azure-File/1.0",
          "Microsoft-HTTPAPI/2.0"
        ],
        "x-ms-client-request-id": "ef57a33a-f26c-431d-926f-3dec719fa2a2",
        "x-ms-file-attributes": "Directory",
        "x-ms-file-change-time": "2023-06-07T22:52:58.7786193Z",
        "x-ms-file-creation-time": "2023-06-07T22:52:58.7786193Z",
        "x-ms-file-id": "13835128424026341376",
        "x-ms-file-last-write-time": "2023-06-07T22:52:58.7786193Z",
        "x-ms-file-parent-id": "0",
        "x-ms-file-permission-key": "14438882940201373875*11581588750433322810",
        "x-ms-request-id": "7360ac92-001a-003b-2f92-998f15000000",
        "x-ms-request-server-encrypted": "true",
        "x-ms-version": "2021-10-04"
      },
      "ResponseBody": null
    },
    {
      "RequestUri": "https://fakestorageaccount.file.core.windows.net/share168617837867702826/dir168617837874404756/file168617837881401686",
      "RequestMethod": "PUT",
      "RequestHeaders": {
        "Accept": "application/xml",
        "Authorization": "Sanitized",
        "Connection": "keep-alive",
        "Content-Length": "0",
        "User-Agent": "azsdk-js-azure-storage-blob/12.13.0 core-rest-pipeline/1.11.1 Node/v16.18.0 OS/(x64-Linux-5.15.0-1038-azure)",
        "x-ms-client-request-id": "b20b6f0c-f1d2-438e-b349-1abe46f78d37",
        "x-ms-content-length": "11",
        "x-ms-date": "Wed, 07 Jun 2023 22:52:58 GMT",
        "x-ms-file-attributes": "None",
        "x-ms-file-creation-time": "now",
        "x-ms-file-last-write-time": "now",
        "x-ms-file-permission": "inherit",
        "x-ms-type": "file",
        "x-ms-version": "2021-10-04"
      },
      "RequestBody": null,
      "StatusCode": 201,
      "ResponseHeaders": {
        "Content-Length": "0",
        "Date": "Wed, 07 Jun 2023 22:52:58 GMT",
        "ETag": "\u00220x8DB67A9F0B3558C\u0022",
        "Last-Modified": "Wed, 07 Jun 2023 22:52:58 GMT",
        "Server": [
          "Windows-Azure-File/1.0",
          "Microsoft-HTTPAPI/2.0"
        ],
        "x-ms-client-request-id": "b20b6f0c-f1d2-438e-b349-1abe46f78d37",
        "x-ms-file-attributes": "Archive",
        "x-ms-file-change-time": "2023-06-07T22:52:58.8475788Z",
        "x-ms-file-creation-time": "2023-06-07T22:52:58.8475788Z",
        "x-ms-file-id": "11529285414812647424",
        "x-ms-file-last-write-time": "2023-06-07T22:52:58.8475788Z",
        "x-ms-file-parent-id": "13835128424026341376",
        "x-ms-file-permission-key": "584053819618422708*11581588750433322810",
        "x-ms-request-id": "7360ac93-001a-003b-3092-998f15000000",
        "x-ms-request-server-encrypted": "true",
        "x-ms-version": "2021-10-04"
      },
      "ResponseBody": null
    },
    {
      "RequestUri": "https://fakestorageaccount.file.core.windows.net/share168617837867702826/dir168617837874404756/file168617837881401686?comp=properties",
      "RequestMethod": "PUT",
      "RequestHeaders": {
        "Accept": "application/xml",
        "Authorization": "Sanitized",
        "Connection": "keep-alive",
        "Content-Length": "0",
        "User-Agent": "azsdk-js-azure-storage-blob/12.13.0 core-rest-pipeline/1.11.1 Node/v16.18.0 OS/(x64-Linux-5.15.0-1038-azure)",
        "x-ms-cache-control": "fileCacheControl",
        "x-ms-client-request-id": "56a86870-b8c5-4a9c-89a0-6da078351813",
        "x-ms-content-disposition": "fileContentDisposition",
        "x-ms-content-encoding": "fileContentEncoding",
        "x-ms-content-language": "fileContentLanguage",
        "x-ms-content-md5": "AQIDBA==",
        "x-ms-content-type": "fileContentType",
        "x-ms-date": "Wed, 07 Jun 2023 22:52:58 GMT",
        "x-ms-file-attributes": "preserve",
        "x-ms-file-creation-time": "preserve",
        "x-ms-file-last-write-time": "preserve",
        "x-ms-file-permission": "preserve",
        "x-ms-version": "2021-10-04"
      },
      "RequestBody": null,
      "StatusCode": 200,
      "ResponseHeaders": {
        "Content-Length": "0",
        "Date": "Wed, 07 Jun 2023 22:52:58 GMT",
        "ETag": "\u00220x8DB67A9F0BD8D46\u0022",
        "Last-Modified": "Wed, 07 Jun 2023 22:52:58 GMT",
        "Server": [
          "Windows-Azure-File/1.0",
          "Microsoft-HTTPAPI/2.0"
        ],
        "x-ms-client-request-id": "56a86870-b8c5-4a9c-89a0-6da078351813",
        "x-ms-file-attributes": "Archive",
        "x-ms-file-change-time": "2023-06-07T22:52:58.9145414Z",
        "x-ms-file-creation-time": "2023-06-07T22:52:58.8475788Z",
        "x-ms-file-id": "11529285414812647424",
        "x-ms-file-last-write-time": "2023-06-07T22:52:58.8475788Z",
        "x-ms-file-parent-id": "13835128424026341376",
        "x-ms-file-permission-key": "584053819618422708*11581588750433322810",
        "x-ms-request-id": "7360ac94-001a-003b-3192-998f15000000",
        "x-ms-request-server-encrypted": "true",
        "x-ms-version": "2021-10-04"
      },
      "ResponseBody": null
    },
    {
      "RequestUri": "https://fakestorageaccount.file.core.windows.net/share168617837867702826/dir168617837874404756/file168617837881401686",
      "RequestMethod": "HEAD",
      "RequestHeaders": {
        "Accept": "application/xml",
        "Authorization": "Sanitized",
        "Connection": "keep-alive",
        "User-Agent": "azsdk-js-azure-storage-blob/12.13.0 core-rest-pipeline/1.11.1 Node/v16.18.0 OS/(x64-Linux-5.15.0-1038-azure)",
        "x-ms-client-request-id": "b0e361ba-b14e-4f7a-bf7b-04cc319c619e",
        "x-ms-date": "Wed, 07 Jun 2023 22:52:58 GMT",
        "x-ms-version": "2021-10-04"
      },
      "RequestBody": null,
      "StatusCode": 200,
      "ResponseHeaders": {
        "Access-Control-Allow-Origin": "*",
        "Access-Control-Expose-Headers": "x-ms-request-id,x-ms-client-request-id,Server,x-ms-version,Content-Type,Content-Encoding,Content-Language,Cache-Control,Last-Modified,ETag,Content-MD5,Content-Disposition,x-ms-type,x-ms-server-encrypted,x-ms-lease-status,x-ms-lease-state,x-ms-file-change-time,x-ms-file-last-write-time,x-ms-file-creation-time,x-ms-file-permission-key,x-ms-file-attributes,x-ms-file-id,x-ms-file-parent-id,Content-Length,Date,Transfer-Encoding",
        "Cache-Control": "fileCacheControl",
        "Content-Disposition": "fileContentDisposition",
        "Content-Encoding": "fileContentEncoding",
        "Content-Language": "fileContentLanguage",
        "Content-Length": "11",
        "Content-MD5": "AQIDBA==",
        "Content-Type": "fileContentType",
        "Date": "Wed, 07 Jun 2023 22:52:58 GMT",
        "ETag": "\u00220x8DB67A9F0BD8D46\u0022",
        "Last-Modified": "Wed, 07 Jun 2023 22:52:58 GMT",
        "Server": [
          "Windows-Azure-File/1.0",
          "Microsoft-HTTPAPI/2.0"
        ],
        "x-ms-client-request-id": "b0e361ba-b14e-4f7a-bf7b-04cc319c619e",
        "x-ms-file-attributes": "Archive",
        "x-ms-file-change-time": "2023-06-07T22:52:58.9145414Z",
        "x-ms-file-creation-time": "2023-06-07T22:52:58.8475788Z",
        "x-ms-file-id": "11529285414812647424",
        "x-ms-file-last-write-time": "2023-06-07T22:52:58.8475788Z",
        "x-ms-file-parent-id": "13835128424026341376",
        "x-ms-file-permission-key": "584053819618422708*11581588750433322810",
        "x-ms-lease-state": "available",
        "x-ms-lease-status": "unlocked",
        "x-ms-request-id": "7360ac95-001a-003b-3292-998f15000000",
        "x-ms-server-encrypted": "true",
        "x-ms-type": "File",
        "x-ms-version": "2021-10-04"
      },
      "ResponseBody": null
    },
    {
      "RequestUri": "https://fakestorageaccount.file.core.windows.net/share168617837867702826?restype=share",
      "RequestMethod": "DELETE",
      "RequestHeaders": {
        "Accept": "application/xml",
        "Authorization": "Sanitized",
        "Connection": "keep-alive",
        "User-Agent": "azsdk-js-azure-storage-blob/12.13.0 core-rest-pipeline/1.11.1 Node/v16.18.0 OS/(x64-Linux-5.15.0-1038-azure)",
        "x-ms-client-request-id": "484fb06a-be23-4507-ac80-571fee8cadca",
        "x-ms-date": "Wed, 07 Jun 2023 22:52:59 GMT",
        "x-ms-delete-snapshots": "include",
        "x-ms-version": "2021-10-04"
      },
      "RequestBody": null,
      "StatusCode": 202,
      "ResponseHeaders": {
        "Content-Length": "0",
        "Date": "Wed, 07 Jun 2023 22:52:58 GMT",
        "Server": [
          "Windows-Azure-File/1.0",
          "Microsoft-HTTPAPI/2.0"
        ],
        "x-ms-client-request-id": "484fb06a-be23-4507-ac80-571fee8cadca",
        "x-ms-request-id": "7360ac97-001a-003b-3492-998f15000000",
        "x-ms-version": "2021-10-04"
      },
      "ResponseBody": null
    }
  ],
  "Variables": {
    "dir": "dir168617837874404756",
    "file": "file168617837881401686",
    "share": "share168617837867702826"
  }
}
