{
  "Entries": [
    {
      "RequestUri": "https://keyvault_name.vault.azure.net/keys/listKeyName-listdeletedkeys--0/create?api-version=7.3",
      "RequestMethod": "POST",
      "RequestHeaders": {
        "Accept": "application/json",
        "Accept-Encoding": "gzip, deflate, br",
        "Accept-Language": "en-US",
        "Connection": "keep-alive",
        "Content-Length": "0",
        "Content-Type": "application/json",
        "Referer": "http://localhost:9329/",
        "sec-ch-ua": "",
        "sec-ch-ua-mobile": "?0",
        "sec-ch-ua-platform": "",
        "Sec-Fetch-Dest": "empty",
        "Sec-Fetch-Mode": "cors",
        "Sec-Fetch-Site": "same-site",
        "User-Agent": "Mozilla/5.0 (Windows NT 10.0; Win64; x64) AppleWebKit/537.36 (KHTML, like Gecko) HeadlessChrome/100.0.4889.0 Safari/537.36",
        "x-ms-client-request-id": "a4cd8ffc-6cc5-4028-b0ce-e93d10200cee",
        "x-ms-useragent": "azsdk-js-keyvault-keys/4.5.0-beta.1 azsdk-js-keyvault-keys/4.5.0-beta.1 core-rest-pipeline/1.8.1 OS/Win32"
      },
      "RequestBody": null,
      "StatusCode": 401,
      "ResponseHeaders": {
        "Cache-Control": "no-cache",
        "Content-Length": "97",
        "Content-Type": "application/json; charset=utf-8",
        "Date": "Fri, 27 May 2022 22:56:51 GMT",
        "Expires": "-1",
        "Pragma": "no-cache",
        "Strict-Transport-Security": "max-age=31536000;includeSubDomains",
        "WWW-Authenticate": "Bearer authorization=\u0022https://login.windows.net/12345678-1234-1234-1234-123456789012\u0022, resource=\u0022https://vault.azure.net\u0022",
        "X-Content-Type-Options": "nosniff",
        "x-ms-client-request-id": "a4cd8ffc-6cc5-4028-b0ce-e93d10200cee",
        "x-ms-keyvault-network-info": "conn_type=Ipv4;addr=131.107.159.44;act_addr_fam=InterNetwork;",
        "x-ms-keyvault-region": "northcentralus",
        "x-ms-keyvault-service-version": "1.9.395.1",
        "x-ms-request-id": "8f00ccb0-2e53-46fa-a68c-3f90bc730710"
      },
      "ResponseBody": {
        "error": {
          "code": "Unauthorized",
          "message": "AKV10000: Request is missing a Bearer or PoP token."
        }
      }
    },
    {
      "RequestUri": "https://keyvault_name.vault.azure.net/keys/listKeyName-listdeletedkeys--0/create?api-version=7.3",
      "RequestMethod": "POST",
      "RequestHeaders": {
        "Accept": "application/json",
        "Accept-Encoding": "gzip, deflate, br",
        "Accept-Language": "en-US",
        "Authorization": "Sanitized",
        "Connection": "keep-alive",
        "Content-Length": "13",
        "Content-Type": "application/json",
        "Referer": "http://localhost:9329/",
        "sec-ch-ua": "",
        "sec-ch-ua-mobile": "?0",
        "sec-ch-ua-platform": "",
        "Sec-Fetch-Dest": "empty",
        "Sec-Fetch-Mode": "cors",
        "Sec-Fetch-Site": "same-site",
        "User-Agent": "Mozilla/5.0 (Windows NT 10.0; Win64; x64) AppleWebKit/537.36 (KHTML, like Gecko) HeadlessChrome/100.0.4889.0 Safari/537.36",
        "x-ms-client-request-id": "a4cd8ffc-6cc5-4028-b0ce-e93d10200cee",
        "x-ms-useragent": "azsdk-js-keyvault-keys/4.5.0-beta.1 azsdk-js-keyvault-keys/4.5.0-beta.1 core-rest-pipeline/1.8.1 OS/Win32"
      },
      "RequestBody": {
        "kty": "RSA"
      },
      "StatusCode": 200,
      "ResponseHeaders": {
        "Cache-Control": "no-cache",
        "Content-Length": "708",
        "Content-Type": "application/json; charset=utf-8",
        "Date": "Fri, 27 May 2022 22:56:51 GMT",
        "Expires": "-1",
        "Pragma": "no-cache",
        "Strict-Transport-Security": "max-age=31536000;includeSubDomains",
        "X-Content-Type-Options": "nosniff",
        "x-ms-client-request-id": "a4cd8ffc-6cc5-4028-b0ce-e93d10200cee",
        "x-ms-keyvault-network-info": "conn_type=Ipv4;addr=131.107.159.44;act_addr_fam=InterNetwork;",
        "x-ms-keyvault-rbac-assignment-id": "bcec85b9-f9c6-5289-888e-6f6ce533c6a2",
        "x-ms-keyvault-rbac-cache": "ra_age=7132;da_age=7132;rd_age=7132;brd_age=27362;ra_notif_age=8187;dec_lev=1;",
        "x-ms-keyvault-region": "northcentralus",
        "x-ms-keyvault-service-version": "1.9.395.1",
        "x-ms-request-id": "5b46ef4a-155e-4d37-a8a7-a3b3b365a012"
      },
      "ResponseBody": {
        "key": {
          "kid": "https://keyvault_name.vault.azure.net/keys/listKeyName-listdeletedkeys--0/423211e5668f45199eb964b9a07a3130",
          "kty": "RSA",
          "key_ops": [
            "encrypt",
            "decrypt",
            "sign",
            "verify",
            "wrapKey",
            "unwrapKey"
          ],
          "n": "s2g94SZK-12BEkiVG8BGOV5N-gwz3njARE_Y2CcLd0HQYMgFaHzIF5SbDwcDB8AybHFqehmxR3eISBXKi33xWw9XPVjiptC2ngCd5yXJthQLNLvZBnA3cxHlrBbDuGXB_CiHU1r5R9OvsCs8JlLEMOoIWlrQ6UnTlhZ0fZ7-UrwV7QYrEwbZSf1_f14uD5alFKGOqkA5aTpnDT5tPXwarHYhBLZXwXhZ558qKC9MdZnhd-wV7jgPBTJBV_q6tuyU2fYFBwykGmUn5juhIg4_lc6aMi1ytf-gYbvXYXowtz8F4iM2oXQusFqGesmxaCtyiejA1crIv8Eks52ALRYcCQ",
          "e": "AQAB"
        },
        "attributes": {
          "enabled": true,
          "created": 1653692212,
          "updated": 1653692212,
          "recoveryLevel": "CustomizedRecoverable\u002BPurgeable",
          "recoverableDays": 7
        }
      }
    },
    {
      "RequestUri": "https://keyvault_name.vault.azure.net/keys/listKeyName-listdeletedkeys--1/create?api-version=7.3",
      "RequestMethod": "POST",
      "RequestHeaders": {
        "Accept": "application/json",
        "Accept-Encoding": "gzip, deflate, br",
        "Accept-Language": "en-US",
        "Authorization": "Sanitized",
        "Connection": "keep-alive",
        "Content-Length": "13",
        "Content-Type": "application/json",
        "Referer": "http://localhost:9329/",
        "sec-ch-ua": "",
        "sec-ch-ua-mobile": "?0",
        "sec-ch-ua-platform": "",
        "Sec-Fetch-Dest": "empty",
        "Sec-Fetch-Mode": "cors",
        "Sec-Fetch-Site": "same-site",
        "User-Agent": "Mozilla/5.0 (Windows NT 10.0; Win64; x64) AppleWebKit/537.36 (KHTML, like Gecko) HeadlessChrome/100.0.4889.0 Safari/537.36",
        "x-ms-client-request-id": "06df95b3-54f2-4ebd-a043-b260a0d96c4a",
        "x-ms-useragent": "azsdk-js-keyvault-keys/4.5.0-beta.1 azsdk-js-keyvault-keys/4.5.0-beta.1 core-rest-pipeline/1.8.1 OS/Win32"
      },
      "RequestBody": {
        "kty": "RSA"
      },
      "StatusCode": 200,
      "ResponseHeaders": {
        "Cache-Control": "no-cache",
        "Content-Length": "708",
        "Content-Type": "application/json; charset=utf-8",
        "Date": "Fri, 27 May 2022 22:56:52 GMT",
        "Expires": "-1",
        "Pragma": "no-cache",
        "Strict-Transport-Security": "max-age=31536000;includeSubDomains",
        "X-Content-Type-Options": "nosniff",
        "x-ms-client-request-id": "06df95b3-54f2-4ebd-a043-b260a0d96c4a",
        "x-ms-keyvault-network-info": "conn_type=Ipv4;addr=131.107.159.44;act_addr_fam=InterNetwork;",
        "x-ms-keyvault-rbac-assignment-id": "bcec85b9-f9c6-5289-888e-6f6ce533c6a2",
        "x-ms-keyvault-rbac-cache": "ra_age=7132;da_age=7132;rd_age=7132;brd_age=27362;ra_notif_age=8188;dec_lev=1;",
        "x-ms-keyvault-region": "northcentralus",
        "x-ms-keyvault-service-version": "1.9.395.1",
        "x-ms-request-id": "b736122b-ac62-4300-ad27-6d5d4aced8b1"
      },
      "ResponseBody": {
        "key": {
          "kid": "https://keyvault_name.vault.azure.net/keys/listKeyName-listdeletedkeys--1/19c8f4732ce14ebb91c8702ca85862da",
          "kty": "RSA",
          "key_ops": [
            "encrypt",
            "decrypt",
            "sign",
            "verify",
            "wrapKey",
            "unwrapKey"
          ],
          "n": "zdU0wEbVJ12N4jJ30luIvmn4j3u7YIhpdSsJRYbGMMCTCQ3DABvT-L9BOHKOo7jysao10zXFCA9RMFaRRYTvUqZ7gTW2nzfLJIm68v47LqhjdupL-JCBWWzLMHuFGfBLawym5hTJbNoNhuaxBxy_w3CU26FdRnQUNcceFo_IRgZe5sb31Go22HLXpJ8q_kO-BgY8BdrlgMyuQgNi4juJLGpA0zwbo0l1lE0FiwtkeRjuv6u82ihBp-2lmKwN_TpXNuqdjoGMqqdmxxQ8BwTa45Ui6M4ICwIMlJfsRLJ3PaoHZn7C1ORWqfGeOOHQpXlDDH8haLwbYvf4jwePiQnEVQ",
          "e": "AQAB"
        },
        "attributes": {
          "enabled": true,
          "created": 1653692212,
          "updated": 1653692212,
          "recoveryLevel": "CustomizedRecoverable\u002BPurgeable",
          "recoverableDays": 7
        }
      }
    },
    {
      "RequestUri": "https://keyvault_name.vault.azure.net/keys/listKeyName-listdeletedkeys--0?api-version=7.3",
      "RequestMethod": "DELETE",
      "RequestHeaders": {
        "Accept": "application/json",
        "Accept-Encoding": "gzip, deflate, br",
        "Accept-Language": "en-US",
        "Authorization": "Sanitized",
        "Connection": "keep-alive",
        "Referer": "http://localhost:9329/",
        "sec-ch-ua": "",
        "sec-ch-ua-mobile": "?0",
        "sec-ch-ua-platform": "",
        "Sec-Fetch-Dest": "empty",
        "Sec-Fetch-Mode": "cors",
        "Sec-Fetch-Site": "same-site",
        "User-Agent": "Mozilla/5.0 (Windows NT 10.0; Win64; x64) AppleWebKit/537.36 (KHTML, like Gecko) HeadlessChrome/100.0.4889.0 Safari/537.36",
        "x-ms-client-request-id": "691be09a-c917-41d7-9706-6a5daf06844b",
        "x-ms-useragent": "azsdk-js-keyvault-keys/4.5.0-beta.1 azsdk-js-keyvault-keys/4.5.0-beta.1 core-rest-pipeline/1.8.1 OS/Win32"
      },
      "RequestBody": null,
      "StatusCode": 200,
      "ResponseHeaders": {
        "Cache-Control": "no-cache",
        "Content-Length": "861",
        "Content-Type": "application/json; charset=utf-8",
        "Date": "Fri, 27 May 2022 22:56:52 GMT",
        "Expires": "-1",
        "Pragma": "no-cache",
        "Strict-Transport-Security": "max-age=31536000;includeSubDomains",
        "X-Content-Type-Options": "nosniff",
        "x-ms-client-request-id": "691be09a-c917-41d7-9706-6a5daf06844b",
        "x-ms-keyvault-network-info": "conn_type=Ipv4;addr=131.107.159.44;act_addr_fam=InterNetwork;",
        "x-ms-keyvault-rbac-assignment-id": "bcec85b9-f9c6-5289-888e-6f6ce533c6a2",
        "x-ms-keyvault-rbac-cache": "ra_age=7133;da_age=7133;rd_age=7133;brd_age=27362;ra_notif_age=8188;dec_lev=1;",
        "x-ms-keyvault-region": "northcentralus",
        "x-ms-keyvault-service-version": "1.9.395.1",
        "x-ms-request-id": "bb849184-f33c-4aaf-89fe-e5da8be38f21"
      },
      "ResponseBody": {
        "recoveryId": "https://keyvault_name.vault.azure.net/deletedkeys/listKeyName-listdeletedkeys--0",
        "deletedDate": 1653692212,
        "scheduledPurgeDate": 1654297012,
        "key": {
          "kid": "https://keyvault_name.vault.azure.net/keys/listKeyName-listdeletedkeys--0/423211e5668f45199eb964b9a07a3130",
          "kty": "RSA",
          "key_ops": [
            "encrypt",
            "decrypt",
            "sign",
            "verify",
            "wrapKey",
            "unwrapKey"
          ],
          "n": "s2g94SZK-12BEkiVG8BGOV5N-gwz3njARE_Y2CcLd0HQYMgFaHzIF5SbDwcDB8AybHFqehmxR3eISBXKi33xWw9XPVjiptC2ngCd5yXJthQLNLvZBnA3cxHlrBbDuGXB_CiHU1r5R9OvsCs8JlLEMOoIWlrQ6UnTlhZ0fZ7-UrwV7QYrEwbZSf1_f14uD5alFKGOqkA5aTpnDT5tPXwarHYhBLZXwXhZ558qKC9MdZnhd-wV7jgPBTJBV_q6tuyU2fYFBwykGmUn5juhIg4_lc6aMi1ytf-gYbvXYXowtz8F4iM2oXQusFqGesmxaCtyiejA1crIv8Eks52ALRYcCQ",
          "e": "AQAB"
        },
        "attributes": {
          "enabled": true,
          "created": 1653692212,
          "updated": 1653692212,
          "recoveryLevel": "CustomizedRecoverable\u002BPurgeable",
          "recoverableDays": 7
        }
      }
    },
    {
      "RequestUri": "https://keyvault_name.vault.azure.net/deletedkeys/listKeyName-listdeletedkeys--0?api-version=7.3",
      "RequestMethod": "GET",
      "RequestHeaders": {
        "Accept": "application/json",
        "Accept-Encoding": "gzip, deflate, br",
        "Accept-Language": "en-US",
        "Authorization": "Sanitized",
        "Connection": "keep-alive",
        "Referer": "http://localhost:9329/",
        "sec-ch-ua": "",
        "sec-ch-ua-mobile": "?0",
        "sec-ch-ua-platform": "",
        "Sec-Fetch-Dest": "empty",
        "Sec-Fetch-Mode": "cors",
        "Sec-Fetch-Site": "same-site",
        "User-Agent": "Mozilla/5.0 (Windows NT 10.0; Win64; x64) AppleWebKit/537.36 (KHTML, like Gecko) HeadlessChrome/100.0.4889.0 Safari/537.36",
        "x-ms-client-request-id": "d7a0c94a-36cf-476b-81c8-b0b902b4643e",
        "x-ms-useragent": "azsdk-js-keyvault-keys/4.5.0-beta.1 azsdk-js-keyvault-keys/4.5.0-beta.1 core-rest-pipeline/1.8.1 OS/Win32"
      },
      "RequestBody": null,
      "StatusCode": 404,
      "ResponseHeaders": {
        "Cache-Control": "no-cache",
        "Content-Length": "98",
        "Content-Type": "application/json; charset=utf-8",
        "Date": "Fri, 27 May 2022 22:56:52 GMT",
        "Expires": "-1",
        "Pragma": "no-cache",
        "Strict-Transport-Security": "max-age=31536000;includeSubDomains",
        "X-Content-Type-Options": "nosniff",
        "x-ms-client-request-id": "d7a0c94a-36cf-476b-81c8-b0b902b4643e",
        "x-ms-keyvault-network-info": "conn_type=Ipv4;addr=131.107.159.44;act_addr_fam=InterNetwork;",
        "x-ms-keyvault-rbac-assignment-id": "bcec85b9-f9c6-5289-888e-6f6ce533c6a2",
        "x-ms-keyvault-rbac-cache": "ra_age=7133;da_age=7133;rd_age=7133;brd_age=27362;ra_notif_age=8188;dec_lev=1;",
        "x-ms-keyvault-region": "northcentralus",
        "x-ms-keyvault-service-version": "1.9.395.1",
        "x-ms-request-id": "5348fd09-301c-4789-a864-3dd2733f5631"
      },
      "ResponseBody": {
        "error": {
          "code": "KeyNotFound",
          "message": "Deleted Key not found: listKeyName-listdeletedkeys--0"
        }
      }
    },
    {
      "RequestUri": "https://keyvault_name.vault.azure.net/deletedkeys/listKeyName-listdeletedkeys--0?api-version=7.3",
      "RequestMethod": "GET",
      "RequestHeaders": {
        "Accept": "application/json",
        "Accept-Encoding": "gzip, deflate, br",
        "Accept-Language": "en-US",
        "Authorization": "Sanitized",
        "Connection": "keep-alive",
        "Referer": "http://localhost:9329/",
        "sec-ch-ua": "",
        "sec-ch-ua-mobile": "?0",
        "sec-ch-ua-platform": "",
        "Sec-Fetch-Dest": "empty",
        "Sec-Fetch-Mode": "cors",
        "Sec-Fetch-Site": "same-site",
        "User-Agent": "Mozilla/5.0 (Windows NT 10.0; Win64; x64) AppleWebKit/537.36 (KHTML, like Gecko) HeadlessChrome/100.0.4889.0 Safari/537.36",
        "x-ms-client-request-id": "c7228ff2-7df5-4a68-86e6-fbc8f3a30205",
        "x-ms-useragent": "azsdk-js-keyvault-keys/4.5.0-beta.1 azsdk-js-keyvault-keys/4.5.0-beta.1 core-rest-pipeline/1.8.1 OS/Win32"
      },
      "RequestBody": null,
      "StatusCode": 404,
      "ResponseHeaders": {
        "Cache-Control": "no-cache",
        "Content-Length": "98",
        "Content-Type": "application/json; charset=utf-8",
        "Date": "Fri, 27 May 2022 22:56:52 GMT",
        "Expires": "-1",
        "Pragma": "no-cache",
        "Strict-Transport-Security": "max-age=31536000;includeSubDomains",
        "X-Content-Type-Options": "nosniff",
        "x-ms-client-request-id": "c7228ff2-7df5-4a68-86e6-fbc8f3a30205",
        "x-ms-keyvault-network-info": "conn_type=Ipv4;addr=131.107.159.44;act_addr_fam=InterNetwork;",
        "x-ms-keyvault-rbac-assignment-id": "bcec85b9-f9c6-5289-888e-6f6ce533c6a2",
        "x-ms-keyvault-rbac-cache": "ra_age=7133;da_age=7133;rd_age=7133;brd_age=27362;ra_notif_age=8188;dec_lev=0;",
        "x-ms-keyvault-region": "northcentralus",
        "x-ms-keyvault-service-version": "1.9.395.1",
        "x-ms-request-id": "15777e1f-94b5-4b6e-9818-2ee1694a4eeb"
      },
      "ResponseBody": {
        "error": {
          "code": "KeyNotFound",
          "message": "Deleted Key not found: listKeyName-listdeletedkeys--0"
        }
      }
    },
    {
      "RequestUri": "https://keyvault_name.vault.azure.net/deletedkeys/listKeyName-listdeletedkeys--0?api-version=7.3",
      "RequestMethod": "GET",
      "RequestHeaders": {
        "Accept": "application/json",
        "Accept-Encoding": "gzip, deflate, br",
        "Accept-Language": "en-US",
        "Authorization": "Sanitized",
        "Connection": "keep-alive",
        "Referer": "http://localhost:9329/",
        "sec-ch-ua": "",
        "sec-ch-ua-mobile": "?0",
        "sec-ch-ua-platform": "",
        "Sec-Fetch-Dest": "empty",
        "Sec-Fetch-Mode": "cors",
        "Sec-Fetch-Site": "same-site",
        "User-Agent": "Mozilla/5.0 (Windows NT 10.0; Win64; x64) AppleWebKit/537.36 (KHTML, like Gecko) HeadlessChrome/100.0.4889.0 Safari/537.36",
        "x-ms-client-request-id": "d9aaea0a-0d38-4161-8db4-0013c796570f",
        "x-ms-useragent": "azsdk-js-keyvault-keys/4.5.0-beta.1 azsdk-js-keyvault-keys/4.5.0-beta.1 core-rest-pipeline/1.8.1 OS/Win32"
      },
      "RequestBody": null,
      "StatusCode": 200,
      "ResponseHeaders": {
        "Cache-Control": "no-cache",
        "Content-Length": "861",
        "Content-Type": "application/json; charset=utf-8",
        "Date": "Fri, 27 May 2022 22:56:57 GMT",
        "Expires": "-1",
        "Pragma": "no-cache",
        "Strict-Transport-Security": "max-age=31536000;includeSubDomains",
        "X-Content-Type-Options": "nosniff",
        "x-ms-client-request-id": "d9aaea0a-0d38-4161-8db4-0013c796570f",
        "x-ms-keyvault-network-info": "conn_type=Ipv4;addr=131.107.159.44;act_addr_fam=InterNetwork;",
        "x-ms-keyvault-rbac-assignment-id": "bcec85b9-f9c6-5289-888e-6f6ce533c6a2",
        "x-ms-keyvault-rbac-cache": "ra_age=7138;da_age=7138;rd_age=7138;brd_age=27367;ra_notif_age=8193;dec_lev=0;",
        "x-ms-keyvault-region": "northcentralus",
        "x-ms-keyvault-service-version": "1.9.395.1",
        "x-ms-request-id": "a881ac08-56be-410c-a275-a12fa72de26e"
      },
      "ResponseBody": {
        "recoveryId": "https://keyvault_name.vault.azure.net/deletedkeys/listKeyName-listdeletedkeys--0",
        "deletedDate": 1653692212,
        "scheduledPurgeDate": 1654297012,
        "key": {
          "kid": "https://keyvault_name.vault.azure.net/keys/listKeyName-listdeletedkeys--0/423211e5668f45199eb964b9a07a3130",
          "kty": "RSA",
          "key_ops": [
            "encrypt",
            "decrypt",
            "sign",
            "verify",
            "wrapKey",
            "unwrapKey"
          ],
          "n": "s2g94SZK-12BEkiVG8BGOV5N-gwz3njARE_Y2CcLd0HQYMgFaHzIF5SbDwcDB8AybHFqehmxR3eISBXKi33xWw9XPVjiptC2ngCd5yXJthQLNLvZBnA3cxHlrBbDuGXB_CiHU1r5R9OvsCs8JlLEMOoIWlrQ6UnTlhZ0fZ7-UrwV7QYrEwbZSf1_f14uD5alFKGOqkA5aTpnDT5tPXwarHYhBLZXwXhZ558qKC9MdZnhd-wV7jgPBTJBV_q6tuyU2fYFBwykGmUn5juhIg4_lc6aMi1ytf-gYbvXYXowtz8F4iM2oXQusFqGesmxaCtyiejA1crIv8Eks52ALRYcCQ",
          "e": "AQAB"
        },
        "attributes": {
          "enabled": true,
          "created": 1653692212,
          "updated": 1653692212,
          "recoveryLevel": "CustomizedRecoverable\u002BPurgeable",
          "recoverableDays": 7
        }
      }
    },
    {
      "RequestUri": "https://keyvault_name.vault.azure.net/keys/listKeyName-listdeletedkeys--1?api-version=7.3",
      "RequestMethod": "DELETE",
      "RequestHeaders": {
        "Accept": "application/json",
        "Accept-Encoding": "gzip, deflate, br",
        "Accept-Language": "en-US",
        "Authorization": "Sanitized",
        "Connection": "keep-alive",
        "Referer": "http://localhost:9329/",
        "sec-ch-ua": "",
        "sec-ch-ua-mobile": "?0",
        "sec-ch-ua-platform": "",
        "Sec-Fetch-Dest": "empty",
        "Sec-Fetch-Mode": "cors",
        "Sec-Fetch-Site": "same-site",
        "User-Agent": "Mozilla/5.0 (Windows NT 10.0; Win64; x64) AppleWebKit/537.36 (KHTML, like Gecko) HeadlessChrome/100.0.4889.0 Safari/537.36",
        "x-ms-client-request-id": "3ccf8eba-d335-419a-9c87-dcd1a3af9634",
        "x-ms-useragent": "azsdk-js-keyvault-keys/4.5.0-beta.1 azsdk-js-keyvault-keys/4.5.0-beta.1 core-rest-pipeline/1.8.1 OS/Win32"
      },
      "RequestBody": null,
      "StatusCode": 200,
      "ResponseHeaders": {
        "Cache-Control": "no-cache",
        "Content-Length": "861",
        "Content-Type": "application/json; charset=utf-8",
        "Date": "Fri, 27 May 2022 22:56:57 GMT",
        "Expires": "-1",
        "Pragma": "no-cache",
        "Strict-Transport-Security": "max-age=31536000;includeSubDomains",
        "X-Content-Type-Options": "nosniff",
        "x-ms-client-request-id": "3ccf8eba-d335-419a-9c87-dcd1a3af9634",
        "x-ms-keyvault-network-info": "conn_type=Ipv4;addr=131.107.159.44;act_addr_fam=InterNetwork;",
        "x-ms-keyvault-rbac-assignment-id": "bcec85b9-f9c6-5289-888e-6f6ce533c6a2",
        "x-ms-keyvault-rbac-cache": "ra_age=7138;da_age=7138;rd_age=7138;brd_age=27367;ra_notif_age=8193;dec_lev=1;",
        "x-ms-keyvault-region": "northcentralus",
        "x-ms-keyvault-service-version": "1.9.395.1",
        "x-ms-request-id": "582c9936-7f4e-4248-a942-8df97ad0174c"
      },
      "ResponseBody": {
        "recoveryId": "https://keyvault_name.vault.azure.net/deletedkeys/listKeyName-listdeletedkeys--1",
        "deletedDate": 1653692217,
        "scheduledPurgeDate": 1654297017,
        "key": {
          "kid": "https://keyvault_name.vault.azure.net/keys/listKeyName-listdeletedkeys--1/19c8f4732ce14ebb91c8702ca85862da",
          "kty": "RSA",
          "key_ops": [
            "encrypt",
            "decrypt",
            "sign",
            "verify",
            "wrapKey",
            "unwrapKey"
          ],
          "n": "zdU0wEbVJ12N4jJ30luIvmn4j3u7YIhpdSsJRYbGMMCTCQ3DABvT-L9BOHKOo7jysao10zXFCA9RMFaRRYTvUqZ7gTW2nzfLJIm68v47LqhjdupL-JCBWWzLMHuFGfBLawym5hTJbNoNhuaxBxy_w3CU26FdRnQUNcceFo_IRgZe5sb31Go22HLXpJ8q_kO-BgY8BdrlgMyuQgNi4juJLGpA0zwbo0l1lE0FiwtkeRjuv6u82ihBp-2lmKwN_TpXNuqdjoGMqqdmxxQ8BwTa45Ui6M4ICwIMlJfsRLJ3PaoHZn7C1ORWqfGeOOHQpXlDDH8haLwbYvf4jwePiQnEVQ",
          "e": "AQAB"
        },
        "attributes": {
          "enabled": true,
          "created": 1653692212,
          "updated": 1653692212,
          "recoveryLevel": "CustomizedRecoverable\u002BPurgeable",
          "recoverableDays": 7
        }
      }
    },
    {
      "RequestUri": "https://keyvault_name.vault.azure.net/deletedkeys/listKeyName-listdeletedkeys--1?api-version=7.3",
      "RequestMethod": "GET",
      "RequestHeaders": {
        "Accept": "application/json",
        "Accept-Encoding": "gzip, deflate, br",
        "Accept-Language": "en-US",
        "Authorization": "Sanitized",
        "Connection": "keep-alive",
        "Referer": "http://localhost:9329/",
        "sec-ch-ua": "",
        "sec-ch-ua-mobile": "?0",
        "sec-ch-ua-platform": "",
        "Sec-Fetch-Dest": "empty",
        "Sec-Fetch-Mode": "cors",
        "Sec-Fetch-Site": "same-site",
        "User-Agent": "Mozilla/5.0 (Windows NT 10.0; Win64; x64) AppleWebKit/537.36 (KHTML, like Gecko) HeadlessChrome/100.0.4889.0 Safari/537.36",
        "x-ms-client-request-id": "15bb9245-be39-460f-b931-5553892d97c9",
        "x-ms-useragent": "azsdk-js-keyvault-keys/4.5.0-beta.1 azsdk-js-keyvault-keys/4.5.0-beta.1 core-rest-pipeline/1.8.1 OS/Win32"
      },
      "RequestBody": null,
      "StatusCode": 404,
      "ResponseHeaders": {
        "Cache-Control": "no-cache",
        "Content-Length": "98",
        "Content-Type": "application/json; charset=utf-8",
        "Date": "Fri, 27 May 2022 22:56:57 GMT",
        "Expires": "-1",
        "Pragma": "no-cache",
        "Strict-Transport-Security": "max-age=31536000;includeSubDomains",
        "X-Content-Type-Options": "nosniff",
        "x-ms-client-request-id": "15bb9245-be39-460f-b931-5553892d97c9",
        "x-ms-keyvault-network-info": "conn_type=Ipv4;addr=131.107.159.44;act_addr_fam=InterNetwork;",
        "x-ms-keyvault-rbac-assignment-id": "bcec85b9-f9c6-5289-888e-6f6ce533c6a2",
        "x-ms-keyvault-rbac-cache": "ra_age=7138;da_age=7138;rd_age=7138;brd_age=27367;ra_notif_age=8193;dec_lev=1;",
        "x-ms-keyvault-region": "northcentralus",
        "x-ms-keyvault-service-version": "1.9.395.1",
        "x-ms-request-id": "a8853d6a-b77b-40ac-ab4f-e3bce2ab814c"
      },
      "ResponseBody": {
        "error": {
          "code": "KeyNotFound",
          "message": "Deleted Key not found: listKeyName-listdeletedkeys--1"
        }
      }
    },
    {
      "RequestUri": "https://keyvault_name.vault.azure.net/deletedkeys/listKeyName-listdeletedkeys--1?api-version=7.3",
      "RequestMethod": "GET",
      "RequestHeaders": {
        "Accept": "application/json",
        "Accept-Encoding": "gzip, deflate, br",
        "Accept-Language": "en-US",
        "Authorization": "Sanitized",
        "Connection": "keep-alive",
        "Referer": "http://localhost:9329/",
        "sec-ch-ua": "",
        "sec-ch-ua-mobile": "?0",
        "sec-ch-ua-platform": "",
        "Sec-Fetch-Dest": "empty",
        "Sec-Fetch-Mode": "cors",
        "Sec-Fetch-Site": "same-site",
        "User-Agent": "Mozilla/5.0 (Windows NT 10.0; Win64; x64) AppleWebKit/537.36 (KHTML, like Gecko) HeadlessChrome/100.0.4889.0 Safari/537.36",
        "x-ms-client-request-id": "a4c2d7eb-f32b-46ea-a3d4-febed3c83dc0",
        "x-ms-useragent": "azsdk-js-keyvault-keys/4.5.0-beta.1 azsdk-js-keyvault-keys/4.5.0-beta.1 core-rest-pipeline/1.8.1 OS/Win32"
      },
      "RequestBody": null,
      "StatusCode": 404,
      "ResponseHeaders": {
        "Cache-Control": "no-cache",
        "Content-Length": "98",
        "Content-Type": "application/json; charset=utf-8",
        "Date": "Fri, 27 May 2022 22:56:57 GMT",
        "Expires": "-1",
        "Pragma": "no-cache",
        "Strict-Transport-Security": "max-age=31536000;includeSubDomains",
        "X-Content-Type-Options": "nosniff",
        "x-ms-client-request-id": "a4c2d7eb-f32b-46ea-a3d4-febed3c83dc0",
        "x-ms-keyvault-network-info": "conn_type=Ipv4;addr=131.107.159.44;act_addr_fam=InterNetwork;",
        "x-ms-keyvault-rbac-assignment-id": "bcec85b9-f9c6-5289-888e-6f6ce533c6a2",
        "x-ms-keyvault-rbac-cache": "ra_age=7138;da_age=7138;rd_age=7138;brd_age=27367;ra_notif_age=8193;dec_lev=0;",
        "x-ms-keyvault-region": "northcentralus",
        "x-ms-keyvault-service-version": "1.9.395.1",
        "x-ms-request-id": "5389a73f-3d31-4435-b05a-c2520afde4aa"
      },
      "ResponseBody": {
        "error": {
          "code": "KeyNotFound",
          "message": "Deleted Key not found: listKeyName-listdeletedkeys--1"
        }
      }
    },
    {
      "RequestUri": "https://keyvault_name.vault.azure.net/deletedkeys/listKeyName-listdeletedkeys--1?api-version=7.3",
      "RequestMethod": "GET",
      "RequestHeaders": {
        "Accept": "application/json",
        "Accept-Encoding": "gzip, deflate, br",
        "Accept-Language": "en-US",
        "Authorization": "Sanitized",
        "Connection": "keep-alive",
        "Referer": "http://localhost:9329/",
        "sec-ch-ua": "",
        "sec-ch-ua-mobile": "?0",
        "sec-ch-ua-platform": "",
        "Sec-Fetch-Dest": "empty",
        "Sec-Fetch-Mode": "cors",
        "Sec-Fetch-Site": "same-site",
        "User-Agent": "Mozilla/5.0 (Windows NT 10.0; Win64; x64) AppleWebKit/537.36 (KHTML, like Gecko) HeadlessChrome/100.0.4889.0 Safari/537.36",
        "x-ms-client-request-id": "89657c29-add2-48d6-b381-d16d3012f927",
        "x-ms-useragent": "azsdk-js-keyvault-keys/4.5.0-beta.1 azsdk-js-keyvault-keys/4.5.0-beta.1 core-rest-pipeline/1.8.1 OS/Win32"
      },
      "RequestBody": null,
      "StatusCode": 200,
      "ResponseHeaders": {
        "Cache-Control": "no-cache",
        "Content-Length": "861",
        "Content-Type": "application/json; charset=utf-8",
        "Date": "Fri, 27 May 2022 22:57:02 GMT",
        "Expires": "-1",
        "Pragma": "no-cache",
        "Strict-Transport-Security": "max-age=31536000;includeSubDomains",
        "X-Content-Type-Options": "nosniff",
        "x-ms-client-request-id": "89657c29-add2-48d6-b381-d16d3012f927",
        "x-ms-keyvault-network-info": "conn_type=Ipv4;addr=131.107.159.44;act_addr_fam=InterNetwork;",
        "x-ms-keyvault-rbac-assignment-id": "bcec85b9-f9c6-5289-888e-6f6ce533c6a2",
        "x-ms-keyvault-rbac-cache": "ra_age=7143;da_age=7143;rd_age=7143;brd_age=27373;ra_notif_age=8198;dec_lev=0;",
        "x-ms-keyvault-region": "northcentralus",
        "x-ms-keyvault-service-version": "1.9.395.1",
        "x-ms-request-id": "c9f0be13-6a8e-436f-872e-043def1851b8"
      },
      "ResponseBody": {
        "recoveryId": "https://keyvault_name.vault.azure.net/deletedkeys/listKeyName-listdeletedkeys--1",
        "deletedDate": 1653692217,
        "scheduledPurgeDate": 1654297017,
        "key": {
          "kid": "https://keyvault_name.vault.azure.net/keys/listKeyName-listdeletedkeys--1/19c8f4732ce14ebb91c8702ca85862da",
          "kty": "RSA",
          "key_ops": [
            "encrypt",
            "decrypt",
            "sign",
            "verify",
            "wrapKey",
            "unwrapKey"
          ],
          "n": "zdU0wEbVJ12N4jJ30luIvmn4j3u7YIhpdSsJRYbGMMCTCQ3DABvT-L9BOHKOo7jysao10zXFCA9RMFaRRYTvUqZ7gTW2nzfLJIm68v47LqhjdupL-JCBWWzLMHuFGfBLawym5hTJbNoNhuaxBxy_w3CU26FdRnQUNcceFo_IRgZe5sb31Go22HLXpJ8q_kO-BgY8BdrlgMyuQgNi4juJLGpA0zwbo0l1lE0FiwtkeRjuv6u82ihBp-2lmKwN_TpXNuqdjoGMqqdmxxQ8BwTa45Ui6M4ICwIMlJfsRLJ3PaoHZn7C1ORWqfGeOOHQpXlDDH8haLwbYvf4jwePiQnEVQ",
          "e": "AQAB"
        },
        "attributes": {
          "enabled": true,
          "created": 1653692212,
          "updated": 1653692212,
          "recoveryLevel": "CustomizedRecoverable\u002BPurgeable",
          "recoverableDays": 7
        }
      }
    },
    {
      "RequestUri": "https://keyvault_name.vault.azure.net/deletedkeys?api-version=7.3",
      "RequestMethod": "GET",
      "RequestHeaders": {
        "Accept": "application/json",
        "Accept-Encoding": "gzip, deflate, br",
        "Accept-Language": "en-US",
        "Authorization": "Sanitized",
        "Connection": "keep-alive",
        "Referer": "http://localhost:9329/",
        "sec-ch-ua": "",
        "sec-ch-ua-mobile": "?0",
        "sec-ch-ua-platform": "",
        "Sec-Fetch-Dest": "empty",
        "Sec-Fetch-Mode": "cors",
        "Sec-Fetch-Site": "same-site",
        "User-Agent": "Mozilla/5.0 (Windows NT 10.0; Win64; x64) AppleWebKit/537.36 (KHTML, like Gecko) HeadlessChrome/100.0.4889.0 Safari/537.36",
        "x-ms-client-request-id": "ba845ab4-4c5a-49bf-9532-9c8b6bfb1104",
        "x-ms-useragent": "azsdk-js-keyvault-keys/4.5.0-beta.1 azsdk-js-keyvault-keys/4.5.0-beta.1 core-rest-pipeline/1.8.1 OS/Win32"
      },
      "RequestBody": null,
      "StatusCode": 200,
      "ResponseHeaders": {
        "Cache-Control": "no-cache",
        "Content-Length": "785",
        "Content-Type": "application/json; charset=utf-8",
        "Date": "Fri, 27 May 2022 22:57:02 GMT",
        "Expires": "-1",
        "Pragma": "no-cache",
        "Strict-Transport-Security": "max-age=31536000;includeSubDomains",
        "X-Content-Type-Options": "nosniff",
        "x-ms-client-request-id": "ba845ab4-4c5a-49bf-9532-9c8b6bfb1104",
        "x-ms-keyvault-network-info": "conn_type=Ipv4;addr=131.107.159.44;act_addr_fam=InterNetwork;",
        "x-ms-keyvault-rbac-assignment-id": "bcec85b9-f9c6-5289-888e-6f6ce533c6a2",
        "x-ms-keyvault-rbac-cache": "ra_age=7143;da_age=7143;rd_age=7143;brd_age=27373;ra_notif_age=8198;dec_lev=0;",
        "x-ms-keyvault-region": "northcentralus",
        "x-ms-keyvault-service-version": "1.9.395.1",
        "x-ms-request-id": "ab25cf82-0dc6-46f3-bea2-0facb03c34e6"
      },
      "ResponseBody": {
        "value": [
          {
            "recoveryId": "https://keyvault_name.vault.azure.net/deletedkeys/listKeyName-listdeletedkeys--0",
            "deletedDate": 1653692212,
            "scheduledPurgeDate": 1654297012,
            "kid": "https://keyvault_name.vault.azure.net/keys/listKeyName-listdeletedkeys--0",
            "attributes": {
              "enabled": true,
              "created": 1653692212,
              "updated": 1653692212,
              "recoveryLevel": "CustomizedRecoverable\u002BPurgeable",
              "recoverableDays": 7
            }
          },
          {
            "recoveryId": "https://keyvault_name.vault.azure.net/deletedkeys/listKeyName-listdeletedkeys--1",
            "deletedDate": 1653692217,
            "scheduledPurgeDate": 1654297017,
            "kid": "https://keyvault_name.vault.azure.net/keys/listKeyName-listdeletedkeys--1",
            "attributes": {
              "enabled": true,
              "created": 1653692212,
              "updated": 1653692212,
              "recoveryLevel": "CustomizedRecoverable\u002BPurgeable",
              "recoverableDays": 7
            }
          }
        ],
        "nextLink": null
      }
    },
    {
      "RequestUri": "https://keyvault_name.vault.azure.net/deletedkeys/listKeyName-listdeletedkeys--0?api-version=7.3",
      "RequestMethod": "DELETE",
      "RequestHeaders": {
        "Accept": "application/json",
        "Accept-Encoding": "gzip, deflate, br",
        "Accept-Language": "en-US",
        "Authorization": "Sanitized",
        "Connection": "keep-alive",
        "Referer": "http://localhost:9329/",
        "sec-ch-ua": "",
        "sec-ch-ua-mobile": "?0",
        "sec-ch-ua-platform": "",
        "Sec-Fetch-Dest": "empty",
        "Sec-Fetch-Mode": "cors",
        "Sec-Fetch-Site": "same-site",
        "User-Agent": "Mozilla/5.0 (Windows NT 10.0; Win64; x64) AppleWebKit/537.36 (KHTML, like Gecko) HeadlessChrome/100.0.4889.0 Safari/537.36",
        "x-ms-client-request-id": "ff59e14a-be03-414e-8cef-905e5e26a6b7",
        "x-ms-useragent": "azsdk-js-keyvault-keys/4.5.0-beta.1 azsdk-js-keyvault-keys/4.5.0-beta.1 core-rest-pipeline/1.8.1 OS/Win32"
      },
      "RequestBody": null,
      "StatusCode": 204,
      "ResponseHeaders": {
        "Cache-Control": "no-cache",
        "Date": "Fri, 27 May 2022 22:57:02 GMT",
        "Expires": "-1",
        "Pragma": "no-cache",
        "Strict-Transport-Security": "max-age=31536000;includeSubDomains",
        "X-Content-Type-Options": "nosniff",
        "x-ms-client-request-id": "ff59e14a-be03-414e-8cef-905e5e26a6b7",
        "x-ms-keyvault-network-info": "conn_type=Ipv4;addr=131.107.159.44;act_addr_fam=InterNetwork;",
        "x-ms-keyvault-rbac-assignment-id": "bcec85b9-f9c6-5289-888e-6f6ce533c6a2",
        "x-ms-keyvault-rbac-cache": "ra_age=7143;da_age=7143;rd_age=7143;brd_age=27373;ra_notif_age=8199;dec_lev=1;",
        "x-ms-keyvault-region": "northcentralus",
        "x-ms-keyvault-service-version": "1.9.395.1",
        "x-ms-request-id": "cab38428-69cb-4064-a765-ac85f31ebc8c"
      },
      "ResponseBody": null
    },
    {
      "RequestUri": "https://keyvault_name.vault.azure.net/deletedkeys/listKeyName-listdeletedkeys--1?api-version=7.3",
      "RequestMethod": "DELETE",
      "RequestHeaders": {
        "Accept": "application/json",
        "Accept-Encoding": "gzip, deflate, br",
        "Accept-Language": "en-US",
        "Authorization": "Sanitized",
        "Connection": "keep-alive",
        "Referer": "http://localhost:9329/",
        "sec-ch-ua": "",
        "sec-ch-ua-mobile": "?0",
        "sec-ch-ua-platform": "",
        "Sec-Fetch-Dest": "empty",
        "Sec-Fetch-Mode": "cors",
        "Sec-Fetch-Site": "same-site",
        "User-Agent": "Mozilla/5.0 (Windows NT 10.0; Win64; x64) AppleWebKit/537.36 (KHTML, like Gecko) HeadlessChrome/100.0.4889.0 Safari/537.36",
        "x-ms-client-request-id": "8b395d5e-dfe4-4a48-b90b-1153aaee2baa",
        "x-ms-useragent": "azsdk-js-keyvault-keys/4.5.0-beta.1 azsdk-js-keyvault-keys/4.5.0-beta.1 core-rest-pipeline/1.8.1 OS/Win32"
      },
      "RequestBody": null,
      "StatusCode": 204,
      "ResponseHeaders": {
        "Cache-Control": "no-cache",
        "Date": "Fri, 27 May 2022 22:57:02 GMT",
        "Expires": "-1",
        "Pragma": "no-cache",
        "Strict-Transport-Security": "max-age=31536000;includeSubDomains",
        "X-Content-Type-Options": "nosniff",
        "x-ms-client-request-id": "8b395d5e-dfe4-4a48-b90b-1153aaee2baa",
        "x-ms-keyvault-network-info": "conn_type=Ipv4;addr=131.107.159.44;act_addr_fam=InterNetwork;",
        "x-ms-keyvault-rbac-assignment-id": "bcec85b9-f9c6-5289-888e-6f6ce533c6a2",
        "x-ms-keyvault-rbac-cache": "ra_age=7143;da_age=7143;rd_age=7143;brd_age=27373;ra_notif_age=8199;dec_lev=1;",
        "x-ms-keyvault-region": "northcentralus",
        "x-ms-keyvault-service-version": "1.9.395.1",
        "x-ms-request-id": "1e765743-2fbb-43c3-9e96-931e5c7d12ff"
      },
      "ResponseBody": null
    }
  ],
  "Variables": {}
}
