{
  "Entries": [
    {
      "RequestUri": "https://keyvault_name.vault.azure.net/keys/listKeyName-listdeletedkeyspaged--0/create?api-version=7.4-preview.1",
      "RequestMethod": "POST",
      "RequestHeaders": {
        "Accept": "application/json",
        "Accept-Encoding": "gzip, deflate, br",
        "Accept-Language": "en-US",
        "Connection": "keep-alive",
        "Content-Length": "0",
        "Content-Type": "application/json",
        "Referer": "http://localhost:9329/",
        "sec-ch-ua": "",
        "sec-ch-ua-mobile": "?0",
        "sec-ch-ua-platform": "",
        "Sec-Fetch-Dest": "empty",
        "Sec-Fetch-Mode": "cors",
        "Sec-Fetch-Site": "same-site",
        "User-Agent": "Mozilla/5.0 (X11; Linux x86_64) AppleWebKit/537.36 (KHTML, like Gecko) HeadlessChrome/103.0.5058.0 Safari/537.36",
        "x-ms-client-request-id": "cba05f91-68bd-40ac-b69c-8f46386bca97",
        "x-ms-useragent": "azsdk-js-keyvault-keys/4.6.1 azsdk-js-keyvault-keys/4.6.1 core-rest-pipeline/1.10.0 OS/Linuxx86_64"
      },
      "RequestBody": null,
      "StatusCode": 401,
      "ResponseHeaders": {
        "Cache-Control": "no-cache",
        "Content-Length": "97",
        "Content-Type": "application/json; charset=utf-8",
        "Date": "Wed, 09 Nov 2022 17:43:59 GMT",
        "Expires": "-1",
        "Pragma": "no-cache",
        "Strict-Transport-Security": "max-age=31536000;includeSubDomains",
        "WWW-Authenticate": "Bearer authorization=\u0022https://login.windows.net/12345678-1234-1234-1234-123456789012\u0022, resource=\u0022https://vault.azure.net\u0022",
        "X-Content-Type-Options": "nosniff",
        "x-ms-client-request-id": "cba05f91-68bd-40ac-b69c-8f46386bca97",
        "x-ms-keyvault-network-info": "conn_type=Ipv4;addr=167.220.77.94;act_addr_fam=InterNetwork;",
        "x-ms-keyvault-region": "northcentralus",
        "x-ms-keyvault-service-version": "1.9.576.1",
        "x-ms-request-id": "68a2ec93-2d74-4e72-84c6-f638dac580aa"
      },
      "ResponseBody": {
        "error": {
          "code": "Unauthorized",
          "message": "AKV10000: Request is missing a Bearer or PoP token."
        }
      }
    },
    {
      "RequestUri": "https://keyvault_name.vault.azure.net/keys/listKeyName-listdeletedkeyspaged--0/create?api-version=7.4-preview.1",
      "RequestMethod": "POST",
      "RequestHeaders": {
        "Accept": "application/json",
        "Accept-Encoding": "gzip, deflate, br",
        "Accept-Language": "en-US",
        "Authorization": "Sanitized",
        "Connection": "keep-alive",
        "Content-Length": "13",
        "Content-Type": "application/json",
        "Referer": "http://localhost:9329/",
        "sec-ch-ua": "",
        "sec-ch-ua-mobile": "?0",
        "sec-ch-ua-platform": "",
        "Sec-Fetch-Dest": "empty",
        "Sec-Fetch-Mode": "cors",
        "Sec-Fetch-Site": "same-site",
        "User-Agent": "Mozilla/5.0 (X11; Linux x86_64) AppleWebKit/537.36 (KHTML, like Gecko) HeadlessChrome/103.0.5058.0 Safari/537.36",
        "x-ms-client-request-id": "cba05f91-68bd-40ac-b69c-8f46386bca97",
        "x-ms-useragent": "azsdk-js-keyvault-keys/4.6.1 azsdk-js-keyvault-keys/4.6.1 core-rest-pipeline/1.10.0 OS/Linuxx86_64"
      },
      "RequestBody": {
        "kty": "RSA"
      },
      "StatusCode": 200,
      "ResponseHeaders": {
        "Cache-Control": "no-cache",
        "Content-Length": "732",
        "Content-Type": "application/json; charset=utf-8",
        "Date": "Wed, 09 Nov 2022 17:43:59 GMT",
        "Expires": "-1",
        "Pragma": "no-cache",
        "Strict-Transport-Security": "max-age=31536000;includeSubDomains",
        "X-Content-Type-Options": "nosniff",
        "x-ms-client-request-id": "cba05f91-68bd-40ac-b69c-8f46386bca97",
        "x-ms-keyvault-network-info": "conn_type=Ipv4;addr=167.220.77.94;act_addr_fam=InterNetwork;",
        "x-ms-keyvault-rbac-assignment-id": "0b5c37e2-546f-5f67-b775-71961d2f0c3d",
        "x-ms-keyvault-rbac-cache": "ra_age=1815;da_age=2055;rd_age=2055;brd_age=21375;ra_notif_age=2190;dec_lev=1;",
        "x-ms-keyvault-region": "northcentralus",
        "x-ms-keyvault-service-version": "1.9.576.1",
        "x-ms-request-id": "0b6ac944-8f5c-4b46-a28b-32f3f6ed2a3a"
      },
      "ResponseBody": {
        "key": {
          "kid": "https://keyvault_name.vault.azure.net/keys/listKeyName-listdeletedkeyspaged--0/92e458204a54407db72a2df022f647d9",
          "kty": "RSA",
          "key_ops": [
            "encrypt",
            "decrypt",
            "sign",
            "verify",
            "wrapKey",
            "unwrapKey"
          ],
          "n": "vDL6GR7u-UCOsgEyJxO1zXLupoEuGplOlWVthFwwGf4kLJcB3Qne9qQlFXwmGtVZfg4JE20Ildp64cQ4i1JrkpP9-WL08iNVFVLcG-Sw7-NVC_CkvMTUxJXOKae_kJUSyMyR4C81LyKzQ-Pv_p9kOjkJ6FG3R9pdpXF-WtnO8vMpBwatfW5CR17XCaBHn1O-BFb10t96HBzPFJH2peCaZdNxJD5VmNAmNnpkjfliXP_4O_6gkgubm98DiqD1_rlSxTtToynPHDAtGnwk2XP-HmLiWcUlIQeRHCgTQ7MDbffbplTzuBJCEcfYP8XXqaZTlPSX9HoUHzwH8xlA2XBbYQ",
          "e": "AQAB"
        },
        "attributes": {
          "enabled": true,
          "created": 1668015840,
          "updated": 1668015840,
          "recoveryLevel": "CustomizedRecoverable\u002BPurgeable",
          "recoverableDays": 7,
          "exportable": false
        }
      }
    },
    {
      "RequestUri": "https://keyvault_name.vault.azure.net/keys/listKeyName-listdeletedkeyspaged--1/create?api-version=7.4-preview.1",
      "RequestMethod": "POST",
      "RequestHeaders": {
        "Accept": "application/json",
        "Accept-Encoding": "gzip, deflate, br",
        "Accept-Language": "en-US",
        "Authorization": "Sanitized",
        "Connection": "keep-alive",
        "Content-Length": "13",
        "Content-Type": "application/json",
        "Referer": "http://localhost:9329/",
        "sec-ch-ua": "",
        "sec-ch-ua-mobile": "?0",
        "sec-ch-ua-platform": "",
        "Sec-Fetch-Dest": "empty",
        "Sec-Fetch-Mode": "cors",
        "Sec-Fetch-Site": "same-site",
        "User-Agent": "Mozilla/5.0 (X11; Linux x86_64) AppleWebKit/537.36 (KHTML, like Gecko) HeadlessChrome/103.0.5058.0 Safari/537.36",
        "x-ms-client-request-id": "814ec8d0-262b-4998-92d2-e15a59a968e6",
        "x-ms-useragent": "azsdk-js-keyvault-keys/4.6.1 azsdk-js-keyvault-keys/4.6.1 core-rest-pipeline/1.10.0 OS/Linuxx86_64"
      },
      "RequestBody": {
        "kty": "RSA"
      },
      "StatusCode": 200,
      "ResponseHeaders": {
        "Cache-Control": "no-cache",
        "Content-Length": "732",
        "Content-Type": "application/json; charset=utf-8",
        "Date": "Wed, 09 Nov 2022 17:44:00 GMT",
        "Expires": "-1",
        "Pragma": "no-cache",
        "Strict-Transport-Security": "max-age=31536000;includeSubDomains",
        "X-Content-Type-Options": "nosniff",
        "x-ms-client-request-id": "814ec8d0-262b-4998-92d2-e15a59a968e6",
        "x-ms-keyvault-network-info": "conn_type=Ipv4;addr=167.220.77.94;act_addr_fam=InterNetwork;",
        "x-ms-keyvault-rbac-assignment-id": "0b5c37e2-546f-5f67-b775-71961d2f0c3d",
        "x-ms-keyvault-rbac-cache": "ra_age=1815;da_age=2055;rd_age=2055;brd_age=21375;ra_notif_age=2191;dec_lev=1;",
        "x-ms-keyvault-region": "northcentralus",
        "x-ms-keyvault-service-version": "1.9.576.1",
        "x-ms-request-id": "aeb060f8-e9ff-4a2b-8808-d3c8dada61a0"
      },
      "ResponseBody": {
        "key": {
          "kid": "https://keyvault_name.vault.azure.net/keys/listKeyName-listdeletedkeyspaged--1/965e93dce314454b89cb0a453a6ab35e",
          "kty": "RSA",
          "key_ops": [
            "encrypt",
            "decrypt",
            "sign",
            "verify",
            "wrapKey",
            "unwrapKey"
          ],
          "n": "4osoJX4EWvvImdJ3jvrW0liTdm-4rcCcRAfWoFGKoTTogHrBAQMcgmqG4frVe-r_1rt_Iba1m-9pO8N_HTrsVKoV39UX2SvpAT-GYGjcrBQubihWOVuyraBGF2x-G0xbZtwFlmqxCTYnfJQwyrGstHsvFqsktjIzIttEs-9NnIvbozQPCgrPJp8Zy8jyaJm17R6UzeHcQqW1i9Xlw5CuE4P5jMSIA8DudKJJaoxh_2U3R6aQGfRoq-WqmBWpdKrvJQ5pn_i7AeGlAT88MGdBT81rgl4wdsqiEI8qgLDib3CEbkIt16Ofnh5ctdHH9PAKI7ZBqDV1HmAgj3AEqe1fNQ",
          "e": "AQAB"
        },
        "attributes": {
          "enabled": true,
          "created": 1668015841,
          "updated": 1668015841,
          "recoveryLevel": "CustomizedRecoverable\u002BPurgeable",
          "recoverableDays": 7,
          "exportable": false
        }
      }
    },
    {
      "RequestUri": "https://keyvault_name.vault.azure.net/keys/listKeyName-listdeletedkeyspaged--0?api-version=7.4-preview.1",
      "RequestMethod": "DELETE",
      "RequestHeaders": {
        "Accept": "application/json",
        "Accept-Encoding": "gzip, deflate, br",
        "Accept-Language": "en-US",
        "Authorization": "Sanitized",
        "Connection": "keep-alive",
        "Referer": "http://localhost:9329/",
        "sec-ch-ua": "",
        "sec-ch-ua-mobile": "?0",
        "sec-ch-ua-platform": "",
        "Sec-Fetch-Dest": "empty",
        "Sec-Fetch-Mode": "cors",
        "Sec-Fetch-Site": "same-site",
        "User-Agent": "Mozilla/5.0 (X11; Linux x86_64) AppleWebKit/537.36 (KHTML, like Gecko) HeadlessChrome/103.0.5058.0 Safari/537.36",
        "x-ms-client-request-id": "04340b34-53e6-453c-9ae4-55f0a782362f",
        "x-ms-useragent": "azsdk-js-keyvault-keys/4.6.1 azsdk-js-keyvault-keys/4.6.1 core-rest-pipeline/1.10.0 OS/Linuxx86_64"
      },
      "RequestBody": null,
      "StatusCode": 200,
      "ResponseHeaders": {
        "Cache-Control": "no-cache",
        "Content-Length": "890",
        "Content-Type": "application/json; charset=utf-8",
        "Date": "Wed, 09 Nov 2022 17:44:00 GMT",
        "Expires": "-1",
        "Pragma": "no-cache",
        "Strict-Transport-Security": "max-age=31536000;includeSubDomains",
        "X-Content-Type-Options": "nosniff",
        "x-ms-client-request-id": "04340b34-53e6-453c-9ae4-55f0a782362f",
        "x-ms-keyvault-network-info": "conn_type=Ipv4;addr=167.220.77.94;act_addr_fam=InterNetwork;",
        "x-ms-keyvault-rbac-assignment-id": "0b5c37e2-546f-5f67-b775-71961d2f0c3d",
        "x-ms-keyvault-rbac-cache": "ra_age=1815;da_age=2055;rd_age=2055;brd_age=21375;ra_notif_age=2191;dec_lev=1;",
        "x-ms-keyvault-region": "northcentralus",
        "x-ms-keyvault-service-version": "1.9.576.1",
        "x-ms-request-id": "6d35c1cf-bb56-4014-9fcd-504b8ebb95cf"
      },
      "ResponseBody": {
        "recoveryId": "https://keyvault_name.vault.azure.net/deletedkeys/listKeyName-listdeletedkeyspaged--0",
        "deletedDate": 1668015841,
        "scheduledPurgeDate": 1668620641,
        "key": {
          "kid": "https://keyvault_name.vault.azure.net/keys/listKeyName-listdeletedkeyspaged--0/92e458204a54407db72a2df022f647d9",
          "kty": "RSA",
          "key_ops": [
            "encrypt",
            "decrypt",
            "sign",
            "verify",
            "wrapKey",
            "unwrapKey"
          ],
          "n": "vDL6GR7u-UCOsgEyJxO1zXLupoEuGplOlWVthFwwGf4kLJcB3Qne9qQlFXwmGtVZfg4JE20Ildp64cQ4i1JrkpP9-WL08iNVFVLcG-Sw7-NVC_CkvMTUxJXOKae_kJUSyMyR4C81LyKzQ-Pv_p9kOjkJ6FG3R9pdpXF-WtnO8vMpBwatfW5CR17XCaBHn1O-BFb10t96HBzPFJH2peCaZdNxJD5VmNAmNnpkjfliXP_4O_6gkgubm98DiqD1_rlSxTtToynPHDAtGnwk2XP-HmLiWcUlIQeRHCgTQ7MDbffbplTzuBJCEcfYP8XXqaZTlPSX9HoUHzwH8xlA2XBbYQ",
          "e": "AQAB"
        },
        "attributes": {
          "enabled": true,
          "created": 1668015840,
          "updated": 1668015840,
          "recoveryLevel": "CustomizedRecoverable\u002BPurgeable",
          "recoverableDays": 7,
          "exportable": false
        }
      }
    },
    {
      "RequestUri": "https://keyvault_name.vault.azure.net/deletedkeys/listKeyName-listdeletedkeyspaged--0?api-version=7.4-preview.1",
      "RequestMethod": "GET",
      "RequestHeaders": {
        "Accept": "application/json",
        "Accept-Encoding": "gzip, deflate, br",
        "Accept-Language": "en-US",
        "Authorization": "Sanitized",
        "Connection": "keep-alive",
        "Referer": "http://localhost:9329/",
        "sec-ch-ua": "",
        "sec-ch-ua-mobile": "?0",
        "sec-ch-ua-platform": "",
        "Sec-Fetch-Dest": "empty",
        "Sec-Fetch-Mode": "cors",
        "Sec-Fetch-Site": "same-site",
        "User-Agent": "Mozilla/5.0 (X11; Linux x86_64) AppleWebKit/537.36 (KHTML, like Gecko) HeadlessChrome/103.0.5058.0 Safari/537.36",
        "x-ms-client-request-id": "fe500f99-26cf-4632-8689-18035b46cca9",
        "x-ms-useragent": "azsdk-js-keyvault-keys/4.6.1 azsdk-js-keyvault-keys/4.6.1 core-rest-pipeline/1.10.0 OS/Linuxx86_64"
      },
      "RequestBody": null,
      "StatusCode": 404,
      "ResponseHeaders": {
        "Cache-Control": "no-cache",
        "Content-Length": "103",
        "Content-Type": "application/json; charset=utf-8",
        "Date": "Wed, 09 Nov 2022 17:44:00 GMT",
        "Expires": "-1",
        "Pragma": "no-cache",
        "Strict-Transport-Security": "max-age=31536000;includeSubDomains",
        "X-Content-Type-Options": "nosniff",
        "x-ms-client-request-id": "fe500f99-26cf-4632-8689-18035b46cca9",
        "x-ms-keyvault-network-info": "conn_type=Ipv4;addr=167.220.77.94;act_addr_fam=InterNetwork;",
        "x-ms-keyvault-rbac-assignment-id": "0b5c37e2-546f-5f67-b775-71961d2f0c3d",
        "x-ms-keyvault-rbac-cache": "ra_age=1815;da_age=2055;rd_age=2055;brd_age=21376;ra_notif_age=2191;dec_lev=1;",
        "x-ms-keyvault-region": "northcentralus",
        "x-ms-keyvault-service-version": "1.9.576.1",
        "x-ms-request-id": "c7b85767-47a1-4bfe-b794-d16d1c8a5a61"
      },
      "ResponseBody": {
        "error": {
          "code": "KeyNotFound",
          "message": "Deleted Key not found: listKeyName-listdeletedkeyspaged--0"
        }
      }
    },
    {
      "RequestUri": "https://keyvault_name.vault.azure.net/deletedkeys/listKeyName-listdeletedkeyspaged--0?api-version=7.4-preview.1",
      "RequestMethod": "GET",
      "RequestHeaders": {
        "Accept": "application/json",
        "Accept-Encoding": "gzip, deflate, br",
        "Accept-Language": "en-US",
        "Authorization": "Sanitized",
        "Connection": "keep-alive",
        "Referer": "http://localhost:9329/",
        "sec-ch-ua": "",
        "sec-ch-ua-mobile": "?0",
        "sec-ch-ua-platform": "",
        "Sec-Fetch-Dest": "empty",
        "Sec-Fetch-Mode": "cors",
        "Sec-Fetch-Site": "same-site",
        "User-Agent": "Mozilla/5.0 (X11; Linux x86_64) AppleWebKit/537.36 (KHTML, like Gecko) HeadlessChrome/103.0.5058.0 Safari/537.36",
        "x-ms-client-request-id": "1eef7fca-820c-460a-aeeb-9ca5d9168cad",
        "x-ms-useragent": "azsdk-js-keyvault-keys/4.6.1 azsdk-js-keyvault-keys/4.6.1 core-rest-pipeline/1.10.0 OS/Linuxx86_64"
      },
      "RequestBody": null,
      "StatusCode": 404,
      "ResponseHeaders": {
        "Cache-Control": "no-cache",
        "Content-Length": "103",
        "Content-Type": "application/json; charset=utf-8",
        "Date": "Wed, 09 Nov 2022 17:44:00 GMT",
        "Expires": "-1",
        "Pragma": "no-cache",
        "Strict-Transport-Security": "max-age=31536000;includeSubDomains",
        "X-Content-Type-Options": "nosniff",
        "x-ms-client-request-id": "1eef7fca-820c-460a-aeeb-9ca5d9168cad",
        "x-ms-keyvault-network-info": "conn_type=Ipv4;addr=167.220.77.94;act_addr_fam=InterNetwork;",
        "x-ms-keyvault-rbac-assignment-id": "0b5c37e2-546f-5f67-b775-71961d2f0c3d",
        "x-ms-keyvault-rbac-cache": "ra_age=1816;da_age=2055;rd_age=2055;brd_age=21376;ra_notif_age=2191;dec_lev=0;",
        "x-ms-keyvault-region": "northcentralus",
        "x-ms-keyvault-service-version": "1.9.576.1",
        "x-ms-request-id": "b833e60f-5019-4e77-8a0f-8bf2d4840b47"
      },
      "ResponseBody": {
        "error": {
          "code": "KeyNotFound",
          "message": "Deleted Key not found: listKeyName-listdeletedkeyspaged--0"
        }
      }
    },
    {
      "RequestUri": "https://keyvault_name.vault.azure.net/deletedkeys/listKeyName-listdeletedkeyspaged--0?api-version=7.4-preview.1",
      "RequestMethod": "GET",
      "RequestHeaders": {
        "Accept": "application/json",
        "Accept-Encoding": "gzip, deflate, br",
        "Accept-Language": "en-US",
        "Authorization": "Sanitized",
        "Connection": "keep-alive",
        "Referer": "http://localhost:9329/",
        "sec-ch-ua": "",
        "sec-ch-ua-mobile": "?0",
        "sec-ch-ua-platform": "",
        "Sec-Fetch-Dest": "empty",
        "Sec-Fetch-Mode": "cors",
        "Sec-Fetch-Site": "same-site",
        "User-Agent": "Mozilla/5.0 (X11; Linux x86_64) AppleWebKit/537.36 (KHTML, like Gecko) HeadlessChrome/103.0.5058.0 Safari/537.36",
        "x-ms-client-request-id": "3354db71-9538-4800-b347-05fa647da226",
        "x-ms-useragent": "azsdk-js-keyvault-keys/4.6.1 azsdk-js-keyvault-keys/4.6.1 core-rest-pipeline/1.10.0 OS/Linuxx86_64"
      },
      "RequestBody": null,
      "StatusCode": 200,
      "ResponseHeaders": {
        "Cache-Control": "no-cache",
        "Content-Length": "890",
        "Content-Type": "application/json; charset=utf-8",
        "Date": "Wed, 09 Nov 2022 17:44:06 GMT",
        "Expires": "-1",
        "Pragma": "no-cache",
        "Strict-Transport-Security": "max-age=31536000;includeSubDomains",
        "X-Content-Type-Options": "nosniff",
        "x-ms-client-request-id": "3354db71-9538-4800-b347-05fa647da226",
        "x-ms-keyvault-network-info": "conn_type=Ipv4;addr=167.220.77.94;act_addr_fam=InterNetwork;",
        "x-ms-keyvault-rbac-assignment-id": "0b5c37e2-546f-5f67-b775-71961d2f0c3d",
        "x-ms-keyvault-rbac-cache": "ra_age=1821;da_age=2060;rd_age=2060;brd_age=21381;ra_notif_age=2196;dec_lev=0;",
        "x-ms-keyvault-region": "northcentralus",
        "x-ms-keyvault-service-version": "1.9.576.1",
        "x-ms-request-id": "5872624c-fe2d-4dd4-b9b0-de71652bbaad"
      },
      "ResponseBody": {
        "recoveryId": "https://keyvault_name.vault.azure.net/deletedkeys/listKeyName-listdeletedkeyspaged--0",
        "deletedDate": 1668015841,
        "scheduledPurgeDate": 1668620641,
        "key": {
          "kid": "https://keyvault_name.vault.azure.net/keys/listKeyName-listdeletedkeyspaged--0/92e458204a54407db72a2df022f647d9",
          "kty": "RSA",
          "key_ops": [
            "encrypt",
            "decrypt",
            "sign",
            "verify",
            "wrapKey",
            "unwrapKey"
          ],
          "n": "vDL6GR7u-UCOsgEyJxO1zXLupoEuGplOlWVthFwwGf4kLJcB3Qne9qQlFXwmGtVZfg4JE20Ildp64cQ4i1JrkpP9-WL08iNVFVLcG-Sw7-NVC_CkvMTUxJXOKae_kJUSyMyR4C81LyKzQ-Pv_p9kOjkJ6FG3R9pdpXF-WtnO8vMpBwatfW5CR17XCaBHn1O-BFb10t96HBzPFJH2peCaZdNxJD5VmNAmNnpkjfliXP_4O_6gkgubm98DiqD1_rlSxTtToynPHDAtGnwk2XP-HmLiWcUlIQeRHCgTQ7MDbffbplTzuBJCEcfYP8XXqaZTlPSX9HoUHzwH8xlA2XBbYQ",
          "e": "AQAB"
        },
        "attributes": {
          "enabled": true,
          "created": 1668015840,
          "updated": 1668015840,
          "recoveryLevel": "CustomizedRecoverable\u002BPurgeable",
          "recoverableDays": 7,
          "exportable": false
        }
      }
    },
    {
      "RequestUri": "https://keyvault_name.vault.azure.net/keys/listKeyName-listdeletedkeyspaged--1?api-version=7.4-preview.1",
      "RequestMethod": "DELETE",
      "RequestHeaders": {
        "Accept": "application/json",
        "Accept-Encoding": "gzip, deflate, br",
        "Accept-Language": "en-US",
        "Authorization": "Sanitized",
        "Connection": "keep-alive",
        "Referer": "http://localhost:9329/",
        "sec-ch-ua": "",
        "sec-ch-ua-mobile": "?0",
        "sec-ch-ua-platform": "",
        "Sec-Fetch-Dest": "empty",
        "Sec-Fetch-Mode": "cors",
        "Sec-Fetch-Site": "same-site",
        "User-Agent": "Mozilla/5.0 (X11; Linux x86_64) AppleWebKit/537.36 (KHTML, like Gecko) HeadlessChrome/103.0.5058.0 Safari/537.36",
        "x-ms-client-request-id": "8d355360-f66f-49e1-9648-16589280bf69",
        "x-ms-useragent": "azsdk-js-keyvault-keys/4.6.1 azsdk-js-keyvault-keys/4.6.1 core-rest-pipeline/1.10.0 OS/Linuxx86_64"
      },
      "RequestBody": null,
      "StatusCode": 200,
      "ResponseHeaders": {
        "Cache-Control": "no-cache",
        "Content-Length": "890",
        "Content-Type": "application/json; charset=utf-8",
        "Date": "Wed, 09 Nov 2022 17:44:06 GMT",
        "Expires": "-1",
        "Pragma": "no-cache",
        "Strict-Transport-Security": "max-age=31536000;includeSubDomains",
        "X-Content-Type-Options": "nosniff",
        "x-ms-client-request-id": "8d355360-f66f-49e1-9648-16589280bf69",
        "x-ms-keyvault-network-info": "conn_type=Ipv4;addr=167.220.77.94;act_addr_fam=InterNetwork;",
        "x-ms-keyvault-rbac-assignment-id": "0b5c37e2-546f-5f67-b775-71961d2f0c3d",
        "x-ms-keyvault-rbac-cache": "ra_age=1821;da_age=2061;rd_age=2061;brd_age=21381;ra_notif_age=2196;dec_lev=1;",
        "x-ms-keyvault-region": "northcentralus",
        "x-ms-keyvault-service-version": "1.9.576.1",
        "x-ms-request-id": "14318bfd-72e0-40d9-801c-d41554624509"
      },
      "ResponseBody": {
        "recoveryId": "https://keyvault_name.vault.azure.net/deletedkeys/listKeyName-listdeletedkeyspaged--1",
        "deletedDate": 1668015846,
        "scheduledPurgeDate": 1668620646,
        "key": {
          "kid": "https://keyvault_name.vault.azure.net/keys/listKeyName-listdeletedkeyspaged--1/965e93dce314454b89cb0a453a6ab35e",
          "kty": "RSA",
          "key_ops": [
            "encrypt",
            "decrypt",
            "sign",
            "verify",
            "wrapKey",
            "unwrapKey"
          ],
          "n": "4osoJX4EWvvImdJ3jvrW0liTdm-4rcCcRAfWoFGKoTTogHrBAQMcgmqG4frVe-r_1rt_Iba1m-9pO8N_HTrsVKoV39UX2SvpAT-GYGjcrBQubihWOVuyraBGF2x-G0xbZtwFlmqxCTYnfJQwyrGstHsvFqsktjIzIttEs-9NnIvbozQPCgrPJp8Zy8jyaJm17R6UzeHcQqW1i9Xlw5CuE4P5jMSIA8DudKJJaoxh_2U3R6aQGfRoq-WqmBWpdKrvJQ5pn_i7AeGlAT88MGdBT81rgl4wdsqiEI8qgLDib3CEbkIt16Ofnh5ctdHH9PAKI7ZBqDV1HmAgj3AEqe1fNQ",
          "e": "AQAB"
        },
        "attributes": {
          "enabled": true,
          "created": 1668015841,
          "updated": 1668015841,
          "recoveryLevel": "CustomizedRecoverable\u002BPurgeable",
          "recoverableDays": 7,
          "exportable": false
        }
      }
    },
    {
      "RequestUri": "https://keyvault_name.vault.azure.net/deletedkeys/listKeyName-listdeletedkeyspaged--1?api-version=7.4-preview.1",
      "RequestMethod": "GET",
      "RequestHeaders": {
        "Accept": "application/json",
        "Accept-Encoding": "gzip, deflate, br",
        "Accept-Language": "en-US",
        "Authorization": "Sanitized",
        "Connection": "keep-alive",
        "Referer": "http://localhost:9329/",
        "sec-ch-ua": "",
        "sec-ch-ua-mobile": "?0",
        "sec-ch-ua-platform": "",
        "Sec-Fetch-Dest": "empty",
        "Sec-Fetch-Mode": "cors",
        "Sec-Fetch-Site": "same-site",
        "User-Agent": "Mozilla/5.0 (X11; Linux x86_64) AppleWebKit/537.36 (KHTML, like Gecko) HeadlessChrome/103.0.5058.0 Safari/537.36",
        "x-ms-client-request-id": "4af3cb79-7840-494a-a6ef-6ec7cae65202",
        "x-ms-useragent": "azsdk-js-keyvault-keys/4.6.1 azsdk-js-keyvault-keys/4.6.1 core-rest-pipeline/1.10.0 OS/Linuxx86_64"
      },
      "RequestBody": null,
      "StatusCode": 404,
      "ResponseHeaders": {
        "Cache-Control": "no-cache",
        "Content-Length": "103",
        "Content-Type": "application/json; charset=utf-8",
        "Date": "Wed, 09 Nov 2022 17:44:06 GMT",
        "Expires": "-1",
        "Pragma": "no-cache",
        "Strict-Transport-Security": "max-age=31536000;includeSubDomains",
        "X-Content-Type-Options": "nosniff",
        "x-ms-client-request-id": "4af3cb79-7840-494a-a6ef-6ec7cae65202",
        "x-ms-keyvault-network-info": "conn_type=Ipv4;addr=167.220.77.94;act_addr_fam=InterNetwork;",
        "x-ms-keyvault-rbac-assignment-id": "0b5c37e2-546f-5f67-b775-71961d2f0c3d",
        "x-ms-keyvault-rbac-cache": "ra_age=1821;da_age=2061;rd_age=2061;brd_age=21381;ra_notif_age=2196;dec_lev=1;",
        "x-ms-keyvault-region": "northcentralus",
        "x-ms-keyvault-service-version": "1.9.576.1",
        "x-ms-request-id": "79bb5067-233d-4292-8214-dc3fa0d1b374"
      },
      "ResponseBody": {
        "error": {
          "code": "KeyNotFound",
          "message": "Deleted Key not found: listKeyName-listdeletedkeyspaged--1"
        }
      }
    },
    {
      "RequestUri": "https://keyvault_name.vault.azure.net/deletedkeys/listKeyName-listdeletedkeyspaged--1?api-version=7.4-preview.1",
      "RequestMethod": "GET",
      "RequestHeaders": {
        "Accept": "application/json",
        "Accept-Encoding": "gzip, deflate, br",
        "Accept-Language": "en-US",
        "Authorization": "Sanitized",
        "Connection": "keep-alive",
        "Referer": "http://localhost:9329/",
        "sec-ch-ua": "",
        "sec-ch-ua-mobile": "?0",
        "sec-ch-ua-platform": "",
        "Sec-Fetch-Dest": "empty",
        "Sec-Fetch-Mode": "cors",
        "Sec-Fetch-Site": "same-site",
        "User-Agent": "Mozilla/5.0 (X11; Linux x86_64) AppleWebKit/537.36 (KHTML, like Gecko) HeadlessChrome/103.0.5058.0 Safari/537.36",
        "x-ms-client-request-id": "9bcbbdfb-e81b-4200-adc8-ba41f2e1c663",
        "x-ms-useragent": "azsdk-js-keyvault-keys/4.6.1 azsdk-js-keyvault-keys/4.6.1 core-rest-pipeline/1.10.0 OS/Linuxx86_64"
      },
      "RequestBody": null,
      "StatusCode": 404,
      "ResponseHeaders": {
        "Cache-Control": "no-cache",
        "Content-Length": "103",
        "Content-Type": "application/json; charset=utf-8",
        "Date": "Wed, 09 Nov 2022 17:44:07 GMT",
        "Expires": "-1",
        "Pragma": "no-cache",
        "Strict-Transport-Security": "max-age=31536000;includeSubDomains",
        "X-Content-Type-Options": "nosniff",
        "x-ms-client-request-id": "9bcbbdfb-e81b-4200-adc8-ba41f2e1c663",
        "x-ms-keyvault-network-info": "conn_type=Ipv4;addr=167.220.77.94;act_addr_fam=InterNetwork;",
        "x-ms-keyvault-rbac-assignment-id": "0b5c37e2-546f-5f67-b775-71961d2f0c3d",
        "x-ms-keyvault-rbac-cache": "ra_age=1821;da_age=2061;rd_age=2061;brd_age=21381;ra_notif_age=2197;dec_lev=0;",
        "x-ms-keyvault-region": "northcentralus",
        "x-ms-keyvault-service-version": "1.9.576.1",
        "x-ms-request-id": "3958e45f-daf7-453c-af65-eb509a96fcc8"
      },
      "ResponseBody": {
        "error": {
          "code": "KeyNotFound",
          "message": "Deleted Key not found: listKeyName-listdeletedkeyspaged--1"
        }
      }
    },
    {
      "RequestUri": "https://keyvault_name.vault.azure.net/deletedkeys/listKeyName-listdeletedkeyspaged--1?api-version=7.4-preview.1",
      "RequestMethod": "GET",
      "RequestHeaders": {
        "Accept": "application/json",
        "Accept-Encoding": "gzip, deflate, br",
        "Accept-Language": "en-US",
        "Authorization": "Sanitized",
        "Connection": "keep-alive",
        "Referer": "http://localhost:9329/",
        "sec-ch-ua": "",
        "sec-ch-ua-mobile": "?0",
        "sec-ch-ua-platform": "",
        "Sec-Fetch-Dest": "empty",
        "Sec-Fetch-Mode": "cors",
        "Sec-Fetch-Site": "same-site",
        "User-Agent": "Mozilla/5.0 (X11; Linux x86_64) AppleWebKit/537.36 (KHTML, like Gecko) HeadlessChrome/103.0.5058.0 Safari/537.36",
        "x-ms-client-request-id": "c1070e75-64a1-4b8a-a53a-5ce0b6040447",
        "x-ms-useragent": "azsdk-js-keyvault-keys/4.6.1 azsdk-js-keyvault-keys/4.6.1 core-rest-pipeline/1.10.0 OS/Linuxx86_64"
      },
      "RequestBody": null,
      "StatusCode": 200,
      "ResponseHeaders": {
        "Cache-Control": "no-cache",
        "Content-Length": "890",
        "Content-Type": "application/json; charset=utf-8",
        "Date": "Wed, 09 Nov 2022 17:44:12 GMT",
        "Expires": "-1",
        "Pragma": "no-cache",
        "Strict-Transport-Security": "max-age=31536000;includeSubDomains",
        "X-Content-Type-Options": "nosniff",
        "x-ms-client-request-id": "c1070e75-64a1-4b8a-a53a-5ce0b6040447",
        "x-ms-keyvault-network-info": "conn_type=Ipv4;addr=167.220.77.94;act_addr_fam=InterNetwork;",
        "x-ms-keyvault-rbac-assignment-id": "0b5c37e2-546f-5f67-b775-71961d2f0c3d",
        "x-ms-keyvault-rbac-cache": "ra_age=1826;da_age=2066;rd_age=2066;brd_age=21386;ra_notif_age=2202;dec_lev=0;",
        "x-ms-keyvault-region": "northcentralus",
        "x-ms-keyvault-service-version": "1.9.576.1",
        "x-ms-request-id": "d8a05b6d-049c-45d7-9ff2-b103db7f52cb"
      },
      "ResponseBody": {
        "recoveryId": "https://keyvault_name.vault.azure.net/deletedkeys/listKeyName-listdeletedkeyspaged--1",
        "deletedDate": 1668015846,
        "scheduledPurgeDate": 1668620646,
        "key": {
          "kid": "https://keyvault_name.vault.azure.net/keys/listKeyName-listdeletedkeyspaged--1/965e93dce314454b89cb0a453a6ab35e",
          "kty": "RSA",
          "key_ops": [
            "encrypt",
            "decrypt",
            "sign",
            "verify",
            "wrapKey",
            "unwrapKey"
          ],
          "n": "4osoJX4EWvvImdJ3jvrW0liTdm-4rcCcRAfWoFGKoTTogHrBAQMcgmqG4frVe-r_1rt_Iba1m-9pO8N_HTrsVKoV39UX2SvpAT-GYGjcrBQubihWOVuyraBGF2x-G0xbZtwFlmqxCTYnfJQwyrGstHsvFqsktjIzIttEs-9NnIvbozQPCgrPJp8Zy8jyaJm17R6UzeHcQqW1i9Xlw5CuE4P5jMSIA8DudKJJaoxh_2U3R6aQGfRoq-WqmBWpdKrvJQ5pn_i7AeGlAT88MGdBT81rgl4wdsqiEI8qgLDib3CEbkIt16Ofnh5ctdHH9PAKI7ZBqDV1HmAgj3AEqe1fNQ",
          "e": "AQAB"
        },
        "attributes": {
          "enabled": true,
          "created": 1668015841,
          "updated": 1668015841,
          "recoveryLevel": "CustomizedRecoverable\u002BPurgeable",
          "recoverableDays": 7,
          "exportable": false
        }
      }
    },
    {
      "RequestUri": "https://keyvault_name.vault.azure.net/deletedkeys?api-version=7.4-preview.1",
      "RequestMethod": "GET",
      "RequestHeaders": {
        "Accept": "application/json",
        "Accept-Encoding": "gzip, deflate, br",
        "Accept-Language": "en-US",
        "Authorization": "Sanitized",
        "Connection": "keep-alive",
        "Referer": "http://localhost:9329/",
        "sec-ch-ua": "",
        "sec-ch-ua-mobile": "?0",
        "sec-ch-ua-platform": "",
        "Sec-Fetch-Dest": "empty",
        "Sec-Fetch-Mode": "cors",
        "Sec-Fetch-Site": "same-site",
        "User-Agent": "Mozilla/5.0 (X11; Linux x86_64) AppleWebKit/537.36 (KHTML, like Gecko) HeadlessChrome/103.0.5058.0 Safari/537.36",
        "x-ms-client-request-id": "1405e4ae-0455-41a7-9140-1ea7c83fa84e",
        "x-ms-useragent": "azsdk-js-keyvault-keys/4.6.1 azsdk-js-keyvault-keys/4.6.1 core-rest-pipeline/1.10.0 OS/Linuxx86_64"
      },
      "RequestBody": null,
      "StatusCode": 200,
      "ResponseHeaders": {
        "Cache-Control": "no-cache",
        "Content-Length": "843",
        "Content-Type": "application/json; charset=utf-8",
        "Date": "Wed, 09 Nov 2022 17:44:12 GMT",
        "Expires": "-1",
        "Pragma": "no-cache",
        "Strict-Transport-Security": "max-age=31536000;includeSubDomains",
        "X-Content-Type-Options": "nosniff",
        "x-ms-client-request-id": "1405e4ae-0455-41a7-9140-1ea7c83fa84e",
        "x-ms-keyvault-network-info": "conn_type=Ipv4;addr=167.220.77.94;act_addr_fam=InterNetwork;",
        "x-ms-keyvault-rbac-assignment-id": "0b5c37e2-546f-5f67-b775-71961d2f0c3d",
        "x-ms-keyvault-rbac-cache": "ra_age=1826;da_age=2066;rd_age=2066;brd_age=21386;ra_notif_age=2202;dec_lev=0;",
        "x-ms-keyvault-region": "northcentralus",
        "x-ms-keyvault-service-version": "1.9.576.1",
        "x-ms-request-id": "50b81ba5-4ec8-4176-8997-172c6d62938a"
      },
      "ResponseBody": {
        "value": [
          {
            "recoveryId": "https://keyvault_name.vault.azure.net/deletedkeys/listKeyName-listdeletedkeyspaged--0",
            "deletedDate": 1668015841,
            "scheduledPurgeDate": 1668620641,
            "kid": "https://keyvault_name.vault.azure.net/keys/listKeyName-listdeletedkeyspaged--0",
            "attributes": {
              "enabled": true,
              "created": 1668015840,
              "updated": 1668015840,
              "recoveryLevel": "CustomizedRecoverable\u002BPurgeable",
              "recoverableDays": 7,
              "exportable": false
            }
          },
          {
            "recoveryId": "https://keyvault_name.vault.azure.net/deletedkeys/listKeyName-listdeletedkeyspaged--1",
            "deletedDate": 1668015846,
            "scheduledPurgeDate": 1668620646,
            "kid": "https://keyvault_name.vault.azure.net/keys/listKeyName-listdeletedkeyspaged--1",
            "attributes": {
              "enabled": true,
              "created": 1668015841,
              "updated": 1668015841,
              "recoveryLevel": "CustomizedRecoverable\u002BPurgeable",
              "recoverableDays": 7,
              "exportable": false
            }
          }
        ],
        "nextLink": null
      }
    },
    {
      "RequestUri": "https://keyvault_name.vault.azure.net/deletedkeys/listKeyName-listdeletedkeyspaged--0?api-version=7.4-preview.1",
      "RequestMethod": "DELETE",
      "RequestHeaders": {
        "Accept": "application/json",
        "Accept-Encoding": "gzip, deflate, br",
        "Accept-Language": "en-US",
        "Authorization": "Sanitized",
        "Connection": "keep-alive",
        "Referer": "http://localhost:9329/",
        "sec-ch-ua": "",
        "sec-ch-ua-mobile": "?0",
        "sec-ch-ua-platform": "",
        "Sec-Fetch-Dest": "empty",
        "Sec-Fetch-Mode": "cors",
        "Sec-Fetch-Site": "same-site",
        "User-Agent": "Mozilla/5.0 (X11; Linux x86_64) AppleWebKit/537.36 (KHTML, like Gecko) HeadlessChrome/103.0.5058.0 Safari/537.36",
        "x-ms-client-request-id": "0ebbaefd-d08f-490d-987b-1e1007709fac",
        "x-ms-useragent": "azsdk-js-keyvault-keys/4.6.1 azsdk-js-keyvault-keys/4.6.1 core-rest-pipeline/1.10.0 OS/Linuxx86_64"
      },
      "RequestBody": null,
      "StatusCode": 204,
      "ResponseHeaders": {
        "Cache-Control": "no-cache",
        "Date": "Wed, 09 Nov 2022 17:44:12 GMT",
        "Expires": "-1",
        "Pragma": "no-cache",
        "Strict-Transport-Security": "max-age=31536000;includeSubDomains",
        "X-Content-Type-Options": "nosniff",
        "x-ms-client-request-id": "0ebbaefd-d08f-490d-987b-1e1007709fac",
        "x-ms-keyvault-network-info": "conn_type=Ipv4;addr=167.220.77.94;act_addr_fam=InterNetwork;",
        "x-ms-keyvault-rbac-assignment-id": "0b5c37e2-546f-5f67-b775-71961d2f0c3d",
        "x-ms-keyvault-rbac-cache": "ra_age=1826;da_age=2066;rd_age=2066;brd_age=21386;ra_notif_age=2202;dec_lev=1;",
        "x-ms-keyvault-region": "northcentralus",
        "x-ms-keyvault-service-version": "1.9.576.1",
        "x-ms-request-id": "543cf015-b9e2-417d-850e-73d53632a9f3"
      },
      "ResponseBody": null
    },
    {
      "RequestUri": "https://keyvault_name.vault.azure.net/deletedkeys/listKeyName-listdeletedkeyspaged--1?api-version=7.4-preview.1",
      "RequestMethod": "DELETE",
      "RequestHeaders": {
        "Accept": "application/json",
        "Accept-Encoding": "gzip, deflate, br",
        "Accept-Language": "en-US",
        "Authorization": "Sanitized",
        "Connection": "keep-alive",
        "Referer": "http://localhost:9329/",
        "sec-ch-ua": "",
        "sec-ch-ua-mobile": "?0",
        "sec-ch-ua-platform": "",
        "Sec-Fetch-Dest": "empty",
        "Sec-Fetch-Mode": "cors",
        "Sec-Fetch-Site": "same-site",
        "User-Agent": "Mozilla/5.0 (X11; Linux x86_64) AppleWebKit/537.36 (KHTML, like Gecko) HeadlessChrome/103.0.5058.0 Safari/537.36",
        "x-ms-client-request-id": "351a2656-85b7-4357-baa3-c9e0e0626c22",
        "x-ms-useragent": "azsdk-js-keyvault-keys/4.6.1 azsdk-js-keyvault-keys/4.6.1 core-rest-pipeline/1.10.0 OS/Linuxx86_64"
      },
      "RequestBody": null,
      "StatusCode": 204,
      "ResponseHeaders": {
        "Cache-Control": "no-cache",
        "Date": "Wed, 09 Nov 2022 17:44:12 GMT",
        "Expires": "-1",
        "Pragma": "no-cache",
        "Strict-Transport-Security": "max-age=31536000;includeSubDomains",
        "X-Content-Type-Options": "nosniff",
        "x-ms-client-request-id": "351a2656-85b7-4357-baa3-c9e0e0626c22",
        "x-ms-keyvault-network-info": "conn_type=Ipv4;addr=167.220.77.94;act_addr_fam=InterNetwork;",
        "x-ms-keyvault-rbac-assignment-id": "0b5c37e2-546f-5f67-b775-71961d2f0c3d",
        "x-ms-keyvault-rbac-cache": "ra_age=1826;da_age=2066;rd_age=2066;brd_age=21387;ra_notif_age=2202;dec_lev=1;",
        "x-ms-keyvault-region": "northcentralus",
        "x-ms-keyvault-service-version": "1.9.576.1",
        "x-ms-request-id": "ee10d5b7-0230-471b-8416-a1ba8ea70e60"
      },
      "ResponseBody": null
    }
  ],
  "Variables": {}
}
