{
  "Entries": [
    {
      "RequestUri": "https://myappconfig.azconfig.io/kv/listConfigSetting0A-1590?api-version=1.0\u0026label=listConfigSettingsLabel-1601",
      "RequestMethod": "PUT",
      "RequestHeaders": {
        "Accept": "application/vnd.microsoft.appconfig.kv\u002Bjson, application/json, application/problem\u002Bjson",
        "Accept-Encoding": "gzip,deflate",
        "Authorization": "Sanitized",
        "Connection": "close",
        "Content-Length": "136",
        "Content-Type": "application/vnd.microsoft.appconfig.kv\u002Bjson",
        "Cookie": "",
        "If-None-Match": "*",
        "User-Agent": "azsdk-js-app-configuration/1.3.1 core-http/2.2.3 Node/v14.17.6 OS/(x64-Linux-5.4.0-1063-azure)",
        "x-ms-client-request-id": "87499139-8b96-43dd-a655-3a3c7417931f",
        "x-ms-content-sha256": "//r9TLxJ2FDlZHeQY2h53/Fjw/Rly/dwRcvN3g0orIE=",
        "x-ms-date": "Wed, 15 Dec 2021 12:11:20 GMT"
      },
      "RequestBody": {
        "key": "listConfigSetting0A-1590",
        "label": "listConfigSettingsLabel-1601",
        "content_type": "a content type",
        "value": "[A] production value"
      },
      "StatusCode": 200,
      "ResponseHeaders": {
        "Access-Control-Allow-Credentials": "true",
        "Access-Control-Allow-Origin": "*",
        "Access-Control-Expose-Headers": "DNT, X-CustomHeader, Keep-Alive, User-Agent, X-Requested-With, If-Modified-Since, Cache-Control, Content-Type, Authorization, x-ms-client-request-id, x-ms-useragent, x-ms-content-sha256, x-ms-date, host, Accept, Accept-Datetime, Date, If-Match, If-None-Match, Sync-Token, x-ms-return-client-request-id, ETag, Last-Modified, Link, Memento-Datetime, retry-after-ms, x-ms-request-id, x-ms-client-session-id, x-ms-effective-locale, WWW-Authenticate, traceparent, tracestate",
        "Connection": "close",
        "Content-Type": "application/vnd.microsoft.appconfig.kv\u002Bjson; charset=utf-8",
        "Date": "Wed, 15 Dec 2021 12:11:20 GMT",
        "ETag": "\u0022Ebx43izl8ojUqPDaillqYkdtZ1r\u0022",
        "Last-Modified": "Wed, 15 Dec 2021 12:11:21 GMT",
        "Server": "openresty/1.17.8.2",
        "Strict-Transport-Security": "max-age=15724800; includeSubDomains",
        "Sync-Token": "zAJw6V16=NToxNSMzMjMzMzI0;sn=3233324",
        "Transfer-Encoding": "chunked",
        "x-ms-correlation-request-id": "d3a828a4-d2ed-4dd4-b066-1f8fd61113f7",
        "x-ms-request-id": "d3a828a4-d2ed-4dd4-b066-1f8fd61113f7"
      },
      "ResponseBody": {
        "etag": "Ebx43izl8ojUqPDaillqYkdtZ1r",
        "key": "listConfigSetting0A-1590",
        "label": "listConfigSettingsLabel-1601",
        "content_type": "a content type",
        "value": "[A] production value",
        "tags": {},
        "locked": false,
        "last_modified": "2021-12-15T12:11:21\u002B00:00"
      }
    },
    {
      "RequestUri": "https://myappconfig.azconfig.io/locks/listConfigSetting0A-1590?api-version=1.0\u0026label=listConfigSettingsLabel-1601",
      "RequestMethod": "PUT",
      "RequestHeaders": {
        "Accept": "application/vnd.microsoft.appconfig.kv\u002Bjson, application/json, application/problem\u002Bjson",
        "Accept-Encoding": "gzip,deflate",
        "Authorization": "Sanitized",
        "Connection": "close",
        "Content-Length": "0",
        "Cookie": "",
        "sync-token": "zAJw6V16=NToxNSMzMjMzMzI0",
        "User-Agent": "azsdk-js-app-configuration/1.3.1 core-http/2.2.3 Node/v14.17.6 OS/(x64-Linux-5.4.0-1063-azure)",
        "x-ms-client-request-id": "c07d79a5-7062-42e2-bf4e-9226d10263aa",
        "x-ms-content-sha256": "47DEQpj8HBSa\u002B/TImW\u002B5JCeuQeRkm5NMpJWZG3hSuFU=",
        "x-ms-date": "Wed, 15 Dec 2021 12:11:20 GMT"
      },
      "RequestBody": null,
      "StatusCode": 200,
      "ResponseHeaders": {
        "Access-Control-Allow-Credentials": "true",
        "Access-Control-Allow-Origin": "*",
        "Access-Control-Expose-Headers": "DNT, X-CustomHeader, Keep-Alive, User-Agent, X-Requested-With, If-Modified-Since, Cache-Control, Content-Type, Authorization, x-ms-client-request-id, x-ms-useragent, x-ms-content-sha256, x-ms-date, host, Accept, Accept-Datetime, Date, If-Match, If-None-Match, Sync-Token, x-ms-return-client-request-id, ETag, Last-Modified, Link, Memento-Datetime, retry-after-ms, x-ms-request-id, x-ms-client-session-id, x-ms-effective-locale, WWW-Authenticate, traceparent, tracestate",
        "Connection": "close",
        "Content-Type": "application/vnd.microsoft.appconfig.kv\u002Bjson; charset=utf-8",
        "Date": "Wed, 15 Dec 2021 12:11:21 GMT",
        "ETag": "\u0022gB4tnNUmJdrhbHQmAwn1qXS5YQN\u0022",
        "Last-Modified": "Wed, 15 Dec 2021 12:11:21 GMT",
        "Server": "openresty/1.17.8.2",
        "Strict-Transport-Security": "max-age=15724800; includeSubDomains",
        "Sync-Token": "zAJw6V16=NToxNSMzMjMzMzI1;sn=3233325",
        "Transfer-Encoding": "chunked",
        "x-ms-correlation-request-id": "07b7fe51-b787-4a0e-be88-ba4f0a3c6820",
        "x-ms-request-id": "07b7fe51-b787-4a0e-be88-ba4f0a3c6820"
      },
      "ResponseBody": {
        "etag": "gB4tnNUmJdrhbHQmAwn1qXS5YQN",
        "key": "listConfigSetting0A-1590",
        "label": "listConfigSettingsLabel-1601",
        "content_type": "a content type",
        "value": "[A] production value",
        "tags": {},
        "locked": true,
        "last_modified": "2021-12-15T12:11:21\u002B00:00"
      }
    },
    {
      "RequestUri": "https://myappconfig.azconfig.io/kv/listConfigSetting0A-1590?api-version=1.0",
      "RequestMethod": "PUT",
      "RequestHeaders": {
        "Accept": "application/vnd.microsoft.appconfig.kv\u002Bjson, application/json, application/problem\u002Bjson",
        "Accept-Encoding": "gzip,deflate",
        "Authorization": "Sanitized",
        "Connection": "close",
        "Content-Length": "54",
        "Content-Type": "application/vnd.microsoft.appconfig.kv\u002Bjson",
        "Cookie": "",
        "If-None-Match": "*",
        "sync-token": "zAJw6V16=NToxNSMzMjMzMzI1",
        "User-Agent": "azsdk-js-app-configuration/1.3.1 core-http/2.2.3 Node/v14.17.6 OS/(x64-Linux-5.4.0-1063-azure)",
        "x-ms-client-request-id": "73d21d6c-5cdb-4645-9446-f5bb031725ba",
        "x-ms-content-sha256": "6yX3ipfmX0icF3bJeTj0zQ3Y6LBckKJ1E/JM6eAsAtk=",
        "x-ms-date": "Wed, 15 Dec 2021 12:11:21 GMT"
      },
      "RequestBody": {
        "key": "listConfigSetting0A-1590",
        "value": "[A] value"
      },
      "StatusCode": 200,
      "ResponseHeaders": {
        "Access-Control-Allow-Credentials": "true",
        "Access-Control-Allow-Origin": "*",
        "Access-Control-Expose-Headers": "DNT, X-CustomHeader, Keep-Alive, User-Agent, X-Requested-With, If-Modified-Since, Cache-Control, Content-Type, Authorization, x-ms-client-request-id, x-ms-useragent, x-ms-content-sha256, x-ms-date, host, Accept, Accept-Datetime, Date, If-Match, If-None-Match, Sync-Token, x-ms-return-client-request-id, ETag, Last-Modified, Link, Memento-Datetime, retry-after-ms, x-ms-request-id, x-ms-client-session-id, x-ms-effective-locale, WWW-Authenticate, traceparent, tracestate",
        "Connection": "close",
        "Content-Type": "application/vnd.microsoft.appconfig.kv\u002Bjson; charset=utf-8",
        "Date": "Wed, 15 Dec 2021 12:11:21 GMT",
        "ETag": "\u0022fI9kVdeZ0ssC0kUWPPMHYlYZW62\u0022",
        "Last-Modified": "Wed, 15 Dec 2021 12:11:21 GMT",
        "Server": "openresty/1.17.8.2",
        "Strict-Transport-Security": "max-age=15724800; includeSubDomains",
        "Sync-Token": "zAJw6V16=NToxNSMzMjMzMzI2;sn=3233326",
        "Transfer-Encoding": "chunked",
        "x-ms-correlation-request-id": "55ec47ba-ef6c-4849-a074-3ca5681f5ed8",
        "x-ms-request-id": "55ec47ba-ef6c-4849-a074-3ca5681f5ed8"
      },
      "ResponseBody": {
        "etag": "fI9kVdeZ0ssC0kUWPPMHYlYZW62",
        "key": "listConfigSetting0A-1590",
        "label": null,
        "content_type": null,
        "value": "[A] value",
        "tags": {},
        "locked": false,
        "last_modified": "2021-12-15T12:11:21\u002B00:00"
      }
    },
    {
      "RequestUri": "https://myappconfig.azconfig.io/kv/listConfigSetting0B-1695?api-version=1.0\u0026label=listConfigSettingsLabel-1601",
      "RequestMethod": "PUT",
      "RequestHeaders": {
        "Accept": "application/vnd.microsoft.appconfig.kv\u002Bjson, application/json, application/problem\u002Bjson",
        "Accept-Encoding": "gzip,deflate",
        "Authorization": "Sanitized",
        "Connection": "close",
        "Content-Length": "104",
        "Content-Type": "application/vnd.microsoft.appconfig.kv\u002Bjson",
        "Cookie": "",
        "If-None-Match": "*",
        "sync-token": "zAJw6V16=NToxNSMzMjMzMzI2",
        "User-Agent": "azsdk-js-app-configuration/1.3.1 core-http/2.2.3 Node/v14.17.6 OS/(x64-Linux-5.4.0-1063-azure)",
        "x-ms-client-request-id": "d3242529-f3f0-4dc2-b2d9-1c88468d7105",
        "x-ms-content-sha256": "HCEfQnGggoImvksL\u002BtTm2n\u002Beja2ObTY3EXQ4jcbm04k=",
        "x-ms-date": "Wed, 15 Dec 2021 12:11:21 GMT"
      },
      "RequestBody": {
        "key": "listConfigSetting0B-1695",
        "label": "listConfigSettingsLabel-1601",
        "value": "[B] production value"
      },
      "StatusCode": 200,
      "ResponseHeaders": {
        "Access-Control-Allow-Credentials": "true",
        "Access-Control-Allow-Origin": "*",
        "Access-Control-Expose-Headers": "DNT, X-CustomHeader, Keep-Alive, User-Agent, X-Requested-With, If-Modified-Since, Cache-Control, Content-Type, Authorization, x-ms-client-request-id, x-ms-useragent, x-ms-content-sha256, x-ms-date, host, Accept, Accept-Datetime, Date, If-Match, If-None-Match, Sync-Token, x-ms-return-client-request-id, ETag, Last-Modified, Link, Memento-Datetime, retry-after-ms, x-ms-request-id, x-ms-client-session-id, x-ms-effective-locale, WWW-Authenticate, traceparent, tracestate",
        "Connection": "close",
        "Content-Type": "application/vnd.microsoft.appconfig.kv\u002Bjson; charset=utf-8",
        "Date": "Wed, 15 Dec 2021 12:11:21 GMT",
        "ETag": "\u0022OIfaQkQ5uJ9AXqHPWH7wmU5e4in\u0022",
        "Last-Modified": "Wed, 15 Dec 2021 12:11:22 GMT",
        "Server": "openresty/1.17.8.2",
        "Strict-Transport-Security": "max-age=15724800; includeSubDomains",
        "Sync-Token": "zAJw6V16=NToxNSMzMjMzMzI3;sn=3233327",
        "Transfer-Encoding": "chunked",
        "x-ms-correlation-request-id": "1961fcbc-8858-45fd-841a-dbcc36ec24b3",
        "x-ms-request-id": "1961fcbc-8858-45fd-841a-dbcc36ec24b3"
      },
      "ResponseBody": {
        "etag": "OIfaQkQ5uJ9AXqHPWH7wmU5e4in",
        "key": "listConfigSetting0B-1695",
        "label": "listConfigSettingsLabel-1601",
        "content_type": null,
        "value": "[B] production value",
        "tags": {},
        "locked": false,
        "last_modified": "2021-12-15T12:11:22\u002B00:00"
      }
    },
    {
      "RequestUri": "https://myappconfig.azconfig.io/kv/listConfigSetting0B-1695?api-version=1.0",
      "RequestMethod": "PUT",
      "RequestHeaders": {
        "Accept": "application/vnd.microsoft.appconfig.kv\u002Bjson, application/json, application/problem\u002Bjson",
        "Accept-Encoding": "gzip,deflate",
        "Authorization": "Sanitized",
        "Connection": "close",
        "Content-Length": "54",
        "Content-Type": "application/vnd.microsoft.appconfig.kv\u002Bjson",
        "Cookie": "",
        "If-None-Match": "*",
        "sync-token": "zAJw6V16=NToxNSMzMjMzMzI3",
        "User-Agent": "azsdk-js-app-configuration/1.3.1 core-http/2.2.3 Node/v14.17.6 OS/(x64-Linux-5.4.0-1063-azure)",
        "x-ms-client-request-id": "96f65bd1-1461-4087-afe4-327f18a1b4f5",
        "x-ms-content-sha256": "4w7YDB6cqUcfaqR3KUGFphaiKBAJfRMX3/YSjbCTrNw=",
        "x-ms-date": "Wed, 15 Dec 2021 12:11:21 GMT"
      },
      "RequestBody": {
        "key": "listConfigSetting0B-1695",
        "value": "[B] value"
      },
      "StatusCode": 200,
      "ResponseHeaders": {
        "Access-Control-Allow-Credentials": "true",
        "Access-Control-Allow-Origin": "*",
        "Access-Control-Expose-Headers": "DNT, X-CustomHeader, Keep-Alive, User-Agent, X-Requested-With, If-Modified-Since, Cache-Control, Content-Type, Authorization, x-ms-client-request-id, x-ms-useragent, x-ms-content-sha256, x-ms-date, host, Accept, Accept-Datetime, Date, If-Match, If-None-Match, Sync-Token, x-ms-return-client-request-id, ETag, Last-Modified, Link, Memento-Datetime, retry-after-ms, x-ms-request-id, x-ms-client-session-id, x-ms-effective-locale, WWW-Authenticate, traceparent, tracestate",
        "Connection": "close",
        "Content-Type": "application/vnd.microsoft.appconfig.kv\u002Bjson; charset=utf-8",
        "Date": "Wed, 15 Dec 2021 12:11:22 GMT",
        "ETag": "\u00229zm4AhwqRwaLUDYi92RrHs2g3rE\u0022",
        "Last-Modified": "Wed, 15 Dec 2021 12:11:22 GMT",
        "Server": "openresty/1.17.8.2",
        "Strict-Transport-Security": "max-age=15724800; includeSubDomains",
        "Sync-Token": "zAJw6V16=NToxNSMzMjMzMzI4;sn=3233328",
        "Transfer-Encoding": "chunked",
        "x-ms-correlation-request-id": "652973e9-492b-463b-9490-a6370f646efa",
        "x-ms-request-id": "652973e9-492b-463b-9490-a6370f646efa"
      },
      "ResponseBody": {
        "etag": "9zm4AhwqRwaLUDYi92RrHs2g3rE",
        "key": "listConfigSetting0B-1695",
        "label": null,
        "content_type": null,
        "value": "[B] value",
        "tags": {},
        "locked": false,
        "last_modified": "2021-12-15T12:11:22\u002B00:00"
      }
    },
    {
      "RequestUri": "https://myappconfig.azconfig.io/kv?api-version=1.0",
      "RequestMethod": "GET",
      "RequestHeaders": {
        "Accept": "application/vnd.microsoft.appconfig.kvset\u002Bjson, application/json, application/problem\u002Bjson",
        "Accept-Encoding": "gzip,deflate",
        "Authorization": "Sanitized",
        "Connection": "close",
        "Cookie": "",
        "sync-token": "zAJw6V16=NToxNSMzMjMzMzI4",
        "User-Agent": "azsdk-js-app-configuration/1.3.1 core-http/2.2.3 Node/v14.17.6 OS/(x64-Linux-5.4.0-1063-azure)",
        "x-ms-client-request-id": "c6d9fa70-41e8-450a-b7e6-c8e766565419",
        "x-ms-content-sha256": "47DEQpj8HBSa\u002B/TImW\u002B5JCeuQeRkm5NMpJWZG3hSuFU=",
        "x-ms-date": "Wed, 15 Dec 2021 12:11:22 GMT"
      },
      "RequestBody": null,
      "StatusCode": 200,
      "ResponseHeaders": {
        "Access-Control-Allow-Credentials": "true",
        "Access-Control-Allow-Origin": "*",
        "Access-Control-Expose-Headers": "DNT, X-CustomHeader, Keep-Alive, User-Agent, X-Requested-With, If-Modified-Since, Cache-Control, Content-Type, Authorization, x-ms-client-request-id, x-ms-useragent, x-ms-content-sha256, x-ms-date, host, Accept, Accept-Datetime, Date, If-Match, If-None-Match, Sync-Token, x-ms-return-client-request-id, ETag, Last-Modified, Link, Memento-Datetime, retry-after-ms, x-ms-request-id, x-ms-client-session-id, x-ms-effective-locale, WWW-Authenticate, traceparent, tracestate",
        "Connection": "close",
        "Content-Type": "application/vnd.microsoft.appconfig.kvset\u002Bjson; charset=utf-8",
        "Date": "Wed, 15 Dec 2021 12:11:22 GMT",
        "Link": "\u003C/kv?api-version=1.0\u0026after=a2V5LTEtMTYyOQoxNDM%3D\u003E; rel=\u0022next\u0022",
        "Server": "openresty/1.17.8.2",
        "Strict-Transport-Security": "max-age=15724800; includeSubDomains",
        "Sync-Token": "zAJw6V16=NToxNSMzMjMzMzI4;sn=3233328",
        "Transfer-Encoding": "chunked",
        "x-ms-correlation-request-id": "4a3161a5-4833-46b8-9a8e-22a00c958cfe",
        "x-ms-request-id": "4a3161a5-4833-46b8-9a8e-22a00c958cfe"
      },
      "ResponseBody": {
        "items": [
          {
            "etag": "I2uB8gSJFebSQ2KcnH9NRl7YUM3",
            "key": ".appconfig.featureflag/1040-2",
            "label": "label-1",
            "content_type": "application/vnd.microsoft.appconfig.ff\u002Bjson;charset=utf-8",
            "value": "{\u0022id\u0022:\u00221040-2\u0022,\u0022enabled\u0022:false,\u0022description\u0022:\u0022I\u0027m new description\u0022,\u0022conditions\u0022:{\u0022client_filters\u0022:[{\u0022name\u0022:\u0022Microsoft.TimeWindow\u0022,\u0022parameters\u0022:{\u0022Start\u0022:\u0022Wed, 01 May 2019 13:59:59 GMT\u0022,\u0022End\u0022:\u0022Mon, 01 July 2019 00:00:00 GMT\u0022}},{\u0022name\u0022:\u0022FilterX\u0022},{\u0022name\u0022:\u0022Microsoft.Targeting\u0022,\u0022parameters\u0022:{\u0022Audience\u0022:{\u0022Groups\u0022:[{\u0022Name\u0022:\u0022group-1\u0022,\u0022RolloutPercentage\u0022:25},{\u0022Name\u0022:\u0022group-2\u0022,\u0022RolloutPercentage\u0022:45}],\u0022Users\u0022:[\u0022userA\u0022,\u0022userB\u0022],\u0022DefaultRolloutPercentage\u0022:40}}},{\u0022name\u0022:\u0022Microsoft.Percentage\u0022,\u0022parameters\u0022:{\u0022Value\u0022:25}}]},\u0022display_name\u0022:\u0022for display\u0022}",
            "tags": {},
            "locked": false,
            "last_modified": "2021-11-10T04:37:01\u002B00:00"
          },
          {
            "etag": "BNhfMs7lV1HPk3ze2OvN2Cr3UTE",
            "key": ".appconfig.featureflag/1132-2",
            "label": "label-1",
            "content_type": "application/vnd.microsoft.appconfig.ff\u002Bjson;charset=utf-8",
            "value": "{\u0022id\u0022:\u00221132-2\u0022,\u0022enabled\u0022:false,\u0022description\u0022:\u0022I\u0027m new description\u0022,\u0022conditions\u0022:{\u0022client_filters\u0022:[{\u0022name\u0022:\u0022Microsoft.TimeWindow\u0022,\u0022parameters\u0022:{\u0022Start\u0022:\u0022Wed, 01 May 2019 13:59:59 GMT\u0022,\u0022End\u0022:\u0022Mon, 01 July 2019 00:00:00 GMT\u0022}},{\u0022name\u0022:\u0022FilterX\u0022},{\u0022name\u0022:\u0022Microsoft.Targeting\u0022,\u0022parameters\u0022:{\u0022Audience\u0022:{\u0022Groups\u0022:[{\u0022Name\u0022:\u0022group-1\u0022,\u0022RolloutPercentage\u0022:25},{\u0022Name\u0022:\u0022group-2\u0022,\u0022RolloutPercentage\u0022:45}],\u0022Users\u0022:[\u0022userA\u0022,\u0022userB\u0022],\u0022DefaultRolloutPercentage\u0022:40}}},{\u0022name\u0022:\u0022Microsoft.Percentage\u0022,\u0022parameters\u0022:{\u0022Value\u0022:25}}]},\u0022display_name\u0022:\u0022for display\u0022}",
            "tags": {},
            "locked": false,
            "last_modified": "2021-11-10T01:10:51\u002B00:00"
          },
          {
            "etag": "sDaxqZXhwoognvbbv1EmLyGPzgk",
            "key": ".appconfig.featureflag/1223-2",
            "label": "label-1",
            "content_type": "application/vnd.microsoft.appconfig.ff\u002Bjson;charset=utf-8",
            "value": "{\u0022id\u0022:\u00221223-2\u0022,\u0022enabled\u0022:false,\u0022description\u0022:\u0022I\u0027m new description\u0022,\u0022conditions\u0022:{\u0022client_filters\u0022:[{\u0022name\u0022:\u0022Microsoft.TimeWindow\u0022,\u0022parameters\u0022:{\u0022Start\u0022:\u0022Wed, 01 May 2019 13:59:59 GMT\u0022,\u0022End\u0022:\u0022Mon, 01 July 2019 00:00:00 GMT\u0022}},{\u0022name\u0022:\u0022FilterX\u0022},{\u0022name\u0022:\u0022Microsoft.Targeting\u0022,\u0022parameters\u0022:{\u0022Audience\u0022:{\u0022Groups\u0022:[{\u0022Name\u0022:\u0022group-1\u0022,\u0022RolloutPercentage\u0022:25},{\u0022Name\u0022:\u0022group-2\u0022,\u0022RolloutPercentage\u0022:45}],\u0022Users\u0022:[\u0022userA\u0022,\u0022userB\u0022],\u0022DefaultRolloutPercentage\u0022:40}}},{\u0022name\u0022:\u0022Microsoft.Percentage\u0022,\u0022parameters\u0022:{\u0022Value\u0022:25}}]},\u0022display_name\u0022:\u0022for display\u0022}",
            "tags": {},
            "locked": false,
            "last_modified": "2021-11-10T00:57:36\u002B00:00"
          },
          {
            "etag": "pAjJ6PF8NlLFR0YqPCcrJEGDx5o",
            "key": ".appconfig.featureflag/1327-2",
            "label": "label-1",
            "content_type": "application/vnd.microsoft.appconfig.ff\u002Bjson;charset=utf-8",
            "value": "{\u0022id\u0022:\u00221327-2\u0022,\u0022enabled\u0022:false,\u0022description\u0022:\u0022I\u0027m new description\u0022,\u0022conditions\u0022:{\u0022client_filters\u0022:[{\u0022name\u0022:\u0022Microsoft.TimeWindow\u0022,\u0022parameters\u0022:{\u0022Start\u0022:\u0022Wed, 01 May 2019 13:59:59 GMT\u0022,\u0022End\u0022:\u0022Mon, 01 July 2019 00:00:00 GMT\u0022}},{\u0022name\u0022:\u0022FilterX\u0022},{\u0022name\u0022:\u0022Microsoft.Targeting\u0022,\u0022parameters\u0022:{\u0022Audience\u0022:{\u0022Groups\u0022:[{\u0022Name\u0022:\u0022group-1\u0022,\u0022RolloutPercentage\u0022:25},{\u0022Name\u0022:\u0022group-2\u0022,\u0022RolloutPercentage\u0022:45}],\u0022Users\u0022:[\u0022userA\u0022,\u0022userB\u0022],\u0022DefaultRolloutPercentage\u0022:40}}},{\u0022name\u0022:\u0022Microsoft.Percentage\u0022,\u0022parameters\u0022:{\u0022Value\u0022:25}}]},\u0022display_name\u0022:\u0022for display\u0022}",
            "tags": {},
            "locked": false,
            "last_modified": "2021-11-10T00:51:03\u002B00:00"
          },
          {
            "etag": "6fRC7tNb5p5bMNWXzfYVlaLlcrP",
            "key": ".appconfig.featureflag/1695-2",
            "label": "label-1",
            "content_type": "application/vnd.microsoft.appconfig.ff\u002Bjson;charset=utf-8",
            "value": "{\u0022id\u0022:\u00221695-2\u0022,\u0022enabled\u0022:false,\u0022description\u0022:\u0022I\u0027m new description\u0022,\u0022conditions\u0022:{\u0022client_filters\u0022:[{\u0022name\u0022:\u0022Microsoft.TimeWindow\u0022,\u0022parameters\u0022:{\u0022Start\u0022:\u0022Wed, 01 May 2019 13:59:59 GMT\u0022,\u0022End\u0022:\u0022Mon, 01 July 2019 00:00:00 GMT\u0022}},{\u0022name\u0022:\u0022FilterX\u0022},{\u0022name\u0022:\u0022Microsoft.Targeting\u0022,\u0022parameters\u0022:{\u0022Audience\u0022:{\u0022Groups\u0022:[{\u0022Name\u0022:\u0022group-1\u0022,\u0022RolloutPercentage\u0022:25},{\u0022Name\u0022:\u0022group-2\u0022,\u0022RolloutPercentage\u0022:45}],\u0022Users\u0022:[\u0022userA\u0022,\u0022userB\u0022],\u0022DefaultRolloutPercentage\u0022:40}}},{\u0022name\u0022:\u0022Microsoft.Percentage\u0022,\u0022parameters\u0022:{\u0022Value\u0022:25}}]},\u0022display_name\u0022:\u0022for display\u0022}",
            "tags": {},
            "locked": false,
            "last_modified": "2021-12-15T12:02:16\u002B00:00"
          },
          {
            "etag": "f5vGRx7Gk41GC0IsFap7IoH23Xh",
            "key": ".appconfig.featureflag/1892-2",
            "label": "label-1",
            "content_type": "application/vnd.microsoft.appconfig.ff\u002Bjson;charset=utf-8",
            "value": "{\u0022id\u0022:\u00221892-2\u0022,\u0022enabled\u0022:false,\u0022description\u0022:\u0022I\u0027m new description\u0022,\u0022conditions\u0022:{\u0022client_filters\u0022:[{\u0022name\u0022:\u0022Microsoft.TimeWindow\u0022,\u0022parameters\u0022:{\u0022Start\u0022:\u0022Wed, 01 May 2019 13:59:59 GMT\u0022,\u0022End\u0022:\u0022Mon, 01 July 2019 00:00:00 GMT\u0022}},{\u0022name\u0022:\u0022FilterX\u0022},{\u0022name\u0022:\u0022Microsoft.Targeting\u0022,\u0022parameters\u0022:{\u0022Audience\u0022:{\u0022Groups\u0022:[{\u0022Name\u0022:\u0022group-1\u0022,\u0022RolloutPercentage\u0022:25},{\u0022Name\u0022:\u0022group-2\u0022,\u0022RolloutPercentage\u0022:45}],\u0022Users\u0022:[\u0022userA\u0022,\u0022userB\u0022],\u0022DefaultRolloutPercentage\u0022:40}}},{\u0022name\u0022:\u0022Microsoft.Percentage\u0022,\u0022parameters\u0022:{\u0022Value\u0022:25}}]},\u0022display_name\u0022:\u0022for display\u0022}",
            "tags": {},
            "locked": false,
            "last_modified": "2021-11-10T00:41:35\u002B00:00"
          },
          {
            "etag": "QLS2lPfYVEurtQQufoBwc594l6S",
            "key": ".appconfig.featureflag/1991-2",
            "label": "label-1",
            "content_type": "application/vnd.microsoft.appconfig.ff\u002Bjson;charset=utf-8",
            "value": "{\u0022id\u0022:\u00221991-2\u0022,\u0022enabled\u0022:false,\u0022description\u0022:\u0022I\u0027m new description\u0022,\u0022conditions\u0022:{\u0022client_filters\u0022:[{\u0022name\u0022:\u0022Microsoft.TimeWindow\u0022,\u0022parameters\u0022:{\u0022Start\u0022:\u0022Wed, 01 May 2019 13:59:59 GMT\u0022,\u0022End\u0022:\u0022Mon, 01 July 2019 00:00:00 GMT\u0022}},{\u0022name\u0022:\u0022FilterX\u0022},{\u0022name\u0022:\u0022Microsoft.Targeting\u0022,\u0022parameters\u0022:{\u0022Audience\u0022:{\u0022Groups\u0022:[{\u0022Name\u0022:\u0022group-1\u0022,\u0022RolloutPercentage\u0022:25},{\u0022Name\u0022:\u0022group-2\u0022,\u0022RolloutPercentage\u0022:45}],\u0022Users\u0022:[\u0022userA\u0022,\u0022userB\u0022],\u0022DefaultRolloutPercentage\u0022:40}}},{\u0022name\u0022:\u0022Microsoft.Percentage\u0022,\u0022parameters\u0022:{\u0022Value\u0022:25}}]},\u0022display_name\u0022:\u0022for display\u0022}",
            "tags": {},
            "locked": false,
            "last_modified": "2021-12-07T20:53:29\u002B00:00"
          },
          {
            "etag": "cM5y3do3KkvDpahYrqLzvZBZWyO",
            "key": "Samples:Greeting1134",
            "label": null,
            "content_type": null,
            "value": "Goodbye!",
            "tags": {},
            "locked": false,
            "last_modified": "2021-11-22T22:56:22\u002B00:00"
          },
          {
            "etag": "Dg6oUbbPy59Gaqb5O8XjZ6bOUr7",
            "key": "key-1-1012",
            "label": null,
            "content_type": null,
            "value": "MyValue",
            "tags": {},
            "locked": false,
            "last_modified": "2021-11-10T00:57:44\u002B00:00"
          },
          {
            "etag": "AXwwpv4has0F16c3FKr71oo6e1B",
            "key": "key-1-1022",
            "label": "test",
            "content_type": "application/json",
            "value": "foo",
            "tags": {
              "bar": "baz",
              "car": "caz"
            },
            "locked": false,
            "last_modified": "2021-11-10T04:37:06\u002B00:00"
          },
          {
            "etag": "IDBrRKOEeGGdkU6TfBLrIyWwjRf",
            "key": "key-1-1040",
            "label": null,
            "content_type": null,
            "value": "value2",
            "tags": {},
            "locked": false,
            "last_modified": "2021-12-15T12:02:22\u002B00:00"
          },
          {
            "etag": "oCPorgxUbAIznbS6m8ElaGERMED",
            "key": "key-1-1082",
            "label": "test",
            "content_type": null,
            "value": "foo",
            "tags": {},
            "locked": false,
            "last_modified": "2021-12-07T20:55:36\u002B00:00"
          },
          {
            "etag": "euKN8cVbHkV6Fc8klU57J9Z9OT1",
            "key": "key-1-1104",
            "label": "label-s",
            "content_type": "application/vnd.microsoft.appconfig.keyvaultref\u002Bjson;charset=utf-8",
            "value": "{\u0022uri\u0022:\u0022https://vault_name.vault.azure.net/secrets/random-string-1-1316\u0022}",
            "tags": {},
            "locked": false,
            "last_modified": "2021-11-10T00:59:44\u002B00:00"
          },
          {
            "etag": "s4PeaSck4GijpEcjCnIHuV0L4NB",
            "key": "key-1-1126",
            "label": "a label",
            "content_type": "a content type",
            "value": "value that will not be retrieved",
            "tags": {},
            "locked": true,
            "last_modified": "2021-12-07T20:53:44\u002B00:00"
          },
          {
            "etag": "jBkoMkvr0N1co8plOwVAaAIRdsV",
            "key": "key-1-1131",
            "label": "label-s",
            "content_type": "application/vnd.microsoft.appconfig.keyvaultref\u002Bjson;charset=utf-8",
            "value": "{\u0022uri\u0022:\u0022https://vault_name.vault.azure.net/secrets/random-string-1-1797\u0022}",
            "tags": {},
            "locked": false,
            "last_modified": "2021-11-10T00:59:46\u002B00:00"
          },
          {
            "etag": "7CBfNv91KFKzJvzrgt6OxO8nTYY",
            "key": "key-1-1131-2",
            "label": "label-s",
            "content_type": "application/vnd.microsoft.appconfig.keyvaultref\u002Bjson;charset=utf-8",
            "value": "{\u0022uri\u0022:\u0022https://vault_name.vault.azure.net/secrets/random-string-1-1797\u0022}",
            "tags": {},
            "locked": true,
            "last_modified": "2021-11-10T00:59:46\u002B00:00"
          },
          {
            "etag": "23xegbLAHUA6WQApx0R6jFxnKDN",
            "key": "key-1-1140",
            "label": "MyLabel",
            "content_type": null,
            "value": "MyValue",
            "tags": {},
            "locked": false,
            "last_modified": "2021-12-07T20:53:41\u002B00:00"
          },
          {
            "etag": "nrE4ls05bqffMxfDQoaE4iUOnXx",
            "key": "key-1-1146",
            "label": "test",
            "content_type": "application/json",
            "value": "foo",
            "tags": {
              "bar": "baz",
              "car": "caz"
            },
            "locked": false,
            "last_modified": "2021-11-10T00:41:47\u002B00:00"
          },
          {
            "etag": "w6S7v1qJTqj3aDsqQQjEaycKe8z",
            "key": "key-1-1153",
            "label": null,
            "content_type": null,
            "value": "value2",
            "tags": {},
            "locked": false,
            "last_modified": "2021-11-10T00:57:50\u002B00:00"
          },
          {
            "etag": "E0VsS1Kjr1rKtbFAJkIMyHIbkzJ",
            "key": "key-1-1176",
            "label": null,
            "content_type": null,
            "value": "MyValue",
            "tags": {},
            "locked": false,
            "last_modified": "2021-12-15T12:02:19\u002B00:00"
          },
          {
            "etag": "ZiHDeL3hhKxP2Mp7JehXs4LcaTX",
            "key": "key-1-1203",
            "label": null,
            "content_type": null,
            "value": "MyValue",
            "tags": {},
            "locked": false,
            "last_modified": "2021-11-10T00:51:10\u002B00:00"
          },
          {
            "etag": "XQQD3X66ZQGRytQY5VRv6UbVLeT",
            "key": "key-1-1214",
            "label": "a label",
            "content_type": "a content type",
            "value": "value that will not be retrieved",
            "tags": {},
            "locked": true,
            "last_modified": "2021-11-10T00:41:49\u002B00:00"
          },
          {
            "etag": "JoMa66qCqFaCv4RdfSdxuou8C69",
            "key": "key-1-1219",
            "label": "a label",
            "content_type": "a content type",
            "value": "value that will not be retrieved",
            "tags": {},
            "locked": true,
            "last_modified": "2021-11-10T00:57:51\u002B00:00"
          },
          {
            "etag": "KsFZ98ZHs9SuxbI21bnmmGyoAYy",
            "key": "key-1-1221",
            "label": "test",
            "content_type": "application/json",
            "value": "foo",
            "tags": {
              "bar": "baz",
              "car": "caz"
            },
            "locked": false,
            "last_modified": "2021-12-07T20:53:42\u002B00:00"
          },
          {
            "etag": "S8uy0lHr06qwzA8an2AJl0JETr8",
            "key": "key-1-1226",
            "label": null,
            "content_type": null,
            "value": "value2",
            "tags": {},
            "locked": false,
            "last_modified": "2021-11-10T01:11:05\u002B00:00"
          },
          {
            "etag": "hyotJ08VhPeduBZIK1t7JcZkBCX",
            "key": "key-1-1258",
            "label": "MyLabel",
            "content_type": null,
            "value": "MyValue",
            "tags": {},
            "locked": false,
            "last_modified": "2021-11-10T00:57:47\u002B00:00"
          },
          {
            "etag": "SnR6G0U2q3U1sNI8w8Kkrqr6fx0",
            "key": "key-1-1265",
            "label": null,
            "content_type": null,
            "value": "MyValue",
            "tags": {},
            "locked": false,
            "last_modified": "2021-11-10T00:41:42\u002B00:00"
          },
          {
            "etag": "SrebIWnZUX5hr3VFXLGzzs5xnpG",
            "key": "key-1-1328",
            "label": "label-s",
            "content_type": "application/vnd.microsoft.appconfig.keyvaultref\u002Bjson;charset=utf-8",
            "value": "{\u0022uri\u0022:\u0022https://vault_name.vault.azure.net/secrets/random-string-1-1838\u0022}",
            "tags": {},
            "locked": false,
            "last_modified": "2021-11-10T01:13:03\u002B00:00"
          },
          {
            "etag": "9aQrEyTUbUszhrJ9PaGd9bM94pv",
            "key": "key-1-1338",
            "label": null,
            "content_type": null,
            "value": "MyValue",
            "tags": {},
            "locked": false,
            "last_modified": "2021-11-10T01:10:58\u002B00:00"
          },
          {
            "etag": "lshalchwf0mrouFSVy4gcMFF7tj",
            "key": "key-1-1345",
            "label": "MyLabel",
            "content_type": null,
            "value": "MyValue",
            "tags": {},
            "locked": false,
            "last_modified": "2021-11-10T00:41:46\u002B00:00"
          },
          {
            "etag": "6IdI7f4rlO9L0jZ0aPDGr5zAkZy",
            "key": "key-1-1370",
            "label": "label-s",
            "content_type": "application/vnd.microsoft.appconfig.keyvaultref\u002Bjson;charset=utf-8",
            "value": "{\u0022uri\u0022:\u0022https://vault_name.vault.azure.net/secrets/random-string-1-1928\u0022}",
            "tags": {},
            "locked": false,
            "last_modified": "2021-11-10T00:43:41\u002B00:00"
          },
          {
            "etag": "bXQG3pB1d7irbR4ibsCDZsr2Ftb",
            "key": "key-1-1401",
            "label": "test",
            "content_type": "application/json",
            "value": "foo",
            "tags": {
              "bar": "baz",
              "car": "caz"
            },
            "locked": false,
            "last_modified": "2021-11-10T00:51:15\u002B00:00"
          },
          {
            "etag": "4PVCwKk6XVrccI1Q5WvdHBHyo04",
            "key": "key-1-1429",
            "label": "label-s",
            "content_type": "application/vnd.microsoft.appconfig.keyvaultref\u002Bjson;charset=utf-8",
            "value": "{\u0022uri\u0022:\u0022https://vault_name.vault.azure.net/secrets/random-string-1-1740\u0022}",
            "tags": {},
            "locked": false,
            "last_modified": "2021-11-10T00:53:09\u002B00:00"
          },
          {
            "etag": "QxyF4msQ6MEcwRIu8or3uB56Q6a",
            "key": "key-1-1468",
            "label": "test",
            "content_type": "application/json",
            "value": "foo",
            "tags": {
              "bar": "baz",
              "car": "caz"
            },
            "locked": false,
            "last_modified": "2021-11-10T01:11:03\u002B00:00"
          },
          {
            "etag": "lW8W8hfO7Fi9UppwvzeM0BYQRv8",
            "key": "key-1-1477",
            "label": "MyLabel",
            "content_type": null,
            "value": "MyValue",
            "tags": {},
            "locked": false,
            "last_modified": "2021-11-10T01:11:02\u002B00:00"
          },
          {
            "etag": "RhpmCwX9LFMAfoU2dzvCRApUWbc",
            "key": "key-1-1501",
            "label": "label-s",
            "content_type": "application/vnd.microsoft.appconfig.keyvaultref\u002Bjson;charset=utf-8",
            "value": "{\u0022uri\u0022:\u0022https://vault_name.vault.azure.net/secrets/random-string-1-1798\u0022}",
            "tags": {},
            "locked": false,
            "last_modified": "2021-11-10T04:38:20\u002B00:00"
          },
          {
            "etag": "utwyU0rr0jCcTE33QFIKjrBDKvG",
            "key": "key-1-1503",
            "label": "test",
            "content_type": null,
            "value": "foo",
            "tags": {},
            "locked": false,
            "last_modified": "2021-11-10T00:53:08\u002B00:00"
          },
          {
            "etag": "OzgGe5xRSGszLXumcNYmwvG3atj",
            "key": "key-1-1515",
            "label": null,
            "content_type": null,
            "value": "value2",
            "tags": {},
            "locked": false,
            "last_modified": "2021-11-10T00:51:17\u002B00:00"
          },
          {
            "etag": "37lEXsvTQWYYmp4twLXwxMbnmQQ",
            "key": "key-1-1537",
            "label": "label-s",
            "content_type": "application/vnd.microsoft.appconfig.keyvaultref\u002Bjson;charset=utf-8",
            "value": "{\u0022uri\u0022:\u0022https://vault_name.vault.azure.net/secrets/random-string-1-1211\u0022}",
            "tags": {},
            "locked": false,
            "last_modified": "2021-11-10T01:13:04\u002B00:00"
          },
          {
            "etag": "9KghrAMsavNMotzvwx9wUGtZDpp",
            "key": "key-1-1554",
            "label": "label-s",
            "content_type": "application/vnd.microsoft.appconfig.keyvaultref\u002Bjson;charset=utf-8",
            "value": "{\u0022uri\u0022:\u0022https://vault_name.vault.azure.net/secrets/random-string-1-1836\u0022}",
            "tags": {},
            "locked": false,
            "last_modified": "2021-11-10T00:43:43\u002B00:00"
          },
          {
            "etag": "knCbfCBMmx2jVCf76SpkPskweaR",
            "key": "key-1-1554-2",
            "label": "label-s",
            "content_type": "application/vnd.microsoft.appconfig.keyvaultref\u002Bjson;charset=utf-8",
            "value": "{\u0022uri\u0022:\u0022https://vault_name.vault.azure.net/secrets/random-string-1-1836\u0022}",
            "tags": {},
            "locked": true,
            "last_modified": "2021-11-10T00:43:43\u002B00:00"
          },
          {
            "etag": "X1fPkG063p7vaAXpBvSbF2LNwYA",
            "key": "key-1-1564",
            "label": "label-s",
            "content_type": "application/vnd.microsoft.appconfig.keyvaultref\u002Bjson;charset=utf-8",
            "value": "{\u0022uri\u0022:\u0022https://vault_name.vault.azure.net/secrets/random-string-1-1570\u0022}",
            "tags": {},
            "locked": false,
            "last_modified": "2021-11-10T04:38:19\u002B00:00"
          },
          {
            "etag": "ZPZFlgSvDWXv4FcCWQ9i3uLtPvR",
            "key": "key-1-1573",
            "label": "test",
            "content_type": null,
            "value": "foo",
            "tags": {},
            "locked": false,
            "last_modified": "2021-11-10T01:13:02\u002B00:00"
          },
          {
            "etag": "htjF7SfievQyQ92FFmxRKVKkCOH",
            "key": "key-1-1575",
            "label": "test",
            "content_type": null,
            "value": "foo",
            "tags": {},
            "locked": false,
            "last_modified": "2021-11-10T04:38:19\u002B00:00"
          },
          {
            "etag": "euREsEbFctrY5UnXZ4fk668NhRU",
            "key": "key-1-1578",
            "label": "test",
            "content_type": null,
            "value": "foo",
            "tags": {},
            "locked": false,
            "last_modified": "2021-12-15T12:02:20\u002B00:00"
          },
          {
            "etag": "P078JWCA59rmWWOLYjwILFx9bBh",
            "key": "key-1-1604",
            "label": "label-s",
            "content_type": "application/vnd.microsoft.appconfig.keyvaultref\u002Bjson;charset=utf-8",
            "value": "{\u0022uri\u0022:\u0022https://vault_name.vault.azure.net/secrets/random-string-1-1676\u0022}",
            "tags": {},
            "locked": false,
            "last_modified": "2021-11-10T00:53:11\u002B00:00"
          },
          {
            "etag": "61icrMwaEMqkIC9NSqpyZCnq4Wx",
            "key": "key-1-1604-2",
            "label": "label-s",
            "content_type": "application/vnd.microsoft.appconfig.keyvaultref\u002Bjson;charset=utf-8",
            "value": "{\u0022uri\u0022:\u0022https://vault_name.vault.azure.net/secrets/random-string-1-1676\u0022}",
            "tags": {},
            "locked": true,
            "last_modified": "2021-11-10T00:53:11\u002B00:00"
          },
          {
            "etag": "RHb1cqriL801p9bWxYtgnp1Es9O",
            "key": "key-1-1608",
            "label": "test",
            "content_type": "application/json",
            "value": "foo",
            "tags": {
              "bar": "baz",
              "car": "caz"
            },
            "locked": false,
            "last_modified": "2021-11-10T00:57:49\u002B00:00"
          },
          {
            "etag": "SEFIR0rr4JQdLk7ar2hu7hy2DTG",
            "key": "key-1-1615",
            "label": null,
            "content_type": null,
            "value": "value2",
            "tags": {},
            "locked": false,
            "last_modified": "2021-11-10T00:41:49\u002B00:00"
          },
          {
            "etag": "icGNqL27htr3odTuRr61gaTPKuU",
            "key": "key-1-1629",
            "label": "0",
            "content_type": null,
            "value": "the value for 0",
            "tags": {},
            "locked": false,
            "last_modified": "2021-12-10T00:12:13\u002B00:00"
          },
          {
            "etag": "Y4DfnqbARnZjJU4BY8JyvAZUF0o",
            "key": "key-1-1629",
            "label": "1",
            "content_type": null,
            "value": "the value for 1",
            "tags": {},
            "locked": false,
            "last_modified": "2021-12-10T00:12:13\u002B00:00"
          },
          {
            "etag": "HJWrSRd4B3VSrdeM34f4NNvMJUR",
            "key": "key-1-1629",
            "label": "10",
            "content_type": null,
            "value": "the value for 10",
            "tags": {},
            "locked": false,
            "last_modified": "2021-12-10T00:12:13\u002B00:00"
          },
          {
            "etag": "Drz6Fql3rr2PBrU50G9FwdJiMxF",
            "key": "key-1-1629",
            "label": "100",
            "content_type": null,
            "value": "the value for 100",
            "tags": {},
            "locked": false,
            "last_modified": "2021-12-10T00:12:16\u002B00:00"
          },
          {
            "etag": "idyYUMykavCi9qzAVVYDv4syYrj",
            "key": "key-1-1629",
            "label": "101",
            "content_type": null,
            "value": "the value for 101",
            "tags": {},
            "locked": false,
            "last_modified": "2021-12-10T00:12:16\u002B00:00"
          },
          {
            "etag": "V3DRxbocHicWUv5te9YH58H384K",
            "key": "key-1-1629",
            "label": "102",
            "content_type": null,
            "value": "the value for 102",
            "tags": {},
            "locked": false,
            "last_modified": "2021-12-10T00:12:16\u002B00:00"
          },
          {
            "etag": "6bjMdMlbYBURMI0RpIZejkf9C0J",
            "key": "key-1-1629",
            "label": "103",
            "content_type": null,
            "value": "the value for 103",
            "tags": {},
            "locked": false,
            "last_modified": "2021-12-10T00:12:16\u002B00:00"
          },
          {
            "etag": "8CORUTntfBQKnBleV7RkDSKMOg4",
            "key": "key-1-1629",
            "label": "104",
            "content_type": null,
            "value": "the value for 104",
            "tags": {},
            "locked": false,
            "last_modified": "2021-12-10T00:12:16\u002B00:00"
          },
          {
            "etag": "MJrntHxg9iagRwxAVb0K21zig64",
            "key": "key-1-1629",
            "label": "105",
            "content_type": null,
            "value": "the value for 105",
            "tags": {},
            "locked": false,
            "last_modified": "2021-12-10T00:12:18\u002B00:00"
          },
          {
            "etag": "aLJMOLlYmFkwx3KeE5zQu2rt8yv",
            "key": "key-1-1629",
            "label": "106",
            "content_type": null,
            "value": "the value for 106",
            "tags": {},
            "locked": false,
            "last_modified": "2021-12-10T00:12:16\u002B00:00"
          },
          {
            "etag": "glMINYV8mBlzQCx4KOCz62ENOkV",
            "key": "key-1-1629",
            "label": "107",
            "content_type": null,
            "value": "the value for 107",
            "tags": {},
            "locked": false,
            "last_modified": "2021-12-10T00:12:16\u002B00:00"
          },
          {
            "etag": "d6dIy9MIOPdRAIdf3REtLKAhMJt",
            "key": "key-1-1629",
            "label": "108",
            "content_type": null,
            "value": "the value for 108",
            "tags": {},
            "locked": false,
            "last_modified": "2021-12-10T00:12:16\u002B00:00"
          },
          {
            "etag": "JUCwNCDw7VgFKX5B0Kdq30cYlpD",
            "key": "key-1-1629",
            "label": "109",
            "content_type": null,
            "value": "the value for 109",
            "tags": {},
            "locked": false,
            "last_modified": "2021-12-10T00:12:16\u002B00:00"
          },
          {
            "etag": "Q69gbzs3jwCBRkHqbVR37wJGU8j",
            "key": "key-1-1629",
            "label": "11",
            "content_type": null,
            "value": "the value for 11",
            "tags": {},
            "locked": false,
            "last_modified": "2021-12-10T00:12:14\u002B00:00"
          },
          {
            "etag": "xKDpnSwqnFcmg1VmplnV5o4mHyY",
            "key": "key-1-1629",
            "label": "110",
            "content_type": null,
            "value": "the value for 110",
            "tags": {},
            "locked": false,
            "last_modified": "2021-12-10T00:12:16\u002B00:00"
          },
          {
            "etag": "1FdrS3Ars0CW2AEAdJQoil96IYy",
            "key": "key-1-1629",
            "label": "111",
            "content_type": null,
            "value": "the value for 111",
            "tags": {},
            "locked": false,
            "last_modified": "2021-12-10T00:12:19\u002B00:00"
          },
          {
            "etag": "F9hMQnLI38bQYSUfSrJVroBjQCA",
            "key": "key-1-1629",
            "label": "112",
            "content_type": null,
            "value": "the value for 112",
            "tags": {},
            "locked": false,
            "last_modified": "2021-12-10T00:12:19\u002B00:00"
          },
          {
            "etag": "5J0QBWTYw5rEBXvKOZqnOobJKjI",
            "key": "key-1-1629",
            "label": "113",
            "content_type": null,
            "value": "the value for 113",
            "tags": {},
            "locked": false,
            "last_modified": "2021-12-10T00:12:19\u002B00:00"
          },
          {
            "etag": "VWiHazSIAQrYYNfT5Ay8rJsSWFG",
            "key": "key-1-1629",
            "label": "114",
            "content_type": null,
            "value": "the value for 114",
            "tags": {},
            "locked": false,
            "last_modified": "2021-12-10T00:12:19\u002B00:00"
          },
          {
            "etag": "TZFTwCHcBEpIib9gz7IvO5c6Cts",
            "key": "key-1-1629",
            "label": "115",
            "content_type": null,
            "value": "the value for 115",
            "tags": {},
            "locked": false,
            "last_modified": "2021-12-10T00:12:19\u002B00:00"
          },
          {
            "etag": "mVDuVdMCDTXbKPhDFo7W6bvH1bk",
            "key": "key-1-1629",
            "label": "116",
            "content_type": null,
            "value": "the value for 116",
            "tags": {},
            "locked": false,
            "last_modified": "2021-12-10T00:12:19\u002B00:00"
          },
          {
            "etag": "G3CrEPUBrTAZfSTAL0JON1N7XHk",
            "key": "key-1-1629",
            "label": "117",
            "content_type": null,
            "value": "the value for 117",
            "tags": {},
            "locked": false,
            "last_modified": "2021-12-10T00:12:19\u002B00:00"
          },
          {
            "etag": "ivNgdkCzxcqsyexvZjTdU40ycCo",
            "key": "key-1-1629",
            "label": "118",
            "content_type": null,
            "value": "the value for 118",
            "tags": {},
            "locked": false,
            "last_modified": "2021-12-10T00:12:19\u002B00:00"
          },
          {
            "etag": "QMfdTTCYgQn9Ly2E3hSdUPnyXNV",
            "key": "key-1-1629",
            "label": "119",
            "content_type": null,
            "value": "the value for 119",
            "tags": {},
            "locked": false,
            "last_modified": "2021-12-10T00:12:19\u002B00:00"
          },
          {
            "etag": "ey08DyMP7reRVtWLkTne7FWPMiw",
            "key": "key-1-1629",
            "label": "12",
            "content_type": null,
            "value": "the value for 12",
            "tags": {},
            "locked": false,
            "last_modified": "2021-12-10T00:12:14\u002B00:00"
          },
          {
            "etag": "NGnQzT7SFIpYACKIhsEoADl7sDd",
            "key": "key-1-1629",
            "label": "120",
            "content_type": null,
            "value": "the value for 120",
            "tags": {},
            "locked": false,
            "last_modified": "2021-12-10T00:12:19\u002B00:00"
          },
          {
            "etag": "w5OKztus6bqH4Mi5BYbL81yo4Wh",
            "key": "key-1-1629",
            "label": "121",
            "content_type": null,
            "value": "the value for 121",
            "tags": {},
            "locked": false,
            "last_modified": "2021-12-10T00:12:19\u002B00:00"
          },
          {
            "etag": "GbndLcavb72wx2oWDsP6EvnxvVQ",
            "key": "key-1-1629",
            "label": "122",
            "content_type": null,
            "value": "the value for 122",
            "tags": {},
            "locked": false,
            "last_modified": "2021-12-10T00:12:19\u002B00:00"
          },
          {
            "etag": "rIXZ7YarGS3ZelGN44eZkk6H1fX",
            "key": "key-1-1629",
            "label": "123",
            "content_type": null,
            "value": "the value for 123",
            "tags": {},
            "locked": false,
            "last_modified": "2021-12-10T00:12:19\u002B00:00"
          },
          {
            "etag": "v37wbVkC1cAxgUJKYSYN2aNYzhW",
            "key": "key-1-1629",
            "label": "124",
            "content_type": null,
            "value": "the value for 124",
            "tags": {},
            "locked": false,
            "last_modified": "2021-12-10T00:12:19\u002B00:00"
          },
          {
            "etag": "aYJ0xF0Nl1TzDn9ztpn2KhffGo6",
            "key": "key-1-1629",
            "label": "125",
            "content_type": null,
            "value": "the value for 125",
            "tags": {},
            "locked": false,
            "last_modified": "2021-12-10T00:12:19\u002B00:00"
          },
          {
            "etag": "g3G99oNMrQVSXvbr4nbRWocKFt9",
            "key": "key-1-1629",
            "label": "126",
            "content_type": null,
            "value": "the value for 126",
            "tags": {},
            "locked": false,
            "last_modified": "2021-12-10T00:12:19\u002B00:00"
          },
          {
            "etag": "J0usD3FPQNG1EZ6Hg78NPjDRF3O",
            "key": "key-1-1629",
            "label": "127",
            "content_type": null,
            "value": "the value for 127",
            "tags": {},
            "locked": false,
            "last_modified": "2021-12-10T00:12:19\u002B00:00"
          },
          {
            "etag": "bMT2bMFAF5dzBE089xEkKgxXG3L",
            "key": "key-1-1629",
            "label": "128",
            "content_type": null,
            "value": "the value for 128",
            "tags": {},
            "locked": false,
            "last_modified": "2021-12-10T00:12:19\u002B00:00"
          },
          {
            "etag": "OO7lj1sE0lu9VDLS9wlguEswah9",
            "key": "key-1-1629",
            "label": "129",
            "content_type": null,
            "value": "the value for 129",
            "tags": {},
            "locked": false,
            "last_modified": "2021-12-10T00:12:19\u002B00:00"
          },
          {
            "etag": "DbrikpbN2fBPzv8G7YHtvLE0LCm",
            "key": "key-1-1629",
            "label": "13",
            "content_type": null,
            "value": "the value for 13",
            "tags": {},
            "locked": false,
            "last_modified": "2021-12-10T00:12:14\u002B00:00"
          },
          {
            "etag": "SkfEXCiInpV3ukILYkQ2NwWSdaA",
            "key": "key-1-1629",
            "label": "130",
            "content_type": null,
            "value": "the value for 130",
            "tags": {},
            "locked": false,
            "last_modified": "2021-12-10T00:12:19\u002B00:00"
          },
          {
            "etag": "VsXTfEAMegvXieFfT3zxxRPVGV2",
            "key": "key-1-1629",
            "label": "131",
            "content_type": null,
            "value": "the value for 131",
            "tags": {},
            "locked": false,
            "last_modified": "2021-12-10T00:12:19\u002B00:00"
          },
          {
            "etag": "Dm560pLw6jYTTcojIN6n67mRLUh",
            "key": "key-1-1629",
            "label": "132",
            "content_type": null,
            "value": "the value for 132",
            "tags": {},
            "locked": false,
            "last_modified": "2021-12-10T00:12:19\u002B00:00"
          },
          {
            "etag": "vG9QOjMNoJ0qP8hhBhyMx6CnX8y",
            "key": "key-1-1629",
            "label": "133",
            "content_type": null,
            "value": "the value for 133",
            "tags": {},
            "locked": false,
            "last_modified": "2021-12-10T00:12:19\u002B00:00"
          },
          {
            "etag": "ERRV7KmoWuDSNCnlDTsyHkvjlA7",
            "key": "key-1-1629",
            "label": "134",
            "content_type": null,
            "value": "the value for 134",
            "tags": {},
            "locked": false,
            "last_modified": "2021-12-10T00:12:19\u002B00:00"
          },
          {
            "etag": "kRdeOzsWS4pWzSO8Vq5N2Y6ZOYx",
            "key": "key-1-1629",
            "label": "135",
            "content_type": null,
            "value": "the value for 135",
            "tags": {},
            "locked": false,
            "last_modified": "2021-12-10T00:12:19\u002B00:00"
          },
          {
            "etag": "19qfRHH2qBhL0fahJxBrhuRIRqn",
            "key": "key-1-1629",
            "label": "136",
            "content_type": null,
            "value": "the value for 136",
            "tags": {},
            "locked": false,
            "last_modified": "2021-12-10T00:12:19\u002B00:00"
          },
          {
            "etag": "XxJmKkEheCOppHwXkSkfEN4vm2D",
            "key": "key-1-1629",
            "label": "137",
            "content_type": null,
            "value": "the value for 137",
            "tags": {},
            "locked": false,
            "last_modified": "2021-12-10T00:12:19\u002B00:00"
          },
          {
            "etag": "bvUprw9pOYu40Flt8ivaZi0ML1D",
            "key": "key-1-1629",
            "label": "138",
            "content_type": null,
            "value": "the value for 138",
            "tags": {},
            "locked": false,
            "last_modified": "2021-12-10T00:12:19\u002B00:00"
          },
          {
            "etag": "U052o1YFaM8jZDcvpAmI00EJo5k",
            "key": "key-1-1629",
            "label": "139",
            "content_type": null,
            "value": "the value for 139",
            "tags": {},
            "locked": false,
            "last_modified": "2021-12-10T00:12:19\u002B00:00"
          },
          {
            "etag": "zsdgjZFmWKigJ1MVQunKvKtw6ww",
            "key": "key-1-1629",
            "label": "14",
            "content_type": null,
            "value": "the value for 14",
            "tags": {},
            "locked": false,
            "last_modified": "2021-12-10T00:12:14\u002B00:00"
          },
          {
            "etag": "45VImTeKEnqidEnLJV7xiHSoa91",
            "key": "key-1-1629",
            "label": "140",
            "content_type": null,
            "value": "the value for 140",
            "tags": {},
            "locked": false,
            "last_modified": "2021-12-10T00:12:19\u002B00:00"
          },
          {
            "etag": "wFpNhbldVIZRu6R8YjahQfy79sZ",
            "key": "key-1-1629",
            "label": "141",
            "content_type": null,
            "value": "the value for 141",
            "tags": {},
            "locked": false,
            "last_modified": "2021-12-10T00:12:19\u002B00:00"
          },
          {
            "etag": "smiTglaVATHRQqwYe6WKAtLXQbK",
            "key": "key-1-1629",
            "label": "142",
            "content_type": null,
            "value": "the value for 142",
            "tags": {},
            "locked": false,
            "last_modified": "2021-12-10T00:12:19\u002B00:00"
          },
          {
            "etag": "1HsgmmOvn5tdCM4lQKrTONhE5la",
            "key": "key-1-1629",
            "label": "143",
            "content_type": null,
            "value": "the value for 143",
            "tags": {},
            "locked": false,
            "last_modified": "2021-12-10T00:12:19\u002B00:00"
          }
        ],
        "@nextLink": "/kv?api-version=1.0\u0026after=a2V5LTEtMTYyOQoxNDM%3D"
      }
    }
  ],
  "Variables": {
    "key-1": "key-1-1088",
    "listConfigSetting0A": "listConfigSetting0A-1590",
    "listConfigSetting0B": "listConfigSetting0B-1695",
    "listConfigSettingsLabel": "listConfigSettingsLabel-1601"
  }
}
