{
  "Entries": [
    {
      "RequestUri": "https://thisurl-logsingestion-somethinglocation123abcrd.monitor.azure.com/dataCollectionRules/immutable-id-123/streams/Custom-MyTableRawData?api-version=2021-11-01-preview",
      "RequestMethod": "POST",
      "RequestHeaders": {
        "Accept": "application/json",
        "Accept-Encoding": "gzip,deflate",
        "Authorization": "Sanitized",
        "Connection": "keep-alive",
        "Content-Encoding": "gzip",
        "Content-Length": "5582",
        "Content-Type": "application/json",
        "User-Agent": "azsdk-js-monitor-ingestion/1.0.0-beta.1 core-rest-pipeline/1.9.1 Node/v16.14.2 OS/(x64-Linux-5.4.0-1074-azure)",
        "x-ms-client-request-id": "99cd32f2-c842-4d84-93e5-20aea9230420"
      },
      "RequestBody": [
        "\u001F\uFFFD\b\u0000\u0000\u0000\u0000\u0000\u0000\u0003\uFFFD\u0331\n",
        "\uFFFDP\u0000\uFFFD\uFFFDW\uFFFD;k\\nb\uFFFD\u0016\uFFFD\uFFFDS\uFFFD )!\uFFFD\u000E9\u0004\u047B\uFFFD\u0010=A\u3DDE\uFFFD\uD835\uDFA1\u001DoChB\uFFFD)\u0015\uFFFD*\u04B6\uFFFDe\u0013\uB9AC6\uFFFD\uFFFD\u003E\uFFFD\u003C\uFFFD\uFFFD~\\\uFFFDe\uFFFD\uFFFD2\uFFFD\uFFFDc\uFFFD\u073B\u07D6M\uFFFD\uFFFD\uFFFD]\uFFFD\uFFFD\u0013\uFFFDD\u0022\uFFFDH$\u0012\uFFFDD\u0022\uFFFDH$\u0012\uFFFDD\u0022\uFFFDH$\u0012\uFFFDD\u0022\uFFFDH$\u0012\uFFFDD\u0022\uFFFDH$\u0012\uFFFDD\u0022\uFFFDH$\u0012\uFFFDD\u0022\uFFFDH$\u0012\uFFFDD\u0022\uFFFDH$\u0012\uFFFDD\u0022\uFFFDH$\u0012\uFFFDD\u0022\uFFFDH$\u0012\uFFFDD\u0022\uFFFDH$\u0012\uFFFDD\u0022\uFFFDH$\u0012\uFFFDD\u0022\uFFFDH$\u0012\uFFFDD\u0022\uFFFDH$\u0012\uFFFDD\u0022\uFFFDH$\u0012\uFFFDD\u0022\uFFFDH$\u0012\uFFFDD\u0022\uFFFDH$\u0012\uFFFDD\u0022\uFFFDH$\u0012\uFFFDD\u0022\uFFFDH$\u0012\uFFFDD\u0022\uFFFDH$\u0012\uFFFDD\u0022\uFFFDH$\u0012\uFFFDD\u0022\uFFFDH$\u0012\uFFFDD\u0022\uFFFDH$\u0012\uFFFDD\u0022\uFFFDH$\u0012\uFFFDD\u0022\uFFFDH$\u0012\uFFFDD\u0022\uFFFDH$\u0012\uFFFDD\u0022\uFFFDH$\u0012\uFFFDD\u0022\uFFFDH$\u0012\uFFFDD\u0022\uFFFDH$\u0012\uFFFDD\u0022\uFFFDH$\u0012\uFFFDD\u0022\uFFFDH$\u0012\uFFFDD\u0022\uFFFDH$\u0012\uFFFDD\u0022\uFFFDH$\u0012\uFFFDD\u0022\uFFFDH$\u0012\uFFFDD\u0022\uFFFDH$\u0012\uFFFDD\u0022\uFFFDH$\u0012\uFFFDD\u0022\uFFFDH$\u0012\uFFFDD\u0022\uFFFDH$\u0012\uFFFDD\u0022\uFFFDH$\u0012\uFFFDD\u0022\uFFFDH$\u0012\uFFFDD\u0022\uFFFDH$\u0012\uFFFDD\u0022\uFFFDH$\u0012\uFFFDD\u0022\uFFFDH$\u0012\uFFFDD\u0022\uFFFDH$\u0012\uFFFDD\u0022\uFFFDH$\u0012\uFFFDD\u0022\uFFFDH$\u0012\uFFFDD\u0022\uFFFDH$\u0012\uFFFDD\u0022\uFFFDH$\u0012\uFFFDD\u0022\uFFFDH$\u0012\uFFFDD\u0022\uFFFDH$\u0012\uFFFDD\u0022\uFFFDH$\u0012\uFFFDD\u0022\uFFFDH$\u0012\uFFFDD\u0022\uFFFDH$\u0012\uFFFDD\u0022\uFFFDH$\u0012\uFFFDD\u0022\uFFFDH$\u0012\uFFFDD\u0022\uFFFDH$\u0012\uFFFDD\u0022\uFFFDH$\u0012\uFFFDD\u0022\uFFFDH$\u0012\uFFFDD\u0022\uFFFDH$\u0012\uFFFDD\u0022\uFFFDH$\u0012\uFFFDD\u0022\uFFFDH$\u0012\uFFFDD\u0022\uFFFDH$\u0012\uFFFDD\u0022\uFFFDH$\u0012\uFFFDD\u0022\uFFFDH$\u0012\uFFFDD\u0022\uFFFDH$\u0012\uFFFDD\u0022\uFFFDH$\u0012\uFFFDD\u0022\uFFFDH$\u0012\uFFFDD\u0022\uFFFDH$\u0012\uFFFDD\u0022\uFFFDH$\u0012\uFFFDD\u0022\uFFFDH$\u0012\uFFFDD\u0022\uFFFDH$\u0012\uFFFDD\u0022\uFFFDH$\u0012\uFFFDD\u0022\uFFFDH$\u0012\uFFFDD\u0022\uFFFDH$\u0012\uFFFDD\u0022\uFFFDH$\u0012\uFFFDD\u0022\uFFFDH$\u0012\uFFFDD\u0022\uFFFDH$\u0012\uFFFDD\u0022\uFFFDH$\u0012\uFFFDD\u0022\uFFFDH$\u0012\uFFFDD\u0022\uFFFDH$\u0012\uFFFDD\u0022\uFFFDH$\u0012\uFFFDD\u0022\uFFFDH$\u0012\uFFFDD\u0022\uFFFDH$\u0012\uFFFDD\u0022\uFFFDH$\u0012\uFFFDD\u0022\uFFFDH$\u0012\uFFFDD\u0022\uFFFDH$\u0012\uFFFDD\u0022\uFFFDH$\u0012\uFFFDD\u0022\uFFFDH$\u0012\uFFFDD\u0022\uFFFDH$\u0012\uFFFDD\u0022\uFFFDH$\u0012\uFFFDD\u0022\uFFFDH$\u0012\uFFFDD\u0022\uFFFDH$\u0012\uFFFDD\u0022\uFFFDH$\u0012\uFFFDD\u0022\uFFFDH$\u0012\uFFFDD\u0022\uFFFDH$\u0012\uFFFDD\u0022\uFFFDH$\u0012\uFFFDD\u0022\uFFFDH$\u0012\uFFFDD\u0022\uFFFDH$\u0012\uFFFDD\u0022\uFFFDH$\u0012\uFFFDD\u0022\uFFFDH$\u0012\uFFFDD\u0022\uFFFDH$\u0012\uFFFDD\u0022\uFFFDH$\u0012\uFFFDD\u0022\uFFFDH$\u0012\uFFFDD\u0022\uFFFDH$\u0012\uFFFDD\u0022\uFFFDH$\u0012\uFFFDD\u0022\uFFFDH$\u0012\uFFFDD\u0022\uFFFDH$\u0012\uFFFDD\u0022\uFFFDH$\u0012\uFFFDD\u0022\uFFFDH$\u0012\uFFFDD\u0022\uFFFDH$\u0012\uFFFDD\u0022\uFFFDH$\u0012\uFFFDD\u0022\uFFFDH$\u0012\uFFFDD\u0022\uFFFDH$\u0012\uFFFDD\u0022\uFFFDH$\u0012\uFFFDD\u0022\uFFFDH$\u0012\uFFFDD\u0022\uFFFDH$\u0012\uFFFDD\u0022\uFFFDH$\u0012\uFFFDD\u0022\uFFFDH$\u0012\uFFFDD\u0022\uFFFDH$\u0012\uFFFDD\u0022\uFFFDH$\u0012\uFFFDD\u0022\uFFFDH$\u0012\uFFFDD\u0022\uFFFDH$\u0012\uFFFDD\u0022\uFFFDH$\u0012\uFFFDD\u0022\uFFFDH$\u0012\uFFFDD\u0022\uFFFDH$\u0012\uFFFDD\u0022\uFFFDH$\u0012\uFFFDD\u0022\uFFFDH$\u0012\uFFFDD\u0022\uFFFDH$\u0012\uFFFDD\u0022\uFFFDH$\u0012\uFFFDD\u0022\uFFFDH$\u0012\uFFFDD\u0022\uFFFDH$\u0012\uFFFDD\u0022\uFFFDH$\u0012\uFFFDD\u0022\uFFFDH$\u0012\uFFFDD\u0022\uFFFDH$\u0012\uFFFDD\u0022\uFFFDH$\u0012\uFFFDD\u0022\uFFFDH$\u0012\uFFFDD\u0022\uFFFDH$\u0012\uFFFDD\u0022\uFFFDH$\u0012\uFFFDD\u0022\uFFFDH$\u0012\uFFFDD\u0022\uFFFDH$\u0012\uFFFDD\u0022\uFFFDH$\u0012\uFFFDD\u0022\uFFFDH$\u0012\uFFFDD\u0022\uFFFDH$\u0012\uFFFDD\u0022\uFFFDH$\u0012\uFFFDD\u0022\uFFFDH$\u0012\uFFFDD\u0022\uFFFDH$\u0012\uFFFDD\u0022\uFFFDH$\u0012\uFFFDD\u0022\uFFFDH$\u0012\uFFFDD\u0022\uFFFDH$\u0012\uFFFDD\u0022\uFFFDH$\u0012\uFFFDD\u0022\uFFFDH$\u0012\uFFFDD\u0022\uFFFDH$\u0012\uFFFDD\u0022\uFFFDH$\u0012\uFFFDD\u0022\uFFFDH$\u0012\uFFFDD\u0022\uFFFDH$\u0012\uFFFDD\u0022\uFFFDH$\u0012\uFFFDD\u0022\uFFFDH$\u0012\uFFFDD\u0022\uFFFDH$\u0012\uFFFDD\u0022\uFFFDH$\u0012\uFFFDD\u0022\uFFFDH$\u0012\uFFFDD\u0022\uFFFDH$\u0012\uFFFDD\u0022\uFFFDH$\u0012\uFFFDD\u0022\uFFFDH$\u0012\uFFFDD\u0022\uFFFDH$\u0012\uFFFDD\u0022\uFFFDH$\u0012\uFFFDD\u0022\uFFFDH$\u0012\uFFFDD\u0022\uFFFDH$\u0012\uFFFDD\u0022\uFFFDH$\u0012\uFFFDD\u0022\uFFFDH$\u0012\uFFFDD\u0022\uFFFDH$\u0012\uFFFDD\u0022\uFFFDH$\u0012\uFFFDD\u0022\uFFFDH$\u0012\uFFFDD\u0022\uFFFDH$\u0012\uFFFDD\u0022\uFFFDH$\u0012\uFFFDD\u0022\uFFFDH$\u0012\uFFFDD\u0022\uFFFDH$\u0012\uFFFDD\u0022\uFFFDH$\u0012\uFFFDD\u0022\uFFFDH$\u0012\uFFFDD\u0022\uFFFDH$\u0012\uFFFDD\u0022\uFFFDH$\u0012\uFFFDD\u0022\uFFFDH$\u0012\uFFFDD\u0022\uFFFDH$\u0012\uFFFDD\u0022\uFFFDH$\u0012\uFFFDD\u0022\uFFFDH$\u0012\uFFFDD\u0022\uFFFDH$\u0012\uFFFDD\u0022\uFFFDH$\u0012\uFFFDD\u0022\uFFFDH$\u0012\uFFFDD\u0022\uFFFDH$\u0012\uFFFDD\u0022\uFFFDH$\u0012\uFFFDD\u0022\uFFFDH$\u0012\uFFFDD\u0022\uFFFDH$\u0012\uFFFDD\u0022\uFFFDH$\u0012\uFFFDD\u0022\uFFFDH$\u0012\uFFFDD\u0022\uFFFDH$\u0012\uFFFDD\u0022\uFFFDH$\u0012\uFFFDD\u0022\uFFFDH$\u0012\uFFFDD\u0022\uFFFDH$\u0012\uFFFDD\u0022\uFFFDH$\u0012\uFFFDD\u0022\uFFFDH$\u0012\uFFFDD\u0022\uFFFDH$\u0012\uFFFDD\u0022\uFFFDH$\u0012\uFFFDD\u0022\uFFFDH$\u0012\uFFFDD\u0022\uFFFDH$\u0012\uFFFDD\u0022\uFFFDH$\u0012\uFFFDD\u0022\uFFFDH$\u0012\uFFFDD\u0022\uFFFDH$\u0012\uFFFDD\u0022\uFFFDH$\u0012\uFFFDD\u0022\uFFFDH$\u0012\uFFFDD\u0022\uFFFDH$\u0012\uFFFDD\u0022\uFFFDH$\u0012\uFFFDD\u0022\uFFFDH$\u0012\uFFFDD\u0022\uFFFDH$\u0012\uFFFDD\u0022\uFFFDH$\u0012\uFFFDD\u0022\uFFFDH$\u0012\uFFFDD\u0022\uFFFDH$\u0012\uFFFDD\u0022\uFFFDH$\u0012\uFFFDD\u0022\uFFFDH$\u0012\uFFFDD\u0022\uFFFDH$\u0012\uFFFDD\u0022\uFFFDH$\u0012\uFFFDD\u0022\uFFFDH$\u0012\uFFFDD\u0022\uFFFDH$\u0012\uFFFDD\u0022\uFFFDH$\u0012\uFFFDD\u0022\uFFFDH$\u0012\uFFFDD\u0022\uFFFDH$\u0012\uFFFDD\u0022\uFFFDH$\u0012\uFFFDD\u0022\uFFFDH$\u0012\uFFFDD\u0022\uFFFDH$\u0012\uFFFDD\u0022\uFFFDH$\u0012\uFFFDD\u0022\uFFFDH$\u0012\uFFFDD\u0022\uFFFDH$\u0012\uFFFDD\u0022\uFFFDH$\u0012\uFFFDD\u0022\uFFFDH$\u0012\uFFFDD\u0022\uFFFDH$\u0012\uFFFDD\u0022\uFFFDH$\u0012\uFFFDD\u0022\uFFFDH$\u0012\uFFFDD\u0022\uFFFDH$\u0012\uFFFDD\u0022\uFFFDH$\u0012\uFFFDD\u0022\uFFFDH$\u0012\uFFFDD\u0022\uFFFDH$\u0012\uFFFDD\u0022\uFFFDH$\u0012\uFFFDD\u0022\uFFFDH$\u0012\uFFFDD\u0022\uFFFDH$\u0012\uFFFDD\u0022\uFFFDH$\u0012\uFFFDD\u0022\uFFFDH$\u0012\uFFFDD\u0022\uFFFDH$\u0012\uFFFDD\u0022\uFFFDH$\u0012\uFFFDD\u0022\uFFFDH$\u0012\uFFFDD\u0022\uFFFDH$\u0012\uFFFDD\u0022\uFFFDH$\u0012\uFFFDD\u0022\uFFFDH$\u0012\uFFFDD\u0022\uFFFDH$\u0012\uFFFDD\u0022\uFFFDH$\u0012\uFFFDD\u0022\uFFFDH$\u0012\uFFFDD\u0022\uFFFDH$\u0012\uFFFDD\u0022\uFFFDH$\u0012\uFFFDD\u0022\uFFFDH$\u0012\uFFFDD\u0022\uFFFDH$\u0012\uFFFDD\u0022\uFFFDH$\u0012\uFFFDD\u0022\uFFFDH$\u0012\uFFFDD\u0022\uFFFDH$\u0012\uFFFDD\u0022\uFFFDH$\u0012\uFFFDD\u0022\uFFFDH$\u0012\uFFFDD\u0022\uFFFDH$\u0012\uFFFDD\u0022\uFFFDH$\u0012\uFFFDD\u0022\uFFFDH$\u0012\uFFFDD\u0022\uFFFDH$\u0012\uFFFDD\u0022\uFFFDH$\u0012\uFFFDD\u0022\uFFFDH$\u0012\uFFFDD\u0022\uFFFDH$\u0012\uFFFDD\u0022\uFFFDH$\u0012\uFFFDD\u0022\uFFFDH$\u0012\uFFFDD\u0022\uFFFDH$\u0012\uFFFDD\u0022\uFFFDH$\u0012\uFFFDD\u0022\uFFFDH$\u0012\uFFFDD\u0022\uFFFDH$\u0012\uFFFDD\u0022\uFFFDH$\u0012\uFFFDD\u0022\uFFFDH$\u0012\uFFFDD\u0022\uFFFDH$\u0012\uFFFDD\u0022\uFFFDH$\u0012\uFFFDD\u0022\uFFFDH$\u0012\uFFFDD\u0022\uFFFDH$\u0012\uFFFDD\u0022\uFFFDH$\u0012\uFFFDD\u0022\uFFFDH$\u0012\uFFFDD\u0022\uFFFDH$\u0012\uFFFDD\u0022\uFFFDH$\u0012\uFFFDD\u0022\uFFFDH$\u0012\uFFFDD\u0022\uFFFDH$\u0012\uFFFDD\u0022\uFFFDH$\u0012\uFFFDD\u0022\uFFFDH$\u0012\uFFFDD\u0022\uFFFDH$\u0012\uFFFDD\u0022\uFFFDH$\u0012\uFFFDD\u0022\uFFFDH$\u0012\uFFFDD\u0022\uFFFDH$\u0012\uFFFDD\u0022\uFFFDH$\u0012\uFFFDD\u0022\uFFFDH$\u0012\uFFFDD\u0022\uFFFDH$\u0012\uFFFDD\u0022\uFFFDH$\u0012\uFFFDD\u0022\uFFFDH$\u0012\uFFFDD\u0022\uFFFDH$\u0012\uFFFDD\u0022\uFFFDH$\u0012\uFFFDD\u0022\uFFFDH$\u0012\uFFFDD\u0022\uFFFDH$\u0012\uFFFDD\u0022\uFFFDH$\u0012\uFFFDD\u0022\uFFFDH$\u0012\uFFFDD\u0022\uFFFDH$\u0012\uFFFDD\u0022\uFFFDH$\u0012\uFFFDD\u0022\uFFFDH$\u0012\uFFFDD\u0022\uFFFDH$\u0012\uFFFDD\u0022\uFFFDH$\u0012\uFFFDD\u0022\uFFFDH$\u0012\uFFFDD\u0022\uFFFDH$\u0012\uFFFDD\u0022\uFFFDH$\u0012\uFFFDD\u0022\uFFFDH$\u0012\uFFFDD\u0022\uFFFDH$\u0012\uFFFDD\u0022\uFFFDH$\u0012\uFFFDD\u0022\uFFFDH$\u0012\uFFFDD\u0022\uFFFDH$\u0012\uFFFDD\u0022\uFFFDH$\u0012\uFFFDD\u0022\uFFFDH$\u0012\uFFFDD\u0022\uFFFDH$\u0012\uFFFDD\u0022\uFFFDH$\u0012\uFFFDD\u0022\uFFFDH$\u0012\uFFFDD\u0022\uFFFDH$\u0012\uFFFDD\u0022\uFFFDH$\u0012\uFFFDD\u0022\uFFFDH$\u0012\uFFFDD\u0022\uFFFDH$\u0012\uFFFDD\u0022\uFFFDH$\u0012\uFFFDD\u0022\uFFFDH$\u0012\uFFFDD\u0022\uFFFDH$\u0012\uFFFDD\u0022\uFFFDH$\u0012\uFFFDD\u0022\uFFFDH$\u0012\uFFFDD\u0022\uFFFDH$\u0012\uFFFDD\u0022\uFFFDH$\u0012\uFFFDD\u0022\uFFFDH$\u0012\uFFFDD\u0022\uFFFDH$\u0012\uFFFDD\u0022\uFFFDH$\u0012\uFFFDD\u0022\uFFFDH$\u0012\uFFFDD\u0022\uFFFDH$\u0012\uFFFDD\u0022\uFFFDH$\u0012\uFFFDD\u0022\uFFFDH$\u0012\uFFFDD\u0022\uFFFDH$\u0012\uFFFDD\u0022\uFFFDH$\u0012\uFFFDD\u0022\uFFFDH$\u0012\uFFFDD\u0022\uFFFDH$\u0012\uFFFDD\u0022\uFFFDH$\u0012\uFFFDD\u0022\uFFFDH$\u0012\uFFFDD\u0022\uFFFDH$\u0012\uFFFDD\u0022\uFFFDH$\u0012\uFFFDD\u0022\uFFFDH$\u0012\uFFFDD\u0022\uFFFDH$\u0012\uFFFDD\u0022\uFFFDH$\u0012\uFFFDD\u0022\uFFFDH$\u0012\uFFFDD\u0022\uFFFDH$\u0012\uFFFDD\u0022\uFFFDH$\u0012\uFFFDD\u0022\uFFFDH$\u0012\uFFFDD\u0022\uFFFDH$\u0012\uFFFDD\u0022\uFFFDH$\u0012\uFFFDD\u0022\uFFFDH$\u0012\uFFFDD\u0022\uFFFDH$\u0012\uFFFDD\u0022\uFFFDH$\u0012\uFFFDD\u0022\uFFFDH$\u0012\uFFFDD\u0022\uFFFDH$\u0012\uFFFDD\u0022\uFFFDH$\u0012\uFFFDD\u0022\uFFFDH$\u0012\uFFFDD\u0022\uFFFDH$\u0012\uFFFDD\u0022\uFFFDH$\u0012\uFFFDD\u0022\uFFFDH$\u0012\uFFFDD\u0022\uFFFDH$\u0012\uFFFDD\u0022\uFFFDH$\u0012\uFFFDD\u0022\uFFFDH$\u0012\uFFFDD\u0022\uFFFDH$\u0012\uFFFDD\u0022\uFFFDH$\u0012\uFFFDD\u0022\uFFFDH$\u0012\uFFFDD\u0022\uFFFDH$\u0012\uFFFDD\u0022\uFFFDH$\u0012\uFFFDD\u0022\uFFFDH$\u0012\uFFFDD\u0022\uFFFDH$\u0012\uFFFDD\u0022\uFFFDH$\u0012\uFFFDD\u0022\uFFFDH$\u0012\uFFFDD\u0022\uFFFDH$\u0012\uFFFDD\u0022\uFFFDH$\u0012\uFFFDD\u0022\uFFFDH$\u0012\uFFFDD\u0022\uFFFDH$\u0012\uFFFDD\u0022\uFFFDH$\u0012\uFFFDD\u0022\uFFFDH$\u0012\uFFFDD\u0022\uFFFDH$\u0012\uFFFDD\u0022\uFFFDH$\u0012\uFFFDD\u0022\uFFFDH$\u0012\uFFFDD\u0022\uFFFDH$\u0012\uFFFDD\u0022\uFFFDH$\u0012\uFFFDD\u0022\uFFFDH$\u0012\uFFFDD\u0022\uFFFDH$\u0012\uFFFDD\u0022\uFFFDH$\u0012\uFFFDD\u0022\uFFFDH$\u0012\uFFFDD\u0022\uFFFDH$\u0012\uFFFDD\u0022\uFFFDH$\u0012\uFFFDD\u0022\uFFFDH$\u0012\uFFFDD\u0022\uFFFDH$\u0012\uFFFDD\u0022\uFFFDH$\u0012\uFFFDD\u0022\uFFFDH$\u0012\uFFFDD\u0022\uFFFDH$\u0012\uFFFDD\u0022\uFFFDH$\u0012\uFFFDD\u0022\uFFFDH$\u0012\uFFFDD\u0022\uFFFDH$\u0012\uFFFDD\u0022\uFFFDH$\u0012\uFFFDD\u0022\uFFFDH$\u0012\uFFFDD\u0022\uFFFDH$\u0012\uFFFDD\u0022\uFFFDH$\u0012\uFFFDD\u0022\uFFFDH$\u0012\uFFFDD\u0022\uFFFDH$\u0012\uFFFDD\u0022\uFFFDH$\u0012\uFFFDD\u0022\uFFFDH$\u0012\uFFFDD\u0022\uFFFDH$\u0012\uFFFDD\u0022\uFFFDH$\u0012\uFFFDD\u0022\uFFFDH$\u0012\uFFFDD\u0022\uFFFDH$\u0012\uFFFDD\u0022\uFFFDH$\u0012\uFFFDD\u0022\uFFFDH$\u0012\uFFFDD\u0022\uFFFDH$\u0012\uFFFDD\u0022\uFFFDH$\u0012\uFFFDD\u0022\uFFFDH$\u0012\uFFFDD\u0022\uFFFDH$\u0012\uFFFDD\u0022\uFFFDH$\u0012\uFFFDD\u0022\uFFFDH$\u0012\uFFFDD\u0022\uFFFDH$\u0012\uFFFDD\u0022\uFFFDH$\u0012\uFFFDD\u0022\uFFFDH$\u0012\uFFFDD\u0022\uFFFDH$\u0012\uFFFDD\u0022\uFFFDH$\u0012\uFFFDD\u0022\uFFFDH$\u0012\uFFFDD\u0022\uFFFDH$\u0012\uFFFDD\u0022\uFFFDH$\u0012\uFFFDD\u0022\uFFFDH$\u0012\uFFFDD\u0022\uFFFDH$\u0012\uFFFDD\u0022\uFFFDH$\u0012\uFFFDD\u0022\uFFFDH$\u0012\uFFFDD\u0022\uFFFDH$\u0012\uFFFDD\u0022\uFFFDH$\u0012\uFFFDD\u0022\uFFFDH$\u0012\uFFFDD\u0022\uFFFDH$\u0012\uFFFDD\u0022\uFFFDH$\u0012\uFFFDD\u0022\uFFFDH$\u0012\uFFFDD\u0022\uFFFDH$\u0012\uFFFDD\u0022\uFFFDH$\u0012\uFFFDD\u0022\uFFFDH$\u0012\uFFFDD\u0022\uFFFDH$\u0012\uFFFDD\u0022\uFFFDH$\u0012\uFFFDD\u0022\uFFFDH$\u0012\uFFFDD\u0022\uFFFDH$\u0012\uFFFDD\u0022\uFFFDH$\u0012\uFFFDD\u0022\uFFFDH$\u0012\uFFFDD\u0022\uFFFDH$\u0012\uFFFDD\u0022\uFFFDH$\u0012\uFFFDD\u0022\uFFFDH$\u0012\uFFFDD\u0022\uFFFDH$\u0012\uFFFDD\u0022\uFFFDH$\u0012\uFFFDD\u0022\uFFFDH$\u0012\uFFFDD\u0022\uFFFDH$\u0012\uFFFDD\u0022\uFFFDH$\u0012\uFFFDD\u0022\uFFFDH$\u0012\uFFFDD\u0022\uFFFDH$\u0012\uFFFDD\u0022\uFFFDH$\u0012\uFFFDD\u0022\uFFFDH$\u0012\uFFFDD\u0022\uFFFDH$\u0012\uFFFDD\u0022\uFFFDH$\u0012\uFFFDD\u0022\uFFFDH$\u0012\uFFFDD\u0022\uFFFDH$\u0012\uFFFDD\u0022\uFFFDH$\u0012\uFFFDD\u0022\uFFFDH$\u0012\uFFFDD\u0022\uFFFDH$\u0012\uFFFDD\u0022\uFFFDH$\u0012\uFFFDD\u0022\uFFFDH$\u0012\uFFFDD\u0022\uFFFDH$\u0012\uFFFDD\u0022\uFFFDH$\u0012\uFFFDD\u0022\uFFFDH$\u0012\uFFFDD\u0022\uFFFDH$\u0012\uFFFDD\u0022\uFFFDH$\u0012\uFFFDD\u0022\uFFFDH$\u0012\uFFFDD\u0022\uFFFDH$\u0012\uFFFDD\u0022\uFFFDH$\u0012\uFFFDD\u0022\uFFFDH$\u0012\uFFFDD\u0022\uFFFDH$\u0012\uFFFDD\u0022\uFFFDH$\u0012\uFFFDD\u0022\uFFFDH$\u0012\uFFFDD\u0022\uFFFDH$\u0012\uFFFDD\u0022\uFFFDH$\u0012\uFFFDD\u0022\uFFFDH$\u0012\uFFFDD\u0022\uFFFDH$\u0012\uFFFDD\u0022\uFFFDH$\u0012\uFFFDD\u0022\uFFFDH$\u0012\uFFFD\u013F\uFFFD\uFFFD7\uFFFD\uFFFDH\uFFFDCr\u000F\u0000"
      ],
      "StatusCode": 404,
      "ResponseHeaders": {
        "Content-Type": "application/json",
        "Date": "Mon, 18 Jul 2022 23:17:47 GMT",
        "Server": "Microsoft-HTTPAPI/2.0",
        "Transfer-Encoding": "chunked",
        "x-ms-client-request-id": "99cd32f2-c842-4d84-93e5-20aea9230420",
        "x-ms-error-code": "NotFound",
        "x-ms-request-id": "29ddc142-ada9-44ed-89ee-aa3c1bb10b5d"
      },
      "ResponseBody": {
        "error": {
          "code": "NotFound",
          "message": "Data collection rule with immutable Id \u0027immutable-id-123\u0027 not found."
        }
      }
    },
    {
      "RequestUri": "https://thisurl-logsingestion-somethinglocation123abcrd.monitor.azure.com/dataCollectionRules/immutable-id-123/streams/Custom-MyTableRawData?api-version=2021-11-01-preview",
      "RequestMethod": "POST",
      "RequestHeaders": {
        "Accept": "application/json",
        "Accept-Encoding": "gzip,deflate",
        "Authorization": "Sanitized",
        "Connection": "keep-alive",
        "Content-Encoding": "gzip",
        "Content-Length": "5582",
        "Content-Type": "application/json",
        "User-Agent": "azsdk-js-monitor-ingestion/1.0.0-beta.1 core-rest-pipeline/1.9.1 Node/v16.14.2 OS/(x64-Linux-5.4.0-1074-azure)",
        "x-ms-client-request-id": "7e3f472a-7d1f-49fa-bdf4-ade9819b4a71"
      },
      "RequestBody": [
        "\u001F\uFFFD\b\u0000\u0000\u0000\u0000\u0000\u0000\u0003\uFFFD\u0331\n",
        "\uFFFDP\u0000\uFFFD\uFFFDW\uFFFD;k\\nb\uFFFD\u0016\uFFFD\uFFFDS\uFFFD )!\uFFFD\u000E9\u0004\u047B\uFFFD\u0010=A\u3DDE\uFFFD\uD835\uDFA1\u001DoChB\uFFFD)\u0015\uFFFD*\u04B6\uFFFDe\u0013\uB9AC6\uFFFD\uFFFD\u003E\uFFFD\u003C\uFFFD\uFFFD~\\\uFFFDe\uFFFD\uFFFD2\uFFFD\uFFFDc\uFFFD\u073B\u07D6M\uFFFD\uFFFD\uFFFD]\uFFFD\uFFFD\u0013\uFFFDD\u0022\uFFFDH$\u0012\uFFFDD\u0022\uFFFDH$\u0012\uFFFDD\u0022\uFFFDH$\u0012\uFFFDD\u0022\uFFFDH$\u0012\uFFFDD\u0022\uFFFDH$\u0012\uFFFDD\u0022\uFFFDH$\u0012\uFFFDD\u0022\uFFFDH$\u0012\uFFFDD\u0022\uFFFDH$\u0012\uFFFDD\u0022\uFFFDH$\u0012\uFFFDD\u0022\uFFFDH$\u0012\uFFFDD\u0022\uFFFDH$\u0012\uFFFDD\u0022\uFFFDH$\u0012\uFFFDD\u0022\uFFFDH$\u0012\uFFFDD\u0022\uFFFDH$\u0012\uFFFDD\u0022\uFFFDH$\u0012\uFFFDD\u0022\uFFFDH$\u0012\uFFFDD\u0022\uFFFDH$\u0012\uFFFDD\u0022\uFFFDH$\u0012\uFFFDD\u0022\uFFFDH$\u0012\uFFFDD\u0022\uFFFDH$\u0012\uFFFDD\u0022\uFFFDH$\u0012\uFFFDD\u0022\uFFFDH$\u0012\uFFFDD\u0022\uFFFDH$\u0012\uFFFDD\u0022\uFFFDH$\u0012\uFFFDD\u0022\uFFFDH$\u0012\uFFFDD\u0022\uFFFDH$\u0012\uFFFDD\u0022\uFFFDH$\u0012\uFFFDD\u0022\uFFFDH$\u0012\uFFFDD\u0022\uFFFDH$\u0012\uFFFDD\u0022\uFFFDH$\u0012\uFFFDD\u0022\uFFFDH$\u0012\uFFFDD\u0022\uFFFDH$\u0012\uFFFDD\u0022\uFFFDH$\u0012\uFFFDD\u0022\uFFFDH$\u0012\uFFFDD\u0022\uFFFDH$\u0012\uFFFDD\u0022\uFFFDH$\u0012\uFFFDD\u0022\uFFFDH$\u0012\uFFFDD\u0022\uFFFDH$\u0012\uFFFDD\u0022\uFFFDH$\u0012\uFFFDD\u0022\uFFFDH$\u0012\uFFFDD\u0022\uFFFDH$\u0012\uFFFDD\u0022\uFFFDH$\u0012\uFFFDD\u0022\uFFFDH$\u0012\uFFFDD\u0022\uFFFDH$\u0012\uFFFDD\u0022\uFFFDH$\u0012\uFFFDD\u0022\uFFFDH$\u0012\uFFFDD\u0022\uFFFDH$\u0012\uFFFDD\u0022\uFFFDH$\u0012\uFFFDD\u0022\uFFFDH$\u0012\uFFFDD\u0022\uFFFDH$\u0012\uFFFDD\u0022\uFFFDH$\u0012\uFFFDD\u0022\uFFFDH$\u0012\uFFFDD\u0022\uFFFDH$\u0012\uFFFDD\u0022\uFFFDH$\u0012\uFFFDD\u0022\uFFFDH$\u0012\uFFFDD\u0022\uFFFDH$\u0012\uFFFDD\u0022\uFFFDH$\u0012\uFFFDD\u0022\uFFFDH$\u0012\uFFFDD\u0022\uFFFDH$\u0012\uFFFDD\u0022\uFFFDH$\u0012\uFFFDD\u0022\uFFFDH$\u0012\uFFFDD\u0022\uFFFDH$\u0012\uFFFDD\u0022\uFFFDH$\u0012\uFFFDD\u0022\uFFFDH$\u0012\uFFFDD\u0022\uFFFDH$\u0012\uFFFDD\u0022\uFFFDH$\u0012\uFFFDD\u0022\uFFFDH$\u0012\uFFFDD\u0022\uFFFDH$\u0012\uFFFDD\u0022\uFFFDH$\u0012\uFFFDD\u0022\uFFFDH$\u0012\uFFFDD\u0022\uFFFDH$\u0012\uFFFDD\u0022\uFFFDH$\u0012\uFFFDD\u0022\uFFFDH$\u0012\uFFFDD\u0022\uFFFDH$\u0012\uFFFDD\u0022\uFFFDH$\u0012\uFFFDD\u0022\uFFFDH$\u0012\uFFFDD\u0022\uFFFDH$\u0012\uFFFDD\u0022\uFFFDH$\u0012\uFFFDD\u0022\uFFFDH$\u0012\uFFFDD\u0022\uFFFDH$\u0012\uFFFDD\u0022\uFFFDH$\u0012\uFFFDD\u0022\uFFFDH$\u0012\uFFFDD\u0022\uFFFDH$\u0012\uFFFDD\u0022\uFFFDH$\u0012\uFFFDD\u0022\uFFFDH$\u0012\uFFFDD\u0022\uFFFDH$\u0012\uFFFDD\u0022\uFFFDH$\u0012\uFFFDD\u0022\uFFFDH$\u0012\uFFFDD\u0022\uFFFDH$\u0012\uFFFDD\u0022\uFFFDH$\u0012\uFFFDD\u0022\uFFFDH$\u0012\uFFFDD\u0022\uFFFDH$\u0012\uFFFDD\u0022\uFFFDH$\u0012\uFFFDD\u0022\uFFFDH$\u0012\uFFFDD\u0022\uFFFDH$\u0012\uFFFDD\u0022\uFFFDH$\u0012\uFFFDD\u0022\uFFFDH$\u0012\uFFFDD\u0022\uFFFDH$\u0012\uFFFDD\u0022\uFFFDH$\u0012\uFFFDD\u0022\uFFFDH$\u0012\uFFFDD\u0022\uFFFDH$\u0012\uFFFDD\u0022\uFFFDH$\u0012\uFFFDD\u0022\uFFFDH$\u0012\uFFFDD\u0022\uFFFDH$\u0012\uFFFDD\u0022\uFFFDH$\u0012\uFFFDD\u0022\uFFFDH$\u0012\uFFFDD\u0022\uFFFDH$\u0012\uFFFDD\u0022\uFFFDH$\u0012\uFFFDD\u0022\uFFFDH$\u0012\uFFFDD\u0022\uFFFDH$\u0012\uFFFDD\u0022\uFFFDH$\u0012\uFFFDD\u0022\uFFFDH$\u0012\uFFFDD\u0022\uFFFDH$\u0012\uFFFDD\u0022\uFFFDH$\u0012\uFFFDD\u0022\uFFFDH$\u0012\uFFFDD\u0022\uFFFDH$\u0012\uFFFDD\u0022\uFFFDH$\u0012\uFFFDD\u0022\uFFFDH$\u0012\uFFFDD\u0022\uFFFDH$\u0012\uFFFDD\u0022\uFFFDH$\u0012\uFFFDD\u0022\uFFFDH$\u0012\uFFFDD\u0022\uFFFDH$\u0012\uFFFDD\u0022\uFFFDH$\u0012\uFFFDD\u0022\uFFFDH$\u0012\uFFFDD\u0022\uFFFDH$\u0012\uFFFDD\u0022\uFFFDH$\u0012\uFFFDD\u0022\uFFFDH$\u0012\uFFFDD\u0022\uFFFDH$\u0012\uFFFDD\u0022\uFFFDH$\u0012\uFFFDD\u0022\uFFFDH$\u0012\uFFFDD\u0022\uFFFDH$\u0012\uFFFDD\u0022\uFFFDH$\u0012\uFFFDD\u0022\uFFFDH$\u0012\uFFFDD\u0022\uFFFDH$\u0012\uFFFDD\u0022\uFFFDH$\u0012\uFFFDD\u0022\uFFFDH$\u0012\uFFFDD\u0022\uFFFDH$\u0012\uFFFDD\u0022\uFFFDH$\u0012\uFFFDD\u0022\uFFFDH$\u0012\uFFFDD\u0022\uFFFDH$\u0012\uFFFDD\u0022\uFFFDH$\u0012\uFFFDD\u0022\uFFFDH$\u0012\uFFFDD\u0022\uFFFDH$\u0012\uFFFDD\u0022\uFFFDH$\u0012\uFFFDD\u0022\uFFFDH$\u0012\uFFFDD\u0022\uFFFDH$\u0012\uFFFDD\u0022\uFFFDH$\u0012\uFFFDD\u0022\uFFFDH$\u0012\uFFFDD\u0022\uFFFDH$\u0012\uFFFDD\u0022\uFFFDH$\u0012\uFFFDD\u0022\uFFFDH$\u0012\uFFFDD\u0022\uFFFDH$\u0012\uFFFDD\u0022\uFFFDH$\u0012\uFFFDD\u0022\uFFFDH$\u0012\uFFFDD\u0022\uFFFDH$\u0012\uFFFDD\u0022\uFFFDH$\u0012\uFFFDD\u0022\uFFFDH$\u0012\uFFFDD\u0022\uFFFDH$\u0012\uFFFDD\u0022\uFFFDH$\u0012\uFFFDD\u0022\uFFFDH$\u0012\uFFFDD\u0022\uFFFDH$\u0012\uFFFDD\u0022\uFFFDH$\u0012\uFFFDD\u0022\uFFFDH$\u0012\uFFFDD\u0022\uFFFDH$\u0012\uFFFDD\u0022\uFFFDH$\u0012\uFFFDD\u0022\uFFFDH$\u0012\uFFFDD\u0022\uFFFDH$\u0012\uFFFDD\u0022\uFFFDH$\u0012\uFFFDD\u0022\uFFFDH$\u0012\uFFFDD\u0022\uFFFDH$\u0012\uFFFDD\u0022\uFFFDH$\u0012\uFFFDD\u0022\uFFFDH$\u0012\uFFFDD\u0022\uFFFDH$\u0012\uFFFDD\u0022\uFFFDH$\u0012\uFFFDD\u0022\uFFFDH$\u0012\uFFFDD\u0022\uFFFDH$\u0012\uFFFDD\u0022\uFFFDH$\u0012\uFFFDD\u0022\uFFFDH$\u0012\uFFFDD\u0022\uFFFDH$\u0012\uFFFDD\u0022\uFFFDH$\u0012\uFFFDD\u0022\uFFFDH$\u0012\uFFFDD\u0022\uFFFDH$\u0012\uFFFDD\u0022\uFFFDH$\u0012\uFFFDD\u0022\uFFFDH$\u0012\uFFFDD\u0022\uFFFDH$\u0012\uFFFDD\u0022\uFFFDH$\u0012\uFFFDD\u0022\uFFFDH$\u0012\uFFFDD\u0022\uFFFDH$\u0012\uFFFDD\u0022\uFFFDH$\u0012\uFFFDD\u0022\uFFFDH$\u0012\uFFFDD\u0022\uFFFDH$\u0012\uFFFDD\u0022\uFFFDH$\u0012\uFFFDD\u0022\uFFFDH$\u0012\uFFFDD\u0022\uFFFDH$\u0012\uFFFDD\u0022\uFFFDH$\u0012\uFFFDD\u0022\uFFFDH$\u0012\uFFFDD\u0022\uFFFDH$\u0012\uFFFDD\u0022\uFFFDH$\u0012\uFFFDD\u0022\uFFFDH$\u0012\uFFFDD\u0022\uFFFDH$\u0012\uFFFDD\u0022\uFFFDH$\u0012\uFFFDD\u0022\uFFFDH$\u0012\uFFFDD\u0022\uFFFDH$\u0012\uFFFDD\u0022\uFFFDH$\u0012\uFFFDD\u0022\uFFFDH$\u0012\uFFFDD\u0022\uFFFDH$\u0012\uFFFDD\u0022\uFFFDH$\u0012\uFFFDD\u0022\uFFFDH$\u0012\uFFFDD\u0022\uFFFDH$\u0012\uFFFDD\u0022\uFFFDH$\u0012\uFFFDD\u0022\uFFFDH$\u0012\uFFFDD\u0022\uFFFDH$\u0012\uFFFDD\u0022\uFFFDH$\u0012\uFFFDD\u0022\uFFFDH$\u0012\uFFFDD\u0022\uFFFDH$\u0012\uFFFDD\u0022\uFFFDH$\u0012\uFFFDD\u0022\uFFFDH$\u0012\uFFFDD\u0022\uFFFDH$\u0012\uFFFDD\u0022\uFFFDH$\u0012\uFFFDD\u0022\uFFFDH$\u0012\uFFFDD\u0022\uFFFDH$\u0012\uFFFDD\u0022\uFFFDH$\u0012\uFFFDD\u0022\uFFFDH$\u0012\uFFFDD\u0022\uFFFDH$\u0012\uFFFDD\u0022\uFFFDH$\u0012\uFFFDD\u0022\uFFFDH$\u0012\uFFFDD\u0022\uFFFDH$\u0012\uFFFDD\u0022\uFFFDH$\u0012\uFFFDD\u0022\uFFFDH$\u0012\uFFFDD\u0022\uFFFDH$\u0012\uFFFDD\u0022\uFFFDH$\u0012\uFFFDD\u0022\uFFFDH$\u0012\uFFFDD\u0022\uFFFDH$\u0012\uFFFDD\u0022\uFFFDH$\u0012\uFFFDD\u0022\uFFFDH$\u0012\uFFFDD\u0022\uFFFDH$\u0012\uFFFDD\u0022\uFFFDH$\u0012\uFFFDD\u0022\uFFFDH$\u0012\uFFFDD\u0022\uFFFDH$\u0012\uFFFDD\u0022\uFFFDH$\u0012\uFFFDD\u0022\uFFFDH$\u0012\uFFFDD\u0022\uFFFDH$\u0012\uFFFDD\u0022\uFFFDH$\u0012\uFFFDD\u0022\uFFFDH$\u0012\uFFFDD\u0022\uFFFDH$\u0012\uFFFDD\u0022\uFFFDH$\u0012\uFFFDD\u0022\uFFFDH$\u0012\uFFFDD\u0022\uFFFDH$\u0012\uFFFDD\u0022\uFFFDH$\u0012\uFFFDD\u0022\uFFFDH$\u0012\uFFFDD\u0022\uFFFDH$\u0012\uFFFDD\u0022\uFFFDH$\u0012\uFFFDD\u0022\uFFFDH$\u0012\uFFFDD\u0022\uFFFDH$\u0012\uFFFDD\u0022\uFFFDH$\u0012\uFFFDD\u0022\uFFFDH$\u0012\uFFFDD\u0022\uFFFDH$\u0012\uFFFDD\u0022\uFFFDH$\u0012\uFFFDD\u0022\uFFFDH$\u0012\uFFFDD\u0022\uFFFDH$\u0012\uFFFDD\u0022\uFFFDH$\u0012\uFFFDD\u0022\uFFFDH$\u0012\uFFFDD\u0022\uFFFDH$\u0012\uFFFDD\u0022\uFFFDH$\u0012\uFFFDD\u0022\uFFFDH$\u0012\uFFFDD\u0022\uFFFDH$\u0012\uFFFDD\u0022\uFFFDH$\u0012\uFFFDD\u0022\uFFFDH$\u0012\uFFFDD\u0022\uFFFDH$\u0012\uFFFDD\u0022\uFFFDH$\u0012\uFFFDD\u0022\uFFFDH$\u0012\uFFFDD\u0022\uFFFDH$\u0012\uFFFDD\u0022\uFFFDH$\u0012\uFFFDD\u0022\uFFFDH$\u0012\uFFFDD\u0022\uFFFDH$\u0012\uFFFDD\u0022\uFFFDH$\u0012\uFFFDD\u0022\uFFFDH$\u0012\uFFFDD\u0022\uFFFDH$\u0012\uFFFDD\u0022\uFFFDH$\u0012\uFFFDD\u0022\uFFFDH$\u0012\uFFFDD\u0022\uFFFDH$\u0012\uFFFDD\u0022\uFFFDH$\u0012\uFFFDD\u0022\uFFFDH$\u0012\uFFFDD\u0022\uFFFDH$\u0012\uFFFDD\u0022\uFFFDH$\u0012\uFFFDD\u0022\uFFFDH$\u0012\uFFFDD\u0022\uFFFDH$\u0012\uFFFDD\u0022\uFFFDH$\u0012\uFFFDD\u0022\uFFFDH$\u0012\uFFFDD\u0022\uFFFDH$\u0012\uFFFDD\u0022\uFFFDH$\u0012\uFFFDD\u0022\uFFFDH$\u0012\uFFFDD\u0022\uFFFDH$\u0012\uFFFDD\u0022\uFFFDH$\u0012\uFFFDD\u0022\uFFFDH$\u0012\uFFFDD\u0022\uFFFDH$\u0012\uFFFDD\u0022\uFFFDH$\u0012\uFFFDD\u0022\uFFFDH$\u0012\uFFFDD\u0022\uFFFDH$\u0012\uFFFDD\u0022\uFFFDH$\u0012\uFFFDD\u0022\uFFFDH$\u0012\uFFFDD\u0022\uFFFDH$\u0012\uFFFDD\u0022\uFFFDH$\u0012\uFFFDD\u0022\uFFFDH$\u0012\uFFFDD\u0022\uFFFDH$\u0012\uFFFDD\u0022\uFFFDH$\u0012\uFFFDD\u0022\uFFFDH$\u0012\uFFFDD\u0022\uFFFDH$\u0012\uFFFDD\u0022\uFFFDH$\u0012\uFFFDD\u0022\uFFFDH$\u0012\uFFFDD\u0022\uFFFDH$\u0012\uFFFDD\u0022\uFFFDH$\u0012\uFFFDD\u0022\uFFFDH$\u0012\uFFFDD\u0022\uFFFDH$\u0012\uFFFDD\u0022\uFFFDH$\u0012\uFFFDD\u0022\uFFFDH$\u0012\uFFFDD\u0022\uFFFDH$\u0012\uFFFDD\u0022\uFFFDH$\u0012\uFFFDD\u0022\uFFFDH$\u0012\uFFFDD\u0022\uFFFDH$\u0012\uFFFDD\u0022\uFFFDH$\u0012\uFFFDD\u0022\uFFFDH$\u0012\uFFFDD\u0022\uFFFDH$\u0012\uFFFDD\u0022\uFFFDH$\u0012\uFFFDD\u0022\uFFFDH$\u0012\uFFFDD\u0022\uFFFDH$\u0012\uFFFDD\u0022\uFFFDH$\u0012\uFFFDD\u0022\uFFFDH$\u0012\uFFFDD\u0022\uFFFDH$\u0012\uFFFDD\u0022\uFFFDH$\u0012\uFFFDD\u0022\uFFFDH$\u0012\uFFFDD\u0022\uFFFDH$\u0012\uFFFDD\u0022\uFFFDH$\u0012\uFFFDD\u0022\uFFFDH$\u0012\uFFFDD\u0022\uFFFDH$\u0012\uFFFDD\u0022\uFFFDH$\u0012\uFFFDD\u0022\uFFFDH$\u0012\uFFFDD\u0022\uFFFDH$\u0012\uFFFDD\u0022\uFFFDH$\u0012\uFFFDD\u0022\uFFFDH$\u0012\uFFFDD\u0022\uFFFDH$\u0012\uFFFDD\u0022\uFFFDH$\u0012\uFFFDD\u0022\uFFFDH$\u0012\uFFFDD\u0022\uFFFDH$\u0012\uFFFDD\u0022\uFFFDH$\u0012\uFFFDD\u0022\uFFFDH$\u0012\uFFFDD\u0022\uFFFDH$\u0012\uFFFDD\u0022\uFFFDH$\u0012\uFFFDD\u0022\uFFFDH$\u0012\uFFFDD\u0022\uFFFDH$\u0012\uFFFDD\u0022\uFFFDH$\u0012\uFFFDD\u0022\uFFFDH$\u0012\uFFFDD\u0022\uFFFDH$\u0012\uFFFDD\u0022\uFFFDH$\u0012\uFFFDD\u0022\uFFFDH$\u0012\uFFFDD\u0022\uFFFDH$\u0012\uFFFDD\u0022\uFFFDH$\u0012\uFFFDD\u0022\uFFFDH$\u0012\uFFFDD\u0022\uFFFDH$\u0012\uFFFDD\u0022\uFFFDH$\u0012\uFFFDD\u0022\uFFFDH$\u0012\uFFFDD\u0022\uFFFDH$\u0012\uFFFDD\u0022\uFFFDH$\u0012\uFFFDD\u0022\uFFFDH$\u0012\uFFFDD\u0022\uFFFDH$\u0012\uFFFDD\u0022\uFFFDH$\u0012\uFFFDD\u0022\uFFFDH$\u0012\uFFFDD\u0022\uFFFDH$\u0012\uFFFDD\u0022\uFFFDH$\u0012\uFFFDD\u0022\uFFFDH$\u0012\uFFFDD\u0022\uFFFDH$\u0012\uFFFDD\u0022\uFFFDH$\u0012\uFFFDD\u0022\uFFFDH$\u0012\uFFFDD\u0022\uFFFDH$\u0012\uFFFDD\u0022\uFFFDH$\u0012\uFFFDD\u0022\uFFFDH$\u0012\uFFFDD\u0022\uFFFDH$\u0012\uFFFDD\u0022\uFFFDH$\u0012\uFFFDD\u0022\uFFFDH$\u0012\uFFFDD\u0022\uFFFDH$\u0012\uFFFDD\u0022\uFFFDH$\u0012\uFFFDD\u0022\uFFFDH$\u0012\uFFFDD\u0022\uFFFDH$\u0012\uFFFDD\u0022\uFFFDH$\u0012\uFFFDD\u0022\uFFFDH$\u0012\uFFFDD\u0022\uFFFDH$\u0012\uFFFDD\u0022\uFFFDH$\u0012\uFFFDD\u0022\uFFFDH$\u0012\uFFFDD\u0022\uFFFDH$\u0012\uFFFDD\u0022\uFFFDH$\u0012\uFFFDD\u0022\uFFFDH$\u0012\uFFFDD\u0022\uFFFDH$\u0012\uFFFDD\u0022\uFFFDH$\u0012\uFFFDD\u0022\uFFFDH$\u0012\uFFFDD\u0022\uFFFDH$\u0012\uFFFDD\u0022\uFFFDH$\u0012\uFFFDD\u0022\uFFFDH$\u0012\uFFFDD\u0022\uFFFDH$\u0012\uFFFDD\u0022\uFFFDH$\u0012\uFFFDD\u0022\uFFFDH$\u0012\uFFFDD\u0022\uFFFDH$\u0012\uFFFDD\u0022\uFFFDH$\u0012\uFFFDD\u0022\uFFFDH$\u0012\uFFFDD\u0022\uFFFDH$\u0012\uFFFDD\u0022\uFFFDH$\u0012\uFFFDD\u0022\uFFFDH$\u0012\uFFFDD\u0022\uFFFDH$\u0012\uFFFDD\u0022\uFFFDH$\u0012\uFFFDD\u0022\uFFFDH$\u0012\uFFFDD\u0022\uFFFDH$\u0012\uFFFDD\u0022\uFFFDH$\u0012\uFFFDD\u0022\uFFFDH$\u0012\uFFFDD\u0022\uFFFDH$\u0012\uFFFDD\u0022\uFFFDH$\u0012\uFFFDD\u0022\uFFFDH$\u0012\uFFFDD\u0022\uFFFDH$\u0012\uFFFDD\u0022\uFFFDH$\u0012\uFFFDD\u0022\uFFFDH$\u0012\uFFFDD\u0022\uFFFDH$\u0012\uFFFDD\u0022\uFFFDH$\u0012\uFFFDD\u0022\uFFFDH$\u0012\uFFFDD\u0022\uFFFDH$\u0012\uFFFDD\u0022\uFFFDH$\u0012\uFFFDD\u0022\uFFFDH$\u0012\uFFFDD\u0022\uFFFDH$\u0012\uFFFDD\u0022\uFFFDH$\u0012\uFFFDD\u0022\uFFFDH$\u0012\uFFFDD\u0022\uFFFDH$\u0012\uFFFDD\u0022\uFFFDH$\u0012\uFFFDD\u0022\uFFFDH$\u0012\uFFFDD\u0022\uFFFDH$\u0012\uFFFDD\u0022\uFFFDH$\u0012\uFFFDD\u0022\uFFFDH$\u0012\uFFFDD\u0022\uFFFDH$\u0012\uFFFDD\u0022\uFFFDH$\u0012\uFFFDD\u0022\uFFFDH$\u0012\uFFFDD\u0022\uFFFDH$\u0012\uFFFDD\u0022\uFFFDH$\u0012\uFFFDD\u0022\uFFFDH$\u0012\uFFFDD\u0022\uFFFDH$\u0012\uFFFDD\u0022\uFFFDH$\u0012\uFFFDD\u0022\uFFFDH$\u0012\uFFFDD\u0022\uFFFDH$\u0012\uFFFDD\u0022\uFFFDH$\u0012\uFFFDD\u0022\uFFFDH$\u0012\uFFFDD\u0022\uFFFDH$\u0012\uFFFDD\u0022\uFFFDH$\u0012\uFFFDD\u0022\uFFFDH$\u0012\uFFFDD\u0022\uFFFDH$\u0012\uFFFDD\u0022\uFFFDH$\u0012\uFFFDD\u0022\uFFFDH$\u0012\uFFFDD\u0022\uFFFDH$\u0012\uFFFDD\u0022\uFFFDH$\u0012\uFFFDD\u0022\uFFFDH$\u0012\uFFFDD\u0022\uFFFDH$\u0012\uFFFDD\u0022\uFFFDH$\u0012\uFFFDD\u0022\uFFFDH$\u0012\uFFFDD\u0022\uFFFDH$\u0012\uFFFDD\u0022\uFFFDH$\u0012\uFFFDD\u0022\uFFFDH$\u0012\uFFFDD\u0022\uFFFDH$\u0012\uFFFDD\u0022\uFFFDH$\u0012\uFFFDD\u0022\uFFFDH$\u0012\uFFFDD\u0022\uFFFDH$\u0012\uFFFDD\u0022\uFFFDH$\u0012\uFFFDD\u0022\uFFFDH$\u0012\uFFFDD\u0022\uFFFDH$\u0012\uFFFDD\u0022\uFFFDH$\u0012\uFFFDD\u0022\uFFFDH$\u0012\uFFFDD\u0022\uFFFDH$\u0012\uFFFDD\u0022\uFFFDH$\u0012\uFFFDD\u0022\uFFFDH$\u0012\uFFFDD\u0022\uFFFDH$\u0012\uFFFDD\u0022\uFFFDH$\u0012\uFFFDD\u0022\uFFFDH$\u0012\uFFFDD\u0022\uFFFDH$\u0012\uFFFDD\u0022\uFFFDH$\u0012\uFFFDD\u0022\uFFFDH$\u0012\uFFFDD\u0022\uFFFDH$\u0012\uFFFDD\u0022\uFFFDH$\u0012\uFFFDD\u0022\uFFFDH$\u0012\uFFFDD\u0022\uFFFDH$\u0012\uFFFDD\u0022\uFFFDH$\u0012\uFFFDD\u0022\uFFFDH$\u0012\uFFFDD\u0022\uFFFDH$\u0012\uFFFDD\u0022\uFFFDH$\u0012\uFFFDD\u0022\uFFFDH$\u0012\uFFFDD\u0022\uFFFDH$\u0012\uFFFDD\u0022\uFFFDH$\u0012\uFFFDD\u0022\uFFFDH$\u0012\uFFFD\u013F\uFFFD\uFFFD7\uFFFD\uFFFDH\uFFFDCr\u000F\u0000"
      ],
      "StatusCode": 404,
      "ResponseHeaders": {
        "Content-Type": "application/json",
        "Date": "Mon, 18 Jul 2022 23:17:47 GMT",
        "Server": "Microsoft-HTTPAPI/2.0",
        "Transfer-Encoding": "chunked",
        "x-ms-client-request-id": "7e3f472a-7d1f-49fa-bdf4-ade9819b4a71",
        "x-ms-error-code": "NotFound",
        "x-ms-request-id": "da13ec8b-8084-4cb7-8751-64af1595b81e"
      },
      "ResponseBody": {
        "error": {
          "code": "NotFound",
          "message": "Data collection rule with immutable Id \u0027immutable-id-123\u0027 not found."
        }
      }
    },
    {
      "RequestUri": "https://thisurl-logsingestion-somethinglocation123abcrd.monitor.azure.com/dataCollectionRules/immutable-id-123/streams/Custom-MyTableRawData?api-version=2021-11-01-preview",
      "RequestMethod": "POST",
      "RequestHeaders": {
        "Accept": "application/json",
        "Accept-Encoding": "gzip,deflate",
        "Authorization": "Sanitized",
        "Connection": "keep-alive",
        "Content-Encoding": "gzip",
        "Content-Length": "5582",
        "Content-Type": "application/json",
        "User-Agent": "azsdk-js-monitor-ingestion/1.0.0-beta.1 core-rest-pipeline/1.9.1 Node/v16.14.2 OS/(x64-Linux-5.4.0-1074-azure)",
        "x-ms-client-request-id": "eba71e6f-71f1-4f18-ad7a-ad5cc290a21c"
      },
      "RequestBody": [
        "\u001F\uFFFD\b\u0000\u0000\u0000\u0000\u0000\u0000\u0003\uFFFD\u0331\n",
        "\uFFFDP\u0000\uFFFD\uFFFDW\uFFFD;k\\nb\uFFFD\u0016\uFFFD\uFFFDS\uFFFD )!\uFFFD\u000E9\u0004\u047B\uFFFD\u0010=A\u3DDE\uFFFD\uD835\uDFA1\u001DoChB\uFFFD)\u0015\uFFFD*\u04B6\uFFFDe\u0013\uB9AC6\uFFFD\uFFFD\u003E\uFFFD\u003C\uFFFD\uFFFD~\\\uFFFDe\uFFFD\uFFFD2\uFFFD\uFFFDc\uFFFD\u073B\u07D6M\uFFFD\uFFFD\uFFFD]\uFFFD\uFFFD\u0013\uFFFDD\u0022\uFFFDH$\u0012\uFFFDD\u0022\uFFFDH$\u0012\uFFFDD\u0022\uFFFDH$\u0012\uFFFDD\u0022\uFFFDH$\u0012\uFFFDD\u0022\uFFFDH$\u0012\uFFFDD\u0022\uFFFDH$\u0012\uFFFDD\u0022\uFFFDH$\u0012\uFFFDD\u0022\uFFFDH$\u0012\uFFFDD\u0022\uFFFDH$\u0012\uFFFDD\u0022\uFFFDH$\u0012\uFFFDD\u0022\uFFFDH$\u0012\uFFFDD\u0022\uFFFDH$\u0012\uFFFDD\u0022\uFFFDH$\u0012\uFFFDD\u0022\uFFFDH$\u0012\uFFFDD\u0022\uFFFDH$\u0012\uFFFDD\u0022\uFFFDH$\u0012\uFFFDD\u0022\uFFFDH$\u0012\uFFFDD\u0022\uFFFDH$\u0012\uFFFDD\u0022\uFFFDH$\u0012\uFFFDD\u0022\uFFFDH$\u0012\uFFFDD\u0022\uFFFDH$\u0012\uFFFDD\u0022\uFFFDH$\u0012\uFFFDD\u0022\uFFFDH$\u0012\uFFFDD\u0022\uFFFDH$\u0012\uFFFDD\u0022\uFFFDH$\u0012\uFFFDD\u0022\uFFFDH$\u0012\uFFFDD\u0022\uFFFDH$\u0012\uFFFDD\u0022\uFFFDH$\u0012\uFFFDD\u0022\uFFFDH$\u0012\uFFFDD\u0022\uFFFDH$\u0012\uFFFDD\u0022\uFFFDH$\u0012\uFFFDD\u0022\uFFFDH$\u0012\uFFFDD\u0022\uFFFDH$\u0012\uFFFDD\u0022\uFFFDH$\u0012\uFFFDD\u0022\uFFFDH$\u0012\uFFFDD\u0022\uFFFDH$\u0012\uFFFDD\u0022\uFFFDH$\u0012\uFFFDD\u0022\uFFFDH$\u0012\uFFFDD\u0022\uFFFDH$\u0012\uFFFDD\u0022\uFFFDH$\u0012\uFFFDD\u0022\uFFFDH$\u0012\uFFFDD\u0022\uFFFDH$\u0012\uFFFDD\u0022\uFFFDH$\u0012\uFFFDD\u0022\uFFFDH$\u0012\uFFFDD\u0022\uFFFDH$\u0012\uFFFDD\u0022\uFFFDH$\u0012\uFFFDD\u0022\uFFFDH$\u0012\uFFFDD\u0022\uFFFDH$\u0012\uFFFDD\u0022\uFFFDH$\u0012\uFFFDD\u0022\uFFFDH$\u0012\uFFFDD\u0022\uFFFDH$\u0012\uFFFDD\u0022\uFFFDH$\u0012\uFFFDD\u0022\uFFFDH$\u0012\uFFFDD\u0022\uFFFDH$\u0012\uFFFDD\u0022\uFFFDH$\u0012\uFFFDD\u0022\uFFFDH$\u0012\uFFFDD\u0022\uFFFDH$\u0012\uFFFDD\u0022\uFFFDH$\u0012\uFFFDD\u0022\uFFFDH$\u0012\uFFFDD\u0022\uFFFDH$\u0012\uFFFDD\u0022\uFFFDH$\u0012\uFFFDD\u0022\uFFFDH$\u0012\uFFFDD\u0022\uFFFDH$\u0012\uFFFDD\u0022\uFFFDH$\u0012\uFFFDD\u0022\uFFFDH$\u0012\uFFFDD\u0022\uFFFDH$\u0012\uFFFDD\u0022\uFFFDH$\u0012\uFFFDD\u0022\uFFFDH$\u0012\uFFFDD\u0022\uFFFDH$\u0012\uFFFDD\u0022\uFFFDH$\u0012\uFFFDD\u0022\uFFFDH$\u0012\uFFFDD\u0022\uFFFDH$\u0012\uFFFDD\u0022\uFFFDH$\u0012\uFFFDD\u0022\uFFFDH$\u0012\uFFFDD\u0022\uFFFDH$\u0012\uFFFDD\u0022\uFFFDH$\u0012\uFFFDD\u0022\uFFFDH$\u0012\uFFFDD\u0022\uFFFDH$\u0012\uFFFDD\u0022\uFFFDH$\u0012\uFFFDD\u0022\uFFFDH$\u0012\uFFFDD\u0022\uFFFDH$\u0012\uFFFDD\u0022\uFFFDH$\u0012\uFFFDD\u0022\uFFFDH$\u0012\uFFFDD\u0022\uFFFDH$\u0012\uFFFDD\u0022\uFFFDH$\u0012\uFFFDD\u0022\uFFFDH$\u0012\uFFFDD\u0022\uFFFDH$\u0012\uFFFDD\u0022\uFFFDH$\u0012\uFFFDD\u0022\uFFFDH$\u0012\uFFFDD\u0022\uFFFDH$\u0012\uFFFDD\u0022\uFFFDH$\u0012\uFFFDD\u0022\uFFFDH$\u0012\uFFFDD\u0022\uFFFDH$\u0012\uFFFDD\u0022\uFFFDH$\u0012\uFFFDD\u0022\uFFFDH$\u0012\uFFFDD\u0022\uFFFDH$\u0012\uFFFDD\u0022\uFFFDH$\u0012\uFFFDD\u0022\uFFFDH$\u0012\uFFFDD\u0022\uFFFDH$\u0012\uFFFDD\u0022\uFFFDH$\u0012\uFFFDD\u0022\uFFFDH$\u0012\uFFFDD\u0022\uFFFDH$\u0012\uFFFDD\u0022\uFFFDH$\u0012\uFFFDD\u0022\uFFFDH$\u0012\uFFFDD\u0022\uFFFDH$\u0012\uFFFDD\u0022\uFFFDH$\u0012\uFFFDD\u0022\uFFFDH$\u0012\uFFFDD\u0022\uFFFDH$\u0012\uFFFDD\u0022\uFFFDH$\u0012\uFFFDD\u0022\uFFFDH$\u0012\uFFFDD\u0022\uFFFDH$\u0012\uFFFDD\u0022\uFFFDH$\u0012\uFFFDD\u0022\uFFFDH$\u0012\uFFFDD\u0022\uFFFDH$\u0012\uFFFDD\u0022\uFFFDH$\u0012\uFFFDD\u0022\uFFFDH$\u0012\uFFFDD\u0022\uFFFDH$\u0012\uFFFDD\u0022\uFFFDH$\u0012\uFFFDD\u0022\uFFFDH$\u0012\uFFFDD\u0022\uFFFDH$\u0012\uFFFDD\u0022\uFFFDH$\u0012\uFFFDD\u0022\uFFFDH$\u0012\uFFFDD\u0022\uFFFDH$\u0012\uFFFDD\u0022\uFFFDH$\u0012\uFFFDD\u0022\uFFFDH$\u0012\uFFFDD\u0022\uFFFDH$\u0012\uFFFDD\u0022\uFFFDH$\u0012\uFFFDD\u0022\uFFFDH$\u0012\uFFFDD\u0022\uFFFDH$\u0012\uFFFDD\u0022\uFFFDH$\u0012\uFFFDD\u0022\uFFFDH$\u0012\uFFFDD\u0022\uFFFDH$\u0012\uFFFDD\u0022\uFFFDH$\u0012\uFFFDD\u0022\uFFFDH$\u0012\uFFFDD\u0022\uFFFDH$\u0012\uFFFDD\u0022\uFFFDH$\u0012\uFFFDD\u0022\uFFFDH$\u0012\uFFFDD\u0022\uFFFDH$\u0012\uFFFDD\u0022\uFFFDH$\u0012\uFFFDD\u0022\uFFFDH$\u0012\uFFFDD\u0022\uFFFDH$\u0012\uFFFDD\u0022\uFFFDH$\u0012\uFFFDD\u0022\uFFFDH$\u0012\uFFFDD\u0022\uFFFDH$\u0012\uFFFDD\u0022\uFFFDH$\u0012\uFFFDD\u0022\uFFFDH$\u0012\uFFFDD\u0022\uFFFDH$\u0012\uFFFDD\u0022\uFFFDH$\u0012\uFFFDD\u0022\uFFFDH$\u0012\uFFFDD\u0022\uFFFDH$\u0012\uFFFDD\u0022\uFFFDH$\u0012\uFFFDD\u0022\uFFFDH$\u0012\uFFFDD\u0022\uFFFDH$\u0012\uFFFDD\u0022\uFFFDH$\u0012\uFFFDD\u0022\uFFFDH$\u0012\uFFFDD\u0022\uFFFDH$\u0012\uFFFDD\u0022\uFFFDH$\u0012\uFFFDD\u0022\uFFFDH$\u0012\uFFFDD\u0022\uFFFDH$\u0012\uFFFDD\u0022\uFFFDH$\u0012\uFFFDD\u0022\uFFFDH$\u0012\uFFFDD\u0022\uFFFDH$\u0012\uFFFDD\u0022\uFFFDH$\u0012\uFFFDD\u0022\uFFFDH$\u0012\uFFFDD\u0022\uFFFDH$\u0012\uFFFDD\u0022\uFFFDH$\u0012\uFFFDD\u0022\uFFFDH$\u0012\uFFFDD\u0022\uFFFDH$\u0012\uFFFDD\u0022\uFFFDH$\u0012\uFFFDD\u0022\uFFFDH$\u0012\uFFFDD\u0022\uFFFDH$\u0012\uFFFDD\u0022\uFFFDH$\u0012\uFFFDD\u0022\uFFFDH$\u0012\uFFFDD\u0022\uFFFDH$\u0012\uFFFDD\u0022\uFFFDH$\u0012\uFFFDD\u0022\uFFFDH$\u0012\uFFFDD\u0022\uFFFDH$\u0012\uFFFDD\u0022\uFFFDH$\u0012\uFFFDD\u0022\uFFFDH$\u0012\uFFFDD\u0022\uFFFDH$\u0012\uFFFDD\u0022\uFFFDH$\u0012\uFFFDD\u0022\uFFFDH$\u0012\uFFFDD\u0022\uFFFDH$\u0012\uFFFDD\u0022\uFFFDH$\u0012\uFFFDD\u0022\uFFFDH$\u0012\uFFFDD\u0022\uFFFDH$\u0012\uFFFDD\u0022\uFFFDH$\u0012\uFFFDD\u0022\uFFFDH$\u0012\uFFFDD\u0022\uFFFDH$\u0012\uFFFDD\u0022\uFFFDH$\u0012\uFFFDD\u0022\uFFFDH$\u0012\uFFFDD\u0022\uFFFDH$\u0012\uFFFDD\u0022\uFFFDH$\u0012\uFFFDD\u0022\uFFFDH$\u0012\uFFFDD\u0022\uFFFDH$\u0012\uFFFDD\u0022\uFFFDH$\u0012\uFFFDD\u0022\uFFFDH$\u0012\uFFFDD\u0022\uFFFDH$\u0012\uFFFDD\u0022\uFFFDH$\u0012\uFFFDD\u0022\uFFFDH$\u0012\uFFFDD\u0022\uFFFDH$\u0012\uFFFDD\u0022\uFFFDH$\u0012\uFFFDD\u0022\uFFFDH$\u0012\uFFFDD\u0022\uFFFDH$\u0012\uFFFDD\u0022\uFFFDH$\u0012\uFFFDD\u0022\uFFFDH$\u0012\uFFFDD\u0022\uFFFDH$\u0012\uFFFDD\u0022\uFFFDH$\u0012\uFFFDD\u0022\uFFFDH$\u0012\uFFFDD\u0022\uFFFDH$\u0012\uFFFDD\u0022\uFFFDH$\u0012\uFFFDD\u0022\uFFFDH$\u0012\uFFFDD\u0022\uFFFDH$\u0012\uFFFDD\u0022\uFFFDH$\u0012\uFFFDD\u0022\uFFFDH$\u0012\uFFFDD\u0022\uFFFDH$\u0012\uFFFDD\u0022\uFFFDH$\u0012\uFFFDD\u0022\uFFFDH$\u0012\uFFFDD\u0022\uFFFDH$\u0012\uFFFDD\u0022\uFFFDH$\u0012\uFFFDD\u0022\uFFFDH$\u0012\uFFFDD\u0022\uFFFDH$\u0012\uFFFDD\u0022\uFFFDH$\u0012\uFFFDD\u0022\uFFFDH$\u0012\uFFFDD\u0022\uFFFDH$\u0012\uFFFDD\u0022\uFFFDH$\u0012\uFFFDD\u0022\uFFFDH$\u0012\uFFFDD\u0022\uFFFDH$\u0012\uFFFDD\u0022\uFFFDH$\u0012\uFFFDD\u0022\uFFFDH$\u0012\uFFFDD\u0022\uFFFDH$\u0012\uFFFDD\u0022\uFFFDH$\u0012\uFFFDD\u0022\uFFFDH$\u0012\uFFFDD\u0022\uFFFDH$\u0012\uFFFDD\u0022\uFFFDH$\u0012\uFFFDD\u0022\uFFFDH$\u0012\uFFFDD\u0022\uFFFDH$\u0012\uFFFDD\u0022\uFFFDH$\u0012\uFFFDD\u0022\uFFFDH$\u0012\uFFFDD\u0022\uFFFDH$\u0012\uFFFDD\u0022\uFFFDH$\u0012\uFFFDD\u0022\uFFFDH$\u0012\uFFFDD\u0022\uFFFDH$\u0012\uFFFDD\u0022\uFFFDH$\u0012\uFFFDD\u0022\uFFFDH$\u0012\uFFFDD\u0022\uFFFDH$\u0012\uFFFDD\u0022\uFFFDH$\u0012\uFFFDD\u0022\uFFFDH$\u0012\uFFFDD\u0022\uFFFDH$\u0012\uFFFDD\u0022\uFFFDH$\u0012\uFFFDD\u0022\uFFFDH$\u0012\uFFFDD\u0022\uFFFDH$\u0012\uFFFDD\u0022\uFFFDH$\u0012\uFFFDD\u0022\uFFFDH$\u0012\uFFFDD\u0022\uFFFDH$\u0012\uFFFDD\u0022\uFFFDH$\u0012\uFFFDD\u0022\uFFFDH$\u0012\uFFFDD\u0022\uFFFDH$\u0012\uFFFDD\u0022\uFFFDH$\u0012\uFFFDD\u0022\uFFFDH$\u0012\uFFFDD\u0022\uFFFDH$\u0012\uFFFDD\u0022\uFFFDH$\u0012\uFFFDD\u0022\uFFFDH$\u0012\uFFFDD\u0022\uFFFDH$\u0012\uFFFDD\u0022\uFFFDH$\u0012\uFFFDD\u0022\uFFFDH$\u0012\uFFFDD\u0022\uFFFDH$\u0012\uFFFDD\u0022\uFFFDH$\u0012\uFFFDD\u0022\uFFFDH$\u0012\uFFFDD\u0022\uFFFDH$\u0012\uFFFDD\u0022\uFFFDH$\u0012\uFFFDD\u0022\uFFFDH$\u0012\uFFFDD\u0022\uFFFDH$\u0012\uFFFDD\u0022\uFFFDH$\u0012\uFFFDD\u0022\uFFFDH$\u0012\uFFFDD\u0022\uFFFDH$\u0012\uFFFDD\u0022\uFFFDH$\u0012\uFFFDD\u0022\uFFFDH$\u0012\uFFFDD\u0022\uFFFDH$\u0012\uFFFDD\u0022\uFFFDH$\u0012\uFFFDD\u0022\uFFFDH$\u0012\uFFFDD\u0022\uFFFDH$\u0012\uFFFDD\u0022\uFFFDH$\u0012\uFFFDD\u0022\uFFFDH$\u0012\uFFFDD\u0022\uFFFDH$\u0012\uFFFDD\u0022\uFFFDH$\u0012\uFFFDD\u0022\uFFFDH$\u0012\uFFFDD\u0022\uFFFDH$\u0012\uFFFDD\u0022\uFFFDH$\u0012\uFFFDD\u0022\uFFFDH$\u0012\uFFFDD\u0022\uFFFDH$\u0012\uFFFDD\u0022\uFFFDH$\u0012\uFFFDD\u0022\uFFFDH$\u0012\uFFFDD\u0022\uFFFDH$\u0012\uFFFDD\u0022\uFFFDH$\u0012\uFFFDD\u0022\uFFFDH$\u0012\uFFFDD\u0022\uFFFDH$\u0012\uFFFDD\u0022\uFFFDH$\u0012\uFFFDD\u0022\uFFFDH$\u0012\uFFFDD\u0022\uFFFDH$\u0012\uFFFDD\u0022\uFFFDH$\u0012\uFFFDD\u0022\uFFFDH$\u0012\uFFFDD\u0022\uFFFDH$\u0012\uFFFDD\u0022\uFFFDH$\u0012\uFFFDD\u0022\uFFFDH$\u0012\uFFFDD\u0022\uFFFDH$\u0012\uFFFDD\u0022\uFFFDH$\u0012\uFFFDD\u0022\uFFFDH$\u0012\uFFFDD\u0022\uFFFDH$\u0012\uFFFDD\u0022\uFFFDH$\u0012\uFFFDD\u0022\uFFFDH$\u0012\uFFFDD\u0022\uFFFDH$\u0012\uFFFDD\u0022\uFFFDH$\u0012\uFFFDD\u0022\uFFFDH$\u0012\uFFFDD\u0022\uFFFDH$\u0012\uFFFDD\u0022\uFFFDH$\u0012\uFFFDD\u0022\uFFFDH$\u0012\uFFFDD\u0022\uFFFDH$\u0012\uFFFDD\u0022\uFFFDH$\u0012\uFFFDD\u0022\uFFFDH$\u0012\uFFFDD\u0022\uFFFDH$\u0012\uFFFDD\u0022\uFFFDH$\u0012\uFFFDD\u0022\uFFFDH$\u0012\uFFFDD\u0022\uFFFDH$\u0012\uFFFDD\u0022\uFFFDH$\u0012\uFFFDD\u0022\uFFFDH$\u0012\uFFFDD\u0022\uFFFDH$\u0012\uFFFDD\u0022\uFFFDH$\u0012\uFFFDD\u0022\uFFFDH$\u0012\uFFFDD\u0022\uFFFDH$\u0012\uFFFDD\u0022\uFFFDH$\u0012\uFFFDD\u0022\uFFFDH$\u0012\uFFFDD\u0022\uFFFDH$\u0012\uFFFDD\u0022\uFFFDH$\u0012\uFFFDD\u0022\uFFFDH$\u0012\uFFFDD\u0022\uFFFDH$\u0012\uFFFDD\u0022\uFFFDH$\u0012\uFFFDD\u0022\uFFFDH$\u0012\uFFFDD\u0022\uFFFDH$\u0012\uFFFDD\u0022\uFFFDH$\u0012\uFFFDD\u0022\uFFFDH$\u0012\uFFFDD\u0022\uFFFDH$\u0012\uFFFDD\u0022\uFFFDH$\u0012\uFFFDD\u0022\uFFFDH$\u0012\uFFFDD\u0022\uFFFDH$\u0012\uFFFDD\u0022\uFFFDH$\u0012\uFFFDD\u0022\uFFFDH$\u0012\uFFFDD\u0022\uFFFDH$\u0012\uFFFDD\u0022\uFFFDH$\u0012\uFFFDD\u0022\uFFFDH$\u0012\uFFFDD\u0022\uFFFDH$\u0012\uFFFDD\u0022\uFFFDH$\u0012\uFFFDD\u0022\uFFFDH$\u0012\uFFFDD\u0022\uFFFDH$\u0012\uFFFDD\u0022\uFFFDH$\u0012\uFFFDD\u0022\uFFFDH$\u0012\uFFFDD\u0022\uFFFDH$\u0012\uFFFDD\u0022\uFFFDH$\u0012\uFFFDD\u0022\uFFFDH$\u0012\uFFFDD\u0022\uFFFDH$\u0012\uFFFDD\u0022\uFFFDH$\u0012\uFFFDD\u0022\uFFFDH$\u0012\uFFFDD\u0022\uFFFDH$\u0012\uFFFDD\u0022\uFFFDH$\u0012\uFFFDD\u0022\uFFFDH$\u0012\uFFFDD\u0022\uFFFDH$\u0012\uFFFDD\u0022\uFFFDH$\u0012\uFFFDD\u0022\uFFFDH$\u0012\uFFFDD\u0022\uFFFDH$\u0012\uFFFDD\u0022\uFFFDH$\u0012\uFFFDD\u0022\uFFFDH$\u0012\uFFFDD\u0022\uFFFDH$\u0012\uFFFDD\u0022\uFFFDH$\u0012\uFFFDD\u0022\uFFFDH$\u0012\uFFFDD\u0022\uFFFDH$\u0012\uFFFDD\u0022\uFFFDH$\u0012\uFFFDD\u0022\uFFFDH$\u0012\uFFFDD\u0022\uFFFDH$\u0012\uFFFDD\u0022\uFFFDH$\u0012\uFFFDD\u0022\uFFFDH$\u0012\uFFFDD\u0022\uFFFDH$\u0012\uFFFDD\u0022\uFFFDH$\u0012\uFFFDD\u0022\uFFFDH$\u0012\uFFFDD\u0022\uFFFDH$\u0012\uFFFDD\u0022\uFFFDH$\u0012\uFFFDD\u0022\uFFFDH$\u0012\uFFFDD\u0022\uFFFDH$\u0012\uFFFDD\u0022\uFFFDH$\u0012\uFFFDD\u0022\uFFFDH$\u0012\uFFFDD\u0022\uFFFDH$\u0012\uFFFDD\u0022\uFFFDH$\u0012\uFFFDD\u0022\uFFFDH$\u0012\uFFFDD\u0022\uFFFDH$\u0012\uFFFDD\u0022\uFFFDH$\u0012\uFFFDD\u0022\uFFFDH$\u0012\uFFFDD\u0022\uFFFDH$\u0012\uFFFDD\u0022\uFFFDH$\u0012\uFFFDD\u0022\uFFFDH$\u0012\uFFFDD\u0022\uFFFDH$\u0012\uFFFDD\u0022\uFFFDH$\u0012\uFFFDD\u0022\uFFFDH$\u0012\uFFFDD\u0022\uFFFDH$\u0012\uFFFDD\u0022\uFFFDH$\u0012\uFFFDD\u0022\uFFFDH$\u0012\uFFFDD\u0022\uFFFDH$\u0012\uFFFDD\u0022\uFFFDH$\u0012\uFFFDD\u0022\uFFFDH$\u0012\uFFFDD\u0022\uFFFDH$\u0012\uFFFDD\u0022\uFFFDH$\u0012\uFFFDD\u0022\uFFFDH$\u0012\uFFFDD\u0022\uFFFDH$\u0012\uFFFDD\u0022\uFFFDH$\u0012\uFFFDD\u0022\uFFFDH$\u0012\uFFFDD\u0022\uFFFDH$\u0012\uFFFDD\u0022\uFFFDH$\u0012\uFFFDD\u0022\uFFFDH$\u0012\uFFFDD\u0022\uFFFDH$\u0012\uFFFDD\u0022\uFFFDH$\u0012\uFFFDD\u0022\uFFFDH$\u0012\uFFFDD\u0022\uFFFDH$\u0012\uFFFDD\u0022\uFFFDH$\u0012\uFFFDD\u0022\uFFFDH$\u0012\uFFFDD\u0022\uFFFDH$\u0012\uFFFDD\u0022\uFFFDH$\u0012\uFFFDD\u0022\uFFFDH$\u0012\uFFFDD\u0022\uFFFDH$\u0012\uFFFDD\u0022\uFFFDH$\u0012\uFFFDD\u0022\uFFFDH$\u0012\uFFFDD\u0022\uFFFDH$\u0012\uFFFDD\u0022\uFFFDH$\u0012\uFFFDD\u0022\uFFFDH$\u0012\uFFFDD\u0022\uFFFDH$\u0012\uFFFDD\u0022\uFFFDH$\u0012\uFFFDD\u0022\uFFFDH$\u0012\uFFFDD\u0022\uFFFDH$\u0012\uFFFDD\u0022\uFFFDH$\u0012\uFFFDD\u0022\uFFFDH$\u0012\uFFFDD\u0022\uFFFDH$\u0012\uFFFDD\u0022\uFFFDH$\u0012\uFFFDD\u0022\uFFFDH$\u0012\uFFFDD\u0022\uFFFDH$\u0012\uFFFDD\u0022\uFFFDH$\u0012\uFFFDD\u0022\uFFFDH$\u0012\uFFFDD\u0022\uFFFDH$\u0012\uFFFDD\u0022\uFFFDH$\u0012\uFFFDD\u0022\uFFFDH$\u0012\uFFFDD\u0022\uFFFDH$\u0012\uFFFDD\u0022\uFFFDH$\u0012\uFFFDD\u0022\uFFFDH$\u0012\uFFFDD\u0022\uFFFDH$\u0012\uFFFDD\u0022\uFFFDH$\u0012\uFFFDD\u0022\uFFFDH$\u0012\uFFFDD\u0022\uFFFDH$\u0012\uFFFDD\u0022\uFFFDH$\u0012\uFFFDD\u0022\uFFFDH$\u0012\uFFFDD\u0022\uFFFDH$\u0012\uFFFDD\u0022\uFFFDH$\u0012\uFFFDD\u0022\uFFFDH$\u0012\uFFFDD\u0022\uFFFDH$\u0012\uFFFDD\u0022\uFFFDH$\u0012\uFFFDD\u0022\uFFFDH$\u0012\uFFFDD\u0022\uFFFDH$\u0012\uFFFDD\u0022\uFFFDH$\u0012\uFFFDD\u0022\uFFFDH$\u0012\uFFFDD\u0022\uFFFDH$\u0012\uFFFDD\u0022\uFFFDH$\u0012\uFFFDD\u0022\uFFFDH$\u0012\uFFFDD\u0022\uFFFDH$\u0012\uFFFDD\u0022\uFFFDH$\u0012\uFFFDD\u0022\uFFFDH$\u0012\uFFFDD\u0022\uFFFDH$\u0012\uFFFDD\u0022\uFFFDH$\u0012\uFFFDD\u0022\uFFFDH$\u0012\uFFFDD\u0022\uFFFDH$\u0012\uFFFDD\u0022\uFFFDH$\u0012\uFFFDD\u0022\uFFFDH$\u0012\uFFFDD\u0022\uFFFDH$\u0012\uFFFDD\u0022\uFFFDH$\u0012\uFFFDD\u0022\uFFFDH$\u0012\uFFFDD\u0022\uFFFDH$\u0012\uFFFDD\u0022\uFFFDH$\u0012\uFFFDD\u0022\uFFFDH$\u0012\uFFFDD\u0022\uFFFDH$\u0012\uFFFDD\u0022\uFFFDH$\u0012\uFFFDD\u0022\uFFFDH$\u0012\uFFFDD\u0022\uFFFDH$\u0012\uFFFDD\u0022\uFFFDH$\u0012\uFFFDD\u0022\uFFFDH$\u0012\uFFFDD\u0022\uFFFDH$\u0012\uFFFDD\u0022\uFFFDH$\u0012\uFFFD\u013F\uFFFD\uFFFD7\uFFFD\uFFFDH\uFFFDCr\u000F\u0000"
      ],
      "StatusCode": 404,
      "ResponseHeaders": {
        "Content-Type": "application/json",
        "Date": "Mon, 18 Jul 2022 23:17:47 GMT",
        "Server": "Microsoft-HTTPAPI/2.0",
        "Transfer-Encoding": "chunked",
        "x-ms-client-request-id": "eba71e6f-71f1-4f18-ad7a-ad5cc290a21c",
        "x-ms-error-code": "NotFound",
        "x-ms-request-id": "a0dc006b-1874-45f0-b6b1-75505296c559"
      },
      "ResponseBody": {
        "error": {
          "code": "NotFound",
          "message": "Data collection rule with immutable Id \u0027immutable-id-123\u0027 not found."
        }
      }
    },
    {
      "RequestUri": "https://thisurl-logsingestion-somethinglocation123abcrd.monitor.azure.com/dataCollectionRules/immutable-id-123/streams/Custom-MyTableRawData?api-version=2021-11-01-preview",
      "RequestMethod": "POST",
      "RequestHeaders": {
        "Accept": "application/json",
        "Accept-Encoding": "gzip,deflate",
        "Authorization": "Sanitized",
        "Connection": "keep-alive",
        "Content-Encoding": "gzip",
        "Content-Length": "5582",
        "Content-Type": "application/json",
        "User-Agent": "azsdk-js-monitor-ingestion/1.0.0-beta.1 core-rest-pipeline/1.9.1 Node/v16.14.2 OS/(x64-Linux-5.4.0-1074-azure)",
        "x-ms-client-request-id": "a88d401e-9572-4959-af11-68ca114e9e17"
      },
      "RequestBody": [
        "\u001F\uFFFD\b\u0000\u0000\u0000\u0000\u0000\u0000\u0003\uFFFD\u0331\n",
        "\uFFFDP\u0000\uFFFD\uFFFDW\uFFFD;k\\nb\uFFFD\u0016\uFFFD\uFFFDS\uFFFD )!\uFFFD\u000E9\u0004\u047B\uFFFD\u0010=A\u3DDE\uFFFD\uD835\uDFA1\u001DoChB\uFFFD)\u0015\uFFFD*\u04B6\uFFFDe\u0013\uB9AC6\uFFFD\uFFFD\u003E\uFFFD\u003C\uFFFD\uFFFD~\\\uFFFDe\uFFFD\uFFFD2\uFFFD\uFFFDc\uFFFD\u073B\u07D6M\uFFFD\uFFFD\uFFFD]\uFFFD\uFFFD\u0013\uFFFDD\u0022\uFFFDH$\u0012\uFFFDD\u0022\uFFFDH$\u0012\uFFFDD\u0022\uFFFDH$\u0012\uFFFDD\u0022\uFFFDH$\u0012\uFFFDD\u0022\uFFFDH$\u0012\uFFFDD\u0022\uFFFDH$\u0012\uFFFDD\u0022\uFFFDH$\u0012\uFFFDD\u0022\uFFFDH$\u0012\uFFFDD\u0022\uFFFDH$\u0012\uFFFDD\u0022\uFFFDH$\u0012\uFFFDD\u0022\uFFFDH$\u0012\uFFFDD\u0022\uFFFDH$\u0012\uFFFDD\u0022\uFFFDH$\u0012\uFFFDD\u0022\uFFFDH$\u0012\uFFFDD\u0022\uFFFDH$\u0012\uFFFDD\u0022\uFFFDH$\u0012\uFFFDD\u0022\uFFFDH$\u0012\uFFFDD\u0022\uFFFDH$\u0012\uFFFDD\u0022\uFFFDH$\u0012\uFFFDD\u0022\uFFFDH$\u0012\uFFFDD\u0022\uFFFDH$\u0012\uFFFDD\u0022\uFFFDH$\u0012\uFFFDD\u0022\uFFFDH$\u0012\uFFFDD\u0022\uFFFDH$\u0012\uFFFDD\u0022\uFFFDH$\u0012\uFFFDD\u0022\uFFFDH$\u0012\uFFFDD\u0022\uFFFDH$\u0012\uFFFDD\u0022\uFFFDH$\u0012\uFFFDD\u0022\uFFFDH$\u0012\uFFFDD\u0022\uFFFDH$\u0012\uFFFDD\u0022\uFFFDH$\u0012\uFFFDD\u0022\uFFFDH$\u0012\uFFFDD\u0022\uFFFDH$\u0012\uFFFDD\u0022\uFFFDH$\u0012\uFFFDD\u0022\uFFFDH$\u0012\uFFFDD\u0022\uFFFDH$\u0012\uFFFDD\u0022\uFFFDH$\u0012\uFFFDD\u0022\uFFFDH$\u0012\uFFFDD\u0022\uFFFDH$\u0012\uFFFDD\u0022\uFFFDH$\u0012\uFFFDD\u0022\uFFFDH$\u0012\uFFFDD\u0022\uFFFDH$\u0012\uFFFDD\u0022\uFFFDH$\u0012\uFFFDD\u0022\uFFFDH$\u0012\uFFFDD\u0022\uFFFDH$\u0012\uFFFDD\u0022\uFFFDH$\u0012\uFFFDD\u0022\uFFFDH$\u0012\uFFFDD\u0022\uFFFDH$\u0012\uFFFDD\u0022\uFFFDH$\u0012\uFFFDD\u0022\uFFFDH$\u0012\uFFFDD\u0022\uFFFDH$\u0012\uFFFDD\u0022\uFFFDH$\u0012\uFFFDD\u0022\uFFFDH$\u0012\uFFFDD\u0022\uFFFDH$\u0012\uFFFDD\u0022\uFFFDH$\u0012\uFFFDD\u0022\uFFFDH$\u0012\uFFFDD\u0022\uFFFDH$\u0012\uFFFDD\u0022\uFFFDH$\u0012\uFFFDD\u0022\uFFFDH$\u0012\uFFFDD\u0022\uFFFDH$\u0012\uFFFDD\u0022\uFFFDH$\u0012\uFFFDD\u0022\uFFFDH$\u0012\uFFFDD\u0022\uFFFDH$\u0012\uFFFDD\u0022\uFFFDH$\u0012\uFFFDD\u0022\uFFFDH$\u0012\uFFFDD\u0022\uFFFDH$\u0012\uFFFDD\u0022\uFFFDH$\u0012\uFFFDD\u0022\uFFFDH$\u0012\uFFFDD\u0022\uFFFDH$\u0012\uFFFDD\u0022\uFFFDH$\u0012\uFFFDD\u0022\uFFFDH$\u0012\uFFFDD\u0022\uFFFDH$\u0012\uFFFDD\u0022\uFFFDH$\u0012\uFFFDD\u0022\uFFFDH$\u0012\uFFFDD\u0022\uFFFDH$\u0012\uFFFDD\u0022\uFFFDH$\u0012\uFFFDD\u0022\uFFFDH$\u0012\uFFFDD\u0022\uFFFDH$\u0012\uFFFDD\u0022\uFFFDH$\u0012\uFFFDD\u0022\uFFFDH$\u0012\uFFFDD\u0022\uFFFDH$\u0012\uFFFDD\u0022\uFFFDH$\u0012\uFFFDD\u0022\uFFFDH$\u0012\uFFFDD\u0022\uFFFDH$\u0012\uFFFDD\u0022\uFFFDH$\u0012\uFFFDD\u0022\uFFFDH$\u0012\uFFFDD\u0022\uFFFDH$\u0012\uFFFDD\u0022\uFFFDH$\u0012\uFFFDD\u0022\uFFFDH$\u0012\uFFFDD\u0022\uFFFDH$\u0012\uFFFDD\u0022\uFFFDH$\u0012\uFFFDD\u0022\uFFFDH$\u0012\uFFFDD\u0022\uFFFDH$\u0012\uFFFDD\u0022\uFFFDH$\u0012\uFFFDD\u0022\uFFFDH$\u0012\uFFFDD\u0022\uFFFDH$\u0012\uFFFDD\u0022\uFFFDH$\u0012\uFFFDD\u0022\uFFFDH$\u0012\uFFFDD\u0022\uFFFDH$\u0012\uFFFDD\u0022\uFFFDH$\u0012\uFFFDD\u0022\uFFFDH$\u0012\uFFFDD\u0022\uFFFDH$\u0012\uFFFDD\u0022\uFFFDH$\u0012\uFFFDD\u0022\uFFFDH$\u0012\uFFFDD\u0022\uFFFDH$\u0012\uFFFDD\u0022\uFFFDH$\u0012\uFFFDD\u0022\uFFFDH$\u0012\uFFFDD\u0022\uFFFDH$\u0012\uFFFDD\u0022\uFFFDH$\u0012\uFFFDD\u0022\uFFFDH$\u0012\uFFFDD\u0022\uFFFDH$\u0012\uFFFDD\u0022\uFFFDH$\u0012\uFFFDD\u0022\uFFFDH$\u0012\uFFFDD\u0022\uFFFDH$\u0012\uFFFDD\u0022\uFFFDH$\u0012\uFFFDD\u0022\uFFFDH$\u0012\uFFFDD\u0022\uFFFDH$\u0012\uFFFDD\u0022\uFFFDH$\u0012\uFFFDD\u0022\uFFFDH$\u0012\uFFFDD\u0022\uFFFDH$\u0012\uFFFDD\u0022\uFFFDH$\u0012\uFFFDD\u0022\uFFFDH$\u0012\uFFFDD\u0022\uFFFDH$\u0012\uFFFDD\u0022\uFFFDH$\u0012\uFFFDD\u0022\uFFFDH$\u0012\uFFFDD\u0022\uFFFDH$\u0012\uFFFDD\u0022\uFFFDH$\u0012\uFFFDD\u0022\uFFFDH$\u0012\uFFFDD\u0022\uFFFDH$\u0012\uFFFDD\u0022\uFFFDH$\u0012\uFFFDD\u0022\uFFFDH$\u0012\uFFFDD\u0022\uFFFDH$\u0012\uFFFDD\u0022\uFFFDH$\u0012\uFFFDD\u0022\uFFFDH$\u0012\uFFFDD\u0022\uFFFDH$\u0012\uFFFDD\u0022\uFFFDH$\u0012\uFFFDD\u0022\uFFFDH$\u0012\uFFFDD\u0022\uFFFDH$\u0012\uFFFDD\u0022\uFFFDH$\u0012\uFFFDD\u0022\uFFFDH$\u0012\uFFFDD\u0022\uFFFDH$\u0012\uFFFDD\u0022\uFFFDH$\u0012\uFFFDD\u0022\uFFFDH$\u0012\uFFFDD\u0022\uFFFDH$\u0012\uFFFDD\u0022\uFFFDH$\u0012\uFFFDD\u0022\uFFFDH$\u0012\uFFFDD\u0022\uFFFDH$\u0012\uFFFDD\u0022\uFFFDH$\u0012\uFFFDD\u0022\uFFFDH$\u0012\uFFFDD\u0022\uFFFDH$\u0012\uFFFDD\u0022\uFFFDH$\u0012\uFFFDD\u0022\uFFFDH$\u0012\uFFFDD\u0022\uFFFDH$\u0012\uFFFDD\u0022\uFFFDH$\u0012\uFFFDD\u0022\uFFFDH$\u0012\uFFFDD\u0022\uFFFDH$\u0012\uFFFDD\u0022\uFFFDH$\u0012\uFFFDD\u0022\uFFFDH$\u0012\uFFFDD\u0022\uFFFDH$\u0012\uFFFDD\u0022\uFFFDH$\u0012\uFFFDD\u0022\uFFFDH$\u0012\uFFFDD\u0022\uFFFDH$\u0012\uFFFDD\u0022\uFFFDH$\u0012\uFFFDD\u0022\uFFFDH$\u0012\uFFFDD\u0022\uFFFDH$\u0012\uFFFDD\u0022\uFFFDH$\u0012\uFFFDD\u0022\uFFFDH$\u0012\uFFFDD\u0022\uFFFDH$\u0012\uFFFDD\u0022\uFFFDH$\u0012\uFFFDD\u0022\uFFFDH$\u0012\uFFFDD\u0022\uFFFDH$\u0012\uFFFDD\u0022\uFFFDH$\u0012\uFFFDD\u0022\uFFFDH$\u0012\uFFFDD\u0022\uFFFDH$\u0012\uFFFDD\u0022\uFFFDH$\u0012\uFFFDD\u0022\uFFFDH$\u0012\uFFFDD\u0022\uFFFDH$\u0012\uFFFDD\u0022\uFFFDH$\u0012\uFFFDD\u0022\uFFFDH$\u0012\uFFFDD\u0022\uFFFDH$\u0012\uFFFDD\u0022\uFFFDH$\u0012\uFFFDD\u0022\uFFFDH$\u0012\uFFFDD\u0022\uFFFDH$\u0012\uFFFDD\u0022\uFFFDH$\u0012\uFFFDD\u0022\uFFFDH$\u0012\uFFFDD\u0022\uFFFDH$\u0012\uFFFDD\u0022\uFFFDH$\u0012\uFFFDD\u0022\uFFFDH$\u0012\uFFFDD\u0022\uFFFDH$\u0012\uFFFDD\u0022\uFFFDH$\u0012\uFFFDD\u0022\uFFFDH$\u0012\uFFFDD\u0022\uFFFDH$\u0012\uFFFDD\u0022\uFFFDH$\u0012\uFFFDD\u0022\uFFFDH$\u0012\uFFFDD\u0022\uFFFDH$\u0012\uFFFDD\u0022\uFFFDH$\u0012\uFFFDD\u0022\uFFFDH$\u0012\uFFFDD\u0022\uFFFDH$\u0012\uFFFDD\u0022\uFFFDH$\u0012\uFFFDD\u0022\uFFFDH$\u0012\uFFFDD\u0022\uFFFDH$\u0012\uFFFDD\u0022\uFFFDH$\u0012\uFFFDD\u0022\uFFFDH$\u0012\uFFFDD\u0022\uFFFDH$\u0012\uFFFDD\u0022\uFFFDH$\u0012\uFFFDD\u0022\uFFFDH$\u0012\uFFFDD\u0022\uFFFDH$\u0012\uFFFDD\u0022\uFFFDH$\u0012\uFFFDD\u0022\uFFFDH$\u0012\uFFFDD\u0022\uFFFDH$\u0012\uFFFDD\u0022\uFFFDH$\u0012\uFFFDD\u0022\uFFFDH$\u0012\uFFFDD\u0022\uFFFDH$\u0012\uFFFDD\u0022\uFFFDH$\u0012\uFFFDD\u0022\uFFFDH$\u0012\uFFFDD\u0022\uFFFDH$\u0012\uFFFDD\u0022\uFFFDH$\u0012\uFFFDD\u0022\uFFFDH$\u0012\uFFFDD\u0022\uFFFDH$\u0012\uFFFDD\u0022\uFFFDH$\u0012\uFFFDD\u0022\uFFFDH$\u0012\uFFFDD\u0022\uFFFDH$\u0012\uFFFDD\u0022\uFFFDH$\u0012\uFFFDD\u0022\uFFFDH$\u0012\uFFFDD\u0022\uFFFDH$\u0012\uFFFDD\u0022\uFFFDH$\u0012\uFFFDD\u0022\uFFFDH$\u0012\uFFFDD\u0022\uFFFDH$\u0012\uFFFDD\u0022\uFFFDH$\u0012\uFFFDD\u0022\uFFFDH$\u0012\uFFFDD\u0022\uFFFDH$\u0012\uFFFDD\u0022\uFFFDH$\u0012\uFFFDD\u0022\uFFFDH$\u0012\uFFFDD\u0022\uFFFDH$\u0012\uFFFDD\u0022\uFFFDH$\u0012\uFFFDD\u0022\uFFFDH$\u0012\uFFFDD\u0022\uFFFDH$\u0012\uFFFDD\u0022\uFFFDH$\u0012\uFFFDD\u0022\uFFFDH$\u0012\uFFFDD\u0022\uFFFDH$\u0012\uFFFDD\u0022\uFFFDH$\u0012\uFFFDD\u0022\uFFFDH$\u0012\uFFFDD\u0022\uFFFDH$\u0012\uFFFDD\u0022\uFFFDH$\u0012\uFFFDD\u0022\uFFFDH$\u0012\uFFFDD\u0022\uFFFDH$\u0012\uFFFDD\u0022\uFFFDH$\u0012\uFFFDD\u0022\uFFFDH$\u0012\uFFFDD\u0022\uFFFDH$\u0012\uFFFDD\u0022\uFFFDH$\u0012\uFFFDD\u0022\uFFFDH$\u0012\uFFFDD\u0022\uFFFDH$\u0012\uFFFDD\u0022\uFFFDH$\u0012\uFFFDD\u0022\uFFFDH$\u0012\uFFFDD\u0022\uFFFDH$\u0012\uFFFDD\u0022\uFFFDH$\u0012\uFFFDD\u0022\uFFFDH$\u0012\uFFFDD\u0022\uFFFDH$\u0012\uFFFDD\u0022\uFFFDH$\u0012\uFFFDD\u0022\uFFFDH$\u0012\uFFFDD\u0022\uFFFDH$\u0012\uFFFDD\u0022\uFFFDH$\u0012\uFFFDD\u0022\uFFFDH$\u0012\uFFFDD\u0022\uFFFDH$\u0012\uFFFDD\u0022\uFFFDH$\u0012\uFFFDD\u0022\uFFFDH$\u0012\uFFFDD\u0022\uFFFDH$\u0012\uFFFDD\u0022\uFFFDH$\u0012\uFFFDD\u0022\uFFFDH$\u0012\uFFFDD\u0022\uFFFDH$\u0012\uFFFDD\u0022\uFFFDH$\u0012\uFFFDD\u0022\uFFFDH$\u0012\uFFFDD\u0022\uFFFDH$\u0012\uFFFDD\u0022\uFFFDH$\u0012\uFFFDD\u0022\uFFFDH$\u0012\uFFFDD\u0022\uFFFDH$\u0012\uFFFDD\u0022\uFFFDH$\u0012\uFFFDD\u0022\uFFFDH$\u0012\uFFFDD\u0022\uFFFDH$\u0012\uFFFDD\u0022\uFFFDH$\u0012\uFFFDD\u0022\uFFFDH$\u0012\uFFFDD\u0022\uFFFDH$\u0012\uFFFDD\u0022\uFFFDH$\u0012\uFFFDD\u0022\uFFFDH$\u0012\uFFFDD\u0022\uFFFDH$\u0012\uFFFDD\u0022\uFFFDH$\u0012\uFFFDD\u0022\uFFFDH$\u0012\uFFFDD\u0022\uFFFDH$\u0012\uFFFDD\u0022\uFFFDH$\u0012\uFFFDD\u0022\uFFFDH$\u0012\uFFFDD\u0022\uFFFDH$\u0012\uFFFDD\u0022\uFFFDH$\u0012\uFFFDD\u0022\uFFFDH$\u0012\uFFFDD\u0022\uFFFDH$\u0012\uFFFDD\u0022\uFFFDH$\u0012\uFFFDD\u0022\uFFFDH$\u0012\uFFFDD\u0022\uFFFDH$\u0012\uFFFDD\u0022\uFFFDH$\u0012\uFFFDD\u0022\uFFFDH$\u0012\uFFFDD\u0022\uFFFDH$\u0012\uFFFDD\u0022\uFFFDH$\u0012\uFFFDD\u0022\uFFFDH$\u0012\uFFFDD\u0022\uFFFDH$\u0012\uFFFDD\u0022\uFFFDH$\u0012\uFFFDD\u0022\uFFFDH$\u0012\uFFFDD\u0022\uFFFDH$\u0012\uFFFDD\u0022\uFFFDH$\u0012\uFFFDD\u0022\uFFFDH$\u0012\uFFFDD\u0022\uFFFDH$\u0012\uFFFDD\u0022\uFFFDH$\u0012\uFFFDD\u0022\uFFFDH$\u0012\uFFFDD\u0022\uFFFDH$\u0012\uFFFDD\u0022\uFFFDH$\u0012\uFFFDD\u0022\uFFFDH$\u0012\uFFFDD\u0022\uFFFDH$\u0012\uFFFDD\u0022\uFFFDH$\u0012\uFFFDD\u0022\uFFFDH$\u0012\uFFFDD\u0022\uFFFDH$\u0012\uFFFDD\u0022\uFFFDH$\u0012\uFFFDD\u0022\uFFFDH$\u0012\uFFFDD\u0022\uFFFDH$\u0012\uFFFDD\u0022\uFFFDH$\u0012\uFFFDD\u0022\uFFFDH$\u0012\uFFFDD\u0022\uFFFDH$\u0012\uFFFDD\u0022\uFFFDH$\u0012\uFFFDD\u0022\uFFFDH$\u0012\uFFFDD\u0022\uFFFDH$\u0012\uFFFDD\u0022\uFFFDH$\u0012\uFFFDD\u0022\uFFFDH$\u0012\uFFFDD\u0022\uFFFDH$\u0012\uFFFDD\u0022\uFFFDH$\u0012\uFFFDD\u0022\uFFFDH$\u0012\uFFFDD\u0022\uFFFDH$\u0012\uFFFDD\u0022\uFFFDH$\u0012\uFFFDD\u0022\uFFFDH$\u0012\uFFFDD\u0022\uFFFDH$\u0012\uFFFDD\u0022\uFFFDH$\u0012\uFFFDD\u0022\uFFFDH$\u0012\uFFFDD\u0022\uFFFDH$\u0012\uFFFDD\u0022\uFFFDH$\u0012\uFFFDD\u0022\uFFFDH$\u0012\uFFFDD\u0022\uFFFDH$\u0012\uFFFDD\u0022\uFFFDH$\u0012\uFFFDD\u0022\uFFFDH$\u0012\uFFFDD\u0022\uFFFDH$\u0012\uFFFDD\u0022\uFFFDH$\u0012\uFFFDD\u0022\uFFFDH$\u0012\uFFFDD\u0022\uFFFDH$\u0012\uFFFDD\u0022\uFFFDH$\u0012\uFFFDD\u0022\uFFFDH$\u0012\uFFFDD\u0022\uFFFDH$\u0012\uFFFDD\u0022\uFFFDH$\u0012\uFFFDD\u0022\uFFFDH$\u0012\uFFFDD\u0022\uFFFDH$\u0012\uFFFDD\u0022\uFFFDH$\u0012\uFFFDD\u0022\uFFFDH$\u0012\uFFFDD\u0022\uFFFDH$\u0012\uFFFDD\u0022\uFFFDH$\u0012\uFFFDD\u0022\uFFFDH$\u0012\uFFFDD\u0022\uFFFDH$\u0012\uFFFDD\u0022\uFFFDH$\u0012\uFFFDD\u0022\uFFFDH$\u0012\uFFFDD\u0022\uFFFDH$\u0012\uFFFDD\u0022\uFFFDH$\u0012\uFFFDD\u0022\uFFFDH$\u0012\uFFFDD\u0022\uFFFDH$\u0012\uFFFDD\u0022\uFFFDH$\u0012\uFFFDD\u0022\uFFFDH$\u0012\uFFFDD\u0022\uFFFDH$\u0012\uFFFDD\u0022\uFFFDH$\u0012\uFFFDD\u0022\uFFFDH$\u0012\uFFFDD\u0022\uFFFDH$\u0012\uFFFDD\u0022\uFFFDH$\u0012\uFFFDD\u0022\uFFFDH$\u0012\uFFFDD\u0022\uFFFDH$\u0012\uFFFDD\u0022\uFFFDH$\u0012\uFFFDD\u0022\uFFFDH$\u0012\uFFFDD\u0022\uFFFDH$\u0012\uFFFDD\u0022\uFFFDH$\u0012\uFFFDD\u0022\uFFFDH$\u0012\uFFFDD\u0022\uFFFDH$\u0012\uFFFDD\u0022\uFFFDH$\u0012\uFFFDD\u0022\uFFFDH$\u0012\uFFFDD\u0022\uFFFDH$\u0012\uFFFDD\u0022\uFFFDH$\u0012\uFFFDD\u0022\uFFFDH$\u0012\uFFFDD\u0022\uFFFDH$\u0012\uFFFDD\u0022\uFFFDH$\u0012\uFFFDD\u0022\uFFFDH$\u0012\uFFFDD\u0022\uFFFDH$\u0012\uFFFDD\u0022\uFFFDH$\u0012\uFFFDD\u0022\uFFFDH$\u0012\uFFFDD\u0022\uFFFDH$\u0012\uFFFDD\u0022\uFFFDH$\u0012\uFFFDD\u0022\uFFFDH$\u0012\uFFFDD\u0022\uFFFDH$\u0012\uFFFDD\u0022\uFFFDH$\u0012\uFFFDD\u0022\uFFFDH$\u0012\uFFFDD\u0022\uFFFDH$\u0012\uFFFDD\u0022\uFFFDH$\u0012\uFFFDD\u0022\uFFFDH$\u0012\uFFFDD\u0022\uFFFDH$\u0012\uFFFDD\u0022\uFFFDH$\u0012\uFFFDD\u0022\uFFFDH$\u0012\uFFFDD\u0022\uFFFDH$\u0012\uFFFDD\u0022\uFFFDH$\u0012\uFFFDD\u0022\uFFFDH$\u0012\uFFFDD\u0022\uFFFDH$\u0012\uFFFDD\u0022\uFFFDH$\u0012\uFFFDD\u0022\uFFFDH$\u0012\uFFFDD\u0022\uFFFDH$\u0012\uFFFDD\u0022\uFFFDH$\u0012\uFFFDD\u0022\uFFFDH$\u0012\uFFFDD\u0022\uFFFDH$\u0012\uFFFDD\u0022\uFFFDH$\u0012\uFFFDD\u0022\uFFFDH$\u0012\uFFFDD\u0022\uFFFDH$\u0012\uFFFDD\u0022\uFFFDH$\u0012\uFFFDD\u0022\uFFFDH$\u0012\uFFFDD\u0022\uFFFDH$\u0012\uFFFDD\u0022\uFFFDH$\u0012\uFFFDD\u0022\uFFFDH$\u0012\uFFFDD\u0022\uFFFDH$\u0012\uFFFDD\u0022\uFFFDH$\u0012\uFFFDD\u0022\uFFFDH$\u0012\uFFFDD\u0022\uFFFDH$\u0012\uFFFDD\u0022\uFFFDH$\u0012\uFFFDD\u0022\uFFFDH$\u0012\uFFFDD\u0022\uFFFDH$\u0012\uFFFDD\u0022\uFFFDH$\u0012\uFFFDD\u0022\uFFFDH$\u0012\uFFFDD\u0022\uFFFDH$\u0012\uFFFDD\u0022\uFFFDH$\u0012\uFFFDD\u0022\uFFFDH$\u0012\uFFFDD\u0022\uFFFDH$\u0012\uFFFDD\u0022\uFFFDH$\u0012\uFFFDD\u0022\uFFFDH$\u0012\uFFFDD\u0022\uFFFDH$\u0012\uFFFDD\u0022\uFFFDH$\u0012\uFFFDD\u0022\uFFFDH$\u0012\uFFFDD\u0022\uFFFDH$\u0012\uFFFDD\u0022\uFFFDH$\u0012\uFFFDD\u0022\uFFFDH$\u0012\uFFFDD\u0022\uFFFDH$\u0012\uFFFDD\u0022\uFFFDH$\u0012\uFFFDD\u0022\uFFFDH$\u0012\uFFFDD\u0022\uFFFDH$\u0012\uFFFDD\u0022\uFFFDH$\u0012\uFFFDD\u0022\uFFFDH$\u0012\uFFFDD\u0022\uFFFDH$\u0012\uFFFDD\u0022\uFFFDH$\u0012\uFFFDD\u0022\uFFFDH$\u0012\uFFFDD\u0022\uFFFDH$\u0012\uFFFDD\u0022\uFFFDH$\u0012\uFFFDD\u0022\uFFFDH$\u0012\uFFFDD\u0022\uFFFDH$\u0012\uFFFDD\u0022\uFFFDH$\u0012\uFFFDD\u0022\uFFFDH$\u0012\uFFFDD\u0022\uFFFDH$\u0012\uFFFDD\u0022\uFFFDH$\u0012\uFFFDD\u0022\uFFFDH$\u0012\uFFFDD\u0022\uFFFDH$\u0012\uFFFDD\u0022\uFFFDH$\u0012\uFFFDD\u0022\uFFFDH$\u0012\uFFFDD\u0022\uFFFDH$\u0012\uFFFDD\u0022\uFFFDH$\u0012\uFFFDD\u0022\uFFFDH$\u0012\uFFFDD\u0022\uFFFDH$\u0012\uFFFDD\u0022\uFFFDH$\u0012\uFFFDD\u0022\uFFFDH$\u0012\uFFFDD\u0022\uFFFDH$\u0012\uFFFDD\u0022\uFFFDH$\u0012\uFFFDD\u0022\uFFFDH$\u0012\uFFFDD\u0022\uFFFDH$\u0012\uFFFDD\u0022\uFFFDH$\u0012\uFFFDD\u0022\uFFFDH$\u0012\uFFFDD\u0022\uFFFDH$\u0012\uFFFDD\u0022\uFFFDH$\u0012\uFFFDD\u0022\uFFFDH$\u0012\uFFFDD\u0022\uFFFDH$\u0012\uFFFDD\u0022\uFFFDH$\u0012\uFFFDD\u0022\uFFFDH$\u0012\uFFFDD\u0022\uFFFDH$\u0012\uFFFDD\u0022\uFFFDH$\u0012\uFFFDD\u0022\uFFFDH$\u0012\uFFFDD\u0022\uFFFDH$\u0012\uFFFDD\u0022\uFFFDH$\u0012\uFFFDD\u0022\uFFFDH$\u0012\uFFFDD\u0022\uFFFDH$\u0012\uFFFDD\u0022\uFFFDH$\u0012\uFFFD\u013F\uFFFD\uFFFD7\uFFFD\uFFFDH\uFFFDCr\u000F\u0000"
      ],
      "StatusCode": 404,
      "ResponseHeaders": {
        "Content-Type": "application/json",
        "Date": "Mon, 18 Jul 2022 23:17:47 GMT",
        "Server": "Microsoft-HTTPAPI/2.0",
        "Transfer-Encoding": "chunked",
        "x-ms-client-request-id": "a88d401e-9572-4959-af11-68ca114e9e17",
        "x-ms-error-code": "NotFound",
        "x-ms-request-id": "aeb3c213-a059-4c92-a2ff-913b08ab559b"
      },
      "ResponseBody": {
        "error": {
          "code": "NotFound",
          "message": "Data collection rule with immutable Id \u0027immutable-id-123\u0027 not found."
        }
      }
    },
    {
      "RequestUri": "https://thisurl-logsingestion-somethinglocation123abcrd.monitor.azure.com/dataCollectionRules/immutable-id-123/streams/Custom-MyTableRawData?api-version=2021-11-01-preview",
      "RequestMethod": "POST",
      "RequestHeaders": {
        "Accept": "application/json",
        "Accept-Encoding": "gzip,deflate",
        "Authorization": "Sanitized",
        "Connection": "keep-alive",
        "Content-Encoding": "gzip",
        "Content-Length": "5582",
        "Content-Type": "application/json",
        "User-Agent": "azsdk-js-monitor-ingestion/1.0.0-beta.1 core-rest-pipeline/1.9.1 Node/v16.14.2 OS/(x64-Linux-5.4.0-1074-azure)",
        "x-ms-client-request-id": "715db603-7496-4ae6-9f79-ed7ce1d8f701"
      },
      "RequestBody": [
        "\u001F\uFFFD\b\u0000\u0000\u0000\u0000\u0000\u0000\u0003\uFFFD\u0331\n",
        "\uFFFDP\u0000\uFFFD\uFFFDW\uFFFD;k\\nb\uFFFD\u0016\uFFFD\uFFFDS\uFFFD )!\uFFFD\u000E9\u0004\u047B\uFFFD\u0010=A\u3DDE\uFFFD\uD835\uDFA1\u001DoChB\uFFFD)\u0015\uFFFD*\u04B6\uFFFDe\u0013\uB9AC6\uFFFD\uFFFD\u003E\uFFFD\u003C\uFFFD\uFFFD~\\\uFFFDe\uFFFD\uFFFD2\uFFFD\uFFFDc\uFFFD\u073B\u07D6M\uFFFD\uFFFD\uFFFD]\uFFFD\uFFFD\u0013\uFFFDD\u0022\uFFFDH$\u0012\uFFFDD\u0022\uFFFDH$\u0012\uFFFDD\u0022\uFFFDH$\u0012\uFFFDD\u0022\uFFFDH$\u0012\uFFFDD\u0022\uFFFDH$\u0012\uFFFDD\u0022\uFFFDH$\u0012\uFFFDD\u0022\uFFFDH$\u0012\uFFFDD\u0022\uFFFDH$\u0012\uFFFDD\u0022\uFFFDH$\u0012\uFFFDD\u0022\uFFFDH$\u0012\uFFFDD\u0022\uFFFDH$\u0012\uFFFDD\u0022\uFFFDH$\u0012\uFFFDD\u0022\uFFFDH$\u0012\uFFFDD\u0022\uFFFDH$\u0012\uFFFDD\u0022\uFFFDH$\u0012\uFFFDD\u0022\uFFFDH$\u0012\uFFFDD\u0022\uFFFDH$\u0012\uFFFDD\u0022\uFFFDH$\u0012\uFFFDD\u0022\uFFFDH$\u0012\uFFFDD\u0022\uFFFDH$\u0012\uFFFDD\u0022\uFFFDH$\u0012\uFFFDD\u0022\uFFFDH$\u0012\uFFFDD\u0022\uFFFDH$\u0012\uFFFDD\u0022\uFFFDH$\u0012\uFFFDD\u0022\uFFFDH$\u0012\uFFFDD\u0022\uFFFDH$\u0012\uFFFDD\u0022\uFFFDH$\u0012\uFFFDD\u0022\uFFFDH$\u0012\uFFFDD\u0022\uFFFDH$\u0012\uFFFDD\u0022\uFFFDH$\u0012\uFFFDD\u0022\uFFFDH$\u0012\uFFFDD\u0022\uFFFDH$\u0012\uFFFDD\u0022\uFFFDH$\u0012\uFFFDD\u0022\uFFFDH$\u0012\uFFFDD\u0022\uFFFDH$\u0012\uFFFDD\u0022\uFFFDH$\u0012\uFFFDD\u0022\uFFFDH$\u0012\uFFFDD\u0022\uFFFDH$\u0012\uFFFDD\u0022\uFFFDH$\u0012\uFFFDD\u0022\uFFFDH$\u0012\uFFFDD\u0022\uFFFDH$\u0012\uFFFDD\u0022\uFFFDH$\u0012\uFFFDD\u0022\uFFFDH$\u0012\uFFFDD\u0022\uFFFDH$\u0012\uFFFDD\u0022\uFFFDH$\u0012\uFFFDD\u0022\uFFFDH$\u0012\uFFFDD\u0022\uFFFDH$\u0012\uFFFDD\u0022\uFFFDH$\u0012\uFFFDD\u0022\uFFFDH$\u0012\uFFFDD\u0022\uFFFDH$\u0012\uFFFDD\u0022\uFFFDH$\u0012\uFFFDD\u0022\uFFFDH$\u0012\uFFFDD\u0022\uFFFDH$\u0012\uFFFDD\u0022\uFFFDH$\u0012\uFFFDD\u0022\uFFFDH$\u0012\uFFFDD\u0022\uFFFDH$\u0012\uFFFDD\u0022\uFFFDH$\u0012\uFFFDD\u0022\uFFFDH$\u0012\uFFFDD\u0022\uFFFDH$\u0012\uFFFDD\u0022\uFFFDH$\u0012\uFFFDD\u0022\uFFFDH$\u0012\uFFFDD\u0022\uFFFDH$\u0012\uFFFDD\u0022\uFFFDH$\u0012\uFFFDD\u0022\uFFFDH$\u0012\uFFFDD\u0022\uFFFDH$\u0012\uFFFDD\u0022\uFFFDH$\u0012\uFFFDD\u0022\uFFFDH$\u0012\uFFFDD\u0022\uFFFDH$\u0012\uFFFDD\u0022\uFFFDH$\u0012\uFFFDD\u0022\uFFFDH$\u0012\uFFFDD\u0022\uFFFDH$\u0012\uFFFDD\u0022\uFFFDH$\u0012\uFFFDD\u0022\uFFFDH$\u0012\uFFFDD\u0022\uFFFDH$\u0012\uFFFDD\u0022\uFFFDH$\u0012\uFFFDD\u0022\uFFFDH$\u0012\uFFFDD\u0022\uFFFDH$\u0012\uFFFDD\u0022\uFFFDH$\u0012\uFFFDD\u0022\uFFFDH$\u0012\uFFFDD\u0022\uFFFDH$\u0012\uFFFDD\u0022\uFFFDH$\u0012\uFFFDD\u0022\uFFFDH$\u0012\uFFFDD\u0022\uFFFDH$\u0012\uFFFDD\u0022\uFFFDH$\u0012\uFFFDD\u0022\uFFFDH$\u0012\uFFFDD\u0022\uFFFDH$\u0012\uFFFDD\u0022\uFFFDH$\u0012\uFFFDD\u0022\uFFFDH$\u0012\uFFFDD\u0022\uFFFDH$\u0012\uFFFDD\u0022\uFFFDH$\u0012\uFFFDD\u0022\uFFFDH$\u0012\uFFFDD\u0022\uFFFDH$\u0012\uFFFDD\u0022\uFFFDH$\u0012\uFFFDD\u0022\uFFFDH$\u0012\uFFFDD\u0022\uFFFDH$\u0012\uFFFDD\u0022\uFFFDH$\u0012\uFFFDD\u0022\uFFFDH$\u0012\uFFFDD\u0022\uFFFDH$\u0012\uFFFDD\u0022\uFFFDH$\u0012\uFFFDD\u0022\uFFFDH$\u0012\uFFFDD\u0022\uFFFDH$\u0012\uFFFDD\u0022\uFFFDH$\u0012\uFFFDD\u0022\uFFFDH$\u0012\uFFFDD\u0022\uFFFDH$\u0012\uFFFDD\u0022\uFFFDH$\u0012\uFFFDD\u0022\uFFFDH$\u0012\uFFFDD\u0022\uFFFDH$\u0012\uFFFDD\u0022\uFFFDH$\u0012\uFFFDD\u0022\uFFFDH$\u0012\uFFFDD\u0022\uFFFDH$\u0012\uFFFDD\u0022\uFFFDH$\u0012\uFFFDD\u0022\uFFFDH$\u0012\uFFFDD\u0022\uFFFDH$\u0012\uFFFDD\u0022\uFFFDH$\u0012\uFFFDD\u0022\uFFFDH$\u0012\uFFFDD\u0022\uFFFDH$\u0012\uFFFDD\u0022\uFFFDH$\u0012\uFFFDD\u0022\uFFFDH$\u0012\uFFFDD\u0022\uFFFDH$\u0012\uFFFDD\u0022\uFFFDH$\u0012\uFFFDD\u0022\uFFFDH$\u0012\uFFFDD\u0022\uFFFDH$\u0012\uFFFDD\u0022\uFFFDH$\u0012\uFFFDD\u0022\uFFFDH$\u0012\uFFFDD\u0022\uFFFDH$\u0012\uFFFDD\u0022\uFFFDH$\u0012\uFFFDD\u0022\uFFFDH$\u0012\uFFFDD\u0022\uFFFDH$\u0012\uFFFDD\u0022\uFFFDH$\u0012\uFFFDD\u0022\uFFFDH$\u0012\uFFFDD\u0022\uFFFDH$\u0012\uFFFDD\u0022\uFFFDH$\u0012\uFFFDD\u0022\uFFFDH$\u0012\uFFFDD\u0022\uFFFDH$\u0012\uFFFDD\u0022\uFFFDH$\u0012\uFFFDD\u0022\uFFFDH$\u0012\uFFFDD\u0022\uFFFDH$\u0012\uFFFDD\u0022\uFFFDH$\u0012\uFFFDD\u0022\uFFFDH$\u0012\uFFFDD\u0022\uFFFDH$\u0012\uFFFDD\u0022\uFFFDH$\u0012\uFFFDD\u0022\uFFFDH$\u0012\uFFFDD\u0022\uFFFDH$\u0012\uFFFDD\u0022\uFFFDH$\u0012\uFFFDD\u0022\uFFFDH$\u0012\uFFFDD\u0022\uFFFDH$\u0012\uFFFDD\u0022\uFFFDH$\u0012\uFFFDD\u0022\uFFFDH$\u0012\uFFFDD\u0022\uFFFDH$\u0012\uFFFDD\u0022\uFFFDH$\u0012\uFFFDD\u0022\uFFFDH$\u0012\uFFFDD\u0022\uFFFDH$\u0012\uFFFDD\u0022\uFFFDH$\u0012\uFFFDD\u0022\uFFFDH$\u0012\uFFFDD\u0022\uFFFDH$\u0012\uFFFDD\u0022\uFFFDH$\u0012\uFFFDD\u0022\uFFFDH$\u0012\uFFFDD\u0022\uFFFDH$\u0012\uFFFDD\u0022\uFFFDH$\u0012\uFFFDD\u0022\uFFFDH$\u0012\uFFFDD\u0022\uFFFDH$\u0012\uFFFDD\u0022\uFFFDH$\u0012\uFFFDD\u0022\uFFFDH$\u0012\uFFFDD\u0022\uFFFDH$\u0012\uFFFDD\u0022\uFFFDH$\u0012\uFFFDD\u0022\uFFFDH$\u0012\uFFFDD\u0022\uFFFDH$\u0012\uFFFDD\u0022\uFFFDH$\u0012\uFFFDD\u0022\uFFFDH$\u0012\uFFFDD\u0022\uFFFDH$\u0012\uFFFDD\u0022\uFFFDH$\u0012\uFFFDD\u0022\uFFFDH$\u0012\uFFFDD\u0022\uFFFDH$\u0012\uFFFDD\u0022\uFFFDH$\u0012\uFFFDD\u0022\uFFFDH$\u0012\uFFFDD\u0022\uFFFDH$\u0012\uFFFDD\u0022\uFFFDH$\u0012\uFFFDD\u0022\uFFFDH$\u0012\uFFFDD\u0022\uFFFDH$\u0012\uFFFDD\u0022\uFFFDH$\u0012\uFFFDD\u0022\uFFFDH$\u0012\uFFFDD\u0022\uFFFDH$\u0012\uFFFDD\u0022\uFFFDH$\u0012\uFFFDD\u0022\uFFFDH$\u0012\uFFFDD\u0022\uFFFDH$\u0012\uFFFDD\u0022\uFFFDH$\u0012\uFFFDD\u0022\uFFFDH$\u0012\uFFFDD\u0022\uFFFDH$\u0012\uFFFDD\u0022\uFFFDH$\u0012\uFFFDD\u0022\uFFFDH$\u0012\uFFFDD\u0022\uFFFDH$\u0012\uFFFDD\u0022\uFFFDH$\u0012\uFFFDD\u0022\uFFFDH$\u0012\uFFFDD\u0022\uFFFDH$\u0012\uFFFDD\u0022\uFFFDH$\u0012\uFFFDD\u0022\uFFFDH$\u0012\uFFFDD\u0022\uFFFDH$\u0012\uFFFDD\u0022\uFFFDH$\u0012\uFFFDD\u0022\uFFFDH$\u0012\uFFFDD\u0022\uFFFDH$\u0012\uFFFDD\u0022\uFFFDH$\u0012\uFFFDD\u0022\uFFFDH$\u0012\uFFFDD\u0022\uFFFDH$\u0012\uFFFDD\u0022\uFFFDH$\u0012\uFFFDD\u0022\uFFFDH$\u0012\uFFFDD\u0022\uFFFDH$\u0012\uFFFDD\u0022\uFFFDH$\u0012\uFFFDD\u0022\uFFFDH$\u0012\uFFFDD\u0022\uFFFDH$\u0012\uFFFDD\u0022\uFFFDH$\u0012\uFFFDD\u0022\uFFFDH$\u0012\uFFFDD\u0022\uFFFDH$\u0012\uFFFDD\u0022\uFFFDH$\u0012\uFFFDD\u0022\uFFFDH$\u0012\uFFFDD\u0022\uFFFDH$\u0012\uFFFDD\u0022\uFFFDH$\u0012\uFFFDD\u0022\uFFFDH$\u0012\uFFFDD\u0022\uFFFDH$\u0012\uFFFDD\u0022\uFFFDH$\u0012\uFFFDD\u0022\uFFFDH$\u0012\uFFFDD\u0022\uFFFDH$\u0012\uFFFDD\u0022\uFFFDH$\u0012\uFFFDD\u0022\uFFFDH$\u0012\uFFFDD\u0022\uFFFDH$\u0012\uFFFDD\u0022\uFFFDH$\u0012\uFFFDD\u0022\uFFFDH$\u0012\uFFFDD\u0022\uFFFDH$\u0012\uFFFDD\u0022\uFFFDH$\u0012\uFFFDD\u0022\uFFFDH$\u0012\uFFFDD\u0022\uFFFDH$\u0012\uFFFDD\u0022\uFFFDH$\u0012\uFFFDD\u0022\uFFFDH$\u0012\uFFFDD\u0022\uFFFDH$\u0012\uFFFDD\u0022\uFFFDH$\u0012\uFFFDD\u0022\uFFFDH$\u0012\uFFFDD\u0022\uFFFDH$\u0012\uFFFDD\u0022\uFFFDH$\u0012\uFFFDD\u0022\uFFFDH$\u0012\uFFFDD\u0022\uFFFDH$\u0012\uFFFDD\u0022\uFFFDH$\u0012\uFFFDD\u0022\uFFFDH$\u0012\uFFFDD\u0022\uFFFDH$\u0012\uFFFDD\u0022\uFFFDH$\u0012\uFFFDD\u0022\uFFFDH$\u0012\uFFFDD\u0022\uFFFDH$\u0012\uFFFDD\u0022\uFFFDH$\u0012\uFFFDD\u0022\uFFFDH$\u0012\uFFFDD\u0022\uFFFDH$\u0012\uFFFDD\u0022\uFFFDH$\u0012\uFFFDD\u0022\uFFFDH$\u0012\uFFFDD\u0022\uFFFDH$\u0012\uFFFDD\u0022\uFFFDH$\u0012\uFFFDD\u0022\uFFFDH$\u0012\uFFFDD\u0022\uFFFDH$\u0012\uFFFDD\u0022\uFFFDH$\u0012\uFFFDD\u0022\uFFFDH$\u0012\uFFFDD\u0022\uFFFDH$\u0012\uFFFDD\u0022\uFFFDH$\u0012\uFFFDD\u0022\uFFFDH$\u0012\uFFFDD\u0022\uFFFDH$\u0012\uFFFDD\u0022\uFFFDH$\u0012\uFFFDD\u0022\uFFFDH$\u0012\uFFFDD\u0022\uFFFDH$\u0012\uFFFDD\u0022\uFFFDH$\u0012\uFFFDD\u0022\uFFFDH$\u0012\uFFFDD\u0022\uFFFDH$\u0012\uFFFDD\u0022\uFFFDH$\u0012\uFFFDD\u0022\uFFFDH$\u0012\uFFFDD\u0022\uFFFDH$\u0012\uFFFDD\u0022\uFFFDH$\u0012\uFFFDD\u0022\uFFFDH$\u0012\uFFFDD\u0022\uFFFDH$\u0012\uFFFDD\u0022\uFFFDH$\u0012\uFFFDD\u0022\uFFFDH$\u0012\uFFFDD\u0022\uFFFDH$\u0012\uFFFDD\u0022\uFFFDH$\u0012\uFFFDD\u0022\uFFFDH$\u0012\uFFFDD\u0022\uFFFDH$\u0012\uFFFDD\u0022\uFFFDH$\u0012\uFFFDD\u0022\uFFFDH$\u0012\uFFFDD\u0022\uFFFDH$\u0012\uFFFDD\u0022\uFFFDH$\u0012\uFFFDD\u0022\uFFFDH$\u0012\uFFFDD\u0022\uFFFDH$\u0012\uFFFDD\u0022\uFFFDH$\u0012\uFFFDD\u0022\uFFFDH$\u0012\uFFFDD\u0022\uFFFDH$\u0012\uFFFDD\u0022\uFFFDH$\u0012\uFFFDD\u0022\uFFFDH$\u0012\uFFFDD\u0022\uFFFDH$\u0012\uFFFDD\u0022\uFFFDH$\u0012\uFFFDD\u0022\uFFFDH$\u0012\uFFFDD\u0022\uFFFDH$\u0012\uFFFDD\u0022\uFFFDH$\u0012\uFFFDD\u0022\uFFFDH$\u0012\uFFFDD\u0022\uFFFDH$\u0012\uFFFDD\u0022\uFFFDH$\u0012\uFFFDD\u0022\uFFFDH$\u0012\uFFFDD\u0022\uFFFDH$\u0012\uFFFDD\u0022\uFFFDH$\u0012\uFFFDD\u0022\uFFFDH$\u0012\uFFFDD\u0022\uFFFDH$\u0012\uFFFDD\u0022\uFFFDH$\u0012\uFFFDD\u0022\uFFFDH$\u0012\uFFFDD\u0022\uFFFDH$\u0012\uFFFDD\u0022\uFFFDH$\u0012\uFFFDD\u0022\uFFFDH$\u0012\uFFFDD\u0022\uFFFDH$\u0012\uFFFDD\u0022\uFFFDH$\u0012\uFFFDD\u0022\uFFFDH$\u0012\uFFFDD\u0022\uFFFDH$\u0012\uFFFDD\u0022\uFFFDH$\u0012\uFFFDD\u0022\uFFFDH$\u0012\uFFFDD\u0022\uFFFDH$\u0012\uFFFDD\u0022\uFFFDH$\u0012\uFFFDD\u0022\uFFFDH$\u0012\uFFFDD\u0022\uFFFDH$\u0012\uFFFDD\u0022\uFFFDH$\u0012\uFFFDD\u0022\uFFFDH$\u0012\uFFFDD\u0022\uFFFDH$\u0012\uFFFDD\u0022\uFFFDH$\u0012\uFFFDD\u0022\uFFFDH$\u0012\uFFFDD\u0022\uFFFDH$\u0012\uFFFDD\u0022\uFFFDH$\u0012\uFFFDD\u0022\uFFFDH$\u0012\uFFFDD\u0022\uFFFDH$\u0012\uFFFDD\u0022\uFFFDH$\u0012\uFFFDD\u0022\uFFFDH$\u0012\uFFFDD\u0022\uFFFDH$\u0012\uFFFDD\u0022\uFFFDH$\u0012\uFFFDD\u0022\uFFFDH$\u0012\uFFFDD\u0022\uFFFDH$\u0012\uFFFDD\u0022\uFFFDH$\u0012\uFFFDD\u0022\uFFFDH$\u0012\uFFFDD\u0022\uFFFDH$\u0012\uFFFDD\u0022\uFFFDH$\u0012\uFFFDD\u0022\uFFFDH$\u0012\uFFFDD\u0022\uFFFDH$\u0012\uFFFDD\u0022\uFFFDH$\u0012\uFFFDD\u0022\uFFFDH$\u0012\uFFFDD\u0022\uFFFDH$\u0012\uFFFDD\u0022\uFFFDH$\u0012\uFFFDD\u0022\uFFFDH$\u0012\uFFFDD\u0022\uFFFDH$\u0012\uFFFDD\u0022\uFFFDH$\u0012\uFFFDD\u0022\uFFFDH$\u0012\uFFFDD\u0022\uFFFDH$\u0012\uFFFDD\u0022\uFFFDH$\u0012\uFFFDD\u0022\uFFFDH$\u0012\uFFFDD\u0022\uFFFDH$\u0012\uFFFDD\u0022\uFFFDH$\u0012\uFFFDD\u0022\uFFFDH$\u0012\uFFFDD\u0022\uFFFDH$\u0012\uFFFDD\u0022\uFFFDH$\u0012\uFFFDD\u0022\uFFFDH$\u0012\uFFFDD\u0022\uFFFDH$\u0012\uFFFDD\u0022\uFFFDH$\u0012\uFFFDD\u0022\uFFFDH$\u0012\uFFFDD\u0022\uFFFDH$\u0012\uFFFDD\u0022\uFFFDH$\u0012\uFFFDD\u0022\uFFFDH$\u0012\uFFFDD\u0022\uFFFDH$\u0012\uFFFDD\u0022\uFFFDH$\u0012\uFFFDD\u0022\uFFFDH$\u0012\uFFFDD\u0022\uFFFDH$\u0012\uFFFDD\u0022\uFFFDH$\u0012\uFFFDD\u0022\uFFFDH$\u0012\uFFFDD\u0022\uFFFDH$\u0012\uFFFDD\u0022\uFFFDH$\u0012\uFFFDD\u0022\uFFFDH$\u0012\uFFFDD\u0022\uFFFDH$\u0012\uFFFDD\u0022\uFFFDH$\u0012\uFFFDD\u0022\uFFFDH$\u0012\uFFFDD\u0022\uFFFDH$\u0012\uFFFDD\u0022\uFFFDH$\u0012\uFFFDD\u0022\uFFFDH$\u0012\uFFFDD\u0022\uFFFDH$\u0012\uFFFDD\u0022\uFFFDH$\u0012\uFFFDD\u0022\uFFFDH$\u0012\uFFFDD\u0022\uFFFDH$\u0012\uFFFDD\u0022\uFFFDH$\u0012\uFFFDD\u0022\uFFFDH$\u0012\uFFFDD\u0022\uFFFDH$\u0012\uFFFDD\u0022\uFFFDH$\u0012\uFFFDD\u0022\uFFFDH$\u0012\uFFFDD\u0022\uFFFDH$\u0012\uFFFDD\u0022\uFFFDH$\u0012\uFFFDD\u0022\uFFFDH$\u0012\uFFFDD\u0022\uFFFDH$\u0012\uFFFDD\u0022\uFFFDH$\u0012\uFFFDD\u0022\uFFFDH$\u0012\uFFFDD\u0022\uFFFDH$\u0012\uFFFDD\u0022\uFFFDH$\u0012\uFFFDD\u0022\uFFFDH$\u0012\uFFFDD\u0022\uFFFDH$\u0012\uFFFDD\u0022\uFFFDH$\u0012\uFFFDD\u0022\uFFFDH$\u0012\uFFFDD\u0022\uFFFDH$\u0012\uFFFDD\u0022\uFFFDH$\u0012\uFFFDD\u0022\uFFFDH$\u0012\uFFFDD\u0022\uFFFDH$\u0012\uFFFDD\u0022\uFFFDH$\u0012\uFFFDD\u0022\uFFFDH$\u0012\uFFFDD\u0022\uFFFDH$\u0012\uFFFDD\u0022\uFFFDH$\u0012\uFFFDD\u0022\uFFFDH$\u0012\uFFFDD\u0022\uFFFDH$\u0012\uFFFDD\u0022\uFFFDH$\u0012\uFFFDD\u0022\uFFFDH$\u0012\uFFFDD\u0022\uFFFDH$\u0012\uFFFDD\u0022\uFFFDH$\u0012\uFFFDD\u0022\uFFFDH$\u0012\uFFFDD\u0022\uFFFDH$\u0012\uFFFDD\u0022\uFFFDH$\u0012\uFFFDD\u0022\uFFFDH$\u0012\uFFFDD\u0022\uFFFDH$\u0012\uFFFDD\u0022\uFFFDH$\u0012\uFFFDD\u0022\uFFFDH$\u0012\uFFFDD\u0022\uFFFDH$\u0012\uFFFDD\u0022\uFFFDH$\u0012\uFFFDD\u0022\uFFFDH$\u0012\uFFFDD\u0022\uFFFDH$\u0012\uFFFDD\u0022\uFFFDH$\u0012\uFFFDD\u0022\uFFFDH$\u0012\uFFFDD\u0022\uFFFDH$\u0012\uFFFDD\u0022\uFFFDH$\u0012\uFFFDD\u0022\uFFFDH$\u0012\uFFFDD\u0022\uFFFDH$\u0012\uFFFDD\u0022\uFFFDH$\u0012\uFFFDD\u0022\uFFFDH$\u0012\uFFFDD\u0022\uFFFDH$\u0012\uFFFDD\u0022\uFFFDH$\u0012\uFFFDD\u0022\uFFFDH$\u0012\uFFFDD\u0022\uFFFDH$\u0012\uFFFDD\u0022\uFFFDH$\u0012\uFFFDD\u0022\uFFFDH$\u0012\uFFFDD\u0022\uFFFDH$\u0012\uFFFDD\u0022\uFFFDH$\u0012\uFFFDD\u0022\uFFFDH$\u0012\uFFFDD\u0022\uFFFDH$\u0012\uFFFDD\u0022\uFFFDH$\u0012\uFFFDD\u0022\uFFFDH$\u0012\uFFFDD\u0022\uFFFDH$\u0012\uFFFDD\u0022\uFFFDH$\u0012\uFFFDD\u0022\uFFFDH$\u0012\uFFFDD\u0022\uFFFDH$\u0012\uFFFDD\u0022\uFFFDH$\u0012\uFFFDD\u0022\uFFFDH$\u0012\uFFFDD\u0022\uFFFDH$\u0012\uFFFDD\u0022\uFFFDH$\u0012\uFFFDD\u0022\uFFFDH$\u0012\uFFFDD\u0022\uFFFDH$\u0012\uFFFDD\u0022\uFFFDH$\u0012\uFFFDD\u0022\uFFFDH$\u0012\uFFFDD\u0022\uFFFDH$\u0012\uFFFDD\u0022\uFFFDH$\u0012\uFFFDD\u0022\uFFFDH$\u0012\uFFFDD\u0022\uFFFDH$\u0012\uFFFDD\u0022\uFFFDH$\u0012\uFFFDD\u0022\uFFFDH$\u0012\uFFFDD\u0022\uFFFDH$\u0012\uFFFDD\u0022\uFFFDH$\u0012\uFFFDD\u0022\uFFFDH$\u0012\uFFFDD\u0022\uFFFDH$\u0012\uFFFDD\u0022\uFFFDH$\u0012\uFFFDD\u0022\uFFFDH$\u0012\uFFFDD\u0022\uFFFDH$\u0012\uFFFDD\u0022\uFFFDH$\u0012\uFFFDD\u0022\uFFFDH$\u0012\uFFFDD\u0022\uFFFDH$\u0012\uFFFDD\u0022\uFFFDH$\u0012\uFFFDD\u0022\uFFFDH$\u0012\uFFFDD\u0022\uFFFDH$\u0012\uFFFDD\u0022\uFFFDH$\u0012\uFFFDD\u0022\uFFFDH$\u0012\uFFFDD\u0022\uFFFDH$\u0012\uFFFDD\u0022\uFFFDH$\u0012\uFFFDD\u0022\uFFFDH$\u0012\uFFFDD\u0022\uFFFDH$\u0012\uFFFDD\u0022\uFFFDH$\u0012\uFFFDD\u0022\uFFFDH$\u0012\uFFFDD\u0022\uFFFDH$\u0012\uFFFDD\u0022\uFFFDH$\u0012\uFFFDD\u0022\uFFFDH$\u0012\uFFFDD\u0022\uFFFDH$\u0012\uFFFDD\u0022\uFFFDH$\u0012\uFFFDD\u0022\uFFFDH$\u0012\uFFFDD\u0022\uFFFDH$\u0012\uFFFDD\u0022\uFFFDH$\u0012\uFFFDD\u0022\uFFFDH$\u0012\uFFFD\u013F\uFFFD\uFFFD7\uFFFD\uFFFDH\uFFFDCr\u000F\u0000"
      ],
      "StatusCode": 404,
      "ResponseHeaders": {
        "Content-Type": "application/json",
        "Date": "Mon, 18 Jul 2022 23:17:48 GMT",
        "Server": "Microsoft-HTTPAPI/2.0",
        "Transfer-Encoding": "chunked",
        "x-ms-client-request-id": "715db603-7496-4ae6-9f79-ed7ce1d8f701",
        "x-ms-error-code": "NotFound",
        "x-ms-request-id": "e8100fe5-bf6c-41bf-b774-bd1013378dc2"
      },
      "ResponseBody": {
        "error": {
          "code": "NotFound",
          "message": "Data collection rule with immutable Id \u0027immutable-id-123\u0027 not found."
        }
      }
    },
    {
      "RequestUri": "https://thisurl-logsingestion-somethinglocation123abcrd.monitor.azure.com/dataCollectionRules/immutable-id-123/streams/Custom-MyTableRawData?api-version=2021-11-01-preview",
      "RequestMethod": "POST",
      "RequestHeaders": {
        "Accept": "application/json",
        "Accept-Encoding": "gzip,deflate",
        "Authorization": "Sanitized",
        "Connection": "keep-alive",
        "Content-Encoding": "gzip",
        "Content-Length": "5582",
        "Content-Type": "application/json",
        "User-Agent": "azsdk-js-monitor-ingestion/1.0.0-beta.1 core-rest-pipeline/1.9.1 Node/v16.14.2 OS/(x64-Linux-5.4.0-1074-azure)",
        "x-ms-client-request-id": "2226a1dc-c93e-4120-9e93-3e9929f85d8b"
      },
      "RequestBody": [
        "\u001F\uFFFD\b\u0000\u0000\u0000\u0000\u0000\u0000\u0003\uFFFD\u0331\n",
        "\uFFFDP\u0000\uFFFD\uFFFDW\uFFFD;k\\nb\uFFFD\u0016\uFFFD\uFFFDS\uFFFD )!\uFFFD\u000E9\u0004\u047B\uFFFD\u0010=A\u3DDE\uFFFD\uD835\uDFA1\u001DoChB\uFFFD)\u0015\uFFFD*\u04B6\uFFFDe\u0013\uB9AC6\uFFFD\uFFFD\u003E\uFFFD\u003C\uFFFD\uFFFD~\\\uFFFDe\uFFFD\uFFFD2\uFFFD\uFFFDc\uFFFD\u073B\u07D6M\uFFFD\uFFFD\uFFFD]\uFFFD\uFFFD\u0013\uFFFDD\u0022\uFFFDH$\u0012\uFFFDD\u0022\uFFFDH$\u0012\uFFFDD\u0022\uFFFDH$\u0012\uFFFDD\u0022\uFFFDH$\u0012\uFFFDD\u0022\uFFFDH$\u0012\uFFFDD\u0022\uFFFDH$\u0012\uFFFDD\u0022\uFFFDH$\u0012\uFFFDD\u0022\uFFFDH$\u0012\uFFFDD\u0022\uFFFDH$\u0012\uFFFDD\u0022\uFFFDH$\u0012\uFFFDD\u0022\uFFFDH$\u0012\uFFFDD\u0022\uFFFDH$\u0012\uFFFDD\u0022\uFFFDH$\u0012\uFFFDD\u0022\uFFFDH$\u0012\uFFFDD\u0022\uFFFDH$\u0012\uFFFDD\u0022\uFFFDH$\u0012\uFFFDD\u0022\uFFFDH$\u0012\uFFFDD\u0022\uFFFDH$\u0012\uFFFDD\u0022\uFFFDH$\u0012\uFFFDD\u0022\uFFFDH$\u0012\uFFFDD\u0022\uFFFDH$\u0012\uFFFDD\u0022\uFFFDH$\u0012\uFFFDD\u0022\uFFFDH$\u0012\uFFFDD\u0022\uFFFDH$\u0012\uFFFDD\u0022\uFFFDH$\u0012\uFFFDD\u0022\uFFFDH$\u0012\uFFFDD\u0022\uFFFDH$\u0012\uFFFDD\u0022\uFFFDH$\u0012\uFFFDD\u0022\uFFFDH$\u0012\uFFFDD\u0022\uFFFDH$\u0012\uFFFDD\u0022\uFFFDH$\u0012\uFFFDD\u0022\uFFFDH$\u0012\uFFFDD\u0022\uFFFDH$\u0012\uFFFDD\u0022\uFFFDH$\u0012\uFFFDD\u0022\uFFFDH$\u0012\uFFFDD\u0022\uFFFDH$\u0012\uFFFDD\u0022\uFFFDH$\u0012\uFFFDD\u0022\uFFFDH$\u0012\uFFFDD\u0022\uFFFDH$\u0012\uFFFDD\u0022\uFFFDH$\u0012\uFFFDD\u0022\uFFFDH$\u0012\uFFFDD\u0022\uFFFDH$\u0012\uFFFDD\u0022\uFFFDH$\u0012\uFFFDD\u0022\uFFFDH$\u0012\uFFFDD\u0022\uFFFDH$\u0012\uFFFDD\u0022\uFFFDH$\u0012\uFFFDD\u0022\uFFFDH$\u0012\uFFFDD\u0022\uFFFDH$\u0012\uFFFDD\u0022\uFFFDH$\u0012\uFFFDD\u0022\uFFFDH$\u0012\uFFFDD\u0022\uFFFDH$\u0012\uFFFDD\u0022\uFFFDH$\u0012\uFFFDD\u0022\uFFFDH$\u0012\uFFFDD\u0022\uFFFDH$\u0012\uFFFDD\u0022\uFFFDH$\u0012\uFFFDD\u0022\uFFFDH$\u0012\uFFFDD\u0022\uFFFDH$\u0012\uFFFDD\u0022\uFFFDH$\u0012\uFFFDD\u0022\uFFFDH$\u0012\uFFFDD\u0022\uFFFDH$\u0012\uFFFDD\u0022\uFFFDH$\u0012\uFFFDD\u0022\uFFFDH$\u0012\uFFFDD\u0022\uFFFDH$\u0012\uFFFDD\u0022\uFFFDH$\u0012\uFFFDD\u0022\uFFFDH$\u0012\uFFFDD\u0022\uFFFDH$\u0012\uFFFDD\u0022\uFFFDH$\u0012\uFFFDD\u0022\uFFFDH$\u0012\uFFFDD\u0022\uFFFDH$\u0012\uFFFDD\u0022\uFFFDH$\u0012\uFFFDD\u0022\uFFFDH$\u0012\uFFFDD\u0022\uFFFDH$\u0012\uFFFDD\u0022\uFFFDH$\u0012\uFFFDD\u0022\uFFFDH$\u0012\uFFFDD\u0022\uFFFDH$\u0012\uFFFDD\u0022\uFFFDH$\u0012\uFFFDD\u0022\uFFFDH$\u0012\uFFFDD\u0022\uFFFDH$\u0012\uFFFDD\u0022\uFFFDH$\u0012\uFFFDD\u0022\uFFFDH$\u0012\uFFFDD\u0022\uFFFDH$\u0012\uFFFDD\u0022\uFFFDH$\u0012\uFFFDD\u0022\uFFFDH$\u0012\uFFFDD\u0022\uFFFDH$\u0012\uFFFDD\u0022\uFFFDH$\u0012\uFFFDD\u0022\uFFFDH$\u0012\uFFFDD\u0022\uFFFDH$\u0012\uFFFDD\u0022\uFFFDH$\u0012\uFFFDD\u0022\uFFFDH$\u0012\uFFFDD\u0022\uFFFDH$\u0012\uFFFDD\u0022\uFFFDH$\u0012\uFFFDD\u0022\uFFFDH$\u0012\uFFFDD\u0022\uFFFDH$\u0012\uFFFDD\u0022\uFFFDH$\u0012\uFFFDD\u0022\uFFFDH$\u0012\uFFFDD\u0022\uFFFDH$\u0012\uFFFDD\u0022\uFFFDH$\u0012\uFFFDD\u0022\uFFFDH$\u0012\uFFFDD\u0022\uFFFDH$\u0012\uFFFDD\u0022\uFFFDH$\u0012\uFFFDD\u0022\uFFFDH$\u0012\uFFFDD\u0022\uFFFDH$\u0012\uFFFDD\u0022\uFFFDH$\u0012\uFFFDD\u0022\uFFFDH$\u0012\uFFFDD\u0022\uFFFDH$\u0012\uFFFDD\u0022\uFFFDH$\u0012\uFFFDD\u0022\uFFFDH$\u0012\uFFFDD\u0022\uFFFDH$\u0012\uFFFDD\u0022\uFFFDH$\u0012\uFFFDD\u0022\uFFFDH$\u0012\uFFFDD\u0022\uFFFDH$\u0012\uFFFDD\u0022\uFFFDH$\u0012\uFFFDD\u0022\uFFFDH$\u0012\uFFFDD\u0022\uFFFDH$\u0012\uFFFDD\u0022\uFFFDH$\u0012\uFFFDD\u0022\uFFFDH$\u0012\uFFFDD\u0022\uFFFDH$\u0012\uFFFDD\u0022\uFFFDH$\u0012\uFFFDD\u0022\uFFFDH$\u0012\uFFFDD\u0022\uFFFDH$\u0012\uFFFDD\u0022\uFFFDH$\u0012\uFFFDD\u0022\uFFFDH$\u0012\uFFFDD\u0022\uFFFDH$\u0012\uFFFDD\u0022\uFFFDH$\u0012\uFFFDD\u0022\uFFFDH$\u0012\uFFFDD\u0022\uFFFDH$\u0012\uFFFDD\u0022\uFFFDH$\u0012\uFFFDD\u0022\uFFFDH$\u0012\uFFFDD\u0022\uFFFDH$\u0012\uFFFDD\u0022\uFFFDH$\u0012\uFFFDD\u0022\uFFFDH$\u0012\uFFFDD\u0022\uFFFDH$\u0012\uFFFDD\u0022\uFFFDH$\u0012\uFFFDD\u0022\uFFFDH$\u0012\uFFFDD\u0022\uFFFDH$\u0012\uFFFDD\u0022\uFFFDH$\u0012\uFFFDD\u0022\uFFFDH$\u0012\uFFFDD\u0022\uFFFDH$\u0012\uFFFDD\u0022\uFFFDH$\u0012\uFFFDD\u0022\uFFFDH$\u0012\uFFFDD\u0022\uFFFDH$\u0012\uFFFDD\u0022\uFFFDH$\u0012\uFFFDD\u0022\uFFFDH$\u0012\uFFFDD\u0022\uFFFDH$\u0012\uFFFDD\u0022\uFFFDH$\u0012\uFFFDD\u0022\uFFFDH$\u0012\uFFFDD\u0022\uFFFDH$\u0012\uFFFDD\u0022\uFFFDH$\u0012\uFFFDD\u0022\uFFFDH$\u0012\uFFFDD\u0022\uFFFDH$\u0012\uFFFDD\u0022\uFFFDH$\u0012\uFFFDD\u0022\uFFFDH$\u0012\uFFFDD\u0022\uFFFDH$\u0012\uFFFDD\u0022\uFFFDH$\u0012\uFFFDD\u0022\uFFFDH$\u0012\uFFFDD\u0022\uFFFDH$\u0012\uFFFDD\u0022\uFFFDH$\u0012\uFFFDD\u0022\uFFFDH$\u0012\uFFFDD\u0022\uFFFDH$\u0012\uFFFDD\u0022\uFFFDH$\u0012\uFFFDD\u0022\uFFFDH$\u0012\uFFFDD\u0022\uFFFDH$\u0012\uFFFDD\u0022\uFFFDH$\u0012\uFFFDD\u0022\uFFFDH$\u0012\uFFFDD\u0022\uFFFDH$\u0012\uFFFDD\u0022\uFFFDH$\u0012\uFFFDD\u0022\uFFFDH$\u0012\uFFFDD\u0022\uFFFDH$\u0012\uFFFDD\u0022\uFFFDH$\u0012\uFFFDD\u0022\uFFFDH$\u0012\uFFFDD\u0022\uFFFDH$\u0012\uFFFDD\u0022\uFFFDH$\u0012\uFFFDD\u0022\uFFFDH$\u0012\uFFFDD\u0022\uFFFDH$\u0012\uFFFDD\u0022\uFFFDH$\u0012\uFFFDD\u0022\uFFFDH$\u0012\uFFFDD\u0022\uFFFDH$\u0012\uFFFDD\u0022\uFFFDH$\u0012\uFFFDD\u0022\uFFFDH$\u0012\uFFFDD\u0022\uFFFDH$\u0012\uFFFDD\u0022\uFFFDH$\u0012\uFFFDD\u0022\uFFFDH$\u0012\uFFFDD\u0022\uFFFDH$\u0012\uFFFDD\u0022\uFFFDH$\u0012\uFFFDD\u0022\uFFFDH$\u0012\uFFFDD\u0022\uFFFDH$\u0012\uFFFDD\u0022\uFFFDH$\u0012\uFFFDD\u0022\uFFFDH$\u0012\uFFFDD\u0022\uFFFDH$\u0012\uFFFDD\u0022\uFFFDH$\u0012\uFFFDD\u0022\uFFFDH$\u0012\uFFFDD\u0022\uFFFDH$\u0012\uFFFDD\u0022\uFFFDH$\u0012\uFFFDD\u0022\uFFFDH$\u0012\uFFFDD\u0022\uFFFDH$\u0012\uFFFDD\u0022\uFFFDH$\u0012\uFFFDD\u0022\uFFFDH$\u0012\uFFFDD\u0022\uFFFDH$\u0012\uFFFDD\u0022\uFFFDH$\u0012\uFFFDD\u0022\uFFFDH$\u0012\uFFFDD\u0022\uFFFDH$\u0012\uFFFDD\u0022\uFFFDH$\u0012\uFFFDD\u0022\uFFFDH$\u0012\uFFFDD\u0022\uFFFDH$\u0012\uFFFDD\u0022\uFFFDH$\u0012\uFFFDD\u0022\uFFFDH$\u0012\uFFFDD\u0022\uFFFDH$\u0012\uFFFDD\u0022\uFFFDH$\u0012\uFFFDD\u0022\uFFFDH$\u0012\uFFFDD\u0022\uFFFDH$\u0012\uFFFDD\u0022\uFFFDH$\u0012\uFFFDD\u0022\uFFFDH$\u0012\uFFFDD\u0022\uFFFDH$\u0012\uFFFDD\u0022\uFFFDH$\u0012\uFFFDD\u0022\uFFFDH$\u0012\uFFFDD\u0022\uFFFDH$\u0012\uFFFDD\u0022\uFFFDH$\u0012\uFFFDD\u0022\uFFFDH$\u0012\uFFFDD\u0022\uFFFDH$\u0012\uFFFDD\u0022\uFFFDH$\u0012\uFFFDD\u0022\uFFFDH$\u0012\uFFFDD\u0022\uFFFDH$\u0012\uFFFDD\u0022\uFFFDH$\u0012\uFFFDD\u0022\uFFFDH$\u0012\uFFFDD\u0022\uFFFDH$\u0012\uFFFDD\u0022\uFFFDH$\u0012\uFFFDD\u0022\uFFFDH$\u0012\uFFFDD\u0022\uFFFDH$\u0012\uFFFDD\u0022\uFFFDH$\u0012\uFFFDD\u0022\uFFFDH$\u0012\uFFFDD\u0022\uFFFDH$\u0012\uFFFDD\u0022\uFFFDH$\u0012\uFFFDD\u0022\uFFFDH$\u0012\uFFFDD\u0022\uFFFDH$\u0012\uFFFDD\u0022\uFFFDH$\u0012\uFFFDD\u0022\uFFFDH$\u0012\uFFFDD\u0022\uFFFDH$\u0012\uFFFDD\u0022\uFFFDH$\u0012\uFFFDD\u0022\uFFFDH$\u0012\uFFFDD\u0022\uFFFDH$\u0012\uFFFDD\u0022\uFFFDH$\u0012\uFFFDD\u0022\uFFFDH$\u0012\uFFFDD\u0022\uFFFDH$\u0012\uFFFDD\u0022\uFFFDH$\u0012\uFFFDD\u0022\uFFFDH$\u0012\uFFFDD\u0022\uFFFDH$\u0012\uFFFDD\u0022\uFFFDH$\u0012\uFFFDD\u0022\uFFFDH$\u0012\uFFFDD\u0022\uFFFDH$\u0012\uFFFDD\u0022\uFFFDH$\u0012\uFFFDD\u0022\uFFFDH$\u0012\uFFFDD\u0022\uFFFDH$\u0012\uFFFDD\u0022\uFFFDH$\u0012\uFFFDD\u0022\uFFFDH$\u0012\uFFFDD\u0022\uFFFDH$\u0012\uFFFDD\u0022\uFFFDH$\u0012\uFFFDD\u0022\uFFFDH$\u0012\uFFFDD\u0022\uFFFDH$\u0012\uFFFDD\u0022\uFFFDH$\u0012\uFFFDD\u0022\uFFFDH$\u0012\uFFFDD\u0022\uFFFDH$\u0012\uFFFDD\u0022\uFFFDH$\u0012\uFFFDD\u0022\uFFFDH$\u0012\uFFFDD\u0022\uFFFDH$\u0012\uFFFDD\u0022\uFFFDH$\u0012\uFFFDD\u0022\uFFFDH$\u0012\uFFFDD\u0022\uFFFDH$\u0012\uFFFDD\u0022\uFFFDH$\u0012\uFFFDD\u0022\uFFFDH$\u0012\uFFFDD\u0022\uFFFDH$\u0012\uFFFDD\u0022\uFFFDH$\u0012\uFFFDD\u0022\uFFFDH$\u0012\uFFFDD\u0022\uFFFDH$\u0012\uFFFDD\u0022\uFFFDH$\u0012\uFFFDD\u0022\uFFFDH$\u0012\uFFFDD\u0022\uFFFDH$\u0012\uFFFDD\u0022\uFFFDH$\u0012\uFFFDD\u0022\uFFFDH$\u0012\uFFFDD\u0022\uFFFDH$\u0012\uFFFDD\u0022\uFFFDH$\u0012\uFFFDD\u0022\uFFFDH$\u0012\uFFFDD\u0022\uFFFDH$\u0012\uFFFDD\u0022\uFFFDH$\u0012\uFFFDD\u0022\uFFFDH$\u0012\uFFFDD\u0022\uFFFDH$\u0012\uFFFDD\u0022\uFFFDH$\u0012\uFFFDD\u0022\uFFFDH$\u0012\uFFFDD\u0022\uFFFDH$\u0012\uFFFDD\u0022\uFFFDH$\u0012\uFFFDD\u0022\uFFFDH$\u0012\uFFFDD\u0022\uFFFDH$\u0012\uFFFDD\u0022\uFFFDH$\u0012\uFFFDD\u0022\uFFFDH$\u0012\uFFFDD\u0022\uFFFDH$\u0012\uFFFDD\u0022\uFFFDH$\u0012\uFFFDD\u0022\uFFFDH$\u0012\uFFFDD\u0022\uFFFDH$\u0012\uFFFDD\u0022\uFFFDH$\u0012\uFFFDD\u0022\uFFFDH$\u0012\uFFFDD\u0022\uFFFDH$\u0012\uFFFDD\u0022\uFFFDH$\u0012\uFFFDD\u0022\uFFFDH$\u0012\uFFFDD\u0022\uFFFDH$\u0012\uFFFDD\u0022\uFFFDH$\u0012\uFFFDD\u0022\uFFFDH$\u0012\uFFFDD\u0022\uFFFDH$\u0012\uFFFDD\u0022\uFFFDH$\u0012\uFFFDD\u0022\uFFFDH$\u0012\uFFFDD\u0022\uFFFDH$\u0012\uFFFDD\u0022\uFFFDH$\u0012\uFFFDD\u0022\uFFFDH$\u0012\uFFFDD\u0022\uFFFDH$\u0012\uFFFDD\u0022\uFFFDH$\u0012\uFFFDD\u0022\uFFFDH$\u0012\uFFFDD\u0022\uFFFDH$\u0012\uFFFDD\u0022\uFFFDH$\u0012\uFFFDD\u0022\uFFFDH$\u0012\uFFFDD\u0022\uFFFDH$\u0012\uFFFDD\u0022\uFFFDH$\u0012\uFFFDD\u0022\uFFFDH$\u0012\uFFFDD\u0022\uFFFDH$\u0012\uFFFDD\u0022\uFFFDH$\u0012\uFFFDD\u0022\uFFFDH$\u0012\uFFFDD\u0022\uFFFDH$\u0012\uFFFDD\u0022\uFFFDH$\u0012\uFFFDD\u0022\uFFFDH$\u0012\uFFFDD\u0022\uFFFDH$\u0012\uFFFDD\u0022\uFFFDH$\u0012\uFFFDD\u0022\uFFFDH$\u0012\uFFFDD\u0022\uFFFDH$\u0012\uFFFDD\u0022\uFFFDH$\u0012\uFFFDD\u0022\uFFFDH$\u0012\uFFFDD\u0022\uFFFDH$\u0012\uFFFDD\u0022\uFFFDH$\u0012\uFFFDD\u0022\uFFFDH$\u0012\uFFFDD\u0022\uFFFDH$\u0012\uFFFDD\u0022\uFFFDH$\u0012\uFFFDD\u0022\uFFFDH$\u0012\uFFFDD\u0022\uFFFDH$\u0012\uFFFDD\u0022\uFFFDH$\u0012\uFFFDD\u0022\uFFFDH$\u0012\uFFFDD\u0022\uFFFDH$\u0012\uFFFDD\u0022\uFFFDH$\u0012\uFFFDD\u0022\uFFFDH$\u0012\uFFFDD\u0022\uFFFDH$\u0012\uFFFDD\u0022\uFFFDH$\u0012\uFFFDD\u0022\uFFFDH$\u0012\uFFFDD\u0022\uFFFDH$\u0012\uFFFDD\u0022\uFFFDH$\u0012\uFFFDD\u0022\uFFFDH$\u0012\uFFFDD\u0022\uFFFDH$\u0012\uFFFDD\u0022\uFFFDH$\u0012\uFFFDD\u0022\uFFFDH$\u0012\uFFFDD\u0022\uFFFDH$\u0012\uFFFDD\u0022\uFFFDH$\u0012\uFFFDD\u0022\uFFFDH$\u0012\uFFFDD\u0022\uFFFDH$\u0012\uFFFDD\u0022\uFFFDH$\u0012\uFFFDD\u0022\uFFFDH$\u0012\uFFFDD\u0022\uFFFDH$\u0012\uFFFDD\u0022\uFFFDH$\u0012\uFFFDD\u0022\uFFFDH$\u0012\uFFFDD\u0022\uFFFDH$\u0012\uFFFDD\u0022\uFFFDH$\u0012\uFFFDD\u0022\uFFFDH$\u0012\uFFFDD\u0022\uFFFDH$\u0012\uFFFDD\u0022\uFFFDH$\u0012\uFFFDD\u0022\uFFFDH$\u0012\uFFFDD\u0022\uFFFDH$\u0012\uFFFDD\u0022\uFFFDH$\u0012\uFFFDD\u0022\uFFFDH$\u0012\uFFFDD\u0022\uFFFDH$\u0012\uFFFDD\u0022\uFFFDH$\u0012\uFFFDD\u0022\uFFFDH$\u0012\uFFFDD\u0022\uFFFDH$\u0012\uFFFDD\u0022\uFFFDH$\u0012\uFFFDD\u0022\uFFFDH$\u0012\uFFFDD\u0022\uFFFDH$\u0012\uFFFDD\u0022\uFFFDH$\u0012\uFFFDD\u0022\uFFFDH$\u0012\uFFFDD\u0022\uFFFDH$\u0012\uFFFDD\u0022\uFFFDH$\u0012\uFFFDD\u0022\uFFFDH$\u0012\uFFFDD\u0022\uFFFDH$\u0012\uFFFDD\u0022\uFFFDH$\u0012\uFFFDD\u0022\uFFFDH$\u0012\uFFFDD\u0022\uFFFDH$\u0012\uFFFDD\u0022\uFFFDH$\u0012\uFFFDD\u0022\uFFFDH$\u0012\uFFFDD\u0022\uFFFDH$\u0012\uFFFDD\u0022\uFFFDH$\u0012\uFFFDD\u0022\uFFFDH$\u0012\uFFFDD\u0022\uFFFDH$\u0012\uFFFDD\u0022\uFFFDH$\u0012\uFFFDD\u0022\uFFFDH$\u0012\uFFFDD\u0022\uFFFDH$\u0012\uFFFDD\u0022\uFFFDH$\u0012\uFFFDD\u0022\uFFFDH$\u0012\uFFFDD\u0022\uFFFDH$\u0012\uFFFDD\u0022\uFFFDH$\u0012\uFFFDD\u0022\uFFFDH$\u0012\uFFFDD\u0022\uFFFDH$\u0012\uFFFDD\u0022\uFFFDH$\u0012\uFFFDD\u0022\uFFFDH$\u0012\uFFFDD\u0022\uFFFDH$\u0012\uFFFDD\u0022\uFFFDH$\u0012\uFFFDD\u0022\uFFFDH$\u0012\uFFFDD\u0022\uFFFDH$\u0012\uFFFDD\u0022\uFFFDH$\u0012\uFFFDD\u0022\uFFFDH$\u0012\uFFFDD\u0022\uFFFDH$\u0012\uFFFDD\u0022\uFFFDH$\u0012\uFFFDD\u0022\uFFFDH$\u0012\uFFFDD\u0022\uFFFDH$\u0012\uFFFDD\u0022\uFFFDH$\u0012\uFFFDD\u0022\uFFFDH$\u0012\uFFFDD\u0022\uFFFDH$\u0012\uFFFDD\u0022\uFFFDH$\u0012\uFFFDD\u0022\uFFFDH$\u0012\uFFFDD\u0022\uFFFDH$\u0012\uFFFDD\u0022\uFFFDH$\u0012\uFFFDD\u0022\uFFFDH$\u0012\uFFFDD\u0022\uFFFDH$\u0012\uFFFDD\u0022\uFFFDH$\u0012\uFFFDD\u0022\uFFFDH$\u0012\uFFFDD\u0022\uFFFDH$\u0012\uFFFDD\u0022\uFFFDH$\u0012\uFFFDD\u0022\uFFFDH$\u0012\uFFFDD\u0022\uFFFDH$\u0012\uFFFDD\u0022\uFFFDH$\u0012\uFFFDD\u0022\uFFFDH$\u0012\uFFFDD\u0022\uFFFDH$\u0012\uFFFDD\u0022\uFFFDH$\u0012\uFFFDD\u0022\uFFFDH$\u0012\uFFFDD\u0022\uFFFDH$\u0012\uFFFDD\u0022\uFFFDH$\u0012\uFFFDD\u0022\uFFFDH$\u0012\uFFFDD\u0022\uFFFDH$\u0012\uFFFDD\u0022\uFFFDH$\u0012\uFFFDD\u0022\uFFFDH$\u0012\uFFFDD\u0022\uFFFDH$\u0012\uFFFDD\u0022\uFFFDH$\u0012\uFFFDD\u0022\uFFFDH$\u0012\uFFFDD\u0022\uFFFDH$\u0012\uFFFDD\u0022\uFFFDH$\u0012\uFFFDD\u0022\uFFFDH$\u0012\uFFFDD\u0022\uFFFDH$\u0012\uFFFDD\u0022\uFFFDH$\u0012\uFFFDD\u0022\uFFFDH$\u0012\uFFFDD\u0022\uFFFDH$\u0012\uFFFDD\u0022\uFFFDH$\u0012\uFFFDD\u0022\uFFFDH$\u0012\uFFFDD\u0022\uFFFDH$\u0012\uFFFDD\u0022\uFFFDH$\u0012\uFFFDD\u0022\uFFFDH$\u0012\uFFFDD\u0022\uFFFDH$\u0012\uFFFDD\u0022\uFFFDH$\u0012\uFFFDD\u0022\uFFFDH$\u0012\uFFFDD\u0022\uFFFDH$\u0012\uFFFDD\u0022\uFFFDH$\u0012\uFFFDD\u0022\uFFFDH$\u0012\uFFFDD\u0022\uFFFDH$\u0012\uFFFDD\u0022\uFFFDH$\u0012\uFFFDD\u0022\uFFFDH$\u0012\uFFFDD\u0022\uFFFDH$\u0012\uFFFDD\u0022\uFFFDH$\u0012\uFFFDD\u0022\uFFFDH$\u0012\uFFFDD\u0022\uFFFDH$\u0012\uFFFDD\u0022\uFFFDH$\u0012\uFFFDD\u0022\uFFFDH$\u0012\uFFFDD\u0022\uFFFDH$\u0012\uFFFDD\u0022\uFFFDH$\u0012\uFFFDD\u0022\uFFFDH$\u0012\uFFFDD\u0022\uFFFDH$\u0012\uFFFDD\u0022\uFFFDH$\u0012\uFFFDD\u0022\uFFFDH$\u0012\uFFFDD\u0022\uFFFDH$\u0012\uFFFDD\u0022\uFFFDH$\u0012\uFFFDD\u0022\uFFFDH$\u0012\uFFFDD\u0022\uFFFDH$\u0012\uFFFDD\u0022\uFFFDH$\u0012\uFFFDD\u0022\uFFFDH$\u0012\uFFFDD\u0022\uFFFDH$\u0012\uFFFDD\u0022\uFFFDH$\u0012\uFFFDD\u0022\uFFFDH$\u0012\uFFFDD\u0022\uFFFDH$\u0012\uFFFDD\u0022\uFFFDH$\u0012\uFFFDD\u0022\uFFFDH$\u0012\uFFFDD\u0022\uFFFDH$\u0012\uFFFDD\u0022\uFFFDH$\u0012\uFFFD\u013F\uFFFD\uFFFD7\uFFFD\uFFFDH\uFFFDCr\u000F\u0000"
      ],
      "StatusCode": 404,
      "ResponseHeaders": {
        "Content-Type": "application/json",
        "Date": "Mon, 18 Jul 2022 23:17:48 GMT",
        "Server": "Microsoft-HTTPAPI/2.0",
        "Transfer-Encoding": "chunked",
        "x-ms-client-request-id": "2226a1dc-c93e-4120-9e93-3e9929f85d8b",
        "x-ms-error-code": "NotFound",
        "x-ms-request-id": "d77d84e3-ed57-4771-9dea-f7630eff9c5f"
      },
      "ResponseBody": {
        "error": {
          "code": "NotFound",
          "message": "Data collection rule with immutable Id \u0027immutable-id-123\u0027 not found."
        }
      }
    },
    {
      "RequestUri": "https://thisurl-logsingestion-somethinglocation123abcrd.monitor.azure.com/dataCollectionRules/immutable-id-123/streams/Custom-MyTableRawData?api-version=2021-11-01-preview",
      "RequestMethod": "POST",
      "RequestHeaders": {
        "Accept": "application/json",
        "Accept-Encoding": "gzip,deflate",
        "Authorization": "Sanitized",
        "Connection": "keep-alive",
        "Content-Encoding": "gzip",
        "Content-Length": "5582",
        "Content-Type": "application/json",
        "User-Agent": "azsdk-js-monitor-ingestion/1.0.0-beta.1 core-rest-pipeline/1.9.1 Node/v16.14.2 OS/(x64-Linux-5.4.0-1074-azure)",
        "x-ms-client-request-id": "9c750ec7-9e87-4e8f-984e-367aa4941194"
      },
      "RequestBody": [
        "\u001F\uFFFD\b\u0000\u0000\u0000\u0000\u0000\u0000\u0003\uFFFD\u0331\n",
        "\uFFFDP\u0000\uFFFD\uFFFDW\uFFFD;k\\nb\uFFFD\u0016\uFFFD\uFFFDS\uFFFD )!\uFFFD\u000E9\u0004\u047B\uFFFD\u0010=A\u3DDE\uFFFD\uD835\uDFA1\u001DoChB\uFFFD)\u0015\uFFFD*\u04B6\uFFFDe\u0013\uB9AC6\uFFFD\uFFFD\u003E\uFFFD\u003C\uFFFD\uFFFD~\\\uFFFDe\uFFFD\uFFFD2\uFFFD\uFFFDc\uFFFD\u073B\u07D6M\uFFFD\uFFFD\uFFFD]\uFFFD\uFFFD\u0013\uFFFDD\u0022\uFFFDH$\u0012\uFFFDD\u0022\uFFFDH$\u0012\uFFFDD\u0022\uFFFDH$\u0012\uFFFDD\u0022\uFFFDH$\u0012\uFFFDD\u0022\uFFFDH$\u0012\uFFFDD\u0022\uFFFDH$\u0012\uFFFDD\u0022\uFFFDH$\u0012\uFFFDD\u0022\uFFFDH$\u0012\uFFFDD\u0022\uFFFDH$\u0012\uFFFDD\u0022\uFFFDH$\u0012\uFFFDD\u0022\uFFFDH$\u0012\uFFFDD\u0022\uFFFDH$\u0012\uFFFDD\u0022\uFFFDH$\u0012\uFFFDD\u0022\uFFFDH$\u0012\uFFFDD\u0022\uFFFDH$\u0012\uFFFDD\u0022\uFFFDH$\u0012\uFFFDD\u0022\uFFFDH$\u0012\uFFFDD\u0022\uFFFDH$\u0012\uFFFDD\u0022\uFFFDH$\u0012\uFFFDD\u0022\uFFFDH$\u0012\uFFFDD\u0022\uFFFDH$\u0012\uFFFDD\u0022\uFFFDH$\u0012\uFFFDD\u0022\uFFFDH$\u0012\uFFFDD\u0022\uFFFDH$\u0012\uFFFDD\u0022\uFFFDH$\u0012\uFFFDD\u0022\uFFFDH$\u0012\uFFFDD\u0022\uFFFDH$\u0012\uFFFDD\u0022\uFFFDH$\u0012\uFFFDD\u0022\uFFFDH$\u0012\uFFFDD\u0022\uFFFDH$\u0012\uFFFDD\u0022\uFFFDH$\u0012\uFFFDD\u0022\uFFFDH$\u0012\uFFFDD\u0022\uFFFDH$\u0012\uFFFDD\u0022\uFFFDH$\u0012\uFFFDD\u0022\uFFFDH$\u0012\uFFFDD\u0022\uFFFDH$\u0012\uFFFDD\u0022\uFFFDH$\u0012\uFFFDD\u0022\uFFFDH$\u0012\uFFFDD\u0022\uFFFDH$\u0012\uFFFDD\u0022\uFFFDH$\u0012\uFFFDD\u0022\uFFFDH$\u0012\uFFFDD\u0022\uFFFDH$\u0012\uFFFDD\u0022\uFFFDH$\u0012\uFFFDD\u0022\uFFFDH$\u0012\uFFFDD\u0022\uFFFDH$\u0012\uFFFDD\u0022\uFFFDH$\u0012\uFFFDD\u0022\uFFFDH$\u0012\uFFFDD\u0022\uFFFDH$\u0012\uFFFDD\u0022\uFFFDH$\u0012\uFFFDD\u0022\uFFFDH$\u0012\uFFFDD\u0022\uFFFDH$\u0012\uFFFDD\u0022\uFFFDH$\u0012\uFFFDD\u0022\uFFFDH$\u0012\uFFFDD\u0022\uFFFDH$\u0012\uFFFDD\u0022\uFFFDH$\u0012\uFFFDD\u0022\uFFFDH$\u0012\uFFFDD\u0022\uFFFDH$\u0012\uFFFDD\u0022\uFFFDH$\u0012\uFFFDD\u0022\uFFFDH$\u0012\uFFFDD\u0022\uFFFDH$\u0012\uFFFDD\u0022\uFFFDH$\u0012\uFFFDD\u0022\uFFFDH$\u0012\uFFFDD\u0022\uFFFDH$\u0012\uFFFDD\u0022\uFFFDH$\u0012\uFFFDD\u0022\uFFFDH$\u0012\uFFFDD\u0022\uFFFDH$\u0012\uFFFDD\u0022\uFFFDH$\u0012\uFFFDD\u0022\uFFFDH$\u0012\uFFFDD\u0022\uFFFDH$\u0012\uFFFDD\u0022\uFFFDH$\u0012\uFFFDD\u0022\uFFFDH$\u0012\uFFFDD\u0022\uFFFDH$\u0012\uFFFDD\u0022\uFFFDH$\u0012\uFFFDD\u0022\uFFFDH$\u0012\uFFFDD\u0022\uFFFDH$\u0012\uFFFDD\u0022\uFFFDH$\u0012\uFFFDD\u0022\uFFFDH$\u0012\uFFFDD\u0022\uFFFDH$\u0012\uFFFDD\u0022\uFFFDH$\u0012\uFFFDD\u0022\uFFFDH$\u0012\uFFFDD\u0022\uFFFDH$\u0012\uFFFDD\u0022\uFFFDH$\u0012\uFFFDD\u0022\uFFFDH$\u0012\uFFFDD\u0022\uFFFDH$\u0012\uFFFDD\u0022\uFFFDH$\u0012\uFFFDD\u0022\uFFFDH$\u0012\uFFFDD\u0022\uFFFDH$\u0012\uFFFDD\u0022\uFFFDH$\u0012\uFFFDD\u0022\uFFFDH$\u0012\uFFFDD\u0022\uFFFDH$\u0012\uFFFDD\u0022\uFFFDH$\u0012\uFFFDD\u0022\uFFFDH$\u0012\uFFFDD\u0022\uFFFDH$\u0012\uFFFDD\u0022\uFFFDH$\u0012\uFFFDD\u0022\uFFFDH$\u0012\uFFFDD\u0022\uFFFDH$\u0012\uFFFDD\u0022\uFFFDH$\u0012\uFFFDD\u0022\uFFFDH$\u0012\uFFFDD\u0022\uFFFDH$\u0012\uFFFDD\u0022\uFFFDH$\u0012\uFFFDD\u0022\uFFFDH$\u0012\uFFFDD\u0022\uFFFDH$\u0012\uFFFDD\u0022\uFFFDH$\u0012\uFFFDD\u0022\uFFFDH$\u0012\uFFFDD\u0022\uFFFDH$\u0012\uFFFDD\u0022\uFFFDH$\u0012\uFFFDD\u0022\uFFFDH$\u0012\uFFFDD\u0022\uFFFDH$\u0012\uFFFDD\u0022\uFFFDH$\u0012\uFFFDD\u0022\uFFFDH$\u0012\uFFFDD\u0022\uFFFDH$\u0012\uFFFDD\u0022\uFFFDH$\u0012\uFFFDD\u0022\uFFFDH$\u0012\uFFFDD\u0022\uFFFDH$\u0012\uFFFDD\u0022\uFFFDH$\u0012\uFFFDD\u0022\uFFFDH$\u0012\uFFFDD\u0022\uFFFDH$\u0012\uFFFDD\u0022\uFFFDH$\u0012\uFFFDD\u0022\uFFFDH$\u0012\uFFFDD\u0022\uFFFDH$\u0012\uFFFDD\u0022\uFFFDH$\u0012\uFFFDD\u0022\uFFFDH$\u0012\uFFFDD\u0022\uFFFDH$\u0012\uFFFDD\u0022\uFFFDH$\u0012\uFFFDD\u0022\uFFFDH$\u0012\uFFFDD\u0022\uFFFDH$\u0012\uFFFDD\u0022\uFFFDH$\u0012\uFFFDD\u0022\uFFFDH$\u0012\uFFFDD\u0022\uFFFDH$\u0012\uFFFDD\u0022\uFFFDH$\u0012\uFFFDD\u0022\uFFFDH$\u0012\uFFFDD\u0022\uFFFDH$\u0012\uFFFDD\u0022\uFFFDH$\u0012\uFFFDD\u0022\uFFFDH$\u0012\uFFFDD\u0022\uFFFDH$\u0012\uFFFDD\u0022\uFFFDH$\u0012\uFFFDD\u0022\uFFFDH$\u0012\uFFFDD\u0022\uFFFDH$\u0012\uFFFDD\u0022\uFFFDH$\u0012\uFFFDD\u0022\uFFFDH$\u0012\uFFFDD\u0022\uFFFDH$\u0012\uFFFDD\u0022\uFFFDH$\u0012\uFFFDD\u0022\uFFFDH$\u0012\uFFFDD\u0022\uFFFDH$\u0012\uFFFDD\u0022\uFFFDH$\u0012\uFFFDD\u0022\uFFFDH$\u0012\uFFFDD\u0022\uFFFDH$\u0012\uFFFDD\u0022\uFFFDH$\u0012\uFFFDD\u0022\uFFFDH$\u0012\uFFFDD\u0022\uFFFDH$\u0012\uFFFDD\u0022\uFFFDH$\u0012\uFFFDD\u0022\uFFFDH$\u0012\uFFFDD\u0022\uFFFDH$\u0012\uFFFDD\u0022\uFFFDH$\u0012\uFFFDD\u0022\uFFFDH$\u0012\uFFFDD\u0022\uFFFDH$\u0012\uFFFDD\u0022\uFFFDH$\u0012\uFFFDD\u0022\uFFFDH$\u0012\uFFFDD\u0022\uFFFDH$\u0012\uFFFDD\u0022\uFFFDH$\u0012\uFFFDD\u0022\uFFFDH$\u0012\uFFFDD\u0022\uFFFDH$\u0012\uFFFDD\u0022\uFFFDH$\u0012\uFFFDD\u0022\uFFFDH$\u0012\uFFFDD\u0022\uFFFDH$\u0012\uFFFDD\u0022\uFFFDH$\u0012\uFFFDD\u0022\uFFFDH$\u0012\uFFFDD\u0022\uFFFDH$\u0012\uFFFDD\u0022\uFFFDH$\u0012\uFFFDD\u0022\uFFFDH$\u0012\uFFFDD\u0022\uFFFDH$\u0012\uFFFDD\u0022\uFFFDH$\u0012\uFFFDD\u0022\uFFFDH$\u0012\uFFFDD\u0022\uFFFDH$\u0012\uFFFDD\u0022\uFFFDH$\u0012\uFFFDD\u0022\uFFFDH$\u0012\uFFFDD\u0022\uFFFDH$\u0012\uFFFDD\u0022\uFFFDH$\u0012\uFFFDD\u0022\uFFFDH$\u0012\uFFFDD\u0022\uFFFDH$\u0012\uFFFDD\u0022\uFFFDH$\u0012\uFFFDD\u0022\uFFFDH$\u0012\uFFFDD\u0022\uFFFDH$\u0012\uFFFDD\u0022\uFFFDH$\u0012\uFFFDD\u0022\uFFFDH$\u0012\uFFFDD\u0022\uFFFDH$\u0012\uFFFDD\u0022\uFFFDH$\u0012\uFFFDD\u0022\uFFFDH$\u0012\uFFFDD\u0022\uFFFDH$\u0012\uFFFDD\u0022\uFFFDH$\u0012\uFFFDD\u0022\uFFFDH$\u0012\uFFFDD\u0022\uFFFDH$\u0012\uFFFDD\u0022\uFFFDH$\u0012\uFFFDD\u0022\uFFFDH$\u0012\uFFFDD\u0022\uFFFDH$\u0012\uFFFDD\u0022\uFFFDH$\u0012\uFFFDD\u0022\uFFFDH$\u0012\uFFFDD\u0022\uFFFDH$\u0012\uFFFDD\u0022\uFFFDH$\u0012\uFFFDD\u0022\uFFFDH$\u0012\uFFFDD\u0022\uFFFDH$\u0012\uFFFDD\u0022\uFFFDH$\u0012\uFFFDD\u0022\uFFFDH$\u0012\uFFFDD\u0022\uFFFDH$\u0012\uFFFDD\u0022\uFFFDH$\u0012\uFFFDD\u0022\uFFFDH$\u0012\uFFFDD\u0022\uFFFDH$\u0012\uFFFDD\u0022\uFFFDH$\u0012\uFFFDD\u0022\uFFFDH$\u0012\uFFFDD\u0022\uFFFDH$\u0012\uFFFDD\u0022\uFFFDH$\u0012\uFFFDD\u0022\uFFFDH$\u0012\uFFFDD\u0022\uFFFDH$\u0012\uFFFDD\u0022\uFFFDH$\u0012\uFFFDD\u0022\uFFFDH$\u0012\uFFFDD\u0022\uFFFDH$\u0012\uFFFDD\u0022\uFFFDH$\u0012\uFFFDD\u0022\uFFFDH$\u0012\uFFFDD\u0022\uFFFDH$\u0012\uFFFDD\u0022\uFFFDH$\u0012\uFFFDD\u0022\uFFFDH$\u0012\uFFFDD\u0022\uFFFDH$\u0012\uFFFDD\u0022\uFFFDH$\u0012\uFFFDD\u0022\uFFFDH$\u0012\uFFFDD\u0022\uFFFDH$\u0012\uFFFDD\u0022\uFFFDH$\u0012\uFFFDD\u0022\uFFFDH$\u0012\uFFFDD\u0022\uFFFDH$\u0012\uFFFDD\u0022\uFFFDH$\u0012\uFFFDD\u0022\uFFFDH$\u0012\uFFFDD\u0022\uFFFDH$\u0012\uFFFDD\u0022\uFFFDH$\u0012\uFFFDD\u0022\uFFFDH$\u0012\uFFFDD\u0022\uFFFDH$\u0012\uFFFDD\u0022\uFFFDH$\u0012\uFFFDD\u0022\uFFFDH$\u0012\uFFFDD\u0022\uFFFDH$\u0012\uFFFDD\u0022\uFFFDH$\u0012\uFFFDD\u0022\uFFFDH$\u0012\uFFFDD\u0022\uFFFDH$\u0012\uFFFDD\u0022\uFFFDH$\u0012\uFFFDD\u0022\uFFFDH$\u0012\uFFFDD\u0022\uFFFDH$\u0012\uFFFDD\u0022\uFFFDH$\u0012\uFFFDD\u0022\uFFFDH$\u0012\uFFFDD\u0022\uFFFDH$\u0012\uFFFDD\u0022\uFFFDH$\u0012\uFFFDD\u0022\uFFFDH$\u0012\uFFFDD\u0022\uFFFDH$\u0012\uFFFDD\u0022\uFFFDH$\u0012\uFFFDD\u0022\uFFFDH$\u0012\uFFFDD\u0022\uFFFDH$\u0012\uFFFDD\u0022\uFFFDH$\u0012\uFFFDD\u0022\uFFFDH$\u0012\uFFFDD\u0022\uFFFDH$\u0012\uFFFDD\u0022\uFFFDH$\u0012\uFFFDD\u0022\uFFFDH$\u0012\uFFFDD\u0022\uFFFDH$\u0012\uFFFDD\u0022\uFFFDH$\u0012\uFFFDD\u0022\uFFFDH$\u0012\uFFFDD\u0022\uFFFDH$\u0012\uFFFDD\u0022\uFFFDH$\u0012\uFFFDD\u0022\uFFFDH$\u0012\uFFFDD\u0022\uFFFDH$\u0012\uFFFDD\u0022\uFFFDH$\u0012\uFFFDD\u0022\uFFFDH$\u0012\uFFFDD\u0022\uFFFDH$\u0012\uFFFDD\u0022\uFFFDH$\u0012\uFFFDD\u0022\uFFFDH$\u0012\uFFFDD\u0022\uFFFDH$\u0012\uFFFDD\u0022\uFFFDH$\u0012\uFFFDD\u0022\uFFFDH$\u0012\uFFFDD\u0022\uFFFDH$\u0012\uFFFDD\u0022\uFFFDH$\u0012\uFFFDD\u0022\uFFFDH$\u0012\uFFFDD\u0022\uFFFDH$\u0012\uFFFDD\u0022\uFFFDH$\u0012\uFFFDD\u0022\uFFFDH$\u0012\uFFFDD\u0022\uFFFDH$\u0012\uFFFDD\u0022\uFFFDH$\u0012\uFFFDD\u0022\uFFFDH$\u0012\uFFFDD\u0022\uFFFDH$\u0012\uFFFDD\u0022\uFFFDH$\u0012\uFFFDD\u0022\uFFFDH$\u0012\uFFFDD\u0022\uFFFDH$\u0012\uFFFDD\u0022\uFFFDH$\u0012\uFFFDD\u0022\uFFFDH$\u0012\uFFFDD\u0022\uFFFDH$\u0012\uFFFDD\u0022\uFFFDH$\u0012\uFFFDD\u0022\uFFFDH$\u0012\uFFFDD\u0022\uFFFDH$\u0012\uFFFDD\u0022\uFFFDH$\u0012\uFFFDD\u0022\uFFFDH$\u0012\uFFFDD\u0022\uFFFDH$\u0012\uFFFDD\u0022\uFFFDH$\u0012\uFFFDD\u0022\uFFFDH$\u0012\uFFFDD\u0022\uFFFDH$\u0012\uFFFDD\u0022\uFFFDH$\u0012\uFFFDD\u0022\uFFFDH$\u0012\uFFFDD\u0022\uFFFDH$\u0012\uFFFDD\u0022\uFFFDH$\u0012\uFFFDD\u0022\uFFFDH$\u0012\uFFFDD\u0022\uFFFDH$\u0012\uFFFDD\u0022\uFFFDH$\u0012\uFFFDD\u0022\uFFFDH$\u0012\uFFFDD\u0022\uFFFDH$\u0012\uFFFDD\u0022\uFFFDH$\u0012\uFFFDD\u0022\uFFFDH$\u0012\uFFFDD\u0022\uFFFDH$\u0012\uFFFDD\u0022\uFFFDH$\u0012\uFFFDD\u0022\uFFFDH$\u0012\uFFFDD\u0022\uFFFDH$\u0012\uFFFDD\u0022\uFFFDH$\u0012\uFFFDD\u0022\uFFFDH$\u0012\uFFFDD\u0022\uFFFDH$\u0012\uFFFDD\u0022\uFFFDH$\u0012\uFFFDD\u0022\uFFFDH$\u0012\uFFFDD\u0022\uFFFDH$\u0012\uFFFDD\u0022\uFFFDH$\u0012\uFFFDD\u0022\uFFFDH$\u0012\uFFFDD\u0022\uFFFDH$\u0012\uFFFDD\u0022\uFFFDH$\u0012\uFFFDD\u0022\uFFFDH$\u0012\uFFFDD\u0022\uFFFDH$\u0012\uFFFDD\u0022\uFFFDH$\u0012\uFFFDD\u0022\uFFFDH$\u0012\uFFFDD\u0022\uFFFDH$\u0012\uFFFDD\u0022\uFFFDH$\u0012\uFFFDD\u0022\uFFFDH$\u0012\uFFFDD\u0022\uFFFDH$\u0012\uFFFDD\u0022\uFFFDH$\u0012\uFFFDD\u0022\uFFFDH$\u0012\uFFFDD\u0022\uFFFDH$\u0012\uFFFDD\u0022\uFFFDH$\u0012\uFFFDD\u0022\uFFFDH$\u0012\uFFFDD\u0022\uFFFDH$\u0012\uFFFDD\u0022\uFFFDH$\u0012\uFFFDD\u0022\uFFFDH$\u0012\uFFFDD\u0022\uFFFDH$\u0012\uFFFDD\u0022\uFFFDH$\u0012\uFFFDD\u0022\uFFFDH$\u0012\uFFFDD\u0022\uFFFDH$\u0012\uFFFDD\u0022\uFFFDH$\u0012\uFFFDD\u0022\uFFFDH$\u0012\uFFFDD\u0022\uFFFDH$\u0012\uFFFDD\u0022\uFFFDH$\u0012\uFFFDD\u0022\uFFFDH$\u0012\uFFFDD\u0022\uFFFDH$\u0012\uFFFDD\u0022\uFFFDH$\u0012\uFFFDD\u0022\uFFFDH$\u0012\uFFFDD\u0022\uFFFDH$\u0012\uFFFDD\u0022\uFFFDH$\u0012\uFFFDD\u0022\uFFFDH$\u0012\uFFFDD\u0022\uFFFDH$\u0012\uFFFDD\u0022\uFFFDH$\u0012\uFFFDD\u0022\uFFFDH$\u0012\uFFFDD\u0022\uFFFDH$\u0012\uFFFDD\u0022\uFFFDH$\u0012\uFFFDD\u0022\uFFFDH$\u0012\uFFFDD\u0022\uFFFDH$\u0012\uFFFDD\u0022\uFFFDH$\u0012\uFFFDD\u0022\uFFFDH$\u0012\uFFFDD\u0022\uFFFDH$\u0012\uFFFDD\u0022\uFFFDH$\u0012\uFFFDD\u0022\uFFFDH$\u0012\uFFFDD\u0022\uFFFDH$\u0012\uFFFDD\u0022\uFFFDH$\u0012\uFFFDD\u0022\uFFFDH$\u0012\uFFFDD\u0022\uFFFDH$\u0012\uFFFDD\u0022\uFFFDH$\u0012\uFFFDD\u0022\uFFFDH$\u0012\uFFFDD\u0022\uFFFDH$\u0012\uFFFDD\u0022\uFFFDH$\u0012\uFFFDD\u0022\uFFFDH$\u0012\uFFFDD\u0022\uFFFDH$\u0012\uFFFDD\u0022\uFFFDH$\u0012\uFFFDD\u0022\uFFFDH$\u0012\uFFFDD\u0022\uFFFDH$\u0012\uFFFDD\u0022\uFFFDH$\u0012\uFFFDD\u0022\uFFFDH$\u0012\uFFFDD\u0022\uFFFDH$\u0012\uFFFDD\u0022\uFFFDH$\u0012\uFFFDD\u0022\uFFFDH$\u0012\uFFFDD\u0022\uFFFDH$\u0012\uFFFDD\u0022\uFFFDH$\u0012\uFFFDD\u0022\uFFFDH$\u0012\uFFFDD\u0022\uFFFDH$\u0012\uFFFDD\u0022\uFFFDH$\u0012\uFFFDD\u0022\uFFFDH$\u0012\uFFFDD\u0022\uFFFDH$\u0012\uFFFDD\u0022\uFFFDH$\u0012\uFFFDD\u0022\uFFFDH$\u0012\uFFFDD\u0022\uFFFDH$\u0012\uFFFDD\u0022\uFFFDH$\u0012\uFFFDD\u0022\uFFFDH$\u0012\uFFFDD\u0022\uFFFDH$\u0012\uFFFDD\u0022\uFFFDH$\u0012\uFFFDD\u0022\uFFFDH$\u0012\uFFFDD\u0022\uFFFDH$\u0012\uFFFDD\u0022\uFFFDH$\u0012\uFFFDD\u0022\uFFFDH$\u0012\uFFFDD\u0022\uFFFDH$\u0012\uFFFDD\u0022\uFFFDH$\u0012\uFFFDD\u0022\uFFFDH$\u0012\uFFFDD\u0022\uFFFDH$\u0012\uFFFDD\u0022\uFFFDH$\u0012\uFFFDD\u0022\uFFFDH$\u0012\uFFFDD\u0022\uFFFDH$\u0012\uFFFDD\u0022\uFFFDH$\u0012\uFFFDD\u0022\uFFFDH$\u0012\uFFFDD\u0022\uFFFDH$\u0012\uFFFDD\u0022\uFFFDH$\u0012\uFFFDD\u0022\uFFFDH$\u0012\uFFFDD\u0022\uFFFDH$\u0012\uFFFDD\u0022\uFFFDH$\u0012\uFFFDD\u0022\uFFFDH$\u0012\uFFFDD\u0022\uFFFDH$\u0012\uFFFDD\u0022\uFFFDH$\u0012\uFFFDD\u0022\uFFFDH$\u0012\uFFFDD\u0022\uFFFDH$\u0012\uFFFDD\u0022\uFFFDH$\u0012\uFFFDD\u0022\uFFFDH$\u0012\uFFFDD\u0022\uFFFDH$\u0012\uFFFDD\u0022\uFFFDH$\u0012\uFFFDD\u0022\uFFFDH$\u0012\uFFFDD\u0022\uFFFDH$\u0012\uFFFDD\u0022\uFFFDH$\u0012\uFFFDD\u0022\uFFFDH$\u0012\uFFFDD\u0022\uFFFDH$\u0012\uFFFDD\u0022\uFFFDH$\u0012\uFFFDD\u0022\uFFFDH$\u0012\uFFFDD\u0022\uFFFDH$\u0012\uFFFDD\u0022\uFFFDH$\u0012\uFFFDD\u0022\uFFFDH$\u0012\uFFFDD\u0022\uFFFDH$\u0012\uFFFDD\u0022\uFFFDH$\u0012\uFFFDD\u0022\uFFFDH$\u0012\uFFFDD\u0022\uFFFDH$\u0012\uFFFDD\u0022\uFFFDH$\u0012\uFFFDD\u0022\uFFFDH$\u0012\uFFFDD\u0022\uFFFDH$\u0012\uFFFDD\u0022\uFFFDH$\u0012\uFFFDD\u0022\uFFFDH$\u0012\uFFFDD\u0022\uFFFDH$\u0012\uFFFDD\u0022\uFFFDH$\u0012\uFFFDD\u0022\uFFFDH$\u0012\uFFFDD\u0022\uFFFDH$\u0012\uFFFDD\u0022\uFFFDH$\u0012\uFFFDD\u0022\uFFFDH$\u0012\uFFFDD\u0022\uFFFDH$\u0012\uFFFDD\u0022\uFFFDH$\u0012\uFFFDD\u0022\uFFFDH$\u0012\uFFFDD\u0022\uFFFDH$\u0012\uFFFDD\u0022\uFFFDH$\u0012\uFFFDD\u0022\uFFFDH$\u0012\uFFFDD\u0022\uFFFDH$\u0012\uFFFDD\u0022\uFFFDH$\u0012\uFFFDD\u0022\uFFFDH$\u0012\uFFFDD\u0022\uFFFDH$\u0012\uFFFDD\u0022\uFFFDH$\u0012\uFFFDD\u0022\uFFFDH$\u0012\uFFFDD\u0022\uFFFDH$\u0012\uFFFDD\u0022\uFFFDH$\u0012\uFFFDD\u0022\uFFFDH$\u0012\uFFFDD\u0022\uFFFDH$\u0012\uFFFDD\u0022\uFFFDH$\u0012\uFFFDD\u0022\uFFFDH$\u0012\uFFFDD\u0022\uFFFDH$\u0012\uFFFDD\u0022\uFFFDH$\u0012\uFFFDD\u0022\uFFFDH$\u0012\uFFFDD\u0022\uFFFDH$\u0012\uFFFDD\u0022\uFFFDH$\u0012\uFFFDD\u0022\uFFFDH$\u0012\uFFFDD\u0022\uFFFDH$\u0012\uFFFDD\u0022\uFFFDH$\u0012\uFFFDD\u0022\uFFFDH$\u0012\uFFFDD\u0022\uFFFDH$\u0012\uFFFDD\u0022\uFFFDH$\u0012\uFFFDD\u0022\uFFFDH$\u0012\uFFFDD\u0022\uFFFDH$\u0012\uFFFDD\u0022\uFFFDH$\u0012\uFFFDD\u0022\uFFFDH$\u0012\uFFFDD\u0022\uFFFDH$\u0012\uFFFDD\u0022\uFFFDH$\u0012\uFFFDD\u0022\uFFFDH$\u0012\uFFFDD\u0022\uFFFDH$\u0012\uFFFDD\u0022\uFFFDH$\u0012\uFFFDD\u0022\uFFFDH$\u0012\uFFFDD\u0022\uFFFDH$\u0012\uFFFDD\u0022\uFFFDH$\u0012\uFFFD\u013F\uFFFD\uFFFD7\uFFFD\uFFFDH\uFFFDCr\u000F\u0000"
      ],
      "StatusCode": 404,
      "ResponseHeaders": {
        "Content-Type": "application/json",
        "Date": "Mon, 18 Jul 2022 23:17:48 GMT",
        "Server": "Microsoft-HTTPAPI/2.0",
        "Transfer-Encoding": "chunked",
        "x-ms-client-request-id": "9c750ec7-9e87-4e8f-984e-367aa4941194",
        "x-ms-error-code": "NotFound",
        "x-ms-request-id": "36775cdd-9151-4a61-9456-821485fdab7c"
      },
      "ResponseBody": {
        "error": {
          "code": "NotFound",
          "message": "Data collection rule with immutable Id \u0027immutable-id-123\u0027 not found."
        }
      }
    },
    {
      "RequestUri": "https://thisurl-logsingestion-somethinglocation123abcrd.monitor.azure.com/dataCollectionRules/immutable-id-123/streams/Custom-MyTableRawData?api-version=2021-11-01-preview",
      "RequestMethod": "POST",
      "RequestHeaders": {
        "Accept": "application/json",
        "Accept-Encoding": "gzip,deflate",
        "Authorization": "Sanitized",
        "Connection": "keep-alive",
        "Content-Encoding": "gzip",
        "Content-Length": "5582",
        "Content-Type": "application/json",
        "User-Agent": "azsdk-js-monitor-ingestion/1.0.0-beta.1 core-rest-pipeline/1.9.1 Node/v16.14.2 OS/(x64-Linux-5.4.0-1074-azure)",
        "x-ms-client-request-id": "e32ebe3c-e967-4f49-b9a8-e7dcd5c934d2"
      },
      "RequestBody": [
        "\u001F\uFFFD\b\u0000\u0000\u0000\u0000\u0000\u0000\u0003\uFFFD\u0331\n",
        "\uFFFDP\u0000\uFFFD\uFFFDW\uFFFD;k\\nb\uFFFD\u0016\uFFFD\uFFFDS\uFFFD )!\uFFFD\u000E9\u0004\u047B\uFFFD\u0010=A\u3DDE\uFFFD\uD835\uDFA1\u001DoChB\uFFFD)\u0015\uFFFD*\u04B6\uFFFDe\u0013\uB9AC6\uFFFD\uFFFD\u003E\uFFFD\u003C\uFFFD\uFFFD~\\\uFFFDe\uFFFD\uFFFD2\uFFFD\uFFFDc\uFFFD\u073B\u07D6M\uFFFD\uFFFD\uFFFD]\uFFFD\uFFFD\u0013\uFFFDD\u0022\uFFFDH$\u0012\uFFFDD\u0022\uFFFDH$\u0012\uFFFDD\u0022\uFFFDH$\u0012\uFFFDD\u0022\uFFFDH$\u0012\uFFFDD\u0022\uFFFDH$\u0012\uFFFDD\u0022\uFFFDH$\u0012\uFFFDD\u0022\uFFFDH$\u0012\uFFFDD\u0022\uFFFDH$\u0012\uFFFDD\u0022\uFFFDH$\u0012\uFFFDD\u0022\uFFFDH$\u0012\uFFFDD\u0022\uFFFDH$\u0012\uFFFDD\u0022\uFFFDH$\u0012\uFFFDD\u0022\uFFFDH$\u0012\uFFFDD\u0022\uFFFDH$\u0012\uFFFDD\u0022\uFFFDH$\u0012\uFFFDD\u0022\uFFFDH$\u0012\uFFFDD\u0022\uFFFDH$\u0012\uFFFDD\u0022\uFFFDH$\u0012\uFFFDD\u0022\uFFFDH$\u0012\uFFFDD\u0022\uFFFDH$\u0012\uFFFDD\u0022\uFFFDH$\u0012\uFFFDD\u0022\uFFFDH$\u0012\uFFFDD\u0022\uFFFDH$\u0012\uFFFDD\u0022\uFFFDH$\u0012\uFFFDD\u0022\uFFFDH$\u0012\uFFFDD\u0022\uFFFDH$\u0012\uFFFDD\u0022\uFFFDH$\u0012\uFFFDD\u0022\uFFFDH$\u0012\uFFFDD\u0022\uFFFDH$\u0012\uFFFDD\u0022\uFFFDH$\u0012\uFFFDD\u0022\uFFFDH$\u0012\uFFFDD\u0022\uFFFDH$\u0012\uFFFDD\u0022\uFFFDH$\u0012\uFFFDD\u0022\uFFFDH$\u0012\uFFFDD\u0022\uFFFDH$\u0012\uFFFDD\u0022\uFFFDH$\u0012\uFFFDD\u0022\uFFFDH$\u0012\uFFFDD\u0022\uFFFDH$\u0012\uFFFDD\u0022\uFFFDH$\u0012\uFFFDD\u0022\uFFFDH$\u0012\uFFFDD\u0022\uFFFDH$\u0012\uFFFDD\u0022\uFFFDH$\u0012\uFFFDD\u0022\uFFFDH$\u0012\uFFFDD\u0022\uFFFDH$\u0012\uFFFDD\u0022\uFFFDH$\u0012\uFFFDD\u0022\uFFFDH$\u0012\uFFFDD\u0022\uFFFDH$\u0012\uFFFDD\u0022\uFFFDH$\u0012\uFFFDD\u0022\uFFFDH$\u0012\uFFFDD\u0022\uFFFDH$\u0012\uFFFDD\u0022\uFFFDH$\u0012\uFFFDD\u0022\uFFFDH$\u0012\uFFFDD\u0022\uFFFDH$\u0012\uFFFDD\u0022\uFFFDH$\u0012\uFFFDD\u0022\uFFFDH$\u0012\uFFFDD\u0022\uFFFDH$\u0012\uFFFDD\u0022\uFFFDH$\u0012\uFFFDD\u0022\uFFFDH$\u0012\uFFFDD\u0022\uFFFDH$\u0012\uFFFDD\u0022\uFFFDH$\u0012\uFFFDD\u0022\uFFFDH$\u0012\uFFFDD\u0022\uFFFDH$\u0012\uFFFDD\u0022\uFFFDH$\u0012\uFFFDD\u0022\uFFFDH$\u0012\uFFFDD\u0022\uFFFDH$\u0012\uFFFDD\u0022\uFFFDH$\u0012\uFFFDD\u0022\uFFFDH$\u0012\uFFFDD\u0022\uFFFDH$\u0012\uFFFDD\u0022\uFFFDH$\u0012\uFFFDD\u0022\uFFFDH$\u0012\uFFFDD\u0022\uFFFDH$\u0012\uFFFDD\u0022\uFFFDH$\u0012\uFFFDD\u0022\uFFFDH$\u0012\uFFFDD\u0022\uFFFDH$\u0012\uFFFDD\u0022\uFFFDH$\u0012\uFFFDD\u0022\uFFFDH$\u0012\uFFFDD\u0022\uFFFDH$\u0012\uFFFDD\u0022\uFFFDH$\u0012\uFFFDD\u0022\uFFFDH$\u0012\uFFFDD\u0022\uFFFDH$\u0012\uFFFDD\u0022\uFFFDH$\u0012\uFFFDD\u0022\uFFFDH$\u0012\uFFFDD\u0022\uFFFDH$\u0012\uFFFDD\u0022\uFFFDH$\u0012\uFFFDD\u0022\uFFFDH$\u0012\uFFFDD\u0022\uFFFDH$\u0012\uFFFDD\u0022\uFFFDH$\u0012\uFFFDD\u0022\uFFFDH$\u0012\uFFFDD\u0022\uFFFDH$\u0012\uFFFDD\u0022\uFFFDH$\u0012\uFFFDD\u0022\uFFFDH$\u0012\uFFFDD\u0022\uFFFDH$\u0012\uFFFDD\u0022\uFFFDH$\u0012\uFFFDD\u0022\uFFFDH$\u0012\uFFFDD\u0022\uFFFDH$\u0012\uFFFDD\u0022\uFFFDH$\u0012\uFFFDD\u0022\uFFFDH$\u0012\uFFFDD\u0022\uFFFDH$\u0012\uFFFDD\u0022\uFFFDH$\u0012\uFFFDD\u0022\uFFFDH$\u0012\uFFFDD\u0022\uFFFDH$\u0012\uFFFDD\u0022\uFFFDH$\u0012\uFFFDD\u0022\uFFFDH$\u0012\uFFFDD\u0022\uFFFDH$\u0012\uFFFDD\u0022\uFFFDH$\u0012\uFFFDD\u0022\uFFFDH$\u0012\uFFFDD\u0022\uFFFDH$\u0012\uFFFDD\u0022\uFFFDH$\u0012\uFFFDD\u0022\uFFFDH$\u0012\uFFFDD\u0022\uFFFDH$\u0012\uFFFDD\u0022\uFFFDH$\u0012\uFFFDD\u0022\uFFFDH$\u0012\uFFFDD\u0022\uFFFDH$\u0012\uFFFDD\u0022\uFFFDH$\u0012\uFFFDD\u0022\uFFFDH$\u0012\uFFFDD\u0022\uFFFDH$\u0012\uFFFDD\u0022\uFFFDH$\u0012\uFFFDD\u0022\uFFFDH$\u0012\uFFFDD\u0022\uFFFDH$\u0012\uFFFDD\u0022\uFFFDH$\u0012\uFFFDD\u0022\uFFFDH$\u0012\uFFFDD\u0022\uFFFDH$\u0012\uFFFDD\u0022\uFFFDH$\u0012\uFFFDD\u0022\uFFFDH$\u0012\uFFFDD\u0022\uFFFDH$\u0012\uFFFDD\u0022\uFFFDH$\u0012\uFFFDD\u0022\uFFFDH$\u0012\uFFFDD\u0022\uFFFDH$\u0012\uFFFDD\u0022\uFFFDH$\u0012\uFFFDD\u0022\uFFFDH$\u0012\uFFFDD\u0022\uFFFDH$\u0012\uFFFDD\u0022\uFFFDH$\u0012\uFFFDD\u0022\uFFFDH$\u0012\uFFFDD\u0022\uFFFDH$\u0012\uFFFDD\u0022\uFFFDH$\u0012\uFFFDD\u0022\uFFFDH$\u0012\uFFFDD\u0022\uFFFDH$\u0012\uFFFDD\u0022\uFFFDH$\u0012\uFFFDD\u0022\uFFFDH$\u0012\uFFFDD\u0022\uFFFDH$\u0012\uFFFDD\u0022\uFFFDH$\u0012\uFFFDD\u0022\uFFFDH$\u0012\uFFFDD\u0022\uFFFDH$\u0012\uFFFDD\u0022\uFFFDH$\u0012\uFFFDD\u0022\uFFFDH$\u0012\uFFFDD\u0022\uFFFDH$\u0012\uFFFDD\u0022\uFFFDH$\u0012\uFFFDD\u0022\uFFFDH$\u0012\uFFFDD\u0022\uFFFDH$\u0012\uFFFDD\u0022\uFFFDH$\u0012\uFFFDD\u0022\uFFFDH$\u0012\uFFFDD\u0022\uFFFDH$\u0012\uFFFDD\u0022\uFFFDH$\u0012\uFFFDD\u0022\uFFFDH$\u0012\uFFFDD\u0022\uFFFDH$\u0012\uFFFDD\u0022\uFFFDH$\u0012\uFFFDD\u0022\uFFFDH$\u0012\uFFFDD\u0022\uFFFDH$\u0012\uFFFDD\u0022\uFFFDH$\u0012\uFFFDD\u0022\uFFFDH$\u0012\uFFFDD\u0022\uFFFDH$\u0012\uFFFDD\u0022\uFFFDH$\u0012\uFFFDD\u0022\uFFFDH$\u0012\uFFFDD\u0022\uFFFDH$\u0012\uFFFDD\u0022\uFFFDH$\u0012\uFFFDD\u0022\uFFFDH$\u0012\uFFFDD\u0022\uFFFDH$\u0012\uFFFDD\u0022\uFFFDH$\u0012\uFFFDD\u0022\uFFFDH$\u0012\uFFFDD\u0022\uFFFDH$\u0012\uFFFDD\u0022\uFFFDH$\u0012\uFFFDD\u0022\uFFFDH$\u0012\uFFFDD\u0022\uFFFDH$\u0012\uFFFDD\u0022\uFFFDH$\u0012\uFFFDD\u0022\uFFFDH$\u0012\uFFFDD\u0022\uFFFDH$\u0012\uFFFDD\u0022\uFFFDH$\u0012\uFFFDD\u0022\uFFFDH$\u0012\uFFFDD\u0022\uFFFDH$\u0012\uFFFDD\u0022\uFFFDH$\u0012\uFFFDD\u0022\uFFFDH$\u0012\uFFFDD\u0022\uFFFDH$\u0012\uFFFDD\u0022\uFFFDH$\u0012\uFFFDD\u0022\uFFFDH$\u0012\uFFFDD\u0022\uFFFDH$\u0012\uFFFDD\u0022\uFFFDH$\u0012\uFFFDD\u0022\uFFFDH$\u0012\uFFFDD\u0022\uFFFDH$\u0012\uFFFDD\u0022\uFFFDH$\u0012\uFFFDD\u0022\uFFFDH$\u0012\uFFFDD\u0022\uFFFDH$\u0012\uFFFDD\u0022\uFFFDH$\u0012\uFFFDD\u0022\uFFFDH$\u0012\uFFFDD\u0022\uFFFDH$\u0012\uFFFDD\u0022\uFFFDH$\u0012\uFFFDD\u0022\uFFFDH$\u0012\uFFFDD\u0022\uFFFDH$\u0012\uFFFDD\u0022\uFFFDH$\u0012\uFFFDD\u0022\uFFFDH$\u0012\uFFFDD\u0022\uFFFDH$\u0012\uFFFDD\u0022\uFFFDH$\u0012\uFFFDD\u0022\uFFFDH$\u0012\uFFFDD\u0022\uFFFDH$\u0012\uFFFDD\u0022\uFFFDH$\u0012\uFFFDD\u0022\uFFFDH$\u0012\uFFFDD\u0022\uFFFDH$\u0012\uFFFDD\u0022\uFFFDH$\u0012\uFFFDD\u0022\uFFFDH$\u0012\uFFFDD\u0022\uFFFDH$\u0012\uFFFDD\u0022\uFFFDH$\u0012\uFFFDD\u0022\uFFFDH$\u0012\uFFFDD\u0022\uFFFDH$\u0012\uFFFDD\u0022\uFFFDH$\u0012\uFFFDD\u0022\uFFFDH$\u0012\uFFFDD\u0022\uFFFDH$\u0012\uFFFDD\u0022\uFFFDH$\u0012\uFFFDD\u0022\uFFFDH$\u0012\uFFFDD\u0022\uFFFDH$\u0012\uFFFDD\u0022\uFFFDH$\u0012\uFFFDD\u0022\uFFFDH$\u0012\uFFFDD\u0022\uFFFDH$\u0012\uFFFDD\u0022\uFFFDH$\u0012\uFFFDD\u0022\uFFFDH$\u0012\uFFFDD\u0022\uFFFDH$\u0012\uFFFDD\u0022\uFFFDH$\u0012\uFFFDD\u0022\uFFFDH$\u0012\uFFFDD\u0022\uFFFDH$\u0012\uFFFDD\u0022\uFFFDH$\u0012\uFFFDD\u0022\uFFFDH$\u0012\uFFFDD\u0022\uFFFDH$\u0012\uFFFDD\u0022\uFFFDH$\u0012\uFFFDD\u0022\uFFFDH$\u0012\uFFFDD\u0022\uFFFDH$\u0012\uFFFDD\u0022\uFFFDH$\u0012\uFFFDD\u0022\uFFFDH$\u0012\uFFFDD\u0022\uFFFDH$\u0012\uFFFDD\u0022\uFFFDH$\u0012\uFFFDD\u0022\uFFFDH$\u0012\uFFFDD\u0022\uFFFDH$\u0012\uFFFDD\u0022\uFFFDH$\u0012\uFFFDD\u0022\uFFFDH$\u0012\uFFFDD\u0022\uFFFDH$\u0012\uFFFDD\u0022\uFFFDH$\u0012\uFFFDD\u0022\uFFFDH$\u0012\uFFFDD\u0022\uFFFDH$\u0012\uFFFDD\u0022\uFFFDH$\u0012\uFFFDD\u0022\uFFFDH$\u0012\uFFFDD\u0022\uFFFDH$\u0012\uFFFDD\u0022\uFFFDH$\u0012\uFFFDD\u0022\uFFFDH$\u0012\uFFFDD\u0022\uFFFDH$\u0012\uFFFDD\u0022\uFFFDH$\u0012\uFFFDD\u0022\uFFFDH$\u0012\uFFFDD\u0022\uFFFDH$\u0012\uFFFDD\u0022\uFFFDH$\u0012\uFFFDD\u0022\uFFFDH$\u0012\uFFFDD\u0022\uFFFDH$\u0012\uFFFDD\u0022\uFFFDH$\u0012\uFFFDD\u0022\uFFFDH$\u0012\uFFFDD\u0022\uFFFDH$\u0012\uFFFDD\u0022\uFFFDH$\u0012\uFFFDD\u0022\uFFFDH$\u0012\uFFFDD\u0022\uFFFDH$\u0012\uFFFDD\u0022\uFFFDH$\u0012\uFFFDD\u0022\uFFFDH$\u0012\uFFFDD\u0022\uFFFDH$\u0012\uFFFDD\u0022\uFFFDH$\u0012\uFFFDD\u0022\uFFFDH$\u0012\uFFFDD\u0022\uFFFDH$\u0012\uFFFDD\u0022\uFFFDH$\u0012\uFFFDD\u0022\uFFFDH$\u0012\uFFFDD\u0022\uFFFDH$\u0012\uFFFDD\u0022\uFFFDH$\u0012\uFFFDD\u0022\uFFFDH$\u0012\uFFFDD\u0022\uFFFDH$\u0012\uFFFDD\u0022\uFFFDH$\u0012\uFFFDD\u0022\uFFFDH$\u0012\uFFFDD\u0022\uFFFDH$\u0012\uFFFDD\u0022\uFFFDH$\u0012\uFFFDD\u0022\uFFFDH$\u0012\uFFFDD\u0022\uFFFDH$\u0012\uFFFDD\u0022\uFFFDH$\u0012\uFFFDD\u0022\uFFFDH$\u0012\uFFFDD\u0022\uFFFDH$\u0012\uFFFDD\u0022\uFFFDH$\u0012\uFFFDD\u0022\uFFFDH$\u0012\uFFFDD\u0022\uFFFDH$\u0012\uFFFDD\u0022\uFFFDH$\u0012\uFFFDD\u0022\uFFFDH$\u0012\uFFFDD\u0022\uFFFDH$\u0012\uFFFDD\u0022\uFFFDH$\u0012\uFFFDD\u0022\uFFFDH$\u0012\uFFFDD\u0022\uFFFDH$\u0012\uFFFDD\u0022\uFFFDH$\u0012\uFFFDD\u0022\uFFFDH$\u0012\uFFFDD\u0022\uFFFDH$\u0012\uFFFDD\u0022\uFFFDH$\u0012\uFFFDD\u0022\uFFFDH$\u0012\uFFFDD\u0022\uFFFDH$\u0012\uFFFDD\u0022\uFFFDH$\u0012\uFFFDD\u0022\uFFFDH$\u0012\uFFFDD\u0022\uFFFDH$\u0012\uFFFDD\u0022\uFFFDH$\u0012\uFFFDD\u0022\uFFFDH$\u0012\uFFFDD\u0022\uFFFDH$\u0012\uFFFDD\u0022\uFFFDH$\u0012\uFFFDD\u0022\uFFFDH$\u0012\uFFFDD\u0022\uFFFDH$\u0012\uFFFDD\u0022\uFFFDH$\u0012\uFFFDD\u0022\uFFFDH$\u0012\uFFFDD\u0022\uFFFDH$\u0012\uFFFDD\u0022\uFFFDH$\u0012\uFFFDD\u0022\uFFFDH$\u0012\uFFFDD\u0022\uFFFDH$\u0012\uFFFDD\u0022\uFFFDH$\u0012\uFFFDD\u0022\uFFFDH$\u0012\uFFFDD\u0022\uFFFDH$\u0012\uFFFDD\u0022\uFFFDH$\u0012\uFFFDD\u0022\uFFFDH$\u0012\uFFFDD\u0022\uFFFDH$\u0012\uFFFDD\u0022\uFFFDH$\u0012\uFFFDD\u0022\uFFFDH$\u0012\uFFFDD\u0022\uFFFDH$\u0012\uFFFDD\u0022\uFFFDH$\u0012\uFFFDD\u0022\uFFFDH$\u0012\uFFFDD\u0022\uFFFDH$\u0012\uFFFDD\u0022\uFFFDH$\u0012\uFFFDD\u0022\uFFFDH$\u0012\uFFFDD\u0022\uFFFDH$\u0012\uFFFDD\u0022\uFFFDH$\u0012\uFFFDD\u0022\uFFFDH$\u0012\uFFFDD\u0022\uFFFDH$\u0012\uFFFDD\u0022\uFFFDH$\u0012\uFFFDD\u0022\uFFFDH$\u0012\uFFFDD\u0022\uFFFDH$\u0012\uFFFDD\u0022\uFFFDH$\u0012\uFFFDD\u0022\uFFFDH$\u0012\uFFFDD\u0022\uFFFDH$\u0012\uFFFDD\u0022\uFFFDH$\u0012\uFFFDD\u0022\uFFFDH$\u0012\uFFFDD\u0022\uFFFDH$\u0012\uFFFDD\u0022\uFFFDH$\u0012\uFFFDD\u0022\uFFFDH$\u0012\uFFFDD\u0022\uFFFDH$\u0012\uFFFDD\u0022\uFFFDH$\u0012\uFFFDD\u0022\uFFFDH$\u0012\uFFFDD\u0022\uFFFDH$\u0012\uFFFDD\u0022\uFFFDH$\u0012\uFFFDD\u0022\uFFFDH$\u0012\uFFFDD\u0022\uFFFDH$\u0012\uFFFDD\u0022\uFFFDH$\u0012\uFFFDD\u0022\uFFFDH$\u0012\uFFFDD\u0022\uFFFDH$\u0012\uFFFDD\u0022\uFFFDH$\u0012\uFFFDD\u0022\uFFFDH$\u0012\uFFFDD\u0022\uFFFDH$\u0012\uFFFDD\u0022\uFFFDH$\u0012\uFFFDD\u0022\uFFFDH$\u0012\uFFFDD\u0022\uFFFDH$\u0012\uFFFDD\u0022\uFFFDH$\u0012\uFFFDD\u0022\uFFFDH$\u0012\uFFFDD\u0022\uFFFDH$\u0012\uFFFDD\u0022\uFFFDH$\u0012\uFFFDD\u0022\uFFFDH$\u0012\uFFFDD\u0022\uFFFDH$\u0012\uFFFDD\u0022\uFFFDH$\u0012\uFFFDD\u0022\uFFFDH$\u0012\uFFFDD\u0022\uFFFDH$\u0012\uFFFDD\u0022\uFFFDH$\u0012\uFFFDD\u0022\uFFFDH$\u0012\uFFFDD\u0022\uFFFDH$\u0012\uFFFDD\u0022\uFFFDH$\u0012\uFFFDD\u0022\uFFFDH$\u0012\uFFFDD\u0022\uFFFDH$\u0012\uFFFDD\u0022\uFFFDH$\u0012\uFFFDD\u0022\uFFFDH$\u0012\uFFFDD\u0022\uFFFDH$\u0012\uFFFDD\u0022\uFFFDH$\u0012\uFFFDD\u0022\uFFFDH$\u0012\uFFFDD\u0022\uFFFDH$\u0012\uFFFDD\u0022\uFFFDH$\u0012\uFFFDD\u0022\uFFFDH$\u0012\uFFFDD\u0022\uFFFDH$\u0012\uFFFDD\u0022\uFFFDH$\u0012\uFFFDD\u0022\uFFFDH$\u0012\uFFFDD\u0022\uFFFDH$\u0012\uFFFDD\u0022\uFFFDH$\u0012\uFFFDD\u0022\uFFFDH$\u0012\uFFFDD\u0022\uFFFDH$\u0012\uFFFDD\u0022\uFFFDH$\u0012\uFFFDD\u0022\uFFFDH$\u0012\uFFFDD\u0022\uFFFDH$\u0012\uFFFDD\u0022\uFFFDH$\u0012\uFFFDD\u0022\uFFFDH$\u0012\uFFFDD\u0022\uFFFDH$\u0012\uFFFDD\u0022\uFFFDH$\u0012\uFFFDD\u0022\uFFFDH$\u0012\uFFFDD\u0022\uFFFDH$\u0012\uFFFDD\u0022\uFFFDH$\u0012\uFFFDD\u0022\uFFFDH$\u0012\uFFFDD\u0022\uFFFDH$\u0012\uFFFDD\u0022\uFFFDH$\u0012\uFFFDD\u0022\uFFFDH$\u0012\uFFFDD\u0022\uFFFDH$\u0012\uFFFDD\u0022\uFFFDH$\u0012\uFFFDD\u0022\uFFFDH$\u0012\uFFFDD\u0022\uFFFDH$\u0012\uFFFDD\u0022\uFFFDH$\u0012\uFFFDD\u0022\uFFFDH$\u0012\uFFFDD\u0022\uFFFDH$\u0012\uFFFDD\u0022\uFFFDH$\u0012\uFFFDD\u0022\uFFFDH$\u0012\uFFFDD\u0022\uFFFDH$\u0012\uFFFDD\u0022\uFFFDH$\u0012\uFFFDD\u0022\uFFFDH$\u0012\uFFFDD\u0022\uFFFDH$\u0012\uFFFDD\u0022\uFFFDH$\u0012\uFFFDD\u0022\uFFFDH$\u0012\uFFFDD\u0022\uFFFDH$\u0012\uFFFDD\u0022\uFFFDH$\u0012\uFFFDD\u0022\uFFFDH$\u0012\uFFFDD\u0022\uFFFDH$\u0012\uFFFDD\u0022\uFFFDH$\u0012\uFFFDD\u0022\uFFFDH$\u0012\uFFFDD\u0022\uFFFDH$\u0012\uFFFDD\u0022\uFFFDH$\u0012\uFFFDD\u0022\uFFFDH$\u0012\uFFFDD\u0022\uFFFDH$\u0012\uFFFDD\u0022\uFFFDH$\u0012\uFFFDD\u0022\uFFFDH$\u0012\uFFFDD\u0022\uFFFDH$\u0012\uFFFDD\u0022\uFFFDH$\u0012\uFFFDD\u0022\uFFFDH$\u0012\uFFFDD\u0022\uFFFDH$\u0012\uFFFDD\u0022\uFFFDH$\u0012\uFFFDD\u0022\uFFFDH$\u0012\uFFFDD\u0022\uFFFDH$\u0012\uFFFDD\u0022\uFFFDH$\u0012\uFFFDD\u0022\uFFFDH$\u0012\uFFFDD\u0022\uFFFDH$\u0012\uFFFDD\u0022\uFFFDH$\u0012\uFFFDD\u0022\uFFFDH$\u0012\uFFFDD\u0022\uFFFDH$\u0012\uFFFDD\u0022\uFFFDH$\u0012\uFFFDD\u0022\uFFFDH$\u0012\uFFFDD\u0022\uFFFDH$\u0012\uFFFDD\u0022\uFFFDH$\u0012\uFFFDD\u0022\uFFFDH$\u0012\uFFFDD\u0022\uFFFDH$\u0012\uFFFDD\u0022\uFFFDH$\u0012\uFFFDD\u0022\uFFFDH$\u0012\uFFFDD\u0022\uFFFDH$\u0012\uFFFDD\u0022\uFFFDH$\u0012\uFFFDD\u0022\uFFFDH$\u0012\uFFFDD\u0022\uFFFDH$\u0012\uFFFDD\u0022\uFFFDH$\u0012\uFFFDD\u0022\uFFFDH$\u0012\uFFFDD\u0022\uFFFDH$\u0012\uFFFDD\u0022\uFFFDH$\u0012\uFFFDD\u0022\uFFFDH$\u0012\uFFFDD\u0022\uFFFDH$\u0012\uFFFDD\u0022\uFFFDH$\u0012\uFFFDD\u0022\uFFFDH$\u0012\uFFFDD\u0022\uFFFDH$\u0012\uFFFDD\u0022\uFFFDH$\u0012\uFFFDD\u0022\uFFFDH$\u0012\uFFFDD\u0022\uFFFDH$\u0012\uFFFDD\u0022\uFFFDH$\u0012\uFFFDD\u0022\uFFFDH$\u0012\uFFFDD\u0022\uFFFDH$\u0012\uFFFDD\u0022\uFFFDH$\u0012\uFFFDD\u0022\uFFFDH$\u0012\uFFFDD\u0022\uFFFDH$\u0012\uFFFDD\u0022\uFFFDH$\u0012\uFFFDD\u0022\uFFFDH$\u0012\uFFFDD\u0022\uFFFDH$\u0012\uFFFDD\u0022\uFFFDH$\u0012\uFFFDD\u0022\uFFFDH$\u0012\uFFFDD\u0022\uFFFDH$\u0012\uFFFDD\u0022\uFFFDH$\u0012\uFFFDD\u0022\uFFFDH$\u0012\uFFFDD\u0022\uFFFDH$\u0012\uFFFDD\u0022\uFFFDH$\u0012\uFFFDD\u0022\uFFFDH$\u0012\uFFFDD\u0022\uFFFDH$\u0012\uFFFDD\u0022\uFFFDH$\u0012\uFFFDD\u0022\uFFFDH$\u0012\uFFFDD\u0022\uFFFDH$\u0012\uFFFDD\u0022\uFFFDH$\u0012\uFFFDD\u0022\uFFFDH$\u0012\uFFFD\u013F\uFFFD\uFFFD7\uFFFD\uFFFDH\uFFFDCr\u000F\u0000"
      ],
      "StatusCode": 404,
      "ResponseHeaders": {
        "Content-Type": "application/json",
        "Date": "Mon, 18 Jul 2022 23:17:48 GMT",
        "Server": "Microsoft-HTTPAPI/2.0",
        "Transfer-Encoding": "chunked",
        "x-ms-client-request-id": "e32ebe3c-e967-4f49-b9a8-e7dcd5c934d2",
        "x-ms-error-code": "NotFound",
        "x-ms-request-id": "174d7b97-f6b1-4192-9fce-b7fa22bf8bd1"
      },
      "ResponseBody": {
        "error": {
          "code": "NotFound",
          "message": "Data collection rule with immutable Id \u0027immutable-id-123\u0027 not found."
        }
      }
    },
    {
      "RequestUri": "https://thisurl-logsingestion-somethinglocation123abcrd.monitor.azure.com/dataCollectionRules/immutable-id-123/streams/Custom-MyTableRawData?api-version=2021-11-01-preview",
      "RequestMethod": "POST",
      "RequestHeaders": {
        "Accept": "application/json",
        "Accept-Encoding": "gzip,deflate",
        "Authorization": "Sanitized",
        "Connection": "keep-alive",
        "Content-Encoding": "gzip",
        "Content-Length": "740",
        "Content-Type": "application/json",
        "User-Agent": "azsdk-js-monitor-ingestion/1.0.0-beta.1 core-rest-pipeline/1.9.1 Node/v16.14.2 OS/(x64-Linux-5.4.0-1074-azure)",
        "x-ms-client-request-id": "56dff337-667d-486b-bd97-536de73e0d04"
      },
      "RequestBody": [
        "\u001F\uFFFD\b\u0000\u0000\u0000\u0000\u0000\u0000\u0003\uFFFD\u0331\n",
        "\uFFFDP\u0000\uFFFD\uFFFDW\uFFFD;k\\nb\uFFFD\u0016\uFFFD\uFFFDS\uFFFD )!\uFFFD\u000E9\u0004\u047B\uFFFD\u0010=D|\uFFFD\uFFFD\u000F\uFFFD\uFFFD\u0019\uFFFD\uFFFD6\uFFFD\u0026\uFFFD\uFFFDR\u0011\uFFFD\u0022m\uFFFDX6\uFFFDn\uFFFDj\uFFFD\uFFFD\uFFFDc\uFFFD\u00FE\uFFFD\uFFFDu\\\uFFFDn:,\uFFFD:\u003C\uFFFD\u03FD\uFFFDm\u0674\\\uFFFD\uFFFD\uFFFD[^9\uFFFDH$\u0012\uFFFDD\u0022\uFFFDH$\u0012\uFFFDD\u0022\uFFFDH$\u0012\uFFFDD\u0022\uFFFDH$\u0012\uFFFDD\u0022\uFFFDH$\u0012\uFFFDD\u0022\uFFFDH$\u0012\uFFFDD\u0022\uFFFDH$\u0012\uFFFDD\u0022\uFFFDH$\u0012\uFFFDD\u0022\uFFFDH$\u0012\uFFFDD\u0022\uFFFDH$\u0012\uFFFDD\u0022\uFFFDH$\u0012\uFFFDD\u0022\uFFFDH$\u0012\uFFFDD\u0022\uFFFDH$\u0012\uFFFDD\u0022\uFFFDH$\u0012\uFFFDD\u0022\uFFFDH$\u0012\uFFFDD\u0022\uFFFDH$\u0012\uFFFDD\u0022\uFFFDH$\u0012\uFFFDD\u0022\uFFFDH$\u0012\uFFFDD\u0022\uFFFDH$\u0012\uFFFDD\u0022\uFFFDH$\u0012\uFFFDD\u0022\uFFFDH$\u0012\uFFFDD\u0022\uFFFDH$\u0012\uFFFDD\u0022\uFFFDH$\u0012\uFFFDD\u0022\uFFFDH$\u0012\uFFFDD\u0022\uFFFDH$\u0012\uFFFDD\u0022\uFFFDH$\u0012\uFFFDD\u0022\uFFFDH$\u0012\uFFFDD\u0022\uFFFDH$\u0012\uFFFDD\u0022\uFFFDH$\u0012\uFFFDD\u0022\uFFFDH$\u0012\uFFFDD\u0022\uFFFDH$\u0012\uFFFDD\u0022\uFFFDH$\u0012\uFFFDD\u0022\uFFFDH$\u0012\uFFFDD\u0022\uFFFDH$\u0012\uFFFDD\u0022\uFFFDH$\u0012\uFFFDD\u0022\uFFFDH$\u0012\uFFFDD\u0022\uFFFDH$\u0012\uFFFDD\u0022\uFFFDH$\u0012\uFFFDD\u0022\uFFFDH$\u0012\uFFFDD\u0022\uFFFDH$\u0012\uFFFDD\u0022\uFFFDH$\u0012\uFFFDD\u0022\uFFFDH$\u0012\uFFFDD\u0022\uFFFDH$\u0012\uFFFDD\u0022\uFFFDH$\u0012\uFFFDD\u0022\uFFFDH$\u0012\uFFFDD\u0022\uFFFDH$\u0012\uFFFDD\u0022\uFFFDH$\u0012\uFFFDD\u0022\uFFFDH$\u0012\uFFFDD\u0022\uFFFDH$\u0012\uFFFDD\u0022\uFFFD\uFFFD\uFFFD\u001B\uFFFD-Y\u000B1\uFFFD\u0001\u0000"
      ],
      "StatusCode": 404,
      "ResponseHeaders": {
        "Content-Type": "application/json",
        "Date": "Mon, 18 Jul 2022 23:17:48 GMT",
        "Server": "Microsoft-HTTPAPI/2.0",
        "Transfer-Encoding": "chunked",
        "x-ms-client-request-id": "56dff337-667d-486b-bd97-536de73e0d04",
        "x-ms-error-code": "NotFound",
        "x-ms-request-id": "2b05ae58-6f67-447b-bfb5-dd554a1a5e58"
      },
      "ResponseBody": {
        "error": {
          "code": "NotFound",
          "message": "Data collection rule with immutable Id \u0027immutable-id-123\u0027 not found."
        }
      }
    }
  ],
  "Variables": {}
}
