{
  "Entries": [
    {
      "RequestUri": "https://endpoint/phoneNumbers/%2B14155550100/capabilities?api-version=2022-06-01-preview",
      "RequestMethod": "PATCH",
      "RequestHeaders": {
        "Accept": "application/json",
        "Accept-Encoding": "gzip, deflate, br",
        "Accept-Language": "en-US",
        "Authorization": "Sanitized",
        "Connection": "keep-alive",
        "Content-Length": "35",
        "Content-Type": "application/merge-patch\u002Bjson",
        "Referer": "http://localhost:9876/",
        "sec-ch-ua": "",
        "sec-ch-ua-mobile": "?0",
        "sec-ch-ua-platform": "",
        "Sec-Fetch-Dest": "empty",
        "Sec-Fetch-Mode": "cors",
        "Sec-Fetch-Site": "same-site",
        "User-Agent": "Mozilla/5.0 (Windows NT 10.0; Win64; x64) AppleWebKit/537.36 (KHTML, like Gecko) HeadlessChrome/103.0.5058.0 Safari/537.36",
        "x-ms-client-request-id": "sanitized",
        "x-ms-content-sha256": "UC9kRixTqGBHL8/8LDOWaZFJCLceepyhWJ\u002B/vn6WEYQ=",
        "x-ms-date": "Wed, 07 Sep 2022 13:41:11 GMT",
        "x-ms-useragent": "azsdk-js-communication-phone-numbers/1.2.0-beta.5 core-rest-pipeline/1.9.1 OS/Win32"
      },
      "RequestBody": {
        "calling": "none",
        "sms": "outbound"
      },
      "StatusCode": 202,
      "ResponseHeaders": {
        "Access-Control-Expose-Headers": "Operation-Location,Location,operation-id,capabilities-id",
        "api-supported-versions": "2021-03-07, 2022-01-11-preview2, 2022-06-01-preview, 2022-12-01",
        "capabilities-id": "sanitized",
        "Content-Type": "application/json; charset=utf-8",
        "Date": "Wed, 07 Sep 2022 13:41:16 GMT",
        "Location": "/phoneNumbers/\u002B14155550100?api-version=2022-06-01-preview",
        "MS-CV": "FFnlToUBvUWCAHFXOI1LfA.0",
        "operation-id": "capabilities_sanitized",
        "Operation-Location": "/phoneNumbers/operations/capabilities_sanitized?api-version=2022-06-01-preview",
        "Strict-Transport-Security": "max-age=2592000",
        "Transfer-Encoding": "chunked",
        "X-Azure-Ref": "0eJ8YYwAAAABy/h3H4IJwSq8PEGc25TqbUFJHMDFFREdFMDkxOQA5ZmM3YjUxOS1hOGNjLTRmODktOTM1ZS1jOTE0OGFlMDllODE=",
        "X-Cache": "CONFIG_NOCACHE",
        "X-Processing-Time": "4072ms"
      },
      "ResponseBody": {
        "capabilitiesUpdateId": "sanitized"
      }
    },
    {
      "RequestUri": "https://endpoint/phoneNumbers/operations/capabilities_sanitized?api-version=2022-06-01-preview",
      "RequestMethod": "GET",
      "RequestHeaders": {
        "Accept": "application/json",
        "Accept-Encoding": "gzip, deflate, br",
        "Accept-Language": "en-US",
        "Authorization": "Sanitized",
        "Connection": "keep-alive",
        "Content-Type": "application/merge-patch\u002Bjson",
        "Referer": "http://localhost:9876/",
        "sec-ch-ua": "",
        "sec-ch-ua-mobile": "?0",
        "sec-ch-ua-platform": "",
        "Sec-Fetch-Dest": "empty",
        "Sec-Fetch-Mode": "cors",
        "Sec-Fetch-Site": "same-site",
        "User-Agent": "Mozilla/5.0 (Windows NT 10.0; Win64; x64) AppleWebKit/537.36 (KHTML, like Gecko) HeadlessChrome/103.0.5058.0 Safari/537.36",
        "x-ms-client-request-id": "sanitized",
        "x-ms-content-sha256": "47DEQpj8HBSa\u002B/TImW\u002B5JCeuQeRkm5NMpJWZG3hSuFU=",
        "x-ms-date": "Wed, 07 Sep 2022 13:41:15 GMT",
        "x-ms-useragent": "azsdk-js-communication-phone-numbers/1.2.0-beta.5 core-rest-pipeline/1.9.1 OS/Win32"
      },
      "RequestBody": null,
      "StatusCode": 200,
      "ResponseHeaders": {
        "Access-Control-Expose-Headers": "Location",
        "api-supported-versions": "2021-03-07, 2022-01-11-preview2, 2022-06-01-preview, 2022-12-01",
        "Content-Type": "application/json; charset=utf-8",
        "Date": "Wed, 07 Sep 2022 13:41:17 GMT",
        "Location": "/phoneNumbers/\u002B14155550100?api-version=2022-06-01-preview",
        "MS-CV": "C3TH6GgmFEOulr7F8s4owQ.0",
        "Strict-Transport-Security": "max-age=2592000",
        "Transfer-Encoding": "chunked",
        "X-Azure-Ref": "0fJ8YYwAAAABA6RzgPvwbR68XNABxziKdUFJHMDFFREdFMDkxOQA5ZmM3YjUxOS1hOGNjLTRmODktOTM1ZS1jOTE0OGFlMDllODE=",
        "X-Cache": "CONFIG_NOCACHE",
        "X-Processing-Time": "643ms"
      },
      "ResponseBody": {
        "operationType": "updatePhoneNumberCapabilities",
        "status": "notStarted",
        "resourceLocation": "/phoneNumbers/\u002B14155550100?api-version=2022-06-01-preview",
        "createdDateTime": "2022-09-07T13:41:16.0471924\u002B00:00",
        "id": "capabilities_sanitized",
        "lastActionDateTime": "0001-01-01T00:00:00\u002B00:00"
      }
    },
    {
      "RequestUri": "https://endpoint/phoneNumbers/\u002B14155550100?api-version=2022-06-01-preview",
      "RequestMethod": "GET",
      "RequestHeaders": {
        "Accept": "application/json",
        "Accept-Encoding": "gzip, deflate, br",
        "Accept-Language": "en-US",
        "Authorization": "Sanitized",
        "Connection": "keep-alive",
        "Content-Type": "application/merge-patch\u002Bjson",
        "Referer": "http://localhost:9876/",
        "sec-ch-ua": "",
        "sec-ch-ua-mobile": "?0",
        "sec-ch-ua-platform": "",
        "Sec-Fetch-Dest": "empty",
        "Sec-Fetch-Mode": "cors",
        "Sec-Fetch-Site": "same-site",
        "User-Agent": "Mozilla/5.0 (Windows NT 10.0; Win64; x64) AppleWebKit/537.36 (KHTML, like Gecko) HeadlessChrome/103.0.5058.0 Safari/537.36",
        "x-ms-client-request-id": "sanitized",
        "x-ms-content-sha256": "47DEQpj8HBSa\u002B/TImW\u002B5JCeuQeRkm5NMpJWZG3hSuFU=",
        "x-ms-date": "Wed, 07 Sep 2022 13:41:16 GMT",
        "x-ms-useragent": "azsdk-js-communication-phone-numbers/1.2.0-beta.5 core-rest-pipeline/1.9.1 OS/Win32"
      },
      "RequestBody": null,
      "StatusCode": 200,
      "ResponseHeaders": {
        "api-supported-versions": "2021-03-07, 2022-01-11-preview2, 2022-06-01-preview, 2022-12-01",
        "Content-Type": "application/json; charset=utf-8",
        "Date": "Wed, 07 Sep 2022 13:41:20 GMT",
        "MS-CV": "JNhpAlJmbEi6uXsPZ/7usA.0",
        "Strict-Transport-Security": "max-age=2592000",
        "Transfer-Encoding": "chunked",
        "X-Azure-Ref": "0fZ8YYwAAAADewIRGJJMgRqwJjj8PFbtsUFJHMDFFREdFMDkxOQA5ZmM3YjUxOS1hOGNjLTRmODktOTM1ZS1jOTE0OGFlMDllODE=",
        "X-Cache": "CONFIG_NOCACHE",
        "X-Processing-Time": "3209ms"
      },
      "ResponseBody": {
        "id": "14155550100",
        "phoneNumber": "\u002B14155550100",
        "countryCode": "US",
        "phoneNumberType": "tollFree",
        "capabilities": {
          "calling": "none",
          "sms": "outbound"
        },
        "assignmentType": "application",
        "purchaseDate": "2022-09-06T12:09:43.2712485\u002B00:00",
        "cost": {
          "amount": 2.0,
          "currencyCode": "USD",
          "billingFrequency": "monthly"
        },
        "operatorId": "sanitized",
        "operatorName": "Microsoft",
        "phoneNumberSource": "cloud"
      }
    },
    {
      "RequestUri": "https://endpoint/phoneNumbers/\u002B14155550100?api-version=2022-06-01-preview",
      "RequestMethod": "GET",
      "RequestHeaders": {
        "Accept": "application/json",
        "Accept-Encoding": "gzip, deflate, br",
        "Accept-Language": "en-US",
        "Authorization": "Sanitized",
        "Connection": "keep-alive",
        "Content-Type": "application/merge-patch\u002Bjson",
        "Referer": "http://localhost:9876/",
        "sec-ch-ua": "",
        "sec-ch-ua-mobile": "?0",
        "sec-ch-ua-platform": "",
        "Sec-Fetch-Dest": "empty",
        "Sec-Fetch-Mode": "cors",
        "Sec-Fetch-Site": "same-site",
        "User-Agent": "Mozilla/5.0 (Windows NT 10.0; Win64; x64) AppleWebKit/537.36 (KHTML, like Gecko) HeadlessChrome/103.0.5058.0 Safari/537.36",
        "x-ms-client-request-id": "sanitized",
        "x-ms-content-sha256": "47DEQpj8HBSa\u002B/TImW\u002B5JCeuQeRkm5NMpJWZG3hSuFU=",
        "x-ms-date": "Wed, 07 Sep 2022 13:41:21 GMT",
        "x-ms-useragent": "azsdk-js-communication-phone-numbers/1.2.0-beta.5 core-rest-pipeline/1.9.1 OS/Win32"
      },
      "RequestBody": null,
      "StatusCode": 200,
      "ResponseHeaders": {
        "api-supported-versions": "2021-03-07, 2022-01-11-preview2, 2022-06-01-preview, 2022-12-01",
        "Content-Type": "application/json; charset=utf-8",
        "Date": "Wed, 07 Sep 2022 13:41:26 GMT",
        "MS-CV": "0Hsm/47ONEyhaDjRfnH1nw.0",
        "Strict-Transport-Security": "max-age=2592000",
        "Transfer-Encoding": "chunked",
        "X-Azure-Ref": "0g58YYwAAAAAKl7KdvxXvQ5tBw6ed4cbiUFJHMDFFREdFMDkxOQA5ZmM3YjUxOS1hOGNjLTRmODktOTM1ZS1jOTE0OGFlMDllODE=",
        "X-Cache": "CONFIG_NOCACHE",
        "X-Processing-Time": "3962ms"
      },
      "ResponseBody": {
        "id": "14155550100",
        "phoneNumber": "\u002B14155550100",
        "countryCode": "US",
        "phoneNumberType": "tollFree",
        "capabilities": {
          "calling": "none",
          "sms": "outbound"
        },
        "assignmentType": "application",
        "purchaseDate": "2022-09-06T12:09:43.2712485\u002B00:00",
        "cost": {
          "amount": 2.0,
          "currencyCode": "USD",
          "billingFrequency": "monthly"
        },
        "operatorId": "sanitized",
        "operatorName": "Microsoft",
        "phoneNumberSource": "cloud"
      }
    }
  ],
  "Variables": {}
}
