{
  "Entries": [
    {
      "RequestUri": "https://endpoint/sip?api-version=2023-04-01-preview",
      "RequestMethod": "GET",
      "RequestHeaders": {
        "Accept": "application/json",
        "Accept-Encoding": "gzip, deflate, br",
        "Accept-Language": "en-US",
        "Authorization": "Sanitized",
        "Connection": "keep-alive",
        "Referer": "http://localhost:9876/",
        "sec-ch-ua": "",
        "sec-ch-ua-mobile": "?0",
        "sec-ch-ua-platform": "\u0022\u0022",
        "Sec-Fetch-Dest": "empty",
        "Sec-Fetch-Mode": "cors",
        "Sec-Fetch-Site": "same-site",
        "User-Agent": "Mozilla/5.0 (Windows NT 10.0; Win64; x64) AppleWebKit/537.36 (KHTML, like Gecko) HeadlessChrome/112.0.5614.0 Safari/537.36",
        "x-ms-client-request-id": "sanitized",
        "x-ms-useragent": "fake-useragent"
      },
      "RequestBody": null,
      "StatusCode": 200,
      "ResponseHeaders": {
        "api-supported-versions": "2023-03-01, 2023-04-01-preview",
        "Content-Length": "149",
        "Content-Type": "application/json; charset=utf-8",
        "Date": "Wed, 22 Nov 2023 11:45:47 GMT",
        "MS-CV": "TlzvIEDyWEmk2k2o21hCiA.0",
        "Strict-Transport-Security": "max-age=2592000",
        "X-Azure-Ref": "06\u002BldZQAAAACdoaxWQCfkRa\u002BDOPNcV/11UFJHMDFFREdFMDkxMQA5ZmM3YjUxOS1hOGNjLTRmODktOTM1ZS1jOTE0OGFlMDllODE=",
        "X-Cache": "CONFIG_NOCACHE",
        "X-Processing-Time": "203ms"
      },
      "ResponseBody": {
        "domains": {
          "nostojic.test.domain": {
            "enabled": true
          },
          "sanitized.sbc.test": {
            "enabled": true
          },
          "testdomain.com": {
            "enabled": true
          }
        },
        "trunks": {},
        "routes": []
      }
    },
    {
      "RequestUri": "https://endpoint/sip?api-version=2023-04-01-preview",
      "RequestMethod": "PATCH",
      "RequestHeaders": {
        "Accept": "application/json",
        "Accept-Encoding": "gzip, deflate, br",
        "Accept-Language": "en-US",
        "Authorization": "Sanitized",
        "Connection": "keep-alive",
        "Content-Length": "148",
        "Content-Type": "application/merge-patch\u002Bjson",
        "Referer": "http://localhost:9876/",
        "sec-ch-ua": "",
        "sec-ch-ua-mobile": "?0",
        "sec-ch-ua-platform": "\u0022\u0022",
        "Sec-Fetch-Dest": "empty",
        "Sec-Fetch-Mode": "cors",
        "Sec-Fetch-Site": "same-site",
        "User-Agent": "Mozilla/5.0 (Windows NT 10.0; Win64; x64) AppleWebKit/537.36 (KHTML, like Gecko) HeadlessChrome/112.0.5614.0 Safari/537.36",
        "x-ms-client-request-id": "sanitized",
        "x-ms-useragent": "fake-useragent"
      },
      "RequestBody": {
        "trunks": {
          "test1.sanitized.sbc.test": {
            "sipSignalingPort": 8239,
            "enabled": true
          },
          "test2.sanitized.sbc.test": {
            "sipSignalingPort": 7348,
            "enabled": true
          }
        }
      },
      "StatusCode": 200,
      "ResponseHeaders": {
        "api-supported-versions": "2023-03-01, 2023-04-01-preview",
        "Content-Length": "284",
        "Content-Type": "application/json; charset=utf-8",
        "Date": "Wed, 22 Nov 2023 11:45:48 GMT",
        "MS-CV": "xEXyBxW1nEyUa97HD4yNYw.0",
        "Strict-Transport-Security": "max-age=2592000",
        "X-Azure-Ref": "07OldZQAAAACftVeksuFPSpHcMPyoYipTUFJHMDFFREdFMDkxMQA5ZmM3YjUxOS1hOGNjLTRmODktOTM1ZS1jOTE0OGFlMDllODE=",
        "X-Cache": "CONFIG_NOCACHE",
        "X-Processing-Time": "489ms"
      },
      "ResponseBody": {
        "domains": {
          "nostojic.test.domain": {
            "enabled": true
          },
          "sanitized.sbc.test": {
            "enabled": true
          },
          "testdomain.com": {
            "enabled": true
          }
        },
        "trunks": {
          "test1.sanitized.sbc.test": {
            "sipSignalingPort": 8239,
            "enabled": true
          },
          "test2.sanitized.sbc.test": {
            "sipSignalingPort": 7348,
            "enabled": true
          }
        },
        "routes": []
      }
    },
    {
      "RequestUri": "https://endpoint/sip?api-version=2023-04-01-preview",
      "RequestMethod": "GET",
      "RequestHeaders": {
        "Accept": "application/json",
        "Accept-Encoding": "gzip, deflate, br",
        "Accept-Language": "en-US",
        "Authorization": "Sanitized",
        "Connection": "keep-alive",
        "Referer": "http://localhost:9876/",
        "sec-ch-ua": "",
        "sec-ch-ua-mobile": "?0",
        "sec-ch-ua-platform": "\u0022\u0022",
        "Sec-Fetch-Dest": "empty",
        "Sec-Fetch-Mode": "cors",
        "Sec-Fetch-Site": "same-site",
        "User-Agent": "Mozilla/5.0 (Windows NT 10.0; Win64; x64) AppleWebKit/537.36 (KHTML, like Gecko) HeadlessChrome/112.0.5614.0 Safari/537.36",
        "x-ms-client-request-id": "sanitized",
        "x-ms-useragent": "fake-useragent"
      },
      "RequestBody": null,
      "StatusCode": 200,
      "ResponseHeaders": {
        "api-supported-versions": "2023-03-01, 2023-04-01-preview",
        "Content-Length": "284",
        "Content-Type": "application/json; charset=utf-8",
        "Date": "Wed, 22 Nov 2023 11:45:48 GMT",
        "MS-CV": "bDCXvyNFSUOBVbU0w8YYCA.0",
        "Strict-Transport-Security": "max-age=2592000",
        "X-Azure-Ref": "07OldZQAAAACtbLj96hLhR5q33Rsy8jTZUFJHMDFFREdFMDkxMQA5ZmM3YjUxOS1hOGNjLTRmODktOTM1ZS1jOTE0OGFlMDllODE=",
        "X-Cache": "CONFIG_NOCACHE",
        "X-Processing-Time": "183ms"
      },
      "ResponseBody": {
        "domains": {
          "nostojic.test.domain": {
            "enabled": true
          },
          "sanitized.sbc.test": {
            "enabled": true
          },
          "testdomain.com": {
            "enabled": true
          }
        },
        "trunks": {
          "test1.sanitized.sbc.test": {
            "sipSignalingPort": 8239,
            "enabled": true
          },
          "test2.sanitized.sbc.test": {
            "sipSignalingPort": 7348,
            "enabled": true
          }
        },
        "routes": []
      }
    },
    {
      "RequestUri": "https://endpoint/sip?api-version=2023-04-01-preview",
      "RequestMethod": "PATCH",
      "RequestHeaders": {
        "Accept": "application/json",
        "Accept-Encoding": "gzip, deflate, br",
        "Accept-Language": "en-US",
        "Authorization": "Sanitized",
        "Connection": "keep-alive",
        "Content-Length": "76",
        "Content-Type": "application/merge-patch\u002Bjson",
        "Referer": "http://localhost:9876/",
        "sec-ch-ua": "",
        "sec-ch-ua-mobile": "?0",
        "sec-ch-ua-platform": "\u0022\u0022",
        "Sec-Fetch-Dest": "empty",
        "Sec-Fetch-Mode": "cors",
        "Sec-Fetch-Site": "same-site",
        "User-Agent": "Mozilla/5.0 (Windows NT 10.0; Win64; x64) AppleWebKit/537.36 (KHTML, like Gecko) HeadlessChrome/112.0.5614.0 Safari/537.36",
        "x-ms-client-request-id": "sanitized",
        "x-ms-useragent": "fake-useragent"
      },
      "RequestBody": {
        "trunks": {
          "test1.sanitized.sbc.test": null,
          "test2.sanitized.sbc.test": null
        }
      },
      "StatusCode": 200,
      "ResponseHeaders": {
        "api-supported-versions": "2023-03-01, 2023-04-01-preview",
        "Content-Length": "149",
        "Content-Type": "application/json; charset=utf-8",
        "Date": "Wed, 22 Nov 2023 11:45:48 GMT",
        "MS-CV": "/wSyMgycMUigjuIXL9NPwg.0",
        "Strict-Transport-Security": "max-age=2592000",
        "X-Azure-Ref": "07OldZQAAAACbsiBBWxWIQoKaogyzokuqUFJHMDFFREdFMDkxMQA5ZmM3YjUxOS1hOGNjLTRmODktOTM1ZS1jOTE0OGFlMDllODE=",
        "X-Cache": "CONFIG_NOCACHE",
        "X-Processing-Time": "328ms"
      },
      "ResponseBody": {
        "domains": {
          "nostojic.test.domain": {
            "enabled": true
          },
          "sanitized.sbc.test": {
            "enabled": true
          },
          "testdomain.com": {
            "enabled": true
          }
        },
        "trunks": {},
        "routes": []
      }
    },
    {
      "RequestUri": "https://endpoint/sip?api-version=2023-04-01-preview",
      "RequestMethod": "GET",
      "RequestHeaders": {
        "Accept": "application/json",
        "Accept-Encoding": "gzip, deflate, br",
        "Accept-Language": "en-US",
        "Authorization": "Sanitized",
        "Connection": "keep-alive",
        "Referer": "http://localhost:9876/",
        "sec-ch-ua": "",
        "sec-ch-ua-mobile": "?0",
        "sec-ch-ua-platform": "\u0022\u0022",
        "Sec-Fetch-Dest": "empty",
        "Sec-Fetch-Mode": "cors",
        "Sec-Fetch-Site": "same-site",
        "User-Agent": "Mozilla/5.0 (Windows NT 10.0; Win64; x64) AppleWebKit/537.36 (KHTML, like Gecko) HeadlessChrome/112.0.5614.0 Safari/537.36",
        "x-ms-client-request-id": "sanitized",
        "x-ms-useragent": "fake-useragent"
      },
      "RequestBody": null,
      "StatusCode": 200,
      "ResponseHeaders": {
        "api-supported-versions": "2023-03-01, 2023-04-01-preview",
        "Content-Length": "149",
        "Content-Type": "application/json; charset=utf-8",
        "Date": "Wed, 22 Nov 2023 11:45:49 GMT",
        "MS-CV": "yWo9daUVXEOiFgngZOlsFw.0",
        "Strict-Transport-Security": "max-age=2592000",
        "X-Azure-Ref": "07eldZQAAAADwmIXSbCXWRKx/a3pHTYtvUFJHMDFFREdFMDkxMQA5ZmM3YjUxOS1hOGNjLTRmODktOTM1ZS1jOTE0OGFlMDllODE=",
        "X-Cache": "CONFIG_NOCACHE",
        "X-Processing-Time": "179ms"
      },
      "ResponseBody": {
        "domains": {
          "nostojic.test.domain": {
            "enabled": true
          },
          "sanitized.sbc.test": {
            "enabled": true
          },
          "testdomain.com": {
            "enabled": true
          }
        },
        "trunks": {},
        "routes": []
      }
    }
  ],
  "Variables": {
    "fqdn-1": "test1.sanitized.sbc.test",
    "fqdn-2": "test2.sanitized.sbc.test"
  }
}
