{
  "Entries": [
    {
      "RequestUri": "https://endpoint/sip?api-version=2023-03-01",
      "RequestMethod": "GET",
      "RequestHeaders": {
        "Accept": "application/json",
        "Accept-Encoding": "gzip, deflate, br",
        "Accept-Language": "en-US",
        "Authorization": "Sanitized",
        "Connection": "keep-alive",
        "Referer": "http://localhost:9876/",
        "sec-ch-ua": "",
        "sec-ch-ua-mobile": "?0",
        "sec-ch-ua-platform": "\u0022\u0022",
        "Sec-Fetch-Dest": "empty",
        "Sec-Fetch-Mode": "cors",
        "Sec-Fetch-Site": "same-site",
        "User-Agent": "Mozilla/5.0 (Windows NT 10.0; Win64; x64) AppleWebKit/537.36 (KHTML, like Gecko) HeadlessChrome/112.0.5614.0 Safari/537.36",
        "x-ms-client-request-id": "sanitized",
        "x-ms-useragent": "acs-test"
      },
      "RequestBody": null,
      "StatusCode": 200,
      "ResponseHeaders": {
        "api-supported-versions": "2023-03-01, 2023-04-01-preview",
        "Content-Length": "25",
        "Content-Type": "application/json; charset=utf-8",
        "Date": "Mon, 13 Nov 2023 13:23:09 GMT",
        "MS-CV": "PEaQBq6Qf0CXwhviVXkzwA.0",
        "Strict-Transport-Security": "max-age=2592000",
        "X-Azure-Ref": "0PSNSZQAAAAC1LOlTbeyVT4CUO0NRpfYoUFJHMDFFREdFMDkwOQA5ZmM3YjUxOS1hOGNjLTRmODktOTM1ZS1jOTE0OGFlMDllODE=",
        "X-Cache": "CONFIG_NOCACHE",
        "X-Processing-Time": "217ms"
      },
      "ResponseBody": {
        "trunks": {},
        "routes": []
      }
    },
    {
      "RequestUri": "https://endpoint/sip?api-version=2023-03-01",
      "RequestMethod": "PATCH",
      "RequestHeaders": {
        "Accept": "application/json",
        "Accept-Encoding": "gzip, deflate, br",
        "Accept-Language": "en-US",
        "Authorization": "Sanitized",
        "Connection": "keep-alive",
        "Content-Length": "93",
        "Content-Type": "application/merge-patch\u002Bjson",
        "Referer": "http://localhost:9876/",
        "sec-ch-ua": "",
        "sec-ch-ua-mobile": "?0",
        "sec-ch-ua-platform": "\u0022\u0022",
        "Sec-Fetch-Dest": "empty",
        "Sec-Fetch-Mode": "cors",
        "Sec-Fetch-Site": "same-site",
        "User-Agent": "Mozilla/5.0 (Windows NT 10.0; Win64; x64) AppleWebKit/537.36 (KHTML, like Gecko) HeadlessChrome/112.0.5614.0 Safari/537.36",
        "x-ms-client-request-id": "sanitized",
        "x-ms-useragent": "acs-test"
      },
      "RequestBody": {
        "trunks": {
          "test22f0d40dd3c8424a8bda514b62ce6ae7.sanitized.sbc.test": {
            "sipSignalingPort": 0
          }
        }
      },
      "StatusCode": 422,
      "ResponseHeaders": {
        "Content-Type": "application/json",
        "Date": "Mon, 13 Nov 2023 13:23:09 GMT",
        "MS-CV": "Z7xquB2LU0i\u002B\u002Bgt3mzaIpg.0",
        "Strict-Transport-Security": "max-age=2592000",
        "Transfer-Encoding": "chunked",
        "X-Azure-Ref": "0PSNSZQAAAADjB\u002BCkozECR4VCYnXKggWGUFJHMDFFREdFMDkwOQA5ZmM3YjUxOS1hOGNjLTRmODktOTM1ZS1jOTE0OGFlMDllODE=",
        "X-Cache": "CONFIG_NOCACHE",
        "X-Processing-Time": "6ms"
      },
      "ResponseBody": {
        "error": {
          "code": "UnprocessableConfiguration",
          "message": "One or more request inputs are not valid.",
          "innererror": {
            "code": "InvalidTrunkSipSignalingPort",
            "message": "Trunk with an invalid SIP signaling port."
          }
        }
      }
    },
    {
      "RequestUri": "https://endpoint/sip?api-version=2023-03-01",
      "RequestMethod": "GET",
      "RequestHeaders": {
        "Accept": "application/json",
        "Accept-Encoding": "gzip, deflate, br",
        "Accept-Language": "en-US",
        "Authorization": "Sanitized",
        "Connection": "keep-alive",
        "Referer": "http://localhost:9876/",
        "sec-ch-ua": "",
        "sec-ch-ua-mobile": "?0",
        "sec-ch-ua-platform": "\u0022\u0022",
        "Sec-Fetch-Dest": "empty",
        "Sec-Fetch-Mode": "cors",
        "Sec-Fetch-Site": "same-site",
        "User-Agent": "Mozilla/5.0 (Windows NT 10.0; Win64; x64) AppleWebKit/537.36 (KHTML, like Gecko) HeadlessChrome/112.0.5614.0 Safari/537.36",
        "x-ms-client-request-id": "sanitized",
        "x-ms-useragent": "acs-test"
      },
      "RequestBody": null,
      "StatusCode": 200,
      "ResponseHeaders": {
        "api-supported-versions": "2023-03-01, 2023-04-01-preview",
        "Content-Length": "25",
        "Content-Type": "application/json; charset=utf-8",
        "Date": "Mon, 13 Nov 2023 13:23:09 GMT",
        "MS-CV": "gAr4SsI9Jki\u002BRy17uLFKkg.0",
        "Strict-Transport-Security": "max-age=2592000",
        "X-Azure-Ref": "0PSNSZQAAAABr28p4YLVMQos63xspsrURUFJHMDFFREdFMDkwOQA5ZmM3YjUxOS1hOGNjLTRmODktOTM1ZS1jOTE0OGFlMDllODE=",
        "X-Cache": "CONFIG_NOCACHE",
        "X-Processing-Time": "209ms"
      },
      "ResponseBody": {
        "trunks": {},
        "routes": []
      }
    }
  ],
  "Variables": {
    "fqdn-1": "test22f0d40dd3c8424a8bda514b62ce6ae7.sanitized.sbc.test",
    "fqdn-2": "test99e3a28872b449d0aeb3b07f38da6410.sanitized.sbc.test"
  }
}
