{
  "Entries": [
    {
      "RequestUri": "https://endpoint/sip?api-version=2023-03-01",
      "RequestMethod": "GET",
      "RequestHeaders": {
        "Accept": "application/json",
        "Accept-Encoding": "gzip, deflate, br",
        "Accept-Language": "en-US",
        "Authorization": "Sanitized",
        "Connection": "keep-alive",
        "Referer": "http://localhost:9876/",
        "sec-ch-ua": "",
        "sec-ch-ua-mobile": "?0",
        "sec-ch-ua-platform": "",
        "Sec-Fetch-Dest": "empty",
        "Sec-Fetch-Mode": "cors",
        "Sec-Fetch-Site": "same-site",
        "User-Agent": "Mozilla/5.0 (Windows NT 10.0; Win64; x64) AppleWebKit/537.36 (KHTML, like Gecko) HeadlessChrome/111.0.5555.0 Safari/537.36",
        "x-ms-client-request-id": "sanitized",
        "x-ms-useragent": "azsdk-js-communication-phone-numbers/1.2.0-beta.5 core-rest-pipeline/1.9.2 OS/Win32"
      },
      "RequestBody": null,
      "StatusCode": 200,
      "ResponseHeaders": {
        "api-supported-versions": "2021-05-01-preview, 2022-09-01-preview, 2023-01-01-preview, 2023-03-01",
        "Content-Length": "25",
        "Content-Type": "application/json; charset=utf-8",
        "Date": "Tue, 07 Mar 2023 11:42:40 GMT",
        "MS-CV": "e9dm0KZdFEWgFBWeNR9Q6A.0",
        "Strict-Transport-Security": "max-age=2592000",
        "X-Azure-Ref": "0MCMHZAAAAAAuoXPvqRFbT4oDkX0QSInnTFRTRURHRTEzMTIAY2M5Mjc1OGQtMDVmNy00YWQ2LWFhNWUtMGZhOTcxOGQ4OTg1",
        "X-Cache": "CONFIG_NOCACHE",
        "X-Processing-Time": "177ms"
      },
      "ResponseBody": {
        "trunks": {},
        "routes": []
      }
    },
    {
      "RequestUri": "https://endpoint/sip?api-version=2023-03-01",
      "RequestMethod": "PATCH",
      "RequestHeaders": {
        "Accept": "application/json",
        "Accept-Encoding": "gzip, deflate, br",
        "Accept-Language": "en-US",
        "Authorization": "Sanitized",
        "Connection": "keep-alive",
        "Content-Length": "196",
        "Content-Type": "application/merge-patch\u002Bjson",
        "Referer": "http://localhost:9876/",
        "sec-ch-ua": "",
        "sec-ch-ua-mobile": "?0",
        "sec-ch-ua-platform": "",
        "Sec-Fetch-Dest": "empty",
        "Sec-Fetch-Mode": "cors",
        "Sec-Fetch-Site": "same-site",
        "User-Agent": "Mozilla/5.0 (Windows NT 10.0; Win64; x64) AppleWebKit/537.36 (KHTML, like Gecko) HeadlessChrome/111.0.5555.0 Safari/537.36",
        "x-ms-client-request-id": "sanitized",
        "x-ms-useragent": "azsdk-js-communication-phone-numbers/1.2.0-beta.5 core-rest-pipeline/1.9.2 OS/Win32"
      },
      "RequestBody": {
        "trunks": {
          "test5910d11305f64f7eaa1c91b3cef3da3f.nostojic13012023.skype.net": {
            "sipSignalingPort": 8239
          },
          "test04bb532b11244342a399da69fcf577f1.nostojic13012023.skype.net": {
            "sipSignalingPort": 7348
          }
        }
      },
      "StatusCode": 200,
      "ResponseHeaders": {
        "api-supported-versions": "2021-05-01-preview, 2022-09-01-preview, 2023-01-01-preview, 2023-03-01",
        "Content-Length": "208",
        "Content-Type": "application/json; charset=utf-8",
        "Date": "Tue, 07 Mar 2023 11:42:41 GMT",
        "MS-CV": "Qp37h55om0eHvjV0eZvxdg.0",
        "Strict-Transport-Security": "max-age=2592000",
        "X-Azure-Ref": "0MCMHZAAAAAAaVm2Jv8fhSpPtyqvnYoMITFRTRURHRTEzMTIAY2M5Mjc1OGQtMDVmNy00YWQ2LWFhNWUtMGZhOTcxOGQ4OTg1",
        "X-Cache": "CONFIG_NOCACHE",
        "X-Processing-Time": "1016ms"
      },
      "ResponseBody": {
        "trunks": {
          "test5910d11305f64f7eaa1c91b3cef3da3f.nostojic13012023.skype.net": {
            "sipSignalingPort": 8239
          },
          "test04bb532b11244342a399da69fcf577f1.nostojic13012023.skype.net": {
            "sipSignalingPort": 7348
          }
        },
        "routes": []
      }
    },
    {
      "RequestUri": "https://endpoint/sip?api-version=2023-03-01",
      "RequestMethod": "PATCH",
      "RequestHeaders": {
        "Accept": "application/json",
        "Accept-Encoding": "gzip, deflate, br",
        "Accept-Language": "en-US",
        "Authorization": "Sanitized",
        "Connection": "keep-alive",
        "Content-Length": "444",
        "Content-Type": "application/merge-patch\u002Bjson",
        "Referer": "http://localhost:9876/",
        "sec-ch-ua": "",
        "sec-ch-ua-mobile": "?0",
        "sec-ch-ua-platform": "",
        "Sec-Fetch-Dest": "empty",
        "Sec-Fetch-Mode": "cors",
        "Sec-Fetch-Site": "same-site",
        "User-Agent": "Mozilla/5.0 (Windows NT 10.0; Win64; x64) AppleWebKit/537.36 (KHTML, like Gecko) HeadlessChrome/111.0.5555.0 Safari/537.36",
        "x-ms-client-request-id": "sanitized",
        "x-ms-useragent": "azsdk-js-communication-phone-numbers/1.2.0-beta.5 core-rest-pipeline/1.9.2 OS/Win32"
      },
      "RequestBody": {
        "routes": [
          {
            "description": "myFirstRoute\u0027s description",
            "name": "myFirstRoute",
            "numberPattern": "^\u002B[1-9][0-9]{3,23}$",
            "trunks": [
              "test5910d11305f64f7eaa1c91b3cef3da3f.nostojic13012023.skype.net",
              "test04bb532b11244342a399da69fcf577f1.nostojic13012023.skype.net"
            ]
          },
          {
            "description": "mySecondRoute\u0027s description",
            "name": "mySecondRoute",
            "numberPattern": "^\u002B[1-9][0-9]{3,23}$",
            "trunks": [
              "test5910d11305f64f7eaa1c91b3cef3da3f.nostojic13012023.skype.net"
            ]
          }
        ]
      },
      "StatusCode": 200,
      "ResponseHeaders": {
        "api-supported-versions": "2021-05-01-preview, 2022-09-01-preview, 2023-01-01-preview, 2023-03-01",
        "Content-Length": "639",
        "Content-Type": "application/json; charset=utf-8",
        "Date": "Tue, 07 Mar 2023 11:42:42 GMT",
        "MS-CV": "2ngYDBhcc0O/K91ygqriRg.0",
        "Strict-Transport-Security": "max-age=2592000",
        "X-Azure-Ref": "0MSMHZAAAAAABFAyOtJcXTrmhNoFSaIsPTFRTRURHRTEzMTIAY2M5Mjc1OGQtMDVmNy00YWQ2LWFhNWUtMGZhOTcxOGQ4OTg1",
        "X-Cache": "CONFIG_NOCACHE",
        "X-Processing-Time": "315ms"
      },
      "ResponseBody": {
        "trunks": {
          "test5910d11305f64f7eaa1c91b3cef3da3f.nostojic13012023.skype.net": {
            "sipSignalingPort": 8239
          },
          "test04bb532b11244342a399da69fcf577f1.nostojic13012023.skype.net": {
            "sipSignalingPort": 7348
          }
        },
        "routes": [
          {
            "description": "myFirstRoute\u0027s description",
            "name": "myFirstRoute",
            "numberPattern": "^\u002B[1-9][0-9]{3,23}$",
            "trunks": [
              "test5910d11305f64f7eaa1c91b3cef3da3f.nostojic13012023.skype.net",
              "test04bb532b11244342a399da69fcf577f1.nostojic13012023.skype.net"
            ]
          },
          {
            "description": "mySecondRoute\u0027s description",
            "name": "mySecondRoute",
            "numberPattern": "^\u002B[1-9][0-9]{3,23}$",
            "trunks": [
              "test5910d11305f64f7eaa1c91b3cef3da3f.nostojic13012023.skype.net"
            ]
          }
        ]
      }
    },
    {
      "RequestUri": "https://endpoint/sip?api-version=2023-03-01",
      "RequestMethod": "GET",
      "RequestHeaders": {
        "Accept": "application/json",
        "Accept-Encoding": "gzip, deflate, br",
        "Accept-Language": "en-US",
        "Authorization": "Sanitized",
        "Connection": "keep-alive",
        "Referer": "http://localhost:9876/",
        "sec-ch-ua": "",
        "sec-ch-ua-mobile": "?0",
        "sec-ch-ua-platform": "",
        "Sec-Fetch-Dest": "empty",
        "Sec-Fetch-Mode": "cors",
        "Sec-Fetch-Site": "same-site",
        "User-Agent": "Mozilla/5.0 (Windows NT 10.0; Win64; x64) AppleWebKit/537.36 (KHTML, like Gecko) HeadlessChrome/111.0.5555.0 Safari/537.36",
        "x-ms-client-request-id": "sanitized",
        "x-ms-useragent": "azsdk-js-communication-phone-numbers/1.2.0-beta.5 core-rest-pipeline/1.9.2 OS/Win32"
      },
      "RequestBody": null,
      "StatusCode": 200,
      "ResponseHeaders": {
        "api-supported-versions": "2021-05-01-preview, 2022-09-01-preview, 2023-01-01-preview, 2023-03-01",
        "Content-Length": "639",
        "Content-Type": "application/json; charset=utf-8",
        "Date": "Tue, 07 Mar 2023 11:42:42 GMT",
        "MS-CV": "PfnAL5OvtUSdywcrd8hjgQ.0",
        "Strict-Transport-Security": "max-age=2592000",
        "X-Azure-Ref": "0MiMHZAAAAAASQAaM6CyKRYVOKra\u002B5lYzTFRTRURHRTEzMTIAY2M5Mjc1OGQtMDVmNy00YWQ2LWFhNWUtMGZhOTcxOGQ4OTg1",
        "X-Cache": "CONFIG_NOCACHE",
        "X-Processing-Time": "172ms"
      },
      "ResponseBody": {
        "trunks": {
          "test5910d11305f64f7eaa1c91b3cef3da3f.nostojic13012023.skype.net": {
            "sipSignalingPort": 8239
          },
          "test04bb532b11244342a399da69fcf577f1.nostojic13012023.skype.net": {
            "sipSignalingPort": 7348
          }
        },
        "routes": [
          {
            "description": "myFirstRoute\u0027s description",
            "name": "myFirstRoute",
            "numberPattern": "^\u002B[1-9][0-9]{3,23}$",
            "trunks": [
              "test5910d11305f64f7eaa1c91b3cef3da3f.nostojic13012023.skype.net",
              "test04bb532b11244342a399da69fcf577f1.nostojic13012023.skype.net"
            ]
          },
          {
            "description": "mySecondRoute\u0027s description",
            "name": "mySecondRoute",
            "numberPattern": "^\u002B[1-9][0-9]{3,23}$",
            "trunks": [
              "test5910d11305f64f7eaa1c91b3cef3da3f.nostojic13012023.skype.net"
            ]
          }
        ]
      }
    },
    {
      "RequestUri": "https://endpoint/sip?api-version=2023-03-01",
      "RequestMethod": "PATCH",
      "RequestHeaders": {
        "Accept": "application/json",
        "Accept-Encoding": "gzip, deflate, br",
        "Accept-Language": "en-US",
        "Authorization": "Sanitized",
        "Connection": "keep-alive",
        "Content-Length": "175",
        "Content-Type": "application/merge-patch\u002Bjson",
        "Referer": "http://localhost:9876/",
        "sec-ch-ua": "",
        "sec-ch-ua-mobile": "?0",
        "sec-ch-ua-platform": "",
        "Sec-Fetch-Dest": "empty",
        "Sec-Fetch-Mode": "cors",
        "Sec-Fetch-Site": "same-site",
        "User-Agent": "Mozilla/5.0 (Windows NT 10.0; Win64; x64) AppleWebKit/537.36 (KHTML, like Gecko) HeadlessChrome/111.0.5555.0 Safari/537.36",
        "x-ms-client-request-id": "sanitized",
        "x-ms-useragent": "azsdk-js-communication-phone-numbers/1.2.0-beta.5 core-rest-pipeline/1.9.2 OS/Win32"
      },
      "RequestBody": {
        "trunks": {
          "test5910d11305f64f7eaa1c91b3cef3da3f.nostojic13012023.skype.net": {
            "sipSignalingPort": 1234
          },
          "test04bb532b11244342a399da69fcf577f1.nostojic13012023.skype.net": null
        }
      },
      "StatusCode": 422,
      "ResponseHeaders": {
        "api-supported-versions": "2021-05-01-preview, 2022-09-01-preview, 2023-01-01-preview, 2023-03-01",
        "Content-Type": "application/json",
        "Date": "Tue, 07 Mar 2023 11:42:43 GMT",
        "MS-CV": "yVMrQszRX0eDuzx\u002BtvHX4Q.0",
        "Strict-Transport-Security": "max-age=2592000",
        "Transfer-Encoding": "chunked",
        "X-Azure-Ref": "0MiMHZAAAAACBC1sTbV/uSKNf0210fRqkTFRTRURHRTEzMTIAY2M5Mjc1OGQtMDVmNy00YWQ2LWFhNWUtMGZhOTcxOGQ4OTg1",
        "X-Cache": "CONFIG_NOCACHE",
        "X-Processing-Time": "374ms"
      },
      "ResponseBody": {
        "error": {
          "code": "UnprocessableConfiguration",
          "message": "One or more request inputs are not valid.",
          "innererror": {
            "code": "MissingTrunk",
            "message": "Route targeting a missing trunk."
          }
        }
      }
    },
    {
      "RequestUri": "https://endpoint/sip?api-version=2023-03-01",
      "RequestMethod": "GET",
      "RequestHeaders": {
        "Accept": "application/json",
        "Accept-Encoding": "gzip, deflate, br",
        "Accept-Language": "en-US",
        "Authorization": "Sanitized",
        "Connection": "keep-alive",
        "Referer": "http://localhost:9876/",
        "sec-ch-ua": "",
        "sec-ch-ua-mobile": "?0",
        "sec-ch-ua-platform": "",
        "Sec-Fetch-Dest": "empty",
        "Sec-Fetch-Mode": "cors",
        "Sec-Fetch-Site": "same-site",
        "User-Agent": "Mozilla/5.0 (Windows NT 10.0; Win64; x64) AppleWebKit/537.36 (KHTML, like Gecko) HeadlessChrome/111.0.5555.0 Safari/537.36",
        "x-ms-client-request-id": "sanitized",
        "x-ms-useragent": "azsdk-js-communication-phone-numbers/1.2.0-beta.5 core-rest-pipeline/1.9.2 OS/Win32"
      },
      "RequestBody": null,
      "StatusCode": 200,
      "ResponseHeaders": {
        "api-supported-versions": "2021-05-01-preview, 2022-09-01-preview, 2023-01-01-preview, 2023-03-01",
        "Content-Length": "639",
        "Content-Type": "application/json; charset=utf-8",
        "Date": "Tue, 07 Mar 2023 11:42:43 GMT",
        "MS-CV": "mbq60li75U6eaq1nWvV6aw.0",
        "Strict-Transport-Security": "max-age=2592000",
        "X-Azure-Ref": "0MyMHZAAAAADhpJwNHt4XS5LaqF8XOsYkTFRTRURHRTEzMTIAY2M5Mjc1OGQtMDVmNy00YWQ2LWFhNWUtMGZhOTcxOGQ4OTg1",
        "X-Cache": "CONFIG_NOCACHE",
        "X-Processing-Time": "173ms"
      },
      "ResponseBody": {
        "trunks": {
          "test5910d11305f64f7eaa1c91b3cef3da3f.nostojic13012023.skype.net": {
            "sipSignalingPort": 8239
          },
          "test04bb532b11244342a399da69fcf577f1.nostojic13012023.skype.net": {
            "sipSignalingPort": 7348
          }
        },
        "routes": [
          {
            "description": "myFirstRoute\u0027s description",
            "name": "myFirstRoute",
            "numberPattern": "^\u002B[1-9][0-9]{3,23}$",
            "trunks": [
              "test5910d11305f64f7eaa1c91b3cef3da3f.nostojic13012023.skype.net",
              "test04bb532b11244342a399da69fcf577f1.nostojic13012023.skype.net"
            ]
          },
          {
            "description": "mySecondRoute\u0027s description",
            "name": "mySecondRoute",
            "numberPattern": "^\u002B[1-9][0-9]{3,23}$",
            "trunks": [
              "test5910d11305f64f7eaa1c91b3cef3da3f.nostojic13012023.skype.net"
            ]
          }
        ]
      }
    }
  ],
  "Variables": {
    "fqdn-1": "test5910d11305f64f7eaa1c91b3cef3da3f.nostojic13012023.skype.net",
    "fqdn-2": "test04bb532b11244342a399da69fcf577f1.nostojic13012023.skype.net"
  }
}
