{
  "Entries": [
    {
      "RequestUri": "https://endpoint/formrecognizer/documentModels:build?api-version=2022-08-31",
      "RequestMethod": "POST",
      "RequestHeaders": {
        "Accept": "application/json",
        "Accept-Encoding": "gzip, deflate, br",
        "Accept-Language": "en-US",
        "Connection": "keep-alive",
        "Content-Length": "136",
        "Content-Type": "application/json",
        "ocp-apim-subscription-key": "api_key",
        "Referer": "http://localhost:9876/",
        "sec-ch-ua": "",
        "sec-ch-ua-mobile": "?0",
        "sec-ch-ua-platform": "",
        "Sec-Fetch-Dest": "empty",
        "Sec-Fetch-Mode": "cors",
        "Sec-Fetch-Site": "same-site",
        "User-Agent": "Mozilla/5.0 (X11; Linux x86_64) AppleWebKit/537.36 (KHTML, like Gecko) HeadlessChrome/103.0.5058.0 Safari/537.36",
        "x-ms-client-request-id": "4e12075e-9c00-4e5f-970f-c7c7499255c0",
        "x-ms-useragent": "azsdk-js-ai-form-recognizer/4.0.0 core-rest-pipeline/1.9.3 OS/Linuxx86_64"
      },
      "RequestBody": {
        "modelId": "modelName10266",
        "buildMode": "template",
        "azureBlobSource": {
          "containerUrl": "https://storageaccount/trainingdata-v3?sastoken"
        }
      },
      "StatusCode": 202,
      "ResponseHeaders": {
        "apim-request-id": "0089703c-d41b-462c-af5d-242e9877d849",
        "Content-Length": "0",
        "Date": "Thu, 08 Sep 2022 00:33:52 GMT",
        "operation-location": "https://endpoint/formrecognizer/operations/31503770768_0089703c-d41b-462c-af5d-242e9877d849?api-version=2022-08-31",
        "Strict-Transport-Security": "max-age=31536000; includeSubDomains; preload",
        "X-Content-Type-Options": "nosniff",
        "x-envoy-upstream-service-time": "1021"
      },
      "ResponseBody": null
    },
    {
      "RequestUri": "https://endpoint/formrecognizer/operations/31503770768_0089703c-d41b-462c-af5d-242e9877d849?api-version=2022-08-31",
      "RequestMethod": "GET",
      "RequestHeaders": {
        "Accept": "application/json",
        "Accept-Encoding": "gzip, deflate, br",
        "Accept-Language": "en-US",
        "Connection": "keep-alive",
        "ocp-apim-subscription-key": "api_key",
        "Referer": "http://localhost:9876/",
        "sec-ch-ua": "",
        "sec-ch-ua-mobile": "?0",
        "sec-ch-ua-platform": "",
        "Sec-Fetch-Dest": "empty",
        "Sec-Fetch-Mode": "cors",
        "Sec-Fetch-Site": "same-site",
        "User-Agent": "Mozilla/5.0 (X11; Linux x86_64) AppleWebKit/537.36 (KHTML, like Gecko) HeadlessChrome/103.0.5058.0 Safari/537.36",
        "x-ms-client-request-id": "d37cfadc-80f5-425d-94df-ede47535f151",
        "x-ms-useragent": "azsdk-js-ai-form-recognizer/4.0.0 core-rest-pipeline/1.9.3 OS/Linuxx86_64"
      },
      "RequestBody": null,
      "StatusCode": 200,
      "ResponseHeaders": {
        "apim-request-id": "6a914eda-0cca-4c3f-b437-b6e7dbb0a55f",
        "Content-Type": "application/json; charset=utf-8",
        "Date": "Thu, 08 Sep 2022 00:33:52 GMT",
        "Strict-Transport-Security": "max-age=31536000; includeSubDomains; preload",
        "Transfer-Encoding": "chunked",
        "X-Content-Type-Options": "nosniff",
        "x-envoy-upstream-service-time": "14"
      },
      "ResponseBody": {
        "operationId": "31503770768_0089703c-d41b-462c-af5d-242e9877d849",
        "kind": "documentModelBuild",
        "status": "notStarted",
        "createdDateTime": "2022-09-08T00:33:52Z",
        "lastUpdatedDateTime": "2022-09-08T00:33:52Z",
        "resourceLocation": "https://endpoint/formrecognizer/documentModels/modelName10266?api-version=2022-08-31"
      }
    },
    {
      "RequestUri": "https://endpoint/formrecognizer/operations/31503770768_0089703c-d41b-462c-af5d-242e9877d849?api-version=2022-08-31",
      "RequestMethod": "GET",
      "RequestHeaders": {
        "Accept": "application/json",
        "Accept-Encoding": "gzip, deflate, br",
        "Accept-Language": "en-US",
        "Connection": "keep-alive",
        "ocp-apim-subscription-key": "api_key",
        "Referer": "http://localhost:9876/",
        "sec-ch-ua": "",
        "sec-ch-ua-mobile": "?0",
        "sec-ch-ua-platform": "",
        "Sec-Fetch-Dest": "empty",
        "Sec-Fetch-Mode": "cors",
        "Sec-Fetch-Site": "same-site",
        "User-Agent": "Mozilla/5.0 (X11; Linux x86_64) AppleWebKit/537.36 (KHTML, like Gecko) HeadlessChrome/103.0.5058.0 Safari/537.36",
        "x-ms-client-request-id": "350b3b50-6660-439c-a059-17fccd8b6085",
        "x-ms-useragent": "azsdk-js-ai-form-recognizer/4.0.0 core-rest-pipeline/1.9.3 OS/Linuxx86_64"
      },
      "RequestBody": null,
      "StatusCode": 200,
      "ResponseHeaders": {
        "apim-request-id": "5551e371-3ff3-4e9f-a80e-ff3c0a44bc48",
        "Content-Type": "application/json; charset=utf-8",
        "Date": "Thu, 08 Sep 2022 00:33:52 GMT",
        "Strict-Transport-Security": "max-age=31536000; includeSubDomains; preload",
        "Transfer-Encoding": "chunked",
        "X-Content-Type-Options": "nosniff",
        "x-envoy-upstream-service-time": "20"
      },
      "ResponseBody": {
        "operationId": "31503770768_0089703c-d41b-462c-af5d-242e9877d849",
        "kind": "documentModelBuild",
        "status": "notStarted",
        "createdDateTime": "2022-09-08T00:33:52Z",
        "lastUpdatedDateTime": "2022-09-08T00:33:52Z",
        "resourceLocation": "https://endpoint/formrecognizer/documentModels/modelName10266?api-version=2022-08-31"
      }
    },
    {
      "RequestUri": "https://endpoint/formrecognizer/operations/31503770768_0089703c-d41b-462c-af5d-242e9877d849?api-version=2022-08-31",
      "RequestMethod": "GET",
      "RequestHeaders": {
        "Accept": "application/json",
        "Accept-Encoding": "gzip, deflate, br",
        "Accept-Language": "en-US",
        "Connection": "keep-alive",
        "ocp-apim-subscription-key": "api_key",
        "Referer": "http://localhost:9876/",
        "sec-ch-ua": "",
        "sec-ch-ua-mobile": "?0",
        "sec-ch-ua-platform": "",
        "Sec-Fetch-Dest": "empty",
        "Sec-Fetch-Mode": "cors",
        "Sec-Fetch-Site": "same-site",
        "User-Agent": "Mozilla/5.0 (X11; Linux x86_64) AppleWebKit/537.36 (KHTML, like Gecko) HeadlessChrome/103.0.5058.0 Safari/537.36",
        "x-ms-client-request-id": "ba298edc-42f5-4e36-9e37-540868479f1f",
        "x-ms-useragent": "azsdk-js-ai-form-recognizer/4.0.0 core-rest-pipeline/1.9.3 OS/Linuxx86_64"
      },
      "RequestBody": null,
      "StatusCode": 200,
      "ResponseHeaders": {
        "apim-request-id": "4f49e4fe-ac05-47db-ab8d-038cd410cf4c",
        "Content-Type": "application/json; charset=utf-8",
        "Date": "Thu, 08 Sep 2022 00:33:58 GMT",
        "Strict-Transport-Security": "max-age=31536000; includeSubDomains; preload",
        "Transfer-Encoding": "chunked",
        "X-Content-Type-Options": "nosniff",
        "x-envoy-upstream-service-time": "15"
      },
      "ResponseBody": {
        "operationId": "31503770768_0089703c-d41b-462c-af5d-242e9877d849",
        "kind": "documentModelBuild",
        "status": "succeeded",
        "createdDateTime": "2022-09-08T00:33:52Z",
        "lastUpdatedDateTime": "2022-09-08T00:33:55Z",
        "resourceLocation": "https://endpoint/formrecognizer/documentModels/modelName10266?api-version=2022-08-31",
        "percentCompleted": 100,
        "result": {
          "docTypes": {
            "modelName10266": {
              "fieldSchema": {
                "Merchant": {
                  "type": "string"
                },
                "PhoneNumber": {
                  "type": "string"
                },
                "Website": {
                  "type": "string"
                },
                "Email": {
                  "type": "string"
                },
                "PurchaseOrderNumber": {
                  "type": "string"
                },
                "DatedAs": {
                  "type": "string"
                },
                "VendorName": {
                  "type": "string"
                },
                "CompanyName": {
                  "type": "string"
                },
                "CompanyAddress": {
                  "type": "string"
                },
                "CompanyPhoneNumber": {
                  "type": "string"
                },
                "Subtotal": {
                  "type": "string"
                },
                "Tax": {
                  "type": "string"
                },
                "Total": {
                  "type": "string"
                },
                "Signature": {
                  "type": "string"
                },
                "Quantity": {
                  "type": "number"
                },
                "FullSignature": {
                  "type": "signature"
                }
              },
              "buildMode": "template",
              "fieldConfidence": {
                "CompanyAddress": 0.8,
                "CompanyName": 0.995,
                "CompanyPhoneNumber": 0.995,
                "DatedAs": 0.995,
                "Email": 0.8,
                "FullSignature": 0.6,
                "Merchant": 0.995,
                "PhoneNumber": 0.995,
                "PurchaseOrderNumber": 0.995,
                "Quantity": 0.995,
                "Signature": 0.995,
                "Subtotal": 0.995,
                "Tax": 0.995,
                "Total": 0.995,
                "VendorName": 0.995,
                "Website": 0.995
              }
            }
          },
          "modelId": "modelName10266",
          "createdDateTime": "2022-09-08T00:33:55Z",
          "apiVersion": "2022-08-31"
        }
      }
    }
  ],
  "Variables": {
    "1": "modelName10266"
  }
}
