{
  "Entries": [
    {
      "RequestUri": "https://myappconfig.azconfig.io/kv/readOnlyTests-1048?api-version=1.0\u0026label=some label",
      "RequestMethod": "PUT",
      "RequestHeaders": {
        "Accept": "application/vnd.microsoft.appconfig.kv\u002Bjson, application/json, application/problem\u002Bjson",
        "Accept-Encoding": "gzip, deflate, br",
        "Accept-Language": "en-US",
        "Authorization": "Sanitized",
        "Connection": "keep-alive",
        "Content-Length": "65",
        "Content-Type": "application/vnd.microsoft.appconfig.kv\u002Bjson",
        "Referer": "http://localhost:9876/",
        "sec-ch-ua": "",
        "sec-ch-ua-mobile": "?0",
        "sec-ch-ua-platform": "",
        "Sec-Fetch-Dest": "empty",
        "Sec-Fetch-Mode": "cors",
        "Sec-Fetch-Site": "same-site",
        "User-Agent": "Mozilla/5.0 (X11; Linux x86_64) AppleWebKit/537.36 (KHTML, like Gecko) HeadlessChrome/93.0.4577.0 Safari/537.36",
        "x-ms-client-request-id": "bc6f4961-ead7-4a97-a2fc-3ed514ef7158",
        "x-ms-content-sha256": "rUXNlIBBEuRK4UbOIv9mbaFTvF5I5tj7MTNoyhT9yt4=",
        "x-ms-date": "Wed, 29 Dec 2021 21:07:54 GMT",
        "x-ms-useragent": "azsdk-js-app-configuration/1.3.2 core-http/2.2.3 OS/Linuxx86_64"
      },
      "RequestBody": {
        "key": "readOnlyTests-1048",
        "label": "some label",
        "value": "world"
      },
      "StatusCode": 200,
      "ResponseHeaders": {
        "Access-Control-Allow-Credentials": "true",
        "Access-Control-Allow-Origin": "*",
        "Access-Control-Expose-Headers": "DNT, X-CustomHeader, Keep-Alive, User-Agent, X-Requested-With, If-Modified-Since, Cache-Control, Content-Type, Authorization, x-ms-client-request-id, x-ms-useragent, x-ms-content-sha256, x-ms-date, host, Accept, Accept-Datetime, Date, If-Match, If-None-Match, Sync-Token, x-ms-return-client-request-id, ETag, Last-Modified, Link, Memento-Datetime, retry-after-ms, x-ms-request-id, x-ms-client-session-id, x-ms-effective-locale, WWW-Authenticate, traceparent, tracestate",
        "Connection": "keep-alive",
        "Content-Type": "application/vnd.microsoft.appconfig.kv\u002Bjson; charset=utf-8",
        "Date": "Wed, 29 Dec 2021 21:07:54 GMT",
        "ETag": "\u0022khWrprmJGxQMSdzv15QXsFSxRjU\u0022",
        "Last-Modified": "Wed, 29 Dec 2021 21:07:54 GMT",
        "Server": "openresty/1.17.8.2",
        "Strict-Transport-Security": "max-age=15724800; includeSubDomains",
        "Sync-Token": "zAJw6V16=NToxNSMzMjg0Mzgx;sn=3284381",
        "Transfer-Encoding": "chunked",
        "x-ms-correlation-request-id": "1099540e-5e71-4061-ac1f-f0705478e48a",
        "x-ms-request-id": "1099540e-5e71-4061-ac1f-f0705478e48a"
      },
      "ResponseBody": {
        "etag": "khWrprmJGxQMSdzv15QXsFSxRjU",
        "key": "readOnlyTests-1048",
        "label": "some label",
        "content_type": null,
        "value": "world",
        "tags": {},
        "locked": false,
        "last_modified": "2021-12-29T21:07:54\u002B00:00"
      }
    },
    {
      "RequestUri": "https://myappconfig.azconfig.io/kv/readOnlyTests-1048?api-version=1.0\u0026label=some label",
      "RequestMethod": "GET",
      "RequestHeaders": {
        "Accept": "application/vnd.microsoft.appconfig.kv\u002Bjson, application/json, application/problem\u002Bjson",
        "Accept-Encoding": "gzip, deflate, br",
        "Accept-Language": "en-US",
        "Authorization": "Sanitized",
        "Connection": "keep-alive",
        "Referer": "http://localhost:9876/",
        "sec-ch-ua": "",
        "sec-ch-ua-mobile": "?0",
        "sec-ch-ua-platform": "",
        "Sec-Fetch-Dest": "empty",
        "Sec-Fetch-Mode": "cors",
        "Sec-Fetch-Site": "same-site",
        "sync-token": "zAJw6V16=NToxNSMzMjg0Mzgx",
        "User-Agent": "Mozilla/5.0 (X11; Linux x86_64) AppleWebKit/537.36 (KHTML, like Gecko) HeadlessChrome/93.0.4577.0 Safari/537.36",
        "x-ms-client-request-id": "2621110f-768c-43c0-bc75-5697daebe8fa",
        "x-ms-content-sha256": "47DEQpj8HBSa\u002B/TImW\u002B5JCeuQeRkm5NMpJWZG3hSuFU=",
        "x-ms-date": "Wed, 29 Dec 2021 21:07:54 GMT",
        "x-ms-useragent": "azsdk-js-app-configuration/1.3.2 core-http/2.2.3 OS/Linuxx86_64"
      },
      "RequestBody": null,
      "StatusCode": 200,
      "ResponseHeaders": {
        "Access-Control-Allow-Credentials": "true",
        "Access-Control-Allow-Origin": "*",
        "Access-Control-Expose-Headers": "DNT, X-CustomHeader, Keep-Alive, User-Agent, X-Requested-With, If-Modified-Since, Cache-Control, Content-Type, Authorization, x-ms-client-request-id, x-ms-useragent, x-ms-content-sha256, x-ms-date, host, Accept, Accept-Datetime, Date, If-Match, If-None-Match, Sync-Token, x-ms-return-client-request-id, ETag, Last-Modified, Link, Memento-Datetime, retry-after-ms, x-ms-request-id, x-ms-client-session-id, x-ms-effective-locale, WWW-Authenticate, traceparent, tracestate",
        "Connection": "keep-alive",
        "Content-Type": "application/vnd.microsoft.appconfig.kv\u002Bjson; charset=utf-8",
        "Date": "Wed, 29 Dec 2021 21:07:54 GMT",
        "ETag": "\u0022khWrprmJGxQMSdzv15QXsFSxRjU\u0022",
        "Last-Modified": "Wed, 29 Dec 2021 21:07:54 GMT",
        "Server": "openresty/1.17.8.2",
        "Strict-Transport-Security": "max-age=15724800; includeSubDomains",
        "Sync-Token": "zAJw6V16=NToxNSMzMjg0Mzgx;sn=3284381",
        "Transfer-Encoding": "chunked",
        "x-ms-correlation-request-id": "cd518ed7-868e-4f0d-89ca-121fec1a5331",
        "x-ms-request-id": "cd518ed7-868e-4f0d-89ca-121fec1a5331"
      },
      "ResponseBody": {
        "etag": "khWrprmJGxQMSdzv15QXsFSxRjU",
        "key": "readOnlyTests-1048",
        "label": "some label",
        "content_type": null,
        "value": "world",
        "tags": {},
        "locked": false,
        "last_modified": "2021-12-29T21:07:54\u002B00:00"
      }
    },
    {
      "RequestUri": "https://myappconfig.azconfig.io/locks/readOnlyTests-1048?api-version=1.0\u0026label=some label",
      "RequestMethod": "PUT",
      "RequestHeaders": {
        "Accept": "application/vnd.microsoft.appconfig.kv\u002Bjson, application/json, application/problem\u002Bjson",
        "Accept-Encoding": "gzip, deflate, br",
        "Accept-Language": "en-US",
        "Authorization": "Sanitized",
        "Connection": "keep-alive",
        "Content-Length": "0",
        "Referer": "http://localhost:9876/",
        "sec-ch-ua": "",
        "sec-ch-ua-mobile": "?0",
        "sec-ch-ua-platform": "",
        "Sec-Fetch-Dest": "empty",
        "Sec-Fetch-Mode": "cors",
        "Sec-Fetch-Site": "same-site",
        "sync-token": "zAJw6V16=NToxNSMzMjg0Mzgx",
        "User-Agent": "Mozilla/5.0 (X11; Linux x86_64) AppleWebKit/537.36 (KHTML, like Gecko) HeadlessChrome/93.0.4577.0 Safari/537.36",
        "x-ms-client-request-id": "44318a6e-5953-478b-81e6-0b5969d75a81",
        "x-ms-content-sha256": "47DEQpj8HBSa\u002B/TImW\u002B5JCeuQeRkm5NMpJWZG3hSuFU=",
        "x-ms-date": "Wed, 29 Dec 2021 21:07:54 GMT",
        "x-ms-useragent": "azsdk-js-app-configuration/1.3.2 core-http/2.2.3 OS/Linuxx86_64"
      },
      "RequestBody": null,
      "StatusCode": 200,
      "ResponseHeaders": {
        "Access-Control-Allow-Credentials": "true",
        "Access-Control-Allow-Origin": "*",
        "Access-Control-Expose-Headers": "DNT, X-CustomHeader, Keep-Alive, User-Agent, X-Requested-With, If-Modified-Since, Cache-Control, Content-Type, Authorization, x-ms-client-request-id, x-ms-useragent, x-ms-content-sha256, x-ms-date, host, Accept, Accept-Datetime, Date, If-Match, If-None-Match, Sync-Token, x-ms-return-client-request-id, ETag, Last-Modified, Link, Memento-Datetime, retry-after-ms, x-ms-request-id, x-ms-client-session-id, x-ms-effective-locale, WWW-Authenticate, traceparent, tracestate",
        "Connection": "keep-alive",
        "Content-Type": "application/vnd.microsoft.appconfig.kv\u002Bjson; charset=utf-8",
        "Date": "Wed, 29 Dec 2021 21:07:54 GMT",
        "ETag": "\u0022VQ8X1mtFTsinTP9qiyRLbtZKg5r\u0022",
        "Last-Modified": "Wed, 29 Dec 2021 21:07:55 GMT",
        "Server": "openresty/1.17.8.2",
        "Strict-Transport-Security": "max-age=15724800; includeSubDomains",
        "Sync-Token": "zAJw6V16=NToxNSMzMjg0Mzgy;sn=3284382",
        "Transfer-Encoding": "chunked",
        "x-ms-correlation-request-id": "0e9993ef-4e67-4ec5-a8db-4566126ac319",
        "x-ms-request-id": "0e9993ef-4e67-4ec5-a8db-4566126ac319"
      },
      "ResponseBody": {
        "etag": "VQ8X1mtFTsinTP9qiyRLbtZKg5r",
        "key": "readOnlyTests-1048",
        "label": "some label",
        "content_type": null,
        "value": "world",
        "tags": {},
        "locked": true,
        "last_modified": "2021-12-29T21:07:55\u002B00:00"
      }
    },
    {
      "RequestUri": "https://myappconfig.azconfig.io/kv?api-version=1.0\u0026key=readOnlyTests-1048",
      "RequestMethod": "GET",
      "RequestHeaders": {
        "Accept": "application/vnd.microsoft.appconfig.kvset\u002Bjson, application/json, application/problem\u002Bjson",
        "Accept-Encoding": "gzip, deflate, br",
        "Accept-Language": "en-US",
        "Authorization": "Sanitized",
        "Connection": "keep-alive",
        "Referer": "http://localhost:9876/",
        "sec-ch-ua": "",
        "sec-ch-ua-mobile": "?0",
        "sec-ch-ua-platform": "",
        "Sec-Fetch-Dest": "empty",
        "Sec-Fetch-Mode": "cors",
        "Sec-Fetch-Site": "same-site",
        "sync-token": "zAJw6V16=NToxNSMzMjg0Mzgx",
        "User-Agent": "Mozilla/5.0 (X11; Linux x86_64) AppleWebKit/537.36 (KHTML, like Gecko) HeadlessChrome/93.0.4577.0 Safari/537.36",
        "x-ms-client-request-id": "234e1c29-e153-49fb-9679-648112670ad0",
        "x-ms-content-sha256": "47DEQpj8HBSa\u002B/TImW\u002B5JCeuQeRkm5NMpJWZG3hSuFU=",
        "x-ms-date": "Wed, 29 Dec 2021 21:07:54 GMT",
        "x-ms-useragent": "azsdk-js-app-configuration/1.3.2 core-http/2.2.3 OS/Linuxx86_64"
      },
      "RequestBody": null,
      "StatusCode": 200,
      "ResponseHeaders": {
        "Access-Control-Allow-Credentials": "true",
        "Access-Control-Allow-Origin": "*",
        "Access-Control-Expose-Headers": "DNT, X-CustomHeader, Keep-Alive, User-Agent, X-Requested-With, If-Modified-Since, Cache-Control, Content-Type, Authorization, x-ms-client-request-id, x-ms-useragent, x-ms-content-sha256, x-ms-date, host, Accept, Accept-Datetime, Date, If-Match, If-None-Match, Sync-Token, x-ms-return-client-request-id, ETag, Last-Modified, Link, Memento-Datetime, retry-after-ms, x-ms-request-id, x-ms-client-session-id, x-ms-effective-locale, WWW-Authenticate, traceparent, tracestate",
        "Connection": "keep-alive",
        "Content-Type": "application/vnd.microsoft.appconfig.kvset\u002Bjson; charset=utf-8",
        "Date": "Wed, 29 Dec 2021 21:07:54 GMT",
        "Server": "openresty/1.17.8.2",
        "Strict-Transport-Security": "max-age=15724800; includeSubDomains",
        "Sync-Token": "zAJw6V16=NToxNSMzMjg0Mzgy;sn=3284382",
        "Transfer-Encoding": "chunked",
        "x-ms-correlation-request-id": "d1de9773-868d-4c5c-a836-eb2feed1d503",
        "x-ms-request-id": "d1de9773-868d-4c5c-a836-eb2feed1d503"
      },
      "ResponseBody": {
        "items": [
          {
            "etag": "VQ8X1mtFTsinTP9qiyRLbtZKg5r",
            "key": "readOnlyTests-1048",
            "label": "some label",
            "content_type": null,
            "value": "world",
            "tags": {},
            "locked": true,
            "last_modified": "2021-12-29T21:07:55\u002B00:00"
          }
        ]
      }
    },
    {
      "RequestUri": "https://myappconfig.azconfig.io/locks/readOnlyTests-1048?api-version=1.0\u0026label=some label",
      "RequestMethod": "DELETE",
      "RequestHeaders": {
        "Accept": "application/vnd.microsoft.appconfig.kv\u002Bjson, application/json, application/problem\u002Bjson",
        "Accept-Encoding": "gzip, deflate, br",
        "Accept-Language": "en-US",
        "Authorization": "Sanitized",
        "Connection": "keep-alive",
        "Referer": "http://localhost:9876/",
        "sec-ch-ua": "",
        "sec-ch-ua-mobile": "?0",
        "sec-ch-ua-platform": "",
        "Sec-Fetch-Dest": "empty",
        "Sec-Fetch-Mode": "cors",
        "Sec-Fetch-Site": "same-site",
        "sync-token": "zAJw6V16=NToxNSMzMjg0Mzgx",
        "User-Agent": "Mozilla/5.0 (X11; Linux x86_64) AppleWebKit/537.36 (KHTML, like Gecko) HeadlessChrome/93.0.4577.0 Safari/537.36",
        "x-ms-client-request-id": "c3692ffc-ede8-414b-ba2b-dc8eb7d5a5d0",
        "x-ms-content-sha256": "47DEQpj8HBSa\u002B/TImW\u002B5JCeuQeRkm5NMpJWZG3hSuFU=",
        "x-ms-date": "Wed, 29 Dec 2021 21:07:54 GMT",
        "x-ms-useragent": "azsdk-js-app-configuration/1.3.2 core-http/2.2.3 OS/Linuxx86_64"
      },
      "RequestBody": null,
      "StatusCode": 200,
      "ResponseHeaders": {
        "Access-Control-Allow-Credentials": "true",
        "Access-Control-Allow-Origin": "*",
        "Access-Control-Expose-Headers": "DNT, X-CustomHeader, Keep-Alive, User-Agent, X-Requested-With, If-Modified-Since, Cache-Control, Content-Type, Authorization, x-ms-client-request-id, x-ms-useragent, x-ms-content-sha256, x-ms-date, host, Accept, Accept-Datetime, Date, If-Match, If-None-Match, Sync-Token, x-ms-return-client-request-id, ETag, Last-Modified, Link, Memento-Datetime, retry-after-ms, x-ms-request-id, x-ms-client-session-id, x-ms-effective-locale, WWW-Authenticate, traceparent, tracestate",
        "Connection": "keep-alive",
        "Content-Type": "application/vnd.microsoft.appconfig.kv\u002Bjson; charset=utf-8",
        "Date": "Wed, 29 Dec 2021 21:07:54 GMT",
        "ETag": "\u00220aw3ldOZOMasRT4GDREGqJauMvC\u0022",
        "Last-Modified": "Wed, 29 Dec 2021 21:07:55 GMT",
        "Server": "openresty/1.17.8.2",
        "Strict-Transport-Security": "max-age=15724800; includeSubDomains",
        "Sync-Token": "zAJw6V16=NToxNSMzMjg0Mzgz;sn=3284383",
        "Transfer-Encoding": "chunked",
        "x-ms-correlation-request-id": "a6be0ee2-6047-4bfd-ba85-c3249d6d8204",
        "x-ms-request-id": "a6be0ee2-6047-4bfd-ba85-c3249d6d8204"
      },
      "ResponseBody": {
        "etag": "0aw3ldOZOMasRT4GDREGqJauMvC",
        "key": "readOnlyTests-1048",
        "label": "some label",
        "content_type": null,
        "value": "world",
        "tags": {},
        "locked": false,
        "last_modified": "2021-12-29T21:07:55\u002B00:00"
      }
    },
    {
      "RequestUri": "https://myappconfig.azconfig.io/locks/readOnlyTests-1048?api-version=1.0\u0026label=some label",
      "RequestMethod": "DELETE",
      "RequestHeaders": {
        "Accept": "application/vnd.microsoft.appconfig.kv\u002Bjson, application/json, application/problem\u002Bjson",
        "Accept-Encoding": "gzip, deflate, br",
        "Accept-Language": "en-US",
        "Authorization": "Sanitized",
        "Connection": "keep-alive",
        "Referer": "http://localhost:9876/",
        "sec-ch-ua": "",
        "sec-ch-ua-mobile": "?0",
        "sec-ch-ua-platform": "",
        "Sec-Fetch-Dest": "empty",
        "Sec-Fetch-Mode": "cors",
        "Sec-Fetch-Site": "same-site",
        "sync-token": "zAJw6V16=NToxNSMzMjg0Mzgy",
        "User-Agent": "Mozilla/5.0 (X11; Linux x86_64) AppleWebKit/537.36 (KHTML, like Gecko) HeadlessChrome/93.0.4577.0 Safari/537.36",
        "x-ms-client-request-id": "b092c124-0807-4869-90a6-f15ab92523a1",
        "x-ms-content-sha256": "47DEQpj8HBSa\u002B/TImW\u002B5JCeuQeRkm5NMpJWZG3hSuFU=",
        "x-ms-date": "Wed, 29 Dec 2021 21:07:54 GMT",
        "x-ms-useragent": "azsdk-js-app-configuration/1.3.2 core-http/2.2.3 OS/Linuxx86_64"
      },
      "RequestBody": null,
      "StatusCode": 200,
      "ResponseHeaders": {
        "Access-Control-Allow-Credentials": "true",
        "Access-Control-Allow-Origin": "*",
        "Access-Control-Expose-Headers": "DNT, X-CustomHeader, Keep-Alive, User-Agent, X-Requested-With, If-Modified-Since, Cache-Control, Content-Type, Authorization, x-ms-client-request-id, x-ms-useragent, x-ms-content-sha256, x-ms-date, host, Accept, Accept-Datetime, Date, If-Match, If-None-Match, Sync-Token, x-ms-return-client-request-id, ETag, Last-Modified, Link, Memento-Datetime, retry-after-ms, x-ms-request-id, x-ms-client-session-id, x-ms-effective-locale, WWW-Authenticate, traceparent, tracestate",
        "Connection": "keep-alive",
        "Content-Type": "application/vnd.microsoft.appconfig.kv\u002Bjson; charset=utf-8",
        "Date": "Wed, 29 Dec 2021 21:07:54 GMT",
        "ETag": "\u00220aw3ldOZOMasRT4GDREGqJauMvC\u0022",
        "Last-Modified": "Wed, 29 Dec 2021 21:07:55 GMT",
        "Server": "openresty/1.17.8.2",
        "Strict-Transport-Security": "max-age=15724800; includeSubDomains",
        "Sync-Token": "zAJw6V16=NToxNSMzMjg0Mzgz;sn=3284383",
        "Transfer-Encoding": "chunked",
        "x-ms-correlation-request-id": "ab33e02c-16f0-4c85-9d52-720e80b25e50",
        "x-ms-request-id": "ab33e02c-16f0-4c85-9d52-720e80b25e50"
      },
      "ResponseBody": {
        "etag": "0aw3ldOZOMasRT4GDREGqJauMvC",
        "key": "readOnlyTests-1048",
        "label": "some label",
        "content_type": null,
        "value": "world",
        "tags": {},
        "locked": false,
        "last_modified": "2021-12-29T21:07:55\u002B00:00"
      }
    },
    {
      "RequestUri": "https://myappconfig.azconfig.io/kv/readOnlyTests-1048?api-version=1.0\u0026label=some label",
      "RequestMethod": "DELETE",
      "RequestHeaders": {
        "Accept": "application/vnd.microsoft.appconfig.kv\u002Bjson, application/json, application/problem\u002Bjson",
        "Accept-Encoding": "gzip, deflate, br",
        "Accept-Language": "en-US",
        "Authorization": "Sanitized",
        "Connection": "keep-alive",
        "Referer": "http://localhost:9876/",
        "sec-ch-ua": "",
        "sec-ch-ua-mobile": "?0",
        "sec-ch-ua-platform": "",
        "Sec-Fetch-Dest": "empty",
        "Sec-Fetch-Mode": "cors",
        "Sec-Fetch-Site": "same-site",
        "sync-token": "zAJw6V16=NToxNSMzMjg0Mzgz",
        "User-Agent": "Mozilla/5.0 (X11; Linux x86_64) AppleWebKit/537.36 (KHTML, like Gecko) HeadlessChrome/93.0.4577.0 Safari/537.36",
        "x-ms-client-request-id": "29d26c31-34ae-496e-8382-9526ef7c9f1d",
        "x-ms-content-sha256": "47DEQpj8HBSa\u002B/TImW\u002B5JCeuQeRkm5NMpJWZG3hSuFU=",
        "x-ms-date": "Wed, 29 Dec 2021 21:07:55 GMT",
        "x-ms-useragent": "azsdk-js-app-configuration/1.3.2 core-http/2.2.3 OS/Linuxx86_64"
      },
      "RequestBody": null,
      "StatusCode": 200,
      "ResponseHeaders": {
        "Access-Control-Allow-Credentials": "true",
        "Access-Control-Allow-Origin": "*",
        "Access-Control-Expose-Headers": "DNT, X-CustomHeader, Keep-Alive, User-Agent, X-Requested-With, If-Modified-Since, Cache-Control, Content-Type, Authorization, x-ms-client-request-id, x-ms-useragent, x-ms-content-sha256, x-ms-date, host, Accept, Accept-Datetime, Date, If-Match, If-None-Match, Sync-Token, x-ms-return-client-request-id, ETag, Last-Modified, Link, Memento-Datetime, retry-after-ms, x-ms-request-id, x-ms-client-session-id, x-ms-effective-locale, WWW-Authenticate, traceparent, tracestate",
        "Connection": "keep-alive",
        "Content-Type": "application/vnd.microsoft.appconfig.kv\u002Bjson; charset=utf-8",
        "Date": "Wed, 29 Dec 2021 21:07:55 GMT",
        "ETag": "\u00220aw3ldOZOMasRT4GDREGqJauMvC\u0022",
        "Last-Modified": "Wed, 29 Dec 2021 21:07:55 GMT",
        "Server": "openresty/1.17.8.2",
        "Strict-Transport-Security": "max-age=15724800; includeSubDomains",
        "Sync-Token": "zAJw6V16=NToxNSMzMjg0Mzg0;sn=3284384",
        "Transfer-Encoding": "chunked",
        "x-ms-correlation-request-id": "1a49039a-347e-48b8-865c-d645fd224d9d",
        "x-ms-request-id": "1a49039a-347e-48b8-865c-d645fd224d9d"
      },
      "ResponseBody": {
        "etag": "0aw3ldOZOMasRT4GDREGqJauMvC",
        "key": "readOnlyTests-1048",
        "label": "some label",
        "content_type": null,
        "value": "world",
        "tags": {},
        "locked": false,
        "last_modified": "2021-12-29T21:07:55\u002B00:00"
      }
    }
  ],
  "Variables": {
    "readOnlyTests": "readOnlyTests-1048"
  }
}
