{
  "Entries": [
    {
      "RequestUri": "https://myappconfig.azconfig.io/kv/.appconfig.featureflag%2F1513?api-version=1.0",
      "RequestMethod": "PUT",
      "RequestHeaders": {
        "Accept": "application/vnd.microsoft.appconfig.kv\u002Bjson, application/json, application/problem\u002Bjson",
        "Accept-Encoding": "gzip, deflate, br",
        "Accept-Language": "en-US",
        "Authorization": "Sanitized",
        "Cache-Control": "max-age=0",
        "Connection": "keep-alive",
        "Content-Length": "125",
        "Content-Type": "application/vnd.microsoft.appconfig.kv\u002Bjson",
        "If-None-Match": "*",
        "Referer": "http://localhost:9876/",
        "sec-ch-ua": "",
        "sec-ch-ua-mobile": "?0",
        "sec-ch-ua-platform": "",
        "Sec-Fetch-Dest": "empty",
        "Sec-Fetch-Mode": "cors",
        "Sec-Fetch-Site": "same-site",
        "User-Agent": "Mozilla/5.0 (X11; Linux x86_64) AppleWebKit/537.36 (KHTML, like Gecko) HeadlessChrome/93.0.4577.0 Safari/537.36",
        "x-ms-client-request-id": "679ac0fa-4e3f-4767-8115-20948f30ad36",
        "x-ms-content-sha256": "wY2XsmUYTZKwyHkJvLX7eqqD1\u002BQViZaQB9DKfoBGSwQ=",
        "x-ms-date": "Wed, 15 Dec 2021 12:17:45 GMT",
        "x-ms-useragent": "azsdk-js-app-configuration/1.3.1 core-http/2.2.3 OS/Linuxx86_64"
      },
      "RequestBody": "{\u0022key\u0022:\u0022.appconfig.featureflag/1513\u0022,\u0022content_type\u0022:\u0022application/vnd.microsoft.appconfig.ff\u002Bjson;charset=utf-8\u0022,\u0022value\u0022:\u0022[]\u0022}",
      "StatusCode": 200,
      "ResponseHeaders": {
        "Access-Control-Allow-Credentials": "true",
        "Access-Control-Allow-Origin": "*",
        "Access-Control-Expose-Headers": "DNT, X-CustomHeader, Keep-Alive, User-Agent, X-Requested-With, If-Modified-Since, Cache-Control, Content-Type, Authorization, x-ms-client-request-id, x-ms-useragent, x-ms-content-sha256, x-ms-date, host, Accept, Accept-Datetime, Date, If-Match, If-None-Match, Sync-Token, x-ms-return-client-request-id, ETag, Last-Modified, Link, Memento-Datetime, retry-after-ms, x-ms-request-id, x-ms-client-session-id, x-ms-effective-locale, WWW-Authenticate, traceparent, tracestate",
        "Connection": "keep-alive",
        "Content-Type": "application/vnd.microsoft.appconfig.kv\u002Bjson; charset=utf-8",
        "Date": "Wed, 15 Dec 2021 12:17:45 GMT",
        "ETag": "\u002262JXfMAADkubwQ5XQsdq9XIGmjk\u0022",
        "Last-Modified": "Wed, 15 Dec 2021 12:17:46 GMT",
        "Server": "openresty/1.17.8.2",
        "Strict-Transport-Security": "max-age=15724800; includeSubDomains",
        "Sync-Token": "zAJw6V16=NToxNSMzMjMzNDAy;sn=3233402",
        "Transfer-Encoding": "chunked",
        "x-ms-correlation-request-id": "4dded5f3-8f89-4a96-904b-38a5e3d5489d",
        "x-ms-request-id": "4dded5f3-8f89-4a96-904b-38a5e3d5489d"
      },
      "ResponseBody": {
        "etag": "62JXfMAADkubwQ5XQsdq9XIGmjk",
        "key": ".appconfig.featureflag/1513",
        "label": null,
        "content_type": "application/vnd.microsoft.appconfig.ff\u002Bjson;charset=utf-8",
        "value": "[]",
        "tags": {},
        "locked": false,
        "last_modified": "2021-12-15T12:17:46\u002B00:00"
      }
    },
    {
      "RequestUri": "https://myappconfig.azconfig.io/kv/.appconfig.featureflag%2F1513?api-version=1.0",
      "RequestMethod": "GET",
      "RequestHeaders": {
        "Accept": "application/vnd.microsoft.appconfig.kv\u002Bjson, application/json, application/problem\u002Bjson",
        "Accept-Encoding": "gzip, deflate, br",
        "Accept-Language": "en-US",
        "Authorization": "Sanitized",
        "Connection": "keep-alive",
        "Referer": "http://localhost:9876/",
        "sec-ch-ua": "",
        "sec-ch-ua-mobile": "?0",
        "sec-ch-ua-platform": "",
        "Sec-Fetch-Dest": "empty",
        "Sec-Fetch-Mode": "cors",
        "Sec-Fetch-Site": "same-site",
        "sync-token": "zAJw6V16=NToxNSMzMjMzNDAy",
        "User-Agent": "Mozilla/5.0 (X11; Linux x86_64) AppleWebKit/537.36 (KHTML, like Gecko) HeadlessChrome/93.0.4577.0 Safari/537.36",
        "x-ms-client-request-id": "dff3e6d4-258f-4014-97a7-58af7a744a65",
        "x-ms-content-sha256": "47DEQpj8HBSa\u002B/TImW\u002B5JCeuQeRkm5NMpJWZG3hSuFU=",
        "x-ms-date": "Wed, 15 Dec 2021 12:17:45 GMT",
        "x-ms-useragent": "azsdk-js-app-configuration/1.3.1 core-http/2.2.3 OS/Linuxx86_64"
      },
      "RequestBody": null,
      "StatusCode": 200,
      "ResponseHeaders": {
        "Access-Control-Allow-Credentials": "true",
        "Access-Control-Allow-Origin": "*",
        "Access-Control-Expose-Headers": "DNT, X-CustomHeader, Keep-Alive, User-Agent, X-Requested-With, If-Modified-Since, Cache-Control, Content-Type, Authorization, x-ms-client-request-id, x-ms-useragent, x-ms-content-sha256, x-ms-date, host, Accept, Accept-Datetime, Date, If-Match, If-None-Match, Sync-Token, x-ms-return-client-request-id, ETag, Last-Modified, Link, Memento-Datetime, retry-after-ms, x-ms-request-id, x-ms-client-session-id, x-ms-effective-locale, WWW-Authenticate, traceparent, tracestate",
        "Connection": "keep-alive",
        "Content-Type": "application/vnd.microsoft.appconfig.kv\u002Bjson; charset=utf-8",
        "Date": "Wed, 15 Dec 2021 12:17:45 GMT",
        "ETag": "\u002262JXfMAADkubwQ5XQsdq9XIGmjk\u0022",
        "Last-Modified": "Wed, 15 Dec 2021 12:17:46 GMT",
        "Server": "openresty/1.17.8.2",
        "Strict-Transport-Security": "max-age=15724800; includeSubDomains",
        "Sync-Token": "zAJw6V16=NToxNSMzMjMzNDAy;sn=3233402",
        "Transfer-Encoding": "chunked",
        "x-ms-correlation-request-id": "a82d6b69-bc98-427d-bad6-9faf5b54630f",
        "x-ms-request-id": "a82d6b69-bc98-427d-bad6-9faf5b54630f"
      },
      "ResponseBody": {
        "etag": "62JXfMAADkubwQ5XQsdq9XIGmjk",
        "key": ".appconfig.featureflag/1513",
        "label": null,
        "content_type": "application/vnd.microsoft.appconfig.ff\u002Bjson;charset=utf-8",
        "value": "[]",
        "tags": {},
        "locked": false,
        "last_modified": "2021-12-15T12:17:46\u002B00:00"
      }
    },
    {
      "RequestUri": "https://myappconfig.azconfig.io/kv/.appconfig.featureflag%2F1513?api-version=1.0",
      "RequestMethod": "DELETE",
      "RequestHeaders": {
        "Accept": "application/vnd.microsoft.appconfig.kv\u002Bjson, application/json, application/problem\u002Bjson",
        "Accept-Encoding": "gzip, deflate, br",
        "Accept-Language": "en-US",
        "Authorization": "Sanitized",
        "Connection": "keep-alive",
        "Referer": "http://localhost:9876/",
        "sec-ch-ua": "",
        "sec-ch-ua-mobile": "?0",
        "sec-ch-ua-platform": "",
        "Sec-Fetch-Dest": "empty",
        "Sec-Fetch-Mode": "cors",
        "Sec-Fetch-Site": "same-site",
        "sync-token": "zAJw6V16=NToxNSMzMjMzNDAy",
        "User-Agent": "Mozilla/5.0 (X11; Linux x86_64) AppleWebKit/537.36 (KHTML, like Gecko) HeadlessChrome/93.0.4577.0 Safari/537.36",
        "x-ms-client-request-id": "57199cfd-fd29-4321-ade6-c4144a895bbf",
        "x-ms-content-sha256": "47DEQpj8HBSa\u002B/TImW\u002B5JCeuQeRkm5NMpJWZG3hSuFU=",
        "x-ms-date": "Wed, 15 Dec 2021 12:17:46 GMT",
        "x-ms-useragent": "azsdk-js-app-configuration/1.3.1 core-http/2.2.3 OS/Linuxx86_64"
      },
      "RequestBody": null,
      "StatusCode": 200,
      "ResponseHeaders": {
        "Access-Control-Allow-Credentials": "true",
        "Access-Control-Allow-Origin": "*",
        "Access-Control-Expose-Headers": "DNT, X-CustomHeader, Keep-Alive, User-Agent, X-Requested-With, If-Modified-Since, Cache-Control, Content-Type, Authorization, x-ms-client-request-id, x-ms-useragent, x-ms-content-sha256, x-ms-date, host, Accept, Accept-Datetime, Date, If-Match, If-None-Match, Sync-Token, x-ms-return-client-request-id, ETag, Last-Modified, Link, Memento-Datetime, retry-after-ms, x-ms-request-id, x-ms-client-session-id, x-ms-effective-locale, WWW-Authenticate, traceparent, tracestate",
        "Connection": "keep-alive",
        "Content-Type": "application/vnd.microsoft.appconfig.kv\u002Bjson; charset=utf-8",
        "Date": "Wed, 15 Dec 2021 12:17:46 GMT",
        "ETag": "\u002262JXfMAADkubwQ5XQsdq9XIGmjk\u0022",
        "Last-Modified": "Wed, 15 Dec 2021 12:17:46 GMT",
        "Server": "openresty/1.17.8.2",
        "Strict-Transport-Security": "max-age=15724800; includeSubDomains",
        "Sync-Token": "zAJw6V16=NToxNSMzMjMzNDAz;sn=3233403",
        "Transfer-Encoding": "chunked",
        "x-ms-correlation-request-id": "26128b04-346d-4afd-9813-abe734fc6cd2",
        "x-ms-request-id": "26128b04-346d-4afd-9813-abe734fc6cd2"
      },
      "ResponseBody": {
        "etag": "62JXfMAADkubwQ5XQsdq9XIGmjk",
        "key": ".appconfig.featureflag/1513",
        "label": null,
        "content_type": "application/vnd.microsoft.appconfig.ff\u002Bjson;charset=utf-8",
        "value": "[]",
        "tags": {},
        "locked": false,
        "last_modified": "2021-12-15T12:17:46\u002B00:00"
      }
    }
  ],
  "Variables": {
    "name-1": "1513"
  }
}
