{
  "Entries": [
    {
      "RequestUri": "https://myappconfig.azconfig.io/kv/.appconfig.featureflag%2F10589?api-version=1.0",
      "RequestMethod": "PUT",
      "RequestHeaders": {
        "Accept": "application/vnd.microsoft.appconfig.kv\u002Bjson, application/json, application/problem\u002Bjson",
        "Accept-Encoding": "gzip, deflate, br",
        "Accept-Language": "en-US",
        "Authorization": "Sanitized",
        "Cache-Control": "max-age=0",
        "Connection": "keep-alive",
        "Content-Length": "126",
        "Content-Type": "application/vnd.microsoft.appconfig.kv\u002Bjson",
        "If-None-Match": "*",
        "Referer": "http://localhost:9876/",
        "sec-ch-ua": "",
        "sec-ch-ua-mobile": "?0",
        "sec-ch-ua-platform": "",
        "Sec-Fetch-Dest": "empty",
        "Sec-Fetch-Mode": "cors",
        "Sec-Fetch-Site": "same-site",
        "User-Agent": "Mozilla/5.0 (X11; Linux x86_64) AppleWebKit/537.36 (KHTML, like Gecko) HeadlessChrome/93.0.4577.0 Safari/537.36",
        "x-ms-client-request-id": "04f3bb07-5676-4cd6-98ae-7fadad29022d",
        "x-ms-content-sha256": "56ZBHrs0G\u002BfyyksAtNEW5rSfB1W\u002BNnlX5FKLEsoDaZI=",
        "x-ms-date": "Wed, 29 Dec 2021 21:07:53 GMT",
        "x-ms-useragent": "azsdk-js-app-configuration/1.3.2 core-http/2.2.3 OS/Linuxx86_64"
      },
      "RequestBody": "{\u0022key\u0022:\u0022.appconfig.featureflag/10589\u0022,\u0022content_type\u0022:\u0022application/vnd.microsoft.appconfig.ff\u002Bjson;charset=utf-8\u0022,\u0022value\u0022:\u0022[]\u0022}",
      "StatusCode": 200,
      "ResponseHeaders": {
        "Access-Control-Allow-Credentials": "true",
        "Access-Control-Allow-Origin": "*",
        "Access-Control-Expose-Headers": "DNT, X-CustomHeader, Keep-Alive, User-Agent, X-Requested-With, If-Modified-Since, Cache-Control, Content-Type, Authorization, x-ms-client-request-id, x-ms-useragent, x-ms-content-sha256, x-ms-date, host, Accept, Accept-Datetime, Date, If-Match, If-None-Match, Sync-Token, x-ms-return-client-request-id, ETag, Last-Modified, Link, Memento-Datetime, retry-after-ms, x-ms-request-id, x-ms-client-session-id, x-ms-effective-locale, WWW-Authenticate, traceparent, tracestate",
        "Connection": "keep-alive",
        "Content-Type": "application/vnd.microsoft.appconfig.kv\u002Bjson; charset=utf-8",
        "Date": "Wed, 29 Dec 2021 21:07:53 GMT",
        "ETag": "\u0022sTTYeddS4yHviaF7XxY1w01ZXTK\u0022",
        "Last-Modified": "Wed, 29 Dec 2021 21:07:53 GMT",
        "Server": "openresty/1.17.8.2",
        "Strict-Transport-Security": "max-age=15724800; includeSubDomains",
        "Sync-Token": "zAJw6V16=NToxNSMzMjg0Mzcz;sn=3284373",
        "Transfer-Encoding": "chunked",
        "x-ms-correlation-request-id": "e5f23a79-186f-4862-94f8-0b1493879b3d",
        "x-ms-request-id": "e5f23a79-186f-4862-94f8-0b1493879b3d"
      },
      "ResponseBody": {
        "etag": "sTTYeddS4yHviaF7XxY1w01ZXTK",
        "key": ".appconfig.featureflag/10589",
        "label": null,
        "content_type": "application/vnd.microsoft.appconfig.ff\u002Bjson;charset=utf-8",
        "value": "[]",
        "tags": {},
        "locked": false,
        "last_modified": "2021-12-29T21:07:53\u002B00:00"
      }
    },
    {
      "RequestUri": "https://myappconfig.azconfig.io/kv/.appconfig.featureflag%2F10589?api-version=1.0",
      "RequestMethod": "GET",
      "RequestHeaders": {
        "Accept": "application/vnd.microsoft.appconfig.kv\u002Bjson, application/json, application/problem\u002Bjson",
        "Accept-Encoding": "gzip, deflate, br",
        "Accept-Language": "en-US",
        "Authorization": "Sanitized",
        "Connection": "keep-alive",
        "Referer": "http://localhost:9876/",
        "sec-ch-ua": "",
        "sec-ch-ua-mobile": "?0",
        "sec-ch-ua-platform": "",
        "Sec-Fetch-Dest": "empty",
        "Sec-Fetch-Mode": "cors",
        "Sec-Fetch-Site": "same-site",
        "sync-token": "zAJw6V16=NToxNSMzMjg0Mzcz",
        "User-Agent": "Mozilla/5.0 (X11; Linux x86_64) AppleWebKit/537.36 (KHTML, like Gecko) HeadlessChrome/93.0.4577.0 Safari/537.36",
        "x-ms-client-request-id": "280d48af-bef4-46c2-b0fb-ce24eecd0140",
        "x-ms-content-sha256": "47DEQpj8HBSa\u002B/TImW\u002B5JCeuQeRkm5NMpJWZG3hSuFU=",
        "x-ms-date": "Wed, 29 Dec 2021 21:07:53 GMT",
        "x-ms-useragent": "azsdk-js-app-configuration/1.3.2 core-http/2.2.3 OS/Linuxx86_64"
      },
      "RequestBody": null,
      "StatusCode": 200,
      "ResponseHeaders": {
        "Access-Control-Allow-Credentials": "true",
        "Access-Control-Allow-Origin": "*",
        "Access-Control-Expose-Headers": "DNT, X-CustomHeader, Keep-Alive, User-Agent, X-Requested-With, If-Modified-Since, Cache-Control, Content-Type, Authorization, x-ms-client-request-id, x-ms-useragent, x-ms-content-sha256, x-ms-date, host, Accept, Accept-Datetime, Date, If-Match, If-None-Match, Sync-Token, x-ms-return-client-request-id, ETag, Last-Modified, Link, Memento-Datetime, retry-after-ms, x-ms-request-id, x-ms-client-session-id, x-ms-effective-locale, WWW-Authenticate, traceparent, tracestate",
        "Connection": "keep-alive",
        "Content-Type": "application/vnd.microsoft.appconfig.kv\u002Bjson; charset=utf-8",
        "Date": "Wed, 29 Dec 2021 21:07:53 GMT",
        "ETag": "\u0022sTTYeddS4yHviaF7XxY1w01ZXTK\u0022",
        "Last-Modified": "Wed, 29 Dec 2021 21:07:53 GMT",
        "Server": "openresty/1.17.8.2",
        "Strict-Transport-Security": "max-age=15724800; includeSubDomains",
        "Sync-Token": "zAJw6V16=NToxNSMzMjg0Mzcz;sn=3284373",
        "Transfer-Encoding": "chunked",
        "x-ms-correlation-request-id": "72d3fc36-db57-4b1a-bdb1-4695909dc741",
        "x-ms-request-id": "72d3fc36-db57-4b1a-bdb1-4695909dc741"
      },
      "ResponseBody": {
        "etag": "sTTYeddS4yHviaF7XxY1w01ZXTK",
        "key": ".appconfig.featureflag/10589",
        "label": null,
        "content_type": "application/vnd.microsoft.appconfig.ff\u002Bjson;charset=utf-8",
        "value": "[]",
        "tags": {},
        "locked": false,
        "last_modified": "2021-12-29T21:07:53\u002B00:00"
      }
    },
    {
      "RequestUri": "https://myappconfig.azconfig.io/kv/.appconfig.featureflag%2F10589?api-version=1.0",
      "RequestMethod": "DELETE",
      "RequestHeaders": {
        "Accept": "application/vnd.microsoft.appconfig.kv\u002Bjson, application/json, application/problem\u002Bjson",
        "Accept-Encoding": "gzip, deflate, br",
        "Accept-Language": "en-US",
        "Authorization": "Sanitized",
        "Connection": "keep-alive",
        "Referer": "http://localhost:9876/",
        "sec-ch-ua": "",
        "sec-ch-ua-mobile": "?0",
        "sec-ch-ua-platform": "",
        "Sec-Fetch-Dest": "empty",
        "Sec-Fetch-Mode": "cors",
        "Sec-Fetch-Site": "same-site",
        "sync-token": "zAJw6V16=NToxNSMzMjg0Mzcz",
        "User-Agent": "Mozilla/5.0 (X11; Linux x86_64) AppleWebKit/537.36 (KHTML, like Gecko) HeadlessChrome/93.0.4577.0 Safari/537.36",
        "x-ms-client-request-id": "47a96ec3-1171-4f57-9737-853f01a9a9c1",
        "x-ms-content-sha256": "47DEQpj8HBSa\u002B/TImW\u002B5JCeuQeRkm5NMpJWZG3hSuFU=",
        "x-ms-date": "Wed, 29 Dec 2021 21:07:53 GMT",
        "x-ms-useragent": "azsdk-js-app-configuration/1.3.2 core-http/2.2.3 OS/Linuxx86_64"
      },
      "RequestBody": null,
      "StatusCode": 200,
      "ResponseHeaders": {
        "Access-Control-Allow-Credentials": "true",
        "Access-Control-Allow-Origin": "*",
        "Access-Control-Expose-Headers": "DNT, X-CustomHeader, Keep-Alive, User-Agent, X-Requested-With, If-Modified-Since, Cache-Control, Content-Type, Authorization, x-ms-client-request-id, x-ms-useragent, x-ms-content-sha256, x-ms-date, host, Accept, Accept-Datetime, Date, If-Match, If-None-Match, Sync-Token, x-ms-return-client-request-id, ETag, Last-Modified, Link, Memento-Datetime, retry-after-ms, x-ms-request-id, x-ms-client-session-id, x-ms-effective-locale, WWW-Authenticate, traceparent, tracestate",
        "Connection": "keep-alive",
        "Content-Type": "application/vnd.microsoft.appconfig.kv\u002Bjson; charset=utf-8",
        "Date": "Wed, 29 Dec 2021 21:07:53 GMT",
        "ETag": "\u0022sTTYeddS4yHviaF7XxY1w01ZXTK\u0022",
        "Last-Modified": "Wed, 29 Dec 2021 21:07:53 GMT",
        "Server": "openresty/1.17.8.2",
        "Strict-Transport-Security": "max-age=15724800; includeSubDomains",
        "Sync-Token": "zAJw6V16=NToxNSMzMjg0Mzc0;sn=3284374",
        "Transfer-Encoding": "chunked",
        "x-ms-correlation-request-id": "de558fee-d8d8-4cb7-8752-0497d36c5f2b",
        "x-ms-request-id": "de558fee-d8d8-4cb7-8752-0497d36c5f2b"
      },
      "ResponseBody": {
        "etag": "sTTYeddS4yHviaF7XxY1w01ZXTK",
        "key": ".appconfig.featureflag/10589",
        "label": null,
        "content_type": "application/vnd.microsoft.appconfig.ff\u002Bjson;charset=utf-8",
        "value": "[]",
        "tags": {},
        "locked": false,
        "last_modified": "2021-12-29T21:07:53\u002B00:00"
      }
    }
  ],
  "Variables": {
    "name-1": "10589"
  }
}
