{
  "Entries": [
    {
      "RequestUri": "https://endpoint/text/analytics/v3.1/entities/health/jobs?stringIndexType=Utf16CodeUnit",
      "RequestMethod": "POST",
      "RequestHeaders": {
        "Accept": "application/json, text/json",
        "Accept-Encoding": "gzip, deflate, br",
        "Accept-Language": "en-US",
        "Connection": "keep-alive",
        "Content-Length": "171",
        "Content-Type": "application/json",
        "ocp-apim-subscription-key": "api_key",
        "Referer": "http://localhost:9876/",
        "sec-ch-ua": "",
        "sec-ch-ua-mobile": "?0",
        "sec-ch-ua-platform": "",
        "Sec-Fetch-Dest": "empty",
        "Sec-Fetch-Mode": "cors",
        "Sec-Fetch-Site": "same-site",
        "User-Agent": "Mozilla/5.0 (X11; Linux x86_64) AppleWebKit/537.36 (KHTML, like Gecko) HeadlessChrome/103.0.5058.0 Safari/537.36",
        "x-ms-client-request-id": "6bba786f-80f5-4e82-8f5b-cbc8fc045fc0",
        "x-ms-useragent": "azsdk-js-ai-textanalytics/5.1.1 azsdk-js-ai-text-analytics/5.1.1 core-rest-pipeline/1.9.1 OS/Linuxx86_64"
      },
      "RequestBody": {
        "documents": [
          {
            "id": "1",
            "text": "I should take my cat to the veterinarian."
          },
          {
            "id": "2",
            "text": "Este es un document escrito en Espa\u00F1ol."
          },
          {
            "id": "3",
            "text": "\u732B\u306F\u5E78\u305B"
          }
        ]
      },
      "StatusCode": 202,
      "ResponseHeaders": {
        "apim-request-id": "2367160c-745a-4535-9a3c-325ede720da6",
        "Date": "Fri, 22 Jul 2022 02:48:24 GMT",
        "operation-location": "https://endpoint/text/analytics/v3.1/entities/health/jobs/cea9851a-c1b3-4cdf-8f96-52e8581aca99",
        "Strict-Transport-Security": "max-age=31536000; includeSubDomains; preload",
        "Transfer-Encoding": "chunked",
        "X-Content-Type-Options": "nosniff",
        "x-envoy-upstream-service-time": "241"
      },
      "ResponseBody": null
    },
    {
      "RequestUri": "https://endpoint/text/analytics/v3.1/entities/health/jobs/cea9851a-c1b3-4cdf-8f96-52e8581aca99?$top=20\u0026$skip=0",
      "RequestMethod": "GET",
      "RequestHeaders": {
        "Accept": "application/json, text/json",
        "Accept-Encoding": "gzip, deflate, br",
        "Accept-Language": "en-US",
        "Connection": "keep-alive",
        "ocp-apim-subscription-key": "api_key",
        "Referer": "http://localhost:9876/",
        "sec-ch-ua": "",
        "sec-ch-ua-mobile": "?0",
        "sec-ch-ua-platform": "",
        "Sec-Fetch-Dest": "empty",
        "Sec-Fetch-Mode": "cors",
        "Sec-Fetch-Site": "same-site",
        "User-Agent": "Mozilla/5.0 (X11; Linux x86_64) AppleWebKit/537.36 (KHTML, like Gecko) HeadlessChrome/103.0.5058.0 Safari/537.36",
        "x-ms-client-request-id": "b38330b0-b452-474d-887d-9ba81637a322",
        "x-ms-useragent": "azsdk-js-ai-textanalytics/5.1.1 azsdk-js-ai-text-analytics/5.1.1 core-rest-pipeline/1.9.1 OS/Linuxx86_64"
      },
      "RequestBody": null,
      "StatusCode": 200,
      "ResponseHeaders": {
        "apim-request-id": "8ee82fee-5082-4c1b-ba96-3fe51560c18e",
        "Content-Type": "application/json; charset=utf-8",
        "Date": "Fri, 22 Jul 2022 02:48:24 GMT",
        "Strict-Transport-Security": "max-age=31536000; includeSubDomains; preload",
        "Transfer-Encoding": "chunked",
        "X-Content-Type-Options": "nosniff",
        "x-envoy-upstream-service-time": "6"
      },
      "ResponseBody": {
        "jobId": "cea9851a-c1b3-4cdf-8f96-52e8581aca99",
        "lastUpdateDateTime": "2022-07-22T02:48:24Z",
        "createdDateTime": "2022-07-22T02:48:24Z",
        "expirationDateTime": "2022-07-23T02:48:24Z",
        "status": "notStarted",
        "errors": []
      }
    },
    {
      "RequestUri": "https://endpoint/text/analytics/v3.1/entities/health/jobs/cea9851a-c1b3-4cdf-8f96-52e8581aca99?$top=20\u0026$skip=0",
      "RequestMethod": "GET",
      "RequestHeaders": {
        "Accept": "application/json, text/json",
        "Accept-Encoding": "gzip, deflate, br",
        "Accept-Language": "en-US",
        "Connection": "keep-alive",
        "ocp-apim-subscription-key": "api_key",
        "Referer": "http://localhost:9876/",
        "sec-ch-ua": "",
        "sec-ch-ua-mobile": "?0",
        "sec-ch-ua-platform": "",
        "Sec-Fetch-Dest": "empty",
        "Sec-Fetch-Mode": "cors",
        "Sec-Fetch-Site": "same-site",
        "User-Agent": "Mozilla/5.0 (X11; Linux x86_64) AppleWebKit/537.36 (KHTML, like Gecko) HeadlessChrome/103.0.5058.0 Safari/537.36",
        "x-ms-client-request-id": "91a6a433-a06c-4909-8c86-363088fe4cca",
        "x-ms-useragent": "azsdk-js-ai-textanalytics/5.1.1 azsdk-js-ai-text-analytics/5.1.1 core-rest-pipeline/1.9.1 OS/Linuxx86_64"
      },
      "RequestBody": null,
      "StatusCode": 200,
      "ResponseHeaders": {
        "apim-request-id": "24611ce8-c5aa-4ba4-b29d-00f7080ac97a",
        "Content-Type": "application/json; charset=utf-8",
        "Date": "Fri, 22 Jul 2022 02:48:24 GMT",
        "Strict-Transport-Security": "max-age=31536000; includeSubDomains; preload",
        "Transfer-Encoding": "chunked",
        "X-Content-Type-Options": "nosniff",
        "x-envoy-upstream-service-time": "7"
      },
      "ResponseBody": {
        "jobId": "cea9851a-c1b3-4cdf-8f96-52e8581aca99",
        "lastUpdateDateTime": "2022-07-22T02:48:25Z",
        "createdDateTime": "2022-07-22T02:48:24Z",
        "expirationDateTime": "2022-07-23T02:48:24Z",
        "status": "running",
        "errors": []
      }
    },
    {
      "RequestUri": "https://endpoint/text/analytics/v3.1/entities/health/jobs/cea9851a-c1b3-4cdf-8f96-52e8581aca99?$top=20\u0026$skip=0",
      "RequestMethod": "GET",
      "RequestHeaders": {
        "Accept": "application/json, text/json",
        "Accept-Encoding": "gzip, deflate, br",
        "Accept-Language": "en-US",
        "Connection": "keep-alive",
        "ocp-apim-subscription-key": "api_key",
        "Referer": "http://localhost:9876/",
        "sec-ch-ua": "",
        "sec-ch-ua-mobile": "?0",
        "sec-ch-ua-platform": "",
        "Sec-Fetch-Dest": "empty",
        "Sec-Fetch-Mode": "cors",
        "Sec-Fetch-Site": "same-site",
        "User-Agent": "Mozilla/5.0 (X11; Linux x86_64) AppleWebKit/537.36 (KHTML, like Gecko) HeadlessChrome/103.0.5058.0 Safari/537.36",
        "x-ms-client-request-id": "bfc8a577-a06b-4ac3-832b-222f09375d34",
        "x-ms-useragent": "azsdk-js-ai-textanalytics/5.1.1 azsdk-js-ai-text-analytics/5.1.1 core-rest-pipeline/1.9.1 OS/Linuxx86_64"
      },
      "RequestBody": null,
      "StatusCode": 200,
      "ResponseHeaders": {
        "apim-request-id": "bf42d40c-048f-41d8-9eb6-acd65cc52496",
        "Content-Type": "application/json; charset=utf-8",
        "Date": "Fri, 22 Jul 2022 02:48:26 GMT",
        "Strict-Transport-Security": "max-age=31536000; includeSubDomains; preload",
        "Transfer-Encoding": "chunked",
        "X-Content-Type-Options": "nosniff",
        "x-envoy-upstream-service-time": "49"
      },
      "ResponseBody": {
        "jobId": "cea9851a-c1b3-4cdf-8f96-52e8581aca99",
        "lastUpdateDateTime": "2022-07-22T02:48:25Z",
        "createdDateTime": "2022-07-22T02:48:24Z",
        "expirationDateTime": "2022-07-23T02:48:24Z",
        "status": "succeeded",
        "errors": [],
        "results": {
          "documents": [
            {
              "id": "1",
              "entities": [
                {
                  "offset": 28,
                  "length": 12,
                  "text": "veterinarian",
                  "category": "HealthcareProfession",
                  "confidenceScore": 0.96
                }
              ],
              "relations": [],
              "warnings": []
            },
            {
              "id": "2",
              "entities": [],
              "relations": [],
              "warnings": []
            },
            {
              "id": "3",
              "entities": [],
              "relations": [],
              "warnings": []
            }
          ],
          "errors": [],
          "modelVersion": "2022-03-01"
        }
      }
    },
    {
      "RequestUri": "https://endpoint/text/analytics/v3.1/entities/health/jobs/cea9851a-c1b3-4cdf-8f96-52e8581aca99?$top=20\u0026$skip=0",
      "RequestMethod": "GET",
      "RequestHeaders": {
        "Accept": "application/json, text/json",
        "Accept-Encoding": "gzip, deflate, br",
        "Accept-Language": "en-US",
        "Connection": "keep-alive",
        "ocp-apim-subscription-key": "api_key",
        "Referer": "http://localhost:9876/",
        "sec-ch-ua": "",
        "sec-ch-ua-mobile": "?0",
        "sec-ch-ua-platform": "",
        "Sec-Fetch-Dest": "empty",
        "Sec-Fetch-Mode": "cors",
        "Sec-Fetch-Site": "same-site",
        "User-Agent": "Mozilla/5.0 (X11; Linux x86_64) AppleWebKit/537.36 (KHTML, like Gecko) HeadlessChrome/103.0.5058.0 Safari/537.36",
        "x-ms-client-request-id": "9a2f5cce-5c9c-4a3d-8fa0-e29260d9af9e",
        "x-ms-useragent": "azsdk-js-ai-textanalytics/5.1.1 azsdk-js-ai-text-analytics/5.1.1 core-rest-pipeline/1.9.1 OS/Linuxx86_64"
      },
      "RequestBody": null,
      "StatusCode": 200,
      "ResponseHeaders": {
        "apim-request-id": "cd227dd5-13c3-454e-a53a-d4b1ff7f88d5",
        "Content-Type": "application/json; charset=utf-8",
        "Date": "Fri, 22 Jul 2022 02:48:27 GMT",
        "Strict-Transport-Security": "max-age=31536000; includeSubDomains; preload",
        "Transfer-Encoding": "chunked",
        "X-Content-Type-Options": "nosniff",
        "x-envoy-upstream-service-time": "50"
      },
      "ResponseBody": {
        "jobId": "cea9851a-c1b3-4cdf-8f96-52e8581aca99",
        "lastUpdateDateTime": "2022-07-22T02:48:25Z",
        "createdDateTime": "2022-07-22T02:48:24Z",
        "expirationDateTime": "2022-07-23T02:48:24Z",
        "status": "succeeded",
        "errors": [],
        "results": {
          "documents": [
            {
              "id": "1",
              "entities": [
                {
                  "offset": 28,
                  "length": 12,
                  "text": "veterinarian",
                  "category": "HealthcareProfession",
                  "confidenceScore": 0.96
                }
              ],
              "relations": [],
              "warnings": []
            },
            {
              "id": "2",
              "entities": [],
              "relations": [],
              "warnings": []
            },
            {
              "id": "3",
              "entities": [],
              "relations": [],
              "warnings": []
            }
          ],
          "errors": [],
          "modelVersion": "2022-03-01"
        }
      }
    }
  ],
  "Variables": {}
}
