{
  "Entries": [
    {
      "RequestUri": "https://endpoint/text/analytics/v3.1/entities/health/jobs?stringIndexType=Utf16CodeUnit",
      "RequestMethod": "POST",
      "RequestHeaders": {
        "Accept": "application/json, text/json",
        "Accept-Encoding": "gzip, deflate, br",
        "Accept-Language": "en-US",
        "Connection": "keep-alive",
        "Content-Length": "180",
        "Content-Type": "application/json",
        "ocp-apim-subscription-key": "api_key",
        "Referer": "http://localhost:9876/",
        "sec-ch-ua": "",
        "sec-ch-ua-mobile": "?0",
        "sec-ch-ua-platform": "",
        "Sec-Fetch-Dest": "empty",
        "Sec-Fetch-Mode": "cors",
        "Sec-Fetch-Site": "same-site",
        "User-Agent": "Mozilla/5.0 (X11; Linux x86_64) AppleWebKit/537.36 (KHTML, like Gecko) HeadlessChrome/103.0.5058.0 Safari/537.36",
        "x-ms-client-request-id": "340839c8-0d04-4f22-81a7-a3c07e505525",
        "x-ms-useragent": "azsdk-js-ai-textanalytics/5.1.1 azsdk-js-ai-text-analytics/5.1.1 core-rest-pipeline/1.9.1 OS/Linuxx86_64"
      },
      "RequestBody": {
        "documents": [
          {
            "id": "1",
            "text": "",
            "language": "en"
          },
          {
            "id": "2",
            "text": "Patient does not suffer from high blood pressure.",
            "language": "english"
          },
          {
            "id": "3",
            "text": "",
            "language": "en"
          }
        ]
      },
      "StatusCode": 202,
      "ResponseHeaders": {
        "apim-request-id": "c0becef2-b056-49d7-93c1-fe6eb01805c4",
        "Date": "Fri, 22 Jul 2022 02:48:00 GMT",
        "operation-location": "https://endpoint/text/analytics/v3.1/entities/health/jobs/003eb861-b300-497f-964a-748c73d7a38d",
        "Strict-Transport-Security": "max-age=31536000; includeSubDomains; preload",
        "Transfer-Encoding": "chunked",
        "X-Content-Type-Options": "nosniff",
        "x-envoy-upstream-service-time": "248"
      },
      "ResponseBody": null
    },
    {
      "RequestUri": "https://endpoint/text/analytics/v3.1/entities/health/jobs/003eb861-b300-497f-964a-748c73d7a38d?$top=20\u0026$skip=0",
      "RequestMethod": "GET",
      "RequestHeaders": {
        "Accept": "application/json, text/json",
        "Accept-Encoding": "gzip, deflate, br",
        "Accept-Language": "en-US",
        "Connection": "keep-alive",
        "ocp-apim-subscription-key": "api_key",
        "Referer": "http://localhost:9876/",
        "sec-ch-ua": "",
        "sec-ch-ua-mobile": "?0",
        "sec-ch-ua-platform": "",
        "Sec-Fetch-Dest": "empty",
        "Sec-Fetch-Mode": "cors",
        "Sec-Fetch-Site": "same-site",
        "User-Agent": "Mozilla/5.0 (X11; Linux x86_64) AppleWebKit/537.36 (KHTML, like Gecko) HeadlessChrome/103.0.5058.0 Safari/537.36",
        "x-ms-client-request-id": "c9dd146d-9b4f-4589-8aee-34bc1f60d25d",
        "x-ms-useragent": "azsdk-js-ai-textanalytics/5.1.1 azsdk-js-ai-text-analytics/5.1.1 core-rest-pipeline/1.9.1 OS/Linuxx86_64"
      },
      "RequestBody": null,
      "StatusCode": 200,
      "ResponseHeaders": {
        "apim-request-id": "304b451a-f596-40aa-8265-7efcfb82c0f4",
        "Content-Type": "application/json; charset=utf-8",
        "Date": "Fri, 22 Jul 2022 02:48:00 GMT",
        "Strict-Transport-Security": "max-age=31536000; includeSubDomains; preload",
        "Transfer-Encoding": "chunked",
        "X-Content-Type-Options": "nosniff",
        "x-envoy-upstream-service-time": "15"
      },
      "ResponseBody": {
        "jobId": "003eb861-b300-497f-964a-748c73d7a38d",
        "lastUpdateDateTime": "2022-07-22T02:48:00Z",
        "createdDateTime": "2022-07-22T02:48:00Z",
        "expirationDateTime": "2022-07-23T02:48:00Z",
        "status": "running",
        "errors": []
      }
    },
    {
      "RequestUri": "https://endpoint/text/analytics/v3.1/entities/health/jobs/003eb861-b300-497f-964a-748c73d7a38d?$top=20\u0026$skip=0",
      "RequestMethod": "GET",
      "RequestHeaders": {
        "Accept": "application/json, text/json",
        "Accept-Encoding": "gzip, deflate, br",
        "Accept-Language": "en-US",
        "Connection": "keep-alive",
        "ocp-apim-subscription-key": "api_key",
        "Referer": "http://localhost:9876/",
        "sec-ch-ua": "",
        "sec-ch-ua-mobile": "?0",
        "sec-ch-ua-platform": "",
        "Sec-Fetch-Dest": "empty",
        "Sec-Fetch-Mode": "cors",
        "Sec-Fetch-Site": "same-site",
        "User-Agent": "Mozilla/5.0 (X11; Linux x86_64) AppleWebKit/537.36 (KHTML, like Gecko) HeadlessChrome/103.0.5058.0 Safari/537.36",
        "x-ms-client-request-id": "6432ff4f-7c6b-4e09-a36e-ddabf3bb52c7",
        "x-ms-useragent": "azsdk-js-ai-textanalytics/5.1.1 azsdk-js-ai-text-analytics/5.1.1 core-rest-pipeline/1.9.1 OS/Linuxx86_64"
      },
      "RequestBody": null,
      "StatusCode": 200,
      "ResponseHeaders": {
        "apim-request-id": "1890bcc6-d266-4fb5-a60a-dd2f738e7ff0",
        "Content-Type": "application/json; charset=utf-8",
        "Date": "Fri, 22 Jul 2022 02:48:00 GMT",
        "Strict-Transport-Security": "max-age=31536000; includeSubDomains; preload",
        "Transfer-Encoding": "chunked",
        "X-Content-Type-Options": "nosniff",
        "x-envoy-upstream-service-time": "42"
      },
      "ResponseBody": {
        "jobId": "003eb861-b300-497f-964a-748c73d7a38d",
        "lastUpdateDateTime": "2022-07-22T02:48:01Z",
        "createdDateTime": "2022-07-22T02:48:00Z",
        "expirationDateTime": "2022-07-23T02:48:00Z",
        "status": "succeeded",
        "errors": [],
        "results": {
          "documents": [],
          "errors": [
            {
              "id": "1",
              "error": {
                "code": "InvalidArgument",
                "message": "Invalid Document in request.",
                "innererror": {
                  "code": "InvalidDocument",
                  "message": "Document text is empty."
                }
              }
            },
            {
              "id": "2",
              "error": {
                "code": "InvalidArgument",
                "message": "Invalid Language Code.",
                "innererror": {
                  "code": "UnsupportedLanguageCode",
                  "message": "Invalid language code. Supported languages: en. For additional details see https://aka.ms/text-analytics/language-support"
                }
              }
            },
            {
              "id": "3",
              "error": {
                "code": "InvalidArgument",
                "message": "Invalid Document in request.",
                "innererror": {
                  "code": "InvalidDocument",
                  "message": "Document text is empty."
                }
              }
            }
          ],
          "modelVersion": "2022-03-01"
        }
      }
    },
    {
      "RequestUri": "https://endpoint/text/analytics/v3.1/entities/health/jobs/003eb861-b300-497f-964a-748c73d7a38d?$top=20\u0026$skip=0",
      "RequestMethod": "GET",
      "RequestHeaders": {
        "Accept": "application/json, text/json",
        "Accept-Encoding": "gzip, deflate, br",
        "Accept-Language": "en-US",
        "Connection": "keep-alive",
        "ocp-apim-subscription-key": "api_key",
        "Referer": "http://localhost:9876/",
        "sec-ch-ua": "",
        "sec-ch-ua-mobile": "?0",
        "sec-ch-ua-platform": "",
        "Sec-Fetch-Dest": "empty",
        "Sec-Fetch-Mode": "cors",
        "Sec-Fetch-Site": "same-site",
        "User-Agent": "Mozilla/5.0 (X11; Linux x86_64) AppleWebKit/537.36 (KHTML, like Gecko) HeadlessChrome/103.0.5058.0 Safari/537.36",
        "x-ms-client-request-id": "ffa9e511-1335-4fcc-8aeb-df4c6bd33f5b",
        "x-ms-useragent": "azsdk-js-ai-textanalytics/5.1.1 azsdk-js-ai-text-analytics/5.1.1 core-rest-pipeline/1.9.1 OS/Linuxx86_64"
      },
      "RequestBody": null,
      "StatusCode": 200,
      "ResponseHeaders": {
        "apim-request-id": "3a9783da-d3f6-4797-aaf1-5af21f7f6029",
        "Content-Type": "application/json; charset=utf-8",
        "Date": "Fri, 22 Jul 2022 02:48:01 GMT",
        "Strict-Transport-Security": "max-age=31536000; includeSubDomains; preload",
        "Transfer-Encoding": "chunked",
        "X-Content-Type-Options": "nosniff",
        "x-envoy-upstream-service-time": "46"
      },
      "ResponseBody": {
        "jobId": "003eb861-b300-497f-964a-748c73d7a38d",
        "lastUpdateDateTime": "2022-07-22T02:48:01Z",
        "createdDateTime": "2022-07-22T02:48:00Z",
        "expirationDateTime": "2022-07-23T02:48:00Z",
        "status": "succeeded",
        "errors": [],
        "results": {
          "documents": [],
          "errors": [
            {
              "id": "1",
              "error": {
                "code": "InvalidArgument",
                "message": "Invalid Document in request.",
                "innererror": {
                  "code": "InvalidDocument",
                  "message": "Document text is empty."
                }
              }
            },
            {
              "id": "2",
              "error": {
                "code": "InvalidArgument",
                "message": "Invalid Language Code.",
                "innererror": {
                  "code": "UnsupportedLanguageCode",
                  "message": "Invalid language code. Supported languages: en. For additional details see https://aka.ms/text-analytics/language-support"
                }
              }
            },
            {
              "id": "3",
              "error": {
                "code": "InvalidArgument",
                "message": "Invalid Document in request.",
                "innererror": {
                  "code": "InvalidDocument",
                  "message": "Document text is empty."
                }
              }
            }
          ],
          "modelVersion": "2022-03-01"
        }
      }
    }
  ],
  "Variables": {}
}
