{
  "Entries": [
    {
      "RequestUri": "https://endpoint/text/analytics/v3.1/entities/health/jobs?stringIndexType=Utf16CodeUnit",
      "RequestMethod": "POST",
      "RequestHeaders": {
        "Accept": "application/json, text/json",
        "Accept-Encoding": "gzip, deflate, br",
        "Accept-Language": "en-US",
        "Connection": "keep-alive",
        "Content-Length": "128",
        "Content-Type": "application/json",
        "ocp-apim-subscription-key": "api_key",
        "Referer": "http://localhost:9876/",
        "sec-ch-ua": "",
        "sec-ch-ua-mobile": "?0",
        "sec-ch-ua-platform": "",
        "Sec-Fetch-Dest": "empty",
        "Sec-Fetch-Mode": "cors",
        "Sec-Fetch-Site": "same-site",
        "User-Agent": "Mozilla/5.0 (X11; Linux x86_64) AppleWebKit/537.36 (KHTML, like Gecko) HeadlessChrome/103.0.5058.0 Safari/537.36",
        "x-ms-client-request-id": "a590b1a2-ff52-4395-a3dd-91dea3cd2b4d",
        "x-ms-useragent": "azsdk-js-ai-textanalytics/5.1.1 azsdk-js-ai-text-analytics/5.1.1 core-rest-pipeline/1.9.1 OS/Linuxx86_64"
      },
      "RequestBody": {
        "documents": [
          {
            "id": "1",
            "text": "This should fail because we\u0027re passing in an invalid language hint",
            "language": "notalanguage"
          }
        ]
      },
      "StatusCode": 202,
      "ResponseHeaders": {
        "apim-request-id": "153a8875-9ad6-4cb7-ae7d-6632800cdee4",
        "Date": "Fri, 22 Jul 2022 02:48:28 GMT",
        "operation-location": "https://endpoint/text/analytics/v3.1/entities/health/jobs/e9322df5-f82d-4715-ae0e-3151ce371d4a",
        "Strict-Transport-Security": "max-age=31536000; includeSubDomains; preload",
        "Transfer-Encoding": "chunked",
        "X-Content-Type-Options": "nosniff",
        "x-envoy-upstream-service-time": "316"
      },
      "ResponseBody": null
    },
    {
      "RequestUri": "https://endpoint/text/analytics/v3.1/entities/health/jobs/e9322df5-f82d-4715-ae0e-3151ce371d4a?$top=20\u0026$skip=0",
      "RequestMethod": "GET",
      "RequestHeaders": {
        "Accept": "application/json, text/json",
        "Accept-Encoding": "gzip, deflate, br",
        "Accept-Language": "en-US",
        "Connection": "keep-alive",
        "ocp-apim-subscription-key": "api_key",
        "Referer": "http://localhost:9876/",
        "sec-ch-ua": "",
        "sec-ch-ua-mobile": "?0",
        "sec-ch-ua-platform": "",
        "Sec-Fetch-Dest": "empty",
        "Sec-Fetch-Mode": "cors",
        "Sec-Fetch-Site": "same-site",
        "User-Agent": "Mozilla/5.0 (X11; Linux x86_64) AppleWebKit/537.36 (KHTML, like Gecko) HeadlessChrome/103.0.5058.0 Safari/537.36",
        "x-ms-client-request-id": "645e48a4-6f08-4b40-b25c-079fb51c02b5",
        "x-ms-useragent": "azsdk-js-ai-textanalytics/5.1.1 azsdk-js-ai-text-analytics/5.1.1 core-rest-pipeline/1.9.1 OS/Linuxx86_64"
      },
      "RequestBody": null,
      "StatusCode": 200,
      "ResponseHeaders": {
        "apim-request-id": "4a7083cf-90f0-4480-b4de-160c9b3e8cf7",
        "Content-Type": "application/json; charset=utf-8",
        "Date": "Fri, 22 Jul 2022 02:48:28 GMT",
        "Strict-Transport-Security": "max-age=31536000; includeSubDomains; preload",
        "Transfer-Encoding": "chunked",
        "X-Content-Type-Options": "nosniff",
        "x-envoy-upstream-service-time": "23"
      },
      "ResponseBody": {
        "jobId": "e9322df5-f82d-4715-ae0e-3151ce371d4a",
        "lastUpdateDateTime": "2022-07-22T02:48:29Z",
        "createdDateTime": "2022-07-22T02:48:29Z",
        "expirationDateTime": "2022-07-23T02:48:29Z",
        "status": "succeeded",
        "errors": [],
        "results": {
          "documents": [],
          "errors": [
            {
              "id": "1",
              "error": {
                "code": "InvalidArgument",
                "message": "Invalid Language Code.",
                "innererror": {
                  "code": "UnsupportedLanguageCode",
                  "message": "Invalid language code. Supported languages: en. For additional details see https://aka.ms/text-analytics/language-support"
                }
              }
            }
          ],
          "modelVersion": "2022-03-01"
        }
      }
    },
    {
      "RequestUri": "https://endpoint/text/analytics/v3.1/entities/health/jobs/e9322df5-f82d-4715-ae0e-3151ce371d4a?$top=20\u0026$skip=0",
      "RequestMethod": "GET",
      "RequestHeaders": {
        "Accept": "application/json, text/json",
        "Accept-Encoding": "gzip, deflate, br",
        "Accept-Language": "en-US",
        "Connection": "keep-alive",
        "ocp-apim-subscription-key": "api_key",
        "Referer": "http://localhost:9876/",
        "sec-ch-ua": "",
        "sec-ch-ua-mobile": "?0",
        "sec-ch-ua-platform": "",
        "Sec-Fetch-Dest": "empty",
        "Sec-Fetch-Mode": "cors",
        "Sec-Fetch-Site": "same-site",
        "User-Agent": "Mozilla/5.0 (X11; Linux x86_64) AppleWebKit/537.36 (KHTML, like Gecko) HeadlessChrome/103.0.5058.0 Safari/537.36",
        "x-ms-client-request-id": "711cb106-6e9a-46bf-881e-06c6cc89b7ca",
        "x-ms-useragent": "azsdk-js-ai-textanalytics/5.1.1 azsdk-js-ai-text-analytics/5.1.1 core-rest-pipeline/1.9.1 OS/Linuxx86_64"
      },
      "RequestBody": null,
      "StatusCode": 200,
      "ResponseHeaders": {
        "apim-request-id": "5a411c84-38c0-4aad-90b1-631dc71ff7cb",
        "Content-Type": "application/json; charset=utf-8",
        "Date": "Fri, 22 Jul 2022 02:48:29 GMT",
        "Strict-Transport-Security": "max-age=31536000; includeSubDomains; preload",
        "Transfer-Encoding": "chunked",
        "X-Content-Type-Options": "nosniff",
        "x-envoy-upstream-service-time": "23"
      },
      "ResponseBody": {
        "jobId": "e9322df5-f82d-4715-ae0e-3151ce371d4a",
        "lastUpdateDateTime": "2022-07-22T02:48:29Z",
        "createdDateTime": "2022-07-22T02:48:29Z",
        "expirationDateTime": "2022-07-23T02:48:29Z",
        "status": "succeeded",
        "errors": [],
        "results": {
          "documents": [],
          "errors": [
            {
              "id": "1",
              "error": {
                "code": "InvalidArgument",
                "message": "Invalid Language Code.",
                "innererror": {
                  "code": "UnsupportedLanguageCode",
                  "message": "Invalid language code. Supported languages: en. For additional details see https://aka.ms/text-analytics/language-support"
                }
              }
            }
          ],
          "modelVersion": "2022-03-01"
        }
      }
    }
  ],
  "Variables": {}
}
