{
  "Entries": [
    {
      "RequestUri": "https://endpoint/routing/distributionPolicies/test-d-policy-recorded-workers?api-version=2022-07-18-preview",
      "RequestMethod": "PATCH",
      "RequestHeaders": {
        "Accept": "application/json",
        "Accept-Encoding": "gzip,deflate",
        "Authorization": "Sanitized",
        "Connection": "keep-alive",
        "Content-Length": "148",
        "Content-Type": "application/merge-patch\u002Bjson",
        "User-Agent": "azsdk-js-communication-job-router/V2022-07-18-preview azsdk-js-azure-communication-job-router/1.0.0-beta.1 core-rest-pipeline/1.10.4 Node/v14.19.1 OS/(x64-Windows_NT-10.0.22621)",
        "x-ms-client-request-id": "bbd24342-b773-4e90-a4f0-f283f7ba54db",
        "x-ms-content-sha256": "oEbZ\u002BLnO9rcJU8qXPm2ndsjGGab8Qbu\u002B4rDEbZJPHJc=",
        "x-ms-date": "Wed, 26 Apr 2023 23:14:01 GMT"
      },
      "RequestBody": {
        "name": "test-d-policy",
        "offerTtlSeconds": 60,
        "mode": {
          "kind": "longest-idle",
          "minConcurrentOffers": 1,
          "maxConcurrentOffers": 5,
          "bypassSelectors": false
        }
      },
      "StatusCode": 200,
      "ResponseHeaders": {
        "api-supported-versions": "2021-04-07-preview1, 2022-07-18-preview",
        "Content-Type": "application/json; charset=utf-8",
        "Date": "Wed, 26 Apr 2023 23:14:03 GMT",
        "ETag": "\u0022da02405f-0000-0700-0000-6449b03c0000\u0022",
        "Last-Modified": "Wed, 26 Apr 2023 23:14:04 GMT",
        "trace-id": "c6685a7d-ae6e-62f0-90a7-a0760db2c386",
        "Transfer-Encoding": "chunked",
        "X-Azure-Ref": "0O7BJZAAAAACwv43c4uEaR7mpuDDuLk1LWVZSMzExMDAwMTE1MDQ3ADlmYzdiNTE5LWE4Y2MtNGY4OS05MzVlLWM5MTQ4YWUwOWU4MQ==",
        "X-Cache": "CONFIG_NOCACHE"
      },
      "ResponseBody": {
        "id": "test-d-policy-recorded-workers",
        "name": "test-d-policy",
        "offerTtlSeconds": 60,
        "mode": {
          "kind": "longest-idle",
          "minConcurrentOffers": 1,
          "maxConcurrentOffers": 5,
          "bypassSelectors": false
        }
      }
    },
    {
      "RequestUri": "https://endpoint/routing/exceptionPolicies/test-e-policy-recorded-workers?api-version=2022-07-18-preview",
      "RequestMethod": "PATCH",
      "RequestHeaders": {
        "Accept": "application/json",
        "Accept-Encoding": "gzip,deflate",
        "Authorization": "Sanitized",
        "Connection": "keep-alive",
        "Content-Length": "205",
        "Content-Type": "application/merge-patch\u002Bjson",
        "User-Agent": "azsdk-js-communication-job-router/V2022-07-18-preview azsdk-js-azure-communication-job-router/1.0.0-beta.1 core-rest-pipeline/1.10.4 Node/v14.19.1 OS/(x64-Windows_NT-10.0.22621)",
        "x-ms-client-request-id": "582c3a42-68dc-42df-aa20-d35207f99fde",
        "x-ms-content-sha256": "DnPGZm8GTFJTh0d1bEHun9/03VZVF0xo\u002BzuWvPJk3V0=",
        "x-ms-date": "Wed, 26 Apr 2023 23:14:02 GMT"
      },
      "RequestBody": {
        "name": "test-e-policy",
        "exceptionRules": {
          "MaxWaitTimeExceededCancel": {
            "trigger": {
              "kind": "wait-time",
              "thresholdSeconds": 10
            },
            "actions": {
              "Cancel": {
                "kind": "cancel",
                "note": "wait time exceeded; cancelling"
              }
            }
          }
        }
      },
      "StatusCode": 200,
      "ResponseHeaders": {
        "api-supported-versions": "2021-04-07-preview1, 2022-07-18-preview",
        "Content-Type": "application/json; charset=utf-8",
        "Date": "Wed, 26 Apr 2023 23:14:04 GMT",
        "ETag": "\u00225e04c0e5-0000-0700-0000-6449b03c0000\u0022",
        "Last-Modified": "Wed, 26 Apr 2023 23:14:04 GMT",
        "trace-id": "0714548e-891a-49bf-4583-f6ffa3a6880b",
        "Transfer-Encoding": "chunked",
        "X-Azure-Ref": "0PLBJZAAAAAAg6F3t12HYRayQZv8q382bWVZSMzExMDAwMTE1MDQ3ADlmYzdiNTE5LWE4Y2MtNGY4OS05MzVlLWM5MTQ4YWUwOWU4MQ==",
        "X-Cache": "CONFIG_NOCACHE"
      },
      "ResponseBody": {
        "id": "test-e-policy-recorded-workers",
        "name": "test-e-policy",
        "exceptionRules": {
          "MaxWaitTimeExceededCancel": {
            "trigger": {
              "kind": "wait-time",
              "thresholdSeconds": 10
            },
            "actions": {
              "Cancel": {
                "kind": "cancel",
                "note": "wait time exceeded; cancelling"
              }
            }
          }
        }
      }
    },
    {
      "RequestUri": "https://endpoint/routing/queues/test-queue-recorded-workers?api-version=2022-07-18-preview",
      "RequestMethod": "PATCH",
      "RequestHeaders": {
        "Accept": "application/json",
        "Accept-Encoding": "gzip,deflate",
        "Authorization": "Sanitized",
        "Connection": "keep-alive",
        "Content-Length": "142",
        "Content-Type": "application/merge-patch\u002Bjson",
        "User-Agent": "azsdk-js-communication-job-router/V2022-07-18-preview azsdk-js-azure-communication-job-router/1.0.0-beta.1 core-rest-pipeline/1.10.4 Node/v14.19.1 OS/(x64-Windows_NT-10.0.22621)",
        "x-ms-client-request-id": "b765c67a-5c5d-45cc-8983-601c67665105",
        "x-ms-content-sha256": "7nsVolM/cUVjElXqyP\u002Bwu7NdfddPVLnVXAEuQwvpBeE=",
        "x-ms-date": "Wed, 26 Apr 2023 23:14:02 GMT"
      },
      "RequestBody": {
        "name": "test-queue",
        "distributionPolicyId": "test-d-policy-recorded-workers",
        "labels": {},
        "exceptionPolicyId": "test-e-policy-recorded-workers"
      },
      "StatusCode": 200,
      "ResponseHeaders": {
        "api-supported-versions": "2021-04-07-preview1, 2022-07-18-preview",
        "Content-Type": "application/json; charset=utf-8",
        "Date": "Wed, 26 Apr 2023 23:14:04 GMT",
        "ETag": "\u00223900666c-0000-0700-0000-6449b03c0000\u0022",
        "Last-Modified": "Wed, 26 Apr 2023 23:14:04 GMT",
        "trace-id": "60cec643-4d2c-0251-927b-2b993e2a355a",
        "Transfer-Encoding": "chunked",
        "X-Azure-Ref": "0PLBJZAAAAADFc8r1zwfMTI3migc38uwQWVZSMzExMDAwMTE1MDQ3ADlmYzdiNTE5LWE4Y2MtNGY4OS05MzVlLWM5MTQ4YWUwOWU4MQ==",
        "X-Cache": "CONFIG_NOCACHE"
      },
      "ResponseBody": {
        "id": "test-queue-recorded-workers",
        "name": "test-queue",
        "distributionPolicyId": "test-d-policy-recorded-workers",
        "labels": {
          "Id": "test-queue-recorded-workers"
        },
        "exceptionPolicyId": "test-e-policy-recorded-workers"
      }
    },
    {
      "RequestUri": "https://endpoint/routing/workers/test-worker-recorded-workers?api-version=2022-07-18-preview",
      "RequestMethod": "PATCH",
      "RequestHeaders": {
        "Accept": "application/json",
        "Accept-Encoding": "gzip,deflate",
        "Authorization": "Sanitized",
        "Connection": "keep-alive",
        "Content-Length": "178",
        "Content-Type": "application/merge-patch\u002Bjson",
        "User-Agent": "azsdk-js-communication-job-router/V2022-07-18-preview azsdk-js-azure-communication-job-router/1.0.0-beta.1 core-rest-pipeline/1.10.4 Node/v14.19.1 OS/(x64-Windows_NT-10.0.22621)",
        "x-ms-client-request-id": "9ccf64a9-dce0-4c21-a160-91fcda7ed01a",
        "x-ms-content-sha256": "4Ft8NxPglmr0bbtGoSey86x\u002Baj1GKSvKsamhjCZ30AU=",
        "x-ms-date": "Wed, 26 Apr 2023 23:14:02 GMT"
      },
      "RequestBody": {
        "queueAssignments": {
          "test-queue-recorded-workers": {}
        },
        "totalCapacity": 1,
        "labels": {},
        "channelConfigurations": {
          "test-channel": {
            "capacityCostPerJob": 1
          }
        },
        "availableForOffers": false
      },
      "StatusCode": 200,
      "ResponseHeaders": {
        "api-supported-versions": "2021-04-07-preview1, 2022-07-18-preview",
        "Content-Type": "application/json; charset=utf-8",
        "Date": "Wed, 26 Apr 2023 23:14:05 GMT",
        "ETag": "\u002200000000-0000-0000-dca5-28eeab46db08\u0022",
        "Last-Modified": "Wed, 26 Apr 2023 23:14:05 GMT",
        "trace-id": "49e29ce3-fe00-b30d-b1f2-dc47dbef72dd",
        "Transfer-Encoding": "chunked",
        "X-Azure-Ref": "0PbBJZAAAAAAtSwbGYN8RR6HHmnllVlT0WVZSMzExMDAwMTE1MDQ3ADlmYzdiNTE5LWE4Y2MtNGY4OS05MzVlLWM5MTQ4YWUwOWU4MQ==",
        "X-Cache": "CONFIG_NOCACHE"
      },
      "ResponseBody": {
        "id": "test-worker-recorded-workers",
        "state": "inactive",
        "queueAssignments": {
          "test-queue-recorded-workers": {}
        },
        "totalCapacity": 1,
        "labels": {
          "Id": "test-worker-recorded-workers"
        },
        "tags": {},
        "channelConfigurations": {
          "test-channel": {
            "capacityCostPerJob": 1
          }
        },
        "offers": [],
        "assignedJobs": [],
        "loadRatio": 0,
        "availableForOffers": false
      }
    },
    {
      "RequestUri": "https://endpoint/routing/workers/test-worker-recorded-workers?api-version=2022-07-18-preview",
      "RequestMethod": "DELETE",
      "RequestHeaders": {
        "Accept": "application/json",
        "Accept-Encoding": "gzip,deflate",
        "Authorization": "Sanitized",
        "Connection": "keep-alive",
        "User-Agent": "azsdk-js-communication-job-router/V2022-07-18-preview azsdk-js-azure-communication-job-router/1.0.0-beta.1 core-rest-pipeline/1.10.4 Node/v14.19.1 OS/(x64-Windows_NT-10.0.22621)",
        "x-ms-client-request-id": "f5139c76-7121-443c-89aa-e9bc2972b116",
        "x-ms-content-sha256": "47DEQpj8HBSa\u002B/TImW\u002B5JCeuQeRkm5NMpJWZG3hSuFU=",
        "x-ms-date": "Wed, 26 Apr 2023 23:14:03 GMT"
      },
      "RequestBody": null,
      "StatusCode": 204,
      "ResponseHeaders": {
        "api-supported-versions": "2021-04-07-preview1, 2022-07-18-preview",
        "Date": "Wed, 26 Apr 2023 23:14:05 GMT",
        "trace-id": "7ce22c30-f5c3-827f-1649-d747d0bc9470",
        "X-Azure-Ref": "0PbBJZAAAAACYMaOhx\u002B5jRYUsx1KOd5FDWVZSMzExMDAwMTE1MDQ3ADlmYzdiNTE5LWE4Y2MtNGY4OS05MzVlLWM5MTQ4YWUwOWU4MQ==",
        "X-Cache": "CONFIG_NOCACHE"
      },
      "ResponseBody": null
    },
    {
      "RequestUri": "https://endpoint/routing/workers/test-worker-recorded-workers?api-version=2022-07-18-preview",
      "RequestMethod": "DELETE",
      "RequestHeaders": {
        "Accept": "application/json",
        "Accept-Encoding": "gzip,deflate",
        "Authorization": "Sanitized",
        "Connection": "keep-alive",
        "User-Agent": "azsdk-js-communication-job-router/V2022-07-18-preview azsdk-js-azure-communication-job-router/1.0.0-beta.1 core-rest-pipeline/1.10.4 Node/v14.19.1 OS/(x64-Windows_NT-10.0.22621)",
        "x-ms-client-request-id": "29870586-9c7b-4e42-9286-c08235cf9b36",
        "x-ms-content-sha256": "47DEQpj8HBSa\u002B/TImW\u002B5JCeuQeRkm5NMpJWZG3hSuFU=",
        "x-ms-date": "Wed, 26 Apr 2023 23:14:03 GMT"
      },
      "RequestBody": null,
      "StatusCode": 204,
      "ResponseHeaders": {
        "api-supported-versions": "2021-04-07-preview1, 2022-07-18-preview",
        "Date": "Wed, 26 Apr 2023 23:14:06 GMT",
        "trace-id": "e0e60510-871d-93e1-e137-211b2445d3de",
        "X-Azure-Ref": "0PrBJZAAAAABRaH5mbwkQRZ4naKyfc0y1WVZSMzExMDAwMTE1MDQ3ADlmYzdiNTE5LWE4Y2MtNGY4OS05MzVlLWM5MTQ4YWUwOWU4MQ==",
        "X-Cache": "CONFIG_NOCACHE"
      },
      "ResponseBody": null
    },
    {
      "RequestUri": "https://endpoint/routing/queues/test-queue-recorded-workers?api-version=2022-07-18-preview",
      "RequestMethod": "DELETE",
      "RequestHeaders": {
        "Accept": "application/json",
        "Accept-Encoding": "gzip,deflate",
        "Authorization": "Sanitized",
        "Connection": "keep-alive",
        "User-Agent": "azsdk-js-communication-job-router/V2022-07-18-preview azsdk-js-azure-communication-job-router/1.0.0-beta.1 core-rest-pipeline/1.10.4 Node/v14.19.1 OS/(x64-Windows_NT-10.0.22621)",
        "x-ms-client-request-id": "9a594ec1-3fb1-4b86-8239-641b69792672",
        "x-ms-content-sha256": "47DEQpj8HBSa\u002B/TImW\u002B5JCeuQeRkm5NMpJWZG3hSuFU=",
        "x-ms-date": "Wed, 26 Apr 2023 23:14:04 GMT"
      },
      "RequestBody": null,
      "StatusCode": 204,
      "ResponseHeaders": {
        "api-supported-versions": "2021-04-07-preview1, 2022-07-18-preview",
        "Date": "Wed, 26 Apr 2023 23:14:06 GMT",
        "trace-id": "b6eb4726-f4ae-2d32-0ad7-c1154e621e48",
        "X-Azure-Ref": "0PrBJZAAAAAAAEWa4mwcQRo8XBkhgMtZxWVZSMzExMDAwMTE1MDQ3ADlmYzdiNTE5LWE4Y2MtNGY4OS05MzVlLWM5MTQ4YWUwOWU4MQ==",
        "X-Cache": "CONFIG_NOCACHE"
      },
      "ResponseBody": null
    },
    {
      "RequestUri": "https://endpoint/routing/exceptionPolicies/test-e-policy-recorded-workers?api-version=2022-07-18-preview",
      "RequestMethod": "DELETE",
      "RequestHeaders": {
        "Accept": "application/json",
        "Accept-Encoding": "gzip,deflate",
        "Authorization": "Sanitized",
        "Connection": "keep-alive",
        "User-Agent": "azsdk-js-communication-job-router/V2022-07-18-preview azsdk-js-azure-communication-job-router/1.0.0-beta.1 core-rest-pipeline/1.10.4 Node/v14.19.1 OS/(x64-Windows_NT-10.0.22621)",
        "x-ms-client-request-id": "54c5a915-92ab-4546-b024-a992e1e3dcc9",
        "x-ms-content-sha256": "47DEQpj8HBSa\u002B/TImW\u002B5JCeuQeRkm5NMpJWZG3hSuFU=",
        "x-ms-date": "Wed, 26 Apr 2023 23:14:04 GMT"
      },
      "RequestBody": null,
      "StatusCode": 204,
      "ResponseHeaders": {
        "api-supported-versions": "2021-04-07-preview1, 2022-07-18-preview",
        "Date": "Wed, 26 Apr 2023 23:14:06 GMT",
        "trace-id": "79cf0a51-d04e-de12-b654-47a9658c905c",
        "X-Azure-Ref": "0P7BJZAAAAAC/7SCL5jy1R5LhoWkopuoPWVZSMzExMDAwMTE1MDQ3ADlmYzdiNTE5LWE4Y2MtNGY4OS05MzVlLWM5MTQ4YWUwOWU4MQ==",
        "X-Cache": "CONFIG_NOCACHE"
      },
      "ResponseBody": null
    },
    {
      "RequestUri": "https://endpoint/routing/distributionPolicies/test-d-policy-recorded-workers?api-version=2022-07-18-preview",
      "RequestMethod": "DELETE",
      "RequestHeaders": {
        "Accept": "application/json",
        "Accept-Encoding": "gzip,deflate",
        "Authorization": "Sanitized",
        "Connection": "keep-alive",
        "User-Agent": "azsdk-js-communication-job-router/V2022-07-18-preview azsdk-js-azure-communication-job-router/1.0.0-beta.1 core-rest-pipeline/1.10.4 Node/v14.19.1 OS/(x64-Windows_NT-10.0.22621)",
        "x-ms-client-request-id": "3bf40c66-0042-4733-ad43-6b369c8e8b51",
        "x-ms-content-sha256": "47DEQpj8HBSa\u002B/TImW\u002B5JCeuQeRkm5NMpJWZG3hSuFU=",
        "x-ms-date": "Wed, 26 Apr 2023 23:14:05 GMT"
      },
      "RequestBody": null,
      "StatusCode": 204,
      "ResponseHeaders": {
        "api-supported-versions": "2021-04-07-preview1, 2022-07-18-preview",
        "Date": "Wed, 26 Apr 2023 23:14:07 GMT",
        "trace-id": "281d3422-84c1-e37e-8753-5cc07fa0cd36",
        "X-Azure-Ref": "0P7BJZAAAAACHqkqkcxwtTLf0JhfdDv\u002BpWVZSMzExMDAwMTE1MDQ3ADlmYzdiNTE5LWE4Y2MtNGY4OS05MzVlLWM5MTQ4YWUwOWU4MQ==",
        "X-Cache": "CONFIG_NOCACHE"
      },
      "ResponseBody": null
    }
  ],
  "Variables": {}
}
