{
  "Entries": [
    {
      "RequestUri": "https://fakestorageaccount.file.core.windows.net/share168617836734308481?restype=share",
      "RequestMethod": "PUT",
      "RequestHeaders": {
        "Accept": "application/xml",
        "Authorization": "Sanitized",
        "Connection": "keep-alive",
        "Content-Length": "0",
        "User-Agent": "azsdk-js-azure-storage-blob/12.13.0 core-rest-pipeline/1.11.1 Node/v16.18.0 OS/(x64-Linux-5.15.0-1038-azure)",
        "x-ms-client-request-id": "fbc9aec9-2884-44a7-b77b-2378a8943aec",
        "x-ms-date": "Wed, 07 Jun 2023 22:52:47 GMT",
        "x-ms-version": "2021-10-04"
      },
      "RequestBody": null,
      "StatusCode": 201,
      "ResponseHeaders": {
        "Content-Length": "0",
        "Date": "Wed, 07 Jun 2023 22:52:47 GMT",
        "ETag": "\u00220x8DB67A9E9DC6BB8\u0022",
        "Last-Modified": "Wed, 07 Jun 2023 22:52:47 GMT",
        "Server": [
          "Windows-Azure-File/1.0",
          "Microsoft-HTTPAPI/2.0"
        ],
        "x-ms-client-request-id": "fbc9aec9-2884-44a7-b77b-2378a8943aec",
        "x-ms-request-id": "7360ab3d-001a-003b-2a92-998f15000000",
        "x-ms-version": "2021-10-04"
      },
      "ResponseBody": null
    },
    {
      "RequestUri": "https://fakestorageaccount.file.core.windows.net/share168617836734308481/dir168617836740908627?restype=directory",
      "RequestMethod": "PUT",
      "RequestHeaders": {
        "Accept": "application/xml",
        "Authorization": "Sanitized",
        "Connection": "keep-alive",
        "Content-Length": "0",
        "User-Agent": "azsdk-js-azure-storage-blob/12.13.0 core-rest-pipeline/1.11.1 Node/v16.18.0 OS/(x64-Linux-5.15.0-1038-azure)",
        "x-ms-client-request-id": "88331352-a869-4804-ad90-c9ecd3c3f0ad",
        "x-ms-date": "Wed, 07 Jun 2023 22:52:47 GMT",
        "x-ms-file-attributes": "Directory",
        "x-ms-file-creation-time": "now",
        "x-ms-file-last-write-time": "now",
        "x-ms-file-permission": "inherit",
        "x-ms-version": "2021-10-04"
      },
      "RequestBody": null,
      "StatusCode": 201,
      "ResponseHeaders": {
        "Content-Length": "0",
        "Date": "Wed, 07 Jun 2023 22:52:47 GMT",
        "ETag": "\u00220x8DB67A9E9E724A9\u0022",
        "Last-Modified": "Wed, 07 Jun 2023 22:52:47 GMT",
        "Server": [
          "Windows-Azure-File/1.0",
          "Microsoft-HTTPAPI/2.0"
        ],
        "x-ms-client-request-id": "88331352-a869-4804-ad90-c9ecd3c3f0ad",
        "x-ms-file-attributes": "Directory",
        "x-ms-file-change-time": "2023-06-07T22:52:47.4430633Z",
        "x-ms-file-creation-time": "2023-06-07T22:52:47.4430633Z",
        "x-ms-file-id": "13835128424026341376",
        "x-ms-file-last-write-time": "2023-06-07T22:52:47.4430633Z",
        "x-ms-file-parent-id": "0",
        "x-ms-file-permission-key": "14438882940201373875*11581588750433322810",
        "x-ms-request-id": "7360ab40-001a-003b-2c92-998f15000000",
        "x-ms-request-server-encrypted": "true",
        "x-ms-version": "2021-10-04"
      },
      "ResponseBody": null
    },
    {
      "RequestUri": "https://fakestorageaccount.file.core.windows.net/share168617836734308481/dir168617836740908627/directory168617836747800051?restype=directory",
      "RequestMethod": "PUT",
      "RequestHeaders": {
        "Accept": "application/xml",
        "Authorization": "Sanitized",
        "Connection": "keep-alive",
        "Content-Length": "0",
        "User-Agent": "azsdk-js-azure-storage-blob/12.13.0 core-rest-pipeline/1.11.1 Node/v16.18.0 OS/(x64-Linux-5.15.0-1038-azure)",
        "x-ms-client-request-id": "b261752e-5b93-4271-b5ba-3c35867c51b8",
        "x-ms-date": "Wed, 07 Jun 2023 22:52:47 GMT",
        "x-ms-file-attributes": "Directory",
        "x-ms-file-creation-time": "now",
        "x-ms-file-last-write-time": "now",
        "x-ms-file-permission": "inherit",
        "x-ms-version": "2021-10-04"
      },
      "RequestBody": null,
      "StatusCode": 201,
      "ResponseHeaders": {
        "Content-Length": "0",
        "Date": "Wed, 07 Jun 2023 22:52:47 GMT",
        "ETag": "\u00220x8DB67A9E9F10E56\u0022",
        "Last-Modified": "Wed, 07 Jun 2023 22:52:47 GMT",
        "Server": [
          "Windows-Azure-File/1.0",
          "Microsoft-HTTPAPI/2.0"
        ],
        "x-ms-client-request-id": "b261752e-5b93-4271-b5ba-3c35867c51b8",
        "x-ms-file-attributes": "Directory",
        "x-ms-file-change-time": "2023-06-07T22:52:47.5080278Z",
        "x-ms-file-creation-time": "2023-06-07T22:52:47.5080278Z",
        "x-ms-file-id": "11529285414812647424",
        "x-ms-file-last-write-time": "2023-06-07T22:52:47.5080278Z",
        "x-ms-file-parent-id": "13835128424026341376",
        "x-ms-file-permission-key": "14438882940201373875*11581588750433322810",
        "x-ms-request-id": "7360ab44-001a-003b-2e92-998f15000000",
        "x-ms-request-server-encrypted": "true",
        "x-ms-version": "2021-10-04"
      },
      "ResponseBody": null
    },
    {
      "RequestUri": "https://fakestorageaccount.file.core.windows.net/share168617836734308481/dir168617836740908627/directory168617836747800051/file168617836754405212",
      "RequestMethod": "PUT",
      "RequestHeaders": {
        "Accept": "application/xml",
        "Authorization": "Sanitized",
        "Connection": "keep-alive",
        "Content-Length": "0",
        "User-Agent": "azsdk-js-azure-storage-blob/12.13.0 core-rest-pipeline/1.11.1 Node/v16.18.0 OS/(x64-Linux-5.15.0-1038-azure)",
        "x-ms-client-request-id": "a9d877ce-319e-41a8-9376-2f0795ea541c",
        "x-ms-content-length": "256",
        "x-ms-date": "Wed, 07 Jun 2023 22:52:47 GMT",
        "x-ms-file-attributes": "None",
        "x-ms-file-creation-time": "now",
        "x-ms-file-last-write-time": "now",
        "x-ms-file-permission": "inherit",
        "x-ms-meta-key": "value",
        "x-ms-type": "file",
        "x-ms-version": "2021-10-04"
      },
      "RequestBody": null,
      "StatusCode": 201,
      "ResponseHeaders": {
        "Content-Length": "0",
        "Date": "Wed, 07 Jun 2023 22:52:47 GMT",
        "ETag": "\u00220x8DB67A9E9FB940E\u0022",
        "Last-Modified": "Wed, 07 Jun 2023 22:52:47 GMT",
        "Server": [
          "Windows-Azure-File/1.0",
          "Microsoft-HTTPAPI/2.0"
        ],
        "x-ms-client-request-id": "a9d877ce-319e-41a8-9376-2f0795ea541c",
        "x-ms-file-attributes": "Archive",
        "x-ms-file-change-time": "2023-06-07T22:52:47.5769870Z",
        "x-ms-file-creation-time": "2023-06-07T22:52:47.5769870Z",
        "x-ms-file-id": "16140971433240035328",
        "x-ms-file-last-write-time": "2023-06-07T22:52:47.5769870Z",
        "x-ms-file-parent-id": "11529285414812647424",
        "x-ms-file-permission-key": "584053819618422708*11581588750433322810",
        "x-ms-request-id": "7360ab45-001a-003b-2f92-998f15000000",
        "x-ms-request-server-encrypted": "true",
        "x-ms-version": "2021-10-04"
      },
      "ResponseBody": null
    },
    {
      "RequestUri": "https://fakestorageaccount.file.core.windows.net/share168617836734308481/dir168617836740908627/directory168617836747800051/file168617836754405212",
      "RequestMethod": "HEAD",
      "RequestHeaders": {
        "Accept": "application/xml",
        "Authorization": "Sanitized",
        "Connection": "keep-alive",
        "User-Agent": "azsdk-js-azure-storage-blob/12.13.0 core-rest-pipeline/1.11.1 Node/v16.18.0 OS/(x64-Linux-5.15.0-1038-azure)",
        "x-ms-client-request-id": "354d9619-c2a3-4443-8a67-468e8ccfc879",
        "x-ms-date": "Wed, 07 Jun 2023 22:52:47 GMT",
        "x-ms-version": "2021-10-04"
      },
      "RequestBody": null,
      "StatusCode": 200,
      "ResponseHeaders": {
        "Access-Control-Allow-Origin": "*",
        "Access-Control-Expose-Headers": "x-ms-request-id,x-ms-client-request-id,Server,x-ms-version,x-ms-meta-key,Content-Type,Last-Modified,ETag,x-ms-type,x-ms-server-encrypted,x-ms-lease-status,x-ms-lease-state,x-ms-file-change-time,x-ms-file-last-write-time,x-ms-file-creation-time,x-ms-file-permission-key,x-ms-file-attributes,x-ms-file-id,x-ms-file-parent-id,Content-Length,Date,Transfer-Encoding",
        "Content-Length": "256",
        "Content-Type": "application/octet-stream",
        "Date": "Wed, 07 Jun 2023 22:52:47 GMT",
        "ETag": "\u00220x8DB67A9E9FB940E\u0022",
        "Last-Modified": "Wed, 07 Jun 2023 22:52:47 GMT",
        "Server": [
          "Windows-Azure-File/1.0",
          "Microsoft-HTTPAPI/2.0"
        ],
        "x-ms-client-request-id": "354d9619-c2a3-4443-8a67-468e8ccfc879",
        "x-ms-file-attributes": "Archive",
        "x-ms-file-change-time": "2023-06-07T22:52:47.5769870Z",
        "x-ms-file-creation-time": "2023-06-07T22:52:47.5769870Z",
        "x-ms-file-id": "16140971433240035328",
        "x-ms-file-last-write-time": "2023-06-07T22:52:47.5769870Z",
        "x-ms-file-parent-id": "11529285414812647424",
        "x-ms-file-permission-key": "584053819618422708*11581588750433322810",
        "x-ms-lease-state": "available",
        "x-ms-lease-status": "unlocked",
        "x-ms-meta-key": "value",
        "x-ms-request-id": "7360ab47-001a-003b-3192-998f15000000",
        "x-ms-server-encrypted": "true",
        "x-ms-type": "File",
        "x-ms-version": "2021-10-04"
      },
      "ResponseBody": null
    },
    {
      "RequestUri": "https://fakestorageaccount.file.core.windows.net/share168617836734308481/dir168617836740908627/directory168617836747800051/file168617836754405212",
      "RequestMethod": "DELETE",
      "RequestHeaders": {
        "Accept": "application/xml",
        "Authorization": "Sanitized",
        "Connection": "keep-alive",
        "User-Agent": "azsdk-js-azure-storage-blob/12.13.0 core-rest-pipeline/1.11.1 Node/v16.18.0 OS/(x64-Linux-5.15.0-1038-azure)",
        "x-ms-client-request-id": "2c30752e-e6f8-4023-bf38-80bbc350ff42",
        "x-ms-date": "Wed, 07 Jun 2023 22:52:47 GMT",
        "x-ms-version": "2021-10-04"
      },
      "RequestBody": null,
      "StatusCode": 202,
      "ResponseHeaders": {
        "Content-Length": "0",
        "Date": "Wed, 07 Jun 2023 22:52:47 GMT",
        "Server": [
          "Windows-Azure-File/1.0",
          "Microsoft-HTTPAPI/2.0"
        ],
        "x-ms-client-request-id": "2c30752e-e6f8-4023-bf38-80bbc350ff42",
        "x-ms-request-id": "7360ab49-001a-003b-3392-998f15000000",
        "x-ms-version": "2021-10-04"
      },
      "ResponseBody": null
    },
    {
      "RequestUri": "https://fakestorageaccount.file.core.windows.net/share168617836734308481/dir168617836740908627/directory168617836747800051/file168617836754405212",
      "RequestMethod": "HEAD",
      "RequestHeaders": {
        "Accept": "application/xml",
        "Authorization": "Sanitized",
        "Connection": "keep-alive",
        "User-Agent": "azsdk-js-azure-storage-blob/12.13.0 core-rest-pipeline/1.11.1 Node/v16.18.0 OS/(x64-Linux-5.15.0-1038-azure)",
        "x-ms-client-request-id": "1d56e9fb-62e9-4b15-ad23-62d426713aa5",
        "x-ms-date": "Wed, 07 Jun 2023 22:52:47 GMT",
        "x-ms-version": "2021-10-04"
      },
      "RequestBody": null,
      "StatusCode": 404,
      "ResponseHeaders": {
        "Access-Control-Allow-Origin": "*",
        "Access-Control-Expose-Headers": "x-ms-request-id,x-ms-client-request-id,Server,x-ms-version,x-ms-error-code,Content-Length,Date,Transfer-Encoding",
        "Date": "Wed, 07 Jun 2023 22:52:47 GMT",
        "Server": [
          "Windows-Azure-File/1.0",
          "Microsoft-HTTPAPI/2.0"
        ],
        "Transfer-Encoding": "chunked",
        "x-ms-client-request-id": "1d56e9fb-62e9-4b15-ad23-62d426713aa5",
        "x-ms-error-code": "ResourceNotFound",
        "x-ms-request-id": "7360ab4a-001a-003b-3492-998f15000000",
        "x-ms-version": "2021-10-04"
      },
      "ResponseBody": null
    },
    {
      "RequestUri": "https://fakestorageaccount.file.core.windows.net/share168617836734308481/dir168617836740908627/directory168617836747800051?restype=directory",
      "RequestMethod": "DELETE",
      "RequestHeaders": {
        "Accept": "application/xml",
        "Authorization": "Sanitized",
        "Connection": "keep-alive",
        "User-Agent": "azsdk-js-azure-storage-blob/12.13.0 core-rest-pipeline/1.11.1 Node/v16.18.0 OS/(x64-Linux-5.15.0-1038-azure)",
        "x-ms-client-request-id": "8261a061-44da-4bbc-93e9-bb3865e48b59",
        "x-ms-date": "Wed, 07 Jun 2023 22:52:47 GMT",
        "x-ms-version": "2021-10-04"
      },
      "RequestBody": null,
      "StatusCode": 202,
      "ResponseHeaders": {
        "Content-Length": "0",
        "Date": "Wed, 07 Jun 2023 22:52:47 GMT",
        "Server": [
          "Windows-Azure-File/1.0",
          "Microsoft-HTTPAPI/2.0"
        ],
        "x-ms-client-request-id": "8261a061-44da-4bbc-93e9-bb3865e48b59",
        "x-ms-request-id": "7360ab4b-001a-003b-3592-998f15000000",
        "x-ms-version": "2021-10-04"
      },
      "ResponseBody": null
    },
    {
      "RequestUri": "https://fakestorageaccount.file.core.windows.net/share168617836734308481?restype=share",
      "RequestMethod": "DELETE",
      "RequestHeaders": {
        "Accept": "application/xml",
        "Authorization": "Sanitized",
        "Connection": "keep-alive",
        "User-Agent": "azsdk-js-azure-storage-blob/12.13.0 core-rest-pipeline/1.11.1 Node/v16.18.0 OS/(x64-Linux-5.15.0-1038-azure)",
        "x-ms-client-request-id": "ddb34a8f-31ce-4587-9340-d2a8691d6b82",
        "x-ms-date": "Wed, 07 Jun 2023 22:52:47 GMT",
        "x-ms-version": "2021-10-04"
      },
      "RequestBody": null,
      "StatusCode": 202,
      "ResponseHeaders": {
        "Content-Length": "0",
        "Date": "Wed, 07 Jun 2023 22:52:47 GMT",
        "Server": [
          "Windows-Azure-File/1.0",
          "Microsoft-HTTPAPI/2.0"
        ],
        "x-ms-client-request-id": "ddb34a8f-31ce-4587-9340-d2a8691d6b82",
        "x-ms-request-id": "7360ab4d-001a-003b-3792-998f15000000",
        "x-ms-version": "2021-10-04"
      },
      "ResponseBody": null
    }
  ],
  "Variables": {
    "dir": "dir168617836740908627",
    "directory": "directory168617836747800051",
    "file": "file168617836754405212",
    "share": "share168617836734308481"
  }
}
