{
  "Entries": [
    {
      "RequestUri": "https://endpoint/routing/distributionPolicies/test-d-policy-recorded-jobs?api-version=2023-11-01",
      "RequestMethod": "PATCH",
      "RequestHeaders": {
        "Accept": "application/json",
        "Accept-Encoding": "gzip, deflate, br",
        "Accept-Language": "en-GB",
        "Authorization": "Sanitized",
        "Connection": "keep-alive",
        "Content-Length": "156",
        "Content-Type": "application/merge-patch\u002Bjson",
        "Referer": "http://localhost:9876/",
        "sec-ch-ua": "",
        "sec-ch-ua-mobile": "?0",
        "sec-ch-ua-platform": "\u0022\u0022",
        "Sec-Fetch-Dest": "empty",
        "Sec-Fetch-Mode": "cors",
        "Sec-Fetch-Site": "same-site",
        "User-Agent": "Mozilla/5.0 (Windows NT 10.0; Win64; x64) AppleWebKit/537.36 (KHTML, like Gecko) HeadlessChrome/112.0.5614.0 Safari/537.36",
        "x-ms-client-request-id": "10bcba37-419c-4c45-afa1-f917b903a498",
        "x-ms-content-sha256": "xG1T22SpOFlCH4u\u002BZ1hH\u002BYh9ErqiPS\u002B0sXvekVfomxM=",
        "x-ms-date": "Wed, 15 Nov 2023 01:00:45 GMT",
        "x-ms-useragent": "azsdk-js-communication-job-router-rest/1.0.0-beta.1 core-rest-pipeline/1.12.3 OS"
      },
      "RequestBody": {
        "name": "test-d-policy",
        "offerExpiresAfterSeconds": 60,
        "mode": {
          "kind": "longestIdle",
          "minConcurrentOffers": 1,
          "maxConcurrentOffers": 5,
          "bypassSelectors": false
        }
      },
      "StatusCode": 200,
      "ResponseHeaders": {
        "api-supported-versions": "2021-04-07-preview1, 2022-07-18-preview, 2023-08-25-preview, 2023-11-01",
        "Connection": "keep-alive",
        "Content-Type": "application/json; charset=utf-8",
        "Date": "Wed, 15 Nov 2023 01:00:45 GMT",
        "ETag": "\u0022ad001771-0000-0700-0000-65540aee0000\u0022",
        "Last-Modified": "Wed, 15 Nov 2023 00:03:58 GMT",
        "Request-Context": "appId=",
        "trace-id": "062a163c-4d91-37bb-2e9c-04a4d387032c",
        "Transfer-Encoding": "chunked",
        "x-azure-ref": "20231115T010045Z-nmc9m15zv1071dte260c8qfav400000006b0000000025774",
        "X-Cache": "CONFIG_NOCACHE"
      },
      "ResponseBody": {
        "id": "test-d-policy-recorded-jobs",
        "name": "test-d-policy",
        "offerExpiresAfterSeconds": 60,
        "mode": {
          "kind": "longestIdle",
          "minConcurrentOffers": 1,
          "maxConcurrentOffers": 5,
          "bypassSelectors": false
        },
        "etag": "\u0022ad001771-0000-0700-0000-65540aee0000\u0022"
      }
    },
    {
      "RequestUri": "https://endpoint/routing/exceptionPolicies/test-e-policy-recorded-jobs?api-version=2023-11-01",
      "RequestMethod": "PATCH",
      "RequestHeaders": {
        "Accept": "application/json",
        "Accept-Encoding": "gzip, deflate, br",
        "Accept-Language": "en-GB",
        "Authorization": "Sanitized",
        "Connection": "keep-alive",
        "Content-Length": "200",
        "Content-Type": "application/merge-patch\u002Bjson",
        "Referer": "http://localhost:9876/",
        "sec-ch-ua": "",
        "sec-ch-ua-mobile": "?0",
        "sec-ch-ua-platform": "\u0022\u0022",
        "Sec-Fetch-Dest": "empty",
        "Sec-Fetch-Mode": "cors",
        "Sec-Fetch-Site": "same-site",
        "User-Agent": "Mozilla/5.0 (Windows NT 10.0; Win64; x64) AppleWebKit/537.36 (KHTML, like Gecko) HeadlessChrome/112.0.5614.0 Safari/537.36",
        "x-ms-client-request-id": "919a1756-8d7c-4cf5-a491-cdd158953890",
        "x-ms-content-sha256": "A5ySZT3yD7WO66GsYhBfJY0Z6v1CuU2HTd2a\u002BAaoTPE=",
        "x-ms-date": "Wed, 15 Nov 2023 01:00:45 GMT",
        "x-ms-useragent": "azsdk-js-communication-job-router-rest/1.0.0-beta.1 core-rest-pipeline/1.12.3 OS"
      },
      "RequestBody": {
        "name": "test-e-policy",
        "exceptionRules": [
          {
            "id": "MaxWaitTimeExceededCancel",
            "actions": [
              {
                "kind": "cancel",
                "note": "wait time exceeded; cancelling"
              }
            ],
            "trigger": {
              "kind": "waitTime",
              "thresholdSeconds": 10
            }
          }
        ]
      },
      "StatusCode": 200,
      "ResponseHeaders": {
        "api-supported-versions": "2021-04-07-preview1, 2022-07-18-preview, 2023-08-25-preview, 2023-11-01",
        "Connection": "keep-alive",
        "Content-Type": "application/json; charset=utf-8",
        "Date": "Wed, 15 Nov 2023 01:00:45 GMT",
        "ETag": "\u002221001beb-0000-0700-0000-6554183d0000\u0022",
        "Last-Modified": "Wed, 15 Nov 2023 01:00:45 GMT",
        "Request-Context": "appId=",
        "trace-id": "bb90ace6-dbff-5514-fb17-5f072abcd023",
        "Transfer-Encoding": "chunked",
        "x-azure-ref": "20231115T010045Z-nmc9m15zv1071dte260c8qfav400000006b000000002577q",
        "X-Cache": "CONFIG_NOCACHE"
      },
      "ResponseBody": {
        "id": "test-e-policy-recorded-jobs",
        "name": "test-e-policy",
        "exceptionRules": [
          {
            "id": "MaxWaitTimeExceededCancel",
            "trigger": {
              "kind": "waitTime",
              "thresholdSeconds": 10
            },
            "actions": [
              {
                "kind": "cancel",
                "note": "wait time exceeded; cancelling",
                "id": "3c426563-1648-4ec9-84b2-3911952454e6"
              }
            ]
          }
        ],
        "etag": "\u002221001beb-0000-0700-0000-6554183d0000\u0022"
      }
    },
    {
      "RequestUri": "https://endpoint/routing/queues/test-a-queue-recorded-jobs?api-version=2023-11-01",
      "RequestMethod": "PATCH",
      "RequestHeaders": {
        "Accept": "application/json",
        "Accept-Encoding": "gzip, deflate, br",
        "Accept-Language": "en-GB",
        "Authorization": "Sanitized",
        "Connection": "keep-alive",
        "Content-Length": "172",
        "Content-Type": "application/merge-patch\u002Bjson",
        "Referer": "http://localhost:9876/",
        "sec-ch-ua": "",
        "sec-ch-ua-mobile": "?0",
        "sec-ch-ua-platform": "\u0022\u0022",
        "Sec-Fetch-Dest": "empty",
        "Sec-Fetch-Mode": "cors",
        "Sec-Fetch-Site": "same-site",
        "User-Agent": "Mozilla/5.0 (Windows NT 10.0; Win64; x64) AppleWebKit/537.36 (KHTML, like Gecko) HeadlessChrome/112.0.5614.0 Safari/537.36",
        "x-ms-client-request-id": "9521af4d-27e7-4725-8d4a-2e9d4e840872",
        "x-ms-content-sha256": "1FbWDlkYNs0PHIE8\u002BMhyPKGHh\u002BKztZc0cZwoX8Hhj8c=",
        "x-ms-date": "Wed, 15 Nov 2023 01:00:45 GMT",
        "x-ms-useragent": "azsdk-js-communication-job-router-rest/1.0.0-beta.1 core-rest-pipeline/1.12.3 OS"
      },
      "RequestBody": {
        "id": "test-a-queue-recorded-jobs",
        "name": "test-a-queue",
        "exceptionPolicyId": "test-e-policy-recorded-jobs",
        "distributionPolicyId": "test-d-policy-recorded-jobs",
        "labels": {}
      },
      "StatusCode": 200,
      "ResponseHeaders": {
        "api-supported-versions": "2021-04-07-preview1, 2022-07-18-preview, 2023-08-25-preview, 2023-11-01",
        "Connection": "keep-alive",
        "Content-Type": "application/json; charset=utf-8",
        "Date": "Wed, 15 Nov 2023 01:00:45 GMT",
        "ETag": "\u00227b02bc6c-0000-0700-0000-6554183c0000\u0022",
        "Last-Modified": "Wed, 15 Nov 2023 01:00:44 GMT",
        "Request-Context": "appId=",
        "trace-id": "e06ed6c9-2b25-108c-4e4b-98b92a6f1379",
        "Transfer-Encoding": "chunked",
        "x-azure-ref": "20231115T010045Z-nmc9m15zv1071dte260c8qfav400000006b000000002578c",
        "X-Cache": "CONFIG_NOCACHE"
      },
      "ResponseBody": {
        "id": "test-a-queue-recorded-jobs",
        "name": "test-a-queue",
        "distributionPolicyId": "test-d-policy-recorded-jobs",
        "labels": {
          "Id": "test-a-queue-recorded-jobs"
        },
        "exceptionPolicyId": "test-e-policy-recorded-jobs",
        "etag": "\u00227b02bc6c-0000-0700-0000-6554183c0000\u0022"
      }
    },
    {
      "RequestUri": "https://endpoint/routing/classificationPolicies/test-c-policy-recorded-jobs?api-version=2023-11-01",
      "RequestMethod": "PATCH",
      "RequestHeaders": {
        "Accept": "application/json",
        "Accept-Encoding": "gzip, deflate, br",
        "Accept-Language": "en-GB",
        "Authorization": "Sanitized",
        "Connection": "keep-alive",
        "Content-Length": "71",
        "Content-Type": "application/merge-patch\u002Bjson",
        "Referer": "http://localhost:9876/",
        "sec-ch-ua": "",
        "sec-ch-ua-mobile": "?0",
        "sec-ch-ua-platform": "\u0022\u0022",
        "Sec-Fetch-Dest": "empty",
        "Sec-Fetch-Mode": "cors",
        "Sec-Fetch-Site": "same-site",
        "User-Agent": "Mozilla/5.0 (Windows NT 10.0; Win64; x64) AppleWebKit/537.36 (KHTML, like Gecko) HeadlessChrome/112.0.5614.0 Safari/537.36",
        "x-ms-client-request-id": "5c523c27-080e-4266-9f53-d6d4e86bed1a",
        "x-ms-content-sha256": "OVJbBw7XtqDPGeuYZG8B54E7KeiWUptKurazKpEeB9E=",
        "x-ms-date": "Wed, 15 Nov 2023 01:00:45 GMT",
        "x-ms-useragent": "azsdk-js-communication-job-router-rest/1.0.0-beta.1 core-rest-pipeline/1.12.3 OS"
      },
      "RequestBody": {
        "name": "test-c-policy",
        "fallbackQueueId": "test-a-queue-recorded-jobs"
      },
      "StatusCode": 200,
      "ResponseHeaders": {
        "api-supported-versions": "2021-04-07-preview1, 2022-07-18-preview, 2023-08-25-preview, 2023-11-01",
        "Connection": "keep-alive",
        "Content-Type": "application/json; charset=utf-8",
        "Date": "Wed, 15 Nov 2023 01:00:45 GMT",
        "ETag": "\u002211006103-0000-0700-0000-6554183d0000\u0022",
        "Last-Modified": "Wed, 15 Nov 2023 01:00:45 GMT",
        "Request-Context": "appId=",
        "trace-id": "0ee83b28-502a-0d9a-b97e-c0eff3d1f598",
        "Transfer-Encoding": "chunked",
        "x-azure-ref": "20231115T010045Z-nmc9m15zv1071dte260c8qfav400000006b000000002578w",
        "X-Cache": "CONFIG_NOCACHE"
      },
      "ResponseBody": {
        "id": "test-c-policy-recorded-jobs",
        "name": "test-c-policy",
        "fallbackQueueId": "test-a-queue-recorded-jobs",
        "queueSelectorAttachments": [],
        "workerSelectorAttachments": [],
        "etag": "\u002211006103-0000-0700-0000-6554183d0000\u0022"
      }
    },
    {
      "RequestUri": "https://endpoint/routing/jobs/test-job-recorded-jobs?api-version=2023-11-01",
      "RequestMethod": "GET",
      "RequestHeaders": {
        "Accept": "application/json",
        "Accept-Encoding": "gzip, deflate, br",
        "Accept-Language": "en-GB",
        "Authorization": "Sanitized",
        "Connection": "keep-alive",
        "Referer": "http://localhost:9876/",
        "sec-ch-ua": "",
        "sec-ch-ua-mobile": "?0",
        "sec-ch-ua-platform": "\u0022\u0022",
        "Sec-Fetch-Dest": "empty",
        "Sec-Fetch-Mode": "cors",
        "Sec-Fetch-Site": "same-site",
        "User-Agent": "Mozilla/5.0 (Windows NT 10.0; Win64; x64) AppleWebKit/537.36 (KHTML, like Gecko) HeadlessChrome/112.0.5614.0 Safari/537.36",
        "x-ms-client-request-id": "7c7a90dc-5546-49a8-94c2-f01a38f520b6",
        "x-ms-content-sha256": "47DEQpj8HBSa\u002B/TImW\u002B5JCeuQeRkm5NMpJWZG3hSuFU=",
        "x-ms-date": "Wed, 15 Nov 2023 01:00:45 GMT",
        "x-ms-useragent": "azsdk-js-communication-job-router-rest/1.0.0-beta.1 core-rest-pipeline/1.12.3 OS"
      },
      "RequestBody": null,
      "StatusCode": 200,
      "ResponseHeaders": {
        "api-supported-versions": "2021-04-07-preview1, 2022-07-18-preview, 2023-08-25-preview, 2023-11-01",
        "Connection": "keep-alive",
        "Content-Type": "application/json; charset=utf-8",
        "Date": "Wed, 15 Nov 2023 01:00:45 GMT",
        "ETag": "\u002200000002-0000-0000-0778-474c76e5db08\u0022",
        "Last-Modified": "Wed, 15 Nov 2023 01:00:45 GMT",
        "Request-Context": "appId=",
        "trace-id": "c2b7ae8b-8a8d-09b0-4666-733cb96b2fc2",
        "Transfer-Encoding": "chunked",
        "x-azure-ref": "20231115T010045Z-nmc9m15zv1071dte260c8qfav400000006b000000002579r",
        "X-Cache": "CONFIG_NOCACHE"
      },
      "ResponseBody": {
        "id": "test-job-recorded-jobs",
        "status": "queued",
        "enqueuedAt": "2023-11-15T01:00:45.1710983\u002B00:00",
        "channelId": "test-channel",
        "classificationPolicyId": "test-c-policy-recorded-jobs",
        "queueId": "test-a-queue-recorded-jobs",
        "priority": 1,
        "requestedWorkerSelectors": [],
        "attachedWorkerSelectors": [],
        "labels": {},
        "assignments": {},
        "tags": {},
        "notes": [],
        "matchingMode": {
          "kind": "queueAndMatch"
        },
        "etag": "\u002200000002-0000-0000-0778-474c76e5db08\u0022"
      }
    },
    {
      "RequestUri": "https://endpoint/routing/classificationPolicies/test-c-policy-recorded-jobs?api-version=2023-11-01",
      "RequestMethod": "DELETE",
      "RequestHeaders": {
        "Accept": "application/json",
        "Accept-Encoding": "gzip, deflate, br",
        "Accept-Language": "en-GB",
        "Authorization": "Sanitized",
        "Connection": "keep-alive",
        "Referer": "http://localhost:9876/",
        "sec-ch-ua": "",
        "sec-ch-ua-mobile": "?0",
        "sec-ch-ua-platform": "\u0022\u0022",
        "Sec-Fetch-Dest": "empty",
        "Sec-Fetch-Mode": "cors",
        "Sec-Fetch-Site": "same-site",
        "User-Agent": "Mozilla/5.0 (Windows NT 10.0; Win64; x64) AppleWebKit/537.36 (KHTML, like Gecko) HeadlessChrome/112.0.5614.0 Safari/537.36",
        "x-ms-client-request-id": "dbf9e190-b831-401f-b8f4-377137682346",
        "x-ms-content-sha256": "47DEQpj8HBSa\u002B/TImW\u002B5JCeuQeRkm5NMpJWZG3hSuFU=",
        "x-ms-date": "Wed, 15 Nov 2023 01:00:45 GMT",
        "x-ms-useragent": "azsdk-js-communication-job-router-rest/1.0.0-beta.1 core-rest-pipeline/1.12.3 OS"
      },
      "RequestBody": null,
      "StatusCode": 400,
      "ResponseHeaders": {
        "api-supported-versions": "2021-04-07-preview1, 2022-07-18-preview, 2023-08-25-preview, 2023-11-01",
        "Connection": "keep-alive",
        "Content-Type": "application/json; charset=utf-8",
        "Date": "Wed, 15 Nov 2023 01:00:45 GMT",
        "Request-Context": "appId=",
        "trace-id": "c1f54b43-c78e-a88f-3ba9-38d6e452b61c",
        "Transfer-Encoding": "chunked",
        "x-azure-ref": "20231115T010045Z-nmc9m15zv1071dte260c8qfav400000006b00000000257a7",
        "X-Cache": "CONFIG_NOCACHE"
      },
      "ResponseBody": {
        "communicationError": {
          "code": "BadRequest",
          "message": "One or more validation errors occurred.",
          "target": "/routing/classificationPolicies/test-c-policy-recorded-jobs",
          "details": [
            {
              "code": "ActiveJobWithClassificationPolicyExist",
              "message": "There is active job with this classification policy"
            }
          ]
        }
      }
    },
    {
      "RequestUri": "https://endpoint/routing/distributionPolicies/test-d-policy-recorded-jobs?api-version=2023-11-01",
      "RequestMethod": "DELETE",
      "RequestHeaders": {
        "Accept": "application/json",
        "Accept-Encoding": "gzip, deflate, br",
        "Accept-Language": "en-GB",
        "Authorization": "Sanitized",
        "Connection": "keep-alive",
        "Referer": "http://localhost:9876/",
        "sec-ch-ua": "",
        "sec-ch-ua-mobile": "?0",
        "sec-ch-ua-platform": "\u0022\u0022",
        "Sec-Fetch-Dest": "empty",
        "Sec-Fetch-Mode": "cors",
        "Sec-Fetch-Site": "same-site",
        "User-Agent": "Mozilla/5.0 (Windows NT 10.0; Win64; x64) AppleWebKit/537.36 (KHTML, like Gecko) HeadlessChrome/112.0.5614.0 Safari/537.36",
        "x-ms-client-request-id": "2dcbb576-5826-4806-88bc-749cd312f4aa",
        "x-ms-content-sha256": "47DEQpj8HBSa\u002B/TImW\u002B5JCeuQeRkm5NMpJWZG3hSuFU=",
        "x-ms-date": "Wed, 15 Nov 2023 01:00:45 GMT",
        "x-ms-useragent": "azsdk-js-communication-job-router-rest/1.0.0-beta.1 core-rest-pipeline/1.12.3 OS"
      },
      "RequestBody": null,
      "StatusCode": 400,
      "ResponseHeaders": {
        "api-supported-versions": "2021-04-07-preview1, 2022-07-18-preview, 2023-08-25-preview, 2023-11-01",
        "Connection": "keep-alive",
        "Content-Type": "application/json; charset=utf-8",
        "Date": "Wed, 15 Nov 2023 01:00:45 GMT",
        "Request-Context": "appId=",
        "trace-id": "22ed0a74-6546-014a-e5f0-fb4279964926",
        "Transfer-Encoding": "chunked",
        "x-azure-ref": "20231115T010045Z-nmc9m15zv1071dte260c8qfav400000006b00000000257ak",
        "X-Cache": "CONFIG_NOCACHE"
      },
      "ResponseBody": {
        "communicationError": {
          "code": "BadRequest",
          "message": "One or more validation errors occurred.",
          "target": "/routing/distributionPolicies/test-d-policy-recorded-jobs",
          "details": [
            {
              "code": "QueueExistsWithDistributionPolicy",
              "message": "There is a queue with this distribution policy"
            }
          ]
        }
      }
    },
    {
      "RequestUri": "https://endpoint/routing/exceptionPolicies/test-e-policy-recorded-jobs?api-version=2023-11-01",
      "RequestMethod": "DELETE",
      "RequestHeaders": {
        "Accept": "application/json",
        "Accept-Encoding": "gzip, deflate, br",
        "Accept-Language": "en-GB",
        "Authorization": "Sanitized",
        "Connection": "keep-alive",
        "Referer": "http://localhost:9876/",
        "sec-ch-ua": "",
        "sec-ch-ua-mobile": "?0",
        "sec-ch-ua-platform": "\u0022\u0022",
        "Sec-Fetch-Dest": "empty",
        "Sec-Fetch-Mode": "cors",
        "Sec-Fetch-Site": "same-site",
        "User-Agent": "Mozilla/5.0 (Windows NT 10.0; Win64; x64) AppleWebKit/537.36 (KHTML, like Gecko) HeadlessChrome/112.0.5614.0 Safari/537.36",
        "x-ms-client-request-id": "3a7684df-dc57-478f-b844-728b14275f77",
        "x-ms-content-sha256": "47DEQpj8HBSa\u002B/TImW\u002B5JCeuQeRkm5NMpJWZG3hSuFU=",
        "x-ms-date": "Wed, 15 Nov 2023 01:00:45 GMT",
        "x-ms-useragent": "azsdk-js-communication-job-router-rest/1.0.0-beta.1 core-rest-pipeline/1.12.3 OS"
      },
      "RequestBody": null,
      "StatusCode": 400,
      "ResponseHeaders": {
        "api-supported-versions": "2021-04-07-preview1, 2022-07-18-preview, 2023-08-25-preview, 2023-11-01",
        "Connection": "keep-alive",
        "Content-Type": "application/json; charset=utf-8",
        "Date": "Wed, 15 Nov 2023 01:00:45 GMT",
        "Request-Context": "appId=",
        "trace-id": "68814587-546b-1dbf-b839-2cf6a59ee15e",
        "Transfer-Encoding": "chunked",
        "x-azure-ref": "20231115T010045Z-nmc9m15zv1071dte260c8qfav400000006b00000000257av",
        "X-Cache": "CONFIG_NOCACHE"
      },
      "ResponseBody": {
        "communicationError": {
          "code": "BadRequest",
          "message": "One or more validation errors occurred.",
          "target": "/routing/exceptionPolicies/test-e-policy-recorded-jobs",
          "details": [
            {
              "code": "QueueExistsWithExceptionPolicy",
              "message": "There is a queue with this exception policy"
            }
          ]
        }
      }
    },
    {
      "RequestUri": "https://endpoint/routing/queues/test-a-queue-recorded-jobs?api-version=2023-11-01",
      "RequestMethod": "DELETE",
      "RequestHeaders": {
        "Accept": "application/json",
        "Accept-Encoding": "gzip, deflate, br",
        "Accept-Language": "en-GB",
        "Authorization": "Sanitized",
        "Connection": "keep-alive",
        "Referer": "http://localhost:9876/",
        "sec-ch-ua": "",
        "sec-ch-ua-mobile": "?0",
        "sec-ch-ua-platform": "\u0022\u0022",
        "Sec-Fetch-Dest": "empty",
        "Sec-Fetch-Mode": "cors",
        "Sec-Fetch-Site": "same-site",
        "User-Agent": "Mozilla/5.0 (Windows NT 10.0; Win64; x64) AppleWebKit/537.36 (KHTML, like Gecko) HeadlessChrome/112.0.5614.0 Safari/537.36",
        "x-ms-client-request-id": "2ed74c19-ceeb-4c06-9126-8549ab1ddea3",
        "x-ms-content-sha256": "47DEQpj8HBSa\u002B/TImW\u002B5JCeuQeRkm5NMpJWZG3hSuFU=",
        "x-ms-date": "Wed, 15 Nov 2023 01:00:45 GMT",
        "x-ms-useragent": "azsdk-js-communication-job-router-rest/1.0.0-beta.1 core-rest-pipeline/1.12.3 OS"
      },
      "RequestBody": null,
      "StatusCode": 409,
      "ResponseHeaders": {
        "api-supported-versions": "2021-04-07-preview1, 2022-07-18-preview, 2023-08-25-preview, 2023-11-01",
        "Connection": "keep-alive",
        "Content-Type": "application/json; charset=utf-8",
        "Date": "Wed, 15 Nov 2023 01:00:45 GMT",
        "Request-Context": "appId=",
        "trace-id": "033073f8-7e4a-4230-f357-33ede395a50a",
        "Transfer-Encoding": "chunked",
        "x-azure-ref": "20231115T010045Z-nmc9m15zv1071dte260c8qfav400000006b00000000257b4",
        "X-Cache": "CONFIG_NOCACHE"
      },
      "ResponseBody": {
        "communicationError": {
          "code": "Conflict",
          "message": "Validation failed: \r\n -- : There is active job with this queue\r\n -- : There is classification policy with this queue as fallback queue",
          "target": "/routing/queues/test-a-queue-recorded-jobs"
        }
      }
    }
  ],
  "Variables": {}
}
