{
  "Entries": [
    {
      "RequestUri": "https://endpoint/routing/distributionPolicies/test-d-policy-recorded-jobs?api-version=2023-11-01",
      "RequestMethod": "PATCH",
      "RequestHeaders": {
        "Accept": "application/json",
        "Accept-Encoding": "gzip, deflate, br",
        "Accept-Language": "en-GB",
        "Authorization": "Sanitized",
        "Connection": "keep-alive",
        "Content-Length": "156",
        "Content-Type": "application/merge-patch\u002Bjson",
        "Referer": "http://localhost:9876/",
        "sec-ch-ua": "",
        "sec-ch-ua-mobile": "?0",
        "sec-ch-ua-platform": "\u0022\u0022",
        "Sec-Fetch-Dest": "empty",
        "Sec-Fetch-Mode": "cors",
        "Sec-Fetch-Site": "same-site",
        "User-Agent": "Mozilla/5.0 (Windows NT 10.0; Win64; x64) AppleWebKit/537.36 (KHTML, like Gecko) HeadlessChrome/112.0.5614.0 Safari/537.36",
        "x-ms-client-request-id": "8279e218-ce27-42ef-b507-bbf2cf4053bc",
        "x-ms-content-sha256": "xG1T22SpOFlCH4u\u002BZ1hH\u002BYh9ErqiPS\u002B0sXvekVfomxM=",
        "x-ms-date": "Wed, 15 Nov 2023 01:00:47 GMT",
        "x-ms-useragent": "azsdk-js-communication-job-router-rest/1.0.0-beta.1 core-rest-pipeline/1.12.3 OS"
      },
      "RequestBody": {
        "name": "test-d-policy",
        "offerExpiresAfterSeconds": 60,
        "mode": {
          "kind": "longestIdle",
          "minConcurrentOffers": 1,
          "maxConcurrentOffers": 5,
          "bypassSelectors": false
        }
      },
      "StatusCode": 200,
      "ResponseHeaders": {
        "api-supported-versions": "2021-04-07-preview1, 2022-07-18-preview, 2023-08-25-preview, 2023-11-01",
        "Connection": "keep-alive",
        "Content-Type": "application/json; charset=utf-8",
        "Date": "Wed, 15 Nov 2023 01:00:47 GMT",
        "ETag": "\u0022ad001771-0000-0700-0000-65540aee0000\u0022",
        "Last-Modified": "Wed, 15 Nov 2023 00:03:58 GMT",
        "Request-Context": "appId=",
        "trace-id": "be72bd02-825b-88ef-e092-a362bd5c1ded",
        "Transfer-Encoding": "chunked",
        "x-azure-ref": "20231115T010047Z-nmc9m15zv1071dte260c8qfav400000006b00000000257rd",
        "X-Cache": "CONFIG_NOCACHE"
      },
      "ResponseBody": {
        "id": "test-d-policy-recorded-jobs",
        "name": "test-d-policy",
        "offerExpiresAfterSeconds": 60,
        "mode": {
          "kind": "longestIdle",
          "minConcurrentOffers": 1,
          "maxConcurrentOffers": 5,
          "bypassSelectors": false
        },
        "etag": "\u0022ad001771-0000-0700-0000-65540aee0000\u0022"
      }
    },
    {
      "RequestUri": "https://endpoint/routing/exceptionPolicies/test-e-policy-recorded-jobs?api-version=2023-11-01",
      "RequestMethod": "PATCH",
      "RequestHeaders": {
        "Accept": "application/json",
        "Accept-Encoding": "gzip, deflate, br",
        "Accept-Language": "en-GB",
        "Authorization": "Sanitized",
        "Connection": "keep-alive",
        "Content-Length": "200",
        "Content-Type": "application/merge-patch\u002Bjson",
        "Referer": "http://localhost:9876/",
        "sec-ch-ua": "",
        "sec-ch-ua-mobile": "?0",
        "sec-ch-ua-platform": "\u0022\u0022",
        "Sec-Fetch-Dest": "empty",
        "Sec-Fetch-Mode": "cors",
        "Sec-Fetch-Site": "same-site",
        "User-Agent": "Mozilla/5.0 (Windows NT 10.0; Win64; x64) AppleWebKit/537.36 (KHTML, like Gecko) HeadlessChrome/112.0.5614.0 Safari/537.36",
        "x-ms-client-request-id": "cf19f318-3c43-4e06-8e83-6284e525d489",
        "x-ms-content-sha256": "A5ySZT3yD7WO66GsYhBfJY0Z6v1CuU2HTd2a\u002BAaoTPE=",
        "x-ms-date": "Wed, 15 Nov 2023 01:00:47 GMT",
        "x-ms-useragent": "azsdk-js-communication-job-router-rest/1.0.0-beta.1 core-rest-pipeline/1.12.3 OS"
      },
      "RequestBody": {
        "name": "test-e-policy",
        "exceptionRules": [
          {
            "id": "MaxWaitTimeExceededCancel",
            "actions": [
              {
                "kind": "cancel",
                "note": "wait time exceeded; cancelling"
              }
            ],
            "trigger": {
              "kind": "waitTime",
              "thresholdSeconds": 10
            }
          }
        ]
      },
      "StatusCode": 200,
      "ResponseHeaders": {
        "api-supported-versions": "2021-04-07-preview1, 2022-07-18-preview, 2023-08-25-preview, 2023-11-01",
        "Connection": "keep-alive",
        "Content-Type": "application/json; charset=utf-8",
        "Date": "Wed, 15 Nov 2023 01:00:47 GMT",
        "ETag": "\u002221001feb-0000-0700-0000-6554183f0000\u0022",
        "Last-Modified": "Wed, 15 Nov 2023 01:00:47 GMT",
        "Request-Context": "appId=",
        "trace-id": "ab81e216-262a-c7a7-e220-8bb7d491b0e9",
        "Transfer-Encoding": "chunked",
        "x-azure-ref": "20231115T010047Z-nmc9m15zv1071dte260c8qfav400000006b00000000257ru",
        "X-Cache": "CONFIG_NOCACHE"
      },
      "ResponseBody": {
        "id": "test-e-policy-recorded-jobs",
        "name": "test-e-policy",
        "exceptionRules": [
          {
            "id": "MaxWaitTimeExceededCancel",
            "trigger": {
              "kind": "waitTime",
              "thresholdSeconds": 10
            },
            "actions": [
              {
                "kind": "cancel",
                "note": "wait time exceeded; cancelling",
                "id": "1d492d28-4d16-4228-b6be-3a0c4657fb7f"
              }
            ]
          }
        ],
        "etag": "\u002221001feb-0000-0700-0000-6554183f0000\u0022"
      }
    },
    {
      "RequestUri": "https://endpoint/routing/queues/test-a-queue-recorded-jobs?api-version=2023-11-01",
      "RequestMethod": "PATCH",
      "RequestHeaders": {
        "Accept": "application/json",
        "Accept-Encoding": "gzip, deflate, br",
        "Accept-Language": "en-GB",
        "Authorization": "Sanitized",
        "Connection": "keep-alive",
        "Content-Length": "172",
        "Content-Type": "application/merge-patch\u002Bjson",
        "Referer": "http://localhost:9876/",
        "sec-ch-ua": "",
        "sec-ch-ua-mobile": "?0",
        "sec-ch-ua-platform": "\u0022\u0022",
        "Sec-Fetch-Dest": "empty",
        "Sec-Fetch-Mode": "cors",
        "Sec-Fetch-Site": "same-site",
        "User-Agent": "Mozilla/5.0 (Windows NT 10.0; Win64; x64) AppleWebKit/537.36 (KHTML, like Gecko) HeadlessChrome/112.0.5614.0 Safari/537.36",
        "x-ms-client-request-id": "6828b952-4a82-4299-85a7-9035a101bb4c",
        "x-ms-content-sha256": "1FbWDlkYNs0PHIE8\u002BMhyPKGHh\u002BKztZc0cZwoX8Hhj8c=",
        "x-ms-date": "Wed, 15 Nov 2023 01:00:47 GMT",
        "x-ms-useragent": "azsdk-js-communication-job-router-rest/1.0.0-beta.1 core-rest-pipeline/1.12.3 OS"
      },
      "RequestBody": {
        "id": "test-a-queue-recorded-jobs",
        "name": "test-a-queue",
        "exceptionPolicyId": "test-e-policy-recorded-jobs",
        "distributionPolicyId": "test-d-policy-recorded-jobs",
        "labels": {}
      },
      "StatusCode": 200,
      "ResponseHeaders": {
        "api-supported-versions": "2021-04-07-preview1, 2022-07-18-preview, 2023-08-25-preview, 2023-11-01",
        "Connection": "keep-alive",
        "Content-Type": "application/json; charset=utf-8",
        "Date": "Wed, 15 Nov 2023 01:00:47 GMT",
        "ETag": "\u00227b02bc6c-0000-0700-0000-6554183c0000\u0022",
        "Last-Modified": "Wed, 15 Nov 2023 01:00:44 GMT",
        "Request-Context": "appId=",
        "trace-id": "9dcd287a-ceaf-a350-01ca-387c1e91df3e",
        "Transfer-Encoding": "chunked",
        "x-azure-ref": "20231115T010047Z-nmc9m15zv1071dte260c8qfav400000006b00000000257sk",
        "X-Cache": "CONFIG_NOCACHE"
      },
      "ResponseBody": {
        "id": "test-a-queue-recorded-jobs",
        "name": "test-a-queue",
        "distributionPolicyId": "test-d-policy-recorded-jobs",
        "labels": {
          "Id": "test-a-queue-recorded-jobs"
        },
        "exceptionPolicyId": "test-e-policy-recorded-jobs",
        "etag": "\u00227b02bc6c-0000-0700-0000-6554183c0000\u0022"
      }
    },
    {
      "RequestUri": "https://endpoint/routing/classificationPolicies/test-c-policy-recorded-jobs?api-version=2023-11-01",
      "RequestMethod": "PATCH",
      "RequestHeaders": {
        "Accept": "application/json",
        "Accept-Encoding": "gzip, deflate, br",
        "Accept-Language": "en-GB",
        "Authorization": "Sanitized",
        "Connection": "keep-alive",
        "Content-Length": "71",
        "Content-Type": "application/merge-patch\u002Bjson",
        "Referer": "http://localhost:9876/",
        "sec-ch-ua": "",
        "sec-ch-ua-mobile": "?0",
        "sec-ch-ua-platform": "\u0022\u0022",
        "Sec-Fetch-Dest": "empty",
        "Sec-Fetch-Mode": "cors",
        "Sec-Fetch-Site": "same-site",
        "User-Agent": "Mozilla/5.0 (Windows NT 10.0; Win64; x64) AppleWebKit/537.36 (KHTML, like Gecko) HeadlessChrome/112.0.5614.0 Safari/537.36",
        "x-ms-client-request-id": "f83e15de-ae00-444b-b29a-94af16b2c543",
        "x-ms-content-sha256": "OVJbBw7XtqDPGeuYZG8B54E7KeiWUptKurazKpEeB9E=",
        "x-ms-date": "Wed, 15 Nov 2023 01:00:47 GMT",
        "x-ms-useragent": "azsdk-js-communication-job-router-rest/1.0.0-beta.1 core-rest-pipeline/1.12.3 OS"
      },
      "RequestBody": {
        "name": "test-c-policy",
        "fallbackQueueId": "test-a-queue-recorded-jobs"
      },
      "StatusCode": 200,
      "ResponseHeaders": {
        "api-supported-versions": "2021-04-07-preview1, 2022-07-18-preview, 2023-08-25-preview, 2023-11-01",
        "Connection": "keep-alive",
        "Content-Type": "application/json; charset=utf-8",
        "Date": "Wed, 15 Nov 2023 01:00:47 GMT",
        "ETag": "\u002211006103-0000-0700-0000-6554183d0000\u0022",
        "Last-Modified": "Wed, 15 Nov 2023 01:00:45 GMT",
        "Request-Context": "appId=",
        "trace-id": "f1a79500-b1c1-6725-a10c-e4fddbe340e6",
        "Transfer-Encoding": "chunked",
        "x-azure-ref": "20231115T010047Z-nmc9m15zv1071dte260c8qfav400000006b00000000257st",
        "X-Cache": "CONFIG_NOCACHE"
      },
      "ResponseBody": {
        "id": "test-c-policy-recorded-jobs",
        "name": "test-c-policy",
        "fallbackQueueId": "test-a-queue-recorded-jobs",
        "queueSelectorAttachments": [],
        "workerSelectorAttachments": [],
        "etag": "\u002211006103-0000-0700-0000-6554183d0000\u0022"
      }
    },
    {
      "RequestUri": "https://endpoint/routing/jobs/test-job-recorded-jobs:reclassify?api-version=2023-11-01",
      "RequestMethod": "POST",
      "RequestHeaders": {
        "Accept": "application/json",
        "Accept-Encoding": "gzip, deflate, br",
        "Accept-Language": "en-GB",
        "Authorization": "Sanitized",
        "Connection": "keep-alive",
        "Content-Length": "0",
        "Referer": "http://localhost:9876/",
        "sec-ch-ua": "",
        "sec-ch-ua-mobile": "?0",
        "sec-ch-ua-platform": "\u0022\u0022",
        "Sec-Fetch-Dest": "empty",
        "Sec-Fetch-Mode": "cors",
        "Sec-Fetch-Site": "same-site",
        "User-Agent": "Mozilla/5.0 (Windows NT 10.0; Win64; x64) AppleWebKit/537.36 (KHTML, like Gecko) HeadlessChrome/112.0.5614.0 Safari/537.36",
        "x-ms-client-request-id": "cea6347f-a098-425f-80fa-816bd7cca02b",
        "x-ms-content-sha256": "47DEQpj8HBSa\u002B/TImW\u002B5JCeuQeRkm5NMpJWZG3hSuFU=",
        "x-ms-date": "Wed, 15 Nov 2023 01:00:47 GMT",
        "x-ms-useragent": "azsdk-js-communication-job-router-rest/1.0.0-beta.1 core-rest-pipeline/1.12.3 OS"
      },
      "RequestBody": null,
      "StatusCode": 200,
      "ResponseHeaders": {
        "api-supported-versions": "2021-04-07-preview1, 2022-07-18-preview, 2023-08-25-preview, 2023-11-01",
        "Connection": "keep-alive",
        "Content-Type": "application/json; charset=utf-8",
        "Date": "Wed, 15 Nov 2023 01:00:48 GMT",
        "Request-Context": "appId=",
        "trace-id": "c6d5f243-02e4-49f6-f837-568135b3ffa2",
        "Transfer-Encoding": "chunked",
        "x-azure-ref": "20231115T010047Z-nmc9m15zv1071dte260c8qfav400000006b00000000257ts",
        "X-Cache": "CONFIG_NOCACHE"
      },
      "ResponseBody": {}
    },
    {
      "RequestUri": "https://endpoint/routing/classificationPolicies/test-c-policy-recorded-jobs?api-version=2023-11-01",
      "RequestMethod": "DELETE",
      "RequestHeaders": {
        "Accept": "application/json",
        "Accept-Encoding": "gzip, deflate, br",
        "Accept-Language": "en-GB",
        "Authorization": "Sanitized",
        "Connection": "keep-alive",
        "Referer": "http://localhost:9876/",
        "sec-ch-ua": "",
        "sec-ch-ua-mobile": "?0",
        "sec-ch-ua-platform": "\u0022\u0022",
        "Sec-Fetch-Dest": "empty",
        "Sec-Fetch-Mode": "cors",
        "Sec-Fetch-Site": "same-site",
        "User-Agent": "Mozilla/5.0 (Windows NT 10.0; Win64; x64) AppleWebKit/537.36 (KHTML, like Gecko) HeadlessChrome/112.0.5614.0 Safari/537.36",
        "x-ms-client-request-id": "2a3a7d5e-0e0c-4947-b177-df91e059e9f0",
        "x-ms-content-sha256": "47DEQpj8HBSa\u002B/TImW\u002B5JCeuQeRkm5NMpJWZG3hSuFU=",
        "x-ms-date": "Wed, 15 Nov 2023 01:00:47 GMT",
        "x-ms-useragent": "azsdk-js-communication-job-router-rest/1.0.0-beta.1 core-rest-pipeline/1.12.3 OS"
      },
      "RequestBody": null,
      "StatusCode": 400,
      "ResponseHeaders": {
        "api-supported-versions": "2021-04-07-preview1, 2022-07-18-preview, 2023-08-25-preview, 2023-11-01",
        "Connection": "keep-alive",
        "Content-Type": "application/json; charset=utf-8",
        "Date": "Wed, 15 Nov 2023 01:00:48 GMT",
        "Request-Context": "appId=",
        "trace-id": "8426e573-f8e0-5663-9e63-fb820858218c",
        "Transfer-Encoding": "chunked",
        "x-azure-ref": "20231115T010048Z-nmc9m15zv1071dte260c8qfav400000006b00000000257v2",
        "X-Cache": "CONFIG_NOCACHE"
      },
      "ResponseBody": {
        "communicationError": {
          "code": "BadRequest",
          "message": "One or more validation errors occurred.",
          "target": "/routing/classificationPolicies/test-c-policy-recorded-jobs",
          "details": [
            {
              "code": "ActiveJobWithClassificationPolicyExist",
              "message": "There is active job with this classification policy"
            }
          ]
        }
      }
    },
    {
      "RequestUri": "https://endpoint/routing/distributionPolicies/test-d-policy-recorded-jobs?api-version=2023-11-01",
      "RequestMethod": "DELETE",
      "RequestHeaders": {
        "Accept": "application/json",
        "Accept-Encoding": "gzip, deflate, br",
        "Accept-Language": "en-GB",
        "Authorization": "Sanitized",
        "Connection": "keep-alive",
        "Referer": "http://localhost:9876/",
        "sec-ch-ua": "",
        "sec-ch-ua-mobile": "?0",
        "sec-ch-ua-platform": "\u0022\u0022",
        "Sec-Fetch-Dest": "empty",
        "Sec-Fetch-Mode": "cors",
        "Sec-Fetch-Site": "same-site",
        "User-Agent": "Mozilla/5.0 (Windows NT 10.0; Win64; x64) AppleWebKit/537.36 (KHTML, like Gecko) HeadlessChrome/112.0.5614.0 Safari/537.36",
        "x-ms-client-request-id": "e7c42601-a4a8-41f0-beca-cda5dc7ef642",
        "x-ms-content-sha256": "47DEQpj8HBSa\u002B/TImW\u002B5JCeuQeRkm5NMpJWZG3hSuFU=",
        "x-ms-date": "Wed, 15 Nov 2023 01:00:48 GMT",
        "x-ms-useragent": "azsdk-js-communication-job-router-rest/1.0.0-beta.1 core-rest-pipeline/1.12.3 OS"
      },
      "RequestBody": null,
      "StatusCode": 400,
      "ResponseHeaders": {
        "api-supported-versions": "2021-04-07-preview1, 2022-07-18-preview, 2023-08-25-preview, 2023-11-01",
        "Connection": "keep-alive",
        "Content-Type": "application/json; charset=utf-8",
        "Date": "Wed, 15 Nov 2023 01:00:48 GMT",
        "Request-Context": "appId=",
        "trace-id": "e6fa4db3-2028-04b1-59c6-96b20d832cb4",
        "Transfer-Encoding": "chunked",
        "x-azure-ref": "20231115T010048Z-nmc9m15zv1071dte260c8qfav400000006b00000000257vh",
        "X-Cache": "CONFIG_NOCACHE"
      },
      "ResponseBody": {
        "communicationError": {
          "code": "BadRequest",
          "message": "One or more validation errors occurred.",
          "target": "/routing/distributionPolicies/test-d-policy-recorded-jobs",
          "details": [
            {
              "code": "QueueExistsWithDistributionPolicy",
              "message": "There is a queue with this distribution policy"
            }
          ]
        }
      }
    },
    {
      "RequestUri": "https://endpoint/routing/exceptionPolicies/test-e-policy-recorded-jobs?api-version=2023-11-01",
      "RequestMethod": "DELETE",
      "RequestHeaders": {
        "Accept": "application/json",
        "Accept-Encoding": "gzip, deflate, br",
        "Accept-Language": "en-GB",
        "Authorization": "Sanitized",
        "Connection": "keep-alive",
        "Referer": "http://localhost:9876/",
        "sec-ch-ua": "",
        "sec-ch-ua-mobile": "?0",
        "sec-ch-ua-platform": "\u0022\u0022",
        "Sec-Fetch-Dest": "empty",
        "Sec-Fetch-Mode": "cors",
        "Sec-Fetch-Site": "same-site",
        "User-Agent": "Mozilla/5.0 (Windows NT 10.0; Win64; x64) AppleWebKit/537.36 (KHTML, like Gecko) HeadlessChrome/112.0.5614.0 Safari/537.36",
        "x-ms-client-request-id": "679e69a5-78dc-4d90-bd42-bcad71fe2c28",
        "x-ms-content-sha256": "47DEQpj8HBSa\u002B/TImW\u002B5JCeuQeRkm5NMpJWZG3hSuFU=",
        "x-ms-date": "Wed, 15 Nov 2023 01:00:48 GMT",
        "x-ms-useragent": "azsdk-js-communication-job-router-rest/1.0.0-beta.1 core-rest-pipeline/1.12.3 OS"
      },
      "RequestBody": null,
      "StatusCode": 400,
      "ResponseHeaders": {
        "api-supported-versions": "2021-04-07-preview1, 2022-07-18-preview, 2023-08-25-preview, 2023-11-01",
        "Connection": "keep-alive",
        "Content-Type": "application/json; charset=utf-8",
        "Date": "Wed, 15 Nov 2023 01:00:48 GMT",
        "Request-Context": "appId=",
        "trace-id": "1ebb773e-5c51-ceb7-bb16-df44eaf85474",
        "Transfer-Encoding": "chunked",
        "x-azure-ref": "20231115T010048Z-nmc9m15zv1071dte260c8qfav400000006b00000000257vx",
        "X-Cache": "CONFIG_NOCACHE"
      },
      "ResponseBody": {
        "communicationError": {
          "code": "BadRequest",
          "message": "One or more validation errors occurred.",
          "target": "/routing/exceptionPolicies/test-e-policy-recorded-jobs",
          "details": [
            {
              "code": "QueueExistsWithExceptionPolicy",
              "message": "There is a queue with this exception policy"
            }
          ]
        }
      }
    },
    {
      "RequestUri": "https://endpoint/routing/queues/test-a-queue-recorded-jobs?api-version=2023-11-01",
      "RequestMethod": "DELETE",
      "RequestHeaders": {
        "Accept": "application/json",
        "Accept-Encoding": "gzip, deflate, br",
        "Accept-Language": "en-GB",
        "Authorization": "Sanitized",
        "Connection": "keep-alive",
        "Referer": "http://localhost:9876/",
        "sec-ch-ua": "",
        "sec-ch-ua-mobile": "?0",
        "sec-ch-ua-platform": "\u0022\u0022",
        "Sec-Fetch-Dest": "empty",
        "Sec-Fetch-Mode": "cors",
        "Sec-Fetch-Site": "same-site",
        "User-Agent": "Mozilla/5.0 (Windows NT 10.0; Win64; x64) AppleWebKit/537.36 (KHTML, like Gecko) HeadlessChrome/112.0.5614.0 Safari/537.36",
        "x-ms-client-request-id": "ce93b2da-2fb5-4498-9242-03522617c267",
        "x-ms-content-sha256": "47DEQpj8HBSa\u002B/TImW\u002B5JCeuQeRkm5NMpJWZG3hSuFU=",
        "x-ms-date": "Wed, 15 Nov 2023 01:00:48 GMT",
        "x-ms-useragent": "azsdk-js-communication-job-router-rest/1.0.0-beta.1 core-rest-pipeline/1.12.3 OS"
      },
      "RequestBody": null,
      "StatusCode": 409,
      "ResponseHeaders": {
        "api-supported-versions": "2021-04-07-preview1, 2022-07-18-preview, 2023-08-25-preview, 2023-11-01",
        "Connection": "keep-alive",
        "Content-Type": "application/json; charset=utf-8",
        "Date": "Wed, 15 Nov 2023 01:00:48 GMT",
        "Request-Context": "appId=",
        "trace-id": "e90f520e-94d7-bb48-e3a6-85ed0d58a3ae",
        "Transfer-Encoding": "chunked",
        "x-azure-ref": "20231115T010048Z-nmc9m15zv1071dte260c8qfav400000006b00000000257wm",
        "X-Cache": "CONFIG_NOCACHE"
      },
      "ResponseBody": {
        "communicationError": {
          "code": "Conflict",
          "message": "Validation failed: \r\n -- : There is active job with this queue\r\n -- : There is classification policy with this queue as fallback queue",
          "target": "/routing/queues/test-a-queue-recorded-jobs"
        }
      }
    }
  ],
  "Variables": {}
}
