{
  "Entries": [
    {
      "RequestUri": "https://endpoint/routing/distributionPolicies/test-d-policy-recorded-workers?api-version=2022-07-18-preview",
      "RequestMethod": "PATCH",
      "RequestHeaders": {
        "Accept": "application/json",
        "Accept-Encoding": "gzip,deflate",
        "Authorization": "Sanitized",
        "Connection": "keep-alive",
        "Content-Length": "157",
        "Content-Type": "application/merge-patch\u002Bjson",
        "User-Agent": "azsdk-js-communication-job-router/V2022-07-18-preview azsdk-js-communication-job-router/1.0.0-beta.1 core-rest-pipeline/1.11.1 Node/v16.16.0 OS/(x64-Windows_NT-10.0.22621)",
        "x-ms-client-request-id": "95bdf407-5d65-4058-8252-392a63a5cf7f",
        "x-ms-content-sha256": "iRU4FoF\u002BSHDyek4I2mTj9UxqfsCodrYA4ivTcF4xVFQ=",
        "x-ms-date": "Fri, 21 Jul 2023 05:46:22 GMT"
      },
      "RequestBody": {
        "name": "test-d-policy",
        "offerExpiresAfterSeconds": 60,
        "mode": {
          "kind": "longest-idle",
          "minConcurrentOffers": 1,
          "maxConcurrentOffers": 5,
          "bypassSelectors": false
        }
      },
      "StatusCode": 201,
      "ResponseHeaders": {
        "api-supported-versions": "2021-04-07-preview1, 2022-07-18-preview",
        "Connection": "keep-alive",
        "Content-Type": "application/json; charset=utf-8",
        "Date": "Fri, 21 Jul 2023 05:46:23 GMT",
        "ETag": "\u00220800685a-0000-0700-0000-64ba1baf0000\u0022",
        "Last-Modified": "Fri, 21 Jul 2023 05:46:23 GMT",
        "trace-id": "ce2f68c8-b39c-0ce5-7dfb-de3533c654ee",
        "Transfer-Encoding": "chunked",
        "x-azure-ref": "20230721T054623Z-mb4c8vp0qd29zaa8d7ctn3cngw00000000tg000000007hhy",
        "X-Cache": "CONFIG_NOCACHE"
      },
      "ResponseBody": {
        "id": "test-d-policy-recorded-workers",
        "name": "test-d-policy",
        "offerExpiresAfterSeconds": 60,
        "mode": {
          "kind": "longest-idle",
          "minConcurrentOffers": 1,
          "maxConcurrentOffers": 5,
          "bypassSelectors": false
        }
      }
    },
    {
      "RequestUri": "https://endpoint/routing/exceptionPolicies/test-e-policy-recorded-workers?api-version=2022-07-18-preview",
      "RequestMethod": "PATCH",
      "RequestHeaders": {
        "Accept": "application/json",
        "Accept-Encoding": "gzip,deflate",
        "Authorization": "Sanitized",
        "Connection": "keep-alive",
        "Content-Length": "205",
        "Content-Type": "application/merge-patch\u002Bjson",
        "User-Agent": "azsdk-js-communication-job-router/V2022-07-18-preview azsdk-js-communication-job-router/1.0.0-beta.1 core-rest-pipeline/1.11.1 Node/v16.16.0 OS/(x64-Windows_NT-10.0.22621)",
        "x-ms-client-request-id": "74608780-108d-4a6c-8323-b158234d0adb",
        "x-ms-content-sha256": "DnPGZm8GTFJTh0d1bEHun9/03VZVF0xo\u002BzuWvPJk3V0=",
        "x-ms-date": "Fri, 21 Jul 2023 05:46:23 GMT"
      },
      "RequestBody": {
        "name": "test-e-policy",
        "exceptionRules": {
          "MaxWaitTimeExceededCancel": {
            "trigger": {
              "kind": "wait-time",
              "thresholdSeconds": 10
            },
            "actions": {
              "Cancel": {
                "kind": "cancel",
                "note": "wait time exceeded; cancelling"
              }
            }
          }
        }
      },
      "StatusCode": 201,
      "ResponseHeaders": {
        "api-supported-versions": "2021-04-07-preview1, 2022-07-18-preview",
        "Connection": "keep-alive",
        "Content-Type": "application/json; charset=utf-8",
        "Date": "Fri, 21 Jul 2023 05:46:23 GMT",
        "ETag": "\u00220200e8fd-0000-0700-0000-64ba1baf0000\u0022",
        "Last-Modified": "Fri, 21 Jul 2023 05:46:23 GMT",
        "trace-id": "b1fb9984-0bf9-eeba-e3d8-9782665f46f2",
        "Transfer-Encoding": "chunked",
        "x-azure-ref": "20230721T054623Z-mb4c8vp0qd29zaa8d7ctn3cngw00000000tg000000007hkd",
        "X-Cache": "CONFIG_NOCACHE"
      },
      "ResponseBody": {
        "id": "test-e-policy-recorded-workers",
        "name": "test-e-policy",
        "exceptionRules": {
          "MaxWaitTimeExceededCancel": {
            "trigger": {
              "kind": "wait-time",
              "thresholdSeconds": 10
            },
            "actions": {
              "Cancel": {
                "kind": "cancel",
                "note": "wait time exceeded; cancelling"
              }
            }
          }
        }
      }
    },
    {
      "RequestUri": "https://endpoint/routing/queues/test-queue-recorded-workers?api-version=2022-07-18-preview",
      "RequestMethod": "PATCH",
      "RequestHeaders": {
        "Accept": "application/json",
        "Accept-Encoding": "gzip,deflate",
        "Authorization": "Sanitized",
        "Connection": "keep-alive",
        "Content-Length": "142",
        "Content-Type": "application/merge-patch\u002Bjson",
        "User-Agent": "azsdk-js-communication-job-router/V2022-07-18-preview azsdk-js-communication-job-router/1.0.0-beta.1 core-rest-pipeline/1.11.1 Node/v16.16.0 OS/(x64-Windows_NT-10.0.22621)",
        "x-ms-client-request-id": "2d33e793-d9d1-42be-b174-35f75a8e5b95",
        "x-ms-content-sha256": "7nsVolM/cUVjElXqyP\u002Bwu7NdfddPVLnVXAEuQwvpBeE=",
        "x-ms-date": "Fri, 21 Jul 2023 05:46:23 GMT"
      },
      "RequestBody": {
        "name": "test-queue",
        "distributionPolicyId": "test-d-policy-recorded-workers",
        "labels": {},
        "exceptionPolicyId": "test-e-policy-recorded-workers"
      },
      "StatusCode": 200,
      "ResponseHeaders": {
        "api-supported-versions": "2021-04-07-preview1, 2022-07-18-preview",
        "Connection": "keep-alive",
        "Content-Type": "application/json; charset=utf-8",
        "Date": "Fri, 21 Jul 2023 05:46:23 GMT",
        "ETag": "\u00220200b564-0000-0700-0000-64ba1baf0000\u0022",
        "Last-Modified": "Fri, 21 Jul 2023 05:46:23 GMT",
        "trace-id": "9538edd6-0b47-c969-6294-d36d60b968fc",
        "Transfer-Encoding": "chunked",
        "x-azure-ref": "20230721T054623Z-mb4c8vp0qd29zaa8d7ctn3cngw00000000tg000000007hky",
        "X-Cache": "CONFIG_NOCACHE"
      },
      "ResponseBody": {
        "id": "test-queue-recorded-workers",
        "name": "test-queue",
        "distributionPolicyId": "test-d-policy-recorded-workers",
        "labels": {
          "Id": "test-queue-recorded-workers"
        },
        "exceptionPolicyId": "test-e-policy-recorded-workers"
      }
    },
    {
      "RequestUri": "https://endpoint/routing/workers/test-worker-recorded-workers?api-version=2022-07-18-preview",
      "RequestMethod": "PATCH",
      "RequestHeaders": {
        "Accept": "application/json",
        "Accept-Encoding": "gzip,deflate",
        "Authorization": "Sanitized",
        "Connection": "keep-alive",
        "Content-Length": "178",
        "Content-Type": "application/merge-patch\u002Bjson",
        "User-Agent": "azsdk-js-communication-job-router/V2022-07-18-preview azsdk-js-communication-job-router/1.0.0-beta.1 core-rest-pipeline/1.11.1 Node/v16.16.0 OS/(x64-Windows_NT-10.0.22621)",
        "x-ms-client-request-id": "b16e3af8-43d2-43cb-b39a-300d6824b854",
        "x-ms-content-sha256": "4Ft8NxPglmr0bbtGoSey86x\u002Baj1GKSvKsamhjCZ30AU=",
        "x-ms-date": "Fri, 21 Jul 2023 05:46:23 GMT"
      },
      "RequestBody": {
        "queueAssignments": {
          "test-queue-recorded-workers": {}
        },
        "totalCapacity": 1,
        "labels": {},
        "channelConfigurations": {
          "test-channel": {
            "capacityCostPerJob": 1
          }
        },
        "availableForOffers": false
      },
      "StatusCode": 201,
      "ResponseHeaders": {
        "api-supported-versions": "2021-04-07-preview1, 2022-07-18-preview",
        "Connection": "keep-alive",
        "Content-Type": "application/json; charset=utf-8",
        "Date": "Fri, 21 Jul 2023 05:46:23 GMT",
        "ETag": "\u002200000000-0000-0000-dd4d-55d1ad89db08\u0022",
        "Last-Modified": "Fri, 21 Jul 2023 05:46:23 GMT",
        "trace-id": "ed44c5e2-a1b6-2242-a8e5-f4afc5116923",
        "Transfer-Encoding": "chunked",
        "x-azure-ref": "20230721T054623Z-mb4c8vp0qd29zaa8d7ctn3cngw00000000tg000000007hmf",
        "X-Cache": "CONFIG_NOCACHE"
      },
      "ResponseBody": {
        "id": "test-worker-recorded-workers",
        "state": "inactive",
        "queueAssignments": {
          "test-queue-recorded-workers": {}
        },
        "totalCapacity": 1,
        "labels": {
          "Id": "test-worker-recorded-workers"
        },
        "tags": {},
        "channelConfigurations": {
          "test-channel": {
            "capacityCostPerJob": 1
          }
        },
        "offers": [],
        "assignedJobs": [],
        "loadRatio": 0,
        "availableForOffers": false
      }
    },
    {
      "RequestUri": "https://endpoint/routing/workers/test-worker-recorded-workers?api-version=2022-07-18-preview",
      "RequestMethod": "GET",
      "RequestHeaders": {
        "Accept": "application/json",
        "Accept-Encoding": "gzip,deflate",
        "Authorization": "Sanitized",
        "Connection": "keep-alive",
        "User-Agent": "azsdk-js-communication-job-router/V2022-07-18-preview azsdk-js-communication-job-router/1.0.0-beta.1 core-rest-pipeline/1.11.1 Node/v16.16.0 OS/(x64-Windows_NT-10.0.22621)",
        "x-ms-client-request-id": "5fa98ddb-102c-42b3-8dc1-1acc044418d5",
        "x-ms-content-sha256": "47DEQpj8HBSa\u002B/TImW\u002B5JCeuQeRkm5NMpJWZG3hSuFU=",
        "x-ms-date": "Fri, 21 Jul 2023 05:46:23 GMT"
      },
      "RequestBody": null,
      "StatusCode": 200,
      "ResponseHeaders": {
        "api-supported-versions": "2021-04-07-preview1, 2022-07-18-preview",
        "Connection": "keep-alive",
        "Content-Type": "application/json; charset=utf-8",
        "Date": "Fri, 21 Jul 2023 05:46:23 GMT",
        "ETag": "\u002200000000-0000-0000-dd4d-55d1ad89db08\u0022",
        "Last-Modified": "Fri, 21 Jul 2023 05:46:23 GMT",
        "trace-id": "2cadc97a-3bcd-0687-ace0-61ac0d46454d",
        "Transfer-Encoding": "chunked",
        "x-azure-ref": "20230721T054623Z-mb4c8vp0qd29zaa8d7ctn3cngw00000000tg000000007hna",
        "X-Cache": "CONFIG_NOCACHE"
      },
      "ResponseBody": {
        "id": "test-worker-recorded-workers",
        "state": "inactive",
        "queueAssignments": {
          "test-queue-recorded-workers": {}
        },
        "totalCapacity": 1,
        "labels": {
          "Id": "test-worker-recorded-workers"
        },
        "tags": {},
        "channelConfigurations": {
          "test-channel": {
            "capacityCostPerJob": 1
          }
        },
        "offers": [],
        "assignedJobs": [],
        "loadRatio": 0,
        "availableForOffers": false
      }
    },
    {
      "RequestUri": "https://endpoint/routing/workers/test-worker-recorded-workers?api-version=2022-07-18-preview",
      "RequestMethod": "DELETE",
      "RequestHeaders": {
        "Accept": "application/json",
        "Accept-Encoding": "gzip,deflate",
        "Authorization": "Sanitized",
        "Connection": "keep-alive",
        "User-Agent": "azsdk-js-communication-job-router/V2022-07-18-preview azsdk-js-communication-job-router/1.0.0-beta.1 core-rest-pipeline/1.11.1 Node/v16.16.0 OS/(x64-Windows_NT-10.0.22621)",
        "x-ms-client-request-id": "b70c8b94-60a9-4e2f-aa91-499af75c76b2",
        "x-ms-content-sha256": "47DEQpj8HBSa\u002B/TImW\u002B5JCeuQeRkm5NMpJWZG3hSuFU=",
        "x-ms-date": "Fri, 21 Jul 2023 05:46:23 GMT"
      },
      "RequestBody": null,
      "StatusCode": 204,
      "ResponseHeaders": {
        "api-supported-versions": "2021-04-07-preview1, 2022-07-18-preview",
        "Connection": "keep-alive",
        "Date": "Fri, 21 Jul 2023 05:46:24 GMT",
        "trace-id": "ed123ba4-2f87-1df2-397c-9672e3156349",
        "x-azure-ref": "20230721T054623Z-mb4c8vp0qd29zaa8d7ctn3cngw00000000tg000000007hnt",
        "X-Cache": "CONFIG_NOCACHE"
      },
      "ResponseBody": null
    },
    {
      "RequestUri": "https://endpoint/routing/queues/test-queue-recorded-workers?api-version=2022-07-18-preview",
      "RequestMethod": "DELETE",
      "RequestHeaders": {
        "Accept": "application/json",
        "Accept-Encoding": "gzip,deflate",
        "Authorization": "Sanitized",
        "Connection": "keep-alive",
        "User-Agent": "azsdk-js-communication-job-router/V2022-07-18-preview azsdk-js-communication-job-router/1.0.0-beta.1 core-rest-pipeline/1.11.1 Node/v16.16.0 OS/(x64-Windows_NT-10.0.22621)",
        "x-ms-client-request-id": "757b5f10-3750-428e-a7a9-ce9125914d3f",
        "x-ms-content-sha256": "47DEQpj8HBSa\u002B/TImW\u002B5JCeuQeRkm5NMpJWZG3hSuFU=",
        "x-ms-date": "Fri, 21 Jul 2023 05:46:23 GMT"
      },
      "RequestBody": null,
      "StatusCode": 204,
      "ResponseHeaders": {
        "api-supported-versions": "2021-04-07-preview1, 2022-07-18-preview",
        "Connection": "keep-alive",
        "Date": "Fri, 21 Jul 2023 05:46:24 GMT",
        "trace-id": "6397e82d-f02e-6fde-2883-bb3dd32e55b2",
        "x-azure-ref": "20230721T054624Z-mb4c8vp0qd29zaa8d7ctn3cngw00000000tg000000007hp8",
        "X-Cache": "CONFIG_NOCACHE"
      },
      "ResponseBody": null
    },
    {
      "RequestUri": "https://endpoint/routing/exceptionPolicies/test-e-policy-recorded-workers?api-version=2022-07-18-preview",
      "RequestMethod": "DELETE",
      "RequestHeaders": {
        "Accept": "application/json",
        "Accept-Encoding": "gzip,deflate",
        "Authorization": "Sanitized",
        "Connection": "keep-alive",
        "User-Agent": "azsdk-js-communication-job-router/V2022-07-18-preview azsdk-js-communication-job-router/1.0.0-beta.1 core-rest-pipeline/1.11.1 Node/v16.16.0 OS/(x64-Windows_NT-10.0.22621)",
        "x-ms-client-request-id": "3b6032c6-49c2-4c67-9bfb-2a0ab09cc2fc",
        "x-ms-content-sha256": "47DEQpj8HBSa\u002B/TImW\u002B5JCeuQeRkm5NMpJWZG3hSuFU=",
        "x-ms-date": "Fri, 21 Jul 2023 05:46:23 GMT"
      },
      "RequestBody": null,
      "StatusCode": 204,
      "ResponseHeaders": {
        "api-supported-versions": "2021-04-07-preview1, 2022-07-18-preview",
        "Connection": "keep-alive",
        "Date": "Fri, 21 Jul 2023 05:46:24 GMT",
        "trace-id": "5d425c75-b234-9c58-4a56-daf254eda7ea",
        "x-azure-ref": "20230721T054624Z-mb4c8vp0qd29zaa8d7ctn3cngw00000000tg000000007hpn",
        "X-Cache": "CONFIG_NOCACHE"
      },
      "ResponseBody": null
    },
    {
      "RequestUri": "https://endpoint/routing/distributionPolicies/test-d-policy-recorded-workers?api-version=2022-07-18-preview",
      "RequestMethod": "DELETE",
      "RequestHeaders": {
        "Accept": "application/json",
        "Accept-Encoding": "gzip,deflate",
        "Authorization": "Sanitized",
        "Connection": "keep-alive",
        "User-Agent": "azsdk-js-communication-job-router/V2022-07-18-preview azsdk-js-communication-job-router/1.0.0-beta.1 core-rest-pipeline/1.11.1 Node/v16.16.0 OS/(x64-Windows_NT-10.0.22621)",
        "x-ms-client-request-id": "d1261829-032c-4218-87cb-aaa2e96a1388",
        "x-ms-content-sha256": "47DEQpj8HBSa\u002B/TImW\u002B5JCeuQeRkm5NMpJWZG3hSuFU=",
        "x-ms-date": "Fri, 21 Jul 2023 05:46:23 GMT"
      },
      "RequestBody": null,
      "StatusCode": 204,
      "ResponseHeaders": {
        "api-supported-versions": "2021-04-07-preview1, 2022-07-18-preview",
        "Connection": "keep-alive",
        "Date": "Fri, 21 Jul 2023 05:46:24 GMT",
        "trace-id": "31578ef5-72db-4f5b-e858-439ab8515735",
        "x-azure-ref": "20230721T054624Z-mb4c8vp0qd29zaa8d7ctn3cngw00000000tg000000007hq1",
        "X-Cache": "CONFIG_NOCACHE"
      },
      "ResponseBody": null
    }
  ],
  "Variables": {}
}
