{
  "Entries": [
    {
      "RequestUri": "https://fakestorageaccount.blob.core.windows.net/container167485778111101594?restype=container",
      "RequestMethod": "PUT",
      "RequestHeaders": {
        "Accept": "application/xml",
        "Authorization": "Sanitized",
        "Connection": "keep-alive",
        "Content-Length": "0",
        "User-Agent": "azsdk-js-azure-storage-blob/12.13.0 core-rest-pipeline/1.10.2 Node/v16.18.0 OS/(x64-Linux-5.4.0-1100-azure)",
        "x-ms-client-request-id": "484057f9-a7c0-4085-a25d-f9c827a1fa48",
        "x-ms-date": "Fri, 27 Jan 2023 22:16:21 GMT",
        "x-ms-version": "2021-12-02"
      },
      "RequestBody": null,
      "StatusCode": 201,
      "ResponseHeaders": {
        "Content-Length": "0",
        "Date": "Fri, 27 Jan 2023 22:16:20 GMT",
        "ETag": "\u00220x8DB00B41EA6A19E\u0022",
        "Last-Modified": "Fri, 27 Jan 2023 22:16:21 GMT",
        "Server": [
          "Windows-Azure-Blob/1.0",
          "Microsoft-HTTPAPI/2.0"
        ],
        "x-ms-client-request-id": "484057f9-a7c0-4085-a25d-f9c827a1fa48",
        "x-ms-request-id": "346c25ba-001e-002b-559c-324a7d000000",
        "x-ms-version": "2021-12-02"
      },
      "ResponseBody": null
    },
    {
      "RequestUri": "https://fakestorageaccount.blob.core.windows.net/container167485778111101594?restype=container\u0026comp=metadata",
      "RequestMethod": "PUT",
      "RequestHeaders": {
        "Accept": "application/xml",
        "Authorization": "Sanitized",
        "Connection": "keep-alive",
        "Content-Length": "0",
        "User-Agent": "azsdk-js-azure-storage-blob/12.13.0 core-rest-pipeline/1.10.2 Node/v16.18.0 OS/(x64-Linux-5.4.0-1100-azure)",
        "x-ms-client-request-id": "74c5b71f-7581-4f3f-acc3-f820e1fac0bc",
        "x-ms-date": "Fri, 27 Jan 2023 22:16:21 GMT",
        "x-ms-meta-key0": "val0",
        "x-ms-meta-keya": "vala",
        "x-ms-meta-keyb": "valb",
        "x-ms-version": "2021-12-02"
      },
      "RequestBody": null,
      "StatusCode": 200,
      "ResponseHeaders": {
        "Content-Length": "0",
        "Date": "Fri, 27 Jan 2023 22:16:21 GMT",
        "ETag": "\u00220x8DB00B41EB32CFA\u0022",
        "Last-Modified": "Fri, 27 Jan 2023 22:16:21 GMT",
        "Server": [
          "Windows-Azure-Blob/1.0",
          "Microsoft-HTTPAPI/2.0"
        ],
        "x-ms-client-request-id": "74c5b71f-7581-4f3f-acc3-f820e1fac0bc",
        "x-ms-request-id": "346c264e-001e-002b-649c-324a7d000000",
        "x-ms-version": "2021-12-02"
      },
      "ResponseBody": null
    },
    {
      "RequestUri": "https://fakestorageaccount.blob.core.windows.net/container167485778111101594?restype=container",
      "RequestMethod": "GET",
      "RequestHeaders": {
        "Accept": "application/xml",
        "Authorization": "Sanitized",
        "Connection": "keep-alive",
        "User-Agent": "azsdk-js-azure-storage-blob/12.13.0 core-rest-pipeline/1.10.2 Node/v16.18.0 OS/(x64-Linux-5.4.0-1100-azure)",
        "x-ms-client-request-id": "4da5461b-845d-4b48-925a-dfc8950fb6f3",
        "x-ms-date": "Fri, 27 Jan 2023 22:16:21 GMT",
        "x-ms-version": "2021-12-02"
      },
      "RequestBody": null,
      "StatusCode": 200,
      "ResponseHeaders": {
        "Access-Control-Allow-Origin": "*",
        "Access-Control-Expose-Headers": "x-ms-request-id,x-ms-client-request-id,Server,x-ms-version,x-ms-meta-key0,x-ms-meta-keya,x-ms-meta-keyb,Last-Modified,ETag,x-ms-lease-status,x-ms-lease-state,x-ms-has-immutability-policy,x-ms-has-legal-hold,x-ms-immutable-storage-with-versioning-enabled,x-ms-default-encryption-scope,x-ms-deny-encryption-scope-override,Content-Length,Date,Transfer-Encoding",
        "Content-Length": "0",
        "Date": "Fri, 27 Jan 2023 22:16:21 GMT",
        "ETag": "\u00220x8DB00B41EB32CFA\u0022",
        "Last-Modified": "Fri, 27 Jan 2023 22:16:21 GMT",
        "Server": [
          "Windows-Azure-Blob/1.0",
          "Microsoft-HTTPAPI/2.0"
        ],
        "x-ms-client-request-id": "4da5461b-845d-4b48-925a-dfc8950fb6f3",
        "x-ms-default-encryption-scope": "$account-encryption-key",
        "x-ms-deny-encryption-scope-override": "false",
        "x-ms-has-immutability-policy": "false",
        "x-ms-has-legal-hold": "false",
        "x-ms-immutable-storage-with-versioning-enabled": "false",
        "x-ms-lease-state": "available",
        "x-ms-lease-status": "unlocked",
        "x-ms-meta-key0": "val0",
        "x-ms-meta-keya": "vala",
        "x-ms-meta-keyb": "valb",
        "x-ms-request-id": "346c271e-001e-002b-269c-324a7d000000",
        "x-ms-version": "2021-12-02"
      },
      "ResponseBody": null
    },
    {
      "RequestUri": "https://fakestorageaccount.blob.core.windows.net/container167485778111101594?restype=container",
      "RequestMethod": "DELETE",
      "RequestHeaders": {
        "Accept": "application/xml",
        "Authorization": "Sanitized",
        "Connection": "keep-alive",
        "User-Agent": "azsdk-js-azure-storage-blob/12.13.0 core-rest-pipeline/1.10.2 Node/v16.18.0 OS/(x64-Linux-5.4.0-1100-azure)",
        "x-ms-client-request-id": "dcb2435c-a6e2-44b7-a5ab-ec21febe05cc",
        "x-ms-date": "Fri, 27 Jan 2023 22:16:21 GMT",
        "x-ms-version": "2021-12-02"
      },
      "RequestBody": null,
      "StatusCode": 202,
      "ResponseHeaders": {
        "Content-Length": "0",
        "Date": "Fri, 27 Jan 2023 22:16:21 GMT",
        "Server": [
          "Windows-Azure-Blob/1.0",
          "Microsoft-HTTPAPI/2.0"
        ],
        "x-ms-client-request-id": "dcb2435c-a6e2-44b7-a5ab-ec21febe05cc",
        "x-ms-request-id": "346c27b4-001e-002b-2e9c-324a7d000000",
        "x-ms-version": "2021-12-02"
      },
      "ResponseBody": null
    }
  ],
  "Variables": {
    "container": "container167485778111101594"
  }
}
