{
  "Entries": [
    {
      "RequestUri": "https://fakestorageaccount.blob.core.windows.net/container167485779553800141?restype=container",
      "RequestMethod": "PUT",
      "RequestHeaders": {
        "Accept": "application/xml",
        "Authorization": "Sanitized",
        "Connection": "keep-alive",
        "Content-Length": "0",
        "User-Agent": "azsdk-js-azure-storage-blob/12.13.0 core-rest-pipeline/1.10.2 Node/v16.18.0 OS/(x64-Linux-5.4.0-1100-azure)",
        "x-ms-client-request-id": "78e34674-0b77-40b5-b314-c87af7ee714a",
        "x-ms-date": "Fri, 27 Jan 2023 22:16:35 GMT",
        "x-ms-version": "2021-12-02"
      },
      "RequestBody": null,
      "StatusCode": 201,
      "ResponseHeaders": {
        "Content-Length": "0",
        "Date": "Fri, 27 Jan 2023 22:16:35 GMT",
        "ETag": "\u00220x8DB00B42743A77B\u0022",
        "Last-Modified": "Fri, 27 Jan 2023 22:16:35 GMT",
        "Server": [
          "Windows-Azure-Blob/1.0",
          "Microsoft-HTTPAPI/2.0"
        ],
        "x-ms-client-request-id": "78e34674-0b77-40b5-b314-c87af7ee714a",
        "x-ms-request-id": "346c8c18-001e-002b-359d-324a7d000000",
        "x-ms-version": "2021-12-02"
      },
      "ResponseBody": null
    },
    {
      "RequestUri": "https://fakestorageaccount.blob.core.windows.net/container167485779553800141/prefix167485779563407895/blockblob1674857795634020850",
      "RequestMethod": "PUT",
      "RequestHeaders": {
        "Accept": "application/xml",
        "Authorization": "Sanitized",
        "Connection": "keep-alive",
        "Content-Length": "0",
        "Content-Type": "application/octet-stream",
        "User-Agent": "azsdk-js-azure-storage-blob/12.13.0 core-rest-pipeline/1.10.2 Node/v16.18.0 OS/(x64-Linux-5.4.0-1100-azure)",
        "x-ms-blob-type": "BlockBlob",
        "x-ms-client-request-id": "a76dbb76-4747-464a-b040-e9d6716e876d",
        "x-ms-date": "Fri, 27 Jan 2023 22:16:35 GMT",
        "x-ms-meta-keya": "a",
        "x-ms-meta-keyb": "c",
        "x-ms-version": "2021-12-02"
      },
      "RequestBody": null,
      "StatusCode": 201,
      "ResponseHeaders": {
        "Content-Length": "0",
        "Content-MD5": "1B2M2Y8AsgTpgAmY7PhCfg==",
        "Date": "Fri, 27 Jan 2023 22:16:35 GMT",
        "ETag": "\u00220x8DB00B4274F398A\u0022",
        "Last-Modified": "Fri, 27 Jan 2023 22:16:35 GMT",
        "Server": [
          "Windows-Azure-Blob/1.0",
          "Microsoft-HTTPAPI/2.0"
        ],
        "x-ms-client-request-id": "a76dbb76-4747-464a-b040-e9d6716e876d",
        "x-ms-content-crc64": "AAAAAAAAAAA=",
        "x-ms-request-id": "346c8c9e-001e-002b-329d-324a7d000000",
        "x-ms-request-server-encrypted": "true",
        "x-ms-version": "2021-12-02",
        "x-ms-version-id": "2023-01-27T22:16:35.6673930Z"
      },
      "ResponseBody": null
    },
    {
      "RequestUri": "https://fakestorageaccount.blob.core.windows.net/container167485779553800141/prefix167485779563407895/blockblob1674857795634020851",
      "RequestMethod": "PUT",
      "RequestHeaders": {
        "Accept": "application/xml",
        "Authorization": "Sanitized",
        "Connection": "keep-alive",
        "Content-Length": "0",
        "Content-Type": "application/octet-stream",
        "User-Agent": "azsdk-js-azure-storage-blob/12.13.0 core-rest-pipeline/1.10.2 Node/v16.18.0 OS/(x64-Linux-5.4.0-1100-azure)",
        "x-ms-blob-type": "BlockBlob",
        "x-ms-client-request-id": "8ca8fd1c-1b4d-42ee-8281-f85869f0e9bd",
        "x-ms-date": "Fri, 27 Jan 2023 22:16:35 GMT",
        "x-ms-meta-keya": "a",
        "x-ms-meta-keyb": "c",
        "x-ms-version": "2021-12-02"
      },
      "RequestBody": null,
      "StatusCode": 201,
      "ResponseHeaders": {
        "Content-Length": "0",
        "Content-MD5": "1B2M2Y8AsgTpgAmY7PhCfg==",
        "Date": "Fri, 27 Jan 2023 22:16:35 GMT",
        "ETag": "\u00220x8DB00B4275A0D6F\u0022",
        "Last-Modified": "Fri, 27 Jan 2023 22:16:35 GMT",
        "Server": [
          "Windows-Azure-Blob/1.0",
          "Microsoft-HTTPAPI/2.0"
        ],
        "x-ms-client-request-id": "8ca8fd1c-1b4d-42ee-8281-f85869f0e9bd",
        "x-ms-content-crc64": "AAAAAAAAAAA=",
        "x-ms-request-id": "346c8d1f-001e-002b-2b9d-324a7d000000",
        "x-ms-request-server-encrypted": "true",
        "x-ms-version": "2021-12-02",
        "x-ms-version-id": "2023-01-27T22:16:35.7383535Z"
      },
      "ResponseBody": null
    },
    {
      "RequestUri": "https://fakestorageaccount.blob.core.windows.net/container167485779553800141/prefix167485779563407895/blockblob1674857795634020852",
      "RequestMethod": "PUT",
      "RequestHeaders": {
        "Accept": "application/xml",
        "Authorization": "Sanitized",
        "Connection": "keep-alive",
        "Content-Length": "0",
        "Content-Type": "application/octet-stream",
        "User-Agent": "azsdk-js-azure-storage-blob/12.13.0 core-rest-pipeline/1.10.2 Node/v16.18.0 OS/(x64-Linux-5.4.0-1100-azure)",
        "x-ms-blob-type": "BlockBlob",
        "x-ms-client-request-id": "c47e22d3-5f9b-4cb3-9a45-9833f8766be7",
        "x-ms-date": "Fri, 27 Jan 2023 22:16:35 GMT",
        "x-ms-meta-keya": "a",
        "x-ms-meta-keyb": "c",
        "x-ms-version": "2021-12-02"
      },
      "RequestBody": null,
      "StatusCode": 201,
      "ResponseHeaders": {
        "Content-Length": "0",
        "Content-MD5": "1B2M2Y8AsgTpgAmY7PhCfg==",
        "Date": "Fri, 27 Jan 2023 22:16:35 GMT",
        "ETag": "\u00220x8DB00B42764BA41\u0022",
        "Last-Modified": "Fri, 27 Jan 2023 22:16:35 GMT",
        "Server": [
          "Windows-Azure-Blob/1.0",
          "Microsoft-HTTPAPI/2.0"
        ],
        "x-ms-client-request-id": "c47e22d3-5f9b-4cb3-9a45-9833f8766be7",
        "x-ms-content-crc64": "AAAAAAAAAAA=",
        "x-ms-request-id": "346c8da0-001e-002b-219d-324a7d000000",
        "x-ms-request-server-encrypted": "true",
        "x-ms-version": "2021-12-02",
        "x-ms-version-id": "2023-01-27T22:16:35.8083137Z"
      },
      "ResponseBody": null
    },
    {
      "RequestUri": "https://fakestorageaccount.blob.core.windows.net/container167485779553800141/prefix167485779563407895/blockblob1674857795634020853",
      "RequestMethod": "PUT",
      "RequestHeaders": {
        "Accept": "application/xml",
        "Authorization": "Sanitized",
        "Connection": "keep-alive",
        "Content-Length": "0",
        "Content-Type": "application/octet-stream",
        "User-Agent": "azsdk-js-azure-storage-blob/12.13.0 core-rest-pipeline/1.10.2 Node/v16.18.0 OS/(x64-Linux-5.4.0-1100-azure)",
        "x-ms-blob-type": "BlockBlob",
        "x-ms-client-request-id": "7f39e5d2-5c29-4554-9c3d-1fb87d05d6a8",
        "x-ms-date": "Fri, 27 Jan 2023 22:16:35 GMT",
        "x-ms-meta-keya": "a",
        "x-ms-meta-keyb": "c",
        "x-ms-version": "2021-12-02"
      },
      "RequestBody": null,
      "StatusCode": 201,
      "ResponseHeaders": {
        "Content-Length": "0",
        "Content-MD5": "1B2M2Y8AsgTpgAmY7PhCfg==",
        "Date": "Fri, 27 Jan 2023 22:16:35 GMT",
        "ETag": "\u00220x8DB00B4276F6712\u0022",
        "Last-Modified": "Fri, 27 Jan 2023 22:16:35 GMT",
        "Server": [
          "Windows-Azure-Blob/1.0",
          "Microsoft-HTTPAPI/2.0"
        ],
        "x-ms-client-request-id": "7f39e5d2-5c29-4554-9c3d-1fb87d05d6a8",
        "x-ms-content-crc64": "AAAAAAAAAAA=",
        "x-ms-request-id": "346c8e22-001e-002b-1a9d-324a7d000000",
        "x-ms-request-server-encrypted": "true",
        "x-ms-version": "2021-12-02",
        "x-ms-version-id": "2023-01-27T22:16:35.8782738Z"
      },
      "ResponseBody": null
    },
    {
      "RequestUri": "https://fakestorageaccount.blob.core.windows.net/container167485779553800141/prefix167485779563407895/blockblob1674857795634020854",
      "RequestMethod": "PUT",
      "RequestHeaders": {
        "Accept": "application/xml",
        "Authorization": "Sanitized",
        "Connection": "keep-alive",
        "Content-Length": "0",
        "Content-Type": "application/octet-stream",
        "User-Agent": "azsdk-js-azure-storage-blob/12.13.0 core-rest-pipeline/1.10.2 Node/v16.18.0 OS/(x64-Linux-5.4.0-1100-azure)",
        "x-ms-blob-type": "BlockBlob",
        "x-ms-client-request-id": "348cf439-15ef-41b0-aa4d-bd9b08628e75",
        "x-ms-date": "Fri, 27 Jan 2023 22:16:35 GMT",
        "x-ms-meta-keya": "a",
        "x-ms-meta-keyb": "c",
        "x-ms-version": "2021-12-02"
      },
      "RequestBody": null,
      "StatusCode": 201,
      "ResponseHeaders": {
        "Content-Length": "0",
        "Content-MD5": "1B2M2Y8AsgTpgAmY7PhCfg==",
        "Date": "Fri, 27 Jan 2023 22:16:35 GMT",
        "ETag": "\u00220x8DB00B4277A13E1\u0022",
        "Last-Modified": "Fri, 27 Jan 2023 22:16:35 GMT",
        "Server": [
          "Windows-Azure-Blob/1.0",
          "Microsoft-HTTPAPI/2.0"
        ],
        "x-ms-client-request-id": "348cf439-15ef-41b0-aa4d-bd9b08628e75",
        "x-ms-content-crc64": "AAAAAAAAAAA=",
        "x-ms-request-id": "346c8ea2-001e-002b-149d-324a7d000000",
        "x-ms-request-server-encrypted": "true",
        "x-ms-version": "2021-12-02",
        "x-ms-version-id": "2023-01-27T22:16:35.9482337Z"
      },
      "ResponseBody": null
    },
    {
      "RequestUri": "https://fakestorageaccount.blob.core.windows.net/container167485779553800141/prefix167485779563407895/blockblob1674857795634020855",
      "RequestMethod": "PUT",
      "RequestHeaders": {
        "Accept": "application/xml",
        "Authorization": "Sanitized",
        "Connection": "keep-alive",
        "Content-Length": "0",
        "Content-Type": "application/octet-stream",
        "User-Agent": "azsdk-js-azure-storage-blob/12.13.0 core-rest-pipeline/1.10.2 Node/v16.18.0 OS/(x64-Linux-5.4.0-1100-azure)",
        "x-ms-blob-type": "BlockBlob",
        "x-ms-client-request-id": "6dad6812-f589-408d-a271-8a946d63fd27",
        "x-ms-date": "Fri, 27 Jan 2023 22:16:35 GMT",
        "x-ms-meta-keya": "a",
        "x-ms-meta-keyb": "c",
        "x-ms-version": "2021-12-02"
      },
      "RequestBody": null,
      "StatusCode": 201,
      "ResponseHeaders": {
        "Content-Length": "0",
        "Content-MD5": "1B2M2Y8AsgTpgAmY7PhCfg==",
        "Date": "Fri, 27 Jan 2023 22:16:35 GMT",
        "ETag": "\u00220x8DB00B42784E7C2\u0022",
        "Last-Modified": "Fri, 27 Jan 2023 22:16:36 GMT",
        "Server": [
          "Windows-Azure-Blob/1.0",
          "Microsoft-HTTPAPI/2.0"
        ],
        "x-ms-client-request-id": "6dad6812-f589-408d-a271-8a946d63fd27",
        "x-ms-content-crc64": "AAAAAAAAAAA=",
        "x-ms-request-id": "346c8f3f-001e-002b-1f9d-324a7d000000",
        "x-ms-request-server-encrypted": "true",
        "x-ms-version": "2021-12-02",
        "x-ms-version-id": "2023-01-27T22:16:36.0191938Z"
      },
      "ResponseBody": null
    },
    {
      "RequestUri": "https://fakestorageaccount.blob.core.windows.net/container167485779553800141?comp=list\u0026restype=container\u0026include=metadata\u0026delimiter=%2F",
      "RequestMethod": "GET",
      "RequestHeaders": {
        "Accept": "application/xml",
        "Authorization": "Sanitized",
        "Connection": "keep-alive",
        "User-Agent": "azsdk-js-azure-storage-blob/12.13.0 core-rest-pipeline/1.10.2 Node/v16.18.0 OS/(x64-Linux-5.4.0-1100-azure)",
        "x-ms-client-request-id": "b985f40f-f7ff-4579-9057-ec7e3648ba7b",
        "x-ms-date": "Fri, 27 Jan 2023 22:16:36 GMT",
        "x-ms-version": "2021-12-02"
      },
      "RequestBody": null,
      "StatusCode": 200,
      "ResponseHeaders": {
        "Access-Control-Allow-Origin": "*",
        "Access-Control-Expose-Headers": "x-ms-request-id,x-ms-client-request-id,Server,x-ms-version,Content-Type,Content-Length,Date,Transfer-Encoding",
        "Content-Type": "application/xml",
        "Date": "Fri, 27 Jan 2023 22:16:35 GMT",
        "Server": [
          "Windows-Azure-Blob/1.0",
          "Microsoft-HTTPAPI/2.0"
        ],
        "Transfer-Encoding": "chunked",
        "x-ms-client-request-id": "b985f40f-f7ff-4579-9057-ec7e3648ba7b",
        "x-ms-request-id": "346c8fd7-001e-002b-269d-324a7d000000",
        "x-ms-version": "2021-12-02"
      },
      "ResponseBody": "\uFEFF\u003C?xml version=\u00221.0\u0022 encoding=\u0022utf-8\u0022?\u003E\u003CEnumerationResults ServiceEndpoint=\u0022https://fakestorageaccount.blob.core.windows.net/\u0022 ContainerName=\u0022container167485779553800141\u0022\u003E\u003CDelimiter\u003E/\u003C/Delimiter\u003E\u003CBlobs\u003E\u003CBlobPrefix\u003E\u003CName\u003Eprefix167485779563407895/\u003C/Name\u003E\u003C/BlobPrefix\u003E\u003C/Blobs\u003E\u003CNextMarker /\u003E\u003C/EnumerationResults\u003E"
    },
    {
      "RequestUri": "https://fakestorageaccount.blob.core.windows.net/container167485779553800141/prefix167485779563407895/blockblob1674857795634020850",
      "RequestMethod": "DELETE",
      "RequestHeaders": {
        "Accept": "application/xml",
        "Authorization": "Sanitized",
        "Connection": "keep-alive",
        "User-Agent": "azsdk-js-azure-storage-blob/12.13.0 core-rest-pipeline/1.10.2 Node/v16.18.0 OS/(x64-Linux-5.4.0-1100-azure)",
        "x-ms-client-request-id": "04734cd8-df5b-451b-a939-43ed57fca5ec",
        "x-ms-date": "Fri, 27 Jan 2023 22:16:36 GMT",
        "x-ms-version": "2021-12-02"
      },
      "RequestBody": null,
      "StatusCode": 202,
      "ResponseHeaders": {
        "Content-Length": "0",
        "Date": "Fri, 27 Jan 2023 22:16:35 GMT",
        "Server": [
          "Windows-Azure-Blob/1.0",
          "Microsoft-HTTPAPI/2.0"
        ],
        "x-ms-client-request-id": "04734cd8-df5b-451b-a939-43ed57fca5ec",
        "x-ms-delete-type-permanent": "false",
        "x-ms-request-id": "346c9057-001e-002b-1c9d-324a7d000000",
        "x-ms-version": "2021-12-02"
      },
      "ResponseBody": null
    },
    {
      "RequestUri": "https://fakestorageaccount.blob.core.windows.net/container167485779553800141/prefix167485779563407895/blockblob1674857795634020851",
      "RequestMethod": "DELETE",
      "RequestHeaders": {
        "Accept": "application/xml",
        "Authorization": "Sanitized",
        "Connection": "keep-alive",
        "User-Agent": "azsdk-js-azure-storage-blob/12.13.0 core-rest-pipeline/1.10.2 Node/v16.18.0 OS/(x64-Linux-5.4.0-1100-azure)",
        "x-ms-client-request-id": "a5da5ade-0037-488d-ba80-d349f85d9123",
        "x-ms-date": "Fri, 27 Jan 2023 22:16:36 GMT",
        "x-ms-version": "2021-12-02"
      },
      "RequestBody": null,
      "StatusCode": 202,
      "ResponseHeaders": {
        "Content-Length": "0",
        "Date": "Fri, 27 Jan 2023 22:16:36 GMT",
        "Server": [
          "Windows-Azure-Blob/1.0",
          "Microsoft-HTTPAPI/2.0"
        ],
        "x-ms-client-request-id": "a5da5ade-0037-488d-ba80-d349f85d9123",
        "x-ms-delete-type-permanent": "false",
        "x-ms-request-id": "346c90d2-001e-002b-0b9d-324a7d000000",
        "x-ms-version": "2021-12-02"
      },
      "ResponseBody": null
    },
    {
      "RequestUri": "https://fakestorageaccount.blob.core.windows.net/container167485779553800141/prefix167485779563407895/blockblob1674857795634020852",
      "RequestMethod": "DELETE",
      "RequestHeaders": {
        "Accept": "application/xml",
        "Authorization": "Sanitized",
        "Connection": "keep-alive",
        "User-Agent": "azsdk-js-azure-storage-blob/12.13.0 core-rest-pipeline/1.10.2 Node/v16.18.0 OS/(x64-Linux-5.4.0-1100-azure)",
        "x-ms-client-request-id": "36d72882-6a3e-4685-9d63-bf55c82fa727",
        "x-ms-date": "Fri, 27 Jan 2023 22:16:36 GMT",
        "x-ms-version": "2021-12-02"
      },
      "RequestBody": null,
      "StatusCode": 202,
      "ResponseHeaders": {
        "Content-Length": "0",
        "Date": "Fri, 27 Jan 2023 22:16:36 GMT",
        "Server": [
          "Windows-Azure-Blob/1.0",
          "Microsoft-HTTPAPI/2.0"
        ],
        "x-ms-client-request-id": "36d72882-6a3e-4685-9d63-bf55c82fa727",
        "x-ms-delete-type-permanent": "false",
        "x-ms-request-id": "346c9164-001e-002b-129d-324a7d000000",
        "x-ms-version": "2021-12-02"
      },
      "ResponseBody": null
    },
    {
      "RequestUri": "https://fakestorageaccount.blob.core.windows.net/container167485779553800141/prefix167485779563407895/blockblob1674857795634020853",
      "RequestMethod": "DELETE",
      "RequestHeaders": {
        "Accept": "application/xml",
        "Authorization": "Sanitized",
        "Connection": "keep-alive",
        "User-Agent": "azsdk-js-azure-storage-blob/12.13.0 core-rest-pipeline/1.10.2 Node/v16.18.0 OS/(x64-Linux-5.4.0-1100-azure)",
        "x-ms-client-request-id": "25719f43-2184-40db-aedb-f38507b6309e",
        "x-ms-date": "Fri, 27 Jan 2023 22:16:36 GMT",
        "x-ms-version": "2021-12-02"
      },
      "RequestBody": null,
      "StatusCode": 202,
      "ResponseHeaders": {
        "Content-Length": "0",
        "Date": "Fri, 27 Jan 2023 22:16:36 GMT",
        "Server": [
          "Windows-Azure-Blob/1.0",
          "Microsoft-HTTPAPI/2.0"
        ],
        "x-ms-client-request-id": "25719f43-2184-40db-aedb-f38507b6309e",
        "x-ms-delete-type-permanent": "false",
        "x-ms-request-id": "346c91e5-001e-002b-0e9d-324a7d000000",
        "x-ms-version": "2021-12-02"
      },
      "ResponseBody": null
    },
    {
      "RequestUri": "https://fakestorageaccount.blob.core.windows.net/container167485779553800141/prefix167485779563407895/blockblob1674857795634020854",
      "RequestMethod": "DELETE",
      "RequestHeaders": {
        "Accept": "application/xml",
        "Authorization": "Sanitized",
        "Connection": "keep-alive",
        "User-Agent": "azsdk-js-azure-storage-blob/12.13.0 core-rest-pipeline/1.10.2 Node/v16.18.0 OS/(x64-Linux-5.4.0-1100-azure)",
        "x-ms-client-request-id": "acca526c-66e9-4151-8438-70f4637894fa",
        "x-ms-date": "Fri, 27 Jan 2023 22:16:36 GMT",
        "x-ms-version": "2021-12-02"
      },
      "RequestBody": null,
      "StatusCode": 202,
      "ResponseHeaders": {
        "Content-Length": "0",
        "Date": "Fri, 27 Jan 2023 22:16:36 GMT",
        "Server": [
          "Windows-Azure-Blob/1.0",
          "Microsoft-HTTPAPI/2.0"
        ],
        "x-ms-client-request-id": "acca526c-66e9-4151-8438-70f4637894fa",
        "x-ms-delete-type-permanent": "false",
        "x-ms-request-id": "346c926d-001e-002b-099d-324a7d000000",
        "x-ms-version": "2021-12-02"
      },
      "ResponseBody": null
    },
    {
      "RequestUri": "https://fakestorageaccount.blob.core.windows.net/container167485779553800141/prefix167485779563407895/blockblob1674857795634020855",
      "RequestMethod": "DELETE",
      "RequestHeaders": {
        "Accept": "application/xml",
        "Authorization": "Sanitized",
        "Connection": "keep-alive",
        "User-Agent": "azsdk-js-azure-storage-blob/12.13.0 core-rest-pipeline/1.10.2 Node/v16.18.0 OS/(x64-Linux-5.4.0-1100-azure)",
        "x-ms-client-request-id": "a2f742e5-61e0-4d0e-abb3-bc773049fd43",
        "x-ms-date": "Fri, 27 Jan 2023 22:16:36 GMT",
        "x-ms-version": "2021-12-02"
      },
      "RequestBody": null,
      "StatusCode": 202,
      "ResponseHeaders": {
        "Content-Length": "0",
        "Date": "Fri, 27 Jan 2023 22:16:36 GMT",
        "Server": [
          "Windows-Azure-Blob/1.0",
          "Microsoft-HTTPAPI/2.0"
        ],
        "x-ms-client-request-id": "a2f742e5-61e0-4d0e-abb3-bc773049fd43",
        "x-ms-delete-type-permanent": "false",
        "x-ms-request-id": "346c931e-001e-002b-2b9d-324a7d000000",
        "x-ms-version": "2021-12-02"
      },
      "ResponseBody": null
    },
    {
      "RequestUri": "https://fakestorageaccount.blob.core.windows.net/container167485779553800141?restype=container",
      "RequestMethod": "DELETE",
      "RequestHeaders": {
        "Accept": "application/xml",
        "Authorization": "Sanitized",
        "Connection": "keep-alive",
        "User-Agent": "azsdk-js-azure-storage-blob/12.13.0 core-rest-pipeline/1.10.2 Node/v16.18.0 OS/(x64-Linux-5.4.0-1100-azure)",
        "x-ms-client-request-id": "4c501837-7f2d-4802-a773-9fb2de511711",
        "x-ms-date": "Fri, 27 Jan 2023 22:16:36 GMT",
        "x-ms-version": "2021-12-02"
      },
      "RequestBody": null,
      "StatusCode": 202,
      "ResponseHeaders": {
        "Content-Length": "0",
        "Date": "Fri, 27 Jan 2023 22:16:36 GMT",
        "Server": [
          "Windows-Azure-Blob/1.0",
          "Microsoft-HTTPAPI/2.0"
        ],
        "x-ms-client-request-id": "4c501837-7f2d-4802-a773-9fb2de511711",
        "x-ms-request-id": "346c93a9-001e-002b-2c9d-324a7d000000",
        "x-ms-version": "2021-12-02"
      },
      "ResponseBody": null
    }
  ],
  "Variables": {
    "blockblob": "blockblob167485779563402085",
    "container": "container167485779553800141",
    "prefix": "prefix167485779563407895"
  }
}
