{
  "Entries": [
    {
      "RequestUri": "https://endpoint/routing/distributionPolicies/test-d-policy-recorded-workers?api-version=2022-07-18-preview",
      "RequestMethod": "PATCH",
      "RequestHeaders": {
        "Accept": "application/json",
        "Accept-Encoding": "gzip, deflate, br",
        "Accept-Language": "en-GB",
        "Authorization": "Sanitized",
        "Connection": "keep-alive",
        "Content-Length": "148",
        "Content-Type": "application/merge-patch\u002Bjson",
        "Origin": "http://localhost:9876",
        "Referer": "http://localhost:9876/",
        "sec-ch-ua": "",
        "sec-ch-ua-mobile": "?0",
        "sec-ch-ua-platform": "\u0022\u0022",
        "Sec-Fetch-Dest": "empty",
        "Sec-Fetch-Mode": "cors",
        "Sec-Fetch-Site": "same-site",
        "User-Agent": "Mozilla/5.0 (Windows NT 10.0; Win64; x64) AppleWebKit/537.36 (KHTML, like Gecko) HeadlessChrome/112.0.5614.0 Safari/537.36",
        "x-ms-client-request-id": "4ad34612-afeb-4c72-b3a2-7dd6d21b756d",
        "x-ms-content-sha256": "oEbZ\u002BLnO9rcJU8qXPm2ndsjGGab8Qbu\u002B4rDEbZJPHJc=",
        "x-ms-date": "Fri, 12 May 2023 21:22:01 GMT",
        "x-ms-useragent": "azsdk-js-communication-job-router/V2022-07-18-preview azsdk-js-communication-job-router/1.0.0-beta.1 core-rest-pipeline/1.10.4 OS"
      },
      "RequestBody": {
        "name": "test-d-policy",
        "offerTtlSeconds": 60,
        "mode": {
          "kind": "longest-idle",
          "minConcurrentOffers": 1,
          "maxConcurrentOffers": 5,
          "bypassSelectors": false
        }
      },
      "StatusCode": 200,
      "ResponseHeaders": {
        "Access-Control-Allow-Credentials": "true",
        "Access-Control-Allow-Origin": "http://localhost:9876",
        "api-supported-versions": "2021-04-07-preview1, 2022-07-18-preview",
        "Content-Type": "application/json; charset=utf-8",
        "Date": "Fri, 12 May 2023 21:21:59 GMT",
        "ETag": "\u00221115ca40-0000-0700-0000-645eadf80000\u0022",
        "Last-Modified": "Fri, 12 May 2023 21:22:00 GMT",
        "trace-id": "b57c5def-a920-08ce-22d8-76728a800b1d",
        "Transfer-Encoding": "chunked",
        "X-Azure-Ref": "0\u002BK1eZAAAAAArFah14aFcQ7v9gBw3gwvhWVRPMjIxMDkwODE4MDI3ADlmYzdiNTE5LWE4Y2MtNGY4OS05MzVlLWM5MTQ4YWUwOWU4MQ==",
        "X-Cache": "CONFIG_NOCACHE"
      },
      "ResponseBody": {
        "id": "test-d-policy-recorded-workers",
        "name": "test-d-policy",
        "offerTtlSeconds": 60,
        "mode": {
          "kind": "longest-idle",
          "minConcurrentOffers": 1,
          "maxConcurrentOffers": 5,
          "bypassSelectors": false
        }
      }
    },
    {
      "RequestUri": "https://endpoint/routing/exceptionPolicies/test-e-policy-recorded-workers?api-version=2022-07-18-preview",
      "RequestMethod": "PATCH",
      "RequestHeaders": {
        "Accept": "application/json",
        "Accept-Encoding": "gzip, deflate, br",
        "Accept-Language": "en-GB",
        "Authorization": "Sanitized",
        "Connection": "keep-alive",
        "Content-Length": "205",
        "Content-Type": "application/merge-patch\u002Bjson",
        "Origin": "http://localhost:9876",
        "Referer": "http://localhost:9876/",
        "sec-ch-ua": "",
        "sec-ch-ua-mobile": "?0",
        "sec-ch-ua-platform": "\u0022\u0022",
        "Sec-Fetch-Dest": "empty",
        "Sec-Fetch-Mode": "cors",
        "Sec-Fetch-Site": "same-site",
        "User-Agent": "Mozilla/5.0 (Windows NT 10.0; Win64; x64) AppleWebKit/537.36 (KHTML, like Gecko) HeadlessChrome/112.0.5614.0 Safari/537.36",
        "x-ms-client-request-id": "d4834c48-1118-4c91-8c3a-c033aa124917",
        "x-ms-content-sha256": "DnPGZm8GTFJTh0d1bEHun9/03VZVF0xo\u002BzuWvPJk3V0=",
        "x-ms-date": "Fri, 12 May 2023 21:22:02 GMT",
        "x-ms-useragent": "azsdk-js-communication-job-router/V2022-07-18-preview azsdk-js-communication-job-router/1.0.0-beta.1 core-rest-pipeline/1.10.4 OS"
      },
      "RequestBody": {
        "name": "test-e-policy",
        "exceptionRules": {
          "MaxWaitTimeExceededCancel": {
            "trigger": {
              "kind": "wait-time",
              "thresholdSeconds": 10
            },
            "actions": {
              "Cancel": {
                "kind": "cancel",
                "note": "wait time exceeded; cancelling"
              }
            }
          }
        }
      },
      "StatusCode": 200,
      "ResponseHeaders": {
        "Access-Control-Allow-Credentials": "true",
        "Access-Control-Allow-Origin": "http://localhost:9876",
        "api-supported-versions": "2021-04-07-preview1, 2022-07-18-preview",
        "Content-Type": "application/json; charset=utf-8",
        "Date": "Fri, 12 May 2023 21:22:00 GMT",
        "ETag": "\u0022e3090f97-0000-0700-0000-645eadf90000\u0022",
        "Last-Modified": "Fri, 12 May 2023 21:22:01 GMT",
        "trace-id": "7f3e340a-5d38-9def-b9b7-11f53f929b77",
        "Transfer-Encoding": "chunked",
        "X-Azure-Ref": "0\u002BK1eZAAAAACXRMhk\u002BFpMSIrNr7dB8M\u002B0WVRPMjIxMDkwODE4MDI3ADlmYzdiNTE5LWE4Y2MtNGY4OS05MzVlLWM5MTQ4YWUwOWU4MQ==",
        "X-Cache": "CONFIG_NOCACHE"
      },
      "ResponseBody": {
        "id": "test-e-policy-recorded-workers",
        "name": "test-e-policy",
        "exceptionRules": {
          "MaxWaitTimeExceededCancel": {
            "trigger": {
              "kind": "wait-time",
              "thresholdSeconds": 10
            },
            "actions": {
              "Cancel": {
                "kind": "cancel",
                "note": "wait time exceeded; cancelling"
              }
            }
          }
        }
      }
    },
    {
      "RequestUri": "https://endpoint/routing/queues/test-queue-recorded-workers?api-version=2022-07-18-preview",
      "RequestMethod": "PATCH",
      "RequestHeaders": {
        "Accept": "application/json",
        "Accept-Encoding": "gzip, deflate, br",
        "Accept-Language": "en-GB",
        "Authorization": "Sanitized",
        "Connection": "keep-alive",
        "Content-Length": "142",
        "Content-Type": "application/merge-patch\u002Bjson",
        "Origin": "http://localhost:9876",
        "Referer": "http://localhost:9876/",
        "sec-ch-ua": "",
        "sec-ch-ua-mobile": "?0",
        "sec-ch-ua-platform": "\u0022\u0022",
        "Sec-Fetch-Dest": "empty",
        "Sec-Fetch-Mode": "cors",
        "Sec-Fetch-Site": "same-site",
        "User-Agent": "Mozilla/5.0 (Windows NT 10.0; Win64; x64) AppleWebKit/537.36 (KHTML, like Gecko) HeadlessChrome/112.0.5614.0 Safari/537.36",
        "x-ms-client-request-id": "f2eaeed7-2b9b-40b0-a10d-627df5f3ae79",
        "x-ms-content-sha256": "7nsVolM/cUVjElXqyP\u002Bwu7NdfddPVLnVXAEuQwvpBeE=",
        "x-ms-date": "Fri, 12 May 2023 21:22:02 GMT",
        "x-ms-useragent": "azsdk-js-communication-job-router/V2022-07-18-preview azsdk-js-communication-job-router/1.0.0-beta.1 core-rest-pipeline/1.10.4 OS"
      },
      "RequestBody": {
        "name": "test-queue",
        "distributionPolicyId": "test-d-policy-recorded-workers",
        "labels": {},
        "exceptionPolicyId": "test-e-policy-recorded-workers"
      },
      "StatusCode": 200,
      "ResponseHeaders": {
        "Access-Control-Allow-Credentials": "true",
        "Access-Control-Allow-Origin": "http://localhost:9876",
        "api-supported-versions": "2021-04-07-preview1, 2022-07-18-preview",
        "Content-Type": "application/json; charset=utf-8",
        "Date": "Fri, 12 May 2023 21:22:00 GMT",
        "ETag": "\u0022d400f2b7-0000-0700-0000-645eadf90000\u0022",
        "Last-Modified": "Fri, 12 May 2023 21:22:01 GMT",
        "trace-id": "2fefefb4-661d-de57-2504-54bf7bf868e3",
        "Transfer-Encoding": "chunked",
        "X-Azure-Ref": "0\u002Ba1eZAAAAAAp8eewDGemQauOdw6OzRZzWVRPMjIxMDkwODE4MDI3ADlmYzdiNTE5LWE4Y2MtNGY4OS05MzVlLWM5MTQ4YWUwOWU4MQ==",
        "X-Cache": "CONFIG_NOCACHE"
      },
      "ResponseBody": {
        "id": "test-queue-recorded-workers",
        "name": "test-queue",
        "distributionPolicyId": "test-d-policy-recorded-workers",
        "labels": {
          "Id": "test-queue-recorded-workers"
        },
        "exceptionPolicyId": "test-e-policy-recorded-workers"
      }
    },
    {
      "RequestUri": "https://endpoint/routing/workers/test-worker-recorded-workers?api-version=2022-07-18-preview",
      "RequestMethod": "PATCH",
      "RequestHeaders": {
        "Accept": "application/json",
        "Accept-Encoding": "gzip, deflate, br",
        "Accept-Language": "en-GB",
        "Authorization": "Sanitized",
        "Connection": "keep-alive",
        "Content-Length": "178",
        "Content-Type": "application/merge-patch\u002Bjson",
        "Origin": "http://localhost:9876",
        "Referer": "http://localhost:9876/",
        "sec-ch-ua": "",
        "sec-ch-ua-mobile": "?0",
        "sec-ch-ua-platform": "\u0022\u0022",
        "Sec-Fetch-Dest": "empty",
        "Sec-Fetch-Mode": "cors",
        "Sec-Fetch-Site": "same-site",
        "User-Agent": "Mozilla/5.0 (Windows NT 10.0; Win64; x64) AppleWebKit/537.36 (KHTML, like Gecko) HeadlessChrome/112.0.5614.0 Safari/537.36",
        "x-ms-client-request-id": "a744881b-1b11-48d1-98d0-27254dca0e40",
        "x-ms-content-sha256": "4Ft8NxPglmr0bbtGoSey86x\u002Baj1GKSvKsamhjCZ30AU=",
        "x-ms-date": "Fri, 12 May 2023 21:22:02 GMT",
        "x-ms-useragent": "azsdk-js-communication-job-router/V2022-07-18-preview azsdk-js-communication-job-router/1.0.0-beta.1 core-rest-pipeline/1.10.4 OS"
      },
      "RequestBody": {
        "queueAssignments": {
          "test-queue-recorded-workers": {}
        },
        "totalCapacity": 1,
        "labels": {},
        "channelConfigurations": {
          "test-channel": {
            "capacityCostPerJob": 1
          }
        },
        "availableForOffers": false
      },
      "StatusCode": 200,
      "ResponseHeaders": {
        "Access-Control-Allow-Credentials": "true",
        "Access-Control-Allow-Origin": "http://localhost:9876",
        "api-supported-versions": "2021-04-07-preview1, 2022-07-18-preview",
        "Content-Type": "application/json; charset=utf-8",
        "Date": "Fri, 12 May 2023 21:22:01 GMT",
        "ETag": "\u002200000000-0000-0000-e25d-48ed2e53db08\u0022",
        "Last-Modified": "Fri, 12 May 2023 21:22:01 GMT",
        "trace-id": "f51799a8-6083-c4da-ba58-5fbef44d52e4",
        "Transfer-Encoding": "chunked",
        "X-Azure-Ref": "0\u002Ba1eZAAAAABv5YC0SZkeS7NA0GEgUBpYWVRPMjIxMDkwODE4MDI3ADlmYzdiNTE5LWE4Y2MtNGY4OS05MzVlLWM5MTQ4YWUwOWU4MQ==",
        "X-Cache": "CONFIG_NOCACHE"
      },
      "ResponseBody": {
        "id": "test-worker-recorded-workers",
        "state": "inactive",
        "queueAssignments": {
          "test-queue-recorded-workers": {}
        },
        "totalCapacity": 1,
        "labels": {
          "Id": "test-worker-recorded-workers"
        },
        "tags": {},
        "channelConfigurations": {
          "test-channel": {
            "capacityCostPerJob": 1
          }
        },
        "offers": [],
        "assignedJobs": [],
        "loadRatio": 0,
        "availableForOffers": false
      }
    },
    {
      "RequestUri": "https://endpoint/routing/workers/test-worker-recorded-workers?api-version=2022-07-18-preview",
      "RequestMethod": "PATCH",
      "RequestHeaders": {
        "Accept": "application/json",
        "Accept-Encoding": "gzip, deflate, br",
        "Accept-Language": "en-GB",
        "Authorization": "Sanitized",
        "Connection": "keep-alive",
        "Content-Length": "27",
        "Content-Type": "application/merge-patch\u002Bjson",
        "Origin": "http://localhost:9876",
        "Referer": "http://localhost:9876/",
        "sec-ch-ua": "",
        "sec-ch-ua-mobile": "?0",
        "sec-ch-ua-platform": "\u0022\u0022",
        "Sec-Fetch-Dest": "empty",
        "Sec-Fetch-Mode": "cors",
        "Sec-Fetch-Site": "same-site",
        "User-Agent": "Mozilla/5.0 (Windows NT 10.0; Win64; x64) AppleWebKit/537.36 (KHTML, like Gecko) HeadlessChrome/112.0.5614.0 Safari/537.36",
        "x-ms-client-request-id": "8079fb97-f3b2-40ed-9e0f-ac2d734dd973",
        "x-ms-content-sha256": "Laol6kCov6EKUr78NiLU9IAYHnSq\u002BiYzaLXbsqxfV7k=",
        "x-ms-date": "Fri, 12 May 2023 21:22:03 GMT",
        "x-ms-useragent": "azsdk-js-communication-job-router/V2022-07-18-preview azsdk-js-communication-job-router/1.0.0-beta.1 core-rest-pipeline/1.10.4 OS"
      },
      "RequestBody": {
        "availableForOffers": true
      },
      "StatusCode": 200,
      "ResponseHeaders": {
        "Access-Control-Allow-Credentials": "true",
        "Access-Control-Allow-Origin": "http://localhost:9876",
        "api-supported-versions": "2021-04-07-preview1, 2022-07-18-preview",
        "Content-Type": "application/json; charset=utf-8",
        "Date": "Fri, 12 May 2023 21:22:01 GMT",
        "ETag": "\u002200000002-0000-0000-ea78-a1ed2e53db08\u0022",
        "Last-Modified": "Fri, 12 May 2023 21:22:02 GMT",
        "trace-id": "345c8ec3-873d-ce11-b580-026c0ec58d02",
        "Transfer-Encoding": "chunked",
        "X-Azure-Ref": "0\u002Bq1eZAAAAAC0Q3mCiWRdQqaJ6WWAXhqnWVRPMjIxMDkwODE4MDI3ADlmYzdiNTE5LWE4Y2MtNGY4OS05MzVlLWM5MTQ4YWUwOWU4MQ==",
        "X-Cache": "CONFIG_NOCACHE"
      },
      "ResponseBody": {
        "id": "test-worker-recorded-workers",
        "state": "active",
        "queueAssignments": {
          "test-queue-recorded-workers": {}
        },
        "totalCapacity": 1,
        "labels": {
          "Id": "test-worker-recorded-workers"
        },
        "tags": {},
        "channelConfigurations": {
          "test-channel": {
            "capacityCostPerJob": 1
          }
        },
        "offers": [],
        "assignedJobs": [],
        "loadRatio": 0,
        "availableForOffers": true
      }
    },
    {
      "RequestUri": "https://endpoint/routing/workers/test-worker-recorded-workers?api-version=2022-07-18-preview",
      "RequestMethod": "PATCH",
      "RequestHeaders": {
        "Accept": "application/json",
        "Accept-Encoding": "gzip, deflate, br",
        "Accept-Language": "en-GB",
        "Authorization": "Sanitized",
        "Connection": "keep-alive",
        "Content-Length": "28",
        "Content-Type": "application/merge-patch\u002Bjson",
        "Origin": "http://localhost:9876",
        "Referer": "http://localhost:9876/",
        "sec-ch-ua": "",
        "sec-ch-ua-mobile": "?0",
        "sec-ch-ua-platform": "\u0022\u0022",
        "Sec-Fetch-Dest": "empty",
        "Sec-Fetch-Mode": "cors",
        "Sec-Fetch-Site": "same-site",
        "User-Agent": "Mozilla/5.0 (Windows NT 10.0; Win64; x64) AppleWebKit/537.36 (KHTML, like Gecko) HeadlessChrome/112.0.5614.0 Safari/537.36",
        "x-ms-client-request-id": "2f8fa5a5-6081-4e0d-9aab-81d8dfdbc26b",
        "x-ms-content-sha256": "YyxSFahH89HrcbR5MfNMOIXBUitl\u002BmNbRxD/1gV07DI=",
        "x-ms-date": "Fri, 12 May 2023 21:22:06 GMT",
        "x-ms-useragent": "azsdk-js-communication-job-router/V2022-07-18-preview azsdk-js-communication-job-router/1.0.0-beta.1 core-rest-pipeline/1.10.4 OS"
      },
      "RequestBody": {
        "availableForOffers": false
      },
      "StatusCode": 200,
      "ResponseHeaders": {
        "Access-Control-Allow-Credentials": "true",
        "Access-Control-Allow-Origin": "http://localhost:9876",
        "api-supported-versions": "2021-04-07-preview1, 2022-07-18-preview",
        "Content-Type": "application/json; charset=utf-8",
        "Date": "Fri, 12 May 2023 21:22:04 GMT",
        "ETag": "\u002200000005-0000-0000-7f0d-41ef2e53db08\u0022",
        "Last-Modified": "Fri, 12 May 2023 21:22:05 GMT",
        "trace-id": "cf1c824a-65dd-e4bd-ed2b-dd04a428dd1a",
        "Transfer-Encoding": "chunked",
        "X-Azure-Ref": "0/K1eZAAAAAB5u31WyLWQS7wMlpj0XX2hWVRPMjIxMDkwODE4MDI3ADlmYzdiNTE5LWE4Y2MtNGY4OS05MzVlLWM5MTQ4YWUwOWU4MQ==",
        "X-Cache": "CONFIG_NOCACHE"
      },
      "ResponseBody": {
        "id": "test-worker-recorded-workers",
        "state": "inactive",
        "queueAssignments": {
          "test-queue-recorded-workers": {}
        },
        "totalCapacity": 1,
        "labels": {
          "Id": "test-worker-recorded-workers"
        },
        "tags": {},
        "channelConfigurations": {
          "test-channel": {
            "capacityCostPerJob": 1
          }
        },
        "offers": [],
        "assignedJobs": [],
        "loadRatio": 0,
        "availableForOffers": false
      }
    },
    {
      "RequestUri": "https://endpoint/routing/workers/test-worker-recorded-workers?api-version=2022-07-18-preview",
      "RequestMethod": "DELETE",
      "RequestHeaders": {
        "Accept": "application/json",
        "Accept-Encoding": "gzip, deflate, br",
        "Accept-Language": "en-GB",
        "Authorization": "Sanitized",
        "Connection": "keep-alive",
        "Origin": "http://localhost:9876",
        "Referer": "http://localhost:9876/",
        "sec-ch-ua": "",
        "sec-ch-ua-mobile": "?0",
        "sec-ch-ua-platform": "\u0022\u0022",
        "Sec-Fetch-Dest": "empty",
        "Sec-Fetch-Mode": "cors",
        "Sec-Fetch-Site": "same-site",
        "User-Agent": "Mozilla/5.0 (Windows NT 10.0; Win64; x64) AppleWebKit/537.36 (KHTML, like Gecko) HeadlessChrome/112.0.5614.0 Safari/537.36",
        "x-ms-client-request-id": "ee2e7c84-3001-46dd-bf43-44b76a374f25",
        "x-ms-content-sha256": "47DEQpj8HBSa\u002B/TImW\u002B5JCeuQeRkm5NMpJWZG3hSuFU=",
        "x-ms-date": "Fri, 12 May 2023 21:22:06 GMT",
        "x-ms-useragent": "azsdk-js-communication-job-router/V2022-07-18-preview azsdk-js-communication-job-router/1.0.0-beta.1 core-rest-pipeline/1.10.4 OS"
      },
      "RequestBody": null,
      "StatusCode": 204,
      "ResponseHeaders": {
        "Access-Control-Allow-Credentials": "true",
        "Access-Control-Allow-Origin": "http://localhost:9876",
        "api-supported-versions": "2021-04-07-preview1, 2022-07-18-preview",
        "Date": "Fri, 12 May 2023 21:22:05 GMT",
        "trace-id": "f4a86f20-84c3-78bf-112e-3039d2e806a6",
        "X-Azure-Ref": "0/a1eZAAAAAAQhkjExeDeRqWmSx/WTVsaWVRPMjIxMDkwODE4MDI3ADlmYzdiNTE5LWE4Y2MtNGY4OS05MzVlLWM5MTQ4YWUwOWU4MQ==",
        "X-Cache": "CONFIG_NOCACHE"
      },
      "ResponseBody": null
    },
    {
      "RequestUri": "https://endpoint/routing/queues/test-queue-recorded-workers?api-version=2022-07-18-preview",
      "RequestMethod": "DELETE",
      "RequestHeaders": {
        "Accept": "application/json",
        "Accept-Encoding": "gzip, deflate, br",
        "Accept-Language": "en-GB",
        "Authorization": "Sanitized",
        "Connection": "keep-alive",
        "Origin": "http://localhost:9876",
        "Referer": "http://localhost:9876/",
        "sec-ch-ua": "",
        "sec-ch-ua-mobile": "?0",
        "sec-ch-ua-platform": "\u0022\u0022",
        "Sec-Fetch-Dest": "empty",
        "Sec-Fetch-Mode": "cors",
        "Sec-Fetch-Site": "same-site",
        "User-Agent": "Mozilla/5.0 (Windows NT 10.0; Win64; x64) AppleWebKit/537.36 (KHTML, like Gecko) HeadlessChrome/112.0.5614.0 Safari/537.36",
        "x-ms-client-request-id": "b3fb4ffd-ff1a-4303-b363-1b17e295f427",
        "x-ms-content-sha256": "47DEQpj8HBSa\u002B/TImW\u002B5JCeuQeRkm5NMpJWZG3hSuFU=",
        "x-ms-date": "Fri, 12 May 2023 21:22:07 GMT",
        "x-ms-useragent": "azsdk-js-communication-job-router/V2022-07-18-preview azsdk-js-communication-job-router/1.0.0-beta.1 core-rest-pipeline/1.10.4 OS"
      },
      "RequestBody": null,
      "StatusCode": 204,
      "ResponseHeaders": {
        "Access-Control-Allow-Credentials": "true",
        "Access-Control-Allow-Origin": "http://localhost:9876",
        "api-supported-versions": "2021-04-07-preview1, 2022-07-18-preview",
        "Date": "Fri, 12 May 2023 21:22:05 GMT",
        "trace-id": "f434813a-2478-3256-dc00-957041e0b988",
        "X-Azure-Ref": "0/q1eZAAAAAB6slDEHKIORbFMeL83o/rqWVRPMjIxMDkwODE4MDI3ADlmYzdiNTE5LWE4Y2MtNGY4OS05MzVlLWM5MTQ4YWUwOWU4MQ==",
        "X-Cache": "CONFIG_NOCACHE"
      },
      "ResponseBody": null
    },
    {
      "RequestUri": "https://endpoint/routing/exceptionPolicies/test-e-policy-recorded-workers?api-version=2022-07-18-preview",
      "RequestMethod": "DELETE",
      "RequestHeaders": {
        "Accept": "application/json",
        "Accept-Encoding": "gzip, deflate, br",
        "Accept-Language": "en-GB",
        "Authorization": "Sanitized",
        "Connection": "keep-alive",
        "Origin": "http://localhost:9876",
        "Referer": "http://localhost:9876/",
        "sec-ch-ua": "",
        "sec-ch-ua-mobile": "?0",
        "sec-ch-ua-platform": "\u0022\u0022",
        "Sec-Fetch-Dest": "empty",
        "Sec-Fetch-Mode": "cors",
        "Sec-Fetch-Site": "same-site",
        "User-Agent": "Mozilla/5.0 (Windows NT 10.0; Win64; x64) AppleWebKit/537.36 (KHTML, like Gecko) HeadlessChrome/112.0.5614.0 Safari/537.36",
        "x-ms-client-request-id": "b98f0150-7220-4e17-9d1a-d113e2b5227e",
        "x-ms-content-sha256": "47DEQpj8HBSa\u002B/TImW\u002B5JCeuQeRkm5NMpJWZG3hSuFU=",
        "x-ms-date": "Fri, 12 May 2023 21:22:07 GMT",
        "x-ms-useragent": "azsdk-js-communication-job-router/V2022-07-18-preview azsdk-js-communication-job-router/1.0.0-beta.1 core-rest-pipeline/1.10.4 OS"
      },
      "RequestBody": null,
      "StatusCode": 204,
      "ResponseHeaders": {
        "Access-Control-Allow-Credentials": "true",
        "Access-Control-Allow-Origin": "http://localhost:9876",
        "api-supported-versions": "2021-04-07-preview1, 2022-07-18-preview",
        "Date": "Fri, 12 May 2023 21:22:05 GMT",
        "trace-id": "25675ea8-620c-793a-8f9c-3646d35f9919",
        "X-Azure-Ref": "0/q1eZAAAAACfOz1RNaqDTYTZEbBgFEZbWVRPMjIxMDkwODE4MDI3ADlmYzdiNTE5LWE4Y2MtNGY4OS05MzVlLWM5MTQ4YWUwOWU4MQ==",
        "X-Cache": "CONFIG_NOCACHE"
      },
      "ResponseBody": null
    },
    {
      "RequestUri": "https://endpoint/routing/distributionPolicies/test-d-policy-recorded-workers?api-version=2022-07-18-preview",
      "RequestMethod": "DELETE",
      "RequestHeaders": {
        "Accept": "application/json",
        "Accept-Encoding": "gzip, deflate, br",
        "Accept-Language": "en-GB",
        "Authorization": "Sanitized",
        "Connection": "keep-alive",
        "Origin": "http://localhost:9876",
        "Referer": "http://localhost:9876/",
        "sec-ch-ua": "",
        "sec-ch-ua-mobile": "?0",
        "sec-ch-ua-platform": "\u0022\u0022",
        "Sec-Fetch-Dest": "empty",
        "Sec-Fetch-Mode": "cors",
        "Sec-Fetch-Site": "same-site",
        "User-Agent": "Mozilla/5.0 (Windows NT 10.0; Win64; x64) AppleWebKit/537.36 (KHTML, like Gecko) HeadlessChrome/112.0.5614.0 Safari/537.36",
        "x-ms-client-request-id": "0d4c5c77-a30c-4d42-99cf-87763b0edde7",
        "x-ms-content-sha256": "47DEQpj8HBSa\u002B/TImW\u002B5JCeuQeRkm5NMpJWZG3hSuFU=",
        "x-ms-date": "Fri, 12 May 2023 21:22:08 GMT",
        "x-ms-useragent": "azsdk-js-communication-job-router/V2022-07-18-preview azsdk-js-communication-job-router/1.0.0-beta.1 core-rest-pipeline/1.10.4 OS"
      },
      "RequestBody": null,
      "StatusCode": 204,
      "ResponseHeaders": {
        "Access-Control-Allow-Credentials": "true",
        "Access-Control-Allow-Origin": "http://localhost:9876",
        "api-supported-versions": "2021-04-07-preview1, 2022-07-18-preview",
        "Date": "Fri, 12 May 2023 21:22:06 GMT",
        "trace-id": "e8f815f7-ea86-38bb-4a97-8e29652d3ae9",
        "X-Azure-Ref": "0/q1eZAAAAADDtka9CQH5R6uvol\u002Bf3Np5WVRPMjIxMDkwODE4MDI3ADlmYzdiNTE5LWE4Y2MtNGY4OS05MzVlLWM5MTQ4YWUwOWU4MQ==",
        "X-Cache": "CONFIG_NOCACHE"
      },
      "ResponseBody": null
    }
  ],
  "Variables": {}
}
