{
  "Entries": [
    {
      "RequestUri": "https://endpoint/identities?api-version=2022-10-01",
      "RequestMethod": "POST",
      "RequestHeaders": {
        "Accept": "application/json",
        "Accept-Encoding": "gzip,deflate",
        "Authorization": "Sanitized",
        "Connection": "keep-alive",
        "Content-Length": "34",
        "Content-Type": "application/json",
        "User-Agent": "azsdk-js-communication-identity/1.2.1 core-rest-pipeline/1.11.1 Node/v18.16.1 OS/(x64-Windows_NT-10.0.22621)",
        "x-ms-client-request-id": "d523870a-453d-43f0-8a0f-4073ee4f8d09",
        "x-ms-content-sha256": "k4k9IoKBLYipoiXK3LctfBcfghISSb6AI45ji7ILZfg=",
        "x-ms-date": "Wed, 12 Jul 2023 16:49:20 GMT"
      },
      "RequestBody": {
        "createTokenWithScopes": [
          "voip"
        ]
      },
      "StatusCode": 201,
      "ResponseHeaders": {
        "api-supported-versions": "2020-07-20-preview2, 2021-02-22-preview1, 2021-03-07, 2021-10-31-preview, 2021-11-01, 2022-06-01, 2022-10-01, 2023-08-01",
        "Content-Length": "220",
        "Content-Type": "application/json; charset=utf-8",
        "Date": "Wed, 12 Jul 2023 16:49:21 GMT",
        "MS-CV": "6\u002BY4\u002BG63yUKLCHCJ1\u002B7VBg.0",
        "Request-Context": "appId=",
        "Strict-Transport-Security": "max-age=2592000",
        "X-Azure-Ref": "0kdmuZAAAAACcvof0nauAR55zbGI\u002BBOB1WVZSMzExMDAwMTE1MDI5AGYwOWE0YzEzLTIxZjEtNDhlYy05Y2Y3LTY2NTQ1Njg0YjY0Mg==",
        "X-Cache": "CONFIG_NOCACHE",
        "x-ms-client-request-id": "d523870a-453d-43f0-8a0f-4073ee4f8d09",
        "X-Processing-Time": "22ms"
      },
      "ResponseBody": {
        "identity": {
          "id": "Sanitized"
        },
        "accessToken": {
          "token": "eyJhbGciOiJIUzI1NiIsInR5cCI6IkpXVCJ9.eyJleHAiOjE2ODkxODQxNDMuNTU1fQ==.adM-ddBZZlQ1WlN3pdPBOF5G4Wh9iZpxNP_fSvpF4cWs",
          "expiresOn": "2023-07-13T16:49:22.0124277\u002B00:00"
        }
      }
    },
    {
      "RequestUri": "https://endpoint/identities?api-version=2022-10-01",
      "RequestMethod": "POST",
      "RequestHeaders": {
        "Accept": "application/json",
        "Accept-Encoding": "gzip,deflate",
        "Authorization": "Sanitized",
        "Connection": "keep-alive",
        "Content-Length": "34",
        "Content-Type": "application/json",
        "User-Agent": "azsdk-js-communication-identity/1.2.1 core-rest-pipeline/1.11.1 Node/v18.16.1 OS/(x64-Windows_NT-10.0.22621)",
        "x-ms-client-request-id": "517a7477-a767-47c4-988a-4689135d1900",
        "x-ms-content-sha256": "k4k9IoKBLYipoiXK3LctfBcfghISSb6AI45ji7ILZfg=",
        "x-ms-date": "Wed, 12 Jul 2023 16:49:20 GMT"
      },
      "RequestBody": {
        "createTokenWithScopes": [
          "voip"
        ]
      },
      "StatusCode": 201,
      "ResponseHeaders": {
        "api-supported-versions": "2020-07-20-preview2, 2021-02-22-preview1, 2021-03-07, 2021-10-31-preview, 2021-11-01, 2022-06-01, 2022-10-01, 2023-08-01",
        "Content-Length": "220",
        "Content-Type": "application/json; charset=utf-8",
        "Date": "Wed, 12 Jul 2023 16:49:21 GMT",
        "MS-CV": "hm329JvEyEqVsqKu6U3GCA.0",
        "Request-Context": "appId=",
        "Strict-Transport-Security": "max-age=2592000",
        "X-Azure-Ref": "0ktmuZAAAAABjlQ/K8BFeRqyuo\u002BAB2zMeWVZSMzExMDAwMTE1MDI5AGYwOWE0YzEzLTIxZjEtNDhlYy05Y2Y3LTY2NTQ1Njg0YjY0Mg==",
        "X-Cache": "CONFIG_NOCACHE",
        "x-ms-client-request-id": "517a7477-a767-47c4-988a-4689135d1900",
        "X-Processing-Time": "23ms"
      },
      "ResponseBody": {
        "identity": {
          "id": "Sanitized"
        },
        "accessToken": {
          "token": "eyJhbGciOiJIUzI1NiIsInR5cCI6IkpXVCJ9.eyJleHAiOjE2ODkxODQxNDMuNTU1fQ==.adM-ddBZZlQ1WlN3pdPBOF5G4Wh9iZpxNP_fSvpF4cWs",
          "expiresOn": "2023-07-13T16:49:22.0650195\u002B00:00"
        }
      }
    },
    {
      "RequestUri": "https://endpoint/rooms?api-version=2023-06-14",
      "RequestMethod": "POST",
      "RequestHeaders": {
        "Accept": "application/json",
        "Accept-Encoding": "gzip,deflate",
        "Authorization": "Sanitized",
        "Connection": "keep-alive",
        "Content-Length": "19",
        "Content-Type": "application/json",
        "Repeatability-First-Sent": "Wed, 12 Jul 2023 16:49:20 GMT",
        "Repeatability-Request-ID": "3a0f1206-15e0-4f3d-b4ba-c080a1298ef8",
        "User-Agent": "azsdk-js-communication-rooms/1.0.0 core-rest-pipeline/1.11.1 Node/v18.16.1 OS/(x64-Windows_NT-10.0.22621)",
        "x-ms-client-request-id": "34d3efb9-6d2e-4418-961a-caf2e3712075",
        "x-ms-content-sha256": "vhXrIgThnry4Vy9lrHrKsAYqKYXb\u002BKwOlgiPVnEdBio=",
        "x-ms-date": "Wed, 12 Jul 2023 16:49:20 GMT"
      },
      "RequestBody": {
        "participants": {}
      },
      "StatusCode": 201,
      "ResponseHeaders": {
        "api-deprecated-versions": "2021-04-07, 2022-02-01",
        "api-supported-versions": "2023-03-31-preview, 2023-06-14",
        "Content-Type": "application/json; charset=utf-8",
        "Date": "Wed, 12 Jul 2023 16:49:22 GMT",
        "Location": "9944534785751504",
        "MS-CV": "J8bk/Lpb80CODtoZeZukUQ.0",
        "Repeatability-Result": "accepted",
        "Request-Context": "appId=",
        "Transfer-Encoding": "chunked",
        "X-Azure-Ref": "0ktmuZAAAAABtgiKwFeeGQ7rBfa7\u002BOGQTWVZSMzExMDAwMTE1MDI5AGYwOWE0YzEzLTIxZjEtNDhlYy05Y2Y3LTY2NTQ1Njg0YjY0Mg==",
        "X-Cache": "CONFIG_NOCACHE"
      },
      "ResponseBody": {
        "id": "9944534785751504",
        "createdAt": "2023-07-12T16:49:22.4582902\u002B00:00",
        "validFrom": "2023-07-12T16:49:22.2053149\u002B00:00",
        "validUntil": "2024-01-08T16:49:22.2053149\u002B00:00"
      }
    },
    {
      "RequestUri": "https://endpoint/rooms/9944534785751504/participants?api-version=2023-06-14",
      "RequestMethod": "PATCH",
      "RequestHeaders": {
        "Accept": "application/json",
        "Accept-Encoding": "gzip,deflate",
        "Authorization": "Sanitized",
        "Connection": "keep-alive",
        "Content-Length": "82",
        "Content-Type": "application/merge-patch\u002Bjson",
        "User-Agent": "azsdk-js-communication-rooms/1.0.0 core-rest-pipeline/1.11.1 Node/v18.16.1 OS/(x64-Windows_NT-10.0.22621)",
        "x-ms-client-request-id": "9e202e6f-c145-448d-b53b-86ee00944b05",
        "x-ms-content-sha256": "n9VYGg4I53RB37qTCPXQWOcE\u002B2pMbW\u002BLhTWnCmdAGkE=",
        "x-ms-date": "Wed, 12 Jul 2023 16:49:21 GMT"
      },
      "RequestBody": {
        "participants": {
          "Sanitized": {
            "role": "Attendee"
          },
          "Sanitized": {
            "role": "Attendee"
          }
        }
      },
      "StatusCode": 200,
      "ResponseHeaders": {
        "api-deprecated-versions": "2022-02-01",
        "api-supported-versions": "2023-03-31-preview, 2023-06-14",
        "Content-Type": "application/json; charset=utf-8",
        "Date": "Wed, 12 Jul 2023 16:49:23 GMT",
        "MS-CV": "L09gXggqpkayOliO95b9Jg.0",
        "Request-Context": "appId=",
        "Transfer-Encoding": "chunked",
        "X-Azure-Ref": "0k9muZAAAAADMDWfN4dX8Q4dbw4GXdRwDWVZSMzExMDAwMTE1MDI5AGYwOWE0YzEzLTIxZjEtNDhlYy05Y2Y3LTY2NTQ1Njg0YjY0Mg==",
        "X-Cache": "CONFIG_NOCACHE"
      },
      "ResponseBody": {}
    }
  ],
  "Variables": {}
}
