{
  "Entries": [
    {
      "RequestUri": "https://endpoint/identities?api-version=2023-10-01",
      "RequestMethod": "POST",
      "RequestHeaders": {
        "Accept": "application/json",
        "Accept-Encoding": "gzip,deflate",
        "Authorization": "Sanitized",
        "Connection": "keep-alive",
        "Content-Length": "34",
        "Content-Type": "application/json",
        "User-Agent": "azsdk-js-communication-identity/1.3.1 core-rest-pipeline/1.13.1 Node/v18.12.0 OS/(x64-Windows_NT-10.0.22621)",
        "x-ms-client-request-id": "6f7d8e4b-a26a-4899-a356-d24f5f198749",
        "x-ms-content-sha256": "k4k9IoKBLYipoiXK3LctfBcfghISSb6AI45ji7ILZfg=",
        "x-ms-date": "Thu, 04 Jan 2024 13:46:51 GMT"
      },
      "RequestBody": {
        "createTokenWithScopes": [
          "voip"
        ]
      },
      "StatusCode": 201,
      "ResponseHeaders": {
        "api-supported-versions": "2020-07-20-preview2, 2021-02-22-preview1, 2021-03-07, 2021-10-31-preview, 2021-11-01, 2022-06-01, 2022-10-01, 2023-10-01",
        "Connection": "keep-alive",
        "Content-Length": "216",
        "Content-Type": "application/json; charset=utf-8",
        "Date": "Thu, 04 Jan 2024 13:46:53 GMT",
        "MS-CV": "PPe8SBQG60Whxc4z2NqAfA.0",
        "Request-Context": "appId=",
        "Strict-Transport-Security": "max-age=2592000",
        "x-azure-ref": "20240104T134653Z-muupn6c6wt20m67huez2mv96bs00000001u000000000xp8u",
        "X-Cache": "CONFIG_NOCACHE",
        "x-ms-client-request-id": "6f7d8e4b-a26a-4899-a356-d24f5f198749",
        "X-Processing-Time": "22ms"
      },
      "ResponseBody": {
        "identity": {
          "id": "Sanitized"
        },
        "accessToken": {
          "token": "eyJhbGciOiJIUzI1NiIsInR5cCI6IkpXVCJ9.eyJleHAiOjE3MDQzNzk1NjkuNDd9.adM-ddBZZlQ1WlN3pdPBOF5G4Wh9iZpxNP_fSvpF4cWs",
          "expiresOn": "2024-01-05T13:46:53.4024714\u002B00:00"
        }
      }
    },
    {
      "RequestUri": "https://endpoint/rooms?api-version=2023-10-30-preview",
      "RequestMethod": "POST",
      "RequestHeaders": {
        "Accept": "application/json",
        "Accept-Encoding": "gzip,deflate",
        "Authorization": "Sanitized",
        "Connection": "keep-alive",
        "Content-Length": "19",
        "Content-Type": "application/json",
        "Repeatability-First-Sent": "Thu, 04 Jan 2024 13:46:51 GMT",
        "Repeatability-Request-ID": "3fb16e01-d06d-435f-9a1c-cf063b64dbf5",
        "User-Agent": "azsdk-js-communication-rooms/1.1.0-beta.1 core-rest-pipeline/1.13.1 Node/v18.12.0 OS/(x64-Windows_NT-10.0.22621)",
        "x-ms-client-request-id": "ba8addbd-1bf3-4aae-b249-ae6354474f1f",
        "x-ms-content-sha256": "vhXrIgThnry4Vy9lrHrKsAYqKYXb\u002BKwOlgiPVnEdBio=",
        "x-ms-date": "Thu, 04 Jan 2024 13:46:51 GMT"
      },
      "RequestBody": {
        "participants": {}
      },
      "StatusCode": 201,
      "ResponseHeaders": {
        "api-deprecated-versions": "2021-04-07, 2022-02-01",
        "api-supported-versions": "2023-03-31-preview, 2023-06-14, 2023-10-30-preview",
        "Connection": "keep-alive",
        "Content-Type": "application/json; charset=utf-8",
        "Date": "Thu, 04 Jan 2024 13:46:54 GMT",
        "Location": "99475057438059261",
        "MS-CV": "baWD9fjwSEOpN9wOilIuFg.0",
        "Repeatability-Result": "accepted",
        "Request-Context": "appId=",
        "Transfer-Encoding": "chunked",
        "x-azure-ref": "20240104T134653Z-muupn6c6wt20m67huez2mv96bs00000001u000000000xp9n",
        "X-Cache": "CONFIG_NOCACHE"
      },
      "ResponseBody": {
        "id": "99475057438059261",
        "createdAt": "2024-01-04T13:46:53.8627769\u002B00:00",
        "validFrom": "2024-01-04T13:46:53.7342728\u002B00:00",
        "validUntil": "2024-07-02T13:46:53.7342728\u002B00:00",
        "pstnDialOutEnabled": false
      }
    },
    {
      "RequestUri": "https://endpoint/rooms/99475057438059261/participants?api-version=2023-10-30-preview",
      "RequestMethod": "PATCH",
      "RequestHeaders": {
        "Accept": "application/json",
        "Accept-Encoding": "gzip,deflate",
        "Authorization": "Sanitized",
        "Connection": "keep-alive",
        "Content-Length": "51",
        "Content-Type": "application/merge-patch\u002Bjson",
        "User-Agent": "azsdk-js-communication-rooms/1.1.0-beta.1 core-rest-pipeline/1.13.1 Node/v18.12.0 OS/(x64-Windows_NT-10.0.22621)",
        "x-ms-client-request-id": "68c4f7ca-dcf4-4745-b71b-e619f519e320",
        "x-ms-content-sha256": "jopY3/sH\u002B5SapJCsizsdp6lDxjHyYpVNNIZ76TZJsVQ=",
        "x-ms-date": "Thu, 04 Jan 2024 13:46:53 GMT"
      },
      "RequestBody": {
        "participants": {
          "Sanitized": {
            "role": "Presenter"
          }
        }
      },
      "StatusCode": 200,
      "ResponseHeaders": {
        "api-deprecated-versions": "2022-02-01",
        "api-supported-versions": "2023-03-31-preview, 2023-06-14, 2023-10-30-preview",
        "Connection": "keep-alive",
        "Content-Type": "application/json; charset=utf-8",
        "Date": "Thu, 04 Jan 2024 13:46:55 GMT",
        "MS-CV": "vQO/pPY4Qkym\u002BfCpXa5ZnA.0",
        "Request-Context": "appId=",
        "Transfer-Encoding": "chunked",
        "x-azure-ref": "20240104T134655Z-muupn6c6wt20m67huez2mv96bs00000001u000000000xpda",
        "X-Cache": "CONFIG_NOCACHE"
      },
      "ResponseBody": {}
    },
    {
      "RequestUri": "https://endpoint/rooms/99475057438059261/participants?api-version=2023-10-30-preview",
      "RequestMethod": "GET",
      "RequestHeaders": {
        "Accept": "application/json",
        "Accept-Encoding": "gzip,deflate",
        "Authorization": "Sanitized",
        "Connection": "keep-alive",
        "User-Agent": "azsdk-js-communication-rooms/1.1.0-beta.1 core-rest-pipeline/1.13.1 Node/v18.12.0 OS/(x64-Windows_NT-10.0.22621)",
        "x-ms-client-request-id": "0179394d-e4e3-49cd-bb18-1c5807da7a86",
        "x-ms-content-sha256": "47DEQpj8HBSa\u002B/TImW\u002B5JCeuQeRkm5NMpJWZG3hSuFU=",
        "x-ms-date": "Thu, 04 Jan 2024 13:46:54 GMT"
      },
      "RequestBody": null,
      "StatusCode": 200,
      "ResponseHeaders": {
        "api-deprecated-versions": "2022-02-01",
        "api-supported-versions": "2023-03-31-preview, 2023-06-14, 2023-10-30-preview",
        "Connection": "keep-alive",
        "Content-Type": "application/json; charset=utf-8",
        "Date": "Thu, 04 Jan 2024 13:46:56 GMT",
        "MS-CV": "sbBox0B3n0u/TZiU9QEmOQ.0",
        "Request-Context": "appId=",
        "Transfer-Encoding": "chunked",
        "x-azure-ref": "20240104T134656Z-bu3dzdt935113egx4a59nq4z8n000000034000000000sy70",
        "X-Cache": "CONFIG_NOCACHE"
      },
      "ResponseBody": {
        "value": [
          {
            "rawId": "Sanitized",
            "role": "Presenter"
          }
        ]
      }
    },
    {
      "RequestUri": "https://endpoint/rooms/99475057438059261?api-version=2023-10-30-preview",
      "RequestMethod": "DELETE",
      "RequestHeaders": {
        "Accept": "application/json",
        "Accept-Encoding": "gzip,deflate",
        "Authorization": "Sanitized",
        "Connection": "keep-alive",
        "User-Agent": "azsdk-js-communication-rooms/1.1.0-beta.1 core-rest-pipeline/1.13.1 Node/v18.12.0 OS/(x64-Windows_NT-10.0.22621)",
        "x-ms-client-request-id": "6473a1c3-5ae5-4118-b112-7acaa41b6c47",
        "x-ms-content-sha256": "47DEQpj8HBSa\u002B/TImW\u002B5JCeuQeRkm5NMpJWZG3hSuFU=",
        "x-ms-date": "Thu, 04 Jan 2024 13:46:54 GMT"
      },
      "RequestBody": null,
      "StatusCode": 204,
      "ResponseHeaders": {
        "api-deprecated-versions": "2021-04-07, 2022-02-01",
        "api-supported-versions": "2023-03-31-preview, 2023-06-14, 2023-10-30-preview",
        "Connection": "keep-alive",
        "Date": "Thu, 04 Jan 2024 13:46:56 GMT",
        "MS-CV": "m1A1dDDpMkeQAUXxgkGdng.0",
        "Request-Context": "appId=",
        "x-azure-ref": "20240104T134656Z-muupn6c6wt20m67huez2mv96bs00000001u000000000xpfw",
        "X-Cache": "CONFIG_NOCACHE"
      },
      "ResponseBody": null
    }
  ],
  "Variables": {}
}
