{
  "Entries": [
    {
      "RequestUri": "https://endpoint/identities?api-version=2022-10-01",
      "RequestMethod": "POST",
      "RequestHeaders": {
        "Accept": "application/json",
        "Accept-Encoding": "gzip,deflate",
        "Authorization": "Sanitized",
        "Connection": "keep-alive",
        "Content-Length": "34",
        "Content-Type": "application/json",
        "User-Agent": "azsdk-js-communication-identity/1.2.1 core-rest-pipeline/1.11.1 Node/v18.16.1 OS/(x64-Windows_NT-10.0.22621)",
        "x-ms-client-request-id": "a0112299-f5df-4e6d-88d7-fdd774146d21",
        "x-ms-content-sha256": "k4k9IoKBLYipoiXK3LctfBcfghISSb6AI45ji7ILZfg=",
        "x-ms-date": "Fri, 04 Aug 2023 20:11:57 GMT"
      },
      "RequestBody": {
        "createTokenWithScopes": [
          "voip"
        ]
      },
      "StatusCode": 201,
      "ResponseHeaders": {
        "api-supported-versions": "2020-07-20-preview2, 2021-02-22-preview1, 2021-03-07, 2021-10-31-preview, 2021-11-01, 2022-06-01, 2022-10-01, 2023-08-01",
        "Content-Length": "220",
        "Content-Type": "application/json; charset=utf-8",
        "Date": "Fri, 04 Aug 2023 20:11:58 GMT",
        "MS-CV": "3sb836oyi0WHh1y4DopCkQ.0",
        "Request-Context": "appId=",
        "Strict-Transport-Security": "max-age=2592000",
        "X-Azure-Ref": "0jlvNZAAAAACB0UVSpqKpSZbqlLEaNZDOWVZSMzExMDAwMTE1MDE5AGYwOWE0YzEzLTIxZjEtNDhlYy05Y2Y3LTY2NTQ1Njg0YjY0Mg==",
        "X-Cache": "CONFIG_NOCACHE",
        "x-ms-client-request-id": "a0112299-f5df-4e6d-88d7-fdd774146d21",
        "X-Processing-Time": "22ms"
      },
      "ResponseBody": {
        "identity": {
          "id": "Sanitized"
        },
        "accessToken": {
          "token": "eyJhbGciOiJIUzI1NiIsInR5cCI6IkpXVCJ9.eyJleHAiOjE2OTExODM1MDQuNzE5fQ==.adM-ddBZZlQ1WlN3pdPBOF5G4Wh9iZpxNP_fSvpF4cWs",
          "expiresOn": "2023-08-05T20:11:58.2263559\u002B00:00"
        }
      }
    },
    {
      "RequestUri": "https://endpoint/rooms?api-version=2023-06-14",
      "RequestMethod": "POST",
      "RequestHeaders": {
        "Accept": "application/json",
        "Accept-Encoding": "gzip,deflate",
        "Authorization": "Sanitized",
        "Connection": "keep-alive",
        "Content-Length": "19",
        "Content-Type": "application/json",
        "Repeatability-First-Sent": "Fri, 04 Aug 2023 20:11:57 GMT",
        "Repeatability-Request-ID": "7e099515-e038-47cb-a355-c869157f50ff",
        "User-Agent": "azsdk-js-communication-rooms/1.0.0 core-rest-pipeline/1.11.1 Node/v18.16.1 OS/(x64-Windows_NT-10.0.22621)",
        "x-ms-client-request-id": "3544d748-18ce-41ef-861e-e9c6eae76305",
        "x-ms-content-sha256": "vhXrIgThnry4Vy9lrHrKsAYqKYXb\u002BKwOlgiPVnEdBio=",
        "x-ms-date": "Fri, 04 Aug 2023 20:11:57 GMT"
      },
      "RequestBody": {
        "participants": {}
      },
      "StatusCode": 201,
      "ResponseHeaders": {
        "api-deprecated-versions": "2021-04-07, 2022-02-01",
        "api-supported-versions": "2023-03-31-preview, 2023-06-14",
        "Content-Type": "application/json; charset=utf-8",
        "Date": "Fri, 04 Aug 2023 20:11:58 GMT",
        "Location": "99434346179458926",
        "MS-CV": "r6695\u002BApIEyRM3atoyDGvw.0",
        "Repeatability-Result": "accepted",
        "Request-Context": "appId=",
        "Transfer-Encoding": "chunked",
        "X-Azure-Ref": "0jlvNZAAAAAA42Hy1PrQzQaU8h4vJlo4uWVZSMzExMDAwMTE1MDE5AGYwOWE0YzEzLTIxZjEtNDhlYy05Y2Y3LTY2NTQ1Njg0YjY0Mg==",
        "X-Cache": "CONFIG_NOCACHE"
      },
      "ResponseBody": {
        "id": "99434346179458926",
        "createdAt": "2023-08-04T20:11:58.4154586\u002B00:00",
        "validFrom": "2023-08-04T20:11:58.3609127\u002B00:00",
        "validUntil": "2024-01-31T20:11:58.3609127\u002B00:00"
      }
    },
    {
      "RequestUri": "https://endpoint/rooms/99434346179458926/participants?api-version=2023-06-14",
      "RequestMethod": "PATCH",
      "RequestHeaders": {
        "Accept": "application/json",
        "Accept-Encoding": "gzip,deflate",
        "Authorization": "Sanitized",
        "Connection": "keep-alive",
        "Content-Length": "51",
        "Content-Type": "application/merge-patch\u002Bjson",
        "User-Agent": "azsdk-js-communication-rooms/1.0.0 core-rest-pipeline/1.11.1 Node/v18.16.1 OS/(x64-Windows_NT-10.0.22621)",
        "x-ms-client-request-id": "0990c22d-943b-470d-b2a0-4f0d5c1a6a9a",
        "x-ms-content-sha256": "URQ/adMCoSSiOTIoVhd\u002BivvNuzHr6uwRW0CMqhocrrw=",
        "x-ms-date": "Fri, 04 Aug 2023 20:11:59 GMT"
      },
      "RequestBody": {
        "participants": {
          "Sanitized": {
            "role": "Presenter"
          }
        }
      },
      "StatusCode": 200,
      "ResponseHeaders": {
        "api-deprecated-versions": "2022-02-01",
        "api-supported-versions": "2023-03-31-preview, 2023-06-14",
        "Content-Type": "application/json; charset=utf-8",
        "Date": "Fri, 04 Aug 2023 20:12:00 GMT",
        "MS-CV": "1kjXdCHK3Ee5YAzh395j9g.0",
        "Request-Context": "appId=",
        "Transfer-Encoding": "chunked",
        "X-Azure-Ref": "0j1vNZAAAAACSVo2BMw3wQoPaVnI/FeIcWVZSMzExMDAwMTE1MDE5AGYwOWE0YzEzLTIxZjEtNDhlYy05Y2Y3LTY2NTQ1Njg0YjY0Mg==",
        "X-Cache": "CONFIG_NOCACHE"
      },
      "ResponseBody": {}
    },
    {
      "RequestUri": "https://endpoint/rooms/99434346179458926/participants?api-version=2023-06-14",
      "RequestMethod": "GET",
      "RequestHeaders": {
        "Accept": "application/json",
        "Accept-Encoding": "gzip,deflate",
        "Authorization": "Sanitized",
        "Connection": "keep-alive",
        "User-Agent": "azsdk-js-communication-rooms/1.0.0 core-rest-pipeline/1.11.1 Node/v18.16.1 OS/(x64-Windows_NT-10.0.22621)",
        "x-ms-client-request-id": "e0fdc6f3-76ac-48d9-864f-9a66a6010258",
        "x-ms-content-sha256": "47DEQpj8HBSa\u002B/TImW\u002B5JCeuQeRkm5NMpJWZG3hSuFU=",
        "x-ms-date": "Fri, 04 Aug 2023 20:12:00 GMT"
      },
      "RequestBody": null,
      "StatusCode": 200,
      "ResponseHeaders": {
        "api-deprecated-versions": "2022-02-01",
        "api-supported-versions": "2023-03-31-preview, 2023-06-14",
        "Content-Type": "application/json; charset=utf-8",
        "Date": "Fri, 04 Aug 2023 20:12:00 GMT",
        "MS-CV": "o/v3MOPnE0ijPPgBHfqJWQ.0",
        "Request-Context": "appId=",
        "Transfer-Encoding": "chunked",
        "X-Azure-Ref": "0kFvNZAAAAAAjlV8swi\u002BSS63kLdOxD/9GWVZSMzExMDAwMTE1MDE5AGYwOWE0YzEzLTIxZjEtNDhlYy05Y2Y3LTY2NTQ1Njg0YjY0Mg==",
        "X-Cache": "CONFIG_NOCACHE"
      },
      "ResponseBody": {
        "value": [
          {
            "rawId": "Sanitized",
            "role": "Presenter"
          }
        ]
      }
    },
    {
      "RequestUri": "https://endpoint/rooms/99434346179458926?api-version=2023-06-14",
      "RequestMethod": "DELETE",
      "RequestHeaders": {
        "Accept": "application/json",
        "Accept-Encoding": "gzip,deflate",
        "Authorization": "Sanitized",
        "Connection": "keep-alive",
        "User-Agent": "azsdk-js-communication-rooms/1.0.0 core-rest-pipeline/1.11.1 Node/v18.16.1 OS/(x64-Windows_NT-10.0.22621)",
        "x-ms-client-request-id": "a3755a35-d98e-4c08-b3a0-23ae3d548939",
        "x-ms-content-sha256": "47DEQpj8HBSa\u002B/TImW\u002B5JCeuQeRkm5NMpJWZG3hSuFU=",
        "x-ms-date": "Fri, 04 Aug 2023 20:12:00 GMT"
      },
      "RequestBody": null,
      "StatusCode": 204,
      "ResponseHeaders": {
        "api-deprecated-versions": "2021-04-07, 2022-02-01",
        "api-supported-versions": "2023-03-31-preview, 2023-06-14",
        "Connection": "keep-alive",
        "Date": "Fri, 04 Aug 2023 20:12:01 GMT",
        "MS-CV": "mraOCIZ5w0K9ZRqajbo41w.0",
        "Request-Context": "appId=",
        "x-azure-ref": "20230804T201200Z-z7pvvckqmx0h15mqmxqy3umduw00000004a000000000dh0y",
        "X-Cache": "CONFIG_NOCACHE"
      },
      "ResponseBody": null
    }
  ],
  "Variables": {}
}
