{
  "Entries": [
    {
      "RequestUri": "https://management.azure.com/subscriptions/azure_subscription_id/resourceGroups/myjstest/providers/Microsoft.DataProtection/backupVaults/swaggerExample?api-version=2023-01-01",
      "RequestMethod": "DELETE",
      "RequestHeaders": {
        "Accept": "application/json",
        "Accept-Encoding": "gzip,deflate",
        "Authorization": "Sanitized",
        "Connection": "keep-alive",
        "User-Agent": "azsdk-js-arm-dataprotection/1.0.0-beta.2 core-rest-pipeline/1.10.2 Node/v16.17.0 OS/(x64-Windows_NT-10.0.22621)",
        "x-ms-client-request-id": "4a8f5096-4564-4985-b2f9-c21d9d8ff862"
      },
      "RequestBody": null,
      "StatusCode": 202,
      "ResponseHeaders": {
        "Azure-AsyncOperation": "https://management.azure.com/subscriptions/azure_subscription_id/resourceGroups/myjstest/providers/Microsoft.DataProtection/locations/eastus/operationStatus/MTU1YjUwYWUtZTk0Ny00NDJmLTliNGEtZGJlYWM2MmQxYWY1OzRiMmIxMDA1LWE2YTctNDRiZi1iODlhLWIxNjJhYTg1NDFhYw==?api-version=2023-01-01",
        "Cache-Control": "no-cache",
        "Content-Length": "0",
        "Date": "Thu, 09 Feb 2023 02:36:55 GMT",
        "Expires": "-1",
        "Location": "https://management.azure.com/subscriptions/azure_subscription_id/providers/Microsoft.DataProtection/locations/eastus/operationResults/MTU1YjUwYWUtZTk0Ny00NDJmLTliNGEtZGJlYWM2MmQxYWY1OzRiMmIxMDA1LWE2YTctNDRiZi1iODlhLWIxNjJhYTg1NDFhYw==?api-version=2023-01-01",
        "Pragma": "no-cache",
        "Retry-After": "30",
        "Server": "Kestrel",
        "Strict-Transport-Security": "max-age=31536000; includeSubDomains",
        "X-Content-Type-Options": "nosniff",
        "x-ms-correlation-request-id": "a7e08a5a-e1e9-406a-81bb-ab5cf02216cc",
        "x-ms-ratelimit-remaining-subscription-resource-requests": "99",
        "x-ms-request-id": "a7e08a5a-e1e9-406a-81bb-ab5cf02216cc",
        "x-ms-routing-request-id": "SOUTHEASTASIA:20230209T023655Z:a7e08a5a-e1e9-406a-81bb-ab5cf02216cc"
      },
      "ResponseBody": null
    },
    {
      "RequestUri": "https://management.azure.com/subscriptions/azure_subscription_id/resourceGroups/myjstest/providers/Microsoft.DataProtection/locations/eastus/operationStatus/MTU1YjUwYWUtZTk0Ny00NDJmLTliNGEtZGJlYWM2MmQxYWY1OzRiMmIxMDA1LWE2YTctNDRiZi1iODlhLWIxNjJhYTg1NDFhYw==?api-version=2023-01-01",
      "RequestMethod": "GET",
      "RequestHeaders": {
        "Accept": "application/json",
        "Accept-Encoding": "gzip,deflate",
        "Authorization": "Sanitized",
        "Connection": "keep-alive",
        "User-Agent": "azsdk-js-arm-dataprotection/1.0.0-beta.2 core-rest-pipeline/1.10.2 Node/v16.17.0 OS/(x64-Windows_NT-10.0.22621)",
        "x-ms-client-request-id": "79d05ff8-4988-49a7-9204-ef898d7819fd"
      },
      "RequestBody": null,
      "StatusCode": 200,
      "ResponseHeaders": {
        "Cache-Control": "no-cache",
        "Content-Encoding": "gzip",
        "Content-Type": "application/json; charset=utf-8",
        "Date": "Thu, 09 Feb 2023 02:36:55 GMT",
        "Expires": "-1",
        "Pragma": "no-cache",
        "Server": "Kestrel",
        "Strict-Transport-Security": "max-age=31536000; includeSubDomains",
        "Transfer-Encoding": "chunked",
        "Vary": "Accept-Encoding",
        "X-Content-Type-Options": "nosniff",
        "x-ms-correlation-request-id": "6ff2edbc-ccf5-40b4-b8b0-04576722ae48",
        "x-ms-ratelimit-remaining-subscription-resource-requests": "14999",
        "x-ms-request-id": "6ff2edbc-ccf5-40b4-b8b0-04576722ae48",
        "x-ms-routing-request-id": "SOUTHEASTASIA:20230209T023656Z:6ff2edbc-ccf5-40b4-b8b0-04576722ae48"
      },
      "ResponseBody": {
        "id": "/subscriptions/azure_subscription_id/resourceGroups/myjstest/providers/Microsoft.DataProtection/locations/eastus/operationStatus/MTU1YjUwYWUtZTk0Ny00NDJmLTliNGEtZGJlYWM2MmQxYWY1OzRiMmIxMDA1LWE2YTctNDRiZi1iODlhLWIxNjJhYTg1NDFhYw==",
        "name": "MTU1YjUwYWUtZTk0Ny00NDJmLTliNGEtZGJlYWM2MmQxYWY1OzRiMmIxMDA1LWE2YTctNDRiZi1iODlhLWIxNjJhYTg1NDFhYw==",
        "status": "Inprogress",
        "startTime": "2023-02-09T02:36:55.5059865Z",
        "endTime": "0001-01-01T00:00:00Z"
      }
    },
    {
      "RequestUri": "https://management.azure.com/subscriptions/azure_subscription_id/resourceGroups/myjstest/providers/Microsoft.DataProtection/locations/eastus/operationStatus/MTU1YjUwYWUtZTk0Ny00NDJmLTliNGEtZGJlYWM2MmQxYWY1OzRiMmIxMDA1LWE2YTctNDRiZi1iODlhLWIxNjJhYTg1NDFhYw==?api-version=2023-01-01",
      "RequestMethod": "GET",
      "RequestHeaders": {
        "Accept": "application/json",
        "Accept-Encoding": "gzip,deflate",
        "Authorization": "Sanitized",
        "Connection": "keep-alive",
        "User-Agent": "azsdk-js-arm-dataprotection/1.0.0-beta.2 core-rest-pipeline/1.10.2 Node/v16.17.0 OS/(x64-Windows_NT-10.0.22621)",
        "x-ms-client-request-id": "f2f6d156-012c-441f-b31f-4bb7b4540223"
      },
      "RequestBody": null,
      "StatusCode": 200,
      "ResponseHeaders": {
        "Cache-Control": "no-cache",
        "Content-Encoding": "gzip",
        "Content-Type": "application/json; charset=utf-8",
        "Date": "Thu, 09 Feb 2023 02:36:56 GMT",
        "Expires": "-1",
        "Pragma": "no-cache",
        "Server": "Kestrel",
        "Strict-Transport-Security": "max-age=31536000; includeSubDomains",
        "Transfer-Encoding": "chunked",
        "Vary": "Accept-Encoding",
        "X-Content-Type-Options": "nosniff",
        "x-ms-correlation-request-id": "b3d426c7-455c-48ed-b6a4-cb1ebb880137",
        "x-ms-ratelimit-remaining-subscription-resource-requests": "14998",
        "x-ms-request-id": "b3d426c7-455c-48ed-b6a4-cb1ebb880137",
        "x-ms-routing-request-id": "SOUTHEASTASIA:20230209T023656Z:b3d426c7-455c-48ed-b6a4-cb1ebb880137"
      },
      "ResponseBody": {
        "id": "/subscriptions/azure_subscription_id/resourceGroups/myjstest/providers/Microsoft.DataProtection/locations/eastus/operationStatus/MTU1YjUwYWUtZTk0Ny00NDJmLTliNGEtZGJlYWM2MmQxYWY1OzRiMmIxMDA1LWE2YTctNDRiZi1iODlhLWIxNjJhYTg1NDFhYw==",
        "name": "MTU1YjUwYWUtZTk0Ny00NDJmLTliNGEtZGJlYWM2MmQxYWY1OzRiMmIxMDA1LWE2YTctNDRiZi1iODlhLWIxNjJhYTg1NDFhYw==",
        "status": "Succeeded",
        "startTime": "2023-02-09T02:36:55.5059865Z",
        "endTime": "2023-02-09T02:36:56Z"
      }
    },
    {
      "RequestUri": "https://management.azure.com/subscriptions/azure_subscription_id/resourceGroups/myjstest/providers/Microsoft.DataProtection/backupVaults?api-version=2023-01-01",
      "RequestMethod": "GET",
      "RequestHeaders": {
        "Accept": "application/json",
        "Accept-Encoding": "gzip,deflate",
        "Authorization": "Sanitized",
        "Connection": "keep-alive",
        "User-Agent": "azsdk-js-arm-dataprotection/1.0.0-beta.2 core-rest-pipeline/1.10.2 Node/v16.17.0 OS/(x64-Windows_NT-10.0.22621)",
        "x-ms-client-request-id": "f09dbea1-fe55-4f56-bc72-70f8a6e0092d"
      },
      "RequestBody": null,
      "StatusCode": 200,
      "ResponseHeaders": {
        "Cache-Control": "no-cache",
        "Content-Encoding": "gzip",
        "Content-Type": "application/json; charset=utf-8",
        "Date": "Thu, 09 Feb 2023 02:36:56 GMT",
        "Expires": "-1",
        "Pragma": "no-cache",
        "Server": "Kestrel",
        "Strict-Transport-Security": "max-age=31536000; includeSubDomains",
        "Transfer-Encoding": "chunked",
        "Vary": "Accept-Encoding",
        "X-Content-Type-Options": "nosniff",
        "x-ms-correlation-request-id": "ccc8b018-c7d1-413d-8e39-dc0c6c17d5b6",
        "x-ms-ratelimit-remaining-subscription-resource-requests": "496",
        "x-ms-request-id": "ccc8b018-c7d1-413d-8e39-dc0c6c17d5b6",
        "x-ms-routing-request-id": "SOUTHEASTASIA:20230209T023657Z:ccc8b018-c7d1-413d-8e39-dc0c6c17d5b6"
      },
      "ResponseBody": {
        "value": []
      }
    }
  ],
  "Variables": {}
}
