{
  "Entries": [
    {
      "RequestUri": "https://myappconfig.azconfig.io/kv/snapshotTest1817?api-version=2022-11-01-preview\u0026label=label1",
      "RequestMethod": "PUT",
      "RequestHeaders": {
        "Accept": "application/vnd.microsoft.appconfig.kv\u002Bjson, application/problem\u002Bjson",
        "Accept-Encoding": "gzip, deflate, br",
        "Accept-Language": "en-US",
        "Authorization": "Sanitized",
        "Connection": "keep-alive",
        "Content-Length": "60",
        "Content-Type": "application/vnd.microsoft.appconfig.kv\u002Bjson",
        "If-None-Match": "*",
        "Origin": "http://localhost:9876",
        "Referer": "http://localhost:9876/",
        "sec-ch-ua": "",
        "sec-ch-ua-mobile": "?0",
        "sec-ch-ua-platform": "",
        "Sec-Fetch-Dest": "empty",
        "Sec-Fetch-Mode": "cors",
        "Sec-Fetch-Site": "same-site",
        "User-Agent": "Mozilla/5.0 (Windows NT 10.0; Win64; x64) AppleWebKit/537.36 (KHTML, like Gecko) HeadlessChrome/111.0.5555.0 Safari/537.36",
        "x-ms-client-request-id": "0735cfaf-da0e-4bcf-abbe-4116ea64f16e",
        "x-ms-content-sha256": "/08mPT9aw0\u002BpJGmo5d\u002Byoe\u002Bjf5/j4w1lmXrWih/EtPc=",
        "x-ms-date": "Fri, 10 Mar 2023 22:08:04 GMT",
        "x-ms-useragent": "azsdk-js-app-configuration/1.4.0-beta.1 core-rest-pipeline/1.10.1 OS/Win32"
      },
      "RequestBody": {
        "key": "snapshotTest1817",
        "label": "label1",
        "value": "value1"
      },
      "StatusCode": 200,
      "ResponseHeaders": {
        "Access-Control-Allow-Credentials": "true",
        "Access-Control-Allow-Origin": "*",
        "Access-Control-Expose-Headers": "DNT, X-CustomHeader, Keep-Alive, User-Agent, X-Requested-With, If-Modified-Since, Cache-Control, Content-Type, Authorization, x-ms-client-request-id, x-ms-useragent, x-ms-content-sha256, x-ms-date, host, Accept, Accept-Datetime, Date, If-Match, If-None-Match, Sync-Token, x-ms-return-client-request-id, ETag, Last-Modified, Link, Memento-Datetime, retry-after-ms, x-ms-request-id, x-ms-client-session-id, x-ms-effective-locale, WWW-Authenticate, traceparent, tracestate",
        "Connection": "keep-alive",
        "Content-Type": "application/vnd.microsoft.appconfig.kv\u002Bjson; charset=utf-8",
        "Date": "Fri, 10 Mar 2023 22:08:06 GMT",
        "ETag": "\u0022fS0mkFksA_M8pjM-PFUBhS3HgbU72LJOZ-hJ6We5fZo\u0022",
        "Last-Modified": "Fri, 10 Mar 2023 22:08:06 GMT",
        "Server": "openresty/1.21.4.1",
        "Strict-Transport-Security": "max-age=15724800; includeSubDomains",
        "Sync-Token": "zAJw6V16=MDotMSMxMDY2NzI=;sn=106672",
        "Transfer-Encoding": "chunked",
        "x-ms-correlation-request-id": "f2e1b870-8e7c-46ca-b6db-79b2ea2d1b55",
        "x-ms-request-id": "f2e1b870-8e7c-46ca-b6db-79b2ea2d1b55"
      },
      "ResponseBody": {
        "etag": "fS0mkFksA_M8pjM-PFUBhS3HgbU72LJOZ-hJ6We5fZo",
        "key": "snapshotTest1817",
        "label": "label1",
        "content_type": null,
        "value": "value1",
        "tags": {},
        "locked": false,
        "last_modified": "2023-03-10T22:08:06\u002B00:00"
      }
    },
    {
      "RequestUri": "https://myappconfig.azconfig.io/kv/snapshotTest2332?api-version=2022-11-01-preview\u0026label=label2",
      "RequestMethod": "PUT",
      "RequestHeaders": {
        "Accept": "application/vnd.microsoft.appconfig.kv\u002Bjson, application/problem\u002Bjson",
        "Accept-Encoding": "gzip, deflate, br",
        "Accept-Language": "en-US",
        "Authorization": "Sanitized",
        "Connection": "keep-alive",
        "Content-Length": "60",
        "Content-Type": "application/vnd.microsoft.appconfig.kv\u002Bjson",
        "If-None-Match": "*",
        "Origin": "http://localhost:9876",
        "Referer": "http://localhost:9876/",
        "sec-ch-ua": "",
        "sec-ch-ua-mobile": "?0",
        "sec-ch-ua-platform": "",
        "Sec-Fetch-Dest": "empty",
        "Sec-Fetch-Mode": "cors",
        "Sec-Fetch-Site": "same-site",
        "sync-token": "zAJw6V16=MDotMSMxMDY2NzI=",
        "User-Agent": "Mozilla/5.0 (Windows NT 10.0; Win64; x64) AppleWebKit/537.36 (KHTML, like Gecko) HeadlessChrome/111.0.5555.0 Safari/537.36",
        "x-ms-client-request-id": "d9b8666d-dff6-4d5b-9304-0da634e96d0a",
        "x-ms-content-sha256": "hIVGIWpnOqN7ZGMnFj939eIrnCCP/B75/CMO2Unc5nU=",
        "x-ms-date": "Fri, 10 Mar 2023 22:08:04 GMT",
        "x-ms-useragent": "azsdk-js-app-configuration/1.4.0-beta.1 core-rest-pipeline/1.10.1 OS/Win32"
      },
      "RequestBody": {
        "key": "snapshotTest2332",
        "label": "label2",
        "value": "value2"
      },
      "StatusCode": 200,
      "ResponseHeaders": {
        "Access-Control-Allow-Credentials": "true",
        "Access-Control-Allow-Origin": "*",
        "Access-Control-Expose-Headers": "DNT, X-CustomHeader, Keep-Alive, User-Agent, X-Requested-With, If-Modified-Since, Cache-Control, Content-Type, Authorization, x-ms-client-request-id, x-ms-useragent, x-ms-content-sha256, x-ms-date, host, Accept, Accept-Datetime, Date, If-Match, If-None-Match, Sync-Token, x-ms-return-client-request-id, ETag, Last-Modified, Link, Memento-Datetime, retry-after-ms, x-ms-request-id, x-ms-client-session-id, x-ms-effective-locale, WWW-Authenticate, traceparent, tracestate",
        "Connection": "keep-alive",
        "Content-Type": "application/vnd.microsoft.appconfig.kv\u002Bjson; charset=utf-8",
        "Date": "Fri, 10 Mar 2023 22:08:06 GMT",
        "ETag": "\u0022EVY1Q4-dPIB1_4_E5Z9TerIJ166anLtF2EtdYR8xHBI\u0022",
        "Last-Modified": "Fri, 10 Mar 2023 22:08:06 GMT",
        "Server": "openresty/1.21.4.1",
        "Strict-Transport-Security": "max-age=15724800; includeSubDomains",
        "Sync-Token": "zAJw6V16=MDotMSMxMDY2NzM=;sn=106673",
        "Transfer-Encoding": "chunked",
        "x-ms-correlation-request-id": "feebf13e-6995-4f74-bbbd-33f27736d5da",
        "x-ms-request-id": "feebf13e-6995-4f74-bbbd-33f27736d5da"
      },
      "ResponseBody": {
        "etag": "EVY1Q4-dPIB1_4_E5Z9TerIJ166anLtF2EtdYR8xHBI",
        "key": "snapshotTest2332",
        "label": "label2",
        "content_type": null,
        "value": "value2",
        "tags": {},
        "locked": false,
        "last_modified": "2023-03-10T22:08:06\u002B00:00"
      }
    },
    {
      "RequestUri": "https://myappconfig.azconfig.io/snapshots/snapshotTest1817?api-version=2022-11-01-preview",
      "RequestMethod": "PUT",
      "RequestHeaders": {
        "Accept": "application/vnd.microsoft.appconfig.snapshot\u002Bjson, application/problem\u002Bjson",
        "Accept-Encoding": "gzip, deflate, br",
        "Accept-Language": "en-US",
        "Authorization": "Sanitized",
        "Connection": "keep-alive",
        "Content-Length": "79",
        "Content-Type": "application/vnd.microsoft.appconfig.snapshot\u002Bjson",
        "Origin": "http://localhost:9876",
        "Referer": "http://localhost:9876/",
        "sec-ch-ua": "",
        "sec-ch-ua-mobile": "?0",
        "sec-ch-ua-platform": "",
        "Sec-Fetch-Dest": "empty",
        "Sec-Fetch-Mode": "cors",
        "Sec-Fetch-Site": "same-site",
        "sync-token": "zAJw6V16=MDotMSMxMDY2NzM=",
        "User-Agent": "Mozilla/5.0 (Windows NT 10.0; Win64; x64) AppleWebKit/537.36 (KHTML, like Gecko) HeadlessChrome/111.0.5555.0 Safari/537.36",
        "x-ms-client-request-id": "41473699-a82c-496c-a976-127caef96b23",
        "x-ms-content-sha256": "ODxWtQjJ4fntm6tFXt5FjeS2WVVdX4DShvQFCYBJXVY=",
        "x-ms-date": "Fri, 10 Mar 2023 22:08:05 GMT",
        "x-ms-useragent": "azsdk-js-app-configuration/1.4.0-beta.1 core-rest-pipeline/1.10.1 OS/Win32"
      },
      "RequestBody": {
        "filters": [
          {
            "key": "snapshotTest1817",
            "label": "label1"
          }
        ],
        "retention_period": 30
      },
      "StatusCode": 201,
      "ResponseHeaders": {
        "Access-Control-Allow-Credentials": "true",
        "Access-Control-Allow-Origin": "*",
        "Access-Control-Expose-Headers": "DNT, X-CustomHeader, Keep-Alive, User-Agent, X-Requested-With, If-Modified-Since, Cache-Control, Content-Type, Authorization, x-ms-client-request-id, x-ms-useragent, x-ms-content-sha256, x-ms-date, host, Accept, Accept-Datetime, Date, If-Match, If-None-Match, Sync-Token, x-ms-return-client-request-id, ETag, Last-Modified, Link, Memento-Datetime, retry-after-ms, x-ms-request-id, x-ms-client-session-id, x-ms-effective-locale, WWW-Authenticate, traceparent, tracestate",
        "Connection": "keep-alive",
        "Content-Type": "application/vnd.microsoft.appconfig.snapshot\u002Bjson; charset=utf-8",
        "Date": "Fri, 10 Mar 2023 22:08:06 GMT",
        "ETag": "\u0022_TRWoz8DwqX0e-IEJXu3O5OLexZf5vNd4sEmX6vhIQc\u0022",
        "Last-Modified": "Fri, 10 Mar 2023 22:08:06 GMT",
        "Link": "\u003C/kv?snapshot=snapshotTest1817\u0026api-version=2022-11-01-preview\u003E; rel=\u0022items\u0022",
        "Operation-Location": "https://myappconfig.azconfig.io/operations?snapshot=snapshotTest1817\u0026api-version=2022-11-01-preview",
        "Server": "openresty/1.21.4.1",
        "Strict-Transport-Security": "max-age=15724800; includeSubDomains",
        "Sync-Token": "zAJw6V16=MDotMSMxMDY2NzQ=;sn=106674",
        "Transfer-Encoding": "chunked",
        "x-ms-correlation-request-id": "cd76dcc3-bf3d-4b74-aa97-8026f90c8c51",
        "x-ms-request-id": "cd76dcc3-bf3d-4b74-aa97-8026f90c8c51"
      },
      "ResponseBody": {
        "etag": "_TRWoz8DwqX0e-IEJXu3O5OLexZf5vNd4sEmX6vhIQc",
        "name": "snapshotTest1817",
        "status": "provisioning",
        "filters": [
          {
            "key": "snapshotTest1817",
            "label": "label1"
          }
        ],
        "composition_type": "all",
        "created": "2023-03-10T22:08:06\u002B00:00",
        "size": 0,
        "items_count": 0,
        "tags": {},
        "retention_period": 30
      }
    },
    {
      "RequestUri": "https://myappconfig.azconfig.io/operations?snapshot=snapshotTest1817\u0026api-version=2022-11-01-preview",
      "RequestMethod": "GET",
      "RequestHeaders": {
        "Accept": "application/vnd.microsoft.appconfig.snapshot\u002Bjson, application/problem\u002Bjson",
        "Accept-Encoding": "gzip, deflate, br",
        "Accept-Language": "en-US",
        "Authorization": "Sanitized",
        "Connection": "keep-alive",
        "Content-Type": "application/vnd.microsoft.appconfig.snapshot\u002Bjson",
        "Origin": "http://localhost:9876",
        "Referer": "http://localhost:9876/",
        "sec-ch-ua": "",
        "sec-ch-ua-mobile": "?0",
        "sec-ch-ua-platform": "",
        "Sec-Fetch-Dest": "empty",
        "Sec-Fetch-Mode": "cors",
        "Sec-Fetch-Site": "same-site",
        "sync-token": "zAJw6V16=MDotMSMxMDY2NzQ=",
        "User-Agent": "Mozilla/5.0 (Windows NT 10.0; Win64; x64) AppleWebKit/537.36 (KHTML, like Gecko) HeadlessChrome/111.0.5555.0 Safari/537.36",
        "x-ms-client-request-id": "8119190c-03da-4bcc-a067-be0c1834c1e2",
        "x-ms-content-sha256": "47DEQpj8HBSa\u002B/TImW\u002B5JCeuQeRkm5NMpJWZG3hSuFU=",
        "x-ms-date": "Fri, 10 Mar 2023 22:08:05 GMT",
        "x-ms-useragent": "azsdk-js-app-configuration/1.4.0-beta.1 core-rest-pipeline/1.10.1 OS/Win32"
      },
      "RequestBody": null,
      "StatusCode": 200,
      "ResponseHeaders": {
        "Access-Control-Allow-Credentials": "true",
        "Access-Control-Allow-Origin": "*",
        "Access-Control-Expose-Headers": "DNT, X-CustomHeader, Keep-Alive, User-Agent, X-Requested-With, If-Modified-Since, Cache-Control, Content-Type, Authorization, x-ms-client-request-id, x-ms-useragent, x-ms-content-sha256, x-ms-date, host, Accept, Accept-Datetime, Date, If-Match, If-None-Match, Sync-Token, x-ms-return-client-request-id, ETag, Last-Modified, Link, Memento-Datetime, retry-after-ms, x-ms-request-id, x-ms-client-session-id, x-ms-effective-locale, WWW-Authenticate, traceparent, tracestate",
        "Connection": "keep-alive",
        "Content-Encoding": "gzip",
        "Content-Type": "application/json; charset=utf-8",
        "Date": "Fri, 10 Mar 2023 22:08:06 GMT",
        "Retry-After": "10",
        "Server": "openresty/1.21.4.1",
        "Strict-Transport-Security": "max-age=15724800; includeSubDomains",
        "Sync-Token": "zAJw6V16=MDotMSMxMDY2NzQ=;sn=106674",
        "Transfer-Encoding": "chunked",
        "Vary": "Accept-Encoding",
        "x-ms-correlation-request-id": "46ed4be0-7750-4161-a5d8-4096d0fdd024",
        "x-ms-request-id": "46ed4be0-7750-4161-a5d8-4096d0fdd024"
      },
      "ResponseBody": {
        "id": "snapshotTest1817",
        "status": "Running",
        "error": null
      }
    },
    {
      "RequestUri": "https://myappconfig.azconfig.io/snapshots/snapshotTest1817?api-version=2022-11-01-preview",
      "RequestMethod": "GET",
      "RequestHeaders": {
        "Accept": "application/vnd.microsoft.appconfig.snapshot\u002Bjson, application/problem\u002Bjson",
        "Accept-Encoding": "gzip, deflate, br",
        "Accept-Language": "en-US",
        "Authorization": "Sanitized",
        "Connection": "keep-alive",
        "Content-Type": "application/vnd.microsoft.appconfig.snapshot\u002Bjson",
        "Origin": "http://localhost:9876",
        "Referer": "http://localhost:9876/",
        "sec-ch-ua": "",
        "sec-ch-ua-mobile": "?0",
        "sec-ch-ua-platform": "",
        "Sec-Fetch-Dest": "empty",
        "Sec-Fetch-Mode": "cors",
        "Sec-Fetch-Site": "same-site",
        "sync-token": "zAJw6V16=MDotMSMxMDY2NzQ=",
        "User-Agent": "Mozilla/5.0 (Windows NT 10.0; Win64; x64) AppleWebKit/537.36 (KHTML, like Gecko) HeadlessChrome/111.0.5555.0 Safari/537.36",
        "x-ms-client-request-id": "22ad2c1e-93f6-4e18-8eb6-43439fe693d6",
        "x-ms-content-sha256": "47DEQpj8HBSa\u002B/TImW\u002B5JCeuQeRkm5NMpJWZG3hSuFU=",
        "x-ms-date": "Fri, 10 Mar 2023 22:08:05 GMT",
        "x-ms-useragent": "azsdk-js-app-configuration/1.4.0-beta.1 core-rest-pipeline/1.10.1 OS/Win32"
      },
      "RequestBody": null,
      "StatusCode": 200,
      "ResponseHeaders": {
        "Access-Control-Allow-Credentials": "true",
        "Access-Control-Allow-Origin": "*",
        "Access-Control-Expose-Headers": "DNT, X-CustomHeader, Keep-Alive, User-Agent, X-Requested-With, If-Modified-Since, Cache-Control, Content-Type, Authorization, x-ms-client-request-id, x-ms-useragent, x-ms-content-sha256, x-ms-date, host, Accept, Accept-Datetime, Date, If-Match, If-None-Match, Sync-Token, x-ms-return-client-request-id, ETag, Last-Modified, Link, Memento-Datetime, retry-after-ms, x-ms-request-id, x-ms-client-session-id, x-ms-effective-locale, WWW-Authenticate, traceparent, tracestate",
        "Connection": "keep-alive",
        "Content-Type": "application/vnd.microsoft.appconfig.snapshot\u002Bjson; charset=utf-8",
        "Date": "Fri, 10 Mar 2023 22:08:07 GMT",
        "ETag": "\u0022_TRWoz8DwqX0e-IEJXu3O5OLexZf5vNd4sEmX6vhIQc\u0022",
        "Last-Modified": "Fri, 10 Mar 2023 22:08:06 GMT",
        "Link": "\u003C/kv?snapshot=snapshotTest1817\u0026api-version=2022-11-01-preview\u003E; rel=\u0022items\u0022",
        "Server": "openresty/1.21.4.1",
        "Strict-Transport-Security": "max-age=15724800; includeSubDomains",
        "Sync-Token": "zAJw6V16=MDotMSMxMDY2NzQ=;sn=106674",
        "Transfer-Encoding": "chunked",
        "x-ms-correlation-request-id": "2659205c-722f-4cef-a1b6-bf798673fdeb",
        "x-ms-request-id": "2659205c-722f-4cef-a1b6-bf798673fdeb"
      },
      "ResponseBody": {
        "etag": "_TRWoz8DwqX0e-IEJXu3O5OLexZf5vNd4sEmX6vhIQc",
        "name": "snapshotTest1817",
        "status": "provisioning",
        "filters": [
          {
            "key": "snapshotTest1817",
            "label": "label1"
          }
        ],
        "composition_type": "all",
        "created": "2023-03-10T22:08:06\u002B00:00",
        "size": 0,
        "items_count": 0,
        "tags": {},
        "retention_period": 30
      }
    },
    {
      "RequestUri": "https://myappconfig.azconfig.io/snapshots/snapshotTest1817?api-version=2022-11-01-preview",
      "RequestMethod": "GET",
      "RequestHeaders": {
        "Accept": "application/vnd.microsoft.appconfig.snapshot\u002Bjson, application/problem\u002Bjson",
        "Accept-Encoding": "gzip, deflate, br",
        "Accept-Language": "en-US",
        "Authorization": "Sanitized",
        "Connection": "keep-alive",
        "Origin": "http://localhost:9876",
        "Referer": "http://localhost:9876/",
        "sec-ch-ua": "",
        "sec-ch-ua-mobile": "?0",
        "sec-ch-ua-platform": "",
        "Sec-Fetch-Dest": "empty",
        "Sec-Fetch-Mode": "cors",
        "Sec-Fetch-Site": "same-site",
        "sync-token": "zAJw6V16=MDotMSMxMDY2NzQ=",
        "User-Agent": "Mozilla/5.0 (Windows NT 10.0; Win64; x64) AppleWebKit/537.36 (KHTML, like Gecko) HeadlessChrome/111.0.5555.0 Safari/537.36",
        "x-ms-client-request-id": "24d69788-ebaa-46a3-869c-6a1bad9c5563",
        "x-ms-content-sha256": "47DEQpj8HBSa\u002B/TImW\u002B5JCeuQeRkm5NMpJWZG3hSuFU=",
        "x-ms-date": "Fri, 10 Mar 2023 22:08:05 GMT",
        "x-ms-useragent": "azsdk-js-app-configuration/1.4.0-beta.1 core-rest-pipeline/1.10.1 OS/Win32"
      },
      "RequestBody": null,
      "StatusCode": 200,
      "ResponseHeaders": {
        "Access-Control-Allow-Credentials": "true",
        "Access-Control-Allow-Origin": "*",
        "Access-Control-Expose-Headers": "DNT, X-CustomHeader, Keep-Alive, User-Agent, X-Requested-With, If-Modified-Since, Cache-Control, Content-Type, Authorization, x-ms-client-request-id, x-ms-useragent, x-ms-content-sha256, x-ms-date, host, Accept, Accept-Datetime, Date, If-Match, If-None-Match, Sync-Token, x-ms-return-client-request-id, ETag, Last-Modified, Link, Memento-Datetime, retry-after-ms, x-ms-request-id, x-ms-client-session-id, x-ms-effective-locale, WWW-Authenticate, traceparent, tracestate",
        "Connection": "keep-alive",
        "Content-Type": "application/vnd.microsoft.appconfig.snapshot\u002Bjson; charset=utf-8",
        "Date": "Fri, 10 Mar 2023 22:08:07 GMT",
        "ETag": "\u0022_TRWoz8DwqX0e-IEJXu3O5OLexZf5vNd4sEmX6vhIQc\u0022",
        "Last-Modified": "Fri, 10 Mar 2023 22:08:06 GMT",
        "Link": "\u003C/kv?snapshot=snapshotTest1817\u0026api-version=2022-11-01-preview\u003E; rel=\u0022items\u0022",
        "Server": "openresty/1.21.4.1",
        "Strict-Transport-Security": "max-age=15724800; includeSubDomains",
        "Sync-Token": "zAJw6V16=MDotMSMxMDY2NzQ=;sn=106674",
        "Transfer-Encoding": "chunked",
        "x-ms-correlation-request-id": "b30e491a-5282-4830-ad6e-dc4e1dee1412",
        "x-ms-request-id": "b30e491a-5282-4830-ad6e-dc4e1dee1412"
      },
      "ResponseBody": {
        "etag": "_TRWoz8DwqX0e-IEJXu3O5OLexZf5vNd4sEmX6vhIQc",
        "name": "snapshotTest1817",
        "status": "provisioning",
        "filters": [
          {
            "key": "snapshotTest1817",
            "label": "label1"
          }
        ],
        "composition_type": "all",
        "created": "2023-03-10T22:08:06\u002B00:00",
        "size": 0,
        "items_count": 0,
        "tags": {},
        "retention_period": 30
      }
    },
    {
      "RequestUri": "https://myappconfig.azconfig.io/snapshots/snapshotTest1817?api-version=2022-11-01-preview",
      "RequestMethod": "GET",
      "RequestHeaders": {
        "Accept": "application/vnd.microsoft.appconfig.snapshot\u002Bjson, application/problem\u002Bjson",
        "Accept-Encoding": "gzip, deflate, br",
        "Accept-Language": "en-US",
        "Authorization": "Sanitized",
        "Connection": "keep-alive",
        "Origin": "http://localhost:9876",
        "Referer": "http://localhost:9876/",
        "sec-ch-ua": "",
        "sec-ch-ua-mobile": "?0",
        "sec-ch-ua-platform": "",
        "Sec-Fetch-Dest": "empty",
        "Sec-Fetch-Mode": "cors",
        "Sec-Fetch-Site": "same-site",
        "sync-token": "zAJw6V16=MDotMSMxMDY2NzQ=",
        "User-Agent": "Mozilla/5.0 (Windows NT 10.0; Win64; x64) AppleWebKit/537.36 (KHTML, like Gecko) HeadlessChrome/111.0.5555.0 Safari/537.36",
        "x-ms-client-request-id": "b5bc2a9b-e0ef-4a48-b872-4380ae4809e5",
        "x-ms-content-sha256": "47DEQpj8HBSa\u002B/TImW\u002B5JCeuQeRkm5NMpJWZG3hSuFU=",
        "x-ms-date": "Fri, 10 Mar 2023 22:08:07 GMT",
        "x-ms-useragent": "azsdk-js-app-configuration/1.4.0-beta.1 core-rest-pipeline/1.10.1 OS/Win32"
      },
      "RequestBody": null,
      "StatusCode": 200,
      "ResponseHeaders": {
        "Access-Control-Allow-Credentials": "true",
        "Access-Control-Allow-Origin": "*",
        "Access-Control-Expose-Headers": "DNT, X-CustomHeader, Keep-Alive, User-Agent, X-Requested-With, If-Modified-Since, Cache-Control, Content-Type, Authorization, x-ms-client-request-id, x-ms-useragent, x-ms-content-sha256, x-ms-date, host, Accept, Accept-Datetime, Date, If-Match, If-None-Match, Sync-Token, x-ms-return-client-request-id, ETag, Last-Modified, Link, Memento-Datetime, retry-after-ms, x-ms-request-id, x-ms-client-session-id, x-ms-effective-locale, WWW-Authenticate, traceparent, tracestate",
        "Connection": "keep-alive",
        "Content-Type": "application/vnd.microsoft.appconfig.snapshot\u002Bjson; charset=utf-8",
        "Date": "Fri, 10 Mar 2023 22:08:09 GMT",
        "ETag": "\u0022_TRWoz8DwqX0e-IEJXu3O5OLexZf5vNd4sEmX6vhIQc\u0022",
        "Last-Modified": "Fri, 10 Mar 2023 22:08:06 GMT",
        "Link": "\u003C/kv?snapshot=snapshotTest1817\u0026api-version=2022-11-01-preview\u003E; rel=\u0022items\u0022",
        "Server": "openresty/1.21.4.1",
        "Strict-Transport-Security": "max-age=15724800; includeSubDomains",
        "Sync-Token": "zAJw6V16=MDotMSMxMDY2NzQ=;sn=106674",
        "Transfer-Encoding": "chunked",
        "x-ms-correlation-request-id": "5e3fe7ec-c454-4bf7-a1e0-c2ca14b5c720",
        "x-ms-request-id": "5e3fe7ec-c454-4bf7-a1e0-c2ca14b5c720"
      },
      "ResponseBody": {
        "etag": "_TRWoz8DwqX0e-IEJXu3O5OLexZf5vNd4sEmX6vhIQc",
        "name": "snapshotTest1817",
        "status": "provisioning",
        "filters": [
          {
            "key": "snapshotTest1817",
            "label": "label1"
          }
        ],
        "composition_type": "all",
        "created": "2023-03-10T22:08:06\u002B00:00",
        "size": 0,
        "items_count": 0,
        "tags": {},
        "retention_period": 30
      }
    },
    {
      "RequestUri": "https://myappconfig.azconfig.io/snapshots/snapshotTest1817?api-version=2022-11-01-preview",
      "RequestMethod": "GET",
      "RequestHeaders": {
        "Accept": "application/vnd.microsoft.appconfig.snapshot\u002Bjson, application/problem\u002Bjson",
        "Accept-Encoding": "gzip, deflate, br",
        "Accept-Language": "en-US",
        "Authorization": "Sanitized",
        "Connection": "keep-alive",
        "Origin": "http://localhost:9876",
        "Referer": "http://localhost:9876/",
        "sec-ch-ua": "",
        "sec-ch-ua-mobile": "?0",
        "sec-ch-ua-platform": "",
        "Sec-Fetch-Dest": "empty",
        "Sec-Fetch-Mode": "cors",
        "Sec-Fetch-Site": "same-site",
        "sync-token": "zAJw6V16=MDotMSMxMDY2NzQ=",
        "User-Agent": "Mozilla/5.0 (Windows NT 10.0; Win64; x64) AppleWebKit/537.36 (KHTML, like Gecko) HeadlessChrome/111.0.5555.0 Safari/537.36",
        "x-ms-client-request-id": "fe097df4-d89f-4332-8a34-8991a519982e",
        "x-ms-content-sha256": "47DEQpj8HBSa\u002B/TImW\u002B5JCeuQeRkm5NMpJWZG3hSuFU=",
        "x-ms-date": "Fri, 10 Mar 2023 22:08:10 GMT",
        "x-ms-useragent": "azsdk-js-app-configuration/1.4.0-beta.1 core-rest-pipeline/1.10.1 OS/Win32"
      },
      "RequestBody": null,
      "StatusCode": 200,
      "ResponseHeaders": {
        "Access-Control-Allow-Credentials": "true",
        "Access-Control-Allow-Origin": "*",
        "Access-Control-Expose-Headers": "DNT, X-CustomHeader, Keep-Alive, User-Agent, X-Requested-With, If-Modified-Since, Cache-Control, Content-Type, Authorization, x-ms-client-request-id, x-ms-useragent, x-ms-content-sha256, x-ms-date, host, Accept, Accept-Datetime, Date, If-Match, If-None-Match, Sync-Token, x-ms-return-client-request-id, ETag, Last-Modified, Link, Memento-Datetime, retry-after-ms, x-ms-request-id, x-ms-client-session-id, x-ms-effective-locale, WWW-Authenticate, traceparent, tracestate",
        "Connection": "keep-alive",
        "Content-Type": "application/vnd.microsoft.appconfig.snapshot\u002Bjson; charset=utf-8",
        "Date": "Fri, 10 Mar 2023 22:08:11 GMT",
        "ETag": "\u0022_TRWoz8DwqX0e-IEJXu3O5OLexZf5vNd4sEmX6vhIQc\u0022",
        "Last-Modified": "Fri, 10 Mar 2023 22:08:06 GMT",
        "Link": "\u003C/kv?snapshot=snapshotTest1817\u0026api-version=2022-11-01-preview\u003E; rel=\u0022items\u0022",
        "Server": "openresty/1.21.4.1",
        "Strict-Transport-Security": "max-age=15724800; includeSubDomains",
        "Sync-Token": "zAJw6V16=MDotMSMxMDY2NzQ=;sn=106674",
        "Transfer-Encoding": "chunked",
        "x-ms-correlation-request-id": "efde6853-63fa-42a2-bf47-1b90050a7ccf",
        "x-ms-request-id": "efde6853-63fa-42a2-bf47-1b90050a7ccf"
      },
      "ResponseBody": {
        "etag": "_TRWoz8DwqX0e-IEJXu3O5OLexZf5vNd4sEmX6vhIQc",
        "name": "snapshotTest1817",
        "status": "provisioning",
        "filters": [
          {
            "key": "snapshotTest1817",
            "label": "label1"
          }
        ],
        "composition_type": "all",
        "created": "2023-03-10T22:08:06\u002B00:00",
        "size": 0,
        "items_count": 0,
        "tags": {},
        "retention_period": 30
      }
    },
    {
      "RequestUri": "https://myappconfig.azconfig.io/snapshots/snapshotTest1817?api-version=2022-11-01-preview",
      "RequestMethod": "GET",
      "RequestHeaders": {
        "Accept": "application/vnd.microsoft.appconfig.snapshot\u002Bjson, application/problem\u002Bjson",
        "Accept-Encoding": "gzip, deflate, br",
        "Accept-Language": "en-US",
        "Authorization": "Sanitized",
        "Connection": "keep-alive",
        "Origin": "http://localhost:9876",
        "Referer": "http://localhost:9876/",
        "sec-ch-ua": "",
        "sec-ch-ua-mobile": "?0",
        "sec-ch-ua-platform": "",
        "Sec-Fetch-Dest": "empty",
        "Sec-Fetch-Mode": "cors",
        "Sec-Fetch-Site": "same-site",
        "sync-token": "zAJw6V16=MDotMSMxMDY2NzQ=",
        "User-Agent": "Mozilla/5.0 (Windows NT 10.0; Win64; x64) AppleWebKit/537.36 (KHTML, like Gecko) HeadlessChrome/111.0.5555.0 Safari/537.36",
        "x-ms-client-request-id": "d29a7438-b2e5-4bb0-81c5-16f9cb021407",
        "x-ms-content-sha256": "47DEQpj8HBSa\u002B/TImW\u002B5JCeuQeRkm5NMpJWZG3hSuFU=",
        "x-ms-date": "Fri, 10 Mar 2023 22:08:12 GMT",
        "x-ms-useragent": "azsdk-js-app-configuration/1.4.0-beta.1 core-rest-pipeline/1.10.1 OS/Win32"
      },
      "RequestBody": null,
      "StatusCode": 200,
      "ResponseHeaders": {
        "Access-Control-Allow-Credentials": "true",
        "Access-Control-Allow-Origin": "*",
        "Access-Control-Expose-Headers": "DNT, X-CustomHeader, Keep-Alive, User-Agent, X-Requested-With, If-Modified-Since, Cache-Control, Content-Type, Authorization, x-ms-client-request-id, x-ms-useragent, x-ms-content-sha256, x-ms-date, host, Accept, Accept-Datetime, Date, If-Match, If-None-Match, Sync-Token, x-ms-return-client-request-id, ETag, Last-Modified, Link, Memento-Datetime, retry-after-ms, x-ms-request-id, x-ms-client-session-id, x-ms-effective-locale, WWW-Authenticate, traceparent, tracestate",
        "Connection": "keep-alive",
        "Content-Type": "application/vnd.microsoft.appconfig.snapshot\u002Bjson; charset=utf-8",
        "Date": "Fri, 10 Mar 2023 22:08:13 GMT",
        "ETag": "\u0022_TRWoz8DwqX0e-IEJXu3O5OLexZf5vNd4sEmX6vhIQc\u0022",
        "Last-Modified": "Fri, 10 Mar 2023 22:08:06 GMT",
        "Link": "\u003C/kv?snapshot=snapshotTest1817\u0026api-version=2022-11-01-preview\u003E; rel=\u0022items\u0022",
        "Server": "openresty/1.21.4.1",
        "Strict-Transport-Security": "max-age=15724800; includeSubDomains",
        "Sync-Token": "zAJw6V16=MDotMSMxMDY2NzQ=;sn=106674",
        "Transfer-Encoding": "chunked",
        "x-ms-correlation-request-id": "ff1b1d29-856d-4b38-bd92-a76f9a76a856",
        "x-ms-request-id": "ff1b1d29-856d-4b38-bd92-a76f9a76a856"
      },
      "ResponseBody": {
        "etag": "_TRWoz8DwqX0e-IEJXu3O5OLexZf5vNd4sEmX6vhIQc",
        "name": "snapshotTest1817",
        "status": "provisioning",
        "filters": [
          {
            "key": "snapshotTest1817",
            "label": "label1"
          }
        ],
        "composition_type": "all",
        "created": "2023-03-10T22:08:06\u002B00:00",
        "size": 0,
        "items_count": 0,
        "tags": {},
        "retention_period": 30
      }
    },
    {
      "RequestUri": "https://myappconfig.azconfig.io/snapshots/snapshotTest1817?api-version=2022-11-01-preview",
      "RequestMethod": "GET",
      "RequestHeaders": {
        "Accept": "application/vnd.microsoft.appconfig.snapshot\u002Bjson, application/problem\u002Bjson",
        "Accept-Encoding": "gzip, deflate, br",
        "Accept-Language": "en-US",
        "Authorization": "Sanitized",
        "Connection": "keep-alive",
        "Origin": "http://localhost:9876",
        "Referer": "http://localhost:9876/",
        "sec-ch-ua": "",
        "sec-ch-ua-mobile": "?0",
        "sec-ch-ua-platform": "",
        "Sec-Fetch-Dest": "empty",
        "Sec-Fetch-Mode": "cors",
        "Sec-Fetch-Site": "same-site",
        "sync-token": "zAJw6V16=MDotMSMxMDY2NzQ=",
        "User-Agent": "Mozilla/5.0 (Windows NT 10.0; Win64; x64) AppleWebKit/537.36 (KHTML, like Gecko) HeadlessChrome/111.0.5555.0 Safari/537.36",
        "x-ms-client-request-id": "78ac21da-408e-4a1a-8e9b-a220d4e2a171",
        "x-ms-content-sha256": "47DEQpj8HBSa\u002B/TImW\u002B5JCeuQeRkm5NMpJWZG3hSuFU=",
        "x-ms-date": "Fri, 10 Mar 2023 22:08:14 GMT",
        "x-ms-useragent": "azsdk-js-app-configuration/1.4.0-beta.1 core-rest-pipeline/1.10.1 OS/Win32"
      },
      "RequestBody": null,
      "StatusCode": 200,
      "ResponseHeaders": {
        "Access-Control-Allow-Credentials": "true",
        "Access-Control-Allow-Origin": "*",
        "Access-Control-Expose-Headers": "DNT, X-CustomHeader, Keep-Alive, User-Agent, X-Requested-With, If-Modified-Since, Cache-Control, Content-Type, Authorization, x-ms-client-request-id, x-ms-useragent, x-ms-content-sha256, x-ms-date, host, Accept, Accept-Datetime, Date, If-Match, If-None-Match, Sync-Token, x-ms-return-client-request-id, ETag, Last-Modified, Link, Memento-Datetime, retry-after-ms, x-ms-request-id, x-ms-client-session-id, x-ms-effective-locale, WWW-Authenticate, traceparent, tracestate",
        "Connection": "keep-alive",
        "Content-Type": "application/vnd.microsoft.appconfig.snapshot\u002Bjson; charset=utf-8",
        "Date": "Fri, 10 Mar 2023 22:08:15 GMT",
        "ETag": "\u0022_TRWoz8DwqX0e-IEJXu3O5OLexZf5vNd4sEmX6vhIQc\u0022",
        "Last-Modified": "Fri, 10 Mar 2023 22:08:06 GMT",
        "Link": "\u003C/kv?snapshot=snapshotTest1817\u0026api-version=2022-11-01-preview\u003E; rel=\u0022items\u0022",
        "Server": "openresty/1.21.4.1",
        "Strict-Transport-Security": "max-age=15724800; includeSubDomains",
        "Sync-Token": "zAJw6V16=MDotMSMxMDY2NzU=;sn=106675",
        "Transfer-Encoding": "chunked",
        "x-ms-correlation-request-id": "837bebc2-31e0-4526-9883-9bb5d4ea1b62",
        "x-ms-request-id": "837bebc2-31e0-4526-9883-9bb5d4ea1b62"
      },
      "ResponseBody": {
        "etag": "_TRWoz8DwqX0e-IEJXu3O5OLexZf5vNd4sEmX6vhIQc",
        "name": "snapshotTest1817",
        "status": "provisioning",
        "filters": [
          {
            "key": "snapshotTest1817",
            "label": "label1"
          }
        ],
        "composition_type": "all",
        "created": "2023-03-10T22:08:06\u002B00:00",
        "size": 0,
        "items_count": 0,
        "tags": {},
        "retention_period": 30
      }
    },
    {
      "RequestUri": "https://myappconfig.azconfig.io/snapshots/snapshotTest1817?api-version=2022-11-01-preview",
      "RequestMethod": "GET",
      "RequestHeaders": {
        "Accept": "application/vnd.microsoft.appconfig.snapshot\u002Bjson, application/problem\u002Bjson",
        "Accept-Encoding": "gzip, deflate, br",
        "Accept-Language": "en-US",
        "Authorization": "Sanitized",
        "Connection": "keep-alive",
        "Origin": "http://localhost:9876",
        "Referer": "http://localhost:9876/",
        "sec-ch-ua": "",
        "sec-ch-ua-mobile": "?0",
        "sec-ch-ua-platform": "",
        "Sec-Fetch-Dest": "empty",
        "Sec-Fetch-Mode": "cors",
        "Sec-Fetch-Site": "same-site",
        "sync-token": "zAJw6V16=MDotMSMxMDY2NzU=",
        "User-Agent": "Mozilla/5.0 (Windows NT 10.0; Win64; x64) AppleWebKit/537.36 (KHTML, like Gecko) HeadlessChrome/111.0.5555.0 Safari/537.36",
        "x-ms-client-request-id": "b65bb120-6fae-4d34-8043-deac02bd9c5c",
        "x-ms-content-sha256": "47DEQpj8HBSa\u002B/TImW\u002B5JCeuQeRkm5NMpJWZG3hSuFU=",
        "x-ms-date": "Fri, 10 Mar 2023 22:08:16 GMT",
        "x-ms-useragent": "azsdk-js-app-configuration/1.4.0-beta.1 core-rest-pipeline/1.10.1 OS/Win32"
      },
      "RequestBody": null,
      "StatusCode": 200,
      "ResponseHeaders": {
        "Access-Control-Allow-Credentials": "true",
        "Access-Control-Allow-Origin": "*",
        "Access-Control-Expose-Headers": "DNT, X-CustomHeader, Keep-Alive, User-Agent, X-Requested-With, If-Modified-Since, Cache-Control, Content-Type, Authorization, x-ms-client-request-id, x-ms-useragent, x-ms-content-sha256, x-ms-date, host, Accept, Accept-Datetime, Date, If-Match, If-None-Match, Sync-Token, x-ms-return-client-request-id, ETag, Last-Modified, Link, Memento-Datetime, retry-after-ms, x-ms-request-id, x-ms-client-session-id, x-ms-effective-locale, WWW-Authenticate, traceparent, tracestate",
        "Connection": "keep-alive",
        "Content-Type": "application/vnd.microsoft.appconfig.snapshot\u002Bjson; charset=utf-8",
        "Date": "Fri, 10 Mar 2023 22:08:18 GMT",
        "ETag": "\u0022_TRWoz8DwqX0e-IEJXu3O5OLexZf5vNd4sEmX6vhIQc\u0022",
        "Last-Modified": "Fri, 10 Mar 2023 22:08:06 GMT",
        "Link": "\u003C/kv?snapshot=snapshotTest1817\u0026api-version=2022-11-01-preview\u003E; rel=\u0022items\u0022",
        "Server": "openresty/1.21.4.1",
        "Strict-Transport-Security": "max-age=15724800; includeSubDomains",
        "Sync-Token": "zAJw6V16=MDotMSMxMDY2NzU=;sn=106675",
        "Transfer-Encoding": "chunked",
        "x-ms-correlation-request-id": "e6573ea3-5a7f-49d6-b888-3660123507b9",
        "x-ms-request-id": "e6573ea3-5a7f-49d6-b888-3660123507b9"
      },
      "ResponseBody": {
        "etag": "_TRWoz8DwqX0e-IEJXu3O5OLexZf5vNd4sEmX6vhIQc",
        "name": "snapshotTest1817",
        "status": "provisioning",
        "filters": [
          {
            "key": "snapshotTest1817",
            "label": "label1"
          }
        ],
        "composition_type": "all",
        "created": "2023-03-10T22:08:06\u002B00:00",
        "size": 0,
        "items_count": 0,
        "tags": {},
        "retention_period": 30
      }
    },
    {
      "RequestUri": "https://myappconfig.azconfig.io/snapshots/snapshotTest1817?api-version=2022-11-01-preview",
      "RequestMethod": "GET",
      "RequestHeaders": {
        "Accept": "application/vnd.microsoft.appconfig.snapshot\u002Bjson, application/problem\u002Bjson",
        "Accept-Encoding": "gzip, deflate, br",
        "Accept-Language": "en-US",
        "Authorization": "Sanitized",
        "Connection": "keep-alive",
        "Origin": "http://localhost:9876",
        "Referer": "http://localhost:9876/",
        "sec-ch-ua": "",
        "sec-ch-ua-mobile": "?0",
        "sec-ch-ua-platform": "",
        "Sec-Fetch-Dest": "empty",
        "Sec-Fetch-Mode": "cors",
        "Sec-Fetch-Site": "same-site",
        "sync-token": "zAJw6V16=MDotMSMxMDY2NzU=",
        "User-Agent": "Mozilla/5.0 (Windows NT 10.0; Win64; x64) AppleWebKit/537.36 (KHTML, like Gecko) HeadlessChrome/111.0.5555.0 Safari/537.36",
        "x-ms-client-request-id": "2524af01-a31a-48e0-af03-a8dac01ee9af",
        "x-ms-content-sha256": "47DEQpj8HBSa\u002B/TImW\u002B5JCeuQeRkm5NMpJWZG3hSuFU=",
        "x-ms-date": "Fri, 10 Mar 2023 22:08:18 GMT",
        "x-ms-useragent": "azsdk-js-app-configuration/1.4.0-beta.1 core-rest-pipeline/1.10.1 OS/Win32"
      },
      "RequestBody": null,
      "StatusCode": 200,
      "ResponseHeaders": {
        "Access-Control-Allow-Credentials": "true",
        "Access-Control-Allow-Origin": "*",
        "Access-Control-Expose-Headers": "DNT, X-CustomHeader, Keep-Alive, User-Agent, X-Requested-With, If-Modified-Since, Cache-Control, Content-Type, Authorization, x-ms-client-request-id, x-ms-useragent, x-ms-content-sha256, x-ms-date, host, Accept, Accept-Datetime, Date, If-Match, If-None-Match, Sync-Token, x-ms-return-client-request-id, ETag, Last-Modified, Link, Memento-Datetime, retry-after-ms, x-ms-request-id, x-ms-client-session-id, x-ms-effective-locale, WWW-Authenticate, traceparent, tracestate",
        "Connection": "keep-alive",
        "Content-Type": "application/vnd.microsoft.appconfig.snapshot\u002Bjson; charset=utf-8",
        "Date": "Fri, 10 Mar 2023 22:08:20 GMT",
        "ETag": "\u0022_TRWoz8DwqX0e-IEJXu3O5OLexZf5vNd4sEmX6vhIQc\u0022",
        "Last-Modified": "Fri, 10 Mar 2023 22:08:06 GMT",
        "Link": "\u003C/kv?snapshot=snapshotTest1817\u0026api-version=2022-11-01-preview\u003E; rel=\u0022items\u0022",
        "Server": "openresty/1.21.4.1",
        "Strict-Transport-Security": "max-age=15724800; includeSubDomains",
        "Sync-Token": "zAJw6V16=MDotMSMxMDY2NzY=;sn=106676",
        "Transfer-Encoding": "chunked",
        "x-ms-correlation-request-id": "e75edd7b-12f9-41da-917b-0e64c22cd00e",
        "x-ms-request-id": "e75edd7b-12f9-41da-917b-0e64c22cd00e"
      },
      "ResponseBody": {
        "etag": "_TRWoz8DwqX0e-IEJXu3O5OLexZf5vNd4sEmX6vhIQc",
        "name": "snapshotTest1817",
        "status": "provisioning",
        "filters": [
          {
            "key": "snapshotTest1817",
            "label": "label1"
          }
        ],
        "composition_type": "all",
        "created": "2023-03-10T22:08:06\u002B00:00",
        "size": 0,
        "items_count": 0,
        "tags": {},
        "retention_period": 30
      }
    },
    {
      "RequestUri": "https://myappconfig.azconfig.io/snapshots/snapshotTest1817?api-version=2022-11-01-preview",
      "RequestMethod": "GET",
      "RequestHeaders": {
        "Accept": "application/vnd.microsoft.appconfig.snapshot\u002Bjson, application/problem\u002Bjson",
        "Accept-Encoding": "gzip, deflate, br",
        "Accept-Language": "en-US",
        "Authorization": "Sanitized",
        "Connection": "keep-alive",
        "Origin": "http://localhost:9876",
        "Referer": "http://localhost:9876/",
        "sec-ch-ua": "",
        "sec-ch-ua-mobile": "?0",
        "sec-ch-ua-platform": "",
        "Sec-Fetch-Dest": "empty",
        "Sec-Fetch-Mode": "cors",
        "Sec-Fetch-Site": "same-site",
        "sync-token": "zAJw6V16=MDotMSMxMDY2NzY=",
        "User-Agent": "Mozilla/5.0 (Windows NT 10.0; Win64; x64) AppleWebKit/537.36 (KHTML, like Gecko) HeadlessChrome/111.0.5555.0 Safari/537.36",
        "x-ms-client-request-id": "4baa5ca8-f686-441b-a1fb-b641d51d9899",
        "x-ms-content-sha256": "47DEQpj8HBSa\u002B/TImW\u002B5JCeuQeRkm5NMpJWZG3hSuFU=",
        "x-ms-date": "Fri, 10 Mar 2023 22:08:21 GMT",
        "x-ms-useragent": "azsdk-js-app-configuration/1.4.0-beta.1 core-rest-pipeline/1.10.1 OS/Win32"
      },
      "RequestBody": null,
      "StatusCode": 200,
      "ResponseHeaders": {
        "Access-Control-Allow-Credentials": "true",
        "Access-Control-Allow-Origin": "*",
        "Access-Control-Expose-Headers": "DNT, X-CustomHeader, Keep-Alive, User-Agent, X-Requested-With, If-Modified-Since, Cache-Control, Content-Type, Authorization, x-ms-client-request-id, x-ms-useragent, x-ms-content-sha256, x-ms-date, host, Accept, Accept-Datetime, Date, If-Match, If-None-Match, Sync-Token, x-ms-return-client-request-id, ETag, Last-Modified, Link, Memento-Datetime, retry-after-ms, x-ms-request-id, x-ms-client-session-id, x-ms-effective-locale, WWW-Authenticate, traceparent, tracestate",
        "Connection": "keep-alive",
        "Content-Type": "application/vnd.microsoft.appconfig.snapshot\u002Bjson; charset=utf-8",
        "Date": "Fri, 10 Mar 2023 22:08:22 GMT",
        "ETag": "\u0022_TRWoz8DwqX0e-IEJXu3O5OLexZf5vNd4sEmX6vhIQc\u0022",
        "Last-Modified": "Fri, 10 Mar 2023 22:08:06 GMT",
        "Link": "\u003C/kv?snapshot=snapshotTest1817\u0026api-version=2022-11-01-preview\u003E; rel=\u0022items\u0022",
        "Server": "openresty/1.21.4.1",
        "Strict-Transport-Security": "max-age=15724800; includeSubDomains",
        "Sync-Token": "zAJw6V16=MDotMSMxMDY2Nzc=;sn=106677",
        "Transfer-Encoding": "chunked",
        "x-ms-correlation-request-id": "9ec918a0-9065-4ffe-a36f-eb120bb52bf1",
        "x-ms-request-id": "9ec918a0-9065-4ffe-a36f-eb120bb52bf1"
      },
      "ResponseBody": {
        "etag": "_TRWoz8DwqX0e-IEJXu3O5OLexZf5vNd4sEmX6vhIQc",
        "name": "snapshotTest1817",
        "status": "ready",
        "filters": [
          {
            "key": "snapshotTest1817",
            "label": "label1"
          }
        ],
        "composition_type": "all",
        "created": "2023-03-10T22:08:06\u002B00:00",
        "size": 1000,
        "items_count": 1,
        "tags": {},
        "retention_period": 30
      }
    },
    {
      "RequestUri": "https://myappconfig.azconfig.io/snapshots/snapshotTest1817?api-version=2022-11-01-preview",
      "RequestMethod": "PATCH",
      "RequestHeaders": {
        "Accept": "application/vnd.microsoft.appconfig.snapshot\u002Bjson, application/problem\u002Bjson",
        "Accept-Encoding": "gzip, deflate, br",
        "Accept-Language": "en-US",
        "Authorization": "Sanitized",
        "Connection": "keep-alive",
        "Content-Length": "21",
        "Content-Type": "application/json",
        "Origin": "http://localhost:9876",
        "Referer": "http://localhost:9876/",
        "sec-ch-ua": "",
        "sec-ch-ua-mobile": "?0",
        "sec-ch-ua-platform": "",
        "Sec-Fetch-Dest": "empty",
        "Sec-Fetch-Mode": "cors",
        "Sec-Fetch-Site": "same-site",
        "sync-token": "zAJw6V16=MDotMSMxMDY2Nzc=",
        "User-Agent": "Mozilla/5.0 (Windows NT 10.0; Win64; x64) AppleWebKit/537.36 (KHTML, like Gecko) HeadlessChrome/111.0.5555.0 Safari/537.36",
        "x-ms-client-request-id": "b6949320-810f-4119-bfd8-2e06ef6087e4",
        "x-ms-content-sha256": "tynngJHjE7uDMwpGVh1hcULF0zuJfLFECY9VxlHWIWo=",
        "x-ms-date": "Fri, 10 Mar 2023 22:08:23 GMT",
        "x-ms-useragent": "azsdk-js-app-configuration/1.4.0-beta.1 core-rest-pipeline/1.10.1 OS/Win32"
      },
      "RequestBody": {
        "status": "archived"
      },
      "StatusCode": 200,
      "ResponseHeaders": {
        "Access-Control-Allow-Credentials": "true",
        "Access-Control-Allow-Origin": "*",
        "Access-Control-Expose-Headers": "DNT, X-CustomHeader, Keep-Alive, User-Agent, X-Requested-With, If-Modified-Since, Cache-Control, Content-Type, Authorization, x-ms-client-request-id, x-ms-useragent, x-ms-content-sha256, x-ms-date, host, Accept, Accept-Datetime, Date, If-Match, If-None-Match, Sync-Token, x-ms-return-client-request-id, ETag, Last-Modified, Link, Memento-Datetime, retry-after-ms, x-ms-request-id, x-ms-client-session-id, x-ms-effective-locale, WWW-Authenticate, traceparent, tracestate",
        "Connection": "keep-alive",
        "Content-Type": "application/vnd.microsoft.appconfig.snapshot\u002Bjson; charset=utf-8",
        "Date": "Fri, 10 Mar 2023 22:08:24 GMT",
        "ETag": "\u0022azmFcd8EhWFX6HAwvGjBGfWiqih7y7RSANRiIreMMiU\u0022",
        "Last-Modified": "Fri, 10 Mar 2023 22:08:06 GMT",
        "Link": "\u003C/kv?snapshot=snapshotTest1817\u0026api-version=2022-11-01-preview\u003E; rel=\u0022items\u0022",
        "Server": "openresty/1.21.4.1",
        "Strict-Transport-Security": "max-age=15724800; includeSubDomains",
        "Sync-Token": "zAJw6V16=MDotMSMxMDY2Nzg=;sn=106678",
        "Transfer-Encoding": "chunked",
        "x-ms-correlation-request-id": "cb49e330-545c-46cb-92f7-082c7e34e897",
        "x-ms-request-id": "cb49e330-545c-46cb-92f7-082c7e34e897"
      },
      "ResponseBody": {
        "etag": "azmFcd8EhWFX6HAwvGjBGfWiqih7y7RSANRiIreMMiU",
        "name": "snapshotTest1817",
        "status": "archived",
        "filters": [
          {
            "key": "snapshotTest1817",
            "label": "label1"
          }
        ],
        "composition_type": "all",
        "created": "2023-03-10T22:08:06\u002B00:00",
        "expires": "2023-03-10T22:08:54.9006253\u002B00:00",
        "size": 1000,
        "items_count": 1,
        "tags": {},
        "retention_period": 30
      }
    },
    {
      "RequestUri": "https://myappconfig.azconfig.io/kv/snapshotTest1817?api-version=2022-11-01-preview\u0026label=label1",
      "RequestMethod": "DELETE",
      "RequestHeaders": {
        "Accept": "application/vnd.microsoft.appconfig.kv\u002Bjson, application/problem\u002Bjson",
        "Accept-Encoding": "gzip, deflate, br",
        "Accept-Language": "en-US",
        "Authorization": "Sanitized",
        "Connection": "keep-alive",
        "Origin": "http://localhost:9876",
        "Referer": "http://localhost:9876/",
        "sec-ch-ua": "",
        "sec-ch-ua-mobile": "?0",
        "sec-ch-ua-platform": "",
        "Sec-Fetch-Dest": "empty",
        "Sec-Fetch-Mode": "cors",
        "Sec-Fetch-Site": "same-site",
        "sync-token": "zAJw6V16=MDotMSMxMDY2Nzg=",
        "User-Agent": "Mozilla/5.0 (Windows NT 10.0; Win64; x64) AppleWebKit/537.36 (KHTML, like Gecko) HeadlessChrome/111.0.5555.0 Safari/537.36",
        "x-ms-client-request-id": "492bf406-1617-4817-a423-feea669eb289",
        "x-ms-content-sha256": "47DEQpj8HBSa\u002B/TImW\u002B5JCeuQeRkm5NMpJWZG3hSuFU=",
        "x-ms-date": "Fri, 10 Mar 2023 22:08:23 GMT",
        "x-ms-useragent": "azsdk-js-app-configuration/1.4.0-beta.1 core-rest-pipeline/1.10.1 OS/Win32"
      },
      "RequestBody": null,
      "StatusCode": 200,
      "ResponseHeaders": {
        "Access-Control-Allow-Credentials": "true",
        "Access-Control-Allow-Origin": "*",
        "Access-Control-Expose-Headers": "DNT, X-CustomHeader, Keep-Alive, User-Agent, X-Requested-With, If-Modified-Since, Cache-Control, Content-Type, Authorization, x-ms-client-request-id, x-ms-useragent, x-ms-content-sha256, x-ms-date, host, Accept, Accept-Datetime, Date, If-Match, If-None-Match, Sync-Token, x-ms-return-client-request-id, ETag, Last-Modified, Link, Memento-Datetime, retry-after-ms, x-ms-request-id, x-ms-client-session-id, x-ms-effective-locale, WWW-Authenticate, traceparent, tracestate",
        "Connection": "keep-alive",
        "Content-Type": "application/vnd.microsoft.appconfig.kv\u002Bjson; charset=utf-8",
        "Date": "Fri, 10 Mar 2023 22:08:25 GMT",
        "ETag": "\u0022fS0mkFksA_M8pjM-PFUBhS3HgbU72LJOZ-hJ6We5fZo\u0022",
        "Last-Modified": "Fri, 10 Mar 2023 22:08:06 GMT",
        "Server": "openresty/1.21.4.1",
        "Strict-Transport-Security": "max-age=15724800; includeSubDomains",
        "Sync-Token": "zAJw6V16=MDotMSMxMDY2Nzk=;sn=106679",
        "Transfer-Encoding": "chunked",
        "x-ms-correlation-request-id": "a4f5b415-c235-43f6-8845-42e4bdaa1c08",
        "x-ms-request-id": "a4f5b415-c235-43f6-8845-42e4bdaa1c08"
      },
      "ResponseBody": {
        "etag": "fS0mkFksA_M8pjM-PFUBhS3HgbU72LJOZ-hJ6We5fZo",
        "key": "snapshotTest1817",
        "label": "label1",
        "content_type": null,
        "value": "value1",
        "tags": {},
        "locked": false,
        "last_modified": "2023-03-10T22:08:06\u002B00:00"
      }
    },
    {
      "RequestUri": "https://myappconfig.azconfig.io/kv/snapshotTest2332?api-version=2022-11-01-preview\u0026label=label2",
      "RequestMethod": "DELETE",
      "RequestHeaders": {
        "Accept": "application/vnd.microsoft.appconfig.kv\u002Bjson, application/problem\u002Bjson",
        "Accept-Encoding": "gzip, deflate, br",
        "Accept-Language": "en-US",
        "Authorization": "Sanitized",
        "Connection": "keep-alive",
        "Origin": "http://localhost:9876",
        "Referer": "http://localhost:9876/",
        "sec-ch-ua": "",
        "sec-ch-ua-mobile": "?0",
        "sec-ch-ua-platform": "",
        "Sec-Fetch-Dest": "empty",
        "Sec-Fetch-Mode": "cors",
        "Sec-Fetch-Site": "same-site",
        "sync-token": "zAJw6V16=MDotMSMxMDY2Nzk=",
        "User-Agent": "Mozilla/5.0 (Windows NT 10.0; Win64; x64) AppleWebKit/537.36 (KHTML, like Gecko) HeadlessChrome/111.0.5555.0 Safari/537.36",
        "x-ms-client-request-id": "c7f4d36c-f7d1-4957-9c3f-0ac71d3ceeaf",
        "x-ms-content-sha256": "47DEQpj8HBSa\u002B/TImW\u002B5JCeuQeRkm5NMpJWZG3hSuFU=",
        "x-ms-date": "Fri, 10 Mar 2023 22:08:23 GMT",
        "x-ms-useragent": "azsdk-js-app-configuration/1.4.0-beta.1 core-rest-pipeline/1.10.1 OS/Win32"
      },
      "RequestBody": null,
      "StatusCode": 200,
      "ResponseHeaders": {
        "Access-Control-Allow-Credentials": "true",
        "Access-Control-Allow-Origin": "*",
        "Access-Control-Expose-Headers": "DNT, X-CustomHeader, Keep-Alive, User-Agent, X-Requested-With, If-Modified-Since, Cache-Control, Content-Type, Authorization, x-ms-client-request-id, x-ms-useragent, x-ms-content-sha256, x-ms-date, host, Accept, Accept-Datetime, Date, If-Match, If-None-Match, Sync-Token, x-ms-return-client-request-id, ETag, Last-Modified, Link, Memento-Datetime, retry-after-ms, x-ms-request-id, x-ms-client-session-id, x-ms-effective-locale, WWW-Authenticate, traceparent, tracestate",
        "Connection": "keep-alive",
        "Content-Type": "application/vnd.microsoft.appconfig.kv\u002Bjson; charset=utf-8",
        "Date": "Fri, 10 Mar 2023 22:08:25 GMT",
        "ETag": "\u0022EVY1Q4-dPIB1_4_E5Z9TerIJ166anLtF2EtdYR8xHBI\u0022",
        "Last-Modified": "Fri, 10 Mar 2023 22:08:06 GMT",
        "Server": "openresty/1.21.4.1",
        "Strict-Transport-Security": "max-age=15724800; includeSubDomains",
        "Sync-Token": "zAJw6V16=MDotMSMxMDY2ODA=;sn=106680",
        "Transfer-Encoding": "chunked",
        "x-ms-correlation-request-id": "97bece1e-49f3-4a54-83f4-ebd92d36d8e4",
        "x-ms-request-id": "97bece1e-49f3-4a54-83f4-ebd92d36d8e4"
      },
      "ResponseBody": {
        "etag": "EVY1Q4-dPIB1_4_E5Z9TerIJ166anLtF2EtdYR8xHBI",
        "key": "snapshotTest2332",
        "label": "label2",
        "content_type": null,
        "value": "value2",
        "tags": {},
        "locked": false,
        "last_modified": "2023-03-10T22:08:06\u002B00:00"
      }
    }
  ],
  "Variables": {
    "snapshotTest1": "snapshotTest1817",
    "snapshotTest2": "snapshotTest2332"
  }
}
