{
  "Entries": [
    {
      "RequestUri": "https://keyvault_name.vault.azure.net/secrets/CRUDSecretName-canupdateasecret-?api-version=7.3",
      "RequestMethod": "PUT",
      "RequestHeaders": {
        "Accept": "application/json",
        "Accept-Encoding": "gzip, deflate, br",
        "Accept-Language": "en-US",
        "Connection": "keep-alive",
        "Content-Length": "0",
        "Content-Type": "application/json",
        "Referer": "http://localhost:9330/",
        "sec-ch-ua": "",
        "sec-ch-ua-mobile": "?0",
        "sec-ch-ua-platform": "",
        "Sec-Fetch-Dest": "empty",
        "Sec-Fetch-Mode": "cors",
        "Sec-Fetch-Site": "same-site",
        "User-Agent": "Mozilla/5.0 (X11; Linux x86_64) AppleWebKit/537.36 (KHTML, like Gecko) HeadlessChrome/103.0.5058.0 Safari/537.36",
        "x-ms-client-request-id": "79724100-4d9d-4d8e-abbb-aeddfff99000",
        "x-ms-useragent": "azsdk-js-keyvault-secrets/4.6.1 core-rest-pipeline/1.9.3 OS/Linuxx86_64"
      },
      "RequestBody": null,
      "StatusCode": 401,
      "ResponseHeaders": {
        "Cache-Control": "no-cache",
        "Content-Length": "97",
        "Content-Type": "application/json; charset=utf-8",
        "Date": "Wed, 12 Oct 2022 23:32:04 GMT",
        "Expires": "-1",
        "Pragma": "no-cache",
        "Strict-Transport-Security": "max-age=31536000;includeSubDomains",
        "WWW-Authenticate": "Bearer authorization=\u0022https://login.windows.net/12345678-1234-1234-1234-123456789012\u0022, resource=\u0022https://vault.azure.net\u0022",
        "X-Content-Type-Options": "nosniff",
        "x-ms-client-request-id": "79724100-4d9d-4d8e-abbb-aeddfff99000",
        "x-ms-keyvault-network-info": "conn_type=Ipv4;addr=167.220.77.94;act_addr_fam=InterNetwork;",
        "x-ms-keyvault-region": "westus",
        "x-ms-keyvault-service-version": "1.9.538.1",
        "x-ms-request-id": "03544260-7109-4413-9588-1a25a5df8bb9"
      },
      "ResponseBody": {
        "error": {
          "code": "Unauthorized",
          "message": "AKV10000: Request is missing a Bearer or PoP token."
        }
      }
    },
    {
      "RequestUri": "https://keyvault_name.vault.azure.net/secrets/CRUDSecretName-canupdateasecret-?api-version=7.3",
      "RequestMethod": "PUT",
      "RequestHeaders": {
        "Accept": "application/json",
        "Accept-Encoding": "gzip, deflate, br",
        "Accept-Language": "en-US",
        "Authorization": "Sanitized",
        "Connection": "keep-alive",
        "Content-Length": "40",
        "Content-Type": "application/json",
        "Referer": "http://localhost:9330/",
        "sec-ch-ua": "",
        "sec-ch-ua-mobile": "?0",
        "sec-ch-ua-platform": "",
        "Sec-Fetch-Dest": "empty",
        "Sec-Fetch-Mode": "cors",
        "Sec-Fetch-Site": "same-site",
        "User-Agent": "Mozilla/5.0 (X11; Linux x86_64) AppleWebKit/537.36 (KHTML, like Gecko) HeadlessChrome/103.0.5058.0 Safari/537.36",
        "x-ms-client-request-id": "79724100-4d9d-4d8e-abbb-aeddfff99000",
        "x-ms-useragent": "azsdk-js-keyvault-secrets/4.6.1 core-rest-pipeline/1.9.3 OS/Linuxx86_64"
      },
      "RequestBody": {
        "value": "SECRET_VALUE",
        "attributes": {}
      },
      "StatusCode": 200,
      "ResponseHeaders": {
        "Cache-Control": "no-cache",
        "Content-Length": "285",
        "Content-Type": "application/json; charset=utf-8",
        "Date": "Wed, 12 Oct 2022 23:32:04 GMT",
        "Expires": "-1",
        "Pragma": "no-cache",
        "Strict-Transport-Security": "max-age=31536000;includeSubDomains",
        "X-Content-Type-Options": "nosniff",
        "x-ms-client-request-id": "79724100-4d9d-4d8e-abbb-aeddfff99000",
        "x-ms-keyvault-network-info": "conn_type=Ipv4;addr=167.220.77.94;act_addr_fam=InterNetwork;",
        "x-ms-keyvault-rbac-assignment-id": "5196b96b-f6a1-5fd7-b398-8b892aef065a",
        "x-ms-keyvault-rbac-cache": "ra_age=751;da_age=7825;rd_age=7825;brd_age=18715;ra_notif_age=1185;dec_lev=1;",
        "x-ms-keyvault-region": "westus",
        "x-ms-keyvault-service-version": "1.9.538.1",
        "x-ms-request-id": "43d1ac66-485f-4474-9bea-a22292cfd52f"
      },
      "ResponseBody": {
        "value": "SECRET_VALUE",
        "id": "https://keyvault_name.vault.azure.net/secrets/CRUDSecretName-canupdateasecret-/0d4b58ad2925431cb26877e8497f15f6",
        "attributes": {
          "enabled": true,
          "created": 1665617524,
          "updated": 1665617524,
          "recoveryLevel": "CustomizedRecoverable\u002BPurgeable",
          "recoverableDays": 7
        }
      }
    },
    {
      "RequestUri": "https://keyvault_name.vault.azure.net/secrets/CRUDSecretName-canupdateasecret-/?api-version=7.3",
      "RequestMethod": "PATCH",
      "RequestHeaders": {
        "Accept": "application/json",
        "Accept-Encoding": "gzip, deflate, br",
        "Accept-Language": "en-US",
        "Authorization": "Sanitized",
        "Connection": "keep-alive",
        "Content-Length": "34",
        "Content-Type": "application/json",
        "Referer": "http://localhost:9330/",
        "sec-ch-ua": "",
        "sec-ch-ua-mobile": "?0",
        "sec-ch-ua-platform": "",
        "Sec-Fetch-Dest": "empty",
        "Sec-Fetch-Mode": "cors",
        "Sec-Fetch-Site": "same-site",
        "User-Agent": "Mozilla/5.0 (X11; Linux x86_64) AppleWebKit/537.36 (KHTML, like Gecko) HeadlessChrome/103.0.5058.0 Safari/537.36",
        "x-ms-client-request-id": "1353c265-49f9-456e-8ab9-1d642430b700",
        "x-ms-useragent": "azsdk-js-keyvault-secrets/4.6.1 core-rest-pipeline/1.9.3 OS/Linuxx86_64"
      },
      "RequestBody": {
        "attributes": {
          "exp": 32503680000
        }
      },
      "StatusCode": 200,
      "ResponseHeaders": {
        "Cache-Control": "no-cache",
        "Content-Length": "280",
        "Content-Type": "application/json; charset=utf-8",
        "Date": "Wed, 12 Oct 2022 23:32:05 GMT",
        "Expires": "-1",
        "Pragma": "no-cache",
        "Strict-Transport-Security": "max-age=31536000;includeSubDomains",
        "X-Content-Type-Options": "nosniff",
        "x-ms-client-request-id": "1353c265-49f9-456e-8ab9-1d642430b700",
        "x-ms-keyvault-network-info": "conn_type=Ipv4;addr=167.220.77.94;act_addr_fam=InterNetwork;",
        "x-ms-keyvault-rbac-assignment-id": "5196b96b-f6a1-5fd7-b398-8b892aef065a",
        "x-ms-keyvault-rbac-cache": "ra_age=751;da_age=7825;rd_age=7825;brd_age=18715;ra_notif_age=1185;dec_lev=0;",
        "x-ms-keyvault-region": "westus",
        "x-ms-keyvault-service-version": "1.9.538.1",
        "x-ms-request-id": "7ecbdd84-f5a3-45a9-b1f8-9074a9d37591"
      },
      "ResponseBody": {
        "id": "https://keyvault_name.vault.azure.net/secrets/CRUDSecretName-canupdateasecret-/0d4b58ad2925431cb26877e8497f15f6",
        "attributes": {
          "enabled": true,
          "exp": 32503680000,
          "created": 1665617524,
          "updated": 1665617525,
          "recoveryLevel": "CustomizedRecoverable\u002BPurgeable",
          "recoverableDays": 7
        }
      }
    },
    {
      "RequestUri": "https://keyvault_name.vault.azure.net/secrets/CRUDSecretName-canupdateasecret-/?api-version=7.3",
      "RequestMethod": "GET",
      "RequestHeaders": {
        "Accept": "application/json",
        "Accept-Encoding": "gzip, deflate, br",
        "Accept-Language": "en-US",
        "Authorization": "Sanitized",
        "Connection": "keep-alive",
        "Referer": "http://localhost:9330/",
        "sec-ch-ua": "",
        "sec-ch-ua-mobile": "?0",
        "sec-ch-ua-platform": "",
        "Sec-Fetch-Dest": "empty",
        "Sec-Fetch-Mode": "cors",
        "Sec-Fetch-Site": "same-site",
        "User-Agent": "Mozilla/5.0 (X11; Linux x86_64) AppleWebKit/537.36 (KHTML, like Gecko) HeadlessChrome/103.0.5058.0 Safari/537.36",
        "x-ms-client-request-id": "6b511858-98cb-493b-8691-230e6f3b3e44",
        "x-ms-useragent": "azsdk-js-keyvault-secrets/4.6.1 core-rest-pipeline/1.9.3 OS/Linuxx86_64"
      },
      "RequestBody": null,
      "StatusCode": 200,
      "ResponseHeaders": {
        "Cache-Control": "no-cache",
        "Content-Length": "303",
        "Content-Type": "application/json; charset=utf-8",
        "Date": "Wed, 12 Oct 2022 23:32:05 GMT",
        "Expires": "-1",
        "Pragma": "no-cache",
        "Strict-Transport-Security": "max-age=31536000;includeSubDomains",
        "X-Content-Type-Options": "nosniff",
        "x-ms-client-request-id": "6b511858-98cb-493b-8691-230e6f3b3e44",
        "x-ms-keyvault-network-info": "conn_type=Ipv4;addr=167.220.77.94;act_addr_fam=InterNetwork;",
        "x-ms-keyvault-rbac-assignment-id": "5196b96b-f6a1-5fd7-b398-8b892aef065a",
        "x-ms-keyvault-rbac-cache": "ra_age=751;da_age=7825;rd_age=7825;brd_age=18715;ra_notif_age=1185;dec_lev=1;",
        "x-ms-keyvault-region": "westus",
        "x-ms-keyvault-service-version": "1.9.538.1",
        "x-ms-request-id": "b15cb92f-11b5-40ba-bb57-a70ef9f2d7cb"
      },
      "ResponseBody": {
        "value": "SECRET_VALUE",
        "id": "https://keyvault_name.vault.azure.net/secrets/CRUDSecretName-canupdateasecret-/0d4b58ad2925431cb26877e8497f15f6",
        "attributes": {
          "enabled": true,
          "exp": 32503680000,
          "created": 1665617524,
          "updated": 1665617525,
          "recoveryLevel": "CustomizedRecoverable\u002BPurgeable",
          "recoverableDays": 7
        }
      }
    }
  ],
  "Variables": {}
}
