{
  "Entries": [
    {
      "RequestUri": "https://keyvault_name.vault.azure.net/secrets/CRUDSecretName-canupdateadisabledsecret-?api-version=7.3",
      "RequestMethod": "PUT",
      "RequestHeaders": {
        "Accept": "application/json",
        "Accept-Encoding": "gzip, deflate, br",
        "Accept-Language": "en-US",
        "Connection": "keep-alive",
        "Content-Length": "0",
        "Content-Type": "application/json",
        "Referer": "http://localhost:9330/",
        "sec-ch-ua": "",
        "sec-ch-ua-mobile": "?0",
        "sec-ch-ua-platform": "",
        "Sec-Fetch-Dest": "empty",
        "Sec-Fetch-Mode": "cors",
        "Sec-Fetch-Site": "same-site",
        "User-Agent": "Mozilla/5.0 (X11; Linux x86_64) AppleWebKit/537.36 (KHTML, like Gecko) HeadlessChrome/103.0.5058.0 Safari/537.36",
        "x-ms-client-request-id": "1bf0140e-ac9d-4df4-a81c-a13f2ac00c48",
        "x-ms-useragent": "azsdk-js-keyvault-secrets/4.6.1 core-rest-pipeline/1.9.3 OS/Linuxx86_64"
      },
      "RequestBody": null,
      "StatusCode": 401,
      "ResponseHeaders": {
        "Cache-Control": "no-cache",
        "Content-Length": "97",
        "Content-Type": "application/json; charset=utf-8",
        "Date": "Wed, 12 Oct 2022 23:32:05 GMT",
        "Expires": "-1",
        "Pragma": "no-cache",
        "Strict-Transport-Security": "max-age=31536000;includeSubDomains",
        "WWW-Authenticate": "Bearer authorization=\u0022https://login.windows.net/12345678-1234-1234-1234-123456789012\u0022, resource=\u0022https://vault.azure.net\u0022",
        "X-Content-Type-Options": "nosniff",
        "x-ms-client-request-id": "1bf0140e-ac9d-4df4-a81c-a13f2ac00c48",
        "x-ms-keyvault-network-info": "conn_type=Ipv4;addr=167.220.77.94;act_addr_fam=InterNetwork;",
        "x-ms-keyvault-region": "westus",
        "x-ms-keyvault-service-version": "1.9.538.1",
        "x-ms-request-id": "7290f3f5-ecc0-4f84-ba03-017dda58d247"
      },
      "ResponseBody": {
        "error": {
          "code": "Unauthorized",
          "message": "AKV10000: Request is missing a Bearer or PoP token."
        }
      }
    },
    {
      "RequestUri": "https://keyvault_name.vault.azure.net/secrets/CRUDSecretName-canupdateadisabledsecret-?api-version=7.3",
      "RequestMethod": "PUT",
      "RequestHeaders": {
        "Accept": "application/json",
        "Accept-Encoding": "gzip, deflate, br",
        "Accept-Language": "en-US",
        "Authorization": "Sanitized",
        "Connection": "keep-alive",
        "Content-Length": "55",
        "Content-Type": "application/json",
        "Referer": "http://localhost:9330/",
        "sec-ch-ua": "",
        "sec-ch-ua-mobile": "?0",
        "sec-ch-ua-platform": "",
        "Sec-Fetch-Dest": "empty",
        "Sec-Fetch-Mode": "cors",
        "Sec-Fetch-Site": "same-site",
        "User-Agent": "Mozilla/5.0 (X11; Linux x86_64) AppleWebKit/537.36 (KHTML, like Gecko) HeadlessChrome/103.0.5058.0 Safari/537.36",
        "x-ms-client-request-id": "1bf0140e-ac9d-4df4-a81c-a13f2ac00c48",
        "x-ms-useragent": "azsdk-js-keyvault-secrets/4.6.1 core-rest-pipeline/1.9.3 OS/Linuxx86_64"
      },
      "RequestBody": {
        "value": "SECRET_VALUE",
        "attributes": {
          "enabled": false
        }
      },
      "StatusCode": 200,
      "ResponseHeaders": {
        "Cache-Control": "no-cache",
        "Content-Length": "294",
        "Content-Type": "application/json; charset=utf-8",
        "Date": "Wed, 12 Oct 2022 23:32:05 GMT",
        "Expires": "-1",
        "Pragma": "no-cache",
        "Strict-Transport-Security": "max-age=31536000;includeSubDomains",
        "X-Content-Type-Options": "nosniff",
        "x-ms-client-request-id": "1bf0140e-ac9d-4df4-a81c-a13f2ac00c48",
        "x-ms-keyvault-network-info": "conn_type=Ipv4;addr=167.220.77.94;act_addr_fam=InterNetwork;",
        "x-ms-keyvault-rbac-assignment-id": "5196b96b-f6a1-5fd7-b398-8b892aef065a",
        "x-ms-keyvault-rbac-cache": "ra_age=751;da_age=7825;rd_age=7825;brd_age=18715;ra_notif_age=1185;dec_lev=1;",
        "x-ms-keyvault-region": "westus",
        "x-ms-keyvault-service-version": "1.9.538.1",
        "x-ms-request-id": "454821c4-5c51-4f4e-a750-15b58a98fab1"
      },
      "ResponseBody": {
        "value": "SECRET_VALUE",
        "id": "https://keyvault_name.vault.azure.net/secrets/CRUDSecretName-canupdateadisabledsecret-/4d5b513ef1264c018e39445649d56472",
        "attributes": {
          "enabled": false,
          "created": 1665617525,
          "updated": 1665617525,
          "recoveryLevel": "CustomizedRecoverable\u002BPurgeable",
          "recoverableDays": 7
        }
      }
    },
    {
      "RequestUri": "https://keyvault_name.vault.azure.net/secrets/CRUDSecretName-canupdateadisabledsecret-/?api-version=7.3",
      "RequestMethod": "PATCH",
      "RequestHeaders": {
        "Accept": "application/json",
        "Accept-Encoding": "gzip, deflate, br",
        "Accept-Language": "en-US",
        "Authorization": "Sanitized",
        "Connection": "keep-alive",
        "Content-Length": "34",
        "Content-Type": "application/json",
        "Referer": "http://localhost:9330/",
        "sec-ch-ua": "",
        "sec-ch-ua-mobile": "?0",
        "sec-ch-ua-platform": "",
        "Sec-Fetch-Dest": "empty",
        "Sec-Fetch-Mode": "cors",
        "Sec-Fetch-Site": "same-site",
        "User-Agent": "Mozilla/5.0 (X11; Linux x86_64) AppleWebKit/537.36 (KHTML, like Gecko) HeadlessChrome/103.0.5058.0 Safari/537.36",
        "x-ms-client-request-id": "aec8f327-a633-4770-9c74-05f294e62c1e",
        "x-ms-useragent": "azsdk-js-keyvault-secrets/4.6.1 core-rest-pipeline/1.9.3 OS/Linuxx86_64"
      },
      "RequestBody": {
        "attributes": {
          "exp": 32503680000
        }
      },
      "StatusCode": 200,
      "ResponseHeaders": {
        "Cache-Control": "no-cache",
        "Content-Length": "289",
        "Content-Type": "application/json; charset=utf-8",
        "Date": "Wed, 12 Oct 2022 23:32:05 GMT",
        "Expires": "-1",
        "Pragma": "no-cache",
        "Strict-Transport-Security": "max-age=31536000;includeSubDomains",
        "X-Content-Type-Options": "nosniff",
        "x-ms-client-request-id": "aec8f327-a633-4770-9c74-05f294e62c1e",
        "x-ms-keyvault-network-info": "conn_type=Ipv4;addr=167.220.77.94;act_addr_fam=InterNetwork;",
        "x-ms-keyvault-rbac-assignment-id": "5196b96b-f6a1-5fd7-b398-8b892aef065a",
        "x-ms-keyvault-rbac-cache": "ra_age=751;da_age=7826;rd_age=7826;brd_age=18716;ra_notif_age=1186;dec_lev=0;",
        "x-ms-keyvault-region": "westus",
        "x-ms-keyvault-service-version": "1.9.538.1",
        "x-ms-request-id": "ad0a57f8-a78f-4fc5-a2e5-bf5ac130967a"
      },
      "ResponseBody": {
        "id": "https://keyvault_name.vault.azure.net/secrets/CRUDSecretName-canupdateadisabledsecret-/4d5b513ef1264c018e39445649d56472",
        "attributes": {
          "enabled": false,
          "exp": 32503680000,
          "created": 1665617525,
          "updated": 1665617525,
          "recoveryLevel": "CustomizedRecoverable\u002BPurgeable",
          "recoverableDays": 7
        }
      }
    }
  ],
  "Variables": {}
}
