{
  "Entries": [
    {
      "RequestUri": "https://AZURE_DIGITALTWINS_URL.api.wcus.digitaltwins.azure.net/models/dtmi%3Asamples%3ADTRelationshipsTestsBuilding%3B1?api-version=2020-10-31",
      "RequestMethod": "DELETE",
      "RequestHeaders": {
        "Accept": "application/json",
        "Accept-Encoding": "gzip, deflate, br",
        "Accept-Language": "en-US",
        "Authorization": "Sanitized",
        "Connection": "keep-alive",
        "Referer": "http://localhost:9876/",
        "sec-ch-ua": "",
        "sec-ch-ua-mobile": "?0",
        "sec-ch-ua-platform": "",
        "Sec-Fetch-Dest": "empty",
        "Sec-Fetch-Mode": "cors",
        "Sec-Fetch-Site": "same-site",
        "User-Agent": "Mozilla/5.0 (X11; Linux x86_64) AppleWebKit/537.36 (KHTML, like Gecko) HeadlessChrome/109.0.5412.0 Safari/537.36",
        "x-ms-client-request-id": "d2de5b48-e719-4e30-98f5-034cf0deaa9d",
        "x-ms-useragent": "azsdk-js-digital-twins-core/2.0.0 core-rest-pipeline/1.10.1 OS/Linuxx86_64"
      },
      "RequestBody": null,
      "StatusCode": 404,
      "ResponseHeaders": {
        "Content-Length": "228",
        "Content-Type": "application/json; charset=utf-8",
        "Date": "Mon, 09 Jan 2023 23:30:50 GMT",
        "mise-correlation-id": "1c3af1ee-50d1-4e19-8819-20349d4683be",
        "Strict-Transport-Security": "max-age=2592000",
        "traceresponse": "00-ecc3aeba833ef869f2909337ff6f8ec9-fdeff8ecf335e3df-01"
      },
      "ResponseBody": {
        "error": {
          "code": "ModelNotFound",
          "message": "There is no Model(s) available that matches the provided id(s) dtmi:samples:DTRelationshipsTestsBuilding;1. Check that the Model ID provided is valid by doing a Model_List API call."
        }
      }
    },
    {
      "RequestUri": "https://AZURE_DIGITALTWINS_URL.api.wcus.digitaltwins.azure.net/models/dtmi%3Asamples%3ADTRelationshipsTestsFloor%3B1?api-version=2020-10-31",
      "RequestMethod": "DELETE",
      "RequestHeaders": {
        "Accept": "application/json",
        "Accept-Encoding": "gzip, deflate, br",
        "Accept-Language": "en-US",
        "Authorization": "Sanitized",
        "Connection": "keep-alive",
        "Referer": "http://localhost:9876/",
        "sec-ch-ua": "",
        "sec-ch-ua-mobile": "?0",
        "sec-ch-ua-platform": "",
        "Sec-Fetch-Dest": "empty",
        "Sec-Fetch-Mode": "cors",
        "Sec-Fetch-Site": "same-site",
        "User-Agent": "Mozilla/5.0 (X11; Linux x86_64) AppleWebKit/537.36 (KHTML, like Gecko) HeadlessChrome/109.0.5412.0 Safari/537.36",
        "x-ms-client-request-id": "f57e3913-7e72-431c-834b-f4b4185f12b1",
        "x-ms-useragent": "azsdk-js-digital-twins-core/2.0.0 core-rest-pipeline/1.10.1 OS/Linuxx86_64"
      },
      "RequestBody": null,
      "StatusCode": 404,
      "ResponseHeaders": {
        "Content-Length": "225",
        "Content-Type": "application/json; charset=utf-8",
        "Date": "Mon, 09 Jan 2023 23:30:50 GMT",
        "mise-correlation-id": "a51cbd4e-4539-42fe-8aa3-2149033b81e5",
        "Strict-Transport-Security": "max-age=2592000",
        "traceresponse": "00-46ec5ac9128507dcdb4bea9f7af1d787-af6e1304b66d2b98-01"
      },
      "ResponseBody": {
        "error": {
          "code": "ModelNotFound",
          "message": "There is no Model(s) available that matches the provided id(s) dtmi:samples:DTRelationshipsTestsFloor;1. Check that the Model ID provided is valid by doing a Model_List API call."
        }
      }
    },
    {
      "RequestUri": "https://AZURE_DIGITALTWINS_URL.api.wcus.digitaltwins.azure.net/models/dtmi%3Asamples%3ADTRelationshipsTestsRoom%3B1?api-version=2020-10-31",
      "RequestMethod": "DELETE",
      "RequestHeaders": {
        "Accept": "application/json",
        "Accept-Encoding": "gzip, deflate, br",
        "Accept-Language": "en-US",
        "Authorization": "Sanitized",
        "Connection": "keep-alive",
        "Referer": "http://localhost:9876/",
        "sec-ch-ua": "",
        "sec-ch-ua-mobile": "?0",
        "sec-ch-ua-platform": "",
        "Sec-Fetch-Dest": "empty",
        "Sec-Fetch-Mode": "cors",
        "Sec-Fetch-Site": "same-site",
        "User-Agent": "Mozilla/5.0 (X11; Linux x86_64) AppleWebKit/537.36 (KHTML, like Gecko) HeadlessChrome/109.0.5412.0 Safari/537.36",
        "x-ms-client-request-id": "20a539ba-087d-4476-b2f5-a9e5c0de3af2",
        "x-ms-useragent": "azsdk-js-digital-twins-core/2.0.0 core-rest-pipeline/1.10.1 OS/Linuxx86_64"
      },
      "RequestBody": null,
      "StatusCode": 404,
      "ResponseHeaders": {
        "Content-Length": "224",
        "Content-Type": "application/json; charset=utf-8",
        "Date": "Mon, 09 Jan 2023 23:30:50 GMT",
        "mise-correlation-id": "5a8ae22f-4302-4ac8-8580-05aa07e91bc1",
        "Strict-Transport-Security": "max-age=2592000",
        "traceresponse": "00-7869b90e4fb273b074fdfea9555b906a-1656eeb040467218-01"
      },
      "ResponseBody": {
        "error": {
          "code": "ModelNotFound",
          "message": "There is no Model(s) available that matches the provided id(s) dtmi:samples:DTRelationshipsTestsRoom;1. Check that the Model ID provided is valid by doing a Model_List API call."
        }
      }
    },
    {
      "RequestUri": "https://AZURE_DIGITALTWINS_URL.api.wcus.digitaltwins.azure.net/models?api-version=2020-10-31",
      "RequestMethod": "POST",
      "RequestHeaders": {
        "Accept": "application/json",
        "Accept-Encoding": "gzip, deflate, br",
        "Accept-Language": "en-US",
        "Authorization": "Sanitized",
        "Connection": "keep-alive",
        "Content-Length": "943",
        "Content-Type": "application/json",
        "Referer": "http://localhost:9876/",
        "sec-ch-ua": "",
        "sec-ch-ua-mobile": "?0",
        "sec-ch-ua-platform": "",
        "Sec-Fetch-Dest": "empty",
        "Sec-Fetch-Mode": "cors",
        "Sec-Fetch-Site": "same-site",
        "User-Agent": "Mozilla/5.0 (X11; Linux x86_64) AppleWebKit/537.36 (KHTML, like Gecko) HeadlessChrome/109.0.5412.0 Safari/537.36",
        "x-ms-client-request-id": "0b7c7fa5-622d-4908-8a5d-5da9b97c8d4b",
        "x-ms-useragent": "azsdk-js-digital-twins-core/2.0.0 core-rest-pipeline/1.10.1 OS/Linuxx86_64"
      },
      "RequestBody": "[{\u0022@id\u0022:\u0022dtmi:samples:DTRelationshipsTestsBuilding;1\u0022,\u0022@type\u0022:\u0022Interface\u0022,\u0022@context\u0022:\u0022dtmi:dtdl:context;2\u0022,\u0022displayName\u0022:\u0022Building\u0022,\u0022contents\u0022:[{\u0022@type\u0022:\u0022Relationship\u0022,\u0022name\u0022:\u0022has\u0022,\u0022target\u0022:\u0022dtmi:samples:DTRelationshipsTestsFloor;1\u0022,\u0022properties\u0022:[{\u0022@type\u0022:\u0022Property\u0022,\u0022name\u0022:\u0022isAccessRestricted\u0022,\u0022schema\u0022:\u0022boolean\u0022}]},{\u0022@type\u0022:\u0022Property\u0022,\u0022name\u0022:\u0022AverageTemperature\u0022,\u0022schema\u0022:\u0022double\u0022}]},{\u0022@id\u0022:\u0022dtmi:samples:DTRelationshipsTestsFloor;1\u0022,\u0022@type\u0022:\u0022Interface\u0022,\u0022@context\u0022:\u0022dtmi:dtdl:context;2\u0022,\u0022displayName\u0022:\u0022Floor\u0022,\u0022contents\u0022:[{\u0022@type\u0022:\u0022Relationship\u0022,\u0022name\u0022:\u0022contains\u0022,\u0022target\u0022:\u0022dtmi:samples:DTRelationshipsTestsRoom;1\u0022},{\u0022@type\u0022:\u0022Property\u0022,\u0022name\u0022:\u0022AverageTemperature\u0022,\u0022schema\u0022:\u0022double\u0022}]},{\u0022@id\u0022:\u0022dtmi:samples:DTRelationshipsTestsRoom;1\u0022,\u0022@type\u0022:\u0022Interface\u0022,\u0022@context\u0022:\u0022dtmi:dtdl:context;2\u0022,\u0022displayName\u0022:\u0022Room\u0022,\u0022contents\u0022:[{\u0022@type\u0022:\u0022Property\u0022,\u0022name\u0022:\u0022Temperature\u0022,\u0022schema\u0022:\u0022double\u0022},{\u0022@type\u0022:\u0022Property\u0022,\u0022name\u0022:\u0022IsOccupied\u0022,\u0022schema\u0022:\u0022boolean\u0022}]}]",
      "StatusCode": 201,
      "ResponseHeaders": {
        "Content-Length": "509",
        "Content-Type": "application/json; charset=utf-8",
        "Date": "Mon, 09 Jan 2023 23:30:50 GMT",
        "mise-correlation-id": "be157290-c2e6-40c7-9137-9d3875d939f8",
        "Strict-Transport-Security": "max-age=2592000",
        "traceresponse": "00-0e3934a4e1cffade993d9b20f2d1a30d-2159e03c87061af1-01"
      },
      "ResponseBody": "[{\u0022id\u0022:\u0022dtmi:samples:DTRelationshipsTestsBuilding;1\u0022,\u0022description\u0022:{},\u0022displayName\u0022:{\u0022en\u0022:\u0022Building\u0022},\u0022decommissioned\u0022:false,\u0022uploadTime\u0022:\u00222023-01-09T23:30:51.4486458\u002B00:00\u0022},{\u0022id\u0022:\u0022dtmi:samples:DTRelationshipsTestsFloor;1\u0022,\u0022description\u0022:{},\u0022displayName\u0022:{\u0022en\u0022:\u0022Floor\u0022},\u0022decommissioned\u0022:false,\u0022uploadTime\u0022:\u00222023-01-09T23:30:51.4486669\u002B00:00\u0022},{\u0022id\u0022:\u0022dtmi:samples:DTRelationshipsTestsRoom;1\u0022,\u0022description\u0022:{},\u0022displayName\u0022:{\u0022en\u0022:\u0022Room\u0022},\u0022decommissioned\u0022:false,\u0022uploadTime\u0022:\u00222023-01-09T23:30:51.4486788\u002B00:00\u0022}]"
    },
    {
      "RequestUri": "https://AZURE_DIGITALTWINS_URL.api.wcus.digitaltwins.azure.net/digitaltwins/DTRelationshipsTestsBuildingTwin?api-version=2020-10-31",
      "RequestMethod": "DELETE",
      "RequestHeaders": {
        "Accept": "application/json",
        "Accept-Encoding": "gzip, deflate, br",
        "Accept-Language": "en-US",
        "Authorization": "Sanitized",
        "Connection": "keep-alive",
        "Referer": "http://localhost:9876/",
        "sec-ch-ua": "",
        "sec-ch-ua-mobile": "?0",
        "sec-ch-ua-platform": "",
        "Sec-Fetch-Dest": "empty",
        "Sec-Fetch-Mode": "cors",
        "Sec-Fetch-Site": "same-site",
        "User-Agent": "Mozilla/5.0 (X11; Linux x86_64) AppleWebKit/537.36 (KHTML, like Gecko) HeadlessChrome/109.0.5412.0 Safari/537.36",
        "x-ms-client-request-id": "a22b99d9-96ff-44f4-8510-0ad2ca566eb8",
        "x-ms-useragent": "azsdk-js-digital-twins-core/2.0.0 core-rest-pipeline/1.10.1 OS/Linuxx86_64"
      },
      "RequestBody": null,
      "StatusCode": 404,
      "ResponseHeaders": {
        "Content-Length": "286",
        "Content-Type": "application/json; charset=utf-8",
        "Date": "Mon, 09 Jan 2023 23:30:51 GMT",
        "mise-correlation-id": "53f89328-e394-41cd-85a8-fb425e70c2ee",
        "Strict-Transport-Security": "max-age=2592000",
        "traceresponse": "00-83209816dd62591881d16b2f9232eaa3-8f5844c82e814a90-01"
      },
      "ResponseBody": {
        "error": {
          "code": "DigitalTwinNotFound",
          "message": "There is no digital twin instance that exists with the ID DTRelationshipsTestsBuildingTwin. Please verify that the twin id is valid and ensure that the twin is not deleted. See section on querying the twins https://aka.ms/adtv2query."
        }
      }
    },
    {
      "RequestUri": "https://AZURE_DIGITALTWINS_URL.api.wcus.digitaltwins.azure.net/digitaltwins/DTRelationshipsTestsFloorTwin?api-version=2020-10-31",
      "RequestMethod": "DELETE",
      "RequestHeaders": {
        "Accept": "application/json",
        "Accept-Encoding": "gzip, deflate, br",
        "Accept-Language": "en-US",
        "Authorization": "Sanitized",
        "Connection": "keep-alive",
        "Referer": "http://localhost:9876/",
        "sec-ch-ua": "",
        "sec-ch-ua-mobile": "?0",
        "sec-ch-ua-platform": "",
        "Sec-Fetch-Dest": "empty",
        "Sec-Fetch-Mode": "cors",
        "Sec-Fetch-Site": "same-site",
        "User-Agent": "Mozilla/5.0 (X11; Linux x86_64) AppleWebKit/537.36 (KHTML, like Gecko) HeadlessChrome/109.0.5412.0 Safari/537.36",
        "x-ms-client-request-id": "3c8e9f64-6001-415a-80c8-b82cf41a648d",
        "x-ms-useragent": "azsdk-js-digital-twins-core/2.0.0 core-rest-pipeline/1.10.1 OS/Linuxx86_64"
      },
      "RequestBody": null,
      "StatusCode": 404,
      "ResponseHeaders": {
        "Content-Length": "283",
        "Content-Type": "application/json; charset=utf-8",
        "Date": "Mon, 09 Jan 2023 23:30:51 GMT",
        "mise-correlation-id": "396df653-3dcf-4d06-861e-2a1fb8a268be",
        "Strict-Transport-Security": "max-age=2592000",
        "traceresponse": "00-b1226c04cfa6beb4b66f157fd11eae7b-38b88e3cd18ac4f2-01"
      },
      "ResponseBody": {
        "error": {
          "code": "DigitalTwinNotFound",
          "message": "There is no digital twin instance that exists with the ID DTRelationshipsTestsFloorTwin. Please verify that the twin id is valid and ensure that the twin is not deleted. See section on querying the twins https://aka.ms/adtv2query."
        }
      }
    },
    {
      "RequestUri": "https://AZURE_DIGITALTWINS_URL.api.wcus.digitaltwins.azure.net/digitaltwins/DTRelationshipsTestsRoomTwin?api-version=2020-10-31",
      "RequestMethod": "DELETE",
      "RequestHeaders": {
        "Accept": "application/json",
        "Accept-Encoding": "gzip, deflate, br",
        "Accept-Language": "en-US",
        "Authorization": "Sanitized",
        "Connection": "keep-alive",
        "Referer": "http://localhost:9876/",
        "sec-ch-ua": "",
        "sec-ch-ua-mobile": "?0",
        "sec-ch-ua-platform": "",
        "Sec-Fetch-Dest": "empty",
        "Sec-Fetch-Mode": "cors",
        "Sec-Fetch-Site": "same-site",
        "User-Agent": "Mozilla/5.0 (X11; Linux x86_64) AppleWebKit/537.36 (KHTML, like Gecko) HeadlessChrome/109.0.5412.0 Safari/537.36",
        "x-ms-client-request-id": "c6360cbd-78b3-4e91-beb1-98c7b9abfd27",
        "x-ms-useragent": "azsdk-js-digital-twins-core/2.0.0 core-rest-pipeline/1.10.1 OS/Linuxx86_64"
      },
      "RequestBody": null,
      "StatusCode": 404,
      "ResponseHeaders": {
        "Content-Length": "282",
        "Content-Type": "application/json; charset=utf-8",
        "Date": "Mon, 09 Jan 2023 23:30:51 GMT",
        "mise-correlation-id": "1ef99c6f-9769-488b-9c7c-d99d696e1a69",
        "Strict-Transport-Security": "max-age=2592000",
        "traceresponse": "00-3415e96347b7a0be63cb3c951a875c11-7e4fd040ae405f13-01"
      },
      "ResponseBody": {
        "error": {
          "code": "DigitalTwinNotFound",
          "message": "There is no digital twin instance that exists with the ID DTRelationshipsTestsRoomTwin. Please verify that the twin id is valid and ensure that the twin is not deleted. See section on querying the twins https://aka.ms/adtv2query."
        }
      }
    },
    {
      "RequestUri": "https://AZURE_DIGITALTWINS_URL.api.wcus.digitaltwins.azure.net/digitaltwins/DTRelationshipsTestsBuildingTwin?api-version=2020-10-31",
      "RequestMethod": "PUT",
      "RequestHeaders": {
        "Accept": "application/json",
        "Accept-Encoding": "gzip, deflate, br",
        "Accept-Language": "en-US",
        "Authorization": "Sanitized",
        "Connection": "keep-alive",
        "Content-Length": "94",
        "Content-Type": "application/json",
        "Referer": "http://localhost:9876/",
        "sec-ch-ua": "",
        "sec-ch-ua-mobile": "?0",
        "sec-ch-ua-platform": "",
        "Sec-Fetch-Dest": "empty",
        "Sec-Fetch-Mode": "cors",
        "Sec-Fetch-Site": "same-site",
        "User-Agent": "Mozilla/5.0 (X11; Linux x86_64) AppleWebKit/537.36 (KHTML, like Gecko) HeadlessChrome/109.0.5412.0 Safari/537.36",
        "x-ms-client-request-id": "0ae78ca6-ea28-4a81-a5f7-b9a55beaa094",
        "x-ms-useragent": "azsdk-js-digital-twins-core/2.0.0 core-rest-pipeline/1.10.1 OS/Linuxx86_64"
      },
      "RequestBody": {
        "$metadata": {
          "$model": "dtmi:samples:DTRelationshipsTestsBuilding;1"
        },
        "AverageTemperature": 68
      },
      "StatusCode": 200,
      "ResponseHeaders": {
        "Content-Length": "261",
        "Content-Type": "application/json; charset=utf-8",
        "Date": "Mon, 09 Jan 2023 23:30:51 GMT",
        "ETag": "W/\u0022d62a74c7-d526-4989-b503-77771408c5d5\u0022",
        "mise-correlation-id": "19ade3ad-8433-486c-ad0e-026b9f37d9f8",
        "Strict-Transport-Security": "max-age=2592000",
        "traceresponse": "00-227e1bdab3b6dc086d05919842220c85-7ec60593673c5e58-01"
      },
      "ResponseBody": {
        "$dtId": "DTRelationshipsTestsBuildingTwin",
        "$etag": "W/\u0022d62a74c7-d526-4989-b503-77771408c5d5\u0022",
        "AverageTemperature": 68,
        "$metadata": {
          "$model": "dtmi:samples:DTRelationshipsTestsBuilding;1",
          "AverageTemperature": {
            "lastUpdateTime": "2023-01-09T23:30:51.6065419Z"
          }
        }
      }
    },
    {
      "RequestUri": "https://AZURE_DIGITALTWINS_URL.api.wcus.digitaltwins.azure.net/digitaltwins/DTRelationshipsTestsFloorTwin?api-version=2020-10-31",
      "RequestMethod": "PUT",
      "RequestHeaders": {
        "Accept": "application/json",
        "Accept-Encoding": "gzip, deflate, br",
        "Accept-Language": "en-US",
        "Authorization": "Sanitized",
        "Connection": "keep-alive",
        "Content-Length": "91",
        "Content-Type": "application/json",
        "Referer": "http://localhost:9876/",
        "sec-ch-ua": "",
        "sec-ch-ua-mobile": "?0",
        "sec-ch-ua-platform": "",
        "Sec-Fetch-Dest": "empty",
        "Sec-Fetch-Mode": "cors",
        "Sec-Fetch-Site": "same-site",
        "User-Agent": "Mozilla/5.0 (X11; Linux x86_64) AppleWebKit/537.36 (KHTML, like Gecko) HeadlessChrome/109.0.5412.0 Safari/537.36",
        "x-ms-client-request-id": "1bdb05d0-228a-4a5a-aa38-21d53dc453ff",
        "x-ms-useragent": "azsdk-js-digital-twins-core/2.0.0 core-rest-pipeline/1.10.1 OS/Linuxx86_64"
      },
      "RequestBody": {
        "$metadata": {
          "$model": "dtmi:samples:DTRelationshipsTestsFloor;1"
        },
        "AverageTemperature": 75
      },
      "StatusCode": 200,
      "ResponseHeaders": {
        "Content-Length": "255",
        "Content-Type": "application/json; charset=utf-8",
        "Date": "Mon, 09 Jan 2023 23:30:51 GMT",
        "ETag": "W/\u0022e3bb51e1-067d-4a73-a918-a173fe235097\u0022",
        "mise-correlation-id": "67308e45-4553-4251-a1cb-0ab3399b18a5",
        "Strict-Transport-Security": "max-age=2592000",
        "traceresponse": "00-3cd97c98443d2d4d73643d98e076b87c-14b492ff7d068ac3-01"
      },
      "ResponseBody": {
        "$dtId": "DTRelationshipsTestsFloorTwin",
        "$etag": "W/\u0022e3bb51e1-067d-4a73-a918-a173fe235097\u0022",
        "AverageTemperature": 75,
        "$metadata": {
          "$model": "dtmi:samples:DTRelationshipsTestsFloor;1",
          "AverageTemperature": {
            "lastUpdateTime": "2023-01-09T23:30:51.6535562Z"
          }
        }
      }
    },
    {
      "RequestUri": "https://AZURE_DIGITALTWINS_URL.api.wcus.digitaltwins.azure.net/digitaltwins/DTRelationshipsTestsRoomTwin?api-version=2020-10-31",
      "RequestMethod": "PUT",
      "RequestHeaders": {
        "Accept": "application/json",
        "Accept-Encoding": "gzip, deflate, br",
        "Accept-Language": "en-US",
        "Authorization": "Sanitized",
        "Connection": "keep-alive",
        "Content-Length": "101",
        "Content-Type": "application/json",
        "Referer": "http://localhost:9876/",
        "sec-ch-ua": "",
        "sec-ch-ua-mobile": "?0",
        "sec-ch-ua-platform": "",
        "Sec-Fetch-Dest": "empty",
        "Sec-Fetch-Mode": "cors",
        "Sec-Fetch-Site": "same-site",
        "User-Agent": "Mozilla/5.0 (X11; Linux x86_64) AppleWebKit/537.36 (KHTML, like Gecko) HeadlessChrome/109.0.5412.0 Safari/537.36",
        "x-ms-client-request-id": "a7847741-cef1-419f-8fa9-225b7c641b13",
        "x-ms-useragent": "azsdk-js-digital-twins-core/2.0.0 core-rest-pipeline/1.10.1 OS/Linuxx86_64"
      },
      "RequestBody": {
        "$metadata": {
          "$model": "dtmi:samples:DTRelationshipsTestsRoom;1"
        },
        "Temperature": 80,
        "IsOccupied": true
      },
      "StatusCode": 200,
      "ResponseHeaders": {
        "Content-Length": "320",
        "Content-Type": "application/json; charset=utf-8",
        "Date": "Mon, 09 Jan 2023 23:30:51 GMT",
        "ETag": "W/\u0022417f0cc6-7f60-4766-ab63-6a55d8fe229f\u0022",
        "mise-correlation-id": "c223c9c6-1376-49e3-a531-35b01406fcbc",
        "Strict-Transport-Security": "max-age=2592000",
        "traceresponse": "00-f3d86a76b1e847c0e4b591bf6f9192a7-9a22be7fa6a53bf1-01"
      },
      "ResponseBody": {
        "$dtId": "DTRelationshipsTestsRoomTwin",
        "$etag": "W/\u0022417f0cc6-7f60-4766-ab63-6a55d8fe229f\u0022",
        "Temperature": 80,
        "IsOccupied": true,
        "$metadata": {
          "$model": "dtmi:samples:DTRelationshipsTestsRoom;1",
          "Temperature": {
            "lastUpdateTime": "2023-01-09T23:30:51.7015335Z"
          },
          "IsOccupied": {
            "lastUpdateTime": "2023-01-09T23:30:51.7015335Z"
          }
        }
      }
    },
    {
      "RequestUri": "https://AZURE_DIGITALTWINS_URL.api.wcus.digitaltwins.azure.net/digitaltwins/DTRelationshipsTestsBuildingTwin/relationships/BuildingHasFloor?api-version=2020-10-31",
      "RequestMethod": "PUT",
      "RequestHeaders": {
        "Accept": "application/json",
        "Accept-Encoding": "gzip, deflate, br",
        "Accept-Language": "en-US",
        "Authorization": "Sanitized",
        "Connection": "keep-alive",
        "Content-Length": "182",
        "Content-Type": "application/json",
        "Referer": "http://localhost:9876/",
        "sec-ch-ua": "",
        "sec-ch-ua-mobile": "?0",
        "sec-ch-ua-platform": "",
        "Sec-Fetch-Dest": "empty",
        "Sec-Fetch-Mode": "cors",
        "Sec-Fetch-Site": "same-site",
        "User-Agent": "Mozilla/5.0 (X11; Linux x86_64) AppleWebKit/537.36 (KHTML, like Gecko) HeadlessChrome/109.0.5412.0 Safari/537.36",
        "x-ms-client-request-id": "fb91035e-e229-4ac2-a146-8dc2e4af6392",
        "x-ms-useragent": "azsdk-js-digital-twins-core/2.0.0 core-rest-pipeline/1.10.1 OS/Linuxx86_64"
      },
      "RequestBody": {
        "$relationshipId": "BuildingHasFloor",
        "$sourceId": "DTRelationshipsTestsBuildingTwin",
        "$relationshipName": "has",
        "$targetId": "DTRelationshipsTestsFloorTwin",
        "isAccessRestricted": false
      },
      "StatusCode": 200,
      "ResponseHeaders": {
        "Content-Length": "235",
        "Content-Type": "application/json; charset=utf-8",
        "Date": "Mon, 09 Jan 2023 23:30:51 GMT",
        "ETag": "W/\u0022344ccb3d-3b8f-49e7-9214-c7035999f8d3\u0022",
        "mise-correlation-id": "25b353dd-8408-4ac5-9168-ce27d1c880d4",
        "Strict-Transport-Security": "max-age=2592000",
        "traceresponse": "00-c2481cb8d47882bf503a53f407499403-6bd265dff8c65d6c-01"
      },
      "ResponseBody": {
        "$relationshipId": "BuildingHasFloor",
        "$etag": "W/\u0022344ccb3d-3b8f-49e7-9214-c7035999f8d3\u0022",
        "$sourceId": "DTRelationshipsTestsBuildingTwin",
        "$relationshipName": "has",
        "$targetId": "DTRelationshipsTestsFloorTwin",
        "isAccessRestricted": false
      }
    },
    {
      "RequestUri": "https://AZURE_DIGITALTWINS_URL.api.wcus.digitaltwins.azure.net/digitaltwins/DTRelationshipsTestsBuildingTwin/relationships/BuildingHasFloor?api-version=2020-10-31",
      "RequestMethod": "PATCH",
      "RequestHeaders": {
        "Accept": "application/json",
        "Accept-Encoding": "gzip, deflate, br",
        "Accept-Language": "en-US",
        "Authorization": "Sanitized",
        "Connection": "keep-alive",
        "Content-Length": "46",
        "Content-Type": "application/json-patch\u002Bjson",
        "Referer": "http://localhost:9876/",
        "sec-ch-ua": "",
        "sec-ch-ua-mobile": "?0",
        "sec-ch-ua-platform": "",
        "Sec-Fetch-Dest": "empty",
        "Sec-Fetch-Mode": "cors",
        "Sec-Fetch-Site": "same-site",
        "User-Agent": "Mozilla/5.0 (X11; Linux x86_64) AppleWebKit/537.36 (KHTML, like Gecko) HeadlessChrome/109.0.5412.0 Safari/537.36",
        "x-ms-client-request-id": "ad5b642a-c7ea-446f-a82f-e0f12fd51c00",
        "x-ms-useragent": "azsdk-js-digital-twins-core/2.0.0 core-rest-pipeline/1.10.1 OS/Linuxx86_64"
      },
      "RequestBody": "[{\u0022op\u0022:\u0022remove\u0022,\u0022path\u0022:\u0022/isAccessRestricted\u0022}]",
      "StatusCode": 204,
      "ResponseHeaders": {
        "Content-Length": "0",
        "Date": "Mon, 09 Jan 2023 23:30:51 GMT",
        "ETag": "W/\u0022193b049f-4285-4a93-841b-747f09449bdf\u0022",
        "mise-correlation-id": "ca810e21-8405-43fd-8889-5f517a6d2492",
        "Strict-Transport-Security": "max-age=2592000",
        "traceresponse": "00-5ff15701dac29ae9459cdf495071a47c-f9bbe8529265c322-01"
      },
      "ResponseBody": null
    },
    {
      "RequestUri": "https://AZURE_DIGITALTWINS_URL.api.wcus.digitaltwins.azure.net/digitaltwins/DTRelationshipsTestsBuildingTwin/relationships/BuildingHasFloor?api-version=2020-10-31",
      "RequestMethod": "GET",
      "RequestHeaders": {
        "Accept": "application/json",
        "Accept-Encoding": "gzip, deflate, br",
        "Accept-Language": "en-US",
        "Authorization": "Sanitized",
        "Connection": "keep-alive",
        "Referer": "http://localhost:9876/",
        "sec-ch-ua": "",
        "sec-ch-ua-mobile": "?0",
        "sec-ch-ua-platform": "",
        "Sec-Fetch-Dest": "empty",
        "Sec-Fetch-Mode": "cors",
        "Sec-Fetch-Site": "same-site",
        "User-Agent": "Mozilla/5.0 (X11; Linux x86_64) AppleWebKit/537.36 (KHTML, like Gecko) HeadlessChrome/109.0.5412.0 Safari/537.36",
        "x-ms-client-request-id": "bcabd731-6b06-4411-be26-747e647ee20e",
        "x-ms-useragent": "azsdk-js-digital-twins-core/2.0.0 core-rest-pipeline/1.10.1 OS/Linuxx86_64"
      },
      "RequestBody": null,
      "StatusCode": 200,
      "ResponseHeaders": {
        "Content-Length": "208",
        "Content-Type": "application/json; charset=utf-8",
        "Date": "Mon, 09 Jan 2023 23:30:51 GMT",
        "ETag": "W/\u0022193b049f-4285-4a93-841b-747f09449bdf\u0022",
        "mise-correlation-id": "7d0ca4d9-fe7c-455e-bbe5-d4c836da852f",
        "Strict-Transport-Security": "max-age=2592000",
        "traceresponse": "00-9a9db7704e33c749f4182bb2b281a440-39b4db92434318ac-01"
      },
      "ResponseBody": {
        "$relationshipId": "BuildingHasFloor",
        "$etag": "W/\u0022193b049f-4285-4a93-841b-747f09449bdf\u0022",
        "$sourceId": "DTRelationshipsTestsBuildingTwin",
        "$relationshipName": "has",
        "$targetId": "DTRelationshipsTestsFloorTwin"
      }
    },
    {
      "RequestUri": "https://AZURE_DIGITALTWINS_URL.api.wcus.digitaltwins.azure.net/digitaltwins/DTRelationshipsTestsBuildingTwin/relationships/BuildingHasFloor?api-version=2020-10-31",
      "RequestMethod": "DELETE",
      "RequestHeaders": {
        "Accept": "application/json",
        "Accept-Encoding": "gzip, deflate, br",
        "Accept-Language": "en-US",
        "Authorization": "Sanitized",
        "Connection": "keep-alive",
        "Referer": "http://localhost:9876/",
        "sec-ch-ua": "",
        "sec-ch-ua-mobile": "?0",
        "sec-ch-ua-platform": "",
        "Sec-Fetch-Dest": "empty",
        "Sec-Fetch-Mode": "cors",
        "Sec-Fetch-Site": "same-site",
        "User-Agent": "Mozilla/5.0 (X11; Linux x86_64) AppleWebKit/537.36 (KHTML, like Gecko) HeadlessChrome/109.0.5412.0 Safari/537.36",
        "x-ms-client-request-id": "4981299b-d9e9-4068-be76-52c4a12b162b",
        "x-ms-useragent": "azsdk-js-digital-twins-core/2.0.0 core-rest-pipeline/1.10.1 OS/Linuxx86_64"
      },
      "RequestBody": null,
      "StatusCode": 204,
      "ResponseHeaders": {
        "Content-Length": "0",
        "Date": "Mon, 09 Jan 2023 23:30:51 GMT",
        "mise-correlation-id": "6346c802-967d-4989-8da5-518fe8bb296f",
        "Strict-Transport-Security": "max-age=2592000",
        "traceresponse": "00-1f33e92b7b1410940e21ba613de44274-a0aa2bddea8dc7dd-01"
      },
      "ResponseBody": null
    },
    {
      "RequestUri": "https://AZURE_DIGITALTWINS_URL.api.wcus.digitaltwins.azure.net/digitaltwins/DTRelationshipsTestsBuildingTwin?api-version=2020-10-31",
      "RequestMethod": "DELETE",
      "RequestHeaders": {
        "Accept": "application/json",
        "Accept-Encoding": "gzip, deflate, br",
        "Accept-Language": "en-US",
        "Authorization": "Sanitized",
        "Connection": "keep-alive",
        "Referer": "http://localhost:9876/",
        "sec-ch-ua": "",
        "sec-ch-ua-mobile": "?0",
        "sec-ch-ua-platform": "",
        "Sec-Fetch-Dest": "empty",
        "Sec-Fetch-Mode": "cors",
        "Sec-Fetch-Site": "same-site",
        "User-Agent": "Mozilla/5.0 (X11; Linux x86_64) AppleWebKit/537.36 (KHTML, like Gecko) HeadlessChrome/109.0.5412.0 Safari/537.36",
        "x-ms-client-request-id": "fd06aaa6-8bdc-496b-a5ed-941918cee0ea",
        "x-ms-useragent": "azsdk-js-digital-twins-core/2.0.0 core-rest-pipeline/1.10.1 OS/Linuxx86_64"
      },
      "RequestBody": null,
      "StatusCode": 204,
      "ResponseHeaders": {
        "Content-Length": "0",
        "Date": "Mon, 09 Jan 2023 23:30:51 GMT",
        "mise-correlation-id": "12c52082-e3a6-4d09-9133-e8e38bf024f0",
        "Strict-Transport-Security": "max-age=2592000",
        "traceresponse": "00-0c1a5f2087744d9ead995d5ec7774d6e-700e5e9beb6dfb32-01"
      },
      "ResponseBody": null
    },
    {
      "RequestUri": "https://AZURE_DIGITALTWINS_URL.api.wcus.digitaltwins.azure.net/digitaltwins/DTRelationshipsTestsFloorTwin?api-version=2020-10-31",
      "RequestMethod": "DELETE",
      "RequestHeaders": {
        "Accept": "application/json",
        "Accept-Encoding": "gzip, deflate, br",
        "Accept-Language": "en-US",
        "Authorization": "Sanitized",
        "Connection": "keep-alive",
        "Referer": "http://localhost:9876/",
        "sec-ch-ua": "",
        "sec-ch-ua-mobile": "?0",
        "sec-ch-ua-platform": "",
        "Sec-Fetch-Dest": "empty",
        "Sec-Fetch-Mode": "cors",
        "Sec-Fetch-Site": "same-site",
        "User-Agent": "Mozilla/5.0 (X11; Linux x86_64) AppleWebKit/537.36 (KHTML, like Gecko) HeadlessChrome/109.0.5412.0 Safari/537.36",
        "x-ms-client-request-id": "4a1b3290-a7c0-4285-b521-edb69b0a6d34",
        "x-ms-useragent": "azsdk-js-digital-twins-core/2.0.0 core-rest-pipeline/1.10.1 OS/Linuxx86_64"
      },
      "RequestBody": null,
      "StatusCode": 204,
      "ResponseHeaders": {
        "Content-Length": "0",
        "Date": "Mon, 09 Jan 2023 23:30:51 GMT",
        "mise-correlation-id": "168e0e42-b64e-4a0d-9319-a01018148271",
        "Strict-Transport-Security": "max-age=2592000",
        "traceresponse": "00-036145ca1900e04022de756c0fb165d2-5b98eda0590a80a5-01"
      },
      "ResponseBody": null
    },
    {
      "RequestUri": "https://AZURE_DIGITALTWINS_URL.api.wcus.digitaltwins.azure.net/digitaltwins/DTRelationshipsTestsRoomTwin?api-version=2020-10-31",
      "RequestMethod": "DELETE",
      "RequestHeaders": {
        "Accept": "application/json",
        "Accept-Encoding": "gzip, deflate, br",
        "Accept-Language": "en-US",
        "Authorization": "Sanitized",
        "Connection": "keep-alive",
        "Referer": "http://localhost:9876/",
        "sec-ch-ua": "",
        "sec-ch-ua-mobile": "?0",
        "sec-ch-ua-platform": "",
        "Sec-Fetch-Dest": "empty",
        "Sec-Fetch-Mode": "cors",
        "Sec-Fetch-Site": "same-site",
        "User-Agent": "Mozilla/5.0 (X11; Linux x86_64) AppleWebKit/537.36 (KHTML, like Gecko) HeadlessChrome/109.0.5412.0 Safari/537.36",
        "x-ms-client-request-id": "dc20fe88-35b2-456b-af02-a38508e379ac",
        "x-ms-useragent": "azsdk-js-digital-twins-core/2.0.0 core-rest-pipeline/1.10.1 OS/Linuxx86_64"
      },
      "RequestBody": null,
      "StatusCode": 204,
      "ResponseHeaders": {
        "Content-Length": "0",
        "Date": "Mon, 09 Jan 2023 23:30:51 GMT",
        "mise-correlation-id": "b86bd3c3-5089-454c-ac8b-3eaab172e3d3",
        "Strict-Transport-Security": "max-age=2592000",
        "traceresponse": "00-12b83a01118ea1f7683c6b149e708237-8a764f92d643ef3a-01"
      },
      "ResponseBody": null
    },
    {
      "RequestUri": "https://AZURE_DIGITALTWINS_URL.api.wcus.digitaltwins.azure.net/models/dtmi%3Asamples%3ADTRelationshipsTestsBuilding%3B1?api-version=2020-10-31",
      "RequestMethod": "DELETE",
      "RequestHeaders": {
        "Accept": "application/json",
        "Accept-Encoding": "gzip, deflate, br",
        "Accept-Language": "en-US",
        "Authorization": "Sanitized",
        "Connection": "keep-alive",
        "Referer": "http://localhost:9876/",
        "sec-ch-ua": "",
        "sec-ch-ua-mobile": "?0",
        "sec-ch-ua-platform": "",
        "Sec-Fetch-Dest": "empty",
        "Sec-Fetch-Mode": "cors",
        "Sec-Fetch-Site": "same-site",
        "User-Agent": "Mozilla/5.0 (X11; Linux x86_64) AppleWebKit/537.36 (KHTML, like Gecko) HeadlessChrome/109.0.5412.0 Safari/537.36",
        "x-ms-client-request-id": "efd25d76-3af9-4de9-bf31-fd47ff066e61",
        "x-ms-useragent": "azsdk-js-digital-twins-core/2.0.0 core-rest-pipeline/1.10.1 OS/Linuxx86_64"
      },
      "RequestBody": null,
      "StatusCode": 204,
      "ResponseHeaders": {
        "Content-Length": "0",
        "Date": "Mon, 09 Jan 2023 23:30:51 GMT",
        "mise-correlation-id": "fc5350f4-3ac0-4481-9ec8-65c34468f484",
        "Strict-Transport-Security": "max-age=2592000",
        "traceresponse": "00-4c5f8b75096d605b8b2818bcfd151dfe-579bbb0db07bf6dc-01"
      },
      "ResponseBody": null
    },
    {
      "RequestUri": "https://AZURE_DIGITALTWINS_URL.api.wcus.digitaltwins.azure.net/models/dtmi%3Asamples%3ADTRelationshipsTestsFloor%3B1?api-version=2020-10-31",
      "RequestMethod": "DELETE",
      "RequestHeaders": {
        "Accept": "application/json",
        "Accept-Encoding": "gzip, deflate, br",
        "Accept-Language": "en-US",
        "Authorization": "Sanitized",
        "Connection": "keep-alive",
        "Referer": "http://localhost:9876/",
        "sec-ch-ua": "",
        "sec-ch-ua-mobile": "?0",
        "sec-ch-ua-platform": "",
        "Sec-Fetch-Dest": "empty",
        "Sec-Fetch-Mode": "cors",
        "Sec-Fetch-Site": "same-site",
        "User-Agent": "Mozilla/5.0 (X11; Linux x86_64) AppleWebKit/537.36 (KHTML, like Gecko) HeadlessChrome/109.0.5412.0 Safari/537.36",
        "x-ms-client-request-id": "fb95a41b-36ab-4e0b-b2cb-c5b686482048",
        "x-ms-useragent": "azsdk-js-digital-twins-core/2.0.0 core-rest-pipeline/1.10.1 OS/Linuxx86_64"
      },
      "RequestBody": null,
      "StatusCode": 204,
      "ResponseHeaders": {
        "Content-Length": "0",
        "Date": "Mon, 09 Jan 2023 23:30:51 GMT",
        "mise-correlation-id": "538e5335-c94b-4086-853b-9f1c3f24c54a",
        "Strict-Transport-Security": "max-age=2592000",
        "traceresponse": "00-4c88c529f884a55583de447b1fe83466-8207a56892a6dd33-01"
      },
      "ResponseBody": null
    },
    {
      "RequestUri": "https://AZURE_DIGITALTWINS_URL.api.wcus.digitaltwins.azure.net/models/dtmi%3Asamples%3ADTRelationshipsTestsRoom%3B1?api-version=2020-10-31",
      "RequestMethod": "DELETE",
      "RequestHeaders": {
        "Accept": "application/json",
        "Accept-Encoding": "gzip, deflate, br",
        "Accept-Language": "en-US",
        "Authorization": "Sanitized",
        "Connection": "keep-alive",
        "Referer": "http://localhost:9876/",
        "sec-ch-ua": "",
        "sec-ch-ua-mobile": "?0",
        "sec-ch-ua-platform": "",
        "Sec-Fetch-Dest": "empty",
        "Sec-Fetch-Mode": "cors",
        "Sec-Fetch-Site": "same-site",
        "User-Agent": "Mozilla/5.0 (X11; Linux x86_64) AppleWebKit/537.36 (KHTML, like Gecko) HeadlessChrome/109.0.5412.0 Safari/537.36",
        "x-ms-client-request-id": "642cc7b8-5c5a-4f49-b184-ae1f604d2694",
        "x-ms-useragent": "azsdk-js-digital-twins-core/2.0.0 core-rest-pipeline/1.10.1 OS/Linuxx86_64"
      },
      "RequestBody": null,
      "StatusCode": 204,
      "ResponseHeaders": {
        "Content-Length": "0",
        "Date": "Mon, 09 Jan 2023 23:30:51 GMT",
        "mise-correlation-id": "80afdaa7-f8a0-431b-9283-884334600463",
        "Strict-Transport-Security": "max-age=2592000",
        "traceresponse": "00-f81f47ba13085b5e742388effa93effe-1c07b95c289c53cd-01"
      },
      "ResponseBody": null
    }
  ],
  "Variables": {}
}
