{
  "Entries": [
    {
      "RequestUri": "https://AZURE_DIGITALTWINS_URL.api.wcus.digitaltwins.azure.net/models/dtmi%3Asamples%3ADTTestBuilding%3B1?api-version=2020-10-31",
      "RequestMethod": "DELETE",
      "RequestHeaders": {
        "Accept": "application/json",
        "Accept-Encoding": "gzip,deflate",
        "Authorization": "Sanitized",
        "Connection": "keep-alive",
        "User-Agent": "azsdk-js-digital-twins-core/2.0.0 core-rest-pipeline/1.10.1 Node/v16.18.0 OS/(x64-Linux-5.4.0-1098-azure)",
        "x-ms-client-request-id": "ef639d7c-d4b8-4a2a-bf6e-5d503beaa2dd"
      },
      "RequestBody": null,
      "StatusCode": 404,
      "ResponseHeaders": {
        "Content-Length": "214",
        "Content-Type": "application/json; charset=utf-8",
        "Date": "Mon, 09 Jan 2023 23:21:14 GMT",
        "mise-correlation-id": "16ed4204-f1e8-456a-b055-5aa4912f42bf",
        "Strict-Transport-Security": "max-age=2592000",
        "traceresponse": "00-268ce676238cad032868a3cb533a6f3b-9d9084676fb8e981-01"
      },
      "ResponseBody": {
        "error": {
          "code": "ModelNotFound",
          "message": "There is no Model(s) available that matches the provided id(s) dtmi:samples:DTTestBuilding;1. Check that the Model ID provided is valid by doing a Model_List API call."
        }
      }
    },
    {
      "RequestUri": "https://AZURE_DIGITALTWINS_URL.api.wcus.digitaltwins.azure.net/models?api-version=2020-10-31",
      "RequestMethod": "POST",
      "RequestHeaders": {
        "Accept": "application/json",
        "Accept-Encoding": "gzip,deflate",
        "Authorization": "Sanitized",
        "Connection": "keep-alive",
        "Content-Length": "263",
        "Content-Type": "application/json",
        "User-Agent": "azsdk-js-digital-twins-core/2.0.0 core-rest-pipeline/1.10.1 Node/v16.18.0 OS/(x64-Linux-5.4.0-1098-azure)",
        "x-ms-client-request-id": "3b0644af-9179-498f-b420-29b9ccfeb2ab"
      },
      "RequestBody": "[{\u0022@id\u0022:\u0022dtmi:samples:DTTestBuilding;1\u0022,\u0022@type\u0022:\u0022Interface\u0022,\u0022@context\u0022:\u0022dtmi:dtdl:context;2\u0022,\u0022displayName\u0022:\u0022Building\u0022,\u0022contents\u0022:[{\u0022@type\u0022:\u0022Property\u0022,\u0022name\u0022:\u0022AverageTemperature\u0022,\u0022schema\u0022:\u0022double\u0022},{\u0022@type\u0022:\u0022Property\u0022,\u0022name\u0022:\u0022TemperatureUnit\u0022,\u0022schema\u0022:\u0022string\u0022}]}]",
      "StatusCode": 201,
      "ResponseHeaders": {
        "Content-Length": "161",
        "Content-Type": "application/json; charset=utf-8",
        "Date": "Mon, 09 Jan 2023 23:21:14 GMT",
        "mise-correlation-id": "f7366a2b-215d-44a2-aa1d-4bb0847238ac",
        "Strict-Transport-Security": "max-age=2592000",
        "traceresponse": "00-95b9d7fe0eeeb5ffc0fd722b1d4c6e11-cc2cde654c28728a-01"
      },
      "ResponseBody": "[{\u0022id\u0022:\u0022dtmi:samples:DTTestBuilding;1\u0022,\u0022description\u0022:{},\u0022displayName\u0022:{\u0022en\u0022:\u0022Building\u0022},\u0022decommissioned\u0022:false,\u0022uploadTime\u0022:\u00222023-01-09T23:21:15.3243234\u002B00:00\u0022}]"
    },
    {
      "RequestUri": "https://AZURE_DIGITALTWINS_URL.api.wcus.digitaltwins.azure.net/digitaltwins/create-simple-digitaltwin-756?api-version=2020-10-31",
      "RequestMethod": "DELETE",
      "RequestHeaders": {
        "Accept": "application/json",
        "Accept-Encoding": "gzip,deflate",
        "Authorization": "Sanitized",
        "Connection": "keep-alive",
        "User-Agent": "azsdk-js-digital-twins-core/2.0.0 core-rest-pipeline/1.10.1 Node/v16.18.0 OS/(x64-Linux-5.4.0-1098-azure)",
        "x-ms-client-request-id": "7e418b9d-d192-4904-a679-8a2354f3a41e"
      },
      "RequestBody": null,
      "StatusCode": 404,
      "ResponseHeaders": {
        "Content-Length": "283",
        "Content-Type": "application/json; charset=utf-8",
        "Date": "Mon, 09 Jan 2023 23:21:14 GMT",
        "mise-correlation-id": "7c0fc936-7b1f-45df-a874-ef5cf500095b",
        "Strict-Transport-Security": "max-age=2592000",
        "traceresponse": "00-6bf7b7c037b555a148448f4a2e864ae9-b07a2004e3b6632d-01"
      },
      "ResponseBody": {
        "error": {
          "code": "DigitalTwinNotFound",
          "message": "There is no digital twin instance that exists with the ID create-simple-digitaltwin-756. Please verify that the twin id is valid and ensure that the twin is not deleted. See section on querying the twins https://aka.ms/adtv2query."
        }
      }
    },
    {
      "RequestUri": "https://AZURE_DIGITALTWINS_URL.api.wcus.digitaltwins.azure.net/digitaltwins/create-simple-digitaltwin-756?api-version=2020-10-31",
      "RequestMethod": "DELETE",
      "RequestHeaders": {
        "Accept": "application/json",
        "Accept-Encoding": "gzip,deflate",
        "Authorization": "Sanitized",
        "Connection": "keep-alive",
        "User-Agent": "azsdk-js-digital-twins-core/2.0.0 core-rest-pipeline/1.10.1 Node/v16.18.0 OS/(x64-Linux-5.4.0-1098-azure)",
        "x-ms-client-request-id": "ff179524-2e5e-4709-bf63-0bd34cb14c97"
      },
      "RequestBody": null,
      "StatusCode": 404,
      "ResponseHeaders": {
        "Content-Length": "283",
        "Content-Type": "application/json; charset=utf-8",
        "Date": "Mon, 09 Jan 2023 23:21:14 GMT",
        "mise-correlation-id": "4a674dd9-fe0d-4954-9055-11d283c7dee4",
        "Strict-Transport-Security": "max-age=2592000",
        "traceresponse": "00-e4cb6528ad11571ac89424d0a0b21d55-7729924346ae5172-01"
      },
      "ResponseBody": {
        "error": {
          "code": "DigitalTwinNotFound",
          "message": "There is no digital twin instance that exists with the ID create-simple-digitaltwin-756. Please verify that the twin id is valid and ensure that the twin is not deleted. See section on querying the twins https://aka.ms/adtv2query."
        }
      }
    },
    {
      "RequestUri": "https://AZURE_DIGITALTWINS_URL.api.wcus.digitaltwins.azure.net/digitaltwins/create-simple-digitaltwin-756?api-version=2020-10-31",
      "RequestMethod": "DELETE",
      "RequestHeaders": {
        "Accept": "application/json",
        "Accept-Encoding": "gzip,deflate",
        "Authorization": "Sanitized",
        "Connection": "keep-alive",
        "User-Agent": "azsdk-js-digital-twins-core/2.0.0 core-rest-pipeline/1.10.1 Node/v16.18.0 OS/(x64-Linux-5.4.0-1098-azure)",
        "x-ms-client-request-id": "83543737-caa0-40bc-9e34-7429728c1f92"
      },
      "RequestBody": null,
      "StatusCode": 404,
      "ResponseHeaders": {
        "Content-Length": "283",
        "Content-Type": "application/json; charset=utf-8",
        "Date": "Mon, 09 Jan 2023 23:21:14 GMT",
        "mise-correlation-id": "39d38b42-c49c-484e-9a81-75938849059d",
        "Strict-Transport-Security": "max-age=2592000",
        "traceresponse": "00-66eb3287cc58a8a35e313d4b0689be44-1d6999eb76d5d8e4-01"
      },
      "ResponseBody": {
        "error": {
          "code": "DigitalTwinNotFound",
          "message": "There is no digital twin instance that exists with the ID create-simple-digitaltwin-756. Please verify that the twin id is valid and ensure that the twin is not deleted. See section on querying the twins https://aka.ms/adtv2query."
        }
      }
    },
    {
      "RequestUri": "https://AZURE_DIGITALTWINS_URL.api.wcus.digitaltwins.azure.net/models/dtmi%3Asamples%3ADTTestBuilding%3B1?api-version=2020-10-31",
      "RequestMethod": "DELETE",
      "RequestHeaders": {
        "Accept": "application/json",
        "Accept-Encoding": "gzip,deflate",
        "Authorization": "Sanitized",
        "Connection": "keep-alive",
        "User-Agent": "azsdk-js-digital-twins-core/2.0.0 core-rest-pipeline/1.10.1 Node/v16.18.0 OS/(x64-Linux-5.4.0-1098-azure)",
        "x-ms-client-request-id": "2d298592-89f5-43df-99e3-0b706230cf8b"
      },
      "RequestBody": null,
      "StatusCode": 204,
      "ResponseHeaders": {
        "Content-Length": "0",
        "Date": "Mon, 09 Jan 2023 23:21:14 GMT",
        "mise-correlation-id": "46d1c8ca-9650-4887-be75-2b5819a62821",
        "Strict-Transport-Security": "max-age=2592000",
        "traceresponse": "00-96d442199207a07b09e13363a619bdce-97fd18ac4563c6c8-01"
      },
      "ResponseBody": null
    }
  ],
  "Variables": {
    "digitalTwin": "create-simple-digitaltwin-756"
  }
}
