{
  "Entries": [
    {
      "RequestUri": "https://AZURE_DIGITALTWINS_URL.api.wcus.digitaltwins.azure.net/models/dtmi%3Asamples%3ADTTestBuilding%3B1?api-version=2020-10-31",
      "RequestMethod": "DELETE",
      "RequestHeaders": {
        "Accept": "application/json",
        "Accept-Encoding": "gzip,deflate",
        "Authorization": "Sanitized",
        "Connection": "keep-alive",
        "User-Agent": "azsdk-js-digital-twins-core/2.0.0 core-rest-pipeline/1.10.1 Node/v16.18.0 OS/(x64-Linux-5.4.0-1098-azure)",
        "x-ms-client-request-id": "fc0ee1cf-ca1c-40e4-bff6-a4eb258cbcd6"
      },
      "RequestBody": null,
      "StatusCode": 404,
      "ResponseHeaders": {
        "Content-Length": "214",
        "Content-Type": "application/json; charset=utf-8",
        "Date": "Mon, 09 Jan 2023 23:21:16 GMT",
        "mise-correlation-id": "87c42f93-5561-4e80-ab48-13c0f2c64c78",
        "Strict-Transport-Security": "max-age=2592000",
        "traceresponse": "00-8fe064afbd569d14a68a9d031253fa72-46695685961419b6-01"
      },
      "ResponseBody": {
        "error": {
          "code": "ModelNotFound",
          "message": "There is no Model(s) available that matches the provided id(s) dtmi:samples:DTTestBuilding;1. Check that the Model ID provided is valid by doing a Model_List API call."
        }
      }
    },
    {
      "RequestUri": "https://AZURE_DIGITALTWINS_URL.api.wcus.digitaltwins.azure.net/models?api-version=2020-10-31",
      "RequestMethod": "POST",
      "RequestHeaders": {
        "Accept": "application/json",
        "Accept-Encoding": "gzip,deflate",
        "Authorization": "Sanitized",
        "Connection": "keep-alive",
        "Content-Length": "263",
        "Content-Type": "application/json",
        "User-Agent": "azsdk-js-digital-twins-core/2.0.0 core-rest-pipeline/1.10.1 Node/v16.18.0 OS/(x64-Linux-5.4.0-1098-azure)",
        "x-ms-client-request-id": "827f21cd-788b-43d7-b4c3-da628d0f04e3"
      },
      "RequestBody": "[{\u0022@id\u0022:\u0022dtmi:samples:DTTestBuilding;1\u0022,\u0022@type\u0022:\u0022Interface\u0022,\u0022@context\u0022:\u0022dtmi:dtdl:context;2\u0022,\u0022displayName\u0022:\u0022Building\u0022,\u0022contents\u0022:[{\u0022@type\u0022:\u0022Property\u0022,\u0022name\u0022:\u0022AverageTemperature\u0022,\u0022schema\u0022:\u0022double\u0022},{\u0022@type\u0022:\u0022Property\u0022,\u0022name\u0022:\u0022TemperatureUnit\u0022,\u0022schema\u0022:\u0022string\u0022}]}]",
      "StatusCode": 201,
      "ResponseHeaders": {
        "Content-Length": "161",
        "Content-Type": "application/json; charset=utf-8",
        "Date": "Mon, 09 Jan 2023 23:21:16 GMT",
        "mise-correlation-id": "46056fcb-496b-48d9-b4c0-eaa53fde8db9",
        "Strict-Transport-Security": "max-age=2592000",
        "traceresponse": "00-643cba92f99a2f74ca0ef73fa1550168-240719ee7b80bb5e-01"
      },
      "ResponseBody": "[{\u0022id\u0022:\u0022dtmi:samples:DTTestBuilding;1\u0022,\u0022description\u0022:{},\u0022displayName\u0022:{\u0022en\u0022:\u0022Building\u0022},\u0022decommissioned\u0022:false,\u0022uploadTime\u0022:\u00222023-01-09T23:21:17.2313593\u002B00:00\u0022}]"
    },
    {
      "RequestUri": "https://AZURE_DIGITALTWINS_URL.api.wcus.digitaltwins.azure.net/digitaltwins/create-simple-digitaltwin-419?api-version=2020-10-31",
      "RequestMethod": "DELETE",
      "RequestHeaders": {
        "Accept": "application/json",
        "Accept-Encoding": "gzip,deflate",
        "Authorization": "Sanitized",
        "Connection": "keep-alive",
        "User-Agent": "azsdk-js-digital-twins-core/2.0.0 core-rest-pipeline/1.10.1 Node/v16.18.0 OS/(x64-Linux-5.4.0-1098-azure)",
        "x-ms-client-request-id": "903e6b5e-f235-4535-bba4-8770cbd3aca3"
      },
      "RequestBody": null,
      "StatusCode": 404,
      "ResponseHeaders": {
        "Content-Length": "283",
        "Content-Type": "application/json; charset=utf-8",
        "Date": "Mon, 09 Jan 2023 23:21:16 GMT",
        "mise-correlation-id": "4dad39e3-2577-4822-a6fe-77981da4f072",
        "Strict-Transport-Security": "max-age=2592000",
        "traceresponse": "00-9ba4997262f83700e7b9174988918382-b7103ad21200a0d8-01"
      },
      "ResponseBody": {
        "error": {
          "code": "DigitalTwinNotFound",
          "message": "There is no digital twin instance that exists with the ID create-simple-digitaltwin-419. Please verify that the twin id is valid and ensure that the twin is not deleted. See section on querying the twins https://aka.ms/adtv2query."
        }
      }
    },
    {
      "RequestUri": "https://AZURE_DIGITALTWINS_URL.api.wcus.digitaltwins.azure.net/digitaltwins/create-simple-digitaltwin-419?api-version=2020-10-31",
      "RequestMethod": "PUT",
      "RequestHeaders": {
        "Accept": "application/json",
        "Accept-Encoding": "gzip,deflate",
        "Authorization": "Sanitized",
        "Connection": "keep-alive",
        "Content-Length": "108",
        "Content-Type": "application/json",
        "User-Agent": "azsdk-js-digital-twins-core/2.0.0 core-rest-pipeline/1.10.1 Node/v16.18.0 OS/(x64-Linux-5.4.0-1098-azure)",
        "x-ms-client-request-id": "c43c3974-4013-4f83-ae3e-1b11e1b6c77d"
      },
      "RequestBody": {
        "$metadata": {
          "$model": "dtmi:samples:DTTestBuilding;1"
        },
        "AverageTemperature": 68,
        "TemperatureUnit": "Celsius"
      },
      "StatusCode": 200,
      "ResponseHeaders": {
        "Content-Length": "340",
        "Content-Type": "application/json; charset=utf-8",
        "Date": "Mon, 09 Jan 2023 23:21:16 GMT",
        "ETag": "W/\u002250c3c07a-a668-402a-9c3f-04081436d1aa\u0022",
        "mise-correlation-id": "5dc09f3f-0f70-4687-ba74-d833503aec37",
        "Strict-Transport-Security": "max-age=2592000",
        "traceresponse": "00-ac14998bbf9c2fd77955cdaffe49afaa-78da3d85d86b3e3c-01"
      },
      "ResponseBody": {
        "$dtId": "create-simple-digitaltwin-419",
        "$etag": "W/\u002250c3c07a-a668-402a-9c3f-04081436d1aa\u0022",
        "AverageTemperature": 68,
        "TemperatureUnit": "Celsius",
        "$metadata": {
          "$model": "dtmi:samples:DTTestBuilding;1",
          "AverageTemperature": {
            "lastUpdateTime": "2023-01-09T23:21:17.3234442Z"
          },
          "TemperatureUnit": {
            "lastUpdateTime": "2023-01-09T23:21:17.3234442Z"
          }
        }
      }
    },
    {
      "RequestUri": "https://AZURE_DIGITALTWINS_URL.api.wcus.digitaltwins.azure.net/digitaltwins/create-simple-digitaltwin-419?api-version=2020-10-31",
      "RequestMethod": "PATCH",
      "RequestHeaders": {
        "Accept": "application/json",
        "Accept-Encoding": "gzip,deflate",
        "Authorization": "Sanitized",
        "Connection": "keep-alive",
        "Content-Length": "58",
        "Content-Type": "application/json-patch\u002Bjson",
        "User-Agent": "azsdk-js-digital-twins-core/2.0.0 core-rest-pipeline/1.10.1 Node/v16.18.0 OS/(x64-Linux-5.4.0-1098-azure)",
        "x-ms-client-request-id": "59084551-3d7f-4034-a0ac-f32b498d894b"
      },
      "RequestBody": "[{\u0022op\u0022:\u0022replace\u0022,\u0022path\u0022:\u0022/AverageTemperature\u0022,\u0022value\u0022:42}]",
      "StatusCode": 204,
      "ResponseHeaders": {
        "Content-Length": "0",
        "Date": "Mon, 09 Jan 2023 23:21:16 GMT",
        "ETag": "W/\u002245420dad-8d9a-455b-9995-c7ead2c89e9f\u0022",
        "mise-correlation-id": "6a34243b-0669-4053-a2d9-8ff431ab34ac",
        "Strict-Transport-Security": "max-age=2592000",
        "traceresponse": "00-8de98f462d68d02f04a67815693ddcd3-eb6036ce1ca2eee3-01"
      },
      "ResponseBody": null
    },
    {
      "RequestUri": "https://AZURE_DIGITALTWINS_URL.api.wcus.digitaltwins.azure.net/digitaltwins/create-simple-digitaltwin-419?api-version=2020-10-31",
      "RequestMethod": "GET",
      "RequestHeaders": {
        "Accept": "application/json",
        "Accept-Encoding": "gzip,deflate",
        "Authorization": "Sanitized",
        "Connection": "keep-alive",
        "User-Agent": "azsdk-js-digital-twins-core/2.0.0 core-rest-pipeline/1.10.1 Node/v16.18.0 OS/(x64-Linux-5.4.0-1098-azure)",
        "x-ms-client-request-id": "b1288aea-fceb-46c5-9910-2def6729fe78"
      },
      "RequestBody": null,
      "StatusCode": 200,
      "ResponseHeaders": {
        "Content-Length": "340",
        "Content-Type": "application/json; charset=utf-8",
        "Date": "Mon, 09 Jan 2023 23:21:16 GMT",
        "ETag": "W/\u002245420dad-8d9a-455b-9995-c7ead2c89e9f\u0022",
        "mise-correlation-id": "66f9d00c-b9c5-49d0-a4ac-dd9d5e707550",
        "Strict-Transport-Security": "max-age=2592000",
        "traceresponse": "00-e7429ffa8c742e509e73d84e9755c4b9-f1c02ee64b434404-01"
      },
      "ResponseBody": {
        "$dtId": "create-simple-digitaltwin-419",
        "$etag": "W/\u002245420dad-8d9a-455b-9995-c7ead2c89e9f\u0022",
        "AverageTemperature": 42,
        "TemperatureUnit": "Celsius",
        "$metadata": {
          "$model": "dtmi:samples:DTTestBuilding;1",
          "AverageTemperature": {
            "lastUpdateTime": "2023-01-09T23:21:17.3700021Z"
          },
          "TemperatureUnit": {
            "lastUpdateTime": "2023-01-09T23:21:17.3234442Z"
          }
        }
      }
    },
    {
      "RequestUri": "https://AZURE_DIGITALTWINS_URL.api.wcus.digitaltwins.azure.net/digitaltwins/create-simple-digitaltwin-419?api-version=2020-10-31",
      "RequestMethod": "DELETE",
      "RequestHeaders": {
        "Accept": "application/json",
        "Accept-Encoding": "gzip,deflate",
        "Authorization": "Sanitized",
        "Connection": "keep-alive",
        "User-Agent": "azsdk-js-digital-twins-core/2.0.0 core-rest-pipeline/1.10.1 Node/v16.18.0 OS/(x64-Linux-5.4.0-1098-azure)",
        "x-ms-client-request-id": "02f19548-0b9c-4fb6-a296-0ebfbd9ecf02"
      },
      "RequestBody": null,
      "StatusCode": 204,
      "ResponseHeaders": {
        "Content-Length": "0",
        "Date": "Mon, 09 Jan 2023 23:21:16 GMT",
        "mise-correlation-id": "8faceb0d-7209-47a8-a573-826792151f19",
        "Strict-Transport-Security": "max-age=2592000",
        "traceresponse": "00-bf8cdebae8c2463ae021fff1c01147da-ba0618909ad218a3-01"
      },
      "ResponseBody": null
    },
    {
      "RequestUri": "https://AZURE_DIGITALTWINS_URL.api.wcus.digitaltwins.azure.net/models/dtmi%3Asamples%3ADTTestBuilding%3B1?api-version=2020-10-31",
      "RequestMethod": "DELETE",
      "RequestHeaders": {
        "Accept": "application/json",
        "Accept-Encoding": "gzip,deflate",
        "Authorization": "Sanitized",
        "Connection": "keep-alive",
        "User-Agent": "azsdk-js-digital-twins-core/2.0.0 core-rest-pipeline/1.10.1 Node/v16.18.0 OS/(x64-Linux-5.4.0-1098-azure)",
        "x-ms-client-request-id": "126c4c39-59e5-4b7c-8db3-8a4bf84203e8"
      },
      "RequestBody": null,
      "StatusCode": 204,
      "ResponseHeaders": {
        "Content-Length": "0",
        "Date": "Mon, 09 Jan 2023 23:21:16 GMT",
        "mise-correlation-id": "52dd4376-2e03-45c2-9498-6dc8f74519e3",
        "Strict-Transport-Security": "max-age=2592000",
        "traceresponse": "00-422d9a16019873736b5576d32a41789e-196c58ee3a7aaf20-01"
      },
      "ResponseBody": null
    }
  ],
  "Variables": {
    "digitalTwin": "create-simple-digitaltwin-419"
  }
}
