{
  "Entries": [
    {
      "RequestUri": "https://AZURE_DIGITALTWINS_URL.api.wcus.digitaltwins.azure.net/digitaltwins/digitalTwin373?api-version=2020-10-31",
      "RequestMethod": "DELETE",
      "RequestHeaders": {
        "Accept": "application/json",
        "Accept-Encoding": "gzip,deflate",
        "Authorization": "Sanitized",
        "Connection": "keep-alive",
        "User-Agent": "azsdk-js-digital-twins-core/2.0.0 core-rest-pipeline/1.10.1 Node/v16.18.0 OS/(x64-Linux-5.4.0-1098-azure)",
        "x-ms-client-request-id": "0c386510-72d2-4814-aa05-94cf56b534bb"
      },
      "RequestBody": null,
      "StatusCode": 404,
      "ResponseHeaders": {
        "Content-Length": "268",
        "Content-Type": "application/json; charset=utf-8",
        "Date": "Mon, 09 Jan 2023 23:20:53 GMT",
        "mise-correlation-id": "ef69c97e-9e61-43f1-87d2-e4b94bf682f0",
        "Strict-Transport-Security": "max-age=2592000",
        "traceresponse": "00-e9247984450c741a5c904e66b972902f-d67cd2a4fc06b742-01"
      },
      "ResponseBody": {
        "error": {
          "code": "DigitalTwinNotFound",
          "message": "There is no digital twin instance that exists with the ID digitalTwin373. Please verify that the twin id is valid and ensure that the twin is not deleted. See section on querying the twins https://aka.ms/adtv2query."
        }
      }
    },
    {
      "RequestUri": "https://AZURE_DIGITALTWINS_URL.api.wcus.digitaltwins.azure.net/digitaltwins/digitalTwin373?api-version=2020-10-31",
      "RequestMethod": "PUT",
      "RequestHeaders": {
        "Accept": "application/json",
        "Accept-Encoding": "gzip,deflate",
        "Authorization": "Sanitized",
        "Connection": "keep-alive",
        "Content-Length": "108",
        "Content-Type": "application/json",
        "User-Agent": "azsdk-js-digital-twins-core/2.0.0 core-rest-pipeline/1.10.1 Node/v16.18.0 OS/(x64-Linux-5.4.0-1098-azure)",
        "x-ms-client-request-id": "2b89bbda-9fab-4226-b81b-465bd8384730"
      },
      "RequestBody": {
        "$metadata": {
          "$model": "dtmi:samples:DTTestBuilding;2"
        },
        "AverageTemperature": 68,
        "TemperatureUnit": "Celsius"
      },
      "StatusCode": 400,
      "ResponseHeaders": {
        "Content-Length": "197",
        "Content-Type": "application/json; charset=utf-8",
        "Date": "Mon, 09 Jan 2023 23:20:53 GMT",
        "mise-correlation-id": "01196283-12b2-4f23-b3ce-3bed903285df",
        "Strict-Transport-Security": "max-age=2592000",
        "traceresponse": "00-c24fc5e2cfdf696c940b8b2eb5854b5e-2e194f266fade66c-01"
      },
      "ResponseBody": {
        "error": {
          "code": "ValidationFailed",
          "message": "Invalid twin specified",
          "details": [
            {
              "code": "ValidationFailed",
              "message": "dtmi:samples:DTTestBuilding;2 or one of its dependencies does not exist."
            }
          ]
        }
      }
    },
    {
      "RequestUri": "https://AZURE_DIGITALTWINS_URL.api.wcus.digitaltwins.azure.net/digitaltwins/digitalTwin373?api-version=2020-10-31",
      "RequestMethod": "DELETE",
      "RequestHeaders": {
        "Accept": "application/json",
        "Accept-Encoding": "gzip,deflate",
        "Authorization": "Sanitized",
        "Connection": "keep-alive",
        "User-Agent": "azsdk-js-digital-twins-core/2.0.0 core-rest-pipeline/1.10.1 Node/v16.18.0 OS/(x64-Linux-5.4.0-1098-azure)",
        "x-ms-client-request-id": "01534120-8623-44e6-a4f6-5e72de4e158d"
      },
      "RequestBody": null,
      "StatusCode": 404,
      "ResponseHeaders": {
        "Content-Length": "268",
        "Content-Type": "application/json; charset=utf-8",
        "Date": "Mon, 09 Jan 2023 23:20:53 GMT",
        "mise-correlation-id": "086827e3-5efb-407a-9c42-c01394386850",
        "Strict-Transport-Security": "max-age=2592000",
        "traceresponse": "00-22b9f112d976120b72ad858413a0a74a-7aa9c7e373c4cefb-01"
      },
      "ResponseBody": {
        "error": {
          "code": "DigitalTwinNotFound",
          "message": "There is no digital twin instance that exists with the ID digitalTwin373. Please verify that the twin id is valid and ensure that the twin is not deleted. See section on querying the twins https://aka.ms/adtv2query."
        }
      }
    },
    {
      "RequestUri": "https://AZURE_DIGITALTWINS_URL.api.wcus.digitaltwins.azure.net/models/dtmi%3Asamples%3ADTTestBuilding%3B1?api-version=2020-10-31",
      "RequestMethod": "DELETE",
      "RequestHeaders": {
        "Accept": "application/json",
        "Accept-Encoding": "gzip,deflate",
        "Authorization": "Sanitized",
        "Connection": "keep-alive",
        "User-Agent": "azsdk-js-digital-twins-core/2.0.0 core-rest-pipeline/1.10.1 Node/v16.18.0 OS/(x64-Linux-5.4.0-1098-azure)",
        "x-ms-client-request-id": "555f14f9-03e4-4fed-a5eb-3a55de03c0ae"
      },
      "RequestBody": null,
      "StatusCode": 404,
      "ResponseHeaders": {
        "Content-Length": "214",
        "Content-Type": "application/json; charset=utf-8",
        "Date": "Mon, 09 Jan 2023 23:20:54 GMT",
        "mise-correlation-id": "372f5ef7-720b-4506-b1bc-7217b957bf6c",
        "Strict-Transport-Security": "max-age=2592000",
        "traceresponse": "00-fcf46686f8e1afe713a8df7a4c94e512-6804f5fcd22bd3ec-01"
      },
      "ResponseBody": {
        "error": {
          "code": "ModelNotFound",
          "message": "There is no Model(s) available that matches the provided id(s) dtmi:samples:DTTestBuilding;1. Check that the Model ID provided is valid by doing a Model_List API call."
        }
      }
    }
  ],
  "Variables": {
    "digitalTwin": "digitalTwin373"
  }
}
