{
  "Entries": [
    {
      "RequestUri": "https://fakestorageaccount.blob.core.windows.net/container167719878117308415?restype=container",
      "RequestMethod": "PUT",
      "RequestHeaders": {
        "Accept": "application/xml",
        "Accept-Encoding": "gzip, deflate, br",
        "Accept-Language": "en-US",
        "Connection": "keep-alive",
        "Content-Length": "0",
        "Origin": "http://localhost:9876",
        "Referer": "http://localhost:9876/",
        "sec-ch-ua": "",
        "sec-ch-ua-mobile": "?0",
        "sec-ch-ua-platform": "",
        "Sec-Fetch-Dest": "empty",
        "Sec-Fetch-Mode": "cors",
        "Sec-Fetch-Site": "same-site",
        "User-Agent": "Mozilla/5.0 (Windows NT 10.0; Win64; x64) AppleWebKit/537.36 (KHTML, like Gecko) HeadlessChrome/111.0.5555.0 Safari/537.36",
        "x-ms-client-request-id": "9fcd54f3-8fc6-4ae2-810d-cdcd6f7295a7",
        "x-ms-useragent": "azsdk-js-azure-storage-blob/12.13.0 core-rest-pipeline/1.10.2 OS",
        "x-ms-version": "2021-12-02"
      },
      "RequestBody": null,
      "StatusCode": 201,
      "ResponseHeaders": {
        "Access-Control-Allow-Origin": "*",
        "Access-Control-Expose-Headers": "x-ms-request-id,x-ms-client-request-id,Server,x-ms-version,Last-Modified,ETag,Content-Length,Date,Transfer-Encoding",
        "Content-Length": "0",
        "Date": "Fri, 24 Feb 2023 00:32:58 GMT",
        "ETag": "\u00220x8DB15FEAE690315\u0022",
        "Last-Modified": "Fri, 24 Feb 2023 00:32:59 GMT",
        "Server": [
          "Windows-Azure-Blob/1.0",
          "Microsoft-HTTPAPI/2.0"
        ],
        "x-ms-client-request-id": "9fcd54f3-8fc6-4ae2-810d-cdcd6f7295a7",
        "x-ms-request-id": "612a0c8e-901e-005e-65e7-47cf23000000",
        "x-ms-version": "2021-12-02"
      },
      "ResponseBody": null
    },
    {
      "RequestUri": "https://fakestorageaccount.blob.core.windows.net/container167719878117308415/blob167719878122508091?",
      "RequestMethod": "PUT",
      "RequestHeaders": {
        "Accept": "application/xml",
        "Accept-Encoding": "gzip, deflate, br",
        "Accept-Language": "en-US",
        "Connection": "keep-alive",
        "Content-Length": "11",
        "Content-Type": "application/octet-stream",
        "Origin": "http://localhost:9876",
        "Referer": "http://localhost:9876/",
        "sec-ch-ua": "",
        "sec-ch-ua-mobile": "?0",
        "sec-ch-ua-platform": "",
        "Sec-Fetch-Dest": "empty",
        "Sec-Fetch-Mode": "cors",
        "Sec-Fetch-Site": "same-site",
        "User-Agent": "Mozilla/5.0 (Windows NT 10.0; Win64; x64) AppleWebKit/537.36 (KHTML, like Gecko) HeadlessChrome/111.0.5555.0 Safari/537.36",
        "x-ms-blob-type": "BlockBlob",
        "x-ms-client-request-id": "efcd6ed7-d607-45f3-968e-40545742f073",
        "x-ms-useragent": "azsdk-js-azure-storage-blob/12.13.0 core-rest-pipeline/1.10.2 OS",
        "x-ms-version": "2021-12-02"
      },
      "RequestBody": "SGVsbG8gV29ybGQ=",
      "StatusCode": 201,
      "ResponseHeaders": {
        "Access-Control-Allow-Origin": "*",
        "Access-Control-Expose-Headers": "x-ms-request-id,x-ms-client-request-id,Server,x-ms-version,x-ms-content-crc64,Content-MD5,Last-Modified,ETag,x-ms-request-server-encrypted,Content-Length,Date,Transfer-Encoding",
        "Content-Length": "0",
        "Content-MD5": "sQqNsWTgdUEFt6mb5y4/5Q==",
        "Date": "Fri, 24 Feb 2023 00:32:58 GMT",
        "ETag": "\u00220x8DB15FEAE70584E\u0022",
        "Last-Modified": "Fri, 24 Feb 2023 00:32:59 GMT",
        "Server": [
          "Windows-Azure-Blob/1.0",
          "Microsoft-HTTPAPI/2.0"
        ],
        "x-ms-client-request-id": "efcd6ed7-d607-45f3-968e-40545742f073",
        "x-ms-content-crc64": "YeJLfssylmU=",
        "x-ms-request-id": "612a0c90-901e-005e-66e7-47cf23000000",
        "x-ms-request-server-encrypted": "true",
        "x-ms-version": "2021-12-02"
      },
      "ResponseBody": null
    },
    {
      "RequestUri": "https://fakestorageaccount.blob.core.windows.net/container167719878117308415/blobCPK167719878127500395?",
      "RequestMethod": "PUT",
      "RequestHeaders": {
        "Accept": "application/xml",
        "Accept-Encoding": "gzip, deflate, br",
        "Accept-Language": "en-US",
        "Connection": "keep-alive",
        "Content-Length": "11",
        "Content-Type": "application/octet-stream",
        "Origin": "http://localhost:9876",
        "Referer": "http://localhost:9876/",
        "sec-ch-ua": "",
        "sec-ch-ua-mobile": "?0",
        "sec-ch-ua-platform": "",
        "Sec-Fetch-Dest": "empty",
        "Sec-Fetch-Mode": "cors",
        "Sec-Fetch-Site": "same-site",
        "User-Agent": "Mozilla/5.0 (Windows NT 10.0; Win64; x64) AppleWebKit/537.36 (KHTML, like Gecko) HeadlessChrome/111.0.5555.0 Safari/537.36",
        "x-ms-blob-type": "BlockBlob",
        "x-ms-client-request-id": "f0abbc78-74e8-4779-a08c-d23ccec61705",
        "x-ms-encryption-algorithm": "AES256",
        "x-ms-encryption-key-sha256": "3QFFFpRA5\u002BXANHqwwbT4yXDmrT/2JaLt/FKHjzhOdoE=",
        "x-ms-useragent": "azsdk-js-azure-storage-blob/12.13.0 core-rest-pipeline/1.10.2 OS",
        "x-ms-version": "2021-12-02"
      },
      "RequestBody": "SGVsbG8gV29ybGQ=",
      "StatusCode": 201,
      "ResponseHeaders": {
        "Access-Control-Allow-Origin": "*",
        "Access-Control-Expose-Headers": "x-ms-request-id,x-ms-client-request-id,Server,x-ms-version,x-ms-content-crc64,Content-MD5,Last-Modified,ETag,x-ms-request-server-encrypted,x-ms-encryption-key-sha256,Content-Length,Date,Transfer-Encoding",
        "Content-Length": "0",
        "Content-MD5": "sQqNsWTgdUEFt6mb5y4/5Q==",
        "Date": "Fri, 24 Feb 2023 00:32:59 GMT",
        "ETag": "\u00220x8DB15FEAE783EA5\u0022",
        "Last-Modified": "Fri, 24 Feb 2023 00:32:59 GMT",
        "Server": [
          "Windows-Azure-Blob/1.0",
          "Microsoft-HTTPAPI/2.0"
        ],
        "x-ms-client-request-id": "f0abbc78-74e8-4779-a08c-d23ccec61705",
        "x-ms-content-crc64": "YeJLfssylmU=",
        "x-ms-encryption-key-sha256": "3QFFFpRA5\u002BXANHqwwbT4yXDmrT/2JaLt/FKHjzhOdoE=",
        "x-ms-request-id": "612a0c92-901e-005e-68e7-47cf23000000",
        "x-ms-request-server-encrypted": "true",
        "x-ms-version": "2021-12-02"
      },
      "ResponseBody": null
    },
    {
      "RequestUri": "https://fakestorageaccount.blob.core.windows.net/container167719878117308415/blobCPK167719878127500395?comp=metadata",
      "RequestMethod": "PUT",
      "RequestHeaders": {
        "Accept": "application/xml",
        "Accept-Encoding": "gzip, deflate, br",
        "Accept-Language": "en-US",
        "Connection": "keep-alive",
        "Content-Length": "0",
        "Origin": "http://localhost:9876",
        "Referer": "http://localhost:9876/",
        "sec-ch-ua": "",
        "sec-ch-ua-mobile": "?0",
        "sec-ch-ua-platform": "",
        "Sec-Fetch-Dest": "empty",
        "Sec-Fetch-Mode": "cors",
        "Sec-Fetch-Site": "same-site",
        "User-Agent": "Mozilla/5.0 (Windows NT 10.0; Win64; x64) AppleWebKit/537.36 (KHTML, like Gecko) HeadlessChrome/111.0.5555.0 Safari/537.36",
        "x-ms-client-request-id": "57fe1c39-26eb-4d4a-bfaf-0223ce9f23a3",
        "x-ms-encryption-algorithm": "AES256",
        "x-ms-encryption-key-sha256": "3QFFFpRA5\u002BXANHqwwbT4yXDmrT/2JaLt/FKHjzhOdoE=",
        "x-ms-meta-a": "a",
        "x-ms-useragent": "azsdk-js-azure-storage-blob/12.13.0 core-rest-pipeline/1.10.2 OS",
        "x-ms-version": "2021-12-02"
      },
      "RequestBody": null,
      "StatusCode": 200,
      "ResponseHeaders": {
        "Access-Control-Allow-Origin": "*",
        "Access-Control-Expose-Headers": "x-ms-request-id,x-ms-client-request-id,Server,x-ms-version,Last-Modified,ETag,x-ms-request-server-encrypted,x-ms-encryption-key-sha256,Content-Length,Date,Transfer-Encoding",
        "Content-Length": "0",
        "Date": "Fri, 24 Feb 2023 00:32:59 GMT",
        "ETag": "\u00220x8DB15FEAE8024FD\u0022",
        "Last-Modified": "Fri, 24 Feb 2023 00:32:59 GMT",
        "Server": [
          "Windows-Azure-Blob/1.0",
          "Microsoft-HTTPAPI/2.0"
        ],
        "x-ms-client-request-id": "57fe1c39-26eb-4d4a-bfaf-0223ce9f23a3",
        "x-ms-encryption-key-sha256": "3QFFFpRA5\u002BXANHqwwbT4yXDmrT/2JaLt/FKHjzhOdoE=",
        "x-ms-request-id": "612a0c93-901e-005e-69e7-47cf23000000",
        "x-ms-request-server-encrypted": "true",
        "x-ms-version": "2021-12-02"
      },
      "ResponseBody": null
    },
    {
      "RequestUri": "https://fakestorageaccount.blob.core.windows.net/container167719878117308415/blobCPK167719878127500395?",
      "RequestMethod": "HEAD",
      "RequestHeaders": {
        "Accept": "application/xml",
        "Accept-Encoding": "gzip, deflate, br",
        "Accept-Language": "en-US",
        "Connection": "keep-alive",
        "Origin": "http://localhost:9876",
        "Referer": "http://localhost:9876/",
        "sec-ch-ua": "",
        "sec-ch-ua-mobile": "?0",
        "sec-ch-ua-platform": "",
        "Sec-Fetch-Dest": "empty",
        "Sec-Fetch-Mode": "cors",
        "Sec-Fetch-Site": "same-site",
        "User-Agent": "Mozilla/5.0 (Windows NT 10.0; Win64; x64) AppleWebKit/537.36 (KHTML, like Gecko) HeadlessChrome/111.0.5555.0 Safari/537.36",
        "x-ms-client-request-id": "844e1933-b673-466b-a142-0f9b8a3b6134",
        "x-ms-encryption-algorithm": "AES256",
        "x-ms-encryption-key-sha256": "3QFFFpRA5\u002BXANHqwwbT4yXDmrT/2JaLt/FKHjzhOdoE=",
        "x-ms-useragent": "azsdk-js-azure-storage-blob/12.13.0 core-rest-pipeline/1.10.2 OS",
        "x-ms-version": "2021-12-02"
      },
      "RequestBody": null,
      "StatusCode": 200,
      "ResponseHeaders": {
        "Accept-Ranges": "bytes",
        "Access-Control-Allow-Origin": "*",
        "Access-Control-Expose-Headers": "x-ms-request-id,x-ms-client-request-id,Server,x-ms-version,x-ms-meta-a,Content-Type,Last-Modified,ETag,x-ms-creation-time,Content-MD5,x-ms-lease-status,x-ms-lease-state,x-ms-blob-type,x-ms-server-encrypted,x-ms-encryption-key-sha256,x-ms-access-tier,x-ms-access-tier-inferred,Accept-Ranges,Content-Length,Date,Transfer-Encoding",
        "Content-Length": "11",
        "Content-MD5": "sQqNsWTgdUEFt6mb5y4/5Q==",
        "Content-Type": "application/octet-stream",
        "Date": "Fri, 24 Feb 2023 00:32:59 GMT",
        "ETag": "\u00220x8DB15FEAE8024FD\u0022",
        "Last-Modified": "Fri, 24 Feb 2023 00:32:59 GMT",
        "Server": [
          "Windows-Azure-Blob/1.0",
          "Microsoft-HTTPAPI/2.0"
        ],
        "x-ms-access-tier": "Hot",
        "x-ms-access-tier-inferred": "true",
        "x-ms-blob-type": "BlockBlob",
        "x-ms-client-request-id": "844e1933-b673-466b-a142-0f9b8a3b6134",
        "x-ms-creation-time": "Fri, 24 Feb 2023 00:32:59 GMT",
        "x-ms-encryption-key-sha256": "3QFFFpRA5\u002BXANHqwwbT4yXDmrT/2JaLt/FKHjzhOdoE=",
        "x-ms-lease-state": "available",
        "x-ms-lease-status": "unlocked",
        "x-ms-meta-a": "a",
        "x-ms-request-id": "612a0c94-901e-005e-6ae7-47cf23000000",
        "x-ms-server-encrypted": "true",
        "x-ms-version": "2021-12-02"
      },
      "ResponseBody": null
    },
    {
      "RequestUri": "https://fakestorageaccount.blob.core.windows.net/container167719878117308415?restype=container",
      "RequestMethod": "DELETE",
      "RequestHeaders": {
        "Accept": "application/xml",
        "Accept-Encoding": "gzip, deflate, br",
        "Accept-Language": "en-US",
        "Connection": "keep-alive",
        "Origin": "http://localhost:9876",
        "Referer": "http://localhost:9876/",
        "sec-ch-ua": "",
        "sec-ch-ua-mobile": "?0",
        "sec-ch-ua-platform": "",
        "Sec-Fetch-Dest": "empty",
        "Sec-Fetch-Mode": "cors",
        "Sec-Fetch-Site": "same-site",
        "User-Agent": "Mozilla/5.0 (Windows NT 10.0; Win64; x64) AppleWebKit/537.36 (KHTML, like Gecko) HeadlessChrome/111.0.5555.0 Safari/537.36",
        "x-ms-client-request-id": "5d7f4076-8a38-43b3-96f6-f0935443f2a7",
        "x-ms-useragent": "azsdk-js-azure-storage-blob/12.13.0 core-rest-pipeline/1.10.2 OS",
        "x-ms-version": "2021-12-02"
      },
      "RequestBody": null,
      "StatusCode": 202,
      "ResponseHeaders": {
        "Access-Control-Allow-Origin": "*",
        "Access-Control-Expose-Headers": "x-ms-request-id,x-ms-client-request-id,Server,x-ms-version,Content-Length,Date,Transfer-Encoding",
        "Content-Length": "0",
        "Date": "Fri, 24 Feb 2023 00:32:59 GMT",
        "Server": [
          "Windows-Azure-Blob/1.0",
          "Microsoft-HTTPAPI/2.0"
        ],
        "x-ms-client-request-id": "5d7f4076-8a38-43b3-96f6-f0935443f2a7",
        "x-ms-request-id": "612a0c95-901e-005e-6be7-47cf23000000",
        "x-ms-version": "2021-12-02"
      },
      "ResponseBody": null
    }
  ],
  "Variables": {
    "blob": "blob167719878122508091",
    "blobCPK": "blobCPK167719878127500395",
    "container": "container167719878117308415"
  }
}
