{
  "Entries": [
    {
      "RequestUri": "https://fakestorageaccount.file.core.windows.net/1share-with-dash168617855983903385?restype=share",
      "RequestMethod": "PUT",
      "RequestHeaders": {
        "Accept": "application/xml",
        "Authorization": "Sanitized",
        "Connection": "keep-alive",
        "Content-Length": "0",
        "User-Agent": "azsdk-js-azure-storage-blob/12.13.0 core-rest-pipeline/1.11.1 Node/v16.18.0 OS/(x64-Linux-5.15.0-1038-azure)",
        "x-ms-client-request-id": "1973713b-4e1b-4e13-b528-59b42f83801a",
        "x-ms-date": "Wed, 07 Jun 2023 22:55:59 GMT",
        "x-ms-version": "2021-10-04"
      },
      "RequestBody": null,
      "StatusCode": 201,
      "ResponseHeaders": {
        "Content-Length": "0",
        "Date": "Wed, 07 Jun 2023 22:55:59 GMT",
        "ETag": "\u00220x8DB67AA5C98F3B9\u0022",
        "Last-Modified": "Wed, 07 Jun 2023 22:55:59 GMT",
        "Server": [
          "Windows-Azure-File/1.0",
          "Microsoft-HTTPAPI/2.0"
        ],
        "x-ms-client-request-id": "1973713b-4e1b-4e13-b528-59b42f83801a",
        "x-ms-request-id": "21eda469-701a-0031-3b93-992ba2000000",
        "x-ms-version": "2021-10-04"
      },
      "ResponseBody": null
    },
    {
      "RequestUri": "https://fakestorageaccount.file.core.windows.net/1share-with-dash168617855983903385/dir168617855983904965?restype=directory",
      "RequestMethod": "PUT",
      "RequestHeaders": {
        "Accept": "application/xml",
        "Authorization": "Sanitized",
        "Connection": "keep-alive",
        "Content-Length": "0",
        "User-Agent": "azsdk-js-azure-storage-blob/12.13.0 core-rest-pipeline/1.11.1 Node/v16.18.0 OS/(x64-Linux-5.15.0-1038-azure)",
        "x-ms-client-request-id": "877bc54f-b360-4356-a655-8dafa29c899c",
        "x-ms-date": "Wed, 07 Jun 2023 22:55:59 GMT",
        "x-ms-file-attributes": "Directory",
        "x-ms-file-creation-time": "now",
        "x-ms-file-last-write-time": "now",
        "x-ms-file-permission": "inherit",
        "x-ms-version": "2021-10-04"
      },
      "RequestBody": null,
      "StatusCode": 201,
      "ResponseHeaders": {
        "Content-Length": "0",
        "Date": "Wed, 07 Jun 2023 22:55:59 GMT",
        "ETag": "\u00220x8DB67AA5CA41824\u0022",
        "Last-Modified": "Wed, 07 Jun 2023 22:55:59 GMT",
        "Server": [
          "Windows-Azure-File/1.0",
          "Microsoft-HTTPAPI/2.0"
        ],
        "x-ms-client-request-id": "877bc54f-b360-4356-a655-8dafa29c899c",
        "x-ms-file-attributes": "Directory",
        "x-ms-file-change-time": "2023-06-07T22:55:59.9416356Z",
        "x-ms-file-creation-time": "2023-06-07T22:55:59.9416356Z",
        "x-ms-file-id": "13835128424026341376",
        "x-ms-file-last-write-time": "2023-06-07T22:55:59.9416356Z",
        "x-ms-file-parent-id": "0",
        "x-ms-file-permission-key": "14438882940201373875*11581588750433322810",
        "x-ms-request-id": "21eda46c-701a-0031-3d93-992ba2000000",
        "x-ms-request-server-encrypted": "true",
        "x-ms-version": "2021-10-04"
      },
      "ResponseBody": null
    },
    {
      "RequestUri": "https://fakestorageaccount.file.core.windows.net/1share-with-dash168617855983903385/dir168617855983904965/%E6%B1%89%E5%AD%97.%20special%20~!%40%23%24%25%5E%26()_%2B%601234567890-%3D%7B%7D%5B%5D%3B%27%2C%27168617855997504227",
      "RequestMethod": "PUT",
      "RequestHeaders": {
        "Accept": "application/xml",
        "Authorization": "Sanitized",
        "Connection": "keep-alive",
        "Content-Length": "0",
        "User-Agent": "azsdk-js-azure-storage-blob/12.13.0 core-rest-pipeline/1.11.1 Node/v16.18.0 OS/(x64-Linux-5.15.0-1038-azure)",
        "x-ms-client-request-id": "b09d2621-272e-4567-a23b-b9f1af53113a",
        "x-ms-content-length": "10",
        "x-ms-date": "Wed, 07 Jun 2023 22:55:59 GMT",
        "x-ms-file-attributes": "None",
        "x-ms-file-creation-time": "now",
        "x-ms-file-last-write-time": "now",
        "x-ms-file-permission": "inherit",
        "x-ms-type": "file",
        "x-ms-version": "2021-10-04"
      },
      "RequestBody": null,
      "StatusCode": 201,
      "ResponseHeaders": {
        "Content-Length": "0",
        "Date": "Wed, 07 Jun 2023 22:55:59 GMT",
        "ETag": "\u00220x8DB67AA5CAE28CD\u0022",
        "Last-Modified": "Wed, 07 Jun 2023 22:56:00 GMT",
        "Server": [
          "Windows-Azure-File/1.0",
          "Microsoft-HTTPAPI/2.0"
        ],
        "x-ms-client-request-id": "b09d2621-272e-4567-a23b-b9f1af53113a",
        "x-ms-file-attributes": "Archive",
        "x-ms-file-change-time": "2023-06-07T22:56:00.0075981Z",
        "x-ms-file-creation-time": "2023-06-07T22:56:00.0075981Z",
        "x-ms-file-id": "11529285414812647424",
        "x-ms-file-last-write-time": "2023-06-07T22:56:00.0075981Z",
        "x-ms-file-parent-id": "13835128424026341376",
        "x-ms-file-permission-key": "584053819618422708*11581588750433322810",
        "x-ms-request-id": "21eda475-701a-0031-4493-992ba2000000",
        "x-ms-request-server-encrypted": "true",
        "x-ms-version": "2021-10-04"
      },
      "ResponseBody": null
    },
    {
      "RequestUri": "https://fakestorageaccount.file.core.windows.net/1share-with-dash168617855983903385/dir168617855983904965/%E6%B1%89%E5%AD%97.%20special%20~!%40%23%24%25%5E%26()_%2B%601234567890-%3D%7B%7D%5B%5D%3B%27%2C%27168617855997504227",
      "RequestMethod": "HEAD",
      "RequestHeaders": {
        "Accept": "application/xml",
        "Authorization": "Sanitized",
        "Connection": "keep-alive",
        "User-Agent": "azsdk-js-azure-storage-blob/12.13.0 core-rest-pipeline/1.11.1 Node/v16.18.0 OS/(x64-Linux-5.15.0-1038-azure)",
        "x-ms-client-request-id": "450b45b7-6674-4dcc-9e12-f2afd950fa9d",
        "x-ms-date": "Wed, 07 Jun 2023 22:56:00 GMT",
        "x-ms-version": "2021-10-04"
      },
      "RequestBody": null,
      "StatusCode": 200,
      "ResponseHeaders": {
        "Access-Control-Allow-Origin": "*",
        "Access-Control-Expose-Headers": "x-ms-request-id,x-ms-client-request-id,Server,x-ms-version,Content-Type,Last-Modified,ETag,x-ms-type,x-ms-server-encrypted,x-ms-lease-status,x-ms-lease-state,x-ms-file-change-time,x-ms-file-last-write-time,x-ms-file-creation-time,x-ms-file-permission-key,x-ms-file-attributes,x-ms-file-id,x-ms-file-parent-id,Content-Length,Date,Transfer-Encoding",
        "Content-Length": "10",
        "Content-Type": "application/octet-stream",
        "Date": "Wed, 07 Jun 2023 22:55:59 GMT",
        "ETag": "\u00220x8DB67AA5CAE28CD\u0022",
        "Last-Modified": "Wed, 07 Jun 2023 22:56:00 GMT",
        "Server": [
          "Windows-Azure-File/1.0",
          "Microsoft-HTTPAPI/2.0"
        ],
        "x-ms-client-request-id": "450b45b7-6674-4dcc-9e12-f2afd950fa9d",
        "x-ms-file-attributes": "Archive",
        "x-ms-file-change-time": "2023-06-07T22:56:00.0075981Z",
        "x-ms-file-creation-time": "2023-06-07T22:56:00.0075981Z",
        "x-ms-file-id": "11529285414812647424",
        "x-ms-file-last-write-time": "2023-06-07T22:56:00.0075981Z",
        "x-ms-file-parent-id": "13835128424026341376",
        "x-ms-file-permission-key": "584053819618422708*11581588750433322810",
        "x-ms-lease-state": "available",
        "x-ms-lease-status": "unlocked",
        "x-ms-request-id": "21eda476-701a-0031-4593-992ba2000000",
        "x-ms-server-encrypted": "true",
        "x-ms-type": "File",
        "x-ms-version": "2021-10-04"
      },
      "ResponseBody": null
    },
    {
      "RequestUri": "https://fakestorageaccount.file.core.windows.net/1share-with-dash168617855983903385/dir168617855983904965?comp=list\u0026prefix=%E6%B1%89%E5%AD%97.%20special%20~!%40%23%24%25%5E%26()_%2B%601234567890-%3D%7B%7D%5B%5D%3B%27%2C%27168617855997504227\u0026restype=directory",
      "RequestMethod": "GET",
      "RequestHeaders": {
        "Accept": "application/xml",
        "Authorization": "Sanitized",
        "Connection": "keep-alive",
        "User-Agent": "azsdk-js-azure-storage-blob/12.13.0 core-rest-pipeline/1.11.1 Node/v16.18.0 OS/(x64-Linux-5.15.0-1038-azure)",
        "x-ms-client-request-id": "c0cf510a-43c2-49e6-9add-1a5ef8db8166",
        "x-ms-date": "Wed, 07 Jun 2023 22:56:00 GMT",
        "x-ms-version": "2021-10-04"
      },
      "RequestBody": null,
      "StatusCode": 200,
      "ResponseHeaders": {
        "Access-Control-Allow-Origin": "*",
        "Access-Control-Expose-Headers": "x-ms-request-id,x-ms-client-request-id,Server,x-ms-version,Content-Type,Content-Length,Date,Transfer-Encoding",
        "Content-Type": "application/xml",
        "Date": "Wed, 07 Jun 2023 22:55:59 GMT",
        "Server": [
          "Windows-Azure-File/1.0",
          "Microsoft-HTTPAPI/2.0"
        ],
        "Transfer-Encoding": "chunked",
        "x-ms-client-request-id": "c0cf510a-43c2-49e6-9add-1a5ef8db8166",
        "x-ms-request-id": "21eda477-701a-0031-4693-992ba2000000",
        "x-ms-version": "2021-10-04"
      },
      "ResponseBody": "\uFEFF\u003C?xml version=\u00221.0\u0022 encoding=\u0022utf-8\u0022?\u003E\u003CEnumerationResults ServiceEndpoint=\u0022https://fakestorageaccount.file.core.windows.net/\u0022 ShareName=\u00221share-with-dash168617855983903385\u0022 DirectoryPath=\u0022dir168617855983904965\u0022\u003E\u003CPrefix\u003E\u6C49\u5B57. special ~!@#$%^\u0026amp;()_\u002B\u00601234567890-={}[];\u0027,\u0027168617855997504227\u003C/Prefix\u003E\u003CDirectoryId\u003E13835128424026341376\u003C/DirectoryId\u003E\u003CEntries\u003E\u003CFile\u003E\u003CName\u003E\u6C49\u5B57. special ~!@#$%^\u0026amp;()_\u002B\u00601234567890-={}[];\u0027,\u0027168617855997504227\u003C/Name\u003E\u003CFileId\u003E11529285414812647424\u003C/FileId\u003E\u003CProperties\u003E\u003CContent-Length\u003E10\u003C/Content-Length\u003E\u003C/Properties\u003E\u003C/File\u003E\u003C/Entries\u003E\u003CNextMarker /\u003E\u003C/EnumerationResults\u003E"
    },
    {
      "RequestUri": "https://fakestorageaccount.file.core.windows.net/1share-with-dash168617855983903385?restype=share",
      "RequestMethod": "DELETE",
      "RequestHeaders": {
        "Accept": "application/xml",
        "Authorization": "Sanitized",
        "Connection": "keep-alive",
        "User-Agent": "azsdk-js-azure-storage-blob/12.13.0 core-rest-pipeline/1.11.1 Node/v16.18.0 OS/(x64-Linux-5.15.0-1038-azure)",
        "x-ms-client-request-id": "3afb1215-9f20-4cd4-b4e7-a31bb1b6972d",
        "x-ms-date": "Wed, 07 Jun 2023 22:56:00 GMT",
        "x-ms-version": "2021-10-04"
      },
      "RequestBody": null,
      "StatusCode": 202,
      "ResponseHeaders": {
        "Content-Length": "0",
        "Date": "Wed, 07 Jun 2023 22:55:59 GMT",
        "Server": [
          "Windows-Azure-File/1.0",
          "Microsoft-HTTPAPI/2.0"
        ],
        "x-ms-client-request-id": "3afb1215-9f20-4cd4-b4e7-a31bb1b6972d",
        "x-ms-request-id": "21eda479-701a-0031-4893-992ba2000000",
        "x-ms-version": "2021-10-04"
      },
      "ResponseBody": null
    }
  ],
  "Variables": {
    "1share-with-dash": "1share-with-dash168617855983903385",
    "dir": "dir168617855983904965",
    "\u6C49\u5B57. special ~!@#$%^\u0026()_\u002B\u00601234567890-={}[];\u0027,\u0027": "\u6C49\u5B57. special ~!@#$%^\u0026()_\u002B\u00601234567890-={}[];\u0027,\u0027168617855997504227"
  }
}
