{
  "Entries": [
    {
      "RequestUri": "https://endpoint/routing/distributionPolicies/test-d-policy-recorded-workers?api-version=2023-11-01",
      "RequestMethod": "PATCH",
      "RequestHeaders": {
        "Accept": "application/json",
        "Accept-Encoding": "gzip,deflate",
        "Authorization": "Sanitized",
        "Connection": "keep-alive",
        "Content-Length": "157",
        "Content-Type": "application/merge-patch\u002Bjson",
        "User-Agent": "azsdk-js-communication-job-router-rest/1.0.0-beta.1 core-rest-pipeline/1.12.3 Node/v18.18.2 OS/(x64-Windows_NT-10.0.22621)",
        "x-ms-client-request-id": "6669d038-4ebf-4ec3-ac76-d804bb7e993f",
        "x-ms-content-sha256": "iRU4FoF\u002BSHDyek4I2mTj9UxqfsCodrYA4ivTcF4xVFQ=",
        "x-ms-date": "Thu, 09 Nov 2023 20:33:23 GMT"
      },
      "RequestBody": {
        "name": "test-d-policy",
        "offerExpiresAfterSeconds": 60,
        "mode": {
          "kind": "longest-idle",
          "minConcurrentOffers": 1,
          "maxConcurrentOffers": 5,
          "bypassSelectors": false
        }
      },
      "StatusCode": 200,
      "ResponseHeaders": {
        "api-supported-versions": "2021-04-07-preview1, 2022-07-18-preview, 2023-08-25-preview, 2023-11-01",
        "Content-Type": "application/json; charset=utf-8",
        "Date": "Thu, 09 Nov 2023 20:33:24 GMT",
        "ETag": "\u0022b3035cb8-0000-0700-0000-6545772f0000\u0022",
        "Last-Modified": "Fri, 03 Nov 2023 22:41:51 GMT",
        "Request-Context": "appId=",
        "trace-id": "9c46c5bd-17c1-55cc-0b75-bdcbd8ad2e94",
        "Transfer-Encoding": "chunked",
        "X-Azure-Ref": "0FEJNZQAAAABApnh5iNrZS7yGZaQI5chxV1NURURHRTA4MjEAOWZjN2I1MTktYThjYy00Zjg5LTkzNWUtYzkxNDhhZTA5ZTgx",
        "X-Cache": "CONFIG_NOCACHE"
      },
      "ResponseBody": {
        "id": "test-d-policy-recorded-workers",
        "name": "test-d-policy",
        "offerExpiresAfterSeconds": 60,
        "mode": {
          "kind": "longest-idle",
          "minConcurrentOffers": 1,
          "maxConcurrentOffers": 5,
          "bypassSelectors": false
        },
        "etag": "\u0022b3035cb8-0000-0700-0000-6545772f0000\u0022"
      }
    },
    {
      "RequestUri": "https://endpoint/routing/exceptionPolicies/test-e-policy-recorded-workers?api-version=2023-11-01",
      "RequestMethod": "PATCH",
      "RequestHeaders": {
        "Accept": "application/json",
        "Accept-Encoding": "gzip,deflate",
        "Authorization": "Sanitized",
        "Connection": "keep-alive",
        "Content-Length": "201",
        "Content-Type": "application/merge-patch\u002Bjson",
        "User-Agent": "azsdk-js-communication-job-router-rest/1.0.0-beta.1 core-rest-pipeline/1.12.3 Node/v18.18.2 OS/(x64-Windows_NT-10.0.22621)",
        "x-ms-client-request-id": "606300b7-414a-4fef-b9c9-64686d6e7259",
        "x-ms-content-sha256": "Cra0Om0ZqhFeDkbLieY\u002Bv\u002B7gXRaJ3OqYfEy3xRhld5Y=",
        "x-ms-date": "Thu, 09 Nov 2023 20:33:23 GMT"
      },
      "RequestBody": {
        "name": "test-e-policy",
        "exceptionRules": [
          {
            "id": "MaxWaitTimeExceededCancel",
            "actions": [
              {
                "kind": "cancel",
                "note": "wait time exceeded; cancelling"
              }
            ],
            "trigger": {
              "kind": "wait-time",
              "thresholdSeconds": 10
            }
          }
        ]
      },
      "StatusCode": 200,
      "ResponseHeaders": {
        "api-supported-versions": "2021-04-07-preview1, 2022-07-18-preview, 2023-08-25-preview, 2023-11-01",
        "Content-Type": "application/json; charset=utf-8",
        "Date": "Thu, 09 Nov 2023 20:33:24 GMT",
        "ETag": "\u00223d21f341-0000-0700-0000-654d42140000\u0022",
        "Last-Modified": "Thu, 09 Nov 2023 20:33:24 GMT",
        "Request-Context": "appId=",
        "trace-id": "697ac379-ced7-c8c7-46a0-992dc061cc5b",
        "Transfer-Encoding": "chunked",
        "X-Azure-Ref": "0FEJNZQAAAABXgsjoJrk0RI6CtStAF1I1V1NURURHRTA4MjEAOWZjN2I1MTktYThjYy00Zjg5LTkzNWUtYzkxNDhhZTA5ZTgx",
        "X-Cache": "CONFIG_NOCACHE"
      },
      "ResponseBody": {
        "id": "test-e-policy-recorded-workers",
        "name": "test-e-policy",
        "exceptionRules": [
          {
            "id": "MaxWaitTimeExceededCancel",
            "trigger": {
              "kind": "wait-time",
              "thresholdSeconds": 10
            },
            "actions": [
              {
                "kind": "cancel",
                "note": "wait time exceeded; cancelling",
                "id": "caf60696-eed8-471a-b736-ef583f45b002"
              }
            ]
          }
        ],
        "etag": "\u00223d21f341-0000-0700-0000-654d42140000\u0022"
      }
    },
    {
      "RequestUri": "https://endpoint/routing/queues/test-a-queue-recorded-workers?api-version=2023-11-01",
      "RequestMethod": "PATCH",
      "RequestHeaders": {
        "Accept": "application/json",
        "Accept-Encoding": "gzip,deflate",
        "Authorization": "Sanitized",
        "Connection": "keep-alive",
        "Content-Length": "181",
        "Content-Type": "application/merge-patch\u002Bjson",
        "User-Agent": "azsdk-js-communication-job-router-rest/1.0.0-beta.1 core-rest-pipeline/1.12.3 Node/v18.18.2 OS/(x64-Windows_NT-10.0.22621)",
        "x-ms-client-request-id": "0f7b0ca6-2d03-4ab5-abbb-05e500d0cbe3",
        "x-ms-content-sha256": "aTaO7w8QJi3buPGXcLIfMb4BN0kUNaNJHI2OoHl6w2I=",
        "x-ms-date": "Thu, 09 Nov 2023 20:33:23 GMT"
      },
      "RequestBody": {
        "id": "test-a-queue-recorded-workers",
        "name": "test-a-queue",
        "exceptionPolicyId": "test-e-policy-recorded-workers",
        "distributionPolicyId": "test-d-policy-recorded-workers",
        "labels": {}
      },
      "StatusCode": 200,
      "ResponseHeaders": {
        "api-supported-versions": "2021-04-07-preview1, 2022-07-18-preview, 2023-08-25-preview, 2023-11-01",
        "Content-Type": "application/json; charset=utf-8",
        "Date": "Thu, 09 Nov 2023 20:33:24 GMT",
        "ETag": "\u00226b05316a-0000-0700-0000-654d420f0000\u0022",
        "Last-Modified": "Thu, 09 Nov 2023 20:33:19 GMT",
        "Request-Context": "appId=",
        "trace-id": "a8ea7e98-019a-38cf-35bc-b3cedb6dd897",
        "Transfer-Encoding": "chunked",
        "X-Azure-Ref": "0FEJNZQAAAABZMLcnHuuzR4zaxIpkBniEV1NURURHRTA4MjEAOWZjN2I1MTktYThjYy00Zjg5LTkzNWUtYzkxNDhhZTA5ZTgx",
        "X-Cache": "CONFIG_NOCACHE"
      },
      "ResponseBody": {
        "id": "test-a-queue-recorded-workers",
        "name": "test-a-queue",
        "distributionPolicyId": "test-d-policy-recorded-workers",
        "labels": {
          "Id": "test-a-queue-recorded-workers"
        },
        "exceptionPolicyId": "test-e-policy-recorded-workers",
        "etag": "\u00226b05316a-0000-0700-0000-654d420f0000\u0022"
      }
    },
    {
      "RequestUri": "https://endpoint/routing/workers/test-worker-recorded-workers?api-version=2023-11-01",
      "RequestMethod": "DELETE",
      "RequestHeaders": {
        "Accept": "application/json",
        "Accept-Encoding": "gzip,deflate",
        "Authorization": "Sanitized",
        "Connection": "keep-alive",
        "User-Agent": "azsdk-js-communication-job-router-rest/1.0.0-beta.1 core-rest-pipeline/1.12.3 Node/v18.18.2 OS/(x64-Windows_NT-10.0.22621)",
        "x-ms-client-request-id": "4e32e10b-f2c8-4d15-b3e2-d2f293d41ba8",
        "x-ms-content-sha256": "47DEQpj8HBSa\u002B/TImW\u002B5JCeuQeRkm5NMpJWZG3hSuFU=",
        "x-ms-date": "Thu, 09 Nov 2023 20:33:23 GMT"
      },
      "RequestBody": null,
      "StatusCode": 204,
      "ResponseHeaders": {
        "api-supported-versions": "2021-04-07-preview1, 2022-07-18-preview, 2023-08-25-preview, 2023-11-01",
        "Date": "Thu, 09 Nov 2023 20:33:24 GMT",
        "Request-Context": "appId=",
        "trace-id": "7cce1699-5fab-5c62-b667-f098914d86c8",
        "X-Azure-Ref": "0FEJNZQAAAAC672Su2/26Q4ul6dYIa3R4V1NURURHRTA4MjEAOWZjN2I1MTktYThjYy00Zjg5LTkzNWUtYzkxNDhhZTA5ZTgx",
        "X-Cache": "CONFIG_NOCACHE"
      },
      "ResponseBody": null
    },
    {
      "RequestUri": "https://endpoint/routing/distributionPolicies/test-d-policy-recorded-workers?api-version=2023-11-01",
      "RequestMethod": "DELETE",
      "RequestHeaders": {
        "Accept": "application/json",
        "Accept-Encoding": "gzip,deflate",
        "Authorization": "Sanitized",
        "Connection": "keep-alive",
        "User-Agent": "azsdk-js-communication-job-router-rest/1.0.0-beta.1 core-rest-pipeline/1.12.3 Node/v18.18.2 OS/(x64-Windows_NT-10.0.22621)",
        "x-ms-client-request-id": "33ff87e1-c961-4aed-a1ad-b7ffcef79a3c",
        "x-ms-content-sha256": "47DEQpj8HBSa\u002B/TImW\u002B5JCeuQeRkm5NMpJWZG3hSuFU=",
        "x-ms-date": "Thu, 09 Nov 2023 20:33:23 GMT"
      },
      "RequestBody": null,
      "StatusCode": 400,
      "ResponseHeaders": {
        "api-supported-versions": "2021-04-07-preview1, 2022-07-18-preview, 2023-08-25-preview, 2023-11-01",
        "Content-Type": "application/json; charset=utf-8",
        "Date": "Thu, 09 Nov 2023 20:33:24 GMT",
        "Request-Context": "appId=",
        "trace-id": "4d9a4286-3eb9-9107-5fe9-15c9bbe66a5b",
        "Transfer-Encoding": "chunked",
        "X-Azure-Ref": "0FEJNZQAAAAD/eNfsB8ZfTJoE/rwLE1a8V1NURURHRTA4MjEAOWZjN2I1MTktYThjYy00Zjg5LTkzNWUtYzkxNDhhZTA5ZTgx",
        "X-Cache": "CONFIG_NOCACHE"
      },
      "ResponseBody": {
        "communicationError": {
          "code": "BadRequest",
          "message": "One or more validation errors occurred.",
          "target": "/routing/distributionPolicies/test-d-policy-recorded-workers",
          "details": [
            {
              "code": "QueueExistsWithDistributionPolicy",
              "message": "There is a queue with this distribution policy"
            }
          ]
        }
      }
    },
    {
      "RequestUri": "https://endpoint/routing/exceptionPolicies/test-e-policy-recorded-workers?api-version=2023-11-01",
      "RequestMethod": "DELETE",
      "RequestHeaders": {
        "Accept": "application/json",
        "Accept-Encoding": "gzip,deflate",
        "Authorization": "Sanitized",
        "Connection": "keep-alive",
        "User-Agent": "azsdk-js-communication-job-router-rest/1.0.0-beta.1 core-rest-pipeline/1.12.3 Node/v18.18.2 OS/(x64-Windows_NT-10.0.22621)",
        "x-ms-client-request-id": "fde91b04-668c-4d44-9cf7-6d353ae24293",
        "x-ms-content-sha256": "47DEQpj8HBSa\u002B/TImW\u002B5JCeuQeRkm5NMpJWZG3hSuFU=",
        "x-ms-date": "Thu, 09 Nov 2023 20:33:23 GMT"
      },
      "RequestBody": null,
      "StatusCode": 400,
      "ResponseHeaders": {
        "api-supported-versions": "2021-04-07-preview1, 2022-07-18-preview, 2023-08-25-preview, 2023-11-01",
        "Content-Type": "application/json; charset=utf-8",
        "Date": "Thu, 09 Nov 2023 20:33:24 GMT",
        "Request-Context": "appId=",
        "trace-id": "057c5dff-72d2-0722-7e38-35ecb78cfe73",
        "Transfer-Encoding": "chunked",
        "X-Azure-Ref": "0FEJNZQAAAABSs8OXQ3RsSLn1wf7UTFqKV1NURURHRTA4MjEAOWZjN2I1MTktYThjYy00Zjg5LTkzNWUtYzkxNDhhZTA5ZTgx",
        "X-Cache": "CONFIG_NOCACHE"
      },
      "ResponseBody": {
        "communicationError": {
          "code": "BadRequest",
          "message": "One or more validation errors occurred.",
          "target": "/routing/exceptionPolicies/test-e-policy-recorded-workers",
          "details": [
            {
              "code": "QueueExistsWithExceptionPolicy",
              "message": "There is a queue with this exception policy"
            }
          ]
        }
      }
    },
    {
      "RequestUri": "https://endpoint/routing/queues/test-a-queue-recorded-workers?api-version=2023-11-01",
      "RequestMethod": "DELETE",
      "RequestHeaders": {
        "Accept": "application/json",
        "Accept-Encoding": "gzip,deflate",
        "Authorization": "Sanitized",
        "Connection": "keep-alive",
        "User-Agent": "azsdk-js-communication-job-router-rest/1.0.0-beta.1 core-rest-pipeline/1.12.3 Node/v18.18.2 OS/(x64-Windows_NT-10.0.22621)",
        "x-ms-client-request-id": "7d4f1820-bfc0-41f9-9664-24f722ff5b5c",
        "x-ms-content-sha256": "47DEQpj8HBSa\u002B/TImW\u002B5JCeuQeRkm5NMpJWZG3hSuFU=",
        "x-ms-date": "Thu, 09 Nov 2023 20:33:24 GMT"
      },
      "RequestBody": null,
      "StatusCode": 204,
      "ResponseHeaders": {
        "api-supported-versions": "2021-04-07-preview1, 2022-07-18-preview, 2023-08-25-preview, 2023-11-01",
        "Date": "Thu, 09 Nov 2023 20:33:24 GMT",
        "Request-Context": "appId=",
        "trace-id": "4b7e7ccc-e07c-954a-fda4-bbd75f82e805",
        "X-Azure-Ref": "0FEJNZQAAAABCVyE2LnwVS5U8545Chky9V1NURURHRTA4MjEAOWZjN2I1MTktYThjYy00Zjg5LTkzNWUtYzkxNDhhZTA5ZTgx",
        "X-Cache": "CONFIG_NOCACHE"
      },
      "ResponseBody": null
    }
  ],
  "Variables": {}
}
