{
  "Entries": [
    {
      "RequestUri": "https://endpoint/routing/distributionPolicies/test-d-policy-recorded-c-policies?api-version=2022-07-18-preview",
      "RequestMethod": "PATCH",
      "RequestHeaders": {
        "Accept": "application/json",
        "Accept-Encoding": "gzip, deflate, br",
        "Accept-Language": "en-GB",
        "Authorization": "Sanitized",
        "Connection": "keep-alive",
        "Content-Length": "157",
        "Content-Type": "application/merge-patch\u002Bjson",
        "Origin": "http://localhost:9877",
        "Referer": "http://localhost:9877/",
        "sec-ch-ua": "",
        "sec-ch-ua-mobile": "?0",
        "sec-ch-ua-platform": "\u0022\u0022",
        "Sec-Fetch-Dest": "empty",
        "Sec-Fetch-Mode": "cors",
        "Sec-Fetch-Site": "same-site",
        "User-Agent": "Mozilla/5.0 (Windows NT 10.0; Win64; x64) AppleWebKit/537.36 (KHTML, like Gecko) HeadlessChrome/112.0.5614.0 Safari/537.36",
        "x-ms-client-request-id": "58f616e4-9ce3-4b86-bf2b-9cb224ed835d",
        "x-ms-content-sha256": "iRU4FoF\u002BSHDyek4I2mTj9UxqfsCodrYA4ivTcF4xVFQ=",
        "x-ms-date": "Fri, 21 Jul 2023 05:46:58 GMT",
        "x-ms-useragent": "azsdk-js-communication-job-router/V2022-07-18-preview azsdk-js-communication-job-router/1.0.0-beta.1 core-rest-pipeline/1.11.1 OS"
      },
      "RequestBody": {
        "name": "test-d-policy",
        "offerExpiresAfterSeconds": 60,
        "mode": {
          "kind": "longest-idle",
          "minConcurrentOffers": 1,
          "maxConcurrentOffers": 5,
          "bypassSelectors": false
        }
      },
      "StatusCode": 201,
      "ResponseHeaders": {
        "Access-Control-Allow-Credentials": "true",
        "Access-Control-Allow-Origin": "http://localhost:9877",
        "api-supported-versions": "2021-04-07-preview1, 2022-07-18-preview",
        "Content-Type": "application/json; charset=utf-8",
        "Date": "Fri, 21 Jul 2023 05:46:58 GMT",
        "ETag": "\u00220800d95d-0000-0700-0000-64ba1bd30000\u0022",
        "Last-Modified": "Fri, 21 Jul 2023 05:46:59 GMT",
        "trace-id": "adf80e7c-6c0d-bd0f-aaaf-4b91e6537ddd",
        "Transfer-Encoding": "chunked",
        "X-Azure-Ref": "00xu6ZAAAAABvRmv1hS9UQJbJWO9\u002BM9JRWVZSMzExMDAwMTE1MDUzAGYwOWE0YzEzLTIxZjEtNDhlYy05Y2Y3LTY2NTQ1Njg0YjY0Mg==",
        "X-Cache": "CONFIG_NOCACHE"
      },
      "ResponseBody": {
        "id": "test-d-policy-recorded-c-policies",
        "name": "test-d-policy",
        "offerExpiresAfterSeconds": 60,
        "mode": {
          "kind": "longest-idle",
          "minConcurrentOffers": 1,
          "maxConcurrentOffers": 5,
          "bypassSelectors": false
        }
      }
    },
    {
      "RequestUri": "https://endpoint/routing/exceptionPolicies/test-e-policy-recorded-c-policies?api-version=2022-07-18-preview",
      "RequestMethod": "PATCH",
      "RequestHeaders": {
        "Accept": "application/json",
        "Accept-Encoding": "gzip, deflate, br",
        "Accept-Language": "en-GB",
        "Authorization": "Sanitized",
        "Connection": "keep-alive",
        "Content-Length": "205",
        "Content-Type": "application/merge-patch\u002Bjson",
        "Origin": "http://localhost:9877",
        "Referer": "http://localhost:9877/",
        "sec-ch-ua": "",
        "sec-ch-ua-mobile": "?0",
        "sec-ch-ua-platform": "\u0022\u0022",
        "Sec-Fetch-Dest": "empty",
        "Sec-Fetch-Mode": "cors",
        "Sec-Fetch-Site": "same-site",
        "User-Agent": "Mozilla/5.0 (Windows NT 10.0; Win64; x64) AppleWebKit/537.36 (KHTML, like Gecko) HeadlessChrome/112.0.5614.0 Safari/537.36",
        "x-ms-client-request-id": "baf569c1-7621-4974-9cf2-081b9a713a59",
        "x-ms-content-sha256": "DnPGZm8GTFJTh0d1bEHun9/03VZVF0xo\u002BzuWvPJk3V0=",
        "x-ms-date": "Fri, 21 Jul 2023 05:46:58 GMT",
        "x-ms-useragent": "azsdk-js-communication-job-router/V2022-07-18-preview azsdk-js-communication-job-router/1.0.0-beta.1 core-rest-pipeline/1.11.1 OS"
      },
      "RequestBody": {
        "name": "test-e-policy",
        "exceptionRules": {
          "MaxWaitTimeExceededCancel": {
            "trigger": {
              "kind": "wait-time",
              "thresholdSeconds": 10
            },
            "actions": {
              "Cancel": {
                "kind": "cancel",
                "note": "wait time exceeded; cancelling"
              }
            }
          }
        }
      },
      "StatusCode": 201,
      "ResponseHeaders": {
        "Access-Control-Allow-Credentials": "true",
        "Access-Control-Allow-Origin": "http://localhost:9877",
        "api-supported-versions": "2021-04-07-preview1, 2022-07-18-preview",
        "Content-Type": "application/json; charset=utf-8",
        "Date": "Fri, 21 Jul 2023 05:46:59 GMT",
        "ETag": "\u0022020003fe-0000-0700-0000-64ba1bd30000\u0022",
        "Last-Modified": "Fri, 21 Jul 2023 05:46:59 GMT",
        "trace-id": "91e93e1b-5f6d-e16d-948a-a05cfb5244bc",
        "Transfer-Encoding": "chunked",
        "X-Azure-Ref": "00xu6ZAAAAACieJ0JNmXcT5pSroqXbpYWWVZSMzExMDAwMTE1MDUzAGYwOWE0YzEzLTIxZjEtNDhlYy05Y2Y3LTY2NTQ1Njg0YjY0Mg==",
        "X-Cache": "CONFIG_NOCACHE"
      },
      "ResponseBody": {
        "id": "test-e-policy-recorded-c-policies",
        "name": "test-e-policy",
        "exceptionRules": {
          "MaxWaitTimeExceededCancel": {
            "trigger": {
              "kind": "wait-time",
              "thresholdSeconds": 10
            },
            "actions": {
              "Cancel": {
                "kind": "cancel",
                "note": "wait time exceeded; cancelling"
              }
            }
          }
        }
      }
    },
    {
      "RequestUri": "https://endpoint/routing/queues/test-queue-recorded-c-policies?api-version=2022-07-18-preview",
      "RequestMethod": "PATCH",
      "RequestHeaders": {
        "Accept": "application/json",
        "Accept-Encoding": "gzip, deflate, br",
        "Accept-Language": "en-GB",
        "Authorization": "Sanitized",
        "Connection": "keep-alive",
        "Content-Length": "148",
        "Content-Type": "application/merge-patch\u002Bjson",
        "Origin": "http://localhost:9877",
        "Referer": "http://localhost:9877/",
        "sec-ch-ua": "",
        "sec-ch-ua-mobile": "?0",
        "sec-ch-ua-platform": "\u0022\u0022",
        "Sec-Fetch-Dest": "empty",
        "Sec-Fetch-Mode": "cors",
        "Sec-Fetch-Site": "same-site",
        "User-Agent": "Mozilla/5.0 (Windows NT 10.0; Win64; x64) AppleWebKit/537.36 (KHTML, like Gecko) HeadlessChrome/112.0.5614.0 Safari/537.36",
        "x-ms-client-request-id": "e113b808-28c1-4a5a-8c98-ad2ba41b7cd0",
        "x-ms-content-sha256": "qRWFHoREa2k7DASZyaBs2fT7U3K1F6k\u002B0dnaJQ9M8Xw=",
        "x-ms-date": "Fri, 21 Jul 2023 05:46:59 GMT",
        "x-ms-useragent": "azsdk-js-communication-job-router/V2022-07-18-preview azsdk-js-communication-job-router/1.0.0-beta.1 core-rest-pipeline/1.11.1 OS"
      },
      "RequestBody": {
        "name": "test-queue",
        "distributionPolicyId": "test-d-policy-recorded-c-policies",
        "labels": {},
        "exceptionPolicyId": "test-e-policy-recorded-c-policies"
      },
      "StatusCode": 200,
      "ResponseHeaders": {
        "Access-Control-Allow-Credentials": "true",
        "Access-Control-Allow-Origin": "http://localhost:9877",
        "api-supported-versions": "2021-04-07-preview1, 2022-07-18-preview",
        "Content-Type": "application/json; charset=utf-8",
        "Date": "Fri, 21 Jul 2023 05:46:59 GMT",
        "ETag": "\u00220200ad65-0000-0700-0000-64ba1bd30000\u0022",
        "Last-Modified": "Fri, 21 Jul 2023 05:46:59 GMT",
        "trace-id": "3877c956-b880-b987-8a12-3b31ad51d5c8",
        "Transfer-Encoding": "chunked",
        "X-Azure-Ref": "00xu6ZAAAAACt01EPgsenT6RU5Cvj6eMeWVZSMzExMDAwMTE1MDUzAGYwOWE0YzEzLTIxZjEtNDhlYy05Y2Y3LTY2NTQ1Njg0YjY0Mg==",
        "X-Cache": "CONFIG_NOCACHE"
      },
      "ResponseBody": {
        "id": "test-queue-recorded-c-policies",
        "name": "test-queue",
        "distributionPolicyId": "test-d-policy-recorded-c-policies",
        "labels": {
          "Id": "test-queue-recorded-c-policies"
        },
        "exceptionPolicyId": "test-e-policy-recorded-c-policies"
      }
    },
    {
      "RequestUri": "https://endpoint/routing/classificationPolicies/test-c-policy-recorded-c-policies?api-version=2022-07-18-preview",
      "RequestMethod": "PATCH",
      "RequestHeaders": {
        "Accept": "application/json",
        "Accept-Encoding": "gzip, deflate, br",
        "Accept-Language": "en-GB",
        "Authorization": "Sanitized",
        "Connection": "keep-alive",
        "Content-Length": "75",
        "Content-Type": "application/merge-patch\u002Bjson",
        "Origin": "http://localhost:9877",
        "Referer": "http://localhost:9877/",
        "sec-ch-ua": "",
        "sec-ch-ua-mobile": "?0",
        "sec-ch-ua-platform": "\u0022\u0022",
        "Sec-Fetch-Dest": "empty",
        "Sec-Fetch-Mode": "cors",
        "Sec-Fetch-Site": "same-site",
        "User-Agent": "Mozilla/5.0 (Windows NT 10.0; Win64; x64) AppleWebKit/537.36 (KHTML, like Gecko) HeadlessChrome/112.0.5614.0 Safari/537.36",
        "x-ms-client-request-id": "421fbb97-88b5-4911-98fa-3ef87a36bc39",
        "x-ms-content-sha256": "M9/hoJleHXaRg2AWm8JX0BpfTE9qzLEIBtOPGi\u002B7dQw=",
        "x-ms-date": "Fri, 21 Jul 2023 05:46:59 GMT",
        "x-ms-useragent": "azsdk-js-communication-job-router/V2022-07-18-preview azsdk-js-communication-job-router/1.0.0-beta.1 core-rest-pipeline/1.11.1 OS"
      },
      "RequestBody": {
        "name": "test-c-policy",
        "fallbackQueueId": "test-queue-recorded-c-policies"
      },
      "StatusCode": 201,
      "ResponseHeaders": {
        "Access-Control-Allow-Credentials": "true",
        "Access-Control-Allow-Origin": "http://localhost:9877",
        "api-supported-versions": "2021-04-07-preview1, 2022-07-18-preview",
        "Content-Type": "application/json; charset=utf-8",
        "Date": "Fri, 21 Jul 2023 05:46:59 GMT",
        "ETag": "\u002200005db0-0000-0700-0000-64ba1bd30000\u0022",
        "Last-Modified": "Fri, 21 Jul 2023 05:46:59 GMT",
        "trace-id": "8e231198-2522-2c23-2c3a-904cf1d0e4d0",
        "Transfer-Encoding": "chunked",
        "X-Azure-Ref": "00xu6ZAAAAAC3pAYzKHTIRYAYgli4rM8/WVZSMzExMDAwMTE1MDUzAGYwOWE0YzEzLTIxZjEtNDhlYy05Y2Y3LTY2NTQ1Njg0YjY0Mg==",
        "X-Cache": "CONFIG_NOCACHE"
      },
      "ResponseBody": {
        "id": "test-c-policy-recorded-c-policies",
        "name": "test-c-policy",
        "fallbackQueueId": "test-queue-recorded-c-policies",
        "queueSelectors": [],
        "workerSelectors": []
      }
    },
    {
      "RequestUri": "https://endpoint/routing/classificationPolicies/test-c-policy-recorded-c-policies?api-version=2022-07-18-preview",
      "RequestMethod": "PATCH",
      "RequestHeaders": {
        "Accept": "application/json",
        "Accept-Encoding": "gzip, deflate, br",
        "Accept-Language": "en-GB",
        "Authorization": "Sanitized",
        "Connection": "keep-alive",
        "Content-Length": "70",
        "Content-Type": "application/merge-patch\u002Bjson",
        "Origin": "http://localhost:9877",
        "Referer": "http://localhost:9877/",
        "sec-ch-ua": "",
        "sec-ch-ua-mobile": "?0",
        "sec-ch-ua-platform": "\u0022\u0022",
        "Sec-Fetch-Dest": "empty",
        "Sec-Fetch-Mode": "cors",
        "Sec-Fetch-Site": "same-site",
        "User-Agent": "Mozilla/5.0 (Windows NT 10.0; Win64; x64) AppleWebKit/537.36 (KHTML, like Gecko) HeadlessChrome/112.0.5614.0 Safari/537.36",
        "x-ms-client-request-id": "d0eba820-aec0-4d2f-89f5-f2d109f8e705",
        "x-ms-content-sha256": "iSyBaCdJrnYDV57CCA8j7hpGtqL7L53nxgdmdmjG0F0=",
        "x-ms-date": "Fri, 21 Jul 2023 05:46:59 GMT",
        "x-ms-useragent": "azsdk-js-communication-job-router/V2022-07-18-preview azsdk-js-communication-job-router/1.0.0-beta.1 core-rest-pipeline/1.11.1 OS"
      },
      "RequestBody": {
        "name": "new name",
        "fallbackQueueId": "test-queue-recorded-c-policies"
      },
      "StatusCode": 200,
      "ResponseHeaders": {
        "Access-Control-Allow-Credentials": "true",
        "Access-Control-Allow-Origin": "http://localhost:9877",
        "api-supported-versions": "2021-04-07-preview1, 2022-07-18-preview",
        "Content-Type": "application/json; charset=utf-8",
        "Date": "Fri, 21 Jul 2023 05:46:59 GMT",
        "ETag": "\u002200005eb0-0000-0700-0000-64ba1bd30000\u0022",
        "Last-Modified": "Fri, 21 Jul 2023 05:46:59 GMT",
        "trace-id": "20553dec-2abc-c535-2c48-4ec100d77ec9",
        "Transfer-Encoding": "chunked",
        "X-Azure-Ref": "00xu6ZAAAAADlJeqrJJoMR7eO9Vl5lChMWVZSMzExMDAwMTE1MDUzAGYwOWE0YzEzLTIxZjEtNDhlYy05Y2Y3LTY2NTQ1Njg0YjY0Mg==",
        "X-Cache": "CONFIG_NOCACHE"
      },
      "ResponseBody": {
        "id": "test-c-policy-recorded-c-policies",
        "name": "new name",
        "fallbackQueueId": "test-queue-recorded-c-policies",
        "queueSelectors": [],
        "workerSelectors": []
      }
    },
    {
      "RequestUri": "https://endpoint/routing/classificationPolicies/test-c-policy-recorded-c-policies?api-version=2022-07-18-preview",
      "RequestMethod": "PATCH",
      "RequestHeaders": {
        "Accept": "application/json",
        "Accept-Encoding": "gzip, deflate, br",
        "Accept-Language": "en-GB",
        "Authorization": "Sanitized",
        "Connection": "keep-alive",
        "Content-Length": "64",
        "Content-Type": "application/merge-patch\u002Bjson",
        "Origin": "http://localhost:9877",
        "Referer": "http://localhost:9877/",
        "sec-ch-ua": "",
        "sec-ch-ua-mobile": "?0",
        "sec-ch-ua-platform": "\u0022\u0022",
        "Sec-Fetch-Dest": "empty",
        "Sec-Fetch-Mode": "cors",
        "Sec-Fetch-Site": "same-site",
        "User-Agent": "Mozilla/5.0 (Windows NT 10.0; Win64; x64) AppleWebKit/537.36 (KHTML, like Gecko) HeadlessChrome/112.0.5614.0 Safari/537.36",
        "x-ms-client-request-id": "976cb253-20ce-4c4e-936a-3a41a94950d2",
        "x-ms-content-sha256": "VZu79hQP0BaAqr4m5wrnE9bZDjbpp9Iv8jxaChvPlfY=",
        "x-ms-date": "Fri, 21 Jul 2023 05:46:59 GMT",
        "x-ms-useragent": "azsdk-js-communication-job-router/V2022-07-18-preview azsdk-js-communication-job-router/1.0.0-beta.1 core-rest-pipeline/1.11.1 OS"
      },
      "RequestBody": {
        "name": null,
        "fallbackQueueId": "test-queue-recorded-c-policies"
      },
      "StatusCode": 200,
      "ResponseHeaders": {
        "Access-Control-Allow-Credentials": "true",
        "Access-Control-Allow-Origin": "http://localhost:9877",
        "api-supported-versions": "2021-04-07-preview1, 2022-07-18-preview",
        "Content-Type": "application/json; charset=utf-8",
        "Date": "Fri, 21 Jul 2023 05:46:59 GMT",
        "ETag": "\u002200005fb0-0000-0700-0000-64ba1bd30000\u0022",
        "Last-Modified": "Fri, 21 Jul 2023 05:46:59 GMT",
        "trace-id": "8f90ba6c-b35c-e589-ba98-752f818a3a9c",
        "Transfer-Encoding": "chunked",
        "X-Azure-Ref": "00xu6ZAAAAAC44AeYgCs\u002BRK0S1VRfCT4NWVZSMzExMDAwMTE1MDUzAGYwOWE0YzEzLTIxZjEtNDhlYy05Y2Y3LTY2NTQ1Njg0YjY0Mg==",
        "X-Cache": "CONFIG_NOCACHE"
      },
      "ResponseBody": {
        "id": "test-c-policy-recorded-c-policies",
        "fallbackQueueId": "test-queue-recorded-c-policies",
        "queueSelectors": [],
        "workerSelectors": []
      }
    },
    {
      "RequestUri": "https://endpoint/routing/classificationPolicies/test-c-policy-recorded-c-policies?api-version=2022-07-18-preview",
      "RequestMethod": "DELETE",
      "RequestHeaders": {
        "Accept": "application/json",
        "Accept-Encoding": "gzip, deflate, br",
        "Accept-Language": "en-GB",
        "Authorization": "Sanitized",
        "Connection": "keep-alive",
        "Origin": "http://localhost:9877",
        "Referer": "http://localhost:9877/",
        "sec-ch-ua": "",
        "sec-ch-ua-mobile": "?0",
        "sec-ch-ua-platform": "\u0022\u0022",
        "Sec-Fetch-Dest": "empty",
        "Sec-Fetch-Mode": "cors",
        "Sec-Fetch-Site": "same-site",
        "User-Agent": "Mozilla/5.0 (Windows NT 10.0; Win64; x64) AppleWebKit/537.36 (KHTML, like Gecko) HeadlessChrome/112.0.5614.0 Safari/537.36",
        "x-ms-client-request-id": "dd1add8d-c611-4ad6-921b-3d37736fb639",
        "x-ms-content-sha256": "47DEQpj8HBSa\u002B/TImW\u002B5JCeuQeRkm5NMpJWZG3hSuFU=",
        "x-ms-date": "Fri, 21 Jul 2023 05:46:59 GMT",
        "x-ms-useragent": "azsdk-js-communication-job-router/V2022-07-18-preview azsdk-js-communication-job-router/1.0.0-beta.1 core-rest-pipeline/1.11.1 OS"
      },
      "RequestBody": null,
      "StatusCode": 204,
      "ResponseHeaders": {
        "Access-Control-Allow-Credentials": "true",
        "Access-Control-Allow-Origin": "http://localhost:9877",
        "api-supported-versions": "2021-04-07-preview1, 2022-07-18-preview",
        "Date": "Fri, 21 Jul 2023 05:46:59 GMT",
        "trace-id": "a831e316-f8b1-973b-ce6b-b24ea5ee980f",
        "X-Azure-Ref": "01Bu6ZAAAAAARiqhSVsiZT4mRQYyNIHtdWVZSMzExMDAwMTE1MDUzAGYwOWE0YzEzLTIxZjEtNDhlYy05Y2Y3LTY2NTQ1Njg0YjY0Mg==",
        "X-Cache": "CONFIG_NOCACHE"
      },
      "ResponseBody": null
    },
    {
      "RequestUri": "https://endpoint/routing/queues/test-queue-recorded-c-policies?api-version=2022-07-18-preview",
      "RequestMethod": "DELETE",
      "RequestHeaders": {
        "Accept": "application/json",
        "Accept-Encoding": "gzip, deflate, br",
        "Accept-Language": "en-GB",
        "Authorization": "Sanitized",
        "Connection": "keep-alive",
        "Origin": "http://localhost:9877",
        "Referer": "http://localhost:9877/",
        "sec-ch-ua": "",
        "sec-ch-ua-mobile": "?0",
        "sec-ch-ua-platform": "\u0022\u0022",
        "Sec-Fetch-Dest": "empty",
        "Sec-Fetch-Mode": "cors",
        "Sec-Fetch-Site": "same-site",
        "User-Agent": "Mozilla/5.0 (Windows NT 10.0; Win64; x64) AppleWebKit/537.36 (KHTML, like Gecko) HeadlessChrome/112.0.5614.0 Safari/537.36",
        "x-ms-client-request-id": "baa563d8-8b6e-4f9d-842e-b31737d77654",
        "x-ms-content-sha256": "47DEQpj8HBSa\u002B/TImW\u002B5JCeuQeRkm5NMpJWZG3hSuFU=",
        "x-ms-date": "Fri, 21 Jul 2023 05:46:59 GMT",
        "x-ms-useragent": "azsdk-js-communication-job-router/V2022-07-18-preview azsdk-js-communication-job-router/1.0.0-beta.1 core-rest-pipeline/1.11.1 OS"
      },
      "RequestBody": null,
      "StatusCode": 204,
      "ResponseHeaders": {
        "Access-Control-Allow-Credentials": "true",
        "Access-Control-Allow-Origin": "http://localhost:9877",
        "api-supported-versions": "2021-04-07-preview1, 2022-07-18-preview",
        "Date": "Fri, 21 Jul 2023 05:46:59 GMT",
        "trace-id": "dcc41822-a502-fee7-f702-e0c6049f0639",
        "X-Azure-Ref": "01Bu6ZAAAAACwSzlV\u002BUSYT4Ty1O836sblWVZSMzExMDAwMTE1MDUzAGYwOWE0YzEzLTIxZjEtNDhlYy05Y2Y3LTY2NTQ1Njg0YjY0Mg==",
        "X-Cache": "CONFIG_NOCACHE"
      },
      "ResponseBody": null
    },
    {
      "RequestUri": "https://endpoint/routing/exceptionPolicies/test-e-policy-recorded-c-policies?api-version=2022-07-18-preview",
      "RequestMethod": "DELETE",
      "RequestHeaders": {
        "Accept": "application/json",
        "Accept-Encoding": "gzip, deflate, br",
        "Accept-Language": "en-GB",
        "Authorization": "Sanitized",
        "Connection": "keep-alive",
        "Origin": "http://localhost:9877",
        "Referer": "http://localhost:9877/",
        "sec-ch-ua": "",
        "sec-ch-ua-mobile": "?0",
        "sec-ch-ua-platform": "\u0022\u0022",
        "Sec-Fetch-Dest": "empty",
        "Sec-Fetch-Mode": "cors",
        "Sec-Fetch-Site": "same-site",
        "User-Agent": "Mozilla/5.0 (Windows NT 10.0; Win64; x64) AppleWebKit/537.36 (KHTML, like Gecko) HeadlessChrome/112.0.5614.0 Safari/537.36",
        "x-ms-client-request-id": "fe4b627a-88b1-4b1f-ac3b-b1de9d5c1bf4",
        "x-ms-content-sha256": "47DEQpj8HBSa\u002B/TImW\u002B5JCeuQeRkm5NMpJWZG3hSuFU=",
        "x-ms-date": "Fri, 21 Jul 2023 05:46:59 GMT",
        "x-ms-useragent": "azsdk-js-communication-job-router/V2022-07-18-preview azsdk-js-communication-job-router/1.0.0-beta.1 core-rest-pipeline/1.11.1 OS"
      },
      "RequestBody": null,
      "StatusCode": 204,
      "ResponseHeaders": {
        "Access-Control-Allow-Credentials": "true",
        "Access-Control-Allow-Origin": "http://localhost:9877",
        "api-supported-versions": "2021-04-07-preview1, 2022-07-18-preview",
        "Date": "Fri, 21 Jul 2023 05:46:59 GMT",
        "trace-id": "0d8f9744-9249-d65e-eda8-1555ac091a02",
        "X-Azure-Ref": "01Bu6ZAAAAACDRFgbLWUVSJ1UMm4eGau3WVZSMzExMDAwMTE1MDUzAGYwOWE0YzEzLTIxZjEtNDhlYy05Y2Y3LTY2NTQ1Njg0YjY0Mg==",
        "X-Cache": "CONFIG_NOCACHE"
      },
      "ResponseBody": null
    },
    {
      "RequestUri": "https://endpoint/routing/distributionPolicies/test-d-policy-recorded-c-policies?api-version=2022-07-18-preview",
      "RequestMethod": "DELETE",
      "RequestHeaders": {
        "Accept": "application/json",
        "Accept-Encoding": "gzip, deflate, br",
        "Accept-Language": "en-GB",
        "Authorization": "Sanitized",
        "Connection": "keep-alive",
        "Origin": "http://localhost:9877",
        "Referer": "http://localhost:9877/",
        "sec-ch-ua": "",
        "sec-ch-ua-mobile": "?0",
        "sec-ch-ua-platform": "\u0022\u0022",
        "Sec-Fetch-Dest": "empty",
        "Sec-Fetch-Mode": "cors",
        "Sec-Fetch-Site": "same-site",
        "User-Agent": "Mozilla/5.0 (Windows NT 10.0; Win64; x64) AppleWebKit/537.36 (KHTML, like Gecko) HeadlessChrome/112.0.5614.0 Safari/537.36",
        "x-ms-client-request-id": "1bec8e10-a573-40b1-95f6-6599ec6fb35b",
        "x-ms-content-sha256": "47DEQpj8HBSa\u002B/TImW\u002B5JCeuQeRkm5NMpJWZG3hSuFU=",
        "x-ms-date": "Fri, 21 Jul 2023 05:46:59 GMT",
        "x-ms-useragent": "azsdk-js-communication-job-router/V2022-07-18-preview azsdk-js-communication-job-router/1.0.0-beta.1 core-rest-pipeline/1.11.1 OS"
      },
      "RequestBody": null,
      "StatusCode": 204,
      "ResponseHeaders": {
        "Access-Control-Allow-Credentials": "true",
        "Access-Control-Allow-Origin": "http://localhost:9877",
        "api-supported-versions": "2021-04-07-preview1, 2022-07-18-preview",
        "Date": "Fri, 21 Jul 2023 05:46:59 GMT",
        "trace-id": "d970326e-5a8c-df93-aed7-4174e1d538eb",
        "X-Azure-Ref": "01Bu6ZAAAAADFaWOJvkmtRaSPfFaooiy0WVZSMzExMDAwMTE1MDUzAGYwOWE0YzEzLTIxZjEtNDhlYy05Y2Y3LTY2NTQ1Njg0YjY0Mg==",
        "X-Cache": "CONFIG_NOCACHE"
      },
      "ResponseBody": null
    }
  ],
  "Variables": {}
}
