{
  "Entries": [
    {
      "RequestUri": "https://myappconfig.azconfig.io/kv/.appconfig.featureflag%2Fname-1289?api-version=1.0\u0026label=label-1",
      "RequestMethod": "PUT",
      "RequestHeaders": {
        "Accept": "application/vnd.microsoft.appconfig.kv\u002Bjson, application/json, application/problem\u002Bjson",
        "Accept-Encoding": "gzip, deflate, br",
        "Accept-Language": "en-US",
        "Authorization": "Sanitized",
        "Connection": "keep-alive",
        "Content-Length": "764",
        "Content-Type": "application/vnd.microsoft.appconfig.kv\u002Bjson",
        "If-None-Match": "*",
        "Origin": "http://localhost:9876",
        "Referer": "http://localhost:9876/",
        "sec-ch-ua": "",
        "sec-ch-ua-mobile": "?0",
        "sec-ch-ua-platform": "",
        "Sec-Fetch-Dest": "empty",
        "Sec-Fetch-Mode": "cors",
        "Sec-Fetch-Site": "same-site",
        "User-Agent": "Mozilla/5.0 (X11; Linux x86_64) AppleWebKit/537.36 (KHTML, like Gecko) HeadlessChrome/103.0.5058.0 Safari/537.36",
        "x-ms-client-request-id": "393151b2-0e82-42a9-9ef3-4e94efafa9fa",
        "x-ms-content-sha256": "xSABQvW/GRY68/ZBIzeAEplkoZfRZzchk5xaDDkxE50=",
        "x-ms-date": "Fri, 21 Oct 2022 22:48:28 GMT",
        "x-ms-useragent": "azsdk-js-app-configuration/1.4.0-beta.1 core-rest-pipeline/1.9.3 OS/Linuxx86_64"
      },
      "RequestBody": {
        "key": ".appconfig.featureflag/name-1289",
        "label": "label-1",
        "content_type": "application/vnd.microsoft.appconfig.ff\u002Bjson;charset=utf-8",
        "value": "{\u0022id\u0022:\u0022name-1289\u0022,\u0022enabled\u0022:false,\u0022description\u0022:\u0022I\u0027m a description\u0022,\u0022conditions\u0022:{\u0022client_filters\u0022:[{\u0022name\u0022:\u0022Microsoft.TimeWindow\u0022,\u0022parameters\u0022:{\u0022Start\u0022:\u0022Wed, 01 May 2019 13:59:59 GMT\u0022,\u0022End\u0022:\u0022Mon, 01 July 2019 00:00:00 GMT\u0022}},{\u0022name\u0022:\u0022FilterX\u0022},{\u0022name\u0022:\u0022Microsoft.Targeting\u0022,\u0022parameters\u0022:{\u0022Audience\u0022:{\u0022Groups\u0022:[{\u0022Name\u0022:\u0022group-1\u0022,\u0022RolloutPercentage\u0022:25},{\u0022Name\u0022:\u0022group-2\u0022,\u0022RolloutPercentage\u0022:45}],\u0022Users\u0022:[\u0022userA\u0022,\u0022userB\u0022],\u0022DefaultRolloutPercentage\u0022:40}}},{\u0022name\u0022:\u0022Microsoft.Percentage\u0022,\u0022parameters\u0022:{\u0022Value\u0022:25}}]},\u0022display_name\u0022:\u0022for display\u0022}"
      },
      "StatusCode": 200,
      "ResponseHeaders": {
        "Access-Control-Allow-Credentials": "true",
        "Access-Control-Allow-Origin": "*",
        "Access-Control-Expose-Headers": "DNT, X-CustomHeader, Keep-Alive, User-Agent, X-Requested-With, If-Modified-Since, Cache-Control, Content-Type, Authorization, x-ms-client-request-id, x-ms-useragent, x-ms-content-sha256, x-ms-date, host, Accept, Accept-Datetime, Date, If-Match, If-None-Match, Sync-Token, x-ms-return-client-request-id, ETag, Last-Modified, Link, Memento-Datetime, retry-after-ms, x-ms-request-id, x-ms-client-session-id, x-ms-effective-locale, WWW-Authenticate, traceparent, tracestate",
        "Connection": "keep-alive",
        "Content-Type": "application/vnd.microsoft.appconfig.kv\u002Bjson; charset=utf-8",
        "Date": "Fri, 21 Oct 2022 22:48:28 GMT",
        "ETag": "\u0022sM-0HfQYbr8IdsyrQcpVi32lfPrrQDr96dDPBxzN4WA\u0022",
        "Last-Modified": "Fri, 21 Oct 2022 22:48:28 GMT",
        "Server": "openresty/1.17.8.2",
        "Strict-Transport-Security": "max-age=15724800; includeSubDomains",
        "Sync-Token": "zAJw6V16=MjoxNyMxMDA1MDQwNw==;sn=10050407",
        "Transfer-Encoding": "chunked",
        "x-ms-correlation-request-id": "7d140c23-271c-4e74-ac68-0b80fa1f59fa",
        "x-ms-request-id": "7d140c23-271c-4e74-ac68-0b80fa1f59fa"
      },
      "ResponseBody": {
        "etag": "sM-0HfQYbr8IdsyrQcpVi32lfPrrQDr96dDPBxzN4WA",
        "key": ".appconfig.featureflag/name-1289",
        "label": "label-1",
        "content_type": "application/vnd.microsoft.appconfig.ff\u002Bjson;charset=utf-8",
        "value": "{\u0022id\u0022:\u0022name-1289\u0022,\u0022enabled\u0022:false,\u0022description\u0022:\u0022I\u0027m a description\u0022,\u0022conditions\u0022:{\u0022client_filters\u0022:[{\u0022name\u0022:\u0022Microsoft.TimeWindow\u0022,\u0022parameters\u0022:{\u0022Start\u0022:\u0022Wed, 01 May 2019 13:59:59 GMT\u0022,\u0022End\u0022:\u0022Mon, 01 July 2019 00:00:00 GMT\u0022}},{\u0022name\u0022:\u0022FilterX\u0022},{\u0022name\u0022:\u0022Microsoft.Targeting\u0022,\u0022parameters\u0022:{\u0022Audience\u0022:{\u0022Groups\u0022:[{\u0022Name\u0022:\u0022group-1\u0022,\u0022RolloutPercentage\u0022:25},{\u0022Name\u0022:\u0022group-2\u0022,\u0022RolloutPercentage\u0022:45}],\u0022Users\u0022:[\u0022userA\u0022,\u0022userB\u0022],\u0022DefaultRolloutPercentage\u0022:40}}},{\u0022name\u0022:\u0022Microsoft.Percentage\u0022,\u0022parameters\u0022:{\u0022Value\u0022:25}}]},\u0022display_name\u0022:\u0022for display\u0022}",
        "tags": {},
        "locked": false,
        "last_modified": "2022-10-21T22:48:28\u002B00:00"
      }
    },
    {
      "RequestUri": "https://myappconfig.azconfig.io/kv/.appconfig.featureflag%2Fname-1289-2?api-version=1.0\u0026label=label-1",
      "RequestMethod": "PUT",
      "RequestHeaders": {
        "Accept": "application/vnd.microsoft.appconfig.kv\u002Bjson, application/json, application/problem\u002Bjson",
        "Accept-Encoding": "gzip, deflate, br",
        "Accept-Language": "en-US",
        "Authorization": "Sanitized",
        "Connection": "keep-alive",
        "Content-Length": "768",
        "Content-Type": "application/vnd.microsoft.appconfig.kv\u002Bjson",
        "If-None-Match": "*",
        "Origin": "http://localhost:9876",
        "Referer": "http://localhost:9876/",
        "sec-ch-ua": "",
        "sec-ch-ua-mobile": "?0",
        "sec-ch-ua-platform": "",
        "Sec-Fetch-Dest": "empty",
        "Sec-Fetch-Mode": "cors",
        "Sec-Fetch-Site": "same-site",
        "sync-token": "zAJw6V16=MjoxNyMxMDA1MDQwNw==",
        "User-Agent": "Mozilla/5.0 (X11; Linux x86_64) AppleWebKit/537.36 (KHTML, like Gecko) HeadlessChrome/103.0.5058.0 Safari/537.36",
        "x-ms-client-request-id": "aae4686d-ba15-4d1b-bb1c-b7adb5e1f674",
        "x-ms-content-sha256": "CQ4SfDU53HhwkmiFKp4zkqWyCDgLtOQ3VW2Ib4Lsf5Y=",
        "x-ms-date": "Fri, 21 Oct 2022 22:48:28 GMT",
        "x-ms-useragent": "azsdk-js-app-configuration/1.4.0-beta.1 core-rest-pipeline/1.9.3 OS/Linuxx86_64"
      },
      "RequestBody": {
        "key": ".appconfig.featureflag/name-1289-2",
        "label": "label-1",
        "content_type": "application/vnd.microsoft.appconfig.ff\u002Bjson;charset=utf-8",
        "value": "{\u0022id\u0022:\u0022name-1289-2\u0022,\u0022enabled\u0022:false,\u0022description\u0022:\u0022I\u0027m a description\u0022,\u0022conditions\u0022:{\u0022client_filters\u0022:[{\u0022name\u0022:\u0022Microsoft.TimeWindow\u0022,\u0022parameters\u0022:{\u0022Start\u0022:\u0022Wed, 01 May 2019 13:59:59 GMT\u0022,\u0022End\u0022:\u0022Mon, 01 July 2019 00:00:00 GMT\u0022}},{\u0022name\u0022:\u0022FilterX\u0022},{\u0022name\u0022:\u0022Microsoft.Targeting\u0022,\u0022parameters\u0022:{\u0022Audience\u0022:{\u0022Groups\u0022:[{\u0022Name\u0022:\u0022group-1\u0022,\u0022RolloutPercentage\u0022:25},{\u0022Name\u0022:\u0022group-2\u0022,\u0022RolloutPercentage\u0022:45}],\u0022Users\u0022:[\u0022userA\u0022,\u0022userB\u0022],\u0022DefaultRolloutPercentage\u0022:40}}},{\u0022name\u0022:\u0022Microsoft.Percentage\u0022,\u0022parameters\u0022:{\u0022Value\u0022:25}}]},\u0022display_name\u0022:\u0022for display\u0022}"
      },
      "StatusCode": 200,
      "ResponseHeaders": {
        "Access-Control-Allow-Credentials": "true",
        "Access-Control-Allow-Origin": "*",
        "Access-Control-Expose-Headers": "DNT, X-CustomHeader, Keep-Alive, User-Agent, X-Requested-With, If-Modified-Since, Cache-Control, Content-Type, Authorization, x-ms-client-request-id, x-ms-useragent, x-ms-content-sha256, x-ms-date, host, Accept, Accept-Datetime, Date, If-Match, If-None-Match, Sync-Token, x-ms-return-client-request-id, ETag, Last-Modified, Link, Memento-Datetime, retry-after-ms, x-ms-request-id, x-ms-client-session-id, x-ms-effective-locale, WWW-Authenticate, traceparent, tracestate",
        "Connection": "keep-alive",
        "Content-Type": "application/vnd.microsoft.appconfig.kv\u002Bjson; charset=utf-8",
        "Date": "Fri, 21 Oct 2022 22:48:28 GMT",
        "ETag": "\u0022f7mdyAjyYy_6lzxjdxcbCmZaByXJ3M0mi_nOH6IkX3E\u0022",
        "Last-Modified": "Fri, 21 Oct 2022 22:48:28 GMT",
        "Server": "openresty/1.17.8.2",
        "Strict-Transport-Security": "max-age=15724800; includeSubDomains",
        "Sync-Token": "zAJw6V16=MjoxNyMxMDA1MDQwOA==;sn=10050408",
        "Transfer-Encoding": "chunked",
        "x-ms-correlation-request-id": "226513e6-28b1-4a4f-8808-cd8606a6fc73",
        "x-ms-request-id": "226513e6-28b1-4a4f-8808-cd8606a6fc73"
      },
      "ResponseBody": {
        "etag": "f7mdyAjyYy_6lzxjdxcbCmZaByXJ3M0mi_nOH6IkX3E",
        "key": ".appconfig.featureflag/name-1289-2",
        "label": "label-1",
        "content_type": "application/vnd.microsoft.appconfig.ff\u002Bjson;charset=utf-8",
        "value": "{\u0022id\u0022:\u0022name-1289-2\u0022,\u0022enabled\u0022:false,\u0022description\u0022:\u0022I\u0027m a description\u0022,\u0022conditions\u0022:{\u0022client_filters\u0022:[{\u0022name\u0022:\u0022Microsoft.TimeWindow\u0022,\u0022parameters\u0022:{\u0022Start\u0022:\u0022Wed, 01 May 2019 13:59:59 GMT\u0022,\u0022End\u0022:\u0022Mon, 01 July 2019 00:00:00 GMT\u0022}},{\u0022name\u0022:\u0022FilterX\u0022},{\u0022name\u0022:\u0022Microsoft.Targeting\u0022,\u0022parameters\u0022:{\u0022Audience\u0022:{\u0022Groups\u0022:[{\u0022Name\u0022:\u0022group-1\u0022,\u0022RolloutPercentage\u0022:25},{\u0022Name\u0022:\u0022group-2\u0022,\u0022RolloutPercentage\u0022:45}],\u0022Users\u0022:[\u0022userA\u0022,\u0022userB\u0022],\u0022DefaultRolloutPercentage\u0022:40}}},{\u0022name\u0022:\u0022Microsoft.Percentage\u0022,\u0022parameters\u0022:{\u0022Value\u0022:25}}]},\u0022display_name\u0022:\u0022for display\u0022}",
        "tags": {},
        "locked": false,
        "last_modified": "2022-10-21T22:48:28\u002B00:00"
      }
    },
    {
      "RequestUri": "https://myappconfig.azconfig.io/kv?api-version=1.0\u0026key=.appconfig.featureflag%2Fname-1289*",
      "RequestMethod": "GET",
      "RequestHeaders": {
        "Accept": "application/vnd.microsoft.appconfig.kvset\u002Bjson, application/json, application/problem\u002Bjson",
        "Accept-Encoding": "gzip, deflate, br",
        "Accept-Language": "en-US",
        "Authorization": "Sanitized",
        "Connection": "keep-alive",
        "Origin": "http://localhost:9876",
        "Referer": "http://localhost:9876/",
        "sec-ch-ua": "",
        "sec-ch-ua-mobile": "?0",
        "sec-ch-ua-platform": "",
        "Sec-Fetch-Dest": "empty",
        "Sec-Fetch-Mode": "cors",
        "Sec-Fetch-Site": "same-site",
        "sync-token": "zAJw6V16=MjoxNyMxMDA1MDQwOA==",
        "User-Agent": "Mozilla/5.0 (X11; Linux x86_64) AppleWebKit/537.36 (KHTML, like Gecko) HeadlessChrome/103.0.5058.0 Safari/537.36",
        "x-ms-client-request-id": "91e7b2fc-5a61-4540-8dac-cd26e08d3eeb",
        "x-ms-content-sha256": "47DEQpj8HBSa\u002B/TImW\u002B5JCeuQeRkm5NMpJWZG3hSuFU=",
        "x-ms-date": "Fri, 21 Oct 2022 22:48:28 GMT",
        "x-ms-useragent": "azsdk-js-app-configuration/1.4.0-beta.1 core-rest-pipeline/1.9.3 OS/Linuxx86_64"
      },
      "RequestBody": null,
      "StatusCode": 200,
      "ResponseHeaders": {
        "Access-Control-Allow-Credentials": "true",
        "Access-Control-Allow-Origin": "*",
        "Access-Control-Expose-Headers": "DNT, X-CustomHeader, Keep-Alive, User-Agent, X-Requested-With, If-Modified-Since, Cache-Control, Content-Type, Authorization, x-ms-client-request-id, x-ms-useragent, x-ms-content-sha256, x-ms-date, host, Accept, Accept-Datetime, Date, If-Match, If-None-Match, Sync-Token, x-ms-return-client-request-id, ETag, Last-Modified, Link, Memento-Datetime, retry-after-ms, x-ms-request-id, x-ms-client-session-id, x-ms-effective-locale, WWW-Authenticate, traceparent, tracestate",
        "Connection": "keep-alive",
        "Content-Type": "application/vnd.microsoft.appconfig.kvset\u002Bjson; charset=utf-8",
        "Date": "Fri, 21 Oct 2022 22:48:28 GMT",
        "Server": "openresty/1.17.8.2",
        "Strict-Transport-Security": "max-age=15724800; includeSubDomains",
        "Sync-Token": "zAJw6V16=MjoxNyMxMDA1MDQwOA==;sn=10050408",
        "Transfer-Encoding": "chunked",
        "x-ms-correlation-request-id": "4b64bc71-3650-4293-bdc8-440142b6f0a1",
        "x-ms-request-id": "4b64bc71-3650-4293-bdc8-440142b6f0a1"
      },
      "ResponseBody": {
        "items": [
          {
            "etag": "sM-0HfQYbr8IdsyrQcpVi32lfPrrQDr96dDPBxzN4WA",
            "key": ".appconfig.featureflag/name-1289",
            "label": "label-1",
            "content_type": "application/vnd.microsoft.appconfig.ff\u002Bjson;charset=utf-8",
            "value": "{\u0022id\u0022:\u0022name-1289\u0022,\u0022enabled\u0022:false,\u0022description\u0022:\u0022I\u0027m a description\u0022,\u0022conditions\u0022:{\u0022client_filters\u0022:[{\u0022name\u0022:\u0022Microsoft.TimeWindow\u0022,\u0022parameters\u0022:{\u0022Start\u0022:\u0022Wed, 01 May 2019 13:59:59 GMT\u0022,\u0022End\u0022:\u0022Mon, 01 July 2019 00:00:00 GMT\u0022}},{\u0022name\u0022:\u0022FilterX\u0022},{\u0022name\u0022:\u0022Microsoft.Targeting\u0022,\u0022parameters\u0022:{\u0022Audience\u0022:{\u0022Groups\u0022:[{\u0022Name\u0022:\u0022group-1\u0022,\u0022RolloutPercentage\u0022:25},{\u0022Name\u0022:\u0022group-2\u0022,\u0022RolloutPercentage\u0022:45}],\u0022Users\u0022:[\u0022userA\u0022,\u0022userB\u0022],\u0022DefaultRolloutPercentage\u0022:40}}},{\u0022name\u0022:\u0022Microsoft.Percentage\u0022,\u0022parameters\u0022:{\u0022Value\u0022:25}}]},\u0022display_name\u0022:\u0022for display\u0022}",
            "tags": {},
            "locked": false,
            "last_modified": "2022-10-21T22:48:28\u002B00:00"
          },
          {
            "etag": "f7mdyAjyYy_6lzxjdxcbCmZaByXJ3M0mi_nOH6IkX3E",
            "key": ".appconfig.featureflag/name-1289-2",
            "label": "label-1",
            "content_type": "application/vnd.microsoft.appconfig.ff\u002Bjson;charset=utf-8",
            "value": "{\u0022id\u0022:\u0022name-1289-2\u0022,\u0022enabled\u0022:false,\u0022description\u0022:\u0022I\u0027m a description\u0022,\u0022conditions\u0022:{\u0022client_filters\u0022:[{\u0022name\u0022:\u0022Microsoft.TimeWindow\u0022,\u0022parameters\u0022:{\u0022Start\u0022:\u0022Wed, 01 May 2019 13:59:59 GMT\u0022,\u0022End\u0022:\u0022Mon, 01 July 2019 00:00:00 GMT\u0022}},{\u0022name\u0022:\u0022FilterX\u0022},{\u0022name\u0022:\u0022Microsoft.Targeting\u0022,\u0022parameters\u0022:{\u0022Audience\u0022:{\u0022Groups\u0022:[{\u0022Name\u0022:\u0022group-1\u0022,\u0022RolloutPercentage\u0022:25},{\u0022Name\u0022:\u0022group-2\u0022,\u0022RolloutPercentage\u0022:45}],\u0022Users\u0022:[\u0022userA\u0022,\u0022userB\u0022],\u0022DefaultRolloutPercentage\u0022:40}}},{\u0022name\u0022:\u0022Microsoft.Percentage\u0022,\u0022parameters\u0022:{\u0022Value\u0022:25}}]},\u0022display_name\u0022:\u0022for display\u0022}",
            "tags": {},
            "locked": false,
            "last_modified": "2022-10-21T22:48:28\u002B00:00"
          }
        ]
      }
    },
    {
      "RequestUri": "https://myappconfig.azconfig.io/kv/.appconfig.featureflag%2Fname-1289?api-version=1.0\u0026label=label-1",
      "RequestMethod": "PUT",
      "RequestHeaders": {
        "Accept": "application/vnd.microsoft.appconfig.kv\u002Bjson, application/json, application/problem\u002Bjson",
        "Accept-Encoding": "gzip, deflate, br",
        "Accept-Language": "en-US",
        "Authorization": "Sanitized",
        "Connection": "keep-alive",
        "Content-Length": "763",
        "Content-Type": "application/vnd.microsoft.appconfig.kv\u002Bjson",
        "Origin": "http://localhost:9876",
        "Referer": "http://localhost:9876/",
        "sec-ch-ua": "",
        "sec-ch-ua-mobile": "?0",
        "sec-ch-ua-platform": "",
        "Sec-Fetch-Dest": "empty",
        "Sec-Fetch-Mode": "cors",
        "Sec-Fetch-Site": "same-site",
        "sync-token": "zAJw6V16=MjoxNyMxMDA1MDQwOA==",
        "User-Agent": "Mozilla/5.0 (X11; Linux x86_64) AppleWebKit/537.36 (KHTML, like Gecko) HeadlessChrome/103.0.5058.0 Safari/537.36",
        "x-ms-client-request-id": "bf412777-f454-4cfb-8f7e-1c41743b95b1",
        "x-ms-content-sha256": "7X6V9f9b3L9h0J4cDEiMIYJt5XgNYfpAEh0Q2/FBgVY=",
        "x-ms-date": "Fri, 21 Oct 2022 22:48:28 GMT",
        "x-ms-useragent": "azsdk-js-app-configuration/1.4.0-beta.1 core-rest-pipeline/1.9.3 OS/Linuxx86_64"
      },
      "RequestBody": {
        "key": ".appconfig.featureflag/name-1289",
        "label": "label-1",
        "content_type": "application/vnd.microsoft.appconfig.ff\u002Bjson;charset=utf-8",
        "value": "{\u0022id\u0022:\u0022name-1289\u0022,\u0022enabled\u0022:true,\u0022description\u0022:\u0022I\u0027m a description\u0022,\u0022conditions\u0022:{\u0022client_filters\u0022:[{\u0022name\u0022:\u0022Microsoft.TimeWindow\u0022,\u0022parameters\u0022:{\u0022Start\u0022:\u0022Wed, 01 May 2019 13:59:59 GMT\u0022,\u0022End\u0022:\u0022Mon, 01 July 2019 00:00:00 GMT\u0022}},{\u0022name\u0022:\u0022FilterX\u0022},{\u0022name\u0022:\u0022Microsoft.Targeting\u0022,\u0022parameters\u0022:{\u0022Audience\u0022:{\u0022Groups\u0022:[{\u0022Name\u0022:\u0022group-1\u0022,\u0022RolloutPercentage\u0022:25},{\u0022Name\u0022:\u0022group-2\u0022,\u0022RolloutPercentage\u0022:45}],\u0022Users\u0022:[\u0022userA\u0022,\u0022userB\u0022],\u0022DefaultRolloutPercentage\u0022:40}}},{\u0022name\u0022:\u0022Microsoft.Percentage\u0022,\u0022parameters\u0022:{\u0022Value\u0022:25}}]},\u0022display_name\u0022:\u0022for display\u0022}"
      },
      "StatusCode": 200,
      "ResponseHeaders": {
        "Access-Control-Allow-Credentials": "true",
        "Access-Control-Allow-Origin": "*",
        "Access-Control-Expose-Headers": "DNT, X-CustomHeader, Keep-Alive, User-Agent, X-Requested-With, If-Modified-Since, Cache-Control, Content-Type, Authorization, x-ms-client-request-id, x-ms-useragent, x-ms-content-sha256, x-ms-date, host, Accept, Accept-Datetime, Date, If-Match, If-None-Match, Sync-Token, x-ms-return-client-request-id, ETag, Last-Modified, Link, Memento-Datetime, retry-after-ms, x-ms-request-id, x-ms-client-session-id, x-ms-effective-locale, WWW-Authenticate, traceparent, tracestate",
        "Connection": "keep-alive",
        "Content-Type": "application/vnd.microsoft.appconfig.kv\u002Bjson; charset=utf-8",
        "Date": "Fri, 21 Oct 2022 22:48:28 GMT",
        "ETag": "\u0022dRp7eqdK15CNreuIEmPc3NXsqx-pyzAc7gXqkFN5UR0\u0022",
        "Last-Modified": "Fri, 21 Oct 2022 22:48:28 GMT",
        "Server": "openresty/1.17.8.2",
        "Strict-Transport-Security": "max-age=15724800; includeSubDomains",
        "Sync-Token": "zAJw6V16=MjoxNyMxMDA1MDQwOQ==;sn=10050409",
        "Transfer-Encoding": "chunked",
        "x-ms-correlation-request-id": "5d0eb17e-64ef-49ee-89e3-f6e0a5987521",
        "x-ms-request-id": "5d0eb17e-64ef-49ee-89e3-f6e0a5987521"
      },
      "ResponseBody": {
        "etag": "dRp7eqdK15CNreuIEmPc3NXsqx-pyzAc7gXqkFN5UR0",
        "key": ".appconfig.featureflag/name-1289",
        "label": "label-1",
        "content_type": "application/vnd.microsoft.appconfig.ff\u002Bjson;charset=utf-8",
        "value": "{\u0022id\u0022:\u0022name-1289\u0022,\u0022enabled\u0022:true,\u0022description\u0022:\u0022I\u0027m a description\u0022,\u0022conditions\u0022:{\u0022client_filters\u0022:[{\u0022name\u0022:\u0022Microsoft.TimeWindow\u0022,\u0022parameters\u0022:{\u0022Start\u0022:\u0022Wed, 01 May 2019 13:59:59 GMT\u0022,\u0022End\u0022:\u0022Mon, 01 July 2019 00:00:00 GMT\u0022}},{\u0022name\u0022:\u0022FilterX\u0022},{\u0022name\u0022:\u0022Microsoft.Targeting\u0022,\u0022parameters\u0022:{\u0022Audience\u0022:{\u0022Groups\u0022:[{\u0022Name\u0022:\u0022group-1\u0022,\u0022RolloutPercentage\u0022:25},{\u0022Name\u0022:\u0022group-2\u0022,\u0022RolloutPercentage\u0022:45}],\u0022Users\u0022:[\u0022userA\u0022,\u0022userB\u0022],\u0022DefaultRolloutPercentage\u0022:40}}},{\u0022name\u0022:\u0022Microsoft.Percentage\u0022,\u0022parameters\u0022:{\u0022Value\u0022:25}}]},\u0022display_name\u0022:\u0022for display\u0022}",
        "tags": {},
        "locked": false,
        "last_modified": "2022-10-21T22:48:28\u002B00:00"
      }
    },
    {
      "RequestUri": "https://myappconfig.azconfig.io/kv/.appconfig.featureflag%2Fname-1289-2?api-version=1.0\u0026label=label-1",
      "RequestMethod": "PUT",
      "RequestHeaders": {
        "Accept": "application/vnd.microsoft.appconfig.kv\u002Bjson, application/json, application/problem\u002Bjson",
        "Accept-Encoding": "gzip, deflate, br",
        "Accept-Language": "en-US",
        "Authorization": "Sanitized",
        "Connection": "keep-alive",
        "Content-Length": "876",
        "Content-Type": "application/vnd.microsoft.appconfig.kv\u002Bjson",
        "Origin": "http://localhost:9876",
        "Referer": "http://localhost:9876/",
        "sec-ch-ua": "",
        "sec-ch-ua-mobile": "?0",
        "sec-ch-ua-platform": "",
        "Sec-Fetch-Dest": "empty",
        "Sec-Fetch-Mode": "cors",
        "Sec-Fetch-Site": "same-site",
        "sync-token": "zAJw6V16=MjoxNyMxMDA1MDQwOQ==",
        "User-Agent": "Mozilla/5.0 (X11; Linux x86_64) AppleWebKit/537.36 (KHTML, like Gecko) HeadlessChrome/103.0.5058.0 Safari/537.36",
        "x-ms-client-request-id": "f3e876a4-66e0-4199-8140-7db966bf80d2",
        "x-ms-content-sha256": "2Sitx2nt3kfoK\u002BN\u002BSfQo0bPgoq9kW7xK4jRRDdnE4mA=",
        "x-ms-date": "Fri, 21 Oct 2022 22:48:28 GMT",
        "x-ms-useragent": "azsdk-js-app-configuration/1.4.0-beta.1 core-rest-pipeline/1.9.3 OS/Linuxx86_64"
      },
      "RequestBody": {
        "key": ".appconfig.featureflag/name-1289-2",
        "label": "label-1",
        "content_type": "application/vnd.microsoft.appconfig.ff\u002Bjson;charset=utf-8",
        "value": "{\u0022id\u0022:\u0022name-1289-2\u0022,\u0022enabled\u0022:false,\u0022description\u0022:\u0022I\u0027m new description\u0022,\u0022conditions\u0022:{\u0022client_filters\u0022:[{\u0022name\u0022:\u0022Microsoft.TimeWindow\u0022,\u0022parameters\u0022:{\u0022Start\u0022:\u0022Wed, 01 May 2019 13:59:59 GMT\u0022,\u0022End\u0022:\u0022Mon, 01 July 2019 00:00:00 GMT\u0022}},{\u0022name\u0022:\u0022FilterX\u0022},{\u0022name\u0022:\u0022Microsoft.Targeting\u0022,\u0022parameters\u0022:{\u0022Audience\u0022:{\u0022Groups\u0022:[{\u0022Name\u0022:\u0022group-1\u0022,\u0022RolloutPercentage\u0022:25},{\u0022Name\u0022:\u0022group-2\u0022,\u0022RolloutPercentage\u0022:45}],\u0022Users\u0022:[\u0022userA\u0022,\u0022userB\u0022],\u0022DefaultRolloutPercentage\u0022:40}}},{\u0022name\u0022:\u0022Microsoft.Percentage\u0022,\u0022parameters\u0022:{\u0022Value\u0022:25}}]},\u0022display_name\u0022:\u0022for display\u0022}",
        "last_modified": "2022-10-21T22:48:28.000Z",
        "tags": {},
        "etag": "f7mdyAjyYy_6lzxjdxcbCmZaByXJ3M0mi_nOH6IkX3E"
      },
      "StatusCode": 200,
      "ResponseHeaders": {
        "Access-Control-Allow-Credentials": "true",
        "Access-Control-Allow-Origin": "*",
        "Access-Control-Expose-Headers": "DNT, X-CustomHeader, Keep-Alive, User-Agent, X-Requested-With, If-Modified-Since, Cache-Control, Content-Type, Authorization, x-ms-client-request-id, x-ms-useragent, x-ms-content-sha256, x-ms-date, host, Accept, Accept-Datetime, Date, If-Match, If-None-Match, Sync-Token, x-ms-return-client-request-id, ETag, Last-Modified, Link, Memento-Datetime, retry-after-ms, x-ms-request-id, x-ms-client-session-id, x-ms-effective-locale, WWW-Authenticate, traceparent, tracestate",
        "Connection": "keep-alive",
        "Content-Type": "application/vnd.microsoft.appconfig.kv\u002Bjson; charset=utf-8",
        "Date": "Fri, 21 Oct 2022 22:48:28 GMT",
        "ETag": "\u0022BFFkasyMFLJb7qcyazUFEu2y5Amn9KYzsyeGv2mkaB8\u0022",
        "Last-Modified": "Fri, 21 Oct 2022 22:48:28 GMT",
        "Server": "openresty/1.17.8.2",
        "Strict-Transport-Security": "max-age=15724800; includeSubDomains",
        "Sync-Token": "zAJw6V16=MjoxNyMxMDA1MDQxMQ==;sn=10050411",
        "Transfer-Encoding": "chunked",
        "x-ms-correlation-request-id": "8cb9e187-f2be-4eaf-bd00-1b98ffd392f4",
        "x-ms-request-id": "8cb9e187-f2be-4eaf-bd00-1b98ffd392f4"
      },
      "ResponseBody": {
        "etag": "BFFkasyMFLJb7qcyazUFEu2y5Amn9KYzsyeGv2mkaB8",
        "key": ".appconfig.featureflag/name-1289-2",
        "label": "label-1",
        "content_type": "application/vnd.microsoft.appconfig.ff\u002Bjson;charset=utf-8",
        "value": "{\u0022id\u0022:\u0022name-1289-2\u0022,\u0022enabled\u0022:false,\u0022description\u0022:\u0022I\u0027m new description\u0022,\u0022conditions\u0022:{\u0022client_filters\u0022:[{\u0022name\u0022:\u0022Microsoft.TimeWindow\u0022,\u0022parameters\u0022:{\u0022Start\u0022:\u0022Wed, 01 May 2019 13:59:59 GMT\u0022,\u0022End\u0022:\u0022Mon, 01 July 2019 00:00:00 GMT\u0022}},{\u0022name\u0022:\u0022FilterX\u0022},{\u0022name\u0022:\u0022Microsoft.Targeting\u0022,\u0022parameters\u0022:{\u0022Audience\u0022:{\u0022Groups\u0022:[{\u0022Name\u0022:\u0022group-1\u0022,\u0022RolloutPercentage\u0022:25},{\u0022Name\u0022:\u0022group-2\u0022,\u0022RolloutPercentage\u0022:45}],\u0022Users\u0022:[\u0022userA\u0022,\u0022userB\u0022],\u0022DefaultRolloutPercentage\u0022:40}}},{\u0022name\u0022:\u0022Microsoft.Percentage\u0022,\u0022parameters\u0022:{\u0022Value\u0022:25}}]},\u0022display_name\u0022:\u0022for display\u0022}",
        "tags": {},
        "locked": false,
        "last_modified": "2022-10-21T22:48:28\u002B00:00"
      }
    },
    {
      "RequestUri": "https://myappconfig.azconfig.io/kv?api-version=1.0\u0026key=.appconfig.featureflag%2Fname-1289*",
      "RequestMethod": "GET",
      "RequestHeaders": {
        "Accept": "application/vnd.microsoft.appconfig.kvset\u002Bjson, application/json, application/problem\u002Bjson",
        "Accept-Encoding": "gzip, deflate, br",
        "Accept-Language": "en-US",
        "Authorization": "Sanitized",
        "Connection": "keep-alive",
        "Origin": "http://localhost:9876",
        "Referer": "http://localhost:9876/",
        "sec-ch-ua": "",
        "sec-ch-ua-mobile": "?0",
        "sec-ch-ua-platform": "",
        "Sec-Fetch-Dest": "empty",
        "Sec-Fetch-Mode": "cors",
        "Sec-Fetch-Site": "same-site",
        "sync-token": "zAJw6V16=MjoxNyMxMDA1MDQxMQ==",
        "User-Agent": "Mozilla/5.0 (X11; Linux x86_64) AppleWebKit/537.36 (KHTML, like Gecko) HeadlessChrome/103.0.5058.0 Safari/537.36",
        "x-ms-client-request-id": "6df8ea2a-87bc-4920-b6e8-a235135b51bf",
        "x-ms-content-sha256": "47DEQpj8HBSa\u002B/TImW\u002B5JCeuQeRkm5NMpJWZG3hSuFU=",
        "x-ms-date": "Fri, 21 Oct 2022 22:48:28 GMT",
        "x-ms-useragent": "azsdk-js-app-configuration/1.4.0-beta.1 core-rest-pipeline/1.9.3 OS/Linuxx86_64"
      },
      "RequestBody": null,
      "StatusCode": 200,
      "ResponseHeaders": {
        "Access-Control-Allow-Credentials": "true",
        "Access-Control-Allow-Origin": "*",
        "Access-Control-Expose-Headers": "DNT, X-CustomHeader, Keep-Alive, User-Agent, X-Requested-With, If-Modified-Since, Cache-Control, Content-Type, Authorization, x-ms-client-request-id, x-ms-useragent, x-ms-content-sha256, x-ms-date, host, Accept, Accept-Datetime, Date, If-Match, If-None-Match, Sync-Token, x-ms-return-client-request-id, ETag, Last-Modified, Link, Memento-Datetime, retry-after-ms, x-ms-request-id, x-ms-client-session-id, x-ms-effective-locale, WWW-Authenticate, traceparent, tracestate",
        "Connection": "keep-alive",
        "Content-Type": "application/vnd.microsoft.appconfig.kvset\u002Bjson; charset=utf-8",
        "Date": "Fri, 21 Oct 2022 22:48:28 GMT",
        "Server": "openresty/1.17.8.2",
        "Strict-Transport-Security": "max-age=15724800; includeSubDomains",
        "Sync-Token": "zAJw6V16=MjoxNyMxMDA1MDQxMg==;sn=10050412",
        "Transfer-Encoding": "chunked",
        "x-ms-correlation-request-id": "06ebd061-450c-4955-9bcb-30b881d75a15",
        "x-ms-request-id": "06ebd061-450c-4955-9bcb-30b881d75a15"
      },
      "ResponseBody": {
        "items": [
          {
            "etag": "dRp7eqdK15CNreuIEmPc3NXsqx-pyzAc7gXqkFN5UR0",
            "key": ".appconfig.featureflag/name-1289",
            "label": "label-1",
            "content_type": "application/vnd.microsoft.appconfig.ff\u002Bjson;charset=utf-8",
            "value": "{\u0022id\u0022:\u0022name-1289\u0022,\u0022enabled\u0022:true,\u0022description\u0022:\u0022I\u0027m a description\u0022,\u0022conditions\u0022:{\u0022client_filters\u0022:[{\u0022name\u0022:\u0022Microsoft.TimeWindow\u0022,\u0022parameters\u0022:{\u0022Start\u0022:\u0022Wed, 01 May 2019 13:59:59 GMT\u0022,\u0022End\u0022:\u0022Mon, 01 July 2019 00:00:00 GMT\u0022}},{\u0022name\u0022:\u0022FilterX\u0022},{\u0022name\u0022:\u0022Microsoft.Targeting\u0022,\u0022parameters\u0022:{\u0022Audience\u0022:{\u0022Groups\u0022:[{\u0022Name\u0022:\u0022group-1\u0022,\u0022RolloutPercentage\u0022:25},{\u0022Name\u0022:\u0022group-2\u0022,\u0022RolloutPercentage\u0022:45}],\u0022Users\u0022:[\u0022userA\u0022,\u0022userB\u0022],\u0022DefaultRolloutPercentage\u0022:40}}},{\u0022name\u0022:\u0022Microsoft.Percentage\u0022,\u0022parameters\u0022:{\u0022Value\u0022:25}}]},\u0022display_name\u0022:\u0022for display\u0022}",
            "tags": {},
            "locked": false,
            "last_modified": "2022-10-21T22:48:28\u002B00:00"
          },
          {
            "etag": "BFFkasyMFLJb7qcyazUFEu2y5Amn9KYzsyeGv2mkaB8",
            "key": ".appconfig.featureflag/name-1289-2",
            "label": "label-1",
            "content_type": "application/vnd.microsoft.appconfig.ff\u002Bjson;charset=utf-8",
            "value": "{\u0022id\u0022:\u0022name-1289-2\u0022,\u0022enabled\u0022:false,\u0022description\u0022:\u0022I\u0027m new description\u0022,\u0022conditions\u0022:{\u0022client_filters\u0022:[{\u0022name\u0022:\u0022Microsoft.TimeWindow\u0022,\u0022parameters\u0022:{\u0022Start\u0022:\u0022Wed, 01 May 2019 13:59:59 GMT\u0022,\u0022End\u0022:\u0022Mon, 01 July 2019 00:00:00 GMT\u0022}},{\u0022name\u0022:\u0022FilterX\u0022},{\u0022name\u0022:\u0022Microsoft.Targeting\u0022,\u0022parameters\u0022:{\u0022Audience\u0022:{\u0022Groups\u0022:[{\u0022Name\u0022:\u0022group-1\u0022,\u0022RolloutPercentage\u0022:25},{\u0022Name\u0022:\u0022group-2\u0022,\u0022RolloutPercentage\u0022:45}],\u0022Users\u0022:[\u0022userA\u0022,\u0022userB\u0022],\u0022DefaultRolloutPercentage\u0022:40}}},{\u0022name\u0022:\u0022Microsoft.Percentage\u0022,\u0022parameters\u0022:{\u0022Value\u0022:25}}]},\u0022display_name\u0022:\u0022for display\u0022}",
            "tags": {},
            "locked": false,
            "last_modified": "2022-10-21T22:48:28\u002B00:00"
          }
        ]
      }
    },
    {
      "RequestUri": "https://myappconfig.azconfig.io/kv/.appconfig.featureflag%2Fname-1289-2?api-version=1.0",
      "RequestMethod": "DELETE",
      "RequestHeaders": {
        "Accept": "application/vnd.microsoft.appconfig.kv\u002Bjson, application/json, application/problem\u002Bjson",
        "Accept-Encoding": "gzip, deflate, br",
        "Accept-Language": "en-US",
        "Authorization": "Sanitized",
        "Connection": "keep-alive",
        "Origin": "http://localhost:9876",
        "Referer": "http://localhost:9876/",
        "sec-ch-ua": "",
        "sec-ch-ua-mobile": "?0",
        "sec-ch-ua-platform": "",
        "Sec-Fetch-Dest": "empty",
        "Sec-Fetch-Mode": "cors",
        "Sec-Fetch-Site": "same-site",
        "sync-token": "zAJw6V16=MjoxNyMxMDA1MDQxMg==",
        "User-Agent": "Mozilla/5.0 (X11; Linux x86_64) AppleWebKit/537.36 (KHTML, like Gecko) HeadlessChrome/103.0.5058.0 Safari/537.36",
        "x-ms-client-request-id": "8dc0d45c-c7f6-45eb-8999-70808f50d077",
        "x-ms-content-sha256": "47DEQpj8HBSa\u002B/TImW\u002B5JCeuQeRkm5NMpJWZG3hSuFU=",
        "x-ms-date": "Fri, 21 Oct 2022 22:48:28 GMT",
        "x-ms-useragent": "azsdk-js-app-configuration/1.4.0-beta.1 core-rest-pipeline/1.9.3 OS/Linuxx86_64"
      },
      "RequestBody": null,
      "StatusCode": 204,
      "ResponseHeaders": {
        "Access-Control-Allow-Credentials": "true",
        "Access-Control-Allow-Origin": "*",
        "Access-Control-Expose-Headers": "DNT, X-CustomHeader, Keep-Alive, User-Agent, X-Requested-With, If-Modified-Since, Cache-Control, Content-Type, Authorization, x-ms-client-request-id, x-ms-useragent, x-ms-content-sha256, x-ms-date, host, Accept, Accept-Datetime, Date, If-Match, If-None-Match, Sync-Token, x-ms-return-client-request-id, ETag, Last-Modified, Link, Memento-Datetime, retry-after-ms, x-ms-request-id, x-ms-client-session-id, x-ms-effective-locale, WWW-Authenticate, traceparent, tracestate",
        "Connection": "keep-alive",
        "Content-Type": "application/vnd.microsoft.appconfig.kv\u002Bjson; charset=utf-8",
        "Date": "Fri, 21 Oct 2022 22:48:28 GMT",
        "Server": "openresty/1.17.8.2",
        "Strict-Transport-Security": "max-age=15724800; includeSubDomains",
        "x-ms-correlation-request-id": "a207c3f3-fe7d-455b-b378-e197de10a240",
        "x-ms-request-id": "a207c3f3-fe7d-455b-b378-e197de10a240"
      },
      "ResponseBody": null
    },
    {
      "RequestUri": "https://myappconfig.azconfig.io/kv/.appconfig.featureflag%2Fname-1289?api-version=1.0\u0026label=label-1",
      "RequestMethod": "DELETE",
      "RequestHeaders": {
        "Accept": "application/vnd.microsoft.appconfig.kv\u002Bjson, application/json, application/problem\u002Bjson",
        "Accept-Encoding": "gzip, deflate, br",
        "Accept-Language": "en-US",
        "Authorization": "Sanitized",
        "Connection": "keep-alive",
        "Origin": "http://localhost:9876",
        "Referer": "http://localhost:9876/",
        "sec-ch-ua": "",
        "sec-ch-ua-mobile": "?0",
        "sec-ch-ua-platform": "",
        "Sec-Fetch-Dest": "empty",
        "Sec-Fetch-Mode": "cors",
        "Sec-Fetch-Site": "same-site",
        "User-Agent": "Mozilla/5.0 (X11; Linux x86_64) AppleWebKit/537.36 (KHTML, like Gecko) HeadlessChrome/103.0.5058.0 Safari/537.36",
        "x-ms-client-request-id": "9f71ebe5-3f86-40d0-b686-26125f403645",
        "x-ms-content-sha256": "47DEQpj8HBSa\u002B/TImW\u002B5JCeuQeRkm5NMpJWZG3hSuFU=",
        "x-ms-date": "Fri, 21 Oct 2022 22:48:28 GMT",
        "x-ms-useragent": "azsdk-js-app-configuration/1.4.0-beta.1 core-rest-pipeline/1.9.3 OS/Linuxx86_64"
      },
      "RequestBody": null,
      "StatusCode": 200,
      "ResponseHeaders": {
        "Access-Control-Allow-Credentials": "true",
        "Access-Control-Allow-Origin": "*",
        "Access-Control-Expose-Headers": "DNT, X-CustomHeader, Keep-Alive, User-Agent, X-Requested-With, If-Modified-Since, Cache-Control, Content-Type, Authorization, x-ms-client-request-id, x-ms-useragent, x-ms-content-sha256, x-ms-date, host, Accept, Accept-Datetime, Date, If-Match, If-None-Match, Sync-Token, x-ms-return-client-request-id, ETag, Last-Modified, Link, Memento-Datetime, retry-after-ms, x-ms-request-id, x-ms-client-session-id, x-ms-effective-locale, WWW-Authenticate, traceparent, tracestate",
        "Connection": "keep-alive",
        "Content-Type": "application/vnd.microsoft.appconfig.kv\u002Bjson; charset=utf-8",
        "Date": "Fri, 21 Oct 2022 22:48:28 GMT",
        "ETag": "\u0022dRp7eqdK15CNreuIEmPc3NXsqx-pyzAc7gXqkFN5UR0\u0022",
        "Last-Modified": "Fri, 21 Oct 2022 22:48:28 GMT",
        "Server": "openresty/1.17.8.2",
        "Strict-Transport-Security": "max-age=15724800; includeSubDomains",
        "Sync-Token": "zAJw6V16=MjoxNyMxMDA1MDQxMw==;sn=10050413",
        "Transfer-Encoding": "chunked",
        "x-ms-correlation-request-id": "a6164499-bc14-4887-ba4d-05ed26f01d29",
        "x-ms-request-id": "a6164499-bc14-4887-ba4d-05ed26f01d29"
      },
      "ResponseBody": {
        "etag": "dRp7eqdK15CNreuIEmPc3NXsqx-pyzAc7gXqkFN5UR0",
        "key": ".appconfig.featureflag/name-1289",
        "label": "label-1",
        "content_type": "application/vnd.microsoft.appconfig.ff\u002Bjson;charset=utf-8",
        "value": "{\u0022id\u0022:\u0022name-1289\u0022,\u0022enabled\u0022:true,\u0022description\u0022:\u0022I\u0027m a description\u0022,\u0022conditions\u0022:{\u0022client_filters\u0022:[{\u0022name\u0022:\u0022Microsoft.TimeWindow\u0022,\u0022parameters\u0022:{\u0022Start\u0022:\u0022Wed, 01 May 2019 13:59:59 GMT\u0022,\u0022End\u0022:\u0022Mon, 01 July 2019 00:00:00 GMT\u0022}},{\u0022name\u0022:\u0022FilterX\u0022},{\u0022name\u0022:\u0022Microsoft.Targeting\u0022,\u0022parameters\u0022:{\u0022Audience\u0022:{\u0022Groups\u0022:[{\u0022Name\u0022:\u0022group-1\u0022,\u0022RolloutPercentage\u0022:25},{\u0022Name\u0022:\u0022group-2\u0022,\u0022RolloutPercentage\u0022:45}],\u0022Users\u0022:[\u0022userA\u0022,\u0022userB\u0022],\u0022DefaultRolloutPercentage\u0022:40}}},{\u0022name\u0022:\u0022Microsoft.Percentage\u0022,\u0022parameters\u0022:{\u0022Value\u0022:25}}]},\u0022display_name\u0022:\u0022for display\u0022}",
        "tags": {},
        "locked": false,
        "last_modified": "2022-10-21T22:48:28\u002B00:00"
      }
    }
  ],
  "Variables": {
    "name-1": "name-1289"
  }
}
