{
  "Entries": [
    {
      "RequestUri": "https://azure_managedhsm.managedhsm.azure.net/keys/CRUDKeyName-encryptsremotelyanddecryptslocally-?api-version=7.3",
      "RequestMethod": "PUT",
      "RequestHeaders": {
        "Accept": "application/json",
        "Accept-Encoding": "gzip,deflate",
        "Connection": "keep-alive",
        "Content-Length": "0",
        "Content-Type": "application/json",
        "User-Agent": "azsdk-js-keyvault-keys/4.5.0-beta.1 azsdk-js-keyvault-keys/4.5.0-beta.1 core-rest-pipeline/1.8.1 Node/v16.14.0 OS/(x64-Windows_NT-10.0.22000)",
        "x-ms-client-request-id": "5893a464-013a-4025-ac91-ef41805f1239"
      },
      "RequestBody": null,
      "StatusCode": 401,
      "ResponseHeaders": {
        "Cache-Control": "no-cache",
        "Content-Length": "0",
        "Content-Security-Policy": "default-src \u0027self\u0027",
        "Content-Type": "application/json; charset=utf-8",
        "Strict-Transport-Security": "max-age=31536000; includeSubDomains",
        "WWW-Authenticate": "Bearer authorization=\u0022https://login.microsoftonline.com/12345678-1234-1234-1234-123456789012\u0022, resource=\u0022https://managedhsm.azure.net\u0022",
        "X-Content-Type-Options": "nosniff",
        "X-Frame-Options": "SAMEORIGIN",
        "x-ms-request-id": "d4151614-de10-11ec-870e-0022488ec94b",
        "x-ms-server-latency": "0"
      },
      "ResponseBody": null
    },
    {
      "RequestUri": "https://azure_managedhsm.managedhsm.azure.net/keys/CRUDKeyName-encryptsremotelyanddecryptslocally-?api-version=7.3",
      "RequestMethod": "PUT",
      "RequestHeaders": {
        "Accept": "application/json",
        "Accept-Encoding": "gzip,deflate",
        "Authorization": "Sanitized",
        "Connection": "keep-alive",
        "Content-Length": "130",
        "Content-Type": "application/json",
        "User-Agent": "azsdk-js-keyvault-keys/4.5.0-beta.1 azsdk-js-keyvault-keys/4.5.0-beta.1 core-rest-pipeline/1.8.1 Node/v16.14.0 OS/(x64-Windows_NT-10.0.22000)",
        "x-ms-client-request-id": "5893a464-013a-4025-ac91-ef41805f1239"
      },
      "RequestBody": {
        "key": {
          "kty": "oct",
          "key_ops": [
            "encrypt",
            "decrypt",
            "wrapKey",
            "unwrapKey"
          ],
          "k": "AAECAwQFBgcICQoLDA0ODxAREhMUFRYX"
        },
        "attributes": {}
      },
      "StatusCode": 200,
      "ResponseHeaders": {
        "Cache-Control": "no-cache",
        "Content-Length": "380",
        "Content-Security-Policy": "default-src \u0027self\u0027",
        "Content-Type": "application/json; charset=utf-8",
        "Strict-Transport-Security": "max-age=31536000; includeSubDomains",
        "X-Content-Type-Options": "nosniff",
        "X-Frame-Options": "SAMEORIGIN",
        "x-ms-keyvault-network-info": "conn_type=Ipv4;addr=131.107.1.236;act_addr_fam=Ipv4;",
        "x-ms-keyvault-region": "northus",
        "x-ms-request-id": "d4348d6e-de10-11ec-870e-0022488ec94b",
        "x-ms-server-latency": "252"
      },
      "ResponseBody": {
        "attributes": {
          "created": 1653692440,
          "enabled": true,
          "exportable": false,
          "recoverableDays": 7,
          "recoveryLevel": "CustomizedRecoverable\u002BPurgeable",
          "updated": 1653692440
        },
        "key": {
          "key_ops": [
            "encrypt",
            "decrypt",
            "unwrapKey",
            "wrapKey"
          ],
          "kid": "https://azure_managedhsm.managedhsm.azure.net/keys/CRUDKeyName-encryptsremotelyanddecryptslocally-/ff9aaee6caae48e933809d11e3f1e54f",
          "kty": "oct-HSM"
        }
      }
    },
    {
      "RequestUri": "https://azure_managedhsm.managedhsm.azure.net/keys/CRUDKeyName-encryptsremotelyanddecryptslocally-/ff9aaee6caae48e933809d11e3f1e54f/encrypt?api-version=7.3",
      "RequestMethod": "POST",
      "RequestHeaders": {
        "Accept": "application/json",
        "Accept-Encoding": "gzip,deflate",
        "Connection": "keep-alive",
        "Content-Length": "0",
        "Content-Type": "application/json",
        "User-Agent": "azsdk-js-keyvault-keys/4.5.0-beta.1 azsdk-js-keyvault-keys/4.5.0-beta.1 core-rest-pipeline/1.8.1 Node/v16.14.0 OS/(x64-Windows_NT-10.0.22000)",
        "x-ms-client-request-id": "986c7545-ecaa-43f1-bb25-480c816850ce"
      },
      "RequestBody": null,
      "StatusCode": 401,
      "ResponseHeaders": {
        "Cache-Control": "no-cache",
        "Content-Length": "0",
        "Content-Security-Policy": "default-src \u0027self\u0027",
        "Content-Type": "application/json; charset=utf-8",
        "Strict-Transport-Security": "max-age=31536000; includeSubDomains",
        "WWW-Authenticate": "Bearer authorization=\u0022https://login.microsoftonline.com/12345678-1234-1234-1234-123456789012\u0022, resource=\u0022https://managedhsm.azure.net\u0022",
        "X-Content-Type-Options": "nosniff",
        "X-Frame-Options": "SAMEORIGIN",
        "x-ms-request-id": "d465a08e-de10-11ec-870e-0022488ec94b",
        "x-ms-server-latency": "0"
      },
      "ResponseBody": null
    },
    {
      "RequestUri": "https://azure_managedhsm.managedhsm.azure.net/keys/CRUDKeyName-encryptsremotelyanddecryptslocally-/ff9aaee6caae48e933809d11e3f1e54f/encrypt?api-version=7.3",
      "RequestMethod": "POST",
      "RequestHeaders": {
        "Accept": "application/json",
        "Accept-Encoding": "gzip,deflate",
        "Authorization": "Sanitized",
        "Connection": "keep-alive",
        "Content-Length": "112",
        "Content-Type": "application/json",
        "User-Agent": "azsdk-js-keyvault-keys/4.5.0-beta.1 azsdk-js-keyvault-keys/4.5.0-beta.1 core-rest-pipeline/1.8.1 Node/v16.14.0 OS/(x64-Windows_NT-10.0.22000)",
        "x-ms-client-request-id": "986c7545-ecaa-43f1-bb25-480c816850ce"
      },
      "RequestBody": {
        "alg": "A192CBCPAD",
        "value": "ZW5jcnlwdHMgcmVtb3RlbHkgYW5kIGRlY3J5cHRzIGxvY2FsbHk",
        "iv": "AAECAwQFBgcICQoLDA0ODw"
      },
      "StatusCode": 200,
      "ResponseHeaders": {
        "Cache-Control": "no-cache",
        "Content-Length": "265",
        "Content-Security-Policy": "default-src \u0027self\u0027",
        "Content-Type": "application/json; charset=utf-8",
        "Strict-Transport-Security": "max-age=31536000; includeSubDomains",
        "X-Content-Type-Options": "nosniff",
        "X-Frame-Options": "SAMEORIGIN",
        "x-ms-keyvault-network-info": "conn_type=Ipv4;addr=131.107.1.236;act_addr_fam=Ipv4;",
        "x-ms-keyvault-region": "northus",
        "x-ms-request-id": "d46f7730-de10-11ec-870e-0022488ec94b",
        "x-ms-server-latency": "61"
      },
      "ResponseBody": {
        "alg": "A192CBCPAD",
        "iv": "AAECAwQFBgcICQoLDA0ODw",
        "kid": "https://azure_managedhsm.managedhsm.azure.net/keys/CRUDKeyName-encryptsremotelyanddecryptslocally-/ff9aaee6caae48e933809d11e3f1e54f",
        "value": "HmQBtu8fpcaieYS1GxqKhzVdTfTd6WDIhbmRlTc94EYdIOxIJhZiGzk4Ebo80TBy"
      }
    },
    {
      "RequestUri": "https://azure_managedhsm.managedhsm.azure.net/keys/CRUDKeyName-encryptsremotelyanddecryptslocally-?api-version=7.3",
      "RequestMethod": "DELETE",
      "RequestHeaders": {
        "Accept": "application/json",
        "Accept-Encoding": "gzip,deflate",
        "Authorization": "Sanitized",
        "Connection": "keep-alive",
        "User-Agent": "azsdk-js-keyvault-keys/4.5.0-beta.1 azsdk-js-keyvault-keys/4.5.0-beta.1 core-rest-pipeline/1.8.1 Node/v16.14.0 OS/(x64-Windows_NT-10.0.22000)",
        "x-ms-client-request-id": "d1519bb4-0526-485a-9d3c-69fa9bf5924f"
      },
      "RequestBody": null,
      "StatusCode": 200,
      "ResponseHeaders": {
        "Cache-Control": "no-cache",
        "Content-Length": "558",
        "Content-Security-Policy": "default-src \u0027self\u0027",
        "Content-Type": "application/json; charset=utf-8",
        "Strict-Transport-Security": "max-age=31536000; includeSubDomains",
        "X-Content-Type-Options": "nosniff",
        "X-Frame-Options": "SAMEORIGIN",
        "x-ms-keyvault-network-info": "conn_type=Ipv4;addr=131.107.1.236;act_addr_fam=Ipv4;",
        "x-ms-keyvault-region": "northus",
        "x-ms-request-id": "d48216c4-de10-11ec-870e-0022488ec94b",
        "x-ms-server-latency": "72"
      },
      "ResponseBody": {
        "attributes": {
          "created": 1653692440,
          "enabled": true,
          "exportable": false,
          "recoverableDays": 7,
          "recoveryLevel": "CustomizedRecoverable\u002BPurgeable",
          "updated": 1653692440
        },
        "deletedDate": 1653692440,
        "key": {
          "key_ops": [
            "encrypt",
            "decrypt",
            "wrapKey",
            "unwrapKey"
          ],
          "kid": "https://azure_managedhsm.managedhsm.azure.net/keys/CRUDKeyName-encryptsremotelyanddecryptslocally-/ff9aaee6caae48e933809d11e3f1e54f",
          "kty": "oct-HSM"
        },
        "recoveryId": "https://azure_managedhsm.managedhsm.azure.net/deletedkeys/CRUDKeyName-encryptsremotelyanddecryptslocally-",
        "scheduledPurgeDate": 1654297240
      }
    },
    {
      "RequestUri": "https://azure_managedhsm.managedhsm.azure.net/deletedkeys/CRUDKeyName-encryptsremotelyanddecryptslocally-?api-version=7.3",
      "RequestMethod": "GET",
      "RequestHeaders": {
        "Accept": "application/json",
        "Accept-Encoding": "gzip,deflate",
        "Authorization": "Sanitized",
        "Connection": "keep-alive",
        "User-Agent": "azsdk-js-keyvault-keys/4.5.0-beta.1 azsdk-js-keyvault-keys/4.5.0-beta.1 core-rest-pipeline/1.8.1 Node/v16.14.0 OS/(x64-Windows_NT-10.0.22000)",
        "x-ms-client-request-id": "ca87f05b-ac56-413e-9667-118431e7de67"
      },
      "RequestBody": null,
      "StatusCode": 200,
      "ResponseHeaders": {
        "Cache-Control": "no-cache",
        "Content-Length": "558",
        "Content-Security-Policy": "default-src \u0027self\u0027",
        "Content-Type": "application/json; charset=utf-8",
        "Strict-Transport-Security": "max-age=31536000; includeSubDomains",
        "X-Content-Type-Options": "nosniff",
        "X-Frame-Options": "SAMEORIGIN",
        "x-ms-build-version": "1.0.20220503-3-e1430fa9-1.0.20220430-1-f02155ab-pre-openssl",
        "x-ms-keyvault-network-info": "conn_type=Ipv4;addr=131.107.1.236;act_addr_fam=Ipv4;",
        "x-ms-keyvault-region": "northus",
        "x-ms-request-id": "d4972b86-de10-11ec-870e-0022488ec94b",
        "x-ms-server-latency": "35"
      },
      "ResponseBody": {
        "attributes": {
          "created": 1653692440,
          "enabled": true,
          "exportable": false,
          "recoverableDays": 7,
          "recoveryLevel": "CustomizedRecoverable\u002BPurgeable",
          "updated": 1653692440
        },
        "deletedDate": 1653692440,
        "key": {
          "key_ops": [
            "wrapKey",
            "unwrapKey",
            "decrypt",
            "encrypt"
          ],
          "kid": "https://azure_managedhsm.managedhsm.azure.net/keys/CRUDKeyName-encryptsremotelyanddecryptslocally-/ff9aaee6caae48e933809d11e3f1e54f",
          "kty": "oct-HSM"
        },
        "recoveryId": "https://azure_managedhsm.managedhsm.azure.net/deletedkeys/CRUDKeyName-encryptsremotelyanddecryptslocally-",
        "scheduledPurgeDate": 1654297240
      }
    },
    {
      "RequestUri": "https://azure_managedhsm.managedhsm.azure.net/deletedkeys/CRUDKeyName-encryptsremotelyanddecryptslocally-?api-version=7.3",
      "RequestMethod": "DELETE",
      "RequestHeaders": {
        "Accept": "application/json",
        "Accept-Encoding": "gzip,deflate",
        "Authorization": "Sanitized",
        "Connection": "keep-alive",
        "User-Agent": "azsdk-js-keyvault-keys/4.5.0-beta.1 azsdk-js-keyvault-keys/4.5.0-beta.1 core-rest-pipeline/1.8.1 Node/v16.14.0 OS/(x64-Windows_NT-10.0.22000)",
        "x-ms-client-request-id": "dbb2ed82-1b59-43ee-87f9-446930864719"
      },
      "RequestBody": null,
      "StatusCode": 204,
      "ResponseHeaders": {
        "Cache-Control": "no-cache",
        "Content-Length": "0",
        "Content-Security-Policy": "default-src \u0027self\u0027",
        "Content-Type": "application/json; charset=utf-8",
        "Strict-Transport-Security": "max-age=31536000; includeSubDomains",
        "X-Content-Type-Options": "nosniff",
        "X-Frame-Options": "SAMEORIGIN",
        "x-ms-keyvault-network-info": "conn_type=Ipv4;addr=131.107.1.236;act_addr_fam=Ipv4;",
        "x-ms-keyvault-region": "northus",
        "x-ms-request-id": "d4a77f90-de10-11ec-870e-0022488ec94b",
        "x-ms-server-latency": "104"
      },
      "ResponseBody": null
    }
  ],
  "Variables": {}
}
