{
  "Entries": [
    {
      "RequestUri": "https://fakestorageaccount.blob.core.windows.net/container167719878277205514?restype=container",
      "RequestMethod": "PUT",
      "RequestHeaders": {
        "Accept": "application/xml",
        "Accept-Encoding": "gzip, deflate, br",
        "Accept-Language": "en-US",
        "Connection": "keep-alive",
        "Content-Length": "0",
        "Origin": "http://localhost:9876",
        "Referer": "http://localhost:9876/",
        "sec-ch-ua": "",
        "sec-ch-ua-mobile": "?0",
        "sec-ch-ua-platform": "",
        "Sec-Fetch-Dest": "empty",
        "Sec-Fetch-Mode": "cors",
        "Sec-Fetch-Site": "same-site",
        "User-Agent": "Mozilla/5.0 (Windows NT 10.0; Win64; x64) AppleWebKit/537.36 (KHTML, like Gecko) HeadlessChrome/111.0.5555.0 Safari/537.36",
        "x-ms-client-request-id": "201e4b65-bb2b-4158-b19d-a2b4dc01c70c",
        "x-ms-useragent": "azsdk-js-azure-storage-blob/12.13.0 core-rest-pipeline/1.10.2 OS",
        "x-ms-version": "2021-12-02"
      },
      "RequestBody": null,
      "StatusCode": 201,
      "ResponseHeaders": {
        "Access-Control-Allow-Origin": "*",
        "Access-Control-Expose-Headers": "x-ms-request-id,x-ms-client-request-id,Server,x-ms-version,Last-Modified,ETag,Content-Length,Date,Transfer-Encoding",
        "Content-Length": "0",
        "Date": "Fri, 24 Feb 2023 00:33:00 GMT",
        "ETag": "\u00220x8DB15FEAF5DC0DB\u0022",
        "Last-Modified": "Fri, 24 Feb 2023 00:33:01 GMT",
        "Server": [
          "Windows-Azure-Blob/1.0",
          "Microsoft-HTTPAPI/2.0"
        ],
        "x-ms-client-request-id": "201e4b65-bb2b-4158-b19d-a2b4dc01c70c",
        "x-ms-request-id": "612a0cbd-901e-005e-0de7-47cf23000000",
        "x-ms-version": "2021-12-02"
      },
      "ResponseBody": null
    },
    {
      "RequestUri": "https://fakestorageaccount.blob.core.windows.net/container167719878277205514/blob167719878282505096?",
      "RequestMethod": "PUT",
      "RequestHeaders": {
        "Accept": "application/xml",
        "Accept-Encoding": "gzip, deflate, br",
        "Accept-Language": "en-US",
        "Connection": "keep-alive",
        "Content-Length": "30",
        "Content-Type": "application/octet-stream",
        "Origin": "http://localhost:9876",
        "Referer": "http://localhost:9876/",
        "sec-ch-ua": "",
        "sec-ch-ua-mobile": "?0",
        "sec-ch-ua-platform": "",
        "Sec-Fetch-Dest": "empty",
        "Sec-Fetch-Mode": "cors",
        "Sec-Fetch-Site": "same-site",
        "User-Agent": "Mozilla/5.0 (Windows NT 10.0; Win64; x64) AppleWebKit/537.36 (KHTML, like Gecko) HeadlessChrome/111.0.5555.0 Safari/537.36",
        "x-ms-blob-cache-control": "blobCacheControl",
        "x-ms-blob-content-disposition": "blobContentDisposition",
        "x-ms-blob-content-encoding": "blobContentEncoding",
        "x-ms-blob-content-language": "blobContentLanguage",
        "x-ms-blob-content-type": "blobContentType",
        "x-ms-blob-type": "BlockBlob",
        "x-ms-client-request-id": "f8d2f9ce-a56e-4cc6-821c-2ad9e61c5f71",
        "x-ms-encryption-algorithm": "AES256",
        "x-ms-encryption-key-sha256": "3QFFFpRA5\u002BXANHqwwbT4yXDmrT/2JaLt/FKHjzhOdoE=",
        "x-ms-meta-keya": "vala",
        "x-ms-meta-keyb": "valb",
        "x-ms-useragent": "azsdk-js-azure-storage-blob/12.13.0 core-rest-pipeline/1.10.2 OS",
        "x-ms-version": "2021-12-02"
      },
      "RequestBody": "cmFuZG9tc3RyaW5nMTY3NzE5ODc4MjgyNTAyNDAw",
      "StatusCode": 201,
      "ResponseHeaders": {
        "Access-Control-Allow-Origin": "*",
        "Access-Control-Expose-Headers": "x-ms-request-id,x-ms-client-request-id,Server,x-ms-version,x-ms-content-crc64,Content-MD5,Last-Modified,ETag,x-ms-request-server-encrypted,x-ms-encryption-key-sha256,Content-Length,Date,Transfer-Encoding",
        "Content-Length": "0",
        "Content-MD5": "/CoKZGm9/jIUt7AtoUAKgg==",
        "Date": "Fri, 24 Feb 2023 00:33:00 GMT",
        "ETag": "\u00220x8DB15FEAF65B1B5\u0022",
        "Last-Modified": "Fri, 24 Feb 2023 00:33:01 GMT",
        "Server": [
          "Windows-Azure-Blob/1.0",
          "Microsoft-HTTPAPI/2.0"
        ],
        "x-ms-client-request-id": "f8d2f9ce-a56e-4cc6-821c-2ad9e61c5f71",
        "x-ms-content-crc64": "NP8tH2F5L8c=",
        "x-ms-encryption-key-sha256": "3QFFFpRA5\u002BXANHqwwbT4yXDmrT/2JaLt/FKHjzhOdoE=",
        "x-ms-request-id": "612a0cc1-901e-005e-0fe7-47cf23000000",
        "x-ms-request-server-encrypted": "true",
        "x-ms-version": "2021-12-02"
      },
      "ResponseBody": null
    },
    {
      "RequestUri": "https://fakestorageaccount.blob.core.windows.net/container167719878277205514/blob167719878282505096?",
      "RequestMethod": "GET",
      "RequestHeaders": {
        "Accept": "application/xml",
        "Accept-Encoding": "gzip, deflate, br",
        "Accept-Language": "en-US",
        "Connection": "keep-alive",
        "Origin": "http://localhost:9876",
        "Referer": "http://localhost:9876/",
        "sec-ch-ua": "",
        "sec-ch-ua-mobile": "?0",
        "sec-ch-ua-platform": "",
        "Sec-Fetch-Dest": "empty",
        "Sec-Fetch-Mode": "cors",
        "Sec-Fetch-Site": "same-site",
        "User-Agent": "Mozilla/5.0 (Windows NT 10.0; Win64; x64) AppleWebKit/537.36 (KHTML, like Gecko) HeadlessChrome/111.0.5555.0 Safari/537.36",
        "x-ms-client-request-id": "0aa790ca-b377-45b6-b9eb-259c9a6b1af7",
        "x-ms-encryption-algorithm": "AES256",
        "x-ms-encryption-key-sha256": "3QFFFpRA5\u002BXANHqwwbT4yXDmrT/2JaLt/FKHjzhOdoE=",
        "x-ms-useragent": "azsdk-js-azure-storage-blob/12.13.0 core-rest-pipeline/1.10.2 OS",
        "x-ms-version": "2021-12-02"
      },
      "RequestBody": null,
      "StatusCode": 200,
      "ResponseHeaders": {
        "Accept-Ranges": "bytes",
        "Access-Control-Allow-Origin": "*",
        "Access-Control-Expose-Headers": "x-ms-request-id,x-ms-client-request-id,Server,x-ms-version,x-ms-meta-keya,x-ms-meta-keyb,Content-Type,Content-Encoding,Content-Language,Cache-Control,Last-Modified,ETag,x-ms-creation-time,Content-MD5,x-ms-lease-status,x-ms-lease-state,x-ms-blob-type,Content-Disposition,x-ms-server-encrypted,x-ms-encryption-key-sha256,Accept-Ranges,Content-Length,Date,Transfer-Encoding",
        "Cache-Control": "blobCacheControl",
        "Content-Disposition": "blobContentDisposition",
        "Content-Encoding": "blobContentEncoding",
        "Content-Language": "blobContentLanguage",
        "Content-Length": "30",
        "Content-MD5": "/CoKZGm9/jIUt7AtoUAKgg==",
        "Content-Type": "blobContentType",
        "Date": "Fri, 24 Feb 2023 00:33:00 GMT",
        "ETag": "\u00220x8DB15FEAF65B1B5\u0022",
        "Last-Modified": "Fri, 24 Feb 2023 00:33:01 GMT",
        "Server": [
          "Windows-Azure-Blob/1.0",
          "Microsoft-HTTPAPI/2.0"
        ],
        "x-ms-blob-type": "BlockBlob",
        "x-ms-client-request-id": "0aa790ca-b377-45b6-b9eb-259c9a6b1af7",
        "x-ms-creation-time": "Fri, 24 Feb 2023 00:33:01 GMT",
        "x-ms-encryption-key-sha256": "3QFFFpRA5\u002BXANHqwwbT4yXDmrT/2JaLt/FKHjzhOdoE=",
        "x-ms-lease-state": "available",
        "x-ms-lease-status": "unlocked",
        "x-ms-meta-keya": "vala",
        "x-ms-meta-keyb": "valb",
        "x-ms-request-id": "612a0cc3-901e-005e-11e7-47cf23000000",
        "x-ms-server-encrypted": "true",
        "x-ms-version": "2021-12-02"
      },
      "ResponseBody": "cmFuZG9tc3RyaW5nMTY3NzE5ODc4MjgyNTAyNDAw"
    },
    {
      "RequestUri": "https://fakestorageaccount.blob.core.windows.net/container167719878277205514?restype=container",
      "RequestMethod": "DELETE",
      "RequestHeaders": {
        "Accept": "application/xml",
        "Accept-Encoding": "gzip, deflate, br",
        "Accept-Language": "en-US",
        "Connection": "keep-alive",
        "Origin": "http://localhost:9876",
        "Referer": "http://localhost:9876/",
        "sec-ch-ua": "",
        "sec-ch-ua-mobile": "?0",
        "sec-ch-ua-platform": "",
        "Sec-Fetch-Dest": "empty",
        "Sec-Fetch-Mode": "cors",
        "Sec-Fetch-Site": "same-site",
        "User-Agent": "Mozilla/5.0 (Windows NT 10.0; Win64; x64) AppleWebKit/537.36 (KHTML, like Gecko) HeadlessChrome/111.0.5555.0 Safari/537.36",
        "x-ms-client-request-id": "bf80d24a-4ce8-475c-bbfd-2bd5abbfc23c",
        "x-ms-useragent": "azsdk-js-azure-storage-blob/12.13.0 core-rest-pipeline/1.10.2 OS",
        "x-ms-version": "2021-12-02"
      },
      "RequestBody": null,
      "StatusCode": 202,
      "ResponseHeaders": {
        "Access-Control-Allow-Origin": "*",
        "Access-Control-Expose-Headers": "x-ms-request-id,x-ms-client-request-id,Server,x-ms-version,Content-Length,Date,Transfer-Encoding",
        "Content-Length": "0",
        "Date": "Fri, 24 Feb 2023 00:33:00 GMT",
        "Server": [
          "Windows-Azure-Blob/1.0",
          "Microsoft-HTTPAPI/2.0"
        ],
        "x-ms-client-request-id": "bf80d24a-4ce8-475c-bbfd-2bd5abbfc23c",
        "x-ms-request-id": "612a0cc4-901e-005e-12e7-47cf23000000",
        "x-ms-version": "2021-12-02"
      },
      "ResponseBody": null
    }
  ],
  "Variables": {
    "blob": "blob167719878282505096",
    "container": "container167719878277205514",
    "randomstring": "randomstring167719878282502400"
  }
}
