{
  "Entries": [
    {
      "RequestUri": "https://endpoint/rooms?api-version=2023-06-14",
      "RequestMethod": "POST",
      "RequestHeaders": {
        "Accept": "application/json",
        "Accept-Encoding": "gzip,deflate",
        "Authorization": "Sanitized",
        "Connection": "keep-alive",
        "Content-Length": "19",
        "Content-Type": "application/json",
        "Repeatability-First-Sent": "Tue, 18 Jul 2023 00:39:10 GMT",
        "Repeatability-Request-ID": "baa9b81e-8242-4e10-a927-ed96edef9bc9",
        "User-Agent": "azsdk-js-communication-rooms/1.0.0 core-rest-pipeline/1.11.1 Node/v18.16.1 OS/(x64-Windows_NT-10.0.22621)",
        "x-ms-client-request-id": "bfdfb730-facd-45fc-8742-8a3c0b5ad114",
        "x-ms-content-sha256": "vhXrIgThnry4Vy9lrHrKsAYqKYXb\u002BKwOlgiPVnEdBio=",
        "x-ms-date": "Tue, 18 Jul 2023 00:39:10 GMT"
      },
      "RequestBody": {
        "participants": {}
      },
      "StatusCode": 201,
      "ResponseHeaders": {
        "api-deprecated-versions": "2021-04-07, 2022-02-01",
        "api-supported-versions": "2023-03-31-preview, 2023-06-14",
        "Connection": "keep-alive",
        "Content-Type": "application/json; charset=utf-8",
        "Date": "Tue, 18 Jul 2023 00:39:11 GMT",
        "Location": "9949413878329751",
        "MS-CV": "ja96gMWhLEmDzITyjdDfBA.0",
        "Repeatability-Result": "accepted",
        "Request-Context": "appId=",
        "Transfer-Encoding": "chunked",
        "x-azure-ref": "20230718T003911Z-ey9vh7sq6h5dx26ee236hxzsxc000000049g00000000c3hs",
        "X-Cache": "CONFIG_NOCACHE"
      },
      "ResponseBody": {
        "id": "9949413878329751",
        "createdAt": "2023-07-18T00:39:11.4105251\u002B00:00",
        "validFrom": "2023-07-18T00:39:11.3786751\u002B00:00",
        "validUntil": "2024-01-14T00:39:11.3786751\u002B00:00"
      }
    },
    {
      "RequestUri": "https://endpoint/identities?api-version=2022-10-01",
      "RequestMethod": "POST",
      "RequestHeaders": {
        "Accept": "application/json",
        "Accept-Encoding": "gzip,deflate",
        "Authorization": "Sanitized",
        "Connection": "keep-alive",
        "Content-Length": "34",
        "Content-Type": "application/json",
        "User-Agent": "azsdk-js-communication-identity/1.2.1 core-rest-pipeline/1.11.1 Node/v18.16.1 OS/(x64-Windows_NT-10.0.22621)",
        "x-ms-client-request-id": "8db69209-60b6-426b-81cd-cf68d9f5e896",
        "x-ms-content-sha256": "k4k9IoKBLYipoiXK3LctfBcfghISSb6AI45ji7ILZfg=",
        "x-ms-date": "Tue, 18 Jul 2023 00:39:11 GMT"
      },
      "RequestBody": {
        "createTokenWithScopes": [
          "voip"
        ]
      },
      "StatusCode": 201,
      "ResponseHeaders": {
        "api-supported-versions": "2020-07-20-preview2, 2021-02-22-preview1, 2021-03-07, 2021-10-31-preview, 2021-11-01, 2022-06-01, 2022-10-01, 2023-08-01",
        "Connection": "keep-alive",
        "Content-Length": "216",
        "Content-Type": "application/json; charset=utf-8",
        "Date": "Tue, 18 Jul 2023 00:39:11 GMT",
        "MS-CV": "hQKbXNDkc0WuA6x7CrgTag.0",
        "Request-Context": "appId=",
        "Strict-Transport-Security": "max-age=2592000",
        "x-azure-ref": "20230718T003911Z-ey9vh7sq6h5dx26ee236hxzsxc000000049g00000000c3kc",
        "X-Cache": "CONFIG_NOCACHE",
        "x-ms-client-request-id": "8db69209-60b6-426b-81cd-cf68d9f5e896",
        "X-Processing-Time": "23ms"
      },
      "ResponseBody": {
        "identity": {
          "id": "Sanitized"
        },
        "accessToken": {
          "token": "eyJhbGciOiJIUzI1NiIsInR5cCI6IkpXVCJ9.eyJleHAiOjE2ODk2NDQzNDIuMTl9.adM-ddBZZlQ1WlN3pdPBOF5G4Wh9iZpxNP_fSvpF4cWs",
          "expiresOn": "2023-07-19T00:39:11.5254015\u002B00:00"
        }
      }
    },
    {
      "RequestUri": "https://endpoint/rooms/non-existingroomId?api-version=2023-06-14",
      "RequestMethod": "PATCH",
      "RequestHeaders": {
        "Accept": "application/json",
        "Accept-Encoding": "gzip,deflate",
        "Authorization": "Sanitized",
        "Connection": "keep-alive",
        "Content-Length": "80",
        "Content-Type": "application/merge-patch\u002Bjson",
        "User-Agent": "azsdk-js-communication-rooms/1.0.0 core-rest-pipeline/1.11.1 Node/v18.16.1 OS/(x64-Windows_NT-10.0.22621)",
        "x-ms-client-request-id": "e0ddaf9d-a4c1-459b-964b-4de683f3e283",
        "x-ms-content-sha256": "\u002Bm4OYhaz1Ymfatkwv0asw1CBPwWaEgyyG3qTc5nDO\u002BA=",
        "x-ms-date": "Tue, 18 Jul 2023 00:39:11 GMT"
      },
      "RequestBody": {
        "validFrom": "2023-07-18T00:44:02.000Z",
        "validUntil": "2023-07-18T00:49:02.000Z"
      },
      "StatusCode": 400,
      "ResponseHeaders": {
        "api-deprecated-versions": "2021-04-07, 2022-02-01",
        "api-supported-versions": "2023-03-31-preview, 2023-06-14",
        "Connection": "keep-alive",
        "Content-Type": "application/json; charset=utf-8",
        "Date": "Tue, 18 Jul 2023 00:39:11 GMT",
        "MS-CV": "2RHNENKpkU2D1XX6BxtX1Q.0",
        "Request-Context": "appId=",
        "Transfer-Encoding": "chunked",
        "x-azure-ref": "20230718T003911Z-ey9vh7sq6h5dx26ee236hxzsxc000000049g00000000c3ks",
        "X-Cache": "CONFIG_NOCACHE",
        "x-ms-error-code": "BadRequest"
      },
      "ResponseBody": {
        "error": {
          "code": "BadRequest",
          "message": "Invalid room ID."
        }
      }
    },
    {
      "RequestUri": "https://endpoint/rooms/9949413878329751?api-version=2023-06-14",
      "RequestMethod": "DELETE",
      "RequestHeaders": {
        "Accept": "application/json",
        "Accept-Encoding": "gzip,deflate",
        "Authorization": "Sanitized",
        "Connection": "keep-alive",
        "User-Agent": "azsdk-js-communication-rooms/1.0.0 core-rest-pipeline/1.11.1 Node/v18.16.1 OS/(x64-Windows_NT-10.0.22621)",
        "x-ms-client-request-id": "d68a0598-de50-4191-9b96-683241696035",
        "x-ms-content-sha256": "47DEQpj8HBSa\u002B/TImW\u002B5JCeuQeRkm5NMpJWZG3hSuFU=",
        "x-ms-date": "Tue, 18 Jul 2023 00:39:11 GMT"
      },
      "RequestBody": null,
      "StatusCode": 204,
      "ResponseHeaders": {
        "api-deprecated-versions": "2021-04-07, 2022-02-01",
        "api-supported-versions": "2023-03-31-preview, 2023-06-14",
        "Connection": "keep-alive",
        "Date": "Tue, 18 Jul 2023 00:39:11 GMT",
        "MS-CV": "N\u002B3MKpVgYE\u002BoiN\u002BCQqj7kA.0",
        "Request-Context": "appId=",
        "x-azure-ref": "20230718T003911Z-ey9vh7sq6h5dx26ee236hxzsxc000000049g00000000c3ma",
        "X-Cache": "CONFIG_NOCACHE"
      },
      "ResponseBody": null
    }
  ],
  "Variables": {
    "validFromUpdated": "Mon Jul 17 2023 17:44:02 GMT-0700 (Pacific Daylight Saving Time)",
    "validUntilUpdated": "Mon Jul 17 2023 17:49:02 GMT-0700 (Pacific Daylight Saving Time)"
  }
}
