{
  "Entries": [
    {
      "RequestUri": "https://endpoint/identities?api-version=2023-10-01",
      "RequestMethod": "POST",
      "RequestHeaders": {
        "Accept": "application/json",
        "Accept-Encoding": "gzip,deflate",
        "Authorization": "Sanitized",
        "Connection": "keep-alive",
        "Content-Length": "34",
        "Content-Type": "application/json",
        "User-Agent": "azsdk-js-communication-identity/1.3.1 core-rest-pipeline/1.13.1 Node/v18.12.0 OS/(x64-Windows_NT-10.0.22621)",
        "x-ms-client-request-id": "495c7faf-c325-499d-b46b-8e9c111cc06e",
        "x-ms-content-sha256": "k4k9IoKBLYipoiXK3LctfBcfghISSb6AI45ji7ILZfg=",
        "x-ms-date": "Thu, 04 Jan 2024 13:46:34 GMT"
      },
      "RequestBody": {
        "createTokenWithScopes": [
          "voip"
        ]
      },
      "StatusCode": 201,
      "ResponseHeaders": {
        "api-supported-versions": "2020-07-20-preview2, 2021-02-22-preview1, 2021-03-07, 2021-10-31-preview, 2021-11-01, 2022-06-01, 2022-10-01, 2023-10-01",
        "Connection": "keep-alive",
        "Content-Length": "216",
        "Content-Type": "application/json; charset=utf-8",
        "Date": "Thu, 04 Jan 2024 13:46:36 GMT",
        "MS-CV": "iRNlNhjgh0CVitBd9mbxVw.0",
        "Request-Context": "appId=",
        "Strict-Transport-Security": "max-age=2592000",
        "x-azure-ref": "20240104T134635Z-muupn6c6wt20m67huez2mv96bs00000001u000000000xmu3",
        "X-Cache": "CONFIG_NOCACHE",
        "x-ms-client-request-id": "495c7faf-c325-499d-b46b-8e9c111cc06e",
        "X-Processing-Time": "21ms"
      },
      "ResponseBody": {
        "identity": {
          "id": "Sanitized"
        },
        "accessToken": {
          "token": "eyJhbGciOiJIUzI1NiIsInR5cCI6IkpXVCJ9.eyJleHAiOjE3MDQzNzk1NjkuNDd9.adM-ddBZZlQ1WlN3pdPBOF5G4Wh9iZpxNP_fSvpF4cWs",
          "expiresOn": "2024-01-05T13:46:36.1029805\u002B00:00"
        }
      }
    },
    {
      "RequestUri": "https://endpoint/rooms?api-version=2023-10-30-preview",
      "RequestMethod": "POST",
      "RequestHeaders": {
        "Accept": "application/json",
        "Accept-Encoding": "gzip,deflate",
        "Authorization": "Sanitized",
        "Connection": "keep-alive",
        "Content-Length": "130",
        "Content-Type": "application/json",
        "Repeatability-First-Sent": "Thu, 04 Jan 2024 13:46:34 GMT",
        "Repeatability-Request-ID": "b762c362-2439-4668-927b-3f00004dcef0",
        "User-Agent": "azsdk-js-communication-rooms/1.1.0-beta.1 core-rest-pipeline/1.13.1 Node/v18.12.0 OS/(x64-Windows_NT-10.0.22621)",
        "x-ms-client-request-id": "a7776903-ec46-4206-990e-ad2629f0e721",
        "x-ms-content-sha256": "UMjXXwjOgOMimwI7/xQWwK3BTQQPBzCcAQ2sStKKz9g=",
        "x-ms-date": "Thu, 04 Jan 2024 13:46:34 GMT"
      },
      "RequestBody": {
        "validFrom": "2024-01-04T13:46:09.000Z",
        "validUntil": "2024-01-04T13:51:09.000Z",
        "participants": {
          "Sanitized": {
            "role": "Presenter"
          }
        }
      },
      "StatusCode": 201,
      "ResponseHeaders": {
        "api-deprecated-versions": "2021-04-07, 2022-02-01",
        "api-supported-versions": "2023-03-31-preview, 2023-06-14, 2023-10-30-preview",
        "Connection": "keep-alive",
        "Content-Type": "application/json; charset=utf-8",
        "Date": "Thu, 04 Jan 2024 13:46:36 GMT",
        "Location": "99474458538542248",
        "MS-CV": "xxHb5OY1A0ifanN12Xxekw.0",
        "Repeatability-Result": "accepted",
        "Request-Context": "appId=",
        "Transfer-Encoding": "chunked",
        "x-azure-ref": "20240104T134636Z-muupn6c6wt20m67huez2mv96bs00000001u000000000xmuq",
        "X-Cache": "CONFIG_NOCACHE"
      },
      "ResponseBody": {
        "id": "99474458538542248",
        "createdAt": "2024-01-04T13:46:36.5253967\u002B00:00",
        "validFrom": "2024-01-04T13:46:09\u002B00:00",
        "validUntil": "2024-01-04T13:51:09\u002B00:00",
        "pstnDialOutEnabled": false
      }
    },
    {
      "RequestUri": "https://endpoint/rooms/99474458538542248?api-version=2023-10-30-preview",
      "RequestMethod": "PATCH",
      "RequestHeaders": {
        "Accept": "application/json",
        "Accept-Encoding": "gzip,deflate",
        "Authorization": "Sanitized",
        "Connection": "keep-alive",
        "Content-Length": "80",
        "Content-Type": "application/merge-patch\u002Bjson",
        "User-Agent": "azsdk-js-communication-rooms/1.1.0-beta.1 core-rest-pipeline/1.13.1 Node/v18.12.0 OS/(x64-Windows_NT-10.0.22621)",
        "x-ms-client-request-id": "20e7a7d2-c3a8-4179-be3d-7e6cb4c9035e",
        "x-ms-content-sha256": "Ry6DqEE1J/7RRwXGR6v76ZMwUDRIUQJpSB\u002BOsKxdvSg=",
        "x-ms-date": "Thu, 04 Jan 2024 13:46:35 GMT"
      },
      "RequestBody": {
        "validFrom": "2024-01-04T13:46:09.000Z",
        "validUntil": "2024-01-04T13:51:09.000Z"
      },
      "StatusCode": 200,
      "ResponseHeaders": {
        "api-deprecated-versions": "2021-04-07, 2022-02-01",
        "api-supported-versions": "2023-03-31-preview, 2023-06-14, 2023-10-30-preview",
        "Connection": "keep-alive",
        "Content-Type": "application/json; charset=utf-8",
        "Date": "Thu, 04 Jan 2024 13:46:37 GMT",
        "MS-CV": "sSJrovZ6jkWCtdN0zG3NHQ.0",
        "Request-Context": "appId=",
        "Transfer-Encoding": "chunked",
        "x-azure-ref": "20240104T134636Z-muupn6c6wt20m67huez2mv96bs00000001u000000000xmvs",
        "X-Cache": "CONFIG_NOCACHE"
      },
      "ResponseBody": {
        "id": "99474458538542248",
        "createdAt": "2024-01-04T13:46:36.5253967\u002B00:00",
        "validFrom": "2024-01-04T13:46:09\u002B00:00",
        "validUntil": "2024-01-04T13:51:09\u002B00:00",
        "pstnDialOutEnabled": false
      }
    },
    {
      "RequestUri": "https://endpoint/rooms/99474458538542248?api-version=2023-10-30-preview",
      "RequestMethod": "DELETE",
      "RequestHeaders": {
        "Accept": "application/json",
        "Accept-Encoding": "gzip,deflate",
        "Authorization": "Sanitized",
        "Connection": "keep-alive",
        "User-Agent": "azsdk-js-communication-rooms/1.1.0-beta.1 core-rest-pipeline/1.13.1 Node/v18.12.0 OS/(x64-Windows_NT-10.0.22621)",
        "x-ms-client-request-id": "5a37f0e1-2645-4f74-b142-537b5d46cb3c",
        "x-ms-content-sha256": "47DEQpj8HBSa\u002B/TImW\u002B5JCeuQeRkm5NMpJWZG3hSuFU=",
        "x-ms-date": "Thu, 04 Jan 2024 13:46:35 GMT"
      },
      "RequestBody": null,
      "StatusCode": 204,
      "ResponseHeaders": {
        "api-deprecated-versions": "2021-04-07, 2022-02-01",
        "api-supported-versions": "2023-03-31-preview, 2023-06-14, 2023-10-30-preview",
        "Connection": "keep-alive",
        "Date": "Thu, 04 Jan 2024 13:46:38 GMT",
        "MS-CV": "GyhvU9lQyk2Fk07HFLeDDg.0",
        "Request-Context": "appId=",
        "x-azure-ref": "20240104T134637Z-muupn6c6wt20m67huez2mv96bs00000001u000000000xmxk",
        "X-Cache": "CONFIG_NOCACHE"
      },
      "ResponseBody": null
    }
  ],
  "Variables": {
    "validFrom": "Thu Jan 04 2024 19:16:09 GMT\u002B0530 (India Standard Time)",
    "validUntil": "Thu Jan 04 2024 19:21:09 GMT\u002B0530 (India Standard Time)"
  }
}
