{
  "Entries": [
    {
      "RequestUri": "https://endpoint/identities?api-version=2022-10-01",
      "RequestMethod": "POST",
      "RequestHeaders": {
        "Accept": "application/json",
        "Accept-Encoding": "gzip,deflate",
        "Authorization": "Sanitized",
        "Connection": "keep-alive",
        "Content-Length": "34",
        "Content-Type": "application/json",
        "User-Agent": "azsdk-js-communication-identity/1.2.1 core-rest-pipeline/1.11.1 Node/v18.16.1 OS/(x64-Windows_NT-10.0.22621)",
        "x-ms-client-request-id": "16ad76fe-81a8-4fe3-a4c4-df8cb5c82659",
        "x-ms-content-sha256": "k4k9IoKBLYipoiXK3LctfBcfghISSb6AI45ji7ILZfg=",
        "x-ms-date": "Wed, 12 Jul 2023 16:49:06 GMT"
      },
      "RequestBody": {
        "createTokenWithScopes": [
          "voip"
        ]
      },
      "StatusCode": 201,
      "ResponseHeaders": {
        "api-supported-versions": "2020-07-20-preview2, 2021-02-22-preview1, 2021-03-07, 2021-10-31-preview, 2021-11-01, 2022-06-01, 2022-10-01, 2023-08-01",
        "Connection": "keep-alive",
        "Content-Length": "220",
        "Content-Type": "application/json; charset=utf-8",
        "Date": "Wed, 12 Jul 2023 16:49:08 GMT",
        "MS-CV": "/aRSPBlyGkmIu7q0uaupcw.0",
        "Request-Context": "appId=",
        "Strict-Transport-Security": "max-age=2592000",
        "x-azure-ref": "20230712T164908Z-0yrht9zd1t67d08v03m966g21s000000009g00000001gu0y",
        "X-Cache": "CONFIG_NOCACHE",
        "x-ms-client-request-id": "16ad76fe-81a8-4fe3-a4c4-df8cb5c82659",
        "X-Processing-Time": "24ms"
      },
      "ResponseBody": {
        "identity": {
          "id": "Sanitized"
        },
        "accessToken": {
          "token": "eyJhbGciOiJIUzI1NiIsInR5cCI6IkpXVCJ9.eyJleHAiOjE2ODkxODQxNDMuNTU1fQ==.adM-ddBZZlQ1WlN3pdPBOF5G4Wh9iZpxNP_fSvpF4cWs",
          "expiresOn": "2023-07-13T16:49:08.1216341\u002B00:00"
        }
      }
    },
    {
      "RequestUri": "https://endpoint/identities?api-version=2022-10-01",
      "RequestMethod": "POST",
      "RequestHeaders": {
        "Accept": "application/json",
        "Accept-Encoding": "gzip,deflate",
        "Authorization": "Sanitized",
        "Connection": "keep-alive",
        "Content-Length": "34",
        "Content-Type": "application/json",
        "User-Agent": "azsdk-js-communication-identity/1.2.1 core-rest-pipeline/1.11.1 Node/v18.16.1 OS/(x64-Windows_NT-10.0.22621)",
        "x-ms-client-request-id": "e9030996-80c0-4628-a921-e7002f1cfb7c",
        "x-ms-content-sha256": "k4k9IoKBLYipoiXK3LctfBcfghISSb6AI45ji7ILZfg=",
        "x-ms-date": "Wed, 12 Jul 2023 16:49:06 GMT"
      },
      "RequestBody": {
        "createTokenWithScopes": [
          "voip"
        ]
      },
      "StatusCode": 201,
      "ResponseHeaders": {
        "api-supported-versions": "2020-07-20-preview2, 2021-02-22-preview1, 2021-03-07, 2021-10-31-preview, 2021-11-01, 2022-06-01, 2022-10-01, 2023-08-01",
        "Connection": "keep-alive",
        "Content-Length": "220",
        "Content-Type": "application/json; charset=utf-8",
        "Date": "Wed, 12 Jul 2023 16:49:08 GMT",
        "MS-CV": "3/5WpWtY/0yEGZ/KMZpHdw.0",
        "Request-Context": "appId=",
        "Strict-Transport-Security": "max-age=2592000",
        "x-azure-ref": "20230712T164908Z-0yrht9zd1t67d08v03m966g21s000000009g00000001gu1q",
        "X-Cache": "CONFIG_NOCACHE",
        "x-ms-client-request-id": "e9030996-80c0-4628-a921-e7002f1cfb7c",
        "X-Processing-Time": "22ms"
      },
      "ResponseBody": {
        "identity": {
          "id": "Sanitized"
        },
        "accessToken": {
          "token": "eyJhbGciOiJIUzI1NiIsInR5cCI6IkpXVCJ9.eyJleHAiOjE2ODkxODQxNDMuNTU1fQ==.adM-ddBZZlQ1WlN3pdPBOF5G4Wh9iZpxNP_fSvpF4cWs",
          "expiresOn": "2023-07-13T16:49:08.1766148\u002B00:00"
        }
      }
    },
    {
      "RequestUri": "https://endpoint/rooms?api-version=2023-06-14",
      "RequestMethod": "POST",
      "RequestHeaders": {
        "Accept": "application/json",
        "Accept-Encoding": "gzip,deflate",
        "Authorization": "Sanitized",
        "Connection": "keep-alive",
        "Content-Length": "92",
        "Content-Type": "application/json",
        "Repeatability-First-Sent": "Wed, 12 Jul 2023 16:49:06 GMT",
        "Repeatability-Request-ID": "2fac932f-3902-4292-b28b-3f5f0cf80421",
        "User-Agent": "azsdk-js-communication-rooms/1.0.0 core-rest-pipeline/1.11.1 Node/v18.16.1 OS/(x64-Windows_NT-10.0.22621)",
        "x-ms-client-request-id": "31988c88-bc91-4aa3-a090-98d27040fb4f",
        "x-ms-content-sha256": "dRVMyQTz8PP5RmKr5jmQNL5DTVQr3z2ooNJ/vghfaPY=",
        "x-ms-date": "Wed, 12 Jul 2023 16:49:06 GMT"
      },
      "RequestBody": {
        "participants": {
          "invalid MRI Values": {
            "role": "Presenter"
          },
          "Sanitized": {
            "role": "Attendee"
          }
        }
      },
      "StatusCode": 400,
      "ResponseHeaders": {
        "api-deprecated-versions": "2021-04-07, 2022-02-01",
        "api-supported-versions": "2023-03-31-preview, 2023-06-14",
        "Connection": "keep-alive",
        "Content-Type": "application/json; charset=utf-8",
        "Date": "Wed, 12 Jul 2023 16:49:08 GMT",
        "MS-CV": "mIz1MIXeNUWjnmgLi4Y9TA.0",
        "Request-Context": "appId=",
        "Transfer-Encoding": "chunked",
        "x-azure-ref": "20230712T164908Z-0yrht9zd1t67d08v03m966g21s000000009g00000001gu22",
        "X-Cache": "CONFIG_NOCACHE",
        "x-ms-error-code": "BadRequest"
      },
      "ResponseBody": {
        "error": {
          "code": "BadRequest",
          "message": "Invalid format for communication identifier."
        }
      }
    }
  ],
  "Variables": {}
}
