{
  "Entries": [
    {
      "RequestUri": "https://endpoint/identities?api-version=2022-10-01",
      "RequestMethod": "POST",
      "RequestHeaders": {
        "Accept": "application/json",
        "Accept-Encoding": "gzip,deflate",
        "Authorization": "Sanitized",
        "Connection": "keep-alive",
        "Content-Length": "34",
        "Content-Type": "application/json",
        "User-Agent": "azsdk-js-communication-identity/1.2.1 core-rest-pipeline/1.11.1 Node/v18.16.1 OS/(x64-Windows_NT-10.0.22621)",
        "x-ms-client-request-id": "39cde248-0725-497e-9d0e-abd6d28d85f1",
        "x-ms-content-sha256": "k4k9IoKBLYipoiXK3LctfBcfghISSb6AI45ji7ILZfg=",
        "x-ms-date": "Fri, 04 Aug 2023 20:11:48 GMT"
      },
      "RequestBody": {
        "createTokenWithScopes": [
          "voip"
        ]
      },
      "StatusCode": 201,
      "ResponseHeaders": {
        "api-supported-versions": "2020-07-20-preview2, 2021-02-22-preview1, 2021-03-07, 2021-10-31-preview, 2021-11-01, 2022-06-01, 2022-10-01, 2023-08-01",
        "Content-Length": "220",
        "Content-Type": "application/json; charset=utf-8",
        "Date": "Fri, 04 Aug 2023 20:11:48 GMT",
        "MS-CV": "k2eeXApHM0m09wQG3635/g.0",
        "Request-Context": "appId=",
        "Strict-Transport-Security": "max-age=2592000",
        "X-Azure-Ref": "0hFvNZAAAAAASNmw/PcoORqC3SgcbRxtUWVZSMzExMDAwMTE1MDE5AGYwOWE0YzEzLTIxZjEtNDhlYy05Y2Y3LTY2NTQ1Njg0YjY0Mg==",
        "X-Cache": "CONFIG_NOCACHE",
        "x-ms-client-request-id": "39cde248-0725-497e-9d0e-abd6d28d85f1",
        "X-Processing-Time": "34ms"
      },
      "ResponseBody": {
        "identity": {
          "id": "Sanitized"
        },
        "accessToken": {
          "token": "eyJhbGciOiJIUzI1NiIsInR5cCI6IkpXVCJ9.eyJleHAiOjE2OTExODM1MDQuNzE5fQ==.adM-ddBZZlQ1WlN3pdPBOF5G4Wh9iZpxNP_fSvpF4cWs",
          "expiresOn": "2023-08-05T20:11:48.5293694\u002B00:00"
        }
      }
    },
    {
      "RequestUri": "https://endpoint/rooms?api-version=2023-06-14",
      "RequestMethod": "POST",
      "RequestHeaders": {
        "Accept": "application/json",
        "Accept-Encoding": "gzip,deflate",
        "Authorization": "Sanitized",
        "Connection": "keep-alive",
        "Content-Length": "98",
        "Content-Type": "application/json",
        "Repeatability-First-Sent": "Fri, 04 Aug 2023 20:11:48 GMT",
        "Repeatability-Request-ID": "8e9fe46f-1cff-48ab-999e-b4df5c57ffd8",
        "User-Agent": "azsdk-js-communication-rooms/1.0.0 core-rest-pipeline/1.11.1 Node/v18.16.1 OS/(x64-Windows_NT-10.0.22621)",
        "x-ms-client-request-id": "8c78f06c-526e-4697-8535-19972b777197",
        "x-ms-content-sha256": "QkoqVeZ1V7HqtFG9TsTzK5TIivTPwLsp0WzZRRfFQFs=",
        "x-ms-date": "Fri, 04 Aug 2023 20:11:48 GMT"
      },
      "RequestBody": {
        "validFrom": "2023-08-04T20:11:44.000Z",
        "validUntil": "2023-08-04T20:16:44.000Z",
        "participants": {}
      },
      "StatusCode": 201,
      "ResponseHeaders": {
        "api-deprecated-versions": "2021-04-07, 2022-02-01",
        "api-supported-versions": "2023-03-31-preview, 2023-06-14",
        "Content-Type": "application/json; charset=utf-8",
        "Date": "Fri, 04 Aug 2023 20:11:48 GMT",
        "Location": "99418729658321805",
        "MS-CV": "IlIFO0AlTky90kvw3PJSUA.0",
        "Repeatability-Result": "accepted",
        "Request-Context": "appId=",
        "Transfer-Encoding": "chunked",
        "X-Azure-Ref": "0hFvNZAAAAABQfAdUyiN1TK/7q3unp3oWWVZSMzExMDAwMTE1MDE5AGYwOWE0YzEzLTIxZjEtNDhlYy05Y2Y3LTY2NTQ1Njg0YjY0Mg==",
        "X-Cache": "CONFIG_NOCACHE"
      },
      "ResponseBody": {
        "id": "99418729658321805",
        "createdAt": "2023-08-04T20:11:48.7041693\u002B00:00",
        "validFrom": "2023-08-04T20:11:44\u002B00:00",
        "validUntil": "2023-08-04T20:16:44\u002B00:00"
      }
    },
    {
      "RequestUri": "https://endpoint/rooms/99418729658321805/participants?api-version=2023-06-14",
      "RequestMethod": "GET",
      "RequestHeaders": {
        "Accept": "application/json",
        "Accept-Encoding": "gzip,deflate",
        "Authorization": "Sanitized",
        "Connection": "keep-alive",
        "User-Agent": "azsdk-js-communication-rooms/1.0.0 core-rest-pipeline/1.11.1 Node/v18.16.1 OS/(x64-Windows_NT-10.0.22621)",
        "x-ms-client-request-id": "53d5e02f-bc7d-423c-8835-56c2aa847126",
        "x-ms-content-sha256": "47DEQpj8HBSa\u002B/TImW\u002B5JCeuQeRkm5NMpJWZG3hSuFU=",
        "x-ms-date": "Fri, 04 Aug 2023 20:11:48 GMT"
      },
      "RequestBody": null,
      "StatusCode": 200,
      "ResponseHeaders": {
        "api-deprecated-versions": "2022-02-01",
        "api-supported-versions": "2023-03-31-preview, 2023-06-14",
        "Content-Type": "application/json; charset=utf-8",
        "Date": "Fri, 04 Aug 2023 20:11:48 GMT",
        "MS-CV": "y6vagwdiWkWthJOAZDuGvg.0",
        "Request-Context": "appId=",
        "Transfer-Encoding": "chunked",
        "X-Azure-Ref": "0hFvNZAAAAABoi2k1FYjWRZIIMcMGwryCWVZSMzExMDAwMTE1MDE5AGYwOWE0YzEzLTIxZjEtNDhlYy05Y2Y3LTY2NTQ1Njg0YjY0Mg==",
        "X-Cache": "CONFIG_NOCACHE"
      },
      "ResponseBody": {
        "value": []
      }
    },
    {
      "RequestUri": "https://endpoint/rooms/99418729658321805?api-version=2023-06-14",
      "RequestMethod": "DELETE",
      "RequestHeaders": {
        "Accept": "application/json",
        "Accept-Encoding": "gzip,deflate",
        "Authorization": "Sanitized",
        "Connection": "keep-alive",
        "User-Agent": "azsdk-js-communication-rooms/1.0.0 core-rest-pipeline/1.11.1 Node/v18.16.1 OS/(x64-Windows_NT-10.0.22621)",
        "x-ms-client-request-id": "552fb1e1-382d-4ea6-a7ee-ddd4ad9c90a7",
        "x-ms-content-sha256": "47DEQpj8HBSa\u002B/TImW\u002B5JCeuQeRkm5NMpJWZG3hSuFU=",
        "x-ms-date": "Fri, 04 Aug 2023 20:11:48 GMT"
      },
      "RequestBody": null,
      "StatusCode": 204,
      "ResponseHeaders": {
        "api-deprecated-versions": "2021-04-07, 2022-02-01",
        "api-supported-versions": "2023-03-31-preview, 2023-06-14",
        "Connection": "keep-alive",
        "Date": "Fri, 04 Aug 2023 20:11:49 GMT",
        "MS-CV": "WvHMFh70\u002Bkuv7sGer4Uhog.0",
        "Request-Context": "appId=",
        "x-azure-ref": "20230804T201148Z-z7pvvckqmx0h15mqmxqy3umduw00000004a000000000dg9q",
        "X-Cache": "CONFIG_NOCACHE"
      },
      "ResponseBody": null
    }
  ],
  "Variables": {
    "validFrom": "Fri Aug 04 2023 13:11:44 GMT-0700 (Pacific Daylight Saving Time)",
    "validUntil": "Fri Aug 04 2023 13:16:44 GMT-0700 (Pacific Daylight Saving Time)"
  }
}
