{
  "Entries": [
    {
      "RequestUri": "https://endpoint/identities?api-version=2022-10-01",
      "RequestMethod": "POST",
      "RequestHeaders": {
        "Accept": "application/json",
        "Accept-Encoding": "gzip,deflate",
        "Authorization": "Sanitized",
        "Connection": "keep-alive",
        "Content-Length": "34",
        "Content-Type": "application/json",
        "User-Agent": "azsdk-js-communication-identity/1.2.1 core-rest-pipeline/1.12.2 Node/v18.17.1 OS/(x64-Windows_NT-10.0.22621)",
        "x-ms-client-request-id": "4411dea2-2b5b-408c-b72f-8f514e533509",
        "x-ms-content-sha256": "k4k9IoKBLYipoiXK3LctfBcfghISSb6AI45ji7ILZfg=",
        "x-ms-date": "Wed, 20 Sep 2023 22:48:50 GMT"
      },
      "RequestBody": {
        "createTokenWithScopes": [
          "voip"
        ]
      },
      "StatusCode": 201,
      "ResponseHeaders": {
        "api-supported-versions": "2020-07-20-preview2, 2021-02-22-preview1, 2021-03-07, 2021-10-31-preview, 2021-11-01, 2022-06-01, 2022-10-01, 2023-08-01, 2023-10-01",
        "Connection": "keep-alive",
        "Content-Length": "219",
        "Content-Type": "application/json; charset=utf-8",
        "Date": "Wed, 20 Sep 2023 22:48:50 GMT",
        "MS-CV": "m0a5AvZX/UWKMhzX\u002BU705Q.0",
        "Request-Context": "appId=",
        "Strict-Transport-Security": "max-age=2592000",
        "x-azure-ref": "20230920T224850Z-2d2z61nd855fz3dwcdwnvcagww0000000ak000000000fuc3",
        "X-Cache": "CONFIG_NOCACHE",
        "x-ms-client-request-id": "4411dea2-2b5b-408c-b72f-8f514e533509",
        "X-Processing-Time": "21ms"
      },
      "ResponseBody": {
        "identity": {
          "id": "Sanitized"
        },
        "accessToken": {
          "token": "faketoken",
          "expiresOn": "2023-09-21T22:48:50.903431\u002B00:00"
        }
      }
    },
    {
      "RequestUri": "https://endpoint/identities?api-version=2022-10-01",
      "RequestMethod": "POST",
      "RequestHeaders": {
        "Accept": "application/json",
        "Accept-Encoding": "gzip,deflate",
        "Authorization": "Sanitized",
        "Connection": "keep-alive",
        "Content-Length": "34",
        "Content-Type": "application/json",
        "User-Agent": "azsdk-js-communication-identity/1.2.1 core-rest-pipeline/1.12.2 Node/v18.17.1 OS/(x64-Windows_NT-10.0.22621)",
        "x-ms-client-request-id": "cac769a2-d940-452a-8511-c404a0350c8a",
        "x-ms-content-sha256": "k4k9IoKBLYipoiXK3LctfBcfghISSb6AI45ji7ILZfg=",
        "x-ms-date": "Wed, 20 Sep 2023 22:48:50 GMT"
      },
      "RequestBody": {
        "createTokenWithScopes": [
          "voip"
        ]
      },
      "StatusCode": 201,
      "ResponseHeaders": {
        "api-supported-versions": "2020-07-20-preview2, 2021-02-22-preview1, 2021-03-07, 2021-10-31-preview, 2021-11-01, 2022-06-01, 2022-10-01, 2023-08-01, 2023-10-01",
        "Connection": "keep-alive",
        "Content-Length": "220",
        "Content-Type": "application/json; charset=utf-8",
        "Date": "Wed, 20 Sep 2023 22:48:50 GMT",
        "MS-CV": "fERLhCku0Uan93Ol908qeg.0",
        "Request-Context": "appId=",
        "Strict-Transport-Security": "max-age=2592000",
        "x-azure-ref": "20230920T224850Z-2d2z61nd855fz3dwcdwnvcagww0000000ak000000000fuc8",
        "X-Cache": "CONFIG_NOCACHE",
        "x-ms-client-request-id": "cac769a2-d940-452a-8511-c404a0350c8a",
        "X-Processing-Time": "19ms"
      },
      "ResponseBody": {
        "identity": {
          "id": "Sanitized"
        },
        "accessToken": {
          "token": "faketoken",
          "expiresOn": "2023-09-21T22:48:50.9544368\u002B00:00"
        }
      }
    },
    {
      "RequestUri": "https://endpoint/rooms?api-version=2023-10-30-preview",
      "RequestMethod": "POST",
      "RequestHeaders": {
        "Accept": "application/json",
        "Accept-Encoding": "gzip,deflate",
        "Authorization": "Sanitized",
        "Connection": "keep-alive",
        "Content-Length": "92",
        "Content-Type": "application/json",
        "Repeatability-First-Sent": "Wed, 20 Sep 2023 22:48:50 GMT",
        "Repeatability-Request-ID": "88169d24-1004-4238-bbd1-edf7cbfb7ef0",
        "User-Agent": "azsdk-js-communication-rooms/1.1.0-beta.1 core-rest-pipeline/1.12.2 Node/v18.17.1 OS/(x64-Windows_NT-10.0.22621)",
        "x-ms-client-request-id": "d8c9ec3d-6fae-4393-bcaf-df2c6526442c",
        "x-ms-content-sha256": "RSSqfyyuKNsRCnwCdGPXmlju7lVzSYQ8QbiRGCv8q/s=",
        "x-ms-date": "Wed, 20 Sep 2023 22:48:50 GMT"
      },
      "RequestBody": {
        "participants": {
          "invalid MRI Values": {
            "role": "Presenter"
          },
          "Sanitized": {
            "role": "Attendee"
          }
        }
      },
      "StatusCode": 400,
      "ResponseHeaders": {
        "api-deprecated-versions": "2021-04-07, 2022-02-01",
        "api-supported-versions": "2023-03-31-preview, 2023-06-14, 2023-10-30-preview",
        "Connection": "keep-alive",
        "Content-Type": "application/json; charset=utf-8",
        "Date": "Wed, 20 Sep 2023 22:48:51 GMT",
        "MS-CV": "PIzNoXkVeUKrWXA9DWzc0w.0",
        "Request-Context": "appId=",
        "Transfer-Encoding": "chunked",
        "x-azure-ref": "20230920T224850Z-2d2z61nd855fz3dwcdwnvcagww0000000ak000000000fuca",
        "X-Cache": "CONFIG_NOCACHE",
        "x-ms-error-code": "BadRequest"
      },
      "ResponseBody": {
        "error": {
          "code": "BadRequest",
          "message": "Invalid format for communication identifier."
        }
      }
    }
  ],
  "Variables": {}
}
