{
  "Entries": [
    {
      "RequestUri": "https://endpoint/text/analytics/v3.2-preview.2/analyze",
      "RequestMethod": "POST",
      "RequestHeaders": {
        "Accept": "application/json, text/json",
        "Accept-Encoding": "gzip, deflate, br",
        "Accept-Language": "en-GB",
        "Connection": "keep-alive",
        "Content-Length": "447",
        "Content-Type": "application/json",
        "ocp-apim-subscription-key": "api_key",
        "Referer": "http://localhost:9876/",
        "sec-ch-ua": "",
        "sec-ch-ua-mobile": "?0",
        "sec-ch-ua-platform": "",
        "Sec-Fetch-Dest": "empty",
        "Sec-Fetch-Mode": "cors",
        "Sec-Fetch-Site": "same-site",
        "traceparent": "00-00000000000000000000000000000143-0000000000000286-00",
        "User-Agent": "Mozilla/5.0 (Windows NT 10.0; Win64; x64) AppleWebKit/537.36 (KHTML, like Gecko) HeadlessChrome/93.0.4577.0 Safari/537.36",
        "x-ms-client-request-id": "fd228710-653c-4766-9381-20ccfb7fcc18",
        "x-ms-useragent": "azsdk-js-ai-text-analytics/5.2.0-beta.3 core-rest-pipeline/1.5.1 OS/Win32"
      },
      "RequestBody": {
        "analysisInput": {
          "documents": [
            {
              "id": "1",
              "text": "one"
            },
            {
              "id": "2",
              "text": "two"
            },
            {
              "id": "3",
              "text": "three"
            },
            {
              "id": "4",
              "text": "four"
            },
            {
              "id": "5",
              "text": "five"
            }
          ]
        },
        "tasks": {
          "entityRecognitionTasks": [
            {
              "parameters": {
                "model-version": "latest",
                "stringIndexType": "Utf16CodeUnit"
              }
            }
          ],
          "entityRecognitionPiiTasks": [
            {
              "parameters": {
                "model-version": "latest",
                "stringIndexType": "Utf16CodeUnit"
              }
            }
          ],
          "keyPhraseExtractionTasks": [
            {
              "parameters": {
                "model-version": "latest"
              }
            }
          ]
        }
      },
      "StatusCode": 202,
      "ResponseHeaders": {
        "apim-request-id": "6b649203-deaf-4c71-9c99-c4067415588a",
        "Date": "Fri, 18 Feb 2022 19:12:00 GMT",
        "operation-location": "https://endpoint/text/analytics/v3.2-preview.2/analyze/jobs/9ef18d07-0773-499b-b76b-11eb9039ce6e",
        "Strict-Transport-Security": "max-age=31536000; includeSubDomains; preload",
        "Transfer-Encoding": "chunked",
        "X-Content-Type-Options": "nosniff",
        "x-envoy-upstream-service-time": "260"
      },
      "ResponseBody": null
    },
    {
      "RequestUri": "https://endpoint/text/analytics/v3.2-preview.2/analyze/jobs/9ef18d07-0773-499b-b76b-11eb9039ce6e?$top=20\u0026$skip=0",
      "RequestMethod": "GET",
      "RequestHeaders": {
        "Accept": "application/json, text/json",
        "Accept-Encoding": "gzip, deflate, br",
        "Accept-Language": "en-GB",
        "Connection": "keep-alive",
        "ocp-apim-subscription-key": "api_key",
        "Referer": "http://localhost:9876/",
        "sec-ch-ua": "",
        "sec-ch-ua-mobile": "?0",
        "sec-ch-ua-platform": "",
        "Sec-Fetch-Dest": "empty",
        "Sec-Fetch-Mode": "cors",
        "Sec-Fetch-Site": "same-site",
        "traceparent": "00-00000000000000000000000000000144-0000000000000288-00",
        "User-Agent": "Mozilla/5.0 (Windows NT 10.0; Win64; x64) AppleWebKit/537.36 (KHTML, like Gecko) HeadlessChrome/93.0.4577.0 Safari/537.36",
        "x-ms-client-request-id": "0a84c265-e8f4-4660-93fa-9af60094ff8c",
        "x-ms-useragent": "azsdk-js-ai-text-analytics/5.2.0-beta.3 core-rest-pipeline/1.5.1 OS/Win32"
      },
      "RequestBody": null,
      "StatusCode": 200,
      "ResponseHeaders": {
        "apim-request-id": "d2637a43-9dde-4418-b6f1-d7ccb73f7ab8",
        "Content-Type": "application/json; charset=utf-8",
        "Date": "Fri, 18 Feb 2022 19:12:00 GMT",
        "Strict-Transport-Security": "max-age=31536000; includeSubDomains; preload",
        "Transfer-Encoding": "chunked",
        "X-Content-Type-Options": "nosniff",
        "x-envoy-upstream-service-time": "9"
      },
      "ResponseBody": {
        "jobId": "9ef18d07-0773-499b-b76b-11eb9039ce6e",
        "lastUpdateDateTime": "2022-02-18T19:12:01Z",
        "createdDateTime": "2022-02-18T19:12:00Z",
        "expirationDateTime": "2022-02-19T19:12:00Z",
        "status": "running",
        "errors": [],
        "tasks": {
          "completed": 0,
          "failed": 0,
          "inProgress": 3,
          "total": 3
        }
      }
    },
    {
      "RequestUri": "https://endpoint/text/analytics/v3.2-preview.2/analyze/jobs/9ef18d07-0773-499b-b76b-11eb9039ce6e?$top=20\u0026$skip=0",
      "RequestMethod": "GET",
      "RequestHeaders": {
        "Accept": "application/json, text/json",
        "Accept-Encoding": "gzip, deflate, br",
        "Accept-Language": "en-GB",
        "Connection": "keep-alive",
        "ocp-apim-subscription-key": "api_key",
        "Referer": "http://localhost:9876/",
        "sec-ch-ua": "",
        "sec-ch-ua-mobile": "?0",
        "sec-ch-ua-platform": "",
        "Sec-Fetch-Dest": "empty",
        "Sec-Fetch-Mode": "cors",
        "Sec-Fetch-Site": "same-site",
        "traceparent": "00-00000000000000000000000000000145-0000000000000290-00",
        "User-Agent": "Mozilla/5.0 (Windows NT 10.0; Win64; x64) AppleWebKit/537.36 (KHTML, like Gecko) HeadlessChrome/93.0.4577.0 Safari/537.36",
        "x-ms-client-request-id": "7e54888d-5838-429a-84cc-23f4ec980f21",
        "x-ms-useragent": "azsdk-js-ai-text-analytics/5.2.0-beta.3 core-rest-pipeline/1.5.1 OS/Win32"
      },
      "RequestBody": null,
      "StatusCode": 200,
      "ResponseHeaders": {
        "apim-request-id": "9f784636-8c42-405a-9bd3-05f80567453c",
        "Content-Type": "application/json; charset=utf-8",
        "Date": "Fri, 18 Feb 2022 19:12:00 GMT",
        "Strict-Transport-Security": "max-age=31536000; includeSubDomains; preload",
        "Transfer-Encoding": "chunked",
        "X-Content-Type-Options": "nosniff",
        "x-envoy-upstream-service-time": "31"
      },
      "ResponseBody": {
        "jobId": "9ef18d07-0773-499b-b76b-11eb9039ce6e",
        "lastUpdateDateTime": "2022-02-18T19:12:01Z",
        "createdDateTime": "2022-02-18T19:12:00Z",
        "expirationDateTime": "2022-02-19T19:12:00Z",
        "status": "running",
        "errors": [],
        "tasks": {
          "completed": 0,
          "failed": 0,
          "inProgress": 3,
          "total": 3
        }
      }
    },
    {
      "RequestUri": "https://endpoint/text/analytics/v3.2-preview.2/analyze/jobs/9ef18d07-0773-499b-b76b-11eb9039ce6e?$top=20\u0026$skip=0",
      "RequestMethod": "GET",
      "RequestHeaders": {
        "Accept": "application/json, text/json",
        "Accept-Encoding": "gzip, deflate, br",
        "Accept-Language": "en-GB",
        "Connection": "keep-alive",
        "ocp-apim-subscription-key": "api_key",
        "Referer": "http://localhost:9876/",
        "sec-ch-ua": "",
        "sec-ch-ua-mobile": "?0",
        "sec-ch-ua-platform": "",
        "Sec-Fetch-Dest": "empty",
        "Sec-Fetch-Mode": "cors",
        "Sec-Fetch-Site": "same-site",
        "traceparent": "00-00000000000000000000000000000146-0000000000000292-00",
        "User-Agent": "Mozilla/5.0 (Windows NT 10.0; Win64; x64) AppleWebKit/537.36 (KHTML, like Gecko) HeadlessChrome/93.0.4577.0 Safari/537.36",
        "x-ms-client-request-id": "bafd7c2c-cb3f-4ba8-bd70-28523a41eb9d",
        "x-ms-useragent": "azsdk-js-ai-text-analytics/5.2.0-beta.3 core-rest-pipeline/1.5.1 OS/Win32"
      },
      "RequestBody": null,
      "StatusCode": 200,
      "ResponseHeaders": {
        "apim-request-id": "5802ba16-8f5d-441e-b795-7d85af32c92d",
        "Content-Type": "application/json; charset=utf-8",
        "Date": "Fri, 18 Feb 2022 19:12:03 GMT",
        "Strict-Transport-Security": "max-age=31536000; includeSubDomains; preload",
        "Transfer-Encoding": "chunked",
        "X-Content-Type-Options": "nosniff",
        "x-envoy-upstream-service-time": "131"
      },
      "ResponseBody": {
        "jobId": "9ef18d07-0773-499b-b76b-11eb9039ce6e",
        "lastUpdateDateTime": "2022-02-18T19:12:03Z",
        "createdDateTime": "2022-02-18T19:12:00Z",
        "expirationDateTime": "2022-02-19T19:12:00Z",
        "status": "running",
        "errors": [],
        "tasks": {
          "completed": 2,
          "failed": 0,
          "inProgress": 1,
          "total": 3,
          "entityRecognitionTasks": [
            {
              "lastUpdateDateTime": "2022-02-18T19:12:03.0408085Z",
              "state": "succeeded",
              "results": {
                "documents": [
                  {
                    "id": "1",
                    "entities": [
                      {
                        "text": "one",
                        "category": "Quantity",
                        "subcategory": "Number",
                        "offset": 0,
                        "length": 3,
                        "confidenceScore": 0.8
                      }
                    ],
                    "warnings": []
                  },
                  {
                    "id": "2",
                    "entities": [
                      {
                        "text": "two",
                        "category": "Quantity",
                        "subcategory": "Number",
                        "offset": 0,
                        "length": 3,
                        "confidenceScore": 0.8
                      }
                    ],
                    "warnings": []
                  },
                  {
                    "id": "3",
                    "entities": [
                      {
                        "text": "three",
                        "category": "Quantity",
                        "subcategory": "Number",
                        "offset": 0,
                        "length": 5,
                        "confidenceScore": 0.8
                      }
                    ],
                    "warnings": []
                  },
                  {
                    "id": "4",
                    "entities": [
                      {
                        "text": "four",
                        "category": "Quantity",
                        "subcategory": "Number",
                        "offset": 0,
                        "length": 4,
                        "confidenceScore": 0.8
                      }
                    ],
                    "warnings": []
                  },
                  {
                    "id": "5",
                    "entities": [
                      {
                        "text": "five",
                        "category": "Quantity",
                        "subcategory": "Number",
                        "offset": 0,
                        "length": 4,
                        "confidenceScore": 0.8
                      }
                    ],
                    "warnings": []
                  }
                ],
                "errors": [],
                "modelVersion": "2021-06-01"
              }
            }
          ],
          "entityRecognitionPiiTasks": [
            {
              "lastUpdateDateTime": "2022-02-18T19:12:03.0218451Z",
              "state": "succeeded",
              "results": {
                "documents": [
                  {
                    "redactedText": "one",
                    "id": "1",
                    "entities": [],
                    "warnings": []
                  },
                  {
                    "redactedText": "two",
                    "id": "2",
                    "entities": [],
                    "warnings": []
                  },
                  {
                    "redactedText": "three",
                    "id": "3",
                    "entities": [],
                    "warnings": []
                  },
                  {
                    "redactedText": "four",
                    "id": "4",
                    "entities": [],
                    "warnings": []
                  },
                  {
                    "redactedText": "five",
                    "id": "5",
                    "entities": [],
                    "warnings": []
                  }
                ],
                "errors": [],
                "modelVersion": "2021-01-15"
              }
            }
          ]
        }
      }
    },
    {
      "RequestUri": "https://endpoint/text/analytics/v3.2-preview.2/analyze/jobs/9ef18d07-0773-499b-b76b-11eb9039ce6e?$top=20\u0026$skip=0",
      "RequestMethod": "GET",
      "RequestHeaders": {
        "Accept": "application/json, text/json",
        "Accept-Encoding": "gzip, deflate, br",
        "Accept-Language": "en-GB",
        "Connection": "keep-alive",
        "ocp-apim-subscription-key": "api_key",
        "Referer": "http://localhost:9876/",
        "sec-ch-ua": "",
        "sec-ch-ua-mobile": "?0",
        "sec-ch-ua-platform": "",
        "Sec-Fetch-Dest": "empty",
        "Sec-Fetch-Mode": "cors",
        "Sec-Fetch-Site": "same-site",
        "traceparent": "00-00000000000000000000000000000147-0000000000000294-00",
        "User-Agent": "Mozilla/5.0 (Windows NT 10.0; Win64; x64) AppleWebKit/537.36 (KHTML, like Gecko) HeadlessChrome/93.0.4577.0 Safari/537.36",
        "x-ms-client-request-id": "123e80e4-88f6-445b-8833-8c6856cd271a",
        "x-ms-useragent": "azsdk-js-ai-text-analytics/5.2.0-beta.3 core-rest-pipeline/1.5.1 OS/Win32"
      },
      "RequestBody": null,
      "StatusCode": 200,
      "ResponseHeaders": {
        "apim-request-id": "6fa8fe95-0550-4513-820e-1384a4d6ebc6",
        "Content-Type": "application/json; charset=utf-8",
        "Date": "Fri, 18 Feb 2022 19:12:05 GMT",
        "Strict-Transport-Security": "max-age=31536000; includeSubDomains; preload",
        "Transfer-Encoding": "chunked",
        "X-Content-Type-Options": "nosniff",
        "x-envoy-upstream-service-time": "171"
      },
      "ResponseBody": {
        "jobId": "9ef18d07-0773-499b-b76b-11eb9039ce6e",
        "lastUpdateDateTime": "2022-02-18T19:12:03Z",
        "createdDateTime": "2022-02-18T19:12:00Z",
        "expirationDateTime": "2022-02-19T19:12:00Z",
        "status": "succeeded",
        "errors": [],
        "tasks": {
          "completed": 3,
          "failed": 0,
          "inProgress": 0,
          "total": 3,
          "entityRecognitionTasks": [
            {
              "lastUpdateDateTime": "2022-02-18T19:12:03.0408085Z",
              "state": "succeeded",
              "results": {
                "documents": [
                  {
                    "id": "1",
                    "entities": [
                      {
                        "text": "one",
                        "category": "Quantity",
                        "subcategory": "Number",
                        "offset": 0,
                        "length": 3,
                        "confidenceScore": 0.8
                      }
                    ],
                    "warnings": []
                  },
                  {
                    "id": "2",
                    "entities": [
                      {
                        "text": "two",
                        "category": "Quantity",
                        "subcategory": "Number",
                        "offset": 0,
                        "length": 3,
                        "confidenceScore": 0.8
                      }
                    ],
                    "warnings": []
                  },
                  {
                    "id": "3",
                    "entities": [
                      {
                        "text": "three",
                        "category": "Quantity",
                        "subcategory": "Number",
                        "offset": 0,
                        "length": 5,
                        "confidenceScore": 0.8
                      }
                    ],
                    "warnings": []
                  },
                  {
                    "id": "4",
                    "entities": [
                      {
                        "text": "four",
                        "category": "Quantity",
                        "subcategory": "Number",
                        "offset": 0,
                        "length": 4,
                        "confidenceScore": 0.8
                      }
                    ],
                    "warnings": []
                  },
                  {
                    "id": "5",
                    "entities": [
                      {
                        "text": "five",
                        "category": "Quantity",
                        "subcategory": "Number",
                        "offset": 0,
                        "length": 4,
                        "confidenceScore": 0.8
                      }
                    ],
                    "warnings": []
                  }
                ],
                "errors": [],
                "modelVersion": "2021-06-01"
              }
            }
          ],
          "entityRecognitionPiiTasks": [
            {
              "lastUpdateDateTime": "2022-02-18T19:12:03.0218451Z",
              "state": "succeeded",
              "results": {
                "documents": [
                  {
                    "redactedText": "one",
                    "id": "1",
                    "entities": [],
                    "warnings": []
                  },
                  {
                    "redactedText": "two",
                    "id": "2",
                    "entities": [],
                    "warnings": []
                  },
                  {
                    "redactedText": "three",
                    "id": "3",
                    "entities": [],
                    "warnings": []
                  },
                  {
                    "redactedText": "four",
                    "id": "4",
                    "entities": [],
                    "warnings": []
                  },
                  {
                    "redactedText": "five",
                    "id": "5",
                    "entities": [],
                    "warnings": []
                  }
                ],
                "errors": [],
                "modelVersion": "2021-01-15"
              }
            }
          ],
          "keyPhraseExtractionTasks": [
            {
              "lastUpdateDateTime": "2022-02-18T19:12:03.4616211Z",
              "state": "succeeded",
              "results": {
                "documents": [
                  {
                    "id": "1",
                    "keyPhrases": [],
                    "warnings": []
                  },
                  {
                    "id": "2",
                    "keyPhrases": [],
                    "warnings": []
                  },
                  {
                    "id": "3",
                    "keyPhrases": [],
                    "warnings": []
                  },
                  {
                    "id": "4",
                    "keyPhrases": [],
                    "warnings": []
                  },
                  {
                    "id": "5",
                    "keyPhrases": [],
                    "warnings": []
                  }
                ],
                "errors": [],
                "modelVersion": "2021-06-01"
              }
            }
          ]
        }
      }
    },
    {
      "RequestUri": "https://endpoint/text/analytics/v3.2-preview.2/analyze/jobs/9ef18d07-0773-499b-b76b-11eb9039ce6e?$top=20\u0026$skip=0",
      "RequestMethod": "GET",
      "RequestHeaders": {
        "Accept": "application/json, text/json",
        "Accept-Encoding": "gzip, deflate, br",
        "Accept-Language": "en-GB",
        "Connection": "keep-alive",
        "ocp-apim-subscription-key": "api_key",
        "Referer": "http://localhost:9876/",
        "sec-ch-ua": "",
        "sec-ch-ua-mobile": "?0",
        "sec-ch-ua-platform": "",
        "Sec-Fetch-Dest": "empty",
        "Sec-Fetch-Mode": "cors",
        "Sec-Fetch-Site": "same-site",
        "traceparent": "00-00000000000000000000000000000148-0000000000000296-00",
        "User-Agent": "Mozilla/5.0 (Windows NT 10.0; Win64; x64) AppleWebKit/537.36 (KHTML, like Gecko) HeadlessChrome/93.0.4577.0 Safari/537.36",
        "x-ms-client-request-id": "e587be3c-a153-4fd2-95de-2227d48a3b25",
        "x-ms-useragent": "azsdk-js-ai-text-analytics/5.2.0-beta.3 core-rest-pipeline/1.5.1 OS/Win32"
      },
      "RequestBody": null,
      "StatusCode": 200,
      "ResponseHeaders": {
        "apim-request-id": "901c3e7d-af67-40db-84bd-fee8d2834a30",
        "Content-Type": "application/json; charset=utf-8",
        "Date": "Fri, 18 Feb 2022 19:12:06 GMT",
        "Strict-Transport-Security": "max-age=31536000; includeSubDomains; preload",
        "Transfer-Encoding": "chunked",
        "X-Content-Type-Options": "nosniff",
        "x-envoy-upstream-service-time": "1367"
      },
      "ResponseBody": {
        "jobId": "9ef18d07-0773-499b-b76b-11eb9039ce6e",
        "lastUpdateDateTime": "2022-02-18T19:12:03Z",
        "createdDateTime": "2022-02-18T19:12:00Z",
        "expirationDateTime": "2022-02-19T19:12:00Z",
        "status": "succeeded",
        "errors": [],
        "tasks": {
          "completed": 3,
          "failed": 0,
          "inProgress": 0,
          "total": 3,
          "entityRecognitionTasks": [
            {
              "lastUpdateDateTime": "2022-02-18T19:12:03.0408085Z",
              "state": "succeeded",
              "results": {
                "documents": [
                  {
                    "id": "1",
                    "entities": [
                      {
                        "text": "one",
                        "category": "Quantity",
                        "subcategory": "Number",
                        "offset": 0,
                        "length": 3,
                        "confidenceScore": 0.8
                      }
                    ],
                    "warnings": []
                  },
                  {
                    "id": "2",
                    "entities": [
                      {
                        "text": "two",
                        "category": "Quantity",
                        "subcategory": "Number",
                        "offset": 0,
                        "length": 3,
                        "confidenceScore": 0.8
                      }
                    ],
                    "warnings": []
                  },
                  {
                    "id": "3",
                    "entities": [
                      {
                        "text": "three",
                        "category": "Quantity",
                        "subcategory": "Number",
                        "offset": 0,
                        "length": 5,
                        "confidenceScore": 0.8
                      }
                    ],
                    "warnings": []
                  },
                  {
                    "id": "4",
                    "entities": [
                      {
                        "text": "four",
                        "category": "Quantity",
                        "subcategory": "Number",
                        "offset": 0,
                        "length": 4,
                        "confidenceScore": 0.8
                      }
                    ],
                    "warnings": []
                  },
                  {
                    "id": "5",
                    "entities": [
                      {
                        "text": "five",
                        "category": "Quantity",
                        "subcategory": "Number",
                        "offset": 0,
                        "length": 4,
                        "confidenceScore": 0.8
                      }
                    ],
                    "warnings": []
                  }
                ],
                "errors": [],
                "modelVersion": "2021-06-01"
              }
            }
          ],
          "entityRecognitionPiiTasks": [
            {
              "lastUpdateDateTime": "2022-02-18T19:12:03.0218451Z",
              "state": "succeeded",
              "results": {
                "documents": [
                  {
                    "redactedText": "one",
                    "id": "1",
                    "entities": [],
                    "warnings": []
                  },
                  {
                    "redactedText": "two",
                    "id": "2",
                    "entities": [],
                    "warnings": []
                  },
                  {
                    "redactedText": "three",
                    "id": "3",
                    "entities": [],
                    "warnings": []
                  },
                  {
                    "redactedText": "four",
                    "id": "4",
                    "entities": [],
                    "warnings": []
                  },
                  {
                    "redactedText": "five",
                    "id": "5",
                    "entities": [],
                    "warnings": []
                  }
                ],
                "errors": [],
                "modelVersion": "2021-01-15"
              }
            }
          ],
          "keyPhraseExtractionTasks": [
            {
              "lastUpdateDateTime": "2022-02-18T19:12:03.4616211Z",
              "state": "succeeded",
              "results": {
                "documents": [
                  {
                    "id": "1",
                    "keyPhrases": [],
                    "warnings": []
                  },
                  {
                    "id": "2",
                    "keyPhrases": [],
                    "warnings": []
                  },
                  {
                    "id": "3",
                    "keyPhrases": [],
                    "warnings": []
                  },
                  {
                    "id": "4",
                    "keyPhrases": [],
                    "warnings": []
                  },
                  {
                    "id": "5",
                    "keyPhrases": [],
                    "warnings": []
                  }
                ],
                "errors": [],
                "modelVersion": "2021-06-01"
              }
            }
          ]
        }
      }
    }
  ],
  "Variables": {}
}
