{
  "Entries": [
    {
      "RequestUri": "https://endpoint/text/analytics/v3.1/analyze",
      "RequestMethod": "POST",
      "RequestHeaders": {
        "Accept": "application/json, text/json",
        "Accept-Encoding": "gzip, deflate, br",
        "Accept-Language": "en-US",
        "Connection": "keep-alive",
        "Content-Length": "1471",
        "Content-Type": "application/json",
        "ocp-apim-subscription-key": "api_key",
        "Referer": "http://localhost:9876/",
        "sec-ch-ua": "",
        "sec-ch-ua-mobile": "?0",
        "sec-ch-ua-platform": "",
        "Sec-Fetch-Dest": "empty",
        "Sec-Fetch-Mode": "cors",
        "Sec-Fetch-Site": "same-site",
        "User-Agent": "Mozilla/5.0 (X11; Linux x86_64) AppleWebKit/537.36 (KHTML, like Gecko) HeadlessChrome/103.0.5058.0 Safari/537.36",
        "x-ms-client-request-id": "50376c8b-1b0d-4a87-a619-8c6f0af2b176",
        "x-ms-useragent": "azsdk-js-ai-textanalytics/5.1.1 azsdk-js-ai-text-analytics/5.1.1 core-rest-pipeline/1.9.1 OS/Linuxx86_64"
      },
      "RequestBody": {
        "analysisInput": {
          "documents": [
            {
              "id": "0",
              "text": "random text",
              "language": "en"
            },
            {
              "id": "1",
              "text": "random text",
              "language": "en"
            },
            {
              "id": "2",
              "text": "random text",
              "language": "en"
            },
            {
              "id": "3",
              "text": "random text",
              "language": "en"
            },
            {
              "id": "4",
              "text": "random text",
              "language": "en"
            },
            {
              "id": "5",
              "text": "random text",
              "language": "en"
            },
            {
              "id": "6",
              "text": "random text",
              "language": "en"
            },
            {
              "id": "7",
              "text": "random text",
              "language": "en"
            },
            {
              "id": "8",
              "text": "random text",
              "language": "en"
            },
            {
              "id": "9",
              "text": "random text",
              "language": "en"
            },
            {
              "id": "10",
              "text": "random text",
              "language": "en"
            },
            {
              "id": "11",
              "text": "random text",
              "language": "en"
            },
            {
              "id": "12",
              "text": "random text",
              "language": "en"
            },
            {
              "id": "13",
              "text": "random text",
              "language": "en"
            },
            {
              "id": "14",
              "text": "random text",
              "language": "en"
            },
            {
              "id": "15",
              "text": "random text",
              "language": "en"
            },
            {
              "id": "16",
              "text": "random text",
              "language": "en"
            },
            {
              "id": "17",
              "text": "random text",
              "language": "en"
            },
            {
              "id": "18",
              "text": "random text",
              "language": "en"
            },
            {
              "id": "19",
              "text": "random text",
              "language": "en"
            },
            {
              "id": "20",
              "text": "random text",
              "language": "en"
            },
            {
              "id": "21",
              "text": "random text",
              "language": "en"
            },
            {
              "id": "22",
              "text": "random text",
              "language": "en"
            },
            {
              "id": "23",
              "text": "random text",
              "language": "en"
            },
            {
              "id": "24",
              "text": "Microsoft was founded by Bill Gates and Paul Allen",
              "language": "en"
            }
          ]
        },
        "tasks": {
          "entityRecognitionTasks": [
            {
              "parameters": {
                "model-version": "latest",
                "stringIndexType": "Utf16CodeUnit"
              }
            }
          ],
          "keyPhraseExtractionTasks": [
            {
              "parameters": {
                "model-version": "latest"
              }
            }
          ]
        }
      },
      "StatusCode": 202,
      "ResponseHeaders": {
        "apim-request-id": "3fcf6665-9b26-4b56-b849-b8c0f26ab139",
        "Date": "Fri, 22 Jul 2022 02:47:22 GMT",
        "operation-location": "https://endpoint/text/analytics/v3.1/analyze/jobs/0bf663b5-4f06-4ae6-b967-9a511a8e7bcf",
        "Strict-Transport-Security": "max-age=31536000; includeSubDomains; preload",
        "Transfer-Encoding": "chunked",
        "X-Content-Type-Options": "nosniff",
        "x-envoy-upstream-service-time": "725"
      },
      "ResponseBody": null
    },
    {
      "RequestUri": "https://endpoint/text/analytics/v3.1/analyze/jobs/0bf663b5-4f06-4ae6-b967-9a511a8e7bcf?$top=20\u0026$skip=0",
      "RequestMethod": "GET",
      "RequestHeaders": {
        "Accept": "application/json, text/json",
        "Accept-Encoding": "gzip, deflate, br",
        "Accept-Language": "en-US",
        "Connection": "keep-alive",
        "ocp-apim-subscription-key": "api_key",
        "Referer": "http://localhost:9876/",
        "sec-ch-ua": "",
        "sec-ch-ua-mobile": "?0",
        "sec-ch-ua-platform": "",
        "Sec-Fetch-Dest": "empty",
        "Sec-Fetch-Mode": "cors",
        "Sec-Fetch-Site": "same-site",
        "User-Agent": "Mozilla/5.0 (X11; Linux x86_64) AppleWebKit/537.36 (KHTML, like Gecko) HeadlessChrome/103.0.5058.0 Safari/537.36",
        "x-ms-client-request-id": "5a0a1cb5-4da4-4323-890b-3816ce4d2806",
        "x-ms-useragent": "azsdk-js-ai-textanalytics/5.1.1 azsdk-js-ai-text-analytics/5.1.1 core-rest-pipeline/1.9.1 OS/Linuxx86_64"
      },
      "RequestBody": null,
      "StatusCode": 200,
      "ResponseHeaders": {
        "apim-request-id": "79d65c6d-9536-4cb7-9a0a-b2fb9fef5759",
        "Content-Type": "application/json; charset=utf-8",
        "Date": "Fri, 22 Jul 2022 02:47:22 GMT",
        "Strict-Transport-Security": "max-age=31536000; includeSubDomains; preload",
        "Transfer-Encoding": "chunked",
        "X-Content-Type-Options": "nosniff",
        "x-envoy-upstream-service-time": "7"
      },
      "ResponseBody": {
        "jobId": "0bf663b5-4f06-4ae6-b967-9a511a8e7bcf",
        "lastUpdateDateTime": "2022-07-22T02:47:22Z",
        "createdDateTime": "2022-07-22T02:47:21Z",
        "expirationDateTime": "2022-07-23T02:47:21Z",
        "status": "running",
        "errors": [],
        "tasks": {
          "completed": 0,
          "failed": 0,
          "inProgress": 2,
          "total": 2
        }
      }
    },
    {
      "RequestUri": "https://endpoint/text/analytics/v3.1/analyze/jobs/0bf663b5-4f06-4ae6-b967-9a511a8e7bcf?$top=20\u0026$skip=0",
      "RequestMethod": "GET",
      "RequestHeaders": {
        "Accept": "application/json, text/json",
        "Accept-Encoding": "gzip, deflate, br",
        "Accept-Language": "en-US",
        "Connection": "keep-alive",
        "ocp-apim-subscription-key": "api_key",
        "Referer": "http://localhost:9876/",
        "sec-ch-ua": "",
        "sec-ch-ua-mobile": "?0",
        "sec-ch-ua-platform": "",
        "Sec-Fetch-Dest": "empty",
        "Sec-Fetch-Mode": "cors",
        "Sec-Fetch-Site": "same-site",
        "User-Agent": "Mozilla/5.0 (X11; Linux x86_64) AppleWebKit/537.36 (KHTML, like Gecko) HeadlessChrome/103.0.5058.0 Safari/537.36",
        "x-ms-client-request-id": "e7dbd6be-45b0-4fbe-a52c-a2414fb10c91",
        "x-ms-useragent": "azsdk-js-ai-textanalytics/5.1.1 azsdk-js-ai-text-analytics/5.1.1 core-rest-pipeline/1.9.1 OS/Linuxx86_64"
      },
      "RequestBody": null,
      "StatusCode": 200,
      "ResponseHeaders": {
        "apim-request-id": "0ff0aabc-6b28-4f42-9d2d-c8373a89ed77",
        "Content-Type": "application/json; charset=utf-8",
        "Date": "Fri, 22 Jul 2022 02:47:22 GMT",
        "Strict-Transport-Security": "max-age=31536000; includeSubDomains; preload",
        "Transfer-Encoding": "chunked",
        "X-Content-Type-Options": "nosniff",
        "x-envoy-upstream-service-time": "12"
      },
      "ResponseBody": {
        "jobId": "0bf663b5-4f06-4ae6-b967-9a511a8e7bcf",
        "lastUpdateDateTime": "2022-07-22T02:47:22Z",
        "createdDateTime": "2022-07-22T02:47:21Z",
        "expirationDateTime": "2022-07-23T02:47:21Z",
        "status": "running",
        "errors": [],
        "tasks": {
          "completed": 0,
          "failed": 0,
          "inProgress": 2,
          "total": 2
        }
      }
    },
    {
      "RequestUri": "https://endpoint/text/analytics/v3.1/analyze/jobs/0bf663b5-4f06-4ae6-b967-9a511a8e7bcf?$top=20\u0026$skip=0",
      "RequestMethod": "GET",
      "RequestHeaders": {
        "Accept": "application/json, text/json",
        "Accept-Encoding": "gzip, deflate, br",
        "Accept-Language": "en-US",
        "Connection": "keep-alive",
        "ocp-apim-subscription-key": "api_key",
        "Referer": "http://localhost:9876/",
        "sec-ch-ua": "",
        "sec-ch-ua-mobile": "?0",
        "sec-ch-ua-platform": "",
        "Sec-Fetch-Dest": "empty",
        "Sec-Fetch-Mode": "cors",
        "Sec-Fetch-Site": "same-site",
        "User-Agent": "Mozilla/5.0 (X11; Linux x86_64) AppleWebKit/537.36 (KHTML, like Gecko) HeadlessChrome/103.0.5058.0 Safari/537.36",
        "x-ms-client-request-id": "9dbeb3bc-a38f-406d-bfb7-af897d496534",
        "x-ms-useragent": "azsdk-js-ai-textanalytics/5.1.1 azsdk-js-ai-text-analytics/5.1.1 core-rest-pipeline/1.9.1 OS/Linuxx86_64"
      },
      "RequestBody": null,
      "StatusCode": 200,
      "ResponseHeaders": {
        "apim-request-id": "5805e6d7-6687-4d37-85d9-fda61d0dfd0e",
        "Content-Type": "application/json; charset=utf-8",
        "Date": "Fri, 22 Jul 2022 02:47:24 GMT",
        "Strict-Transport-Security": "max-age=31536000; includeSubDomains; preload",
        "Transfer-Encoding": "chunked",
        "X-Content-Type-Options": "nosniff",
        "x-envoy-upstream-service-time": "7"
      },
      "ResponseBody": {
        "jobId": "0bf663b5-4f06-4ae6-b967-9a511a8e7bcf",
        "lastUpdateDateTime": "2022-07-22T02:47:22Z",
        "createdDateTime": "2022-07-22T02:47:21Z",
        "expirationDateTime": "2022-07-23T02:47:21Z",
        "status": "running",
        "errors": [],
        "tasks": {
          "completed": 0,
          "failed": 0,
          "inProgress": 2,
          "total": 2
        }
      }
    },
    {
      "RequestUri": "https://endpoint/text/analytics/v3.1/analyze/jobs/0bf663b5-4f06-4ae6-b967-9a511a8e7bcf?$top=20\u0026$skip=0",
      "RequestMethod": "GET",
      "RequestHeaders": {
        "Accept": "application/json, text/json",
        "Accept-Encoding": "gzip, deflate, br",
        "Accept-Language": "en-US",
        "Connection": "keep-alive",
        "ocp-apim-subscription-key": "api_key",
        "Referer": "http://localhost:9876/",
        "sec-ch-ua": "",
        "sec-ch-ua-mobile": "?0",
        "sec-ch-ua-platform": "",
        "Sec-Fetch-Dest": "empty",
        "Sec-Fetch-Mode": "cors",
        "Sec-Fetch-Site": "same-site",
        "User-Agent": "Mozilla/5.0 (X11; Linux x86_64) AppleWebKit/537.36 (KHTML, like Gecko) HeadlessChrome/103.0.5058.0 Safari/537.36",
        "x-ms-client-request-id": "eab4141e-7a81-43d2-8e30-04ae38ae74f3",
        "x-ms-useragent": "azsdk-js-ai-textanalytics/5.1.1 azsdk-js-ai-text-analytics/5.1.1 core-rest-pipeline/1.9.1 OS/Linuxx86_64"
      },
      "RequestBody": null,
      "StatusCode": 200,
      "ResponseHeaders": {
        "apim-request-id": "fc449c13-770b-4422-9bbc-19744ace7f96",
        "Content-Type": "application/json; charset=utf-8",
        "Date": "Fri, 22 Jul 2022 02:47:26 GMT",
        "Strict-Transport-Security": "max-age=31536000; includeSubDomains; preload",
        "Transfer-Encoding": "chunked",
        "X-Content-Type-Options": "nosniff",
        "x-envoy-upstream-service-time": "7"
      },
      "ResponseBody": {
        "jobId": "0bf663b5-4f06-4ae6-b967-9a511a8e7bcf",
        "lastUpdateDateTime": "2022-07-22T02:47:26Z",
        "createdDateTime": "2022-07-22T02:47:21Z",
        "expirationDateTime": "2022-07-23T02:47:21Z",
        "status": "running",
        "errors": [],
        "tasks": {
          "completed": 0,
          "failed": 0,
          "inProgress": 2,
          "total": 2
        }
      }
    },
    {
      "RequestUri": "https://endpoint/text/analytics/v3.1/analyze/jobs/0bf663b5-4f06-4ae6-b967-9a511a8e7bcf?$top=20\u0026$skip=0",
      "RequestMethod": "GET",
      "RequestHeaders": {
        "Accept": "application/json, text/json",
        "Accept-Encoding": "gzip, deflate, br",
        "Accept-Language": "en-US",
        "Connection": "keep-alive",
        "ocp-apim-subscription-key": "api_key",
        "Referer": "http://localhost:9876/",
        "sec-ch-ua": "",
        "sec-ch-ua-mobile": "?0",
        "sec-ch-ua-platform": "",
        "Sec-Fetch-Dest": "empty",
        "Sec-Fetch-Mode": "cors",
        "Sec-Fetch-Site": "same-site",
        "User-Agent": "Mozilla/5.0 (X11; Linux x86_64) AppleWebKit/537.36 (KHTML, like Gecko) HeadlessChrome/103.0.5058.0 Safari/537.36",
        "x-ms-client-request-id": "9b1a7ca0-fed2-4a86-ac70-b739e0fb9889",
        "x-ms-useragent": "azsdk-js-ai-textanalytics/5.1.1 azsdk-js-ai-text-analytics/5.1.1 core-rest-pipeline/1.9.1 OS/Linuxx86_64"
      },
      "RequestBody": null,
      "StatusCode": 200,
      "ResponseHeaders": {
        "apim-request-id": "cba0c6c0-07b2-43ac-80c4-9da18a427c15",
        "Content-Type": "application/json; charset=utf-8",
        "Date": "Fri, 22 Jul 2022 02:47:29 GMT",
        "Strict-Transport-Security": "max-age=31536000; includeSubDomains; preload",
        "Transfer-Encoding": "chunked",
        "X-Content-Type-Options": "nosniff",
        "x-envoy-upstream-service-time": "431"
      },
      "ResponseBody": {
        "jobId": "0bf663b5-4f06-4ae6-b967-9a511a8e7bcf",
        "lastUpdateDateTime": "2022-07-22T02:47:27Z",
        "createdDateTime": "2022-07-22T02:47:21Z",
        "expirationDateTime": "2022-07-23T02:47:21Z",
        "status": "succeeded",
        "errors": [],
        "tasks": {
          "completed": 2,
          "failed": 0,
          "inProgress": 0,
          "total": 2,
          "entityRecognitionTasks": [
            {
              "lastUpdateDateTime": "2022-07-22T02:47:27.7200285Z",
              "state": "succeeded",
              "results": {
                "documents": [
                  {
                    "id": "0",
                    "entities": [],
                    "warnings": []
                  },
                  {
                    "id": "1",
                    "entities": [],
                    "warnings": []
                  },
                  {
                    "id": "2",
                    "entities": [],
                    "warnings": []
                  },
                  {
                    "id": "3",
                    "entities": [],
                    "warnings": []
                  },
                  {
                    "id": "4",
                    "entities": [],
                    "warnings": []
                  },
                  {
                    "id": "5",
                    "entities": [],
                    "warnings": []
                  },
                  {
                    "id": "6",
                    "entities": [],
                    "warnings": []
                  },
                  {
                    "id": "7",
                    "entities": [],
                    "warnings": []
                  },
                  {
                    "id": "8",
                    "entities": [],
                    "warnings": []
                  },
                  {
                    "id": "9",
                    "entities": [],
                    "warnings": []
                  },
                  {
                    "id": "10",
                    "entities": [],
                    "warnings": []
                  },
                  {
                    "id": "11",
                    "entities": [],
                    "warnings": []
                  },
                  {
                    "id": "12",
                    "entities": [],
                    "warnings": []
                  },
                  {
                    "id": "13",
                    "entities": [],
                    "warnings": []
                  },
                  {
                    "id": "14",
                    "entities": [],
                    "warnings": []
                  },
                  {
                    "id": "15",
                    "entities": [],
                    "warnings": []
                  },
                  {
                    "id": "16",
                    "entities": [],
                    "warnings": []
                  },
                  {
                    "id": "17",
                    "entities": [],
                    "warnings": []
                  },
                  {
                    "id": "18",
                    "entities": [],
                    "warnings": []
                  },
                  {
                    "id": "19",
                    "entities": [],
                    "warnings": []
                  }
                ],
                "errors": [],
                "modelVersion": "2021-06-01"
              }
            }
          ],
          "keyPhraseExtractionTasks": [
            {
              "lastUpdateDateTime": "2022-07-22T02:47:27.8363236Z",
              "state": "succeeded",
              "results": {
                "documents": [
                  {
                    "id": "0",
                    "keyPhrases": [
                      "random text"
                    ],
                    "warnings": []
                  },
                  {
                    "id": "1",
                    "keyPhrases": [
                      "random text"
                    ],
                    "warnings": []
                  },
                  {
                    "id": "2",
                    "keyPhrases": [
                      "random text"
                    ],
                    "warnings": []
                  },
                  {
                    "id": "3",
                    "keyPhrases": [
                      "random text"
                    ],
                    "warnings": []
                  },
                  {
                    "id": "4",
                    "keyPhrases": [
                      "random text"
                    ],
                    "warnings": []
                  },
                  {
                    "id": "5",
                    "keyPhrases": [
                      "random text"
                    ],
                    "warnings": []
                  },
                  {
                    "id": "6",
                    "keyPhrases": [
                      "random text"
                    ],
                    "warnings": []
                  },
                  {
                    "id": "7",
                    "keyPhrases": [
                      "random text"
                    ],
                    "warnings": []
                  },
                  {
                    "id": "8",
                    "keyPhrases": [
                      "random text"
                    ],
                    "warnings": []
                  },
                  {
                    "id": "9",
                    "keyPhrases": [
                      "random text"
                    ],
                    "warnings": []
                  },
                  {
                    "id": "10",
                    "keyPhrases": [
                      "random text"
                    ],
                    "warnings": []
                  },
                  {
                    "id": "11",
                    "keyPhrases": [
                      "random text"
                    ],
                    "warnings": []
                  },
                  {
                    "id": "12",
                    "keyPhrases": [
                      "random text"
                    ],
                    "warnings": []
                  },
                  {
                    "id": "13",
                    "keyPhrases": [
                      "random text"
                    ],
                    "warnings": []
                  },
                  {
                    "id": "14",
                    "keyPhrases": [
                      "random text"
                    ],
                    "warnings": []
                  },
                  {
                    "id": "15",
                    "keyPhrases": [
                      "random text"
                    ],
                    "warnings": []
                  },
                  {
                    "id": "16",
                    "keyPhrases": [
                      "random text"
                    ],
                    "warnings": []
                  },
                  {
                    "id": "17",
                    "keyPhrases": [
                      "random text"
                    ],
                    "warnings": []
                  },
                  {
                    "id": "18",
                    "keyPhrases": [
                      "random text"
                    ],
                    "warnings": []
                  },
                  {
                    "id": "19",
                    "keyPhrases": [
                      "random text"
                    ],
                    "warnings": []
                  }
                ],
                "errors": [],
                "modelVersion": "2022-07-01"
              }
            }
          ]
        },
        "@nextLink": "https://endpoint/text/analytics/v3.1/analyze/jobs/0bf663b5-4f06-4ae6-b967-9a511a8e7bcf?$skip=20\u0026$top=5\u0026showStats=False"
      }
    },
    {
      "RequestUri": "https://endpoint/text/analytics/v3.1/analyze/jobs/0bf663b5-4f06-4ae6-b967-9a511a8e7bcf?$top=10\u0026$skip=0",
      "RequestMethod": "GET",
      "RequestHeaders": {
        "Accept": "application/json, text/json",
        "Accept-Encoding": "gzip, deflate, br",
        "Accept-Language": "en-US",
        "Connection": "keep-alive",
        "ocp-apim-subscription-key": "api_key",
        "Referer": "http://localhost:9876/",
        "sec-ch-ua": "",
        "sec-ch-ua-mobile": "?0",
        "sec-ch-ua-platform": "",
        "Sec-Fetch-Dest": "empty",
        "Sec-Fetch-Mode": "cors",
        "Sec-Fetch-Site": "same-site",
        "User-Agent": "Mozilla/5.0 (X11; Linux x86_64) AppleWebKit/537.36 (KHTML, like Gecko) HeadlessChrome/103.0.5058.0 Safari/537.36",
        "x-ms-client-request-id": "91991fe2-4edc-4f7a-b940-f8adffa02300",
        "x-ms-useragent": "azsdk-js-ai-textanalytics/5.1.1 azsdk-js-ai-text-analytics/5.1.1 core-rest-pipeline/1.9.1 OS/Linuxx86_64"
      },
      "RequestBody": null,
      "StatusCode": 200,
      "ResponseHeaders": {
        "apim-request-id": "792c6127-5ed4-4d27-a7c8-2fbedcad627c",
        "Content-Type": "application/json; charset=utf-8",
        "Date": "Fri, 22 Jul 2022 02:47:29 GMT",
        "Strict-Transport-Security": "max-age=31536000; includeSubDomains; preload",
        "Transfer-Encoding": "chunked",
        "X-Content-Type-Options": "nosniff",
        "x-envoy-upstream-service-time": "200"
      },
      "ResponseBody": {
        "jobId": "0bf663b5-4f06-4ae6-b967-9a511a8e7bcf",
        "lastUpdateDateTime": "2022-07-22T02:47:27Z",
        "createdDateTime": "2022-07-22T02:47:21Z",
        "expirationDateTime": "2022-07-23T02:47:21Z",
        "status": "succeeded",
        "errors": [],
        "tasks": {
          "completed": 2,
          "failed": 0,
          "inProgress": 0,
          "total": 2,
          "entityRecognitionTasks": [
            {
              "lastUpdateDateTime": "2022-07-22T02:47:27.7200285Z",
              "state": "succeeded",
              "results": {
                "documents": [
                  {
                    "id": "0",
                    "entities": [],
                    "warnings": []
                  },
                  {
                    "id": "1",
                    "entities": [],
                    "warnings": []
                  },
                  {
                    "id": "2",
                    "entities": [],
                    "warnings": []
                  },
                  {
                    "id": "3",
                    "entities": [],
                    "warnings": []
                  },
                  {
                    "id": "4",
                    "entities": [],
                    "warnings": []
                  },
                  {
                    "id": "5",
                    "entities": [],
                    "warnings": []
                  },
                  {
                    "id": "6",
                    "entities": [],
                    "warnings": []
                  },
                  {
                    "id": "7",
                    "entities": [],
                    "warnings": []
                  },
                  {
                    "id": "8",
                    "entities": [],
                    "warnings": []
                  },
                  {
                    "id": "9",
                    "entities": [],
                    "warnings": []
                  }
                ],
                "errors": [],
                "modelVersion": "2021-06-01"
              }
            }
          ],
          "keyPhraseExtractionTasks": [
            {
              "lastUpdateDateTime": "2022-07-22T02:47:27.8363236Z",
              "state": "succeeded",
              "results": {
                "documents": [
                  {
                    "id": "0",
                    "keyPhrases": [
                      "random text"
                    ],
                    "warnings": []
                  },
                  {
                    "id": "1",
                    "keyPhrases": [
                      "random text"
                    ],
                    "warnings": []
                  },
                  {
                    "id": "2",
                    "keyPhrases": [
                      "random text"
                    ],
                    "warnings": []
                  },
                  {
                    "id": "3",
                    "keyPhrases": [
                      "random text"
                    ],
                    "warnings": []
                  },
                  {
                    "id": "4",
                    "keyPhrases": [
                      "random text"
                    ],
                    "warnings": []
                  },
                  {
                    "id": "5",
                    "keyPhrases": [
                      "random text"
                    ],
                    "warnings": []
                  },
                  {
                    "id": "6",
                    "keyPhrases": [
                      "random text"
                    ],
                    "warnings": []
                  },
                  {
                    "id": "7",
                    "keyPhrases": [
                      "random text"
                    ],
                    "warnings": []
                  },
                  {
                    "id": "8",
                    "keyPhrases": [
                      "random text"
                    ],
                    "warnings": []
                  },
                  {
                    "id": "9",
                    "keyPhrases": [
                      "random text"
                    ],
                    "warnings": []
                  }
                ],
                "errors": [],
                "modelVersion": "2022-07-01"
              }
            }
          ]
        },
        "@nextLink": "https://endpoint/text/analytics/v3.1/analyze/jobs/0bf663b5-4f06-4ae6-b967-9a511a8e7bcf?$skip=10\u0026$top=10\u0026showStats=False"
      }
    },
    {
      "RequestUri": "https://endpoint/text/analytics/v3.1/analyze/jobs/0bf663b5-4f06-4ae6-b967-9a511a8e7bcf?$top=10\u0026$skip=10",
      "RequestMethod": "GET",
      "RequestHeaders": {
        "Accept": "application/json, text/json",
        "Accept-Encoding": "gzip, deflate, br",
        "Accept-Language": "en-US",
        "Connection": "keep-alive",
        "ocp-apim-subscription-key": "api_key",
        "Referer": "http://localhost:9876/",
        "sec-ch-ua": "",
        "sec-ch-ua-mobile": "?0",
        "sec-ch-ua-platform": "",
        "Sec-Fetch-Dest": "empty",
        "Sec-Fetch-Mode": "cors",
        "Sec-Fetch-Site": "same-site",
        "User-Agent": "Mozilla/5.0 (X11; Linux x86_64) AppleWebKit/537.36 (KHTML, like Gecko) HeadlessChrome/103.0.5058.0 Safari/537.36",
        "x-ms-client-request-id": "e171493a-6a86-4c1f-b365-a2aa0621b550",
        "x-ms-useragent": "azsdk-js-ai-textanalytics/5.1.1 azsdk-js-ai-text-analytics/5.1.1 core-rest-pipeline/1.9.1 OS/Linuxx86_64"
      },
      "RequestBody": null,
      "StatusCode": 200,
      "ResponseHeaders": {
        "apim-request-id": "c6d05630-6e59-41c6-9cbf-66ae9df40f5e",
        "Content-Type": "application/json; charset=utf-8",
        "Date": "Fri, 22 Jul 2022 02:47:30 GMT",
        "Strict-Transport-Security": "max-age=31536000; includeSubDomains; preload",
        "Transfer-Encoding": "chunked",
        "X-Content-Type-Options": "nosniff",
        "x-envoy-upstream-service-time": "200"
      },
      "ResponseBody": {
        "jobId": "0bf663b5-4f06-4ae6-b967-9a511a8e7bcf",
        "lastUpdateDateTime": "2022-07-22T02:47:27Z",
        "createdDateTime": "2022-07-22T02:47:21Z",
        "expirationDateTime": "2022-07-23T02:47:21Z",
        "status": "succeeded",
        "errors": [],
        "tasks": {
          "completed": 2,
          "failed": 0,
          "inProgress": 0,
          "total": 2,
          "entityRecognitionTasks": [
            {
              "lastUpdateDateTime": "2022-07-22T02:47:27.7200285Z",
              "state": "succeeded",
              "results": {
                "documents": [
                  {
                    "id": "10",
                    "entities": [],
                    "warnings": []
                  },
                  {
                    "id": "11",
                    "entities": [],
                    "warnings": []
                  },
                  {
                    "id": "12",
                    "entities": [],
                    "warnings": []
                  },
                  {
                    "id": "13",
                    "entities": [],
                    "warnings": []
                  },
                  {
                    "id": "14",
                    "entities": [],
                    "warnings": []
                  },
                  {
                    "id": "15",
                    "entities": [],
                    "warnings": []
                  },
                  {
                    "id": "16",
                    "entities": [],
                    "warnings": []
                  },
                  {
                    "id": "17",
                    "entities": [],
                    "warnings": []
                  },
                  {
                    "id": "18",
                    "entities": [],
                    "warnings": []
                  },
                  {
                    "id": "19",
                    "entities": [],
                    "warnings": []
                  }
                ],
                "errors": [],
                "modelVersion": "2021-06-01"
              }
            }
          ],
          "keyPhraseExtractionTasks": [
            {
              "lastUpdateDateTime": "2022-07-22T02:47:27.8363236Z",
              "state": "succeeded",
              "results": {
                "documents": [
                  {
                    "id": "10",
                    "keyPhrases": [
                      "random text"
                    ],
                    "warnings": []
                  },
                  {
                    "id": "11",
                    "keyPhrases": [
                      "random text"
                    ],
                    "warnings": []
                  },
                  {
                    "id": "12",
                    "keyPhrases": [
                      "random text"
                    ],
                    "warnings": []
                  },
                  {
                    "id": "13",
                    "keyPhrases": [
                      "random text"
                    ],
                    "warnings": []
                  },
                  {
                    "id": "14",
                    "keyPhrases": [
                      "random text"
                    ],
                    "warnings": []
                  },
                  {
                    "id": "15",
                    "keyPhrases": [
                      "random text"
                    ],
                    "warnings": []
                  },
                  {
                    "id": "16",
                    "keyPhrases": [
                      "random text"
                    ],
                    "warnings": []
                  },
                  {
                    "id": "17",
                    "keyPhrases": [
                      "random text"
                    ],
                    "warnings": []
                  },
                  {
                    "id": "18",
                    "keyPhrases": [
                      "random text"
                    ],
                    "warnings": []
                  },
                  {
                    "id": "19",
                    "keyPhrases": [
                      "random text"
                    ],
                    "warnings": []
                  }
                ],
                "errors": [],
                "modelVersion": "2022-07-01"
              }
            }
          ]
        },
        "@nextLink": "https://endpoint/text/analytics/v3.1/analyze/jobs/0bf663b5-4f06-4ae6-b967-9a511a8e7bcf?$skip=20\u0026$top=5\u0026showStats=False"
      }
    },
    {
      "RequestUri": "https://endpoint/text/analytics/v3.1/analyze/jobs/0bf663b5-4f06-4ae6-b967-9a511a8e7bcf?$top=5\u0026$skip=20",
      "RequestMethod": "GET",
      "RequestHeaders": {
        "Accept": "application/json, text/json",
        "Accept-Encoding": "gzip, deflate, br",
        "Accept-Language": "en-US",
        "Connection": "keep-alive",
        "ocp-apim-subscription-key": "api_key",
        "Referer": "http://localhost:9876/",
        "sec-ch-ua": "",
        "sec-ch-ua-mobile": "?0",
        "sec-ch-ua-platform": "",
        "Sec-Fetch-Dest": "empty",
        "Sec-Fetch-Mode": "cors",
        "Sec-Fetch-Site": "same-site",
        "User-Agent": "Mozilla/5.0 (X11; Linux x86_64) AppleWebKit/537.36 (KHTML, like Gecko) HeadlessChrome/103.0.5058.0 Safari/537.36",
        "x-ms-client-request-id": "7a7830bf-4e75-4af7-80eb-eee1dedd689d",
        "x-ms-useragent": "azsdk-js-ai-textanalytics/5.1.1 azsdk-js-ai-text-analytics/5.1.1 core-rest-pipeline/1.9.1 OS/Linuxx86_64"
      },
      "RequestBody": null,
      "StatusCode": 200,
      "ResponseHeaders": {
        "apim-request-id": "354a0346-058b-4b61-b001-69a9992ebb8d",
        "Content-Type": "application/json; charset=utf-8",
        "Date": "Fri, 22 Jul 2022 02:47:30 GMT",
        "Strict-Transport-Security": "max-age=31536000; includeSubDomains; preload",
        "Transfer-Encoding": "chunked",
        "X-Content-Type-Options": "nosniff",
        "x-envoy-upstream-service-time": "120"
      },
      "ResponseBody": {
        "jobId": "0bf663b5-4f06-4ae6-b967-9a511a8e7bcf",
        "lastUpdateDateTime": "2022-07-22T02:47:27Z",
        "createdDateTime": "2022-07-22T02:47:21Z",
        "expirationDateTime": "2022-07-23T02:47:21Z",
        "status": "succeeded",
        "errors": [],
        "tasks": {
          "completed": 2,
          "failed": 0,
          "inProgress": 0,
          "total": 2,
          "entityRecognitionTasks": [
            {
              "lastUpdateDateTime": "2022-07-22T02:47:27.7200285Z",
              "state": "succeeded",
              "results": {
                "documents": [
                  {
                    "id": "20",
                    "entities": [],
                    "warnings": []
                  },
                  {
                    "id": "21",
                    "entities": [],
                    "warnings": []
                  },
                  {
                    "id": "22",
                    "entities": [],
                    "warnings": []
                  },
                  {
                    "id": "23",
                    "entities": [],
                    "warnings": []
                  },
                  {
                    "id": "24",
                    "entities": [
                      {
                        "text": "Microsoft",
                        "category": "Organization",
                        "offset": 0,
                        "length": 9,
                        "confidenceScore": 1.0
                      },
                      {
                        "text": "Bill Gates",
                        "category": "Person",
                        "offset": 25,
                        "length": 10,
                        "confidenceScore": 1.0
                      },
                      {
                        "text": "Paul Allen",
                        "category": "Person",
                        "offset": 40,
                        "length": 10,
                        "confidenceScore": 1.0
                      }
                    ],
                    "warnings": []
                  }
                ],
                "errors": [],
                "modelVersion": "2021-06-01"
              }
            }
          ],
          "keyPhraseExtractionTasks": [
            {
              "lastUpdateDateTime": "2022-07-22T02:47:27.8363236Z",
              "state": "succeeded",
              "results": {
                "documents": [
                  {
                    "id": "20",
                    "keyPhrases": [
                      "random text"
                    ],
                    "warnings": []
                  },
                  {
                    "id": "21",
                    "keyPhrases": [
                      "random text"
                    ],
                    "warnings": []
                  },
                  {
                    "id": "22",
                    "keyPhrases": [
                      "random text"
                    ],
                    "warnings": []
                  },
                  {
                    "id": "23",
                    "keyPhrases": [
                      "random text"
                    ],
                    "warnings": []
                  },
                  {
                    "id": "24",
                    "keyPhrases": [
                      "Bill Gates",
                      "Paul Allen",
                      "Microsoft"
                    ],
                    "warnings": []
                  }
                ],
                "errors": [],
                "modelVersion": "2022-07-01"
              }
            }
          ]
        }
      }
    }
  ],
  "Variables": {}
}
