{
  "Entries": [
    {
      "RequestUri": "https://endpoint/text/analytics/v3.2-preview.2/analyze",
      "RequestMethod": "POST",
      "RequestHeaders": {
        "Accept": "application/json, text/json",
        "Accept-Encoding": "gzip, deflate, br",
        "Accept-Language": "en-GB",
        "Connection": "keep-alive",
        "Content-Length": "310",
        "Content-Type": "application/json",
        "ocp-apim-subscription-key": "api_key",
        "Referer": "http://localhost:9876/",
        "sec-ch-ua": "",
        "sec-ch-ua-mobile": "?0",
        "sec-ch-ua-platform": "",
        "Sec-Fetch-Dest": "empty",
        "Sec-Fetch-Mode": "cors",
        "Sec-Fetch-Site": "same-site",
        "traceparent": "00-00000000000000000000000000000226-0000000000000452-00",
        "User-Agent": "Mozilla/5.0 (Windows NT 10.0; Win64; x64) AppleWebKit/537.36 (KHTML, like Gecko) HeadlessChrome/93.0.4577.0 Safari/537.36",
        "x-ms-client-request-id": "32081f49-0237-4894-83af-eba00e154191",
        "x-ms-useragent": "azsdk-js-ai-text-analytics/5.2.0-beta.3 core-rest-pipeline/1.5.1 OS/Win32"
      },
      "RequestBody": {
        "analysisInput": {
          "documents": [
            {
              "id": "1",
              "text": "I will go to the park."
            }
          ]
        },
        "tasks": {
          "entityRecognitionPiiTasks": [
            {
              "parameters": {
                "model-version": "latest",
                "stringIndexType": "Utf16CodeUnit"
              },
              "taskName": "action1"
            },
            {
              "parameters": {
                "model-version": "latest",
                "stringIndexType": "Utf16CodeUnit"
              },
              "taskName": "action2"
            }
          ]
        }
      },
      "StatusCode": 202,
      "ResponseHeaders": {
        "apim-request-id": "2b2d81e0-560d-4e6f-b7c0-dbcd476e649f",
        "Date": "Fri, 18 Feb 2022 19:13:37 GMT",
        "operation-location": "https://endpoint/text/analytics/v3.2-preview.2/analyze/jobs/f863c4a6-1ed4-4c09-9218-99047f17c0c3",
        "Strict-Transport-Security": "max-age=31536000; includeSubDomains; preload",
        "Transfer-Encoding": "chunked",
        "X-Content-Type-Options": "nosniff",
        "x-envoy-upstream-service-time": "121"
      },
      "ResponseBody": null
    },
    {
      "RequestUri": "https://endpoint/text/analytics/v3.2-preview.2/analyze/jobs/f863c4a6-1ed4-4c09-9218-99047f17c0c3?$top=20\u0026$skip=0",
      "RequestMethod": "GET",
      "RequestHeaders": {
        "Accept": "application/json, text/json",
        "Accept-Encoding": "gzip, deflate, br",
        "Accept-Language": "en-GB",
        "Connection": "keep-alive",
        "ocp-apim-subscription-key": "api_key",
        "Referer": "http://localhost:9876/",
        "sec-ch-ua": "",
        "sec-ch-ua-mobile": "?0",
        "sec-ch-ua-platform": "",
        "Sec-Fetch-Dest": "empty",
        "Sec-Fetch-Mode": "cors",
        "Sec-Fetch-Site": "same-site",
        "traceparent": "00-00000000000000000000000000000227-0000000000000454-00",
        "User-Agent": "Mozilla/5.0 (Windows NT 10.0; Win64; x64) AppleWebKit/537.36 (KHTML, like Gecko) HeadlessChrome/93.0.4577.0 Safari/537.36",
        "x-ms-client-request-id": "4e320e0e-c60a-48cb-996b-e82ec038bed4",
        "x-ms-useragent": "azsdk-js-ai-text-analytics/5.2.0-beta.3 core-rest-pipeline/1.5.1 OS/Win32"
      },
      "RequestBody": null,
      "StatusCode": 200,
      "ResponseHeaders": {
        "apim-request-id": "3443e1dd-b250-47a8-8aac-b8c89a7ca64f",
        "Content-Type": "application/json; charset=utf-8",
        "Date": "Fri, 18 Feb 2022 19:13:37 GMT",
        "Strict-Transport-Security": "max-age=31536000; includeSubDomains; preload",
        "Transfer-Encoding": "chunked",
        "X-Content-Type-Options": "nosniff",
        "x-envoy-upstream-service-time": "7"
      },
      "ResponseBody": {
        "jobId": "f863c4a6-1ed4-4c09-9218-99047f17c0c3",
        "lastUpdateDateTime": "2022-02-18T19:13:37Z",
        "createdDateTime": "2022-02-18T19:13:37Z",
        "expirationDateTime": "2022-02-19T19:13:37Z",
        "status": "notStarted",
        "errors": [],
        "tasks": {
          "completed": 0,
          "failed": 0,
          "inProgress": 2,
          "total": 2
        }
      }
    },
    {
      "RequestUri": "https://endpoint/text/analytics/v3.2-preview.2/analyze/jobs/f863c4a6-1ed4-4c09-9218-99047f17c0c3?$top=20\u0026$skip=0",
      "RequestMethod": "GET",
      "RequestHeaders": {
        "Accept": "application/json, text/json",
        "Accept-Encoding": "gzip, deflate, br",
        "Accept-Language": "en-GB",
        "Connection": "keep-alive",
        "ocp-apim-subscription-key": "api_key",
        "Referer": "http://localhost:9876/",
        "sec-ch-ua": "",
        "sec-ch-ua-mobile": "?0",
        "sec-ch-ua-platform": "",
        "Sec-Fetch-Dest": "empty",
        "Sec-Fetch-Mode": "cors",
        "Sec-Fetch-Site": "same-site",
        "traceparent": "00-00000000000000000000000000000228-0000000000000456-00",
        "User-Agent": "Mozilla/5.0 (Windows NT 10.0; Win64; x64) AppleWebKit/537.36 (KHTML, like Gecko) HeadlessChrome/93.0.4577.0 Safari/537.36",
        "x-ms-client-request-id": "f8cbe8c5-6bc8-4e7b-af98-eeaed8e80ccc",
        "x-ms-useragent": "azsdk-js-ai-text-analytics/5.2.0-beta.3 core-rest-pipeline/1.5.1 OS/Win32"
      },
      "RequestBody": null,
      "StatusCode": 200,
      "ResponseHeaders": {
        "apim-request-id": "38a4f65e-4b9a-4ae5-a943-3739cba56896",
        "Content-Type": "application/json; charset=utf-8",
        "Date": "Fri, 18 Feb 2022 19:13:37 GMT",
        "Strict-Transport-Security": "max-age=31536000; includeSubDomains; preload",
        "Transfer-Encoding": "chunked",
        "X-Content-Type-Options": "nosniff",
        "x-envoy-upstream-service-time": "10"
      },
      "ResponseBody": {
        "jobId": "f863c4a6-1ed4-4c09-9218-99047f17c0c3",
        "lastUpdateDateTime": "2022-02-18T19:13:37Z",
        "createdDateTime": "2022-02-18T19:13:37Z",
        "expirationDateTime": "2022-02-19T19:13:37Z",
        "status": "running",
        "errors": [],
        "tasks": {
          "completed": 0,
          "failed": 0,
          "inProgress": 2,
          "total": 2
        }
      }
    },
    {
      "RequestUri": "https://endpoint/text/analytics/v3.2-preview.2/analyze/jobs/f863c4a6-1ed4-4c09-9218-99047f17c0c3?$top=20\u0026$skip=0",
      "RequestMethod": "GET",
      "RequestHeaders": {
        "Accept": "application/json, text/json",
        "Accept-Encoding": "gzip, deflate, br",
        "Accept-Language": "en-GB",
        "Connection": "keep-alive",
        "ocp-apim-subscription-key": "api_key",
        "Referer": "http://localhost:9876/",
        "sec-ch-ua": "",
        "sec-ch-ua-mobile": "?0",
        "sec-ch-ua-platform": "",
        "Sec-Fetch-Dest": "empty",
        "Sec-Fetch-Mode": "cors",
        "Sec-Fetch-Site": "same-site",
        "traceparent": "00-00000000000000000000000000000229-0000000000000458-00",
        "User-Agent": "Mozilla/5.0 (Windows NT 10.0; Win64; x64) AppleWebKit/537.36 (KHTML, like Gecko) HeadlessChrome/93.0.4577.0 Safari/537.36",
        "x-ms-client-request-id": "1bf60e40-1404-4123-93d2-327c1c70209e",
        "x-ms-useragent": "azsdk-js-ai-text-analytics/5.2.0-beta.3 core-rest-pipeline/1.5.1 OS/Win32"
      },
      "RequestBody": null,
      "StatusCode": 200,
      "ResponseHeaders": {
        "apim-request-id": "1dd1bf02-9cb3-4058-9d2c-264089911340",
        "Content-Type": "application/json; charset=utf-8",
        "Date": "Fri, 18 Feb 2022 19:13:39 GMT",
        "Strict-Transport-Security": "max-age=31536000; includeSubDomains; preload",
        "Transfer-Encoding": "chunked",
        "X-Content-Type-Options": "nosniff",
        "x-envoy-upstream-service-time": "60"
      },
      "ResponseBody": {
        "jobId": "f863c4a6-1ed4-4c09-9218-99047f17c0c3",
        "lastUpdateDateTime": "2022-02-18T19:13:39Z",
        "createdDateTime": "2022-02-18T19:13:37Z",
        "expirationDateTime": "2022-02-19T19:13:37Z",
        "status": "succeeded",
        "errors": [],
        "tasks": {
          "completed": 2,
          "failed": 0,
          "inProgress": 0,
          "total": 2,
          "entityRecognitionPiiTasks": [
            {
              "lastUpdateDateTime": "2022-02-18T19:13:39.7061156Z",
              "taskName": "action1",
              "state": "succeeded",
              "results": {
                "documents": [
                  {
                    "redactedText": "I will go to the park.",
                    "id": "1",
                    "entities": [],
                    "warnings": []
                  }
                ],
                "errors": [],
                "modelVersion": "2021-01-15"
              }
            },
            {
              "lastUpdateDateTime": "2022-02-18T19:13:39.6338521Z",
              "taskName": "action2",
              "state": "succeeded",
              "results": {
                "documents": [
                  {
                    "redactedText": "I will go to the park.",
                    "id": "1",
                    "entities": [],
                    "warnings": []
                  }
                ],
                "errors": [],
                "modelVersion": "2021-01-15"
              }
            }
          ]
        }
      }
    },
    {
      "RequestUri": "https://endpoint/text/analytics/v3.2-preview.2/analyze/jobs/f863c4a6-1ed4-4c09-9218-99047f17c0c3?$top=20\u0026$skip=0",
      "RequestMethod": "GET",
      "RequestHeaders": {
        "Accept": "application/json, text/json",
        "Accept-Encoding": "gzip, deflate, br",
        "Accept-Language": "en-GB",
        "Connection": "keep-alive",
        "ocp-apim-subscription-key": "api_key",
        "Referer": "http://localhost:9876/",
        "sec-ch-ua": "",
        "sec-ch-ua-mobile": "?0",
        "sec-ch-ua-platform": "",
        "Sec-Fetch-Dest": "empty",
        "Sec-Fetch-Mode": "cors",
        "Sec-Fetch-Site": "same-site",
        "traceparent": "00-00000000000000000000000000000230-0000000000000460-00",
        "User-Agent": "Mozilla/5.0 (Windows NT 10.0; Win64; x64) AppleWebKit/537.36 (KHTML, like Gecko) HeadlessChrome/93.0.4577.0 Safari/537.36",
        "x-ms-client-request-id": "8c4362b3-50e0-4f80-ba91-0723e312b31e",
        "x-ms-useragent": "azsdk-js-ai-text-analytics/5.2.0-beta.3 core-rest-pipeline/1.5.1 OS/Win32"
      },
      "RequestBody": null,
      "StatusCode": 200,
      "ResponseHeaders": {
        "apim-request-id": "3709b4d5-bfc1-4ecc-b751-2630ca7f7166",
        "Content-Type": "application/json; charset=utf-8",
        "Date": "Fri, 18 Feb 2022 19:13:39 GMT",
        "Strict-Transport-Security": "max-age=31536000; includeSubDomains; preload",
        "Transfer-Encoding": "chunked",
        "X-Content-Type-Options": "nosniff",
        "x-envoy-upstream-service-time": "101"
      },
      "ResponseBody": {
        "jobId": "f863c4a6-1ed4-4c09-9218-99047f17c0c3",
        "lastUpdateDateTime": "2022-02-18T19:13:39Z",
        "createdDateTime": "2022-02-18T19:13:37Z",
        "expirationDateTime": "2022-02-19T19:13:37Z",
        "status": "succeeded",
        "errors": [],
        "tasks": {
          "completed": 2,
          "failed": 0,
          "inProgress": 0,
          "total": 2,
          "entityRecognitionPiiTasks": [
            {
              "lastUpdateDateTime": "2022-02-18T19:13:39.7061156Z",
              "taskName": "action1",
              "state": "succeeded",
              "results": {
                "documents": [
                  {
                    "redactedText": "I will go to the park.",
                    "id": "1",
                    "entities": [],
                    "warnings": []
                  }
                ],
                "errors": [],
                "modelVersion": "2021-01-15"
              }
            },
            {
              "lastUpdateDateTime": "2022-02-18T19:13:39.6338521Z",
              "taskName": "action2",
              "state": "succeeded",
              "results": {
                "documents": [
                  {
                    "redactedText": "I will go to the park.",
                    "id": "1",
                    "entities": [],
                    "warnings": []
                  }
                ],
                "errors": [],
                "modelVersion": "2021-01-15"
              }
            }
          ]
        }
      }
    }
  ],
  "Variables": {}
}
