{
  "Entries": [
    {
      "RequestUri": "https://endpoint/shortCodes/countries/US/programBriefs?skip=0\u0026top=100\u0026api-version=2022-09-06",
      "RequestMethod": "GET",
      "RequestHeaders": {
        "Accept": "application/json",
        "Accept-Encoding": "gzip,deflate",
        "Authorization": "Sanitized",
        "Connection": "keep-alive",
        "User-Agent": "azsdk-js-communication-short-codes/1.0.0-beta.5 core-rest-pipeline/1.10.4 Node/v18.13.0 OS/(x64-Linux-5.15.90.1-microsoft-standard-WSL2)",
        "x-ms-client-request-id": "9d787bd6-07fc-4c7b-8e57-17f1fee41298",
        "x-ms-content-sha256": "47DEQpj8HBSa\u002B/TImW\u002B5JCeuQeRkm5NMpJWZG3hSuFU=",
        "x-ms-date": "Wed, 19 Apr 2023 20:36:10 GMT"
      },
      "RequestBody": null,
      "StatusCode": 200,
      "ResponseHeaders": {
        "Accept-Ranges": "bytes",
        "api-supported-versions": "2021-10-25-preview, 2022-09-06",
        "Connection": "keep-alive",
        "Content-Length": "20",
        "Content-Type": "application/json; charset=utf-8",
        "Date": "Wed, 19 Apr 2023 20:36:12 GMT",
        "MS-CV": "sYfwOROV3U21Lb0gqmilKg.0",
        "Strict-Transport-Security": "max-age=2592000",
        "x-azure-ref": "20230419T203611Z-nh2w8dbk4p2st4fz1a87vwzz7000000004mg00000000rewc",
        "X-Cache": "CONFIG_NOCACHE",
        "X-Processing-Time": "1286ms"
      },
      "ResponseBody": {
        "programBriefs": []
      }
    },
    {
      "RequestUri": "https://endpoint/shortCodes/countries/US/programBriefs/9d787bd6-07fc-4c7b-8e57-17f1fee41298?api-version=2022-09-06",
      "RequestMethod": "GET",
      "RequestHeaders": {
        "Accept": "application/json",
        "Accept-Encoding": "gzip,deflate",
        "Authorization": "Sanitized",
        "Connection": "keep-alive",
        "User-Agent": "azsdk-js-communication-short-codes/1.0.0-beta.5 core-rest-pipeline/1.10.4 Node/v18.13.0 OS/(x64-Linux-5.15.90.1-microsoft-standard-WSL2)",
        "x-ms-client-request-id": "9d787bd6-07fc-4c7b-8e57-17f1fee41298",
        "x-ms-content-sha256": "47DEQpj8HBSa\u002B/TImW\u002B5JCeuQeRkm5NMpJWZG3hSuFU=",
        "x-ms-date": "Wed, 19 Apr 2023 20:36:12 GMT"
      },
      "RequestBody": null,
      "StatusCode": 404,
      "ResponseHeaders": {
        "api-supported-versions": "2021-10-25-preview, 2022-09-06",
        "Connection": "keep-alive",
        "Content-Type": "application/json",
        "Date": "Wed, 19 Apr 2023 20:36:13 GMT",
        "MS-CV": "RV/RdmGQmk2L\u002BoPsfWlmZw.0",
        "Strict-Transport-Security": "max-age=2592000",
        "Transfer-Encoding": "chunked",
        "x-azure-ref": "20230419T203612Z-nh2w8dbk4p2st4fz1a87vwzz7000000004mg00000000rf07",
        "X-Cache": "CONFIG_NOCACHE",
        "X-Processing-Time": "568ms"
      },
      "ResponseBody": {
        "error": {
          "code": "NotFound",
          "message": "Could not find the ProgramBrief with key \u0027Azure|9d787bd6-07fc-4c7b-8e57-17f1fee41298|9d787bd6-07fc-4c7b-8e57-17f1fee41298\u0027"
        }
      }
    },
    {
      "RequestUri": "https://endpoint/shortCodes/countries/US/programBriefs/9d787bd6-07fc-4c7b-8e57-17f1fee41298?api-version=2022-09-06",
      "RequestMethod": "PATCH",
      "RequestHeaders": {
        "Accept": "application/json",
        "Accept-Encoding": "gzip,deflate",
        "Authorization": "Sanitized",
        "Connection": "keep-alive",
        "Content-Length": "2038",
        "Content-Type": "application/merge-patch\u002Bjson",
        "User-Agent": "azsdk-js-communication-short-codes/1.0.0-beta.5 core-rest-pipeline/1.10.4 Node/v18.13.0 OS/(x64-Linux-5.15.90.1-microsoft-standard-WSL2)",
        "x-ms-client-request-id": "9d787bd6-07fc-4c7b-8e57-17f1fee41298",
        "x-ms-content-sha256": "iHlBXSwTzEIs8jFih1J5HGONG33/HoO5euoM6B8C5sc=",
        "x-ms-date": "Wed, 19 Apr 2023 20:36:13 GMT"
      },
      "RequestBody": {
        "id": "9d787bd6-07fc-4c7b-8e57-17f1fee41298",
        "programDetails": {
          "isVanity": false,
          "numberType": "shortCode",
          "isPoliticalCampaign": false,
          "name": "Contoso Loyalty Program",
          "description": "TEST Customers can sign up to receive regular updates on coupons and other perks of our loyalty program.",
          "url": "https://endpoint/loyalty-program",
          "callToActionTypes": [
            "sms",
            "website"
          ],
          "callToActionUrl": "https://contoso.com/sign-up",
          "termsOfServiceUrl": "https://contoso.com/terms",
          "privacyPolicyUrl": "https://contoso.com/privacy"
        },
        "companyInformation": {
          "name": "Contoso",
          "url": "https://contoso.com",
          "address": "1 Contoso Way Redmond, WA 98052",
          "contactInformation": {
            "name": "Alex",
            "phone": "\u002B14255551234",
            "email": "alex@contoso.com"
          },
          "customerCareInformation": {
            "tollFreeNumber": "\u002B18005551234",
            "email": "customercare@contoso.com"
          }
        },
        "messageDetails": {
          "supportedProtocol": "sms",
          "recurrence": "subscription",
          "helpAnswerToUser": "Send \u0027Stop\u0027 to unsubscribe, send \u0027Start\u0027 to resubscribe.",
          "optOutAnswerToUser": "You\u0027ve been unsubscribed from these messages.  Send \u0027Start\u0027 if you want to resubscribe.",
          "optInMessageToUser": "Someone requested to subscribe this number to receive updates about Contoso\u0027s loyalty program.  To confirm subscription, reply to this message with \u0027JOIN\u0027",
          "optInAnswerFromUser": "JOIN",
          "optInConfirmationMessageToUser": "Congrats, you have been successfully subscribed to loyalty program updates.  Welcome!",
          "directionality": "twoWay",
          "useCases": [
            {
              "contentType": "marketingAndPromotion",
              "examples": [
                {
                  "messages": [
                    {
                      "direction": "fromUser",
                      "text": "txtMessage"
                    }
                  ]
                }
              ]
            },
            {
              "contentType": "loyaltyProgram",
              "examples": [
                {
                  "messages": [
                    {
                      "direction": "toUser",
                      "text": "txtMessage"
                    }
                  ]
                }
              ]
            },
            {
              "contentType": "sweepstakesOrContest",
              "examples": [
                {
                  "messages": [
                    {
                      "direction": "toUser",
                      "text": "txtMessage"
                    }
                  ]
                }
              ]
            }
          ]
        },
        "trafficDetails": {
          "totalMonthlyVolume": 10000,
          "monthlyAverageMessagesFromUser": 1,
          "monthlyAverageMessagesToUser": 3,
          "isSpiky": true,
          "spikeDetails": "Higher traffic expected around major shopping holidays, most notably Black Friday and Memorial Day.",
          "estimatedRampUpTimeInDays": 0
        }
      },
      "StatusCode": 201,
      "ResponseHeaders": {
        "api-supported-versions": "2021-10-25-preview, 2022-09-06",
        "Connection": "keep-alive",
        "Content-Length": "2245",
        "Content-Type": "application/json; charset=utf-8",
        "Date": "Wed, 19 Apr 2023 20:36:14 GMT",
        "Location": "https://endpoint/shortCodes/countries/US/programBriefs/9d787bd6-07fc-4c7b-8e57-17f1fee41298",
        "MS-CV": "lSnCsx808k6JBaprJROTNg.0",
        "Strict-Transport-Security": "max-age=2592000",
        "x-azure-ref": "20230419T203613Z-nh2w8dbk4p2st4fz1a87vwzz7000000004mg00000000rf2h",
        "X-Cache": "CONFIG_NOCACHE",
        "X-Processing-Time": "1388ms"
      },
      "ResponseBody": {
        "id": "9d787bd6-07fc-4c7b-8e57-17f1fee41298",
        "status": "draft",
        "costs": [
          {
            "amount": 650.0,
            "currencyCode": "USD",
            "billingFrequency": "once"
          },
          {
            "amount": 1000.0,
            "currencyCode": "USD",
            "billingFrequency": "monthly"
          }
        ],
        "statusUpdatedDate": "2023-04-19T20:36:14\u002B00:00",
        "programDetails": {
          "isVanity": false,
          "numberType": "shortCode",
          "isPoliticalCampaign": false,
          "name": "Contoso Loyalty Program",
          "description": "TEST Customers can sign up to receive regular updates on coupons and other perks of our loyalty program.",
          "url": "https://endpoint/loyalty-program",
          "callToActionTypes": [
            "sms",
            "website"
          ],
          "callToActionUrl": "https://contoso.com/sign-up",
          "termsOfServiceUrl": "https://contoso.com/terms",
          "privacyPolicyUrl": "https://contoso.com/privacy"
        },
        "companyInformation": {
          "name": "Contoso",
          "url": "https://contoso.com",
          "address": "1 Contoso Way Redmond, WA 98052",
          "contactInformation": {
            "name": "Alex",
            "phone": "\u002B14255551234",
            "email": "alex@contoso.com"
          },
          "customerCareInformation": {
            "tollFreeNumber": "\u002B18005551234",
            "email": "customercare@contoso.com"
          }
        },
        "messageDetails": {
          "supportedProtocol": "sms",
          "recurrence": "subscription",
          "helpAnswerToUser": "Send \u0027Stop\u0027 to unsubscribe, send \u0027Start\u0027 to resubscribe.",
          "optOutAnswerToUser": "You\u0027ve been unsubscribed from these messages.  Send \u0027Start\u0027 if you want to resubscribe.",
          "optInMessageToUser": "Someone requested to subscribe this number to receive updates about Contoso\u0027s loyalty program.  To confirm subscription, reply to this message with \u0027JOIN\u0027",
          "optInAnswerFromUser": "JOIN",
          "optInConfirmationMessageToUser": "Congrats, you have been successfully subscribed to loyalty program updates.  Welcome!",
          "directionality": "twoWay",
          "useCases": [
            {
              "contentType": "marketingAndPromotion",
              "examples": [
                {
                  "messages": [
                    {
                      "direction": "fromUser",
                      "text": "txtMessage"
                    }
                  ]
                }
              ]
            },
            {
              "contentType": "loyaltyProgram",
              "examples": [
                {
                  "messages": [
                    {
                      "direction": "toUser",
                      "text": "txtMessage"
                    }
                  ]
                }
              ]
            },
            {
              "contentType": "sweepstakesOrContest",
              "examples": [
                {
                  "messages": [
                    {
                      "direction": "toUser",
                      "text": "txtMessage"
                    }
                  ]
                }
              ]
            }
          ]
        },
        "trafficDetails": {
          "totalMonthlyVolume": 10000,
          "monthlyAverageMessagesFromUser": 1,
          "monthlyAverageMessagesToUser": 3,
          "isSpiky": true,
          "spikeDetails": "Higher traffic expected around major shopping holidays, most notably Black Friday and Memorial Day.",
          "estimatedRampUpTimeInDays": 0
        }
      }
    },
    {
      "RequestUri": "https://endpoint/shortCodes/countries/US/programBriefs/9d787bd6-07fc-4c7b-8e57-17f1fee41298?api-version=2022-09-06",
      "RequestMethod": "GET",
      "RequestHeaders": {
        "Accept": "application/json",
        "Accept-Encoding": "gzip,deflate",
        "Authorization": "Sanitized",
        "Connection": "keep-alive",
        "User-Agent": "azsdk-js-communication-short-codes/1.0.0-beta.5 core-rest-pipeline/1.10.4 Node/v18.13.0 OS/(x64-Linux-5.15.90.1-microsoft-standard-WSL2)",
        "x-ms-client-request-id": "9d787bd6-07fc-4c7b-8e57-17f1fee41298",
        "x-ms-content-sha256": "47DEQpj8HBSa\u002B/TImW\u002B5JCeuQeRkm5NMpJWZG3hSuFU=",
        "x-ms-date": "Wed, 19 Apr 2023 20:36:14 GMT"
      },
      "RequestBody": null,
      "StatusCode": 200,
      "ResponseHeaders": {
        "Accept-Ranges": "bytes",
        "api-supported-versions": "2021-10-25-preview, 2022-09-06",
        "Connection": "keep-alive",
        "Content-Length": "2245",
        "Content-Type": "application/json; charset=utf-8",
        "Date": "Wed, 19 Apr 2023 20:36:15 GMT",
        "MS-CV": "g9PeUA8D\u002BE260tvXm1fsPw.0",
        "Strict-Transport-Security": "max-age=2592000",
        "x-azure-ref": "20230419T203614Z-nh2w8dbk4p2st4fz1a87vwzz7000000004mg00000000rf72",
        "X-Cache": "CONFIG_NOCACHE",
        "X-Processing-Time": "601ms"
      },
      "ResponseBody": {
        "id": "9d787bd6-07fc-4c7b-8e57-17f1fee41298",
        "status": "draft",
        "costs": [
          {
            "amount": 650.0,
            "currencyCode": "USD",
            "billingFrequency": "once"
          },
          {
            "amount": 1000.0,
            "currencyCode": "USD",
            "billingFrequency": "monthly"
          }
        ],
        "statusUpdatedDate": "2023-04-19T20:36:14\u002B00:00",
        "programDetails": {
          "isVanity": false,
          "numberType": "shortCode",
          "isPoliticalCampaign": false,
          "name": "Contoso Loyalty Program",
          "description": "TEST Customers can sign up to receive regular updates on coupons and other perks of our loyalty program.",
          "url": "https://endpoint/loyalty-program",
          "callToActionTypes": [
            "sms",
            "website"
          ],
          "callToActionUrl": "https://contoso.com/sign-up",
          "termsOfServiceUrl": "https://contoso.com/terms",
          "privacyPolicyUrl": "https://contoso.com/privacy"
        },
        "companyInformation": {
          "name": "Contoso",
          "url": "https://contoso.com",
          "address": "1 Contoso Way Redmond, WA 98052",
          "contactInformation": {
            "name": "Alex",
            "phone": "\u002B14255551234",
            "email": "alex@contoso.com"
          },
          "customerCareInformation": {
            "tollFreeNumber": "\u002B18005551234",
            "email": "customercare@contoso.com"
          }
        },
        "messageDetails": {
          "supportedProtocol": "sms",
          "recurrence": "subscription",
          "helpAnswerToUser": "Send \u0027Stop\u0027 to unsubscribe, send \u0027Start\u0027 to resubscribe.",
          "optOutAnswerToUser": "You\u0027ve been unsubscribed from these messages.  Send \u0027Start\u0027 if you want to resubscribe.",
          "optInMessageToUser": "Someone requested to subscribe this number to receive updates about Contoso\u0027s loyalty program.  To confirm subscription, reply to this message with \u0027JOIN\u0027",
          "optInAnswerFromUser": "JOIN",
          "optInConfirmationMessageToUser": "Congrats, you have been successfully subscribed to loyalty program updates.  Welcome!",
          "directionality": "twoWay",
          "useCases": [
            {
              "contentType": "marketingAndPromotion",
              "examples": [
                {
                  "messages": [
                    {
                      "direction": "fromUser",
                      "text": "txtMessage"
                    }
                  ]
                }
              ]
            },
            {
              "contentType": "loyaltyProgram",
              "examples": [
                {
                  "messages": [
                    {
                      "direction": "toUser",
                      "text": "txtMessage"
                    }
                  ]
                }
              ]
            },
            {
              "contentType": "sweepstakesOrContest",
              "examples": [
                {
                  "messages": [
                    {
                      "direction": "toUser",
                      "text": "txtMessage"
                    }
                  ]
                }
              ]
            }
          ]
        },
        "trafficDetails": {
          "totalMonthlyVolume": 10000,
          "monthlyAverageMessagesFromUser": 1,
          "monthlyAverageMessagesToUser": 3,
          "isSpiky": true,
          "spikeDetails": "Higher traffic expected around major shopping holidays, most notably Black Friday and Memorial Day.",
          "estimatedRampUpTimeInDays": 0
        }
      }
    },
    {
      "RequestUri": "https://endpoint/shortCodes/countries/US/programBriefs/9d787bd6-07fc-4c7b-8e57-17f1fee41298?api-version=2022-09-06",
      "RequestMethod": "PATCH",
      "RequestHeaders": {
        "Accept": "application/json",
        "Accept-Encoding": "gzip,deflate",
        "Authorization": "Sanitized",
        "Connection": "keep-alive",
        "Content-Length": "224",
        "Content-Type": "application/merge-patch\u002Bjson",
        "User-Agent": "azsdk-js-communication-short-codes/1.0.0-beta.5 core-rest-pipeline/1.10.4 Node/v18.13.0 OS/(x64-Linux-5.15.90.1-microsoft-standard-WSL2)",
        "x-ms-client-request-id": "9d787bd6-07fc-4c7b-8e57-17f1fee41298",
        "x-ms-content-sha256": "KuHPIDftqYSmNTBRH0X\u002B\u002BUuxfhYxCxHky40hFEz81nU=",
        "x-ms-date": "Wed, 19 Apr 2023 20:36:15 GMT"
      },
      "RequestBody": {
        "id": "9d787bd6-07fc-4c7b-8e57-17f1fee41298",
        "programDetails": {
          "callToActionUrl": "https://endpoint/updated-sign-up",
          "termsOfServiceUrl": "https://endpoint/updated-terms",
          "privacyPolicyUrl": "https://endpoint/updated-privacy"
        }
      },
      "StatusCode": 200,
      "ResponseHeaders": {
        "Accept-Ranges": "bytes",
        "api-supported-versions": "2021-10-25-preview, 2022-09-06",
        "Connection": "keep-alive",
        "Content-Length": "2260",
        "Content-Type": "application/json; charset=utf-8",
        "Date": "Wed, 19 Apr 2023 20:36:16 GMT",
        "MS-CV": "AW5\u002Bqnq3eEGoaYrMiQ3cEA.0",
        "Strict-Transport-Security": "max-age=2592000",
        "x-azure-ref": "20230419T203615Z-nh2w8dbk4p2st4fz1a87vwzz7000000004mg00000000rfag",
        "X-Cache": "CONFIG_NOCACHE",
        "X-Processing-Time": "712ms"
      },
      "ResponseBody": {
        "id": "9d787bd6-07fc-4c7b-8e57-17f1fee41298",
        "status": "draft",
        "costs": [
          {
            "amount": 650.0,
            "currencyCode": "USD",
            "billingFrequency": "once"
          },
          {
            "amount": 1000.0,
            "currencyCode": "USD",
            "billingFrequency": "monthly"
          }
        ],
        "statusUpdatedDate": "2023-04-19T20:36:14\u002B00:00",
        "programDetails": {
          "isVanity": false,
          "numberType": "shortCode",
          "isPoliticalCampaign": false,
          "name": "Contoso Loyalty Program",
          "description": "TEST Customers can sign up to receive regular updates on coupons and other perks of our loyalty program.",
          "url": "https://endpoint/loyalty-program",
          "callToActionTypes": [
            "sms",
            "website"
          ],
          "callToActionUrl": "https://endpoint/updated-sign-up",
          "termsOfServiceUrl": "https://endpoint/updated-terms",
          "privacyPolicyUrl": "https://endpoint/updated-privacy"
        },
        "companyInformation": {
          "name": "Contoso",
          "url": "https://contoso.com",
          "address": "1 Contoso Way Redmond, WA 98052",
          "contactInformation": {
            "name": "Alex",
            "phone": "\u002B14255551234",
            "email": "alex@contoso.com"
          },
          "customerCareInformation": {
            "tollFreeNumber": "\u002B18005551234",
            "email": "customercare@contoso.com"
          }
        },
        "messageDetails": {
          "supportedProtocol": "sms",
          "recurrence": "subscription",
          "helpAnswerToUser": "Send \u0027Stop\u0027 to unsubscribe, send \u0027Start\u0027 to resubscribe.",
          "optOutAnswerToUser": "You\u0027ve been unsubscribed from these messages.  Send \u0027Start\u0027 if you want to resubscribe.",
          "optInMessageToUser": "Someone requested to subscribe this number to receive updates about Contoso\u0027s loyalty program.  To confirm subscription, reply to this message with \u0027JOIN\u0027",
          "optInAnswerFromUser": "JOIN",
          "optInConfirmationMessageToUser": "Congrats, you have been successfully subscribed to loyalty program updates.  Welcome!",
          "directionality": "twoWay",
          "useCases": [
            {
              "contentType": "marketingAndPromotion",
              "examples": [
                {
                  "messages": [
                    {
                      "direction": "fromUser",
                      "text": "txtMessage"
                    }
                  ]
                }
              ]
            },
            {
              "contentType": "loyaltyProgram",
              "examples": [
                {
                  "messages": [
                    {
                      "direction": "toUser",
                      "text": "txtMessage"
                    }
                  ]
                }
              ]
            },
            {
              "contentType": "sweepstakesOrContest",
              "examples": [
                {
                  "messages": [
                    {
                      "direction": "toUser",
                      "text": "txtMessage"
                    }
                  ]
                }
              ]
            }
          ]
        },
        "trafficDetails": {
          "totalMonthlyVolume": 10000,
          "monthlyAverageMessagesFromUser": 1,
          "monthlyAverageMessagesToUser": 3,
          "isSpiky": true,
          "spikeDetails": "Higher traffic expected around major shopping holidays, most notably Black Friday and Memorial Day.",
          "estimatedRampUpTimeInDays": 0
        }
      }
    },
    {
      "RequestUri": "https://endpoint/shortCodes/countries/US/programBriefs/9d787bd6-07fc-4c7b-8e57-17f1fee41298?api-version=2022-09-06",
      "RequestMethod": "GET",
      "RequestHeaders": {
        "Accept": "application/json",
        "Accept-Encoding": "gzip,deflate",
        "Authorization": "Sanitized",
        "Connection": "keep-alive",
        "User-Agent": "azsdk-js-communication-short-codes/1.0.0-beta.5 core-rest-pipeline/1.10.4 Node/v18.13.0 OS/(x64-Linux-5.15.90.1-microsoft-standard-WSL2)",
        "x-ms-client-request-id": "9d787bd6-07fc-4c7b-8e57-17f1fee41298",
        "x-ms-content-sha256": "47DEQpj8HBSa\u002B/TImW\u002B5JCeuQeRkm5NMpJWZG3hSuFU=",
        "x-ms-date": "Wed, 19 Apr 2023 20:36:16 GMT"
      },
      "RequestBody": null,
      "StatusCode": 200,
      "ResponseHeaders": {
        "Accept-Ranges": "bytes",
        "api-supported-versions": "2021-10-25-preview, 2022-09-06",
        "Connection": "keep-alive",
        "Content-Length": "2260",
        "Content-Type": "application/json; charset=utf-8",
        "Date": "Wed, 19 Apr 2023 20:36:16 GMT",
        "MS-CV": "zks0B8ce7EiW2EHZY7dZhQ.0",
        "Strict-Transport-Security": "max-age=2592000",
        "x-azure-ref": "20230419T203616Z-nh2w8dbk4p2st4fz1a87vwzz7000000004mg00000000rfde",
        "X-Cache": "CONFIG_NOCACHE",
        "X-Processing-Time": "520ms"
      },
      "ResponseBody": {
        "id": "9d787bd6-07fc-4c7b-8e57-17f1fee41298",
        "status": "draft",
        "costs": [
          {
            "amount": 650.0,
            "currencyCode": "USD",
            "billingFrequency": "once"
          },
          {
            "amount": 1000.0,
            "currencyCode": "USD",
            "billingFrequency": "monthly"
          }
        ],
        "statusUpdatedDate": "2023-04-19T20:36:14\u002B00:00",
        "programDetails": {
          "isVanity": false,
          "numberType": "shortCode",
          "isPoliticalCampaign": false,
          "name": "Contoso Loyalty Program",
          "description": "TEST Customers can sign up to receive regular updates on coupons and other perks of our loyalty program.",
          "url": "https://endpoint/loyalty-program",
          "callToActionTypes": [
            "sms",
            "website"
          ],
          "callToActionUrl": "https://endpoint/updated-sign-up",
          "termsOfServiceUrl": "https://endpoint/updated-terms",
          "privacyPolicyUrl": "https://endpoint/updated-privacy"
        },
        "companyInformation": {
          "name": "Contoso",
          "url": "https://contoso.com",
          "address": "1 Contoso Way Redmond, WA 98052",
          "contactInformation": {
            "name": "Alex",
            "phone": "\u002B14255551234",
            "email": "alex@contoso.com"
          },
          "customerCareInformation": {
            "tollFreeNumber": "\u002B18005551234",
            "email": "customercare@contoso.com"
          }
        },
        "messageDetails": {
          "supportedProtocol": "sms",
          "recurrence": "subscription",
          "helpAnswerToUser": "Send \u0027Stop\u0027 to unsubscribe, send \u0027Start\u0027 to resubscribe.",
          "optOutAnswerToUser": "You\u0027ve been unsubscribed from these messages.  Send \u0027Start\u0027 if you want to resubscribe.",
          "optInMessageToUser": "Someone requested to subscribe this number to receive updates about Contoso\u0027s loyalty program.  To confirm subscription, reply to this message with \u0027JOIN\u0027",
          "optInAnswerFromUser": "JOIN",
          "optInConfirmationMessageToUser": "Congrats, you have been successfully subscribed to loyalty program updates.  Welcome!",
          "directionality": "twoWay",
          "useCases": [
            {
              "contentType": "marketingAndPromotion",
              "examples": [
                {
                  "messages": [
                    {
                      "direction": "fromUser",
                      "text": "txtMessage"
                    }
                  ]
                }
              ]
            },
            {
              "contentType": "loyaltyProgram",
              "examples": [
                {
                  "messages": [
                    {
                      "direction": "toUser",
                      "text": "txtMessage"
                    }
                  ]
                }
              ]
            },
            {
              "contentType": "sweepstakesOrContest",
              "examples": [
                {
                  "messages": [
                    {
                      "direction": "toUser",
                      "text": "txtMessage"
                    }
                  ]
                }
              ]
            }
          ]
        },
        "trafficDetails": {
          "totalMonthlyVolume": 10000,
          "monthlyAverageMessagesFromUser": 1,
          "monthlyAverageMessagesToUser": 3,
          "isSpiky": true,
          "spikeDetails": "Higher traffic expected around major shopping holidays, most notably Black Friday and Memorial Day.",
          "estimatedRampUpTimeInDays": 0
        }
      }
    },
    {
      "RequestUri": "https://endpoint/shortCodes/countries/US/programBriefs?skip=0\u0026top=1\u0026api-version=2022-09-06",
      "RequestMethod": "GET",
      "RequestHeaders": {
        "Accept": "application/json",
        "Accept-Encoding": "gzip,deflate",
        "Authorization": "Sanitized",
        "Connection": "keep-alive",
        "User-Agent": "azsdk-js-communication-short-codes/1.0.0-beta.5 core-rest-pipeline/1.10.4 Node/v18.13.0 OS/(x64-Linux-5.15.90.1-microsoft-standard-WSL2)",
        "x-ms-client-request-id": "9d787bd6-07fc-4c7b-8e57-17f1fee41298",
        "x-ms-content-sha256": "47DEQpj8HBSa\u002B/TImW\u002B5JCeuQeRkm5NMpJWZG3hSuFU=",
        "x-ms-date": "Wed, 19 Apr 2023 20:36:16 GMT"
      },
      "RequestBody": null,
      "StatusCode": 200,
      "ResponseHeaders": {
        "Accept-Ranges": "bytes",
        "api-supported-versions": "2021-10-25-preview, 2022-09-06",
        "Connection": "keep-alive",
        "Content-Length": "2368",
        "Content-Type": "application/json; charset=utf-8",
        "Date": "Wed, 19 Apr 2023 20:36:17 GMT",
        "MS-CV": "/u8gJKjQEU\u002Bl9jJfvywqFA.0",
        "Strict-Transport-Security": "max-age=2592000",
        "x-azure-ref": "20230419T203616Z-nh2w8dbk4p2st4fz1a87vwzz7000000004mg00000000rfg3",
        "X-Cache": "CONFIG_NOCACHE",
        "X-Processing-Time": "809ms"
      },
      "ResponseBody": {
        "programBriefs": [
          {
            "id": "9d787bd6-07fc-4c7b-8e57-17f1fee41298",
            "status": "draft",
            "costs": [
              {
                "amount": 650.0,
                "currencyCode": "USD",
                "billingFrequency": "once"
              },
              {
                "amount": 1000.0,
                "currencyCode": "USD",
                "billingFrequency": "monthly"
              }
            ],
            "statusUpdatedDate": "2023-04-19T20:36:14\u002B00:00",
            "programDetails": {
              "isVanity": false,
              "numberType": "shortCode",
              "isPoliticalCampaign": false,
              "name": "Contoso Loyalty Program",
              "description": "TEST Customers can sign up to receive regular updates on coupons and other perks of our loyalty program.",
              "url": "https://endpoint/loyalty-program",
              "callToActionTypes": [
                "sms",
                "website"
              ],
              "callToActionUrl": "https://endpoint/updated-sign-up",
              "termsOfServiceUrl": "https://endpoint/updated-terms",
              "privacyPolicyUrl": "https://endpoint/updated-privacy"
            },
            "companyInformation": {
              "name": "Contoso",
              "url": "https://contoso.com",
              "address": "1 Contoso Way Redmond, WA 98052",
              "contactInformation": {
                "name": "Alex",
                "phone": "\u002B14255551234",
                "email": "alex@contoso.com"
              },
              "customerCareInformation": {
                "tollFreeNumber": "\u002B18005551234",
                "email": "customercare@contoso.com"
              }
            },
            "messageDetails": {
              "supportedProtocol": "sms",
              "recurrence": "subscription",
              "helpAnswerToUser": "Send \u0027Stop\u0027 to unsubscribe, send \u0027Start\u0027 to resubscribe.",
              "optOutAnswerToUser": "You\u0027ve been unsubscribed from these messages.  Send \u0027Start\u0027 if you want to resubscribe.",
              "optInMessageToUser": "Someone requested to subscribe this number to receive updates about Contoso\u0027s loyalty program.  To confirm subscription, reply to this message with \u0027JOIN\u0027",
              "optInAnswerFromUser": "JOIN",
              "optInConfirmationMessageToUser": "Congrats, you have been successfully subscribed to loyalty program updates.  Welcome!",
              "directionality": "twoWay",
              "useCases": [
                {
                  "contentType": "marketingAndPromotion",
                  "examples": [
                    {
                      "messages": [
                        {
                          "direction": "fromUser",
                          "text": "txtMessage"
                        }
                      ]
                    }
                  ]
                },
                {
                  "contentType": "loyaltyProgram",
                  "examples": [
                    {
                      "messages": [
                        {
                          "direction": "toUser",
                          "text": "txtMessage"
                        }
                      ]
                    }
                  ]
                },
                {
                  "contentType": "sweepstakesOrContest",
                  "examples": [
                    {
                      "messages": [
                        {
                          "direction": "toUser",
                          "text": "txtMessage"
                        }
                      ]
                    }
                  ]
                }
              ]
            },
            "trafficDetails": {
              "totalMonthlyVolume": 10000,
              "monthlyAverageMessagesFromUser": 1,
              "monthlyAverageMessagesToUser": 3,
              "isSpiky": true,
              "spikeDetails": "Higher traffic expected around major shopping holidays, most notably Black Friday and Memorial Day.",
              "estimatedRampUpTimeInDays": 0
            }
          }
        ],
        "nextLink": "/shortCodes/countries/US/programBriefs?skip=1\u0026top=1\u0026api-version=2022-09-06"
      }
    },
    {
      "RequestUri": "https://endpoint/shortCodes/countries/US/programBriefs?skip=1\u0026top=1\u0026api-version=2022-09-06",
      "RequestMethod": "GET",
      "RequestHeaders": {
        "Accept": "application/json",
        "Accept-Encoding": "gzip,deflate",
        "Authorization": "Sanitized",
        "Connection": "keep-alive",
        "User-Agent": "azsdk-js-communication-short-codes/1.0.0-beta.5 core-rest-pipeline/1.10.4 Node/v18.13.0 OS/(x64-Linux-5.15.90.1-microsoft-standard-WSL2)",
        "x-ms-client-request-id": "9d787bd6-07fc-4c7b-8e57-17f1fee41298",
        "x-ms-content-sha256": "47DEQpj8HBSa\u002B/TImW\u002B5JCeuQeRkm5NMpJWZG3hSuFU=",
        "x-ms-date": "Wed, 19 Apr 2023 20:36:17 GMT"
      },
      "RequestBody": null,
      "StatusCode": 200,
      "ResponseHeaders": {
        "Accept-Ranges": "bytes",
        "api-supported-versions": "2021-10-25-preview, 2022-09-06",
        "Connection": "keep-alive",
        "Content-Length": "20",
        "Content-Type": "application/json; charset=utf-8",
        "Date": "Wed, 19 Apr 2023 20:36:18 GMT",
        "MS-CV": "Jp20FOSAH0W5HcsqFZwePQ.0",
        "Strict-Transport-Security": "max-age=2592000",
        "x-azure-ref": "20230419T203617Z-nh2w8dbk4p2st4fz1a87vwzz7000000004mg00000000rfks",
        "X-Cache": "CONFIG_NOCACHE",
        "X-Processing-Time": "808ms"
      },
      "ResponseBody": {
        "programBriefs": []
      }
    },
    {
      "RequestUri": "https://endpoint/shortCodes/countries/US/programBriefs/9d787bd6-07fc-4c7b-8e57-17f1fee41298?api-version=2022-09-06",
      "RequestMethod": "DELETE",
      "RequestHeaders": {
        "Accept": "application/json",
        "Accept-Encoding": "gzip,deflate",
        "Authorization": "Sanitized",
        "Connection": "keep-alive",
        "User-Agent": "azsdk-js-communication-short-codes/1.0.0-beta.5 core-rest-pipeline/1.10.4 Node/v18.13.0 OS/(x64-Linux-5.15.90.1-microsoft-standard-WSL2)",
        "x-ms-client-request-id": "9d787bd6-07fc-4c7b-8e57-17f1fee41298",
        "x-ms-content-sha256": "47DEQpj8HBSa\u002B/TImW\u002B5JCeuQeRkm5NMpJWZG3hSuFU=",
        "x-ms-date": "Wed, 19 Apr 2023 20:36:18 GMT"
      },
      "RequestBody": null,
      "StatusCode": 204,
      "ResponseHeaders": {
        "api-supported-versions": "2021-10-25-preview, 2022-09-06",
        "Connection": "keep-alive",
        "Date": "Wed, 19 Apr 2023 20:36:19 GMT",
        "MS-CV": "92mq\u002Bg\u002B7c0udz9U2LxHORA.0",
        "Strict-Transport-Security": "max-age=2592000",
        "x-azure-ref": "20230419T203618Z-nh2w8dbk4p2st4fz1a87vwzz7000000004mg00000000rfpk",
        "X-Cache": "CONFIG_NOCACHE",
        "X-Processing-Time": "241ms"
      },
      "ResponseBody": null
    },
    {
      "RequestUri": "https://endpoint/shortCodes/countries/US/programBriefs/9d787bd6-07fc-4c7b-8e57-17f1fee41298?api-version=2022-09-06",
      "RequestMethod": "GET",
      "RequestHeaders": {
        "Accept": "application/json",
        "Accept-Encoding": "gzip,deflate",
        "Authorization": "Sanitized",
        "Connection": "keep-alive",
        "User-Agent": "azsdk-js-communication-short-codes/1.0.0-beta.5 core-rest-pipeline/1.10.4 Node/v18.13.0 OS/(x64-Linux-5.15.90.1-microsoft-standard-WSL2)",
        "x-ms-client-request-id": "9d787bd6-07fc-4c7b-8e57-17f1fee41298",
        "x-ms-content-sha256": "47DEQpj8HBSa\u002B/TImW\u002B5JCeuQeRkm5NMpJWZG3hSuFU=",
        "x-ms-date": "Wed, 19 Apr 2023 20:36:18 GMT"
      },
      "RequestBody": null,
      "StatusCode": 404,
      "ResponseHeaders": {
        "api-supported-versions": "2021-10-25-preview, 2022-09-06",
        "Connection": "keep-alive",
        "Content-Type": "application/json",
        "Date": "Wed, 19 Apr 2023 20:36:19 GMT",
        "MS-CV": "8D4I6VDoIEynXC3/ZzJ3aQ.0",
        "Strict-Transport-Security": "max-age=2592000",
        "Transfer-Encoding": "chunked",
        "x-azure-ref": "20230419T203619Z-nh2w8dbk4p2st4fz1a87vwzz7000000004mg00000000rfrh",
        "X-Cache": "CONFIG_NOCACHE",
        "X-Processing-Time": "519ms"
      },
      "ResponseBody": {
        "error": {
          "code": "NotFound",
          "message": "Could not find the ProgramBrief with key \u0027Azure|9d787bd6-07fc-4c7b-8e57-17f1fee41298|9d787bd6-07fc-4c7b-8e57-17f1fee41298\u0027"
        }
      }
    }
  ],
  "Variables": {}
}
