{
  "Entries": [
    {
      "RequestUri": "https://keyvault_name.vault.azure.net/certificates/contacts?api-version=7.3",
      "RequestMethod": "PUT",
      "RequestHeaders": {
        "Accept": "application/json",
        "Accept-Encoding": "gzip, deflate, br",
        "Accept-Language": "en-US",
        "Connection": "keep-alive",
        "Content-Length": "0",
        "Content-Type": "application/json",
        "Referer": "http://localhost:9328/",
        "sec-ch-ua": "",
        "sec-ch-ua-mobile": "?0",
        "sec-ch-ua-platform": "",
        "Sec-Fetch-Dest": "empty",
        "Sec-Fetch-Mode": "cors",
        "Sec-Fetch-Site": "same-site",
        "User-Agent": "Mozilla/5.0 (X11; Linux x86_64) AppleWebKit/537.36 (KHTML, like Gecko) HeadlessChrome/103.0.5058.0 Safari/537.36",
        "x-ms-client-request-id": "aeab6ae2-949e-44a5-917a-8d1874e01e41",
        "x-ms-useragent": "azsdk-js-keyvault-certificates/4.5.0-beta.2 core-rest-pipeline/1.9.1 OS/Linuxx86_64"
      },
      "RequestBody": null,
      "StatusCode": 401,
      "ResponseHeaders": {
        "Cache-Control": "no-cache",
        "Content-Length": "97",
        "Content-Type": "application/json; charset=utf-8",
        "Date": "Thu, 21 Jul 2022 22:50:14 GMT",
        "Expires": "-1",
        "Pragma": "no-cache",
        "Strict-Transport-Security": "max-age=31536000;includeSubDomains",
        "WWW-Authenticate": "Bearer authorization=\u0022https://login.windows.net/12345678-1234-1234-1234-123456789012\u0022, resource=\u0022https://vault.azure.net\u0022",
        "X-Content-Type-Options": "nosniff",
        "x-ms-client-request-id": "aeab6ae2-949e-44a5-917a-8d1874e01e41",
        "x-ms-keyvault-network-info": "conn_type=Ipv4;addr=167.220.80.222;act_addr_fam=InterNetwork;",
        "x-ms-keyvault-region": "northcentralus",
        "x-ms-keyvault-service-version": "1.9.472.2",
        "x-ms-request-id": "fe52abc5-fa5f-42f6-aee6-bad9d5297c10"
      },
      "ResponseBody": {
        "error": {
          "code": "Unauthorized",
          "message": "AKV10000: Request is missing a Bearer or PoP token."
        }
      }
    },
    {
      "RequestUri": "https://keyvault_name.vault.azure.net/certificates/contacts?api-version=7.3",
      "RequestMethod": "PUT",
      "RequestHeaders": {
        "Accept": "application/json",
        "Accept-Encoding": "gzip, deflate, br",
        "Accept-Language": "en-US",
        "Authorization": "Sanitized",
        "Connection": "keep-alive",
        "Content-Length": "122",
        "Content-Type": "application/json",
        "Referer": "http://localhost:9328/",
        "sec-ch-ua": "",
        "sec-ch-ua-mobile": "?0",
        "sec-ch-ua-platform": "",
        "Sec-Fetch-Dest": "empty",
        "Sec-Fetch-Mode": "cors",
        "Sec-Fetch-Site": "same-site",
        "User-Agent": "Mozilla/5.0 (X11; Linux x86_64) AppleWebKit/537.36 (KHTML, like Gecko) HeadlessChrome/103.0.5058.0 Safari/537.36",
        "x-ms-client-request-id": "aeab6ae2-949e-44a5-917a-8d1874e01e41",
        "x-ms-useragent": "azsdk-js-keyvault-certificates/4.5.0-beta.2 core-rest-pipeline/1.9.1 OS/Linuxx86_64"
      },
      "RequestBody": {
        "contacts": [
          {
            "email": "a@a.com",
            "name": "a",
            "phone": "111111111111"
          },
          {
            "email": "b@b.com",
            "name": "b",
            "phone": "222222222222"
          }
        ]
      },
      "StatusCode": 200,
      "ResponseHeaders": {
        "Cache-Control": "no-cache",
        "Content-Length": "189",
        "Content-Type": "application/json; charset=utf-8",
        "Date": "Thu, 21 Jul 2022 22:50:14 GMT",
        "Expires": "-1",
        "Pragma": "no-cache",
        "Strict-Transport-Security": "max-age=31536000;includeSubDomains",
        "X-Content-Type-Options": "nosniff",
        "x-ms-client-request-id": "aeab6ae2-949e-44a5-917a-8d1874e01e41",
        "x-ms-keyvault-network-info": "conn_type=Ipv4;addr=167.220.80.222;act_addr_fam=InterNetwork;",
        "x-ms-keyvault-rbac-assignment-id": "5475491e-3977-597c-9e7b-717706f638ee",
        "x-ms-keyvault-rbac-cache": "ra_age=966;da_age=966;rd_age=966;brd_age=10732;ra_notif_age=7187;dec_lev=1;",
        "x-ms-keyvault-region": "northcentralus",
        "x-ms-keyvault-service-version": "1.9.472.2",
        "x-ms-request-id": "d407d042-9ab8-45bf-9086-ae57408f06f2"
      },
      "ResponseBody": {
        "id": "https://keyvault_name.vault.azure.net/certificates/contacts",
        "contacts": [
          {
            "email": "a@a.com",
            "name": "a",
            "phone": "111111111111"
          },
          {
            "email": "b@b.com",
            "name": "b",
            "phone": "222222222222"
          }
        ]
      }
    },
    {
      "RequestUri": "https://keyvault_name.vault.azure.net/certificates/contacts?api-version=7.3",
      "RequestMethod": "GET",
      "RequestHeaders": {
        "Accept": "application/json",
        "Accept-Encoding": "gzip, deflate, br",
        "Accept-Language": "en-US",
        "Authorization": "Sanitized",
        "Connection": "keep-alive",
        "Referer": "http://localhost:9328/",
        "sec-ch-ua": "",
        "sec-ch-ua-mobile": "?0",
        "sec-ch-ua-platform": "",
        "Sec-Fetch-Dest": "empty",
        "Sec-Fetch-Mode": "cors",
        "Sec-Fetch-Site": "same-site",
        "User-Agent": "Mozilla/5.0 (X11; Linux x86_64) AppleWebKit/537.36 (KHTML, like Gecko) HeadlessChrome/103.0.5058.0 Safari/537.36",
        "x-ms-client-request-id": "fe04c9c2-e386-4428-905f-84cae4a98caf",
        "x-ms-useragent": "azsdk-js-keyvault-certificates/4.5.0-beta.2 core-rest-pipeline/1.9.1 OS/Linuxx86_64"
      },
      "RequestBody": null,
      "StatusCode": 200,
      "ResponseHeaders": {
        "Cache-Control": "no-cache",
        "Content-Length": "189",
        "Content-Type": "application/json; charset=utf-8",
        "Date": "Thu, 21 Jul 2022 22:50:15 GMT",
        "Expires": "-1",
        "Pragma": "no-cache",
        "Strict-Transport-Security": "max-age=31536000;includeSubDomains",
        "X-Content-Type-Options": "nosniff",
        "x-ms-client-request-id": "fe04c9c2-e386-4428-905f-84cae4a98caf",
        "x-ms-keyvault-network-info": "conn_type=Ipv4;addr=167.220.80.222;act_addr_fam=InterNetwork;",
        "x-ms-keyvault-rbac-assignment-id": "5475491e-3977-597c-9e7b-717706f638ee",
        "x-ms-keyvault-rbac-cache": "ra_age=966;da_age=966;rd_age=966;brd_age=10732;ra_notif_age=7187;dec_lev=0;",
        "x-ms-keyvault-region": "northcentralus",
        "x-ms-keyvault-service-version": "1.9.472.2",
        "x-ms-request-id": "5cdb81e4-5f12-403d-b469-ba6aafc3730e"
      },
      "ResponseBody": {
        "id": "https://keyvault_name.vault.azure.net/certificates/contacts",
        "contacts": [
          {
            "email": "a@a.com",
            "name": "a",
            "phone": "111111111111"
          },
          {
            "email": "b@b.com",
            "name": "b",
            "phone": "222222222222"
          }
        ]
      }
    },
    {
      "RequestUri": "https://keyvault_name.vault.azure.net/certificates/contacts?api-version=7.3",
      "RequestMethod": "DELETE",
      "RequestHeaders": {
        "Accept": "application/json",
        "Accept-Encoding": "gzip, deflate, br",
        "Accept-Language": "en-US",
        "Authorization": "Sanitized",
        "Connection": "keep-alive",
        "Referer": "http://localhost:9328/",
        "sec-ch-ua": "",
        "sec-ch-ua-mobile": "?0",
        "sec-ch-ua-platform": "",
        "Sec-Fetch-Dest": "empty",
        "Sec-Fetch-Mode": "cors",
        "Sec-Fetch-Site": "same-site",
        "User-Agent": "Mozilla/5.0 (X11; Linux x86_64) AppleWebKit/537.36 (KHTML, like Gecko) HeadlessChrome/103.0.5058.0 Safari/537.36",
        "x-ms-client-request-id": "25ed0598-2e0e-446c-a9ef-e4c3d4e9a704",
        "x-ms-useragent": "azsdk-js-keyvault-certificates/4.5.0-beta.2 core-rest-pipeline/1.9.1 OS/Linuxx86_64"
      },
      "RequestBody": null,
      "StatusCode": 200,
      "ResponseHeaders": {
        "Cache-Control": "no-cache",
        "Content-Length": "189",
        "Content-Type": "application/json; charset=utf-8",
        "Date": "Thu, 21 Jul 2022 22:50:15 GMT",
        "Expires": "-1",
        "Pragma": "no-cache",
        "Strict-Transport-Security": "max-age=31536000;includeSubDomains",
        "X-Content-Type-Options": "nosniff",
        "x-ms-client-request-id": "25ed0598-2e0e-446c-a9ef-e4c3d4e9a704",
        "x-ms-keyvault-network-info": "conn_type=Ipv4;addr=167.220.80.222;act_addr_fam=InterNetwork;",
        "x-ms-keyvault-rbac-assignment-id": "5475491e-3977-597c-9e7b-717706f638ee",
        "x-ms-keyvault-rbac-cache": "ra_age=966;da_age=966;rd_age=966;brd_age=10732;ra_notif_age=7187;dec_lev=0;",
        "x-ms-keyvault-region": "northcentralus",
        "x-ms-keyvault-service-version": "1.9.472.2",
        "x-ms-request-id": "f8c8e674-8b5e-4653-9acb-5065330af4b5"
      },
      "ResponseBody": {
        "id": "https://keyvault_name.vault.azure.net/certificates/contacts",
        "contacts": [
          {
            "email": "a@a.com",
            "name": "a",
            "phone": "111111111111"
          },
          {
            "email": "b@b.com",
            "name": "b",
            "phone": "222222222222"
          }
        ]
      }
    },
    {
      "RequestUri": "https://keyvault_name.vault.azure.net/certificates/contacts?api-version=7.3",
      "RequestMethod": "GET",
      "RequestHeaders": {
        "Accept": "application/json",
        "Accept-Encoding": "gzip, deflate, br",
        "Accept-Language": "en-US",
        "Authorization": "Sanitized",
        "Connection": "keep-alive",
        "Referer": "http://localhost:9328/",
        "sec-ch-ua": "",
        "sec-ch-ua-mobile": "?0",
        "sec-ch-ua-platform": "",
        "Sec-Fetch-Dest": "empty",
        "Sec-Fetch-Mode": "cors",
        "Sec-Fetch-Site": "same-site",
        "User-Agent": "Mozilla/5.0 (X11; Linux x86_64) AppleWebKit/537.36 (KHTML, like Gecko) HeadlessChrome/103.0.5058.0 Safari/537.36",
        "x-ms-client-request-id": "43ead8a1-90e3-4d0d-b5d3-75484fdbbebb",
        "x-ms-useragent": "azsdk-js-keyvault-certificates/4.5.0-beta.2 core-rest-pipeline/1.9.1 OS/Linuxx86_64"
      },
      "RequestBody": null,
      "StatusCode": 404,
      "ResponseHeaders": {
        "Cache-Control": "no-cache",
        "Content-Length": "68",
        "Content-Type": "application/json; charset=utf-8",
        "Date": "Thu, 21 Jul 2022 22:50:15 GMT",
        "Expires": "-1",
        "Pragma": "no-cache",
        "Strict-Transport-Security": "max-age=31536000;includeSubDomains",
        "X-Content-Type-Options": "nosniff",
        "x-ms-client-request-id": "43ead8a1-90e3-4d0d-b5d3-75484fdbbebb",
        "x-ms-keyvault-network-info": "conn_type=Ipv4;addr=167.220.80.222;act_addr_fam=InterNetwork;",
        "x-ms-keyvault-rbac-assignment-id": "5475491e-3977-597c-9e7b-717706f638ee",
        "x-ms-keyvault-rbac-cache": "ra_age=966;da_age=966;rd_age=966;brd_age=10732;ra_notif_age=7187;dec_lev=0;",
        "x-ms-keyvault-region": "northcentralus",
        "x-ms-keyvault-service-version": "1.9.472.2",
        "x-ms-request-id": "d8f39531-884b-436d-8abf-3f3b8a54a522"
      },
      "ResponseBody": {
        "error": {
          "code": "ContactsNotFound",
          "message": "Contacts not found"
        }
      }
    }
  ],
  "Variables": {}
}
