{
  "Entries": [
    {
      "RequestUri": "https://keyvault_name.vault.azure.net/certificates/CRUDCertificateName-candeleteacertificate-/create?api-version=7.3",
      "RequestMethod": "POST",
      "RequestHeaders": {
        "Accept": "application/json",
        "Accept-Encoding": "gzip, deflate, br",
        "Accept-Language": "en-US",
        "Connection": "keep-alive",
        "Content-Length": "0",
        "Content-Type": "application/json",
        "Referer": "http://localhost:9328/",
        "sec-ch-ua": "",
        "sec-ch-ua-mobile": "?0",
        "sec-ch-ua-platform": "",
        "Sec-Fetch-Dest": "empty",
        "Sec-Fetch-Mode": "cors",
        "Sec-Fetch-Site": "same-site",
        "User-Agent": "Mozilla/5.0 (X11; Linux x86_64) AppleWebKit/537.36 (KHTML, like Gecko) HeadlessChrome/103.0.5058.0 Safari/537.36",
        "x-ms-client-request-id": "31179ec7-4759-4bd6-9a62-d54471e40754",
        "x-ms-useragent": "azsdk-js-keyvault-certificates/4.7.0-beta.1 core-rest-pipeline/1.10.1 OS/Linuxx86_64"
      },
      "RequestBody": null,
      "StatusCode": 401,
      "ResponseHeaders": {
        "Cache-Control": "no-cache",
        "Content-Length": "97",
        "Content-Type": "application/json; charset=utf-8",
        "Date": "Thu, 10 Nov 2022 23:35:05 GMT",
        "Expires": "-1",
        "Pragma": "no-cache",
        "Strict-Transport-Security": "max-age=31536000;includeSubDomains",
        "WWW-Authenticate": "Bearer authorization=\u0022https://login.windows.net/12345678-1234-1234-1234-123456789012\u0022, resource=\u0022https://vault.azure.net\u0022",
        "X-Content-Type-Options": "nosniff",
        "x-ms-client-request-id": "31179ec7-4759-4bd6-9a62-d54471e40754",
        "x-ms-keyvault-network-info": "conn_type=Ipv4;addr=167.220.80.222;act_addr_fam=InterNetwork;",
        "x-ms-keyvault-region": "australiacentral",
        "x-ms-keyvault-service-version": "1.9.576.1",
        "x-ms-request-id": "252b8277-df61-4790-94ac-df06815fea76"
      },
      "ResponseBody": {
        "error": {
          "code": "Unauthorized",
          "message": "AKV10000: Request is missing a Bearer or PoP token."
        }
      }
    },
    {
      "RequestUri": "https://keyvault_name.vault.azure.net/certificates/CRUDCertificateName-candeleteacertificate-/create?api-version=7.3",
      "RequestMethod": "POST",
      "RequestHeaders": {
        "Accept": "application/json",
        "Accept-Encoding": "gzip, deflate, br",
        "Accept-Language": "en-US",
        "Authorization": "Sanitized",
        "Connection": "keep-alive",
        "Content-Length": "149",
        "Content-Type": "application/json",
        "Referer": "http://localhost:9328/",
        "sec-ch-ua": "",
        "sec-ch-ua-mobile": "?0",
        "sec-ch-ua-platform": "",
        "Sec-Fetch-Dest": "empty",
        "Sec-Fetch-Mode": "cors",
        "Sec-Fetch-Site": "same-site",
        "User-Agent": "Mozilla/5.0 (X11; Linux x86_64) AppleWebKit/537.36 (KHTML, like Gecko) HeadlessChrome/103.0.5058.0 Safari/537.36",
        "x-ms-client-request-id": "31179ec7-4759-4bd6-9a62-d54471e40754",
        "x-ms-useragent": "azsdk-js-keyvault-certificates/4.7.0-beta.1 core-rest-pipeline/1.10.1 OS/Linuxx86_64"
      },
      "RequestBody": {
        "policy": {
          "key_props": {},
          "secret_props": {},
          "x509_props": {
            "subject": "cn=MyCert",
            "sans": {}
          },
          "issuer": {
            "name": "Self"
          },
          "attributes": {}
        },
        "attributes": {}
      },
      "StatusCode": 202,
      "ResponseHeaders": {
        "Cache-Control": "no-cache",
        "Content-Length": "1313",
        "Content-Type": "application/json; charset=utf-8",
        "Date": "Thu, 10 Nov 2022 23:35:06 GMT",
        "Expires": "-1",
        "Location": "https://keyvault_name.vault.azure.net/certificates/CRUDCertificateName-candeleteacertificate-/pending?api-version=7.3\u0026request_id=3b44aa05445442bb98bbd10a7a4c22aa",
        "Pragma": "no-cache",
        "Retry-After": "10",
        "Strict-Transport-Security": "max-age=31536000;includeSubDomains",
        "X-Content-Type-Options": "nosniff",
        "x-ms-client-request-id": "31179ec7-4759-4bd6-9a62-d54471e40754",
        "x-ms-keyvault-network-info": "conn_type=Ipv4;addr=167.220.80.222;act_addr_fam=InterNetwork;",
        "x-ms-keyvault-rbac-assignment-id": "e0879cc6-53b1-5604-999d-586eba05a46e",
        "x-ms-keyvault-rbac-cache": "ra_age=8;da_age=1128;rd_age=1128;brd_age=20705;ra_notif_age=15;dec_lev=1;",
        "x-ms-keyvault-region": "australiacentral",
        "x-ms-keyvault-service-version": "1.9.576.1",
        "x-ms-request-id": "acc4aafe-0869-4dd3-bebb-40cf64c6beb6"
      },
      "ResponseBody": {
        "id": "https://keyvault_name.vault.azure.net/certificates/CRUDCertificateName-candeleteacertificate-/pending",
        "issuer": {
          "name": "Self"
        },
        "csr": "MIICoTCCAYkCAQAwETEPMA0GA1UEAxMGTXlDZXJ0MIIBIjANBgkqhkiG9w0BAQEFAAOCAQ8AMIIBCgKCAQEA6QI7ur0Luaj72WM7kS1VOrMmbnaYdABtq2YCS2Vdc/aKmGKvQAogRQj6cGWcNa43f3ayCBhNmgC0DyFC2cdHStxru5l2TyWA4rvVg23VeBzlFMgykseHrA/qRCIpGKZP2pKCdvqFs17ki\u002B40RjwDgrfliKMQfAqlh0Mv\u002B3\u002BCZtJDWpWbCtIz2Cj97m6P3KWk5rjudYavnVP/r\u002BFuN2nw8DNda95CF2FdNVrBRgEk/zI8Ixx3xwgmSahUnN8gW8cw8Dc5tvcbGO20SfIMJULa3NxdlpfYOBscSOj80IPCY7\u002B0ehbeuYtzM7Ad6Q3FJSrV8R\u002Bm2RDrFnNmyMaDfMehhQIDAQABoEswSQYJKoZIhvcNAQkOMTwwOjAOBgNVHQ8BAf8EBAMCBaAwHQYDVR0lBBYwFAYIKwYBBQUHAwEGCCsGAQUFBwMCMAkGA1UdEwQCMAAwDQYJKoZIhvcNAQELBQADggEBAGNWcap8VVcRFhbIdDPJcOUFTICEJTLpUbsXv3E8I6qaaxnWkSfKKMaKuuGxtOMEuw7I/lgDpZQvhg2DB6Cre9muTom0i/bx4MyUsYnnZMPN4XFksOY8IF\u002BN3dHPoI0KAzfQpHzFuZXWMREhlQCWIbzlBoQrT2qFd2AKNEBUGG5WA4ViP5aXXeX1lhSiTeh0z3tWTJR1N\u002BjkpVJIl6f0ZFgsT7Oyzo2jnqU2cmaHEqQvdgrT9lSM73wEXmLq3s2MOK3Hjrj9GjuLkiZH5m3k6WVBFgb4UY02MQJJiIW53bnV29bh1m\u002BdYshNCbCWnPQIX4jurFgq0QwXgjd62yv4O8g=",
        "cancellation_requested": false,
        "status": "inProgress",
        "status_details": "Pending certificate created. Certificate request is in progress. This may take some time based on the issuer provider. Please check again later.",
        "request_id": "3b44aa05445442bb98bbd10a7a4c22aa"
      }
    },
    {
      "RequestUri": "https://keyvault_name.vault.azure.net/certificates/CRUDCertificateName-candeleteacertificate-/pending?api-version=7.3",
      "RequestMethod": "GET",
      "RequestHeaders": {
        "Accept": "application/json",
        "Accept-Encoding": "gzip, deflate, br",
        "Accept-Language": "en-US",
        "Authorization": "Sanitized",
        "Connection": "keep-alive",
        "Referer": "http://localhost:9328/",
        "sec-ch-ua": "",
        "sec-ch-ua-mobile": "?0",
        "sec-ch-ua-platform": "",
        "Sec-Fetch-Dest": "empty",
        "Sec-Fetch-Mode": "cors",
        "Sec-Fetch-Site": "same-site",
        "User-Agent": "Mozilla/5.0 (X11; Linux x86_64) AppleWebKit/537.36 (KHTML, like Gecko) HeadlessChrome/103.0.5058.0 Safari/537.36",
        "x-ms-client-request-id": "15dbc62d-67bd-469e-ba0f-0c48f1d39683",
        "x-ms-useragent": "azsdk-js-keyvault-certificates/4.7.0-beta.1 core-rest-pipeline/1.10.1 OS/Linuxx86_64"
      },
      "RequestBody": null,
      "StatusCode": 200,
      "ResponseHeaders": {
        "Cache-Control": "no-cache",
        "Content-Length": "1313",
        "Content-Type": "application/json; charset=utf-8",
        "Date": "Thu, 10 Nov 2022 23:35:07 GMT",
        "Expires": "-1",
        "Pragma": "no-cache",
        "Retry-After": "10",
        "Strict-Transport-Security": "max-age=31536000;includeSubDomains",
        "X-Content-Type-Options": "nosniff",
        "x-ms-client-request-id": "15dbc62d-67bd-469e-ba0f-0c48f1d39683",
        "x-ms-keyvault-network-info": "conn_type=Ipv4;addr=167.220.80.222;act_addr_fam=InterNetwork;",
        "x-ms-keyvault-rbac-assignment-id": "e0879cc6-53b1-5604-999d-586eba05a46e",
        "x-ms-keyvault-rbac-cache": "ra_age=9;da_age=1129;rd_age=1129;brd_age=20706;ra_notif_age=15;dec_lev=0;",
        "x-ms-keyvault-region": "australiacentral",
        "x-ms-keyvault-service-version": "1.9.576.1",
        "x-ms-request-id": "bbf3f392-96c3-4ce5-82e6-38fd9607a6de"
      },
      "ResponseBody": {
        "id": "https://keyvault_name.vault.azure.net/certificates/CRUDCertificateName-candeleteacertificate-/pending",
        "issuer": {
          "name": "Self"
        },
        "csr": "MIICoTCCAYkCAQAwETEPMA0GA1UEAxMGTXlDZXJ0MIIBIjANBgkqhkiG9w0BAQEFAAOCAQ8AMIIBCgKCAQEA6QI7ur0Luaj72WM7kS1VOrMmbnaYdABtq2YCS2Vdc/aKmGKvQAogRQj6cGWcNa43f3ayCBhNmgC0DyFC2cdHStxru5l2TyWA4rvVg23VeBzlFMgykseHrA/qRCIpGKZP2pKCdvqFs17ki\u002B40RjwDgrfliKMQfAqlh0Mv\u002B3\u002BCZtJDWpWbCtIz2Cj97m6P3KWk5rjudYavnVP/r\u002BFuN2nw8DNda95CF2FdNVrBRgEk/zI8Ixx3xwgmSahUnN8gW8cw8Dc5tvcbGO20SfIMJULa3NxdlpfYOBscSOj80IPCY7\u002B0ehbeuYtzM7Ad6Q3FJSrV8R\u002Bm2RDrFnNmyMaDfMehhQIDAQABoEswSQYJKoZIhvcNAQkOMTwwOjAOBgNVHQ8BAf8EBAMCBaAwHQYDVR0lBBYwFAYIKwYBBQUHAwEGCCsGAQUFBwMCMAkGA1UdEwQCMAAwDQYJKoZIhvcNAQELBQADggEBAGNWcap8VVcRFhbIdDPJcOUFTICEJTLpUbsXv3E8I6qaaxnWkSfKKMaKuuGxtOMEuw7I/lgDpZQvhg2DB6Cre9muTom0i/bx4MyUsYnnZMPN4XFksOY8IF\u002BN3dHPoI0KAzfQpHzFuZXWMREhlQCWIbzlBoQrT2qFd2AKNEBUGG5WA4ViP5aXXeX1lhSiTeh0z3tWTJR1N\u002BjkpVJIl6f0ZFgsT7Oyzo2jnqU2cmaHEqQvdgrT9lSM73wEXmLq3s2MOK3Hjrj9GjuLkiZH5m3k6WVBFgb4UY02MQJJiIW53bnV29bh1m\u002BdYshNCbCWnPQIX4jurFgq0QwXgjd62yv4O8g=",
        "cancellation_requested": false,
        "status": "inProgress",
        "status_details": "Pending certificate created. Certificate request is in progress. This may take some time based on the issuer provider. Please check again later.",
        "request_id": "3b44aa05445442bb98bbd10a7a4c22aa"
      }
    },
    {
      "RequestUri": "https://keyvault_name.vault.azure.net/certificates/CRUDCertificateName-candeleteacertificate-?api-version=7.3",
      "RequestMethod": "DELETE",
      "RequestHeaders": {
        "Accept": "application/json",
        "Accept-Encoding": "gzip, deflate, br",
        "Accept-Language": "en-US",
        "Authorization": "Sanitized",
        "Connection": "keep-alive",
        "Referer": "http://localhost:9328/",
        "sec-ch-ua": "",
        "sec-ch-ua-mobile": "?0",
        "sec-ch-ua-platform": "",
        "Sec-Fetch-Dest": "empty",
        "Sec-Fetch-Mode": "cors",
        "Sec-Fetch-Site": "same-site",
        "User-Agent": "Mozilla/5.0 (X11; Linux x86_64) AppleWebKit/537.36 (KHTML, like Gecko) HeadlessChrome/103.0.5058.0 Safari/537.36",
        "x-ms-client-request-id": "864c7b5e-d9b7-4a25-9268-b77cf397de63",
        "x-ms-useragent": "azsdk-js-keyvault-certificates/4.7.0-beta.1 core-rest-pipeline/1.10.1 OS/Linuxx86_64"
      },
      "RequestBody": null,
      "StatusCode": 200,
      "ResponseHeaders": {
        "Cache-Control": "no-cache",
        "Content-Length": "1252",
        "Content-Type": "application/json; charset=utf-8",
        "Date": "Thu, 10 Nov 2022 23:35:07 GMT",
        "Expires": "-1",
        "Pragma": "no-cache",
        "Strict-Transport-Security": "max-age=31536000;includeSubDomains",
        "X-Content-Type-Options": "nosniff",
        "x-ms-client-request-id": "864c7b5e-d9b7-4a25-9268-b77cf397de63",
        "x-ms-keyvault-network-info": "conn_type=Ipv4;addr=167.220.80.222;act_addr_fam=InterNetwork;",
        "x-ms-keyvault-rbac-assignment-id": "e0879cc6-53b1-5604-999d-586eba05a46e",
        "x-ms-keyvault-rbac-cache": "ra_age=1;da_age=1129;rd_age=1129;brd_age=20706;ra_notif_age=16;dec_lev=1;",
        "x-ms-keyvault-region": "australiacentral",
        "x-ms-keyvault-service-version": "1.9.576.1",
        "x-ms-request-id": "6d6b74f6-5b7f-4119-ab98-cf0dd77fb0c6"
      },
      "ResponseBody": {
        "recoveryId": "https://keyvault_name.vault.azure.net/deletedcertificates/CRUDCertificateName-candeleteacertificate-",
        "deletedDate": 1668123307,
        "scheduledPurgeDate": 1668728107,
        "id": "https://keyvault_name.vault.azure.net/certificates/CRUDCertificateName-candeleteacertificate-/ced674a5dfd04e4f9a94c4083a1d3640",
        "attributes": {
          "enabled": false,
          "nbf": 1668122706,
          "exp": 1699659306,
          "created": 1668123306,
          "updated": 1668123306,
          "recoveryLevel": "CustomizedRecoverable\u002BPurgeable",
          "recoverableDays": 7
        },
        "policy": {
          "id": "https://keyvault_name.vault.azure.net/certificates/CRUDCertificateName-candeleteacertificate-/policy",
          "key_props": {
            "exportable": true,
            "kty": "RSA",
            "key_size": 2048,
            "reuse_key": false
          },
          "secret_props": {
            "contentType": "application/x-pkcs12"
          },
          "x509_props": {
            "subject": "cn=MyCert",
            "sans": {},
            "ekus": [
              "1.3.6.1.5.5.7.3.1",
              "1.3.6.1.5.5.7.3.2"
            ],
            "key_usage": [
              "digitalSignature",
              "keyEncipherment"
            ],
            "validity_months": 12,
            "basic_constraints": {
              "ca": false
            }
          },
          "lifetime_actions": [
            {
              "trigger": {
                "lifetime_percentage": 80
              },
              "action": {
                "action_type": "AutoRenew"
              }
            }
          ],
          "issuer": {
            "name": "Self"
          },
          "attributes": {
            "enabled": true,
            "created": 1668123306,
            "updated": 1668123306
          }
        },
        "pending": {
          "id": "https://keyvault_name.vault.azure.net/certificates/CRUDCertificateName-candeleteacertificate-/pending"
        }
      }
    },
    {
      "RequestUri": "https://keyvault_name.vault.azure.net/deletedcertificates/CRUDCertificateName-candeleteacertificate-?api-version=7.3",
      "RequestMethod": "GET",
      "RequestHeaders": {
        "Accept": "application/json",
        "Accept-Encoding": "gzip, deflate, br",
        "Accept-Language": "en-US",
        "Authorization": "Sanitized",
        "Connection": "keep-alive",
        "Referer": "http://localhost:9328/",
        "sec-ch-ua": "",
        "sec-ch-ua-mobile": "?0",
        "sec-ch-ua-platform": "",
        "Sec-Fetch-Dest": "empty",
        "Sec-Fetch-Mode": "cors",
        "Sec-Fetch-Site": "same-site",
        "User-Agent": "Mozilla/5.0 (X11; Linux x86_64) AppleWebKit/537.36 (KHTML, like Gecko) HeadlessChrome/103.0.5058.0 Safari/537.36",
        "x-ms-client-request-id": "8904b3c2-1bfd-4a74-af2b-8b6170a7f8d7",
        "x-ms-useragent": "azsdk-js-keyvault-certificates/4.7.0-beta.1 core-rest-pipeline/1.10.1 OS/Linuxx86_64"
      },
      "RequestBody": null,
      "StatusCode": 404,
      "ResponseHeaders": {
        "Cache-Control": "no-cache",
        "Content-Length": "126",
        "Content-Type": "application/json; charset=utf-8",
        "Date": "Thu, 10 Nov 2022 23:35:07 GMT",
        "Expires": "-1",
        "Pragma": "no-cache",
        "Strict-Transport-Security": "max-age=31536000;includeSubDomains",
        "X-Content-Type-Options": "nosniff",
        "x-ms-client-request-id": "8904b3c2-1bfd-4a74-af2b-8b6170a7f8d7",
        "x-ms-keyvault-network-info": "conn_type=Ipv4;addr=167.220.80.222;act_addr_fam=InterNetwork;",
        "x-ms-keyvault-rbac-assignment-id": "e0879cc6-53b1-5604-999d-586eba05a46e",
        "x-ms-keyvault-rbac-cache": "ra_age=1;da_age=1129;rd_age=1129;brd_age=20706;ra_notif_age=16;dec_lev=1;",
        "x-ms-keyvault-region": "australiacentral",
        "x-ms-keyvault-service-version": "1.9.576.1",
        "x-ms-request-id": "0e60eabd-9d78-4e3e-9616-b485debc035f"
      },
      "ResponseBody": {
        "error": {
          "code": "CertificateNotFound",
          "message": "Deleted Certificate not found: CRUDCertificateName-candeleteacertificate-"
        }
      }
    },
    {
      "RequestUri": "https://keyvault_name.vault.azure.net/certificates/CRUDCertificateName-candeleteacertificate-/?api-version=7.3",
      "RequestMethod": "GET",
      "RequestHeaders": {
        "Accept": "application/json",
        "Accept-Encoding": "gzip, deflate, br",
        "Accept-Language": "en-US",
        "Authorization": "Sanitized",
        "Connection": "keep-alive",
        "Referer": "http://localhost:9328/",
        "sec-ch-ua": "",
        "sec-ch-ua-mobile": "?0",
        "sec-ch-ua-platform": "",
        "Sec-Fetch-Dest": "empty",
        "Sec-Fetch-Mode": "cors",
        "Sec-Fetch-Site": "same-site",
        "User-Agent": "Mozilla/5.0 (X11; Linux x86_64) AppleWebKit/537.36 (KHTML, like Gecko) HeadlessChrome/103.0.5058.0 Safari/537.36",
        "x-ms-client-request-id": "959b6af8-d372-44a1-b384-556e7fbeca22",
        "x-ms-useragent": "azsdk-js-keyvault-certificates/4.7.0-beta.1 core-rest-pipeline/1.10.1 OS/Linuxx86_64"
      },
      "RequestBody": null,
      "StatusCode": 404,
      "ResponseHeaders": {
        "Cache-Control": "no-cache",
        "Content-Length": "354",
        "Content-Type": "application/json; charset=utf-8",
        "Date": "Thu, 10 Nov 2022 23:35:07 GMT",
        "Expires": "-1",
        "Pragma": "no-cache",
        "Strict-Transport-Security": "max-age=31536000;includeSubDomains",
        "X-Content-Type-Options": "nosniff",
        "x-ms-client-request-id": "959b6af8-d372-44a1-b384-556e7fbeca22",
        "x-ms-keyvault-network-info": "conn_type=Ipv4;addr=167.220.80.222;act_addr_fam=InterNetwork;",
        "x-ms-keyvault-rbac-assignment-id": "e0879cc6-53b1-5604-999d-586eba05a46e",
        "x-ms-keyvault-rbac-cache": "ra_age=1;da_age=1130;rd_age=1130;brd_age=20706;ra_notif_age=16;dec_lev=0;",
        "x-ms-keyvault-region": "australiacentral",
        "x-ms-keyvault-service-version": "1.9.576.1",
        "x-ms-request-id": "f7c65548-2bb9-47cd-830a-2df88e4a73c6"
      },
      "ResponseBody": {
        "error": {
          "code": "CertificateNotFound",
          "message": "A certificate with (name/id) CRUDCertificateName-candeleteacertificate- was not found in this key vault. If you recently deleted this certificate you may be able to recover it using the correct recovery command. For help resolving this issue, please see https://go.microsoft.com/fwlink/?linkid=2125182"
        }
      }
    },
    {
      "RequestUri": "https://keyvault_name.vault.azure.net/deletedcertificates/CRUDCertificateName-candeleteacertificate-?api-version=7.3",
      "RequestMethod": "GET",
      "RequestHeaders": {
        "Accept": "application/json",
        "Accept-Encoding": "gzip, deflate, br",
        "Accept-Language": "en-US",
        "Authorization": "Sanitized",
        "Connection": "keep-alive",
        "Referer": "http://localhost:9328/",
        "sec-ch-ua": "",
        "sec-ch-ua-mobile": "?0",
        "sec-ch-ua-platform": "",
        "Sec-Fetch-Dest": "empty",
        "Sec-Fetch-Mode": "cors",
        "Sec-Fetch-Site": "same-site",
        "User-Agent": "Mozilla/5.0 (X11; Linux x86_64) AppleWebKit/537.36 (KHTML, like Gecko) HeadlessChrome/103.0.5058.0 Safari/537.36",
        "x-ms-client-request-id": "0a47c43f-804d-4a72-8fa4-65f7e7fca16a",
        "x-ms-useragent": "azsdk-js-keyvault-certificates/4.7.0-beta.1 core-rest-pipeline/1.10.1 OS/Linuxx86_64"
      },
      "RequestBody": null,
      "StatusCode": 200,
      "ResponseHeaders": {
        "Cache-Control": "no-cache",
        "Content-Length": "1252",
        "Content-Type": "application/json; charset=utf-8",
        "Date": "Thu, 10 Nov 2022 23:35:08 GMT",
        "Expires": "-1",
        "Pragma": "no-cache",
        "Strict-Transport-Security": "max-age=31536000;includeSubDomains",
        "X-Content-Type-Options": "nosniff",
        "x-ms-client-request-id": "0a47c43f-804d-4a72-8fa4-65f7e7fca16a",
        "x-ms-keyvault-network-info": "conn_type=Ipv4;addr=167.220.80.222;act_addr_fam=InterNetwork;",
        "x-ms-keyvault-rbac-assignment-id": "e0879cc6-53b1-5604-999d-586eba05a46e",
        "x-ms-keyvault-rbac-cache": "ra_age=1;da_age=1130;rd_age=1130;brd_age=20707;ra_notif_age=17;dec_lev=0;",
        "x-ms-keyvault-region": "australiacentral",
        "x-ms-keyvault-service-version": "1.9.576.1",
        "x-ms-request-id": "8a4a36bd-d502-48c7-a325-058e8019a916"
      },
      "ResponseBody": {
        "recoveryId": "https://keyvault_name.vault.azure.net/deletedcertificates/CRUDCertificateName-candeleteacertificate-",
        "deletedDate": 1668123307,
        "scheduledPurgeDate": 1668728107,
        "id": "https://keyvault_name.vault.azure.net/certificates/CRUDCertificateName-candeleteacertificate-/ced674a5dfd04e4f9a94c4083a1d3640",
        "attributes": {
          "enabled": false,
          "nbf": 1668122706,
          "exp": 1699659306,
          "created": 1668123306,
          "updated": 1668123306,
          "recoveryLevel": "CustomizedRecoverable\u002BPurgeable",
          "recoverableDays": 7
        },
        "policy": {
          "id": "https://keyvault_name.vault.azure.net/certificates/CRUDCertificateName-candeleteacertificate-/policy",
          "key_props": {
            "exportable": true,
            "kty": "RSA",
            "key_size": 2048,
            "reuse_key": false
          },
          "secret_props": {
            "contentType": "application/x-pkcs12"
          },
          "x509_props": {
            "subject": "cn=MyCert",
            "sans": {},
            "ekus": [
              "1.3.6.1.5.5.7.3.1",
              "1.3.6.1.5.5.7.3.2"
            ],
            "key_usage": [
              "digitalSignature",
              "keyEncipherment"
            ],
            "validity_months": 12,
            "basic_constraints": {
              "ca": false
            }
          },
          "lifetime_actions": [
            {
              "trigger": {
                "lifetime_percentage": 80
              },
              "action": {
                "action_type": "AutoRenew"
              }
            }
          ],
          "issuer": {
            "name": "Self"
          },
          "attributes": {
            "enabled": true,
            "created": 1668123306,
            "updated": 1668123306
          }
        },
        "pending": {
          "id": "https://keyvault_name.vault.azure.net/certificates/CRUDCertificateName-candeleteacertificate-/pending"
        }
      }
    }
  ],
  "Variables": {}
}
