{
  "Entries": [
    {
      "RequestUri": "https://keyvault_name.vault.azure.net/certificates/issuers/CRUDCertificateName-cancreatereadanddeleteacertificateissuer-?api-version=7.3",
      "RequestMethod": "PUT",
      "RequestHeaders": {
        "Accept": "application/json",
        "Accept-Encoding": "gzip, deflate, br",
        "Accept-Language": "en-US",
        "Connection": "keep-alive",
        "Content-Length": "0",
        "Content-Type": "application/json",
        "Referer": "http://localhost:9328/",
        "sec-ch-ua": "",
        "sec-ch-ua-mobile": "?0",
        "sec-ch-ua-platform": "",
        "Sec-Fetch-Dest": "empty",
        "Sec-Fetch-Mode": "cors",
        "Sec-Fetch-Site": "same-site",
        "User-Agent": "Mozilla/5.0 (X11; Linux x86_64) AppleWebKit/537.36 (KHTML, like Gecko) HeadlessChrome/103.0.5058.0 Safari/537.36",
        "x-ms-client-request-id": "ab46c329-cecb-46b6-8841-7769db0efa38",
        "x-ms-useragent": "azsdk-js-keyvault-certificates/4.5.0-beta.2 core-rest-pipeline/1.9.1 OS/Linuxx86_64"
      },
      "RequestBody": null,
      "StatusCode": 401,
      "ResponseHeaders": {
        "Cache-Control": "no-cache",
        "Content-Length": "97",
        "Content-Type": "application/json; charset=utf-8",
        "Date": "Thu, 21 Jul 2022 22:50:09 GMT",
        "Expires": "-1",
        "Pragma": "no-cache",
        "Strict-Transport-Security": "max-age=31536000;includeSubDomains",
        "WWW-Authenticate": "Bearer authorization=\u0022https://login.windows.net/12345678-1234-1234-1234-123456789012\u0022, resource=\u0022https://vault.azure.net\u0022",
        "X-Content-Type-Options": "nosniff",
        "x-ms-client-request-id": "ab46c329-cecb-46b6-8841-7769db0efa38",
        "x-ms-keyvault-network-info": "conn_type=Ipv4;addr=167.220.80.222;act_addr_fam=InterNetwork;",
        "x-ms-keyvault-region": "northcentralus",
        "x-ms-keyvault-service-version": "1.9.472.2",
        "x-ms-request-id": "2ed2dd2b-489a-4452-a502-8fa074e7b42d"
      },
      "ResponseBody": {
        "error": {
          "code": "Unauthorized",
          "message": "AKV10000: Request is missing a Bearer or PoP token."
        }
      }
    },
    {
      "RequestUri": "https://keyvault_name.vault.azure.net/certificates/issuers/CRUDCertificateName-cancreatereadanddeleteacertificateissuer-?api-version=7.3",
      "RequestMethod": "PUT",
      "RequestHeaders": {
        "Accept": "application/json",
        "Accept-Encoding": "gzip, deflate, br",
        "Accept-Language": "en-US",
        "Authorization": "Sanitized",
        "Connection": "keep-alive",
        "Content-Length": "188",
        "Content-Type": "application/json",
        "Referer": "http://localhost:9328/",
        "sec-ch-ua": "",
        "sec-ch-ua-mobile": "?0",
        "sec-ch-ua-platform": "",
        "Sec-Fetch-Dest": "empty",
        "Sec-Fetch-Mode": "cors",
        "Sec-Fetch-Site": "same-site",
        "User-Agent": "Mozilla/5.0 (X11; Linux x86_64) AppleWebKit/537.36 (KHTML, like Gecko) HeadlessChrome/103.0.5058.0 Safari/537.36",
        "x-ms-client-request-id": "ab46c329-cecb-46b6-8841-7769db0efa38",
        "x-ms-useragent": "azsdk-js-keyvault-certificates/4.5.0-beta.2 core-rest-pipeline/1.9.1 OS/Linuxx86_64"
      },
      "RequestBody": {
        "provider": "Test",
        "credentials": {
          "account_id": "keyvaultuser"
        },
        "org_details": {
          "admin_details": [
            {
              "first_name": "John",
              "last_name": "Doe",
              "email": "admin@microsoft.com",
              "phone": "4255555555"
            }
          ]
        }
      },
      "StatusCode": 200,
      "ResponseHeaders": {
        "Cache-Control": "no-cache",
        "Content-Length": "396",
        "Content-Type": "application/json; charset=utf-8",
        "Date": "Thu, 21 Jul 2022 22:50:09 GMT",
        "Expires": "-1",
        "Pragma": "no-cache",
        "Strict-Transport-Security": "max-age=31536000;includeSubDomains",
        "X-Content-Type-Options": "nosniff",
        "x-ms-client-request-id": "ab46c329-cecb-46b6-8841-7769db0efa38",
        "x-ms-keyvault-network-info": "conn_type=Ipv4;addr=167.220.80.222;act_addr_fam=InterNetwork;",
        "x-ms-keyvault-rbac-assignment-id": "5475491e-3977-597c-9e7b-717706f638ee",
        "x-ms-keyvault-rbac-cache": "ra_age=960;da_age=960;rd_age=960;brd_age=10726;ra_notif_age=7181;dec_lev=1;",
        "x-ms-keyvault-region": "northcentralus",
        "x-ms-keyvault-service-version": "1.9.472.2",
        "x-ms-request-id": "206d4aec-a95f-4f4c-b4b3-4b5381517a2d"
      },
      "ResponseBody": {
        "id": "https://keyvault_name.vault.azure.net/certificates/issuers/CRUDCertificateName-cancreatereadanddeleteacertificateissuer-",
        "provider": "Test",
        "credentials": {
          "account_id": "keyvaultuser"
        },
        "org_details": {
          "zip": 0,
          "admin_details": [
            {
              "first_name": "John",
              "last_name": "Doe",
              "email": "admin@microsoft.com",
              "phone": "4255555555"
            }
          ]
        },
        "attributes": {
          "enabled": true,
          "created": 1658443809,
          "updated": 1658443809
        }
      }
    },
    {
      "RequestUri": "https://keyvault_name.vault.azure.net/certificates/CRUDCertificateName-cancreatereadanddeleteacertificateissuer-/create?api-version=7.3",
      "RequestMethod": "POST",
      "RequestHeaders": {
        "Accept": "application/json",
        "Accept-Encoding": "gzip, deflate, br",
        "Accept-Language": "en-US",
        "Authorization": "Sanitized",
        "Connection": "keep-alive",
        "Content-Length": "206",
        "Content-Type": "application/json",
        "Referer": "http://localhost:9328/",
        "sec-ch-ua": "",
        "sec-ch-ua-mobile": "?0",
        "sec-ch-ua-platform": "",
        "Sec-Fetch-Dest": "empty",
        "Sec-Fetch-Mode": "cors",
        "Sec-Fetch-Site": "same-site",
        "User-Agent": "Mozilla/5.0 (X11; Linux x86_64) AppleWebKit/537.36 (KHTML, like Gecko) HeadlessChrome/103.0.5058.0 Safari/537.36",
        "x-ms-client-request-id": "7cc2a886-454e-4c84-83e4-ea565cacbfdc",
        "x-ms-useragent": "azsdk-js-keyvault-certificates/4.5.0-beta.2 core-rest-pipeline/1.9.1 OS/Linuxx86_64"
      },
      "RequestBody": {
        "policy": {
          "key_props": {},
          "secret_props": {},
          "x509_props": {
            "subject": "cn=MyCert",
            "sans": {}
          },
          "issuer": {
            "name": "CRUDCertificateName-cancreatereadanddeleteacertificateissuer-"
          },
          "attributes": {}
        },
        "attributes": {}
      },
      "StatusCode": 202,
      "ResponseHeaders": {
        "Cache-Control": "no-cache",
        "Content-Length": "1389",
        "Content-Type": "application/json; charset=utf-8",
        "Date": "Thu, 21 Jul 2022 22:50:10 GMT",
        "Expires": "-1",
        "Location": "https://keyvault_name.vault.azure.net/certificates/CRUDCertificateName-cancreatereadanddeleteacertificateissuer-/pending?api-version=7.3\u0026request_id=b06349c22e91451db931502a46e9559a",
        "Pragma": "no-cache",
        "Retry-After": "10",
        "Strict-Transport-Security": "max-age=31536000;includeSubDomains",
        "X-Content-Type-Options": "nosniff",
        "x-ms-client-request-id": "7cc2a886-454e-4c84-83e4-ea565cacbfdc",
        "x-ms-keyvault-network-info": "conn_type=Ipv4;addr=167.220.80.222;act_addr_fam=InterNetwork;",
        "x-ms-keyvault-rbac-assignment-id": "5475491e-3977-597c-9e7b-717706f638ee",
        "x-ms-keyvault-rbac-cache": "ra_age=961;da_age=961;rd_age=961;brd_age=10727;ra_notif_age=7182;dec_lev=1;",
        "x-ms-keyvault-region": "northcentralus",
        "x-ms-keyvault-service-version": "1.9.472.2",
        "x-ms-request-id": "0759df6e-241d-4b44-8aef-a1a0d51afe88"
      },
      "ResponseBody": {
        "id": "https://keyvault_name.vault.azure.net/certificates/CRUDCertificateName-cancreatereadanddeleteacertificateissuer-/pending",
        "issuer": {
          "name": "CRUDCertificateName-cancreatereadanddeleteacertificateissuer-"
        },
        "csr": "MIICoTCCAYkCAQAwETEPMA0GA1UEAxMGTXlDZXJ0MIIBIjANBgkqhkiG9w0BAQEFAAOCAQ8AMIIBCgKCAQEAqFXXboXs2Ug3pwdcvxm83YjwWFMHe6pOtHbr2Ns\u002BUBk/u7wyHOjehoOuOEm\u002BSqVEJFn05V2ch21w3a3xGU2I6w2g/5NdToWvgQ6sMI/Rr2d0eRri6L9TIe/kVf7gcZCBq9Z1T6VNiMHIhVy4ewg2ugIzfZavYOX6lfvZrgPXrnIxh5aNxvMunGYiDWTW1x\u002Bp0b7zKK7xcbSvjvFIV3p3KeAE3rPOR\u002BJZ9AOk2wDsiVZEWVKUunRPA2N91kn6s9TzcferiQbnMwpWFoHcwrO/Ee3yuhWULXsHw3Ow6WpyKTR3\u002BBJdaWygwytXQJHZA9wYcupHuHfoog\u002BVnkijqcRmmQIDAQABoEswSQYJKoZIhvcNAQkOMTwwOjAOBgNVHQ8BAf8EBAMCBaAwHQYDVR0lBBYwFAYIKwYBBQUHAwEGCCsGAQUFBwMCMAkGA1UdEwQCMAAwDQYJKoZIhvcNAQELBQADggEBAHCj7zVc2vLNaZacTpQlF1ClKh4yVEHxSO60SLxxtQ\u002BEduVn8sZBx8mEKkVpsY/pX8lixTUc9bvOc8beN3Zn3UrRtaEobPhDoStrUUa\u002BI9YcTSKiY4vkedXlC\u002BxfqyaLjUpHg6ex3Xw2hiO9\u002BAgkYZ7p8GeuNhIi5ZHKDGdCkiow\u002BcThDR3aKiM0SdiVqziKhcF5/ccsAMFnlXmzNlS2LNJ5UIiszW7AH4xkPBWrAEFgOcBw8mwI44RXDDS2N2SsgkUJqyAQ2obt/aCCq5sbCgoHNpiDEh5fuyD6MwyrCTZlu2X5DM4\u002BTX55fw4rOi8ig6QYL/XbE/SGSnSz7QxqF9M=",
        "cancellation_requested": false,
        "status": "inProgress",
        "status_details": "Pending certificate created. Certificate request is in progress. This may take some time based on the issuer provider. Please check again later.",
        "request_id": "b06349c22e91451db931502a46e9559a"
      }
    },
    {
      "RequestUri": "https://keyvault_name.vault.azure.net/certificates/CRUDCertificateName-cancreatereadanddeleteacertificateissuer-/pending?api-version=7.3",
      "RequestMethod": "GET",
      "RequestHeaders": {
        "Accept": "application/json",
        "Accept-Encoding": "gzip, deflate, br",
        "Accept-Language": "en-US",
        "Authorization": "Sanitized",
        "Connection": "keep-alive",
        "Referer": "http://localhost:9328/",
        "sec-ch-ua": "",
        "sec-ch-ua-mobile": "?0",
        "sec-ch-ua-platform": "",
        "Sec-Fetch-Dest": "empty",
        "Sec-Fetch-Mode": "cors",
        "Sec-Fetch-Site": "same-site",
        "User-Agent": "Mozilla/5.0 (X11; Linux x86_64) AppleWebKit/537.36 (KHTML, like Gecko) HeadlessChrome/103.0.5058.0 Safari/537.36",
        "x-ms-client-request-id": "f46d28e0-a83b-4156-b4c9-caf847d6cdac",
        "x-ms-useragent": "azsdk-js-keyvault-certificates/4.5.0-beta.2 core-rest-pipeline/1.9.1 OS/Linuxx86_64"
      },
      "RequestBody": null,
      "StatusCode": 200,
      "ResponseHeaders": {
        "Cache-Control": "no-cache",
        "Content-Length": "1389",
        "Content-Type": "application/json; charset=utf-8",
        "Date": "Thu, 21 Jul 2022 22:50:10 GMT",
        "Expires": "-1",
        "Pragma": "no-cache",
        "Retry-After": "10",
        "Strict-Transport-Security": "max-age=31536000;includeSubDomains",
        "X-Content-Type-Options": "nosniff",
        "x-ms-client-request-id": "f46d28e0-a83b-4156-b4c9-caf847d6cdac",
        "x-ms-keyvault-network-info": "conn_type=Ipv4;addr=167.220.80.222;act_addr_fam=InterNetwork;",
        "x-ms-keyvault-rbac-assignment-id": "5475491e-3977-597c-9e7b-717706f638ee",
        "x-ms-keyvault-rbac-cache": "ra_age=962;da_age=962;rd_age=962;brd_age=10727;ra_notif_age=7182;dec_lev=0;",
        "x-ms-keyvault-region": "northcentralus",
        "x-ms-keyvault-service-version": "1.9.472.2",
        "x-ms-request-id": "1675d3dd-d5e7-4583-82b0-eed55deece2d"
      },
      "ResponseBody": {
        "id": "https://keyvault_name.vault.azure.net/certificates/CRUDCertificateName-cancreatereadanddeleteacertificateissuer-/pending",
        "issuer": {
          "name": "CRUDCertificateName-cancreatereadanddeleteacertificateissuer-"
        },
        "csr": "MIICoTCCAYkCAQAwETEPMA0GA1UEAxMGTXlDZXJ0MIIBIjANBgkqhkiG9w0BAQEFAAOCAQ8AMIIBCgKCAQEAqFXXboXs2Ug3pwdcvxm83YjwWFMHe6pOtHbr2Ns\u002BUBk/u7wyHOjehoOuOEm\u002BSqVEJFn05V2ch21w3a3xGU2I6w2g/5NdToWvgQ6sMI/Rr2d0eRri6L9TIe/kVf7gcZCBq9Z1T6VNiMHIhVy4ewg2ugIzfZavYOX6lfvZrgPXrnIxh5aNxvMunGYiDWTW1x\u002Bp0b7zKK7xcbSvjvFIV3p3KeAE3rPOR\u002BJZ9AOk2wDsiVZEWVKUunRPA2N91kn6s9TzcferiQbnMwpWFoHcwrO/Ee3yuhWULXsHw3Ow6WpyKTR3\u002BBJdaWygwytXQJHZA9wYcupHuHfoog\u002BVnkijqcRmmQIDAQABoEswSQYJKoZIhvcNAQkOMTwwOjAOBgNVHQ8BAf8EBAMCBaAwHQYDVR0lBBYwFAYIKwYBBQUHAwEGCCsGAQUFBwMCMAkGA1UdEwQCMAAwDQYJKoZIhvcNAQELBQADggEBAHCj7zVc2vLNaZacTpQlF1ClKh4yVEHxSO60SLxxtQ\u002BEduVn8sZBx8mEKkVpsY/pX8lixTUc9bvOc8beN3Zn3UrRtaEobPhDoStrUUa\u002BI9YcTSKiY4vkedXlC\u002BxfqyaLjUpHg6ex3Xw2hiO9\u002BAgkYZ7p8GeuNhIi5ZHKDGdCkiow\u002BcThDR3aKiM0SdiVqziKhcF5/ccsAMFnlXmzNlS2LNJ5UIiszW7AH4xkPBWrAEFgOcBw8mwI44RXDDS2N2SsgkUJqyAQ2obt/aCCq5sbCgoHNpiDEh5fuyD6MwyrCTZlu2X5DM4\u002BTX55fw4rOi8ig6QYL/XbE/SGSnSz7QxqF9M=",
        "cancellation_requested": false,
        "status": "inProgress",
        "status_details": "Pending certificate created. Certificate request is in progress. This may take some time based on the issuer provider. Please check again later.",
        "request_id": "b06349c22e91451db931502a46e9559a"
      }
    },
    {
      "RequestUri": "https://keyvault_name.vault.azure.net/certificates/CRUDCertificateName-cancreatereadanddeleteacertificateissuer-/?api-version=7.3",
      "RequestMethod": "GET",
      "RequestHeaders": {
        "Accept": "application/json",
        "Accept-Encoding": "gzip, deflate, br",
        "Accept-Language": "en-US",
        "Authorization": "Sanitized",
        "Connection": "keep-alive",
        "Referer": "http://localhost:9328/",
        "sec-ch-ua": "",
        "sec-ch-ua-mobile": "?0",
        "sec-ch-ua-platform": "",
        "Sec-Fetch-Dest": "empty",
        "Sec-Fetch-Mode": "cors",
        "Sec-Fetch-Site": "same-site",
        "User-Agent": "Mozilla/5.0 (X11; Linux x86_64) AppleWebKit/537.36 (KHTML, like Gecko) HeadlessChrome/103.0.5058.0 Safari/537.36",
        "x-ms-client-request-id": "6bc02604-6c01-44e1-a1ee-657b9cc550cf",
        "x-ms-useragent": "azsdk-js-keyvault-certificates/4.5.0-beta.2 core-rest-pipeline/1.9.1 OS/Linuxx86_64"
      },
      "RequestBody": null,
      "StatusCode": 200,
      "ResponseHeaders": {
        "Cache-Control": "no-cache",
        "Content-Length": "1193",
        "Content-Type": "application/json; charset=utf-8",
        "Date": "Thu, 21 Jul 2022 22:50:10 GMT",
        "Expires": "-1",
        "Pragma": "no-cache",
        "Strict-Transport-Security": "max-age=31536000;includeSubDomains",
        "X-Content-Type-Options": "nosniff",
        "x-ms-client-request-id": "6bc02604-6c01-44e1-a1ee-657b9cc550cf",
        "x-ms-keyvault-network-info": "conn_type=Ipv4;addr=167.220.80.222;act_addr_fam=InterNetwork;",
        "x-ms-keyvault-rbac-assignment-id": "5475491e-3977-597c-9e7b-717706f638ee",
        "x-ms-keyvault-rbac-cache": "ra_age=962;da_age=962;rd_age=962;brd_age=10727;ra_notif_age=7183;dec_lev=1;",
        "x-ms-keyvault-region": "northcentralus",
        "x-ms-keyvault-service-version": "1.9.472.2",
        "x-ms-request-id": "7845f2a1-3322-45ec-80e1-2e6999f94aad"
      },
      "ResponseBody": {
        "id": "https://keyvault_name.vault.azure.net/certificates/CRUDCertificateName-cancreatereadanddeleteacertificateissuer-/20e3cb4650c9427ab23a32b19a5693c2",
        "attributes": {
          "enabled": false,
          "nbf": 1658443210,
          "exp": 1689979810,
          "created": 1658443810,
          "updated": 1658443810,
          "recoveryLevel": "CustomizedRecoverable\u002BPurgeable",
          "recoverableDays": 7
        },
        "policy": {
          "id": "https://keyvault_name.vault.azure.net/certificates/CRUDCertificateName-cancreatereadanddeleteacertificateissuer-/policy",
          "key_props": {
            "exportable": true,
            "kty": "RSA",
            "key_size": 2048,
            "reuse_key": false
          },
          "secret_props": {
            "contentType": "application/x-pkcs12"
          },
          "x509_props": {
            "subject": "cn=MyCert",
            "sans": {},
            "ekus": [
              "1.3.6.1.5.5.7.3.1",
              "1.3.6.1.5.5.7.3.2"
            ],
            "key_usage": [
              "digitalSignature",
              "keyEncipherment"
            ],
            "validity_months": 12,
            "basic_constraints": {
              "ca": false
            }
          },
          "lifetime_actions": [
            {
              "trigger": {
                "lifetime_percentage": 80
              },
              "action": {
                "action_type": "AutoRenew"
              }
            }
          ],
          "issuer": {
            "name": "CRUDCertificateName-cancreatereadanddeleteacertificateissuer-"
          },
          "attributes": {
            "enabled": true,
            "created": 1658443810,
            "updated": 1658443810
          }
        },
        "pending": {
          "id": "https://keyvault_name.vault.azure.net/certificates/CRUDCertificateName-cancreatereadanddeleteacertificateissuer-/pending"
        }
      }
    },
    {
      "RequestUri": "https://keyvault_name.vault.azure.net/certificates/issuers/CRUDCertificateName-cancreatereadanddeleteacertificateissuer-?api-version=7.3",
      "RequestMethod": "GET",
      "RequestHeaders": {
        "Accept": "application/json",
        "Accept-Encoding": "gzip, deflate, br",
        "Accept-Language": "en-US",
        "Authorization": "Sanitized",
        "Connection": "keep-alive",
        "Referer": "http://localhost:9328/",
        "sec-ch-ua": "",
        "sec-ch-ua-mobile": "?0",
        "sec-ch-ua-platform": "",
        "Sec-Fetch-Dest": "empty",
        "Sec-Fetch-Mode": "cors",
        "Sec-Fetch-Site": "same-site",
        "User-Agent": "Mozilla/5.0 (X11; Linux x86_64) AppleWebKit/537.36 (KHTML, like Gecko) HeadlessChrome/103.0.5058.0 Safari/537.36",
        "x-ms-client-request-id": "e5a4bf18-b116-48e8-a120-fbbe2a573740",
        "x-ms-useragent": "azsdk-js-keyvault-certificates/4.5.0-beta.2 core-rest-pipeline/1.9.1 OS/Linuxx86_64"
      },
      "RequestBody": null,
      "StatusCode": 200,
      "ResponseHeaders": {
        "Cache-Control": "no-cache",
        "Content-Length": "396",
        "Content-Type": "application/json; charset=utf-8",
        "Date": "Thu, 21 Jul 2022 22:50:10 GMT",
        "Expires": "-1",
        "Pragma": "no-cache",
        "Strict-Transport-Security": "max-age=31536000;includeSubDomains",
        "X-Content-Type-Options": "nosniff",
        "x-ms-client-request-id": "e5a4bf18-b116-48e8-a120-fbbe2a573740",
        "x-ms-keyvault-network-info": "conn_type=Ipv4;addr=167.220.80.222;act_addr_fam=InterNetwork;",
        "x-ms-keyvault-rbac-assignment-id": "5475491e-3977-597c-9e7b-717706f638ee",
        "x-ms-keyvault-rbac-cache": "ra_age=962;da_age=962;rd_age=962;brd_age=10728;ra_notif_age=7183;dec_lev=0;",
        "x-ms-keyvault-region": "northcentralus",
        "x-ms-keyvault-service-version": "1.9.472.2",
        "x-ms-request-id": "10af2ecb-ea32-4274-a708-1d7517b6ce35"
      },
      "ResponseBody": {
        "id": "https://keyvault_name.vault.azure.net/certificates/issuers/CRUDCertificateName-cancreatereadanddeleteacertificateissuer-",
        "provider": "Test",
        "credentials": {
          "account_id": "keyvaultuser"
        },
        "org_details": {
          "zip": 0,
          "admin_details": [
            {
              "first_name": "John",
              "last_name": "Doe",
              "email": "admin@microsoft.com",
              "phone": "4255555555"
            }
          ]
        },
        "attributes": {
          "enabled": true,
          "created": 1658443809,
          "updated": 1658443809
        }
      }
    },
    {
      "RequestUri": "https://keyvault_name.vault.azure.net/certificates/issuers/CRUDCertificateName-cancreatereadanddeleteacertificateissuer-?api-version=7.3",
      "RequestMethod": "PATCH",
      "RequestHeaders": {
        "Accept": "application/json",
        "Accept-Encoding": "gzip, deflate, br",
        "Accept-Language": "en-US",
        "Authorization": "Sanitized",
        "Connection": "keep-alive",
        "Content-Length": "171",
        "Content-Type": "application/json",
        "Referer": "http://localhost:9328/",
        "sec-ch-ua": "",
        "sec-ch-ua-mobile": "?0",
        "sec-ch-ua-platform": "",
        "Sec-Fetch-Dest": "empty",
        "Sec-Fetch-Mode": "cors",
        "Sec-Fetch-Site": "same-site",
        "User-Agent": "Mozilla/5.0 (X11; Linux x86_64) AppleWebKit/537.36 (KHTML, like Gecko) HeadlessChrome/103.0.5058.0 Safari/537.36",
        "x-ms-client-request-id": "08404852-2334-4bb6-a73a-b11e6af4127e",
        "x-ms-useragent": "azsdk-js-keyvault-certificates/4.5.0-beta.2 core-rest-pipeline/1.9.1 OS/Linuxx86_64"
      },
      "RequestBody": {
        "credentials": {
          "account_id": "keyvaultuser2"
        },
        "org_details": {
          "admin_details": [
            {
              "first_name": "John",
              "last_name": "Doe",
              "email": "admin@microsoft.com",
              "phone": "4255555555"
            }
          ]
        }
      },
      "StatusCode": 200,
      "ResponseHeaders": {
        "Cache-Control": "no-cache",
        "Content-Length": "397",
        "Content-Type": "application/json; charset=utf-8",
        "Date": "Thu, 21 Jul 2022 22:50:11 GMT",
        "Expires": "-1",
        "Pragma": "no-cache",
        "Strict-Transport-Security": "max-age=31536000;includeSubDomains",
        "X-Content-Type-Options": "nosniff",
        "x-ms-client-request-id": "08404852-2334-4bb6-a73a-b11e6af4127e",
        "x-ms-keyvault-network-info": "conn_type=Ipv4;addr=167.220.80.222;act_addr_fam=InterNetwork;",
        "x-ms-keyvault-rbac-assignment-id": "5475491e-3977-597c-9e7b-717706f638ee",
        "x-ms-keyvault-rbac-cache": "ra_age=962;da_age=962;rd_age=962;brd_age=10728;ra_notif_age=7183;dec_lev=0;",
        "x-ms-keyvault-region": "northcentralus",
        "x-ms-keyvault-service-version": "1.9.472.2",
        "x-ms-request-id": "0e116cfc-28aa-4781-aebf-ffec748b5d5a"
      },
      "ResponseBody": {
        "id": "https://keyvault_name.vault.azure.net/certificates/issuers/CRUDCertificateName-cancreatereadanddeleteacertificateissuer-",
        "provider": "Test",
        "credentials": {
          "account_id": "keyvaultuser2"
        },
        "org_details": {
          "zip": 0,
          "admin_details": [
            {
              "first_name": "John",
              "last_name": "Doe",
              "email": "admin@microsoft.com",
              "phone": "4255555555"
            }
          ]
        },
        "attributes": {
          "enabled": true,
          "created": 1658443809,
          "updated": 1658443811
        }
      }
    },
    {
      "RequestUri": "https://keyvault_name.vault.azure.net/certificates/issuers/CRUDCertificateName-cancreatereadanddeleteacertificateissuer-?api-version=7.3",
      "RequestMethod": "GET",
      "RequestHeaders": {
        "Accept": "application/json",
        "Accept-Encoding": "gzip, deflate, br",
        "Accept-Language": "en-US",
        "Authorization": "Sanitized",
        "Connection": "keep-alive",
        "Referer": "http://localhost:9328/",
        "sec-ch-ua": "",
        "sec-ch-ua-mobile": "?0",
        "sec-ch-ua-platform": "",
        "Sec-Fetch-Dest": "empty",
        "Sec-Fetch-Mode": "cors",
        "Sec-Fetch-Site": "same-site",
        "User-Agent": "Mozilla/5.0 (X11; Linux x86_64) AppleWebKit/537.36 (KHTML, like Gecko) HeadlessChrome/103.0.5058.0 Safari/537.36",
        "x-ms-client-request-id": "a6e99bab-89c7-486a-a9e4-42adec72b213",
        "x-ms-useragent": "azsdk-js-keyvault-certificates/4.5.0-beta.2 core-rest-pipeline/1.9.1 OS/Linuxx86_64"
      },
      "RequestBody": null,
      "StatusCode": 200,
      "ResponseHeaders": {
        "Cache-Control": "no-cache",
        "Content-Length": "397",
        "Content-Type": "application/json; charset=utf-8",
        "Date": "Thu, 21 Jul 2022 22:50:11 GMT",
        "Expires": "-1",
        "Pragma": "no-cache",
        "Strict-Transport-Security": "max-age=31536000;includeSubDomains",
        "X-Content-Type-Options": "nosniff",
        "x-ms-client-request-id": "a6e99bab-89c7-486a-a9e4-42adec72b213",
        "x-ms-keyvault-network-info": "conn_type=Ipv4;addr=167.220.80.222;act_addr_fam=InterNetwork;",
        "x-ms-keyvault-rbac-assignment-id": "5475491e-3977-597c-9e7b-717706f638ee",
        "x-ms-keyvault-rbac-cache": "ra_age=962;da_age=962;rd_age=962;brd_age=10728;ra_notif_age=7183;dec_lev=0;",
        "x-ms-keyvault-region": "northcentralus",
        "x-ms-keyvault-service-version": "1.9.472.2",
        "x-ms-request-id": "ac956a0e-481c-46fd-96de-de0609332358"
      },
      "ResponseBody": {
        "id": "https://keyvault_name.vault.azure.net/certificates/issuers/CRUDCertificateName-cancreatereadanddeleteacertificateissuer-",
        "provider": "Test",
        "credentials": {
          "account_id": "keyvaultuser2"
        },
        "org_details": {
          "zip": 0,
          "admin_details": [
            {
              "first_name": "John",
              "last_name": "Doe",
              "email": "admin@microsoft.com",
              "phone": "4255555555"
            }
          ]
        },
        "attributes": {
          "enabled": true,
          "created": 1658443809,
          "updated": 1658443811
        }
      }
    },
    {
      "RequestUri": "https://keyvault_name.vault.azure.net/certificates/issuers/CRUDCertificateName-cancreatereadanddeleteacertificateissuer-?api-version=7.3",
      "RequestMethod": "DELETE",
      "RequestHeaders": {
        "Accept": "application/json",
        "Accept-Encoding": "gzip, deflate, br",
        "Accept-Language": "en-US",
        "Authorization": "Sanitized",
        "Connection": "keep-alive",
        "Referer": "http://localhost:9328/",
        "sec-ch-ua": "",
        "sec-ch-ua-mobile": "?0",
        "sec-ch-ua-platform": "",
        "Sec-Fetch-Dest": "empty",
        "Sec-Fetch-Mode": "cors",
        "Sec-Fetch-Site": "same-site",
        "User-Agent": "Mozilla/5.0 (X11; Linux x86_64) AppleWebKit/537.36 (KHTML, like Gecko) HeadlessChrome/103.0.5058.0 Safari/537.36",
        "x-ms-client-request-id": "cfd0126a-7080-4c78-afc5-8cc3a7c3b52b",
        "x-ms-useragent": "azsdk-js-keyvault-certificates/4.5.0-beta.2 core-rest-pipeline/1.9.1 OS/Linuxx86_64"
      },
      "RequestBody": null,
      "StatusCode": 200,
      "ResponseHeaders": {
        "Cache-Control": "no-cache",
        "Content-Length": "397",
        "Content-Type": "application/json; charset=utf-8",
        "Date": "Thu, 21 Jul 2022 22:50:11 GMT",
        "Expires": "-1",
        "Pragma": "no-cache",
        "Strict-Transport-Security": "max-age=31536000;includeSubDomains",
        "X-Content-Type-Options": "nosniff",
        "x-ms-client-request-id": "cfd0126a-7080-4c78-afc5-8cc3a7c3b52b",
        "x-ms-keyvault-network-info": "conn_type=Ipv4;addr=167.220.80.222;act_addr_fam=InterNetwork;",
        "x-ms-keyvault-rbac-assignment-id": "5475491e-3977-597c-9e7b-717706f638ee",
        "x-ms-keyvault-rbac-cache": "ra_age=962;da_age=962;rd_age=962;brd_age=10728;ra_notif_age=7183;dec_lev=0;",
        "x-ms-keyvault-region": "northcentralus",
        "x-ms-keyvault-service-version": "1.9.472.2",
        "x-ms-request-id": "ae1320bc-ca34-4170-9eea-ef6895d0913d"
      },
      "ResponseBody": {
        "id": "https://keyvault_name.vault.azure.net/certificates/issuers/CRUDCertificateName-cancreatereadanddeleteacertificateissuer-",
        "provider": "Test",
        "credentials": {
          "account_id": "keyvaultuser2"
        },
        "org_details": {
          "zip": 0,
          "admin_details": [
            {
              "first_name": "John",
              "last_name": "Doe",
              "email": "admin@microsoft.com",
              "phone": "4255555555"
            }
          ]
        },
        "attributes": {
          "enabled": true,
          "created": 1658443809,
          "updated": 1658443811
        }
      }
    },
    {
      "RequestUri": "https://keyvault_name.vault.azure.net/certificates/issuers/CRUDCertificateName-cancreatereadanddeleteacertificateissuer-?api-version=7.3",
      "RequestMethod": "GET",
      "RequestHeaders": {
        "Accept": "application/json",
        "Accept-Encoding": "gzip, deflate, br",
        "Accept-Language": "en-US",
        "Authorization": "Sanitized",
        "Connection": "keep-alive",
        "Referer": "http://localhost:9328/",
        "sec-ch-ua": "",
        "sec-ch-ua-mobile": "?0",
        "sec-ch-ua-platform": "",
        "Sec-Fetch-Dest": "empty",
        "Sec-Fetch-Mode": "cors",
        "Sec-Fetch-Site": "same-site",
        "User-Agent": "Mozilla/5.0 (X11; Linux x86_64) AppleWebKit/537.36 (KHTML, like Gecko) HeadlessChrome/103.0.5058.0 Safari/537.36",
        "x-ms-client-request-id": "5a476db1-acd9-4801-a76b-9113b1726ce1",
        "x-ms-useragent": "azsdk-js-keyvault-certificates/4.5.0-beta.2 core-rest-pipeline/1.9.1 OS/Linuxx86_64"
      },
      "RequestBody": null,
      "StatusCode": 404,
      "ResponseHeaders": {
        "Cache-Control": "no-cache",
        "Content-Length": "75",
        "Content-Type": "application/json; charset=utf-8",
        "Date": "Thu, 21 Jul 2022 22:50:11 GMT",
        "Expires": "-1",
        "Pragma": "no-cache",
        "Strict-Transport-Security": "max-age=31536000;includeSubDomains",
        "X-Content-Type-Options": "nosniff",
        "x-ms-client-request-id": "5a476db1-acd9-4801-a76b-9113b1726ce1",
        "x-ms-keyvault-network-info": "conn_type=Ipv4;addr=167.220.80.222;act_addr_fam=InterNetwork;",
        "x-ms-keyvault-rbac-assignment-id": "5475491e-3977-597c-9e7b-717706f638ee",
        "x-ms-keyvault-rbac-cache": "ra_age=962;da_age=962;rd_age=962;brd_age=10728;ra_notif_age=7183;dec_lev=0;",
        "x-ms-keyvault-region": "northcentralus",
        "x-ms-keyvault-service-version": "1.9.472.2",
        "x-ms-request-id": "7ed59851-00e5-4dda-be73-87f305631ec4"
      },
      "ResponseBody": {
        "error": {
          "code": "CertificateIssuerNotFound",
          "message": "Issuer not found"
        }
      }
    }
  ],
  "Variables": {}
}
