{
  "Entries": [
    {
      "RequestUri": "https://endpoint/sip?api-version=2023-01-01-preview",
      "RequestMethod": "GET",
      "RequestHeaders": {
        "Accept": "application/json",
        "Accept-Encoding": "gzip,deflate",
        "Authorization": "Sanitized",
        "Connection": "keep-alive",
        "User-Agent": "azsdk-js-communication-phone-numbers/1.2.0-beta.5 core-rest-pipeline/1.9.2 Node/v18.13.0 OS/(x64-Windows_NT-10.0.22621)",
        "x-ms-client-request-id": "sanitized"
      },
      "RequestBody": null,
      "StatusCode": 200,
      "ResponseHeaders": {
        "api-supported-versions": "2021-05-01-preview, 2022-09-01-preview, 2023-01-01-preview",
        "Content-Length": "280",
        "Content-Type": "application/json; charset=utf-8",
        "Date": "Tue, 21 Feb 2023 11:25:57 GMT",
        "MS-CV": "EDKs/6denE\u002BVAe7ebGDrJA.0",
        "Strict-Transport-Security": "max-age=2592000",
        "X-Azure-Ref": "0Rar0YwAAAAA8JVojMXF4QIx42H9PUniWTFRTRURHRTEzMTIAY2M5Mjc1OGQtMDVmNy00YWQ2LWFhNWUtMGZhOTcxOGQ4OTg1",
        "X-Cache": "CONFIG_NOCACHE",
        "X-Processing-Time": "112ms"
      },
      "ResponseBody": {
        "domains": {
          "nostojic13012023.skype.net": {
            "enabled": true
          },
          "nostojic14012023.skype.net": {
            "enabled": true
          }
        },
        "trunks": {
          "test1.nostojic13012023.skype.net": {
            "enabled": true,
            "sipSignalingPort": 6789
          },
          "test2.nostojic13012023.skype.net": {
            "enabled": true,
            "sipSignalingPort": 9876
          }
        },
        "routes": []
      }
    },
    {
      "RequestUri": "https://endpoint/sip?api-version=2023-01-01-preview",
      "RequestMethod": "PATCH",
      "RequestHeaders": {
        "Accept": "application/json",
        "Accept-Encoding": "gzip,deflate",
        "Authorization": "Sanitized",
        "Connection": "keep-alive",
        "Content-Length": "92",
        "Content-Type": "application/merge-patch\u002Bjson",
        "User-Agent": "azsdk-js-communication-phone-numbers/1.2.0-beta.5 core-rest-pipeline/1.9.2 Node/v18.13.0 OS/(x64-Windows_NT-10.0.22621)",
        "x-ms-client-request-id": "sanitized"
      },
      "RequestBody": {
        "trunks": {
          "test1.nostojic13012023.skype.net": null,
          "test2.nostojic13012023.skype.net": null
        }
      },
      "StatusCode": 200,
      "ResponseHeaders": {
        "api-supported-versions": "2021-05-01-preview, 2022-09-01-preview, 2023-01-01-preview",
        "Content-Length": "129",
        "Content-Type": "application/json; charset=utf-8",
        "Date": "Tue, 21 Feb 2023 11:25:57 GMT",
        "MS-CV": "uGBbx7jxAE65\u002B9mvPMFaBA.0",
        "Strict-Transport-Security": "max-age=2592000",
        "X-Azure-Ref": "0Rqr0YwAAAADaVx4s6DHURbKKRYP1iNLDTFRTRURHRTEzMTIAY2M5Mjc1OGQtMDVmNy00YWQ2LWFhNWUtMGZhOTcxOGQ4OTg1",
        "X-Cache": "CONFIG_NOCACHE",
        "X-Processing-Time": "340ms"
      },
      "ResponseBody": {
        "domains": {
          "nostojic13012023.skype.net": {
            "enabled": true
          },
          "nostojic14012023.skype.net": {
            "enabled": true
          }
        },
        "trunks": {},
        "routes": []
      }
    },
    {
      "RequestUri": "https://endpoint/sip?api-version=2023-01-01-preview",
      "RequestMethod": "GET",
      "RequestHeaders": {
        "Accept": "application/json",
        "Accept-Encoding": "gzip,deflate",
        "Authorization": "Sanitized",
        "Connection": "keep-alive",
        "User-Agent": "azsdk-js-communication-phone-numbers/1.2.0-beta.5 core-rest-pipeline/1.9.2 Node/v18.13.0 OS/(x64-Windows_NT-10.0.22621)",
        "x-ms-client-request-id": "sanitized"
      },
      "RequestBody": null,
      "StatusCode": 200,
      "ResponseHeaders": {
        "api-supported-versions": "2021-05-01-preview, 2022-09-01-preview, 2023-01-01-preview",
        "Content-Length": "129",
        "Content-Type": "application/json; charset=utf-8",
        "Date": "Tue, 21 Feb 2023 11:25:57 GMT",
        "MS-CV": "ytjf4M2rW0WzIZdOSNobDg.0",
        "Strict-Transport-Security": "max-age=2592000",
        "X-Azure-Ref": "0Rqr0YwAAAADeZVQ2hW7zRJ1W3VmzRdXTTFRTRURHRTEzMTIAY2M5Mjc1OGQtMDVmNy00YWQ2LWFhNWUtMGZhOTcxOGQ4OTg1",
        "X-Cache": "CONFIG_NOCACHE",
        "X-Processing-Time": "118ms"
      },
      "ResponseBody": {
        "domains": {
          "nostojic13012023.skype.net": {
            "enabled": true
          },
          "nostojic14012023.skype.net": {
            "enabled": true
          }
        },
        "trunks": {},
        "routes": []
      }
    },
    {
      "RequestUri": "https://endpoint/sip?api-version=2023-01-01-preview",
      "RequestMethod": "GET",
      "RequestHeaders": {
        "Accept": "application/json",
        "Accept-Encoding": "gzip,deflate",
        "Authorization": "Sanitized",
        "Connection": "keep-alive",
        "User-Agent": "azsdk-js-communication-phone-numbers/1.2.0-beta.5 core-rest-pipeline/1.9.2 Node/v18.13.0 OS/(x64-Windows_NT-10.0.22621)",
        "x-ms-client-request-id": "sanitized"
      },
      "RequestBody": null,
      "StatusCode": 200,
      "ResponseHeaders": {
        "api-supported-versions": "2021-05-01-preview, 2022-09-01-preview, 2023-01-01-preview",
        "Content-Length": "129",
        "Content-Type": "application/json; charset=utf-8",
        "Date": "Tue, 21 Feb 2023 11:25:58 GMT",
        "MS-CV": "LLG8wqHCRkyaYHO2CD6Zzg.0",
        "Strict-Transport-Security": "max-age=2592000",
        "X-Azure-Ref": "0Rqr0YwAAAABK5XkeUay3TLFhUYryqiBITFRTRURHRTEzMTIAY2M5Mjc1OGQtMDVmNy00YWQ2LWFhNWUtMGZhOTcxOGQ4OTg1",
        "X-Cache": "CONFIG_NOCACHE",
        "X-Processing-Time": "123ms"
      },
      "ResponseBody": {
        "domains": {
          "nostojic13012023.skype.net": {
            "enabled": true
          },
          "nostojic14012023.skype.net": {
            "enabled": true
          }
        },
        "trunks": {},
        "routes": []
      }
    }
  ],
  "Variables": {
    "fqdn-1": "test1.nostojic13012023.skype.net",
    "fqdn-2": "test2.nostojic13012023.skype.net"
  }
}
