{
  "Entries": [
    {
      "RequestUri": "https://endpoint/sip?api-version=2021-05-01-preview",
      "RequestMethod": "PATCH",
      "RequestHeaders": {
        "Accept": "application/json",
        "Accept-Encoding": "gzip,deflate",
        "Authorization": "Sanitized",
        "Connection": "keep-alive",
        "Content-Length": "248",
        "Content-Type": "application/merge-patch\u002Bjson",
        "User-Agent": "azsdk-js-communication-phone-numbers/1.2.0-beta.5 core-rest-pipeline/1.9.3 Node/v16.14.0 OS/(x64-Windows_NT-10.0.22000)",
        "x-ms-client-request-id": "sanitized"
      },
      "RequestBody": {
        "routes": [
          {
            "description": "myFirstRoute\u0027s description",
            "name": "myFirstRoute",
            "numberPattern": "^\u002B[1-9][0-9]{3,23}$",
            "trunks": []
          },
          {
            "description": "mySecondRoute\u0027s description",
            "name": "mySecondRoute",
            "numberPattern": "^\u002B[1-9][0-9]{3,23}$",
            "trunks": []
          }
        ]
      },
      "StatusCode": 200,
      "ResponseHeaders": {
        "api-supported-versions": "2021-05-01-preview, 2022-09-01-preview",
        "Content-Type": "application/json; charset=utf-8",
        "Date": "Thu, 08 Sep 2022 23:19:52 GMT",
        "MS-CV": "3HlXIcyNiEuqWxeFfeIfEg.0",
        "Strict-Transport-Security": "max-age=2592000",
        "Transfer-Encoding": "chunked",
        "X-Azure-Ref": "0mHgaYwAAAAC18m5lJEuvRZYwiW1MVI3LUFJHMDFFREdFMDkxOQA5ZmM3YjUxOS1hOGNjLTRmODktOTM1ZS1jOTE0OGFlMDllODE=",
        "X-Cache": "CONFIG_NOCACHE",
        "X-Processing-Time": "189ms"
      },
      "ResponseBody": {
        "trunks": {
          "777.fqdn.com": {
            "sipSignalingPort": 5678
          },
          "888.fqdn.com": {
            "sipSignalingPort": 5678
          }
        },
        "routes": [
          {
            "description": "myFirstRoute\u0027s description",
            "name": "myFirstRoute",
            "numberPattern": "^\u002B[1-9][0-9]{3,23}$",
            "trunks": []
          },
          {
            "description": "mySecondRoute\u0027s description",
            "name": "mySecondRoute",
            "numberPattern": "^\u002B[1-9][0-9]{3,23}$",
            "trunks": []
          }
        ]
      }
    },
    {
      "RequestUri": "https://endpoint/sip?api-version=2021-05-01-preview",
      "RequestMethod": "GET",
      "RequestHeaders": {
        "Accept": "application/json",
        "Accept-Encoding": "gzip,deflate",
        "Authorization": "Sanitized",
        "Connection": "keep-alive",
        "User-Agent": "azsdk-js-communication-phone-numbers/1.2.0-beta.5 core-rest-pipeline/1.9.3 Node/v16.14.0 OS/(x64-Windows_NT-10.0.22000)",
        "x-ms-client-request-id": "sanitized"
      },
      "RequestBody": null,
      "StatusCode": 200,
      "ResponseHeaders": {
        "api-supported-versions": "2021-05-01-preview, 2022-09-01-preview",
        "Content-Type": "application/json; charset=utf-8",
        "Date": "Thu, 08 Sep 2022 23:19:52 GMT",
        "MS-CV": "nMtDkQqKdUKi8F27vKMKEQ.0",
        "Strict-Transport-Security": "max-age=2592000",
        "Transfer-Encoding": "chunked",
        "X-Azure-Ref": "0mHgaYwAAAADR/xm1CqkaTpX06RkIEY59UFJHMDFFREdFMDkxOQA5ZmM3YjUxOS1hOGNjLTRmODktOTM1ZS1jOTE0OGFlMDllODE=",
        "X-Cache": "CONFIG_NOCACHE",
        "X-Processing-Time": "206ms"
      },
      "ResponseBody": {
        "trunks": {
          "777.fqdn.com": {
            "sipSignalingPort": 5678
          },
          "888.fqdn.com": {
            "sipSignalingPort": 5678
          }
        },
        "routes": [
          {
            "description": "myFirstRoute\u0027s description",
            "name": "myFirstRoute",
            "numberPattern": "^\u002B[1-9][0-9]{3,23}$",
            "trunks": []
          },
          {
            "description": "mySecondRoute\u0027s description",
            "name": "mySecondRoute",
            "numberPattern": "^\u002B[1-9][0-9]{3,23}$",
            "trunks": []
          }
        ]
      }
    },
    {
      "RequestUri": "https://endpoint/sip?api-version=2021-05-01-preview",
      "RequestMethod": "PATCH",
      "RequestHeaders": {
        "Accept": "application/json",
        "Accept-Encoding": "gzip,deflate",
        "Authorization": "Sanitized",
        "Connection": "keep-alive",
        "Content-Length": "94",
        "Content-Type": "application/merge-patch\u002Bjson",
        "User-Agent": "azsdk-js-communication-phone-numbers/1.2.0-beta.5 core-rest-pipeline/1.9.3 Node/v16.14.0 OS/(x64-Windows_NT-10.0.22000)",
        "x-ms-client-request-id": "sanitized"
      },
      "RequestBody": {
        "trunks": {
          "777.fqdn.com": {
            "sipSignalingPort": 5678
          },
          "888.fqdn.com": {
            "sipSignalingPort": 5678
          }
        }
      },
      "StatusCode": 200,
      "ResponseHeaders": {
        "api-supported-versions": "2021-05-01-preview, 2022-09-01-preview",
        "Content-Type": "application/json; charset=utf-8",
        "Date": "Thu, 08 Sep 2022 23:19:53 GMT",
        "MS-CV": "xEe1CBKWGUqRVwsEdwL0WQ.0",
        "Strict-Transport-Security": "max-age=2592000",
        "Transfer-Encoding": "chunked",
        "X-Azure-Ref": "0mHgaYwAAAAB\u002B3Qb9LVw4SLQdXWSoaSPEUFJHMDFFREdFMDkxOQA5ZmM3YjUxOS1hOGNjLTRmODktOTM1ZS1jOTE0OGFlMDllODE=",
        "X-Cache": "CONFIG_NOCACHE",
        "X-Processing-Time": "383ms"
      },
      "ResponseBody": {
        "trunks": {
          "777.fqdn.com": {
            "sipSignalingPort": 5678
          },
          "888.fqdn.com": {
            "sipSignalingPort": 5678
          }
        },
        "routes": [
          {
            "description": "myFirstRoute\u0027s description",
            "name": "myFirstRoute",
            "numberPattern": "^\u002B[1-9][0-9]{3,23}$",
            "trunks": []
          },
          {
            "description": "mySecondRoute\u0027s description",
            "name": "mySecondRoute",
            "numberPattern": "^\u002B[1-9][0-9]{3,23}$",
            "trunks": []
          }
        ]
      }
    },
    {
      "RequestUri": "https://endpoint/sip?api-version=2021-05-01-preview",
      "RequestMethod": "GET",
      "RequestHeaders": {
        "Accept": "application/json",
        "Accept-Encoding": "gzip,deflate",
        "Authorization": "Sanitized",
        "Connection": "keep-alive",
        "User-Agent": "azsdk-js-communication-phone-numbers/1.2.0-beta.5 core-rest-pipeline/1.9.3 Node/v16.14.0 OS/(x64-Windows_NT-10.0.22000)",
        "x-ms-client-request-id": "sanitized"
      },
      "RequestBody": null,
      "StatusCode": 200,
      "ResponseHeaders": {
        "api-supported-versions": "2021-05-01-preview, 2022-09-01-preview",
        "Content-Type": "application/json; charset=utf-8",
        "Date": "Thu, 08 Sep 2022 23:19:53 GMT",
        "MS-CV": "VsDvcIjxNkWdUVGswecRyA.0",
        "Strict-Transport-Security": "max-age=2592000",
        "Transfer-Encoding": "chunked",
        "X-Azure-Ref": "0mXgaYwAAAADJ2KoYvPsUT5lcmrw3un5zUFJHMDFFREdFMDkxOQA5ZmM3YjUxOS1hOGNjLTRmODktOTM1ZS1jOTE0OGFlMDllODE=",
        "X-Cache": "CONFIG_NOCACHE",
        "X-Processing-Time": "167ms"
      },
      "ResponseBody": {
        "trunks": {
          "777.fqdn.com": {
            "sipSignalingPort": 5678
          },
          "888.fqdn.com": {
            "sipSignalingPort": 5678
          }
        },
        "routes": [
          {
            "description": "myFirstRoute\u0027s description",
            "name": "myFirstRoute",
            "numberPattern": "^\u002B[1-9][0-9]{3,23}$",
            "trunks": []
          },
          {
            "description": "mySecondRoute\u0027s description",
            "name": "mySecondRoute",
            "numberPattern": "^\u002B[1-9][0-9]{3,23}$",
            "trunks": []
          }
        ]
      }
    },
    {
      "RequestUri": "https://endpoint/sip?api-version=2021-05-01-preview",
      "RequestMethod": "GET",
      "RequestHeaders": {
        "Accept": "application/json",
        "Accept-Encoding": "gzip,deflate",
        "Authorization": "Sanitized",
        "Connection": "keep-alive",
        "User-Agent": "azsdk-js-communication-phone-numbers/1.2.0-beta.5 core-rest-pipeline/1.9.3 Node/v16.14.0 OS/(x64-Windows_NT-10.0.22000)",
        "x-ms-client-request-id": "sanitized"
      },
      "RequestBody": null,
      "StatusCode": 200,
      "ResponseHeaders": {
        "api-supported-versions": "2021-05-01-preview, 2022-09-01-preview",
        "Content-Type": "application/json; charset=utf-8",
        "Date": "Thu, 08 Sep 2022 23:19:53 GMT",
        "MS-CV": "Z/mzfZpzh02xy0xx5sAo0A.0",
        "Strict-Transport-Security": "max-age=2592000",
        "Transfer-Encoding": "chunked",
        "X-Azure-Ref": "0mXgaYwAAAAA6EioQ7ELHR7zUaxr6c\u002Bp/UFJHMDFFREdFMDkxOQA5ZmM3YjUxOS1hOGNjLTRmODktOTM1ZS1jOTE0OGFlMDllODE=",
        "X-Cache": "CONFIG_NOCACHE",
        "X-Processing-Time": "136ms"
      },
      "ResponseBody": {
        "trunks": {
          "777.fqdn.com": {
            "sipSignalingPort": 5678
          },
          "888.fqdn.com": {
            "sipSignalingPort": 5678
          }
        },
        "routes": [
          {
            "description": "myFirstRoute\u0027s description",
            "name": "myFirstRoute",
            "numberPattern": "^\u002B[1-9][0-9]{3,23}$",
            "trunks": []
          },
          {
            "description": "mySecondRoute\u0027s description",
            "name": "mySecondRoute",
            "numberPattern": "^\u002B[1-9][0-9]{3,23}$",
            "trunks": []
          }
        ]
      }
    }
  ],
  "Variables": {}
}
