{
  "Entries": [
    {
      "RequestUri": "https://myappconfig.azconfig.io/kv/listRevisions-10333?api-version=1.0\u0026label=list-revisions-A-10996",
      "RequestMethod": "PUT",
      "RequestHeaders": {
        "Accept": "application/vnd.microsoft.appconfig.kv\u002Bjson, application/json, application/problem\u002Bjson",
        "Accept-Encoding": "gzip, deflate, br",
        "Accept-Language": "en-US",
        "Authorization": "Sanitized",
        "Cache-Control": "max-age=0",
        "Connection": "keep-alive",
        "Content-Length": "78",
        "Content-Type": "application/vnd.microsoft.appconfig.kv\u002Bjson",
        "If-None-Match": "*",
        "Referer": "http://localhost:9876/",
        "sec-ch-ua": "",
        "sec-ch-ua-mobile": "?0",
        "sec-ch-ua-platform": "",
        "Sec-Fetch-Dest": "empty",
        "Sec-Fetch-Mode": "cors",
        "Sec-Fetch-Site": "same-site",
        "User-Agent": "Mozilla/5.0 (X11; Linux x86_64) AppleWebKit/537.36 (KHTML, like Gecko) HeadlessChrome/93.0.4577.0 Safari/537.36",
        "x-ms-client-request-id": "37087120-db43-46ea-a4b6-c26dcad9e21f",
        "x-ms-content-sha256": "gg9TxeEYbMmZwUQOnY8zKSUIuJdmcSh/2IYC5S5oONE=",
        "x-ms-date": "Wed, 29 Dec 2021 21:08:41 GMT",
        "x-ms-useragent": "azsdk-js-app-configuration/1.3.2 core-http/2.2.3 OS/Linuxx86_64"
      },
      "RequestBody": {
        "key": "listRevisions-10333",
        "label": "list-revisions-A-10996",
        "value": "fooA1"
      },
      "StatusCode": 200,
      "ResponseHeaders": {
        "Access-Control-Allow-Credentials": "true",
        "Access-Control-Allow-Origin": "*",
        "Access-Control-Expose-Headers": "DNT, X-CustomHeader, Keep-Alive, User-Agent, X-Requested-With, If-Modified-Since, Cache-Control, Content-Type, Authorization, x-ms-client-request-id, x-ms-useragent, x-ms-content-sha256, x-ms-date, host, Accept, Accept-Datetime, Date, If-Match, If-None-Match, Sync-Token, x-ms-return-client-request-id, ETag, Last-Modified, Link, Memento-Datetime, retry-after-ms, x-ms-request-id, x-ms-client-session-id, x-ms-effective-locale, WWW-Authenticate, traceparent, tracestate",
        "Connection": "keep-alive",
        "Content-Type": "application/vnd.microsoft.appconfig.kv\u002Bjson; charset=utf-8",
        "Date": "Wed, 29 Dec 2021 21:08:41 GMT",
        "ETag": "\u0022T0N0ZlqY33p3xvUgZksatZR8LMz\u0022",
        "Last-Modified": "Wed, 29 Dec 2021 21:08:41 GMT",
        "Server": "openresty/1.17.8.2",
        "Strict-Transport-Security": "max-age=15724800; includeSubDomains",
        "Sync-Token": "zAJw6V16=NToxNSMzMjg0NDUx;sn=3284451",
        "Transfer-Encoding": "chunked",
        "x-ms-correlation-request-id": "6527371e-6332-434c-b5b7-e9b47317fce5",
        "x-ms-request-id": "6527371e-6332-434c-b5b7-e9b47317fce5"
      },
      "ResponseBody": {
        "etag": "T0N0ZlqY33p3xvUgZksatZR8LMz",
        "key": "listRevisions-10333",
        "label": "list-revisions-A-10996",
        "content_type": null,
        "value": "fooA1",
        "tags": {},
        "locked": false,
        "last_modified": "2021-12-29T21:08:41\u002B00:00"
      }
    },
    {
      "RequestUri": "https://myappconfig.azconfig.io/kv/listRevisions-10333?api-version=1.0\u0026label=list-revisions-A-10996",
      "RequestMethod": "PUT",
      "RequestHeaders": {
        "Accept": "application/vnd.microsoft.appconfig.kv\u002Bjson, application/json, application/problem\u002Bjson",
        "Accept-Encoding": "gzip, deflate, br",
        "Accept-Language": "en-US",
        "Authorization": "Sanitized",
        "Connection": "keep-alive",
        "Content-Length": "78",
        "Content-Type": "application/vnd.microsoft.appconfig.kv\u002Bjson",
        "Referer": "http://localhost:9876/",
        "sec-ch-ua": "",
        "sec-ch-ua-mobile": "?0",
        "sec-ch-ua-platform": "",
        "Sec-Fetch-Dest": "empty",
        "Sec-Fetch-Mode": "cors",
        "Sec-Fetch-Site": "same-site",
        "sync-token": "zAJw6V16=NToxNSMzMjg0NDUx",
        "User-Agent": "Mozilla/5.0 (X11; Linux x86_64) AppleWebKit/537.36 (KHTML, like Gecko) HeadlessChrome/93.0.4577.0 Safari/537.36",
        "x-ms-client-request-id": "db0f0fa9-ef2d-45a6-a191-0022e4f58a5c",
        "x-ms-content-sha256": "XKeuc1/6TipKnap8jicoSacygkFrSk\u002Bn5ttK2dpsv4M=",
        "x-ms-date": "Wed, 29 Dec 2021 21:08:42 GMT",
        "x-ms-useragent": "azsdk-js-app-configuration/1.3.2 core-http/2.2.3 OS/Linuxx86_64"
      },
      "RequestBody": {
        "key": "listRevisions-10333",
        "label": "list-revisions-A-10996",
        "value": "fooA2"
      },
      "StatusCode": 200,
      "ResponseHeaders": {
        "Access-Control-Allow-Credentials": "true",
        "Access-Control-Allow-Origin": "*",
        "Access-Control-Expose-Headers": "DNT, X-CustomHeader, Keep-Alive, User-Agent, X-Requested-With, If-Modified-Since, Cache-Control, Content-Type, Authorization, x-ms-client-request-id, x-ms-useragent, x-ms-content-sha256, x-ms-date, host, Accept, Accept-Datetime, Date, If-Match, If-None-Match, Sync-Token, x-ms-return-client-request-id, ETag, Last-Modified, Link, Memento-Datetime, retry-after-ms, x-ms-request-id, x-ms-client-session-id, x-ms-effective-locale, WWW-Authenticate, traceparent, tracestate",
        "Connection": "keep-alive",
        "Content-Type": "application/vnd.microsoft.appconfig.kv\u002Bjson; charset=utf-8",
        "Date": "Wed, 29 Dec 2021 21:08:42 GMT",
        "ETag": "\u0022FMBkybpBei7q8221XsLAKimKq1J\u0022",
        "Last-Modified": "Wed, 29 Dec 2021 21:08:42 GMT",
        "Server": "openresty/1.17.8.2",
        "Strict-Transport-Security": "max-age=15724800; includeSubDomains",
        "Sync-Token": "zAJw6V16=NToxNSMzMjg0NDUy;sn=3284452",
        "Transfer-Encoding": "chunked",
        "x-ms-correlation-request-id": "70557205-88a0-4c30-a4d0-cd184ea35d76",
        "x-ms-request-id": "70557205-88a0-4c30-a4d0-cd184ea35d76"
      },
      "ResponseBody": {
        "etag": "FMBkybpBei7q8221XsLAKimKq1J",
        "key": "listRevisions-10333",
        "label": "list-revisions-A-10996",
        "content_type": null,
        "value": "fooA2",
        "tags": {},
        "locked": false,
        "last_modified": "2021-12-29T21:08:42\u002B00:00"
      }
    },
    {
      "RequestUri": "https://myappconfig.azconfig.io/kv/listRevisions-10333?api-version=1.0\u0026label=list-revisions-B-10313",
      "RequestMethod": "PUT",
      "RequestHeaders": {
        "Accept": "application/vnd.microsoft.appconfig.kv\u002Bjson, application/json, application/problem\u002Bjson",
        "Accept-Encoding": "gzip, deflate, br",
        "Accept-Language": "en-US",
        "Authorization": "Sanitized",
        "Cache-Control": "max-age=0",
        "Connection": "keep-alive",
        "Content-Length": "78",
        "Content-Type": "application/vnd.microsoft.appconfig.kv\u002Bjson",
        "If-None-Match": "*",
        "Referer": "http://localhost:9876/",
        "sec-ch-ua": "",
        "sec-ch-ua-mobile": "?0",
        "sec-ch-ua-platform": "",
        "Sec-Fetch-Dest": "empty",
        "Sec-Fetch-Mode": "cors",
        "Sec-Fetch-Site": "same-site",
        "sync-token": "zAJw6V16=NToxNSMzMjg0NDUy",
        "User-Agent": "Mozilla/5.0 (X11; Linux x86_64) AppleWebKit/537.36 (KHTML, like Gecko) HeadlessChrome/93.0.4577.0 Safari/537.36",
        "x-ms-client-request-id": "1d2591cb-e0b9-4ee7-a4ea-a251085b03e1",
        "x-ms-content-sha256": "As5lRXA\u002Bm4aofoTj3vMXxK0tilURA2KobRir1ugVcZo=",
        "x-ms-date": "Wed, 29 Dec 2021 21:08:42 GMT",
        "x-ms-useragent": "azsdk-js-app-configuration/1.3.2 core-http/2.2.3 OS/Linuxx86_64"
      },
      "RequestBody": {
        "key": "listRevisions-10333",
        "label": "list-revisions-B-10313",
        "value": "fooB1"
      },
      "StatusCode": 200,
      "ResponseHeaders": {
        "Access-Control-Allow-Credentials": "true",
        "Access-Control-Allow-Origin": "*",
        "Access-Control-Expose-Headers": "DNT, X-CustomHeader, Keep-Alive, User-Agent, X-Requested-With, If-Modified-Since, Cache-Control, Content-Type, Authorization, x-ms-client-request-id, x-ms-useragent, x-ms-content-sha256, x-ms-date, host, Accept, Accept-Datetime, Date, If-Match, If-None-Match, Sync-Token, x-ms-return-client-request-id, ETag, Last-Modified, Link, Memento-Datetime, retry-after-ms, x-ms-request-id, x-ms-client-session-id, x-ms-effective-locale, WWW-Authenticate, traceparent, tracestate",
        "Connection": "keep-alive",
        "Content-Type": "application/vnd.microsoft.appconfig.kv\u002Bjson; charset=utf-8",
        "Date": "Wed, 29 Dec 2021 21:08:42 GMT",
        "ETag": "\u00228lPkFnlIDcOXjRp7CzCUDitkJXA\u0022",
        "Last-Modified": "Wed, 29 Dec 2021 21:08:42 GMT",
        "Server": "openresty/1.17.8.2",
        "Strict-Transport-Security": "max-age=15724800; includeSubDomains",
        "Sync-Token": "zAJw6V16=NToxNSMzMjg0NDUz;sn=3284453",
        "Transfer-Encoding": "chunked",
        "x-ms-correlation-request-id": "5693a5d3-8c63-41a9-9c62-aab9d9a14a1e",
        "x-ms-request-id": "5693a5d3-8c63-41a9-9c62-aab9d9a14a1e"
      },
      "ResponseBody": {
        "etag": "8lPkFnlIDcOXjRp7CzCUDitkJXA",
        "key": "listRevisions-10333",
        "label": "list-revisions-B-10313",
        "content_type": null,
        "value": "fooB1",
        "tags": {},
        "locked": false,
        "last_modified": "2021-12-29T21:08:42\u002B00:00"
      }
    },
    {
      "RequestUri": "https://myappconfig.azconfig.io/kv/listRevisions-10333?api-version=1.0\u0026label=list-revisions-B-10313",
      "RequestMethod": "PUT",
      "RequestHeaders": {
        "Accept": "application/vnd.microsoft.appconfig.kv\u002Bjson, application/json, application/problem\u002Bjson",
        "Accept-Encoding": "gzip, deflate, br",
        "Accept-Language": "en-US",
        "Authorization": "Sanitized",
        "Connection": "keep-alive",
        "Content-Length": "78",
        "Content-Type": "application/vnd.microsoft.appconfig.kv\u002Bjson",
        "Referer": "http://localhost:9876/",
        "sec-ch-ua": "",
        "sec-ch-ua-mobile": "?0",
        "sec-ch-ua-platform": "",
        "Sec-Fetch-Dest": "empty",
        "Sec-Fetch-Mode": "cors",
        "Sec-Fetch-Site": "same-site",
        "sync-token": "zAJw6V16=NToxNSMzMjg0NDUz",
        "User-Agent": "Mozilla/5.0 (X11; Linux x86_64) AppleWebKit/537.36 (KHTML, like Gecko) HeadlessChrome/93.0.4577.0 Safari/537.36",
        "x-ms-client-request-id": "e5ef6b74-df8c-472d-8693-f8eb86beb483",
        "x-ms-content-sha256": "8QXO8NQ9OSR271hHJr5vB7XkvTRbrnaFsyR47dRirJI=",
        "x-ms-date": "Wed, 29 Dec 2021 21:08:42 GMT",
        "x-ms-useragent": "azsdk-js-app-configuration/1.3.2 core-http/2.2.3 OS/Linuxx86_64"
      },
      "RequestBody": {
        "key": "listRevisions-10333",
        "label": "list-revisions-B-10313",
        "value": "fooB2"
      },
      "StatusCode": 200,
      "ResponseHeaders": {
        "Access-Control-Allow-Credentials": "true",
        "Access-Control-Allow-Origin": "*",
        "Access-Control-Expose-Headers": "DNT, X-CustomHeader, Keep-Alive, User-Agent, X-Requested-With, If-Modified-Since, Cache-Control, Content-Type, Authorization, x-ms-client-request-id, x-ms-useragent, x-ms-content-sha256, x-ms-date, host, Accept, Accept-Datetime, Date, If-Match, If-None-Match, Sync-Token, x-ms-return-client-request-id, ETag, Last-Modified, Link, Memento-Datetime, retry-after-ms, x-ms-request-id, x-ms-client-session-id, x-ms-effective-locale, WWW-Authenticate, traceparent, tracestate",
        "Connection": "keep-alive",
        "Content-Type": "application/vnd.microsoft.appconfig.kv\u002Bjson; charset=utf-8",
        "Date": "Wed, 29 Dec 2021 21:08:42 GMT",
        "ETag": "\u0022XgBfW3Zyrksjk8ZVACaiPwoxQqz\u0022",
        "Last-Modified": "Wed, 29 Dec 2021 21:08:42 GMT",
        "Server": "openresty/1.17.8.2",
        "Strict-Transport-Security": "max-age=15724800; includeSubDomains",
        "Sync-Token": "zAJw6V16=NToxNSMzMjg0NDU0;sn=3284454",
        "Transfer-Encoding": "chunked",
        "x-ms-correlation-request-id": "636393c0-cf59-4516-a227-cf861bdb25ba",
        "x-ms-request-id": "636393c0-cf59-4516-a227-cf861bdb25ba"
      },
      "ResponseBody": {
        "etag": "XgBfW3Zyrksjk8ZVACaiPwoxQqz",
        "key": "listRevisions-10333",
        "label": "list-revisions-B-10313",
        "content_type": null,
        "value": "fooB2",
        "tags": {},
        "locked": false,
        "last_modified": "2021-12-29T21:08:42\u002B00:00"
      }
    },
    {
      "RequestUri": "https://myappconfig.azconfig.io/revisions?api-version=1.0\u0026label=list-revisions-A-10996",
      "RequestMethod": "GET",
      "RequestHeaders": {
        "Accept": "application/vnd.microsoft.appconfig.kvset\u002Bjson, application/json, application/problem\u002Bjson",
        "Accept-Encoding": "gzip, deflate, br",
        "Accept-Language": "en-US",
        "Authorization": "Sanitized",
        "Connection": "keep-alive",
        "Referer": "http://localhost:9876/",
        "sec-ch-ua": "",
        "sec-ch-ua-mobile": "?0",
        "sec-ch-ua-platform": "",
        "Sec-Fetch-Dest": "empty",
        "Sec-Fetch-Mode": "cors",
        "Sec-Fetch-Site": "same-site",
        "sync-token": "zAJw6V16=NToxNSMzMjg0NDU0",
        "User-Agent": "Mozilla/5.0 (X11; Linux x86_64) AppleWebKit/537.36 (KHTML, like Gecko) HeadlessChrome/93.0.4577.0 Safari/537.36",
        "x-ms-client-request-id": "f0175ac6-065c-47f1-a410-3e97de190d8a",
        "x-ms-content-sha256": "47DEQpj8HBSa\u002B/TImW\u002B5JCeuQeRkm5NMpJWZG3hSuFU=",
        "x-ms-date": "Wed, 29 Dec 2021 21:08:42 GMT",
        "x-ms-useragent": "azsdk-js-app-configuration/1.3.2 core-http/2.2.3 OS/Linuxx86_64"
      },
      "RequestBody": null,
      "StatusCode": 200,
      "ResponseHeaders": {
        "Accept-Ranges": "items",
        "Access-Control-Allow-Credentials": "true",
        "Access-Control-Allow-Origin": "*",
        "Access-Control-Expose-Headers": "DNT, X-CustomHeader, Keep-Alive, User-Agent, X-Requested-With, If-Modified-Since, Cache-Control, Content-Type, Authorization, x-ms-client-request-id, x-ms-useragent, x-ms-content-sha256, x-ms-date, host, Accept, Accept-Datetime, Date, If-Match, If-None-Match, Sync-Token, x-ms-return-client-request-id, ETag, Last-Modified, Link, Memento-Datetime, retry-after-ms, x-ms-request-id, x-ms-client-session-id, x-ms-effective-locale, WWW-Authenticate, traceparent, tracestate",
        "Connection": "keep-alive",
        "Content-Type": "application/vnd.microsoft.appconfig.kvset\u002Bjson; charset=utf-8",
        "Date": "Wed, 29 Dec 2021 21:08:42 GMT",
        "Server": "openresty/1.17.8.2",
        "Strict-Transport-Security": "max-age=15724800; includeSubDomains",
        "Sync-Token": "zAJw6V16=NToxNSMzMjg0NDU0;sn=3284454",
        "Transfer-Encoding": "chunked",
        "x-ms-correlation-request-id": "5a9204e9-6fff-4583-99fc-7519100de781",
        "x-ms-request-id": "5a9204e9-6fff-4583-99fc-7519100de781"
      },
      "ResponseBody": {
        "items": [
          {
            "etag": "FMBkybpBei7q8221XsLAKimKq1J",
            "key": "listRevisions-10333",
            "label": "list-revisions-A-10996",
            "content_type": null,
            "value": "fooA2",
            "tags": {},
            "locked": false,
            "last_modified": "2021-12-29T21:08:42\u002B00:00"
          },
          {
            "etag": "T0N0ZlqY33p3xvUgZksatZR8LMz",
            "key": "listRevisions-10333",
            "label": "list-revisions-A-10996",
            "content_type": null,
            "value": "fooA1",
            "tags": {},
            "locked": false,
            "last_modified": "2021-12-29T21:08:41\u002B00:00"
          }
        ]
      }
    },
    {
      "RequestUri": "https://myappconfig.azconfig.io/revisions?api-version=1.0\u0026label=list-revisions-A-10996",
      "RequestMethod": "GET",
      "RequestHeaders": {
        "Accept": "application/vnd.microsoft.appconfig.kvset\u002Bjson, application/json, application/problem\u002Bjson",
        "Accept-Encoding": "gzip, deflate, br",
        "Accept-Language": "en-US",
        "Authorization": "Sanitized",
        "Connection": "keep-alive",
        "Referer": "http://localhost:9876/",
        "sec-ch-ua": "",
        "sec-ch-ua-mobile": "?0",
        "sec-ch-ua-platform": "",
        "Sec-Fetch-Dest": "empty",
        "Sec-Fetch-Mode": "cors",
        "Sec-Fetch-Site": "same-site",
        "sync-token": "zAJw6V16=NToxNSMzMjg0NDU0",
        "User-Agent": "Mozilla/5.0 (X11; Linux x86_64) AppleWebKit/537.36 (KHTML, like Gecko) HeadlessChrome/93.0.4577.0 Safari/537.36",
        "x-ms-client-request-id": "40e664bb-7e15-4d78-a829-7463dde4132d",
        "x-ms-content-sha256": "47DEQpj8HBSa\u002B/TImW\u002B5JCeuQeRkm5NMpJWZG3hSuFU=",
        "x-ms-date": "Wed, 29 Dec 2021 21:08:42 GMT",
        "x-ms-useragent": "azsdk-js-app-configuration/1.3.2 core-http/2.2.3 OS/Linuxx86_64"
      },
      "RequestBody": null,
      "StatusCode": 200,
      "ResponseHeaders": {
        "Accept-Ranges": "items",
        "Access-Control-Allow-Credentials": "true",
        "Access-Control-Allow-Origin": "*",
        "Access-Control-Expose-Headers": "DNT, X-CustomHeader, Keep-Alive, User-Agent, X-Requested-With, If-Modified-Since, Cache-Control, Content-Type, Authorization, x-ms-client-request-id, x-ms-useragent, x-ms-content-sha256, x-ms-date, host, Accept, Accept-Datetime, Date, If-Match, If-None-Match, Sync-Token, x-ms-return-client-request-id, ETag, Last-Modified, Link, Memento-Datetime, retry-after-ms, x-ms-request-id, x-ms-client-session-id, x-ms-effective-locale, WWW-Authenticate, traceparent, tracestate",
        "Connection": "keep-alive",
        "Content-Type": "application/vnd.microsoft.appconfig.kvset\u002Bjson; charset=utf-8",
        "Date": "Wed, 29 Dec 2021 21:08:42 GMT",
        "Server": "openresty/1.17.8.2",
        "Strict-Transport-Security": "max-age=15724800; includeSubDomains",
        "Sync-Token": "zAJw6V16=NToxNSMzMjg0NDU0;sn=3284454",
        "Transfer-Encoding": "chunked",
        "x-ms-correlation-request-id": "ea50ddf3-d7b9-4781-b54d-7684a021c6b2",
        "x-ms-request-id": "ea50ddf3-d7b9-4781-b54d-7684a021c6b2"
      },
      "ResponseBody": {
        "items": [
          {
            "etag": "FMBkybpBei7q8221XsLAKimKq1J",
            "key": "listRevisions-10333",
            "label": "list-revisions-A-10996",
            "content_type": null,
            "value": "fooA2",
            "tags": {},
            "locked": false,
            "last_modified": "2021-12-29T21:08:42\u002B00:00"
          },
          {
            "etag": "T0N0ZlqY33p3xvUgZksatZR8LMz",
            "key": "listRevisions-10333",
            "label": "list-revisions-A-10996",
            "content_type": null,
            "value": "fooA1",
            "tags": {},
            "locked": false,
            "last_modified": "2021-12-29T21:08:41\u002B00:00"
          }
        ]
      }
    }
  ],
  "Variables": {
    "key-1": "key-1-10990",
    "list-revisions-A": "list-revisions-A-10996",
    "list-revisions-B": "list-revisions-B-10313",
    "listRevisions": "listRevisions-10333"
  }
}
