{
  "Entries": [
    {
      "RequestUri": "https://endpoint/sip?api-version=2023-04-01-preview",
      "RequestMethod": "GET",
      "RequestHeaders": {
        "Accept": "application/json",
        "Accept-Encoding": "gzip,deflate",
        "Authorization": "Sanitized",
        "Connection": "keep-alive",
        "User-Agent": "azsdk-js-communication-phone-numbers/1.3.0-alpha.20230820.1 core-rest-pipeline/1.12.3 Node/v18.18.0 OS/(x64-Windows_NT-10.0.22621)",
        "x-ms-client-request-id": "sanitized",
        "x-ms-useragent": "fake-useragent"
      },
      "RequestBody": null,
      "StatusCode": 200,
      "ResponseHeaders": {
        "api-supported-versions": "2023-03-01, 2023-04-01-preview",
        "Content-Length": "149",
        "Content-Type": "application/json; charset=utf-8",
        "Date": "Wed, 22 Nov 2023 11:14:59 GMT",
        "MS-CV": "emuhbWJ07kaJgAFBwGLN4w.0",
        "Strict-Transport-Security": "max-age=2592000",
        "X-Azure-Ref": "0s\u002BJdZQAAAACcOvQvNgUbTpdzzmrPVHVPUFJHMDFFREdFMDkxNQA5ZmM3YjUxOS1hOGNjLTRmODktOTM1ZS1jOTE0OGFlMDllODE=",
        "X-Cache": "CONFIG_NOCACHE",
        "X-Processing-Time": "200ms"
      },
      "ResponseBody": {
        "domains": {
          "nostojic.test.domain": {
            "enabled": true
          },
          "sanitized.sbc.test": {
            "enabled": true
          },
          "testdomain.com": {
            "enabled": true
          }
        },
        "trunks": {},
        "routes": []
      }
    },
    {
      "RequestUri": "https://endpoint/sip?api-version=2023-04-01-preview",
      "RequestMethod": "PATCH",
      "RequestHeaders": {
        "Accept": "application/json",
        "Accept-Encoding": "gzip,deflate",
        "Authorization": "Sanitized",
        "Connection": "keep-alive",
        "Content-Length": "148",
        "Content-Type": "application/merge-patch\u002Bjson",
        "User-Agent": "azsdk-js-communication-phone-numbers/1.3.0-alpha.20230820.1 core-rest-pipeline/1.12.3 Node/v18.18.0 OS/(x64-Windows_NT-10.0.22621)",
        "x-ms-client-request-id": "sanitized",
        "x-ms-useragent": "fake-useragent"
      },
      "RequestBody": {
        "trunks": {
          "test1.sanitized.sbc.test": {
            "sipSignalingPort": 6001,
            "enabled": true
          },
          "test2.sanitized.sbc.test": {
            "sipSignalingPort": 6002,
            "enabled": true
          }
        }
      },
      "StatusCode": 200,
      "ResponseHeaders": {
        "api-supported-versions": "2023-03-01, 2023-04-01-preview",
        "Content-Length": "284",
        "Content-Type": "application/json; charset=utf-8",
        "Date": "Wed, 22 Nov 2023 11:14:59 GMT",
        "MS-CV": "wHMbxhwqBEORGmdErjzplQ.0",
        "Strict-Transport-Security": "max-age=2592000",
        "X-Azure-Ref": "0s\u002BJdZQAAAAB/N4B79C7eTL5E8rCARoHWUFJHMDFFREdFMDkxNQA5ZmM3YjUxOS1hOGNjLTRmODktOTM1ZS1jOTE0OGFlMDllODE=",
        "X-Cache": "CONFIG_NOCACHE",
        "X-Processing-Time": "658ms"
      },
      "ResponseBody": {
        "domains": {
          "nostojic.test.domain": {
            "enabled": true
          },
          "sanitized.sbc.test": {
            "enabled": true
          },
          "testdomain.com": {
            "enabled": true
          }
        },
        "trunks": {
          "test1.sanitized.sbc.test": {
            "sipSignalingPort": 6001,
            "enabled": true
          },
          "test2.sanitized.sbc.test": {
            "sipSignalingPort": 6002,
            "enabled": true
          }
        },
        "routes": []
      }
    },
    {
      "RequestUri": "https://endpoint/sip?api-version=2023-04-01-preview",
      "RequestMethod": "PATCH",
      "RequestHeaders": {
        "Accept": "application/json",
        "Accept-Encoding": "gzip,deflate",
        "Authorization": "Sanitized",
        "Connection": "keep-alive",
        "Content-Length": "246",
        "Content-Type": "application/merge-patch\u002Bjson",
        "User-Agent": "azsdk-js-communication-phone-numbers/1.3.0-alpha.20230820.1 core-rest-pipeline/1.12.3 Node/v18.18.0 OS/(x64-Windows_NT-10.0.22621)",
        "x-ms-client-request-id": "sanitized",
        "x-ms-useragent": "fake-useragent"
      },
      "RequestBody": {
        "routes": [
          {
            "description": "us route",
            "name": "Us route",
            "numberPattern": "^\\\u002B1(\\d{10})$",
            "trunks": [
              "test1.sanitized.sbc.test"
            ]
          },
          {
            "description": "nz route",
            "name": "Nz route",
            "numberPattern": "^\\\u002B6(\\d{10})$",
            "trunks": [
              "test2.sanitized.sbc.test"
            ]
          }
        ]
      },
      "StatusCode": 200,
      "ResponseHeaders": {
        "api-supported-versions": "2023-03-01, 2023-04-01-preview",
        "Content-Length": "517",
        "Content-Type": "application/json; charset=utf-8",
        "Date": "Wed, 22 Nov 2023 11:15:00 GMT",
        "MS-CV": "bvBB8FBHhUqwRJx853KY\u002BQ.0",
        "Strict-Transport-Security": "max-age=2592000",
        "X-Azure-Ref": "0tOJdZQAAAADfEQQb2WBpQ7zlkzPUFZQEUFJHMDFFREdFMDkxNQA5ZmM3YjUxOS1hOGNjLTRmODktOTM1ZS1jOTE0OGFlMDllODE=",
        "X-Cache": "CONFIG_NOCACHE",
        "X-Processing-Time": "401ms"
      },
      "ResponseBody": {
        "domains": {
          "nostojic.test.domain": {
            "enabled": true
          },
          "sanitized.sbc.test": {
            "enabled": true
          },
          "testdomain.com": {
            "enabled": true
          }
        },
        "trunks": {
          "test1.sanitized.sbc.test": {
            "sipSignalingPort": 6001,
            "enabled": true
          },
          "test2.sanitized.sbc.test": {
            "sipSignalingPort": 6002,
            "enabled": true
          }
        },
        "routes": [
          {
            "description": "us route",
            "name": "Us route",
            "numberPattern": "^\\\u002B1(\\d{10})$",
            "trunks": [
              "test1.sanitized.sbc.test"
            ]
          },
          {
            "description": "nz route",
            "name": "Nz route",
            "numberPattern": "^\\\u002B6(\\d{10})$",
            "trunks": [
              "test2.sanitized.sbc.test"
            ]
          }
        ]
      }
    },
    {
      "RequestUri": "https://endpoint/sip?api-version=2023-04-01-preview",
      "RequestMethod": "GET",
      "RequestHeaders": {
        "Accept": "application/json",
        "Accept-Encoding": "gzip,deflate",
        "Authorization": "Sanitized",
        "Connection": "keep-alive",
        "User-Agent": "azsdk-js-communication-phone-numbers/1.3.0-alpha.20230820.1 core-rest-pipeline/1.12.3 Node/v18.18.0 OS/(x64-Windows_NT-10.0.22621)",
        "x-ms-client-request-id": "sanitized",
        "x-ms-useragent": "fake-useragent"
      },
      "RequestBody": null,
      "StatusCode": 200,
      "ResponseHeaders": {
        "api-supported-versions": "2023-03-01, 2023-04-01-preview",
        "Content-Length": "517",
        "Content-Type": "application/json; charset=utf-8",
        "Date": "Wed, 22 Nov 2023 11:15:00 GMT",
        "MS-CV": "Lrz9roGfv0mkTQE0UPKyeQ.0",
        "Strict-Transport-Security": "max-age=2592000",
        "X-Azure-Ref": "0tOJdZQAAAABSWLhIzz2vQr9b79w\u002BVq2vUFJHMDFFREdFMDkxNQA5ZmM3YjUxOS1hOGNjLTRmODktOTM1ZS1jOTE0OGFlMDllODE=",
        "X-Cache": "CONFIG_NOCACHE",
        "X-Processing-Time": "242ms"
      },
      "ResponseBody": {
        "domains": {
          "nostojic.test.domain": {
            "enabled": true
          },
          "sanitized.sbc.test": {
            "enabled": true
          },
          "testdomain.com": {
            "enabled": true
          }
        },
        "trunks": {
          "test1.sanitized.sbc.test": {
            "sipSignalingPort": 6001,
            "enabled": true
          },
          "test2.sanitized.sbc.test": {
            "sipSignalingPort": 6002,
            "enabled": true
          }
        },
        "routes": [
          {
            "description": "us route",
            "name": "Us route",
            "numberPattern": "^\\\u002B1(\\d{10})$",
            "trunks": [
              "test1.sanitized.sbc.test"
            ]
          },
          {
            "description": "nz route",
            "name": "Nz route",
            "numberPattern": "^\\\u002B6(\\d{10})$",
            "trunks": [
              "test2.sanitized.sbc.test"
            ]
          }
        ]
      }
    },
    {
      "RequestUri": "https://endpoint/sip:testRoutesWithNumber?api-version=2023-04-01-preview\u0026targetPhoneNumber=%2B12345678901",
      "RequestMethod": "POST",
      "RequestHeaders": {
        "Accept": "application/json",
        "Accept-Encoding": "gzip,deflate",
        "Authorization": "Sanitized",
        "Connection": "keep-alive",
        "Content-Length": "517",
        "Content-Type": "application/json",
        "User-Agent": "azsdk-js-communication-phone-numbers/1.3.0-alpha.20230820.1 core-rest-pipeline/1.12.3 Node/v18.18.0 OS/(x64-Windows_NT-10.0.22621)",
        "x-ms-client-request-id": "sanitized",
        "x-ms-useragent": "fake-useragent"
      },
      "RequestBody": {
        "domains": {
          "nostojic.test.domain": {
            "enabled": true
          },
          "sanitized.sbc.test": {
            "enabled": true
          },
          "testdomain.com": {
            "enabled": true
          }
        },
        "trunks": {
          "test1.sanitized.sbc.test": {
            "sipSignalingPort": 6001,
            "enabled": true
          },
          "test2.sanitized.sbc.test": {
            "sipSignalingPort": 6002,
            "enabled": true
          }
        },
        "routes": [
          {
            "description": "us route",
            "name": "Us route",
            "numberPattern": "^\\\u002B1(\\d{10})$",
            "trunks": [
              "test1.sanitized.sbc.test"
            ]
          },
          {
            "description": "nz route",
            "name": "Nz route",
            "numberPattern": "^\\\u002B6(\\d{10})$",
            "trunks": [
              "test2.sanitized.sbc.test"
            ]
          }
        ]
      },
      "StatusCode": 200,
      "ResponseHeaders": {
        "api-supported-versions": "2023-04-01-preview",
        "Content-Length": "137",
        "Content-Type": "application/json; charset=utf-8",
        "Date": "Wed, 22 Nov 2023 11:15:00 GMT",
        "MS-CV": "xYqNkU3QT0aeTEKgSWMafA.0",
        "Strict-Transport-Security": "max-age=2592000",
        "X-Azure-Ref": "0teJdZQAAAAA\u002B\u002BeNNqRkhQKQVD8r9wJ03UFJHMDFFREdFMDkxNQA5ZmM3YjUxOS1hOGNjLTRmODktOTM1ZS1jOTE0OGFlMDllODE=",
        "X-Cache": "CONFIG_NOCACHE",
        "X-Processing-Time": "7ms"
      },
      "ResponseBody": {
        "matchingRoutes": [
          {
            "description": "us route",
            "name": "Us route",
            "numberPattern": "^\\\u002B1(\\d{10})$",
            "trunks": [
              "test1.sanitized.sbc.test"
            ]
          }
        ]
      }
    }
  ],
  "Variables": {
    "fqdn-1": "test1.sanitized.sbc.test",
    "fqdn-2": "test2.sanitized.sbc.test"
  }
}
