{
  "Entries": [
    {
      "RequestUri": "https://endpoint/sip?api-version=2023-04-01-preview",
      "RequestMethod": "PATCH",
      "RequestHeaders": {
        "Accept": "application/json",
        "Accept-Encoding": "gzip, deflate, br",
        "Accept-Language": "en-US",
        "Authorization": "Sanitized",
        "Connection": "keep-alive",
        "Content-Length": "76",
        "Content-Type": "application/merge-patch\u002Bjson",
        "Referer": "http://localhost:9876/",
        "sec-ch-ua": "",
        "sec-ch-ua-mobile": "?0",
        "sec-ch-ua-platform": "\u0022\u0022",
        "Sec-Fetch-Dest": "empty",
        "Sec-Fetch-Mode": "cors",
        "Sec-Fetch-Site": "same-site",
        "User-Agent": "Mozilla/5.0 (Windows NT 10.0; Win64; x64) AppleWebKit/537.36 (KHTML, like Gecko) HeadlessChrome/112.0.5614.0 Safari/537.36",
        "x-ms-client-request-id": "sanitized",
        "x-ms-content-sha256": "fV7KmuhaPJTK\u002Bpg\u002BHCFOXj\u002BshB/7HkCqM17FkPdWOME=",
        "x-ms-date": "Wed, 22 Nov 2023 11:45:16 GMT",
        "x-ms-useragent": "fake-useragent"
      },
      "RequestBody": {
        "domains": {
          "7c40a73f6c0b4cae9ee29deb4e8d8657.skype.net": {
            "enabled": false
          }
        }
      },
      "StatusCode": 200,
      "ResponseHeaders": {
        "api-supported-versions": "2023-03-01, 2023-04-01-preview",
        "Content-Length": "275",
        "Content-Type": "application/json; charset=utf-8",
        "Date": "Wed, 22 Nov 2023 11:45:15 GMT",
        "MS-CV": "H2cBXG/kLU\u002BcBaQyJRHsTg.0",
        "Strict-Transport-Security": "max-age=2592000",
        "X-Azure-Ref": "0y\u002BldZQAAAAAvdsC3G4yCQLpTk0PDxH9WUFJHMDFFREdFMDkxMQA5ZmM3YjUxOS1hOGNjLTRmODktOTM1ZS1jOTE0OGFlMDllODE=",
        "X-Cache": "CONFIG_NOCACHE",
        "X-Processing-Time": "316ms"
      },
      "ResponseBody": {
        "domains": {
          "nostojic.test.domain": {
            "enabled": true
          },
          "sanitized.sbc.test": {
            "enabled": true
          },
          "testdomain.com": {
            "enabled": true
          },
          "5fe18f04e84845c69a3f6dab50e8cbb4.skype.net": {
            "enabled": false
          },
          "7c40a73f6c0b4cae9ee29deb4e8d8657.skype.net": {
            "enabled": false
          }
        },
        "trunks": {},
        "routes": []
      }
    },
    {
      "RequestUri": "https://endpoint/sip?api-version=2023-04-01-preview",
      "RequestMethod": "GET",
      "RequestHeaders": {
        "Accept": "application/json",
        "Accept-Encoding": "gzip, deflate, br",
        "Accept-Language": "en-US",
        "Authorization": "Sanitized",
        "Connection": "keep-alive",
        "Referer": "http://localhost:9876/",
        "sec-ch-ua": "",
        "sec-ch-ua-mobile": "?0",
        "sec-ch-ua-platform": "\u0022\u0022",
        "Sec-Fetch-Dest": "empty",
        "Sec-Fetch-Mode": "cors",
        "Sec-Fetch-Site": "same-site",
        "User-Agent": "Mozilla/5.0 (Windows NT 10.0; Win64; x64) AppleWebKit/537.36 (KHTML, like Gecko) HeadlessChrome/112.0.5614.0 Safari/537.36",
        "x-ms-client-request-id": "sanitized",
        "x-ms-content-sha256": "47DEQpj8HBSa\u002B/TImW\u002B5JCeuQeRkm5NMpJWZG3hSuFU=",
        "x-ms-date": "Wed, 22 Nov 2023 11:45:17 GMT",
        "x-ms-useragent": "fake-useragent"
      },
      "RequestBody": null,
      "StatusCode": 200,
      "ResponseHeaders": {
        "api-supported-versions": "2023-03-01, 2023-04-01-preview",
        "Content-Length": "275",
        "Content-Type": "application/json; charset=utf-8",
        "Date": "Wed, 22 Nov 2023 11:45:15 GMT",
        "MS-CV": "KepR0cRjC0aiMgbNRz6JuA.0",
        "Strict-Transport-Security": "max-age=2592000",
        "X-Azure-Ref": "0y\u002BldZQAAAAAJOSN3zyOYTIxNl3FvEbf4UFJHMDFFREdFMDkxMQA5ZmM3YjUxOS1hOGNjLTRmODktOTM1ZS1jOTE0OGFlMDllODE=",
        "X-Cache": "CONFIG_NOCACHE",
        "X-Processing-Time": "193ms"
      },
      "ResponseBody": {
        "domains": {
          "nostojic.test.domain": {
            "enabled": true
          },
          "sanitized.sbc.test": {
            "enabled": true
          },
          "testdomain.com": {
            "enabled": true
          },
          "5fe18f04e84845c69a3f6dab50e8cbb4.skype.net": {
            "enabled": false
          },
          "7c40a73f6c0b4cae9ee29deb4e8d8657.skype.net": {
            "enabled": false
          }
        },
        "trunks": {},
        "routes": []
      }
    },
    {
      "RequestUri": "https://endpoint/sip?api-version=2023-04-01-preview",
      "RequestMethod": "PATCH",
      "RequestHeaders": {
        "Accept": "application/json",
        "Accept-Encoding": "gzip, deflate, br",
        "Accept-Language": "en-US",
        "Authorization": "Sanitized",
        "Connection": "keep-alive",
        "Content-Length": "104",
        "Content-Type": "application/merge-patch\u002Bjson",
        "Referer": "http://localhost:9876/",
        "sec-ch-ua": "",
        "sec-ch-ua-mobile": "?0",
        "sec-ch-ua-platform": "\u0022\u0022",
        "Sec-Fetch-Dest": "empty",
        "Sec-Fetch-Mode": "cors",
        "Sec-Fetch-Site": "same-site",
        "User-Agent": "Mozilla/5.0 (Windows NT 10.0; Win64; x64) AppleWebKit/537.36 (KHTML, like Gecko) HeadlessChrome/112.0.5614.0 Safari/537.36",
        "x-ms-client-request-id": "sanitized",
        "x-ms-content-sha256": "v42GDraz9zAE1Ba9VVhnz\u002BjilhVNZN6SzTYKrKRRuYw=",
        "x-ms-date": "Wed, 22 Nov 2023 11:45:17 GMT",
        "x-ms-useragent": "fake-useragent"
      },
      "RequestBody": {
        "trunks": {
          "test1.7c40a73f6c0b4cae9ee29deb4e8d8657.skype.net": {
            "sipSignalingPort": 8239,
            "enabled": true
          }
        }
      },
      "StatusCode": 422,
      "ResponseHeaders": {
        "api-supported-versions": "2023-03-01, 2023-04-01-preview",
        "Content-Type": "application/json",
        "Date": "Wed, 22 Nov 2023 11:45:16 GMT",
        "MS-CV": "0UNg\u002Bm/GZk2HJZ1dhAI0ow.0",
        "Strict-Transport-Security": "max-age=2592000",
        "Transfer-Encoding": "chunked",
        "X-Azure-Ref": "0zOldZQAAAADwpca7Eh2VToAzXaKxwHB3UFJHMDFFREdFMDkxMQA5ZmM3YjUxOS1hOGNjLTRmODktOTM1ZS1jOTE0OGFlMDllODE=",
        "X-Cache": "CONFIG_NOCACHE",
        "X-Processing-Time": "630ms"
      },
      "ResponseBody": {
        "error": {
          "code": "UnprocessableConfiguration",
          "message": "One or more request inputs are not valid.",
          "innererror": {
            "code": "MissingEnabledDomainForTrunk",
            "message": "Missing Enabled Domain for coresponding Trunk"
          }
        }
      }
    }
  ],
  "Variables": {
    "domain-1": "d8f9993fb3a743c49960d69ff7cc16ba.skype.net",
    "domain-2": "8ba4440e6a6848b8b45085f856b8a3ad.skype.net",
    "domain-3": "997fc5d530fa4e8eb57070c1adc809cb.skype.net",
    "domain-4": "7c40a73f6c0b4cae9ee29deb4e8d8657.skype.net",
    "fqdn-1": "test1.7c40a73f6c0b4cae9ee29deb4e8d8657.skype.net"
  }
}
