{
  "Entries": [
    {
      "RequestUri": "https://myappconfig.azconfig.io/kv/noLabelTests-10026?api-version=1.0",
      "RequestMethod": "PUT",
      "RequestHeaders": {
        "Accept": "application/vnd.microsoft.appconfig.kv\u002Bjson, application/json, application/problem\u002Bjson",
        "Accept-Encoding": "gzip,deflate",
        "Authorization": "Sanitized",
        "Connection": "close",
        "Content-Length": "44",
        "Content-Type": "application/vnd.microsoft.appconfig.kv\u002Bjson",
        "Cookie": "",
        "If-None-Match": "*",
        "User-Agent": "azsdk-js-app-configuration/1.3.2 core-http/2.2.3 Node/v14.17.6 OS/(x64-Linux-5.4.0-1063-azure)",
        "x-ms-client-request-id": "fc00f795-84d1-4e38-9a64-7a35f08d1e79",
        "x-ms-content-sha256": "Ma8V86BhGWSO\u002BK0eEG52lwRmYQ1Zm3pIGJkKuVQI8XE=",
        "x-ms-date": "Wed, 29 Dec 2021 21:09:41 GMT"
      },
      "RequestBody": {
        "key": "noLabelTests-10026",
        "value": "added"
      },
      "StatusCode": 200,
      "ResponseHeaders": {
        "Access-Control-Allow-Credentials": "true",
        "Access-Control-Allow-Origin": "*",
        "Access-Control-Expose-Headers": "DNT, X-CustomHeader, Keep-Alive, User-Agent, X-Requested-With, If-Modified-Since, Cache-Control, Content-Type, Authorization, x-ms-client-request-id, x-ms-useragent, x-ms-content-sha256, x-ms-date, host, Accept, Accept-Datetime, Date, If-Match, If-None-Match, Sync-Token, x-ms-return-client-request-id, ETag, Last-Modified, Link, Memento-Datetime, retry-after-ms, x-ms-request-id, x-ms-client-session-id, x-ms-effective-locale, WWW-Authenticate, traceparent, tracestate",
        "Connection": "close",
        "Content-Type": "application/vnd.microsoft.appconfig.kv\u002Bjson; charset=utf-8",
        "Date": "Wed, 29 Dec 2021 21:09:41 GMT",
        "ETag": "\u0022cKwRfxVirAF4A1IsglmYLhNwEZz\u0022",
        "Last-Modified": "Wed, 29 Dec 2021 21:09:41 GMT",
        "Server": "openresty/1.17.8.2",
        "Strict-Transport-Security": "max-age=15724800; includeSubDomains",
        "Sync-Token": "zAJw6V16=NToxNSMzMjg0NTUx;sn=3284551",
        "Transfer-Encoding": "chunked",
        "x-ms-correlation-request-id": "673ee844-9566-4b2e-87ba-96de06252106",
        "x-ms-request-id": "673ee844-9566-4b2e-87ba-96de06252106"
      },
      "ResponseBody": {
        "etag": "cKwRfxVirAF4A1IsglmYLhNwEZz",
        "key": "noLabelTests-10026",
        "label": null,
        "content_type": null,
        "value": "added",
        "tags": {},
        "locked": false,
        "last_modified": "2021-12-29T21:09:41\u002B00:00"
      }
    },
    {
      "RequestUri": "https://myappconfig.azconfig.io/kv/noLabelTests-10026?api-version=1.0",
      "RequestMethod": "GET",
      "RequestHeaders": {
        "Accept": "application/vnd.microsoft.appconfig.kv\u002Bjson, application/json, application/problem\u002Bjson",
        "Accept-Encoding": "gzip,deflate",
        "Authorization": "Sanitized",
        "Connection": "close",
        "Cookie": "",
        "sync-token": "zAJw6V16=NToxNSMzMjg0NTUx",
        "User-Agent": "azsdk-js-app-configuration/1.3.2 core-http/2.2.3 Node/v14.17.6 OS/(x64-Linux-5.4.0-1063-azure)",
        "x-ms-client-request-id": "29bf2e7d-c6f1-4e32-aa6f-3fac3fc574c7",
        "x-ms-content-sha256": "47DEQpj8HBSa\u002B/TImW\u002B5JCeuQeRkm5NMpJWZG3hSuFU=",
        "x-ms-date": "Wed, 29 Dec 2021 21:09:41 GMT"
      },
      "RequestBody": null,
      "StatusCode": 200,
      "ResponseHeaders": {
        "Access-Control-Allow-Credentials": "true",
        "Access-Control-Allow-Origin": "*",
        "Access-Control-Expose-Headers": "DNT, X-CustomHeader, Keep-Alive, User-Agent, X-Requested-With, If-Modified-Since, Cache-Control, Content-Type, Authorization, x-ms-client-request-id, x-ms-useragent, x-ms-content-sha256, x-ms-date, host, Accept, Accept-Datetime, Date, If-Match, If-None-Match, Sync-Token, x-ms-return-client-request-id, ETag, Last-Modified, Link, Memento-Datetime, retry-after-ms, x-ms-request-id, x-ms-client-session-id, x-ms-effective-locale, WWW-Authenticate, traceparent, tracestate",
        "Connection": "close",
        "Content-Type": "application/vnd.microsoft.appconfig.kv\u002Bjson; charset=utf-8",
        "Date": "Wed, 29 Dec 2021 21:09:41 GMT",
        "ETag": "\u0022cKwRfxVirAF4A1IsglmYLhNwEZz\u0022",
        "Last-Modified": "Wed, 29 Dec 2021 21:09:41 GMT",
        "Server": "openresty/1.17.8.2",
        "Strict-Transport-Security": "max-age=15724800; includeSubDomains",
        "Sync-Token": "zAJw6V16=NToxNSMzMjg0NTUx;sn=3284551",
        "Transfer-Encoding": "chunked",
        "x-ms-correlation-request-id": "ca007456-6f3e-4240-a7ea-c43ef2090330",
        "x-ms-request-id": "ca007456-6f3e-4240-a7ea-c43ef2090330"
      },
      "ResponseBody": {
        "etag": "cKwRfxVirAF4A1IsglmYLhNwEZz",
        "key": "noLabelTests-10026",
        "label": null,
        "content_type": null,
        "value": "added",
        "tags": {},
        "locked": false,
        "last_modified": "2021-12-29T21:09:41\u002B00:00"
      }
    },
    {
      "RequestUri": "https://myappconfig.azconfig.io/kv/noLabelTests-10026?api-version=1.0",
      "RequestMethod": "DELETE",
      "RequestHeaders": {
        "Accept": "application/vnd.microsoft.appconfig.kv\u002Bjson, application/json, application/problem\u002Bjson",
        "Accept-Encoding": "gzip,deflate",
        "Authorization": "Sanitized",
        "Connection": "close",
        "Cookie": "",
        "sync-token": "zAJw6V16=NToxNSMzMjg0NTUx",
        "User-Agent": "azsdk-js-app-configuration/1.3.2 core-http/2.2.3 Node/v14.17.6 OS/(x64-Linux-5.4.0-1063-azure)",
        "x-ms-client-request-id": "5dc72c7d-0338-4c7a-a957-2852f2fb8490",
        "x-ms-content-sha256": "47DEQpj8HBSa\u002B/TImW\u002B5JCeuQeRkm5NMpJWZG3hSuFU=",
        "x-ms-date": "Wed, 29 Dec 2021 21:09:41 GMT"
      },
      "RequestBody": null,
      "StatusCode": 200,
      "ResponseHeaders": {
        "Access-Control-Allow-Credentials": "true",
        "Access-Control-Allow-Origin": "*",
        "Access-Control-Expose-Headers": "DNT, X-CustomHeader, Keep-Alive, User-Agent, X-Requested-With, If-Modified-Since, Cache-Control, Content-Type, Authorization, x-ms-client-request-id, x-ms-useragent, x-ms-content-sha256, x-ms-date, host, Accept, Accept-Datetime, Date, If-Match, If-None-Match, Sync-Token, x-ms-return-client-request-id, ETag, Last-Modified, Link, Memento-Datetime, retry-after-ms, x-ms-request-id, x-ms-client-session-id, x-ms-effective-locale, WWW-Authenticate, traceparent, tracestate",
        "Connection": "close",
        "Content-Type": "application/vnd.microsoft.appconfig.kv\u002Bjson; charset=utf-8",
        "Date": "Wed, 29 Dec 2021 21:09:41 GMT",
        "ETag": "\u0022cKwRfxVirAF4A1IsglmYLhNwEZz\u0022",
        "Last-Modified": "Wed, 29 Dec 2021 21:09:41 GMT",
        "Server": "openresty/1.17.8.2",
        "Strict-Transport-Security": "max-age=15724800; includeSubDomains",
        "Sync-Token": "zAJw6V16=NToxNSMzMjg0NTUy;sn=3284552",
        "Transfer-Encoding": "chunked",
        "x-ms-correlation-request-id": "748d7d1c-66b9-4cd6-baa0-da4d44a04a97",
        "x-ms-request-id": "748d7d1c-66b9-4cd6-baa0-da4d44a04a97"
      },
      "ResponseBody": {
        "etag": "cKwRfxVirAF4A1IsglmYLhNwEZz",
        "key": "noLabelTests-10026",
        "label": null,
        "content_type": null,
        "value": "added",
        "tags": {},
        "locked": false,
        "last_modified": "2021-12-29T21:09:41\u002B00:00"
      }
    },
    {
      "RequestUri": "https://myappconfig.azconfig.io/kv/noLabelTests-10026?api-version=1.0",
      "RequestMethod": "PUT",
      "RequestHeaders": {
        "Accept": "application/vnd.microsoft.appconfig.kv\u002Bjson, application/json, application/problem\u002Bjson",
        "Accept-Encoding": "gzip,deflate",
        "Authorization": "Sanitized",
        "Connection": "close",
        "Content-Length": "42",
        "Content-Type": "application/vnd.microsoft.appconfig.kv\u002Bjson",
        "Cookie": "",
        "sync-token": "zAJw6V16=NToxNSMzMjg0NTUy",
        "User-Agent": "azsdk-js-app-configuration/1.3.2 core-http/2.2.3 Node/v14.17.6 OS/(x64-Linux-5.4.0-1063-azure)",
        "x-ms-client-request-id": "38e24cc8-c001-4fce-9b4f-5b5364ab7d0f",
        "x-ms-content-sha256": "6qyQHK77vHlberlg6FeqFwZuN/mV6GFkXmSp0XfRFVc=",
        "x-ms-date": "Wed, 29 Dec 2021 21:09:41 GMT"
      },
      "RequestBody": {
        "key": "noLabelTests-10026",
        "value": "set"
      },
      "StatusCode": 200,
      "ResponseHeaders": {
        "Access-Control-Allow-Credentials": "true",
        "Access-Control-Allow-Origin": "*",
        "Access-Control-Expose-Headers": "DNT, X-CustomHeader, Keep-Alive, User-Agent, X-Requested-With, If-Modified-Since, Cache-Control, Content-Type, Authorization, x-ms-client-request-id, x-ms-useragent, x-ms-content-sha256, x-ms-date, host, Accept, Accept-Datetime, Date, If-Match, If-None-Match, Sync-Token, x-ms-return-client-request-id, ETag, Last-Modified, Link, Memento-Datetime, retry-after-ms, x-ms-request-id, x-ms-client-session-id, x-ms-effective-locale, WWW-Authenticate, traceparent, tracestate",
        "Connection": "close",
        "Content-Type": "application/vnd.microsoft.appconfig.kv\u002Bjson; charset=utf-8",
        "Date": "Wed, 29 Dec 2021 21:09:42 GMT",
        "ETag": "\u0022X6ErnnnLoNk8aVtqmslITfArKxz\u0022",
        "Last-Modified": "Wed, 29 Dec 2021 21:09:42 GMT",
        "Server": "openresty/1.17.8.2",
        "Strict-Transport-Security": "max-age=15724800; includeSubDomains",
        "Sync-Token": "zAJw6V16=NToxNSMzMjg0NTUz;sn=3284553",
        "Transfer-Encoding": "chunked",
        "x-ms-correlation-request-id": "5fb2e86d-669b-4260-bfa7-abda9ab81fba",
        "x-ms-request-id": "5fb2e86d-669b-4260-bfa7-abda9ab81fba"
      },
      "ResponseBody": {
        "etag": "X6ErnnnLoNk8aVtqmslITfArKxz",
        "key": "noLabelTests-10026",
        "label": null,
        "content_type": null,
        "value": "set",
        "tags": {},
        "locked": false,
        "last_modified": "2021-12-29T21:09:42\u002B00:00"
      }
    },
    {
      "RequestUri": "https://myappconfig.azconfig.io/kv/noLabelTests-10026?api-version=1.0",
      "RequestMethod": "GET",
      "RequestHeaders": {
        "Accept": "application/vnd.microsoft.appconfig.kv\u002Bjson, application/json, application/problem\u002Bjson",
        "Accept-Encoding": "gzip,deflate",
        "Authorization": "Sanitized",
        "Connection": "close",
        "Cookie": "",
        "sync-token": "zAJw6V16=NToxNSMzMjg0NTUz",
        "User-Agent": "azsdk-js-app-configuration/1.3.2 core-http/2.2.3 Node/v14.17.6 OS/(x64-Linux-5.4.0-1063-azure)",
        "x-ms-client-request-id": "1bd98cf6-f4d0-4b1c-8c16-d8f2a1315a74",
        "x-ms-content-sha256": "47DEQpj8HBSa\u002B/TImW\u002B5JCeuQeRkm5NMpJWZG3hSuFU=",
        "x-ms-date": "Wed, 29 Dec 2021 21:09:42 GMT"
      },
      "RequestBody": null,
      "StatusCode": 200,
      "ResponseHeaders": {
        "Access-Control-Allow-Credentials": "true",
        "Access-Control-Allow-Origin": "*",
        "Access-Control-Expose-Headers": "DNT, X-CustomHeader, Keep-Alive, User-Agent, X-Requested-With, If-Modified-Since, Cache-Control, Content-Type, Authorization, x-ms-client-request-id, x-ms-useragent, x-ms-content-sha256, x-ms-date, host, Accept, Accept-Datetime, Date, If-Match, If-None-Match, Sync-Token, x-ms-return-client-request-id, ETag, Last-Modified, Link, Memento-Datetime, retry-after-ms, x-ms-request-id, x-ms-client-session-id, x-ms-effective-locale, WWW-Authenticate, traceparent, tracestate",
        "Connection": "close",
        "Content-Type": "application/vnd.microsoft.appconfig.kv\u002Bjson; charset=utf-8",
        "Date": "Wed, 29 Dec 2021 21:09:42 GMT",
        "ETag": "\u0022X6ErnnnLoNk8aVtqmslITfArKxz\u0022",
        "Last-Modified": "Wed, 29 Dec 2021 21:09:42 GMT",
        "Server": "openresty/1.17.8.2",
        "Strict-Transport-Security": "max-age=15724800; includeSubDomains",
        "Sync-Token": "zAJw6V16=NToxNSMzMjg0NTUz;sn=3284553",
        "Transfer-Encoding": "chunked",
        "x-ms-correlation-request-id": "74440511-4687-4c02-b500-6402734c8bb9",
        "x-ms-request-id": "74440511-4687-4c02-b500-6402734c8bb9"
      },
      "ResponseBody": {
        "etag": "X6ErnnnLoNk8aVtqmslITfArKxz",
        "key": "noLabelTests-10026",
        "label": null,
        "content_type": null,
        "value": "set",
        "tags": {},
        "locked": false,
        "last_modified": "2021-12-29T21:09:42\u002B00:00"
      }
    },
    {
      "RequestUri": "https://myappconfig.azconfig.io/kv/noLabelTests-10026?api-version=1.0",
      "RequestMethod": "PUT",
      "RequestHeaders": {
        "Accept": "application/vnd.microsoft.appconfig.kv\u002Bjson, application/json, application/problem\u002Bjson",
        "Accept-Encoding": "gzip,deflate",
        "Authorization": "Sanitized",
        "Connection": "close",
        "Content-Length": "56",
        "Content-Type": "application/vnd.microsoft.appconfig.kv\u002Bjson",
        "Cookie": "",
        "sync-token": "zAJw6V16=NToxNSMzMjg0NTUz",
        "User-Agent": "azsdk-js-app-configuration/1.3.2 core-http/2.2.3 Node/v14.17.6 OS/(x64-Linux-5.4.0-1063-azure)",
        "x-ms-client-request-id": "63c2a1d8-acf4-4208-8913-fc3bf0ecbae7",
        "x-ms-content-sha256": "mxZLBcLn\u002BQ/vhV4xgjbNiJz2OUtHiDwYbi9t21ql7xU=",
        "x-ms-date": "Wed, 29 Dec 2021 21:09:42 GMT"
      },
      "RequestBody": {
        "key": "noLabelTests-10026",
        "value": "set a second time"
      },
      "StatusCode": 200,
      "ResponseHeaders": {
        "Access-Control-Allow-Credentials": "true",
        "Access-Control-Allow-Origin": "*",
        "Access-Control-Expose-Headers": "DNT, X-CustomHeader, Keep-Alive, User-Agent, X-Requested-With, If-Modified-Since, Cache-Control, Content-Type, Authorization, x-ms-client-request-id, x-ms-useragent, x-ms-content-sha256, x-ms-date, host, Accept, Accept-Datetime, Date, If-Match, If-None-Match, Sync-Token, x-ms-return-client-request-id, ETag, Last-Modified, Link, Memento-Datetime, retry-after-ms, x-ms-request-id, x-ms-client-session-id, x-ms-effective-locale, WWW-Authenticate, traceparent, tracestate",
        "Connection": "close",
        "Content-Type": "application/vnd.microsoft.appconfig.kv\u002Bjson; charset=utf-8",
        "Date": "Wed, 29 Dec 2021 21:09:42 GMT",
        "ETag": "\u00224js9NeiM4EbNixikntHJtvK8iXV\u0022",
        "Last-Modified": "Wed, 29 Dec 2021 21:09:43 GMT",
        "Server": "openresty/1.17.8.2",
        "Strict-Transport-Security": "max-age=15724800; includeSubDomains",
        "Sync-Token": "zAJw6V16=NToxNSMzMjg0NTU0;sn=3284554",
        "Transfer-Encoding": "chunked",
        "x-ms-correlation-request-id": "5e45a0fc-8017-43b7-aa63-832ba924e13b",
        "x-ms-request-id": "5e45a0fc-8017-43b7-aa63-832ba924e13b"
      },
      "ResponseBody": {
        "etag": "4js9NeiM4EbNixikntHJtvK8iXV",
        "key": "noLabelTests-10026",
        "label": null,
        "content_type": null,
        "value": "set a second time",
        "tags": {},
        "locked": false,
        "last_modified": "2021-12-29T21:09:43\u002B00:00"
      }
    },
    {
      "RequestUri": "https://myappconfig.azconfig.io/kv/noLabelTests-10026?api-version=1.0",
      "RequestMethod": "GET",
      "RequestHeaders": {
        "Accept": "application/vnd.microsoft.appconfig.kv\u002Bjson, application/json, application/problem\u002Bjson",
        "Accept-Encoding": "gzip,deflate",
        "Authorization": "Sanitized",
        "Connection": "close",
        "Cookie": "",
        "sync-token": "zAJw6V16=NToxNSMzMjg0NTU0",
        "User-Agent": "azsdk-js-app-configuration/1.3.2 core-http/2.2.3 Node/v14.17.6 OS/(x64-Linux-5.4.0-1063-azure)",
        "x-ms-client-request-id": "7f2a4a53-4bff-4049-ad41-35e96d8416ac",
        "x-ms-content-sha256": "47DEQpj8HBSa\u002B/TImW\u002B5JCeuQeRkm5NMpJWZG3hSuFU=",
        "x-ms-date": "Wed, 29 Dec 2021 21:09:42 GMT"
      },
      "RequestBody": null,
      "StatusCode": 200,
      "ResponseHeaders": {
        "Access-Control-Allow-Credentials": "true",
        "Access-Control-Allow-Origin": "*",
        "Access-Control-Expose-Headers": "DNT, X-CustomHeader, Keep-Alive, User-Agent, X-Requested-With, If-Modified-Since, Cache-Control, Content-Type, Authorization, x-ms-client-request-id, x-ms-useragent, x-ms-content-sha256, x-ms-date, host, Accept, Accept-Datetime, Date, If-Match, If-None-Match, Sync-Token, x-ms-return-client-request-id, ETag, Last-Modified, Link, Memento-Datetime, retry-after-ms, x-ms-request-id, x-ms-client-session-id, x-ms-effective-locale, WWW-Authenticate, traceparent, tracestate",
        "Connection": "close",
        "Content-Type": "application/vnd.microsoft.appconfig.kv\u002Bjson; charset=utf-8",
        "Date": "Wed, 29 Dec 2021 21:09:42 GMT",
        "ETag": "\u00224js9NeiM4EbNixikntHJtvK8iXV\u0022",
        "Last-Modified": "Wed, 29 Dec 2021 21:09:43 GMT",
        "Server": "openresty/1.17.8.2",
        "Strict-Transport-Security": "max-age=15724800; includeSubDomains",
        "Sync-Token": "zAJw6V16=NToxNSMzMjg0NTU0;sn=3284554",
        "Transfer-Encoding": "chunked",
        "x-ms-correlation-request-id": "6163ee63-6584-460e-b0ee-f5f6c40845b0",
        "x-ms-request-id": "6163ee63-6584-460e-b0ee-f5f6c40845b0"
      },
      "ResponseBody": {
        "etag": "4js9NeiM4EbNixikntHJtvK8iXV",
        "key": "noLabelTests-10026",
        "label": null,
        "content_type": null,
        "value": "set a second time",
        "tags": {},
        "locked": false,
        "last_modified": "2021-12-29T21:09:43\u002B00:00"
      }
    },
    {
      "RequestUri": "https://myappconfig.azconfig.io/kv/noLabelTests-10026?api-version=1.0",
      "RequestMethod": "DELETE",
      "RequestHeaders": {
        "Accept": "application/vnd.microsoft.appconfig.kv\u002Bjson, application/json, application/problem\u002Bjson",
        "Accept-Encoding": "gzip,deflate",
        "Authorization": "Sanitized",
        "Connection": "close",
        "Cookie": "",
        "sync-token": "zAJw6V16=NToxNSMzMjg0NTU0",
        "User-Agent": "azsdk-js-app-configuration/1.3.2 core-http/2.2.3 Node/v14.17.6 OS/(x64-Linux-5.4.0-1063-azure)",
        "x-ms-client-request-id": "b2c242e0-227a-4f2a-9e91-43912ab2da15",
        "x-ms-content-sha256": "47DEQpj8HBSa\u002B/TImW\u002B5JCeuQeRkm5NMpJWZG3hSuFU=",
        "x-ms-date": "Wed, 29 Dec 2021 21:09:42 GMT"
      },
      "RequestBody": null,
      "StatusCode": 200,
      "ResponseHeaders": {
        "Access-Control-Allow-Credentials": "true",
        "Access-Control-Allow-Origin": "*",
        "Access-Control-Expose-Headers": "DNT, X-CustomHeader, Keep-Alive, User-Agent, X-Requested-With, If-Modified-Since, Cache-Control, Content-Type, Authorization, x-ms-client-request-id, x-ms-useragent, x-ms-content-sha256, x-ms-date, host, Accept, Accept-Datetime, Date, If-Match, If-None-Match, Sync-Token, x-ms-return-client-request-id, ETag, Last-Modified, Link, Memento-Datetime, retry-after-ms, x-ms-request-id, x-ms-client-session-id, x-ms-effective-locale, WWW-Authenticate, traceparent, tracestate",
        "Connection": "close",
        "Content-Type": "application/vnd.microsoft.appconfig.kv\u002Bjson; charset=utf-8",
        "Date": "Wed, 29 Dec 2021 21:09:42 GMT",
        "ETag": "\u00224js9NeiM4EbNixikntHJtvK8iXV\u0022",
        "Last-Modified": "Wed, 29 Dec 2021 21:09:43 GMT",
        "Server": "openresty/1.17.8.2",
        "Strict-Transport-Security": "max-age=15724800; includeSubDomains",
        "Sync-Token": "zAJw6V16=NToxNSMzMjg0NTU1;sn=3284555",
        "Transfer-Encoding": "chunked",
        "x-ms-correlation-request-id": "5dc3085a-7427-4de1-b4ef-04721e925da7",
        "x-ms-request-id": "5dc3085a-7427-4de1-b4ef-04721e925da7"
      },
      "ResponseBody": {
        "etag": "4js9NeiM4EbNixikntHJtvK8iXV",
        "key": "noLabelTests-10026",
        "label": null,
        "content_type": null,
        "value": "set a second time",
        "tags": {},
        "locked": false,
        "last_modified": "2021-12-29T21:09:43\u002B00:00"
      }
    }
  ],
  "Variables": {
    "key-1": "key-1-10687",
    "noLabelTests": "noLabelTests-10026"
  }
}
