{
  "Entries": [
    {
      "RequestUri": "https://management.azure.com/subscriptions/azure_subscription_id/resourceGroups/myjstest/providers/Microsoft.EventGrid/domains/mydomainxxx?api-version=2022-06-15",
      "RequestMethod": "PUT",
      "RequestHeaders": {
        "Accept": "application/json",
        "Accept-Encoding": "gzip,deflate",
        "Authorization": "Sanitized",
        "Connection": "keep-alive",
        "Content-Length": "38",
        "Content-Type": "application/json",
        "User-Agent": "azsdk-js-arm-eventgrid/14.0.0 core-rest-pipeline/1.9.1 Node/v16.13.2 OS/(x64-Windows_NT-10.0.19044)",
        "x-ms-client-request-id": "688fe1d4-c904-4e50-b42b-564aa928b98e"
      },
      "RequestBody": {
        "location": "eastus2",
        "properties": {}
      },
      "StatusCode": 201,
      "ResponseHeaders": {
        "Azure-AsyncOperation": "https://management.azure.com:443/subscriptions/azure_subscription_id/providers/Microsoft.EventGrid/locations/eastus2/operationsStatus/789B0E6B-CFDA-497D-8FD6-859F8E7D00AA?api-version=2022-06-15",
        "Cache-Control": "no-cache",
        "Content-Length": "290",
        "Content-Type": "application/json; charset=utf-8",
        "Date": "Wed, 22 Jun 2022 08:14:44 GMT",
        "Expires": "-1",
        "Pragma": "no-cache",
        "Retry-After": "10",
        "Server": "Microsoft-HTTPAPI/2.0",
        "Strict-Transport-Security": "max-age=31536000; includeSubDomains",
        "X-Content-Type-Options": "nosniff",
        "x-ms-correlation-request-id": "dbcd7ace-9eba-4598-bdc7-83960016a543",
        "x-ms-ratelimit-remaining-subscription-writes": "1198",
        "x-ms-request-id": "1f5d051f-6c17-42dc-b4f9-c4234051a7b8",
        "x-ms-routing-request-id": "SOUTHEASTASIA:20220622T081444Z:dbcd7ace-9eba-4598-bdc7-83960016a543"
      },
      "ResponseBody": {
        "properties": {
          "provisioningState": "Creating",
          "endpoint": null
        },
        "systemData": null,
        "location": "eastus2",
        "tags": null,
        "id": "/subscriptions/azure_subscription_id/resourceGroups/myjstest/providers/Microsoft.EventGrid/domains/mydomainxxx",
        "name": "mydomainxxx",
        "type": "Microsoft.EventGrid/domains"
      }
    },
    {
      "RequestUri": "https://management.azure.com/subscriptions/azure_subscription_id/providers/Microsoft.EventGrid/locations/eastus2/operationsStatus/789B0E6B-CFDA-497D-8FD6-859F8E7D00AA?api-version=2022-06-15",
      "RequestMethod": "GET",
      "RequestHeaders": {
        "Accept": "application/json",
        "Accept-Encoding": "gzip,deflate",
        "Authorization": "Sanitized",
        "Connection": "keep-alive",
        "Content-Type": "application/json",
        "User-Agent": "azsdk-js-arm-eventgrid/14.0.0 core-rest-pipeline/1.9.1 Node/v16.13.2 OS/(x64-Windows_NT-10.0.19044)",
        "x-ms-client-request-id": "1fc87d47-4ccb-4384-9b5f-159755b0fb67"
      },
      "RequestBody": null,
      "StatusCode": 200,
      "ResponseHeaders": {
        "Cache-Control": "no-cache",
        "Content-Encoding": "gzip",
        "Content-Type": "application/json; charset=utf-8",
        "Date": "Wed, 22 Jun 2022 08:14:44 GMT",
        "Expires": "-1",
        "Pragma": "no-cache",
        "Server": "Microsoft-HTTPAPI/2.0",
        "Strict-Transport-Security": "max-age=31536000; includeSubDomains",
        "Transfer-Encoding": "chunked",
        "Vary": "Accept-Encoding",
        "X-Content-Type-Options": "nosniff",
        "x-ms-correlation-request-id": "3b3aafaf-75af-464f-9be1-cff5f73e40b6",
        "x-ms-ratelimit-remaining-subscription-reads": "11992",
        "x-ms-request-id": "37ab34d7-b2c1-4ac5-8a53-e99218d4833e",
        "x-ms-routing-request-id": "SOUTHEASTASIA:20220622T081444Z:3b3aafaf-75af-464f-9be1-cff5f73e40b6"
      },
      "ResponseBody": {
        "id": "https://management.azure.com/subscriptions/azure_subscription_id/providers/Microsoft.EventGrid/locations/eastus2/operationsStatus/789B0E6B-CFDA-497D-8FD6-859F8E7D00AA?api-version=2022-06-15",
        "name": "789b0e6b-cfda-497d-8fd6-859f8e7d00aa",
        "status": "Succeeded"
      }
    },
    {
      "RequestUri": "https://management.azure.com/subscriptions/azure_subscription_id/resourceGroups/myjstest/providers/Microsoft.EventGrid/domains/mydomainxxx?api-version=2022-06-15",
      "RequestMethod": "GET",
      "RequestHeaders": {
        "Accept": "application/json",
        "Accept-Encoding": "gzip,deflate",
        "Authorization": "Sanitized",
        "Connection": "keep-alive",
        "Content-Type": "application/json",
        "User-Agent": "azsdk-js-arm-eventgrid/14.0.0 core-rest-pipeline/1.9.1 Node/v16.13.2 OS/(x64-Windows_NT-10.0.19044)",
        "x-ms-client-request-id": "d10f69b8-912a-4eec-b6d5-4742ddcec535"
      },
      "RequestBody": null,
      "StatusCode": 200,
      "ResponseHeaders": {
        "Cache-Control": "no-cache",
        "Content-Encoding": "gzip",
        "Content-Type": "application/json; charset=utf-8",
        "Date": "Wed, 22 Jun 2022 08:14:44 GMT",
        "Expires": "-1",
        "Pragma": "no-cache",
        "Server": "Microsoft-HTTPAPI/2.0",
        "Strict-Transport-Security": "max-age=31536000; includeSubDomains",
        "Transfer-Encoding": "chunked",
        "Vary": "Accept-Encoding",
        "X-Content-Type-Options": "nosniff",
        "x-ms-correlation-request-id": "35d9180e-be5b-4592-8929-4d3947a4f2d0",
        "x-ms-ratelimit-remaining-subscription-reads": "11991",
        "x-ms-request-id": "f9fd78fa-bc91-4893-9184-2d08269783b7",
        "x-ms-routing-request-id": "SOUTHEASTASIA:20220622T081445Z:35d9180e-be5b-4592-8929-4d3947a4f2d0"
      },
      "ResponseBody": {
        "properties": {
          "provisioningState": "Succeeded",
          "endpoint": "https://mydomainxxx.eastus2-1.eventgrid.azure.net/api/events",
          "inputSchema": "EventGridSchema",
          "metricResourceId": "379b75b5-f21b-421b-9ca9-6d669f56ab9e",
          "publicNetworkAccess": "Enabled"
        },
        "systemData": null,
        "location": "eastus2",
        "tags": null,
        "id": "/subscriptions/azure_subscription_id/resourceGroups/myjstest/providers/Microsoft.EventGrid/domains/mydomainxxx",
        "name": "mydomainxxx",
        "type": "Microsoft.EventGrid/domains"
      }
    }
  ],
  "Variables": {}
}
