{
  "Entries": [
    {
      "RequestUri": "https://management.azure.com/subscriptions/azure_subscription_id/resourceGroups/myjstest/providers/Microsoft.EventGrid/domains/mydomainxxx?api-version=2022-06-15",
      "RequestMethod": "DELETE",
      "RequestHeaders": {
        "Accept-Encoding": "gzip,deflate",
        "Authorization": "Sanitized",
        "Connection": "keep-alive",
        "User-Agent": "azsdk-js-arm-eventgrid/14.1.0 core-rest-pipeline/1.10.2 Node/v18.10.0 OS/(x64-Windows_NT-10.0.19042)",
        "x-ms-client-request-id": "f7318856-dac2-401c-b16a-497b0deef69d"
      },
      "RequestBody": null,
      "StatusCode": 202,
      "ResponseHeaders": {
        "Azure-AsyncOperation": "https://management.azure.com:443/subscriptions/azure_subscription_id/providers/Microsoft.EventGrid/locations/eastus2/operationsStatus/BCE66884-E5B6-4FA2-8D2B-FD3E95CC6055?api-version=2022-06-15",
        "Cache-Control": "no-cache",
        "Content-Length": "0",
        "Date": "Tue, 10 Jan 2023 06:00:05 GMT",
        "Expires": "-1",
        "Location": "https://management.azure.com/subscriptions/azure_subscription_id/providers/Microsoft.EventGrid/locations/eastus2/operationResults/BCE66884-E5B6-4FA2-8D2B-FD3E95CC6055?api-version=2022-06-15",
        "Pragma": "no-cache",
        "Retry-After": "10",
        "Server": "Microsoft-HTTPAPI/2.0",
        "Strict-Transport-Security": "max-age=31536000; includeSubDomains",
        "X-Content-Type-Options": "nosniff",
        "x-ms-correlation-request-id": "dee5d52b-2a0b-405c-b1f9-5980c2d507f4",
        "x-ms-ratelimit-remaining-subscription-deletes": "14998",
        "x-ms-request-id": "dee5d52b-2a0b-405c-b1f9-5980c2d507f4",
        "x-ms-routing-request-id": "KOREASOUTH:20230110T060005Z:dee5d52b-2a0b-405c-b1f9-5980c2d507f4"
      },
      "ResponseBody": null
    },
    {
      "RequestUri": "https://management.azure.com/subscriptions/azure_subscription_id/providers/Microsoft.EventGrid/locations/eastus2/operationsStatus/BCE66884-E5B6-4FA2-8D2B-FD3E95CC6055?api-version=2022-06-15",
      "RequestMethod": "GET",
      "RequestHeaders": {
        "Accept-Encoding": "gzip,deflate",
        "Authorization": "Sanitized",
        "Connection": "keep-alive",
        "User-Agent": "azsdk-js-arm-eventgrid/14.1.0 core-rest-pipeline/1.10.2 Node/v18.10.0 OS/(x64-Windows_NT-10.0.19042)",
        "x-ms-client-request-id": "e4a789f2-5dd2-4c31-874b-422323dfa30b"
      },
      "RequestBody": null,
      "StatusCode": 200,
      "ResponseHeaders": {
        "Cache-Control": "no-cache",
        "Content-Encoding": "gzip",
        "Content-Type": "application/json; charset=utf-8",
        "Date": "Tue, 10 Jan 2023 06:00:05 GMT",
        "Expires": "-1",
        "Pragma": "no-cache",
        "Server": "Microsoft-HTTPAPI/2.0",
        "Strict-Transport-Security": "max-age=31536000; includeSubDomains",
        "Transfer-Encoding": "chunked",
        "Vary": "Accept-Encoding",
        "X-Content-Type-Options": "nosniff",
        "x-ms-correlation-request-id": "5d558a54-0328-46d2-bb9e-b31f30be3595",
        "x-ms-ratelimit-remaining-subscription-reads": "11983",
        "x-ms-request-id": "51c78236-8968-4edc-b106-e493fdc31580",
        "x-ms-routing-request-id": "KOREASOUTH:20230110T060006Z:5d558a54-0328-46d2-bb9e-b31f30be3595"
      },
      "ResponseBody": {
        "id": "https://management.azure.com/subscriptions/azure_subscription_id/providers/Microsoft.EventGrid/locations/eastus2/operationsStatus/BCE66884-E5B6-4FA2-8D2B-FD3E95CC6055?api-version=2022-06-15",
        "name": "bce66884-e5b6-4fa2-8d2b-fd3e95cc6055",
        "status": "InProgress"
      }
    },
    {
      "RequestUri": "https://management.azure.com/subscriptions/azure_subscription_id/providers/Microsoft.EventGrid/locations/eastus2/operationsStatus/BCE66884-E5B6-4FA2-8D2B-FD3E95CC6055?api-version=2022-06-15",
      "RequestMethod": "GET",
      "RequestHeaders": {
        "Accept-Encoding": "gzip,deflate",
        "Authorization": "Sanitized",
        "Connection": "keep-alive",
        "User-Agent": "azsdk-js-arm-eventgrid/14.1.0 core-rest-pipeline/1.10.2 Node/v18.10.0 OS/(x64-Windows_NT-10.0.19042)",
        "x-ms-client-request-id": "1957b00c-4ccb-49bb-b3d4-73849b68f95f"
      },
      "RequestBody": null,
      "StatusCode": 200,
      "ResponseHeaders": {
        "Cache-Control": "no-cache",
        "Content-Encoding": "gzip",
        "Content-Type": "application/json; charset=utf-8",
        "Date": "Tue, 10 Jan 2023 06:00:06 GMT",
        "Expires": "-1",
        "Pragma": "no-cache",
        "Server": "Microsoft-HTTPAPI/2.0",
        "Strict-Transport-Security": "max-age=31536000; includeSubDomains",
        "Transfer-Encoding": "chunked",
        "Vary": "Accept-Encoding",
        "X-Content-Type-Options": "nosniff",
        "x-ms-correlation-request-id": "8e0379a4-4974-49f6-8530-7307e355616c",
        "x-ms-ratelimit-remaining-subscription-reads": "11982",
        "x-ms-request-id": "c2c25bfb-76da-4fdb-82c6-5a6f74ba00f8",
        "x-ms-routing-request-id": "KOREASOUTH:20230110T060006Z:8e0379a4-4974-49f6-8530-7307e355616c"
      },
      "ResponseBody": {
        "id": "https://management.azure.com/subscriptions/azure_subscription_id/providers/Microsoft.EventGrid/locations/eastus2/operationsStatus/BCE66884-E5B6-4FA2-8D2B-FD3E95CC6055?api-version=2022-06-15",
        "name": "bce66884-e5b6-4fa2-8d2b-fd3e95cc6055",
        "status": "InProgress"
      }
    },
    {
      "RequestUri": "https://management.azure.com/subscriptions/azure_subscription_id/providers/Microsoft.EventGrid/locations/eastus2/operationsStatus/BCE66884-E5B6-4FA2-8D2B-FD3E95CC6055?api-version=2022-06-15",
      "RequestMethod": "GET",
      "RequestHeaders": {
        "Accept-Encoding": "gzip,deflate",
        "Authorization": "Sanitized",
        "Connection": "keep-alive",
        "User-Agent": "azsdk-js-arm-eventgrid/14.1.0 core-rest-pipeline/1.10.2 Node/v18.10.0 OS/(x64-Windows_NT-10.0.19042)",
        "x-ms-client-request-id": "122b5277-72f3-42af-abb3-cf4f8fe38dac"
      },
      "RequestBody": null,
      "StatusCode": 200,
      "ResponseHeaders": {
        "Cache-Control": "no-cache",
        "Content-Encoding": "gzip",
        "Content-Type": "application/json; charset=utf-8",
        "Date": "Tue, 10 Jan 2023 06:00:08 GMT",
        "Expires": "-1",
        "Pragma": "no-cache",
        "Server": "Microsoft-HTTPAPI/2.0",
        "Strict-Transport-Security": "max-age=31536000; includeSubDomains",
        "Transfer-Encoding": "chunked",
        "Vary": "Accept-Encoding",
        "X-Content-Type-Options": "nosniff",
        "x-ms-correlation-request-id": "35dee5f6-34a5-433e-ae3b-f692826df461",
        "x-ms-ratelimit-remaining-subscription-reads": "11981",
        "x-ms-request-id": "e5cc440c-dd0f-4d84-a607-badede61bb9a",
        "x-ms-routing-request-id": "KOREASOUTH:20230110T060008Z:35dee5f6-34a5-433e-ae3b-f692826df461"
      },
      "ResponseBody": {
        "id": "https://management.azure.com/subscriptions/azure_subscription_id/providers/Microsoft.EventGrid/locations/eastus2/operationsStatus/BCE66884-E5B6-4FA2-8D2B-FD3E95CC6055?api-version=2022-06-15",
        "name": "bce66884-e5b6-4fa2-8d2b-fd3e95cc6055",
        "status": "Succeeded"
      }
    },
    {
      "RequestUri": "https://management.azure.com/subscriptions/azure_subscription_id/resourceGroups/myjstest/providers/Microsoft.EventGrid/domains?api-version=2022-06-15",
      "RequestMethod": "GET",
      "RequestHeaders": {
        "Accept": "application/json",
        "Accept-Encoding": "gzip,deflate",
        "Authorization": "Sanitized",
        "Connection": "keep-alive",
        "User-Agent": "azsdk-js-arm-eventgrid/14.1.0 core-rest-pipeline/1.10.2 Node/v18.10.0 OS/(x64-Windows_NT-10.0.19042)",
        "x-ms-client-request-id": "cf103f94-db32-4365-88c0-940ac57a0578"
      },
      "RequestBody": null,
      "StatusCode": 200,
      "ResponseHeaders": {
        "Cache-Control": "no-cache",
        "Content-Encoding": "gzip",
        "Content-Type": "application/json; charset=utf-8",
        "Date": "Tue, 10 Jan 2023 06:00:09 GMT",
        "Expires": "-1",
        "Pragma": "no-cache",
        "Server": "Microsoft-HTTPAPI/2.0",
        "Strict-Transport-Security": "max-age=31536000; includeSubDomains",
        "Transfer-Encoding": "chunked",
        "Vary": "Accept-Encoding",
        "X-Content-Type-Options": "nosniff",
        "x-ms-correlation-request-id": "a33b4104-8945-401f-8329-1185b9d70c62",
        "x-ms-ratelimit-remaining-subscription-reads": "11980",
        "x-ms-request-id": "c82803ab-668e-48eb-ad0d-487fc01f9718",
        "x-ms-routing-request-id": "KOREASOUTH:20230110T060009Z:a33b4104-8945-401f-8329-1185b9d70c62"
      },
      "ResponseBody": {
        "value": []
      }
    }
  ],
  "Variables": {}
}
