{
  "Entries": [
    {
      "RequestUri": "https://myappconfig.azconfig.io/kv/listConfigSetting0A74844?api-version=1.0\u0026label=listConfigSettingsLabel27077",
      "RequestMethod": "PUT",
      "RequestHeaders": {
        "Accept": "application/vnd.microsoft.appconfig.kv\u002Bjson, application/json, application/problem\u002Bjson",
        "Accept-Encoding": "gzip, deflate, br",
        "Accept-Language": "en-US",
        "Authorization": "Sanitized",
        "Connection": "keep-alive",
        "Content-Length": "136",
        "Content-Type": "application/vnd.microsoft.appconfig.kv\u002Bjson",
        "If-None-Match": "*",
        "Origin": "http://localhost:9876",
        "Referer": "http://localhost:9876/",
        "sec-ch-ua": "",
        "sec-ch-ua-mobile": "?0",
        "sec-ch-ua-platform": "",
        "Sec-Fetch-Dest": "empty",
        "Sec-Fetch-Mode": "cors",
        "Sec-Fetch-Site": "same-site",
        "User-Agent": "Mozilla/5.0 (X11; Linux x86_64) AppleWebKit/537.36 (KHTML, like Gecko) HeadlessChrome/103.0.5058.0 Safari/537.36",
        "x-ms-client-request-id": "3eec66fa-b718-4bad-bc51-2b21510a47b1",
        "x-ms-content-sha256": "fnTfde9JdQ340h4s8NMPASAvqzhW6tFAtf/GY18x2xg=",
        "x-ms-date": "Fri, 21 Oct 2022 23:17:32 GMT",
        "x-ms-useragent": "azsdk-js-app-configuration/1.4.0-beta.1 core-rest-pipeline/1.9.3 OS/Linuxx86_64"
      },
      "RequestBody": {
        "key": "listConfigSetting0A74844",
        "label": "listConfigSettingsLabel27077",
        "content_type": "a content type",
        "value": "[A] production value"
      },
      "StatusCode": 200,
      "ResponseHeaders": {
        "Access-Control-Allow-Credentials": "true",
        "Access-Control-Allow-Origin": "*",
        "Access-Control-Expose-Headers": "DNT, X-CustomHeader, Keep-Alive, User-Agent, X-Requested-With, If-Modified-Since, Cache-Control, Content-Type, Authorization, x-ms-client-request-id, x-ms-useragent, x-ms-content-sha256, x-ms-date, host, Accept, Accept-Datetime, Date, If-Match, If-None-Match, Sync-Token, x-ms-return-client-request-id, ETag, Last-Modified, Link, Memento-Datetime, retry-after-ms, x-ms-request-id, x-ms-client-session-id, x-ms-effective-locale, WWW-Authenticate, traceparent, tracestate",
        "Connection": "keep-alive",
        "Content-Type": "application/vnd.microsoft.appconfig.kv\u002Bjson; charset=utf-8",
        "Date": "Fri, 21 Oct 2022 23:17:32 GMT",
        "ETag": "\u0022fp6t3L2Jt4MO7AD_p0C69O2A2_hEvxt9ti1dZEXcKgU\u0022",
        "Last-Modified": "Fri, 21 Oct 2022 23:17:32 GMT",
        "Server": "openresty/1.17.8.2",
        "Strict-Transport-Security": "max-age=15724800; includeSubDomains",
        "Sync-Token": "zAJw6V16=MjoxNyMxMDA1MjUwMA==;sn=10052500",
        "Transfer-Encoding": "chunked",
        "x-ms-correlation-request-id": "a691562e-fefa-4fb3-aab3-a5980cca31e5",
        "x-ms-request-id": "a691562e-fefa-4fb3-aab3-a5980cca31e5"
      },
      "ResponseBody": {
        "etag": "fp6t3L2Jt4MO7AD_p0C69O2A2_hEvxt9ti1dZEXcKgU",
        "key": "listConfigSetting0A74844",
        "label": "listConfigSettingsLabel27077",
        "content_type": "a content type",
        "value": "[A] production value",
        "tags": {},
        "locked": false,
        "last_modified": "2022-10-21T23:17:32\u002B00:00"
      }
    },
    {
      "RequestUri": "https://myappconfig.azconfig.io/locks/listConfigSetting0A74844?api-version=1.0\u0026label=listConfigSettingsLabel27077",
      "RequestMethod": "PUT",
      "RequestHeaders": {
        "Accept": "application/vnd.microsoft.appconfig.kv\u002Bjson, application/json, application/problem\u002Bjson",
        "Accept-Encoding": "gzip, deflate, br",
        "Accept-Language": "en-US",
        "Authorization": "Sanitized",
        "Connection": "keep-alive",
        "Content-Length": "0",
        "Origin": "http://localhost:9876",
        "Referer": "http://localhost:9876/",
        "sec-ch-ua": "",
        "sec-ch-ua-mobile": "?0",
        "sec-ch-ua-platform": "",
        "Sec-Fetch-Dest": "empty",
        "Sec-Fetch-Mode": "cors",
        "Sec-Fetch-Site": "same-site",
        "sync-token": "zAJw6V16=MjoxNyMxMDA1MjUwMA==",
        "User-Agent": "Mozilla/5.0 (X11; Linux x86_64) AppleWebKit/537.36 (KHTML, like Gecko) HeadlessChrome/103.0.5058.0 Safari/537.36",
        "x-ms-client-request-id": "59439871-bccc-42d3-afe3-766560282e2d",
        "x-ms-content-sha256": "47DEQpj8HBSa\u002B/TImW\u002B5JCeuQeRkm5NMpJWZG3hSuFU=",
        "x-ms-date": "Fri, 21 Oct 2022 23:17:32 GMT",
        "x-ms-useragent": "azsdk-js-app-configuration/1.4.0-beta.1 core-rest-pipeline/1.9.3 OS/Linuxx86_64"
      },
      "RequestBody": null,
      "StatusCode": 200,
      "ResponseHeaders": {
        "Access-Control-Allow-Credentials": "true",
        "Access-Control-Allow-Origin": "*",
        "Access-Control-Expose-Headers": "DNT, X-CustomHeader, Keep-Alive, User-Agent, X-Requested-With, If-Modified-Since, Cache-Control, Content-Type, Authorization, x-ms-client-request-id, x-ms-useragent, x-ms-content-sha256, x-ms-date, host, Accept, Accept-Datetime, Date, If-Match, If-None-Match, Sync-Token, x-ms-return-client-request-id, ETag, Last-Modified, Link, Memento-Datetime, retry-after-ms, x-ms-request-id, x-ms-client-session-id, x-ms-effective-locale, WWW-Authenticate, traceparent, tracestate",
        "Connection": "keep-alive",
        "Content-Type": "application/vnd.microsoft.appconfig.kv\u002Bjson; charset=utf-8",
        "Date": "Fri, 21 Oct 2022 23:17:32 GMT",
        "ETag": "\u0022wPIGicGYTgwS10TaV61LdULC4clnfj_4GitlAyfLHzw\u0022",
        "Last-Modified": "Fri, 21 Oct 2022 23:17:32 GMT",
        "Server": "openresty/1.17.8.2",
        "Strict-Transport-Security": "max-age=15724800; includeSubDomains",
        "Sync-Token": "zAJw6V16=MjoxNyMxMDA1MjUwMQ==;sn=10052501",
        "Transfer-Encoding": "chunked",
        "x-ms-correlation-request-id": "d1e9d5db-8d30-4649-b1f6-ebe8b8e71e8e",
        "x-ms-request-id": "d1e9d5db-8d30-4649-b1f6-ebe8b8e71e8e"
      },
      "ResponseBody": {
        "etag": "wPIGicGYTgwS10TaV61LdULC4clnfj_4GitlAyfLHzw",
        "key": "listConfigSetting0A74844",
        "label": "listConfigSettingsLabel27077",
        "content_type": "a content type",
        "value": "[A] production value",
        "tags": {},
        "locked": true,
        "last_modified": "2022-10-21T23:17:32\u002B00:00"
      }
    },
    {
      "RequestUri": "https://myappconfig.azconfig.io/kv/listConfigSetting0A74844?api-version=1.0",
      "RequestMethod": "PUT",
      "RequestHeaders": {
        "Accept": "application/vnd.microsoft.appconfig.kv\u002Bjson, application/json, application/problem\u002Bjson",
        "Accept-Encoding": "gzip, deflate, br",
        "Accept-Language": "en-US",
        "Authorization": "Sanitized",
        "Connection": "keep-alive",
        "Content-Length": "54",
        "Content-Type": "application/vnd.microsoft.appconfig.kv\u002Bjson",
        "If-None-Match": "*",
        "Origin": "http://localhost:9876",
        "Referer": "http://localhost:9876/",
        "sec-ch-ua": "",
        "sec-ch-ua-mobile": "?0",
        "sec-ch-ua-platform": "",
        "Sec-Fetch-Dest": "empty",
        "Sec-Fetch-Mode": "cors",
        "Sec-Fetch-Site": "same-site",
        "sync-token": "zAJw6V16=MjoxNyMxMDA1MjUwMQ==",
        "User-Agent": "Mozilla/5.0 (X11; Linux x86_64) AppleWebKit/537.36 (KHTML, like Gecko) HeadlessChrome/103.0.5058.0 Safari/537.36",
        "x-ms-client-request-id": "b80910af-1480-4c8c-8370-59215fcb190c",
        "x-ms-content-sha256": "bDpQBvV5SwGbWAEomf4o97jUE2L5Ivy644ipkls19Io=",
        "x-ms-date": "Fri, 21 Oct 2022 23:17:32 GMT",
        "x-ms-useragent": "azsdk-js-app-configuration/1.4.0-beta.1 core-rest-pipeline/1.9.3 OS/Linuxx86_64"
      },
      "RequestBody": {
        "key": "listConfigSetting0A74844",
        "value": "[A] value"
      },
      "StatusCode": 200,
      "ResponseHeaders": {
        "Access-Control-Allow-Credentials": "true",
        "Access-Control-Allow-Origin": "*",
        "Access-Control-Expose-Headers": "DNT, X-CustomHeader, Keep-Alive, User-Agent, X-Requested-With, If-Modified-Since, Cache-Control, Content-Type, Authorization, x-ms-client-request-id, x-ms-useragent, x-ms-content-sha256, x-ms-date, host, Accept, Accept-Datetime, Date, If-Match, If-None-Match, Sync-Token, x-ms-return-client-request-id, ETag, Last-Modified, Link, Memento-Datetime, retry-after-ms, x-ms-request-id, x-ms-client-session-id, x-ms-effective-locale, WWW-Authenticate, traceparent, tracestate",
        "Connection": "keep-alive",
        "Content-Type": "application/vnd.microsoft.appconfig.kv\u002Bjson; charset=utf-8",
        "Date": "Fri, 21 Oct 2022 23:17:32 GMT",
        "ETag": "\u0022z91NXkRwHOwemE9r96R1b2P40DJh5YACozlbT5JmCWM\u0022",
        "Last-Modified": "Fri, 21 Oct 2022 23:17:32 GMT",
        "Server": "openresty/1.17.8.2",
        "Strict-Transport-Security": "max-age=15724800; includeSubDomains",
        "Sync-Token": "zAJw6V16=MjoxNyMxMDA1MjUwMw==;sn=10052503",
        "Transfer-Encoding": "chunked",
        "x-ms-correlation-request-id": "f89277f2-da40-43ea-bb65-13f933d64528",
        "x-ms-request-id": "f89277f2-da40-43ea-bb65-13f933d64528"
      },
      "ResponseBody": {
        "etag": "z91NXkRwHOwemE9r96R1b2P40DJh5YACozlbT5JmCWM",
        "key": "listConfigSetting0A74844",
        "label": null,
        "content_type": null,
        "value": "[A] value",
        "tags": {},
        "locked": false,
        "last_modified": "2022-10-21T23:17:32\u002B00:00"
      }
    },
    {
      "RequestUri": "https://myappconfig.azconfig.io/kv/listConfigSetting0B38841?api-version=1.0\u0026label=listConfigSettingsLabel27077",
      "RequestMethod": "PUT",
      "RequestHeaders": {
        "Accept": "application/vnd.microsoft.appconfig.kv\u002Bjson, application/json, application/problem\u002Bjson",
        "Accept-Encoding": "gzip, deflate, br",
        "Accept-Language": "en-US",
        "Authorization": "Sanitized",
        "Connection": "keep-alive",
        "Content-Length": "104",
        "Content-Type": "application/vnd.microsoft.appconfig.kv\u002Bjson",
        "If-None-Match": "*",
        "Origin": "http://localhost:9876",
        "Referer": "http://localhost:9876/",
        "sec-ch-ua": "",
        "sec-ch-ua-mobile": "?0",
        "sec-ch-ua-platform": "",
        "Sec-Fetch-Dest": "empty",
        "Sec-Fetch-Mode": "cors",
        "Sec-Fetch-Site": "same-site",
        "sync-token": "zAJw6V16=MjoxNyMxMDA1MjUwMw==",
        "User-Agent": "Mozilla/5.0 (X11; Linux x86_64) AppleWebKit/537.36 (KHTML, like Gecko) HeadlessChrome/103.0.5058.0 Safari/537.36",
        "x-ms-client-request-id": "edb29c43-43e0-4b01-b346-dff153b247bc",
        "x-ms-content-sha256": "eaI3/K0uUrUUY02/vBtzxSKPyTidrelU6Sc7RrAy44A=",
        "x-ms-date": "Fri, 21 Oct 2022 23:17:32 GMT",
        "x-ms-useragent": "azsdk-js-app-configuration/1.4.0-beta.1 core-rest-pipeline/1.9.3 OS/Linuxx86_64"
      },
      "RequestBody": {
        "key": "listConfigSetting0B38841",
        "label": "listConfigSettingsLabel27077",
        "value": "[B] production value"
      },
      "StatusCode": 200,
      "ResponseHeaders": {
        "Access-Control-Allow-Credentials": "true",
        "Access-Control-Allow-Origin": "*",
        "Access-Control-Expose-Headers": "DNT, X-CustomHeader, Keep-Alive, User-Agent, X-Requested-With, If-Modified-Since, Cache-Control, Content-Type, Authorization, x-ms-client-request-id, x-ms-useragent, x-ms-content-sha256, x-ms-date, host, Accept, Accept-Datetime, Date, If-Match, If-None-Match, Sync-Token, x-ms-return-client-request-id, ETag, Last-Modified, Link, Memento-Datetime, retry-after-ms, x-ms-request-id, x-ms-client-session-id, x-ms-effective-locale, WWW-Authenticate, traceparent, tracestate",
        "Connection": "keep-alive",
        "Content-Type": "application/vnd.microsoft.appconfig.kv\u002Bjson; charset=utf-8",
        "Date": "Fri, 21 Oct 2022 23:17:32 GMT",
        "ETag": "\u0022aXCh4LLrRK2nBOmfCx7nXAB1-460gFTmiYC0fXnSvIc\u0022",
        "Last-Modified": "Fri, 21 Oct 2022 23:17:32 GMT",
        "Server": "openresty/1.17.8.2",
        "Strict-Transport-Security": "max-age=15724800; includeSubDomains",
        "Sync-Token": "zAJw6V16=MjoxNyMxMDA1MjUwNA==;sn=10052504",
        "Transfer-Encoding": "chunked",
        "x-ms-correlation-request-id": "266f3eba-6c37-4148-8586-8c6a9071eb13",
        "x-ms-request-id": "266f3eba-6c37-4148-8586-8c6a9071eb13"
      },
      "ResponseBody": {
        "etag": "aXCh4LLrRK2nBOmfCx7nXAB1-460gFTmiYC0fXnSvIc",
        "key": "listConfigSetting0B38841",
        "label": "listConfigSettingsLabel27077",
        "content_type": null,
        "value": "[B] production value",
        "tags": {},
        "locked": false,
        "last_modified": "2022-10-21T23:17:32\u002B00:00"
      }
    },
    {
      "RequestUri": "https://myappconfig.azconfig.io/kv/listConfigSetting0B38841?api-version=1.0",
      "RequestMethod": "PUT",
      "RequestHeaders": {
        "Accept": "application/vnd.microsoft.appconfig.kv\u002Bjson, application/json, application/problem\u002Bjson",
        "Accept-Encoding": "gzip, deflate, br",
        "Accept-Language": "en-US",
        "Authorization": "Sanitized",
        "Connection": "keep-alive",
        "Content-Length": "54",
        "Content-Type": "application/vnd.microsoft.appconfig.kv\u002Bjson",
        "If-None-Match": "*",
        "Origin": "http://localhost:9876",
        "Referer": "http://localhost:9876/",
        "sec-ch-ua": "",
        "sec-ch-ua-mobile": "?0",
        "sec-ch-ua-platform": "",
        "Sec-Fetch-Dest": "empty",
        "Sec-Fetch-Mode": "cors",
        "Sec-Fetch-Site": "same-site",
        "sync-token": "zAJw6V16=MjoxNyMxMDA1MjUwNA==",
        "User-Agent": "Mozilla/5.0 (X11; Linux x86_64) AppleWebKit/537.36 (KHTML, like Gecko) HeadlessChrome/103.0.5058.0 Safari/537.36",
        "x-ms-client-request-id": "0cbe0e27-33c4-4de7-9350-77b99fdceb10",
        "x-ms-content-sha256": "ikbYl\u002Bxc4J9nGGJkM4vhFb63ShV3mAE/vzdZMMivh58=",
        "x-ms-date": "Fri, 21 Oct 2022 23:17:32 GMT",
        "x-ms-useragent": "azsdk-js-app-configuration/1.4.0-beta.1 core-rest-pipeline/1.9.3 OS/Linuxx86_64"
      },
      "RequestBody": {
        "key": "listConfigSetting0B38841",
        "value": "[B] value"
      },
      "StatusCode": 200,
      "ResponseHeaders": {
        "Access-Control-Allow-Credentials": "true",
        "Access-Control-Allow-Origin": "*",
        "Access-Control-Expose-Headers": "DNT, X-CustomHeader, Keep-Alive, User-Agent, X-Requested-With, If-Modified-Since, Cache-Control, Content-Type, Authorization, x-ms-client-request-id, x-ms-useragent, x-ms-content-sha256, x-ms-date, host, Accept, Accept-Datetime, Date, If-Match, If-None-Match, Sync-Token, x-ms-return-client-request-id, ETag, Last-Modified, Link, Memento-Datetime, retry-after-ms, x-ms-request-id, x-ms-client-session-id, x-ms-effective-locale, WWW-Authenticate, traceparent, tracestate",
        "Connection": "keep-alive",
        "Content-Type": "application/vnd.microsoft.appconfig.kv\u002Bjson; charset=utf-8",
        "Date": "Fri, 21 Oct 2022 23:17:32 GMT",
        "ETag": "\u0022MXD4jk3dkbo5MGRTTP9-DHZ7rU1J_0IRsm12-944r7o\u0022",
        "Last-Modified": "Fri, 21 Oct 2022 23:17:32 GMT",
        "Server": "openresty/1.17.8.2",
        "Strict-Transport-Security": "max-age=15724800; includeSubDomains",
        "Sync-Token": "zAJw6V16=MjoxNyMxMDA1MjUwNQ==;sn=10052505",
        "Transfer-Encoding": "chunked",
        "x-ms-correlation-request-id": "44a9af96-a9f4-43ac-9320-1dd1e714f096",
        "x-ms-request-id": "44a9af96-a9f4-43ac-9320-1dd1e714f096"
      },
      "ResponseBody": {
        "etag": "MXD4jk3dkbo5MGRTTP9-DHZ7rU1J_0IRsm12-944r7o",
        "key": "listConfigSetting0B38841",
        "label": null,
        "content_type": null,
        "value": "[B] value",
        "tags": {},
        "locked": false,
        "last_modified": "2022-10-21T23:17:32\u002B00:00"
      }
    },
    {
      "RequestUri": "https://myappconfig.azconfig.io/kv?api-version=1.0",
      "RequestMethod": "GET",
      "RequestHeaders": {
        "Accept": "application/vnd.microsoft.appconfig.kvset\u002Bjson, application/json, application/problem\u002Bjson",
        "Accept-Encoding": "gzip, deflate, br",
        "Accept-Language": "en-US",
        "Authorization": "Sanitized",
        "Connection": "keep-alive",
        "Origin": "http://localhost:9876",
        "Referer": "http://localhost:9876/",
        "sec-ch-ua": "",
        "sec-ch-ua-mobile": "?0",
        "sec-ch-ua-platform": "",
        "Sec-Fetch-Dest": "empty",
        "Sec-Fetch-Mode": "cors",
        "Sec-Fetch-Site": "same-site",
        "sync-token": "zAJw6V16=MjoxNyMxMDA1MjUwNQ==",
        "User-Agent": "Mozilla/5.0 (X11; Linux x86_64) AppleWebKit/537.36 (KHTML, like Gecko) HeadlessChrome/103.0.5058.0 Safari/537.36",
        "x-ms-client-request-id": "837d7e82-174f-474d-9a2e-56648e39b459",
        "x-ms-content-sha256": "47DEQpj8HBSa\u002B/TImW\u002B5JCeuQeRkm5NMpJWZG3hSuFU=",
        "x-ms-date": "Fri, 21 Oct 2022 23:17:32 GMT",
        "x-ms-useragent": "azsdk-js-app-configuration/1.4.0-beta.1 core-rest-pipeline/1.9.3 OS/Linuxx86_64"
      },
      "RequestBody": null,
      "StatusCode": 200,
      "ResponseHeaders": {
        "Access-Control-Allow-Credentials": "true",
        "Access-Control-Allow-Origin": "*",
        "Access-Control-Expose-Headers": "DNT, X-CustomHeader, Keep-Alive, User-Agent, X-Requested-With, If-Modified-Since, Cache-Control, Content-Type, Authorization, x-ms-client-request-id, x-ms-useragent, x-ms-content-sha256, x-ms-date, host, Accept, Accept-Datetime, Date, If-Match, If-None-Match, Sync-Token, x-ms-return-client-request-id, ETag, Last-Modified, Link, Memento-Datetime, retry-after-ms, x-ms-request-id, x-ms-client-session-id, x-ms-effective-locale, WWW-Authenticate, traceparent, tracestate",
        "Connection": "close",
        "Content-Type": "application/vnd.microsoft.appconfig.kvset\u002Bjson; charset=utf-8",
        "Date": "Fri, 21 Oct 2022 23:17:32 GMT",
        "Link": "\u003C/kv?api-version=1.0\u0026after=bGlzdENvbmZpZ1NldHRpbmc2QTk3MjkxCmxpc3RDb25maWdTZXR0aW5nc0xhYmVsOTEzMjE%3D\u003E; rel=\u0022next\u0022",
        "Server": "openresty/1.17.8.2",
        "Strict-Transport-Security": "max-age=15724800; includeSubDomains",
        "Sync-Token": "zAJw6V16=MjoxNyMxMDA1MjUwNQ==;sn=10052505",
        "Transfer-Encoding": "chunked",
        "x-ms-correlation-request-id": "e5934813-f323-477f-9986-32a1ea87d862",
        "x-ms-request-id": "e5934813-f323-477f-9986-32a1ea87d862"
      },
      "ResponseBody": {
        "items": [
          {
            "etag": "BFFkasyMFLJb7qcyazUFEu2y5Amn9KYzsyeGv2mkaB8",
            "key": ".appconfig.featureflag/name-1289-2",
            "label": "label-1",
            "content_type": "application/vnd.microsoft.appconfig.ff\u002Bjson;charset=utf-8",
            "value": "{\u0022id\u0022:\u0022name-1289-2\u0022,\u0022enabled\u0022:false,\u0022description\u0022:\u0022I\u0027m new description\u0022,\u0022conditions\u0022:{\u0022client_filters\u0022:[{\u0022name\u0022:\u0022Microsoft.TimeWindow\u0022,\u0022parameters\u0022:{\u0022Start\u0022:\u0022Wed, 01 May 2019 13:59:59 GMT\u0022,\u0022End\u0022:\u0022Mon, 01 July 2019 00:00:00 GMT\u0022}},{\u0022name\u0022:\u0022FilterX\u0022},{\u0022name\u0022:\u0022Microsoft.Targeting\u0022,\u0022parameters\u0022:{\u0022Audience\u0022:{\u0022Groups\u0022:[{\u0022Name\u0022:\u0022group-1\u0022,\u0022RolloutPercentage\u0022:25},{\u0022Name\u0022:\u0022group-2\u0022,\u0022RolloutPercentage\u0022:45}],\u0022Users\u0022:[\u0022userA\u0022,\u0022userB\u0022],\u0022DefaultRolloutPercentage\u0022:40}}},{\u0022name\u0022:\u0022Microsoft.Percentage\u0022,\u0022parameters\u0022:{\u0022Value\u0022:25}}]},\u0022display_name\u0022:\u0022for display\u0022}",
            "tags": {},
            "locked": false,
            "last_modified": "2022-10-21T22:48:28\u002B00:00"
          },
          {
            "etag": "yoE1b-oBsEFATtDRXDonlgYxSrxu07NQ8NI5SozB7SM",
            "key": "addConfigSample417",
            "label": null,
            "content_type": null,
            "value": "MyValue",
            "tags": {},
            "locked": false,
            "last_modified": "2022-10-21T22:48:29\u002B00:00"
          },
          {
            "etag": "x6NJK2Wz8XXDnSXN24YWNyrlsmX8QiaR9LihFvDGaps",
            "key": "addConfigTestTwice213",
            "label": "test",
            "content_type": null,
            "value": "foo",
            "tags": {},
            "locked": false,
            "last_modified": "2022-10-21T22:48:29\u002B00:00"
          },
          {
            "etag": "BCrTEmB4rQvH7t9Giowg5ZCbTTtQW_52oI0eLCqE908",
            "key": "getConfigTest209",
            "label": "a label",
            "content_type": "a content type",
            "value": "value that will not be retrieved",
            "tags": {},
            "locked": true,
            "last_modified": "2022-10-21T22:48:30\u002B00:00"
          },
          {
            "etag": "GjwFk2SCPzLzUecanmE8hgRDU-yLbmJ6i9KFxYecavE",
            "key": "getConfigTest846",
            "label": "test",
            "content_type": "application/json",
            "value": "foo",
            "tags": {
              "bar": "baz",
              "car": "caz"
            },
            "locked": false,
            "last_modified": "2022-10-21T22:48:29\u002B00:00"
          },
          {
            "etag": "GHdyYSRPUAKwU5qb2rKNX3bqdK6HV7IVlKrcHCy6EbU",
            "key": "getConfigurationSettingByDate859",
            "label": null,
            "content_type": null,
            "value": "value2",
            "tags": {},
            "locked": false,
            "last_modified": "2022-10-21T22:48:30\u002B00:00"
          },
          {
            "etag": "ixmNCxABvK02I-PUfPPww9lYd6BWjD5tOO52vju4Hq8",
            "key": "listConfigSetting0A13160",
            "label": null,
            "content_type": null,
            "value": "[A] value",
            "tags": {},
            "locked": false,
            "last_modified": "2022-10-21T23:16:32\u002B00:00"
          },
          {
            "etag": "cKwkCXNEqucT-9Gk_BLPCypL5P_Tm1UtqYBfaujh7ik",
            "key": "listConfigSetting0A13160",
            "label": "listConfigSettingsLabel99106",
            "content_type": "a content type",
            "value": "[A] production value",
            "tags": {},
            "locked": true,
            "last_modified": "2022-10-21T23:16:32\u002B00:00"
          },
          {
            "etag": "-a0EQhDihG-CZEI6AllBYFq2nFH5BgPZjjpZ-5wgtSo",
            "key": "listConfigSetting0A29071",
            "label": null,
            "content_type": null,
            "value": "[A] value",
            "tags": {},
            "locked": false,
            "last_modified": "2022-10-21T22:49:19\u002B00:00"
          },
          {
            "etag": "_DAUT1YrQL8f_Xw6zHc4zL8V6ffhc0Ys2Y9tzC1m3uU",
            "key": "listConfigSetting0A29071",
            "label": "listConfigSettingsLabel4502",
            "content_type": "a content type",
            "value": "[A] production value",
            "tags": {},
            "locked": true,
            "last_modified": "2022-10-21T22:49:19\u002B00:00"
          },
          {
            "etag": "wHriMg5Lq9AZfpYnY3F0_EhOuOw0eLzYszzJd4frm_A",
            "key": "listConfigSetting0A31629",
            "label": null,
            "content_type": null,
            "value": "[A] value",
            "tags": {},
            "locked": false,
            "last_modified": "2022-10-21T22:48:30\u002B00:00"
          },
          {
            "etag": "OGf1nqS2jBhDEgar7cFrZ84f7yPjjtzDzqKMHdxUWUE",
            "key": "listConfigSetting0A31629",
            "label": "listConfigSettingsLabel14733",
            "content_type": "a content type",
            "value": "[A] production value",
            "tags": {},
            "locked": true,
            "last_modified": "2022-10-21T22:48:30\u002B00:00"
          },
          {
            "etag": "QJHlfyQS_lT4F4Tzw-Ot0XzEraw2gAK4QXQ53Mptutc",
            "key": "listConfigSetting0A44094",
            "label": null,
            "content_type": null,
            "value": "[A] value",
            "tags": {},
            "locked": false,
            "last_modified": "2022-10-21T23:15:52\u002B00:00"
          },
          {
            "etag": "3ifg8sHWAf4bmrP4QL41DfczFZ4UuoQx1dweWGqfziE",
            "key": "listConfigSetting0A44094",
            "label": "listConfigSettingsLabel16956",
            "content_type": "a content type",
            "value": "[A] production value",
            "tags": {},
            "locked": true,
            "last_modified": "2022-10-21T23:15:52\u002B00:00"
          },
          {
            "etag": "z91NXkRwHOwemE9r96R1b2P40DJh5YACozlbT5JmCWM",
            "key": "listConfigSetting0A74844",
            "label": null,
            "content_type": null,
            "value": "[A] value",
            "tags": {},
            "locked": false,
            "last_modified": "2022-10-21T23:17:32\u002B00:00"
          },
          {
            "etag": "wPIGicGYTgwS10TaV61LdULC4clnfj_4GitlAyfLHzw",
            "key": "listConfigSetting0A74844",
            "label": "listConfigSettingsLabel27077",
            "content_type": "a content type",
            "value": "[A] production value",
            "tags": {},
            "locked": true,
            "last_modified": "2022-10-21T23:17:32\u002B00:00"
          },
          {
            "etag": "I2ZAXVgEccSk7BcMAlP8LHvRgKjrnkt1g4DR_viIA-w",
            "key": "listConfigSetting0A87298",
            "label": null,
            "content_type": null,
            "value": "[A] value",
            "tags": {},
            "locked": false,
            "last_modified": "2022-10-21T22:49:44\u002B00:00"
          },
          {
            "etag": "ahqHFwV5GrSDz1AXY5pyE-59jAHpy1aBasrh4lfhLRM",
            "key": "listConfigSetting0A87298",
            "label": "listConfigSettingsLabel32540",
            "content_type": "a content type",
            "value": "[A] production value",
            "tags": {},
            "locked": true,
            "last_modified": "2022-10-21T22:49:44\u002B00:00"
          },
          {
            "etag": "TF-C-TTsuQfhWQL5K5yLJBHPM_b5-Kdh8tMUXAxkhTY",
            "key": "listConfigSetting0A91015",
            "label": null,
            "content_type": null,
            "value": "[A] value",
            "tags": {},
            "locked": false,
            "last_modified": "2022-10-21T23:11:53\u002B00:00"
          },
          {
            "etag": "PwatdT4r0SphGz9aRQC66MDBzotJxS6AcYFVetZicaE",
            "key": "listConfigSetting0A91015",
            "label": "listConfigSettingsLabel65745",
            "content_type": "a content type",
            "value": "[A] production value",
            "tags": {},
            "locked": true,
            "last_modified": "2022-10-21T23:11:53\u002B00:00"
          },
          {
            "etag": "Gu9ceRfAiTkkcax4gYU4jbSkbCqJ1CoKtGBdE0l3ypM",
            "key": "listConfigSetting0B18768",
            "label": null,
            "content_type": null,
            "value": "[B] value",
            "tags": {},
            "locked": false,
            "last_modified": "2022-10-21T22:49:44\u002B00:00"
          },
          {
            "etag": "rCwk8SWdd2cxLGQ0N5YbvHZvHf1LkYPugwwnOa9PgIk",
            "key": "listConfigSetting0B18768",
            "label": "listConfigSettingsLabel32540",
            "content_type": null,
            "value": "[B] production value",
            "tags": {},
            "locked": false,
            "last_modified": "2022-10-21T22:49:44\u002B00:00"
          },
          {
            "etag": "NUs7e2_-rG0Y21agfNM6bSHL5x9vBNd0pff7CFO_8Ow",
            "key": "listConfigSetting0B23719",
            "label": null,
            "content_type": null,
            "value": "[B] value",
            "tags": {},
            "locked": false,
            "last_modified": "2022-10-21T23:15:52\u002B00:00"
          },
          {
            "etag": "SokfcTiqU-etnWN-D6bzpxtechzNu0qT1dq9qEAW82I",
            "key": "listConfigSetting0B23719",
            "label": "listConfigSettingsLabel16956",
            "content_type": null,
            "value": "[B] production value",
            "tags": {},
            "locked": false,
            "last_modified": "2022-10-21T23:15:52\u002B00:00"
          },
          {
            "etag": "cRWkhU9MQF3j1kxSkTk-zyI9PrKYVDl32YWQ8e3xjKw",
            "key": "listConfigSetting0B35758",
            "label": null,
            "content_type": null,
            "value": "[B] value",
            "tags": {},
            "locked": false,
            "last_modified": "2022-10-21T23:16:32\u002B00:00"
          },
          {
            "etag": "88FOWA_ou_2i2JMZLCOF_LmVkQbiKTEAEvx1ndEbhQg",
            "key": "listConfigSetting0B35758",
            "label": "listConfigSettingsLabel99106",
            "content_type": null,
            "value": "[B] production value",
            "tags": {},
            "locked": false,
            "last_modified": "2022-10-21T23:16:32\u002B00:00"
          },
          {
            "etag": "vqaOmPW0sZUs1_JgwL4Bm_2G-VeBqy4ESje7l4rSimc",
            "key": "listConfigSetting0B38397",
            "label": null,
            "content_type": null,
            "value": "[B] value",
            "tags": {},
            "locked": false,
            "last_modified": "2022-10-21T22:49:19\u002B00:00"
          },
          {
            "etag": "a_LEFoqZLzyEr7VrUj_REIonkVRtA_Wlw5YENKrFA1M",
            "key": "listConfigSetting0B38397",
            "label": "listConfigSettingsLabel4502",
            "content_type": null,
            "value": "[B] production value",
            "tags": {},
            "locked": false,
            "last_modified": "2022-10-21T22:49:19\u002B00:00"
          },
          {
            "etag": "MXD4jk3dkbo5MGRTTP9-DHZ7rU1J_0IRsm12-944r7o",
            "key": "listConfigSetting0B38841",
            "label": null,
            "content_type": null,
            "value": "[B] value",
            "tags": {},
            "locked": false,
            "last_modified": "2022-10-21T23:17:32\u002B00:00"
          },
          {
            "etag": "aXCh4LLrRK2nBOmfCx7nXAB1-460gFTmiYC0fXnSvIc",
            "key": "listConfigSetting0B38841",
            "label": "listConfigSettingsLabel27077",
            "content_type": null,
            "value": "[B] production value",
            "tags": {},
            "locked": false,
            "last_modified": "2022-10-21T23:17:32\u002B00:00"
          },
          {
            "etag": "lIbe5B8LUGxlKJWRDoFmiTTLcYUYEDYXQeFSgLKHHWM",
            "key": "listConfigSetting0B89601",
            "label": null,
            "content_type": null,
            "value": "[B] value",
            "tags": {},
            "locked": false,
            "last_modified": "2022-10-21T23:11:53\u002B00:00"
          },
          {
            "etag": "k7FGLGA8QdTWmxD39lSRKRZUnF2c7l5xc-ENkhVWgs8",
            "key": "listConfigSetting0B89601",
            "label": "listConfigSettingsLabel65745",
            "content_type": null,
            "value": "[B] production value",
            "tags": {},
            "locked": false,
            "last_modified": "2022-10-21T23:11:53\u002B00:00"
          },
          {
            "etag": "TVoRxgUHbIJOSK-gm7uaM72MJ-vKh3yhszI2iOnagK4",
            "key": "listConfigSetting0B96093",
            "label": null,
            "content_type": null,
            "value": "[B] value",
            "tags": {},
            "locked": false,
            "last_modified": "2022-10-21T22:48:31\u002B00:00"
          },
          {
            "etag": "2FNY0CRT8yJj_FkhUD6T0aDudZpAW0-otsCoAEzJis4",
            "key": "listConfigSetting0B96093",
            "label": "listConfigSettingsLabel14733",
            "content_type": null,
            "value": "[B] production value",
            "tags": {},
            "locked": false,
            "last_modified": "2022-10-21T22:48:31\u002B00:00"
          },
          {
            "etag": "YSWSvTcSWHzpTdHqiPCmFtwEf_7BD88YYmLl3u3Xxkk",
            "key": "listConfigSetting1A202",
            "label": null,
            "content_type": null,
            "value": "[A] value",
            "tags": {},
            "locked": false,
            "last_modified": "2022-10-21T23:16:32\u002B00:00"
          },
          {
            "etag": "jJq-rsFYbJkSmawGXXehiubxR2wRIBpKPG2Wqv7cUxw",
            "key": "listConfigSetting1A202",
            "label": "listConfigSettingsLabel81109",
            "content_type": "a content type",
            "value": "[A] production value",
            "tags": {},
            "locked": true,
            "last_modified": "2022-10-21T23:16:32\u002B00:00"
          },
          {
            "etag": "hrnvX5YUNi4n4gvjxjLimjLrfZNh5RrSvm4BlZ292SM",
            "key": "listConfigSetting1A49711",
            "label": null,
            "content_type": null,
            "value": "[A] value",
            "tags": {},
            "locked": false,
            "last_modified": "2022-10-21T22:48:31\u002B00:00"
          },
          {
            "etag": "Zh5cLtJwzZ5noOlNbK89pJvQa3tgxCST0YgVTWeD57Q",
            "key": "listConfigSetting1A49711",
            "label": "listConfigSettingsLabel35275",
            "content_type": "a content type",
            "value": "[A] production value",
            "tags": {},
            "locked": true,
            "last_modified": "2022-10-21T22:48:31\u002B00:00"
          },
          {
            "etag": "MYwLGL5bJQlaAiBtsuawrWAJDs6cnGHJ0YERwOPJYL8",
            "key": "listConfigSetting1A72550",
            "label": null,
            "content_type": null,
            "value": "[A] value",
            "tags": {},
            "locked": false,
            "last_modified": "2022-10-21T23:15:52\u002B00:00"
          },
          {
            "etag": "gPxcH5sqCjxMOJWU19jTzIJe4eefGggHH-wvufubSm0",
            "key": "listConfigSetting1A72550",
            "label": "listConfigSettingsLabel63623",
            "content_type": "a content type",
            "value": "[A] production value",
            "tags": {},
            "locked": true,
            "last_modified": "2022-10-21T23:15:52\u002B00:00"
          },
          {
            "etag": "3nkNNn_Z4ZXrA2wQQyOmIEOKTTPBobLoO-aeskoynbM",
            "key": "listConfigSetting1B30409",
            "label": null,
            "content_type": null,
            "value": "[B] value",
            "tags": {},
            "locked": false,
            "last_modified": "2022-10-21T22:48:31\u002B00:00"
          },
          {
            "etag": "1VYGM2djoCsK5M1CmIqgqFN5krGxoRC7jMYrgMJiKEA",
            "key": "listConfigSetting1B30409",
            "label": "listConfigSettingsLabel35275",
            "content_type": null,
            "value": "[B] production value",
            "tags": {},
            "locked": false,
            "last_modified": "2022-10-21T22:48:31\u002B00:00"
          },
          {
            "etag": "hQOs5DFeURZ8lu1OCrbefKAZvm5tOPyf4u-_JDnbGKk",
            "key": "listConfigSetting1B34441",
            "label": null,
            "content_type": null,
            "value": "[B] value",
            "tags": {},
            "locked": false,
            "last_modified": "2022-10-21T23:15:52\u002B00:00"
          },
          {
            "etag": "9UY01Q_Eu27-brVg8gU0_opjGlbt0p3qiE2LiEAJLnk",
            "key": "listConfigSetting1B34441",
            "label": "listConfigSettingsLabel63623",
            "content_type": null,
            "value": "[B] production value",
            "tags": {},
            "locked": false,
            "last_modified": "2022-10-21T23:15:52\u002B00:00"
          },
          {
            "etag": "zDW6arn5SzEdiWes1U59DmUPS3Of-9-6JAD36WnM6j4",
            "key": "listConfigSetting1B57241",
            "label": null,
            "content_type": null,
            "value": "[B] value",
            "tags": {},
            "locked": false,
            "last_modified": "2022-10-21T23:16:32\u002B00:00"
          },
          {
            "etag": "qaYUpYqM5djtDlV-tqDsKS4--u7WJpEYeY1PHDPsxRc",
            "key": "listConfigSetting1B57241",
            "label": "listConfigSettingsLabel81109",
            "content_type": null,
            "value": "[B] production value",
            "tags": {},
            "locked": false,
            "last_modified": "2022-10-21T23:16:32\u002B00:00"
          },
          {
            "etag": "dwLxBV3U86T2BMCddbOeK7Zm_7iUC9c63I7b5NhvpJA",
            "key": "listConfigSetting2A2116",
            "label": null,
            "content_type": null,
            "value": "[A] value",
            "tags": {},
            "locked": false,
            "last_modified": "2022-10-21T22:48:31\u002B00:00"
          },
          {
            "etag": "m2jxV9do1Qn7KizagqpK7LLGh58AtTnyQzlZWdZu3jU",
            "key": "listConfigSetting2A2116",
            "label": "listConfigSettingsLabel65012",
            "content_type": "a content type",
            "value": "[A] production value",
            "tags": {},
            "locked": true,
            "last_modified": "2022-10-21T22:48:31\u002B00:00"
          },
          {
            "etag": "_3WyR7ahcH7GuPvqKVdVTl2Cz2p5L8oQOC1EUi0TK88",
            "key": "listConfigSetting2A47746",
            "label": null,
            "content_type": null,
            "value": "[A] value",
            "tags": {},
            "locked": false,
            "last_modified": "2022-10-21T23:15:52\u002B00:00"
          },
          {
            "etag": "hV3XzsmdxGSuOmd5PO4OvSdVaFScUVAeoK47YGbs8BE",
            "key": "listConfigSetting2A47746",
            "label": "listConfigSettingsLabel16799",
            "content_type": "a content type",
            "value": "[A] production value",
            "tags": {},
            "locked": true,
            "last_modified": "2022-10-21T23:15:52\u002B00:00"
          },
          {
            "etag": "502mAasxz0xwxXJJjOEIE2O6zjzRqF7TBNvbiABtRoQ",
            "key": "listConfigSetting2A96381",
            "label": null,
            "content_type": null,
            "value": "[A] value",
            "tags": {},
            "locked": false,
            "last_modified": "2022-10-21T23:16:32\u002B00:00"
          },
          {
            "etag": "fPQf-vPnjS_5a06BmuQN1JgM5pTHQLfF7-3LPpAmiuM",
            "key": "listConfigSetting2A96381",
            "label": "listConfigSettingsLabel99586",
            "content_type": "a content type",
            "value": "[A] production value",
            "tags": {},
            "locked": true,
            "last_modified": "2022-10-21T23:16:32\u002B00:00"
          },
          {
            "etag": "3y0wtzMfItyOhqRUbpyMG6T80maUeSwB3DjisAGSuHA",
            "key": "listConfigSetting2B21576",
            "label": null,
            "content_type": null,
            "value": "[B] value",
            "tags": {},
            "locked": false,
            "last_modified": "2022-10-21T23:15:52\u002B00:00"
          },
          {
            "etag": "BzfmH0SGrhetexpMe-QFXqlIkicTTHwaGRTwyklA2-s",
            "key": "listConfigSetting2B21576",
            "label": "listConfigSettingsLabel16799",
            "content_type": null,
            "value": "[B] production value",
            "tags": {},
            "locked": false,
            "last_modified": "2022-10-21T23:15:52\u002B00:00"
          },
          {
            "etag": "6xlYgv2im8tRSouCYdrCh40zJORLp6sPvlrB5_ZpROE",
            "key": "listConfigSetting2B22310",
            "label": null,
            "content_type": null,
            "value": "[B] value",
            "tags": {},
            "locked": false,
            "last_modified": "2022-10-21T23:16:32\u002B00:00"
          },
          {
            "etag": "6t2gDyCKZN2UCzlp1o-OSEJT_HjpqO2_V_cGrWdSeXc",
            "key": "listConfigSetting2B22310",
            "label": "listConfigSettingsLabel99586",
            "content_type": null,
            "value": "[B] production value",
            "tags": {},
            "locked": false,
            "last_modified": "2022-10-21T23:16:32\u002B00:00"
          },
          {
            "etag": "A3maxTn0HeFUZJ_G76P5a_BayWgUsAF4M4dW0BgEso0",
            "key": "listConfigSetting2B64155",
            "label": null,
            "content_type": null,
            "value": "[B] value",
            "tags": {},
            "locked": false,
            "last_modified": "2022-10-21T22:48:31\u002B00:00"
          },
          {
            "etag": "2y8-PgPtHDn9SWaxMAuIK5TN20du8DA2iJ6ujnrZhKc",
            "key": "listConfigSetting2B64155",
            "label": "listConfigSettingsLabel65012",
            "content_type": null,
            "value": "[B] production value",
            "tags": {},
            "locked": false,
            "last_modified": "2022-10-21T22:48:31\u002B00:00"
          },
          {
            "etag": "aPD1Zi7hxJc6eLAd68AR-huPeI5mqLmwBsIwHKNJ3wo",
            "key": "listConfigSetting3A23054",
            "label": null,
            "content_type": null,
            "value": "[A] value",
            "tags": {},
            "locked": false,
            "last_modified": "2022-10-21T22:48:31\u002B00:00"
          },
          {
            "etag": "zkX1ppGq2pUd5oQ3nU-edpxWLzlyRXFDAxM30bJDj2g",
            "key": "listConfigSetting3A23054",
            "label": "listConfigSettingsLabel26417",
            "content_type": "a content type",
            "value": "[A] production value",
            "tags": {},
            "locked": true,
            "last_modified": "2022-10-21T22:48:31\u002B00:00"
          },
          {
            "etag": "em2hBU8aSYX53b-EXYAsTU5qxxMMwb5B3oWuPCUN1Dk",
            "key": "listConfigSetting3A42986",
            "label": null,
            "content_type": null,
            "value": "[A] value",
            "tags": {},
            "locked": false,
            "last_modified": "2022-10-21T23:16:32\u002B00:00"
          },
          {
            "etag": "j7WAc72A6KFwXFuXimJt9PoxRdItK_lRVSu1_fI9nbo",
            "key": "listConfigSetting3A42986",
            "label": "listConfigSettingsLabel54312",
            "content_type": "a content type",
            "value": "[A] production value",
            "tags": {},
            "locked": true,
            "last_modified": "2022-10-21T23:16:32\u002B00:00"
          },
          {
            "etag": "bM8N0endTq44EV1SWo76xbfmXfEPJQ17ZJiqA_bMjSw",
            "key": "listConfigSetting3A82942",
            "label": null,
            "content_type": null,
            "value": "[A] value",
            "tags": {},
            "locked": false,
            "last_modified": "2022-10-21T23:15:52\u002B00:00"
          },
          {
            "etag": "LNh0FEQc8ygKcTBDunNICEZv8Z_HR3IFopLJ9wUN8GU",
            "key": "listConfigSetting3A82942",
            "label": "listConfigSettingsLabel82733",
            "content_type": "a content type",
            "value": "[A] production value",
            "tags": {},
            "locked": true,
            "last_modified": "2022-10-21T23:15:52\u002B00:00"
          },
          {
            "etag": "ppbGHO1i3L9s3DidWgdLm-aAbwvWl6VcaUmOvMrV4o0",
            "key": "listConfigSetting3B44340",
            "label": null,
            "content_type": null,
            "value": "[B] value",
            "tags": {},
            "locked": false,
            "last_modified": "2022-10-21T23:16:32\u002B00:00"
          },
          {
            "etag": "EC10ShSkf_gPgcv-nCY5OUEMaW8An1FNF2x4pIrHMDA",
            "key": "listConfigSetting3B44340",
            "label": "listConfigSettingsLabel54312",
            "content_type": null,
            "value": "[B] production value",
            "tags": {},
            "locked": false,
            "last_modified": "2022-10-21T23:16:32\u002B00:00"
          },
          {
            "etag": "NoCwsR9Z6nsoOEBwjZsvzsVYvxB7-ERRLyaEPykRPF8",
            "key": "listConfigSetting3B59170",
            "label": null,
            "content_type": null,
            "value": "[B] value",
            "tags": {},
            "locked": false,
            "last_modified": "2022-10-21T23:15:52\u002B00:00"
          },
          {
            "etag": "FxMl2-cr0_gGV5yaZj2n3ZFmRZLjqtTonngXvkgC_Y8",
            "key": "listConfigSetting3B59170",
            "label": "listConfigSettingsLabel82733",
            "content_type": null,
            "value": "[B] production value",
            "tags": {},
            "locked": false,
            "last_modified": "2022-10-21T23:15:52\u002B00:00"
          },
          {
            "etag": "V4Fgr4zF7YZDuYLPgR2jtyHogIoeGYyECzFBVdPYqPA",
            "key": "listConfigSetting3B81625",
            "label": null,
            "content_type": null,
            "value": "[B] value",
            "tags": {},
            "locked": false,
            "last_modified": "2022-10-21T22:48:31\u002B00:00"
          },
          {
            "etag": "rJsqoHh1AfO7wtheHPnFf7Bczdk6bWHYWqe9oYP0O4M",
            "key": "listConfigSetting3B81625",
            "label": "listConfigSettingsLabel26417",
            "content_type": null,
            "value": "[B] production value",
            "tags": {},
            "locked": false,
            "last_modified": "2022-10-21T22:48:31\u002B00:00"
          },
          {
            "etag": "J7mkdNKttHEikX58v6Snn7rVJ3RQezZLjZ5rzJ9VC30",
            "key": "listConfigSetting4A34216",
            "label": null,
            "content_type": null,
            "value": "[A] value",
            "tags": {},
            "locked": false,
            "last_modified": "2022-10-21T23:15:52\u002B00:00"
          },
          {
            "etag": "Zo50zuPG4RXfC39-QqzjBnBnoMEdYJTbVN98hjSFAo4",
            "key": "listConfigSetting4A34216",
            "label": "listConfigSettingsLabel66504",
            "content_type": "a content type",
            "value": "[A] production value",
            "tags": {},
            "locked": true,
            "last_modified": "2022-10-21T23:15:52\u002B00:00"
          },
          {
            "etag": "lQeaQMAfW_OSSg0e8x1DWIrlzIcdd3vwMRPyOTXQRRE",
            "key": "listConfigSetting4A43118",
            "label": null,
            "content_type": null,
            "value": "[A] value",
            "tags": {},
            "locked": false,
            "last_modified": "2022-10-21T22:48:31\u002B00:00"
          },
          {
            "etag": "Oei93r3WmuL3DXsLoW8eS7vBgESwRwqEPJT9EQi-cD4",
            "key": "listConfigSetting4A43118",
            "label": "listConfigSettingsLabel18303",
            "content_type": "a content type",
            "value": "[A] production value",
            "tags": {},
            "locked": true,
            "last_modified": "2022-10-21T22:48:31\u002B00:00"
          },
          {
            "etag": "v5YlXLwOSljq-8x99YEyHbAtUazyLJYhyhQAXFo9HAw",
            "key": "listConfigSetting4A59948",
            "label": null,
            "content_type": null,
            "value": "[A] value",
            "tags": {},
            "locked": false,
            "last_modified": "2022-10-21T23:16:33\u002B00:00"
          },
          {
            "etag": "rECRZe-vf26D9_PMYFQ0530YOvHElJWWQvAOR_EH5fg",
            "key": "listConfigSetting4A59948",
            "label": "listConfigSettingsLabel61756",
            "content_type": "a content type",
            "value": "[A] production value",
            "tags": {},
            "locked": true,
            "last_modified": "2022-10-21T23:16:32\u002B00:00"
          },
          {
            "etag": "Bl-MoN2WFCSf-XYhDKyjWCRf2ahXcTwDsoW1hGlRCg4",
            "key": "listConfigSetting4B13167",
            "label": null,
            "content_type": null,
            "value": "[B] value",
            "tags": {},
            "locked": false,
            "last_modified": "2022-10-21T22:48:31\u002B00:00"
          },
          {
            "etag": "6LoQo-WGdQWioDmSbeEpzdcDgDoGph1DU08kziY7kjg",
            "key": "listConfigSetting4B13167",
            "label": "listConfigSettingsLabel18303",
            "content_type": null,
            "value": "[B] production value",
            "tags": {},
            "locked": false,
            "last_modified": "2022-10-21T22:48:31\u002B00:00"
          },
          {
            "etag": "v6rRt9QcLwU_OIThBS1bJM7zH3hCUalL-O83R3xfkOM",
            "key": "listConfigSetting4B37173",
            "label": null,
            "content_type": null,
            "value": "[B] value",
            "tags": {},
            "locked": false,
            "last_modified": "2022-10-21T23:16:33\u002B00:00"
          },
          {
            "etag": "zjbyxFszKZSEC6xQmEegWWfUNq-YPHBJa6ZwLQSZ7SM",
            "key": "listConfigSetting4B37173",
            "label": "listConfigSettingsLabel61756",
            "content_type": null,
            "value": "[B] production value",
            "tags": {},
            "locked": false,
            "last_modified": "2022-10-21T23:16:33\u002B00:00"
          },
          {
            "etag": "N_BYJehj8jBKUXTrvtGhE7HpjaN2T78tteNG5AlZ0sE",
            "key": "listConfigSetting4B89720",
            "label": null,
            "content_type": null,
            "value": "[B] value",
            "tags": {},
            "locked": false,
            "last_modified": "2022-10-21T23:15:52\u002B00:00"
          },
          {
            "etag": "ok9LTG7Spf-2Z8TZu9Fr2ERELqJfNGIGW_X-8so-LXU",
            "key": "listConfigSetting4B89720",
            "label": "listConfigSettingsLabel66504",
            "content_type": null,
            "value": "[B] production value",
            "tags": {},
            "locked": false,
            "last_modified": "2022-10-21T23:15:52\u002B00:00"
          },
          {
            "etag": "F05rYQswJcz3ekBvqGGDjgd6ZPm63EK2oaob1Pl3D4o",
            "key": "listConfigSetting5A59599",
            "label": null,
            "content_type": null,
            "value": "[A] value",
            "tags": {},
            "locked": false,
            "last_modified": "2022-10-21T23:16:33\u002B00:00"
          },
          {
            "etag": "MXVcXjLXTp_Ru9DmQk5Nnpd9Ki-3x0LZoa22SPucv4o",
            "key": "listConfigSetting5A59599",
            "label": "listConfigSettingsLabel84379",
            "content_type": "a content type",
            "value": "[A] production value",
            "tags": {},
            "locked": true,
            "last_modified": "2022-10-21T23:16:33\u002B00:00"
          },
          {
            "etag": "Uz-Y2LPe0FyjbuhBB6jRmENhc02p56Nu9AFxh27oUlM",
            "key": "listConfigSetting5A59669",
            "label": null,
            "content_type": null,
            "value": "[A] value",
            "tags": {},
            "locked": false,
            "last_modified": "2022-10-21T23:15:52\u002B00:00"
          },
          {
            "etag": "qorxvtjqM0lRl9WJKrnGtpVLm9EGPdVZRwrHnhqAqKI",
            "key": "listConfigSetting5A59669",
            "label": "listConfigSettingsLabel28878",
            "content_type": "a content type",
            "value": "[A] production value",
            "tags": {},
            "locked": true,
            "last_modified": "2022-10-21T23:15:52\u002B00:00"
          },
          {
            "etag": "0DiJrBxhSyaNWqJ5mZVqvBoK7FxyHhWPSPbXlt5C3yc",
            "key": "listConfigSetting5A82676",
            "label": null,
            "content_type": null,
            "value": "[A] value",
            "tags": {},
            "locked": false,
            "last_modified": "2022-10-21T22:48:31\u002B00:00"
          },
          {
            "etag": "HU0q1rg8RZbEECIvTYDtBbD1tKarmbyHodVOtEAyeHk",
            "key": "listConfigSetting5A82676",
            "label": "listConfigSettingsLabel43161",
            "content_type": "a content type",
            "value": "[A] production value",
            "tags": {},
            "locked": true,
            "last_modified": "2022-10-21T22:48:31\u002B00:00"
          },
          {
            "etag": "NslqwiJh-_WnDU6u-BANkuNDMn4l0UgF0L-m-0u8WZw",
            "key": "listConfigSetting5B2859",
            "label": null,
            "content_type": null,
            "value": "[B] value",
            "tags": {},
            "locked": false,
            "last_modified": "2022-10-21T22:48:31\u002B00:00"
          },
          {
            "etag": "Y63Tlp9UsL4WfLlQEgr_d_pX8mTzf2p0sQ9AFaxJGxY",
            "key": "listConfigSetting5B2859",
            "label": "listConfigSettingsLabel43161",
            "content_type": null,
            "value": "[B] production value",
            "tags": {},
            "locked": false,
            "last_modified": "2022-10-21T22:48:31\u002B00:00"
          },
          {
            "etag": "vdUJpy3Azmau5i9TkuAHAU6owgeAn4CTmEpb8JZjCn4",
            "key": "listConfigSetting5B287",
            "label": null,
            "content_type": null,
            "value": "[B] value",
            "tags": {},
            "locked": false,
            "last_modified": "2022-10-21T23:16:33\u002B00:00"
          },
          {
            "etag": "NPn_b22OHrOY9kKANsfJOUWqMuB4S8M_lqgHnraaQ9w",
            "key": "listConfigSetting5B287",
            "label": "listConfigSettingsLabel84379",
            "content_type": null,
            "value": "[B] production value",
            "tags": {},
            "locked": false,
            "last_modified": "2022-10-21T23:16:33\u002B00:00"
          },
          {
            "etag": "JRtGz22XTljliiKo9XOZJk7slEoGTiIsM1TMgntA43g",
            "key": "listConfigSetting5B67818",
            "label": null,
            "content_type": null,
            "value": "[B] value",
            "tags": {},
            "locked": false,
            "last_modified": "2022-10-21T23:15:52\u002B00:00"
          },
          {
            "etag": "vLi5Bl8v4_NxYuhcRVetAGETFHk6KFs-VbfvHC9ssKU",
            "key": "listConfigSetting5B67818",
            "label": "listConfigSettingsLabel28878",
            "content_type": null,
            "value": "[B] production value",
            "tags": {},
            "locked": false,
            "last_modified": "2022-10-21T23:15:52\u002B00:00"
          },
          {
            "etag": "3-BC5wsfNBsOpSjsC53cFQouBb0UfZRRlxJAUxjc_Qc",
            "key": "listConfigSetting6A37684",
            "label": null,
            "content_type": null,
            "value": "[A] value",
            "tags": {},
            "locked": false,
            "last_modified": "2022-10-21T23:15:52\u002B00:00"
          },
          {
            "etag": "evQvIfL0r0iQ_b3aCecAobY2qFo2dzxirWTraFpadUc",
            "key": "listConfigSetting6A37684",
            "label": "listConfigSettingsLabel82807",
            "content_type": "a content type",
            "value": "[A] production value",
            "tags": {},
            "locked": true,
            "last_modified": "2022-10-21T23:15:52\u002B00:00"
          },
          {
            "etag": "Fx3E4UXYufuuDF-YVVDaF6d38kY-eb8oY0eT19i-wPE",
            "key": "listConfigSetting6A93724",
            "label": null,
            "content_type": null,
            "value": "[A] value",
            "tags": {},
            "locked": false,
            "last_modified": "2022-10-21T23:16:33\u002B00:00"
          },
          {
            "etag": "--NSidrYTqQEa6zQLBZk4J0HwpILxAgka3ouNsTJN_Q",
            "key": "listConfigSetting6A93724",
            "label": "listConfigSettingsLabel21117",
            "content_type": "a content type",
            "value": "[A] production value",
            "tags": {},
            "locked": true,
            "last_modified": "2022-10-21T23:16:33\u002B00:00"
          },
          {
            "etag": "FPrPEhQcwrhmBi7_t-QVH4FqY-D6wO3-lHtixv4VvCU",
            "key": "listConfigSetting6A97291",
            "label": null,
            "content_type": null,
            "value": "[A] value",
            "tags": {},
            "locked": false,
            "last_modified": "2022-10-21T22:48:31\u002B00:00"
          },
          {
            "etag": "asDd31dp8bQd2-X4Vte1kVblT8Aq1VAFmElxBFRvyXo",
            "key": "listConfigSetting6A97291",
            "label": "listConfigSettingsLabel91321",
            "content_type": "a content type",
            "value": "[A] production value",
            "tags": {},
            "locked": true,
            "last_modified": "2022-10-21T22:48:31\u002B00:00"
          }
        ],
        "@nextLink": "/kv?api-version=1.0\u0026after=bGlzdENvbmZpZ1NldHRpbmc2QTk3MjkxCmxpc3RDb25maWdTZXR0aW5nc0xhYmVsOTEzMjE%3D"
      }
    }
  ],
  "Variables": {
    "listConfigSetting0A": "listConfigSetting0A74844",
    "listConfigSetting0B": "listConfigSetting0B38841",
    "listConfigSettingsLabel": "listConfigSettingsLabel27077"
  }
}
