{
  "Entries": [
    {
      "RequestUri": "https://management.azure.com/subscriptions/azure_subscription_id/resourceGroups/myjstest/providers/Microsoft.VoiceServices/communicationsGateways/mycg?api-version=2023-01-31",
      "RequestMethod": "PUT",
      "RequestHeaders": {
        "Accept": "application/json",
        "Accept-Encoding": "gzip,deflate",
        "Authorization": "Sanitized",
        "Connection": "keep-alive",
        "Content-Length": "644",
        "Content-Type": "application/json",
        "User-Agent": "azsdk-js-arm-voiceservices/1.0.0-beta.1 core-rest-pipeline/1.10.2 Node/v16.17.0 OS/(x64-Windows_NT-10.0.22621)",
        "x-ms-client-request-id": "69f3748e-edfa-4ae7-b790-887d3311e1f6"
      },
      "RequestBody": {
        "location": "westcentralus",
        "properties": {
          "serviceLocations": [
            {
              "name": "westcentralus",
              "primaryRegionProperties": {
                "operatorAddresses": [
                  "198.51.100.1"
                ],
                "allowedSignalingSourceAddressPrefixes": [
                  "10.1.1.0/24"
                ],
                "allowedMediaSourceAddressPrefixes": [
                  "10.1.2.0/24"
                ]
              }
            },
            {
              "name": "eastus2",
              "primaryRegionProperties": {
                "operatorAddresses": [
                  "198.51.100.2"
                ],
                "allowedSignalingSourceAddressPrefixes": [
                  "10.2.1.0/24"
                ],
                "allowedMediaSourceAddressPrefixes": [
                  "10.2.2.0/24"
                ]
              }
            }
          ],
          "connectivity": "PublicAddress",
          "codecs": [
            "PCMA"
          ],
          "e911Type": "Standard",
          "platforms": [
            "OperatorConnect"
          ],
          "autoGeneratedDomainNameLabelScope": "NoReuse",
          "teamsVoicemailPilotNumber": "1234567890"
        }
      },
      "StatusCode": 201,
      "ResponseHeaders": {
        "Azure-AsyncOperation": "https://management.azure.com/subscriptions/azure_subscription_id/providers/Microsoft.VoiceServices/locations/WESTCENTRALUS/operationStatuses/41058bb0-73a0-42f7-8e31-4d3935aca661*FC12B6141A7AD727CC4C68B1D662F210F81E881E45AB98D1A411796D57B23D5E?api-version=2023-01-31",
        "Cache-Control": "no-cache",
        "Content-Length": "1111",
        "Content-Type": "application/json; charset=utf-8",
        "Date": "Wed, 22 Feb 2023 09:36:17 GMT",
        "ETag": "\u0022030036ef-0000-0600-0000-63f5e2100000\u0022",
        "Expires": "-1",
        "Pragma": "no-cache",
        "Strict-Transport-Security": "max-age=31536000; includeSubDomains",
        "Vary": "Accept-Encoding",
        "X-Content-Type-Options": "nosniff",
        "x-ms-correlation-request-id": "1e6ac5ba-58a0-40a5-bc6d-31246d4aea59",
        "x-ms-providerhub-traffic": "True",
        "x-ms-ratelimit-remaining-subscription-writes": "1199",
        "x-ms-request-id": "41058bb0-73a0-42f7-8e31-4d3935aca661",
        "x-ms-routing-request-id": "SOUTHEASTASIA:20230222T093617Z:1e6ac5ba-58a0-40a5-bc6d-31246d4aea59"
      },
      "ResponseBody": {
        "id": "/subscriptions/azure_subscription_id/resourceGroups/myjstest/providers/Microsoft.VoiceServices/communicationsGateways/mycg",
        "name": "mycg",
        "type": "microsoft.voiceservices/communicationsgateways",
        "location": "westcentralus",
        "systemData": {
          "createdBy": "azure_client_id",
          "createdByType": "Application",
          "createdAt": "2023-02-22T09:36:13.9503915Z",
          "lastModifiedBy": "azure_client_id",
          "lastModifiedByType": "Application",
          "lastModifiedAt": "2023-02-22T09:36:13.9503915Z"
        },
        "properties": {
          "serviceLocations": [
            {
              "name": "westcentralus",
              "primaryRegionProperties": {
                "operatorAddresses": [
                  "198.51.100.1"
                ],
                "allowedSignalingSourceAddressPrefixes": [
                  "10.1.1.0/24"
                ],
                "allowedMediaSourceAddressPrefixes": [
                  "10.1.2.0/24"
                ]
              }
            },
            {
              "name": "eastus2",
              "primaryRegionProperties": {
                "operatorAddresses": [
                  "198.51.100.2"
                ],
                "allowedSignalingSourceAddressPrefixes": [
                  "10.2.1.0/24"
                ],
                "allowedMediaSourceAddressPrefixes": [
                  "10.2.2.0/24"
                ]
              }
            }
          ],
          "connectivity": "PublicAddress",
          "codecs": [
            "PCMA"
          ],
          "e911Type": "Standard",
          "platforms": [
            "OperatorConnect"
          ],
          "autoGeneratedDomainNameLabelScope": "NoReuse",
          "teamsVoicemailPilotNumber": "1234567890",
          "provisioningState": "Accepted"
        }
      }
    },
    {
      "RequestUri": "https://management.azure.com/subscriptions/azure_subscription_id/providers/Microsoft.VoiceServices/locations/WESTCENTRALUS/operationStatuses/41058bb0-73a0-42f7-8e31-4d3935aca661*FC12B6141A7AD727CC4C68B1D662F210F81E881E45AB98D1A411796D57B23D5E?api-version=2023-01-31",
      "RequestMethod": "GET",
      "RequestHeaders": {
        "Accept": "application/json",
        "Accept-Encoding": "gzip,deflate",
        "Authorization": "Sanitized",
        "Connection": "keep-alive",
        "Content-Type": "application/json",
        "User-Agent": "azsdk-js-arm-voiceservices/1.0.0-beta.1 core-rest-pipeline/1.10.2 Node/v16.17.0 OS/(x64-Windows_NT-10.0.22621)",
        "x-ms-client-request-id": "9eb7ca97-1b9f-44ff-94ab-cc1cc278cbcf"
      },
      "RequestBody": null,
      "StatusCode": 200,
      "ResponseHeaders": {
        "Cache-Control": "no-cache",
        "Content-Encoding": "gzip",
        "Content-Type": "application/json; charset=utf-8",
        "Date": "Wed, 22 Feb 2023 09:36:17 GMT",
        "ETag": "\u002204003b63-0000-0600-0000-63f5e2100000\u0022",
        "Expires": "-1",
        "Pragma": "no-cache",
        "Strict-Transport-Security": "max-age=31536000; includeSubDomains",
        "Transfer-Encoding": "chunked",
        "Vary": "Accept-Encoding",
        "X-Content-Type-Options": "nosniff",
        "x-ms-correlation-request-id": "08d5729f-a2c8-4c88-8769-6c83cd6a8c31",
        "x-ms-ratelimit-remaining-subscription-reads": "11999",
        "x-ms-request-id": "d6f516c9-11a0-4520-a0d4-60c3c492ef25",
        "x-ms-routing-request-id": "SOUTHEASTASIA:20230222T093618Z:08d5729f-a2c8-4c88-8769-6c83cd6a8c31"
      },
      "ResponseBody": {
        "id": "/subscriptions/azure_subscription_id/providers/Microsoft.VoiceServices/locations/WESTCENTRALUS/operationStatuses/41058bb0-73a0-42f7-8e31-4d3935aca661*FC12B6141A7AD727CC4C68B1D662F210F81E881E45AB98D1A411796D57B23D5E",
        "name": "41058bb0-73a0-42f7-8e31-4d3935aca661*FC12B6141A7AD727CC4C68B1D662F210F81E881E45AB98D1A411796D57B23D5E",
        "resourceId": "/subscriptions/azure_subscription_id/resourceGroups/myjstest/providers/Microsoft.VoiceServices/communicationsGateways/mycg",
        "status": "Accepted",
        "startTime": "2023-02-22T09:36:16.1800917Z"
      }
    },
    {
      "RequestUri": "https://management.azure.com/subscriptions/azure_subscription_id/providers/Microsoft.VoiceServices/locations/WESTCENTRALUS/operationStatuses/41058bb0-73a0-42f7-8e31-4d3935aca661*FC12B6141A7AD727CC4C68B1D662F210F81E881E45AB98D1A411796D57B23D5E?api-version=2023-01-31",
      "RequestMethod": "GET",
      "RequestHeaders": {
        "Accept": "application/json",
        "Accept-Encoding": "gzip,deflate",
        "Authorization": "Sanitized",
        "Connection": "keep-alive",
        "Content-Type": "application/json",
        "User-Agent": "azsdk-js-arm-voiceservices/1.0.0-beta.1 core-rest-pipeline/1.10.2 Node/v16.17.0 OS/(x64-Windows_NT-10.0.22621)",
        "x-ms-client-request-id": "d0063cf9-e56b-4e45-9206-5797fb3d17ff"
      },
      "RequestBody": null,
      "StatusCode": 200,
      "ResponseHeaders": {
        "Cache-Control": "no-cache",
        "Content-Encoding": "gzip",
        "Content-Type": "application/json; charset=utf-8",
        "Date": "Wed, 22 Feb 2023 09:36:17 GMT",
        "ETag": "\u002204003b63-0000-0600-0000-63f5e2100000\u0022",
        "Expires": "-1",
        "Pragma": "no-cache",
        "Strict-Transport-Security": "max-age=31536000; includeSubDomains",
        "Transfer-Encoding": "chunked",
        "Vary": "Accept-Encoding",
        "X-Content-Type-Options": "nosniff",
        "x-ms-correlation-request-id": "91bea56d-5ff8-478d-9d9c-3859883b58d2",
        "x-ms-ratelimit-remaining-subscription-reads": "11998",
        "x-ms-request-id": "27b93777-ea5e-4d48-8f2d-b79efd4e2823",
        "x-ms-routing-request-id": "SOUTHEASTASIA:20230222T093618Z:91bea56d-5ff8-478d-9d9c-3859883b58d2"
      },
      "ResponseBody": {
        "id": "/subscriptions/azure_subscription_id/providers/Microsoft.VoiceServices/locations/WESTCENTRALUS/operationStatuses/41058bb0-73a0-42f7-8e31-4d3935aca661*FC12B6141A7AD727CC4C68B1D662F210F81E881E45AB98D1A411796D57B23D5E",
        "name": "41058bb0-73a0-42f7-8e31-4d3935aca661*FC12B6141A7AD727CC4C68B1D662F210F81E881E45AB98D1A411796D57B23D5E",
        "resourceId": "/subscriptions/azure_subscription_id/resourceGroups/myjstest/providers/Microsoft.VoiceServices/communicationsGateways/mycg",
        "status": "Accepted",
        "startTime": "2023-02-22T09:36:16.1800917Z"
      }
    },
    {
      "RequestUri": "https://management.azure.com/subscriptions/azure_subscription_id/providers/Microsoft.VoiceServices/locations/WESTCENTRALUS/operationStatuses/41058bb0-73a0-42f7-8e31-4d3935aca661*FC12B6141A7AD727CC4C68B1D662F210F81E881E45AB98D1A411796D57B23D5E?api-version=2023-01-31",
      "RequestMethod": "GET",
      "RequestHeaders": {
        "Accept": "application/json",
        "Accept-Encoding": "gzip,deflate",
        "Authorization": "Sanitized",
        "Connection": "keep-alive",
        "Content-Type": "application/json",
        "User-Agent": "azsdk-js-arm-voiceservices/1.0.0-beta.1 core-rest-pipeline/1.10.2 Node/v16.17.0 OS/(x64-Windows_NT-10.0.22621)",
        "x-ms-client-request-id": "175dce00-c942-4a6e-9841-851f25694d5a"
      },
      "RequestBody": null,
      "StatusCode": 200,
      "ResponseHeaders": {
        "Cache-Control": "no-cache",
        "Content-Encoding": "gzip",
        "Content-Type": "application/json; charset=utf-8",
        "Date": "Wed, 22 Feb 2023 09:36:20 GMT",
        "ETag": "\u002204003b63-0000-0600-0000-63f5e2100000\u0022",
        "Expires": "-1",
        "Pragma": "no-cache",
        "Strict-Transport-Security": "max-age=31536000; includeSubDomains",
        "Transfer-Encoding": "chunked",
        "Vary": "Accept-Encoding",
        "X-Content-Type-Options": "nosniff",
        "x-ms-correlation-request-id": "a750eb9b-7d30-4660-8786-3e7f76ac6814",
        "x-ms-ratelimit-remaining-subscription-reads": "11997",
        "x-ms-request-id": "5bb5c50a-c5d1-46bf-b671-baca1f8bac07",
        "x-ms-routing-request-id": "SOUTHEASTASIA:20230222T093620Z:a750eb9b-7d30-4660-8786-3e7f76ac6814"
      },
      "ResponseBody": {
        "id": "/subscriptions/azure_subscription_id/providers/Microsoft.VoiceServices/locations/WESTCENTRALUS/operationStatuses/41058bb0-73a0-42f7-8e31-4d3935aca661*FC12B6141A7AD727CC4C68B1D662F210F81E881E45AB98D1A411796D57B23D5E",
        "name": "41058bb0-73a0-42f7-8e31-4d3935aca661*FC12B6141A7AD727CC4C68B1D662F210F81E881E45AB98D1A411796D57B23D5E",
        "resourceId": "/subscriptions/azure_subscription_id/resourceGroups/myjstest/providers/Microsoft.VoiceServices/communicationsGateways/mycg",
        "status": "Accepted",
        "startTime": "2023-02-22T09:36:16.1800917Z"
      }
    },
    {
      "RequestUri": "https://management.azure.com/subscriptions/azure_subscription_id/providers/Microsoft.VoiceServices/locations/WESTCENTRALUS/operationStatuses/41058bb0-73a0-42f7-8e31-4d3935aca661*FC12B6141A7AD727CC4C68B1D662F210F81E881E45AB98D1A411796D57B23D5E?api-version=2023-01-31",
      "RequestMethod": "GET",
      "RequestHeaders": {
        "Accept": "application/json",
        "Accept-Encoding": "gzip,deflate",
        "Authorization": "Sanitized",
        "Connection": "keep-alive",
        "Content-Type": "application/json",
        "User-Agent": "azsdk-js-arm-voiceservices/1.0.0-beta.1 core-rest-pipeline/1.10.2 Node/v16.17.0 OS/(x64-Windows_NT-10.0.22621)",
        "x-ms-client-request-id": "852663df-5cd3-46a5-9bc0-149a95910bde"
      },
      "RequestBody": null,
      "StatusCode": 200,
      "ResponseHeaders": {
        "Cache-Control": "no-cache",
        "Content-Encoding": "gzip",
        "Content-Type": "application/json; charset=utf-8",
        "Date": "Wed, 22 Feb 2023 09:36:22 GMT",
        "ETag": "\u002204003b63-0000-0600-0000-63f5e2100000\u0022",
        "Expires": "-1",
        "Pragma": "no-cache",
        "Strict-Transport-Security": "max-age=31536000; includeSubDomains",
        "Transfer-Encoding": "chunked",
        "Vary": "Accept-Encoding",
        "X-Content-Type-Options": "nosniff",
        "x-ms-correlation-request-id": "e031854c-dbaa-4282-ad60-66a176d53200",
        "x-ms-ratelimit-remaining-subscription-reads": "11996",
        "x-ms-request-id": "a4c85bce-bffa-4c3e-8c5e-946fb68e9271",
        "x-ms-routing-request-id": "SOUTHEASTASIA:20230222T093623Z:e031854c-dbaa-4282-ad60-66a176d53200"
      },
      "ResponseBody": {
        "id": "/subscriptions/azure_subscription_id/providers/Microsoft.VoiceServices/locations/WESTCENTRALUS/operationStatuses/41058bb0-73a0-42f7-8e31-4d3935aca661*FC12B6141A7AD727CC4C68B1D662F210F81E881E45AB98D1A411796D57B23D5E",
        "name": "41058bb0-73a0-42f7-8e31-4d3935aca661*FC12B6141A7AD727CC4C68B1D662F210F81E881E45AB98D1A411796D57B23D5E",
        "resourceId": "/subscriptions/azure_subscription_id/resourceGroups/myjstest/providers/Microsoft.VoiceServices/communicationsGateways/mycg",
        "status": "Accepted",
        "startTime": "2023-02-22T09:36:16.1800917Z"
      }
    },
    {
      "RequestUri": "https://management.azure.com/subscriptions/azure_subscription_id/providers/Microsoft.VoiceServices/locations/WESTCENTRALUS/operationStatuses/41058bb0-73a0-42f7-8e31-4d3935aca661*FC12B6141A7AD727CC4C68B1D662F210F81E881E45AB98D1A411796D57B23D5E?api-version=2023-01-31",
      "RequestMethod": "GET",
      "RequestHeaders": {
        "Accept": "application/json",
        "Accept-Encoding": "gzip,deflate",
        "Authorization": "Sanitized",
        "Connection": "keep-alive",
        "Content-Type": "application/json",
        "User-Agent": "azsdk-js-arm-voiceservices/1.0.0-beta.1 core-rest-pipeline/1.10.2 Node/v16.17.0 OS/(x64-Windows_NT-10.0.22621)",
        "x-ms-client-request-id": "455bb170-d610-4253-ac94-8e839e796758"
      },
      "RequestBody": null,
      "StatusCode": 200,
      "ResponseHeaders": {
        "Cache-Control": "no-cache",
        "Content-Encoding": "gzip",
        "Content-Type": "application/json; charset=utf-8",
        "Date": "Wed, 22 Feb 2023 09:36:24 GMT",
        "ETag": "\u002204003b63-0000-0600-0000-63f5e2100000\u0022",
        "Expires": "-1",
        "Pragma": "no-cache",
        "Strict-Transport-Security": "max-age=31536000; includeSubDomains",
        "Transfer-Encoding": "chunked",
        "Vary": "Accept-Encoding",
        "X-Content-Type-Options": "nosniff",
        "x-ms-correlation-request-id": "5abcc89b-80f5-42e0-9d8b-f22c9deb632d",
        "x-ms-ratelimit-remaining-subscription-reads": "11995",
        "x-ms-request-id": "0379d70a-34f5-44fc-9e2a-e633e96c9693",
        "x-ms-routing-request-id": "SOUTHEASTASIA:20230222T093625Z:5abcc89b-80f5-42e0-9d8b-f22c9deb632d"
      },
      "ResponseBody": {
        "id": "/subscriptions/azure_subscription_id/providers/Microsoft.VoiceServices/locations/WESTCENTRALUS/operationStatuses/41058bb0-73a0-42f7-8e31-4d3935aca661*FC12B6141A7AD727CC4C68B1D662F210F81E881E45AB98D1A411796D57B23D5E",
        "name": "41058bb0-73a0-42f7-8e31-4d3935aca661*FC12B6141A7AD727CC4C68B1D662F210F81E881E45AB98D1A411796D57B23D5E",
        "resourceId": "/subscriptions/azure_subscription_id/resourceGroups/myjstest/providers/Microsoft.VoiceServices/communicationsGateways/mycg",
        "status": "Accepted",
        "startTime": "2023-02-22T09:36:16.1800917Z"
      }
    },
    {
      "RequestUri": "https://management.azure.com/subscriptions/azure_subscription_id/providers/Microsoft.VoiceServices/locations/WESTCENTRALUS/operationStatuses/41058bb0-73a0-42f7-8e31-4d3935aca661*FC12B6141A7AD727CC4C68B1D662F210F81E881E45AB98D1A411796D57B23D5E?api-version=2023-01-31",
      "RequestMethod": "GET",
      "RequestHeaders": {
        "Accept": "application/json",
        "Accept-Encoding": "gzip,deflate",
        "Authorization": "Sanitized",
        "Connection": "keep-alive",
        "Content-Type": "application/json",
        "User-Agent": "azsdk-js-arm-voiceservices/1.0.0-beta.1 core-rest-pipeline/1.10.2 Node/v16.17.0 OS/(x64-Windows_NT-10.0.22621)",
        "x-ms-client-request-id": "ad788274-c747-4da1-98f2-ebd9f5617908"
      },
      "RequestBody": null,
      "StatusCode": 200,
      "ResponseHeaders": {
        "Cache-Control": "no-cache",
        "Content-Encoding": "gzip",
        "Content-Type": "application/json; charset=utf-8",
        "Date": "Wed, 22 Feb 2023 09:36:26 GMT",
        "ETag": "\u00223502fae4-0000-0100-0000-63f5e2190000\u0022",
        "Expires": "-1",
        "Pragma": "no-cache",
        "Strict-Transport-Security": "max-age=31536000; includeSubDomains",
        "Transfer-Encoding": "chunked",
        "Vary": "Accept-Encoding",
        "X-Content-Type-Options": "nosniff",
        "x-ms-correlation-request-id": "6fb3d2a0-9e3a-43fb-9cd4-c5176aedec7a",
        "x-ms-ratelimit-remaining-subscription-reads": "11994",
        "x-ms-request-id": "410bb63e-b8eb-4de8-b18e-556990619496",
        "x-ms-routing-request-id": "SOUTHEASTASIA:20230222T093627Z:6fb3d2a0-9e3a-43fb-9cd4-c5176aedec7a"
      },
      "ResponseBody": {
        "id": "/subscriptions/azure_subscription_id/providers/Microsoft.VoiceServices/locations/WESTCENTRALUS/operationStatuses/41058bb0-73a0-42f7-8e31-4d3935aca661*FC12B6141A7AD727CC4C68B1D662F210F81E881E45AB98D1A411796D57B23D5E",
        "name": "41058bb0-73a0-42f7-8e31-4d3935aca661*FC12B6141A7AD727CC4C68B1D662F210F81E881E45AB98D1A411796D57B23D5E",
        "resourceId": "/subscriptions/azure_subscription_id/resourceGroups/myjstest/providers/Microsoft.VoiceServices/communicationsGateways/mycg",
        "status": "Succeeded",
        "startTime": "2023-02-22T09:36:16.1800917Z",
        "properties": null
      }
    }
  ],
  "Variables": {}
}
