{
  "Entries": [
    {
      "RequestUri": "https://endpoint/language/analyze-text/jobs?api-version=2022-04-01-preview",
      "RequestMethod": "POST",
      "RequestHeaders": {
        "Accept": "application/json",
        "Accept-Encoding": "gzip, deflate, br",
        "Accept-Language": "en-US",
        "Authorization": "Sanitized",
        "Connection": "keep-alive",
        "Content-Length": "397",
        "Content-Type": "application/json",
        "Referer": "http://localhost:9876/",
        "sec-ch-ua": "",
        "sec-ch-ua-mobile": "?0",
        "sec-ch-ua-platform": "",
        "Sec-Fetch-Dest": "empty",
        "Sec-Fetch-Mode": "cors",
        "Sec-Fetch-Site": "same-site",
        "User-Agent": "Mozilla/5.0 (X11; Linux x86_64) AppleWebKit/537.36 (KHTML, like Gecko) HeadlessChrome/100.0.4889.0 Safari/537.36",
        "x-ms-client-request-id": "7b4e7e67-6ff7-49c4-a95d-66517de35f37",
        "x-ms-useragent": "azsdk-js-ai-text-analytics/6.0.0-beta.1 core-rest-pipeline/1.8.1 OS/Linuxx86_64"
      },
      "RequestBody": {
        "analysisInput": {
          "documents": [
            {
              "id": "0",
              "text": "My SSN is 859-98-0987.",
              "language": "en"
            },
            {
              "id": "1",
              "text": "Your ABA number - 111000025 - is the first 9 digits in the lower left hand corner of your personal check.",
              "language": "en"
            },
            {
              "id": "2",
              "text": "Is 998.214.865-68 your Brazilian CPF number?",
              "language": "en"
            }
          ]
        },
        "tasks": [
          {
            "kind": "PiiEntityRecognition",
            "parameters": {
              "modelVersion": "latest"
            }
          }
        ]
      },
      "StatusCode": 202,
      "ResponseHeaders": {
        "apim-request-id": "e20bab1f-e6c1-45d1-a0e2-8ff90911b185",
        "Content-Length": "0",
        "Date": "Fri, 06 May 2022 20:08:50 GMT",
        "operation-location": "https://endpoint/language/analyze-text/jobs/537be698-157a-4b37-9fde-30e0c887c693?api-version=2022-04-01-preview",
        "Strict-Transport-Security": "max-age=31536000; includeSubDomains; preload",
        "X-Content-Type-Options": "nosniff",
        "x-envoy-upstream-service-time": "171"
      },
      "ResponseBody": null
    },
    {
      "RequestUri": "https://endpoint/language/analyze-text/jobs/537be698-157a-4b37-9fde-30e0c887c693?api-version=2022-04-01-preview",
      "RequestMethod": "GET",
      "RequestHeaders": {
        "Accept": "application/json",
        "Accept-Encoding": "gzip, deflate, br",
        "Accept-Language": "en-US",
        "Authorization": "Sanitized",
        "Connection": "keep-alive",
        "Referer": "http://localhost:9876/",
        "sec-ch-ua": "",
        "sec-ch-ua-mobile": "?0",
        "sec-ch-ua-platform": "",
        "Sec-Fetch-Dest": "empty",
        "Sec-Fetch-Mode": "cors",
        "Sec-Fetch-Site": "same-site",
        "User-Agent": "Mozilla/5.0 (X11; Linux x86_64) AppleWebKit/537.36 (KHTML, like Gecko) HeadlessChrome/100.0.4889.0 Safari/537.36",
        "x-ms-client-request-id": "8c971b37-1dc3-4e77-95f4-772497f48ee1",
        "x-ms-useragent": "azsdk-js-ai-text-analytics/6.0.0-beta.1 core-rest-pipeline/1.8.1 OS/Linuxx86_64"
      },
      "RequestBody": null,
      "StatusCode": 200,
      "ResponseHeaders": {
        "apim-request-id": "7cfe2884-5ae2-451d-8c72-59e1fc9e80f5",
        "Content-Length": "282",
        "Content-Type": "application/json; charset=utf-8",
        "Date": "Fri, 06 May 2022 20:08:50 GMT",
        "Strict-Transport-Security": "max-age=31536000; includeSubDomains; preload",
        "X-Content-Type-Options": "nosniff",
        "x-envoy-upstream-service-time": "6"
      },
      "ResponseBody": {
        "jobId": "537be698-157a-4b37-9fde-30e0c887c693",
        "lastUpdateDateTime": "2022-05-06T20:08:51Z",
        "createdDateTime": "2022-05-06T20:08:50Z",
        "expirationDateTime": "2022-05-07T20:08:50Z",
        "status": "notStarted",
        "errors": [],
        "tasks": {
          "completed": 0,
          "failed": 0,
          "inProgress": 1,
          "total": 1,
          "items": []
        }
      }
    },
    {
      "RequestUri": "https://endpoint/language/analyze-text/jobs/537be698-157a-4b37-9fde-30e0c887c693?api-version=2022-04-01-preview",
      "RequestMethod": "GET",
      "RequestHeaders": {
        "Accept": "application/json",
        "Accept-Encoding": "gzip, deflate, br",
        "Accept-Language": "en-US",
        "Authorization": "Sanitized",
        "Connection": "keep-alive",
        "Referer": "http://localhost:9876/",
        "sec-ch-ua": "",
        "sec-ch-ua-mobile": "?0",
        "sec-ch-ua-platform": "",
        "Sec-Fetch-Dest": "empty",
        "Sec-Fetch-Mode": "cors",
        "Sec-Fetch-Site": "same-site",
        "User-Agent": "Mozilla/5.0 (X11; Linux x86_64) AppleWebKit/537.36 (KHTML, like Gecko) HeadlessChrome/100.0.4889.0 Safari/537.36",
        "x-ms-client-request-id": "62d608a7-1dbf-4ab0-89d0-1e124188772d",
        "x-ms-useragent": "azsdk-js-ai-text-analytics/6.0.0-beta.1 core-rest-pipeline/1.8.1 OS/Linuxx86_64"
      },
      "RequestBody": null,
      "StatusCode": 200,
      "ResponseHeaders": {
        "apim-request-id": "b2bf59b9-ae26-4d30-9989-e7a9a5f21aac",
        "Content-Length": "282",
        "Content-Type": "application/json; charset=utf-8",
        "Date": "Fri, 06 May 2022 20:08:50 GMT",
        "Strict-Transport-Security": "max-age=31536000; includeSubDomains; preload",
        "X-Content-Type-Options": "nosniff",
        "x-envoy-upstream-service-time": "8"
      },
      "ResponseBody": {
        "jobId": "537be698-157a-4b37-9fde-30e0c887c693",
        "lastUpdateDateTime": "2022-05-06T20:08:51Z",
        "createdDateTime": "2022-05-06T20:08:50Z",
        "expirationDateTime": "2022-05-07T20:08:50Z",
        "status": "notStarted",
        "errors": [],
        "tasks": {
          "completed": 0,
          "failed": 0,
          "inProgress": 1,
          "total": 1,
          "items": []
        }
      }
    },
    {
      "RequestUri": "https://endpoint/language/analyze-text/jobs/537be698-157a-4b37-9fde-30e0c887c693?api-version=2022-04-01-preview",
      "RequestMethod": "GET",
      "RequestHeaders": {
        "Accept": "application/json",
        "Accept-Encoding": "gzip, deflate, br",
        "Accept-Language": "en-US",
        "Authorization": "Sanitized",
        "Connection": "keep-alive",
        "Referer": "http://localhost:9876/",
        "sec-ch-ua": "",
        "sec-ch-ua-mobile": "?0",
        "sec-ch-ua-platform": "",
        "Sec-Fetch-Dest": "empty",
        "Sec-Fetch-Mode": "cors",
        "Sec-Fetch-Site": "same-site",
        "User-Agent": "Mozilla/5.0 (X11; Linux x86_64) AppleWebKit/537.36 (KHTML, like Gecko) HeadlessChrome/100.0.4889.0 Safari/537.36",
        "x-ms-client-request-id": "8df00f5b-1f73-4032-93f5-82185d5a2e00",
        "x-ms-useragent": "azsdk-js-ai-text-analytics/6.0.0-beta.1 core-rest-pipeline/1.8.1 OS/Linuxx86_64"
      },
      "RequestBody": null,
      "StatusCode": 200,
      "ResponseHeaders": {
        "apim-request-id": "ac511716-2fc6-42d7-a9e4-3b3cc4142063",
        "Content-Length": "279",
        "Content-Type": "application/json; charset=utf-8",
        "Date": "Fri, 06 May 2022 20:08:52 GMT",
        "Strict-Transport-Security": "max-age=31536000; includeSubDomains; preload",
        "X-Content-Type-Options": "nosniff",
        "x-envoy-upstream-service-time": "7"
      },
      "ResponseBody": {
        "jobId": "537be698-157a-4b37-9fde-30e0c887c693",
        "lastUpdateDateTime": "2022-05-06T20:08:51Z",
        "createdDateTime": "2022-05-06T20:08:50Z",
        "expirationDateTime": "2022-05-07T20:08:50Z",
        "status": "running",
        "errors": [],
        "tasks": {
          "completed": 0,
          "failed": 0,
          "inProgress": 1,
          "total": 1,
          "items": []
        }
      }
    },
    {
      "RequestUri": "https://endpoint/language/analyze-text/jobs/537be698-157a-4b37-9fde-30e0c887c693?api-version=2022-04-01-preview",
      "RequestMethod": "GET",
      "RequestHeaders": {
        "Accept": "application/json",
        "Accept-Encoding": "gzip, deflate, br",
        "Accept-Language": "en-US",
        "Authorization": "Sanitized",
        "Connection": "keep-alive",
        "Referer": "http://localhost:9876/",
        "sec-ch-ua": "",
        "sec-ch-ua-mobile": "?0",
        "sec-ch-ua-platform": "",
        "Sec-Fetch-Dest": "empty",
        "Sec-Fetch-Mode": "cors",
        "Sec-Fetch-Site": "same-site",
        "User-Agent": "Mozilla/5.0 (X11; Linux x86_64) AppleWebKit/537.36 (KHTML, like Gecko) HeadlessChrome/100.0.4889.0 Safari/537.36",
        "x-ms-client-request-id": "0affb4d4-5a80-495a-a9b7-95d2576c34e0",
        "x-ms-useragent": "azsdk-js-ai-text-analytics/6.0.0-beta.1 core-rest-pipeline/1.8.1 OS/Linuxx86_64"
      },
      "RequestBody": null,
      "StatusCode": 200,
      "ResponseHeaders": {
        "apim-request-id": "8701fb4f-7837-426e-9668-7fe925648dcf",
        "Content-Length": "279",
        "Content-Type": "application/json; charset=utf-8",
        "Date": "Fri, 06 May 2022 20:08:54 GMT",
        "Strict-Transport-Security": "max-age=31536000; includeSubDomains; preload",
        "X-Content-Type-Options": "nosniff",
        "x-envoy-upstream-service-time": "8"
      },
      "ResponseBody": {
        "jobId": "537be698-157a-4b37-9fde-30e0c887c693",
        "lastUpdateDateTime": "2022-05-06T20:08:51Z",
        "createdDateTime": "2022-05-06T20:08:50Z",
        "expirationDateTime": "2022-05-07T20:08:50Z",
        "status": "running",
        "errors": [],
        "tasks": {
          "completed": 0,
          "failed": 0,
          "inProgress": 1,
          "total": 1,
          "items": []
        }
      }
    },
    {
      "RequestUri": "https://endpoint/language/analyze-text/jobs/537be698-157a-4b37-9fde-30e0c887c693?api-version=2022-04-01-preview",
      "RequestMethod": "GET",
      "RequestHeaders": {
        "Accept": "application/json",
        "Accept-Encoding": "gzip, deflate, br",
        "Accept-Language": "en-US",
        "Authorization": "Sanitized",
        "Connection": "keep-alive",
        "Referer": "http://localhost:9876/",
        "sec-ch-ua": "",
        "sec-ch-ua-mobile": "?0",
        "sec-ch-ua-platform": "",
        "Sec-Fetch-Dest": "empty",
        "Sec-Fetch-Mode": "cors",
        "Sec-Fetch-Site": "same-site",
        "User-Agent": "Mozilla/5.0 (X11; Linux x86_64) AppleWebKit/537.36 (KHTML, like Gecko) HeadlessChrome/100.0.4889.0 Safari/537.36",
        "x-ms-client-request-id": "685f8373-3aec-4ecd-a648-5c569b35e72d",
        "x-ms-useragent": "azsdk-js-ai-text-analytics/6.0.0-beta.1 core-rest-pipeline/1.8.1 OS/Linuxx86_64"
      },
      "RequestBody": null,
      "StatusCode": 200,
      "ResponseHeaders": {
        "apim-request-id": "53b10894-faa6-4c95-ade4-90da8ec2f9c0",
        "Content-Length": "279",
        "Content-Type": "application/json; charset=utf-8",
        "Date": "Fri, 06 May 2022 20:08:57 GMT",
        "Strict-Transport-Security": "max-age=31536000; includeSubDomains; preload",
        "X-Content-Type-Options": "nosniff",
        "x-envoy-upstream-service-time": "6"
      },
      "ResponseBody": {
        "jobId": "537be698-157a-4b37-9fde-30e0c887c693",
        "lastUpdateDateTime": "2022-05-06T20:08:51Z",
        "createdDateTime": "2022-05-06T20:08:50Z",
        "expirationDateTime": "2022-05-07T20:08:50Z",
        "status": "running",
        "errors": [],
        "tasks": {
          "completed": 0,
          "failed": 0,
          "inProgress": 1,
          "total": 1,
          "items": []
        }
      }
    },
    {
      "RequestUri": "https://endpoint/language/analyze-text/jobs/537be698-157a-4b37-9fde-30e0c887c693?api-version=2022-04-01-preview",
      "RequestMethod": "GET",
      "RequestHeaders": {
        "Accept": "application/json",
        "Accept-Encoding": "gzip, deflate, br",
        "Accept-Language": "en-US",
        "Authorization": "Sanitized",
        "Connection": "keep-alive",
        "Referer": "http://localhost:9876/",
        "sec-ch-ua": "",
        "sec-ch-ua-mobile": "?0",
        "sec-ch-ua-platform": "",
        "Sec-Fetch-Dest": "empty",
        "Sec-Fetch-Mode": "cors",
        "Sec-Fetch-Site": "same-site",
        "User-Agent": "Mozilla/5.0 (X11; Linux x86_64) AppleWebKit/537.36 (KHTML, like Gecko) HeadlessChrome/100.0.4889.0 Safari/537.36",
        "x-ms-client-request-id": "fc74ddc1-6a57-4cf5-9ba5-afb5af776654",
        "x-ms-useragent": "azsdk-js-ai-text-analytics/6.0.0-beta.1 core-rest-pipeline/1.8.1 OS/Linuxx86_64"
      },
      "RequestBody": null,
      "StatusCode": 200,
      "ResponseHeaders": {
        "apim-request-id": "b2b833f1-b41a-4eaf-a318-66d81f41d682",
        "Content-Length": "1196",
        "Content-Type": "application/json; charset=utf-8",
        "Date": "Fri, 06 May 2022 20:08:59 GMT",
        "Strict-Transport-Security": "max-age=31536000; includeSubDomains; preload",
        "X-Content-Type-Options": "nosniff",
        "x-envoy-upstream-service-time": "58"
      },
      "ResponseBody": {
        "jobId": "537be698-157a-4b37-9fde-30e0c887c693",
        "lastUpdateDateTime": "2022-05-06T20:08:59Z",
        "createdDateTime": "2022-05-06T20:08:50Z",
        "expirationDateTime": "2022-05-07T20:08:50Z",
        "status": "succeeded",
        "errors": [],
        "tasks": {
          "completed": 1,
          "failed": 0,
          "inProgress": 0,
          "total": 1,
          "items": [
            {
              "kind": "PiiEntityRecognitionLROResults",
              "lastUpdateDateTime": "2022-05-06T20:08:59.268577Z",
              "status": "succeeded",
              "results": {
                "documents": [
                  {
                    "redactedText": "My SSN is ***********.",
                    "id": "0",
                    "entities": [
                      {
                        "text": "859-98-0987",
                        "category": "USSocialSecurityNumber",
                        "offset": 10,
                        "length": 11,
                        "confidenceScore": 0.65
                      }
                    ],
                    "warnings": []
                  },
                  {
                    "redactedText": "Your ABA number - ********* - is the first 9 digits in the lower left hand corner of your personal check.",
                    "id": "1",
                    "entities": [
                      {
                        "text": "111000025",
                        "category": "PhoneNumber",
                        "offset": 18,
                        "length": 9,
                        "confidenceScore": 0.8
                      },
                      {
                        "text": "111000025",
                        "category": "ABARoutingNumber",
                        "offset": 18,
                        "length": 9,
                        "confidenceScore": 0.75
                      },
                      {
                        "text": "111000025",
                        "category": "NZSocialWelfareNumber",
                        "offset": 18,
                        "length": 9,
                        "confidenceScore": 0.65
                      }
                    ],
                    "warnings": []
                  },
                  {
                    "redactedText": "Is 998.214.865-68 your Brazilian CPF number?",
                    "id": "2",
                    "entities": [],
                    "warnings": []
                  }
                ],
                "errors": [],
                "modelVersion": "2021-01-15"
              }
            }
          ]
        }
      }
    },
    {
      "RequestUri": "https://endpoint/language/analyze-text/jobs/537be698-157a-4b37-9fde-30e0c887c693?api-version=2022-04-01-preview",
      "RequestMethod": "GET",
      "RequestHeaders": {
        "Accept": "application/json",
        "Accept-Encoding": "gzip, deflate, br",
        "Accept-Language": "en-US",
        "Authorization": "Sanitized",
        "Connection": "keep-alive",
        "Referer": "http://localhost:9876/",
        "sec-ch-ua": "",
        "sec-ch-ua-mobile": "?0",
        "sec-ch-ua-platform": "",
        "Sec-Fetch-Dest": "empty",
        "Sec-Fetch-Mode": "cors",
        "Sec-Fetch-Site": "same-site",
        "User-Agent": "Mozilla/5.0 (X11; Linux x86_64) AppleWebKit/537.36 (KHTML, like Gecko) HeadlessChrome/100.0.4889.0 Safari/537.36",
        "x-ms-client-request-id": "940b8bce-d3b3-4d8e-a62b-adebd5ca73e9",
        "x-ms-useragent": "azsdk-js-ai-text-analytics/6.0.0-beta.1 core-rest-pipeline/1.8.1 OS/Linuxx86_64"
      },
      "RequestBody": null,
      "StatusCode": 200,
      "ResponseHeaders": {
        "apim-request-id": "a359e646-9cff-4989-afcd-554aa95266c0",
        "Content-Length": "1196",
        "Content-Type": "application/json; charset=utf-8",
        "Date": "Fri, 06 May 2022 20:08:59 GMT",
        "Strict-Transport-Security": "max-age=31536000; includeSubDomains; preload",
        "X-Content-Type-Options": "nosniff",
        "x-envoy-upstream-service-time": "53"
      },
      "ResponseBody": {
        "jobId": "537be698-157a-4b37-9fde-30e0c887c693",
        "lastUpdateDateTime": "2022-05-06T20:08:59Z",
        "createdDateTime": "2022-05-06T20:08:50Z",
        "expirationDateTime": "2022-05-07T20:08:50Z",
        "status": "succeeded",
        "errors": [],
        "tasks": {
          "completed": 1,
          "failed": 0,
          "inProgress": 0,
          "total": 1,
          "items": [
            {
              "kind": "PiiEntityRecognitionLROResults",
              "lastUpdateDateTime": "2022-05-06T20:08:59.268577Z",
              "status": "succeeded",
              "results": {
                "documents": [
                  {
                    "redactedText": "My SSN is ***********.",
                    "id": "0",
                    "entities": [
                      {
                        "text": "859-98-0987",
                        "category": "USSocialSecurityNumber",
                        "offset": 10,
                        "length": 11,
                        "confidenceScore": 0.65
                      }
                    ],
                    "warnings": []
                  },
                  {
                    "redactedText": "Your ABA number - ********* - is the first 9 digits in the lower left hand corner of your personal check.",
                    "id": "1",
                    "entities": [
                      {
                        "text": "111000025",
                        "category": "PhoneNumber",
                        "offset": 18,
                        "length": 9,
                        "confidenceScore": 0.8
                      },
                      {
                        "text": "111000025",
                        "category": "ABARoutingNumber",
                        "offset": 18,
                        "length": 9,
                        "confidenceScore": 0.75
                      },
                      {
                        "text": "111000025",
                        "category": "NZSocialWelfareNumber",
                        "offset": 18,
                        "length": 9,
                        "confidenceScore": 0.65
                      }
                    ],
                    "warnings": []
                  },
                  {
                    "redactedText": "Is 998.214.865-68 your Brazilian CPF number?",
                    "id": "2",
                    "entities": [],
                    "warnings": []
                  }
                ],
                "errors": [],
                "modelVersion": "2021-01-15"
              }
            }
          ]
        }
      }
    }
  ],
  "Variables": {}
}
