{
  "Entries": [
    {
      "RequestUri": "https://fakestorageaccount.queue.core.windows.net/queue168694474651309921?timeout=30",
      "RequestMethod": "PUT",
      "RequestHeaders": {
        "Accept": "application/xml",
        "Authorization": "Sanitized",
        "Connection": "keep-alive",
        "Content-Length": "0",
        "User-Agent": "azsdk-js-azure-storage-blob/12.13.0 core-rest-pipeline/1.11.1 Node/v16.20.0 OS/(x64-Linux-5.15.0-1039-azure)",
        "x-ms-client-request-id": "6502adab-614e-434e-ada8-1c9cc91c8038",
        "x-ms-date": "Fri, 16 Jun 2023 19:45:46 GMT",
        "x-ms-version": "2021-10-04"
      },
      "RequestBody": null,
      "StatusCode": 201,
      "ResponseHeaders": {
        "Content-Length": "0",
        "Date": "Fri, 16 Jun 2023 19:45:45 GMT",
        "Server": [
          "Windows-Azure-Queue/1.0",
          "Microsoft-HTTPAPI/2.0"
        ],
        "x-ms-client-request-id": "6502adab-614e-434e-ada8-1c9cc91c8038",
        "x-ms-request-id": "a583653c-f003-0058-458b-a0e59e000000",
        "x-ms-version": "2021-10-04"
      },
      "ResponseBody": null
    },
    {
      "RequestUri": "https://fakestorageaccount.queue.core.windows.net/queue168694474651309921/messages?timeout=30",
      "RequestMethod": "POST",
      "RequestHeaders": {
        "Accept": "application/xml",
        "Authorization": "Sanitized",
        "Connection": "keep-alive",
        "Content-Length": "122",
        "Content-Type": "application/xml",
        "User-Agent": "azsdk-js-azure-storage-blob/12.13.0 core-rest-pipeline/1.11.1 Node/v16.20.0 OS/(x64-Linux-5.15.0-1039-azure)",
        "x-ms-client-request-id": "2a331f81-296a-47d6-aaa6-b9eb82e6060a",
        "x-ms-date": "Fri, 16 Jun 2023 19:45:46 GMT",
        "x-ms-version": "2021-10-04"
      },
      "RequestBody": "\u003C?xml version=\u00221.0\u0022 encoding=\u0022UTF-8\u0022 standalone=\u0022yes\u0022?\u003E\u003CQueueMessage\u003E\u003CMessageText\u003EHello World\u003C/MessageText\u003E\u003C/QueueMessage\u003E",
      "StatusCode": 201,
      "ResponseHeaders": {
        "Content-Type": "application/xml",
        "Date": "Fri, 16 Jun 2023 19:45:45 GMT",
        "Server": [
          "Windows-Azure-Queue/1.0",
          "Microsoft-HTTPAPI/2.0"
        ],
        "Transfer-Encoding": "chunked",
        "x-ms-client-request-id": "2a331f81-296a-47d6-aaa6-b9eb82e6060a",
        "x-ms-request-id": "a583653f-f003-0058-478b-a0e59e000000",
        "x-ms-version": "2021-10-04"
      },
      "ResponseBody": "\uFEFF\u003C?xml version=\u00221.0\u0022 encoding=\u0022utf-8\u0022?\u003E\u003CQueueMessagesList\u003E\u003CQueueMessage\u003E\u003CMessageId\u003Eda03f489-2612-4f43-869b-138028815863\u003C/MessageId\u003E\u003CInsertionTime\u003EFri, 16 Jun 2023 19:45:46 GMT\u003C/InsertionTime\u003E\u003CExpirationTime\u003EFri, 23 Jun 2023 19:45:46 GMT\u003C/ExpirationTime\u003E\u003CPopReceipt\u003EAgAAAAMAAAAAAAAAdeoEJYug2QE=\u003C/PopReceipt\u003E\u003CTimeNextVisible\u003EFri, 16 Jun 2023 19:45:46 GMT\u003C/TimeNextVisible\u003E\u003C/QueueMessage\u003E\u003C/QueueMessagesList\u003E"
    },
    {
      "RequestUri": "https://fakestorageaccount.queue.core.windows.net/queue168694474651309921?timeout=30",
      "RequestMethod": "DELETE",
      "RequestHeaders": {
        "Accept": "application/xml",
        "Authorization": "Sanitized",
        "Connection": "keep-alive",
        "User-Agent": "azsdk-js-azure-storage-blob/12.13.0 core-rest-pipeline/1.11.1 Node/v16.20.0 OS/(x64-Linux-5.15.0-1039-azure)",
        "x-ms-client-request-id": "379a60d7-c2a0-447d-a9db-f6073c4cd594",
        "x-ms-date": "Fri, 16 Jun 2023 19:45:46 GMT",
        "x-ms-version": "2021-10-04"
      },
      "RequestBody": null,
      "StatusCode": 204,
      "ResponseHeaders": {
        "Content-Length": "0",
        "Date": "Fri, 16 Jun 2023 19:45:46 GMT",
        "Server": [
          "Windows-Azure-Queue/1.0",
          "Microsoft-HTTPAPI/2.0"
        ],
        "x-ms-client-request-id": "379a60d7-c2a0-447d-a9db-f6073c4cd594",
        "x-ms-request-id": "a5836545-f003-0058-4c8b-a0e59e000000",
        "x-ms-version": "2021-10-04"
      },
      "ResponseBody": null
    }
  ],
  "Variables": {
    "queue": "queue168694474651309921"
  }
}
