{
  "Entries": [
    {
      "RequestUri": "https://endpoint/routing/distributionPolicies/test-d-policy-recorded-queues?api-version=2022-07-18-preview",
      "RequestMethod": "PATCH",
      "RequestHeaders": {
        "Accept": "application/json",
        "Accept-Encoding": "gzip, deflate, br",
        "Accept-Language": "en-GB",
        "Authorization": "Sanitized",
        "Connection": "keep-alive",
        "Content-Length": "157",
        "Content-Type": "application/merge-patch\u002Bjson",
        "Origin": "http://localhost:9877",
        "Referer": "http://localhost:9877/",
        "sec-ch-ua": "",
        "sec-ch-ua-mobile": "?0",
        "sec-ch-ua-platform": "\u0022\u0022",
        "Sec-Fetch-Dest": "empty",
        "Sec-Fetch-Mode": "cors",
        "Sec-Fetch-Site": "same-site",
        "User-Agent": "Mozilla/5.0 (Windows NT 10.0; Win64; x64) AppleWebKit/537.36 (KHTML, like Gecko) HeadlessChrome/112.0.5614.0 Safari/537.36",
        "x-ms-client-request-id": "b88a8f38-8c85-4947-9d39-c4033847bc2f",
        "x-ms-content-sha256": "iRU4FoF\u002BSHDyek4I2mTj9UxqfsCodrYA4ivTcF4xVFQ=",
        "x-ms-date": "Fri, 21 Jul 2023 05:47:25 GMT",
        "x-ms-useragent": "azsdk-js-communication-job-router/V2022-07-18-preview azsdk-js-communication-job-router/1.0.0-beta.1 core-rest-pipeline/1.11.1 OS"
      },
      "RequestBody": {
        "name": "test-d-policy",
        "offerExpiresAfterSeconds": 60,
        "mode": {
          "kind": "longest-idle",
          "minConcurrentOffers": 1,
          "maxConcurrentOffers": 5,
          "bypassSelectors": false
        }
      },
      "StatusCode": 201,
      "ResponseHeaders": {
        "Access-Control-Allow-Credentials": "true",
        "Access-Control-Allow-Origin": "http://localhost:9877",
        "api-supported-versions": "2021-04-07-preview1, 2022-07-18-preview",
        "Content-Type": "application/json; charset=utf-8",
        "Date": "Fri, 21 Jul 2023 05:47:25 GMT",
        "ETag": "\u00220800745f-0000-0700-0000-64ba1bed0000\u0022",
        "Last-Modified": "Fri, 21 Jul 2023 05:47:25 GMT",
        "trace-id": "45de8d0b-6a2a-a55e-382a-369e3fad7bd6",
        "Transfer-Encoding": "chunked",
        "X-Azure-Ref": "07Ru6ZAAAAAAh49hjPs5cRqsYpHUF0h11WVZSMzExMDAwMTE1MDUzAGYwOWE0YzEzLTIxZjEtNDhlYy05Y2Y3LTY2NTQ1Njg0YjY0Mg==",
        "X-Cache": "CONFIG_NOCACHE"
      },
      "ResponseBody": {
        "id": "test-d-policy-recorded-queues",
        "name": "test-d-policy",
        "offerExpiresAfterSeconds": 60,
        "mode": {
          "kind": "longest-idle",
          "minConcurrentOffers": 1,
          "maxConcurrentOffers": 5,
          "bypassSelectors": false
        }
      }
    },
    {
      "RequestUri": "https://endpoint/routing/exceptionPolicies/test-e-policy-recorded-queues?api-version=2022-07-18-preview",
      "RequestMethod": "PATCH",
      "RequestHeaders": {
        "Accept": "application/json",
        "Accept-Encoding": "gzip, deflate, br",
        "Accept-Language": "en-GB",
        "Authorization": "Sanitized",
        "Connection": "keep-alive",
        "Content-Length": "205",
        "Content-Type": "application/merge-patch\u002Bjson",
        "Origin": "http://localhost:9877",
        "Referer": "http://localhost:9877/",
        "sec-ch-ua": "",
        "sec-ch-ua-mobile": "?0",
        "sec-ch-ua-platform": "\u0022\u0022",
        "Sec-Fetch-Dest": "empty",
        "Sec-Fetch-Mode": "cors",
        "Sec-Fetch-Site": "same-site",
        "User-Agent": "Mozilla/5.0 (Windows NT 10.0; Win64; x64) AppleWebKit/537.36 (KHTML, like Gecko) HeadlessChrome/112.0.5614.0 Safari/537.36",
        "x-ms-client-request-id": "3ba6da0c-2505-4b65-8794-a5878a224ce1",
        "x-ms-content-sha256": "DnPGZm8GTFJTh0d1bEHun9/03VZVF0xo\u002BzuWvPJk3V0=",
        "x-ms-date": "Fri, 21 Jul 2023 05:47:25 GMT",
        "x-ms-useragent": "azsdk-js-communication-job-router/V2022-07-18-preview azsdk-js-communication-job-router/1.0.0-beta.1 core-rest-pipeline/1.11.1 OS"
      },
      "RequestBody": {
        "name": "test-e-policy",
        "exceptionRules": {
          "MaxWaitTimeExceededCancel": {
            "trigger": {
              "kind": "wait-time",
              "thresholdSeconds": 10
            },
            "actions": {
              "Cancel": {
                "kind": "cancel",
                "note": "wait time exceeded; cancelling"
              }
            }
          }
        }
      },
      "StatusCode": 201,
      "ResponseHeaders": {
        "Access-Control-Allow-Credentials": "true",
        "Access-Control-Allow-Origin": "http://localhost:9877",
        "api-supported-versions": "2021-04-07-preview1, 2022-07-18-preview",
        "Content-Type": "application/json; charset=utf-8",
        "Date": "Fri, 21 Jul 2023 05:47:25 GMT",
        "ETag": "\u002202001dfe-0000-0700-0000-64ba1bed0000\u0022",
        "Last-Modified": "Fri, 21 Jul 2023 05:47:25 GMT",
        "trace-id": "debef43f-c40e-40b6-fa0b-b6752d1f24a8",
        "Transfer-Encoding": "chunked",
        "X-Azure-Ref": "07Ru6ZAAAAABY28UaoO2QT6m\u002BvEjYY2dVWVZSMzExMDAwMTE1MDUzAGYwOWE0YzEzLTIxZjEtNDhlYy05Y2Y3LTY2NTQ1Njg0YjY0Mg==",
        "X-Cache": "CONFIG_NOCACHE"
      },
      "ResponseBody": {
        "id": "test-e-policy-recorded-queues",
        "name": "test-e-policy",
        "exceptionRules": {
          "MaxWaitTimeExceededCancel": {
            "trigger": {
              "kind": "wait-time",
              "thresholdSeconds": 10
            },
            "actions": {
              "Cancel": {
                "kind": "cancel",
                "note": "wait time exceeded; cancelling"
              }
            }
          }
        }
      }
    },
    {
      "RequestUri": "https://endpoint/routing/queues/test-queue-recorded-queues?api-version=2022-07-18-preview",
      "RequestMethod": "PATCH",
      "RequestHeaders": {
        "Accept": "application/json",
        "Accept-Encoding": "gzip, deflate, br",
        "Accept-Language": "en-GB",
        "Authorization": "Sanitized",
        "Connection": "keep-alive",
        "Content-Length": "140",
        "Content-Type": "application/merge-patch\u002Bjson",
        "Origin": "http://localhost:9877",
        "Referer": "http://localhost:9877/",
        "sec-ch-ua": "",
        "sec-ch-ua-mobile": "?0",
        "sec-ch-ua-platform": "\u0022\u0022",
        "Sec-Fetch-Dest": "empty",
        "Sec-Fetch-Mode": "cors",
        "Sec-Fetch-Site": "same-site",
        "User-Agent": "Mozilla/5.0 (Windows NT 10.0; Win64; x64) AppleWebKit/537.36 (KHTML, like Gecko) HeadlessChrome/112.0.5614.0 Safari/537.36",
        "x-ms-client-request-id": "94d9680b-feec-4c99-8235-01deb858e116",
        "x-ms-content-sha256": "hdTn4rYoaPggL2D1QSgAQysmHJpYDlQcjF/VCDRPW\u002Bc=",
        "x-ms-date": "Fri, 21 Jul 2023 05:47:25 GMT",
        "x-ms-useragent": "azsdk-js-communication-job-router/V2022-07-18-preview azsdk-js-communication-job-router/1.0.0-beta.1 core-rest-pipeline/1.11.1 OS"
      },
      "RequestBody": {
        "name": "test-queue",
        "distributionPolicyId": "test-d-policy-recorded-queues",
        "labels": {},
        "exceptionPolicyId": "test-e-policy-recorded-queues"
      },
      "StatusCode": 200,
      "ResponseHeaders": {
        "Access-Control-Allow-Credentials": "true",
        "Access-Control-Allow-Origin": "http://localhost:9877",
        "api-supported-versions": "2021-04-07-preview1, 2022-07-18-preview",
        "Content-Type": "application/json; charset=utf-8",
        "Date": "Fri, 21 Jul 2023 05:47:25 GMT",
        "ETag": "\u002202005866-0000-0700-0000-64ba1bee0000\u0022",
        "Last-Modified": "Fri, 21 Jul 2023 05:47:26 GMT",
        "trace-id": "7823d3a0-8098-f18b-3256-dab1bb834607",
        "Transfer-Encoding": "chunked",
        "X-Azure-Ref": "07hu6ZAAAAAABP\u002BNGccxuTpKSqEM7kCsBWVZSMzExMDAwMTE1MDUzAGYwOWE0YzEzLTIxZjEtNDhlYy05Y2Y3LTY2NTQ1Njg0YjY0Mg==",
        "X-Cache": "CONFIG_NOCACHE"
      },
      "ResponseBody": {
        "id": "test-queue-recorded-queues",
        "name": "test-queue",
        "distributionPolicyId": "test-d-policy-recorded-queues",
        "labels": {
          "Id": "test-queue-recorded-queues"
        },
        "exceptionPolicyId": "test-e-policy-recorded-queues"
      }
    },
    {
      "RequestUri": "https://endpoint/routing/queues?api-version=2022-07-18-preview\u0026maxpagesize=20",
      "RequestMethod": "GET",
      "RequestHeaders": {
        "Accept": "application/json",
        "Accept-Encoding": "gzip, deflate, br",
        "Accept-Language": "en-GB",
        "Authorization": "Sanitized",
        "Connection": "keep-alive",
        "Origin": "http://localhost:9877",
        "Referer": "http://localhost:9877/",
        "sec-ch-ua": "",
        "sec-ch-ua-mobile": "?0",
        "sec-ch-ua-platform": "\u0022\u0022",
        "Sec-Fetch-Dest": "empty",
        "Sec-Fetch-Mode": "cors",
        "Sec-Fetch-Site": "same-site",
        "User-Agent": "Mozilla/5.0 (Windows NT 10.0; Win64; x64) AppleWebKit/537.36 (KHTML, like Gecko) HeadlessChrome/112.0.5614.0 Safari/537.36",
        "x-ms-client-request-id": "b1908439-e848-463a-a03e-d16965a86cdd",
        "x-ms-content-sha256": "47DEQpj8HBSa\u002B/TImW\u002B5JCeuQeRkm5NMpJWZG3hSuFU=",
        "x-ms-date": "Fri, 21 Jul 2023 05:47:25 GMT",
        "x-ms-useragent": "azsdk-js-communication-job-router/V2022-07-18-preview azsdk-js-communication-job-router/1.0.0-beta.1 core-rest-pipeline/1.11.1 OS"
      },
      "RequestBody": null,
      "StatusCode": 200,
      "ResponseHeaders": {
        "Access-Control-Allow-Credentials": "true",
        "Access-Control-Allow-Origin": "http://localhost:9877",
        "api-supported-versions": "2021-04-07-preview1, 2022-07-18-preview",
        "Content-Type": "application/json; charset=utf-8",
        "Date": "Fri, 21 Jul 2023 05:47:25 GMT",
        "trace-id": "931a4385-0671-6efc-6786-96ae43212a20",
        "Transfer-Encoding": "chunked",
        "X-Azure-Ref": "07hu6ZAAAAAASsNY0cAHzQZtzbMjxTxZrWVZSMzExMDAwMTE1MDUzAGYwOWE0YzEzLTIxZjEtNDhlYy05Y2Y3LTY2NTQ1Njg0YjY0Mg==",
        "X-Cache": "CONFIG_NOCACHE"
      },
      "ResponseBody": {
        "value": [
          {
            "queue": {
              "id": "test-queue-recorded-queues",
              "name": "test-queue",
              "distributionPolicyId": "test-d-policy-recorded-queues",
              "labels": {
                "Id": "test-queue-recorded-queues"
              },
              "exceptionPolicyId": "test-e-policy-recorded-queues"
            },
            "etag": "\u002202005866-0000-0700-0000-64ba1bee0000\u0022"
          },
          {
            "queue": {
              "id": "test-queue-id",
              "distributionPolicyId": "test-d-policy-id",
              "labels": {
                "Id": "test-queue-id"
              }
            },
            "etag": "\u002202001056-0000-0700-0000-64ba196a0000\u0022"
          },
          {
            "queue": {
              "id": "test-queue-recorded-jobs-matchingmode5",
              "name": "test-queue",
              "distributionPolicyId": "test-d-policy-recorded-jobs-matchingmode5",
              "labels": {
                "Id": "test-queue-recorded-jobs-matchingmode5"
              },
              "exceptionPolicyId": "test-e-policy-recorded-jobs-matchingmode5"
            },
            "etag": "\u002200003eca-0000-0700-0000-64b9dabb0000\u0022"
          },
          {
            "queue": {
              "id": "test-queue-recorded-jobs-matchingmode3",
              "name": "test-queue",
              "distributionPolicyId": "test-d-policy-recorded-jobs-matchingmode3",
              "labels": {
                "Id": "test-queue-recorded-jobs-matchingmode3"
              },
              "exceptionPolicyId": "test-e-policy-recorded-jobs-matchingmode3"
            },
            "etag": "\u00220000ac21-0000-0700-0000-64b99cbe0000\u0022"
          },
          {
            "queue": {
              "id": "test-queue-recorded-jobs-matchingmode2",
              "name": "test-queue",
              "distributionPolicyId": "test-d-policy-recorded-jobs-matchingmode2",
              "labels": {
                "Id": "test-queue-recorded-jobs-matchingmode2"
              },
              "exceptionPolicyId": "test-e-policy-recorded-jobs-matchingmode2"
            },
            "etag": "\u002200001f21-0000-0700-0000-64b99b5e0000\u0022"
          },
          {
            "queue": {
              "id": "test-queue-recorded-jobs-matchingmode",
              "name": "test-queue",
              "distributionPolicyId": "test-d-policy-recorded-jobs-matchingmode",
              "labels": {
                "Id": "test-queue-recorded-jobs-matchingmode"
              },
              "exceptionPolicyId": "test-e-policy-recorded-jobs-matchingmode"
            },
            "etag": "\u00220000c220-0000-0700-0000-64b99a870000\u0022"
          }
        ]
      }
    },
    {
      "RequestUri": "https://endpoint/routing/queues/test-queue-recorded-queues?api-version=2022-07-18-preview",
      "RequestMethod": "DELETE",
      "RequestHeaders": {
        "Accept": "application/json",
        "Accept-Encoding": "gzip, deflate, br",
        "Accept-Language": "en-GB",
        "Authorization": "Sanitized",
        "Connection": "keep-alive",
        "Origin": "http://localhost:9877",
        "Referer": "http://localhost:9877/",
        "sec-ch-ua": "",
        "sec-ch-ua-mobile": "?0",
        "sec-ch-ua-platform": "\u0022\u0022",
        "Sec-Fetch-Dest": "empty",
        "Sec-Fetch-Mode": "cors",
        "Sec-Fetch-Site": "same-site",
        "User-Agent": "Mozilla/5.0 (Windows NT 10.0; Win64; x64) AppleWebKit/537.36 (KHTML, like Gecko) HeadlessChrome/112.0.5614.0 Safari/537.36",
        "x-ms-client-request-id": "f2c7c8cb-e6e9-43b7-8fba-b3a9f103cfd9",
        "x-ms-content-sha256": "47DEQpj8HBSa\u002B/TImW\u002B5JCeuQeRkm5NMpJWZG3hSuFU=",
        "x-ms-date": "Fri, 21 Jul 2023 05:47:25 GMT",
        "x-ms-useragent": "azsdk-js-communication-job-router/V2022-07-18-preview azsdk-js-communication-job-router/1.0.0-beta.1 core-rest-pipeline/1.11.1 OS"
      },
      "RequestBody": null,
      "StatusCode": 204,
      "ResponseHeaders": {
        "Access-Control-Allow-Credentials": "true",
        "Access-Control-Allow-Origin": "http://localhost:9877",
        "api-supported-versions": "2021-04-07-preview1, 2022-07-18-preview",
        "Date": "Fri, 21 Jul 2023 05:47:25 GMT",
        "trace-id": "13f41481-f6de-9186-45c2-c8453efb81d6",
        "X-Azure-Ref": "07hu6ZAAAAADCIr3FVqaOTYnWv\u002B3QcPtYWVZSMzExMDAwMTE1MDUzAGYwOWE0YzEzLTIxZjEtNDhlYy05Y2Y3LTY2NTQ1Njg0YjY0Mg==",
        "X-Cache": "CONFIG_NOCACHE"
      },
      "ResponseBody": null
    },
    {
      "RequestUri": "https://endpoint/routing/exceptionPolicies/test-e-policy-recorded-queues?api-version=2022-07-18-preview",
      "RequestMethod": "DELETE",
      "RequestHeaders": {
        "Accept": "application/json",
        "Accept-Encoding": "gzip, deflate, br",
        "Accept-Language": "en-GB",
        "Authorization": "Sanitized",
        "Connection": "keep-alive",
        "Origin": "http://localhost:9877",
        "Referer": "http://localhost:9877/",
        "sec-ch-ua": "",
        "sec-ch-ua-mobile": "?0",
        "sec-ch-ua-platform": "\u0022\u0022",
        "Sec-Fetch-Dest": "empty",
        "Sec-Fetch-Mode": "cors",
        "Sec-Fetch-Site": "same-site",
        "User-Agent": "Mozilla/5.0 (Windows NT 10.0; Win64; x64) AppleWebKit/537.36 (KHTML, like Gecko) HeadlessChrome/112.0.5614.0 Safari/537.36",
        "x-ms-client-request-id": "0f543c44-1cc0-4878-a2e2-58edb7fb1e97",
        "x-ms-content-sha256": "47DEQpj8HBSa\u002B/TImW\u002B5JCeuQeRkm5NMpJWZG3hSuFU=",
        "x-ms-date": "Fri, 21 Jul 2023 05:47:25 GMT",
        "x-ms-useragent": "azsdk-js-communication-job-router/V2022-07-18-preview azsdk-js-communication-job-router/1.0.0-beta.1 core-rest-pipeline/1.11.1 OS"
      },
      "RequestBody": null,
      "StatusCode": 204,
      "ResponseHeaders": {
        "Access-Control-Allow-Credentials": "true",
        "Access-Control-Allow-Origin": "http://localhost:9877",
        "api-supported-versions": "2021-04-07-preview1, 2022-07-18-preview",
        "Date": "Fri, 21 Jul 2023 05:47:25 GMT",
        "trace-id": "aa790bbd-4f49-146c-bfe6-5e8b041d5d18",
        "X-Azure-Ref": "07hu6ZAAAAADUeBf8mFw1Q5Ar6myah8XSWVZSMzExMDAwMTE1MDUzAGYwOWE0YzEzLTIxZjEtNDhlYy05Y2Y3LTY2NTQ1Njg0YjY0Mg==",
        "X-Cache": "CONFIG_NOCACHE"
      },
      "ResponseBody": null
    },
    {
      "RequestUri": "https://endpoint/routing/distributionPolicies/test-d-policy-recorded-queues?api-version=2022-07-18-preview",
      "RequestMethod": "DELETE",
      "RequestHeaders": {
        "Accept": "application/json",
        "Accept-Encoding": "gzip, deflate, br",
        "Accept-Language": "en-GB",
        "Authorization": "Sanitized",
        "Connection": "keep-alive",
        "Origin": "http://localhost:9877",
        "Referer": "http://localhost:9877/",
        "sec-ch-ua": "",
        "sec-ch-ua-mobile": "?0",
        "sec-ch-ua-platform": "\u0022\u0022",
        "Sec-Fetch-Dest": "empty",
        "Sec-Fetch-Mode": "cors",
        "Sec-Fetch-Site": "same-site",
        "User-Agent": "Mozilla/5.0 (Windows NT 10.0; Win64; x64) AppleWebKit/537.36 (KHTML, like Gecko) HeadlessChrome/112.0.5614.0 Safari/537.36",
        "x-ms-client-request-id": "da14b856-0b5a-4fd8-bc09-ad087af9e5f3",
        "x-ms-content-sha256": "47DEQpj8HBSa\u002B/TImW\u002B5JCeuQeRkm5NMpJWZG3hSuFU=",
        "x-ms-date": "Fri, 21 Jul 2023 05:47:25 GMT",
        "x-ms-useragent": "azsdk-js-communication-job-router/V2022-07-18-preview azsdk-js-communication-job-router/1.0.0-beta.1 core-rest-pipeline/1.11.1 OS"
      },
      "RequestBody": null,
      "StatusCode": 204,
      "ResponseHeaders": {
        "Access-Control-Allow-Credentials": "true",
        "Access-Control-Allow-Origin": "http://localhost:9877",
        "api-supported-versions": "2021-04-07-preview1, 2022-07-18-preview",
        "Date": "Fri, 21 Jul 2023 05:47:25 GMT",
        "trace-id": "aac41cc6-ff4e-03f7-490d-ea9f8435370e",
        "X-Azure-Ref": "07hu6ZAAAAAD0GcCjUM/KR5c6/1FY4zXRWVZSMzExMDAwMTE1MDUzAGYwOWE0YzEzLTIxZjEtNDhlYy05Y2Y3LTY2NTQ1Njg0YjY0Mg==",
        "X-Cache": "CONFIG_NOCACHE"
      },
      "ResponseBody": null
    }
  ],
  "Variables": {}
}
