{
  "Entries": [
    {
      "RequestUri": "https://endpoint/sip?api-version=2023-03-01",
      "RequestMethod": "PATCH",
      "RequestHeaders": {
        "Accept": "application/json",
        "Accept-Encoding": "gzip, deflate, br",
        "Accept-Language": "en-US",
        "Authorization": "Sanitized",
        "Connection": "keep-alive",
        "Content-Length": "96",
        "Content-Type": "application/merge-patch\u002Bjson",
        "Referer": "http://localhost:9876/",
        "sec-ch-ua": "",
        "sec-ch-ua-mobile": "?0",
        "sec-ch-ua-platform": "\u0022\u0022",
        "Sec-Fetch-Dest": "empty",
        "Sec-Fetch-Mode": "cors",
        "Sec-Fetch-Site": "same-site",
        "User-Agent": "Mozilla/5.0 (Windows NT 10.0; Win64; x64) AppleWebKit/537.36 (KHTML, like Gecko) HeadlessChrome/112.0.5614.0 Safari/537.36",
        "x-ms-client-request-id": "sanitized",
        "x-ms-content-sha256": "3qAWqd9nYLMR\u002BrujqYD\u002BOqUAxYvU3eHh\u002BDJUQYMO6tE=",
        "x-ms-date": "Tue, 21 Nov 2023 16:03:19 GMT",
        "x-ms-useragent": "azsdk-js-communication-phone-numbers/1.2.1 core-rest-pipeline/1.12.3 OS"
      },
      "RequestBody": {
        "trunks": {
          "test981455c90ccd407988e79316cfba3ea2.sanitized.sbc.test": {
            "sipSignalingPort": 1231
          }
        }
      },
      "StatusCode": 200,
      "ResponseHeaders": {
        "api-supported-versions": "2023-03-01, 2023-04-01-preview",
        "Content-Length": "192",
        "Content-Type": "application/json; charset=utf-8",
        "Date": "Tue, 21 Nov 2023 16:03:18 GMT",
        "MS-CV": "oZp0YPfRKUuph3XRaPjtyg.0",
        "Strict-Transport-Security": "max-age=2592000",
        "X-Azure-Ref": "0xdRcZQAAAACjCONGVP3kTIpkGgCPY4bBUFJHMDFFREdFMDkxNQA5ZmM3YjUxOS1hOGNjLTRmODktOTM1ZS1jOTE0OGFlMDllODE=",
        "X-Cache": "CONFIG_NOCACHE",
        "X-Processing-Time": "810ms"
      },
      "ResponseBody": {
        "trunks": {
          "test8982b7b4c14f457a9e42992671a53c22.sanitized.sbc.test": {
            "sipSignalingPort": 1231
          },
          "test981455c90ccd407988e79316cfba3ea2.sanitized.sbc.test": {
            "sipSignalingPort": 1231
          }
        },
        "routes": []
      }
    },
    {
      "RequestUri": "https://endpoint/sip?api-version=2023-03-01",
      "RequestMethod": "PATCH",
      "RequestHeaders": {
        "Accept": "application/json",
        "Accept-Encoding": "gzip, deflate, br",
        "Accept-Language": "en-US",
        "Authorization": "Sanitized",
        "Connection": "keep-alive",
        "Content-Length": "96",
        "Content-Type": "application/merge-patch\u002Bjson",
        "Referer": "http://localhost:9876/",
        "sec-ch-ua": "",
        "sec-ch-ua-mobile": "?0",
        "sec-ch-ua-platform": "\u0022\u0022",
        "Sec-Fetch-Dest": "empty",
        "Sec-Fetch-Mode": "cors",
        "Sec-Fetch-Site": "same-site",
        "User-Agent": "Mozilla/5.0 (Windows NT 10.0; Win64; x64) AppleWebKit/537.36 (KHTML, like Gecko) HeadlessChrome/112.0.5614.0 Safari/537.36",
        "x-ms-client-request-id": "sanitized",
        "x-ms-content-sha256": "hsrsWK5eDp3QROaPFACyhsmqwxy3mzO0owfuSLTOMPM=",
        "x-ms-date": "Tue, 21 Nov 2023 16:03:19 GMT",
        "x-ms-useragent": "azsdk-js-communication-phone-numbers/1.2.1 core-rest-pipeline/1.12.3 OS"
      },
      "RequestBody": {
        "trunks": {
          "test981455c90ccd407988e79316cfba3ea2.sanitized.sbc.test": {
            "sipSignalingPort": 6789
          }
        }
      },
      "StatusCode": 200,
      "ResponseHeaders": {
        "api-supported-versions": "2023-03-01, 2023-04-01-preview",
        "Content-Length": "192",
        "Content-Type": "application/json; charset=utf-8",
        "Date": "Tue, 21 Nov 2023 16:03:18 GMT",
        "MS-CV": "bsIJuWgfqk\u002BO9ZzXSpptiA.0",
        "Strict-Transport-Security": "max-age=2592000",
        "X-Azure-Ref": "0xtRcZQAAAADZZGUDxwBDR5/dfVJKDjZ9UFJHMDFFREdFMDkxNQA5ZmM3YjUxOS1hOGNjLTRmODktOTM1ZS1jOTE0OGFlMDllODE=",
        "X-Cache": "CONFIG_NOCACHE",
        "X-Processing-Time": "538ms"
      },
      "ResponseBody": {
        "trunks": {
          "test8982b7b4c14f457a9e42992671a53c22.sanitized.sbc.test": {
            "sipSignalingPort": 1231
          },
          "test981455c90ccd407988e79316cfba3ea2.sanitized.sbc.test": {
            "sipSignalingPort": 6789
          }
        },
        "routes": []
      }
    },
    {
      "RequestUri": "https://endpoint/sip?api-version=2023-03-01",
      "RequestMethod": "GET",
      "RequestHeaders": {
        "Accept": "application/json",
        "Accept-Encoding": "gzip, deflate, br",
        "Accept-Language": "en-US",
        "Authorization": "Sanitized",
        "Connection": "keep-alive",
        "Referer": "http://localhost:9876/",
        "sec-ch-ua": "",
        "sec-ch-ua-mobile": "?0",
        "sec-ch-ua-platform": "\u0022\u0022",
        "Sec-Fetch-Dest": "empty",
        "Sec-Fetch-Mode": "cors",
        "Sec-Fetch-Site": "same-site",
        "User-Agent": "Mozilla/5.0 (Windows NT 10.0; Win64; x64) AppleWebKit/537.36 (KHTML, like Gecko) HeadlessChrome/112.0.5614.0 Safari/537.36",
        "x-ms-client-request-id": "sanitized",
        "x-ms-content-sha256": "47DEQpj8HBSa\u002B/TImW\u002B5JCeuQeRkm5NMpJWZG3hSuFU=",
        "x-ms-date": "Tue, 21 Nov 2023 16:03:20 GMT",
        "x-ms-useragent": "azsdk-js-communication-phone-numbers/1.2.1 core-rest-pipeline/1.12.3 OS"
      },
      "RequestBody": null,
      "StatusCode": 200,
      "ResponseHeaders": {
        "api-supported-versions": "2023-03-01, 2023-04-01-preview",
        "Content-Length": "192",
        "Content-Type": "application/json; charset=utf-8",
        "Date": "Tue, 21 Nov 2023 16:03:18 GMT",
        "MS-CV": "2RQpaXwUDUSjq3bsvJ87HA.0",
        "Strict-Transport-Security": "max-age=2592000",
        "X-Azure-Ref": "0xtRcZQAAAAC\u002BEwCNIFzfSLj8RwB6hP9VUFJHMDFFREdFMDkxNQA5ZmM3YjUxOS1hOGNjLTRmODktOTM1ZS1jOTE0OGFlMDllODE=",
        "X-Cache": "CONFIG_NOCACHE",
        "X-Processing-Time": "208ms"
      },
      "ResponseBody": {
        "trunks": {
          "test8982b7b4c14f457a9e42992671a53c22.sanitized.sbc.test": {
            "sipSignalingPort": 1231
          },
          "test981455c90ccd407988e79316cfba3ea2.sanitized.sbc.test": {
            "sipSignalingPort": 6789
          }
        },
        "routes": []
      }
    }
  ],
  "Variables": {
    "fqdn-1": "test981455c90ccd407988e79316cfba3ea2.sanitized.sbc.test",
    "fqdn-2": "teste14c6700e57e494789f66eff472d361d.sanitized.sbc.test"
  }
}
