{
  "Entries": [
    {
      "RequestUri": "https://endpoint/sip?api-version=2023-03-01",
      "RequestMethod": "GET",
      "RequestHeaders": {
        "Accept": "application/json",
        "Accept-Encoding": "gzip, deflate, br",
        "Accept-Language": "en-US",
        "Authorization": "Sanitized",
        "Connection": "keep-alive",
        "Referer": "http://localhost:9876/",
        "sec-ch-ua": "",
        "sec-ch-ua-mobile": "?0",
        "sec-ch-ua-platform": "",
        "Sec-Fetch-Dest": "empty",
        "Sec-Fetch-Mode": "cors",
        "Sec-Fetch-Site": "same-site",
        "User-Agent": "Mozilla/5.0 (Windows NT 10.0; Win64; x64) AppleWebKit/537.36 (KHTML, like Gecko) HeadlessChrome/111.0.5555.0 Safari/537.36",
        "x-ms-client-request-id": "sanitized",
        "x-ms-content-sha256": "47DEQpj8HBSa\u002B/TImW\u002B5JCeuQeRkm5NMpJWZG3hSuFU=",
        "x-ms-date": "Tue, 07 Mar 2023 11:43:05 GMT",
        "x-ms-useragent": "azsdk-js-communication-phone-numbers/1.2.0-beta.5 core-rest-pipeline/1.9.2 OS/Win32"
      },
      "RequestBody": null,
      "StatusCode": 200,
      "ResponseHeaders": {
        "api-supported-versions": "2021-05-01-preview, 2022-09-01-preview, 2023-01-01-preview, 2023-03-01",
        "Content-Length": "25",
        "Content-Type": "application/json; charset=utf-8",
        "Date": "Tue, 07 Mar 2023 11:43:04 GMT",
        "MS-CV": "JLkzHmhSE0m4e3VoAjsnPw.0",
        "Strict-Transport-Security": "max-age=2592000",
        "X-Azure-Ref": "0SCMHZAAAAADrBaL7697NTJZ0yKp4NEY5TFRTRURHRTEzMTIAY2M5Mjc1OGQtMDVmNy00YWQ2LWFhNWUtMGZhOTcxOGQ4OTg1",
        "X-Cache": "CONFIG_NOCACHE",
        "X-Processing-Time": "169ms"
      },
      "ResponseBody": {
        "trunks": {},
        "routes": []
      }
    },
    {
      "RequestUri": "https://endpoint/sip?api-version=2023-03-01",
      "RequestMethod": "PATCH",
      "RequestHeaders": {
        "Accept": "application/json",
        "Accept-Encoding": "gzip, deflate, br",
        "Accept-Language": "en-US",
        "Authorization": "Sanitized",
        "Connection": "keep-alive",
        "Content-Length": "196",
        "Content-Type": "application/merge-patch\u002Bjson",
        "Referer": "http://localhost:9876/",
        "sec-ch-ua": "",
        "sec-ch-ua-mobile": "?0",
        "sec-ch-ua-platform": "",
        "Sec-Fetch-Dest": "empty",
        "Sec-Fetch-Mode": "cors",
        "Sec-Fetch-Site": "same-site",
        "User-Agent": "Mozilla/5.0 (Windows NT 10.0; Win64; x64) AppleWebKit/537.36 (KHTML, like Gecko) HeadlessChrome/111.0.5555.0 Safari/537.36",
        "x-ms-client-request-id": "sanitized",
        "x-ms-content-sha256": "K0wtzzBF//UZYqfhLclRrMN2iVaaMy2IrnN3SuoGAcM=",
        "x-ms-date": "Tue, 07 Mar 2023 11:43:05 GMT",
        "x-ms-useragent": "azsdk-js-communication-phone-numbers/1.2.0-beta.5 core-rest-pipeline/1.9.2 OS/Win32"
      },
      "RequestBody": {
        "trunks": {
          "testc562473308a64499a5a77b0ab28bae83.nostojic13012023.skype.net": {
            "sipSignalingPort": 8239
          },
          "teste6e0f3ea44184de4b26fd77f572d6a08.nostojic13012023.skype.net": {
            "sipSignalingPort": 7348
          }
        }
      },
      "StatusCode": 200,
      "ResponseHeaders": {
        "api-supported-versions": "2021-05-01-preview, 2022-09-01-preview, 2023-01-01-preview, 2023-03-01",
        "Content-Length": "208",
        "Content-Type": "application/json; charset=utf-8",
        "Date": "Tue, 07 Mar 2023 11:43:06 GMT",
        "MS-CV": "umcYqSqo7Em8NMaaUOg2XA.0",
        "Strict-Transport-Security": "max-age=2592000",
        "X-Azure-Ref": "0SSMHZAAAAAAoJIrY0dVsR5DWtqHwZxMFTFRTRURHRTEzMTIAY2M5Mjc1OGQtMDVmNy00YWQ2LWFhNWUtMGZhOTcxOGQ4OTg1",
        "X-Cache": "CONFIG_NOCACHE",
        "X-Processing-Time": "990ms"
      },
      "ResponseBody": {
        "trunks": {
          "testc562473308a64499a5a77b0ab28bae83.nostojic13012023.skype.net": {
            "sipSignalingPort": 8239
          },
          "teste6e0f3ea44184de4b26fd77f572d6a08.nostojic13012023.skype.net": {
            "sipSignalingPort": 7348
          }
        },
        "routes": []
      }
    },
    {
      "RequestUri": "https://endpoint/sip?api-version=2023-03-01",
      "RequestMethod": "PATCH",
      "RequestHeaders": {
        "Accept": "application/json",
        "Accept-Encoding": "gzip, deflate, br",
        "Accept-Language": "en-US",
        "Authorization": "Sanitized",
        "Connection": "keep-alive",
        "Content-Length": "444",
        "Content-Type": "application/merge-patch\u002Bjson",
        "Referer": "http://localhost:9876/",
        "sec-ch-ua": "",
        "sec-ch-ua-mobile": "?0",
        "sec-ch-ua-platform": "",
        "Sec-Fetch-Dest": "empty",
        "Sec-Fetch-Mode": "cors",
        "Sec-Fetch-Site": "same-site",
        "User-Agent": "Mozilla/5.0 (Windows NT 10.0; Win64; x64) AppleWebKit/537.36 (KHTML, like Gecko) HeadlessChrome/111.0.5555.0 Safari/537.36",
        "x-ms-client-request-id": "sanitized",
        "x-ms-content-sha256": "QwEiNHEL6zDVe3skWbXwQPiWdlOlOYx6zQ\u002B7EZttTNE=",
        "x-ms-date": "Tue, 07 Mar 2023 11:43:07 GMT",
        "x-ms-useragent": "azsdk-js-communication-phone-numbers/1.2.0-beta.5 core-rest-pipeline/1.9.2 OS/Win32"
      },
      "RequestBody": {
        "routes": [
          {
            "description": "myFirstRoute\u0027s description",
            "name": "myFirstRoute",
            "numberPattern": "^\u002B[1-9][0-9]{3,23}$",
            "trunks": [
              "testc562473308a64499a5a77b0ab28bae83.nostojic13012023.skype.net",
              "teste6e0f3ea44184de4b26fd77f572d6a08.nostojic13012023.skype.net"
            ]
          },
          {
            "description": "mySecondRoute\u0027s description",
            "name": "mySecondRoute",
            "numberPattern": "^\u002B[1-9][0-9]{3,23}$",
            "trunks": [
              "testc562473308a64499a5a77b0ab28bae83.nostojic13012023.skype.net"
            ]
          }
        ]
      },
      "StatusCode": 200,
      "ResponseHeaders": {
        "api-supported-versions": "2021-05-01-preview, 2022-09-01-preview, 2023-01-01-preview, 2023-03-01",
        "Content-Length": "639",
        "Content-Type": "application/json; charset=utf-8",
        "Date": "Tue, 07 Mar 2023 11:43:06 GMT",
        "MS-CV": "uEhU09iQQkKPAookf6RdZA.0",
        "Strict-Transport-Security": "max-age=2592000",
        "X-Azure-Ref": "0SiMHZAAAAAAKlFeMVDgOTY7OBSbbNUkUTFRTRURHRTEzMTIAY2M5Mjc1OGQtMDVmNy00YWQ2LWFhNWUtMGZhOTcxOGQ4OTg1",
        "X-Cache": "CONFIG_NOCACHE",
        "X-Processing-Time": "331ms"
      },
      "ResponseBody": {
        "trunks": {
          "testc562473308a64499a5a77b0ab28bae83.nostojic13012023.skype.net": {
            "sipSignalingPort": 8239
          },
          "teste6e0f3ea44184de4b26fd77f572d6a08.nostojic13012023.skype.net": {
            "sipSignalingPort": 7348
          }
        },
        "routes": [
          {
            "description": "myFirstRoute\u0027s description",
            "name": "myFirstRoute",
            "numberPattern": "^\u002B[1-9][0-9]{3,23}$",
            "trunks": [
              "testc562473308a64499a5a77b0ab28bae83.nostojic13012023.skype.net",
              "teste6e0f3ea44184de4b26fd77f572d6a08.nostojic13012023.skype.net"
            ]
          },
          {
            "description": "mySecondRoute\u0027s description",
            "name": "mySecondRoute",
            "numberPattern": "^\u002B[1-9][0-9]{3,23}$",
            "trunks": [
              "testc562473308a64499a5a77b0ab28bae83.nostojic13012023.skype.net"
            ]
          }
        ]
      }
    },
    {
      "RequestUri": "https://endpoint/sip?api-version=2023-03-01",
      "RequestMethod": "GET",
      "RequestHeaders": {
        "Accept": "application/json",
        "Accept-Encoding": "gzip, deflate, br",
        "Accept-Language": "en-US",
        "Authorization": "Sanitized",
        "Connection": "keep-alive",
        "Referer": "http://localhost:9876/",
        "sec-ch-ua": "",
        "sec-ch-ua-mobile": "?0",
        "sec-ch-ua-platform": "",
        "Sec-Fetch-Dest": "empty",
        "Sec-Fetch-Mode": "cors",
        "Sec-Fetch-Site": "same-site",
        "User-Agent": "Mozilla/5.0 (Windows NT 10.0; Win64; x64) AppleWebKit/537.36 (KHTML, like Gecko) HeadlessChrome/111.0.5555.0 Safari/537.36",
        "x-ms-client-request-id": "sanitized",
        "x-ms-content-sha256": "47DEQpj8HBSa\u002B/TImW\u002B5JCeuQeRkm5NMpJWZG3hSuFU=",
        "x-ms-date": "Tue, 07 Mar 2023 11:43:07 GMT",
        "x-ms-useragent": "azsdk-js-communication-phone-numbers/1.2.0-beta.5 core-rest-pipeline/1.9.2 OS/Win32"
      },
      "RequestBody": null,
      "StatusCode": 200,
      "ResponseHeaders": {
        "api-supported-versions": "2021-05-01-preview, 2022-09-01-preview, 2023-01-01-preview, 2023-03-01",
        "Content-Length": "639",
        "Content-Type": "application/json; charset=utf-8",
        "Date": "Tue, 07 Mar 2023 11:43:07 GMT",
        "MS-CV": "lEUn\u002BYYjTkWYgMaLm2A0/A.0",
        "Strict-Transport-Security": "max-age=2592000",
        "X-Azure-Ref": "0SiMHZAAAAAAjrBrjq298Q5yvntZPshEuTFRTRURHRTEzMTIAY2M5Mjc1OGQtMDVmNy00YWQ2LWFhNWUtMGZhOTcxOGQ4OTg1",
        "X-Cache": "CONFIG_NOCACHE",
        "X-Processing-Time": "170ms"
      },
      "ResponseBody": {
        "trunks": {
          "testc562473308a64499a5a77b0ab28bae83.nostojic13012023.skype.net": {
            "sipSignalingPort": 8239
          },
          "teste6e0f3ea44184de4b26fd77f572d6a08.nostojic13012023.skype.net": {
            "sipSignalingPort": 7348
          }
        },
        "routes": [
          {
            "description": "myFirstRoute\u0027s description",
            "name": "myFirstRoute",
            "numberPattern": "^\u002B[1-9][0-9]{3,23}$",
            "trunks": [
              "testc562473308a64499a5a77b0ab28bae83.nostojic13012023.skype.net",
              "teste6e0f3ea44184de4b26fd77f572d6a08.nostojic13012023.skype.net"
            ]
          },
          {
            "description": "mySecondRoute\u0027s description",
            "name": "mySecondRoute",
            "numberPattern": "^\u002B[1-9][0-9]{3,23}$",
            "trunks": [
              "testc562473308a64499a5a77b0ab28bae83.nostojic13012023.skype.net"
            ]
          }
        ]
      }
    },
    {
      "RequestUri": "https://endpoint/sip?api-version=2023-03-01",
      "RequestMethod": "PATCH",
      "RequestHeaders": {
        "Accept": "application/json",
        "Accept-Encoding": "gzip, deflate, br",
        "Accept-Language": "en-US",
        "Authorization": "Sanitized",
        "Connection": "keep-alive",
        "Content-Length": "175",
        "Content-Type": "application/merge-patch\u002Bjson",
        "Referer": "http://localhost:9876/",
        "sec-ch-ua": "",
        "sec-ch-ua-mobile": "?0",
        "sec-ch-ua-platform": "",
        "Sec-Fetch-Dest": "empty",
        "Sec-Fetch-Mode": "cors",
        "Sec-Fetch-Site": "same-site",
        "User-Agent": "Mozilla/5.0 (Windows NT 10.0; Win64; x64) AppleWebKit/537.36 (KHTML, like Gecko) HeadlessChrome/111.0.5555.0 Safari/537.36",
        "x-ms-client-request-id": "sanitized",
        "x-ms-content-sha256": "mHGKvxvBaoztR1WVyn8QBpl3fiQPefzFfVb\u002B55QRIn0=",
        "x-ms-date": "Tue, 07 Mar 2023 11:43:07 GMT",
        "x-ms-useragent": "azsdk-js-communication-phone-numbers/1.2.0-beta.5 core-rest-pipeline/1.9.2 OS/Win32"
      },
      "RequestBody": {
        "trunks": {
          "testc562473308a64499a5a77b0ab28bae83.nostojic13012023.skype.net": {
            "sipSignalingPort": 1234
          },
          "teste6e0f3ea44184de4b26fd77f572d6a08.nostojic13012023.skype.net": null
        }
      },
      "StatusCode": 422,
      "ResponseHeaders": {
        "api-supported-versions": "2021-05-01-preview, 2022-09-01-preview, 2023-01-01-preview, 2023-03-01",
        "Content-Type": "application/json",
        "Date": "Tue, 07 Mar 2023 11:43:07 GMT",
        "MS-CV": "sJgQyG468kW8fxHrFWCwTQ.0",
        "Strict-Transport-Security": "max-age=2592000",
        "Transfer-Encoding": "chunked",
        "X-Azure-Ref": "0SyMHZAAAAACB\u002BvsL1xCVTZYwAayeH14ZTFRTRURHRTEzMTIAY2M5Mjc1OGQtMDVmNy00YWQ2LWFhNWUtMGZhOTcxOGQ4OTg1",
        "X-Cache": "CONFIG_NOCACHE",
        "X-Processing-Time": "381ms"
      },
      "ResponseBody": {
        "error": {
          "code": "UnprocessableConfiguration",
          "message": "One or more request inputs are not valid.",
          "innererror": {
            "code": "MissingTrunk",
            "message": "Route targeting a missing trunk."
          }
        }
      }
    },
    {
      "RequestUri": "https://endpoint/sip?api-version=2023-03-01",
      "RequestMethod": "GET",
      "RequestHeaders": {
        "Accept": "application/json",
        "Accept-Encoding": "gzip, deflate, br",
        "Accept-Language": "en-US",
        "Authorization": "Sanitized",
        "Connection": "keep-alive",
        "Referer": "http://localhost:9876/",
        "sec-ch-ua": "",
        "sec-ch-ua-mobile": "?0",
        "sec-ch-ua-platform": "",
        "Sec-Fetch-Dest": "empty",
        "Sec-Fetch-Mode": "cors",
        "Sec-Fetch-Site": "same-site",
        "User-Agent": "Mozilla/5.0 (Windows NT 10.0; Win64; x64) AppleWebKit/537.36 (KHTML, like Gecko) HeadlessChrome/111.0.5555.0 Safari/537.36",
        "x-ms-client-request-id": "sanitized",
        "x-ms-content-sha256": "47DEQpj8HBSa\u002B/TImW\u002B5JCeuQeRkm5NMpJWZG3hSuFU=",
        "x-ms-date": "Tue, 07 Mar 2023 11:43:08 GMT",
        "x-ms-useragent": "azsdk-js-communication-phone-numbers/1.2.0-beta.5 core-rest-pipeline/1.9.2 OS/Win32"
      },
      "RequestBody": null,
      "StatusCode": 200,
      "ResponseHeaders": {
        "api-supported-versions": "2021-05-01-preview, 2022-09-01-preview, 2023-01-01-preview, 2023-03-01",
        "Content-Length": "639",
        "Content-Type": "application/json; charset=utf-8",
        "Date": "Tue, 07 Mar 2023 11:43:07 GMT",
        "MS-CV": "bXzGR9YD60q/npFY/O0Tig.0",
        "Strict-Transport-Security": "max-age=2592000",
        "X-Azure-Ref": "0SyMHZAAAAADkohNxfdjGTbYOqstPqwi6TFRTRURHRTEzMTIAY2M5Mjc1OGQtMDVmNy00YWQ2LWFhNWUtMGZhOTcxOGQ4OTg1",
        "X-Cache": "CONFIG_NOCACHE",
        "X-Processing-Time": "169ms"
      },
      "ResponseBody": {
        "trunks": {
          "testc562473308a64499a5a77b0ab28bae83.nostojic13012023.skype.net": {
            "sipSignalingPort": 8239
          },
          "teste6e0f3ea44184de4b26fd77f572d6a08.nostojic13012023.skype.net": {
            "sipSignalingPort": 7348
          }
        },
        "routes": [
          {
            "description": "myFirstRoute\u0027s description",
            "name": "myFirstRoute",
            "numberPattern": "^\u002B[1-9][0-9]{3,23}$",
            "trunks": [
              "testc562473308a64499a5a77b0ab28bae83.nostojic13012023.skype.net",
              "teste6e0f3ea44184de4b26fd77f572d6a08.nostojic13012023.skype.net"
            ]
          },
          {
            "description": "mySecondRoute\u0027s description",
            "name": "mySecondRoute",
            "numberPattern": "^\u002B[1-9][0-9]{3,23}$",
            "trunks": [
              "testc562473308a64499a5a77b0ab28bae83.nostojic13012023.skype.net"
            ]
          }
        ]
      }
    }
  ],
  "Variables": {
    "fqdn-1": "testc562473308a64499a5a77b0ab28bae83.nostojic13012023.skype.net",
    "fqdn-2": "teste6e0f3ea44184de4b26fd77f572d6a08.nostojic13012023.skype.net"
  }
}
