{
  "Entries": [
    {
      "RequestUri": "https://endpoint/sip?api-version=2021-05-01-preview",
      "RequestMethod": "GET",
      "RequestHeaders": {
        "Accept": "application/json",
        "Accept-Encoding": "gzip, deflate, br",
        "Accept-Language": "en-US",
        "Authorization": "Sanitized",
        "Connection": "keep-alive",
        "Referer": "http://localhost:9876/",
        "sec-ch-ua": "",
        "sec-ch-ua-mobile": "?0",
        "sec-ch-ua-platform": "",
        "Sec-Fetch-Dest": "empty",
        "Sec-Fetch-Mode": "cors",
        "Sec-Fetch-Site": "same-site",
        "User-Agent": "Mozilla/5.0 (Windows NT 10.0; Win64; x64) AppleWebKit/537.36 (KHTML, like Gecko) HeadlessChrome/103.0.5058.0 Safari/537.36",
        "x-ms-client-request-id": "sanitized",
        "x-ms-content-sha256": "47DEQpj8HBSa\u002B/TImW\u002B5JCeuQeRkm5NMpJWZG3hSuFU=",
        "x-ms-date": "Thu, 08 Sep 2022 23:13:06 GMT",
        "x-ms-useragent": "azsdk-js-communication-phone-numbers/1.2.0-beta.5 core-rest-pipeline/1.9.3 OS/Win32"
      },
      "RequestBody": null,
      "StatusCode": 200,
      "ResponseHeaders": {
        "api-supported-versions": "2021-05-01-preview, 2022-09-01-preview",
        "Content-Type": "application/json; charset=utf-8",
        "Date": "Thu, 08 Sep 2022 23:13:07 GMT",
        "MS-CV": "LN01bJ2eA06ZJrvyHQLRjQ.0",
        "Strict-Transport-Security": "max-age=2592000",
        "Transfer-Encoding": "chunked",
        "X-Azure-Ref": "0A3caYwAAAADmtkgY6o2lQZtIzLjpMofaUFJHMDFFREdFMDkxMQA5ZmM3YjUxOS1hOGNjLTRmODktOTM1ZS1jOTE0OGFlMDllODE=",
        "X-Cache": "CONFIG_NOCACHE",
        "X-Processing-Time": "153ms"
      },
      "ResponseBody": {
        "trunks": {
          "111.fqdn.com": {
            "sipSignalingPort": 6789
          },
          "222.fqdn.com": {
            "sipSignalingPort": 9876
          }
        },
        "routes": [
          {
            "description": "myFirstRoute\u0027s description",
            "name": "myFirstRoute",
            "numberPattern": "^\u002B[1-9][0-9]{3,23}$",
            "trunks": []
          },
          {
            "description": "mySecondRoute\u0027s description",
            "name": "mySecondRoute",
            "numberPattern": "^\u002B[1-9][0-9]{3,23}$",
            "trunks": []
          }
        ]
      }
    },
    {
      "RequestUri": "https://endpoint/sip?api-version=2021-05-01-preview",
      "RequestMethod": "PATCH",
      "RequestHeaders": {
        "Accept": "application/json",
        "Accept-Encoding": "gzip, deflate, br",
        "Accept-Language": "en-US",
        "Authorization": "Sanitized",
        "Connection": "keep-alive",
        "Content-Length": "52",
        "Content-Type": "application/merge-patch\u002Bjson",
        "Referer": "http://localhost:9876/",
        "sec-ch-ua": "",
        "sec-ch-ua-mobile": "?0",
        "sec-ch-ua-platform": "",
        "Sec-Fetch-Dest": "empty",
        "Sec-Fetch-Mode": "cors",
        "Sec-Fetch-Site": "same-site",
        "User-Agent": "Mozilla/5.0 (Windows NT 10.0; Win64; x64) AppleWebKit/537.36 (KHTML, like Gecko) HeadlessChrome/103.0.5058.0 Safari/537.36",
        "x-ms-client-request-id": "sanitized",
        "x-ms-content-sha256": "KF8Q0i2fNP8LMQLiYmzxnQuDhd/HmUeC/wmeyAhd0aw=",
        "x-ms-date": "Thu, 08 Sep 2022 23:13:07 GMT",
        "x-ms-useragent": "azsdk-js-communication-phone-numbers/1.2.0-beta.5 core-rest-pipeline/1.9.3 OS/Win32"
      },
      "RequestBody": {
        "trunks": {
          "111.fqdn.com": null,
          "222.fqdn.com": null
        }
      },
      "StatusCode": 200,
      "ResponseHeaders": {
        "api-supported-versions": "2021-05-01-preview, 2022-09-01-preview",
        "Content-Type": "application/json; charset=utf-8",
        "Date": "Thu, 08 Sep 2022 23:13:08 GMT",
        "MS-CV": "TejNQpggN0iBFbJKsL7xww.0",
        "Strict-Transport-Security": "max-age=2592000",
        "Transfer-Encoding": "chunked",
        "X-Azure-Ref": "0A3caYwAAAABKOhv28hXUS5JY0YvylrLZUFJHMDFFREdFMDkxMQA5ZmM3YjUxOS1hOGNjLTRmODktOTM1ZS1jOTE0OGFlMDllODE=",
        "X-Cache": "CONFIG_NOCACHE",
        "X-Processing-Time": "318ms"
      },
      "ResponseBody": {
        "trunks": {},
        "routes": [
          {
            "description": "myFirstRoute\u0027s description",
            "name": "myFirstRoute",
            "numberPattern": "^\u002B[1-9][0-9]{3,23}$",
            "trunks": []
          },
          {
            "description": "mySecondRoute\u0027s description",
            "name": "mySecondRoute",
            "numberPattern": "^\u002B[1-9][0-9]{3,23}$",
            "trunks": []
          }
        ]
      }
    },
    {
      "RequestUri": "https://endpoint/sip?api-version=2021-05-01-preview",
      "RequestMethod": "GET",
      "RequestHeaders": {
        "Accept": "application/json",
        "Accept-Encoding": "gzip, deflate, br",
        "Accept-Language": "en-US",
        "Authorization": "Sanitized",
        "Connection": "keep-alive",
        "Referer": "http://localhost:9876/",
        "sec-ch-ua": "",
        "sec-ch-ua-mobile": "?0",
        "sec-ch-ua-platform": "",
        "Sec-Fetch-Dest": "empty",
        "Sec-Fetch-Mode": "cors",
        "Sec-Fetch-Site": "same-site",
        "User-Agent": "Mozilla/5.0 (Windows NT 10.0; Win64; x64) AppleWebKit/537.36 (KHTML, like Gecko) HeadlessChrome/103.0.5058.0 Safari/537.36",
        "x-ms-client-request-id": "sanitized",
        "x-ms-content-sha256": "47DEQpj8HBSa\u002B/TImW\u002B5JCeuQeRkm5NMpJWZG3hSuFU=",
        "x-ms-date": "Thu, 08 Sep 2022 23:13:07 GMT",
        "x-ms-useragent": "azsdk-js-communication-phone-numbers/1.2.0-beta.5 core-rest-pipeline/1.9.3 OS/Win32"
      },
      "RequestBody": null,
      "StatusCode": 200,
      "ResponseHeaders": {
        "api-supported-versions": "2021-05-01-preview, 2022-09-01-preview",
        "Content-Type": "application/json; charset=utf-8",
        "Date": "Thu, 08 Sep 2022 23:13:08 GMT",
        "MS-CV": "o\u002BHvX/t0K0mH6\u002B4WFX8w8Q.0",
        "Strict-Transport-Security": "max-age=2592000",
        "Transfer-Encoding": "chunked",
        "X-Azure-Ref": "0BHcaYwAAAAClPguxlHs9QoQs3VjPpNuwUFJHMDFFREdFMDkxMQA5ZmM3YjUxOS1hOGNjLTRmODktOTM1ZS1jOTE0OGFlMDllODE=",
        "X-Cache": "CONFIG_NOCACHE",
        "X-Processing-Time": "163ms"
      },
      "ResponseBody": {
        "trunks": {},
        "routes": [
          {
            "description": "myFirstRoute\u0027s description",
            "name": "myFirstRoute",
            "numberPattern": "^\u002B[1-9][0-9]{3,23}$",
            "trunks": []
          },
          {
            "description": "mySecondRoute\u0027s description",
            "name": "mySecondRoute",
            "numberPattern": "^\u002B[1-9][0-9]{3,23}$",
            "trunks": []
          }
        ]
      }
    },
    {
      "RequestUri": "https://endpoint/sip?api-version=2021-05-01-preview",
      "RequestMethod": "GET",
      "RequestHeaders": {
        "Accept": "application/json",
        "Accept-Encoding": "gzip, deflate, br",
        "Accept-Language": "en-US",
        "Authorization": "Sanitized",
        "Connection": "keep-alive",
        "Referer": "http://localhost:9876/",
        "sec-ch-ua": "",
        "sec-ch-ua-mobile": "?0",
        "sec-ch-ua-platform": "",
        "Sec-Fetch-Dest": "empty",
        "Sec-Fetch-Mode": "cors",
        "Sec-Fetch-Site": "same-site",
        "User-Agent": "Mozilla/5.0 (Windows NT 10.0; Win64; x64) AppleWebKit/537.36 (KHTML, like Gecko) HeadlessChrome/103.0.5058.0 Safari/537.36",
        "x-ms-client-request-id": "sanitized",
        "x-ms-content-sha256": "47DEQpj8HBSa\u002B/TImW\u002B5JCeuQeRkm5NMpJWZG3hSuFU=",
        "x-ms-date": "Thu, 08 Sep 2022 23:13:08 GMT",
        "x-ms-useragent": "azsdk-js-communication-phone-numbers/1.2.0-beta.5 core-rest-pipeline/1.9.3 OS/Win32"
      },
      "RequestBody": null,
      "StatusCode": 200,
      "ResponseHeaders": {
        "api-supported-versions": "2021-05-01-preview, 2022-09-01-preview",
        "Content-Type": "application/json; charset=utf-8",
        "Date": "Thu, 08 Sep 2022 23:13:08 GMT",
        "MS-CV": "ZV8iux8p0E2qNGBoch1HnA.0",
        "Strict-Transport-Security": "max-age=2592000",
        "Transfer-Encoding": "chunked",
        "X-Azure-Ref": "0BHcaYwAAAADyc8XBABJUR4oVO/NZ9o5kUFJHMDFFREdFMDkxMQA5ZmM3YjUxOS1hOGNjLTRmODktOTM1ZS1jOTE0OGFlMDllODE=",
        "X-Cache": "CONFIG_NOCACHE",
        "X-Processing-Time": "171ms"
      },
      "ResponseBody": {
        "trunks": {},
        "routes": [
          {
            "description": "myFirstRoute\u0027s description",
            "name": "myFirstRoute",
            "numberPattern": "^\u002B[1-9][0-9]{3,23}$",
            "trunks": []
          },
          {
            "description": "mySecondRoute\u0027s description",
            "name": "mySecondRoute",
            "numberPattern": "^\u002B[1-9][0-9]{3,23}$",
            "trunks": []
          }
        ]
      }
    }
  ],
  "Variables": {}
}
