{
  "Entries": [
    {
      "RequestUri": "https://endpoint/sip?api-version=2021-05-01-preview",
      "RequestMethod": "GET",
      "RequestHeaders": {
        "Accept": "application/json",
        "Accept-Encoding": "gzip,deflate",
        "Authorization": "Sanitized",
        "Connection": "keep-alive",
        "User-Agent": "azsdk-js-communication-phone-numbers/1.2.0-beta.5 core-rest-pipeline/1.10.1 Node/v16.17.0 OS/(x64-Linux-5.10.102.1-microsoft-standard-WSL2)",
        "x-ms-client-request-id": "sanitized",
        "x-ms-content-sha256": "47DEQpj8HBSa\u002B/TImW\u002B5JCeuQeRkm5NMpJWZG3hSuFU=",
        "x-ms-date": "Thu, 15 Dec 2022 20:15:26 GMT"
      },
      "RequestBody": null,
      "StatusCode": 200,
      "ResponseHeaders": {
        "api-supported-versions": "2021-05-01-preview, 2022-09-01-preview",
        "Content-Type": "application/json; charset=utf-8",
        "Date": "Thu, 15 Dec 2022 20:15:25 GMT",
        "MS-CV": "b1OQSsczfUu4Fk5h9Cqf6Q.0",
        "Strict-Transport-Security": "max-age=2592000",
        "Transfer-Encoding": "chunked",
        "X-Azure-Ref": "0XYCbYwAAAABAFOmDgzF2T4HJGd4jbjDuTUVYMzFFREdFMDQxNwA5ZmM3YjUxOS1hOGNjLTRmODktOTM1ZS1jOTE0OGFlMDllODE=",
        "X-Cache": "CONFIG_NOCACHE",
        "X-Processing-Time": "101ms"
      },
      "ResponseBody": {
        "trunks": {},
        "routes": []
      }
    },
    {
      "RequestUri": "https://endpoint/sip?api-version=2021-05-01-preview",
      "RequestMethod": "PATCH",
      "RequestHeaders": {
        "Accept": "application/json",
        "Accept-Encoding": "gzip,deflate",
        "Authorization": "Sanitized",
        "Connection": "keep-alive",
        "Content-Length": "79",
        "Content-Type": "application/merge-patch\u002Bjson",
        "User-Agent": "azsdk-js-communication-phone-numbers/1.2.0-beta.5 core-rest-pipeline/1.10.1 Node/v16.17.0 OS/(x64-Linux-5.10.102.1-microsoft-standard-WSL2)",
        "x-ms-client-request-id": "sanitized",
        "x-ms-content-sha256": "BcaLZECyoB402RD\u002BUxmOvw6NtXa9QfaH6lFsjmE1wt4=",
        "x-ms-date": "Thu, 15 Dec 2022 20:15:26 GMT"
      },
      "RequestBody": {
        "trunks": {
          "test.c79479db097e40358981457597e9f1de.com": {
            "sipSignalingPort": 0
          }
        }
      },
      "StatusCode": 422,
      "ResponseHeaders": {
        "Content-Type": "application/json",
        "Date": "Thu, 15 Dec 2022 20:15:25 GMT",
        "MS-CV": "uocgF3aWX0C7/3CUFcMeAA.0",
        "Strict-Transport-Security": "max-age=2592000",
        "Transfer-Encoding": "chunked",
        "X-Azure-Ref": "0XYCbYwAAAAB80z3i9CKATqFWueHMMECXTUVYMzFFREdFMDQxNwA5ZmM3YjUxOS1hOGNjLTRmODktOTM1ZS1jOTE0OGFlMDllODE=",
        "X-Cache": "CONFIG_NOCACHE",
        "X-Processing-Time": "34ms"
      },
      "ResponseBody": {
        "error": {
          "code": "UnprocessableConfiguration",
          "message": "One or more request inputs are not valid.",
          "innererror": {
            "code": "InvalidTrunkSipSignalingPort",
            "message": "Trunk with an invalid SIP signaling port."
          }
        }
      }
    },
    {
      "RequestUri": "https://endpoint/sip?api-version=2021-05-01-preview",
      "RequestMethod": "GET",
      "RequestHeaders": {
        "Accept": "application/json",
        "Accept-Encoding": "gzip,deflate",
        "Authorization": "Sanitized",
        "Connection": "keep-alive",
        "User-Agent": "azsdk-js-communication-phone-numbers/1.2.0-beta.5 core-rest-pipeline/1.10.1 Node/v16.17.0 OS/(x64-Linux-5.10.102.1-microsoft-standard-WSL2)",
        "x-ms-client-request-id": "sanitized",
        "x-ms-content-sha256": "47DEQpj8HBSa\u002B/TImW\u002B5JCeuQeRkm5NMpJWZG3hSuFU=",
        "x-ms-date": "Thu, 15 Dec 2022 20:15:26 GMT"
      },
      "RequestBody": null,
      "StatusCode": 200,
      "ResponseHeaders": {
        "api-supported-versions": "2021-05-01-preview, 2022-09-01-preview",
        "Content-Type": "application/json; charset=utf-8",
        "Date": "Thu, 15 Dec 2022 20:15:25 GMT",
        "MS-CV": "/43zQWnpw0GKxKRhqZ2beg.0",
        "Strict-Transport-Security": "max-age=2592000",
        "Transfer-Encoding": "chunked",
        "X-Azure-Ref": "0XYCbYwAAAAAoGBhCsCqPRLY47mP35fypTUVYMzFFREdFMDQxNwA5ZmM3YjUxOS1hOGNjLTRmODktOTM1ZS1jOTE0OGFlMDllODE=",
        "X-Cache": "CONFIG_NOCACHE",
        "X-Processing-Time": "108ms"
      },
      "ResponseBody": {
        "trunks": {},
        "routes": []
      }
    }
  ],
  "Variables": {
    "fqdn-1": "test.c79479db097e40358981457597e9f1de.com",
    "fqdn-2": "test.9a48c5c01ceb42b98dbb6af4a2ca2df6.com"
  }
}
