{
  "Entries": [
    {
      "RequestUri": "https://endpoint/sip?api-version=2023-03-01",
      "RequestMethod": "GET",
      "RequestHeaders": {
        "Accept": "application/json",
        "Accept-Encoding": "gzip,deflate",
        "Authorization": "Sanitized",
        "Connection": "keep-alive",
        "User-Agent": "azsdk-js-communication-phone-numbers/1.2.0-beta.5 core-rest-pipeline/1.9.2 Node/v18.13.0 OS/(x64-Windows_NT-10.0.22621)",
        "x-ms-client-request-id": "sanitized",
        "x-ms-content-sha256": "47DEQpj8HBSa\u002B/TImW\u002B5JCeuQeRkm5NMpJWZG3hSuFU=",
        "x-ms-date": "Fri, 10 Mar 2023 08:34:01 GMT"
      },
      "RequestBody": null,
      "StatusCode": 200,
      "ResponseHeaders": {
        "api-supported-versions": "2021-05-01-preview, 2022-09-01-preview, 2023-01-01-preview, 2023-03-01",
        "Content-Length": "192",
        "Content-Type": "application/json; charset=utf-8",
        "Date": "Fri, 10 Mar 2023 08:33:59 GMT",
        "MS-CV": "/IruMG3kDEGpnAAAmDrYzg.0",
        "Strict-Transport-Security": "max-age=2592000",
        "X-Azure-Ref": "0eOsKZAAAAABQ6ekZdw3HQofc6lmbjDG8UFJHMDFFREdFMDkxNQBjYzkyNzU4ZC0wNWY3LTRhZDYtYWE1ZS0wZmE5NzE4ZDg5ODU=",
        "X-Cache": "CONFIG_NOCACHE",
        "X-Processing-Time": "177ms"
      },
      "ResponseBody": {
        "trunks": {
          "test3c88f9d1daf04ac3899f4fbe1b9e7285.sanitized.sbc.test": {
            "sipSignalingPort": 8239
          },
          "testcebc099a844f48ceb43f6730ace7848e.sanitized.sbc.test": {
            "sipSignalingPort": 7348
          }
        },
        "routes": []
      }
    },
    {
      "RequestUri": "https://endpoint/sip?api-version=2023-03-01",
      "RequestMethod": "PATCH",
      "RequestHeaders": {
        "Accept": "application/json",
        "Accept-Encoding": "gzip,deflate",
        "Authorization": "Sanitized",
        "Connection": "keep-alive",
        "Content-Length": "306",
        "Content-Type": "application/merge-patch\u002Bjson",
        "User-Agent": "azsdk-js-communication-phone-numbers/1.2.0-beta.5 core-rest-pipeline/1.9.2 Node/v18.13.0 OS/(x64-Windows_NT-10.0.22621)",
        "x-ms-client-request-id": "sanitized",
        "x-ms-content-sha256": "0RrJrz\u002BJehoUai21nITyr5lKqQ/ui86OxMQ/GNUUvc8=",
        "x-ms-date": "Fri, 10 Mar 2023 08:34:01 GMT"
      },
      "RequestBody": {
        "trunks": {
          "testc9db3ae6bf464e6d9454d6e69eb2320e.sanitized.sbc.test": {
            "sipSignalingPort": 8239
          },
          "testcfb647d4de0d44e5aec246e34e7a685d.sanitized.sbc.test": {
            "sipSignalingPort": 7348
          },
          "test3c88f9d1daf04ac3899f4fbe1b9e7285.sanitized.sbc.test": null,
          "testcebc099a844f48ceb43f6730ace7848e.sanitized.sbc.test": null
        }
      },
      "StatusCode": 200,
      "ResponseHeaders": {
        "api-supported-versions": "2021-05-01-preview, 2022-09-01-preview, 2023-01-01-preview, 2023-03-01",
        "Content-Length": "192",
        "Content-Type": "application/json; charset=utf-8",
        "Date": "Fri, 10 Mar 2023 08:34:01 GMT",
        "MS-CV": "92E9oa41GkiajdOtPRBzig.0",
        "Strict-Transport-Security": "max-age=2592000",
        "X-Azure-Ref": "0eOsKZAAAAACo621h3r\u002BCRZ/Fbz/w5mFJUFJHMDFFREdFMDkxNQBjYzkyNzU4ZC0wNWY3LTRhZDYtYWE1ZS0wZmE5NzE4ZDg5ODU=",
        "X-Cache": "CONFIG_NOCACHE",
        "X-Processing-Time": "1069ms"
      },
      "ResponseBody": {
        "trunks": {
          "testc9db3ae6bf464e6d9454d6e69eb2320e.sanitized.sbc.test": {
            "sipSignalingPort": 8239
          },
          "testcfb647d4de0d44e5aec246e34e7a685d.sanitized.sbc.test": {
            "sipSignalingPort": 7348
          }
        },
        "routes": []
      }
    },
    {
      "RequestUri": "https://endpoint/sip?api-version=2023-03-01",
      "RequestMethod": "GET",
      "RequestHeaders": {
        "Accept": "application/json",
        "Accept-Encoding": "gzip,deflate",
        "Authorization": "Sanitized",
        "Connection": "keep-alive",
        "User-Agent": "azsdk-js-communication-phone-numbers/1.2.0-beta.5 core-rest-pipeline/1.9.2 Node/v18.13.0 OS/(x64-Windows_NT-10.0.22621)",
        "x-ms-client-request-id": "sanitized",
        "x-ms-content-sha256": "47DEQpj8HBSa\u002B/TImW\u002B5JCeuQeRkm5NMpJWZG3hSuFU=",
        "x-ms-date": "Fri, 10 Mar 2023 08:34:02 GMT"
      },
      "RequestBody": null,
      "StatusCode": 200,
      "ResponseHeaders": {
        "api-supported-versions": "2021-05-01-preview, 2022-09-01-preview, 2023-01-01-preview, 2023-03-01",
        "Content-Length": "192",
        "Content-Type": "application/json; charset=utf-8",
        "Date": "Fri, 10 Mar 2023 08:34:01 GMT",
        "MS-CV": "FZZHoAZ3FE6kZKozbJam2w.0",
        "Strict-Transport-Security": "max-age=2592000",
        "X-Azure-Ref": "0eesKZAAAAADPzB6nOHDvSL8ISNSgyWyuUFJHMDFFREdFMDkxNQBjYzkyNzU4ZC0wNWY3LTRhZDYtYWE1ZS0wZmE5NzE4ZDg5ODU=",
        "X-Cache": "CONFIG_NOCACHE",
        "X-Processing-Time": "169ms"
      },
      "ResponseBody": {
        "trunks": {
          "testc9db3ae6bf464e6d9454d6e69eb2320e.sanitized.sbc.test": {
            "sipSignalingPort": 8239
          },
          "testcfb647d4de0d44e5aec246e34e7a685d.sanitized.sbc.test": {
            "sipSignalingPort": 7348
          }
        },
        "routes": []
      }
    },
    {
      "RequestUri": "https://endpoint/sip?api-version=2023-03-01",
      "RequestMethod": "PATCH",
      "RequestHeaders": {
        "Accept": "application/json",
        "Accept-Encoding": "gzip,deflate",
        "Authorization": "Sanitized",
        "Connection": "keep-alive",
        "Content-Length": "180",
        "Content-Type": "application/merge-patch\u002Bjson",
        "User-Agent": "azsdk-js-communication-phone-numbers/1.2.0-beta.5 core-rest-pipeline/1.9.2 Node/v18.13.0 OS/(x64-Windows_NT-10.0.22621)",
        "x-ms-client-request-id": "sanitized",
        "x-ms-content-sha256": "DVMnuhouM2XJoQsx2JENnWfrqLBcpJTqnqE2j8PITUM=",
        "x-ms-date": "Fri, 10 Mar 2023 08:34:03 GMT"
      },
      "RequestBody": {
        "trunks": {
          "testc9db3ae6bf464e6d9454d6e69eb2320e.sanitized.sbc.test": {
            "sipSignalingPort": 6789
          },
          "testcfb647d4de0d44e5aec246e34e7a685d.sanitized.sbc.test": {
            "sipSignalingPort": 9876
          }
        }
      },
      "StatusCode": 200,
      "ResponseHeaders": {
        "api-supported-versions": "2021-05-01-preview, 2022-09-01-preview, 2023-01-01-preview, 2023-03-01",
        "Content-Length": "192",
        "Content-Type": "application/json; charset=utf-8",
        "Date": "Fri, 10 Mar 2023 08:34:02 GMT",
        "MS-CV": "\u002BR\u002Bqjfw1sUOEKPQ4nTdtzw.0",
        "Strict-Transport-Security": "max-age=2592000",
        "X-Azure-Ref": "0eusKZAAAAACDbL9UzwOGTKHVnSEhRzO5UFJHMDFFREdFMDkxNQBjYzkyNzU4ZC0wNWY3LTRhZDYtYWE1ZS0wZmE5NzE4ZDg5ODU=",
        "X-Cache": "CONFIG_NOCACHE",
        "X-Processing-Time": "436ms"
      },
      "ResponseBody": {
        "trunks": {
          "testc9db3ae6bf464e6d9454d6e69eb2320e.sanitized.sbc.test": {
            "sipSignalingPort": 6789
          },
          "testcfb647d4de0d44e5aec246e34e7a685d.sanitized.sbc.test": {
            "sipSignalingPort": 9876
          }
        },
        "routes": []
      }
    },
    {
      "RequestUri": "https://endpoint/sip?api-version=2023-03-01",
      "RequestMethod": "GET",
      "RequestHeaders": {
        "Accept": "application/json",
        "Accept-Encoding": "gzip,deflate",
        "Authorization": "Sanitized",
        "Connection": "keep-alive",
        "User-Agent": "azsdk-js-communication-phone-numbers/1.2.0-beta.5 core-rest-pipeline/1.9.2 Node/v18.13.0 OS/(x64-Windows_NT-10.0.22621)",
        "x-ms-client-request-id": "sanitized",
        "x-ms-content-sha256": "47DEQpj8HBSa\u002B/TImW\u002B5JCeuQeRkm5NMpJWZG3hSuFU=",
        "x-ms-date": "Fri, 10 Mar 2023 08:34:03 GMT"
      },
      "RequestBody": null,
      "StatusCode": 200,
      "ResponseHeaders": {
        "api-supported-versions": "2021-05-01-preview, 2022-09-01-preview, 2023-01-01-preview, 2023-03-01",
        "Content-Length": "192",
        "Content-Type": "application/json; charset=utf-8",
        "Date": "Fri, 10 Mar 2023 08:34:02 GMT",
        "MS-CV": "KAYQiiVuGEqYXtvFG1MUCA.0",
        "Strict-Transport-Security": "max-age=2592000",
        "X-Azure-Ref": "0eusKZAAAAADkgmH5/iizQbS\u002BpAATqoUEUFJHMDFFREdFMDkxNQBjYzkyNzU4ZC0wNWY3LTRhZDYtYWE1ZS0wZmE5NzE4ZDg5ODU=",
        "X-Cache": "CONFIG_NOCACHE",
        "X-Processing-Time": "163ms"
      },
      "ResponseBody": {
        "trunks": {
          "testc9db3ae6bf464e6d9454d6e69eb2320e.sanitized.sbc.test": {
            "sipSignalingPort": 6789
          },
          "testcfb647d4de0d44e5aec246e34e7a685d.sanitized.sbc.test": {
            "sipSignalingPort": 9876
          }
        },
        "routes": []
      }
    }
  ],
  "Variables": {
    "fqdn-1": "testc9db3ae6bf464e6d9454d6e69eb2320e.sanitized.sbc.test",
    "fqdn-2": "testcfb647d4de0d44e5aec246e34e7a685d.sanitized.sbc.test"
  }
}
