{
  "Entries": [
    {
      "RequestUri": "https://endpoint/sip?api-version=2023-03-01",
      "RequestMethod": "GET",
      "RequestHeaders": {
        "Accept": "application/json",
        "Accept-Encoding": "gzip,deflate",
        "Authorization": "Sanitized",
        "Connection": "keep-alive",
        "User-Agent": "azsdk-js-communication-phone-numbers/1.2.0-beta.5 core-rest-pipeline/1.9.2 Node/v18.13.0 OS/(x64-Windows_NT-10.0.22621)",
        "x-ms-client-request-id": "sanitized",
        "x-ms-content-sha256": "47DEQpj8HBSa\u002B/TImW\u002B5JCeuQeRkm5NMpJWZG3hSuFU=",
        "x-ms-date": "Fri, 10 Mar 2023 08:33:58 GMT"
      },
      "RequestBody": null,
      "StatusCode": 200,
      "ResponseHeaders": {
        "api-supported-versions": "2021-05-01-preview, 2022-09-01-preview, 2023-01-01-preview, 2023-03-01",
        "Content-Length": "192",
        "Content-Type": "application/json; charset=utf-8",
        "Date": "Fri, 10 Mar 2023 08:33:57 GMT",
        "MS-CV": "01OXTGRB1ECNZ13wZtEqeg.0",
        "Strict-Transport-Security": "max-age=2592000",
        "X-Azure-Ref": "0desKZAAAAADuwasr5ya9SZgTvOQ13lqEUFJHMDFFREdFMDkxNQBjYzkyNzU4ZC0wNWY3LTRhZDYtYWE1ZS0wZmE5NzE4ZDg5ODU=",
        "X-Cache": "CONFIG_NOCACHE",
        "X-Processing-Time": "173ms"
      },
      "ResponseBody": {
        "trunks": {
          "test8a528eea1bfa42dd8848ab9ed02f982a.sanitized.sbc.test": {
            "sipSignalingPort": 1231
          },
          "testa3939e6dbd174997b878a1d152556eeb.sanitized.sbc.test": {
            "sipSignalingPort": 6789
          }
        },
        "routes": []
      }
    },
    {
      "RequestUri": "https://endpoint/sip?api-version=2023-03-01",
      "RequestMethod": "PATCH",
      "RequestHeaders": {
        "Accept": "application/json",
        "Accept-Encoding": "gzip,deflate",
        "Authorization": "Sanitized",
        "Connection": "keep-alive",
        "Content-Length": "138",
        "Content-Type": "application/merge-patch\u002Bjson",
        "User-Agent": "azsdk-js-communication-phone-numbers/1.2.0-beta.5 core-rest-pipeline/1.9.2 Node/v18.13.0 OS/(x64-Windows_NT-10.0.22621)",
        "x-ms-client-request-id": "sanitized",
        "x-ms-content-sha256": "Zc/xVUVj57o9XTXcQJTZrv\u002BDAOHF4WAu0qpocmQu6N0=",
        "x-ms-date": "Fri, 10 Mar 2023 08:33:58 GMT"
      },
      "RequestBody": {
        "trunks": {
          "test8a528eea1bfa42dd8848ab9ed02f982a.sanitized.sbc.test": null,
          "testa3939e6dbd174997b878a1d152556eeb.sanitized.sbc.test": null
        }
      },
      "StatusCode": 200,
      "ResponseHeaders": {
        "api-supported-versions": "2021-05-01-preview, 2022-09-01-preview, 2023-01-01-preview, 2023-03-01",
        "Content-Length": "25",
        "Content-Type": "application/json; charset=utf-8",
        "Date": "Fri, 10 Mar 2023 08:33:57 GMT",
        "MS-CV": "Z\u002BXc0iod7E24X\u002BPLP6u2lg.0",
        "Strict-Transport-Security": "max-age=2592000",
        "X-Azure-Ref": "0desKZAAAAABRu52ekkhgSaZMvYXOrGKiUFJHMDFFREdFMDkxNQBjYzkyNzU4ZC0wNWY3LTRhZDYtYWE1ZS0wZmE5NzE4ZDg5ODU=",
        "X-Cache": "CONFIG_NOCACHE",
        "X-Processing-Time": "404ms"
      },
      "ResponseBody": {
        "trunks": {},
        "routes": []
      }
    },
    {
      "RequestUri": "https://endpoint/sip?api-version=2023-03-01",
      "RequestMethod": "GET",
      "RequestHeaders": {
        "Accept": "application/json",
        "Accept-Encoding": "gzip,deflate",
        "Authorization": "Sanitized",
        "Connection": "keep-alive",
        "User-Agent": "azsdk-js-communication-phone-numbers/1.2.0-beta.5 core-rest-pipeline/1.9.2 Node/v18.13.0 OS/(x64-Windows_NT-10.0.22621)",
        "x-ms-client-request-id": "sanitized",
        "x-ms-content-sha256": "47DEQpj8HBSa\u002B/TImW\u002B5JCeuQeRkm5NMpJWZG3hSuFU=",
        "x-ms-date": "Fri, 10 Mar 2023 08:33:59 GMT"
      },
      "RequestBody": null,
      "StatusCode": 200,
      "ResponseHeaders": {
        "api-supported-versions": "2021-05-01-preview, 2022-09-01-preview, 2023-01-01-preview, 2023-03-01",
        "Content-Length": "25",
        "Content-Type": "application/json; charset=utf-8",
        "Date": "Fri, 10 Mar 2023 08:33:57 GMT",
        "MS-CV": "LypYv0KH50W3LKDhX33DGQ.0",
        "Strict-Transport-Security": "max-age=2592000",
        "X-Azure-Ref": "0dusKZAAAAACs57QQO6iVRLsCJ9pLJVprUFJHMDFFREdFMDkxNQBjYzkyNzU4ZC0wNWY3LTRhZDYtYWE1ZS0wZmE5NzE4ZDg5ODU=",
        "X-Cache": "CONFIG_NOCACHE",
        "X-Processing-Time": "169ms"
      },
      "ResponseBody": {
        "trunks": {},
        "routes": []
      }
    },
    {
      "RequestUri": "https://endpoint/sip?api-version=2023-03-01",
      "RequestMethod": "PATCH",
      "RequestHeaders": {
        "Accept": "application/json",
        "Accept-Encoding": "gzip,deflate",
        "Authorization": "Sanitized",
        "Connection": "keep-alive",
        "Content-Length": "180",
        "Content-Type": "application/merge-patch\u002Bjson",
        "User-Agent": "azsdk-js-communication-phone-numbers/1.2.0-beta.5 core-rest-pipeline/1.9.2 Node/v18.13.0 OS/(x64-Windows_NT-10.0.22621)",
        "x-ms-client-request-id": "sanitized",
        "x-ms-content-sha256": "6Ofog1sYs0ZCZjekb3rYM\u002BXbxtU9eAVfTRGLUit4wjk=",
        "x-ms-date": "Fri, 10 Mar 2023 08:33:59 GMT"
      },
      "RequestBody": {
        "trunks": {
          "test3c88f9d1daf04ac3899f4fbe1b9e7285.sanitized.sbc.test": {
            "sipSignalingPort": 8239
          },
          "testcebc099a844f48ceb43f6730ace7848e.sanitized.sbc.test": {
            "sipSignalingPort": 7348
          }
        }
      },
      "StatusCode": 200,
      "ResponseHeaders": {
        "api-supported-versions": "2021-05-01-preview, 2022-09-01-preview, 2023-01-01-preview, 2023-03-01",
        "Content-Length": "192",
        "Content-Type": "application/json; charset=utf-8",
        "Date": "Fri, 10 Mar 2023 08:33:59 GMT",
        "MS-CV": "SwMrr8OV00mM/RDLuPOwoA.0",
        "Strict-Transport-Security": "max-age=2592000",
        "X-Azure-Ref": "0dusKZAAAAAAkn3OxjfudS5bMsxeKTmHgUFJHMDFFREdFMDkxNQBjYzkyNzU4ZC0wNWY3LTRhZDYtYWE1ZS0wZmE5NzE4ZDg5ODU=",
        "X-Cache": "CONFIG_NOCACHE",
        "X-Processing-Time": "1011ms"
      },
      "ResponseBody": {
        "trunks": {
          "test3c88f9d1daf04ac3899f4fbe1b9e7285.sanitized.sbc.test": {
            "sipSignalingPort": 8239
          },
          "testcebc099a844f48ceb43f6730ace7848e.sanitized.sbc.test": {
            "sipSignalingPort": 7348
          }
        },
        "routes": []
      }
    },
    {
      "RequestUri": "https://endpoint/sip?api-version=2023-03-01",
      "RequestMethod": "GET",
      "RequestHeaders": {
        "Accept": "application/json",
        "Accept-Encoding": "gzip,deflate",
        "Authorization": "Sanitized",
        "Connection": "keep-alive",
        "User-Agent": "azsdk-js-communication-phone-numbers/1.2.0-beta.5 core-rest-pipeline/1.9.2 Node/v18.13.0 OS/(x64-Windows_NT-10.0.22621)",
        "x-ms-client-request-id": "sanitized",
        "x-ms-content-sha256": "47DEQpj8HBSa\u002B/TImW\u002B5JCeuQeRkm5NMpJWZG3hSuFU=",
        "x-ms-date": "Fri, 10 Mar 2023 08:34:00 GMT"
      },
      "RequestBody": null,
      "StatusCode": 200,
      "ResponseHeaders": {
        "api-supported-versions": "2021-05-01-preview, 2022-09-01-preview, 2023-01-01-preview, 2023-03-01",
        "Content-Length": "192",
        "Content-Type": "application/json; charset=utf-8",
        "Date": "Fri, 10 Mar 2023 08:33:59 GMT",
        "MS-CV": "vp0N43D6r023SiiJIgvDbA.0",
        "Strict-Transport-Security": "max-age=2592000",
        "X-Azure-Ref": "0d\u002BsKZAAAAAD414rRw2t5QZBdeN6fHXVCUFJHMDFFREdFMDkxNQBjYzkyNzU4ZC0wNWY3LTRhZDYtYWE1ZS0wZmE5NzE4ZDg5ODU=",
        "X-Cache": "CONFIG_NOCACHE",
        "X-Processing-Time": "167ms"
      },
      "ResponseBody": {
        "trunks": {
          "test3c88f9d1daf04ac3899f4fbe1b9e7285.sanitized.sbc.test": {
            "sipSignalingPort": 8239
          },
          "testcebc099a844f48ceb43f6730ace7848e.sanitized.sbc.test": {
            "sipSignalingPort": 7348
          }
        },
        "routes": []
      }
    }
  ],
  "Variables": {
    "fqdn-1": "test3c88f9d1daf04ac3899f4fbe1b9e7285.sanitized.sbc.test",
    "fqdn-2": "testcebc099a844f48ceb43f6730ace7848e.sanitized.sbc.test"
  }
}
