{
  "Entries": [
    {
      "RequestUri": "https://endpoint/sip?api-version=2023-04-01-preview",
      "RequestMethod": "PATCH",
      "RequestHeaders": {
        "Accept": "application/json",
        "Accept-Encoding": "gzip,deflate",
        "Authorization": "Sanitized",
        "Connection": "keep-alive",
        "Content-Length": "248",
        "Content-Type": "application/merge-patch\u002Bjson",
        "User-Agent": "azsdk-js-communication-phone-numbers/1.3.0-alpha.20230820.1 core-rest-pipeline/1.12.3 Node/v18.18.0 OS/(x64-Windows_NT-10.0.22621)",
        "x-ms-client-request-id": "sanitized",
        "x-ms-content-sha256": "k9MKRhr2sj0JYbqfU1N0qu/\u002BWY6AyZMenqOcweHbCUM=",
        "x-ms-date": "Wed, 22 Nov 2023 11:16:29 GMT",
        "x-ms-useragent": "fake-useragent"
      },
      "RequestBody": {
        "routes": [
          {
            "description": "myFirstRoute\u0027s description",
            "name": "myFirstRoute",
            "numberPattern": "^\u002B[1-9][0-9]{3,23}$",
            "trunks": []
          },
          {
            "description": "mySecondRoute\u0027s description",
            "name": "mySecondRoute",
            "numberPattern": "^\u002B[1-9][0-9]{3,23}$",
            "trunks": []
          }
        ]
      },
      "StatusCode": 200,
      "ResponseHeaders": {
        "api-supported-versions": "2023-03-01, 2023-04-01-preview",
        "Content-Length": "519",
        "Content-Type": "application/json; charset=utf-8",
        "Date": "Wed, 22 Nov 2023 11:16:28 GMT",
        "MS-CV": "n0WLGg2oTkK6FS1BboECGg.0",
        "Strict-Transport-Security": "max-age=2592000",
        "X-Azure-Ref": "0DONdZQAAAABp0ZxUqx1zT64VG/yqHkyvUFJHMDFFREdFMDkxNQA5ZmM3YjUxOS1hOGNjLTRmODktOTM1ZS1jOTE0OGFlMDllODE=",
        "X-Cache": "CONFIG_NOCACHE",
        "X-Processing-Time": "351ms"
      },
      "ResponseBody": {
        "domains": {
          "nostojic.test.domain": {
            "enabled": true
          },
          "sanitized.sbc.test": {
            "enabled": true
          },
          "testdomain.com": {
            "enabled": true
          }
        },
        "trunks": {
          "test1.sanitized.sbc.test": {
            "sipSignalingPort": 8239,
            "enabled": true
          },
          "test2.sanitized.sbc.test": {
            "sipSignalingPort": 7348,
            "enabled": true
          }
        },
        "routes": [
          {
            "description": "myFirstRoute\u0027s description",
            "name": "myFirstRoute",
            "numberPattern": "^\u002B[1-9][0-9]{3,23}$",
            "trunks": []
          },
          {
            "description": "mySecondRoute\u0027s description",
            "name": "mySecondRoute",
            "numberPattern": "^\u002B[1-9][0-9]{3,23}$",
            "trunks": []
          }
        ]
      }
    },
    {
      "RequestUri": "https://endpoint/sip?api-version=2023-04-01-preview",
      "RequestMethod": "GET",
      "RequestHeaders": {
        "Accept": "application/json",
        "Accept-Encoding": "gzip,deflate",
        "Authorization": "Sanitized",
        "Connection": "keep-alive",
        "User-Agent": "azsdk-js-communication-phone-numbers/1.3.0-alpha.20230820.1 core-rest-pipeline/1.12.3 Node/v18.18.0 OS/(x64-Windows_NT-10.0.22621)",
        "x-ms-client-request-id": "sanitized",
        "x-ms-content-sha256": "47DEQpj8HBSa\u002B/TImW\u002B5JCeuQeRkm5NMpJWZG3hSuFU=",
        "x-ms-date": "Wed, 22 Nov 2023 11:16:30 GMT",
        "x-ms-useragent": "fake-useragent"
      },
      "RequestBody": null,
      "StatusCode": 200,
      "ResponseHeaders": {
        "api-supported-versions": "2023-03-01, 2023-04-01-preview",
        "Content-Length": "519",
        "Content-Type": "application/json; charset=utf-8",
        "Date": "Wed, 22 Nov 2023 11:16:28 GMT",
        "MS-CV": "ElUNiBQFZU\u002Bj1ovaf/s8tg.0",
        "Strict-Transport-Security": "max-age=2592000",
        "X-Azure-Ref": "0DeNdZQAAAABg7Yfs/pCKRp1quPtMb60tUFJHMDFFREdFMDkxNQA5ZmM3YjUxOS1hOGNjLTRmODktOTM1ZS1jOTE0OGFlMDllODE=",
        "X-Cache": "CONFIG_NOCACHE",
        "X-Processing-Time": "207ms"
      },
      "ResponseBody": {
        "domains": {
          "nostojic.test.domain": {
            "enabled": true
          },
          "sanitized.sbc.test": {
            "enabled": true
          },
          "testdomain.com": {
            "enabled": true
          }
        },
        "trunks": {
          "test1.sanitized.sbc.test": {
            "sipSignalingPort": 8239,
            "enabled": true
          },
          "test2.sanitized.sbc.test": {
            "sipSignalingPort": 7348,
            "enabled": true
          }
        },
        "routes": [
          {
            "description": "myFirstRoute\u0027s description",
            "name": "myFirstRoute",
            "numberPattern": "^\u002B[1-9][0-9]{3,23}$",
            "trunks": []
          },
          {
            "description": "mySecondRoute\u0027s description",
            "name": "mySecondRoute",
            "numberPattern": "^\u002B[1-9][0-9]{3,23}$",
            "trunks": []
          }
        ]
      }
    },
    {
      "RequestUri": "https://endpoint/sip?api-version=2023-04-01-preview",
      "RequestMethod": "PATCH",
      "RequestHeaders": {
        "Accept": "application/json",
        "Accept-Encoding": "gzip,deflate",
        "Authorization": "Sanitized",
        "Connection": "keep-alive",
        "Content-Length": "212",
        "Content-Type": "application/merge-patch\u002Bjson",
        "User-Agent": "azsdk-js-communication-phone-numbers/1.3.0-alpha.20230820.1 core-rest-pipeline/1.12.3 Node/v18.18.0 OS/(x64-Windows_NT-10.0.22621)",
        "x-ms-client-request-id": "sanitized",
        "x-ms-content-sha256": "utYnem/n7pBf3NWO6grK53uhgdtGMF27hhs0AYSeG7g=",
        "x-ms-date": "Wed, 22 Nov 2023 11:16:30 GMT",
        "x-ms-useragent": "fake-useragent"
      },
      "RequestBody": {
        "trunks": {
          "test3.sanitized.sbc.test": {
            "sipSignalingPort": 5678,
            "enabled": true
          },
          "test4.sanitized.sbc.test": {
            "sipSignalingPort": 5678,
            "enabled": true
          },
          "test1.sanitized.sbc.test": null,
          "test2.sanitized.sbc.test": null
        }
      },
      "StatusCode": 200,
      "ResponseHeaders": {
        "api-supported-versions": "2023-03-01, 2023-04-01-preview",
        "Content-Length": "519",
        "Content-Type": "application/json; charset=utf-8",
        "Date": "Wed, 22 Nov 2023 11:16:29 GMT",
        "MS-CV": "uSjjSLVlx0K1ARnuNYqgpA.0",
        "Strict-Transport-Security": "max-age=2592000",
        "X-Azure-Ref": "0DeNdZQAAAABhXg16BaDaR6viHB20fBJSUFJHMDFFREdFMDkxNQA5ZmM3YjUxOS1hOGNjLTRmODktOTM1ZS1jOTE0OGFlMDllODE=",
        "X-Cache": "CONFIG_NOCACHE",
        "X-Processing-Time": "565ms"
      },
      "ResponseBody": {
        "domains": {
          "nostojic.test.domain": {
            "enabled": true
          },
          "sanitized.sbc.test": {
            "enabled": true
          },
          "testdomain.com": {
            "enabled": true
          }
        },
        "trunks": {
          "test3.sanitized.sbc.test": {
            "sipSignalingPort": 5678,
            "enabled": true
          },
          "test4.sanitized.sbc.test": {
            "sipSignalingPort": 5678,
            "enabled": true
          }
        },
        "routes": [
          {
            "description": "myFirstRoute\u0027s description",
            "name": "myFirstRoute",
            "numberPattern": "^\u002B[1-9][0-9]{3,23}$",
            "trunks": []
          },
          {
            "description": "mySecondRoute\u0027s description",
            "name": "mySecondRoute",
            "numberPattern": "^\u002B[1-9][0-9]{3,23}$",
            "trunks": []
          }
        ]
      }
    },
    {
      "RequestUri": "https://endpoint/sip?api-version=2023-04-01-preview",
      "RequestMethod": "GET",
      "RequestHeaders": {
        "Accept": "application/json",
        "Accept-Encoding": "gzip,deflate",
        "Authorization": "Sanitized",
        "Connection": "keep-alive",
        "User-Agent": "azsdk-js-communication-phone-numbers/1.3.0-alpha.20230820.1 core-rest-pipeline/1.12.3 Node/v18.18.0 OS/(x64-Windows_NT-10.0.22621)",
        "x-ms-client-request-id": "sanitized",
        "x-ms-content-sha256": "47DEQpj8HBSa\u002B/TImW\u002B5JCeuQeRkm5NMpJWZG3hSuFU=",
        "x-ms-date": "Wed, 22 Nov 2023 11:16:31 GMT",
        "x-ms-useragent": "fake-useragent"
      },
      "RequestBody": null,
      "StatusCode": 200,
      "ResponseHeaders": {
        "api-supported-versions": "2023-03-01, 2023-04-01-preview",
        "Content-Length": "519",
        "Content-Type": "application/json; charset=utf-8",
        "Date": "Wed, 22 Nov 2023 11:16:29 GMT",
        "MS-CV": "J02C9u7660qMY/p8Ia2Xfg.0",
        "Strict-Transport-Security": "max-age=2592000",
        "X-Azure-Ref": "0DuNdZQAAAABotFv0CZrxRajIogW0twfNUFJHMDFFREdFMDkxNQA5ZmM3YjUxOS1hOGNjLTRmODktOTM1ZS1jOTE0OGFlMDllODE=",
        "X-Cache": "CONFIG_NOCACHE",
        "X-Processing-Time": "232ms"
      },
      "ResponseBody": {
        "domains": {
          "nostojic.test.domain": {
            "enabled": true
          },
          "sanitized.sbc.test": {
            "enabled": true
          },
          "testdomain.com": {
            "enabled": true
          }
        },
        "trunks": {
          "test3.sanitized.sbc.test": {
            "sipSignalingPort": 5678,
            "enabled": true
          },
          "test4.sanitized.sbc.test": {
            "sipSignalingPort": 5678,
            "enabled": true
          }
        },
        "routes": [
          {
            "description": "myFirstRoute\u0027s description",
            "name": "myFirstRoute",
            "numberPattern": "^\u002B[1-9][0-9]{3,23}$",
            "trunks": []
          },
          {
            "description": "mySecondRoute\u0027s description",
            "name": "mySecondRoute",
            "numberPattern": "^\u002B[1-9][0-9]{3,23}$",
            "trunks": []
          }
        ]
      }
    },
    {
      "RequestUri": "https://endpoint/sip?api-version=2023-04-01-preview",
      "RequestMethod": "GET",
      "RequestHeaders": {
        "Accept": "application/json",
        "Accept-Encoding": "gzip,deflate",
        "Authorization": "Sanitized",
        "Connection": "keep-alive",
        "User-Agent": "azsdk-js-communication-phone-numbers/1.3.0-alpha.20230820.1 core-rest-pipeline/1.12.3 Node/v18.18.0 OS/(x64-Windows_NT-10.0.22621)",
        "x-ms-client-request-id": "sanitized",
        "x-ms-content-sha256": "47DEQpj8HBSa\u002B/TImW\u002B5JCeuQeRkm5NMpJWZG3hSuFU=",
        "x-ms-date": "Wed, 22 Nov 2023 11:16:31 GMT",
        "x-ms-useragent": "fake-useragent"
      },
      "RequestBody": null,
      "StatusCode": 200,
      "ResponseHeaders": {
        "api-supported-versions": "2023-03-01, 2023-04-01-preview",
        "Content-Length": "519",
        "Content-Type": "application/json; charset=utf-8",
        "Date": "Wed, 22 Nov 2023 11:16:30 GMT",
        "MS-CV": "Z8/u5Z/YpUOfemxxdOLEhQ.0",
        "Strict-Transport-Security": "max-age=2592000",
        "X-Azure-Ref": "0DuNdZQAAAAD2S9aC0rNfQqNkPJ0BfaVrUFJHMDFFREdFMDkxNQA5ZmM3YjUxOS1hOGNjLTRmODktOTM1ZS1jOTE0OGFlMDllODE=",
        "X-Cache": "CONFIG_NOCACHE",
        "X-Processing-Time": "565ms"
      },
      "ResponseBody": {
        "domains": {
          "nostojic.test.domain": {
            "enabled": true
          },
          "sanitized.sbc.test": {
            "enabled": true
          },
          "testdomain.com": {
            "enabled": true
          }
        },
        "trunks": {
          "test3.sanitized.sbc.test": {
            "sipSignalingPort": 5678,
            "enabled": true
          },
          "test4.sanitized.sbc.test": {
            "sipSignalingPort": 5678,
            "enabled": true
          }
        },
        "routes": [
          {
            "description": "myFirstRoute\u0027s description",
            "name": "myFirstRoute",
            "numberPattern": "^\u002B[1-9][0-9]{3,23}$",
            "trunks": []
          },
          {
            "description": "mySecondRoute\u0027s description",
            "name": "mySecondRoute",
            "numberPattern": "^\u002B[1-9][0-9]{3,23}$",
            "trunks": []
          }
        ]
      }
    }
  ],
  "Variables": {
    "fqdn-1": "test1.sanitized.sbc.test",
    "fqdn-2": "test2.sanitized.sbc.test",
    "fqdn-3": "test3.sanitized.sbc.test",
    "fqdn-4": "test4.sanitized.sbc.test"
  }
}
