{
  "Entries": [
    {
      "RequestUri": "https://endpoint/formrecognizer/documentModels/prebuilt-invoice:analyze?api-version=2022-08-31",
      "RequestMethod": "POST",
      "RequestHeaders": {
        "Accept": "application/json",
        "Accept-Encoding": "gzip,deflate",
        "Connection": "keep-alive",
        "Content-Length": "73",
        "Content-Type": "application/json",
        "Ocp-Apim-Subscription-Key": "api_key",
        "User-Agent": "azsdk-js-ai-form-recognizer/4.0.0 core-rest-pipeline/1.9.2 Node/v16.15.1 OS/(x64-Linux-5.18.17-200.fc36.x86_64)",
        "x-ms-client-request-id": "2686d912-f55b-4790-9b45-c1a7f251c3ff"
      },
      "RequestBody": {
        "urlSource": "https://storageaccount/testingdata/Invoice_1.pdf?sastoken"
      },
      "StatusCode": 202,
      "ResponseHeaders": {
        "apim-request-id": "95283013-f3be-4fe5-960b-4e25ea6db4fa",
        "Content-Length": "0",
        "Date": "Thu, 25 Aug 2022 16:08:52 GMT",
        "Operation-Location": "https://endpoint/formrecognizer/documentModels/prebuilt-invoice/analyzeResults/95283013-f3be-4fe5-960b-4e25ea6db4fa?api-version=2022-08-31",
        "Strict-Transport-Security": "max-age=31536000; includeSubDomains; preload",
        "X-Content-Type-Options": "nosniff",
        "x-envoy-upstream-service-time": "268"
      },
      "ResponseBody": null
    },
    {
      "RequestUri": "https://endpoint/formrecognizer/documentModels/prebuilt-invoice/analyzeResults/95283013-f3be-4fe5-960b-4e25ea6db4fa?api-version=2022-08-31",
      "RequestMethod": "GET",
      "RequestHeaders": {
        "Accept": "application/json",
        "Accept-Encoding": "gzip,deflate",
        "Connection": "keep-alive",
        "Ocp-Apim-Subscription-Key": "api_key",
        "User-Agent": "azsdk-js-ai-form-recognizer/4.0.0 core-rest-pipeline/1.9.2 Node/v16.15.1 OS/(x64-Linux-5.18.17-200.fc36.x86_64)",
        "x-ms-client-request-id": "ea08b68e-e1f9-4a0e-9881-9f874ac88d37"
      },
      "RequestBody": null,
      "StatusCode": 200,
      "ResponseHeaders": {
        "apim-request-id": "ac6e0caa-25c3-4574-8c42-5577a9125044",
        "Content-Length": "106",
        "Content-Type": "application/json; charset=utf-8",
        "Date": "Thu, 25 Aug 2022 16:08:52 GMT",
        "Strict-Transport-Security": "max-age=31536000; includeSubDomains; preload",
        "X-Content-Type-Options": "nosniff",
        "x-envoy-upstream-service-time": "13"
      },
      "ResponseBody": {
        "status": "running",
        "createdDateTime": "2022-08-25T16:08:53Z",
        "lastUpdatedDateTime": "2022-08-25T16:08:53Z"
      }
    },
    {
      "RequestUri": "https://endpoint/formrecognizer/documentModels/prebuilt-invoice/analyzeResults/95283013-f3be-4fe5-960b-4e25ea6db4fa?api-version=2022-08-31",
      "RequestMethod": "GET",
      "RequestHeaders": {
        "Accept": "application/json",
        "Accept-Encoding": "gzip,deflate",
        "Connection": "keep-alive",
        "Ocp-Apim-Subscription-Key": "api_key",
        "User-Agent": "azsdk-js-ai-form-recognizer/4.0.0 core-rest-pipeline/1.9.2 Node/v16.15.1 OS/(x64-Linux-5.18.17-200.fc36.x86_64)",
        "x-ms-client-request-id": "b46a16aa-74ff-4a49-a152-808821dcb9f8"
      },
      "RequestBody": null,
      "StatusCode": 200,
      "ResponseHeaders": {
        "apim-request-id": "bdc3b4c0-249a-4343-a5c7-54795a9897ab",
        "Content-Length": "106",
        "Content-Type": "application/json; charset=utf-8",
        "Date": "Thu, 25 Aug 2022 16:08:52 GMT",
        "Strict-Transport-Security": "max-age=31536000; includeSubDomains; preload",
        "X-Content-Type-Options": "nosniff",
        "x-envoy-upstream-service-time": "12"
      },
      "ResponseBody": {
        "status": "running",
        "createdDateTime": "2022-08-25T16:08:53Z",
        "lastUpdatedDateTime": "2022-08-25T16:08:53Z"
      }
    },
    {
      "RequestUri": "https://endpoint/formrecognizer/documentModels/prebuilt-invoice/analyzeResults/95283013-f3be-4fe5-960b-4e25ea6db4fa?api-version=2022-08-31",
      "RequestMethod": "GET",
      "RequestHeaders": {
        "Accept": "application/json",
        "Accept-Encoding": "gzip,deflate",
        "Connection": "keep-alive",
        "Ocp-Apim-Subscription-Key": "api_key",
        "User-Agent": "azsdk-js-ai-form-recognizer/4.0.0 core-rest-pipeline/1.9.2 Node/v16.15.1 OS/(x64-Linux-5.18.17-200.fc36.x86_64)",
        "x-ms-client-request-id": "0ec89bfc-6dca-4b6f-b6fd-2e7ab3880604"
      },
      "RequestBody": null,
      "StatusCode": 200,
      "ResponseHeaders": {
        "apim-request-id": "401133d3-b332-482b-83f4-84048d190719",
        "Content-Length": "106",
        "Content-Type": "application/json; charset=utf-8",
        "Date": "Thu, 25 Aug 2022 16:08:57 GMT",
        "Strict-Transport-Security": "max-age=31536000; includeSubDomains; preload",
        "X-Content-Type-Options": "nosniff",
        "x-envoy-upstream-service-time": "13"
      },
      "ResponseBody": {
        "status": "running",
        "createdDateTime": "2022-08-25T16:08:53Z",
        "lastUpdatedDateTime": "2022-08-25T16:08:56Z"
      }
    },
    {
      "RequestUri": "https://endpoint/formrecognizer/documentModels/prebuilt-invoice/analyzeResults/95283013-f3be-4fe5-960b-4e25ea6db4fa?api-version=2022-08-31",
      "RequestMethod": "GET",
      "RequestHeaders": {
        "Accept": "application/json",
        "Accept-Encoding": "gzip,deflate",
        "Connection": "keep-alive",
        "Ocp-Apim-Subscription-Key": "api_key",
        "User-Agent": "azsdk-js-ai-form-recognizer/4.0.0 core-rest-pipeline/1.9.2 Node/v16.15.1 OS/(x64-Linux-5.18.17-200.fc36.x86_64)",
        "x-ms-client-request-id": "40a0ff5d-01a8-4722-8e0c-60cc8a999f45"
      },
      "RequestBody": null,
      "StatusCode": 200,
      "ResponseHeaders": {
        "apim-request-id": "502496c5-9bbd-4812-85fa-3e6de956d5c3",
        "Content-Length": "106",
        "Content-Type": "application/json; charset=utf-8",
        "Date": "Thu, 25 Aug 2022 16:09:03 GMT",
        "Strict-Transport-Security": "max-age=31536000; includeSubDomains; preload",
        "X-Content-Type-Options": "nosniff",
        "x-envoy-upstream-service-time": "12"
      },
      "ResponseBody": {
        "status": "running",
        "createdDateTime": "2022-08-25T16:08:53Z",
        "lastUpdatedDateTime": "2022-08-25T16:08:56Z"
      }
    },
    {
      "RequestUri": "https://endpoint/formrecognizer/documentModels/prebuilt-invoice/analyzeResults/95283013-f3be-4fe5-960b-4e25ea6db4fa?api-version=2022-08-31",
      "RequestMethod": "GET",
      "RequestHeaders": {
        "Accept": "application/json",
        "Accept-Encoding": "gzip,deflate",
        "Connection": "keep-alive",
        "Ocp-Apim-Subscription-Key": "api_key",
        "User-Agent": "azsdk-js-ai-form-recognizer/4.0.0 core-rest-pipeline/1.9.2 Node/v16.15.1 OS/(x64-Linux-5.18.17-200.fc36.x86_64)",
        "x-ms-client-request-id": "0c2c6007-503f-4b6c-9f1a-5d2c4a07b72c"
      },
      "RequestBody": null,
      "StatusCode": 200,
      "ResponseHeaders": {
        "apim-request-id": "30ce1534-a25c-4e81-8b4e-ee35137b2508",
        "Content-Length": "19055",
        "Content-Type": "application/json; charset=utf-8",
        "Date": "Thu, 25 Aug 2022 16:09:07 GMT",
        "Strict-Transport-Security": "max-age=31536000; includeSubDomains; preload",
        "X-Content-Type-Options": "nosniff",
        "x-envoy-upstream-service-time": "35"
      },
      "ResponseBody": {
        "status": "succeeded",
        "createdDateTime": "2022-08-25T16:08:53Z",
        "lastUpdatedDateTime": "2022-08-25T16:09:03Z",
        "analyzeResult": {
          "apiVersion": "2022-08-31",
          "modelId": "prebuilt-invoice",
          "stringIndexType": "textElements",
          "content": "Contoso\nAddress:\n1 Redmond way Suite\n6000 Redmond, WA\n99243\nInvoice For: Microsoft\n1020 Enterprise Way\nSunnayvale, CA 87659\nInvoice Number\nInvoice Date\nInvoice Due Date\nCharges\nVAT ID\n34278587\n6/18/2017\n6/24/2017\n$56,651.49\nPT",
          "pages": [
            {
              "pageNumber": 1,
              "angle": 0,
              "width": 8.5,
              "height": 11,
              "unit": "inch",
              "words": [
                {
                  "content": "Contoso",
                  "polygon": [
                    0.5384,
                    1.1583,
                    1.4466,
                    1.1583,
                    1.4466,
                    1.3534,
                    0.5384,
                    1.3534
                  ],
                  "confidence": 1,
                  "span": {
                    "offset": 0,
                    "length": 7
                  }
                },
                {
                  "content": "Address:",
                  "polygon": [
                    0.7994,
                    1.5143,
                    1.3836,
                    1.5143,
                    1.3836,
                    1.6154,
                    0.7994,
                    1.6154
                  ],
                  "confidence": 1,
                  "span": {
                    "offset": 8,
                    "length": 8
                  }
                },
                {
                  "content": "1",
                  "polygon": [
                    0.8106,
                    1.708,
                    0.8463,
                    1.708,
                    0.8463,
                    1.8053,
                    0.8106,
                    1.8053
                  ],
                  "confidence": 1,
                  "span": {
                    "offset": 17,
                    "length": 1
                  }
                },
                {
                  "content": "Redmond",
                  "polygon": [
                    0.923,
                    1.7047,
                    1.5018,
                    1.7047,
                    1.5018,
                    1.8068,
                    0.923,
                    1.8068
                  ],
                  "confidence": 1,
                  "span": {
                    "offset": 19,
                    "length": 7
                  }
                },
                {
                  "content": "way",
                  "polygon": [
                    1.5506,
                    1.7309,
                    1.7949,
                    1.7309,
                    1.7949,
                    1.8342,
                    1.5506,
                    1.8342
                  ],
                  "confidence": 1,
                  "span": {
                    "offset": 27,
                    "length": 3
                  }
                },
                {
                  "content": "Suite",
                  "polygon": [
                    1.8415,
                    1.7033,
                    2.1445,
                    1.7033,
                    2.1445,
                    1.8078,
                    1.8415,
                    1.8078
                  ],
                  "confidence": 1,
                  "span": {
                    "offset": 31,
                    "length": 5
                  }
                },
                {
                  "content": "6000",
                  "polygon": [
                    0.8019,
                    1.896,
                    1.0991,
                    1.896,
                    1.0991,
                    1.9994,
                    0.8019,
                    1.9994
                  ],
                  "confidence": 1,
                  "span": {
                    "offset": 37,
                    "length": 4
                  }
                },
                {
                  "content": "Redmond,",
                  "polygon": [
                    1.1537,
                    1.8964,
                    1.7689,
                    1.8964,
                    1.7689,
                    2.0171,
                    1.1537,
                    2.0171
                  ],
                  "confidence": 1,
                  "span": {
                    "offset": 42,
                    "length": 8
                  }
                },
                {
                  "content": "WA",
                  "polygon": [
                    1.8196,
                    1.8976,
                    2.0384,
                    1.8976,
                    2.0384,
                    1.9969,
                    1.8196,
                    1.9969
                  ],
                  "confidence": 1,
                  "span": {
                    "offset": 51,
                    "length": 2
                  }
                },
                {
                  "content": "99243",
                  "polygon": [
                    0.8025,
                    2.0876,
                    1.175,
                    2.0876,
                    1.175,
                    2.1911,
                    0.8025,
                    2.1911
                  ],
                  "confidence": 1,
                  "span": {
                    "offset": 54,
                    "length": 5
                  }
                },
                {
                  "content": "Invoice",
                  "polygon": [
                    4.4033,
                    1.5143,
                    4.8234,
                    1.5143,
                    4.8234,
                    1.6155,
                    4.4033,
                    1.6155
                  ],
                  "confidence": 1,
                  "span": {
                    "offset": 60,
                    "length": 7
                  }
                },
                {
                  "content": "For:",
                  "polygon": [
                    4.8793,
                    1.5143,
                    5.1013,
                    1.5143,
                    5.1013,
                    1.6154,
                    4.8793,
                    1.6154
                  ],
                  "confidence": 1,
                  "span": {
                    "offset": 68,
                    "length": 4
                  }
                },
                {
                  "content": "Microsoft",
                  "polygon": [
                    5.2045,
                    1.5114,
                    5.8155,
                    1.5114,
                    5.8155,
                    1.6151,
                    5.2045,
                    1.6151
                  ],
                  "confidence": 1,
                  "span": {
                    "offset": 73,
                    "length": 9
                  }
                },
                {
                  "content": "1020",
                  "polygon": [
                    5.2036,
                    1.716,
                    5.4935,
                    1.716,
                    5.4935,
                    1.8185,
                    5.2036,
                    1.8185
                  ],
                  "confidence": 1,
                  "span": {
                    "offset": 83,
                    "length": 4
                  }
                },
                {
                  "content": "Enterprise",
                  "polygon": [
                    5.5488,
                    1.7164,
                    6.2178,
                    1.7164,
                    6.2178,
                    1.8441,
                    5.5488,
                    1.8441
                  ],
                  "confidence": 1,
                  "span": {
                    "offset": 88,
                    "length": 10
                  }
                },
                {
                  "content": "Way",
                  "polygon": [
                    6.2618,
                    1.7164,
                    6.5436,
                    1.7164,
                    6.5436,
                    1.8459,
                    6.2618,
                    1.8459
                  ],
                  "confidence": 1,
                  "span": {
                    "offset": 99,
                    "length": 3
                  }
                },
                {
                  "content": "Sunnayvale,",
                  "polygon": [
                    5.196,
                    1.9047,
                    5.9894,
                    1.9047,
                    5.9894,
                    2.0359,
                    5.196,
                    2.0359
                  ],
                  "confidence": 1,
                  "span": {
                    "offset": 103,
                    "length": 11
                  }
                },
                {
                  "content": "CA",
                  "polygon": [
                    6.0427,
                    1.9047,
                    6.2354,
                    1.9047,
                    6.2354,
                    2.0085,
                    6.0427,
                    2.0085
                  ],
                  "confidence": 1,
                  "span": {
                    "offset": 115,
                    "length": 2
                  }
                },
                {
                  "content": "87659",
                  "polygon": [
                    6.2801,
                    1.906,
                    6.6526,
                    1.906,
                    6.6526,
                    2.0086,
                    6.2801,
                    2.0086
                  ],
                  "confidence": 1,
                  "span": {
                    "offset": 118,
                    "length": 5
                  }
                },
                {
                  "content": "Invoice",
                  "polygon": [
                    0.5439,
                    2.8733,
                    1.0098,
                    2.8733,
                    1.0098,
                    2.9754,
                    0.5439,
                    2.9754
                  ],
                  "confidence": 1,
                  "span": {
                    "offset": 124,
                    "length": 7
                  }
                },
                {
                  "content": "Number",
                  "polygon": [
                    1.0611,
                    2.8743,
                    1.5729,
                    2.8743,
                    1.5729,
                    2.9754,
                    1.0611,
                    2.9754
                  ],
                  "confidence": 1,
                  "span": {
                    "offset": 132,
                    "length": 6
                  }
                },
                {
                  "content": "Invoice",
                  "polygon": [
                    1.9491,
                    2.8733,
                    2.415,
                    2.8733,
                    2.415,
                    2.9754,
                    1.9491,
                    2.9754
                  ],
                  "confidence": 1,
                  "span": {
                    "offset": 139,
                    "length": 7
                  }
                },
                {
                  "content": "Date",
                  "polygon": [
                    2.4673,
                    2.8743,
                    2.7527,
                    2.8743,
                    2.7527,
                    2.9754,
                    2.4673,
                    2.9754
                  ],
                  "confidence": 1,
                  "span": {
                    "offset": 147,
                    "length": 4
                  }
                },
                {
                  "content": "Invoice",
                  "polygon": [
                    3.3495,
                    2.8733,
                    3.8155,
                    2.8733,
                    3.8155,
                    2.9754,
                    3.3495,
                    2.9754
                  ],
                  "confidence": 1,
                  "span": {
                    "offset": 152,
                    "length": 7
                  }
                },
                {
                  "content": "Due",
                  "polygon": [
                    3.8677,
                    2.8743,
                    4.1149,
                    2.8743,
                    4.1149,
                    2.9754,
                    3.8677,
                    2.9754
                  ],
                  "confidence": 1,
                  "span": {
                    "offset": 160,
                    "length": 3
                  }
                },
                {
                  "content": "Date",
                  "polygon": [
                    4.1678,
                    2.8743,
                    4.4547,
                    2.8743,
                    4.4547,
                    2.9754,
                    4.1678,
                    2.9754
                  ],
                  "confidence": 1,
                  "span": {
                    "offset": 164,
                    "length": 4
                  }
                },
                {
                  "content": "Charges",
                  "polygon": [
                    4.7468,
                    2.8717,
                    5.289,
                    2.8717,
                    5.289,
                    3.0035,
                    4.7468,
                    3.0035
                  ],
                  "confidence": 1,
                  "span": {
                    "offset": 169,
                    "length": 7
                  }
                },
                {
                  "content": "VAT",
                  "polygon": [
                    6.141,
                    2.873,
                    6.4147,
                    2.873,
                    6.4147,
                    2.9736,
                    6.141,
                    2.9736
                  ],
                  "confidence": 1,
                  "span": {
                    "offset": 177,
                    "length": 3
                  }
                },
                {
                  "content": "ID",
                  "polygon": [
                    6.4655,
                    2.873,
                    6.5875,
                    2.873,
                    6.5875,
                    2.9736,
                    6.4655,
                    2.9736
                  ],
                  "confidence": 1,
                  "span": {
                    "offset": 181,
                    "length": 2
                  }
                },
                {
                  "content": "34278587",
                  "polygon": [
                    0.5397,
                    3.411,
                    1.1457,
                    3.411,
                    1.1457,
                    3.5144,
                    0.5397,
                    3.5144
                  ],
                  "confidence": 1,
                  "span": {
                    "offset": 184,
                    "length": 8
                  }
                },
                {
                  "content": "6/18/2017",
                  "polygon": [
                    1.9455,
                    3.41,
                    2.551,
                    3.41,
                    2.551,
                    3.5144,
                    1.9455,
                    3.5144
                  ],
                  "confidence": 1,
                  "span": {
                    "offset": 193,
                    "length": 9
                  }
                },
                {
                  "content": "6/24/2017",
                  "polygon": [
                    3.346,
                    3.41,
                    3.9514,
                    3.41,
                    3.9514,
                    3.5144,
                    3.346,
                    3.5144
                  ],
                  "confidence": 1,
                  "span": {
                    "offset": 203,
                    "length": 9
                  }
                },
                {
                  "content": "$56,651.49",
                  "polygon": [
                    5.3871,
                    3.4047,
                    6.0702,
                    3.4047,
                    6.0702,
                    3.5321,
                    5.3871,
                    3.5321
                  ],
                  "confidence": 1,
                  "span": {
                    "offset": 213,
                    "length": 10
                  }
                },
                {
                  "content": "PT",
                  "polygon": [
                    6.2285,
                    3.4114,
                    6.3919,
                    3.4114,
                    6.3919,
                    3.5119,
                    6.2285,
                    3.5119
                  ],
                  "confidence": 1,
                  "span": {
                    "offset": 224,
                    "length": 2
                  }
                }
              ],
              "lines": [
                {
                  "content": "Contoso",
                  "polygon": [
                    0.5384,
                    1.1583,
                    1.4466,
                    1.1583,
                    1.4466,
                    1.3534,
                    0.5384,
                    1.3534
                  ],
                  "spans": [
                    {
                      "offset": 0,
                      "length": 7
                    }
                  ]
                },
                {
                  "content": "Address:",
                  "polygon": [
                    0.7994,
                    1.5143,
                    1.3836,
                    1.5143,
                    1.3836,
                    1.6154,
                    0.7994,
                    1.6154
                  ],
                  "spans": [
                    {
                      "offset": 8,
                      "length": 8
                    }
                  ]
                },
                {
                  "content": "1 Redmond way Suite",
                  "polygon": [
                    0.8106,
                    1.7033,
                    2.1445,
                    1.7033,
                    2.1445,
                    1.8342,
                    0.8106,
                    1.8342
                  ],
                  "spans": [
                    {
                      "offset": 17,
                      "length": 19
                    }
                  ]
                },
                {
                  "content": "6000 Redmond, WA",
                  "polygon": [
                    0.8019,
                    1.896,
                    2.0384,
                    1.896,
                    2.0384,
                    2.0171,
                    0.8019,
                    2.0171
                  ],
                  "spans": [
                    {
                      "offset": 37,
                      "length": 16
                    }
                  ]
                },
                {
                  "content": "99243",
                  "polygon": [
                    0.8025,
                    2.0876,
                    1.175,
                    2.0876,
                    1.175,
                    2.1911,
                    0.8025,
                    2.1911
                  ],
                  "spans": [
                    {
                      "offset": 54,
                      "length": 5
                    }
                  ]
                },
                {
                  "content": "Invoice For: Microsoft",
                  "polygon": [
                    4.4033,
                    1.5114,
                    5.8155,
                    1.5114,
                    5.8155,
                    1.6155,
                    4.4033,
                    1.6155
                  ],
                  "spans": [
                    {
                      "offset": 60,
                      "length": 22
                    }
                  ]
                },
                {
                  "content": "1020 Enterprise Way",
                  "polygon": [
                    5.2036,
                    1.716,
                    6.5436,
                    1.716,
                    6.5436,
                    1.8459,
                    5.2036,
                    1.8459
                  ],
                  "spans": [
                    {
                      "offset": 83,
                      "length": 19
                    }
                  ]
                },
                {
                  "content": "Sunnayvale, CA 87659",
                  "polygon": [
                    5.196,
                    1.9047,
                    6.6526,
                    1.9047,
                    6.6526,
                    2.0359,
                    5.196,
                    2.0359
                  ],
                  "spans": [
                    {
                      "offset": 103,
                      "length": 20
                    }
                  ]
                },
                {
                  "content": "Invoice Number",
                  "polygon": [
                    0.5439,
                    2.8733,
                    1.5729,
                    2.8733,
                    1.5729,
                    2.9754,
                    0.5439,
                    2.9754
                  ],
                  "spans": [
                    {
                      "offset": 124,
                      "length": 14
                    }
                  ]
                },
                {
                  "content": "Invoice Date",
                  "polygon": [
                    1.9491,
                    2.8733,
                    2.7527,
                    2.8733,
                    2.7527,
                    2.9754,
                    1.9491,
                    2.9754
                  ],
                  "spans": [
                    {
                      "offset": 139,
                      "length": 12
                    }
                  ]
                },
                {
                  "content": "Invoice Due Date",
                  "polygon": [
                    3.3495,
                    2.8733,
                    4.4547,
                    2.8733,
                    4.4547,
                    2.9754,
                    3.3495,
                    2.9754
                  ],
                  "spans": [
                    {
                      "offset": 152,
                      "length": 16
                    }
                  ]
                },
                {
                  "content": "Charges",
                  "polygon": [
                    4.7468,
                    2.8717,
                    5.289,
                    2.8717,
                    5.289,
                    3.0035,
                    4.7468,
                    3.0035
                  ],
                  "spans": [
                    {
                      "offset": 169,
                      "length": 7
                    }
                  ]
                },
                {
                  "content": "VAT ID",
                  "polygon": [
                    6.141,
                    2.873,
                    6.5875,
                    2.873,
                    6.5875,
                    2.9736,
                    6.141,
                    2.9736
                  ],
                  "spans": [
                    {
                      "offset": 177,
                      "length": 6
                    }
                  ]
                },
                {
                  "content": "34278587",
                  "polygon": [
                    0.5397,
                    3.411,
                    1.1457,
                    3.411,
                    1.1457,
                    3.5144,
                    0.5397,
                    3.5144
                  ],
                  "spans": [
                    {
                      "offset": 184,
                      "length": 8
                    }
                  ]
                },
                {
                  "content": "6/18/2017",
                  "polygon": [
                    1.9455,
                    3.41,
                    2.551,
                    3.41,
                    2.551,
                    3.5144,
                    1.9455,
                    3.5144
                  ],
                  "spans": [
                    {
                      "offset": 193,
                      "length": 9
                    }
                  ]
                },
                {
                  "content": "6/24/2017",
                  "polygon": [
                    3.346,
                    3.41,
                    3.9514,
                    3.41,
                    3.9514,
                    3.5144,
                    3.346,
                    3.5144
                  ],
                  "spans": [
                    {
                      "offset": 203,
                      "length": 9
                    }
                  ]
                },
                {
                  "content": "$56,651.49",
                  "polygon": [
                    5.3871,
                    3.4047,
                    6.0702,
                    3.4047,
                    6.0702,
                    3.5321,
                    5.3871,
                    3.5321
                  ],
                  "spans": [
                    {
                      "offset": 213,
                      "length": 10
                    }
                  ]
                },
                {
                  "content": "PT",
                  "polygon": [
                    6.2285,
                    3.4114,
                    6.3919,
                    3.4114,
                    6.3919,
                    3.5119,
                    6.2285,
                    3.5119
                  ],
                  "spans": [
                    {
                      "offset": 224,
                      "length": 2
                    }
                  ]
                }
              ],
              "spans": [
                {
                  "offset": 0,
                  "length": 226
                }
              ],
              "kind": "document"
            }
          ],
          "tables": [
            {
              "rowCount": 3,
              "columnCount": 5,
              "cells": [
                {
                  "kind": "columnHeader",
                  "rowIndex": 0,
                  "columnIndex": 0,
                  "content": "Invoice Number",
                  "boundingRegions": [
                    {
                      "pageNumber": 1,
                      "polygon": [
                        0.5054,
                        2.7896,
                        1.8976,
                        2.7896,
                        1.8976,
                        3.3181,
                        0.4981,
                        3.3181
                      ]
                    }
                  ],
                  "spans": [
                    {
                      "offset": 124,
                      "length": 14
                    }
                  ]
                },
                {
                  "kind": "columnHeader",
                  "rowIndex": 0,
                  "columnIndex": 1,
                  "content": "Invoice Date",
                  "boundingRegions": [
                    {
                      "pageNumber": 1,
                      "polygon": [
                        1.8976,
                        2.7896,
                        3.3043,
                        2.7896,
                        3.2971,
                        3.3181,
                        1.8976,
                        3.3181
                      ]
                    }
                  ],
                  "spans": [
                    {
                      "offset": 139,
                      "length": 12
                    }
                  ]
                },
                {
                  "kind": "columnHeader",
                  "rowIndex": 0,
                  "columnIndex": 2,
                  "content": "Invoice Due Date",
                  "boundingRegions": [
                    {
                      "pageNumber": 1,
                      "polygon": [
                        3.3043,
                        2.7896,
                        4.6965,
                        2.7896,
                        4.6965,
                        3.3181,
                        3.2971,
                        3.3181
                      ]
                    }
                  ],
                  "spans": [
                    {
                      "offset": 152,
                      "length": 16
                    }
                  ]
                },
                {
                  "kind": "columnHeader",
                  "rowIndex": 0,
                  "columnIndex": 3,
                  "content": "Charges",
                  "boundingRegions": [
                    {
                      "pageNumber": 1,
                      "polygon": [
                        4.6965,
                        2.7896,
                        6.1033,
                        2.7896,
                        6.1033,
                        3.3181,
                        4.6965,
                        3.3181
                      ]
                    }
                  ],
                  "spans": [
                    {
                      "offset": 169,
                      "length": 7
                    }
                  ]
                },
                {
                  "kind": "columnHeader",
                  "rowIndex": 0,
                  "columnIndex": 4,
                  "content": "VAT ID",
                  "boundingRegions": [
                    {
                      "pageNumber": 1,
                      "polygon": [
                        6.1033,
                        2.7896,
                        7.4881,
                        2.7896,
                        7.4881,
                        3.3181,
                        6.1033,
                        3.3181
                      ]
                    }
                  ],
                  "spans": [
                    {
                      "offset": 177,
                      "length": 6
                    }
                  ]
                },
                {
                  "rowIndex": 1,
                  "columnIndex": 0,
                  "rowSpan": 2,
                  "content": "34278587",
                  "boundingRegions": [
                    {
                      "pageNumber": 1,
                      "polygon": [
                        0.4981,
                        3.3181,
                        1.8976,
                        3.3181,
                        1.8976,
                        3.8533,
                        0.4981,
                        3.8533
                      ]
                    }
                  ],
                  "spans": [
                    {
                      "offset": 184,
                      "length": 8
                    }
                  ]
                },
                {
                  "rowIndex": 1,
                  "columnIndex": 1,
                  "rowSpan": 2,
                  "content": "6/18/2017",
                  "boundingRegions": [
                    {
                      "pageNumber": 1,
                      "polygon": [
                        1.8976,
                        3.3181,
                        3.2971,
                        3.3181,
                        3.2971,
                        3.8533,
                        1.8976,
                        3.8533
                      ]
                    }
                  ],
                  "spans": [
                    {
                      "offset": 193,
                      "length": 9
                    }
                  ]
                },
                {
                  "rowIndex": 1,
                  "columnIndex": 2,
                  "rowSpan": 2,
                  "content": "6/24/2017",
                  "boundingRegions": [
                    {
                      "pageNumber": 1,
                      "polygon": [
                        3.2971,
                        3.3181,
                        4.6965,
                        3.3181,
                        4.6965,
                        3.8533,
                        3.2971,
                        3.8533
                      ]
                    }
                  ],
                  "spans": [
                    {
                      "offset": 203,
                      "length": 9
                    }
                  ]
                },
                {
                  "rowIndex": 1,
                  "columnIndex": 3,
                  "rowSpan": 2,
                  "content": "$56,651.49",
                  "boundingRegions": [
                    {
                      "pageNumber": 1,
                      "polygon": [
                        4.6965,
                        3.3181,
                        6.1033,
                        3.3181,
                        6.1033,
                        3.8533,
                        4.6965,
                        3.8533
                      ]
                    }
                  ],
                  "spans": [
                    {
                      "offset": 213,
                      "length": 10
                    }
                  ]
                },
                {
                  "rowIndex": 1,
                  "columnIndex": 4,
                  "rowSpan": 2,
                  "content": "PT",
                  "boundingRegions": [
                    {
                      "pageNumber": 1,
                      "polygon": [
                        6.1033,
                        3.3181,
                        7.4881,
                        3.3181,
                        7.4954,
                        3.8533,
                        6.1033,
                        3.8533
                      ]
                    }
                  ],
                  "spans": [
                    {
                      "offset": 224,
                      "length": 2
                    }
                  ]
                }
              ],
              "boundingRegions": [
                {
                  "pageNumber": 1,
                  "polygon": [
                    0.4916,
                    2.7693,
                    7.5266,
                    2.7711,
                    7.5265,
                    3.8682,
                    0.4908,
                    3.8672
                  ]
                }
              ],
              "spans": [
                {
                  "offset": 124,
                  "length": 102
                }
              ]
            }
          ],
          "paragraphs": [
            {
              "spans": [
                {
                  "offset": 0,
                  "length": 7
                }
              ],
              "boundingRegions": [
                {
                  "pageNumber": 1,
                  "polygon": [
                    0.5384,
                    1.1583,
                    1.4466,
                    1.1583,
                    1.4466,
                    1.3534,
                    0.5384,
                    1.3534
                  ]
                }
              ],
              "content": "Contoso"
            },
            {
              "spans": [
                {
                  "offset": 8,
                  "length": 8
                }
              ],
              "boundingRegions": [
                {
                  "pageNumber": 1,
                  "polygon": [
                    0.7994,
                    1.5143,
                    1.3836,
                    1.5143,
                    1.3836,
                    1.6154,
                    0.7994,
                    1.6154
                  ]
                }
              ],
              "content": "Address:"
            },
            {
              "spans": [
                {
                  "offset": 17,
                  "length": 19
                }
              ],
              "boundingRegions": [
                {
                  "pageNumber": 1,
                  "polygon": [
                    0.8106,
                    1.7033,
                    2.1445,
                    1.7033,
                    2.1445,
                    1.8342,
                    0.8106,
                    1.8342
                  ]
                }
              ],
              "content": "1 Redmond way Suite"
            },
            {
              "spans": [
                {
                  "offset": 37,
                  "length": 16
                }
              ],
              "boundingRegions": [
                {
                  "pageNumber": 1,
                  "polygon": [
                    0.8019,
                    1.896,
                    2.0384,
                    1.896,
                    2.0384,
                    2.0171,
                    0.8019,
                    2.0171
                  ]
                }
              ],
              "content": "6000 Redmond, WA"
            },
            {
              "spans": [
                {
                  "offset": 54,
                  "length": 5
                }
              ],
              "boundingRegions": [
                {
                  "pageNumber": 1,
                  "polygon": [
                    0.8025,
                    2.0876,
                    1.175,
                    2.0876,
                    1.175,
                    2.1911,
                    0.8025,
                    2.1911
                  ]
                }
              ],
              "content": "99243"
            },
            {
              "spans": [
                {
                  "offset": 60,
                  "length": 22
                }
              ],
              "boundingRegions": [
                {
                  "pageNumber": 1,
                  "polygon": [
                    4.4033,
                    1.5114,
                    5.8155,
                    1.5114,
                    5.8155,
                    1.6155,
                    4.4033,
                    1.6155
                  ]
                }
              ],
              "content": "Invoice For: Microsoft"
            },
            {
              "spans": [
                {
                  "offset": 83,
                  "length": 19
                }
              ],
              "boundingRegions": [
                {
                  "pageNumber": 1,
                  "polygon": [
                    5.2036,
                    1.716,
                    6.5436,
                    1.716,
                    6.5436,
                    1.8459,
                    5.2036,
                    1.8459
                  ]
                }
              ],
              "content": "1020 Enterprise Way"
            },
            {
              "spans": [
                {
                  "offset": 103,
                  "length": 20
                }
              ],
              "boundingRegions": [
                {
                  "pageNumber": 1,
                  "polygon": [
                    5.196,
                    1.9047,
                    6.6526,
                    1.9047,
                    6.6526,
                    2.0359,
                    5.196,
                    2.0359
                  ]
                }
              ],
              "content": "Sunnayvale, CA 87659"
            },
            {
              "spans": [
                {
                  "offset": 124,
                  "length": 14
                }
              ],
              "boundingRegions": [
                {
                  "pageNumber": 1,
                  "polygon": [
                    0.5054,
                    2.7896,
                    1.8976,
                    2.7896,
                    1.8976,
                    3.3181,
                    0.4981,
                    3.3181
                  ]
                }
              ],
              "content": "Invoice Number"
            },
            {
              "spans": [
                {
                  "offset": 139,
                  "length": 12
                }
              ],
              "boundingRegions": [
                {
                  "pageNumber": 1,
                  "polygon": [
                    1.8976,
                    2.7896,
                    3.3043,
                    2.7896,
                    3.2971,
                    3.3181,
                    1.8976,
                    3.3181
                  ]
                }
              ],
              "content": "Invoice Date"
            },
            {
              "spans": [
                {
                  "offset": 152,
                  "length": 16
                }
              ],
              "boundingRegions": [
                {
                  "pageNumber": 1,
                  "polygon": [
                    3.3043,
                    2.7896,
                    4.6965,
                    2.7896,
                    4.6965,
                    3.3181,
                    3.2971,
                    3.3181
                  ]
                }
              ],
              "content": "Invoice Due Date"
            },
            {
              "spans": [
                {
                  "offset": 169,
                  "length": 7
                }
              ],
              "boundingRegions": [
                {
                  "pageNumber": 1,
                  "polygon": [
                    4.6965,
                    2.7896,
                    6.1033,
                    2.7896,
                    6.1033,
                    3.3181,
                    4.6965,
                    3.3181
                  ]
                }
              ],
              "content": "Charges"
            },
            {
              "spans": [
                {
                  "offset": 177,
                  "length": 6
                }
              ],
              "boundingRegions": [
                {
                  "pageNumber": 1,
                  "polygon": [
                    6.1033,
                    2.7896,
                    7.4881,
                    2.7896,
                    7.4881,
                    3.3181,
                    6.1033,
                    3.3181
                  ]
                }
              ],
              "content": "VAT ID"
            },
            {
              "spans": [
                {
                  "offset": 184,
                  "length": 8
                }
              ],
              "boundingRegions": [
                {
                  "pageNumber": 1,
                  "polygon": [
                    0.4981,
                    3.3181,
                    1.8976,
                    3.3181,
                    1.8976,
                    3.8533,
                    0.4981,
                    3.8533
                  ]
                }
              ],
              "content": "34278587"
            },
            {
              "spans": [
                {
                  "offset": 193,
                  "length": 9
                }
              ],
              "boundingRegions": [
                {
                  "pageNumber": 1,
                  "polygon": [
                    1.8976,
                    3.3181,
                    3.2971,
                    3.3181,
                    3.2971,
                    3.8533,
                    1.8976,
                    3.8533
                  ]
                }
              ],
              "content": "6/18/2017"
            },
            {
              "spans": [
                {
                  "offset": 203,
                  "length": 9
                }
              ],
              "boundingRegions": [
                {
                  "pageNumber": 1,
                  "polygon": [
                    3.2971,
                    3.3181,
                    4.6965,
                    3.3181,
                    4.6965,
                    3.8533,
                    3.2971,
                    3.8533
                  ]
                }
              ],
              "content": "6/24/2017"
            },
            {
              "spans": [
                {
                  "offset": 213,
                  "length": 10
                }
              ],
              "boundingRegions": [
                {
                  "pageNumber": 1,
                  "polygon": [
                    4.6965,
                    3.3181,
                    6.1033,
                    3.3181,
                    6.1033,
                    3.8533,
                    4.6965,
                    3.8533
                  ]
                }
              ],
              "content": "$56,651.49"
            },
            {
              "spans": [
                {
                  "offset": 224,
                  "length": 2
                }
              ],
              "boundingRegions": [
                {
                  "pageNumber": 1,
                  "polygon": [
                    6.1033,
                    3.3181,
                    7.4881,
                    3.3181,
                    7.4954,
                    3.8533,
                    6.1033,
                    3.8533
                  ]
                }
              ],
              "content": "PT"
            }
          ],
          "keyValuePairs": [
            {
              "key": {
                "content": "Address:",
                "boundingRegions": [
                  {
                    "pageNumber": 1,
                    "polygon": [
                      0.7994,
                      1.5143,
                      1.3836,
                      1.5143,
                      1.3836,
                      1.6154,
                      0.7994,
                      1.6154
                    ]
                  }
                ],
                "spans": [
                  {
                    "offset": 8,
                    "length": 8
                  }
                ]
              },
              "value": {
                "content": "1 Redmond way Suite\n6000 Redmond, WA\n99243",
                "boundingRegions": [
                  {
                    "pageNumber": 1,
                    "polygon": [
                      0.8019,
                      1.7033,
                      2.1445,
                      1.7033,
                      2.1445,
                      2.1911,
                      0.8019,
                      2.1911
                    ]
                  }
                ],
                "spans": [
                  {
                    "offset": 17,
                    "length": 42
                  }
                ]
              },
              "confidence": 0.3
            },
            {
              "key": {
                "content": "Invoice For:",
                "boundingRegions": [
                  {
                    "pageNumber": 1,
                    "polygon": [
                      4.4033,
                      1.5143,
                      5.1013,
                      1.5143,
                      5.1013,
                      1.6155,
                      4.4033,
                      1.6155
                    ]
                  }
                ],
                "spans": [
                  {
                    "offset": 60,
                    "length": 12
                  }
                ]
              },
              "value": {
                "content": "Microsoft\n1020 Enterprise Way\nSunnayvale, CA 87659",
                "boundingRegions": [
                  {
                    "pageNumber": 1,
                    "polygon": [
                      5.196,
                      1.5114,
                      6.6526,
                      1.5114,
                      6.6526,
                      2.0359,
                      5.196,
                      2.0359
                    ]
                  }
                ],
                "spans": [
                  {
                    "offset": 73,
                    "length": 50
                  }
                ]
              },
              "confidence": 0.675
            },
            {
              "key": {
                "content": "Invoice Number",
                "boundingRegions": [
                  {
                    "pageNumber": 1,
                    "polygon": [
                      0.5439,
                      2.8733,
                      1.5729,
                      2.8733,
                      1.5729,
                      2.9754,
                      0.5439,
                      2.9754
                    ]
                  }
                ],
                "spans": [
                  {
                    "offset": 124,
                    "length": 14
                  }
                ]
              },
              "value": {
                "content": "34278587",
                "boundingRegions": [
                  {
                    "pageNumber": 1,
                    "polygon": [
                      0.5397,
                      3.411,
                      1.1457,
                      3.411,
                      1.1457,
                      3.5144,
                      0.5397,
                      3.5144
                    ]
                  }
                ],
                "spans": [
                  {
                    "offset": 184,
                    "length": 8
                  }
                ]
              },
              "confidence": 0.945
            },
            {
              "key": {
                "content": "Invoice Date",
                "boundingRegions": [
                  {
                    "pageNumber": 1,
                    "polygon": [
                      1.9491,
                      2.8733,
                      2.7527,
                      2.8733,
                      2.7527,
                      2.9754,
                      1.9491,
                      2.9754
                    ]
                  }
                ],
                "spans": [
                  {
                    "offset": 139,
                    "length": 12
                  }
                ]
              },
              "value": {
                "content": "6/18/2017",
                "boundingRegions": [
                  {
                    "pageNumber": 1,
                    "polygon": [
                      1.9455,
                      3.41,
                      2.551,
                      3.41,
                      2.551,
                      3.5144,
                      1.9455,
                      3.5144
                    ]
                  }
                ],
                "spans": [
                  {
                    "offset": 193,
                    "length": 9
                  }
                ]
              },
              "confidence": 0.945
            },
            {
              "key": {
                "content": "Invoice Due Date",
                "boundingRegions": [
                  {
                    "pageNumber": 1,
                    "polygon": [
                      3.3495,
                      2.8733,
                      4.4547,
                      2.8733,
                      4.4547,
                      2.9754,
                      3.3495,
                      2.9754
                    ]
                  }
                ],
                "spans": [
                  {
                    "offset": 152,
                    "length": 16
                  }
                ]
              },
              "value": {
                "content": "6/24/2017",
                "boundingRegions": [
                  {
                    "pageNumber": 1,
                    "polygon": [
                      3.346,
                      3.41,
                      3.9514,
                      3.41,
                      3.9514,
                      3.5144,
                      3.346,
                      3.5144
                    ]
                  }
                ],
                "spans": [
                  {
                    "offset": 203,
                    "length": 9
                  }
                ]
              },
              "confidence": 0.92
            },
            {
              "key": {
                "content": "Charges",
                "boundingRegions": [
                  {
                    "pageNumber": 1,
                    "polygon": [
                      4.7468,
                      2.8717,
                      5.289,
                      2.8717,
                      5.289,
                      3.0035,
                      4.7468,
                      3.0035
                    ]
                  }
                ],
                "spans": [
                  {
                    "offset": 169,
                    "length": 7
                  }
                ]
              },
              "confidence": 0.779
            },
            {
              "key": {
                "content": "VAT ID",
                "boundingRegions": [
                  {
                    "pageNumber": 1,
                    "polygon": [
                      6.141,
                      2.873,
                      6.5875,
                      2.873,
                      6.5875,
                      2.9736,
                      6.141,
                      2.9736
                    ]
                  }
                ],
                "spans": [
                  {
                    "offset": 177,
                    "length": 6
                  }
                ]
              },
              "value": {
                "content": "$56,651.49\nPT",
                "boundingRegions": [
                  {
                    "pageNumber": 1,
                    "polygon": [
                      5.3871,
                      3.4047,
                      6.3919,
                      3.4047,
                      6.3919,
                      3.5321,
                      5.3871,
                      3.5321
                    ]
                  }
                ],
                "spans": [
                  {
                    "offset": 213,
                    "length": 13
                  }
                ]
              },
              "confidence": 0.931
            }
          ],
          "styles": [],
          "documents": [
            {
              "docType": "invoice",
              "boundingRegions": [
                {
                  "pageNumber": 1,
                  "polygon": [
                    0,
                    0,
                    8.5,
                    0,
                    8.5,
                    11,
                    0,
                    11
                  ]
                }
              ],
              "fields": {
                "CustomerAddress": {
                  "type": "address",
                  "content": "1020 Enterprise Way\nSunnayvale, CA 87659",
                  "boundingRegions": [
                    {
                      "pageNumber": 1,
                      "polygon": [
                        5.196,
                        1.716,
                        6.6526,
                        1.716,
                        6.6526,
                        2.0359,
                        5.196,
                        2.0359
                      ]
                    }
                  ],
                  "confidence": 0.803,
                  "spans": [
                    {
                      "offset": 83,
                      "length": 40
                    }
                  ],
                  "valueAddress": {
                    "houseNumber": "1020",
                    "road": "Enterprise Way\nSunnayvale, CA 87659",
                    "streetAddress": "1020 Enterprise Way\nSunnayvale, CA 87659"
                  }
                },
                "CustomerAddressRecipient": {
                  "type": "string",
                  "valueString": "Microsoft",
                  "content": "Microsoft",
                  "boundingRegions": [
                    {
                      "pageNumber": 1,
                      "polygon": [
                        5.2045,
                        1.5114,
                        5.8155,
                        1.5114,
                        5.8155,
                        1.6151,
                        5.2045,
                        1.6151
                      ]
                    }
                  ],
                  "confidence": 0.987,
                  "spans": [
                    {
                      "offset": 73,
                      "length": 9
                    }
                  ]
                },
                "CustomerName": {
                  "type": "string",
                  "valueString": "Microsoft",
                  "content": "Microsoft",
                  "boundingRegions": [
                    {
                      "pageNumber": 1,
                      "polygon": [
                        5.2045,
                        1.5114,
                        5.8155,
                        1.5114,
                        5.8155,
                        1.6151,
                        5.2045,
                        1.6151
                      ]
                    }
                  ],
                  "confidence": 0.987,
                  "spans": [
                    {
                      "offset": 73,
                      "length": 9
                    }
                  ]
                },
                "DueDate": {
                  "type": "date",
                  "valueDate": "2017-06-24",
                  "content": "6/24/2017",
                  "boundingRegions": [
                    {
                      "pageNumber": 1,
                      "polygon": [
                        3.346,
                        3.41,
                        3.9514,
                        3.41,
                        3.9514,
                        3.5144,
                        3.346,
                        3.5144
                      ]
                    }
                  ],
                  "confidence": 0.987,
                  "spans": [
                    {
                      "offset": 203,
                      "length": 9
                    }
                  ]
                },
                "InvoiceDate": {
                  "type": "date",
                  "valueDate": "2017-06-18",
                  "content": "6/18/2017",
                  "boundingRegions": [
                    {
                      "pageNumber": 1,
                      "polygon": [
                        1.9455,
                        3.41,
                        2.551,
                        3.41,
                        2.551,
                        3.5144,
                        1.9455,
                        3.5144
                      ]
                    }
                  ],
                  "confidence": 0.44,
                  "spans": [
                    {
                      "offset": 193,
                      "length": 9
                    }
                  ]
                },
                "InvoiceId": {
                  "type": "string",
                  "valueString": "34278587",
                  "content": "34278587",
                  "boundingRegions": [
                    {
                      "pageNumber": 1,
                      "polygon": [
                        0.5397,
                        3.411,
                        1.1457,
                        3.411,
                        1.1457,
                        3.5144,
                        0.5397,
                        3.5144
                      ]
                    }
                  ],
                  "confidence": 0.987,
                  "spans": [
                    {
                      "offset": 184,
                      "length": 8
                    }
                  ]
                },
                "InvoiceTotal": {
                  "type": "currency",
                  "valueCurrency": {
                    "currencySymbol": "$",
                    "amount": 56651.49
                  },
                  "content": "$56,651.49",
                  "boundingRegions": [
                    {
                      "pageNumber": 1,
                      "polygon": [
                        5.3871,
                        3.4047,
                        6.0702,
                        3.4047,
                        6.0702,
                        3.5321,
                        5.3871,
                        3.5321
                      ]
                    }
                  ],
                  "confidence": 0.422,
                  "spans": [
                    {
                      "offset": 213,
                      "length": 10
                    }
                  ]
                },
                "Items": {
                  "type": "array",
                  "valueArray": [
                    {
                      "type": "object",
                      "valueObject": {
                        "Amount": {
                          "type": "currency",
                          "valueCurrency": {
                            "currencySymbol": "$",
                            "amount": 56651.49
                          },
                          "content": "$56,651.49",
                          "boundingRegions": [
                            {
                              "pageNumber": 1,
                              "polygon": [
                                5.3871,
                                3.4047,
                                6.0702,
                                3.4047,
                                6.0702,
                                3.5321,
                                5.3871,
                                3.5321
                              ]
                            }
                          ],
                          "confidence": 0.984,
                          "spans": [
                            {
                              "offset": 213,
                              "length": 10
                            }
                          ]
                        },
                        "Date": {
                          "type": "date",
                          "valueDate": "2017-06-18",
                          "content": "6/18/2017",
                          "boundingRegions": [
                            {
                              "pageNumber": 1,
                              "polygon": [
                                1.9455,
                                3.41,
                                2.551,
                                3.41,
                                2.551,
                                3.5144,
                                1.9455,
                                3.5144
                              ]
                            }
                          ],
                          "confidence": 0.984,
                          "spans": [
                            {
                              "offset": 193,
                              "length": 9
                            }
                          ]
                        },
                        "ProductCode": {
                          "type": "string",
                          "valueString": "34278587",
                          "content": "34278587",
                          "boundingRegions": [
                            {
                              "pageNumber": 1,
                              "polygon": [
                                0.5397,
                                3.411,
                                1.1457,
                                3.411,
                                1.1457,
                                3.5144,
                                0.5397,
                                3.5144
                              ]
                            }
                          ],
                          "confidence": 0.444,
                          "spans": [
                            {
                              "offset": 184,
                              "length": 8
                            }
                          ]
                        }
                      },
                      "content": "34278587\n6/18/2017\n6/24/2017\n$56,651.49\nPT",
                      "boundingRegions": [
                        {
                          "pageNumber": 1,
                          "polygon": [
                            0.5397,
                            3.4047,
                            6.3919,
                            3.4047,
                            6.3919,
                            3.5321,
                            0.5397,
                            3.5321
                          ]
                        }
                      ],
                      "confidence": 0.979,
                      "spans": [
                        {
                          "offset": 184,
                          "length": 42
                        }
                      ]
                    }
                  ]
                },
                "VendorAddress": {
                  "type": "address",
                  "content": "1 Redmond way Suite\n6000 Redmond, WA\n99243",
                  "boundingRegions": [
                    {
                      "pageNumber": 1,
                      "polygon": [
                        0.8019,
                        1.7033,
                        2.1445,
                        1.7033,
                        2.1445,
                        2.1911,
                        0.8019,
                        2.1911
                      ]
                    }
                  ],
                  "confidence": 0.308,
                  "spans": [
                    {
                      "offset": 17,
                      "length": 42
                    }
                  ],
                  "valueAddress": {
                    "houseNumber": "1",
                    "road": "Redmond way",
                    "postalCode": "99243",
                    "city": "Redmond",
                    "state": "WA",
                    "streetAddress": "1 Redmond way Suite\n6000",
                    "unit": "Suite\n6000"
                  }
                },
                "VendorName": {
                  "type": "string",
                  "valueString": "Contoso",
                  "content": "Contoso",
                  "boundingRegions": [
                    {
                      "pageNumber": 1,
                      "polygon": [
                        0.5384,
                        1.1583,
                        1.4466,
                        1.1583,
                        1.4466,
                        1.3534,
                        0.5384,
                        1.3534
                      ]
                    }
                  ],
                  "confidence": 0.673,
                  "spans": [
                    {
                      "offset": 0,
                      "length": 7
                    }
                  ]
                }
              },
              "confidence": 1,
              "spans": [
                {
                  "offset": 0,
                  "length": 226
                }
              ]
            }
          ]
        }
      }
    }
  ],
  "Variables": {}
}
