{
  "Entries": [
    {
      "RequestUri": "https://endpoint/identities?api-version=2022-10-01",
      "RequestMethod": "POST",
      "RequestHeaders": {
        "Accept": "application/json",
        "Accept-Encoding": "gzip, deflate, br",
        "Accept-Language": "en-US",
        "Authorization": "Sanitized",
        "Connection": "keep-alive",
        "Content-Length": "34",
        "Content-Type": "application/json",
        "Origin": "http://localhost:9876",
        "Referer": "http://localhost:9876/",
        "sec-ch-ua": "",
        "sec-ch-ua-mobile": "?0",
        "sec-ch-ua-platform": "\u0022\u0022",
        "Sec-Fetch-Dest": "empty",
        "Sec-Fetch-Mode": "cors",
        "Sec-Fetch-Site": "same-site",
        "User-Agent": "Mozilla/5.0 (Macintosh; Intel Mac OS X 10_15_7) AppleWebKit/537.36 (KHTML, like Gecko) HeadlessChrome/112.0.5614.0 Safari/537.36",
        "x-ms-client-request-id": "70230b46-34c4-4ad3-8cfc-b48cac5fdc9c",
        "x-ms-content-sha256": "WTRvgEjjVd\u002BbvyKw3WgXgDkU81aV8FWq\u002B4/BE\u002Bhe0\u002BA=",
        "x-ms-date": "Fri, 14 Jul 2023 23:44:15 GMT",
        "x-ms-useragent": "azsdk-js-communication-identity/1.2.1 core-rest-pipeline/1.11.1 OS"
      },
      "RequestBody": {
        "createTokenWithScopes": [
          "chat"
        ]
      },
      "StatusCode": 201,
      "ResponseHeaders": {
        "Access-Control-Allow-Origin": "*",
        "api-supported-versions": "2020-07-20-preview2, 2021-02-22-preview1, 2021-03-07, 2021-10-31-preview, 2021-11-01, 2022-06-01, 2022-10-01, 2023-08-01",
        "Content-Length": "290",
        "Content-Type": "application/json; charset=utf-8",
        "Date": "Fri, 14 Jul 2023 23:44:15 GMT",
        "MS-CV": "SFJw5qKRKUK3wgWH\u002BZcKpw.0",
        "Request-Context": "appId=",
        "Strict-Transport-Security": "max-age=2592000",
        "X-Azure-Ref": "0z92xZAAAAADa2jz3GcSLT7n3d8Kt5cgbV1NURURHRTA4MTcAOWZjN2I1MTktYThjYy00Zjg5LTkzNWUtYzkxNDhhZTA5ZTgx",
        "X-Cache": "CONFIG_NOCACHE",
        "x-ms-client-request-id": "70230b46-34c4-4ad3-8cfc-b48cac5fdc9c",
        "X-Processing-Time": "37ms"
      },
      "ResponseBody": {
        "identity": {
          "id": "8:acs:357e39d2-a29a-4bf6-88cc-fda0afc2c0ed_00000019-f6ac-1676-4ff7-343a0d002dae"
        },
        "accessToken": {
          "token": "eyJhbGciOiJIUzI1NiIsInR5cCI6IkpXVCJ9.eyJleHAiOjE2ODkzODE4NTQuOTUxfQ==.adM-ddBZZlQ1WlN3pdPBOF5G4Wh9iZpxNP_fSvpF4cWs",
          "expiresOn": "2023-07-15T23:44:15.4854926\u002B00:00"
        }
      }
    },
    {
      "RequestUri": "https://endpoint/identities?api-version=2022-10-01",
      "RequestMethod": "POST",
      "RequestHeaders": {
        "Accept": "application/json",
        "Accept-Encoding": "gzip, deflate, br",
        "Accept-Language": "en-US",
        "Authorization": "Sanitized",
        "Connection": "keep-alive",
        "Content-Length": "34",
        "Content-Type": "application/json",
        "Origin": "http://localhost:9876",
        "Referer": "http://localhost:9876/",
        "sec-ch-ua": "",
        "sec-ch-ua-mobile": "?0",
        "sec-ch-ua-platform": "\u0022\u0022",
        "Sec-Fetch-Dest": "empty",
        "Sec-Fetch-Mode": "cors",
        "Sec-Fetch-Site": "same-site",
        "User-Agent": "Mozilla/5.0 (Macintosh; Intel Mac OS X 10_15_7) AppleWebKit/537.36 (KHTML, like Gecko) HeadlessChrome/112.0.5614.0 Safari/537.36",
        "x-ms-client-request-id": "405d7ffe-7126-4ddf-8f60-4e319b88c221",
        "x-ms-content-sha256": "WTRvgEjjVd\u002BbvyKw3WgXgDkU81aV8FWq\u002B4/BE\u002Bhe0\u002BA=",
        "x-ms-date": "Fri, 14 Jul 2023 23:44:15 GMT",
        "x-ms-useragent": "azsdk-js-communication-identity/1.2.1 core-rest-pipeline/1.11.1 OS"
      },
      "RequestBody": {
        "createTokenWithScopes": [
          "chat"
        ]
      },
      "StatusCode": 201,
      "ResponseHeaders": {
        "Access-Control-Allow-Origin": "*",
        "api-supported-versions": "2020-07-20-preview2, 2021-02-22-preview1, 2021-03-07, 2021-10-31-preview, 2021-11-01, 2022-06-01, 2022-10-01, 2023-08-01",
        "Content-Length": "290",
        "Content-Type": "application/json; charset=utf-8",
        "Date": "Fri, 14 Jul 2023 23:44:15 GMT",
        "MS-CV": "M9zLE9KrPUOGGFs\u002BIMMOhA.0",
        "Request-Context": "appId=",
        "Strict-Transport-Security": "max-age=2592000",
        "X-Azure-Ref": "0z92xZAAAAACbx1V0zISpSrPPYwpi/r9vV1NURURHRTA4MTcAOWZjN2I1MTktYThjYy00Zjg5LTkzNWUtYzkxNDhhZTA5ZTgx",
        "X-Cache": "CONFIG_NOCACHE",
        "x-ms-client-request-id": "405d7ffe-7126-4ddf-8f60-4e319b88c221",
        "X-Processing-Time": "40ms"
      },
      "ResponseBody": {
        "identity": {
          "id": "8:acs:357e39d2-a29a-4bf6-88cc-fda0afc2c0ed_00000019-f6ac-16d1-35f3-343a0d0024f3"
        },
        "accessToken": {
          "token": "eyJhbGciOiJIUzI1NiIsInR5cCI6IkpXVCJ9.eyJleHAiOjE2ODkzODE4NTQuOTUxfQ==.adM-ddBZZlQ1WlN3pdPBOF5G4Wh9iZpxNP_fSvpF4cWs",
          "expiresOn": "2023-07-15T23:44:15.5756795\u002B00:00"
        }
      }
    },
    {
      "RequestUri": "https://endpoint/chat/threads?api-version=2023-07-01-preview",
      "RequestMethod": "POST",
      "RequestHeaders": {
        "Accept": "application/json",
        "Accept-Encoding": "gzip, deflate, br",
        "Accept-Language": "en-US",
        "Authorization": "Sanitized",
        "Connection": "keep-alive",
        "Content-Length": "561",
        "Content-Type": "application/json",
        "Origin": "http://localhost:9876",
        "Referer": "http://localhost:9876/",
        "repeatability-request-id": "68a01c94-1595-4d04-a593-46bd749bd846",
        "sec-ch-ua": "",
        "sec-ch-ua-mobile": "?0",
        "sec-ch-ua-platform": "\u0022\u0022",
        "Sec-Fetch-Dest": "empty",
        "Sec-Fetch-Mode": "cors",
        "Sec-Fetch-Site": "same-site",
        "User-Agent": "Mozilla/5.0 (Macintosh; Intel Mac OS X 10_15_7) AppleWebKit/537.36 (KHTML, like Gecko) HeadlessChrome/112.0.5614.0 Safari/537.36",
        "x-ms-client-request-id": "72645af5-bf32-4d8e-afc1-693f256f7bbe",
        "x-ms-useragent": "azsdk-js-communication-chat/1.3.2 core-rest-pipeline/1.11.1 OS"
      },
      "RequestBody": {
        "topic": "test topic",
        "participants": [
          {
            "communicationIdentifier": {
              "rawId": "8:acs:357e39d2-a29a-4bf6-88cc-fda0afc2c0ed_00000019-f6ac-1676-4ff7-343a0d002dae",
              "communicationUser": {
                "id": "8:acs:357e39d2-a29a-4bf6-88cc-fda0afc2c0ed_00000019-f6ac-1676-4ff7-343a0d002dae"
              }
            }
          },
          {
            "communicationIdentifier": {
              "rawId": "8:acs:357e39d2-a29a-4bf6-88cc-fda0afc2c0ed_00000019-f6ac-16d1-35f3-343a0d0024f3",
              "communicationUser": {
                "id": "8:acs:357e39d2-a29a-4bf6-88cc-fda0afc2c0ed_00000019-f6ac-16d1-35f3-343a0d0024f3"
              }
            }
          }
        ],
        "metadata": {
          "threadType": "primary",
          "secondaryThread": "test-id"
        }
      },
      "StatusCode": 201,
      "ResponseHeaders": {
        "Access-Control-Allow-Origin": "*",
        "Access-Control-Expose-Headers": "Location",
        "api-supported-versions": "2021-03-07, 2021-04-05-preview6, 2021-09-07, 2023-04-01-preview, 2023-07-01-preview",
        "Content-Length": "437",
        "Content-Type": "application/json; charset=utf-8",
        "Date": "Fri, 14 Jul 2023 23:44:15 GMT",
        "Location": "https://endpoint/chat/threads/19%3AucCcrRTDhTGKCxD9hMYNtNZGvQQb8kuxBm50uw-EcpI1@thread.v2",
        "MS-CV": "m9TxmXDZoUyG3B5z/7d/\u002BQ.0",
        "Strict-Transport-Security": "max-age=2592000",
        "X-Azure-Ref": "0z92xZAAAAABT0ia52vPMQ4G3rtPQIFSVV1NURURHRTA4MTcAOWZjN2I1MTktYThjYy00Zjg5LTkzNWUtYzkxNDhhZTA5ZTgx",
        "X-Cache": "CONFIG_NOCACHE",
        "X-Processing-Time": "325ms"
      },
      "ResponseBody": {
        "chatThread": {
          "id": "19:ucCcrRTDhTGKCxD9hMYNtNZGvQQb8kuxBm50uw-EcpI1@thread.v2",
          "topic": "test topic",
          "createdOn": "2023-07-14T23:44:15Z",
          "createdByCommunicationIdentifier": {
            "rawId": "8:acs:357e39d2-a29a-4bf6-88cc-fda0afc2c0ed_00000019-f6ac-1676-4ff7-343a0d002dae",
            "communicationUser": {
              "id": "8:acs:357e39d2-a29a-4bf6-88cc-fda0afc2c0ed_00000019-f6ac-1676-4ff7-343a0d002dae"
            }
          },
          "metadata": {
            "threadType": "primary",
            "secondaryThread": "test-id"
          }
        }
      }
    }
  ],
  "Variables": {}
}
