{
  "Entries": [
    {
      "RequestUri": "https://endpoint/chat/threads/19%3A1_rDv-O7sJh7jqmHnbLjvQIO4YKaEK_2DIQ1R5J_oNw1%40thread.v2/messages?api-version=2023-04-01-preview",
      "RequestMethod": "GET",
      "RequestHeaders": {
        "Accept": "application/json",
        "Accept-Encoding": "gzip, deflate, br",
        "Accept-Language": "en-US",
        "Authorization": "Sanitized",
        "Connection": "keep-alive",
        "Origin": "http://localhost:9876",
        "Referer": "http://localhost:9876/",
        "sec-ch-ua": "",
        "sec-ch-ua-mobile": "?0",
        "sec-ch-ua-platform": "",
        "Sec-Fetch-Dest": "empty",
        "Sec-Fetch-Mode": "cors",
        "Sec-Fetch-Site": "same-site",
        "User-Agent": "Mozilla/5.0 (Macintosh; Intel Mac OS X 10_15_7) AppleWebKit/537.36 (KHTML, like Gecko) HeadlessChrome/111.0.5555.0 Safari/537.36",
        "x-ms-client-request-id": "5482193e-1971-43e3-b8a7-7f9cc51baeff",
        "x-ms-useragent": "azsdk-js-communication-chat/1.3.2-beta.1 core-rest-pipeline/1.10.3 OS"
      },
      "RequestBody": null,
      "StatusCode": 200,
      "ResponseHeaders": {
        "Accept-Ranges": "bytes",
        "Access-Control-Allow-Origin": "*",
        "Access-Control-Expose-Headers": "Location",
        "api-supported-versions": "2021-03-07, 2021-04-05-preview6, 2021-09-07, 2023-04-01-preview",
        "Connection": "keep-alive",
        "Content-Length": "2161",
        "Content-Type": "application/json; charset=utf-8",
        "Date": "Sat, 18 Mar 2023 01:07:29 GMT",
        "MS-CV": "9rBIRFz27EeIl2oKxVvESg.0",
        "Strict-Transport-Security": "max-age=2592000",
        "x-azure-ref": "20230318T010729Z-97wqt9gd4p3k1at2n17xqsnatw000000023g00000000y9gp",
        "X-Cache": "CONFIG_NOCACHE",
        "X-Processing-Time": "114ms"
      },
      "ResponseBody": {
        "value": [
          {
            "id": "1679101647816",
            "type": "text",
            "sequenceId": "4",
            "version": "1679101647816",
            "content": {
              "message": "content"
            },
            "senderDisplayName": "",
            "createdOn": "2023-03-18T01:07:27Z",
            "senderCommunicationIdentifier": {
              "rawId": "8:acs:b6aada1f-0b1d-47ac-866f-91aae00a1d01_00000017-9223-6771-92fd-8b3a0d006f05",
              "communicationUser": {
                "id": "8:acs:b6aada1f-0b1d-47ac-866f-91aae00a1d01_00000017-9223-6771-92fd-8b3a0d006f05"
              }
            },
            "metadata": {
              "tags": "sometag"
            }
          },
          {
            "id": "1679101645225",
            "type": "topicUpdated",
            "sequenceId": "3",
            "version": "1679101645225",
            "content": {
              "topic": "new topic",
              "initiatorCommunicationIdentifier": {
                "rawId": "8:acs:b6aada1f-0b1d-47ac-866f-91aae00a1d01_00000017-9223-6771-92fd-8b3a0d006f05",
                "communicationUser": {
                  "id": "8:acs:b6aada1f-0b1d-47ac-866f-91aae00a1d01_00000017-9223-6771-92fd-8b3a0d006f05"
                }
              }
            },
            "createdOn": "2023-03-18T01:07:25Z"
          },
          {
            "id": "1679101642938",
            "type": "topicUpdated",
            "sequenceId": "2",
            "version": "1679101642938",
            "content": {
              "topic": "test topic",
              "initiatorCommunicationIdentifier": {
                "rawId": "8:acs:b6aada1f-0b1d-47ac-866f-91aae00a1d01_00000017-9223-6771-92fd-8b3a0d006f05",
                "communicationUser": {
                  "id": "8:acs:b6aada1f-0b1d-47ac-866f-91aae00a1d01_00000017-9223-6771-92fd-8b3a0d006f05"
                }
              }
            },
            "createdOn": "2023-03-18T01:07:22Z"
          },
          {
            "id": "1679101642913",
            "type": "participantAdded",
            "sequenceId": "1",
            "version": "1679101642913",
            "content": {
              "participants": [
                {
                  "communicationIdentifier": {
                    "rawId": "8:acs:b6aada1f-0b1d-47ac-866f-91aae00a1d01_00000017-9223-6771-92fd-8b3a0d006f05",
                    "communicationUser": {
                      "id": "8:acs:b6aada1f-0b1d-47ac-866f-91aae00a1d01_00000017-9223-6771-92fd-8b3a0d006f05"
                    }
                  },
                  "shareHistoryTime": "1970-01-01T00:00:00Z"
                },
                {
                  "communicationIdentifier": {
                    "rawId": "8:acs:b6aada1f-0b1d-47ac-866f-91aae00a1d01_00000017-9223-690e-e138-8e3a0d00767e",
                    "communicationUser": {
                      "id": "8:acs:b6aada1f-0b1d-47ac-866f-91aae00a1d01_00000017-9223-690e-e138-8e3a0d00767e"
                    }
                  },
                  "shareHistoryTime": "1970-01-01T00:00:00Z"
                }
              ],
              "initiatorCommunicationIdentifier": {
                "rawId": "8:acs:b6aada1f-0b1d-47ac-866f-91aae00a1d01_00000017-9223-6771-92fd-8b3a0d006f05",
                "communicationUser": {
                  "id": "8:acs:b6aada1f-0b1d-47ac-866f-91aae00a1d01_00000017-9223-6771-92fd-8b3a0d006f05"
                }
              }
            },
            "createdOn": "2023-03-18T01:07:22Z"
          }
        ]
      }
    },
    {
      "RequestUri": "https://endpoint/chat/threads/19%3A1_rDv-O7sJh7jqmHnbLjvQIO4YKaEK_2DIQ1R5J_oNw1%40thread.v2/messages?maxPageSize=3\u0026api-version=2023-04-01-preview",
      "RequestMethod": "GET",
      "RequestHeaders": {
        "Accept": "application/json",
        "Accept-Encoding": "gzip, deflate, br",
        "Accept-Language": "en-US",
        "Authorization": "Sanitized",
        "Connection": "keep-alive",
        "Origin": "http://localhost:9876",
        "Referer": "http://localhost:9876/",
        "sec-ch-ua": "",
        "sec-ch-ua-mobile": "?0",
        "sec-ch-ua-platform": "",
        "Sec-Fetch-Dest": "empty",
        "Sec-Fetch-Mode": "cors",
        "Sec-Fetch-Site": "same-site",
        "User-Agent": "Mozilla/5.0 (Macintosh; Intel Mac OS X 10_15_7) AppleWebKit/537.36 (KHTML, like Gecko) HeadlessChrome/111.0.5555.0 Safari/537.36",
        "x-ms-client-request-id": "7d4053c6-1322-42c6-907f-c5466b9b604b",
        "x-ms-useragent": "azsdk-js-communication-chat/1.3.2-beta.1 core-rest-pipeline/1.10.3 OS"
      },
      "RequestBody": null,
      "StatusCode": 200,
      "ResponseHeaders": {
        "Accept-Ranges": "bytes",
        "Access-Control-Allow-Origin": "*",
        "Access-Control-Expose-Headers": "Location",
        "api-supported-versions": "2021-03-07, 2021-04-05-preview6, 2021-09-07, 2023-04-01-preview",
        "Connection": "keep-alive",
        "Content-Length": "1607",
        "Content-Type": "application/json; charset=utf-8",
        "Date": "Sat, 18 Mar 2023 01:07:30 GMT",
        "MS-CV": "xEJLaLhCN0mHkqZPS0BG5A.0",
        "Strict-Transport-Security": "max-age=2592000",
        "x-azure-ref": "20230318T010729Z-97wqt9gd4p3k1at2n17xqsnatw000000023g00000000y9hn",
        "X-Cache": "CONFIG_NOCACHE",
        "X-Processing-Time": "131ms"
      },
      "ResponseBody": {
        "value": [
          {
            "id": "1679101647816",
            "type": "text",
            "sequenceId": "4",
            "version": "1679101647816",
            "content": {
              "message": "content"
            },
            "senderDisplayName": "",
            "createdOn": "2023-03-18T01:07:27Z",
            "senderCommunicationIdentifier": {
              "rawId": "8:acs:b6aada1f-0b1d-47ac-866f-91aae00a1d01_00000017-9223-6771-92fd-8b3a0d006f05",
              "communicationUser": {
                "id": "8:acs:b6aada1f-0b1d-47ac-866f-91aae00a1d01_00000017-9223-6771-92fd-8b3a0d006f05"
              }
            },
            "metadata": {
              "tags": "sometag"
            }
          },
          {
            "id": "1679101645225",
            "type": "topicUpdated",
            "sequenceId": "3",
            "version": "1679101645225",
            "content": {
              "topic": "new topic",
              "initiatorCommunicationIdentifier": {
                "rawId": "8:acs:b6aada1f-0b1d-47ac-866f-91aae00a1d01_00000017-9223-6771-92fd-8b3a0d006f05",
                "communicationUser": {
                  "id": "8:acs:b6aada1f-0b1d-47ac-866f-91aae00a1d01_00000017-9223-6771-92fd-8b3a0d006f05"
                }
              }
            },
            "createdOn": "2023-03-18T01:07:25Z"
          },
          {
            "id": "1679101642938",
            "type": "topicUpdated",
            "sequenceId": "2",
            "version": "1679101642938",
            "content": {
              "topic": "test topic",
              "initiatorCommunicationIdentifier": {
                "rawId": "8:acs:b6aada1f-0b1d-47ac-866f-91aae00a1d01_00000017-9223-6771-92fd-8b3a0d006f05",
                "communicationUser": {
                  "id": "8:acs:b6aada1f-0b1d-47ac-866f-91aae00a1d01_00000017-9223-6771-92fd-8b3a0d006f05"
                }
              }
            },
            "createdOn": "2023-03-18T01:07:22Z"
          }
        ],
        "nextLink": "https://endpoint/chat/threads/19:1_rDv-O7sJh7jqmHnbLjvQIO4YKaEK_2DIQ1R5J_oNw1@thread.v2/messages?syncState=3e3900000031393a315f7244762d4f37734a68376a716d486e624c6a7651494f34594b61454b5f324449513152354a5f6f4e7731407468726561642e763201bac841f286010000c8db41f286010000\u0026startTime=1%2F1%2F1970%2012%3A00%3A00%20AM%20%2B00%3A00\u0026maxPageSize=3\u0026api-version=2023-04-01-preview"
      }
    },
    {
      "RequestUri": "https://endpoint/chat/threads/19:1_rDv-O7sJh7jqmHnbLjvQIO4YKaEK_2DIQ1R5J_oNw1@thread.v2/messages?syncState=3e3900000031393a315f7244762d4f37734a68376a716d486e624c6a7651494f34594b61454b5f324449513152354a5f6f4e7731407468726561642e763201bac841f286010000c8db41f286010000\u0026startTime=1%2F1%2F1970%2012%3A00%3A00%20AM%20%2B00%3A00\u0026maxPageSize=3\u0026api-version=2023-04-01-preview",
      "RequestMethod": "GET",
      "RequestHeaders": {
        "Accept": "application/json",
        "Accept-Encoding": "gzip, deflate, br",
        "Accept-Language": "en-US",
        "Authorization": "Sanitized",
        "Connection": "keep-alive",
        "Origin": "http://localhost:9876",
        "Referer": "http://localhost:9876/",
        "sec-ch-ua": "",
        "sec-ch-ua-mobile": "?0",
        "sec-ch-ua-platform": "",
        "Sec-Fetch-Dest": "empty",
        "Sec-Fetch-Mode": "cors",
        "Sec-Fetch-Site": "same-site",
        "User-Agent": "Mozilla/5.0 (Macintosh; Intel Mac OS X 10_15_7) AppleWebKit/537.36 (KHTML, like Gecko) HeadlessChrome/111.0.5555.0 Safari/537.36",
        "x-ms-client-request-id": "a036ae82-1ba4-4848-960b-cd286a788ac9",
        "x-ms-useragent": "azsdk-js-communication-chat/1.3.2-beta.1 core-rest-pipeline/1.10.3 OS"
      },
      "RequestBody": null,
      "StatusCode": 200,
      "ResponseHeaders": {
        "Accept-Ranges": "bytes",
        "Access-Control-Allow-Origin": "*",
        "Access-Control-Expose-Headers": "Location",
        "api-supported-versions": "2021-03-07, 2021-04-05-preview6, 2021-09-07, 2023-04-01-preview",
        "Connection": "keep-alive",
        "Content-Length": "945",
        "Content-Type": "application/json; charset=utf-8",
        "Date": "Sat, 18 Mar 2023 01:07:30 GMT",
        "MS-CV": "eoUJzL6akUqqsiedkANObQ.0",
        "Strict-Transport-Security": "max-age=2592000",
        "x-azure-ref": "20230318T010730Z-97wqt9gd4p3k1at2n17xqsnatw000000023g00000000y9mx",
        "X-Cache": "CONFIG_NOCACHE",
        "X-Processing-Time": "182ms"
      },
      "ResponseBody": {
        "value": [
          {
            "id": "1679101642913",
            "type": "participantAdded",
            "sequenceId": "1",
            "version": "1679101642913",
            "content": {
              "participants": [
                {
                  "communicationIdentifier": {
                    "rawId": "8:acs:b6aada1f-0b1d-47ac-866f-91aae00a1d01_00000017-9223-6771-92fd-8b3a0d006f05",
                    "communicationUser": {
                      "id": "8:acs:b6aada1f-0b1d-47ac-866f-91aae00a1d01_00000017-9223-6771-92fd-8b3a0d006f05"
                    }
                  },
                  "shareHistoryTime": "1970-01-01T00:00:00Z"
                },
                {
                  "communicationIdentifier": {
                    "rawId": "8:acs:b6aada1f-0b1d-47ac-866f-91aae00a1d01_00000017-9223-690e-e138-8e3a0d00767e",
                    "communicationUser": {
                      "id": "8:acs:b6aada1f-0b1d-47ac-866f-91aae00a1d01_00000017-9223-690e-e138-8e3a0d00767e"
                    }
                  },
                  "shareHistoryTime": "1970-01-01T00:00:00Z"
                }
              ],
              "initiatorCommunicationIdentifier": {
                "rawId": "8:acs:b6aada1f-0b1d-47ac-866f-91aae00a1d01_00000017-9223-6771-92fd-8b3a0d006f05",
                "communicationUser": {
                  "id": "8:acs:b6aada1f-0b1d-47ac-866f-91aae00a1d01_00000017-9223-6771-92fd-8b3a0d006f05"
                }
              }
            },
            "createdOn": "2023-03-18T01:07:22Z"
          }
        ]
      }
    }
  ],
  "Variables": {}
}
