{
  "Entries": [
    {
      "RequestUri": "https://fakestorageaccount.blob.core.windows.net/1container-with-dash167821791018903135?restype=container",
      "RequestMethod": "PUT",
      "RequestHeaders": {
        "Accept": "application/xml",
        "Authorization": "Sanitized",
        "Connection": "keep-alive",
        "Content-Length": "0",
        "User-Agent": "azsdk-js-azure-storage-blob/12.13.0 core-rest-pipeline/1.10.3 Node/v16.18.0 OS/(x64-Linux-5.4.0-1103-azure)",
        "x-ms-client-request-id": "ab51d996-f3cb-4b20-8ac1-1f95927265d6",
        "x-ms-date": "Tue, 07 Mar 2023 19:38:30 GMT",
        "x-ms-version": "2021-12-02"
      },
      "RequestBody": null,
      "StatusCode": 201,
      "ResponseHeaders": {
        "Content-Length": "0",
        "Date": "Tue, 07 Mar 2023 19:38:29 GMT",
        "ETag": "\u00220x8DB1F4387A77D69\u0022",
        "Last-Modified": "Tue, 07 Mar 2023 19:38:30 GMT",
        "Server": [
          "Windows-Azure-Blob/1.0",
          "Microsoft-HTTPAPI/2.0"
        ],
        "x-ms-client-request-id": "ab51d996-f3cb-4b20-8ac1-1f95927265d6",
        "x-ms-request-id": "345fd964-101e-000d-6c2c-51f515000000",
        "x-ms-version": "2021-12-02"
      },
      "ResponseBody": null
    },
    {
      "RequestUri": "https://fakestorageaccount.dfs.core.windows.net/1container-with-dash167821791018903135/%D8%B9%D8%B1%D8%A8%D9%8A%D8%B9%D8%B1%D8%A8%D9%89167821791026809036?resource=file",
      "RequestMethod": "PUT",
      "RequestHeaders": {
        "Accept": "application/json",
        "Authorization": "Sanitized",
        "Connection": "keep-alive",
        "Content-Length": "0",
        "User-Agent": "azsdk-js-azure-storage-blob/12.13.0 core-rest-pipeline/1.10.3 Node/v16.18.0 OS/(x64-Linux-5.4.0-1103-azure)",
        "x-ms-client-request-id": "761db9e5-bf6e-4a46-b863-18695a343622",
        "x-ms-date": "Tue, 07 Mar 2023 19:38:30 GMT",
        "x-ms-version": "2021-12-02"
      },
      "RequestBody": null,
      "StatusCode": 201,
      "ResponseHeaders": {
        "Content-Length": "0",
        "Date": "Tue, 07 Mar 2023 19:38:29 GMT",
        "ETag": "\u00220x8DB1F4387B53F40\u0022",
        "Last-Modified": "Tue, 07 Mar 2023 19:38:30 GMT",
        "Server": [
          "Windows-Azure-HDFS/1.0",
          "Microsoft-HTTPAPI/2.0"
        ],
        "x-ms-client-request-id": "761db9e5-bf6e-4a46-b863-18695a343622",
        "x-ms-request-id": "2d73abae-101f-000d-332c-51f515000000",
        "x-ms-request-server-encrypted": "true",
        "x-ms-version": "2021-12-02"
      },
      "ResponseBody": null
    },
    {
      "RequestUri": "https://fakestorageaccount.blob.core.windows.net/1container-with-dash167821791018903135/%D8%B9%D8%B1%D8%A8%D9%8A%D8%B9%D8%B1%D8%A8%D9%89167821791026809036",
      "RequestMethod": "HEAD",
      "RequestHeaders": {
        "Accept": "application/xml",
        "Authorization": "Sanitized",
        "Connection": "keep-alive",
        "User-Agent": "azsdk-js-azure-storage-blob/12.13.0 core-rest-pipeline/1.10.3 Node/v16.18.0 OS/(x64-Linux-5.4.0-1103-azure)",
        "x-ms-client-request-id": "07e0204c-6074-4a70-826b-6bc755729f61",
        "x-ms-date": "Tue, 07 Mar 2023 19:38:30 GMT",
        "x-ms-version": "2021-12-02"
      },
      "RequestBody": null,
      "StatusCode": 200,
      "ResponseHeaders": {
        "Accept-Ranges": "bytes",
        "Access-Control-Allow-Origin": "*",
        "Access-Control-Expose-Headers": "x-ms-request-id,x-ms-client-request-id,Server,x-ms-version,x-ms-resource-type,Content-Type,Last-Modified,ETag,x-ms-creation-time,x-ms-lease-status,x-ms-lease-state,x-ms-blob-type,x-ms-server-encrypted,x-ms-access-tier,x-ms-access-tier-inferred,Accept-Ranges,x-ms-owner,x-ms-group,x-ms-permissions,Content-Length,Date,Transfer-Encoding",
        "Content-Length": "0",
        "Content-Type": "application/octet-stream",
        "Date": "Tue, 07 Mar 2023 19:38:29 GMT",
        "ETag": "\u00220x8DB1F4387B53F40\u0022",
        "Last-Modified": "Tue, 07 Mar 2023 19:38:30 GMT",
        "Server": [
          "Windows-Azure-Blob/1.0",
          "Microsoft-HTTPAPI/2.0"
        ],
        "x-ms-access-tier": "Hot",
        "x-ms-access-tier-inferred": "true",
        "x-ms-blob-type": "BlockBlob",
        "x-ms-client-request-id": "07e0204c-6074-4a70-826b-6bc755729f61",
        "x-ms-creation-time": "Tue, 07 Mar 2023 19:38:30 GMT",
        "x-ms-group": "$superuser",
        "x-ms-lease-state": "available",
        "x-ms-lease-status": "unlocked",
        "x-ms-owner": "$superuser",
        "x-ms-permissions": "rw-r-----",
        "x-ms-request-id": "345fd9cd-101e-000d-4d2c-51f515000000",
        "x-ms-resource-type": "file",
        "x-ms-server-encrypted": "true",
        "x-ms-version": "2021-12-02"
      },
      "ResponseBody": null
    },
    {
      "RequestUri": "https://fakestorageaccount.dfs.core.windows.net/1container-with-dash167821791018903135?resource=filesystem\u0026recursive=false",
      "RequestMethod": "GET",
      "RequestHeaders": {
        "Accept": "application/json",
        "Authorization": "Sanitized",
        "Connection": "keep-alive",
        "User-Agent": "azsdk-js-azure-storage-blob/12.13.0 core-rest-pipeline/1.10.3 Node/v16.18.0 OS/(x64-Linux-5.4.0-1103-azure)",
        "x-ms-client-request-id": "2f259816-90b8-49e0-b0b6-acfcfecf9891",
        "x-ms-date": "Tue, 07 Mar 2023 19:38:30 GMT",
        "x-ms-version": "2021-12-02"
      },
      "RequestBody": null,
      "StatusCode": 200,
      "ResponseHeaders": {
        "Access-Control-Allow-Origin": "*",
        "Access-Control-Expose-Headers": "Content-Length,Content-Type,Date,Server,Transfer-Encoding,x-ms-client-request-id,x-ms-request-id,x-ms-version",
        "Content-Type": "application/json; charset=utf-8",
        "Date": "Tue, 07 Mar 2023 19:38:29 GMT",
        "Server": [
          "Windows-Azure-HDFS/1.0",
          "Microsoft-HTTPAPI/2.0"
        ],
        "Transfer-Encoding": "chunked",
        "x-ms-client-request-id": "2f259816-90b8-49e0-b0b6-acfcfecf9891",
        "x-ms-request-id": "2d73abb6-101f-000d-3b2c-51f515000000",
        "x-ms-version": "2021-12-02"
      },
      "ResponseBody": {
        "paths": [
          {
            "contentLength": "0",
            "creationTime": "133226915103129408",
            "etag": "0x8DB1F4387B53F40",
            "expiryTime": "0",
            "group": "$superuser",
            "lastModified": "Tue, 07 Mar 2023 19:38:30 GMT",
            "name": "\u0639\u0631\u0628\u064A\u0639\u0631\u0628\u0649167821791026809036",
            "owner": "$superuser",
            "permissions": "rw-r-----"
          }
        ]
      }
    },
    {
      "RequestUri": "https://fakestorageaccount.blob.core.windows.net/1container-with-dash167821791018903135?restype=container",
      "RequestMethod": "DELETE",
      "RequestHeaders": {
        "Accept": "application/xml",
        "Authorization": "Sanitized",
        "Connection": "keep-alive",
        "User-Agent": "azsdk-js-azure-storage-blob/12.13.0 core-rest-pipeline/1.10.3 Node/v16.18.0 OS/(x64-Linux-5.4.0-1103-azure)",
        "x-ms-client-request-id": "d78434e1-ffc1-4a15-bd7c-603b0e6dab5f",
        "x-ms-date": "Tue, 07 Mar 2023 19:38:30 GMT",
        "x-ms-version": "2021-12-02"
      },
      "RequestBody": null,
      "StatusCode": 202,
      "ResponseHeaders": {
        "Content-Length": "0",
        "Date": "Tue, 07 Mar 2023 19:38:29 GMT",
        "Server": [
          "Windows-Azure-Blob/1.0",
          "Microsoft-HTTPAPI/2.0"
        ],
        "x-ms-client-request-id": "d78434e1-ffc1-4a15-bd7c-603b0e6dab5f",
        "x-ms-request-id": "345fda3c-101e-000d-382c-51f515000000",
        "x-ms-version": "2021-12-02"
      },
      "ResponseBody": null
    }
  ],
  "Variables": {
    "1container-with-dash": "1container-with-dash167821791018903135",
    "\u0639\u0631\u0628\u064A\u0639\u0631\u0628\u0649": "\u0639\u0631\u0628\u064A\u0639\u0631\u0628\u0649167821791026809036"
  }
}
