{
  "Entries": [
    {
      "RequestUri": "https://fakestorageaccount.blob.core.windows.net/1container-with-dash167821790811505336?restype=container",
      "RequestMethod": "PUT",
      "RequestHeaders": {
        "Accept": "application/xml",
        "Authorization": "Sanitized",
        "Connection": "keep-alive",
        "Content-Length": "0",
        "User-Agent": "azsdk-js-azure-storage-blob/12.13.0 core-rest-pipeline/1.10.3 Node/v16.18.0 OS/(x64-Linux-5.4.0-1103-azure)",
        "x-ms-client-request-id": "29c6f41d-585a-44d5-8b52-940374e5d389",
        "x-ms-date": "Tue, 07 Mar 2023 19:38:28 GMT",
        "x-ms-version": "2021-12-02"
      },
      "RequestBody": null,
      "StatusCode": 201,
      "ResponseHeaders": {
        "Content-Length": "0",
        "Date": "Tue, 07 Mar 2023 19:38:27 GMT",
        "ETag": "\u00220x8DB1F43866B0D43\u0022",
        "Last-Modified": "Tue, 07 Mar 2023 19:38:28 GMT",
        "Server": [
          "Windows-Azure-Blob/1.0",
          "Microsoft-HTTPAPI/2.0"
        ],
        "x-ms-client-request-id": "29c6f41d-585a-44d5-8b52-940374e5d389",
        "x-ms-request-id": "345fd2e2-101e-000d-392c-51f515000000",
        "x-ms-version": "2021-12-02"
      },
      "ResponseBody": null
    },
    {
      "RequestUri": "https://fakestorageaccount.dfs.core.windows.net/1container-with-dash167821790811505336/%25D1%2580%25D1%2583%25CC%2581%25D1%2581%25D1%2581%25D0%25BA%25D0%25B8%25D0%25B9%2520%25D1%258F%25D0%25B7%25D1%258B%25CC%2581%25D0%25BA167821790819402023?resource=file",
      "RequestMethod": "PUT",
      "RequestHeaders": {
        "Accept": "application/json",
        "Authorization": "Sanitized",
        "Connection": "keep-alive",
        "Content-Length": "0",
        "User-Agent": "azsdk-js-azure-storage-blob/12.13.0 core-rest-pipeline/1.10.3 Node/v16.18.0 OS/(x64-Linux-5.4.0-1103-azure)",
        "x-ms-client-request-id": "b6a188a6-41b8-4bc7-91d7-724ce8f03fe3",
        "x-ms-date": "Tue, 07 Mar 2023 19:38:28 GMT",
        "x-ms-version": "2021-12-02"
      },
      "RequestBody": null,
      "StatusCode": 201,
      "ResponseHeaders": {
        "Content-Length": "0",
        "Date": "Tue, 07 Mar 2023 19:38:27 GMT",
        "ETag": "\u00220x8DB1F4386792BD1\u0022",
        "Last-Modified": "Tue, 07 Mar 2023 19:38:28 GMT",
        "Server": [
          "Windows-Azure-HDFS/1.0",
          "Microsoft-HTTPAPI/2.0"
        ],
        "x-ms-client-request-id": "b6a188a6-41b8-4bc7-91d7-724ce8f03fe3",
        "x-ms-request-id": "2d73a922-101f-000d-2b2c-51f515000000",
        "x-ms-request-server-encrypted": "true",
        "x-ms-version": "2021-12-02"
      },
      "ResponseBody": null
    },
    {
      "RequestUri": "https://fakestorageaccount.blob.core.windows.net/1container-with-dash167821790811505336/%25D1%2580%25D1%2583%25CC%2581%25D1%2581%25D1%2581%25D0%25BA%25D0%25B8%25D0%25B9%2520%25D1%258F%25D0%25B7%25D1%258B%25CC%2581%25D0%25BA167821790819402023",
      "RequestMethod": "HEAD",
      "RequestHeaders": {
        "Accept": "application/xml",
        "Authorization": "Sanitized",
        "Connection": "keep-alive",
        "User-Agent": "azsdk-js-azure-storage-blob/12.13.0 core-rest-pipeline/1.10.3 Node/v16.18.0 OS/(x64-Linux-5.4.0-1103-azure)",
        "x-ms-client-request-id": "74959f73-2eb4-45dd-8137-1b7ea607e389",
        "x-ms-date": "Tue, 07 Mar 2023 19:38:28 GMT",
        "x-ms-version": "2021-12-02"
      },
      "RequestBody": null,
      "StatusCode": 200,
      "ResponseHeaders": {
        "Accept-Ranges": "bytes",
        "Access-Control-Allow-Origin": "*",
        "Access-Control-Expose-Headers": "x-ms-request-id,x-ms-client-request-id,Server,x-ms-version,x-ms-resource-type,Content-Type,Last-Modified,ETag,x-ms-creation-time,x-ms-lease-status,x-ms-lease-state,x-ms-blob-type,x-ms-server-encrypted,x-ms-access-tier,x-ms-access-tier-inferred,Accept-Ranges,x-ms-owner,x-ms-group,x-ms-permissions,Content-Length,Date,Transfer-Encoding",
        "Content-Length": "0",
        "Content-Type": "application/octet-stream",
        "Date": "Tue, 07 Mar 2023 19:38:27 GMT",
        "ETag": "\u00220x8DB1F4386792BD1\u0022",
        "Last-Modified": "Tue, 07 Mar 2023 19:38:28 GMT",
        "Server": [
          "Windows-Azure-Blob/1.0",
          "Microsoft-HTTPAPI/2.0"
        ],
        "x-ms-access-tier": "Hot",
        "x-ms-access-tier-inferred": "true",
        "x-ms-blob-type": "BlockBlob",
        "x-ms-client-request-id": "74959f73-2eb4-45dd-8137-1b7ea607e389",
        "x-ms-creation-time": "Tue, 07 Mar 2023 19:38:28 GMT",
        "x-ms-group": "$superuser",
        "x-ms-lease-state": "available",
        "x-ms-lease-status": "unlocked",
        "x-ms-owner": "$superuser",
        "x-ms-permissions": "rw-r-----",
        "x-ms-request-id": "345fd373-101e-000d-462c-51f515000000",
        "x-ms-resource-type": "file",
        "x-ms-server-encrypted": "true",
        "x-ms-version": "2021-12-02"
      },
      "ResponseBody": null
    },
    {
      "RequestUri": "https://fakestorageaccount.dfs.core.windows.net/1container-with-dash167821790811505336?resource=filesystem\u0026recursive=false",
      "RequestMethod": "GET",
      "RequestHeaders": {
        "Accept": "application/json",
        "Authorization": "Sanitized",
        "Connection": "keep-alive",
        "User-Agent": "azsdk-js-azure-storage-blob/12.13.0 core-rest-pipeline/1.10.3 Node/v16.18.0 OS/(x64-Linux-5.4.0-1103-azure)",
        "x-ms-client-request-id": "4d5b6b36-5a34-494a-be17-31083622122f",
        "x-ms-date": "Tue, 07 Mar 2023 19:38:28 GMT",
        "x-ms-version": "2021-12-02"
      },
      "RequestBody": null,
      "StatusCode": 200,
      "ResponseHeaders": {
        "Access-Control-Allow-Origin": "*",
        "Access-Control-Expose-Headers": "Content-Length,Content-Type,Date,Server,Transfer-Encoding,x-ms-client-request-id,x-ms-request-id,x-ms-version",
        "Content-Type": "application/json; charset=utf-8",
        "Date": "Tue, 07 Mar 2023 19:38:27 GMT",
        "Server": [
          "Windows-Azure-HDFS/1.0",
          "Microsoft-HTTPAPI/2.0"
        ],
        "Transfer-Encoding": "chunked",
        "x-ms-client-request-id": "4d5b6b36-5a34-494a-be17-31083622122f",
        "x-ms-request-id": "2d73a97f-101f-000d-082c-51f515000000",
        "x-ms-version": "2021-12-02"
      },
      "ResponseBody": {
        "paths": [
          {
            "contentLength": "0",
            "creationTime": "133226915082415057",
            "etag": "0x8DB1F4386792BD1",
            "expiryTime": "0",
            "group": "$superuser",
            "lastModified": "Tue, 07 Mar 2023 19:38:28 GMT",
            "name": "%D1%80%D1%83%CC%81%D1%81%D1%81%D0%BA%D0%B8%D0%B9%20%D1%8F%D0%B7%D1%8B%CC%81%D0%BA167821790819402023",
            "owner": "$superuser",
            "permissions": "rw-r-----"
          }
        ]
      }
    },
    {
      "RequestUri": "https://fakestorageaccount.blob.core.windows.net/1container-with-dash167821790811505336?restype=container",
      "RequestMethod": "DELETE",
      "RequestHeaders": {
        "Accept": "application/xml",
        "Authorization": "Sanitized",
        "Connection": "keep-alive",
        "User-Agent": "azsdk-js-azure-storage-blob/12.13.0 core-rest-pipeline/1.10.3 Node/v16.18.0 OS/(x64-Linux-5.4.0-1103-azure)",
        "x-ms-client-request-id": "be6eb930-8946-4587-8374-70ede9b547c9",
        "x-ms-date": "Tue, 07 Mar 2023 19:38:28 GMT",
        "x-ms-version": "2021-12-02"
      },
      "RequestBody": null,
      "StatusCode": 202,
      "ResponseHeaders": {
        "Content-Length": "0",
        "Date": "Tue, 07 Mar 2023 19:38:27 GMT",
        "Server": [
          "Windows-Azure-Blob/1.0",
          "Microsoft-HTTPAPI/2.0"
        ],
        "x-ms-client-request-id": "be6eb930-8946-4587-8374-70ede9b547c9",
        "x-ms-request-id": "345fd3f8-101e-000d-452c-51f515000000",
        "x-ms-version": "2021-12-02"
      },
      "ResponseBody": null
    }
  ],
  "Variables": {
    "1container-with-dash": "1container-with-dash167821790811505336",
    "\u0440\u0443\u0301\u0441\u0441\u043A\u0438\u0439 \u044F\u0437\u044B\u0301\u043A": "\u0440\u0443\u0301\u0441\u0441\u043A\u0438\u0439 \u044F\u0437\u044B\u0301\u043A167821790819402023"
  }
}
