{
  "Entries": [
    {
      "RequestUri": "https://endpoint/availablePhoneNumbers/countries/US/localities?skip=0\u0026maxPageSize=100\u0026api-version=2024-01-31-preview",
      "RequestMethod": "GET",
      "RequestHeaders": {
        "Accept": "application/json",
        "Accept-Encoding": "gzip,deflate",
        "Authorization": "Sanitized",
        "Connection": "keep-alive",
        "User-Agent": "azsdk-js-communication-phone-numbers/1.2.1 core-rest-pipeline/1.12.3 Node/v18.18.0 OS/(x64-Windows_NT-10.0.22631)",
        "x-ms-client-request-id": "sanitized",
        "x-ms-content-sha256": "47DEQpj8HBSa\u002B/TImW\u002B5JCeuQeRkm5NMpJWZG3hSuFU=",
        "x-ms-date": "Tue, 02 Jan 2024 18:22:33 GMT",
        "x-ms-useragent": "fake-useragent"
      },
      "RequestBody": null,
      "StatusCode": 200,
      "ResponseHeaders": {
        "api-supported-versions": "2022-12-01, 2022-12-02-preview2, 2023-05-01-preview, 2023-10-01-preview, 2024-01-31-preview, 2024-01-31",
        "Cache-Control": "max-age=21600, private, stale-while-revalidate=86400",
        "Content-Length": "751",
        "Content-Type": "application/json; charset=utf-8",
        "Date": "Tue, 02 Jan 2024 18:22:33 GMT",
        "MS-CV": "J4HJJIZx8k6tbadyvRHsow.0",
        "Strict-Transport-Security": "max-age=2592000",
        "X-Azure-Ref": "0aVSUZQAAAACsOrX2nthoT5ULdEc4tP2TV1NURURHRTA4MDcAY2M5Mjc1OGQtMDVmNy00YWQ2LWFhNWUtMGZhOTcxOGQ4OTg1",
        "X-Cache": "CONFIG_NOCACHE",
        "X-Processing-Time": "271ms"
      },
      "ResponseBody": {
        "phoneNumberLocalities": [
          {
            "localizedName": "Birmingham",
            "administrativeDivision": {
              "localizedName": "AL",
              "abbreviatedName": "AL"
            }
          },
          {
            "localizedName": "Huntsville",
            "administrativeDivision": {
              "localizedName": "AL",
              "abbreviatedName": "AL"
            }
          },
          {
            "localizedName": "Phoenix",
            "administrativeDivision": {
              "localizedName": "AZ",
              "abbreviatedName": "AZ"
            }
          },
          {
            "localizedName": "Los Angeles",
            "administrativeDivision": {
              "localizedName": "CA",
              "abbreviatedName": "CA"
            }
          },
          {
            "localizedName": "Riverside",
            "administrativeDivision": {
              "localizedName": "CA",
              "abbreviatedName": "CA"
            }
          },
          {
            "localizedName": "Sacramento",
            "administrativeDivision": {
              "localizedName": "CA",
              "abbreviatedName": "CA"
            }
          },
          {
            "localizedName": "Salinas",
            "administrativeDivision": {
              "localizedName": "CA",
              "abbreviatedName": "CA"
            }
          },
          {
            "localizedName": "San Diego",
            "administrativeDivision": {
              "localizedName": "CA",
              "abbreviatedName": "CA"
            }
          },
          {
            "localizedName": "San Francisco",
            "administrativeDivision": {
              "localizedName": "CA",
              "abbreviatedName": "CA"
            }
          },
          {
            "localizedName": "San Jose",
            "administrativeDivision": {
              "localizedName": "CA",
              "abbreviatedName": "CA"
            }
          },
          {
            "localizedName": "Santa Barbara",
            "administrativeDivision": {
              "localizedName": "CA",
              "abbreviatedName": "CA"
            }
          },
          {
            "localizedName": "Santa Clarita",
            "administrativeDivision": {
              "localizedName": "CA",
              "abbreviatedName": "CA"
            }
          },
          {
            "localizedName": "Santa Rosa",
            "administrativeDivision": {
              "localizedName": "CA",
              "abbreviatedName": "CA"
            }
          },
          {
            "localizedName": "Stockton",
            "administrativeDivision": {
              "localizedName": "CA",
              "abbreviatedName": "CA"
            }
          },
          {
            "localizedName": "Truckee",
            "administrativeDivision": {
              "localizedName": "CA",
              "abbreviatedName": "CA"
            }
          },
          {
            "localizedName": "Washington DC",
            "administrativeDivision": {
              "localizedName": "CL",
              "abbreviatedName": "CL"
            }
          },
          {
            "localizedName": "Denver",
            "administrativeDivision": {
              "localizedName": "CO",
              "abbreviatedName": "CO"
            }
          },
          {
            "localizedName": "Grand Junction",
            "administrativeDivision": {
              "localizedName": "CO",
              "abbreviatedName": "CO"
            }
          },
          {
            "localizedName": "Pueblo",
            "administrativeDivision": {
              "localizedName": "CO",
              "abbreviatedName": "CO"
            }
          },
          {
            "localizedName": "Bridgeport",
            "administrativeDivision": {
              "localizedName": "CT",
              "abbreviatedName": "CT"
            }
          },
          {
            "localizedName": "Hartford",
            "administrativeDivision": {
              "localizedName": "CT",
              "abbreviatedName": "CT"
            }
          },
          {
            "localizedName": "Wilmington",
            "administrativeDivision": {
              "localizedName": "DE",
              "abbreviatedName": "DE"
            }
          },
          {
            "localizedName": "Daytona Beach",
            "administrativeDivision": {
              "localizedName": "FL",
              "abbreviatedName": "FL"
            }
          },
          {
            "localizedName": "Fort Lauderdale",
            "administrativeDivision": {
              "localizedName": "FL",
              "abbreviatedName": "FL"
            }
          },
          {
            "localizedName": "Gainesville",
            "administrativeDivision": {
              "localizedName": "FL",
              "abbreviatedName": "FL"
            }
          },
          {
            "localizedName": "Jacksonville",
            "administrativeDivision": {
              "localizedName": "FL",
              "abbreviatedName": "FL"
            }
          },
          {
            "localizedName": "Lakeland",
            "administrativeDivision": {
              "localizedName": "FL",
              "abbreviatedName": "FL"
            }
          },
          {
            "localizedName": "Miami",
            "administrativeDivision": {
              "localizedName": "FL",
              "abbreviatedName": "FL"
            }
          },
          {
            "localizedName": "Orlando",
            "administrativeDivision": {
              "localizedName": "FL",
              "abbreviatedName": "FL"
            }
          },
          {
            "localizedName": "Port St Lucie",
            "administrativeDivision": {
              "localizedName": "FL",
              "abbreviatedName": "FL"
            }
          },
          {
            "localizedName": "Sarasota",
            "administrativeDivision": {
              "localizedName": "FL",
              "abbreviatedName": "FL"
            }
          },
          {
            "localizedName": "St. Petersburg",
            "administrativeDivision": {
              "localizedName": "FL",
              "abbreviatedName": "FL"
            }
          },
          {
            "localizedName": "Tallahassee",
            "administrativeDivision": {
              "localizedName": "FL",
              "abbreviatedName": "FL"
            }
          },
          {
            "localizedName": "Tampa",
            "administrativeDivision": {
              "localizedName": "FL",
              "abbreviatedName": "FL"
            }
          },
          {
            "localizedName": "West Palm Beach",
            "administrativeDivision": {
              "localizedName": "FL",
              "abbreviatedName": "FL"
            }
          },
          {
            "localizedName": "Albany",
            "administrativeDivision": {
              "localizedName": "GA",
              "abbreviatedName": "GA"
            }
          },
          {
            "localizedName": "Atlanta",
            "administrativeDivision": {
              "localizedName": "GA",
              "abbreviatedName": "GA"
            }
          },
          {
            "localizedName": "Augusta",
            "administrativeDivision": {
              "localizedName": "GA",
              "abbreviatedName": "GA"
            }
          },
          {
            "localizedName": "Macon",
            "administrativeDivision": {
              "localizedName": "GA",
              "abbreviatedName": "GA"
            }
          },
          {
            "localizedName": "Savannah",
            "administrativeDivision": {
              "localizedName": "GA",
              "abbreviatedName": "GA"
            }
          },
          {
            "localizedName": "Honolulu",
            "administrativeDivision": {
              "localizedName": "HI",
              "abbreviatedName": "HI"
            }
          },
          {
            "localizedName": "Cedar Rapids",
            "administrativeDivision": {
              "localizedName": "IA",
              "abbreviatedName": "IA"
            }
          },
          {
            "localizedName": "Davenport",
            "administrativeDivision": {
              "localizedName": "IA",
              "abbreviatedName": "IA"
            }
          },
          {
            "localizedName": "Iowa City",
            "administrativeDivision": {
              "localizedName": "IA",
              "abbreviatedName": "IA"
            }
          },
          {
            "localizedName": "Mason City",
            "administrativeDivision": {
              "localizedName": "IA",
              "abbreviatedName": "IA"
            }
          },
          {
            "localizedName": "Sioux City",
            "administrativeDivision": {
              "localizedName": "IA",
              "abbreviatedName": "IA"
            }
          },
          {
            "localizedName": "Boise",
            "administrativeDivision": {
              "localizedName": "ID",
              "abbreviatedName": "ID"
            }
          },
          {
            "localizedName": "Alton",
            "administrativeDivision": {
              "localizedName": "IL",
              "abbreviatedName": "IL"
            }
          },
          {
            "localizedName": "Aurora",
            "administrativeDivision": {
              "localizedName": "IL",
              "abbreviatedName": "IL"
            }
          },
          {
            "localizedName": "Bloomington",
            "administrativeDivision": {
              "localizedName": "IL",
              "abbreviatedName": "IL"
            }
          },
          {
            "localizedName": "Champaign",
            "administrativeDivision": {
              "localizedName": "IL",
              "abbreviatedName": "IL"
            }
          },
          {
            "localizedName": "Chicago",
            "administrativeDivision": {
              "localizedName": "IL",
              "abbreviatedName": "IL"
            }
          },
          {
            "localizedName": "Cicero",
            "administrativeDivision": {
              "localizedName": "IL",
              "abbreviatedName": "IL"
            }
          },
          {
            "localizedName": "Rock Island",
            "administrativeDivision": {
              "localizedName": "IL",
              "abbreviatedName": "IL"
            }
          },
          {
            "localizedName": "Rockford",
            "administrativeDivision": {
              "localizedName": "IL",
              "abbreviatedName": "IL"
            }
          },
          {
            "localizedName": "Waukegan",
            "administrativeDivision": {
              "localizedName": "IL",
              "abbreviatedName": "IL"
            }
          },
          {
            "localizedName": "Evansville",
            "administrativeDivision": {
              "localizedName": "IN",
              "abbreviatedName": "IN"
            }
          },
          {
            "localizedName": "Fort Wayne",
            "administrativeDivision": {
              "localizedName": "IN",
              "abbreviatedName": "IN"
            }
          },
          {
            "localizedName": "Gary",
            "administrativeDivision": {
              "localizedName": "IN",
              "abbreviatedName": "IN"
            }
          },
          {
            "localizedName": "Indianapolis",
            "administrativeDivision": {
              "localizedName": "IN",
              "abbreviatedName": "IN"
            }
          },
          {
            "localizedName": "South Bend",
            "administrativeDivision": {
              "localizedName": "IN",
              "abbreviatedName": "IN"
            }
          },
          {
            "localizedName": "Kansas City",
            "administrativeDivision": {
              "localizedName": "KS",
              "abbreviatedName": "KS"
            }
          },
          {
            "localizedName": "Topeka",
            "administrativeDivision": {
              "localizedName": "KS",
              "abbreviatedName": "KS"
            }
          },
          {
            "localizedName": "Wichita",
            "administrativeDivision": {
              "localizedName": "KS",
              "abbreviatedName": "KS"
            }
          },
          {
            "localizedName": "Ashland",
            "administrativeDivision": {
              "localizedName": "KY",
              "abbreviatedName": "KY"
            }
          },
          {
            "localizedName": "Lexington",
            "administrativeDivision": {
              "localizedName": "KY",
              "abbreviatedName": "KY"
            }
          },
          {
            "localizedName": "Louisville",
            "administrativeDivision": {
              "localizedName": "KY",
              "abbreviatedName": "KY"
            }
          },
          {
            "localizedName": "Owensboro",
            "administrativeDivision": {
              "localizedName": "KY",
              "abbreviatedName": "KY"
            }
          },
          {
            "localizedName": "Baton Rouge",
            "administrativeDivision": {
              "localizedName": "LA",
              "abbreviatedName": "LA"
            }
          },
          {
            "localizedName": "Lafayette",
            "administrativeDivision": {
              "localizedName": "LA",
              "abbreviatedName": "LA"
            }
          },
          {
            "localizedName": "New Orleans",
            "administrativeDivision": {
              "localizedName": "LA",
              "abbreviatedName": "LA"
            }
          },
          {
            "localizedName": "Shreveport",
            "administrativeDivision": {
              "localizedName": "LA",
              "abbreviatedName": "LA"
            }
          },
          {
            "localizedName": "Boston",
            "administrativeDivision": {
              "localizedName": "MA",
              "abbreviatedName": "MA"
            }
          },
          {
            "localizedName": "Chicopee",
            "administrativeDivision": {
              "localizedName": "MA",
              "abbreviatedName": "MA"
            }
          },
          {
            "localizedName": "Lowell",
            "administrativeDivision": {
              "localizedName": "MA",
              "abbreviatedName": "MA"
            }
          },
          {
            "localizedName": "Lynn",
            "administrativeDivision": {
              "localizedName": "MA",
              "abbreviatedName": "MA"
            }
          },
          {
            "localizedName": "Baltimore",
            "administrativeDivision": {
              "localizedName": "MD",
              "abbreviatedName": "MD"
            }
          },
          {
            "localizedName": "Bethesda",
            "administrativeDivision": {
              "localizedName": "MD",
              "abbreviatedName": "MD"
            }
          },
          {
            "localizedName": "Silver Spring",
            "administrativeDivision": {
              "localizedName": "MD",
              "abbreviatedName": "MD"
            }
          },
          {
            "localizedName": "Portland",
            "administrativeDivision": {
              "localizedName": "ME",
              "abbreviatedName": "ME"
            }
          },
          {
            "localizedName": "Ann Arbor",
            "administrativeDivision": {
              "localizedName": "MI",
              "abbreviatedName": "MI"
            }
          },
          {
            "localizedName": "Detroit",
            "administrativeDivision": {
              "localizedName": "MI",
              "abbreviatedName": "MI"
            }
          },
          {
            "localizedName": "Flint",
            "administrativeDivision": {
              "localizedName": "MI",
              "abbreviatedName": "MI"
            }
          },
          {
            "localizedName": "Grand Rapids",
            "administrativeDivision": {
              "localizedName": "MI",
              "abbreviatedName": "MI"
            }
          },
          {
            "localizedName": "Grant",
            "administrativeDivision": {
              "localizedName": "MI",
              "abbreviatedName": "MI"
            }
          },
          {
            "localizedName": "Lansing",
            "administrativeDivision": {
              "localizedName": "MI",
              "abbreviatedName": "MI"
            }
          },
          {
            "localizedName": "Otsego",
            "administrativeDivision": {
              "localizedName": "MI",
              "abbreviatedName": "MI"
            }
          },
          {
            "localizedName": "Saginaw",
            "administrativeDivision": {
              "localizedName": "MI",
              "abbreviatedName": "MI"
            }
          },
          {
            "localizedName": "Sault Ste Marie",
            "administrativeDivision": {
              "localizedName": "MI",
              "abbreviatedName": "MI"
            }
          },
          {
            "localizedName": "Troy",
            "administrativeDivision": {
              "localizedName": "MI",
              "abbreviatedName": "MI"
            }
          },
          {
            "localizedName": "Warren",
            "administrativeDivision": {
              "localizedName": "MI",
              "abbreviatedName": "MI"
            }
          }
        ],
        "nextLink": "/availablePhoneNumbers/countries/US/localities?skip=100\u0026maxPageSize=100\u0026api-version=2024-01-31-preview"
      }
    },
    {
      "RequestUri": "https://endpoint/availablePhoneNumbers/countries/US/localities?skip=100\u0026maxPageSize=100\u0026api-version=2024-01-31-preview",
      "RequestMethod": "GET",
      "RequestHeaders": {
        "Accept": "application/json",
        "Accept-Encoding": "gzip,deflate",
        "Authorization": "Sanitized",
        "Connection": "keep-alive",
        "User-Agent": "azsdk-js-communication-phone-numbers/1.2.1 core-rest-pipeline/1.12.3 Node/v18.18.0 OS/(x64-Windows_NT-10.0.22621)",
        "x-ms-client-request-id": "sanitized",
        "x-ms-content-sha256": "47DEQpj8HBSa\u002B/TImW\u002B5JCeuQeRkm5NMpJWZG3hSuFU=",
        "x-ms-date": "Wed, 22 Nov 2023 10:02:00 GMT",
        "x-ms-useragent": "fake-useragent"
      },
      "RequestBody": null,
      "StatusCode": 200,
      "ResponseHeaders": {
        "api-supported-versions": "2022-12-01, 2022-12-02-preview2, 2023-05-01-preview, 2023-10-01-preview, 2024-01-31-preview, 2024-01-31",
        "Cache-Control": "max-age=21600, private, stale-while-revalidate=86400",
        "Content-Length": "10195",
        "Content-Type": "application/json; charset=utf-8",
        "Date": "Wed, 22 Nov 2023 10:01:59 GMT",
        "MS-CV": "pF8HCNeWvkuR/o74HuH0SA.0",
        "Strict-Transport-Security": "max-age=2592000",
        "X-Azure-Ref": "0l9FdZQAAAAC9hACuJEaxS5c8Op01adSsUFJHMDFFREdFMDkxNgA5ZmM3YjUxOS1hOGNjLTRmODktOTM1ZS1jOTE0OGFlMDllODE=",
        "X-Cache": "CONFIG_NOCACHE",
        "X-Processing-Time": "815ms"
      },
      "ResponseBody": {
        "phoneNumberLocalities": [
          {
            "localizedName": "Alexandria",
            "administrativeDivision": {
              "localizedName": "MN",
              "abbreviatedName": "MN"
            }
          },
          {
            "localizedName": "Bloomington",
            "administrativeDivision": {
              "localizedName": "MN",
              "abbreviatedName": "MN"
            }
          },
          {
            "localizedName": "Duluth",
            "administrativeDivision": {
              "localizedName": "MN",
              "abbreviatedName": "MN"
            }
          },
          {
            "localizedName": "Mankato",
            "administrativeDivision": {
              "localizedName": "MN",
              "abbreviatedName": "MN"
            }
          },
          {
            "localizedName": "Minneapolis",
            "administrativeDivision": {
              "localizedName": "MN",
              "abbreviatedName": "MN"
            }
          },
          {
            "localizedName": "Plymouth",
            "administrativeDivision": {
              "localizedName": "MN",
              "abbreviatedName": "MN"
            }
          },
          {
            "localizedName": "St. Paul",
            "administrativeDivision": {
              "localizedName": "MN",
              "abbreviatedName": "MN"
            }
          },
          {
            "localizedName": "Columbia",
            "administrativeDivision": {
              "localizedName": "MO",
              "abbreviatedName": "MO"
            }
          },
          {
            "localizedName": "Kansas City",
            "administrativeDivision": {
              "localizedName": "MO",
              "abbreviatedName": "MO"
            }
          },
          {
            "localizedName": "Marshall",
            "administrativeDivision": {
              "localizedName": "MO",
              "abbreviatedName": "MO"
            }
          },
          {
            "localizedName": "Springfield",
            "administrativeDivision": {
              "localizedName": "MO",
              "abbreviatedName": "MO"
            }
          },
          {
            "localizedName": "St. Louis",
            "administrativeDivision": {
              "localizedName": "MO",
              "abbreviatedName": "MO"
            }
          },
          {
            "localizedName": "Biloxi",
            "administrativeDivision": {
              "localizedName": "MS",
              "abbreviatedName": "MS"
            }
          },
          {
            "localizedName": "Jackson",
            "administrativeDivision": {
              "localizedName": "MS",
              "abbreviatedName": "MS"
            }
          },
          {
            "localizedName": "Starkville",
            "administrativeDivision": {
              "localizedName": "MS",
              "abbreviatedName": "MS"
            }
          },
          {
            "localizedName": "Billings",
            "administrativeDivision": {
              "localizedName": "MT",
              "abbreviatedName": "MT"
            }
          },
          {
            "localizedName": "Asheville",
            "administrativeDivision": {
              "localizedName": "NC",
              "abbreviatedName": "NC"
            }
          },
          {
            "localizedName": "Charlotte",
            "administrativeDivision": {
              "localizedName": "NC",
              "abbreviatedName": "NC"
            }
          },
          {
            "localizedName": "Fayetteville",
            "administrativeDivision": {
              "localizedName": "NC",
              "abbreviatedName": "NC"
            }
          },
          {
            "localizedName": "Greensboro",
            "administrativeDivision": {
              "localizedName": "NC",
              "abbreviatedName": "NC"
            }
          },
          {
            "localizedName": "Raleigh",
            "administrativeDivision": {
              "localizedName": "NC",
              "abbreviatedName": "NC"
            }
          },
          {
            "localizedName": "Rocky Mount",
            "administrativeDivision": {
              "localizedName": "NC",
              "abbreviatedName": "NC"
            }
          },
          {
            "localizedName": "Fargo",
            "administrativeDivision": {
              "localizedName": "ND",
              "abbreviatedName": "ND"
            }
          },
          {
            "localizedName": "Kearney",
            "administrativeDivision": {
              "localizedName": "NE",
              "abbreviatedName": "NE"
            }
          },
          {
            "localizedName": "Omaha",
            "administrativeDivision": {
              "localizedName": "NE",
              "abbreviatedName": "NE"
            }
          },
          {
            "localizedName": "All locations",
            "administrativeDivision": {
              "localizedName": "NG",
              "abbreviatedName": "NG"
            }
          },
          {
            "localizedName": "Atlantic City",
            "administrativeDivision": {
              "localizedName": "NJ",
              "abbreviatedName": "NJ"
            }
          },
          {
            "localizedName": "Camden",
            "administrativeDivision": {
              "localizedName": "NJ",
              "abbreviatedName": "NJ"
            }
          },
          {
            "localizedName": "Edison",
            "administrativeDivision": {
              "localizedName": "NJ",
              "abbreviatedName": "NJ"
            }
          },
          {
            "localizedName": "Elizabeth",
            "administrativeDivision": {
              "localizedName": "NJ",
              "abbreviatedName": "NJ"
            }
          },
          {
            "localizedName": "Jersey City",
            "administrativeDivision": {
              "localizedName": "NJ",
              "abbreviatedName": "NJ"
            }
          },
          {
            "localizedName": "Newark",
            "administrativeDivision": {
              "localizedName": "NJ",
              "abbreviatedName": "NJ"
            }
          },
          {
            "localizedName": "Albuquerque",
            "administrativeDivision": {
              "localizedName": "NM",
              "abbreviatedName": "NM"
            }
          },
          {
            "localizedName": "Las Cruces",
            "administrativeDivision": {
              "localizedName": "NM",
              "abbreviatedName": "NM"
            }
          },
          {
            "localizedName": "Las Vegas",
            "administrativeDivision": {
              "localizedName": "NV",
              "abbreviatedName": "NV"
            }
          },
          {
            "localizedName": "Reno",
            "administrativeDivision": {
              "localizedName": "NV",
              "abbreviatedName": "NV"
            }
          },
          {
            "localizedName": "Albany",
            "administrativeDivision": {
              "localizedName": "NY",
              "abbreviatedName": "NY"
            }
          },
          {
            "localizedName": "Brentwood",
            "administrativeDivision": {
              "localizedName": "NY",
              "abbreviatedName": "NY"
            }
          },
          {
            "localizedName": "Elmira",
            "administrativeDivision": {
              "localizedName": "NY",
              "abbreviatedName": "NY"
            }
          },
          {
            "localizedName": "Hempstead",
            "administrativeDivision": {
              "localizedName": "NY",
              "abbreviatedName": "NY"
            }
          },
          {
            "localizedName": "Kingston",
            "administrativeDivision": {
              "localizedName": "NY",
              "abbreviatedName": "NY"
            }
          },
          {
            "localizedName": "New York City",
            "administrativeDivision": {
              "localizedName": "NY",
              "abbreviatedName": "NY"
            }
          },
          {
            "localizedName": "Dallas",
            "administrativeDivision": {
              "localizedName": "TX",
              "abbreviatedName": "TX"
            }
          },
          {
            "localizedName": "Seattle",
            "administrativeDivision": {
              "localizedName": "WA",
              "abbreviatedName": "WA"
            }
          }
        ],
        "nextLink": "/availablePhoneNumbers/countries/US/localities?skip=200\u0026maxPageSize=100\u0026api-version=2024-01-31-preview"
      }
    },
    {
      "RequestUri": "https://endpoint/availablePhoneNumbers/countries/US/localities?skip=200\u0026maxPageSize=100\u0026api-version=2024-01-31-preview",
      "RequestMethod": "GET",
      "RequestHeaders": {
        "Accept": "application/json",
        "Accept-Encoding": "gzip,deflate",
        "Authorization": "Sanitized",
        "Connection": "keep-alive",
        "User-Agent": "azsdk-js-communication-phone-numbers/1.2.1 core-rest-pipeline/1.12.3 Node/v18.18.0 OS/(x64-Windows_NT-10.0.22621)",
        "x-ms-client-request-id": "sanitized",
        "x-ms-content-sha256": "47DEQpj8HBSa\u002B/TImW\u002B5JCeuQeRkm5NMpJWZG3hSuFU=",
        "x-ms-date": "Wed, 22 Nov 2023 10:02:01 GMT",
        "x-ms-useragent": "fake-useragent"
      },
      "RequestBody": null,
      "StatusCode": 200,
      "ResponseHeaders": {
        "api-supported-versions": "2022-12-01, 2022-12-02-preview2, 2023-05-01-preview, 2023-10-01-preview, 2024-01-31-preview, 2024-01-31",
        "Cache-Control": "max-age=21600, private, stale-while-revalidate=86400",
        "Content-Length": "743",
        "Content-Type": "application/json; charset=utf-8",
        "Date": "Wed, 22 Nov 2023 10:02:00 GMT",
        "MS-CV": "cV6i6BlRX0mq0e5mn9aKzw.0",
        "Strict-Transport-Security": "max-age=2592000",
        "X-Azure-Ref": "0mNFdZQAAAABMXhrJRF7jQ7NflEHLWVTXUFJHMDFFREdFMDkxNgA5ZmM3YjUxOS1hOGNjLTRmODktOTM1ZS1jOTE0OGFlMDllODE=",
        "X-Cache": "CONFIG_NOCACHE",
        "X-Processing-Time": "764ms"
      },
      "ResponseBody": {
        "phoneNumberLocalities": [
          {
            "localizedName": "Tacoma",
            "administrativeDivision": {
              "localizedName": "WA",
              "abbreviatedName": "WA"
            }
          },
          {
            "localizedName": "Eau Claire",
            "administrativeDivision": {
              "localizedName": "WI",
              "abbreviatedName": "WI"
            }
          },
          {
            "localizedName": "Kenosha",
            "administrativeDivision": {
              "localizedName": "WI",
              "abbreviatedName": "WI"
            }
          },
          {
            "localizedName": "Madison",
            "administrativeDivision": {
              "localizedName": "WI",
              "abbreviatedName": "WI"
            }
          },
          {
            "localizedName": "Milwaukee",
            "administrativeDivision": {
              "localizedName": "WI",
              "abbreviatedName": "WI"
            }
          },
          {
            "localizedName": "Charleston",
            "administrativeDivision": {
              "localizedName": "WV",
              "abbreviatedName": "WV"
            }
          },
          {
            "localizedName": "Laramie",
            "administrativeDivision": {
              "localizedName": "WY",
              "abbreviatedName": "WY"
            }
          }
        ],
        "nextLink": null
      }
    }
  ],
  "Variables": {}
}
