{
  "Entries": [
    {
      "RequestUri": "https://endpoint/routing/distributionPolicies/test-d-policy-recorded-jobs?api-version=2022-07-18-preview",
      "RequestMethod": "PATCH",
      "RequestHeaders": {
        "Accept": "application/json",
        "Accept-Encoding": "gzip,deflate",
        "Authorization": "Sanitized",
        "Connection": "keep-alive",
        "Content-Length": "148",
        "Content-Type": "application/merge-patch\u002Bjson",
        "User-Agent": "azsdk-js-communication-job-router/V2022-07-18-preview azsdk-js-communication-job-router/1.0.0-beta.1 core-rest-pipeline/1.10.4 Node/v14.19.1 OS/(x64-Windows_NT-10.0.22621)",
        "x-ms-client-request-id": "71e5828a-b691-457b-83c1-8fc554b69c54",
        "x-ms-content-sha256": "oEbZ\u002BLnO9rcJU8qXPm2ndsjGGab8Qbu\u002B4rDEbZJPHJc=",
        "x-ms-date": "Tue, 02 May 2023 20:34:31 GMT"
      },
      "RequestBody": {
        "name": "test-d-policy",
        "offerTtlSeconds": 60,
        "mode": {
          "kind": "longest-idle",
          "minConcurrentOffers": 1,
          "maxConcurrentOffers": 5,
          "bypassSelectors": false
        }
      },
      "StatusCode": 200,
      "ResponseHeaders": {
        "api-supported-versions": "2021-04-07-preview1, 2022-07-18-preview",
        "Content-Type": "application/json; charset=utf-8",
        "Date": "Tue, 02 May 2023 20:34:31 GMT",
        "ETag": "\u00224c08c493-0000-0700-0000-645173d70000\u0022",
        "Last-Modified": "Tue, 02 May 2023 20:34:31 GMT",
        "trace-id": "42f03fa2-8e12-8e92-28c7-8a55afcef255",
        "Transfer-Encoding": "chunked",
        "X-Azure-Ref": "013NRZAAAAABN5Cv\u002BUeaeSqz1gntMeNf1WVZSMzExMDAwMTE1MDIzADlmYzdiNTE5LWE4Y2MtNGY4OS05MzVlLWM5MTQ4YWUwOWU4MQ==",
        "X-Cache": "CONFIG_NOCACHE"
      },
      "ResponseBody": {
        "id": "test-d-policy-recorded-jobs",
        "name": "test-d-policy",
        "offerTtlSeconds": 60,
        "mode": {
          "kind": "longest-idle",
          "minConcurrentOffers": 1,
          "maxConcurrentOffers": 5,
          "bypassSelectors": false
        }
      }
    },
    {
      "RequestUri": "https://endpoint/routing/exceptionPolicies/test-e-policy-recorded-jobs?api-version=2022-07-18-preview",
      "RequestMethod": "PATCH",
      "RequestHeaders": {
        "Accept": "application/json",
        "Accept-Encoding": "gzip,deflate",
        "Authorization": "Sanitized",
        "Connection": "keep-alive",
        "Content-Length": "205",
        "Content-Type": "application/merge-patch\u002Bjson",
        "User-Agent": "azsdk-js-communication-job-router/V2022-07-18-preview azsdk-js-communication-job-router/1.0.0-beta.1 core-rest-pipeline/1.10.4 Node/v14.19.1 OS/(x64-Windows_NT-10.0.22621)",
        "x-ms-client-request-id": "4a4ab342-999f-4b40-ac25-f25814b57d43",
        "x-ms-content-sha256": "DnPGZm8GTFJTh0d1bEHun9/03VZVF0xo\u002BzuWvPJk3V0=",
        "x-ms-date": "Tue, 02 May 2023 20:34:31 GMT"
      },
      "RequestBody": {
        "name": "test-e-policy",
        "exceptionRules": {
          "MaxWaitTimeExceededCancel": {
            "trigger": {
              "kind": "wait-time",
              "thresholdSeconds": 10
            },
            "actions": {
              "Cancel": {
                "kind": "cancel",
                "note": "wait time exceeded; cancelling"
              }
            }
          }
        }
      },
      "StatusCode": 200,
      "ResponseHeaders": {
        "api-supported-versions": "2021-04-07-preview1, 2022-07-18-preview",
        "Content-Type": "application/json; charset=utf-8",
        "Date": "Tue, 02 May 2023 20:34:31 GMT",
        "ETag": "\u00224606f042-0000-0700-0000-645173d80000\u0022",
        "Last-Modified": "Tue, 02 May 2023 20:34:32 GMT",
        "trace-id": "85e5fe89-13cd-167f-36eb-3afdacb264c0",
        "Transfer-Encoding": "chunked",
        "X-Azure-Ref": "02HNRZAAAAACMPHlpWXr5Tax9xdbKBRxeWVZSMzExMDAwMTE1MDIzADlmYzdiNTE5LWE4Y2MtNGY4OS05MzVlLWM5MTQ4YWUwOWU4MQ==",
        "X-Cache": "CONFIG_NOCACHE"
      },
      "ResponseBody": {
        "id": "test-e-policy-recorded-jobs",
        "name": "test-e-policy",
        "exceptionRules": {
          "MaxWaitTimeExceededCancel": {
            "trigger": {
              "kind": "wait-time",
              "thresholdSeconds": 10
            },
            "actions": {
              "Cancel": {
                "kind": "cancel",
                "note": "wait time exceeded; cancelling"
              }
            }
          }
        }
      }
    },
    {
      "RequestUri": "https://endpoint/routing/queues/test-queue-recorded-jobs?api-version=2022-07-18-preview",
      "RequestMethod": "PATCH",
      "RequestHeaders": {
        "Accept": "application/json",
        "Accept-Encoding": "gzip,deflate",
        "Authorization": "Sanitized",
        "Connection": "keep-alive",
        "Content-Length": "136",
        "Content-Type": "application/merge-patch\u002Bjson",
        "User-Agent": "azsdk-js-communication-job-router/V2022-07-18-preview azsdk-js-communication-job-router/1.0.0-beta.1 core-rest-pipeline/1.10.4 Node/v14.19.1 OS/(x64-Windows_NT-10.0.22621)",
        "x-ms-client-request-id": "2372055b-6089-4875-aaef-94a572487873",
        "x-ms-content-sha256": "Iu35CanCMTTxYHJVdxB2EZicK\u002Bw4yomznDINfJktFQA=",
        "x-ms-date": "Tue, 02 May 2023 20:34:32 GMT"
      },
      "RequestBody": {
        "name": "test-queue",
        "distributionPolicyId": "test-d-policy-recorded-jobs",
        "labels": {},
        "exceptionPolicyId": "test-e-policy-recorded-jobs"
      },
      "StatusCode": 200,
      "ResponseHeaders": {
        "api-supported-versions": "2021-04-07-preview1, 2022-07-18-preview",
        "Content-Type": "application/json; charset=utf-8",
        "Date": "Tue, 02 May 2023 20:34:31 GMT",
        "ETag": "\u0022750047a1-0000-0700-0000-645173d80000\u0022",
        "Last-Modified": "Tue, 02 May 2023 20:34:32 GMT",
        "trace-id": "bd5cd7f3-de9a-aae2-8563-f90c710e528c",
        "Transfer-Encoding": "chunked",
        "X-Azure-Ref": "02HNRZAAAAAAwod6mCdKoRYzr0fpzwUIzWVZSMzExMDAwMTE1MDIzADlmYzdiNTE5LWE4Y2MtNGY4OS05MzVlLWM5MTQ4YWUwOWU4MQ==",
        "X-Cache": "CONFIG_NOCACHE"
      },
      "ResponseBody": {
        "id": "test-queue-recorded-jobs",
        "name": "test-queue",
        "distributionPolicyId": "test-d-policy-recorded-jobs",
        "labels": {
          "Id": "test-queue-recorded-jobs"
        },
        "exceptionPolicyId": "test-e-policy-recorded-jobs"
      }
    },
    {
      "RequestUri": "https://endpoint/routing/classificationPolicies/test-c-policy-recorded-jobs?api-version=2022-07-18-preview",
      "RequestMethod": "PATCH",
      "RequestHeaders": {
        "Accept": "application/json",
        "Accept-Encoding": "gzip,deflate",
        "Authorization": "Sanitized",
        "Connection": "keep-alive",
        "Content-Length": "69",
        "Content-Type": "application/merge-patch\u002Bjson",
        "User-Agent": "azsdk-js-communication-job-router/V2022-07-18-preview azsdk-js-communication-job-router/1.0.0-beta.1 core-rest-pipeline/1.10.4 Node/v14.19.1 OS/(x64-Windows_NT-10.0.22621)",
        "x-ms-client-request-id": "06cb5cbf-b01e-4307-abb8-2f411c7e4447",
        "x-ms-content-sha256": "n\u002BFtt1nmNAxZTdMqG8hN\u002BjaPnFzlvGX5O5hKuLFDC\u002BQ=",
        "x-ms-date": "Tue, 02 May 2023 20:34:32 GMT"
      },
      "RequestBody": {
        "name": "test-c-policy",
        "fallbackQueueId": "test-queue-recorded-jobs"
      },
      "StatusCode": 200,
      "ResponseHeaders": {
        "api-supported-versions": "2021-04-07-preview1, 2022-07-18-preview",
        "Content-Type": "application/json; charset=utf-8",
        "Date": "Tue, 02 May 2023 20:34:32 GMT",
        "ETag": "\u00224c00ec7d-0000-0700-0000-645173d90000\u0022",
        "Last-Modified": "Tue, 02 May 2023 20:34:33 GMT",
        "trace-id": "bbdcdeca-5937-e67e-8678-63104f628c7a",
        "Transfer-Encoding": "chunked",
        "X-Azure-Ref": "02HNRZAAAAAC4AUgkZSQPR77u4CEpvOnUWVZSMzExMDAwMTE1MDIzADlmYzdiNTE5LWE4Y2MtNGY4OS05MzVlLWM5MTQ4YWUwOWU4MQ==",
        "X-Cache": "CONFIG_NOCACHE"
      },
      "ResponseBody": {
        "id": "test-c-policy-recorded-jobs",
        "name": "test-c-policy",
        "fallbackQueueId": "test-queue-recorded-jobs",
        "queueSelectors": [],
        "workerSelectors": []
      }
    },
    {
      "RequestUri": "https://endpoint/routing/jobs/test-job-recorded-jobs?api-version=2022-07-18-preview",
      "RequestMethod": "PATCH",
      "RequestHeaders": {
        "Accept": "application/json",
        "Accept-Encoding": "gzip,deflate",
        "Authorization": "Sanitized",
        "Connection": "keep-alive",
        "Content-Length": "145",
        "Content-Type": "application/merge-patch\u002Bjson",
        "User-Agent": "azsdk-js-communication-job-router/V2022-07-18-preview azsdk-js-communication-job-router/1.0.0-beta.1 core-rest-pipeline/1.10.4 Node/v14.19.1 OS/(x64-Windows_NT-10.0.22621)",
        "x-ms-client-request-id": "40f5d396-870e-42bd-8178-e8ddcb66fe7d",
        "x-ms-content-sha256": "U8ff\u002B2KXeSzC\u002BCnNbpVTCHTWAbZOBLWAZhKReTSD\u002B38=",
        "x-ms-date": "Tue, 02 May 2023 20:34:33 GMT"
      },
      "RequestBody": {
        "channelId": "test-channel",
        "classificationPolicyId": "test-c-policy-recorded-jobs",
        "queueId": "test-queue-recorded-jobs",
        "priority": 1,
        "labels": {}
      },
      "StatusCode": 200,
      "ResponseHeaders": {
        "api-supported-versions": "2021-04-07-preview1, 2022-07-18-preview",
        "Content-Type": "application/json; charset=utf-8",
        "Date": "Tue, 02 May 2023 20:34:33 GMT",
        "ETag": "\u002200000000-0000-0000-1dca-85a34c4bdb08\u0022",
        "Last-Modified": "Tue, 02 May 2023 20:34:33 GMT",
        "trace-id": "425c1c91-1a81-659f-2193-8ee7c8fa0a6f",
        "Transfer-Encoding": "chunked",
        "X-Azure-Ref": "02XNRZAAAAAB2EnG0UK06Qatqcx8Sij/QWVZSMzExMDAwMTE1MDIzADlmYzdiNTE5LWE4Y2MtNGY4OS05MzVlLWM5MTQ4YWUwOWU4MQ==",
        "X-Cache": "CONFIG_NOCACHE"
      },
      "ResponseBody": {
        "id": "test-job-recorded-jobs",
        "jobStatus": "pendingClassification",
        "channelId": "test-channel",
        "classificationPolicyId": "test-c-policy-recorded-jobs",
        "queueId": "test-queue-recorded-jobs",
        "priority": 1,
        "requestedWorkerSelectors": [],
        "attachedWorkerSelectors": [],
        "labels": {},
        "assignments": {},
        "tags": {},
        "notes": {}
      }
    },
    {
      "RequestUri": "https://endpoint/routing/jobs/test-job-recorded-jobs?api-version=2022-07-18-preview",
      "RequestMethod": "PATCH",
      "RequestHeaders": {
        "Accept": "application/json",
        "Accept-Encoding": "gzip,deflate",
        "Authorization": "Sanitized",
        "Connection": "keep-alive",
        "Content-Length": "145",
        "Content-Type": "application/merge-patch\u002Bjson",
        "User-Agent": "azsdk-js-communication-job-router/V2022-07-18-preview azsdk-js-communication-job-router/1.0.0-beta.1 core-rest-pipeline/1.10.4 Node/v14.19.1 OS/(x64-Windows_NT-10.0.22621)",
        "x-ms-client-request-id": "237a1115-379c-4cef-bc5b-f84fd4de447a",
        "x-ms-content-sha256": "cwQpcqKPQSgrb7PcAnDVsNjn9EWEVTNQq7/qzj5mFeM=",
        "x-ms-date": "Tue, 02 May 2023 20:34:35 GMT"
      },
      "RequestBody": {
        "channelId": "test-channel",
        "classificationPolicyId": "test-c-policy-recorded-jobs",
        "queueId": "test-queue-recorded-jobs",
        "priority": 5,
        "labels": {}
      },
      "StatusCode": 200,
      "ResponseHeaders": {
        "api-supported-versions": "2021-04-07-preview1, 2022-07-18-preview",
        "Content-Type": "application/json; charset=utf-8",
        "Date": "Tue, 02 May 2023 20:34:36 GMT",
        "ETag": "\u002200000004-0000-0000-073c-18a54c4bdb08\u0022",
        "Last-Modified": "Tue, 02 May 2023 20:34:36 GMT",
        "trace-id": "fa5a1ed4-5594-2536-a32e-e85187a5485b",
        "Transfer-Encoding": "chunked",
        "X-Azure-Ref": "023NRZAAAAACCzaN3UE8QRpoZG8F9G7HdWVZSMzExMDAwMTE1MDIzADlmYzdiNTE5LWE4Y2MtNGY4OS05MzVlLWM5MTQ4YWUwOWU4MQ==",
        "X-Cache": "CONFIG_NOCACHE"
      },
      "ResponseBody": {
        "id": "test-job-recorded-jobs",
        "jobStatus": "queued",
        "enqueueTimeUtc": "2023-05-02T20:34:34.7770068\u002B00:00",
        "channelId": "test-channel",
        "queueId": "test-queue-recorded-jobs",
        "priority": 5,
        "requestedWorkerSelectors": [],
        "attachedWorkerSelectors": [],
        "labels": {},
        "assignments": {},
        "tags": {},
        "notes": {}
      }
    },
    {
      "RequestUri": "https://endpoint/routing/jobs/test-job-recorded-jobs:cancel?api-version=2022-07-18-preview",
      "RequestMethod": "POST",
      "RequestHeaders": {
        "Accept": "application/json",
        "Accept-Encoding": "gzip,deflate",
        "Authorization": "Sanitized",
        "Connection": "keep-alive",
        "Content-Length": "0",
        "Content-Type": "application/json",
        "User-Agent": "azsdk-js-communication-job-router/V2022-07-18-preview azsdk-js-communication-job-router/1.0.0-beta.1 core-rest-pipeline/1.10.4 Node/v14.19.1 OS/(x64-Windows_NT-10.0.22621)",
        "x-ms-client-request-id": "1957c5f4-a0f1-4421-85a6-0d016b680c73",
        "x-ms-content-sha256": "47DEQpj8HBSa\u002B/TImW\u002B5JCeuQeRkm5NMpJWZG3hSuFU=",
        "x-ms-date": "Tue, 02 May 2023 20:34:37 GMT"
      },
      "RequestBody": null,
      "StatusCode": 200,
      "ResponseHeaders": {
        "api-supported-versions": "2021-04-07-preview1, 2022-07-18-preview",
        "Content-Type": "application/json; charset=utf-8",
        "Date": "Tue, 02 May 2023 20:34:37 GMT",
        "trace-id": "ac20b49e-2f8b-01bd-8511-73b7cc026970",
        "Transfer-Encoding": "chunked",
        "X-Azure-Ref": "03XNRZAAAAABFR5WhyoxzRa/NIHsilKPoWVZSMzExMDAwMTE1MDIzADlmYzdiNTE5LWE4Y2MtNGY4OS05MzVlLWM5MTQ4YWUwOWU4MQ==",
        "X-Cache": "CONFIG_NOCACHE"
      },
      "ResponseBody": {}
    },
    {
      "RequestUri": "https://endpoint/routing/jobs/test-job-recorded-jobs?api-version=2022-07-18-preview",
      "RequestMethod": "DELETE",
      "RequestHeaders": {
        "Accept": "application/json",
        "Accept-Encoding": "gzip,deflate",
        "Authorization": "Sanitized",
        "Connection": "keep-alive",
        "User-Agent": "azsdk-js-communication-job-router/V2022-07-18-preview azsdk-js-communication-job-router/1.0.0-beta.1 core-rest-pipeline/1.10.4 Node/v14.19.1 OS/(x64-Windows_NT-10.0.22621)",
        "x-ms-client-request-id": "42d7357d-54e7-40d2-bcbd-829d0f467cd2",
        "x-ms-content-sha256": "47DEQpj8HBSa\u002B/TImW\u002B5JCeuQeRkm5NMpJWZG3hSuFU=",
        "x-ms-date": "Tue, 02 May 2023 20:34:37 GMT"
      },
      "RequestBody": null,
      "StatusCode": 204,
      "ResponseHeaders": {
        "api-supported-versions": "2021-04-07-preview1, 2022-07-18-preview",
        "Date": "Tue, 02 May 2023 20:34:37 GMT",
        "trace-id": "d748267d-2ccf-33fc-a481-b9ff33d33d5c",
        "X-Azure-Ref": "03nNRZAAAAACjJgGiyXhXTI4XNc4D4O0zWVZSMzExMDAwMTE1MDIzADlmYzdiNTE5LWE4Y2MtNGY4OS05MzVlLWM5MTQ4YWUwOWU4MQ==",
        "X-Cache": "CONFIG_NOCACHE"
      },
      "ResponseBody": null
    },
    {
      "RequestUri": "https://endpoint/routing/classificationPolicies/test-c-policy-recorded-jobs?api-version=2022-07-18-preview",
      "RequestMethod": "DELETE",
      "RequestHeaders": {
        "Accept": "application/json",
        "Accept-Encoding": "gzip,deflate",
        "Authorization": "Sanitized",
        "Connection": "keep-alive",
        "User-Agent": "azsdk-js-communication-job-router/V2022-07-18-preview azsdk-js-communication-job-router/1.0.0-beta.1 core-rest-pipeline/1.10.4 Node/v14.19.1 OS/(x64-Windows_NT-10.0.22621)",
        "x-ms-client-request-id": "44ed0970-19ef-4205-a2ff-a9c39e0cafc9",
        "x-ms-content-sha256": "47DEQpj8HBSa\u002B/TImW\u002B5JCeuQeRkm5NMpJWZG3hSuFU=",
        "x-ms-date": "Tue, 02 May 2023 20:34:38 GMT"
      },
      "RequestBody": null,
      "StatusCode": 204,
      "ResponseHeaders": {
        "api-supported-versions": "2021-04-07-preview1, 2022-07-18-preview",
        "Date": "Tue, 02 May 2023 20:34:38 GMT",
        "trace-id": "0dfd84d6-b15d-ec06-9b59-9deb4f54609c",
        "X-Azure-Ref": "03nNRZAAAAABbxIwhMr/MTpRV59bzQkLqWVZSMzExMDAwMTE1MDIzADlmYzdiNTE5LWE4Y2MtNGY4OS05MzVlLWM5MTQ4YWUwOWU4MQ==",
        "X-Cache": "CONFIG_NOCACHE"
      },
      "ResponseBody": null
    },
    {
      "RequestUri": "https://endpoint/routing/queues/test-queue-recorded-jobs?api-version=2022-07-18-preview",
      "RequestMethod": "DELETE",
      "RequestHeaders": {
        "Accept": "application/json",
        "Accept-Encoding": "gzip,deflate",
        "Authorization": "Sanitized",
        "Connection": "keep-alive",
        "User-Agent": "azsdk-js-communication-job-router/V2022-07-18-preview azsdk-js-communication-job-router/1.0.0-beta.1 core-rest-pipeline/1.10.4 Node/v14.19.1 OS/(x64-Windows_NT-10.0.22621)",
        "x-ms-client-request-id": "2ef048a2-0bae-4238-b72d-9ac2341ff68c",
        "x-ms-content-sha256": "47DEQpj8HBSa\u002B/TImW\u002B5JCeuQeRkm5NMpJWZG3hSuFU=",
        "x-ms-date": "Tue, 02 May 2023 20:34:38 GMT"
      },
      "RequestBody": null,
      "StatusCode": 204,
      "ResponseHeaders": {
        "api-supported-versions": "2021-04-07-preview1, 2022-07-18-preview",
        "Date": "Tue, 02 May 2023 20:34:38 GMT",
        "trace-id": "ec994ecb-583b-b1fc-e09d-b12a1849fcbe",
        "X-Azure-Ref": "033NRZAAAAADMhC7EfFtNTb3TOskneTeVWVZSMzExMDAwMTE1MDIzADlmYzdiNTE5LWE4Y2MtNGY4OS05MzVlLWM5MTQ4YWUwOWU4MQ==",
        "X-Cache": "CONFIG_NOCACHE"
      },
      "ResponseBody": null
    },
    {
      "RequestUri": "https://endpoint/routing/exceptionPolicies/test-e-policy-recorded-jobs?api-version=2022-07-18-preview",
      "RequestMethod": "DELETE",
      "RequestHeaders": {
        "Accept": "application/json",
        "Accept-Encoding": "gzip,deflate",
        "Authorization": "Sanitized",
        "Connection": "keep-alive",
        "User-Agent": "azsdk-js-communication-job-router/V2022-07-18-preview azsdk-js-communication-job-router/1.0.0-beta.1 core-rest-pipeline/1.10.4 Node/v14.19.1 OS/(x64-Windows_NT-10.0.22621)",
        "x-ms-client-request-id": "38d90ace-325e-4377-b4c0-e838dc6f087a",
        "x-ms-content-sha256": "47DEQpj8HBSa\u002B/TImW\u002B5JCeuQeRkm5NMpJWZG3hSuFU=",
        "x-ms-date": "Tue, 02 May 2023 20:34:39 GMT"
      },
      "RequestBody": null,
      "StatusCode": 204,
      "ResponseHeaders": {
        "api-supported-versions": "2021-04-07-preview1, 2022-07-18-preview",
        "Date": "Tue, 02 May 2023 20:34:39 GMT",
        "trace-id": "1165cfc2-4f64-7da4-74cf-719b6ce45da8",
        "X-Azure-Ref": "033NRZAAAAABILUvPBzOrTayl/EZHcRKeWVZSMzExMDAwMTE1MDIzADlmYzdiNTE5LWE4Y2MtNGY4OS05MzVlLWM5MTQ4YWUwOWU4MQ==",
        "X-Cache": "CONFIG_NOCACHE"
      },
      "ResponseBody": null
    },
    {
      "RequestUri": "https://endpoint/routing/distributionPolicies/test-d-policy-recorded-jobs?api-version=2022-07-18-preview",
      "RequestMethod": "DELETE",
      "RequestHeaders": {
        "Accept": "application/json",
        "Accept-Encoding": "gzip,deflate",
        "Authorization": "Sanitized",
        "Connection": "keep-alive",
        "User-Agent": "azsdk-js-communication-job-router/V2022-07-18-preview azsdk-js-communication-job-router/1.0.0-beta.1 core-rest-pipeline/1.10.4 Node/v14.19.1 OS/(x64-Windows_NT-10.0.22621)",
        "x-ms-client-request-id": "90ba0e16-965b-45b8-8a82-1e2a3033307b",
        "x-ms-content-sha256": "47DEQpj8HBSa\u002B/TImW\u002B5JCeuQeRkm5NMpJWZG3hSuFU=",
        "x-ms-date": "Tue, 02 May 2023 20:34:39 GMT"
      },
      "RequestBody": null,
      "StatusCode": 204,
      "ResponseHeaders": {
        "api-supported-versions": "2021-04-07-preview1, 2022-07-18-preview",
        "Date": "Tue, 02 May 2023 20:34:39 GMT",
        "trace-id": "a4c33173-4cff-60c3-5c44-79dd03669013",
        "X-Azure-Ref": "033NRZAAAAABB\u002BGOouhHNRZN9hZswNrhVWVZSMzExMDAwMTE1MDIzADlmYzdiNTE5LWE4Y2MtNGY4OS05MzVlLWM5MTQ4YWUwOWU4MQ==",
        "X-Cache": "CONFIG_NOCACHE"
      },
      "ResponseBody": null
    }
  ],
  "Variables": {}
}
