{
  "Entries": [
    {
      "RequestUri": "https://endpoint/identities?api-version=2022-10-01",
      "RequestMethod": "POST",
      "RequestHeaders": {
        "Accept": "application/json",
        "Accept-Encoding": "gzip,deflate",
        "Authorization": "Sanitized",
        "Connection": "keep-alive",
        "Content-Length": "34",
        "Content-Type": "application/json",
        "User-Agent": "azsdk-js-communication-identity/1.2.1 core-rest-pipeline/1.10.3 Node/v18.15.0 OS/(x64-Windows_NT-10.0.22621)",
        "x-ms-client-request-id": "0da17f58-35e2-4f62-9025-cfa733f2b677",
        "x-ms-content-sha256": "k4k9IoKBLYipoiXK3LctfBcfghISSb6AI45ji7ILZfg=",
        "x-ms-date": "Tue, 18 Apr 2023 16:11:39 GMT"
      },
      "RequestBody": {
        "createTokenWithScopes": [
          "voip"
        ]
      },
      "StatusCode": 201,
      "ResponseHeaders": {
        "api-supported-versions": "2020-07-20-preview2, 2021-02-22-preview1, 2021-03-07, 2021-10-31-preview, 2021-11-01, 2022-06-01, 2022-10-01, 2023-08-01",
        "Content-Length": "220",
        "Content-Type": "application/json; charset=utf-8",
        "Date": "Tue, 18 Apr 2023 16:11:42 GMT",
        "MS-CV": "EEQHKZAXXUmK4VHdyH3AlQ.0",
        "Request-Context": "appId=",
        "Strict-Transport-Security": "max-age=2592000",
        "X-Azure-Ref": "0P8E\u002BZAAAAABRHemkGrl8QbV7C7TgS/JDWVZSMzExMDAwMTE1MDIxAGYwOWE0YzEzLTIxZjEtNDhlYy05Y2Y3LTY2NTQ1Njg0YjY0Mg==",
        "X-Cache": "CONFIG_NOCACHE",
        "x-ms-client-request-id": "0da17f58-35e2-4f62-9025-cfa733f2b677",
        "X-Processing-Time": "27ms"
      },
      "ResponseBody": {
        "identity": {
          "id": "Sanitized"
        },
        "accessToken": {
          "token": "eyJhbGciOiJIUzI1NiIsInR5cCI6IkpXVCJ9.eyJleHAiOjE2ODE4Mzc4OTIuNzQyfQ==.adM-ddBZZlQ1WlN3pdPBOF5G4Wh9iZpxNP_fSvpF4cWs",
          "expiresOn": "2023-04-19T16:11:43.0793573\u002B00:00"
        }
      }
    },
    {
      "RequestUri": "https://endpoint/rooms?api-version=2023-03-31-preview",
      "RequestMethod": "POST",
      "RequestHeaders": {
        "Accept": "application/json",
        "Accept-Encoding": "gzip,deflate",
        "Authorization": "Sanitized",
        "Connection": "keep-alive",
        "Content-Length": "19",
        "Content-Type": "application/json",
        "Repeatability-First-Sent": "Tue, 18 Apr 2023 16:11:39 GMT",
        "Repeatability-Request-ID": "6468efbf-26f0-466f-b87e-3c9cdfc3076b",
        "User-Agent": "azsdk-js-communication-rooms/1.0.0-beta.2 core-rest-pipeline/1.10.3 Node/v18.15.0 OS/(x64-Windows_NT-10.0.22621)",
        "x-ms-client-request-id": "17e612b3-a915-43b1-83ec-a831c5434ae5",
        "x-ms-content-sha256": "vhXrIgThnry4Vy9lrHrKsAYqKYXb\u002BKwOlgiPVnEdBio=",
        "x-ms-date": "Tue, 18 Apr 2023 16:11:39 GMT"
      },
      "RequestBody": {
        "participants": {}
      },
      "StatusCode": 201,
      "ResponseHeaders": {
        "api-supported-versions": "2021-04-07, 2022-02-01, 2023-03-31-preview",
        "Content-Type": "application/json; charset=utf-8",
        "Date": "Tue, 18 Apr 2023 16:11:42 GMT",
        "Location": "99413199734557042",
        "MS-CV": "HBR6zyR5R06Tbw6I\u002BaNChw.0",
        "Repeatability-Result": "accepted",
        "Request-Context": "appId=",
        "Transfer-Encoding": "chunked",
        "X-Azure-Ref": "0P8E\u002BZAAAAAAPTGzoXstIR63E0aFwvxoWWVZSMzExMDAwMTE1MDIxAGYwOWE0YzEzLTIxZjEtNDhlYy05Y2Y3LTY2NTQ1Njg0YjY0Mg==",
        "X-Cache": "CONFIG_NOCACHE"
      },
      "ResponseBody": {
        "id": "99413199734557042",
        "createdAt": "2023-04-18T16:11:43.3234956\u002B00:00",
        "validFrom": "2023-04-18T16:11:43.2161445\u002B00:00",
        "validUntil": "2023-10-15T16:11:43.2161445\u002B00:00"
      }
    },
    {
      "RequestUri": "https://endpoint/rooms/99413199734557042/participants?api-version=2023-03-31-preview",
      "RequestMethod": "PATCH",
      "RequestHeaders": {
        "Accept": "application/json",
        "Accept-Encoding": "gzip,deflate",
        "Authorization": "Sanitized",
        "Connection": "keep-alive",
        "Content-Length": "51",
        "Content-Type": "application/merge-patch\u002Bjson",
        "User-Agent": "azsdk-js-communication-rooms/1.0.0-beta.2 core-rest-pipeline/1.10.3 Node/v18.15.0 OS/(x64-Windows_NT-10.0.22621)",
        "x-ms-client-request-id": "66ca5a81-c7b9-49f2-a314-fb30db42490e",
        "x-ms-content-sha256": "SJXfep0UTwKZyAGsHp3fj77i/bVwXwOW2irhg0aSRww=",
        "x-ms-date": "Tue, 18 Apr 2023 16:11:40 GMT"
      },
      "RequestBody": {
        "participants": {
          "Sanitized": {
            "role": "Presenter"
          }
        }
      },
      "StatusCode": 200,
      "ResponseHeaders": {
        "api-supported-versions": "2022-02-01, 2023-03-31-preview",
        "Content-Type": "application/json; charset=utf-8",
        "Date": "Tue, 18 Apr 2023 16:11:43 GMT",
        "MS-CV": "doSFi1BIB0CfBaNayZ\u002Bm2Q.0",
        "Request-Context": "appId=",
        "Transfer-Encoding": "chunked",
        "X-Azure-Ref": "0P8E\u002BZAAAAADgcuazhaxhQ4Rg1PIhQQu6WVZSMzExMDAwMTE1MDIxAGYwOWE0YzEzLTIxZjEtNDhlYy05Y2Y3LTY2NTQ1Njg0YjY0Mg==",
        "X-Cache": "CONFIG_NOCACHE"
      },
      "ResponseBody": {}
    },
    {
      "RequestUri": "https://endpoint/rooms/99413199734557042/participants?api-version=2023-03-31-preview",
      "RequestMethod": "GET",
      "RequestHeaders": {
        "Accept": "application/json",
        "Accept-Encoding": "gzip,deflate",
        "Authorization": "Sanitized",
        "Connection": "keep-alive",
        "User-Agent": "azsdk-js-communication-rooms/1.0.0-beta.2 core-rest-pipeline/1.10.3 Node/v18.15.0 OS/(x64-Windows_NT-10.0.22621)",
        "x-ms-client-request-id": "9c50ee2b-9d7b-409b-ab39-1d13ad5688ba",
        "x-ms-content-sha256": "47DEQpj8HBSa\u002B/TImW\u002B5JCeuQeRkm5NMpJWZG3hSuFU=",
        "x-ms-date": "Tue, 18 Apr 2023 16:11:40 GMT"
      },
      "RequestBody": null,
      "StatusCode": 200,
      "ResponseHeaders": {
        "api-supported-versions": "2022-02-01, 2023-03-31-preview",
        "Content-Type": "application/json; charset=utf-8",
        "Date": "Tue, 18 Apr 2023 16:11:43 GMT",
        "MS-CV": "wpnGb/kmBEO7H9O3Apd8mw.0",
        "Request-Context": "appId=",
        "Transfer-Encoding": "chunked",
        "X-Azure-Ref": "0QME\u002BZAAAAAA4V\u002Bngr9UbTL81UT96CKk\u002BWVZSMzExMDAwMTE1MDIxAGYwOWE0YzEzLTIxZjEtNDhlYy05Y2Y3LTY2NTQ1Njg0YjY0Mg==",
        "X-Cache": "CONFIG_NOCACHE"
      },
      "ResponseBody": {
        "value": [
          {
            "rawId": "Sanitized",
            "role": "Presenter"
          }
        ]
      }
    },
    {
      "RequestUri": "https://endpoint/rooms/99413199734557042?api-version=2023-03-31-preview",
      "RequestMethod": "DELETE",
      "RequestHeaders": {
        "Accept": "application/json",
        "Accept-Encoding": "gzip,deflate",
        "Authorization": "Sanitized",
        "Connection": "keep-alive",
        "User-Agent": "azsdk-js-communication-rooms/1.0.0-beta.2 core-rest-pipeline/1.10.3 Node/v18.15.0 OS/(x64-Windows_NT-10.0.22621)",
        "x-ms-client-request-id": "857cd39a-60b1-4a48-aaf8-4b74bc491d3a",
        "x-ms-content-sha256": "47DEQpj8HBSa\u002B/TImW\u002B5JCeuQeRkm5NMpJWZG3hSuFU=",
        "x-ms-date": "Tue, 18 Apr 2023 16:11:40 GMT"
      },
      "RequestBody": null,
      "StatusCode": 204,
      "ResponseHeaders": {
        "api-supported-versions": "2021-04-07, 2022-02-01, 2023-03-31-preview",
        "Date": "Tue, 18 Apr 2023 16:11:44 GMT",
        "MS-CV": "6pM0Ey5/A02dR\u002BLc1FEOoQ.0",
        "Request-Context": "appId=",
        "X-Azure-Ref": "0QME\u002BZAAAAAAFNFW5vbjbTqbLHcHpGwB1WVZSMzExMDAwMTE1MDIxAGYwOWE0YzEzLTIxZjEtNDhlYy05Y2Y3LTY2NTQ1Njg0YjY0Mg==",
        "X-Cache": "CONFIG_NOCACHE"
      },
      "ResponseBody": null
    }
  ],
  "Variables": {}
}
