{
  "Entries": [
    {
      "RequestUri": "https://endpoint/shortCodes/countries/US/programBriefs?skip=0\u0026top=100\u0026api-version=2022-09-06",
      "RequestMethod": "GET",
      "RequestHeaders": {
        "Accept": "application/json",
        "Accept-Encoding": "gzip,deflate",
        "Authorization": "Sanitized",
        "Connection": "keep-alive",
        "User-Agent": "azsdk-js-communication-short-codes/1.0.0-beta.5 core-rest-pipeline/1.11.1 Node/v18.13.0 OS/(x64-Linux-5.15.90.1-microsoft-standard-WSL2)",
        "x-ms-client-request-id": "Sanitized",
        "x-ms-content-sha256": "Sanitized",
        "x-ms-date": "Tue, 04 Jul 2023 20:12:46 GMT"
      },
      "RequestBody": null,
      "StatusCode": 200,
      "ResponseHeaders": {
        "api-supported-versions": "2021-10-25-preview, 2022-09-06",
        "Content-Length": "5392",
        "Content-Type": "application/json; charset=utf-8",
        "Date": "Tue, 04 Jul 2023 20:12:47 GMT",
        "MS-CV": "bOhjZCivAEC2Q7iaCMf9gg.0",
        "Strict-Transport-Security": "max-age=2592000",
        "X-Azure-Ref": "0Pn2kZAAAAACcj01T3RlrSot5OWUKTeaiU04xRURHRTIxMTAAOWZjN2I1MTktYThjYy00Zjg5LTkzNWUtYzkxNDhhZTA5ZTgx",
        "X-Cache": "CONFIG_NOCACHE",
        "X-Processing-Time": "451ms"
      },
      "ResponseBody": {
        "programBriefs": [
          {
            "id": "7aacbe88-86de-42ea-9237-6e349475265b",
            "status": "draft",
            "costs": [
              {
                "amount": 650.0,
                "currencyCode": "USD",
                "countryCode": "US",
                "billingFrequency": "once"
              },
              {
                "amount": 1000.0,
                "currencyCode": "USD",
                "countryCode": "US",
                "billingFrequency": "monthly"
              }
            ],
            "statusUpdatedDate": "2023-05-07T23:06:24\u002B00:00",
            "programDetails": {
              "isVanity": false,
              "numberType": "shortCode",
              "isPoliticalCampaign": false,
              "callToAction": "Contoso bot - Would you like to receive appointment reminders through text message to the phone number you\u0027ve saved in your account? Messages and data rates may apply. If you want to opt in, say YES, say NO to skip.  End-User - YES"
            },
            "messageDetails": {
              "supportedProtocol": "sms",
              "recurrence": "subscription",
              "helpAnswerToUser": "Contoso Appointment reminders: Get help at support@contoso.com or 1-800 123 4567.Msg\u0026Data Rates May Apply. Txt HELP for help. Txt STOP to opt-out.",
              "optOutAnswerToUser": "Contoso Appointment reminders : You have been unsubscribed and will no longer receive any messages. Get help at support@contoso.com or 1-800 123 4567.",
              "optInMessageToUser": "Contoso Appointment reminders: Reply Y to receive appt reminders.",
              "optInAnswerFromUser": "Y",
              "optInConfirmationMessageToUser": "Contoso Appointment reminders. You\u0027re now subscribed to appt reminders. Msg freq varies.",
              "directionality": "twoWay",
              "useCases": [
                {
                  "contentType": "accountNotificationInformationalAlerts",
                  "customContentType": "",
                  "examples": [
                    {
                      "messages": [
                        {
                          "direction": "toUser",
                          "text": "Contoso Appointment reminders: Your appt is confirmed for 30th Apr. Txt R to reschedule. Msg\u0026Data Rates May Apply. Txt HELP for help. Txt STOP to opt-out."
                        },
                        {
                          "direction": "fromUser",
                          "text": "Y"
                        },
                        {
                          "direction": "toUser",
                          "text": "Contoso Appointment reminders: thanks for confirming your reservation."
                        }
                      ]
                    }
                  ]
                }
              ]
            },
            "trafficDetails": {
              "isSpiky": false
            }
          },
          {
            "id": "9df88de7-171b-4733-8ae8-4fe332d6b0f8",
            "status": "draft",
            "costs": [
              {
                "amount": 650.0,
                "currencyCode": "USD",
                "countryCode": "US",
                "billingFrequency": "once"
              },
              {
                "amount": 1000.0,
                "currencyCode": "USD",
                "countryCode": "US",
                "billingFrequency": "monthly"
              }
            ],
            "statusUpdatedDate": "2023-05-07T23:06:29\u002B00:00",
            "programDetails": {
              "isVanity": false,
              "numberType": "shortCode",
              "isPoliticalCampaign": false,
              "callToAction": "Contoso bot - Would you like to receive appointment reminders through text message to the phone number you\u0027ve saved in your account? Messages and data rates may apply. If you want to opt in, say YES, say NO to skip.  End-User - YES"
            },
            "messageDetails": {
              "supportedProtocol": "sms",
              "recurrence": "subscription",
              "helpAnswerToUser": "Contoso Appointment reminders: Get help at support@contoso.com or 1-800 123 4567.Msg\u0026Data Rates May Apply. Txt HELP for help. Txt STOP to opt-out.",
              "optOutAnswerToUser": "Contoso Appointment reminders : You have been unsubscribed and will no longer receive any messages. Get help at support@contoso.com or 1-800 123 4567.",
              "optInMessageToUser": "Contoso Appointment reminders: Reply Y to receive appt reminders.",
              "optInAnswerFromUser": "Y",
              "optInConfirmationMessageToUser": "Contoso Appointment reminders. You\u0027re now subscribed to appt reminders. Msg freq varies.",
              "directionality": "twoWay",
              "useCases": [
                {
                  "contentType": "accountNotificationInformationalAlerts",
                  "customContentType": "",
                  "examples": [
                    {
                      "messages": [
                        {
                          "direction": "toUser",
                          "text": "Contoso Appointment reminders: Your appt is confirmed for 30th Apr. Txt R to reschedule. Msg\u0026Data Rates May Apply. Txt HELP for help. Txt STOP to opt-out."
                        },
                        {
                          "direction": "fromUser",
                          "text": "Y"
                        },
                        {
                          "direction": "toUser",
                          "text": "Contoso Appointment reminders: thanks for confirming your reservation."
                        }
                      ]
                    }
                  ]
                }
              ]
            },
            "trafficDetails": {
              "isSpiky": false
            }
          },
          {
            "id": "64c97405-9cd6-46e8-8084-824d6cf74ddb",
            "status": "draft",
            "costs": [
              {
                "amount": 650.0,
                "currencyCode": "USD",
                "countryCode": "US",
                "billingFrequency": "once"
              },
              {
                "amount": 1000.0,
                "currencyCode": "USD",
                "countryCode": "US",
                "billingFrequency": "monthly"
              }
            ],
            "statusUpdatedDate": "2023-05-07T23:06:34\u002B00:00",
            "programDetails": {
              "isVanity": false,
              "numberType": "shortCode",
              "isPoliticalCampaign": false,
              "callToAction": "Contoso bot - Would you like to receive appointment reminders through text message to the phone number you\u0027ve saved in your account? Messages and data rates may apply. If you want to opt in, say YES, say NO to skip.  End-User - YES"
            },
            "messageDetails": {
              "supportedProtocol": "sms",
              "recurrence": "subscription",
              "helpAnswerToUser": "Contoso Appointment reminders: Get help at support@contoso.com or 1-800 123 4567.Msg\u0026Data Rates May Apply. Txt HELP for help. Txt STOP to opt-out.",
              "optOutAnswerToUser": "Contoso Appointment reminders : You have been unsubscribed and will no longer receive any messages. Get help at support@contoso.com or 1-800 123 4567.",
              "optInMessageToUser": "Contoso Appointment reminders: Reply Y to receive appt reminders.",
              "optInAnswerFromUser": "Y",
              "optInConfirmationMessageToUser": "Contoso Appointment reminders. You\u0027re now subscribed to appt reminders. Msg freq varies.",
              "directionality": "twoWay",
              "useCases": [
                {
                  "contentType": "accountNotificationInformationalAlerts",
                  "customContentType": "",
                  "examples": [
                    {
                      "messages": [
                        {
                          "direction": "toUser",
                          "text": "Contoso Appointment reminders: Your appt is confirmed for 30th Apr. Txt R to reschedule. Msg\u0026Data Rates May Apply. Txt HELP for help. Txt STOP to opt-out."
                        },
                        {
                          "direction": "fromUser",
                          "text": "Y"
                        },
                        {
                          "direction": "toUser",
                          "text": "Contoso Appointment reminders: thanks for confirming your reservation."
                        }
                      ]
                    }
                  ]
                }
              ]
            },
            "trafficDetails": {
              "isSpiky": false
            }
          }
        ]
      }
    },
    {
      "RequestUri": "https://endpoint/shortCodes/countries/US/programBriefs/676613f2-a67a-4f45-9f29-64567265649f?api-version=2022-09-06",
      "RequestMethod": "GET",
      "RequestHeaders": {
        "Accept": "application/json",
        "Accept-Encoding": "gzip,deflate",
        "Authorization": "Sanitized",
        "Connection": "keep-alive",
        "User-Agent": "azsdk-js-communication-short-codes/1.0.0-beta.5 core-rest-pipeline/1.11.1 Node/v18.13.0 OS/(x64-Linux-5.15.90.1-microsoft-standard-WSL2)",
        "x-ms-client-request-id": "Sanitized",
        "x-ms-content-sha256": "Sanitized",
        "x-ms-date": "Tue, 04 Jul 2023 20:12:47 GMT"
      },
      "RequestBody": null,
      "StatusCode": 404,
      "ResponseHeaders": {
        "api-supported-versions": "2021-10-25-preview, 2022-09-06",
        "Content-Type": "application/json",
        "Date": "Tue, 04 Jul 2023 20:12:47 GMT",
        "MS-CV": "rvr8j76LMkeWxemI76\u002BQ4Q.0",
        "Strict-Transport-Security": "max-age=2592000",
        "Transfer-Encoding": "chunked",
        "X-Azure-Ref": "0P32kZAAAAABx9dB6ANxGTLJ36eI3bJvHU04xRURHRTIxMTAAOWZjN2I1MTktYThjYy00Zjg5LTkzNWUtYzkxNDhhZTA5ZTgx",
        "X-Cache": "CONFIG_NOCACHE",
        "X-Processing-Time": "297ms"
      },
      "ResponseBody": {
        "error": {
          "code": "NotFound",
          "message": "Could not find the ProgramBrief with key \u0027Azure|ac80d96a-85de-48b1-995d-a3a3fa3627c8|676613f2-a67a-4f45-9f29-64567265649f\u0027"
        }
      }
    },
    {
      "RequestUri": "https://endpoint/shortCodes/countries/US/programBriefs/676613f2-a67a-4f45-9f29-64567265649f?api-version=2022-09-06",
      "RequestMethod": "PATCH",
      "RequestHeaders": {
        "Accept": "application/json",
        "Accept-Encoding": "gzip,deflate",
        "Authorization": "Sanitized",
        "Connection": "keep-alive",
        "Content-Length": "2038",
        "Content-Type": "application/merge-patch\u002Bjson",
        "User-Agent": "azsdk-js-communication-short-codes/1.0.0-beta.5 core-rest-pipeline/1.11.1 Node/v18.13.0 OS/(x64-Linux-5.15.90.1-microsoft-standard-WSL2)",
        "x-ms-client-request-id": "Sanitized",
        "x-ms-content-sha256": "Sanitized",
        "x-ms-date": "Tue, 04 Jul 2023 20:12:47 GMT"
      },
      "RequestBody": {
        "id": "676613f2-a67a-4f45-9f29-64567265649f",
        "programDetails": {
          "isVanity": false,
          "numberType": "shortCode",
          "isPoliticalCampaign": false,
          "name": "Contoso Loyalty Program",
          "description": "TEST Customers can sign up to receive regular updates on coupons and other perks of our loyalty program.",
          "url": "https://endpoint/loyalty-program",
          "callToActionTypes": [
            "sms",
            "website"
          ],
          "callToActionUrl": "https://contoso.com/sign-up",
          "termsOfServiceUrl": "https://contoso.com/terms",
          "privacyPolicyUrl": "https://contoso.com/privacy"
        },
        "companyInformation": {
          "name": "Contoso",
          "url": "https://contoso.com",
          "address": "1 Contoso Way Redmond, WA 98052",
          "contactInformation": {
            "name": "Alex",
            "phone": "\u002B14255551234",
            "email": "alex@contoso.com"
          },
          "customerCareInformation": {
            "tollFreeNumber": "\u002B18005551234",
            "email": "customercare@contoso.com"
          }
        },
        "messageDetails": {
          "supportedProtocol": "sms",
          "recurrence": "subscription",
          "helpAnswerToUser": "Send \u0027Stop\u0027 to unsubscribe, send \u0027Start\u0027 to resubscribe.",
          "optOutAnswerToUser": "You\u0027ve been unsubscribed from these messages.  Send \u0027Start\u0027 if you want to resubscribe.",
          "optInMessageToUser": "Someone requested to subscribe this number to receive updates about Contoso\u0027s loyalty program.  To confirm subscription, reply to this message with \u0027JOIN\u0027",
          "optInAnswerFromUser": "JOIN",
          "optInConfirmationMessageToUser": "Congrats, you have been successfully subscribed to loyalty program updates.  Welcome!",
          "directionality": "twoWay",
          "useCases": [
            {
              "contentType": "marketingAndPromotion",
              "examples": [
                {
                  "messages": [
                    {
                      "direction": "fromUser",
                      "text": "txtMessage"
                    }
                  ]
                }
              ]
            },
            {
              "contentType": "loyaltyProgram",
              "examples": [
                {
                  "messages": [
                    {
                      "direction": "toUser",
                      "text": "txtMessage"
                    }
                  ]
                }
              ]
            },
            {
              "contentType": "sweepstakesOrContest",
              "examples": [
                {
                  "messages": [
                    {
                      "direction": "toUser",
                      "text": "txtMessage"
                    }
                  ]
                }
              ]
            }
          ]
        },
        "trafficDetails": {
          "totalMonthlyVolume": 10000,
          "monthlyAverageMessagesFromUser": 1,
          "monthlyAverageMessagesToUser": 3,
          "isSpiky": true,
          "spikeDetails": "Higher traffic expected around major shopping holidays, most notably Black Friday and Memorial Day.",
          "estimatedRampUpTimeInDays": 0
        }
      },
      "StatusCode": 201,
      "ResponseHeaders": {
        "api-supported-versions": "2021-10-25-preview, 2022-09-06",
        "Content-Length": "2283",
        "Content-Type": "application/json; charset=utf-8",
        "Date": "Tue, 04 Jul 2023 20:12:48 GMT",
        "Location": "https://endpoint/shortCodes/countries/US/programBriefs/676613f2-a67a-4f45-9f29-64567265649f",
        "MS-CV": "HHCJTdqYRke1FxC3sTxOnw.0",
        "Strict-Transport-Security": "max-age=2592000",
        "X-Azure-Ref": "0P32kZAAAAACS6i0qj4HWT71ZmVpoJSwjU04xRURHRTIxMTAAOWZjN2I1MTktYThjYy00Zjg5LTkzNWUtYzkxNDhhZTA5ZTgx",
        "X-Cache": "CONFIG_NOCACHE",
        "X-Processing-Time": "789ms"
      },
      "ResponseBody": {
        "id": "676613f2-a67a-4f45-9f29-64567265649f",
        "status": "draft",
        "costs": [
          {
            "amount": 650.0,
            "currencyCode": "USD",
            "countryCode": "US",
            "billingFrequency": "once"
          },
          {
            "amount": 1000.0,
            "currencyCode": "USD",
            "countryCode": "US",
            "billingFrequency": "monthly"
          }
        ],
        "statusUpdatedDate": "2023-07-04T20:12:48\u002B00:00",
        "programDetails": {
          "isVanity": false,
          "numberType": "shortCode",
          "isPoliticalCampaign": false,
          "name": "Contoso Loyalty Program",
          "description": "TEST Customers can sign up to receive regular updates on coupons and other perks of our loyalty program.",
          "url": "https://endpoint/loyalty-program",
          "callToActionTypes": [
            "sms",
            "website"
          ],
          "callToActionUrl": "https://contoso.com/sign-up",
          "termsOfServiceUrl": "https://contoso.com/terms",
          "privacyPolicyUrl": "https://contoso.com/privacy"
        },
        "companyInformation": {
          "name": "Contoso",
          "url": "https://contoso.com",
          "address": "1 Contoso Way Redmond, WA 98052",
          "contactInformation": {
            "name": "Alex",
            "phone": "\u002B14255551234",
            "email": "alex@contoso.com"
          },
          "customerCareInformation": {
            "tollFreeNumber": "\u002B18005551234",
            "email": "customercare@contoso.com"
          }
        },
        "messageDetails": {
          "supportedProtocol": "sms",
          "recurrence": "subscription",
          "helpAnswerToUser": "Send \u0027Stop\u0027 to unsubscribe, send \u0027Start\u0027 to resubscribe.",
          "optOutAnswerToUser": "You\u0027ve been unsubscribed from these messages.  Send \u0027Start\u0027 if you want to resubscribe.",
          "optInMessageToUser": "Someone requested to subscribe this number to receive updates about Contoso\u0027s loyalty program.  To confirm subscription, reply to this message with \u0027JOIN\u0027",
          "optInAnswerFromUser": "JOIN",
          "optInConfirmationMessageToUser": "Congrats, you have been successfully subscribed to loyalty program updates.  Welcome!",
          "directionality": "twoWay",
          "useCases": [
            {
              "contentType": "marketingAndPromotion",
              "examples": [
                {
                  "messages": [
                    {
                      "direction": "fromUser",
                      "text": "txtMessage"
                    }
                  ]
                }
              ]
            },
            {
              "contentType": "loyaltyProgram",
              "examples": [
                {
                  "messages": [
                    {
                      "direction": "toUser",
                      "text": "txtMessage"
                    }
                  ]
                }
              ]
            },
            {
              "contentType": "sweepstakesOrContest",
              "examples": [
                {
                  "messages": [
                    {
                      "direction": "toUser",
                      "text": "txtMessage"
                    }
                  ]
                }
              ]
            }
          ]
        },
        "trafficDetails": {
          "totalMonthlyVolume": 10000,
          "monthlyAverageMessagesFromUser": 1,
          "monthlyAverageMessagesToUser": 3,
          "isSpiky": true,
          "spikeDetails": "Higher traffic expected around major shopping holidays, most notably Black Friday and Memorial Day.",
          "estimatedRampUpTimeInDays": 0
        }
      }
    },
    {
      "RequestUri": "https://endpoint/shortCodes/countries/US/programBriefs/676613f2-a67a-4f45-9f29-64567265649f/attachments?skip=0\u0026top=100\u0026api-version=2022-09-06",
      "RequestMethod": "GET",
      "RequestHeaders": {
        "Accept": "application/json",
        "Accept-Encoding": "gzip,deflate",
        "Authorization": "Sanitized",
        "Connection": "keep-alive",
        "User-Agent": "azsdk-js-communication-short-codes/1.0.0-beta.5 core-rest-pipeline/1.11.1 Node/v18.13.0 OS/(x64-Linux-5.15.90.1-microsoft-standard-WSL2)",
        "x-ms-client-request-id": "Sanitized",
        "x-ms-content-sha256": "Sanitized",
        "x-ms-date": "Tue, 04 Jul 2023 20:12:48 GMT"
      },
      "RequestBody": null,
      "StatusCode": 200,
      "ResponseHeaders": {
        "api-supported-versions": "2021-10-25-preview, 2022-09-06",
        "Content-Length": "18",
        "Content-Type": "application/json; charset=utf-8",
        "Date": "Tue, 04 Jul 2023 20:12:48 GMT",
        "MS-CV": "Jn\u002BYMqOZXEG9J0b\u002B/Q3CRw.0",
        "Strict-Transport-Security": "max-age=2592000",
        "X-Azure-Ref": "0QH2kZAAAAAB4i5A5xkGqSaCNTmLfcYQ3U04xRURHRTIxMTAAOWZjN2I1MTktYThjYy00Zjg5LTkzNWUtYzkxNDhhZTA5ZTgx",
        "X-Cache": "CONFIG_NOCACHE",
        "X-Processing-Time": "116ms"
      },
      "ResponseBody": {
        "attachments": []
      }
    },
    {
      "RequestUri": "https://endpoint/shortCodes/countries/US/programBriefs/676613f2-a67a-4f45-9f29-64567265649f/attachments/60162921-d4a8-4301-a27b-9d1de7a49fb9?api-version=2022-09-06",
      "RequestMethod": "PUT",
      "RequestHeaders": {
        "Accept": "application/json",
        "Accept-Encoding": "gzip,deflate",
        "Authorization": "Sanitized",
        "Connection": "keep-alive",
        "Content-Length": "329",
        "Content-Type": "application/json",
        "User-Agent": "azsdk-js-communication-short-codes/1.0.0-beta.5 core-rest-pipeline/1.11.1 Node/v18.13.0 OS/(x64-Linux-5.15.90.1-microsoft-standard-WSL2)",
        "x-ms-client-request-id": "Sanitized",
        "x-ms-content-sha256": "Sanitized",
        "x-ms-date": "Tue, 04 Jul 2023 20:12:48 GMT"
      },
      "RequestBody": {
        "id": "60162921-d4a8-4301-a27b-9d1de7a49fb9",
        "type": "callToAction",
        "fileName": "testFriendlyName",
        "fileType": "png",
        "fileContentBase64": "iVBORw0KGgoAAAANSUhEUgAAAAYAAAAHCAIAAACk8qu6AAAAAXNSR0IArs4c6QAAAARnQU1BAACxjwv8YQUAAAAJcEhZcwAALEoAACxKAXd6dE0AAAAjSURBVBhXY/iPAXALrVixorW1FcKGCgH5DAxQNklmIcD//wCoTHalyfy2/AAAAABJRU5ErkJggg=="
      },
      "StatusCode": 201,
      "ResponseHeaders": {
        "api-supported-versions": "2021-10-25-preview, 2022-09-06",
        "Content-Length": "136",
        "Content-Type": "application/json; charset=utf-8",
        "Date": "Tue, 04 Jul 2023 20:12:49 GMT",
        "Location": "https://endpoint/shortCodes/countries/US/programBriefs/676613f2-a67a-4f45-9f29-64567265649f/attachments/60162921-d4a8-4301-a27b-9d1de7a49fb9",
        "MS-CV": "imu3x3k3t0\u002BLz/1Tsmq7Hg.0",
        "Strict-Transport-Security": "max-age=2592000",
        "X-Azure-Ref": "0QH2kZAAAAABsXF53fQ2lSZ/6Xks9k8lLU04xRURHRTIxMTAAOWZjN2I1MTktYThjYy00Zjg5LTkzNWUtYzkxNDhhZTA5ZTgx",
        "X-Cache": "CONFIG_NOCACHE",
        "X-Processing-Time": "708ms"
      },
      "ResponseBody": {
        "id": "60162921-d4a8-4301-a27b-9d1de7a49fb9",
        "type": "callToAction",
        "fileName": "testFriendlyName",
        "fileSizeInBytes": 142,
        "fileType": "png"
      }
    },
    {
      "RequestUri": "https://endpoint/shortCodes/countries/US/programBriefs/676613f2-a67a-4f45-9f29-64567265649f/attachments/60162921-d4a8-4301-a27b-9d1de7a49fb9?api-version=2022-09-06",
      "RequestMethod": "GET",
      "RequestHeaders": {
        "Accept": "application/json",
        "Accept-Encoding": "gzip,deflate",
        "Authorization": "Sanitized",
        "Connection": "keep-alive",
        "User-Agent": "azsdk-js-communication-short-codes/1.0.0-beta.5 core-rest-pipeline/1.11.1 Node/v18.13.0 OS/(x64-Linux-5.15.90.1-microsoft-standard-WSL2)",
        "x-ms-client-request-id": "Sanitized",
        "x-ms-content-sha256": "Sanitized",
        "x-ms-date": "Tue, 04 Jul 2023 20:12:49 GMT"
      },
      "RequestBody": null,
      "StatusCode": 200,
      "ResponseHeaders": {
        "api-supported-versions": "2021-10-25-preview, 2022-09-06",
        "Content-Length": "136",
        "Content-Type": "application/json; charset=utf-8",
        "Date": "Tue, 04 Jul 2023 20:12:49 GMT",
        "MS-CV": "UcoeghhOGUiyWbuSCX2wtg.0",
        "Strict-Transport-Security": "max-age=2592000",
        "X-Azure-Ref": "0QX2kZAAAAACNV8OiRSGyTLFLRbFHw4ctU04xRURHRTIxMTAAOWZjN2I1MTktYThjYy00Zjg5LTkzNWUtYzkxNDhhZTA5ZTgx",
        "X-Cache": "CONFIG_NOCACHE",
        "X-Processing-Time": "111ms"
      },
      "ResponseBody": {
        "id": "60162921-d4a8-4301-a27b-9d1de7a49fb9",
        "type": "callToAction",
        "fileName": "testFriendlyName",
        "fileSizeInBytes": 142,
        "fileType": "png"
      }
    },
    {
      "RequestUri": "https://endpoint/shortCodes/countries/US/programBriefs/676613f2-a67a-4f45-9f29-64567265649f/attachments/db0c77a8-22fc-4c9c-bf4c-f921fb508aa1?api-version=2022-09-06",
      "RequestMethod": "PUT",
      "RequestHeaders": {
        "Accept": "application/json",
        "Accept-Encoding": "gzip,deflate",
        "Authorization": "Sanitized",
        "Connection": "keep-alive",
        "Content-Length": "329",
        "Content-Type": "application/json",
        "User-Agent": "azsdk-js-communication-short-codes/1.0.0-beta.5 core-rest-pipeline/1.11.1 Node/v18.13.0 OS/(x64-Linux-5.15.90.1-microsoft-standard-WSL2)",
        "x-ms-client-request-id": "Sanitized",
        "x-ms-content-sha256": "Sanitized",
        "x-ms-date": "Tue, 04 Jul 2023 20:12:48 GMT"
      },
      "RequestBody": {
        "id": "db0c77a8-22fc-4c9c-bf4c-f921fb508aa1",
        "type": "callToAction",
        "fileName": "testFriendlyName",
        "fileType": "png",
        "fileContentBase64": "iVBORw0KGgoAAAANSUhEUgAAAAYAAAAHCAIAAACk8qu6AAAAAXNSR0IArs4c6QAAAARnQU1BAACxjwv8YQUAAAAJcEhZcwAALEoAACxKAXd6dE0AAAAjSURBVBhXY/iPAXALrVixorW1FcKGCgH5DAxQNklmIcD//wCoTHalyfy2/AAAAABJRU5ErkJggg=="
      },
      "StatusCode": 201,
      "ResponseHeaders": {
        "api-supported-versions": "2021-10-25-preview, 2022-09-06",
        "Content-Length": "136",
        "Content-Type": "application/json; charset=utf-8",
        "Date": "Tue, 04 Jul 2023 20:12:49 GMT",
        "Location": "https://endpoint/shortCodes/countries/US/programBriefs/676613f2-a67a-4f45-9f29-64567265649f/attachments/db0c77a8-22fc-4c9c-bf4c-f921fb508aa1",
        "MS-CV": "jsG5td17rUWcZmq\u002BWIeBdw.0",
        "Strict-Transport-Security": "max-age=2592000",
        "X-Azure-Ref": "0QX2kZAAAAAD0N0WvZg39TZskAm4BwbM7U04xRURHRTMxMTAAOWZjN2I1MTktYThjYy00Zjg5LTkzNWUtYzkxNDhhZTA5ZTgx",
        "X-Cache": "CONFIG_NOCACHE",
        "X-Processing-Time": "1026ms"
      },
      "ResponseBody": {
        "id": "db0c77a8-22fc-4c9c-bf4c-f921fb508aa1",
        "type": "callToAction",
        "fileName": "testFriendlyName",
        "fileSizeInBytes": 142,
        "fileType": "png"
      }
    },
    {
      "RequestUri": "https://endpoint/shortCodes/countries/US/programBriefs/676613f2-a67a-4f45-9f29-64567265649f/attachments/db0c77a8-22fc-4c9c-bf4c-f921fb508aa1?api-version=2022-09-06",
      "RequestMethod": "GET",
      "RequestHeaders": {
        "Accept": "application/json",
        "Accept-Encoding": "gzip,deflate",
        "Authorization": "Sanitized",
        "Connection": "keep-alive",
        "User-Agent": "azsdk-js-communication-short-codes/1.0.0-beta.5 core-rest-pipeline/1.11.1 Node/v18.13.0 OS/(x64-Linux-5.15.90.1-microsoft-standard-WSL2)",
        "x-ms-client-request-id": "Sanitized",
        "x-ms-content-sha256": "Sanitized",
        "x-ms-date": "Tue, 04 Jul 2023 20:12:50 GMT"
      },
      "RequestBody": null,
      "StatusCode": 200,
      "ResponseHeaders": {
        "api-supported-versions": "2021-10-25-preview, 2022-09-06",
        "Content-Length": "136",
        "Content-Type": "application/json; charset=utf-8",
        "Date": "Tue, 04 Jul 2023 20:12:49 GMT",
        "MS-CV": "CHJQa0E2GUymqWGFR80uaA.0",
        "Strict-Transport-Security": "max-age=2592000",
        "X-Azure-Ref": "0Qn2kZAAAAAAMMbdDFfGRSK9HIisI4o2JU04xRURHRTMxMTAAOWZjN2I1MTktYThjYy00Zjg5LTkzNWUtYzkxNDhhZTA5ZTgx",
        "X-Cache": "CONFIG_NOCACHE",
        "X-Processing-Time": "111ms"
      },
      "ResponseBody": {
        "id": "db0c77a8-22fc-4c9c-bf4c-f921fb508aa1",
        "type": "callToAction",
        "fileName": "testFriendlyName",
        "fileSizeInBytes": 142,
        "fileType": "png"
      }
    },
    {
      "RequestUri": "https://endpoint/shortCodes/countries/US/programBriefs/676613f2-a67a-4f45-9f29-64567265649f/attachments?skip=0\u0026top=1\u0026api-version=2022-09-06",
      "RequestMethod": "GET",
      "RequestHeaders": {
        "Accept": "application/json",
        "Accept-Encoding": "gzip,deflate",
        "Authorization": "Sanitized",
        "Connection": "keep-alive",
        "User-Agent": "azsdk-js-communication-short-codes/1.0.0-beta.5 core-rest-pipeline/1.11.1 Node/v18.13.0 OS/(x64-Linux-5.15.90.1-microsoft-standard-WSL2)",
        "x-ms-client-request-id": "Sanitized",
        "x-ms-content-sha256": "Sanitized",
        "x-ms-date": "Tue, 04 Jul 2023 20:12:50 GMT"
      },
      "RequestBody": null,
      "StatusCode": 200,
      "ResponseHeaders": {
        "api-supported-versions": "2021-10-25-preview, 2022-09-06",
        "Content-Length": "291",
        "Content-Type": "application/json; charset=utf-8",
        "Date": "Tue, 04 Jul 2023 20:12:49 GMT",
        "MS-CV": "jTgaeUmwYkyFYYIFHw7Acg.0",
        "Strict-Transport-Security": "max-age=2592000",
        "X-Azure-Ref": "0Qn2kZAAAAADnC2L/6bHkSrD30a\u002B9oRPwU04xRURHRTMxMTAAOWZjN2I1MTktYThjYy00Zjg5LTkzNWUtYzkxNDhhZTA5ZTgx",
        "X-Cache": "CONFIG_NOCACHE",
        "X-Processing-Time": "103ms"
      },
      "ResponseBody": {
        "attachments": [
          {
            "id": "60162921-d4a8-4301-a27b-9d1de7a49fb9",
            "type": "callToAction",
            "fileName": "testFriendlyName",
            "fileSizeInBytes": 142,
            "fileType": "png"
          }
        ],
        "nextLink": "/shortCodes/countries/US/programBriefs/676613f2-a67a-4f45-9f29-64567265649f/attachments?skip=1\u0026top=1\u0026api-version=2022-09-06"
      }
    },
    {
      "RequestUri": "https://endpoint/shortCodes/countries/US/programBriefs/676613f2-a67a-4f45-9f29-64567265649f/attachments?skip=0\u0026top=100\u0026api-version=2022-09-06",
      "RequestMethod": "GET",
      "RequestHeaders": {
        "Accept": "application/json",
        "Accept-Encoding": "gzip,deflate",
        "Authorization": "Sanitized",
        "Connection": "keep-alive",
        "User-Agent": "azsdk-js-communication-short-codes/1.0.0-beta.5 core-rest-pipeline/1.11.1 Node/v18.13.0 OS/(x64-Linux-5.15.90.1-microsoft-standard-WSL2)",
        "x-ms-client-request-id": "Sanitized",
        "x-ms-content-sha256": "Sanitized",
        "x-ms-date": "Tue, 04 Jul 2023 20:12:50 GMT"
      },
      "RequestBody": null,
      "StatusCode": 200,
      "ResponseHeaders": {
        "api-supported-versions": "2021-10-25-preview, 2022-09-06",
        "Content-Length": "291",
        "Content-Type": "application/json; charset=utf-8",
        "Date": "Tue, 04 Jul 2023 20:12:50 GMT",
        "MS-CV": "aNuBt9CL20GiclwZnrUrig.0",
        "Strict-Transport-Security": "max-age=2592000",
        "X-Azure-Ref": "0Qn2kZAAAAAAAFPUFAbP9QrsBMSjzNT\u002BgU04xRURHRTIxMTAAOWZjN2I1MTktYThjYy00Zjg5LTkzNWUtYzkxNDhhZTA5ZTgx",
        "X-Cache": "CONFIG_NOCACHE",
        "X-Processing-Time": "123ms"
      },
      "ResponseBody": {
        "attachments": [
          {
            "id": "60162921-d4a8-4301-a27b-9d1de7a49fb9",
            "type": "callToAction",
            "fileName": "testFriendlyName",
            "fileSizeInBytes": 142,
            "fileType": "png"
          },
          {
            "id": "db0c77a8-22fc-4c9c-bf4c-f921fb508aa1",
            "type": "callToAction",
            "fileName": "testFriendlyName",
            "fileSizeInBytes": 142,
            "fileType": "png"
          }
        ]
      }
    },
    {
      "RequestUri": "https://endpoint/shortCodes/countries/US/programBriefs/676613f2-a67a-4f45-9f29-64567265649f/attachments?skip=1\u0026top=1\u0026api-version=2022-09-06",
      "RequestMethod": "GET",
      "RequestHeaders": {
        "Accept": "application/json",
        "Accept-Encoding": "gzip,deflate",
        "Authorization": "Sanitized",
        "Connection": "keep-alive",
        "User-Agent": "azsdk-js-communication-short-codes/1.0.0-beta.5 core-rest-pipeline/1.11.1 Node/v18.13.0 OS/(x64-Linux-5.15.90.1-microsoft-standard-WSL2)",
        "x-ms-client-request-id": "Sanitized",
        "x-ms-content-sha256": "Sanitized",
        "x-ms-date": "Tue, 04 Jul 2023 20:12:50 GMT"
      },
      "RequestBody": null,
      "StatusCode": 200,
      "ResponseHeaders": {
        "api-supported-versions": "2021-10-25-preview, 2022-09-06",
        "Content-Length": "291",
        "Content-Type": "application/json; charset=utf-8",
        "Date": "Tue, 04 Jul 2023 20:12:50 GMT",
        "MS-CV": "iuSGT5Su/k\u002BKrlKQ0JVOGA.0",
        "Strict-Transport-Security": "max-age=2592000",
        "X-Azure-Ref": "0Qn2kZAAAAACEsJk8iFPHTrRrMta3BmzQU04xRURHRTIxMTAAOWZjN2I1MTktYThjYy00Zjg5LTkzNWUtYzkxNDhhZTA5ZTgx",
        "X-Cache": "CONFIG_NOCACHE",
        "X-Processing-Time": "136ms"
      },
      "ResponseBody": {
        "attachments": [
          {
            "id": "db0c77a8-22fc-4c9c-bf4c-f921fb508aa1",
            "type": "callToAction",
            "fileName": "testFriendlyName",
            "fileSizeInBytes": 142,
            "fileType": "png"
          }
        ],
        "nextLink": "/shortCodes/countries/US/programBriefs/676613f2-a67a-4f45-9f29-64567265649f/attachments?skip=2\u0026top=1\u0026api-version=2022-09-06"
      }
    },
    {
      "RequestUri": "https://endpoint/shortCodes/countries/US/programBriefs/676613f2-a67a-4f45-9f29-64567265649f/attachments?skip=2\u0026top=1\u0026api-version=2022-09-06",
      "RequestMethod": "GET",
      "RequestHeaders": {
        "Accept": "application/json",
        "Accept-Encoding": "gzip,deflate",
        "Authorization": "Sanitized",
        "Connection": "keep-alive",
        "User-Agent": "azsdk-js-communication-short-codes/1.0.0-beta.5 core-rest-pipeline/1.11.1 Node/v18.13.0 OS/(x64-Linux-5.15.90.1-microsoft-standard-WSL2)",
        "x-ms-client-request-id": "Sanitized",
        "x-ms-content-sha256": "Sanitized",
        "x-ms-date": "Tue, 04 Jul 2023 20:12:50 GMT"
      },
      "RequestBody": null,
      "StatusCode": 200,
      "ResponseHeaders": {
        "api-supported-versions": "2021-10-25-preview, 2022-09-06",
        "Content-Length": "18",
        "Content-Type": "application/json; charset=utf-8",
        "Date": "Tue, 04 Jul 2023 20:12:50 GMT",
        "MS-CV": "2v/6wOEFa0O6vePjTJv7ug.0",
        "Strict-Transport-Security": "max-age=2592000",
        "X-Azure-Ref": "0Q32kZAAAAADyDHw6daz6RoROlYHYuYtSU04xRURHRTIxMTAAOWZjN2I1MTktYThjYy00Zjg5LTkzNWUtYzkxNDhhZTA5ZTgx",
        "X-Cache": "CONFIG_NOCACHE",
        "X-Processing-Time": "123ms"
      },
      "ResponseBody": {
        "attachments": []
      }
    },
    {
      "RequestUri": "https://endpoint/shortCodes/countries/US/programBriefs/676613f2-a67a-4f45-9f29-64567265649f/attachments/db0c77a8-22fc-4c9c-bf4c-f921fb508aa1?api-version=2022-09-06",
      "RequestMethod": "DELETE",
      "RequestHeaders": {
        "Accept": "application/json",
        "Accept-Encoding": "gzip,deflate",
        "Authorization": "Sanitized",
        "Connection": "keep-alive",
        "User-Agent": "azsdk-js-communication-short-codes/1.0.0-beta.5 core-rest-pipeline/1.11.1 Node/v18.13.0 OS/(x64-Linux-5.15.90.1-microsoft-standard-WSL2)",
        "x-ms-client-request-id": "Sanitized",
        "x-ms-content-sha256": "Sanitized",
        "x-ms-date": "Tue, 04 Jul 2023 20:12:50 GMT"
      },
      "RequestBody": null,
      "StatusCode": 204,
      "ResponseHeaders": {
        "api-supported-versions": "2021-10-25-preview, 2022-09-06",
        "Date": "Tue, 04 Jul 2023 20:12:51 GMT",
        "MS-CV": "u4Z3GtdfHEKbCrmhplqrPg.0",
        "Strict-Transport-Security": "max-age=2592000",
        "X-Azure-Ref": "0Q32kZAAAAAB2VAnQVxbmTqeo62QKwuNRU04xRURHRTIxMTAAOWZjN2I1MTktYThjYy00Zjg5LTkzNWUtYzkxNDhhZTA5ZTgx",
        "X-Cache": "CONFIG_NOCACHE",
        "X-Processing-Time": "633ms"
      },
      "ResponseBody": null
    },
    {
      "RequestUri": "https://endpoint/shortCodes/countries/US/programBriefs/676613f2-a67a-4f45-9f29-64567265649f/attachments/60162921-d4a8-4301-a27b-9d1de7a49fb9?api-version=2022-09-06",
      "RequestMethod": "DELETE",
      "RequestHeaders": {
        "Accept": "application/json",
        "Accept-Encoding": "gzip,deflate",
        "Authorization": "Sanitized",
        "Connection": "keep-alive",
        "User-Agent": "azsdk-js-communication-short-codes/1.0.0-beta.5 core-rest-pipeline/1.11.1 Node/v18.13.0 OS/(x64-Linux-5.15.90.1-microsoft-standard-WSL2)",
        "x-ms-client-request-id": "Sanitized",
        "x-ms-content-sha256": "Sanitized",
        "x-ms-date": "Tue, 04 Jul 2023 20:12:50 GMT"
      },
      "RequestBody": null,
      "StatusCode": 204,
      "ResponseHeaders": {
        "api-supported-versions": "2021-10-25-preview, 2022-09-06",
        "Date": "Tue, 04 Jul 2023 20:12:51 GMT",
        "MS-CV": "B1\u002BAwbOr4Uusg6mYjIWETw.0",
        "Strict-Transport-Security": "max-age=2592000",
        "X-Azure-Ref": "0Q32kZAAAAACsRpkxoo9KSopcJgr9g6HEU04xRURHRTMxMTAAOWZjN2I1MTktYThjYy00Zjg5LTkzNWUtYzkxNDhhZTA5ZTgx",
        "X-Cache": "CONFIG_NOCACHE",
        "X-Processing-Time": "1233ms"
      },
      "ResponseBody": null
    },
    {
      "RequestUri": "https://endpoint/shortCodes/countries/US/programBriefs/676613f2-a67a-4f45-9f29-64567265649f/attachments?skip=0\u0026top=100\u0026api-version=2022-09-06",
      "RequestMethod": "GET",
      "RequestHeaders": {
        "Accept": "application/json",
        "Accept-Encoding": "gzip,deflate",
        "Authorization": "Sanitized",
        "Connection": "keep-alive",
        "User-Agent": "azsdk-js-communication-short-codes/1.0.0-beta.5 core-rest-pipeline/1.11.1 Node/v18.13.0 OS/(x64-Linux-5.15.90.1-microsoft-standard-WSL2)",
        "x-ms-client-request-id": "Sanitized",
        "x-ms-content-sha256": "Sanitized",
        "x-ms-date": "Tue, 04 Jul 2023 20:12:52 GMT"
      },
      "RequestBody": null,
      "StatusCode": 200,
      "ResponseHeaders": {
        "api-supported-versions": "2021-10-25-preview, 2022-09-06",
        "Content-Length": "18",
        "Content-Type": "application/json; charset=utf-8",
        "Date": "Tue, 04 Jul 2023 20:12:51 GMT",
        "MS-CV": "SHqiRY\u002Bv806jXwlHBEywgg.0",
        "Strict-Transport-Security": "max-age=2592000",
        "X-Azure-Ref": "0RH2kZAAAAABHOo8RNPzxSJraMbMiaNogU04xRURHRTMxMTAAOWZjN2I1MTktYThjYy00Zjg5LTkzNWUtYzkxNDhhZTA5ZTgx",
        "X-Cache": "CONFIG_NOCACHE",
        "X-Processing-Time": "122ms"
      },
      "ResponseBody": {
        "attachments": []
      }
    },
    {
      "RequestUri": "https://endpoint/shortCodes/countries/US/programBriefs/676613f2-a67a-4f45-9f29-64567265649f?api-version=2022-09-06",
      "RequestMethod": "DELETE",
      "RequestHeaders": {
        "Accept": "application/json",
        "Accept-Encoding": "gzip,deflate",
        "Authorization": "Sanitized",
        "Connection": "keep-alive",
        "User-Agent": "azsdk-js-communication-short-codes/1.0.0-beta.5 core-rest-pipeline/1.11.1 Node/v18.13.0 OS/(x64-Linux-5.15.90.1-microsoft-standard-WSL2)",
        "x-ms-client-request-id": "Sanitized",
        "x-ms-content-sha256": "Sanitized",
        "x-ms-date": "Tue, 04 Jul 2023 20:12:52 GMT"
      },
      "RequestBody": null,
      "StatusCode": 204,
      "ResponseHeaders": {
        "api-supported-versions": "2021-10-25-preview, 2022-09-06",
        "Date": "Tue, 04 Jul 2023 20:12:52 GMT",
        "MS-CV": "luXtWYcdO0SBOhkO63\u002BExA.0",
        "Strict-Transport-Security": "max-age=2592000",
        "X-Azure-Ref": "0RH2kZAAAAAAmVwfqwzClQ5dPTe9WebzTU04xRURHRTMxMTAAOWZjN2I1MTktYThjYy00Zjg5LTkzNWUtYzkxNDhhZTA5ZTgx",
        "X-Cache": "CONFIG_NOCACHE",
        "X-Processing-Time": "253ms"
      },
      "ResponseBody": null
    },
    {
      "RequestUri": "https://endpoint/shortCodes/countries/US/programBriefs/676613f2-a67a-4f45-9f29-64567265649f?api-version=2022-09-06",
      "RequestMethod": "GET",
      "RequestHeaders": {
        "Accept": "application/json",
        "Accept-Encoding": "gzip,deflate",
        "Authorization": "Sanitized",
        "Connection": "keep-alive",
        "User-Agent": "azsdk-js-communication-short-codes/1.0.0-beta.5 core-rest-pipeline/1.11.1 Node/v18.13.0 OS/(x64-Linux-5.15.90.1-microsoft-standard-WSL2)",
        "x-ms-client-request-id": "Sanitized",
        "x-ms-content-sha256": "Sanitized",
        "x-ms-date": "Tue, 04 Jul 2023 20:12:52 GMT"
      },
      "RequestBody": null,
      "StatusCode": 404,
      "ResponseHeaders": {
        "api-supported-versions": "2021-10-25-preview, 2022-09-06",
        "Content-Type": "application/json",
        "Date": "Tue, 04 Jul 2023 20:12:52 GMT",
        "MS-CV": "NbRBfTJrWk6KW5bsqHKovA.0",
        "Strict-Transport-Security": "max-age=2592000",
        "Transfer-Encoding": "chunked",
        "X-Azure-Ref": "0RX2kZAAAAABbY6o1CvE3TKH9xqv0DodVU04xRURHRTMxMTAAOWZjN2I1MTktYThjYy00Zjg5LTkzNWUtYzkxNDhhZTA5ZTgx",
        "X-Cache": "CONFIG_NOCACHE",
        "X-Processing-Time": "291ms"
      },
      "ResponseBody": {
        "error": {
          "code": "NotFound",
          "message": "Could not find the ProgramBrief with key \u0027Azure|ac80d96a-85de-48b1-995d-a3a3fa3627c8|676613f2-a67a-4f45-9f29-64567265649f\u0027"
        }
      }
    }
  ],
  "Variables": {
    "attachment-var-0": "db0c77a8-22fc-4c9c-bf4c-f921fb508aa1",
    "attachment-var-1": "60162921-d4a8-4301-a27b-9d1de7a49fb9",
    "pb-var": "676613f2-a67a-4f45-9f29-64567265649f"
  }
}
