{
  "Entries": [
    {
      "RequestUri": "https://endpoint/shortCodes/countries/US/programBriefs/00000000-0000-0000-0000-000000000000?api-version=2022-09-06",
      "RequestMethod": "GET",
      "RequestHeaders": {
        "Accept": "application/json",
        "Accept-Encoding": "gzip,deflate",
        "Authorization": "Sanitized",
        "Connection": "keep-alive",
        "User-Agent": "azsdk-js-communication-short-codes/1.0.0-beta.4 core-rest-pipeline/1.9.2 Node/v18.7.0 OS/(x64-Linux-5.10.102.1-microsoft-standard-WSL2)",
        "x-ms-client-request-id": "00000000-0000-0000-0000-000000000000",
        "x-ms-content-sha256": "47DEQpj8HBSa\u002B/TImW\u002B5JCeuQeRkm5NMpJWZG3hSuFU=",
        "x-ms-date": "Tue, 16 Aug 2022 20:44:52 GMT"
      },
      "RequestBody": null,
      "StatusCode": 200,
      "ResponseHeaders": {
        "api-supported-versions": "2021-10-25-preview, 2022-09-06",
        "Content-Type": "application/json; charset=utf-8",
        "Date": "Tue, 16 Aug 2022 20:44:52 GMT",
        "MS-CV": "4Bw7jRsW2UKZKshST5NOGQ.0",
        "Strict-Transport-Security": "max-age=2592000",
        "Transfer-Encoding": "chunked",
        "X-Azure-Ref": "0wwH8YgAAAAC2J8OfDYUxSq2SJp31rU5zU0FPMzFFREdFMTExMgBjYzkyNzU4ZC0wNWY3LTRhZDYtYWE1ZS0wZmE5NzE4ZDg5ODU=",
        "X-Cache": "CONFIG_NOCACHE",
        "X-Processing-Time": "1424ms"
      },
      "ResponseBody": {
        "id": "00000000-0000-0000-0000-000000000000",
        "status": "draft",
        "costs": [
          {
            "amount": 650.0,
            "currencyCode": "USD",
            "billingFrequency": "once"
          },
          {
            "amount": 1000.0,
            "currencyCode": "USD",
            "billingFrequency": "monthly"
          }
        ],
        "statusUpdatedDate": "2022-08-16T20:44:40\u002B00:00",
        "programDetails": {
          "isVanity": false,
          "numberType": "shortCode",
          "isPoliticalCampaign": false,
          "name": "Contoso Loyalty Program",
          "description": "TEST UPDATE",
          "url": "https://endpoint/loyalty-program",
          "callToActionTypes": [
            "sms",
            "website"
          ],
          "callToActionUrl": "https://contoso.com/sign-up",
          "termsOfServiceUrl": "https://contoso.com/terms",
          "privacyPolicyUrl": "https://contoso.com/privacy"
        },
        "companyInformation": {
          "name": "Contoso",
          "url": "https://contoso.com",
          "address": "1 Contoso Way Redmond, WA 98052",
          "contactInformation": {
            "name": "Alex",
            "phone": "\u002B14255551234",
            "email": "alex@contoso.com"
          },
          "customerCareInformation": {
            "tollFreeNumber": "\u002B18005551234",
            "email": "customercare@contoso.com"
          }
        },
        "messageDetails": {
          "supportedProtocol": "sms",
          "recurrence": "subscription",
          "helpAnswerToUser": "Send \u0027Stop\u0027 to unsubscribe, send \u0027Start\u0027 to resubscribe.",
          "optOutAnswerToUser": "You\u0027ve been unsubscribed from these messages.  Send \u0027Start\u0027 if you want to resubscribe.",
          "optInMessageToUser": "Someone requested to subscribe this number to receive updates about Contoso\u0027s loyalty program.  To confirm subscription, reply to this message with \u0027JOIN\u0027",
          "optInAnswerFromUser": "JOIN",
          "optInConfirmationMessageToUser": "Congrats, you have been successfully subscribed to loyalty program updates.  Welcome!",
          "directionality": "twoWay",
          "useCases": [
            {
              "contentType": "marketingAndPromotion",
              "examples": [
                {
                  "messages": [
                    {
                      "direction": "fromUser",
                      "text": "txtMessage"
                    }
                  ]
                }
              ]
            },
            {
              "contentType": "loyaltyProgram",
              "examples": [
                {
                  "messages": [
                    {
                      "direction": "toUser",
                      "text": "txtMessage"
                    }
                  ]
                }
              ]
            },
            {
              "contentType": "sweepstakesOrContest",
              "examples": [
                {
                  "messages": [
                    {
                      "direction": "toUser",
                      "text": "txtMessage"
                    }
                  ]
                }
              ]
            }
          ]
        },
        "trafficDetails": {
          "totalMonthlyVolume": 10000,
          "monthlyAverageMessagesFromUser": 1,
          "monthlyAverageMessagesToUser": 3,
          "isSpiky": true,
          "spikeDetails": "Higher traffic expected around major shopping holidays, most notably Black Friday and Memorial Day.",
          "estimatedRampUpTimeInDays": 0
        }
      }
    },
    {
      "RequestUri": "https://endpoint/shortCodes/countries/US/programBriefs/00000000-0000-0000-0000-000000000000?api-version=2022-09-06",
      "RequestMethod": "DELETE",
      "RequestHeaders": {
        "Accept": "application/json",
        "Accept-Encoding": "gzip,deflate",
        "Authorization": "Sanitized",
        "Connection": "keep-alive",
        "User-Agent": "azsdk-js-communication-short-codes/1.0.0-beta.4 core-rest-pipeline/1.9.2 Node/v18.7.0 OS/(x64-Linux-5.10.102.1-microsoft-standard-WSL2)",
        "x-ms-client-request-id": "00000000-0000-0000-0000-000000000000",
        "x-ms-content-sha256": "47DEQpj8HBSa\u002B/TImW\u002B5JCeuQeRkm5NMpJWZG3hSuFU=",
        "x-ms-date": "Tue, 16 Aug 2022 20:44:54 GMT"
      },
      "RequestBody": null,
      "StatusCode": 204,
      "ResponseHeaders": {
        "api-supported-versions": "2021-10-25-preview, 2022-09-06",
        "Date": "Tue, 16 Aug 2022 20:44:53 GMT",
        "MS-CV": "RrHZFRh7tEmoGBoTSM6Plw.0",
        "Strict-Transport-Security": "max-age=2592000",
        "X-Azure-Ref": "0xQH8YgAAAACZkgT9wWZuQKHYYU5QDR8FU0FPMzFFREdFMTExMgBjYzkyNzU4ZC0wNWY3LTRhZDYtYWE1ZS0wZmE5NzE4ZDg5ODU=",
        "X-Cache": "CONFIG_NOCACHE",
        "X-Processing-Time": "518ms"
      },
      "ResponseBody": null
    },
    {
      "RequestUri": "https://endpoint/shortCodes/countries/US/programBriefs/00000000-0000-0000-0000-000000000000?api-version=2022-09-06",
      "RequestMethod": "GET",
      "RequestHeaders": {
        "Accept": "application/json",
        "Accept-Encoding": "gzip,deflate",
        "Authorization": "Sanitized",
        "Connection": "keep-alive",
        "User-Agent": "azsdk-js-communication-short-codes/1.0.0-beta.4 core-rest-pipeline/1.9.2 Node/v18.7.0 OS/(x64-Linux-5.10.102.1-microsoft-standard-WSL2)",
        "x-ms-client-request-id": "00000000-0000-0000-0000-000000000000",
        "x-ms-content-sha256": "47DEQpj8HBSa\u002B/TImW\u002B5JCeuQeRkm5NMpJWZG3hSuFU=",
        "x-ms-date": "Tue, 16 Aug 2022 20:44:54 GMT"
      },
      "RequestBody": null,
      "StatusCode": 404,
      "ResponseHeaders": {
        "api-supported-versions": "2021-10-25-preview, 2022-09-06",
        "Content-Type": "application/json",
        "Date": "Tue, 16 Aug 2022 20:44:55 GMT",
        "MS-CV": "xt2w0HRWPEC14J6OpOMuyg.0",
        "Strict-Transport-Security": "max-age=2592000",
        "Transfer-Encoding": "chunked",
        "X-Azure-Ref": "0xgH8YgAAAAAScNSKrgP\u002BSrqg7gW2O99HU0FPMzFFREdFMTExMgBjYzkyNzU4ZC0wNWY3LTRhZDYtYWE1ZS0wZmE5NzE4ZDg5ODU=",
        "X-Cache": "CONFIG_NOCACHE",
        "X-Processing-Time": "1705ms"
      },
      "ResponseBody": {
        "error": {
          "code": "NotFound",
          "message": "Could not find the ProgramBrief with key \u0027Azure|00000000-0000-0000-0000-000000000000|00000000-0000-0000-0000-000000000000\u0027"
        }
      }
    },
    {
      "RequestUri": "https://endpoint/shortCodes/countries/US/programBriefs/00000000-0000-0000-0000-000000000000?api-version=2022-09-06",
      "RequestMethod": "PATCH",
      "RequestHeaders": {
        "Accept": "application/json",
        "Accept-Encoding": "gzip,deflate",
        "Authorization": "Sanitized",
        "Connection": "keep-alive",
        "Content-Length": "2038",
        "Content-Type": "application/merge-patch\u002Bjson",
        "User-Agent": "azsdk-js-communication-short-codes/1.0.0-beta.4 core-rest-pipeline/1.9.2 Node/v18.7.0 OS/(x64-Linux-5.10.102.1-microsoft-standard-WSL2)",
        "x-ms-client-request-id": "00000000-0000-0000-0000-000000000000",
        "x-ms-content-sha256": "iO39QjwqBSK\u002Bycyh8IBkzuJOPQIqeTsE3GrIu4N1nZQ=",
        "x-ms-date": "Tue, 16 Aug 2022 20:44:56 GMT"
      },
      "RequestBody": {
        "id": "00000000-0000-0000-0000-000000000000",
        "programDetails": {
          "isVanity": false,
          "numberType": "shortCode",
          "isPoliticalCampaign": false,
          "name": "Contoso Loyalty Program",
          "description": "TEST Customers can sign up to receive regular updates on coupons and other perks of our loyalty program.",
          "url": "https://endpoint/loyalty-program",
          "callToActionTypes": [
            "sms",
            "website"
          ],
          "callToActionUrl": "https://contoso.com/sign-up",
          "termsOfServiceUrl": "https://contoso.com/terms",
          "privacyPolicyUrl": "https://contoso.com/privacy"
        },
        "companyInformation": {
          "name": "Contoso",
          "url": "https://contoso.com",
          "address": "1 Contoso Way Redmond, WA 98052",
          "contactInformation": {
            "name": "Alex",
            "phone": "\u002B14255551234",
            "email": "alex@contoso.com"
          },
          "customerCareInformation": {
            "tollFreeNumber": "\u002B18005551234",
            "email": "customercare@contoso.com"
          }
        },
        "messageDetails": {
          "supportedProtocol": "sms",
          "recurrence": "subscription",
          "helpAnswerToUser": "Send \u0027Stop\u0027 to unsubscribe, send \u0027Start\u0027 to resubscribe.",
          "optOutAnswerToUser": "You\u0027ve been unsubscribed from these messages.  Send \u0027Start\u0027 if you want to resubscribe.",
          "optInMessageToUser": "Someone requested to subscribe this number to receive updates about Contoso\u0027s loyalty program.  To confirm subscription, reply to this message with \u0027JOIN\u0027",
          "optInAnswerFromUser": "JOIN",
          "optInConfirmationMessageToUser": "Congrats, you have been successfully subscribed to loyalty program updates.  Welcome!",
          "directionality": "twoWay",
          "useCases": [
            {
              "contentType": "marketingAndPromotion",
              "examples": [
                {
                  "messages": [
                    {
                      "direction": "fromUser",
                      "text": "txtMessage"
                    }
                  ]
                }
              ]
            },
            {
              "contentType": "loyaltyProgram",
              "examples": [
                {
                  "messages": [
                    {
                      "direction": "toUser",
                      "text": "txtMessage"
                    }
                  ]
                }
              ]
            },
            {
              "contentType": "sweepstakesOrContest",
              "examples": [
                {
                  "messages": [
                    {
                      "direction": "toUser",
                      "text": "txtMessage"
                    }
                  ]
                }
              ]
            }
          ]
        },
        "trafficDetails": {
          "totalMonthlyVolume": 10000,
          "monthlyAverageMessagesFromUser": 1,
          "monthlyAverageMessagesToUser": 3,
          "isSpiky": true,
          "spikeDetails": "Higher traffic expected around major shopping holidays, most notably Black Friday and Memorial Day.",
          "estimatedRampUpTimeInDays": 0
        }
      },
      "StatusCode": 201,
      "ResponseHeaders": {
        "api-supported-versions": "2021-10-25-preview, 2022-09-06",
        "Content-Type": "application/json; charset=utf-8",
        "Date": "Tue, 16 Aug 2022 20:45:06 GMT",
        "Location": "https://endpoint/shortCodes/countries/US/programBriefs/00000000-0000-0000-0000-000000000000",
        "MS-CV": "nxZRgmHDy0GsEDgUFne64w.0",
        "Strict-Transport-Security": "max-age=2592000",
        "Transfer-Encoding": "chunked",
        "X-Azure-Ref": "0yAH8YgAAAAD4jbWrSfzgSr87nely4OUwU0FPMzFFREdFMTExMgBjYzkyNzU4ZC0wNWY3LTRhZDYtYWE1ZS0wZmE5NzE4ZDg5ODU=",
        "X-Cache": "CONFIG_NOCACHE",
        "X-Processing-Time": "11015ms"
      },
      "ResponseBody": {
        "id": "00000000-0000-0000-0000-000000000000",
        "status": "draft",
        "costs": [
          {
            "amount": 650.0,
            "currencyCode": "USD",
            "billingFrequency": "once"
          },
          {
            "amount": 1000.0,
            "currencyCode": "USD",
            "billingFrequency": "monthly"
          }
        ],
        "statusUpdatedDate": "2022-08-16T20:44:57\u002B00:00",
        "programDetails": {
          "isVanity": false,
          "numberType": "shortCode",
          "isPoliticalCampaign": false,
          "name": "Contoso Loyalty Program",
          "description": "TEST Customers can sign up to receive regular updates on coupons and other perks of our loyalty program.",
          "url": "https://endpoint/loyalty-program",
          "callToActionTypes": [
            "sms",
            "website"
          ],
          "callToActionUrl": "https://contoso.com/sign-up",
          "termsOfServiceUrl": "https://contoso.com/terms",
          "privacyPolicyUrl": "https://contoso.com/privacy"
        },
        "companyInformation": {
          "name": "Contoso",
          "url": "https://contoso.com",
          "address": "1 Contoso Way Redmond, WA 98052",
          "contactInformation": {
            "name": "Alex",
            "phone": "\u002B14255551234",
            "email": "alex@contoso.com"
          },
          "customerCareInformation": {
            "tollFreeNumber": "\u002B18005551234",
            "email": "customercare@contoso.com"
          }
        },
        "messageDetails": {
          "supportedProtocol": "sms",
          "recurrence": "subscription",
          "helpAnswerToUser": "Send \u0027Stop\u0027 to unsubscribe, send \u0027Start\u0027 to resubscribe.",
          "optOutAnswerToUser": "You\u0027ve been unsubscribed from these messages.  Send \u0027Start\u0027 if you want to resubscribe.",
          "optInMessageToUser": "Someone requested to subscribe this number to receive updates about Contoso\u0027s loyalty program.  To confirm subscription, reply to this message with \u0027JOIN\u0027",
          "optInAnswerFromUser": "JOIN",
          "optInConfirmationMessageToUser": "Congrats, you have been successfully subscribed to loyalty program updates.  Welcome!",
          "directionality": "twoWay",
          "useCases": [
            {
              "contentType": "marketingAndPromotion",
              "examples": [
                {
                  "messages": [
                    {
                      "direction": "fromUser",
                      "text": "txtMessage"
                    }
                  ]
                }
              ]
            },
            {
              "contentType": "loyaltyProgram",
              "examples": [
                {
                  "messages": [
                    {
                      "direction": "toUser",
                      "text": "txtMessage"
                    }
                  ]
                }
              ]
            },
            {
              "contentType": "sweepstakesOrContest",
              "examples": [
                {
                  "messages": [
                    {
                      "direction": "toUser",
                      "text": "txtMessage"
                    }
                  ]
                }
              ]
            }
          ]
        },
        "trafficDetails": {
          "totalMonthlyVolume": 10000,
          "monthlyAverageMessagesFromUser": 1,
          "monthlyAverageMessagesToUser": 3,
          "isSpiky": true,
          "spikeDetails": "Higher traffic expected around major shopping holidays, most notably Black Friday and Memorial Day.",
          "estimatedRampUpTimeInDays": 0
        }
      }
    },
    {
      "RequestUri": "https://endpoint/shortCodes/countries/US/programBriefs/00000000-0000-0000-0000-000000000000/attachments?skip=0\u0026top=100\u0026api-version=2022-09-06",
      "RequestMethod": "GET",
      "RequestHeaders": {
        "Accept": "application/json",
        "Accept-Encoding": "gzip,deflate",
        "Authorization": "Sanitized",
        "Connection": "keep-alive",
        "User-Agent": "azsdk-js-communication-short-codes/1.0.0-beta.4 core-rest-pipeline/1.9.2 Node/v18.7.0 OS/(x64-Linux-5.10.102.1-microsoft-standard-WSL2)",
        "x-ms-client-request-id": "00000000-0000-0000-0000-000000000000",
        "x-ms-content-sha256": "47DEQpj8HBSa\u002B/TImW\u002B5JCeuQeRkm5NMpJWZG3hSuFU=",
        "x-ms-date": "Tue, 16 Aug 2022 20:45:08 GMT"
      },
      "RequestBody": null,
      "StatusCode": 200,
      "ResponseHeaders": {
        "api-supported-versions": "2021-10-25-preview, 2022-09-06",
        "Content-Type": "application/json; charset=utf-8",
        "Date": "Tue, 16 Aug 2022 20:45:07 GMT",
        "MS-CV": "ZWlXoaUdVk\u002BWMAf9ugkTUw.0",
        "Strict-Transport-Security": "max-age=2592000",
        "Transfer-Encoding": "chunked",
        "X-Azure-Ref": "00wH8YgAAAAA9KfdmSoy\u002BRawCKjv666pIU0FPMzFFREdFMTExMgBjYzkyNzU4ZC0wNWY3LTRhZDYtYWE1ZS0wZmE5NzE4ZDg5ODU=",
        "X-Cache": "CONFIG_NOCACHE",
        "X-Processing-Time": "527ms"
      },
      "ResponseBody": {
        "attachments": []
      }
    },
    {
      "RequestUri": "https://endpoint/shortCodes/countries/US/programBriefs/00000000-0000-0000-0000-000000000000/attachments/00000000-0000-0000-0000-000000000000?api-version=2022-09-06",
      "RequestMethod": "PUT",
      "RequestHeaders": {
        "Accept": "application/json",
        "Accept-Encoding": "gzip,deflate",
        "Authorization": "Sanitized",
        "Connection": "keep-alive",
        "Content-Length": "329",
        "Content-Type": "application/json",
        "User-Agent": "azsdk-js-communication-short-codes/1.0.0-beta.4 core-rest-pipeline/1.9.2 Node/v18.7.0 OS/(x64-Linux-5.10.102.1-microsoft-standard-WSL2)",
        "x-ms-client-request-id": "00000000-0000-0000-0000-000000000000",
        "x-ms-content-sha256": "dFZZjyjvExBaJEYrYLSbKYrmglJWmonozcpgQcdJu6I=",
        "x-ms-date": "Tue, 16 Aug 2022 20:45:08 GMT"
      },
      "RequestBody": {
        "id": "00000000-0000-0000-0000-000000000000",
        "type": "callToAction",
        "fileName": "testFriendlyName",
        "fileType": "png",
        "fileContentBase64": "iVBORw0KGgoAAAANSUhEUgAAAAYAAAAHCAIAAACk8qu6AAAAAXNSR0IArs4c6QAAAARnQU1BAACxjwv8YQUAAAAJcEhZcwAALEoAACxKAXd6dE0AAAAjSURBVBhXY/iPAXALrVixorW1FcKGCgH5DAxQNklmIcD//wCoTHalyfy2/AAAAABJRU5ErkJggg=="
      },
      "StatusCode": 201,
      "ResponseHeaders": {
        "api-supported-versions": "2021-10-25-preview, 2022-09-06",
        "Content-Type": "application/json; charset=utf-8",
        "Date": "Tue, 16 Aug 2022 20:45:09 GMT",
        "Location": "https://endpoint/shortCodes/countries/US/programBriefs/00000000-0000-0000-0000-000000000000/attachments/00000000-0000-0000-0000-000000000000",
        "MS-CV": "HYeC4CinREmUN8t8e0CQwQ.0",
        "Strict-Transport-Security": "max-age=2592000",
        "Transfer-Encoding": "chunked",
        "X-Azure-Ref": "01AH8YgAAAABrLeLGZrRVQrn7sdS/PBDEU0FPMzFFREdFMTExMgBjYzkyNzU4ZC0wNWY3LTRhZDYtYWE1ZS0wZmE5NzE4ZDg5ODU=",
        "X-Cache": "CONFIG_NOCACHE",
        "X-Processing-Time": "1393ms"
      },
      "ResponseBody": {
        "id": "00000000-0000-0000-0000-000000000000",
        "type": "callToAction",
        "fileName": "testFriendlyName",
        "fileSizeInBytes": 142,
        "fileType": "png"
      }
    },
    {
      "RequestUri": "https://endpoint/shortCodes/countries/US/programBriefs/00000000-0000-0000-0000-000000000000/attachments/00000000-0000-0000-0000-000000000000?api-version=2022-09-06",
      "RequestMethod": "GET",
      "RequestHeaders": {
        "Accept": "application/json",
        "Accept-Encoding": "gzip,deflate",
        "Authorization": "Sanitized",
        "Connection": "keep-alive",
        "User-Agent": "azsdk-js-communication-short-codes/1.0.0-beta.4 core-rest-pipeline/1.9.2 Node/v18.7.0 OS/(x64-Linux-5.10.102.1-microsoft-standard-WSL2)",
        "x-ms-client-request-id": "00000000-0000-0000-0000-000000000000",
        "x-ms-content-sha256": "47DEQpj8HBSa\u002B/TImW\u002B5JCeuQeRkm5NMpJWZG3hSuFU=",
        "x-ms-date": "Tue, 16 Aug 2022 20:45:10 GMT"
      },
      "RequestBody": null,
      "StatusCode": 200,
      "ResponseHeaders": {
        "api-supported-versions": "2021-10-25-preview, 2022-09-06",
        "Content-Type": "application/json; charset=utf-8",
        "Date": "Tue, 16 Aug 2022 20:45:10 GMT",
        "MS-CV": "wDZWW1kcH0yGpGFeBRLOHA.0",
        "Strict-Transport-Security": "max-age=2592000",
        "Transfer-Encoding": "chunked",
        "X-Azure-Ref": "01QH8YgAAAADd4cqPxaTiRKP6tWkEYaTWU0FPMzFFREdFMTExMgBjYzkyNzU4ZC0wNWY3LTRhZDYtYWE1ZS0wZmE5NzE4ZDg5ODU=",
        "X-Cache": "CONFIG_NOCACHE",
        "X-Processing-Time": "1386ms"
      },
      "ResponseBody": {
        "id": "00000000-0000-0000-0000-000000000000",
        "type": "callToAction",
        "fileName": "testFriendlyName",
        "fileSizeInBytes": 142,
        "fileType": "png"
      }
    },
    {
      "RequestUri": "https://endpoint/shortCodes/countries/US/programBriefs/00000000-0000-0000-0000-000000000000/attachments?skip=0\u0026top=100\u0026api-version=2022-09-06",
      "RequestMethod": "GET",
      "RequestHeaders": {
        "Accept": "application/json",
        "Accept-Encoding": "gzip,deflate",
        "Authorization": "Sanitized",
        "Connection": "keep-alive",
        "User-Agent": "azsdk-js-communication-short-codes/1.0.0-beta.4 core-rest-pipeline/1.9.2 Node/v18.7.0 OS/(x64-Linux-5.10.102.1-microsoft-standard-WSL2)",
        "x-ms-client-request-id": "00000000-0000-0000-0000-000000000000",
        "x-ms-content-sha256": "47DEQpj8HBSa\u002B/TImW\u002B5JCeuQeRkm5NMpJWZG3hSuFU=",
        "x-ms-date": "Tue, 16 Aug 2022 20:45:11 GMT"
      },
      "RequestBody": null,
      "StatusCode": 200,
      "ResponseHeaders": {
        "api-supported-versions": "2021-10-25-preview, 2022-09-06",
        "Content-Type": "application/json; charset=utf-8",
        "Date": "Tue, 16 Aug 2022 20:45:11 GMT",
        "MS-CV": "V9piKUDg8UKxQ5Aqv4oZvw.0",
        "Strict-Transport-Security": "max-age=2592000",
        "Transfer-Encoding": "chunked",
        "X-Azure-Ref": "01wH8YgAAAABvn8xh1cQsTqLN44HwhBuWU0FPMzFFREdFMTExMgBjYzkyNzU4ZC0wNWY3LTRhZDYtYWE1ZS0wZmE5NzE4ZDg5ODU=",
        "X-Cache": "CONFIG_NOCACHE",
        "X-Processing-Time": "375ms"
      },
      "ResponseBody": {
        "attachments": [
          {
            "id": "00000000-0000-0000-0000-000000000000",
            "type": "callToAction",
            "fileName": "testFriendlyName",
            "fileSizeInBytes": 142,
            "fileType": "png"
          }
        ]
      }
    },
    {
      "RequestUri": "https://endpoint/shortCodes/countries/US/programBriefs/00000000-0000-0000-0000-000000000000/attachments/00000000-0000-0000-0000-000000000000?api-version=2022-09-06",
      "RequestMethod": "DELETE",
      "RequestHeaders": {
        "Accept": "application/json",
        "Accept-Encoding": "gzip,deflate",
        "Authorization": "Sanitized",
        "Connection": "keep-alive",
        "User-Agent": "azsdk-js-communication-short-codes/1.0.0-beta.4 core-rest-pipeline/1.9.2 Node/v18.7.0 OS/(x64-Linux-5.10.102.1-microsoft-standard-WSL2)",
        "x-ms-client-request-id": "00000000-0000-0000-0000-000000000000",
        "x-ms-content-sha256": "47DEQpj8HBSa\u002B/TImW\u002B5JCeuQeRkm5NMpJWZG3hSuFU=",
        "x-ms-date": "Tue, 16 Aug 2022 20:45:12 GMT"
      },
      "RequestBody": null,
      "StatusCode": 204,
      "ResponseHeaders": {
        "api-supported-versions": "2021-10-25-preview, 2022-09-06",
        "Date": "Tue, 16 Aug 2022 20:45:12 GMT",
        "MS-CV": "7O3HeoM470iCpb6iGaxmIQ.0",
        "Strict-Transport-Security": "max-age=2592000",
        "X-Azure-Ref": "01wH8YgAAAACbATcIcmTrQJRbRZAfkMHyU0FPMzFFREdFMTExMgBjYzkyNzU4ZC0wNWY3LTRhZDYtYWE1ZS0wZmE5NzE4ZDg5ODU=",
        "X-Cache": "CONFIG_NOCACHE",
        "X-Processing-Time": "927ms"
      },
      "ResponseBody": null
    },
    {
      "RequestUri": "https://endpoint/shortCodes/countries/US/programBriefs/00000000-0000-0000-0000-000000000000/attachments?skip=0\u0026top=100\u0026api-version=2022-09-06",
      "RequestMethod": "GET",
      "RequestHeaders": {
        "Accept": "application/json",
        "Accept-Encoding": "gzip,deflate",
        "Authorization": "Sanitized",
        "Connection": "keep-alive",
        "User-Agent": "azsdk-js-communication-short-codes/1.0.0-beta.4 core-rest-pipeline/1.9.2 Node/v18.7.0 OS/(x64-Linux-5.10.102.1-microsoft-standard-WSL2)",
        "x-ms-client-request-id": "00000000-0000-0000-0000-000000000000",
        "x-ms-content-sha256": "47DEQpj8HBSa\u002B/TImW\u002B5JCeuQeRkm5NMpJWZG3hSuFU=",
        "x-ms-date": "Tue, 16 Aug 2022 20:45:13 GMT"
      },
      "RequestBody": null,
      "StatusCode": 200,
      "ResponseHeaders": {
        "api-supported-versions": "2021-10-25-preview, 2022-09-06",
        "Content-Type": "application/json; charset=utf-8",
        "Date": "Tue, 16 Aug 2022 20:45:12 GMT",
        "MS-CV": "skbXxZPkNkOHKpkfowHV3w.0",
        "Strict-Transport-Security": "max-age=2592000",
        "Transfer-Encoding": "chunked",
        "X-Azure-Ref": "02AH8YgAAAAAc/bh7Qyj6RaN8R9cwAZ3hU0FPMzFFREdFMTExMgBjYzkyNzU4ZC0wNWY3LTRhZDYtYWE1ZS0wZmE5NzE4ZDg5ODU=",
        "X-Cache": "CONFIG_NOCACHE",
        "X-Processing-Time": "388ms"
      },
      "ResponseBody": {
        "attachments": []
      }
    },
    {
      "RequestUri": "https://endpoint/shortCodes/countries/US/programBriefs/00000000-0000-0000-0000-000000000000?api-version=2022-09-06",
      "RequestMethod": "DELETE",
      "RequestHeaders": {
        "Accept": "application/json",
        "Accept-Encoding": "gzip,deflate",
        "Authorization": "Sanitized",
        "Connection": "keep-alive",
        "User-Agent": "azsdk-js-communication-short-codes/1.0.0-beta.4 core-rest-pipeline/1.9.2 Node/v18.7.0 OS/(x64-Linux-5.10.102.1-microsoft-standard-WSL2)",
        "x-ms-client-request-id": "00000000-0000-0000-0000-000000000000",
        "x-ms-content-sha256": "47DEQpj8HBSa\u002B/TImW\u002B5JCeuQeRkm5NMpJWZG3hSuFU=",
        "x-ms-date": "Tue, 16 Aug 2022 20:45:14 GMT"
      },
      "RequestBody": null,
      "StatusCode": 204,
      "ResponseHeaders": {
        "api-supported-versions": "2021-10-25-preview, 2022-09-06",
        "Date": "Tue, 16 Aug 2022 20:45:13 GMT",
        "MS-CV": "8HGf0QlCr0KxiveZmtnryQ.0",
        "Strict-Transport-Security": "max-age=2592000",
        "X-Azure-Ref": "02QH8YgAAAACAXiSm2Vc2Qbfp6ESjGfTGU0FPMzFFREdFMTExMgBjYzkyNzU4ZC0wNWY3LTRhZDYtYWE1ZS0wZmE5NzE4ZDg5ODU=",
        "X-Cache": "CONFIG_NOCACHE",
        "X-Processing-Time": "479ms"
      },
      "ResponseBody": null
    },
    {
      "RequestUri": "https://endpoint/shortCodes/countries/US/programBriefs/00000000-0000-0000-0000-000000000000?api-version=2022-09-06",
      "RequestMethod": "GET",
      "RequestHeaders": {
        "Accept": "application/json",
        "Accept-Encoding": "gzip,deflate",
        "Authorization": "Sanitized",
        "Connection": "keep-alive",
        "User-Agent": "azsdk-js-communication-short-codes/1.0.0-beta.4 core-rest-pipeline/1.9.2 Node/v18.7.0 OS/(x64-Linux-5.10.102.1-microsoft-standard-WSL2)",
        "x-ms-client-request-id": "00000000-0000-0000-0000-000000000000",
        "x-ms-content-sha256": "47DEQpj8HBSa\u002B/TImW\u002B5JCeuQeRkm5NMpJWZG3hSuFU=",
        "x-ms-date": "Tue, 16 Aug 2022 20:45:14 GMT"
      },
      "RequestBody": null,
      "StatusCode": 404,
      "ResponseHeaders": {
        "api-supported-versions": "2021-10-25-preview, 2022-09-06",
        "Content-Type": "application/json",
        "Date": "Tue, 16 Aug 2022 20:45:15 GMT",
        "MS-CV": "deNfic8JDk6CjOmPljZWCQ.0",
        "Strict-Transport-Security": "max-age=2592000",
        "Transfer-Encoding": "chunked",
        "X-Azure-Ref": "02gH8YgAAAAB2AtFVWXonQK6Ev/OSDPEqU0FPMzFFREdFMTExMgBjYzkyNzU4ZC0wNWY3LTRhZDYtYWE1ZS0wZmE5NzE4ZDg5ODU=",
        "X-Cache": "CONFIG_NOCACHE",
        "X-Processing-Time": "1475ms"
      },
      "ResponseBody": {
        "error": {
          "code": "NotFound",
          "message": "Could not find the ProgramBrief with key \u0027Azure|00000000-0000-0000-0000-000000000000|00000000-0000-0000-0000-000000000000\u0027"
        }
      }
    }
  ],
  "Variables": {}
}
