{
  "Entries": [
    {
      "RequestUri": "https://endpoint/shortCodes/countries/US/programBriefs?skip=0\u0026top=100\u0026api-version=2022-09-06",
      "RequestMethod": "GET",
      "RequestHeaders": {
        "Accept": "application/json",
        "Accept-Encoding": "gzip,deflate",
        "Authorization": "Sanitized",
        "Connection": "keep-alive",
        "User-Agent": "azsdk-js-communication-short-codes/1.0.0-beta.5 core-rest-pipeline/1.11.1 Node/v18.13.0 OS/(x64-Linux-5.15.90.1-microsoft-standard-WSL2)",
        "x-ms-client-request-id": "Sanitized",
        "x-ms-content-sha256": "Sanitized",
        "x-ms-date": "Tue, 04 Jul 2023 16:00:54 GMT"
      },
      "RequestBody": null,
      "StatusCode": 200,
      "ResponseHeaders": {
        "api-supported-versions": "2021-10-25-preview, 2022-09-06",
        "Content-Length": "5392",
        "Content-Type": "application/json; charset=utf-8",
        "Date": "Tue, 04 Jul 2023 16:00:54 GMT",
        "MS-CV": "WmkEe0ojJUGMgSl/tHe4ag.0",
        "Strict-Transport-Security": "max-age=2592000",
        "X-Azure-Ref": "0NkKkZAAAAADqW41Mee/wT6UEZRZTU/3bREZXMzBFREdFMTUxMgA5ZmM3YjUxOS1hOGNjLTRmODktOTM1ZS1jOTE0OGFlMDllODE=",
        "X-Cache": "CONFIG_NOCACHE",
        "X-Processing-Time": "539ms"
      },
      "ResponseBody": {
        "programBriefs": [
          {
            "id": "7aacbe88-86de-42ea-9237-6e349475265b",
            "status": "draft",
            "costs": [
              {
                "amount": 650.0,
                "currencyCode": "USD",
                "countryCode": "US",
                "billingFrequency": "once"
              },
              {
                "amount": 1000.0,
                "currencyCode": "USD",
                "countryCode": "US",
                "billingFrequency": "monthly"
              }
            ],
            "statusUpdatedDate": "2023-05-07T23:06:24\u002B00:00",
            "programDetails": {
              "isVanity": false,
              "numberType": "shortCode",
              "isPoliticalCampaign": false,
              "callToAction": "Contoso bot - Would you like to receive appointment reminders through text message to the phone number you\u0027ve saved in your account? Messages and data rates may apply. If you want to opt in, say YES, say NO to skip.  End-User - YES"
            },
            "messageDetails": {
              "supportedProtocol": "sms",
              "recurrence": "subscription",
              "helpAnswerToUser": "Contoso Appointment reminders: Get help at support@contoso.com or 1-800 123 4567.Msg\u0026Data Rates May Apply. Txt HELP for help. Txt STOP to opt-out.",
              "optOutAnswerToUser": "Contoso Appointment reminders : You have been unsubscribed and will no longer receive any messages. Get help at support@contoso.com or 1-800 123 4567.",
              "optInMessageToUser": "Contoso Appointment reminders: Reply Y to receive appt reminders.",
              "optInAnswerFromUser": "Y",
              "optInConfirmationMessageToUser": "Contoso Appointment reminders. You\u0027re now subscribed to appt reminders. Msg freq varies.",
              "directionality": "twoWay",
              "useCases": [
                {
                  "contentType": "accountNotificationInformationalAlerts",
                  "customContentType": "",
                  "examples": [
                    {
                      "messages": [
                        {
                          "direction": "toUser",
                          "text": "Contoso Appointment reminders: Your appt is confirmed for 30th Apr. Txt R to reschedule. Msg\u0026Data Rates May Apply. Txt HELP for help. Txt STOP to opt-out."
                        },
                        {
                          "direction": "fromUser",
                          "text": "Y"
                        },
                        {
                          "direction": "toUser",
                          "text": "Contoso Appointment reminders: thanks for confirming your reservation."
                        }
                      ]
                    }
                  ]
                }
              ]
            },
            "trafficDetails": {
              "isSpiky": false
            }
          },
          {
            "id": "9df88de7-171b-4733-8ae8-4fe332d6b0f8",
            "status": "draft",
            "costs": [
              {
                "amount": 650.0,
                "currencyCode": "USD",
                "countryCode": "US",
                "billingFrequency": "once"
              },
              {
                "amount": 1000.0,
                "currencyCode": "USD",
                "countryCode": "US",
                "billingFrequency": "monthly"
              }
            ],
            "statusUpdatedDate": "2023-05-07T23:06:29\u002B00:00",
            "programDetails": {
              "isVanity": false,
              "numberType": "shortCode",
              "isPoliticalCampaign": false,
              "callToAction": "Contoso bot - Would you like to receive appointment reminders through text message to the phone number you\u0027ve saved in your account? Messages and data rates may apply. If you want to opt in, say YES, say NO to skip.  End-User - YES"
            },
            "messageDetails": {
              "supportedProtocol": "sms",
              "recurrence": "subscription",
              "helpAnswerToUser": "Contoso Appointment reminders: Get help at support@contoso.com or 1-800 123 4567.Msg\u0026Data Rates May Apply. Txt HELP for help. Txt STOP to opt-out.",
              "optOutAnswerToUser": "Contoso Appointment reminders : You have been unsubscribed and will no longer receive any messages. Get help at support@contoso.com or 1-800 123 4567.",
              "optInMessageToUser": "Contoso Appointment reminders: Reply Y to receive appt reminders.",
              "optInAnswerFromUser": "Y",
              "optInConfirmationMessageToUser": "Contoso Appointment reminders. You\u0027re now subscribed to appt reminders. Msg freq varies.",
              "directionality": "twoWay",
              "useCases": [
                {
                  "contentType": "accountNotificationInformationalAlerts",
                  "customContentType": "",
                  "examples": [
                    {
                      "messages": [
                        {
                          "direction": "toUser",
                          "text": "Contoso Appointment reminders: Your appt is confirmed for 30th Apr. Txt R to reschedule. Msg\u0026Data Rates May Apply. Txt HELP for help. Txt STOP to opt-out."
                        },
                        {
                          "direction": "fromUser",
                          "text": "Y"
                        },
                        {
                          "direction": "toUser",
                          "text": "Contoso Appointment reminders: thanks for confirming your reservation."
                        }
                      ]
                    }
                  ]
                }
              ]
            },
            "trafficDetails": {
              "isSpiky": false
            }
          },
          {
            "id": "64c97405-9cd6-46e8-8084-824d6cf74ddb",
            "status": "draft",
            "costs": [
              {
                "amount": 650.0,
                "currencyCode": "USD",
                "countryCode": "US",
                "billingFrequency": "once"
              },
              {
                "amount": 1000.0,
                "currencyCode": "USD",
                "countryCode": "US",
                "billingFrequency": "monthly"
              }
            ],
            "statusUpdatedDate": "2023-05-07T23:06:34\u002B00:00",
            "programDetails": {
              "isVanity": false,
              "numberType": "shortCode",
              "isPoliticalCampaign": false,
              "callToAction": "Contoso bot - Would you like to receive appointment reminders through text message to the phone number you\u0027ve saved in your account? Messages and data rates may apply. If you want to opt in, say YES, say NO to skip.  End-User - YES"
            },
            "messageDetails": {
              "supportedProtocol": "sms",
              "recurrence": "subscription",
              "helpAnswerToUser": "Contoso Appointment reminders: Get help at support@contoso.com or 1-800 123 4567.Msg\u0026Data Rates May Apply. Txt HELP for help. Txt STOP to opt-out.",
              "optOutAnswerToUser": "Contoso Appointment reminders : You have been unsubscribed and will no longer receive any messages. Get help at support@contoso.com or 1-800 123 4567.",
              "optInMessageToUser": "Contoso Appointment reminders: Reply Y to receive appt reminders.",
              "optInAnswerFromUser": "Y",
              "optInConfirmationMessageToUser": "Contoso Appointment reminders. You\u0027re now subscribed to appt reminders. Msg freq varies.",
              "directionality": "twoWay",
              "useCases": [
                {
                  "contentType": "accountNotificationInformationalAlerts",
                  "customContentType": "",
                  "examples": [
                    {
                      "messages": [
                        {
                          "direction": "toUser",
                          "text": "Contoso Appointment reminders: Your appt is confirmed for 30th Apr. Txt R to reschedule. Msg\u0026Data Rates May Apply. Txt HELP for help. Txt STOP to opt-out."
                        },
                        {
                          "direction": "fromUser",
                          "text": "Y"
                        },
                        {
                          "direction": "toUser",
                          "text": "Contoso Appointment reminders: thanks for confirming your reservation."
                        }
                      ]
                    }
                  ]
                }
              ]
            },
            "trafficDetails": {
              "isSpiky": false
            }
          }
        ]
      }
    },
    {
      "RequestUri": "https://endpoint/shortCodes/countries/US/programBriefs/f4d594e0-1a83-11ee-9bb0-49b8bc942d02?api-version=2022-09-06",
      "RequestMethod": "GET",
      "RequestHeaders": {
        "Accept": "application/json",
        "Accept-Encoding": "gzip,deflate",
        "Authorization": "Sanitized",
        "Connection": "keep-alive",
        "User-Agent": "azsdk-js-communication-short-codes/1.0.0-beta.5 core-rest-pipeline/1.11.1 Node/v18.13.0 OS/(x64-Linux-5.15.90.1-microsoft-standard-WSL2)",
        "x-ms-client-request-id": "Sanitized",
        "x-ms-content-sha256": "Sanitized",
        "x-ms-date": "Tue, 04 Jul 2023 16:00:55 GMT"
      },
      "RequestBody": null,
      "StatusCode": 404,
      "ResponseHeaders": {
        "api-supported-versions": "2021-10-25-preview, 2022-09-06",
        "Content-Type": "application/json",
        "Date": "Tue, 04 Jul 2023 16:00:54 GMT",
        "MS-CV": "SGqeFuwO1Uae4Vre4YMwug.0",
        "Strict-Transport-Security": "max-age=2592000",
        "Transfer-Encoding": "chunked",
        "X-Azure-Ref": "0N0KkZAAAAABSqIMCT1iBSYvVHqQ9O4yAREZXMzBFREdFMTUxMgA5ZmM3YjUxOS1hOGNjLTRmODktOTM1ZS1jOTE0OGFlMDllODE=",
        "X-Cache": "CONFIG_NOCACHE",
        "X-Processing-Time": "302ms"
      },
      "ResponseBody": {
        "error": {
          "code": "NotFound",
          "message": "Could not find the ProgramBrief with key \u0027Azure|ac80d96a-85de-48b1-995d-a3a3fa3627c8|f4d594e0-1a83-11ee-9bb0-49b8bc942d02\u0027"
        }
      }
    },
    {
      "RequestUri": "https://endpoint/shortCodes/countries/US/programBriefs/f4d594e0-1a83-11ee-9bb0-49b8bc942d02?api-version=2022-09-06",
      "RequestMethod": "PATCH",
      "RequestHeaders": {
        "Accept": "application/json",
        "Accept-Encoding": "gzip,deflate",
        "Authorization": "Sanitized",
        "Connection": "keep-alive",
        "Content-Length": "2038",
        "Content-Type": "application/merge-patch\u002Bjson",
        "User-Agent": "azsdk-js-communication-short-codes/1.0.0-beta.5 core-rest-pipeline/1.11.1 Node/v18.13.0 OS/(x64-Linux-5.15.90.1-microsoft-standard-WSL2)",
        "x-ms-client-request-id": "Sanitized",
        "x-ms-content-sha256": "Sanitized",
        "x-ms-date": "Tue, 04 Jul 2023 16:00:55 GMT"
      },
      "RequestBody": {
        "id": "f4d594e0-1a83-11ee-9bb0-49b8bc942d02",
        "programDetails": {
          "isVanity": false,
          "numberType": "shortCode",
          "isPoliticalCampaign": false,
          "name": "Contoso Loyalty Program",
          "description": "TEST Customers can sign up to receive regular updates on coupons and other perks of our loyalty program.",
          "url": "https://endpoint/loyalty-program",
          "callToActionTypes": [
            "sms",
            "website"
          ],
          "callToActionUrl": "https://contoso.com/sign-up",
          "termsOfServiceUrl": "https://contoso.com/terms",
          "privacyPolicyUrl": "https://contoso.com/privacy"
        },
        "companyInformation": {
          "name": "Contoso",
          "url": "https://contoso.com",
          "address": "1 Contoso Way Redmond, WA 98052",
          "contactInformation": {
            "name": "Alex",
            "phone": "\u002B14255551234",
            "email": "alex@contoso.com"
          },
          "customerCareInformation": {
            "tollFreeNumber": "\u002B18005551234",
            "email": "customercare@contoso.com"
          }
        },
        "messageDetails": {
          "supportedProtocol": "sms",
          "recurrence": "subscription",
          "helpAnswerToUser": "Send \u0027Stop\u0027 to unsubscribe, send \u0027Start\u0027 to resubscribe.",
          "optOutAnswerToUser": "You\u0027ve been unsubscribed from these messages.  Send \u0027Start\u0027 if you want to resubscribe.",
          "optInMessageToUser": "Someone requested to subscribe this number to receive updates about Contoso\u0027s loyalty program.  To confirm subscription, reply to this message with \u0027JOIN\u0027",
          "optInAnswerFromUser": "JOIN",
          "optInConfirmationMessageToUser": "Congrats, you have been successfully subscribed to loyalty program updates.  Welcome!",
          "directionality": "twoWay",
          "useCases": [
            {
              "contentType": "marketingAndPromotion",
              "examples": [
                {
                  "messages": [
                    {
                      "direction": "fromUser",
                      "text": "txtMessage"
                    }
                  ]
                }
              ]
            },
            {
              "contentType": "loyaltyProgram",
              "examples": [
                {
                  "messages": [
                    {
                      "direction": "toUser",
                      "text": "txtMessage"
                    }
                  ]
                }
              ]
            },
            {
              "contentType": "sweepstakesOrContest",
              "examples": [
                {
                  "messages": [
                    {
                      "direction": "toUser",
                      "text": "txtMessage"
                    }
                  ]
                }
              ]
            }
          ]
        },
        "trafficDetails": {
          "totalMonthlyVolume": 10000,
          "monthlyAverageMessagesFromUser": 1,
          "monthlyAverageMessagesToUser": 3,
          "isSpiky": true,
          "spikeDetails": "Higher traffic expected around major shopping holidays, most notably Black Friday and Memorial Day.",
          "estimatedRampUpTimeInDays": 0
        }
      },
      "StatusCode": 201,
      "ResponseHeaders": {
        "api-supported-versions": "2021-10-25-preview, 2022-09-06",
        "Content-Length": "2283",
        "Content-Type": "application/json; charset=utf-8",
        "Date": "Tue, 04 Jul 2023 16:00:55 GMT",
        "Location": "https://endpoint/shortCodes/countries/US/programBriefs/f4d594e0-1a83-11ee-9bb0-49b8bc942d02",
        "MS-CV": "h5nmdly9LkGLcz6dID5JAA.0",
        "Strict-Transport-Security": "max-age=2592000",
        "X-Azure-Ref": "0N0KkZAAAAACRQ4jcdYjgTY35o/Kerrc1REZXMzBFREdFMTUxMgA5ZmM3YjUxOS1hOGNjLTRmODktOTM1ZS1jOTE0OGFlMDllODE=",
        "X-Cache": "CONFIG_NOCACHE",
        "X-Processing-Time": "843ms"
      },
      "ResponseBody": {
        "id": "f4d594e0-1a83-11ee-9bb0-49b8bc942d02",
        "status": "draft",
        "costs": [
          {
            "amount": 650.0,
            "currencyCode": "USD",
            "countryCode": "US",
            "billingFrequency": "once"
          },
          {
            "amount": 1000.0,
            "currencyCode": "USD",
            "countryCode": "US",
            "billingFrequency": "monthly"
          }
        ],
        "statusUpdatedDate": "2023-07-04T16:00:56\u002B00:00",
        "programDetails": {
          "isVanity": false,
          "numberType": "shortCode",
          "isPoliticalCampaign": false,
          "name": "Contoso Loyalty Program",
          "description": "TEST Customers can sign up to receive regular updates on coupons and other perks of our loyalty program.",
          "url": "https://endpoint/loyalty-program",
          "callToActionTypes": [
            "sms",
            "website"
          ],
          "callToActionUrl": "https://contoso.com/sign-up",
          "termsOfServiceUrl": "https://contoso.com/terms",
          "privacyPolicyUrl": "https://contoso.com/privacy"
        },
        "companyInformation": {
          "name": "Contoso",
          "url": "https://contoso.com",
          "address": "1 Contoso Way Redmond, WA 98052",
          "contactInformation": {
            "name": "Alex",
            "phone": "\u002B14255551234",
            "email": "alex@contoso.com"
          },
          "customerCareInformation": {
            "tollFreeNumber": "\u002B18005551234",
            "email": "customercare@contoso.com"
          }
        },
        "messageDetails": {
          "supportedProtocol": "sms",
          "recurrence": "subscription",
          "helpAnswerToUser": "Send \u0027Stop\u0027 to unsubscribe, send \u0027Start\u0027 to resubscribe.",
          "optOutAnswerToUser": "You\u0027ve been unsubscribed from these messages.  Send \u0027Start\u0027 if you want to resubscribe.",
          "optInMessageToUser": "Someone requested to subscribe this number to receive updates about Contoso\u0027s loyalty program.  To confirm subscription, reply to this message with \u0027JOIN\u0027",
          "optInAnswerFromUser": "JOIN",
          "optInConfirmationMessageToUser": "Congrats, you have been successfully subscribed to loyalty program updates.  Welcome!",
          "directionality": "twoWay",
          "useCases": [
            {
              "contentType": "marketingAndPromotion",
              "examples": [
                {
                  "messages": [
                    {
                      "direction": "fromUser",
                      "text": "txtMessage"
                    }
                  ]
                }
              ]
            },
            {
              "contentType": "loyaltyProgram",
              "examples": [
                {
                  "messages": [
                    {
                      "direction": "toUser",
                      "text": "txtMessage"
                    }
                  ]
                }
              ]
            },
            {
              "contentType": "sweepstakesOrContest",
              "examples": [
                {
                  "messages": [
                    {
                      "direction": "toUser",
                      "text": "txtMessage"
                    }
                  ]
                }
              ]
            }
          ]
        },
        "trafficDetails": {
          "totalMonthlyVolume": 10000,
          "monthlyAverageMessagesFromUser": 1,
          "monthlyAverageMessagesToUser": 3,
          "isSpiky": true,
          "spikeDetails": "Higher traffic expected around major shopping holidays, most notably Black Friday and Memorial Day.",
          "estimatedRampUpTimeInDays": 0
        }
      }
    },
    {
      "RequestUri": "https://endpoint/shortCodes/countries/US/programBriefs/f4d594e0-1a83-11ee-9bb0-49b8bc942d02/attachments?skip=0\u0026top=100\u0026api-version=2022-09-06",
      "RequestMethod": "GET",
      "RequestHeaders": {
        "Accept": "application/json",
        "Accept-Encoding": "gzip,deflate",
        "Authorization": "Sanitized",
        "Connection": "keep-alive",
        "User-Agent": "azsdk-js-communication-short-codes/1.0.0-beta.5 core-rest-pipeline/1.11.1 Node/v18.13.0 OS/(x64-Linux-5.15.90.1-microsoft-standard-WSL2)",
        "x-ms-client-request-id": "Sanitized",
        "x-ms-content-sha256": "Sanitized",
        "x-ms-date": "Tue, 04 Jul 2023 16:00:56 GMT"
      },
      "RequestBody": null,
      "StatusCode": 200,
      "ResponseHeaders": {
        "api-supported-versions": "2021-10-25-preview, 2022-09-06",
        "Content-Length": "18",
        "Content-Type": "application/json; charset=utf-8",
        "Date": "Tue, 04 Jul 2023 16:00:56 GMT",
        "MS-CV": "zW0jtkA24EGxo/2vjuIn2A.0",
        "Strict-Transport-Security": "max-age=2592000",
        "X-Azure-Ref": "0OEKkZAAAAACXT2EGs5eNRoesV5MlgFZCREZXMzBFREdFMTUxMgA5ZmM3YjUxOS1hOGNjLTRmODktOTM1ZS1jOTE0OGFlMDllODE=",
        "X-Cache": "CONFIG_NOCACHE",
        "X-Processing-Time": "163ms"
      },
      "ResponseBody": {
        "attachments": []
      }
    },
    {
      "RequestUri": "https://endpoint/shortCodes/countries/US/programBriefs/f4d594e0-1a83-11ee-9bb0-49b8bc942d02/attachments/f4d5bbf0-1a83-11ee-9bb0-49b8bc942d02?api-version=2022-09-06",
      "RequestMethod": "PUT",
      "RequestHeaders": {
        "Accept": "application/json",
        "Accept-Encoding": "gzip,deflate",
        "Authorization": "Sanitized",
        "Connection": "keep-alive",
        "Content-Length": "329",
        "Content-Type": "application/json",
        "User-Agent": "azsdk-js-communication-short-codes/1.0.0-beta.5 core-rest-pipeline/1.11.1 Node/v18.13.0 OS/(x64-Linux-5.15.90.1-microsoft-standard-WSL2)",
        "x-ms-client-request-id": "Sanitized",
        "x-ms-content-sha256": "Sanitized",
        "x-ms-date": "Tue, 04 Jul 2023 16:00:56 GMT"
      },
      "RequestBody": {
        "id": "f4d5bbf0-1a83-11ee-9bb0-49b8bc942d02",
        "type": "callToAction",
        "fileName": "testFriendlyName",
        "fileType": "png",
        "fileContentBase64": "iVBORw0KGgoAAAANSUhEUgAAAAYAAAAHCAIAAACk8qu6AAAAAXNSR0IArs4c6QAAAARnQU1BAACxjwv8YQUAAAAJcEhZcwAALEoAACxKAXd6dE0AAAAjSURBVBhXY/iPAXALrVixorW1FcKGCgH5DAxQNklmIcD//wCoTHalyfy2/AAAAABJRU5ErkJggg=="
      },
      "StatusCode": 201,
      "ResponseHeaders": {
        "api-supported-versions": "2021-10-25-preview, 2022-09-06",
        "Content-Length": "136",
        "Content-Type": "application/json; charset=utf-8",
        "Date": "Tue, 04 Jul 2023 16:00:57 GMT",
        "Location": "https://endpoint/shortCodes/countries/US/programBriefs/f4d594e0-1a83-11ee-9bb0-49b8bc942d02/attachments/f4d5bbf0-1a83-11ee-9bb0-49b8bc942d02",
        "MS-CV": "Zk5l/eprt0KCSbxzVkTvQA.0",
        "Strict-Transport-Security": "max-age=2592000",
        "X-Azure-Ref": "0OEKkZAAAAABDpB5Yl\u002BlZQYn4RhwN109YREZXMzBFREdFMTUxMgA5ZmM3YjUxOS1hOGNjLTRmODktOTM1ZS1jOTE0OGFlMDllODE=",
        "X-Cache": "CONFIG_NOCACHE",
        "X-Processing-Time": "1058ms"
      },
      "ResponseBody": {
        "id": "f4d5bbf0-1a83-11ee-9bb0-49b8bc942d02",
        "type": "callToAction",
        "fileName": "testFriendlyName",
        "fileSizeInBytes": 142,
        "fileType": "png"
      }
    },
    {
      "RequestUri": "https://endpoint/shortCodes/countries/US/programBriefs/f4d594e0-1a83-11ee-9bb0-49b8bc942d02/attachments/f4d5bbf0-1a83-11ee-9bb0-49b8bc942d02?api-version=2022-09-06",
      "RequestMethod": "GET",
      "RequestHeaders": {
        "Accept": "application/json",
        "Accept-Encoding": "gzip,deflate",
        "Authorization": "Sanitized",
        "Connection": "keep-alive",
        "User-Agent": "azsdk-js-communication-short-codes/1.0.0-beta.5 core-rest-pipeline/1.11.1 Node/v18.13.0 OS/(x64-Linux-5.15.90.1-microsoft-standard-WSL2)",
        "x-ms-client-request-id": "Sanitized",
        "x-ms-content-sha256": "Sanitized",
        "x-ms-date": "Tue, 04 Jul 2023 16:00:57 GMT"
      },
      "RequestBody": null,
      "StatusCode": 200,
      "ResponseHeaders": {
        "api-supported-versions": "2021-10-25-preview, 2022-09-06",
        "Content-Length": "136",
        "Content-Type": "application/json; charset=utf-8",
        "Date": "Tue, 04 Jul 2023 16:00:57 GMT",
        "MS-CV": "twrF32ErDU\u002BUjsvDvK86fQ.0",
        "Strict-Transport-Security": "max-age=2592000",
        "X-Azure-Ref": "0OUKkZAAAAACAKPMK4VxdSrkltkvYg121REZXMzBFREdFMTUxMgA5ZmM3YjUxOS1hOGNjLTRmODktOTM1ZS1jOTE0OGFlMDllODE=",
        "X-Cache": "CONFIG_NOCACHE",
        "X-Processing-Time": "128ms"
      },
      "ResponseBody": {
        "id": "f4d5bbf0-1a83-11ee-9bb0-49b8bc942d02",
        "type": "callToAction",
        "fileName": "testFriendlyName",
        "fileSizeInBytes": 142,
        "fileType": "png"
      }
    },
    {
      "RequestUri": "https://endpoint/shortCodes/countries/US/programBriefs/f4d594e0-1a83-11ee-9bb0-49b8bc942d02/attachments/f4d5bbf1-1a83-11ee-9bb0-49b8bc942d02?api-version=2022-09-06",
      "RequestMethod": "PUT",
      "RequestHeaders": {
        "Accept": "application/json",
        "Accept-Encoding": "gzip,deflate",
        "Authorization": "Sanitized",
        "Connection": "keep-alive",
        "Content-Length": "329",
        "Content-Type": "application/json",
        "User-Agent": "azsdk-js-communication-short-codes/1.0.0-beta.5 core-rest-pipeline/1.11.1 Node/v18.13.0 OS/(x64-Linux-5.15.90.1-microsoft-standard-WSL2)",
        "x-ms-client-request-id": "Sanitized",
        "x-ms-content-sha256": "Sanitized",
        "x-ms-date": "Tue, 04 Jul 2023 16:00:56 GMT"
      },
      "RequestBody": {
        "id": "f4d5bbf1-1a83-11ee-9bb0-49b8bc942d02",
        "type": "callToAction",
        "fileName": "testFriendlyName",
        "fileType": "png",
        "fileContentBase64": "iVBORw0KGgoAAAANSUhEUgAAAAYAAAAHCAIAAACk8qu6AAAAAXNSR0IArs4c6QAAAARnQU1BAACxjwv8YQUAAAAJcEhZcwAALEoAACxKAXd6dE0AAAAjSURBVBhXY/iPAXALrVixorW1FcKGCgH5DAxQNklmIcD//wCoTHalyfy2/AAAAABJRU5ErkJggg=="
      },
      "StatusCode": 201,
      "ResponseHeaders": {
        "api-supported-versions": "2021-10-25-preview, 2022-09-06",
        "Content-Length": "136",
        "Content-Type": "application/json; charset=utf-8",
        "Date": "Tue, 04 Jul 2023 16:00:58 GMT",
        "Location": "https://endpoint/shortCodes/countries/US/programBriefs/f4d594e0-1a83-11ee-9bb0-49b8bc942d02/attachments/f4d5bbf1-1a83-11ee-9bb0-49b8bc942d02",
        "MS-CV": "AQnoPhCUL06PbY7TFUngNA.0",
        "Strict-Transport-Security": "max-age=2592000",
        "X-Azure-Ref": "0OEKkZAAAAADrRYLLGO2RR7cHcn6C4vHoREZXMzBFREdFMTYyMgA5ZmM3YjUxOS1hOGNjLTRmODktOTM1ZS1jOTE0OGFlMDllODE=",
        "X-Cache": "CONFIG_NOCACHE",
        "X-Processing-Time": "1398ms"
      },
      "ResponseBody": {
        "id": "f4d5bbf1-1a83-11ee-9bb0-49b8bc942d02",
        "type": "callToAction",
        "fileName": "testFriendlyName",
        "fileSizeInBytes": 142,
        "fileType": "png"
      }
    },
    {
      "RequestUri": "https://endpoint/shortCodes/countries/US/programBriefs/f4d594e0-1a83-11ee-9bb0-49b8bc942d02/attachments/f4d5bbf1-1a83-11ee-9bb0-49b8bc942d02?api-version=2022-09-06",
      "RequestMethod": "GET",
      "RequestHeaders": {
        "Accept": "application/json",
        "Accept-Encoding": "gzip,deflate",
        "Authorization": "Sanitized",
        "Connection": "keep-alive",
        "User-Agent": "azsdk-js-communication-short-codes/1.0.0-beta.5 core-rest-pipeline/1.11.1 Node/v18.13.0 OS/(x64-Linux-5.15.90.1-microsoft-standard-WSL2)",
        "x-ms-client-request-id": "Sanitized",
        "x-ms-content-sha256": "Sanitized",
        "x-ms-date": "Tue, 04 Jul 2023 16:00:58 GMT"
      },
      "RequestBody": null,
      "StatusCode": 200,
      "ResponseHeaders": {
        "api-supported-versions": "2021-10-25-preview, 2022-09-06",
        "Content-Length": "136",
        "Content-Type": "application/json; charset=utf-8",
        "Date": "Tue, 04 Jul 2023 16:00:58 GMT",
        "MS-CV": "r8Iu1fMJoUGWUS4ZB1ye1Q.0",
        "Strict-Transport-Security": "max-age=2592000",
        "X-Azure-Ref": "0OkKkZAAAAAAD6i7vccglQK8h6CAcKblmREZXMzBFREdFMTYyMgA5ZmM3YjUxOS1hOGNjLTRmODktOTM1ZS1jOTE0OGFlMDllODE=",
        "X-Cache": "CONFIG_NOCACHE",
        "X-Processing-Time": "133ms"
      },
      "ResponseBody": {
        "id": "f4d5bbf1-1a83-11ee-9bb0-49b8bc942d02",
        "type": "callToAction",
        "fileName": "testFriendlyName",
        "fileSizeInBytes": 142,
        "fileType": "png"
      }
    },
    {
      "RequestUri": "https://endpoint/shortCodes/countries/US/programBriefs/f4d594e0-1a83-11ee-9bb0-49b8bc942d02/attachments?skip=0\u0026top=1\u0026api-version=2022-09-06",
      "RequestMethod": "GET",
      "RequestHeaders": {
        "Accept": "application/json",
        "Accept-Encoding": "gzip,deflate",
        "Authorization": "Sanitized",
        "Connection": "keep-alive",
        "User-Agent": "azsdk-js-communication-short-codes/1.0.0-beta.5 core-rest-pipeline/1.11.1 Node/v18.13.0 OS/(x64-Linux-5.15.90.1-microsoft-standard-WSL2)",
        "x-ms-client-request-id": "Sanitized",
        "x-ms-content-sha256": "Sanitized",
        "x-ms-date": "Tue, 04 Jul 2023 16:00:58 GMT"
      },
      "RequestBody": null,
      "StatusCode": 200,
      "ResponseHeaders": {
        "api-supported-versions": "2021-10-25-preview, 2022-09-06",
        "Content-Length": "291",
        "Content-Type": "application/json; charset=utf-8",
        "Date": "Tue, 04 Jul 2023 16:00:58 GMT",
        "MS-CV": "RTNVMgNaOECtRKBilF4fgQ.0",
        "Strict-Transport-Security": "max-age=2592000",
        "X-Azure-Ref": "0OkKkZAAAAACoTfR\u002B1bvdQp3/ygvbwAGwREZXMzBFREdFMTUxMgA5ZmM3YjUxOS1hOGNjLTRmODktOTM1ZS1jOTE0OGFlMDllODE=",
        "X-Cache": "CONFIG_NOCACHE",
        "X-Processing-Time": "126ms"
      },
      "ResponseBody": {
        "attachments": [
          {
            "id": "f4d5bbf0-1a83-11ee-9bb0-49b8bc942d02",
            "type": "callToAction",
            "fileName": "testFriendlyName",
            "fileSizeInBytes": 142,
            "fileType": "png"
          }
        ],
        "nextLink": "/shortCodes/countries/US/programBriefs/f4d594e0-1a83-11ee-9bb0-49b8bc942d02/attachments?skip=1\u0026top=1\u0026api-version=2022-09-06"
      }
    },
    {
      "RequestUri": "https://endpoint/shortCodes/countries/US/programBriefs/f4d594e0-1a83-11ee-9bb0-49b8bc942d02/attachments?skip=0\u0026top=100\u0026api-version=2022-09-06",
      "RequestMethod": "GET",
      "RequestHeaders": {
        "Accept": "application/json",
        "Accept-Encoding": "gzip,deflate",
        "Authorization": "Sanitized",
        "Connection": "keep-alive",
        "User-Agent": "azsdk-js-communication-short-codes/1.0.0-beta.5 core-rest-pipeline/1.11.1 Node/v18.13.0 OS/(x64-Linux-5.15.90.1-microsoft-standard-WSL2)",
        "x-ms-client-request-id": "Sanitized",
        "x-ms-content-sha256": "Sanitized",
        "x-ms-date": "Tue, 04 Jul 2023 16:00:58 GMT"
      },
      "RequestBody": null,
      "StatusCode": 200,
      "ResponseHeaders": {
        "api-supported-versions": "2021-10-25-preview, 2022-09-06",
        "Content-Length": "291",
        "Content-Type": "application/json; charset=utf-8",
        "Date": "Tue, 04 Jul 2023 16:00:58 GMT",
        "MS-CV": "vxjJMawPWE\u002BkLYt5V778ow.0",
        "Strict-Transport-Security": "max-age=2592000",
        "X-Azure-Ref": "0OkKkZAAAAAC8cf3Zv18PQrIeZRcMcWvCREZXMzBFREdFMTYyMgA5ZmM3YjUxOS1hOGNjLTRmODktOTM1ZS1jOTE0OGFlMDllODE=",
        "X-Cache": "CONFIG_NOCACHE",
        "X-Processing-Time": "124ms"
      },
      "ResponseBody": {
        "attachments": [
          {
            "id": "f4d5bbf0-1a83-11ee-9bb0-49b8bc942d02",
            "type": "callToAction",
            "fileName": "testFriendlyName",
            "fileSizeInBytes": 142,
            "fileType": "png"
          },
          {
            "id": "f4d5bbf1-1a83-11ee-9bb0-49b8bc942d02",
            "type": "callToAction",
            "fileName": "testFriendlyName",
            "fileSizeInBytes": 142,
            "fileType": "png"
          }
        ]
      }
    },
    {
      "RequestUri": "https://endpoint/shortCodes/countries/US/programBriefs/f4d594e0-1a83-11ee-9bb0-49b8bc942d02/attachments?skip=1\u0026top=1\u0026api-version=2022-09-06",
      "RequestMethod": "GET",
      "RequestHeaders": {
        "Accept": "application/json",
        "Accept-Encoding": "gzip,deflate",
        "Authorization": "Sanitized",
        "Connection": "keep-alive",
        "User-Agent": "azsdk-js-communication-short-codes/1.0.0-beta.5 core-rest-pipeline/1.11.1 Node/v18.13.0 OS/(x64-Linux-5.15.90.1-microsoft-standard-WSL2)",
        "x-ms-client-request-id": "Sanitized",
        "x-ms-content-sha256": "Sanitized",
        "x-ms-date": "Tue, 04 Jul 2023 16:00:58 GMT"
      },
      "RequestBody": null,
      "StatusCode": 200,
      "ResponseHeaders": {
        "api-supported-versions": "2021-10-25-preview, 2022-09-06",
        "Content-Length": "291",
        "Content-Type": "application/json; charset=utf-8",
        "Date": "Tue, 04 Jul 2023 16:00:58 GMT",
        "MS-CV": "q/PvZAHQOEWK1SorgHrozQ.0",
        "Strict-Transport-Security": "max-age=2592000",
        "X-Azure-Ref": "0OkKkZAAAAADzlF82RIjcR6xtw8UH4J3MREZXMzBFREdFMTUxMgA5ZmM3YjUxOS1hOGNjLTRmODktOTM1ZS1jOTE0OGFlMDllODE=",
        "X-Cache": "CONFIG_NOCACHE",
        "X-Processing-Time": "144ms"
      },
      "ResponseBody": {
        "attachments": [
          {
            "id": "f4d5bbf1-1a83-11ee-9bb0-49b8bc942d02",
            "type": "callToAction",
            "fileName": "testFriendlyName",
            "fileSizeInBytes": 142,
            "fileType": "png"
          }
        ],
        "nextLink": "/shortCodes/countries/US/programBriefs/f4d594e0-1a83-11ee-9bb0-49b8bc942d02/attachments?skip=2\u0026top=1\u0026api-version=2022-09-06"
      }
    },
    {
      "RequestUri": "https://endpoint/shortCodes/countries/US/programBriefs/f4d594e0-1a83-11ee-9bb0-49b8bc942d02/attachments?skip=2\u0026top=1\u0026api-version=2022-09-06",
      "RequestMethod": "GET",
      "RequestHeaders": {
        "Accept": "application/json",
        "Accept-Encoding": "gzip,deflate",
        "Authorization": "Sanitized",
        "Connection": "keep-alive",
        "User-Agent": "azsdk-js-communication-short-codes/1.0.0-beta.5 core-rest-pipeline/1.11.1 Node/v18.13.0 OS/(x64-Linux-5.15.90.1-microsoft-standard-WSL2)",
        "x-ms-client-request-id": "Sanitized",
        "x-ms-content-sha256": "Sanitized",
        "x-ms-date": "Tue, 04 Jul 2023 16:00:58 GMT"
      },
      "RequestBody": null,
      "StatusCode": 200,
      "ResponseHeaders": {
        "api-supported-versions": "2021-10-25-preview, 2022-09-06",
        "Content-Length": "18",
        "Content-Type": "application/json; charset=utf-8",
        "Date": "Tue, 04 Jul 2023 16:00:58 GMT",
        "MS-CV": "0\u002BH0iJr/zEucXksuM9TZKA.0",
        "Strict-Transport-Security": "max-age=2592000",
        "X-Azure-Ref": "0O0KkZAAAAACliCKSA/S9RLPOZK2KCmp0REZXMzBFREdFMTUxMgA5ZmM3YjUxOS1hOGNjLTRmODktOTM1ZS1jOTE0OGFlMDllODE=",
        "X-Cache": "CONFIG_NOCACHE",
        "X-Processing-Time": "143ms"
      },
      "ResponseBody": {
        "attachments": []
      }
    },
    {
      "RequestUri": "https://endpoint/shortCodes/countries/US/programBriefs/f4d594e0-1a83-11ee-9bb0-49b8bc942d02/attachments/f4d5bbf1-1a83-11ee-9bb0-49b8bc942d02?api-version=2022-09-06",
      "RequestMethod": "DELETE",
      "RequestHeaders": {
        "Accept": "application/json",
        "Accept-Encoding": "gzip,deflate",
        "Authorization": "Sanitized",
        "Connection": "keep-alive",
        "User-Agent": "azsdk-js-communication-short-codes/1.0.0-beta.5 core-rest-pipeline/1.11.1 Node/v18.13.0 OS/(x64-Linux-5.15.90.1-microsoft-standard-WSL2)",
        "x-ms-client-request-id": "Sanitized",
        "x-ms-content-sha256": "Sanitized",
        "x-ms-date": "Tue, 04 Jul 2023 16:00:59 GMT"
      },
      "RequestBody": null,
      "StatusCode": 204,
      "ResponseHeaders": {
        "api-supported-versions": "2021-10-25-preview, 2022-09-06",
        "Date": "Tue, 04 Jul 2023 16:00:59 GMT",
        "MS-CV": "5AYI0IX7kEm\u002Bu4MQ6jnYeg.0",
        "Strict-Transport-Security": "max-age=2592000",
        "X-Azure-Ref": "0O0KkZAAAAAB2BcpuZn11Qac\u002BA6T8uyUKREZXMzBFREdFMTYyMgA5ZmM3YjUxOS1hOGNjLTRmODktOTM1ZS1jOTE0OGFlMDllODE=",
        "X-Cache": "CONFIG_NOCACHE",
        "X-Processing-Time": "654ms"
      },
      "ResponseBody": null
    },
    {
      "RequestUri": "https://endpoint/shortCodes/countries/US/programBriefs/f4d594e0-1a83-11ee-9bb0-49b8bc942d02/attachments/f4d5bbf0-1a83-11ee-9bb0-49b8bc942d02?api-version=2022-09-06",
      "RequestMethod": "DELETE",
      "RequestHeaders": {
        "Accept": "application/json",
        "Accept-Encoding": "gzip,deflate",
        "Authorization": "Sanitized",
        "Connection": "keep-alive",
        "User-Agent": "azsdk-js-communication-short-codes/1.0.0-beta.5 core-rest-pipeline/1.11.1 Node/v18.13.0 OS/(x64-Linux-5.15.90.1-microsoft-standard-WSL2)",
        "x-ms-client-request-id": "Sanitized",
        "x-ms-content-sha256": "Sanitized",
        "x-ms-date": "Tue, 04 Jul 2023 16:00:59 GMT"
      },
      "RequestBody": null,
      "StatusCode": 204,
      "ResponseHeaders": {
        "api-supported-versions": "2021-10-25-preview, 2022-09-06",
        "Date": "Tue, 04 Jul 2023 16:00:59 GMT",
        "MS-CV": "rmZ8oVipN0ujnSihtlAosg.0",
        "Strict-Transport-Security": "max-age=2592000",
        "X-Azure-Ref": "0O0KkZAAAAAA\u002BuxVaF4nbQ5q0v1IEZpd2REZXMzBFREdFMTUxMgA5ZmM3YjUxOS1hOGNjLTRmODktOTM1ZS1jOTE0OGFlMDllODE=",
        "X-Cache": "CONFIG_NOCACHE",
        "X-Processing-Time": "1290ms"
      },
      "ResponseBody": null
    },
    {
      "RequestUri": "https://endpoint/shortCodes/countries/US/programBriefs/f4d594e0-1a83-11ee-9bb0-49b8bc942d02/attachments?skip=0\u0026top=100\u0026api-version=2022-09-06",
      "RequestMethod": "GET",
      "RequestHeaders": {
        "Accept": "application/json",
        "Accept-Encoding": "gzip,deflate",
        "Authorization": "Sanitized",
        "Connection": "keep-alive",
        "User-Agent": "azsdk-js-communication-short-codes/1.0.0-beta.5 core-rest-pipeline/1.11.1 Node/v18.13.0 OS/(x64-Linux-5.15.90.1-microsoft-standard-WSL2)",
        "x-ms-client-request-id": "Sanitized",
        "x-ms-content-sha256": "Sanitized",
        "x-ms-date": "Tue, 04 Jul 2023 16:01:00 GMT"
      },
      "RequestBody": null,
      "StatusCode": 200,
      "ResponseHeaders": {
        "api-supported-versions": "2021-10-25-preview, 2022-09-06",
        "Content-Length": "18",
        "Content-Type": "application/json; charset=utf-8",
        "Date": "Tue, 04 Jul 2023 16:01:00 GMT",
        "MS-CV": "xdVhiEUQjUOlzcY1M3\u002BlPA.0",
        "Strict-Transport-Security": "max-age=2592000",
        "X-Azure-Ref": "0PEKkZAAAAAB\u002BOx7WZ8zLR6e4cStbM0StREZXMzBFREdFMTUxMgA5ZmM3YjUxOS1hOGNjLTRmODktOTM1ZS1jOTE0OGFlMDllODE=",
        "X-Cache": "CONFIG_NOCACHE",
        "X-Processing-Time": "145ms"
      },
      "ResponseBody": {
        "attachments": []
      }
    },
    {
      "RequestUri": "https://endpoint/shortCodes/countries/US/programBriefs/f4d594e0-1a83-11ee-9bb0-49b8bc942d02?api-version=2022-09-06",
      "RequestMethod": "DELETE",
      "RequestHeaders": {
        "Accept": "application/json",
        "Accept-Encoding": "gzip,deflate",
        "Authorization": "Sanitized",
        "Connection": "keep-alive",
        "User-Agent": "azsdk-js-communication-short-codes/1.0.0-beta.5 core-rest-pipeline/1.11.1 Node/v18.13.0 OS/(x64-Linux-5.15.90.1-microsoft-standard-WSL2)",
        "x-ms-client-request-id": "Sanitized",
        "x-ms-content-sha256": "Sanitized",
        "x-ms-date": "Tue, 04 Jul 2023 16:01:00 GMT"
      },
      "RequestBody": null,
      "StatusCode": 204,
      "ResponseHeaders": {
        "api-supported-versions": "2021-10-25-preview, 2022-09-06",
        "Date": "Tue, 04 Jul 2023 16:01:00 GMT",
        "MS-CV": "cu9E9lWjP06D2GXhBrIGXw.0",
        "Strict-Transport-Security": "max-age=2592000",
        "X-Azure-Ref": "0PEKkZAAAAACCoou194OYQ5CxULfvfy70REZXMzBFREdFMTUxMgA5ZmM3YjUxOS1hOGNjLTRmODktOTM1ZS1jOTE0OGFlMDllODE=",
        "X-Cache": "CONFIG_NOCACHE",
        "X-Processing-Time": "216ms"
      },
      "ResponseBody": null
    },
    {
      "RequestUri": "https://endpoint/shortCodes/countries/US/programBriefs/f4d594e0-1a83-11ee-9bb0-49b8bc942d02?api-version=2022-09-06",
      "RequestMethod": "GET",
      "RequestHeaders": {
        "Accept": "application/json",
        "Accept-Encoding": "gzip,deflate",
        "Authorization": "Sanitized",
        "Connection": "keep-alive",
        "User-Agent": "azsdk-js-communication-short-codes/1.0.0-beta.5 core-rest-pipeline/1.11.1 Node/v18.13.0 OS/(x64-Linux-5.15.90.1-microsoft-standard-WSL2)",
        "x-ms-client-request-id": "Sanitized",
        "x-ms-content-sha256": "Sanitized",
        "x-ms-date": "Tue, 04 Jul 2023 16:01:00 GMT"
      },
      "RequestBody": null,
      "StatusCode": 404,
      "ResponseHeaders": {
        "api-supported-versions": "2021-10-25-preview, 2022-09-06",
        "Content-Type": "application/json",
        "Date": "Tue, 04 Jul 2023 16:01:00 GMT",
        "MS-CV": "QQgNL3IjSEiM0MtNQYkKAg.0",
        "Strict-Transport-Security": "max-age=2592000",
        "Transfer-Encoding": "chunked",
        "X-Azure-Ref": "0PUKkZAAAAAAIM9CfnGvJTaESBYoV\u002BcI/REZXMzBFREdFMTUxMgA5ZmM3YjUxOS1hOGNjLTRmODktOTM1ZS1jOTE0OGFlMDllODE=",
        "X-Cache": "CONFIG_NOCACHE",
        "X-Processing-Time": "325ms"
      },
      "ResponseBody": {
        "error": {
          "code": "NotFound",
          "message": "Could not find the ProgramBrief with key \u0027Azure|ac80d96a-85de-48b1-995d-a3a3fa3627c8|f4d594e0-1a83-11ee-9bb0-49b8bc942d02\u0027"
        }
      }
    }
  ],
  "Variables": {
    "attachment-var-0": "f4d5bbf0-1a83-11ee-9bb0-49b8bc942d02",
    "attachment-var-1": "f4d5bbf1-1a83-11ee-9bb0-49b8bc942d02",
    "pb-var": "f4d594e0-1a83-11ee-9bb0-49b8bc942d02"
  }
}
