{
  "Entries": [
    {
      "RequestUri": "https://endpoint/shortCodes/countries/US/programBriefs?skip=0\u0026top=100\u0026api-version=2022-09-06",
      "RequestMethod": "GET",
      "RequestHeaders": {
        "Accept": "application/json",
        "Accept-Encoding": "gzip,deflate",
        "Authorization": "Sanitized",
        "Connection": "keep-alive",
        "User-Agent": "azsdk-js-communication-short-codes/1.0.0-beta.5 core-rest-pipeline/1.10.3 Node/v18.13.0 OS/(x64-Linux-5.15.90.1-microsoft-standard-WSL2)",
        "x-ms-client-request-id": "d0d1d43f-d8a9-4689-ba4b-ab71054d4482",
        "x-ms-content-sha256": "47DEQpj8HBSa\u002B/TImW\u002B5JCeuQeRkm5NMpJWZG3hSuFU=",
        "x-ms-date": "Wed, 29 Mar 2023 05:55:03 GMT"
      },
      "RequestBody": null,
      "StatusCode": 200,
      "ResponseHeaders": {
        "Accept-Ranges": "bytes",
        "api-supported-versions": "2021-10-25-preview, 2022-09-06",
        "Connection": "keep-alive",
        "Content-Length": "20",
        "Content-Type": "application/json; charset=utf-8",
        "Date": "Wed, 29 Mar 2023 05:55:08 GMT",
        "MS-CV": "TGl6mE/likuC2K87wvlNYA.0",
        "Strict-Transport-Security": "max-age=2592000",
        "x-azure-ref": "20230329T055506Z-e4nbqn882t09p2h9y4ysn2yh7c00000000f000000000sqdq",
        "X-Cache": "CONFIG_NOCACHE",
        "X-Processing-Time": "1542ms"
      },
      "ResponseBody": {
        "programBriefs": []
      }
    },
    {
      "RequestUri": "https://endpoint/shortCodes/countries/US/programBriefs/40056e20-cdf6-11ed-b358-716660678052?api-version=2022-09-06",
      "RequestMethod": "GET",
      "RequestHeaders": {
        "Accept": "application/json",
        "Accept-Encoding": "gzip,deflate",
        "Authorization": "Sanitized",
        "Connection": "keep-alive",
        "User-Agent": "azsdk-js-communication-short-codes/1.0.0-beta.5 core-rest-pipeline/1.10.3 Node/v18.13.0 OS/(x64-Linux-5.15.90.1-microsoft-standard-WSL2)",
        "x-ms-client-request-id": "71b92bed-8ee4-4dcd-8be7-0c059acd4d63",
        "x-ms-content-sha256": "47DEQpj8HBSa\u002B/TImW\u002B5JCeuQeRkm5NMpJWZG3hSuFU=",
        "x-ms-date": "Wed, 29 Mar 2023 05:55:05 GMT"
      },
      "RequestBody": null,
      "StatusCode": 404,
      "ResponseHeaders": {
        "api-supported-versions": "2021-10-25-preview, 2022-09-06",
        "Connection": "keep-alive",
        "Content-Type": "application/json",
        "Date": "Wed, 29 Mar 2023 05:55:09 GMT",
        "MS-CV": "H5AMUBFFUki3zwH99Z7j2w.0",
        "Strict-Transport-Security": "max-age=2592000",
        "Transfer-Encoding": "chunked",
        "x-azure-ref": "20230329T055508Z-e4nbqn882t09p2h9y4ysn2yh7c00000000f000000000sqmr",
        "X-Cache": "CONFIG_NOCACHE",
        "X-Processing-Time": "1495ms"
      },
      "ResponseBody": {
        "error": {
          "code": "NotFound",
          "message": "Could not find the ProgramBrief with key \u0027Azure|ac80d96a-85de-48b1-995d-a3a3fa3627c8|40056e20-cdf6-11ed-b358-716660678052\u0027"
        }
      }
    },
    {
      "RequestUri": "https://endpoint/shortCodes/countries/US/programBriefs/40056e20-cdf6-11ed-b358-716660678052?api-version=2022-09-06",
      "RequestMethod": "PATCH",
      "RequestHeaders": {
        "Accept": "application/json",
        "Accept-Encoding": "gzip,deflate",
        "Authorization": "Sanitized",
        "Connection": "keep-alive",
        "Content-Length": "2038",
        "Content-Type": "application/merge-patch\u002Bjson",
        "User-Agent": "azsdk-js-communication-short-codes/1.0.0-beta.5 core-rest-pipeline/1.10.3 Node/v18.13.0 OS/(x64-Linux-5.15.90.1-microsoft-standard-WSL2)",
        "x-ms-client-request-id": "d134bcfe-3d80-4039-b6f3-a2de3c7935cd",
        "x-ms-content-sha256": "XVxqbSxJiAgIMQWZKoT2VJxDU502Kk1oJjvbUCErEEM=",
        "x-ms-date": "Wed, 29 Mar 2023 05:55:07 GMT"
      },
      "RequestBody": {
        "id": "40056e20-cdf6-11ed-b358-716660678052",
        "programDetails": {
          "isVanity": false,
          "numberType": "shortCode",
          "isPoliticalCampaign": false,
          "name": "Contoso Loyalty Program",
          "description": "TEST Customers can sign up to receive regular updates on coupons and other perks of our loyalty program.",
          "url": "https://endpoint/loyalty-program",
          "callToActionTypes": [
            "sms",
            "website"
          ],
          "callToActionUrl": "https://contoso.com/sign-up",
          "termsOfServiceUrl": "https://contoso.com/terms",
          "privacyPolicyUrl": "https://contoso.com/privacy"
        },
        "companyInformation": {
          "name": "Contoso",
          "url": "https://contoso.com",
          "address": "1 Contoso Way Redmond, WA 98052",
          "contactInformation": {
            "name": "Alex",
            "phone": "\u002B14255551234",
            "email": "alex@contoso.com"
          },
          "customerCareInformation": {
            "tollFreeNumber": "\u002B18005551234",
            "email": "customercare@contoso.com"
          }
        },
        "messageDetails": {
          "supportedProtocol": "sms",
          "recurrence": "subscription",
          "helpAnswerToUser": "Send \u0027Stop\u0027 to unsubscribe, send \u0027Start\u0027 to resubscribe.",
          "optOutAnswerToUser": "You\u0027ve been unsubscribed from these messages.  Send \u0027Start\u0027 if you want to resubscribe.",
          "optInMessageToUser": "Someone requested to subscribe this number to receive updates about Contoso\u0027s loyalty program.  To confirm subscription, reply to this message with \u0027JOIN\u0027",
          "optInAnswerFromUser": "JOIN",
          "optInConfirmationMessageToUser": "Congrats, you have been successfully subscribed to loyalty program updates.  Welcome!",
          "directionality": "twoWay",
          "useCases": [
            {
              "contentType": "marketingAndPromotion",
              "examples": [
                {
                  "messages": [
                    {
                      "direction": "fromUser",
                      "text": "txtMessage"
                    }
                  ]
                }
              ]
            },
            {
              "contentType": "loyaltyProgram",
              "examples": [
                {
                  "messages": [
                    {
                      "direction": "toUser",
                      "text": "txtMessage"
                    }
                  ]
                }
              ]
            },
            {
              "contentType": "sweepstakesOrContest",
              "examples": [
                {
                  "messages": [
                    {
                      "direction": "toUser",
                      "text": "txtMessage"
                    }
                  ]
                }
              ]
            }
          ]
        },
        "trafficDetails": {
          "totalMonthlyVolume": 10000,
          "monthlyAverageMessagesFromUser": 1,
          "monthlyAverageMessagesToUser": 3,
          "isSpiky": true,
          "spikeDetails": "Higher traffic expected around major shopping holidays, most notably Black Friday and Memorial Day.",
          "estimatedRampUpTimeInDays": 0
        }
      },
      "StatusCode": 201,
      "ResponseHeaders": {
        "api-supported-versions": "2021-10-25-preview, 2022-09-06",
        "Connection": "keep-alive",
        "Content-Length": "2245",
        "Content-Type": "application/json; charset=utf-8",
        "Date": "Wed, 29 Mar 2023 05:55:11 GMT",
        "Location": "https://endpoint/shortCodes/countries/US/programBriefs/40056e20-cdf6-11ed-b358-716660678052",
        "MS-CV": "o6MW4a0cqkCWDk5og0YW2w.0",
        "Strict-Transport-Security": "max-age=2592000",
        "x-azure-ref": "20230329T055509Z-e4nbqn882t09p2h9y4ysn2yh7c00000000f000000000sqs2",
        "X-Cache": "CONFIG_NOCACHE",
        "X-Processing-Time": "1005ms"
      },
      "ResponseBody": {
        "id": "40056e20-cdf6-11ed-b358-716660678052",
        "status": "draft",
        "costs": [
          {
            "amount": 650.0,
            "currencyCode": "USD",
            "billingFrequency": "once"
          },
          {
            "amount": 1000.0,
            "currencyCode": "USD",
            "billingFrequency": "monthly"
          }
        ],
        "statusUpdatedDate": "2023-03-29T05:55:10\u002B00:00",
        "programDetails": {
          "isVanity": false,
          "numberType": "shortCode",
          "isPoliticalCampaign": false,
          "name": "Contoso Loyalty Program",
          "description": "TEST Customers can sign up to receive regular updates on coupons and other perks of our loyalty program.",
          "url": "https://endpoint/loyalty-program",
          "callToActionTypes": [
            "sms",
            "website"
          ],
          "callToActionUrl": "https://contoso.com/sign-up",
          "termsOfServiceUrl": "https://contoso.com/terms",
          "privacyPolicyUrl": "https://contoso.com/privacy"
        },
        "companyInformation": {
          "name": "Contoso",
          "url": "https://contoso.com",
          "address": "1 Contoso Way Redmond, WA 98052",
          "contactInformation": {
            "name": "Alex",
            "phone": "\u002B14255551234",
            "email": "alex@contoso.com"
          },
          "customerCareInformation": {
            "tollFreeNumber": "\u002B18005551234",
            "email": "customercare@contoso.com"
          }
        },
        "messageDetails": {
          "supportedProtocol": "sms",
          "recurrence": "subscription",
          "helpAnswerToUser": "Send \u0027Stop\u0027 to unsubscribe, send \u0027Start\u0027 to resubscribe.",
          "optOutAnswerToUser": "You\u0027ve been unsubscribed from these messages.  Send \u0027Start\u0027 if you want to resubscribe.",
          "optInMessageToUser": "Someone requested to subscribe this number to receive updates about Contoso\u0027s loyalty program.  To confirm subscription, reply to this message with \u0027JOIN\u0027",
          "optInAnswerFromUser": "JOIN",
          "optInConfirmationMessageToUser": "Congrats, you have been successfully subscribed to loyalty program updates.  Welcome!",
          "directionality": "twoWay",
          "useCases": [
            {
              "contentType": "marketingAndPromotion",
              "examples": [
                {
                  "messages": [
                    {
                      "direction": "fromUser",
                      "text": "txtMessage"
                    }
                  ]
                }
              ]
            },
            {
              "contentType": "loyaltyProgram",
              "examples": [
                {
                  "messages": [
                    {
                      "direction": "toUser",
                      "text": "txtMessage"
                    }
                  ]
                }
              ]
            },
            {
              "contentType": "sweepstakesOrContest",
              "examples": [
                {
                  "messages": [
                    {
                      "direction": "toUser",
                      "text": "txtMessage"
                    }
                  ]
                }
              ]
            }
          ]
        },
        "trafficDetails": {
          "totalMonthlyVolume": 10000,
          "monthlyAverageMessagesFromUser": 1,
          "monthlyAverageMessagesToUser": 3,
          "isSpiky": true,
          "spikeDetails": "Higher traffic expected around major shopping holidays, most notably Black Friday and Memorial Day.",
          "estimatedRampUpTimeInDays": 0
        }
      }
    },
    {
      "RequestUri": "https://endpoint/shortCodes/countries/US/programBriefs/40056e20-cdf6-11ed-b358-716660678052/attachments?skip=0\u0026top=100\u0026api-version=2022-09-06",
      "RequestMethod": "GET",
      "RequestHeaders": {
        "Accept": "application/json",
        "Accept-Encoding": "gzip,deflate",
        "Authorization": "Sanitized",
        "Connection": "keep-alive",
        "User-Agent": "azsdk-js-communication-short-codes/1.0.0-beta.5 core-rest-pipeline/1.10.3 Node/v18.13.0 OS/(x64-Linux-5.15.90.1-microsoft-standard-WSL2)",
        "x-ms-client-request-id": "46c7bcae-4f47-451e-9868-b5413abe7b99",
        "x-ms-content-sha256": "47DEQpj8HBSa\u002B/TImW\u002B5JCeuQeRkm5NMpJWZG3hSuFU=",
        "x-ms-date": "Wed, 29 Mar 2023 05:55:08 GMT"
      },
      "RequestBody": null,
      "StatusCode": 200,
      "ResponseHeaders": {
        "Accept-Ranges": "bytes",
        "api-supported-versions": "2021-10-25-preview, 2022-09-06",
        "Connection": "keep-alive",
        "Content-Length": "18",
        "Content-Type": "application/json; charset=utf-8",
        "Date": "Wed, 29 Mar 2023 05:55:11 GMT",
        "MS-CV": "3dYHfiNNLEGtxKt5Vbsm7A.0",
        "Strict-Transport-Security": "max-age=2592000",
        "x-azure-ref": "20230329T055511Z-e4nbqn882t09p2h9y4ysn2yh7c00000000f000000000sqvf",
        "X-Cache": "CONFIG_NOCACHE",
        "X-Processing-Time": "100ms"
      },
      "ResponseBody": {
        "attachments": []
      }
    },
    {
      "RequestUri": "https://endpoint/shortCodes/countries/US/programBriefs/40056e20-cdf6-11ed-b358-716660678052/attachments/40056e21-cdf6-11ed-b358-716660678052?api-version=2022-09-06",
      "RequestMethod": "PUT",
      "RequestHeaders": {
        "Accept": "application/json",
        "Accept-Encoding": "gzip,deflate",
        "Authorization": "Sanitized",
        "Connection": "keep-alive",
        "Content-Length": "329",
        "Content-Type": "application/json",
        "User-Agent": "azsdk-js-communication-short-codes/1.0.0-beta.5 core-rest-pipeline/1.10.3 Node/v18.13.0 OS/(x64-Linux-5.15.90.1-microsoft-standard-WSL2)",
        "x-ms-client-request-id": "bc1cf747-28b0-4713-a4b8-49b5aa6347e2",
        "x-ms-content-sha256": "DuP8ksv35ARLsh7FrJOE82r8\u002BcAHy1AVXJDGZ8V5pOI=",
        "x-ms-date": "Wed, 29 Mar 2023 05:55:08 GMT"
      },
      "RequestBody": {
        "id": "40056e21-cdf6-11ed-b358-716660678052",
        "type": "callToAction",
        "fileName": "testFriendlyName",
        "fileType": "png",
        "fileContentBase64": "iVBORw0KGgoAAAANSUhEUgAAAAYAAAAHCAIAAACk8qu6AAAAAXNSR0IArs4c6QAAAARnQU1BAACxjwv8YQUAAAAJcEhZcwAALEoAACxKAXd6dE0AAAAjSURBVBhXY/iPAXALrVixorW1FcKGCgH5DAxQNklmIcD//wCoTHalyfy2/AAAAABJRU5ErkJggg=="
      },
      "StatusCode": 201,
      "ResponseHeaders": {
        "api-supported-versions": "2021-10-25-preview, 2022-09-06",
        "Connection": "keep-alive",
        "Content-Length": "136",
        "Content-Type": "application/json; charset=utf-8",
        "Date": "Wed, 29 Mar 2023 05:55:12 GMT",
        "Location": "https://endpoint/shortCodes/countries/US/programBriefs/40056e20-cdf6-11ed-b358-716660678052/attachments/40056e21-cdf6-11ed-b358-716660678052",
        "MS-CV": "eI2V7y9WTkW9yNKNyBXDkA.0",
        "Strict-Transport-Security": "max-age=2592000",
        "x-azure-ref": "20230329T055511Z-e4nbqn882t09p2h9y4ysn2yh7c00000000f000000000sqwc",
        "X-Cache": "CONFIG_NOCACHE",
        "X-Processing-Time": "973ms"
      },
      "ResponseBody": {
        "id": "40056e21-cdf6-11ed-b358-716660678052",
        "type": "callToAction",
        "fileName": "testFriendlyName",
        "fileSizeInBytes": 142,
        "fileType": "png"
      }
    },
    {
      "RequestUri": "https://endpoint/shortCodes/countries/US/programBriefs/40056e20-cdf6-11ed-b358-716660678052/attachments/40056e21-cdf6-11ed-b358-716660678052?api-version=2022-09-06",
      "RequestMethod": "GET",
      "RequestHeaders": {
        "Accept": "application/json",
        "Accept-Encoding": "gzip,deflate",
        "Authorization": "Sanitized",
        "Connection": "keep-alive",
        "User-Agent": "azsdk-js-communication-short-codes/1.0.0-beta.5 core-rest-pipeline/1.10.3 Node/v18.13.0 OS/(x64-Linux-5.15.90.1-microsoft-standard-WSL2)",
        "x-ms-client-request-id": "622a8995-d9ac-43c0-bee2-fb460529ad59",
        "x-ms-content-sha256": "47DEQpj8HBSa\u002B/TImW\u002B5JCeuQeRkm5NMpJWZG3hSuFU=",
        "x-ms-date": "Wed, 29 Mar 2023 05:55:09 GMT"
      },
      "RequestBody": null,
      "StatusCode": 200,
      "ResponseHeaders": {
        "Accept-Ranges": "bytes",
        "api-supported-versions": "2021-10-25-preview, 2022-09-06",
        "Connection": "keep-alive",
        "Content-Length": "136",
        "Content-Type": "application/json; charset=utf-8",
        "Date": "Wed, 29 Mar 2023 05:55:12 GMT",
        "MS-CV": "SDLS2F/kLUyRmnbd8JD9tQ.0",
        "Strict-Transport-Security": "max-age=2592000",
        "x-azure-ref": "20230329T055512Z-e4nbqn882t09p2h9y4ysn2yh7c00000000f000000000sr07",
        "X-Cache": "CONFIG_NOCACHE",
        "X-Processing-Time": "186ms"
      },
      "ResponseBody": {
        "id": "40056e21-cdf6-11ed-b358-716660678052",
        "type": "callToAction",
        "fileName": "testFriendlyName",
        "fileSizeInBytes": 142,
        "fileType": "png"
      }
    },
    {
      "RequestUri": "https://endpoint/shortCodes/countries/US/programBriefs/40056e20-cdf6-11ed-b358-716660678052/attachments?skip=0\u0026top=100\u0026api-version=2022-09-06",
      "RequestMethod": "GET",
      "RequestHeaders": {
        "Accept": "application/json",
        "Accept-Encoding": "gzip,deflate",
        "Authorization": "Sanitized",
        "Connection": "keep-alive",
        "User-Agent": "azsdk-js-communication-short-codes/1.0.0-beta.5 core-rest-pipeline/1.10.3 Node/v18.13.0 OS/(x64-Linux-5.15.90.1-microsoft-standard-WSL2)",
        "x-ms-client-request-id": "a7305c02-3a40-4708-b1cf-f360ebc8567e",
        "x-ms-content-sha256": "47DEQpj8HBSa\u002B/TImW\u002B5JCeuQeRkm5NMpJWZG3hSuFU=",
        "x-ms-date": "Wed, 29 Mar 2023 05:55:09 GMT"
      },
      "RequestBody": null,
      "StatusCode": 200,
      "ResponseHeaders": {
        "Accept-Ranges": "bytes",
        "api-supported-versions": "2021-10-25-preview, 2022-09-06",
        "Connection": "keep-alive",
        "Content-Length": "154",
        "Content-Type": "application/json; charset=utf-8",
        "Date": "Wed, 29 Mar 2023 05:55:13 GMT",
        "MS-CV": "s5M1QanqsEKZWZqiaL19aw.0",
        "Strict-Transport-Security": "max-age=2592000",
        "x-azure-ref": "20230329T055512Z-e4nbqn882t09p2h9y4ysn2yh7c00000000f000000000sr1m",
        "X-Cache": "CONFIG_NOCACHE",
        "X-Processing-Time": "130ms"
      },
      "ResponseBody": {
        "attachments": [
          {
            "id": "40056e21-cdf6-11ed-b358-716660678052",
            "type": "callToAction",
            "fileName": "testFriendlyName",
            "fileSizeInBytes": 142,
            "fileType": "png"
          }
        ]
      }
    },
    {
      "RequestUri": "https://endpoint/shortCodes/countries/US/programBriefs/40056e20-cdf6-11ed-b358-716660678052/attachments/40056e21-cdf6-11ed-b358-716660678052?api-version=2022-09-06",
      "RequestMethod": "DELETE",
      "RequestHeaders": {
        "Accept": "application/json",
        "Accept-Encoding": "gzip,deflate",
        "Authorization": "Sanitized",
        "Connection": "keep-alive",
        "User-Agent": "azsdk-js-communication-short-codes/1.0.0-beta.5 core-rest-pipeline/1.10.3 Node/v18.13.0 OS/(x64-Linux-5.15.90.1-microsoft-standard-WSL2)",
        "x-ms-client-request-id": "ea38a3e6-4d9e-4bea-9693-cfd7e4b3ae70",
        "x-ms-content-sha256": "47DEQpj8HBSa\u002B/TImW\u002B5JCeuQeRkm5NMpJWZG3hSuFU=",
        "x-ms-date": "Wed, 29 Mar 2023 05:55:10 GMT"
      },
      "RequestBody": null,
      "StatusCode": 204,
      "ResponseHeaders": {
        "api-supported-versions": "2021-10-25-preview, 2022-09-06",
        "Connection": "keep-alive",
        "Date": "Wed, 29 Mar 2023 05:55:14 GMT",
        "MS-CV": "LoZ8RpEc60idyBjIv\u002BaYPQ.0",
        "Strict-Transport-Security": "max-age=2592000",
        "x-azure-ref": "20230329T055513Z-e4nbqn882t09p2h9y4ysn2yh7c00000000f000000000sr2f",
        "X-Cache": "CONFIG_NOCACHE",
        "X-Processing-Time": "816ms"
      },
      "ResponseBody": null
    },
    {
      "RequestUri": "https://endpoint/shortCodes/countries/US/programBriefs/40056e20-cdf6-11ed-b358-716660678052/attachments?skip=0\u0026top=100\u0026api-version=2022-09-06",
      "RequestMethod": "GET",
      "RequestHeaders": {
        "Accept": "application/json",
        "Accept-Encoding": "gzip,deflate",
        "Authorization": "Sanitized",
        "Connection": "keep-alive",
        "User-Agent": "azsdk-js-communication-short-codes/1.0.0-beta.5 core-rest-pipeline/1.10.3 Node/v18.13.0 OS/(x64-Linux-5.15.90.1-microsoft-standard-WSL2)",
        "x-ms-client-request-id": "c1661931-4b67-4bed-9906-38f3608eed0a",
        "x-ms-content-sha256": "47DEQpj8HBSa\u002B/TImW\u002B5JCeuQeRkm5NMpJWZG3hSuFU=",
        "x-ms-date": "Wed, 29 Mar 2023 05:55:11 GMT"
      },
      "RequestBody": null,
      "StatusCode": 200,
      "ResponseHeaders": {
        "Accept-Ranges": "bytes",
        "api-supported-versions": "2021-10-25-preview, 2022-09-06",
        "Connection": "keep-alive",
        "Content-Length": "18",
        "Content-Type": "application/json; charset=utf-8",
        "Date": "Wed, 29 Mar 2023 05:55:14 GMT",
        "MS-CV": "IlqPTGA8sEiKFxmlZkelhw.0",
        "Strict-Transport-Security": "max-age=2592000",
        "x-azure-ref": "20230329T055514Z-e4nbqn882t09p2h9y4ysn2yh7c00000000f000000000sr5u",
        "X-Cache": "CONFIG_NOCACHE",
        "X-Processing-Time": "122ms"
      },
      "ResponseBody": {
        "attachments": []
      }
    },
    {
      "RequestUri": "https://endpoint/shortCodes/countries/US/programBriefs/40056e20-cdf6-11ed-b358-716660678052?api-version=2022-09-06",
      "RequestMethod": "DELETE",
      "RequestHeaders": {
        "Accept": "application/json",
        "Accept-Encoding": "gzip,deflate",
        "Authorization": "Sanitized",
        "Connection": "keep-alive",
        "User-Agent": "azsdk-js-communication-short-codes/1.0.0-beta.5 core-rest-pipeline/1.10.3 Node/v18.13.0 OS/(x64-Linux-5.15.90.1-microsoft-standard-WSL2)",
        "x-ms-client-request-id": "068a9010-c83f-48d2-ba33-e0642c7ca8cc",
        "x-ms-content-sha256": "47DEQpj8HBSa\u002B/TImW\u002B5JCeuQeRkm5NMpJWZG3hSuFU=",
        "x-ms-date": "Wed, 29 Mar 2023 05:55:11 GMT"
      },
      "RequestBody": null,
      "StatusCode": 204,
      "ResponseHeaders": {
        "api-supported-versions": "2021-10-25-preview, 2022-09-06",
        "Connection": "keep-alive",
        "Date": "Wed, 29 Mar 2023 05:55:14 GMT",
        "MS-CV": "PpPxcCNhmkqn1esUVVrpjw.0",
        "Strict-Transport-Security": "max-age=2592000",
        "x-azure-ref": "20230329T055514Z-e4nbqn882t09p2h9y4ysn2yh7c00000000f000000000sr6m",
        "X-Cache": "CONFIG_NOCACHE",
        "X-Processing-Time": "197ms"
      },
      "ResponseBody": null
    },
    {
      "RequestUri": "https://endpoint/shortCodes/countries/US/programBriefs/40056e20-cdf6-11ed-b358-716660678052?api-version=2022-09-06",
      "RequestMethod": "GET",
      "RequestHeaders": {
        "Accept": "application/json",
        "Accept-Encoding": "gzip,deflate",
        "Authorization": "Sanitized",
        "Connection": "keep-alive",
        "User-Agent": "azsdk-js-communication-short-codes/1.0.0-beta.5 core-rest-pipeline/1.10.3 Node/v18.13.0 OS/(x64-Linux-5.15.90.1-microsoft-standard-WSL2)",
        "x-ms-client-request-id": "139dc6f7-6cfe-4492-bf58-c85652f556ff",
        "x-ms-content-sha256": "47DEQpj8HBSa\u002B/TImW\u002B5JCeuQeRkm5NMpJWZG3hSuFU=",
        "x-ms-date": "Wed, 29 Mar 2023 05:55:12 GMT"
      },
      "RequestBody": null,
      "StatusCode": 404,
      "ResponseHeaders": {
        "api-supported-versions": "2021-10-25-preview, 2022-09-06",
        "Connection": "keep-alive",
        "Content-Type": "application/json",
        "Date": "Wed, 29 Mar 2023 05:55:15 GMT",
        "MS-CV": "cIbKBJsSdUmzBUINBpfS9Q.0",
        "Strict-Transport-Security": "max-age=2592000",
        "Transfer-Encoding": "chunked",
        "x-azure-ref": "20230329T055514Z-e4nbqn882t09p2h9y4ysn2yh7c00000000f000000000sr86",
        "X-Cache": "CONFIG_NOCACHE",
        "X-Processing-Time": "804ms"
      },
      "ResponseBody": {
        "error": {
          "code": "NotFound",
          "message": "Could not find the ProgramBrief with key \u0027Azure|ac80d96a-85de-48b1-995d-a3a3fa3627c8|40056e20-cdf6-11ed-b358-716660678052\u0027"
        }
      }
    }
  ],
  "Variables": {
    "attachment-var": "40056e21-cdf6-11ed-b358-716660678052",
    "test-brief": "40056e20-cdf6-11ed-b358-716660678052"
  }
}
