{
  "Entries": [
    {
      "RequestUri": "https://fakestorageaccount.blob.core.windows.net/filesystem167822542579106643?restype=container",
      "RequestMethod": "PUT",
      "RequestHeaders": {
        "Accept": "application/xml",
        "Authorization": "Sanitized",
        "Connection": "keep-alive",
        "Content-Length": "0",
        "User-Agent": "azsdk-js-azure-storage-blob/12.13.0 core-rest-pipeline/1.10.3 Node/v16.18.0 OS/(x64-Linux-5.4.0-1103-azure)",
        "x-ms-client-request-id": "57f0402a-6cce-45b2-81ec-b570a111c01c",
        "x-ms-date": "Tue, 07 Mar 2023 21:43:45 GMT",
        "x-ms-version": "2021-12-02"
      },
      "RequestBody": null,
      "StatusCode": 201,
      "ResponseHeaders": {
        "Content-Length": "0",
        "Date": "Tue, 07 Mar 2023 21:43:45 GMT",
        "ETag": "\u00220x8DB1F55074DFDD6\u0022",
        "Last-Modified": "Tue, 07 Mar 2023 21:43:45 GMT",
        "Server": [
          "Windows-Azure-Blob/1.0",
          "Microsoft-HTTPAPI/2.0"
        ],
        "x-ms-client-request-id": "57f0402a-6cce-45b2-81ec-b570a111c01c",
        "x-ms-request-id": "06941014-501e-0033-023d-51626a000000",
        "x-ms-version": "2021-12-02"
      },
      "ResponseBody": null
    },
    {
      "RequestUri": "https://fakestorageaccount.dfs.core.windows.net/filesystem167822542579106643/file0167822542587406747?resource=file",
      "RequestMethod": "PUT",
      "RequestHeaders": {
        "Accept": "application/json",
        "Authorization": "Sanitized",
        "Connection": "keep-alive",
        "Content-Length": "0",
        "User-Agent": "azsdk-js-azure-storage-blob/12.13.0 core-rest-pipeline/1.10.3 Node/v16.18.0 OS/(x64-Linux-5.4.0-1103-azure)",
        "x-ms-client-request-id": "ffe14645-7c29-4e65-889a-233fcdfbd414",
        "x-ms-date": "Tue, 07 Mar 2023 21:43:45 GMT",
        "x-ms-properties": "keya=YQ==,keyb=Yw==",
        "x-ms-version": "2021-12-02"
      },
      "RequestBody": null,
      "StatusCode": 201,
      "ResponseHeaders": {
        "Content-Length": "0",
        "Date": "Tue, 07 Mar 2023 21:43:45 GMT",
        "ETag": "\u00220x8DB1F550761C94D\u0022",
        "Last-Modified": "Tue, 07 Mar 2023 21:43:45 GMT",
        "Server": [
          "Windows-Azure-HDFS/1.0",
          "Microsoft-HTTPAPI/2.0"
        ],
        "x-ms-client-request-id": "ffe14645-7c29-4e65-889a-233fcdfbd414",
        "x-ms-request-id": "2d995ce7-101f-000d-603d-51f515000000",
        "x-ms-request-server-encrypted": "true",
        "x-ms-version": "2021-12-02"
      },
      "ResponseBody": null
    },
    {
      "RequestUri": "https://fakestorageaccount.dfs.core.windows.net/filesystem167822542579106643/file1167822542598902001?resource=file",
      "RequestMethod": "PUT",
      "RequestHeaders": {
        "Accept": "application/json",
        "Authorization": "Sanitized",
        "Connection": "keep-alive",
        "Content-Length": "0",
        "User-Agent": "azsdk-js-azure-storage-blob/12.13.0 core-rest-pipeline/1.10.3 Node/v16.18.0 OS/(x64-Linux-5.4.0-1103-azure)",
        "x-ms-client-request-id": "6abff2b2-4379-4142-b375-7001929dfdb9",
        "x-ms-date": "Tue, 07 Mar 2023 21:43:45 GMT",
        "x-ms-properties": "keya=YQ==,keyb=Yw==",
        "x-ms-version": "2021-12-02"
      },
      "RequestBody": null,
      "StatusCode": 201,
      "ResponseHeaders": {
        "Content-Length": "0",
        "Date": "Tue, 07 Mar 2023 21:43:45 GMT",
        "ETag": "\u00220x8DB1F55077642B5\u0022",
        "Last-Modified": "Tue, 07 Mar 2023 21:43:46 GMT",
        "Server": [
          "Windows-Azure-HDFS/1.0",
          "Microsoft-HTTPAPI/2.0"
        ],
        "x-ms-client-request-id": "6abff2b2-4379-4142-b375-7001929dfdb9",
        "x-ms-request-id": "2d995cf2-101f-000d-6b3d-51f515000000",
        "x-ms-request-server-encrypted": "true",
        "x-ms-version": "2021-12-02"
      },
      "ResponseBody": null
    },
    {
      "RequestUri": "https://fakestorageaccount.dfs.core.windows.net/filesystem167822542579106643?resource=filesystem\u0026recursive=true\u0026upn=true",
      "RequestMethod": "GET",
      "RequestHeaders": {
        "Accept": "application/json",
        "Authorization": "Sanitized",
        "Connection": "keep-alive",
        "User-Agent": "azsdk-js-azure-storage-blob/12.13.0 core-rest-pipeline/1.10.3 Node/v16.18.0 OS/(x64-Linux-5.4.0-1103-azure)",
        "x-ms-client-request-id": "792d63ca-dd2c-4457-8129-d112636e4748",
        "x-ms-date": "Tue, 07 Mar 2023 21:43:46 GMT",
        "x-ms-version": "2021-12-02"
      },
      "RequestBody": null,
      "StatusCode": 200,
      "ResponseHeaders": {
        "Access-Control-Allow-Origin": "*",
        "Access-Control-Expose-Headers": "Content-Length,Content-Type,Date,Server,Transfer-Encoding,x-ms-client-request-id,x-ms-request-id,x-ms-version",
        "Content-Type": "application/json; charset=utf-8",
        "Date": "Tue, 07 Mar 2023 21:43:45 GMT",
        "Server": [
          "Windows-Azure-HDFS/1.0",
          "Microsoft-HTTPAPI/2.0"
        ],
        "Transfer-Encoding": "chunked",
        "x-ms-client-request-id": "792d63ca-dd2c-4457-8129-d112636e4748",
        "x-ms-request-id": "2d995cfe-101f-000d-773d-51f515000000",
        "x-ms-version": "2021-12-02"
      },
      "ResponseBody": {
        "paths": [
          {
            "contentLength": "0",
            "creationTime": "133226990259587405",
            "etag": "0x8DB1F550761C94D",
            "expiryTime": "0",
            "group": "$superuser",
            "lastModified": "Tue, 07 Mar 2023 21:43:45 GMT",
            "name": "file0167822542587406747",
            "owner": "$superuser",
            "permissions": "rw-r-----"
          },
          {
            "contentLength": "0",
            "creationTime": "133226990260929205",
            "etag": "0x8DB1F55077642B5",
            "expiryTime": "0",
            "group": "$superuser",
            "lastModified": "Tue, 07 Mar 2023 21:43:46 GMT",
            "name": "file1167822542598902001",
            "owner": "$superuser",
            "permissions": "rw-r-----"
          }
        ]
      }
    },
    {
      "RequestUri": "https://fakestorageaccount.dfs.core.windows.net/filesystem167822542579106643/file0167822542587406747",
      "RequestMethod": "DELETE",
      "RequestHeaders": {
        "Accept": "application/json",
        "Authorization": "Sanitized",
        "Connection": "keep-alive",
        "User-Agent": "azsdk-js-azure-storage-blob/12.13.0 core-rest-pipeline/1.10.3 Node/v16.18.0 OS/(x64-Linux-5.4.0-1103-azure)",
        "x-ms-client-request-id": "22e24cf4-d316-4a78-b10a-56063c7d2b28",
        "x-ms-date": "Tue, 07 Mar 2023 21:43:46 GMT",
        "x-ms-version": "2021-12-02"
      },
      "RequestBody": null,
      "StatusCode": 200,
      "ResponseHeaders": {
        "Content-Length": "0",
        "Date": "Tue, 07 Mar 2023 21:43:45 GMT",
        "Server": [
          "Windows-Azure-HDFS/1.0",
          "Microsoft-HTTPAPI/2.0"
        ],
        "x-ms-client-request-id": "22e24cf4-d316-4a78-b10a-56063c7d2b28",
        "x-ms-delete-type-permanent": "true",
        "x-ms-request-id": "2d995d01-101f-000d-7a3d-51f515000000",
        "x-ms-version": "2021-12-02"
      },
      "ResponseBody": null
    },
    {
      "RequestUri": "https://fakestorageaccount.dfs.core.windows.net/filesystem167822542579106643/file1167822542598902001",
      "RequestMethod": "DELETE",
      "RequestHeaders": {
        "Accept": "application/json",
        "Authorization": "Sanitized",
        "Connection": "keep-alive",
        "User-Agent": "azsdk-js-azure-storage-blob/12.13.0 core-rest-pipeline/1.10.3 Node/v16.18.0 OS/(x64-Linux-5.4.0-1103-azure)",
        "x-ms-client-request-id": "c961261d-d336-4d97-94b9-35362974eb76",
        "x-ms-date": "Tue, 07 Mar 2023 21:43:46 GMT",
        "x-ms-version": "2021-12-02"
      },
      "RequestBody": null,
      "StatusCode": 200,
      "ResponseHeaders": {
        "Content-Length": "0",
        "Date": "Tue, 07 Mar 2023 21:43:45 GMT",
        "Server": [
          "Windows-Azure-HDFS/1.0",
          "Microsoft-HTTPAPI/2.0"
        ],
        "x-ms-client-request-id": "c961261d-d336-4d97-94b9-35362974eb76",
        "x-ms-delete-type-permanent": "true",
        "x-ms-request-id": "2d995d0d-101f-000d-063d-51f515000000",
        "x-ms-version": "2021-12-02"
      },
      "ResponseBody": null
    },
    {
      "RequestUri": "https://fakestorageaccount.blob.core.windows.net/filesystem167822542579106643?restype=container",
      "RequestMethod": "DELETE",
      "RequestHeaders": {
        "Accept": "application/xml",
        "Authorization": "Sanitized",
        "Connection": "keep-alive",
        "User-Agent": "azsdk-js-azure-storage-blob/12.13.0 core-rest-pipeline/1.10.3 Node/v16.18.0 OS/(x64-Linux-5.4.0-1103-azure)",
        "x-ms-client-request-id": "e5906c70-750d-4bc4-8a0a-5a4019933c45",
        "x-ms-date": "Tue, 07 Mar 2023 21:43:46 GMT",
        "x-ms-version": "2021-12-02"
      },
      "RequestBody": null,
      "StatusCode": 202,
      "ResponseHeaders": {
        "Content-Length": "0",
        "Date": "Tue, 07 Mar 2023 21:43:46 GMT",
        "Server": [
          "Windows-Azure-Blob/1.0",
          "Microsoft-HTTPAPI/2.0"
        ],
        "x-ms-client-request-id": "e5906c70-750d-4bc4-8a0a-5a4019933c45",
        "x-ms-request-id": "069410fd-501e-0033-5d3d-51626a000000",
        "x-ms-version": "2021-12-02"
      },
      "ResponseBody": null
    }
  ],
  "Variables": {
    "file0": "file0167822542587406747",
    "file1": "file1167822542598902001",
    "filesystem": "filesystem167822542579106643"
  }
}
