{
  "Entries": [
    {
      "RequestUri": "https://keyvault_name.vault.azure.net/secrets/listSecretName-canlistdeletedsecretsbypage-0?api-version=7.3",
      "RequestMethod": "PUT",
      "RequestHeaders": {
        "Accept": "application/json",
        "Accept-Encoding": "gzip, deflate, br",
        "Accept-Language": "en-US",
        "Connection": "keep-alive",
        "Content-Length": "0",
        "Content-Type": "application/json",
        "Referer": "http://localhost:9330/",
        "sec-ch-ua": "",
        "sec-ch-ua-mobile": "?0",
        "sec-ch-ua-platform": "",
        "Sec-Fetch-Dest": "empty",
        "Sec-Fetch-Mode": "cors",
        "Sec-Fetch-Site": "same-site",
        "User-Agent": "Mozilla/5.0 (X11; Linux x86_64) AppleWebKit/537.36 (KHTML, like Gecko) HeadlessChrome/103.0.5058.0 Safari/537.36",
        "x-ms-client-request-id": "b2149b24-925c-4b6c-88b0-1315a8ae5124",
        "x-ms-useragent": "azsdk-js-keyvault-secrets/4.6.1 core-rest-pipeline/1.9.3 OS/Linuxx86_64"
      },
      "RequestBody": null,
      "StatusCode": 401,
      "ResponseHeaders": {
        "Cache-Control": "no-cache",
        "Content-Length": "97",
        "Content-Type": "application/json; charset=utf-8",
        "Date": "Wed, 12 Oct 2022 23:34:53 GMT",
        "Expires": "-1",
        "Pragma": "no-cache",
        "Strict-Transport-Security": "max-age=31536000;includeSubDomains",
        "WWW-Authenticate": "Bearer authorization=\u0022https://login.windows.net/12345678-1234-1234-1234-123456789012\u0022, resource=\u0022https://vault.azure.net\u0022",
        "X-Content-Type-Options": "nosniff",
        "x-ms-client-request-id": "b2149b24-925c-4b6c-88b0-1315a8ae5124",
        "x-ms-keyvault-network-info": "conn_type=Ipv4;addr=167.220.77.94;act_addr_fam=InterNetwork;",
        "x-ms-keyvault-region": "westus",
        "x-ms-keyvault-service-version": "1.9.538.1",
        "x-ms-request-id": "b7e8c46a-b7d2-49df-bd3e-bc4f0a5f669e"
      },
      "ResponseBody": {
        "error": {
          "code": "Unauthorized",
          "message": "AKV10000: Request is missing a Bearer or PoP token."
        }
      }
    },
    {
      "RequestUri": "https://keyvault_name.vault.azure.net/secrets/listSecretName-canlistdeletedsecretsbypage-0?api-version=7.3",
      "RequestMethod": "PUT",
      "RequestHeaders": {
        "Accept": "application/json",
        "Accept-Encoding": "gzip, deflate, br",
        "Accept-Language": "en-US",
        "Authorization": "Sanitized",
        "Connection": "keep-alive",
        "Content-Length": "31",
        "Content-Type": "application/json",
        "Referer": "http://localhost:9330/",
        "sec-ch-ua": "",
        "sec-ch-ua-mobile": "?0",
        "sec-ch-ua-platform": "",
        "Sec-Fetch-Dest": "empty",
        "Sec-Fetch-Mode": "cors",
        "Sec-Fetch-Site": "same-site",
        "User-Agent": "Mozilla/5.0 (X11; Linux x86_64) AppleWebKit/537.36 (KHTML, like Gecko) HeadlessChrome/103.0.5058.0 Safari/537.36",
        "x-ms-client-request-id": "b2149b24-925c-4b6c-88b0-1315a8ae5124",
        "x-ms-useragent": "azsdk-js-keyvault-secrets/4.6.1 core-rest-pipeline/1.9.3 OS/Linuxx86_64"
      },
      "RequestBody": {
        "value": "RSA",
        "attributes": {}
      },
      "StatusCode": 200,
      "ResponseHeaders": {
        "Cache-Control": "no-cache",
        "Content-Length": "288",
        "Content-Type": "application/json; charset=utf-8",
        "Date": "Wed, 12 Oct 2022 23:34:53 GMT",
        "Expires": "-1",
        "Pragma": "no-cache",
        "Strict-Transport-Security": "max-age=31536000;includeSubDomains",
        "X-Content-Type-Options": "nosniff",
        "x-ms-client-request-id": "b2149b24-925c-4b6c-88b0-1315a8ae5124",
        "x-ms-keyvault-network-info": "conn_type=Ipv4;addr=167.220.77.94;act_addr_fam=InterNetwork;",
        "x-ms-keyvault-rbac-assignment-id": "5196b96b-f6a1-5fd7-b398-8b892aef065a",
        "x-ms-keyvault-rbac-cache": "ra_age=920;da_age=7994;rd_age=7994;brd_age=18884;ra_notif_age=1354;dec_lev=1;",
        "x-ms-keyvault-region": "westus",
        "x-ms-keyvault-service-version": "1.9.538.1",
        "x-ms-request-id": "2cfaa82e-f22c-4679-829a-6fef307ad3f0"
      },
      "ResponseBody": {
        "value": "RSA",
        "id": "https://keyvault_name.vault.azure.net/secrets/listSecretName-canlistdeletedsecretsbypage-0/190d6f2c568c40e2ba25f888b41db4a0",
        "attributes": {
          "enabled": true,
          "created": 1665617693,
          "updated": 1665617693,
          "recoveryLevel": "CustomizedRecoverable\u002BPurgeable",
          "recoverableDays": 7
        }
      }
    },
    {
      "RequestUri": "https://keyvault_name.vault.azure.net/secrets/listSecretName-canlistdeletedsecretsbypage-1?api-version=7.3",
      "RequestMethod": "PUT",
      "RequestHeaders": {
        "Accept": "application/json",
        "Accept-Encoding": "gzip, deflate, br",
        "Accept-Language": "en-US",
        "Authorization": "Sanitized",
        "Connection": "keep-alive",
        "Content-Length": "31",
        "Content-Type": "application/json",
        "Referer": "http://localhost:9330/",
        "sec-ch-ua": "",
        "sec-ch-ua-mobile": "?0",
        "sec-ch-ua-platform": "",
        "Sec-Fetch-Dest": "empty",
        "Sec-Fetch-Mode": "cors",
        "Sec-Fetch-Site": "same-site",
        "User-Agent": "Mozilla/5.0 (X11; Linux x86_64) AppleWebKit/537.36 (KHTML, like Gecko) HeadlessChrome/103.0.5058.0 Safari/537.36",
        "x-ms-client-request-id": "dafa5905-9ee3-44d9-9239-6e4561d23ac9",
        "x-ms-useragent": "azsdk-js-keyvault-secrets/4.6.1 core-rest-pipeline/1.9.3 OS/Linuxx86_64"
      },
      "RequestBody": {
        "value": "RSA",
        "attributes": {}
      },
      "StatusCode": 200,
      "ResponseHeaders": {
        "Cache-Control": "no-cache",
        "Content-Length": "288",
        "Content-Type": "application/json; charset=utf-8",
        "Date": "Wed, 12 Oct 2022 23:34:54 GMT",
        "Expires": "-1",
        "Pragma": "no-cache",
        "Strict-Transport-Security": "max-age=31536000;includeSubDomains",
        "X-Content-Type-Options": "nosniff",
        "x-ms-client-request-id": "dafa5905-9ee3-44d9-9239-6e4561d23ac9",
        "x-ms-keyvault-network-info": "conn_type=Ipv4;addr=167.220.77.94;act_addr_fam=InterNetwork;",
        "x-ms-keyvault-rbac-assignment-id": "5196b96b-f6a1-5fd7-b398-8b892aef065a",
        "x-ms-keyvault-rbac-cache": "ra_age=920;da_age=7994;rd_age=7994;brd_age=18884;ra_notif_age=1354;dec_lev=1;",
        "x-ms-keyvault-region": "westus",
        "x-ms-keyvault-service-version": "1.9.538.1",
        "x-ms-request-id": "29cc9115-b923-40de-b453-112f42c0cf30"
      },
      "ResponseBody": {
        "value": "RSA",
        "id": "https://keyvault_name.vault.azure.net/secrets/listSecretName-canlistdeletedsecretsbypage-1/be39684c21a142dabbd152b9bb4463ab",
        "attributes": {
          "enabled": true,
          "created": 1665617694,
          "updated": 1665617694,
          "recoveryLevel": "CustomizedRecoverable\u002BPurgeable",
          "recoverableDays": 7
        }
      }
    },
    {
      "RequestUri": "https://keyvault_name.vault.azure.net/secrets/listSecretName-canlistdeletedsecretsbypage-0?api-version=7.3",
      "RequestMethod": "DELETE",
      "RequestHeaders": {
        "Accept": "application/json",
        "Accept-Encoding": "gzip, deflate, br",
        "Accept-Language": "en-US",
        "Authorization": "Sanitized",
        "Connection": "keep-alive",
        "Referer": "http://localhost:9330/",
        "sec-ch-ua": "",
        "sec-ch-ua-mobile": "?0",
        "sec-ch-ua-platform": "",
        "Sec-Fetch-Dest": "empty",
        "Sec-Fetch-Mode": "cors",
        "Sec-Fetch-Site": "same-site",
        "User-Agent": "Mozilla/5.0 (X11; Linux x86_64) AppleWebKit/537.36 (KHTML, like Gecko) HeadlessChrome/103.0.5058.0 Safari/537.36",
        "x-ms-client-request-id": "6c64f79b-6d15-4408-9293-4acdb0ec217b",
        "x-ms-useragent": "azsdk-js-keyvault-secrets/4.6.1 core-rest-pipeline/1.9.3 OS/Linuxx86_64"
      },
      "RequestBody": null,
      "StatusCode": 200,
      "ResponseHeaders": {
        "Cache-Control": "no-cache",
        "Content-Length": "444",
        "Content-Type": "application/json; charset=utf-8",
        "Date": "Wed, 12 Oct 2022 23:34:54 GMT",
        "Expires": "-1",
        "Pragma": "no-cache",
        "Strict-Transport-Security": "max-age=31536000;includeSubDomains",
        "X-Content-Type-Options": "nosniff",
        "x-ms-client-request-id": "6c64f79b-6d15-4408-9293-4acdb0ec217b",
        "x-ms-keyvault-network-info": "conn_type=Ipv4;addr=167.220.77.94;act_addr_fam=InterNetwork;",
        "x-ms-keyvault-rbac-assignment-id": "5196b96b-f6a1-5fd7-b398-8b892aef065a",
        "x-ms-keyvault-rbac-cache": "ra_age=920;da_age=7994;rd_age=7994;brd_age=18884;ra_notif_age=1354;dec_lev=1;",
        "x-ms-keyvault-region": "westus",
        "x-ms-keyvault-service-version": "1.9.538.1",
        "x-ms-request-id": "1883ec93-a156-4ebc-a277-cf048f6b549d"
      },
      "ResponseBody": {
        "recoveryId": "https://keyvault_name.vault.azure.net/deletedsecrets/listSecretName-canlistdeletedsecretsbypage-0",
        "deletedDate": 1665617694,
        "scheduledPurgeDate": 1666222494,
        "id": "https://keyvault_name.vault.azure.net/secrets/listSecretName-canlistdeletedsecretsbypage-0/190d6f2c568c40e2ba25f888b41db4a0",
        "attributes": {
          "enabled": true,
          "created": 1665617693,
          "updated": 1665617693,
          "recoveryLevel": "CustomizedRecoverable\u002BPurgeable",
          "recoverableDays": 7
        }
      }
    },
    {
      "RequestUri": "https://keyvault_name.vault.azure.net/deletedsecrets/listSecretName-canlistdeletedsecretsbypage-0?api-version=7.3",
      "RequestMethod": "GET",
      "RequestHeaders": {
        "Accept": "application/json",
        "Accept-Encoding": "gzip, deflate, br",
        "Accept-Language": "en-US",
        "Authorization": "Sanitized",
        "Connection": "keep-alive",
        "Referer": "http://localhost:9330/",
        "sec-ch-ua": "",
        "sec-ch-ua-mobile": "?0",
        "sec-ch-ua-platform": "",
        "Sec-Fetch-Dest": "empty",
        "Sec-Fetch-Mode": "cors",
        "Sec-Fetch-Site": "same-site",
        "User-Agent": "Mozilla/5.0 (X11; Linux x86_64) AppleWebKit/537.36 (KHTML, like Gecko) HeadlessChrome/103.0.5058.0 Safari/537.36",
        "x-ms-client-request-id": "94c46902-cadd-4ad2-ba94-a5566a0a15bc",
        "x-ms-useragent": "azsdk-js-keyvault-secrets/4.6.1 core-rest-pipeline/1.9.3 OS/Linuxx86_64"
      },
      "RequestBody": null,
      "StatusCode": 404,
      "ResponseHeaders": {
        "Cache-Control": "no-cache",
        "Content-Length": "118",
        "Content-Type": "application/json; charset=utf-8",
        "Date": "Wed, 12 Oct 2022 23:34:54 GMT",
        "Expires": "-1",
        "Pragma": "no-cache",
        "Strict-Transport-Security": "max-age=31536000;includeSubDomains",
        "X-Content-Type-Options": "nosniff",
        "x-ms-client-request-id": "94c46902-cadd-4ad2-ba94-a5566a0a15bc",
        "x-ms-keyvault-network-info": "conn_type=Ipv4;addr=167.220.77.94;act_addr_fam=InterNetwork;",
        "x-ms-keyvault-rbac-assignment-id": "5196b96b-f6a1-5fd7-b398-8b892aef065a",
        "x-ms-keyvault-rbac-cache": "ra_age=920;da_age=7994;rd_age=7994;brd_age=18884;ra_notif_age=1354;dec_lev=1;",
        "x-ms-keyvault-region": "westus",
        "x-ms-keyvault-service-version": "1.9.538.1",
        "x-ms-request-id": "c37d3df2-03d7-40b7-bb99-5d127b9cbcff"
      },
      "ResponseBody": {
        "error": {
          "code": "SecretNotFound",
          "message": "Deleted Secret not found: listSecretName-canlistdeletedsecretsbypage-0"
        }
      }
    },
    {
      "RequestUri": "https://keyvault_name.vault.azure.net/deletedsecrets/listSecretName-canlistdeletedsecretsbypage-0?api-version=7.3",
      "RequestMethod": "GET",
      "RequestHeaders": {
        "Accept": "application/json",
        "Accept-Encoding": "gzip, deflate, br",
        "Accept-Language": "en-US",
        "Authorization": "Sanitized",
        "Connection": "keep-alive",
        "Referer": "http://localhost:9330/",
        "sec-ch-ua": "",
        "sec-ch-ua-mobile": "?0",
        "sec-ch-ua-platform": "",
        "Sec-Fetch-Dest": "empty",
        "Sec-Fetch-Mode": "cors",
        "Sec-Fetch-Site": "same-site",
        "User-Agent": "Mozilla/5.0 (X11; Linux x86_64) AppleWebKit/537.36 (KHTML, like Gecko) HeadlessChrome/103.0.5058.0 Safari/537.36",
        "x-ms-client-request-id": "a35703e9-1e1b-429a-9187-1ee496b92a4f",
        "x-ms-useragent": "azsdk-js-keyvault-secrets/4.6.1 core-rest-pipeline/1.9.3 OS/Linuxx86_64"
      },
      "RequestBody": null,
      "StatusCode": 404,
      "ResponseHeaders": {
        "Cache-Control": "no-cache",
        "Content-Length": "118",
        "Content-Type": "application/json; charset=utf-8",
        "Date": "Wed, 12 Oct 2022 23:34:54 GMT",
        "Expires": "-1",
        "Pragma": "no-cache",
        "Strict-Transport-Security": "max-age=31536000;includeSubDomains",
        "X-Content-Type-Options": "nosniff",
        "x-ms-client-request-id": "a35703e9-1e1b-429a-9187-1ee496b92a4f",
        "x-ms-keyvault-network-info": "conn_type=Ipv4;addr=167.220.77.94;act_addr_fam=InterNetwork;",
        "x-ms-keyvault-rbac-assignment-id": "5196b96b-f6a1-5fd7-b398-8b892aef065a",
        "x-ms-keyvault-rbac-cache": "ra_age=920;da_age=7995;rd_age=7995;brd_age=18884;ra_notif_age=1354;dec_lev=0;",
        "x-ms-keyvault-region": "westus",
        "x-ms-keyvault-service-version": "1.9.538.1",
        "x-ms-request-id": "cdde1a63-b5fa-481a-b635-aad59c4b101d"
      },
      "ResponseBody": {
        "error": {
          "code": "SecretNotFound",
          "message": "Deleted Secret not found: listSecretName-canlistdeletedsecretsbypage-0"
        }
      }
    },
    {
      "RequestUri": "https://keyvault_name.vault.azure.net/deletedsecrets/listSecretName-canlistdeletedsecretsbypage-0?api-version=7.3",
      "RequestMethod": "GET",
      "RequestHeaders": {
        "Accept": "application/json",
        "Accept-Encoding": "gzip, deflate, br",
        "Accept-Language": "en-US",
        "Authorization": "Sanitized",
        "Connection": "keep-alive",
        "Referer": "http://localhost:9330/",
        "sec-ch-ua": "",
        "sec-ch-ua-mobile": "?0",
        "sec-ch-ua-platform": "",
        "Sec-Fetch-Dest": "empty",
        "Sec-Fetch-Mode": "cors",
        "Sec-Fetch-Site": "same-site",
        "User-Agent": "Mozilla/5.0 (X11; Linux x86_64) AppleWebKit/537.36 (KHTML, like Gecko) HeadlessChrome/103.0.5058.0 Safari/537.36",
        "x-ms-client-request-id": "79872c2c-3f07-4e5d-8a16-1c3f6d2c2c33",
        "x-ms-useragent": "azsdk-js-keyvault-secrets/4.6.1 core-rest-pipeline/1.9.3 OS/Linuxx86_64"
      },
      "RequestBody": null,
      "StatusCode": 200,
      "ResponseHeaders": {
        "Cache-Control": "no-cache",
        "Content-Length": "444",
        "Content-Type": "application/json; charset=utf-8",
        "Date": "Wed, 12 Oct 2022 23:34:59 GMT",
        "Expires": "-1",
        "Pragma": "no-cache",
        "Strict-Transport-Security": "max-age=31536000;includeSubDomains",
        "X-Content-Type-Options": "nosniff",
        "x-ms-client-request-id": "79872c2c-3f07-4e5d-8a16-1c3f6d2c2c33",
        "x-ms-keyvault-network-info": "conn_type=Ipv4;addr=167.220.77.94;act_addr_fam=InterNetwork;",
        "x-ms-keyvault-rbac-assignment-id": "5196b96b-f6a1-5fd7-b398-8b892aef065a",
        "x-ms-keyvault-rbac-cache": "ra_age=925;da_age=8000;rd_age=8000;brd_age=18889;ra_notif_age=1359;dec_lev=0;",
        "x-ms-keyvault-region": "westus",
        "x-ms-keyvault-service-version": "1.9.538.1",
        "x-ms-request-id": "789c1746-4f56-4f4f-aaaf-f21ef86ff892"
      },
      "ResponseBody": {
        "recoveryId": "https://keyvault_name.vault.azure.net/deletedsecrets/listSecretName-canlistdeletedsecretsbypage-0",
        "deletedDate": 1665617694,
        "scheduledPurgeDate": 1666222494,
        "id": "https://keyvault_name.vault.azure.net/secrets/listSecretName-canlistdeletedsecretsbypage-0/190d6f2c568c40e2ba25f888b41db4a0",
        "attributes": {
          "enabled": true,
          "created": 1665617693,
          "updated": 1665617693,
          "recoveryLevel": "CustomizedRecoverable\u002BPurgeable",
          "recoverableDays": 7
        }
      }
    },
    {
      "RequestUri": "https://keyvault_name.vault.azure.net/secrets/listSecretName-canlistdeletedsecretsbypage-1?api-version=7.3",
      "RequestMethod": "DELETE",
      "RequestHeaders": {
        "Accept": "application/json",
        "Accept-Encoding": "gzip, deflate, br",
        "Accept-Language": "en-US",
        "Authorization": "Sanitized",
        "Connection": "keep-alive",
        "Referer": "http://localhost:9330/",
        "sec-ch-ua": "",
        "sec-ch-ua-mobile": "?0",
        "sec-ch-ua-platform": "",
        "Sec-Fetch-Dest": "empty",
        "Sec-Fetch-Mode": "cors",
        "Sec-Fetch-Site": "same-site",
        "User-Agent": "Mozilla/5.0 (X11; Linux x86_64) AppleWebKit/537.36 (KHTML, like Gecko) HeadlessChrome/103.0.5058.0 Safari/537.36",
        "x-ms-client-request-id": "197bd855-b46a-4fb0-9968-fa5be510bf49",
        "x-ms-useragent": "azsdk-js-keyvault-secrets/4.6.1 core-rest-pipeline/1.9.3 OS/Linuxx86_64"
      },
      "RequestBody": null,
      "StatusCode": 200,
      "ResponseHeaders": {
        "Cache-Control": "no-cache",
        "Content-Length": "444",
        "Content-Type": "application/json; charset=utf-8",
        "Date": "Wed, 12 Oct 2022 23:34:59 GMT",
        "Expires": "-1",
        "Pragma": "no-cache",
        "Strict-Transport-Security": "max-age=31536000;includeSubDomains",
        "X-Content-Type-Options": "nosniff",
        "x-ms-client-request-id": "197bd855-b46a-4fb0-9968-fa5be510bf49",
        "x-ms-keyvault-network-info": "conn_type=Ipv4;addr=167.220.77.94;act_addr_fam=InterNetwork;",
        "x-ms-keyvault-rbac-assignment-id": "5196b96b-f6a1-5fd7-b398-8b892aef065a",
        "x-ms-keyvault-rbac-cache": "ra_age=925;da_age=8000;rd_age=8000;brd_age=18889;ra_notif_age=1359;dec_lev=1;",
        "x-ms-keyvault-region": "westus",
        "x-ms-keyvault-service-version": "1.9.538.1",
        "x-ms-request-id": "b81f4ce5-0227-41d8-afae-d688a06c4426"
      },
      "ResponseBody": {
        "recoveryId": "https://keyvault_name.vault.azure.net/deletedsecrets/listSecretName-canlistdeletedsecretsbypage-1",
        "deletedDate": 1665617699,
        "scheduledPurgeDate": 1666222499,
        "id": "https://keyvault_name.vault.azure.net/secrets/listSecretName-canlistdeletedsecretsbypage-1/be39684c21a142dabbd152b9bb4463ab",
        "attributes": {
          "enabled": true,
          "created": 1665617694,
          "updated": 1665617694,
          "recoveryLevel": "CustomizedRecoverable\u002BPurgeable",
          "recoverableDays": 7
        }
      }
    },
    {
      "RequestUri": "https://keyvault_name.vault.azure.net/deletedsecrets/listSecretName-canlistdeletedsecretsbypage-1?api-version=7.3",
      "RequestMethod": "GET",
      "RequestHeaders": {
        "Accept": "application/json",
        "Accept-Encoding": "gzip, deflate, br",
        "Accept-Language": "en-US",
        "Authorization": "Sanitized",
        "Connection": "keep-alive",
        "Referer": "http://localhost:9330/",
        "sec-ch-ua": "",
        "sec-ch-ua-mobile": "?0",
        "sec-ch-ua-platform": "",
        "Sec-Fetch-Dest": "empty",
        "Sec-Fetch-Mode": "cors",
        "Sec-Fetch-Site": "same-site",
        "User-Agent": "Mozilla/5.0 (X11; Linux x86_64) AppleWebKit/537.36 (KHTML, like Gecko) HeadlessChrome/103.0.5058.0 Safari/537.36",
        "x-ms-client-request-id": "f48eb8d7-ec8b-4b84-9573-e406109ced34",
        "x-ms-useragent": "azsdk-js-keyvault-secrets/4.6.1 core-rest-pipeline/1.9.3 OS/Linuxx86_64"
      },
      "RequestBody": null,
      "StatusCode": 404,
      "ResponseHeaders": {
        "Cache-Control": "no-cache",
        "Content-Length": "118",
        "Content-Type": "application/json; charset=utf-8",
        "Date": "Wed, 12 Oct 2022 23:34:59 GMT",
        "Expires": "-1",
        "Pragma": "no-cache",
        "Strict-Transport-Security": "max-age=31536000;includeSubDomains",
        "X-Content-Type-Options": "nosniff",
        "x-ms-client-request-id": "f48eb8d7-ec8b-4b84-9573-e406109ced34",
        "x-ms-keyvault-network-info": "conn_type=Ipv4;addr=167.220.77.94;act_addr_fam=InterNetwork;",
        "x-ms-keyvault-rbac-assignment-id": "5196b96b-f6a1-5fd7-b398-8b892aef065a",
        "x-ms-keyvault-rbac-cache": "ra_age=925;da_age=8000;rd_age=8000;brd_age=18890;ra_notif_age=1360;dec_lev=1;",
        "x-ms-keyvault-region": "westus",
        "x-ms-keyvault-service-version": "1.9.538.1",
        "x-ms-request-id": "1a3682d0-b9f6-4c9a-9fc9-5e8de140c8d6"
      },
      "ResponseBody": {
        "error": {
          "code": "SecretNotFound",
          "message": "Deleted Secret not found: listSecretName-canlistdeletedsecretsbypage-1"
        }
      }
    },
    {
      "RequestUri": "https://keyvault_name.vault.azure.net/deletedsecrets/listSecretName-canlistdeletedsecretsbypage-1?api-version=7.3",
      "RequestMethod": "GET",
      "RequestHeaders": {
        "Accept": "application/json",
        "Accept-Encoding": "gzip, deflate, br",
        "Accept-Language": "en-US",
        "Authorization": "Sanitized",
        "Connection": "keep-alive",
        "Referer": "http://localhost:9330/",
        "sec-ch-ua": "",
        "sec-ch-ua-mobile": "?0",
        "sec-ch-ua-platform": "",
        "Sec-Fetch-Dest": "empty",
        "Sec-Fetch-Mode": "cors",
        "Sec-Fetch-Site": "same-site",
        "User-Agent": "Mozilla/5.0 (X11; Linux x86_64) AppleWebKit/537.36 (KHTML, like Gecko) HeadlessChrome/103.0.5058.0 Safari/537.36",
        "x-ms-client-request-id": "107d6211-d33d-4481-baa9-92099fae13fe",
        "x-ms-useragent": "azsdk-js-keyvault-secrets/4.6.1 core-rest-pipeline/1.9.3 OS/Linuxx86_64"
      },
      "RequestBody": null,
      "StatusCode": 404,
      "ResponseHeaders": {
        "Cache-Control": "no-cache",
        "Content-Length": "118",
        "Content-Type": "application/json; charset=utf-8",
        "Date": "Wed, 12 Oct 2022 23:34:59 GMT",
        "Expires": "-1",
        "Pragma": "no-cache",
        "Strict-Transport-Security": "max-age=31536000;includeSubDomains",
        "X-Content-Type-Options": "nosniff",
        "x-ms-client-request-id": "107d6211-d33d-4481-baa9-92099fae13fe",
        "x-ms-keyvault-network-info": "conn_type=Ipv4;addr=167.220.77.94;act_addr_fam=InterNetwork;",
        "x-ms-keyvault-rbac-assignment-id": "5196b96b-f6a1-5fd7-b398-8b892aef065a",
        "x-ms-keyvault-rbac-cache": "ra_age=926;da_age=8000;rd_age=8000;brd_age=18890;ra_notif_age=1360;dec_lev=0;",
        "x-ms-keyvault-region": "westus",
        "x-ms-keyvault-service-version": "1.9.538.1",
        "x-ms-request-id": "8cd5f799-de1d-46b3-8444-f73547105621"
      },
      "ResponseBody": {
        "error": {
          "code": "SecretNotFound",
          "message": "Deleted Secret not found: listSecretName-canlistdeletedsecretsbypage-1"
        }
      }
    },
    {
      "RequestUri": "https://keyvault_name.vault.azure.net/deletedsecrets/listSecretName-canlistdeletedsecretsbypage-1?api-version=7.3",
      "RequestMethod": "GET",
      "RequestHeaders": {
        "Accept": "application/json",
        "Accept-Encoding": "gzip, deflate, br",
        "Accept-Language": "en-US",
        "Authorization": "Sanitized",
        "Connection": "keep-alive",
        "Referer": "http://localhost:9330/",
        "sec-ch-ua": "",
        "sec-ch-ua-mobile": "?0",
        "sec-ch-ua-platform": "",
        "Sec-Fetch-Dest": "empty",
        "Sec-Fetch-Mode": "cors",
        "Sec-Fetch-Site": "same-site",
        "User-Agent": "Mozilla/5.0 (X11; Linux x86_64) AppleWebKit/537.36 (KHTML, like Gecko) HeadlessChrome/103.0.5058.0 Safari/537.36",
        "x-ms-client-request-id": "62d1628b-d153-4d8c-96e2-9d7c8349148f",
        "x-ms-useragent": "azsdk-js-keyvault-secrets/4.6.1 core-rest-pipeline/1.9.3 OS/Linuxx86_64"
      },
      "RequestBody": null,
      "StatusCode": 200,
      "ResponseHeaders": {
        "Cache-Control": "no-cache",
        "Content-Length": "444",
        "Content-Type": "application/json; charset=utf-8",
        "Date": "Wed, 12 Oct 2022 23:35:04 GMT",
        "Expires": "-1",
        "Pragma": "no-cache",
        "Strict-Transport-Security": "max-age=31536000;includeSubDomains",
        "X-Content-Type-Options": "nosniff",
        "x-ms-client-request-id": "62d1628b-d153-4d8c-96e2-9d7c8349148f",
        "x-ms-keyvault-network-info": "conn_type=Ipv4;addr=167.220.77.94;act_addr_fam=InterNetwork;",
        "x-ms-keyvault-rbac-assignment-id": "5196b96b-f6a1-5fd7-b398-8b892aef065a",
        "x-ms-keyvault-rbac-cache": "ra_age=931;da_age=8005;rd_age=8005;brd_age=18895;ra_notif_age=1365;dec_lev=0;",
        "x-ms-keyvault-region": "westus",
        "x-ms-keyvault-service-version": "1.9.538.1",
        "x-ms-request-id": "426808d3-e561-45b5-987a-20ab8add098e"
      },
      "ResponseBody": {
        "recoveryId": "https://keyvault_name.vault.azure.net/deletedsecrets/listSecretName-canlistdeletedsecretsbypage-1",
        "deletedDate": 1665617699,
        "scheduledPurgeDate": 1666222499,
        "id": "https://keyvault_name.vault.azure.net/secrets/listSecretName-canlistdeletedsecretsbypage-1/be39684c21a142dabbd152b9bb4463ab",
        "attributes": {
          "enabled": true,
          "created": 1665617694,
          "updated": 1665617694,
          "recoveryLevel": "CustomizedRecoverable\u002BPurgeable",
          "recoverableDays": 7
        }
      }
    },
    {
      "RequestUri": "https://keyvault_name.vault.azure.net/deletedsecrets?api-version=7.3\u0026maxresults=1",
      "RequestMethod": "GET",
      "RequestHeaders": {
        "Accept": "application/json",
        "Accept-Encoding": "gzip, deflate, br",
        "Accept-Language": "en-US",
        "Authorization": "Sanitized",
        "Connection": "keep-alive",
        "Referer": "http://localhost:9330/",
        "sec-ch-ua": "",
        "sec-ch-ua-mobile": "?0",
        "sec-ch-ua-platform": "",
        "Sec-Fetch-Dest": "empty",
        "Sec-Fetch-Mode": "cors",
        "Sec-Fetch-Site": "same-site",
        "User-Agent": "Mozilla/5.0 (X11; Linux x86_64) AppleWebKit/537.36 (KHTML, like Gecko) HeadlessChrome/103.0.5058.0 Safari/537.36",
        "x-ms-client-request-id": "000db500-c8bd-49f0-85ef-529cf67402ae",
        "x-ms-useragent": "azsdk-js-keyvault-secrets/4.6.1 core-rest-pipeline/1.9.3 OS/Linuxx86_64"
      },
      "RequestBody": null,
      "StatusCode": 200,
      "ResponseHeaders": {
        "Cache-Control": "no-cache",
        "Content-Length": "854",
        "Content-Type": "application/json; charset=utf-8",
        "Date": "Wed, 12 Oct 2022 23:35:04 GMT",
        "Expires": "-1",
        "Pragma": "no-cache",
        "Strict-Transport-Security": "max-age=31536000;includeSubDomains",
        "X-Content-Type-Options": "nosniff",
        "x-ms-client-request-id": "000db500-c8bd-49f0-85ef-529cf67402ae",
        "x-ms-keyvault-network-info": "conn_type=Ipv4;addr=167.220.77.94;act_addr_fam=InterNetwork;",
        "x-ms-keyvault-rbac-assignment-id": "5196b96b-f6a1-5fd7-b398-8b892aef065a",
        "x-ms-keyvault-rbac-cache": "ra_age=931;da_age=8005;rd_age=8005;brd_age=18895;ra_notif_age=1365;dec_lev=0;",
        "x-ms-keyvault-region": "westus",
        "x-ms-keyvault-service-version": "1.9.538.1",
        "x-ms-request-id": "73a2289b-c03a-4378-9594-24772c85dc20"
      },
      "ResponseBody": {
        "value": [
          {
            "recoveryId": "https://keyvault_name.vault.azure.net/deletedsecrets/listSecretName-canlistdeletedsecrets-6177271068897190",
            "deletedDate": 1665617680,
            "scheduledPurgeDate": 1666222480,
            "id": "https://keyvault_name.vault.azure.net/secrets/listSecretName-canlistdeletedsecrets-6177271068897190",
            "attributes": {
              "enabled": true,
              "created": 1665617680,
              "updated": 1665617680,
              "recoveryLevel": "CustomizedRecoverable\u002BPurgeable",
              "recoverableDays": 7
            }
          }
        ],
        "nextLink": "https://keyvault_name.vault.azure.net:443/deletedsecrets?api-version=7.3\u0026$skiptoken=eyJOZXh0TWFya2VyIjoiMiExODQhTURBd01Ea3pJWE5sWTNKbGRDOU1TVk5VVTBWRFVrVlVUa0ZOUlMxRFFVNU1TVk5VUkVWTVJWUkZSRk5GUTFKRlZGTXROakUzTnpJM01UQTJPRGc1TnpFNU1DODFPRGhDUWtJME9UZ3lNREEwUkRVd1FVRXhOelU1UTBSRU1VTTJOemxGTVNFd01EQXdNamdoT1RrNU9TMHhNaTB6TVZReU16bzFPVG8xT1M0NU9UazVPVGs1V2lFLSIsIlRhcmdldExvY2F0aW9uIjowfQ\u0026maxresults=1"
      }
    },
    {
      "RequestUri": "https://keyvault_name.vault.azure.net/deletedsecrets?api-version=7.3\u0026$skiptoken=eyJOZXh0TWFya2VyIjoiMiExODQhTURBd01Ea3pJWE5sWTNKbGRDOU1TVk5VVTBWRFVrVlVUa0ZOUlMxRFFVNU1TVk5VUkVWTVJWUkZSRk5GUTFKRlZGTXROakUzTnpJM01UQTJPRGc1TnpFNU1DODFPRGhDUWtJME9UZ3lNREEwUkRVd1FVRXhOelU1UTBSRU1VTTJOemxGTVNFd01EQXdNamdoT1RrNU9TMHhNaTB6TVZReU16bzFPVG8xT1M0NU9UazVPVGs1V2lFLSIsIlRhcmdldExvY2F0aW9uIjowfQ\u0026maxresults=1",
      "RequestMethod": "GET",
      "RequestHeaders": {
        "Accept": "application/json",
        "Accept-Encoding": "gzip, deflate, br",
        "Accept-Language": "en-US",
        "Authorization": "Sanitized",
        "Connection": "keep-alive",
        "Referer": "http://localhost:9330/",
        "sec-ch-ua": "",
        "sec-ch-ua-mobile": "?0",
        "sec-ch-ua-platform": "",
        "Sec-Fetch-Dest": "empty",
        "Sec-Fetch-Mode": "cors",
        "Sec-Fetch-Site": "same-site",
        "User-Agent": "Mozilla/5.0 (X11; Linux x86_64) AppleWebKit/537.36 (KHTML, like Gecko) HeadlessChrome/103.0.5058.0 Safari/537.36",
        "x-ms-client-request-id": "cfe46990-53c1-4ad3-930d-785e9a806d46",
        "x-ms-useragent": "azsdk-js-keyvault-secrets/4.6.1 core-rest-pipeline/1.9.3 OS/Linuxx86_64"
      },
      "RequestBody": null,
      "StatusCode": 200,
      "ResponseHeaders": {
        "Cache-Control": "no-cache",
        "Content-Length": "366",
        "Content-Type": "application/json; charset=utf-8",
        "Date": "Wed, 12 Oct 2022 23:35:04 GMT",
        "Expires": "-1",
        "Pragma": "no-cache",
        "Strict-Transport-Security": "max-age=31536000;includeSubDomains",
        "X-Content-Type-Options": "nosniff",
        "x-ms-client-request-id": "cfe46990-53c1-4ad3-930d-785e9a806d46",
        "x-ms-keyvault-network-info": "conn_type=Ipv4;addr=167.220.77.94;act_addr_fam=InterNetwork;",
        "x-ms-keyvault-rbac-assignment-id": "5196b96b-f6a1-5fd7-b398-8b892aef065a",
        "x-ms-keyvault-rbac-cache": "ra_age=931;da_age=8005;rd_age=8005;brd_age=18895;ra_notif_age=1365;dec_lev=0;",
        "x-ms-keyvault-region": "westus",
        "x-ms-keyvault-service-version": "1.9.538.1",
        "x-ms-request-id": "6324bdfb-d492-46f2-8bf6-a7730ab628f0"
      },
      "ResponseBody": {
        "value": [],
        "nextLink": "https://keyvault_name.vault.azure.net:443/deletedsecrets?api-version=7.3\u0026$skiptoken=eyJOZXh0TWFya2VyIjoiMiExNDAhTURBd01EWXdJWE5sWTNKbGRDOU1TVk5VVTBWRFVrVlVUa0ZOUlMxRFFVNU1TVk5VUkVWTVJWUkZSRk5GUTFKRlZGTXROakUzTnpJM01UQTJPRGc1TnpFNU1TRXdNREF3TWpnaE9UazVPUzB4TWkwek1WUXlNem8xT1RvMU9TNDVPVGs1T1RrNVdpRS0iLCJUYXJnZXRMb2NhdGlvbiI6MH0\u0026maxresults=1"
      }
    },
    {
      "RequestUri": "https://keyvault_name.vault.azure.net/deletedsecrets?api-version=7.3\u0026$skiptoken=eyJOZXh0TWFya2VyIjoiMiExNDAhTURBd01EWXdJWE5sWTNKbGRDOU1TVk5VVTBWRFVrVlVUa0ZOUlMxRFFVNU1TVk5VUkVWTVJWUkZSRk5GUTFKRlZGTXROakUzTnpJM01UQTJPRGc1TnpFNU1TRXdNREF3TWpnaE9UazVPUzB4TWkwek1WUXlNem8xT1RvMU9TNDVPVGs1T1RrNVdpRS0iLCJUYXJnZXRMb2NhdGlvbiI6MH0\u0026maxresults=1",
      "RequestMethod": "GET",
      "RequestHeaders": {
        "Accept": "application/json",
        "Accept-Encoding": "gzip, deflate, br",
        "Accept-Language": "en-US",
        "Authorization": "Sanitized",
        "Connection": "keep-alive",
        "Referer": "http://localhost:9330/",
        "sec-ch-ua": "",
        "sec-ch-ua-mobile": "?0",
        "sec-ch-ua-platform": "",
        "Sec-Fetch-Dest": "empty",
        "Sec-Fetch-Mode": "cors",
        "Sec-Fetch-Site": "same-site",
        "User-Agent": "Mozilla/5.0 (X11; Linux x86_64) AppleWebKit/537.36 (KHTML, like Gecko) HeadlessChrome/103.0.5058.0 Safari/537.36",
        "x-ms-client-request-id": "b926db0c-10bb-42d4-b04c-20297718a0a2",
        "x-ms-useragent": "azsdk-js-keyvault-secrets/4.6.1 core-rest-pipeline/1.9.3 OS/Linuxx86_64"
      },
      "RequestBody": null,
      "StatusCode": 200,
      "ResponseHeaders": {
        "Cache-Control": "no-cache",
        "Content-Length": "854",
        "Content-Type": "application/json; charset=utf-8",
        "Date": "Wed, 12 Oct 2022 23:35:04 GMT",
        "Expires": "-1",
        "Pragma": "no-cache",
        "Strict-Transport-Security": "max-age=31536000;includeSubDomains",
        "X-Content-Type-Options": "nosniff",
        "x-ms-client-request-id": "b926db0c-10bb-42d4-b04c-20297718a0a2",
        "x-ms-keyvault-network-info": "conn_type=Ipv4;addr=167.220.77.94;act_addr_fam=InterNetwork;",
        "x-ms-keyvault-rbac-assignment-id": "5196b96b-f6a1-5fd7-b398-8b892aef065a",
        "x-ms-keyvault-rbac-cache": "ra_age=931;da_age=8005;rd_age=8005;brd_age=18895;ra_notif_age=1365;dec_lev=0;",
        "x-ms-keyvault-region": "westus",
        "x-ms-keyvault-service-version": "1.9.538.1",
        "x-ms-request-id": "dafc026e-a4d4-4d45-829f-b54587cb6d50"
      },
      "ResponseBody": {
        "value": [
          {
            "recoveryId": "https://keyvault_name.vault.azure.net/deletedsecrets/listSecretName-canlistdeletedsecrets-6177271068897191",
            "deletedDate": 1665617685,
            "scheduledPurgeDate": 1666222485,
            "id": "https://keyvault_name.vault.azure.net/secrets/listSecretName-canlistdeletedsecrets-6177271068897191",
            "attributes": {
              "enabled": true,
              "created": 1665617680,
              "updated": 1665617680,
              "recoveryLevel": "CustomizedRecoverable\u002BPurgeable",
              "recoverableDays": 7
            }
          }
        ],
        "nextLink": "https://keyvault_name.vault.azure.net:443/deletedsecrets?api-version=7.3\u0026$skiptoken=eyJOZXh0TWFya2VyIjoiMiExODQhTURBd01Ea3pJWE5sWTNKbGRDOU1TVk5VVTBWRFVrVlVUa0ZOUlMxRFFVNU1TVk5VUkVWTVJWUkZSRk5GUTFKRlZGTXROakUzTnpJM01UQTJPRGc1TnpFNU1TODBOa0U0UVRGRU9UZzFOamMwTlRjM1FVTTRORGRDUmtaRk1EZENSVEZDUVNFd01EQXdNamdoT1RrNU9TMHhNaTB6TVZReU16bzFPVG8xT1M0NU9UazVPVGs1V2lFLSIsIlRhcmdldExvY2F0aW9uIjowfQ\u0026maxresults=1"
      }
    },
    {
      "RequestUri": "https://keyvault_name.vault.azure.net/deletedsecrets?api-version=7.3\u0026$skiptoken=eyJOZXh0TWFya2VyIjoiMiExODQhTURBd01Ea3pJWE5sWTNKbGRDOU1TVk5VVTBWRFVrVlVUa0ZOUlMxRFFVNU1TVk5VUkVWTVJWUkZSRk5GUTFKRlZGTXROakUzTnpJM01UQTJPRGc1TnpFNU1TODBOa0U0UVRGRU9UZzFOamMwTlRjM1FVTTRORGRDUmtaRk1EZENSVEZDUVNFd01EQXdNamdoT1RrNU9TMHhNaTB6TVZReU16bzFPVG8xT1M0NU9UazVPVGs1V2lFLSIsIlRhcmdldExvY2F0aW9uIjowfQ\u0026maxresults=1",
      "RequestMethod": "GET",
      "RequestHeaders": {
        "Accept": "application/json",
        "Accept-Encoding": "gzip, deflate, br",
        "Accept-Language": "en-US",
        "Authorization": "Sanitized",
        "Connection": "keep-alive",
        "Referer": "http://localhost:9330/",
        "sec-ch-ua": "",
        "sec-ch-ua-mobile": "?0",
        "sec-ch-ua-platform": "",
        "Sec-Fetch-Dest": "empty",
        "Sec-Fetch-Mode": "cors",
        "Sec-Fetch-Site": "same-site",
        "User-Agent": "Mozilla/5.0 (X11; Linux x86_64) AppleWebKit/537.36 (KHTML, like Gecko) HeadlessChrome/103.0.5058.0 Safari/537.36",
        "x-ms-client-request-id": "a460794d-4986-4017-a7da-801f0a8397af",
        "x-ms-useragent": "azsdk-js-keyvault-secrets/4.6.1 core-rest-pipeline/1.9.3 OS/Linuxx86_64"
      },
      "RequestBody": null,
      "StatusCode": 200,
      "ResponseHeaders": {
        "Cache-Control": "no-cache",
        "Content-Length": "382",
        "Content-Type": "application/json; charset=utf-8",
        "Date": "Wed, 12 Oct 2022 23:35:04 GMT",
        "Expires": "-1",
        "Pragma": "no-cache",
        "Strict-Transport-Security": "max-age=31536000;includeSubDomains",
        "X-Content-Type-Options": "nosniff",
        "x-ms-client-request-id": "a460794d-4986-4017-a7da-801f0a8397af",
        "x-ms-keyvault-network-info": "conn_type=Ipv4;addr=167.220.77.94;act_addr_fam=InterNetwork;",
        "x-ms-keyvault-rbac-assignment-id": "5196b96b-f6a1-5fd7-b398-8b892aef065a",
        "x-ms-keyvault-rbac-cache": "ra_age=931;da_age=8005;rd_age=8005;brd_age=18895;ra_notif_age=1365;dec_lev=0;",
        "x-ms-keyvault-region": "westus",
        "x-ms-keyvault-service-version": "1.9.538.1",
        "x-ms-request-id": "a708dc8b-306f-480c-8b3d-607b806616fb"
      },
      "ResponseBody": {
        "value": [],
        "nextLink": "https://keyvault_name.vault.azure.net:443/deletedsecrets?api-version=7.3\u0026$skiptoken=eyJOZXh0TWFya2VyIjoiMiExNTIhTURBd01EWTRJWE5sWTNKbGRDOU1TVk5VVTBWRFVrVlVUa0ZOUlMxRFFVNU1TVk5VUkVWTVJWUkZSRk5GUTFKRlZGTkNXVkJCUjBVdE1URTVOelkzT1RFMU5UTXhOakV6TlRrd0lUQXdNREF5T0NFNU9UazVMVEV5TFRNeFZESXpPalU1T2pVNUxqazVPVGs1T1RsYUlRLS0iLCJUYXJnZXRMb2NhdGlvbiI6MH0\u0026maxresults=1"
      }
    },
    {
      "RequestUri": "https://keyvault_name.vault.azure.net/deletedsecrets?api-version=7.3\u0026$skiptoken=eyJOZXh0TWFya2VyIjoiMiExNTIhTURBd01EWTRJWE5sWTNKbGRDOU1TVk5VVTBWRFVrVlVUa0ZOUlMxRFFVNU1TVk5VUkVWTVJWUkZSRk5GUTFKRlZGTkNXVkJCUjBVdE1URTVOelkzT1RFMU5UTXhOakV6TlRrd0lUQXdNREF5T0NFNU9UazVMVEV5TFRNeFZESXpPalU1T2pVNUxqazVPVGs1T1RsYUlRLS0iLCJUYXJnZXRMb2NhdGlvbiI6MH0\u0026maxresults=1",
      "RequestMethod": "GET",
      "RequestHeaders": {
        "Accept": "application/json",
        "Accept-Encoding": "gzip, deflate, br",
        "Accept-Language": "en-US",
        "Authorization": "Sanitized",
        "Connection": "keep-alive",
        "Referer": "http://localhost:9330/",
        "sec-ch-ua": "",
        "sec-ch-ua-mobile": "?0",
        "sec-ch-ua-platform": "",
        "Sec-Fetch-Dest": "empty",
        "Sec-Fetch-Mode": "cors",
        "Sec-Fetch-Site": "same-site",
        "User-Agent": "Mozilla/5.0 (X11; Linux x86_64) AppleWebKit/537.36 (KHTML, like Gecko) HeadlessChrome/103.0.5058.0 Safari/537.36",
        "x-ms-client-request-id": "cdffa0fa-ab08-4718-a316-2062856ea830",
        "x-ms-useragent": "azsdk-js-keyvault-secrets/4.6.1 core-rest-pipeline/1.9.3 OS/Linuxx86_64"
      },
      "RequestBody": null,
      "StatusCode": 200,
      "ResponseHeaders": {
        "Cache-Control": "no-cache",
        "Content-Length": "852",
        "Content-Type": "application/json; charset=utf-8",
        "Date": "Wed, 12 Oct 2022 23:35:04 GMT",
        "Expires": "-1",
        "Pragma": "no-cache",
        "Strict-Transport-Security": "max-age=31536000;includeSubDomains",
        "X-Content-Type-Options": "nosniff",
        "x-ms-client-request-id": "cdffa0fa-ab08-4718-a316-2062856ea830",
        "x-ms-keyvault-network-info": "conn_type=Ipv4;addr=167.220.77.94;act_addr_fam=InterNetwork;",
        "x-ms-keyvault-rbac-assignment-id": "5196b96b-f6a1-5fd7-b398-8b892aef065a",
        "x-ms-keyvault-rbac-cache": "ra_age=931;da_age=8005;rd_age=8005;brd_age=18895;ra_notif_age=1365;dec_lev=0;",
        "x-ms-keyvault-region": "westus",
        "x-ms-keyvault-service-version": "1.9.538.1",
        "x-ms-request-id": "90a36648-ac85-411c-82ec-831e9d3cea0f"
      },
      "ResponseBody": {
        "value": [
          {
            "recoveryId": "https://keyvault_name.vault.azure.net/deletedsecrets/listSecretName-canlistdeletedsecretsbypage-0",
            "deletedDate": 1665617694,
            "scheduledPurgeDate": 1666222494,
            "id": "https://keyvault_name.vault.azure.net/secrets/listSecretName-canlistdeletedsecretsbypage-0",
            "attributes": {
              "enabled": true,
              "created": 1665617693,
              "updated": 1665617693,
              "recoveryLevel": "CustomizedRecoverable\u002BPurgeable",
              "recoverableDays": 7
            }
          }
        ],
        "nextLink": "https://keyvault_name.vault.azure.net:443/deletedsecrets?api-version=7.3\u0026$skiptoken=eyJOZXh0TWFya2VyIjoiMiExOTYhTURBd01UQXhJWE5sWTNKbGRDOU1TVk5VVTBWRFVrVlVUa0ZOUlMxRFFVNU1TVk5VUkVWTVJWUkZSRk5GUTFKRlZGTkNXVkJCUjBVdE1URTVOelkzT1RFMU5UTXhOakV6TlRrd0x6RTVNRVEyUmpKRE5UWTRRelF3UlRKQ1FUSTFSamc0T0VJME1VUkNORUV3SVRBd01EQXlPQ0U1T1RrNUxURXlMVE14VkRJek9qVTVPalU1TGprNU9UazVPVGxhSVEtLSIsIlRhcmdldExvY2F0aW9uIjowfQ\u0026maxresults=1"
      }
    },
    {
      "RequestUri": "https://keyvault_name.vault.azure.net/deletedsecrets?api-version=7.3\u0026$skiptoken=eyJOZXh0TWFya2VyIjoiMiExOTYhTURBd01UQXhJWE5sWTNKbGRDOU1TVk5VVTBWRFVrVlVUa0ZOUlMxRFFVNU1TVk5VUkVWTVJWUkZSRk5GUTFKRlZGTkNXVkJCUjBVdE1URTVOelkzT1RFMU5UTXhOakV6TlRrd0x6RTVNRVEyUmpKRE5UWTRRelF3UlRKQ1FUSTFSamc0T0VJME1VUkNORUV3SVRBd01EQXlPQ0U1T1RrNUxURXlMVE14VkRJek9qVTVPalU1TGprNU9UazVPVGxhSVEtLSIsIlRhcmdldExvY2F0aW9uIjowfQ\u0026maxresults=1",
      "RequestMethod": "GET",
      "RequestHeaders": {
        "Accept": "application/json",
        "Accept-Encoding": "gzip, deflate, br",
        "Accept-Language": "en-US",
        "Authorization": "Sanitized",
        "Connection": "keep-alive",
        "Referer": "http://localhost:9330/",
        "sec-ch-ua": "",
        "sec-ch-ua-mobile": "?0",
        "sec-ch-ua-platform": "",
        "Sec-Fetch-Dest": "empty",
        "Sec-Fetch-Mode": "cors",
        "Sec-Fetch-Site": "same-site",
        "User-Agent": "Mozilla/5.0 (X11; Linux x86_64) AppleWebKit/537.36 (KHTML, like Gecko) HeadlessChrome/103.0.5058.0 Safari/537.36",
        "x-ms-client-request-id": "889fa77f-9218-4cc2-995f-a8d869b0b086",
        "x-ms-useragent": "azsdk-js-keyvault-secrets/4.6.1 core-rest-pipeline/1.9.3 OS/Linuxx86_64"
      },
      "RequestBody": null,
      "StatusCode": 200,
      "ResponseHeaders": {
        "Cache-Control": "no-cache",
        "Content-Length": "382",
        "Content-Type": "application/json; charset=utf-8",
        "Date": "Wed, 12 Oct 2022 23:35:04 GMT",
        "Expires": "-1",
        "Pragma": "no-cache",
        "Strict-Transport-Security": "max-age=31536000;includeSubDomains",
        "X-Content-Type-Options": "nosniff",
        "x-ms-client-request-id": "889fa77f-9218-4cc2-995f-a8d869b0b086",
        "x-ms-keyvault-network-info": "conn_type=Ipv4;addr=167.220.77.94;act_addr_fam=InterNetwork;",
        "x-ms-keyvault-rbac-assignment-id": "5196b96b-f6a1-5fd7-b398-8b892aef065a",
        "x-ms-keyvault-rbac-cache": "ra_age=931;da_age=8005;rd_age=8005;brd_age=18895;ra_notif_age=1365;dec_lev=0;",
        "x-ms-keyvault-region": "westus",
        "x-ms-keyvault-service-version": "1.9.538.1",
        "x-ms-request-id": "ae267d92-c52c-42f5-86fc-1966b4e077ad"
      },
      "ResponseBody": {
        "value": [],
        "nextLink": "https://keyvault_name.vault.azure.net:443/deletedsecrets?api-version=7.3\u0026$skiptoken=eyJOZXh0TWFya2VyIjoiMiExNTIhTURBd01EWTRJWE5sWTNKbGRDOU1TVk5VVTBWRFVrVlVUa0ZOUlMxRFFVNU1TVk5VUkVWTVJWUkZSRk5GUTFKRlZGTkNXVkJCUjBVdE1URTVOelkzT1RFMU5UTXhOakV6TlRreElUQXdNREF5T0NFNU9UazVMVEV5TFRNeFZESXpPalU1T2pVNUxqazVPVGs1T1RsYUlRLS0iLCJUYXJnZXRMb2NhdGlvbiI6MH0\u0026maxresults=1"
      }
    },
    {
      "RequestUri": "https://keyvault_name.vault.azure.net/deletedsecrets?api-version=7.3\u0026$skiptoken=eyJOZXh0TWFya2VyIjoiMiExNTIhTURBd01EWTRJWE5sWTNKbGRDOU1TVk5VVTBWRFVrVlVUa0ZOUlMxRFFVNU1TVk5VUkVWTVJWUkZSRk5GUTFKRlZGTkNXVkJCUjBVdE1URTVOelkzT1RFMU5UTXhOakV6TlRreElUQXdNREF5T0NFNU9UazVMVEV5TFRNeFZESXpPalU1T2pVNUxqazVPVGs1T1RsYUlRLS0iLCJUYXJnZXRMb2NhdGlvbiI6MH0\u0026maxresults=1",
      "RequestMethod": "GET",
      "RequestHeaders": {
        "Accept": "application/json",
        "Accept-Encoding": "gzip, deflate, br",
        "Accept-Language": "en-US",
        "Authorization": "Sanitized",
        "Connection": "keep-alive",
        "Referer": "http://localhost:9330/",
        "sec-ch-ua": "",
        "sec-ch-ua-mobile": "?0",
        "sec-ch-ua-platform": "",
        "Sec-Fetch-Dest": "empty",
        "Sec-Fetch-Mode": "cors",
        "Sec-Fetch-Site": "same-site",
        "User-Agent": "Mozilla/5.0 (X11; Linux x86_64) AppleWebKit/537.36 (KHTML, like Gecko) HeadlessChrome/103.0.5058.0 Safari/537.36",
        "x-ms-client-request-id": "09853d93-7dbc-46e3-8480-0bb4fd62be6b",
        "x-ms-useragent": "azsdk-js-keyvault-secrets/4.6.1 core-rest-pipeline/1.9.3 OS/Linuxx86_64"
      },
      "RequestBody": null,
      "StatusCode": 200,
      "ResponseHeaders": {
        "Cache-Control": "no-cache",
        "Content-Length": "852",
        "Content-Type": "application/json; charset=utf-8",
        "Date": "Wed, 12 Oct 2022 23:35:05 GMT",
        "Expires": "-1",
        "Pragma": "no-cache",
        "Strict-Transport-Security": "max-age=31536000;includeSubDomains",
        "X-Content-Type-Options": "nosniff",
        "x-ms-client-request-id": "09853d93-7dbc-46e3-8480-0bb4fd62be6b",
        "x-ms-keyvault-network-info": "conn_type=Ipv4;addr=167.220.77.94;act_addr_fam=InterNetwork;",
        "x-ms-keyvault-rbac-assignment-id": "5196b96b-f6a1-5fd7-b398-8b892aef065a",
        "x-ms-keyvault-rbac-cache": "ra_age=931;da_age=8005;rd_age=8005;brd_age=18895;ra_notif_age=1365;dec_lev=0;",
        "x-ms-keyvault-region": "westus",
        "x-ms-keyvault-service-version": "1.9.538.1",
        "x-ms-request-id": "2d03a882-c3cb-4840-9272-59e3237dbc46"
      },
      "ResponseBody": {
        "value": [
          {
            "recoveryId": "https://keyvault_name.vault.azure.net/deletedsecrets/listSecretName-canlistdeletedsecretsbypage-1",
            "deletedDate": 1665617699,
            "scheduledPurgeDate": 1666222499,
            "id": "https://keyvault_name.vault.azure.net/secrets/listSecretName-canlistdeletedsecretsbypage-1",
            "attributes": {
              "enabled": true,
              "created": 1665617694,
              "updated": 1665617694,
              "recoveryLevel": "CustomizedRecoverable\u002BPurgeable",
              "recoverableDays": 7
            }
          }
        ],
        "nextLink": "https://keyvault_name.vault.azure.net:443/deletedsecrets?api-version=7.3\u0026$skiptoken=eyJOZXh0TWFya2VyIjoiMiExOTYhTURBd01UQXhJWE5sWTNKbGRDOU1TVk5VVTBWRFVrVlVUa0ZOUlMxRFFVNU1TVk5VUkVWTVJWUkZSRk5GUTFKRlZGTkNXVkJCUjBVdE1URTVOelkzT1RFMU5UTXhOakV6TlRreEwwSkZNemsyT0RSRE1qRkJNVFF5UkVGQ1FrUXhOVEpDT1VKQ05EUTJNMEZDSVRBd01EQXlPQ0U1T1RrNUxURXlMVE14VkRJek9qVTVPalU1TGprNU9UazVPVGxhSVEtLSIsIlRhcmdldExvY2F0aW9uIjowfQ\u0026maxresults=1"
      }
    },
    {
      "RequestUri": "https://keyvault_name.vault.azure.net/deletedsecrets?api-version=7.3\u0026$skiptoken=eyJOZXh0TWFya2VyIjoiMiExOTYhTURBd01UQXhJWE5sWTNKbGRDOU1TVk5VVTBWRFVrVlVUa0ZOUlMxRFFVNU1TVk5VUkVWTVJWUkZSRk5GUTFKRlZGTkNXVkJCUjBVdE1URTVOelkzT1RFMU5UTXhOakV6TlRreEwwSkZNemsyT0RSRE1qRkJNVFF5UkVGQ1FrUXhOVEpDT1VKQ05EUTJNMEZDSVRBd01EQXlPQ0U1T1RrNUxURXlMVE14VkRJek9qVTVPalU1TGprNU9UazVPVGxhSVEtLSIsIlRhcmdldExvY2F0aW9uIjowfQ\u0026maxresults=1",
      "RequestMethod": "GET",
      "RequestHeaders": {
        "Accept": "application/json",
        "Accept-Encoding": "gzip, deflate, br",
        "Accept-Language": "en-US",
        "Authorization": "Sanitized",
        "Connection": "keep-alive",
        "Referer": "http://localhost:9330/",
        "sec-ch-ua": "",
        "sec-ch-ua-mobile": "?0",
        "sec-ch-ua-platform": "",
        "Sec-Fetch-Dest": "empty",
        "Sec-Fetch-Mode": "cors",
        "Sec-Fetch-Site": "same-site",
        "User-Agent": "Mozilla/5.0 (X11; Linux x86_64) AppleWebKit/537.36 (KHTML, like Gecko) HeadlessChrome/103.0.5058.0 Safari/537.36",
        "x-ms-client-request-id": "b4f4817d-4557-400d-a70f-e40e4f545c66",
        "x-ms-useragent": "azsdk-js-keyvault-secrets/4.6.1 core-rest-pipeline/1.9.3 OS/Linuxx86_64"
      },
      "RequestBody": null,
      "StatusCode": 200,
      "ResponseHeaders": {
        "Cache-Control": "no-cache",
        "Content-Length": "371",
        "Content-Type": "application/json; charset=utf-8",
        "Date": "Wed, 12 Oct 2022 23:35:05 GMT",
        "Expires": "-1",
        "Pragma": "no-cache",
        "Strict-Transport-Security": "max-age=31536000;includeSubDomains",
        "X-Content-Type-Options": "nosniff",
        "x-ms-client-request-id": "b4f4817d-4557-400d-a70f-e40e4f545c66",
        "x-ms-keyvault-network-info": "conn_type=Ipv4;addr=167.220.77.94;act_addr_fam=InterNetwork;",
        "x-ms-keyvault-rbac-assignment-id": "5196b96b-f6a1-5fd7-b398-8b892aef065a",
        "x-ms-keyvault-rbac-cache": "ra_age=931;da_age=8005;rd_age=8005;brd_age=18895;ra_notif_age=1365;dec_lev=0;",
        "x-ms-keyvault-region": "westus",
        "x-ms-keyvault-service-version": "1.9.538.1",
        "x-ms-request-id": "4e73320f-3357-471a-b756-b255cb522351"
      },
      "ResponseBody": {
        "value": [],
        "nextLink": "https://keyvault_name.vault.azure.net:443/deletedsecrets?api-version=7.3\u0026$skiptoken=eyJOZXh0TWFya2VyIjoiMiExNDQhTURBd01EWTBJWE5sWTNKbGRDOU1TVk5VVTBWRFVrVlVUa0ZOUlMxRFFVNU1TVk5VVTBWRFVrVlVVRkpQVUVWU1ZFbEZVeTAwTVRZNE16Z3pNVE0yTVRnd05EZzBOakFoTURBd01ESTRJVGs1T1RrdE1USXRNekZVTWpNNk5UazZOVGt1T1RrNU9UazVPVm9oIiwiVGFyZ2V0TG9jYXRpb24iOjB9\u0026maxresults=1"
      }
    },
    {
      "RequestUri": "https://keyvault_name.vault.azure.net/deletedsecrets?api-version=7.3\u0026$skiptoken=eyJOZXh0TWFya2VyIjoiMiExNDQhTURBd01EWTBJWE5sWTNKbGRDOU1TVk5VVTBWRFVrVlVUa0ZOUlMxRFFVNU1TVk5VVTBWRFVrVlVVRkpQVUVWU1ZFbEZVeTAwTVRZNE16Z3pNVE0yTVRnd05EZzBOakFoTURBd01ESTRJVGs1T1RrdE1USXRNekZVTWpNNk5UazZOVGt1T1RrNU9UazVPVm9oIiwiVGFyZ2V0TG9jYXRpb24iOjB9\u0026maxresults=1",
      "RequestMethod": "GET",
      "RequestHeaders": {
        "Accept": "application/json",
        "Accept-Encoding": "gzip, deflate, br",
        "Accept-Language": "en-US",
        "Authorization": "Sanitized",
        "Connection": "keep-alive",
        "Referer": "http://localhost:9330/",
        "sec-ch-ua": "",
        "sec-ch-ua-mobile": "?0",
        "sec-ch-ua-platform": "",
        "Sec-Fetch-Dest": "empty",
        "Sec-Fetch-Mode": "cors",
        "Sec-Fetch-Site": "same-site",
        "User-Agent": "Mozilla/5.0 (X11; Linux x86_64) AppleWebKit/537.36 (KHTML, like Gecko) HeadlessChrome/103.0.5058.0 Safari/537.36",
        "x-ms-client-request-id": "0b0b54df-3843-4db3-950c-c15033d33e13",
        "x-ms-useragent": "azsdk-js-keyvault-secrets/4.6.1 core-rest-pipeline/1.9.3 OS/Linuxx86_64"
      },
      "RequestBody": null,
      "StatusCode": 200,
      "ResponseHeaders": {
        "Cache-Control": "no-cache",
        "Content-Length": "430",
        "Content-Type": "application/json; charset=utf-8",
        "Date": "Wed, 12 Oct 2022 23:35:05 GMT",
        "Expires": "-1",
        "Pragma": "no-cache",
        "Strict-Transport-Security": "max-age=31536000;includeSubDomains",
        "X-Content-Type-Options": "nosniff",
        "x-ms-client-request-id": "0b0b54df-3843-4db3-950c-c15033d33e13",
        "x-ms-keyvault-network-info": "conn_type=Ipv4;addr=167.220.77.94;act_addr_fam=InterNetwork;",
        "x-ms-keyvault-rbac-assignment-id": "5196b96b-f6a1-5fd7-b398-8b892aef065a",
        "x-ms-keyvault-rbac-cache": "ra_age=931;da_age=8005;rd_age=8005;brd_age=18895;ra_notif_age=1365;dec_lev=0;",
        "x-ms-keyvault-region": "westus",
        "x-ms-keyvault-service-version": "1.9.538.1",
        "x-ms-request-id": "333a3cc7-2f91-4d7a-bafb-bae7d740b5d1"
      },
      "ResponseBody": {
        "value": [],
        "nextLink": "https://keyvault_name.vault.azure.net:443/deletedsecrets?api-version=7.3\u0026$skiptoken=eyJOZXh0TWFya2VyIjoiMiExODghTURBd01EazNJWE5sWTNKbGRDOU1TVk5VVTBWRFVrVlVUa0ZOUlMxRFFVNU1TVk5VVTBWRFVrVlVVRkpQVUVWU1ZFbEZVeTAwTVRZNE16Z3pNVE0yTVRnd05EZzBOakF2TURVeU9EQTNOalF6TlRBME5FUkdNamxCTjBWQk1rWTBNalE0UWtJMFJEa2hNREF3TURJNElUazVPVGt0TVRJdE16RlVNak02TlRrNk5Ua3VPVGs1T1RrNU9Wb2giLCJUYXJnZXRMb2NhdGlvbiI6MH0\u0026maxresults=1"
      }
    },
    {
      "RequestUri": "https://keyvault_name.vault.azure.net/deletedsecrets?api-version=7.3\u0026$skiptoken=eyJOZXh0TWFya2VyIjoiMiExODghTURBd01EazNJWE5sWTNKbGRDOU1TVk5VVTBWRFVrVlVUa0ZOUlMxRFFVNU1TVk5VVTBWRFVrVlVVRkpQVUVWU1ZFbEZVeTAwTVRZNE16Z3pNVE0yTVRnd05EZzBOakF2TURVeU9EQTNOalF6TlRBME5FUkdNamxCTjBWQk1rWTBNalE0UWtJMFJEa2hNREF3TURJNElUazVPVGt0TVRJdE16RlVNak02TlRrNk5Ua3VPVGs1T1RrNU9Wb2giLCJUYXJnZXRMb2NhdGlvbiI6MH0\u0026maxresults=1",
      "RequestMethod": "GET",
      "RequestHeaders": {
        "Accept": "application/json",
        "Accept-Encoding": "gzip, deflate, br",
        "Accept-Language": "en-US",
        "Authorization": "Sanitized",
        "Connection": "keep-alive",
        "Referer": "http://localhost:9330/",
        "sec-ch-ua": "",
        "sec-ch-ua-mobile": "?0",
        "sec-ch-ua-platform": "",
        "Sec-Fetch-Dest": "empty",
        "Sec-Fetch-Mode": "cors",
        "Sec-Fetch-Site": "same-site",
        "User-Agent": "Mozilla/5.0 (X11; Linux x86_64) AppleWebKit/537.36 (KHTML, like Gecko) HeadlessChrome/103.0.5058.0 Safari/537.36",
        "x-ms-client-request-id": "f3f8b40b-dd5c-419c-b9d5-aa5c4589d5ae",
        "x-ms-useragent": "azsdk-js-keyvault-secrets/4.6.1 core-rest-pipeline/1.9.3 OS/Linuxx86_64"
      },
      "RequestBody": null,
      "StatusCode": 200,
      "ResponseHeaders": {
        "Cache-Control": "no-cache",
        "Content-Length": "371",
        "Content-Type": "application/json; charset=utf-8",
        "Date": "Wed, 12 Oct 2022 23:35:05 GMT",
        "Expires": "-1",
        "Pragma": "no-cache",
        "Strict-Transport-Security": "max-age=31536000;includeSubDomains",
        "X-Content-Type-Options": "nosniff",
        "x-ms-client-request-id": "f3f8b40b-dd5c-419c-b9d5-aa5c4589d5ae",
        "x-ms-keyvault-network-info": "conn_type=Ipv4;addr=167.220.77.94;act_addr_fam=InterNetwork;",
        "x-ms-keyvault-rbac-assignment-id": "5196b96b-f6a1-5fd7-b398-8b892aef065a",
        "x-ms-keyvault-rbac-cache": "ra_age=931;da_age=8005;rd_age=8005;brd_age=18895;ra_notif_age=1365;dec_lev=0;",
        "x-ms-keyvault-region": "westus",
        "x-ms-keyvault-service-version": "1.9.538.1",
        "x-ms-request-id": "536b6830-48e4-4176-a059-334bda5fe26d"
      },
      "ResponseBody": {
        "value": [],
        "nextLink": "https://keyvault_name.vault.azure.net:443/deletedsecrets?api-version=7.3\u0026$skiptoken=eyJOZXh0TWFya2VyIjoiMiExNDQhTURBd01EWTBJWE5sWTNKbGRDOU1TVk5VVTBWRFVrVlVUa0ZOUlMxRFFVNU1TVk5VVTBWRFVrVlVVRkpQVUVWU1ZFbEZVeTAwTVRZNE16Z3pNVE0yTVRnd05EZzBOakVoTURBd01ESTRJVGs1T1RrdE1USXRNekZVTWpNNk5UazZOVGt1T1RrNU9UazVPVm9oIiwiVGFyZ2V0TG9jYXRpb24iOjB9\u0026maxresults=1"
      }
    },
    {
      "RequestUri": "https://keyvault_name.vault.azure.net/deletedsecrets?api-version=7.3\u0026$skiptoken=eyJOZXh0TWFya2VyIjoiMiExNDQhTURBd01EWTBJWE5sWTNKbGRDOU1TVk5VVTBWRFVrVlVUa0ZOUlMxRFFVNU1TVk5VVTBWRFVrVlVVRkpQVUVWU1ZFbEZVeTAwTVRZNE16Z3pNVE0yTVRnd05EZzBOakVoTURBd01ESTRJVGs1T1RrdE1USXRNekZVTWpNNk5UazZOVGt1T1RrNU9UazVPVm9oIiwiVGFyZ2V0TG9jYXRpb24iOjB9\u0026maxresults=1",
      "RequestMethod": "GET",
      "RequestHeaders": {
        "Accept": "application/json",
        "Accept-Encoding": "gzip, deflate, br",
        "Accept-Language": "en-US",
        "Authorization": "Sanitized",
        "Connection": "keep-alive",
        "Referer": "http://localhost:9330/",
        "sec-ch-ua": "",
        "sec-ch-ua-mobile": "?0",
        "sec-ch-ua-platform": "",
        "Sec-Fetch-Dest": "empty",
        "Sec-Fetch-Mode": "cors",
        "Sec-Fetch-Site": "same-site",
        "User-Agent": "Mozilla/5.0 (X11; Linux x86_64) AppleWebKit/537.36 (KHTML, like Gecko) HeadlessChrome/103.0.5058.0 Safari/537.36",
        "x-ms-client-request-id": "dac28894-6f06-48b1-89dd-385b383b37f2",
        "x-ms-useragent": "azsdk-js-keyvault-secrets/4.6.1 core-rest-pipeline/1.9.3 OS/Linuxx86_64"
      },
      "RequestBody": null,
      "StatusCode": 200,
      "ResponseHeaders": {
        "Cache-Control": "no-cache",
        "Content-Length": "430",
        "Content-Type": "application/json; charset=utf-8",
        "Date": "Wed, 12 Oct 2022 23:35:05 GMT",
        "Expires": "-1",
        "Pragma": "no-cache",
        "Strict-Transport-Security": "max-age=31536000;includeSubDomains",
        "X-Content-Type-Options": "nosniff",
        "x-ms-client-request-id": "dac28894-6f06-48b1-89dd-385b383b37f2",
        "x-ms-keyvault-network-info": "conn_type=Ipv4;addr=167.220.77.94;act_addr_fam=InterNetwork;",
        "x-ms-keyvault-rbac-assignment-id": "5196b96b-f6a1-5fd7-b398-8b892aef065a",
        "x-ms-keyvault-rbac-cache": "ra_age=931;da_age=8005;rd_age=8005;brd_age=18895;ra_notif_age=1365;dec_lev=0;",
        "x-ms-keyvault-region": "westus",
        "x-ms-keyvault-service-version": "1.9.538.1",
        "x-ms-request-id": "575e247e-095f-489e-a2d2-e72d7e4c36ac"
      },
      "ResponseBody": {
        "value": [],
        "nextLink": "https://keyvault_name.vault.azure.net:443/deletedsecrets?api-version=7.3\u0026$skiptoken=eyJOZXh0TWFya2VyIjoiMiExODghTURBd01EazNJWE5sWTNKbGRDOU1TVk5VVTBWRFVrVlVUa0ZOUlMxRFFVNU1TVk5VVTBWRFVrVlVVRkpQVUVWU1ZFbEZVeTAwTVRZNE16Z3pNVE0yTVRnd05EZzBOakV2T0RoRVJETTRRak00T1RKQ05EUkZOemsxTmpBMU1qWXhOVU0yUmpBelFqTWhNREF3TURJNElUazVPVGt0TVRJdE16RlVNak02TlRrNk5Ua3VPVGs1T1RrNU9Wb2giLCJUYXJnZXRMb2NhdGlvbiI6MH0\u0026maxresults=1"
      }
    },
    {
      "RequestUri": "https://keyvault_name.vault.azure.net/deletedsecrets?api-version=7.3\u0026$skiptoken=eyJOZXh0TWFya2VyIjoiMiExODghTURBd01EazNJWE5sWTNKbGRDOU1TVk5VVTBWRFVrVlVUa0ZOUlMxRFFVNU1TVk5VVTBWRFVrVlVVRkpQVUVWU1ZFbEZVeTAwTVRZNE16Z3pNVE0yTVRnd05EZzBOakV2T0RoRVJETTRRak00T1RKQ05EUkZOemsxTmpBMU1qWXhOVU0yUmpBelFqTWhNREF3TURJNElUazVPVGt0TVRJdE16RlVNak02TlRrNk5Ua3VPVGs1T1RrNU9Wb2giLCJUYXJnZXRMb2NhdGlvbiI6MH0\u0026maxresults=1",
      "RequestMethod": "GET",
      "RequestHeaders": {
        "Accept": "application/json",
        "Accept-Encoding": "gzip, deflate, br",
        "Accept-Language": "en-US",
        "Authorization": "Sanitized",
        "Connection": "keep-alive",
        "Referer": "http://localhost:9330/",
        "sec-ch-ua": "",
        "sec-ch-ua-mobile": "?0",
        "sec-ch-ua-platform": "",
        "Sec-Fetch-Dest": "empty",
        "Sec-Fetch-Mode": "cors",
        "Sec-Fetch-Site": "same-site",
        "User-Agent": "Mozilla/5.0 (X11; Linux x86_64) AppleWebKit/537.36 (KHTML, like Gecko) HeadlessChrome/103.0.5058.0 Safari/537.36",
        "x-ms-client-request-id": "3ac57905-9556-46d2-8ae5-c5af8b8288cb",
        "x-ms-useragent": "azsdk-js-keyvault-secrets/4.6.1 core-rest-pipeline/1.9.3 OS/Linuxx86_64"
      },
      "RequestBody": null,
      "StatusCode": 200,
      "ResponseHeaders": {
        "Cache-Control": "no-cache",
        "Content-Length": "366",
        "Content-Type": "application/json; charset=utf-8",
        "Date": "Wed, 12 Oct 2022 23:35:05 GMT",
        "Expires": "-1",
        "Pragma": "no-cache",
        "Strict-Transport-Security": "max-age=31536000;includeSubDomains",
        "X-Content-Type-Options": "nosniff",
        "x-ms-client-request-id": "3ac57905-9556-46d2-8ae5-c5af8b8288cb",
        "x-ms-keyvault-network-info": "conn_type=Ipv4;addr=167.220.77.94;act_addr_fam=InterNetwork;",
        "x-ms-keyvault-rbac-assignment-id": "5196b96b-f6a1-5fd7-b398-8b892aef065a",
        "x-ms-keyvault-rbac-cache": "ra_age=931;da_age=8006;rd_age=8006;brd_age=18895;ra_notif_age=1365;dec_lev=0;",
        "x-ms-keyvault-region": "westus",
        "x-ms-keyvault-service-version": "1.9.538.1",
        "x-ms-request-id": "3e12b10b-01d3-4ae2-b792-8c7d22e32858"
      },
      "ResponseBody": {
        "value": [],
        "nextLink": "https://keyvault_name.vault.azure.net:443/deletedsecrets?api-version=7.3\u0026$skiptoken=eyJOZXh0TWFya2VyIjoiMiExNDAhTURBd01EWXdJWE5sWTNKbGRDOU1TVk5VVTBWRFVrVlVUa0ZOUlMxRFFVNU1TVk5VVTBWRFVrVlVVMEpaVUVGSFJTMDJNRFV5T0RjNE56RXhOelExTXpZME1DRXdNREF3TWpnaE9UazVPUzB4TWkwek1WUXlNem8xT1RvMU9TNDVPVGs1T1RrNVdpRS0iLCJUYXJnZXRMb2NhdGlvbiI6MH0\u0026maxresults=1"
      }
    },
    {
      "RequestUri": "https://keyvault_name.vault.azure.net/deletedsecrets?api-version=7.3\u0026$skiptoken=eyJOZXh0TWFya2VyIjoiMiExNDAhTURBd01EWXdJWE5sWTNKbGRDOU1TVk5VVTBWRFVrVlVUa0ZOUlMxRFFVNU1TVk5VVTBWRFVrVlVVMEpaVUVGSFJTMDJNRFV5T0RjNE56RXhOelExTXpZME1DRXdNREF3TWpnaE9UazVPUzB4TWkwek1WUXlNem8xT1RvMU9TNDVPVGs1T1RrNVdpRS0iLCJUYXJnZXRMb2NhdGlvbiI6MH0\u0026maxresults=1",
      "RequestMethod": "GET",
      "RequestHeaders": {
        "Accept": "application/json",
        "Accept-Encoding": "gzip, deflate, br",
        "Accept-Language": "en-US",
        "Authorization": "Sanitized",
        "Connection": "keep-alive",
        "Referer": "http://localhost:9330/",
        "sec-ch-ua": "",
        "sec-ch-ua-mobile": "?0",
        "sec-ch-ua-platform": "",
        "Sec-Fetch-Dest": "empty",
        "Sec-Fetch-Mode": "cors",
        "Sec-Fetch-Site": "same-site",
        "User-Agent": "Mozilla/5.0 (X11; Linux x86_64) AppleWebKit/537.36 (KHTML, like Gecko) HeadlessChrome/103.0.5058.0 Safari/537.36",
        "x-ms-client-request-id": "a3300dfe-f4f0-4c69-a055-85fd04ab600a",
        "x-ms-useragent": "azsdk-js-keyvault-secrets/4.6.1 core-rest-pipeline/1.9.3 OS/Linuxx86_64"
      },
      "RequestBody": null,
      "StatusCode": 200,
      "ResponseHeaders": {
        "Cache-Control": "no-cache",
        "Content-Length": "425",
        "Content-Type": "application/json; charset=utf-8",
        "Date": "Wed, 12 Oct 2022 23:35:05 GMT",
        "Expires": "-1",
        "Pragma": "no-cache",
        "Strict-Transport-Security": "max-age=31536000;includeSubDomains",
        "X-Content-Type-Options": "nosniff",
        "x-ms-client-request-id": "a3300dfe-f4f0-4c69-a055-85fd04ab600a",
        "x-ms-keyvault-network-info": "conn_type=Ipv4;addr=167.220.77.94;act_addr_fam=InterNetwork;",
        "x-ms-keyvault-rbac-assignment-id": "5196b96b-f6a1-5fd7-b398-8b892aef065a",
        "x-ms-keyvault-rbac-cache": "ra_age=931;da_age=8006;rd_age=8006;brd_age=18895;ra_notif_age=1365;dec_lev=0;",
        "x-ms-keyvault-region": "westus",
        "x-ms-keyvault-service-version": "1.9.538.1",
        "x-ms-request-id": "cadfb2cb-26f3-4e23-bbdf-6eefdfd8d069"
      },
      "ResponseBody": {
        "value": [],
        "nextLink": "https://keyvault_name.vault.azure.net:443/deletedsecrets?api-version=7.3\u0026$skiptoken=eyJOZXh0TWFya2VyIjoiMiExODQhTURBd01Ea3pJWE5sWTNKbGRDOU1TVk5VVTBWRFVrVlVUa0ZOUlMxRFFVNU1TVk5VVTBWRFVrVlVVMEpaVUVGSFJTMDJNRFV5T0RjNE56RXhOelExTXpZME1DOUdOakk1UkRZMU5UWXhPVFEwT0RZd09FVTBSRUl3UlVFME1UZzBRVGsxUkNFd01EQXdNamdoT1RrNU9TMHhNaTB6TVZReU16bzFPVG8xT1M0NU9UazVPVGs1V2lFLSIsIlRhcmdldExvY2F0aW9uIjowfQ\u0026maxresults=1"
      }
    },
    {
      "RequestUri": "https://keyvault_name.vault.azure.net/deletedsecrets?api-version=7.3\u0026$skiptoken=eyJOZXh0TWFya2VyIjoiMiExODQhTURBd01Ea3pJWE5sWTNKbGRDOU1TVk5VVTBWRFVrVlVUa0ZOUlMxRFFVNU1TVk5VVTBWRFVrVlVVMEpaVUVGSFJTMDJNRFV5T0RjNE56RXhOelExTXpZME1DOUdOakk1UkRZMU5UWXhPVFEwT0RZd09FVTBSRUl3UlVFME1UZzBRVGsxUkNFd01EQXdNamdoT1RrNU9TMHhNaTB6TVZReU16bzFPVG8xT1M0NU9UazVPVGs1V2lFLSIsIlRhcmdldExvY2F0aW9uIjowfQ\u0026maxresults=1",
      "RequestMethod": "GET",
      "RequestHeaders": {
        "Accept": "application/json",
        "Accept-Encoding": "gzip, deflate, br",
        "Accept-Language": "en-US",
        "Authorization": "Sanitized",
        "Connection": "keep-alive",
        "Referer": "http://localhost:9330/",
        "sec-ch-ua": "",
        "sec-ch-ua-mobile": "?0",
        "sec-ch-ua-platform": "",
        "Sec-Fetch-Dest": "empty",
        "Sec-Fetch-Mode": "cors",
        "Sec-Fetch-Site": "same-site",
        "User-Agent": "Mozilla/5.0 (X11; Linux x86_64) AppleWebKit/537.36 (KHTML, like Gecko) HeadlessChrome/103.0.5058.0 Safari/537.36",
        "x-ms-client-request-id": "d265788d-c0eb-4f37-9e5f-4c6767845289",
        "x-ms-useragent": "azsdk-js-keyvault-secrets/4.6.1 core-rest-pipeline/1.9.3 OS/Linuxx86_64"
      },
      "RequestBody": null,
      "StatusCode": 200,
      "ResponseHeaders": {
        "Cache-Control": "no-cache",
        "Content-Length": "366",
        "Content-Type": "application/json; charset=utf-8",
        "Date": "Wed, 12 Oct 2022 23:35:05 GMT",
        "Expires": "-1",
        "Pragma": "no-cache",
        "Strict-Transport-Security": "max-age=31536000;includeSubDomains",
        "X-Content-Type-Options": "nosniff",
        "x-ms-client-request-id": "d265788d-c0eb-4f37-9e5f-4c6767845289",
        "x-ms-keyvault-network-info": "conn_type=Ipv4;addr=167.220.77.94;act_addr_fam=InterNetwork;",
        "x-ms-keyvault-rbac-assignment-id": "5196b96b-f6a1-5fd7-b398-8b892aef065a",
        "x-ms-keyvault-rbac-cache": "ra_age=931;da_age=8006;rd_age=8006;brd_age=18896;ra_notif_age=1365;dec_lev=0;",
        "x-ms-keyvault-region": "westus",
        "x-ms-keyvault-service-version": "1.9.538.1",
        "x-ms-request-id": "8fc086e3-7351-4cdc-b4fc-404d396cb8ef"
      },
      "ResponseBody": {
        "value": [],
        "nextLink": "https://keyvault_name.vault.azure.net:443/deletedsecrets?api-version=7.3\u0026$skiptoken=eyJOZXh0TWFya2VyIjoiMiExNDAhTURBd01EWXdJWE5sWTNKbGRDOU1TVk5VVTBWRFVrVlVUa0ZOUlMxRFFVNU1TVk5VVTBWRFVrVlVVMEpaVUVGSFJTMDJNRFV5T0RjNE56RXhOelExTXpZME1TRXdNREF3TWpnaE9UazVPUzB4TWkwek1WUXlNem8xT1RvMU9TNDVPVGs1T1RrNVdpRS0iLCJUYXJnZXRMb2NhdGlvbiI6MH0\u0026maxresults=1"
      }
    },
    {
      "RequestUri": "https://keyvault_name.vault.azure.net/deletedsecrets?api-version=7.3\u0026$skiptoken=eyJOZXh0TWFya2VyIjoiMiExNDAhTURBd01EWXdJWE5sWTNKbGRDOU1TVk5VVTBWRFVrVlVUa0ZOUlMxRFFVNU1TVk5VVTBWRFVrVlVVMEpaVUVGSFJTMDJNRFV5T0RjNE56RXhOelExTXpZME1TRXdNREF3TWpnaE9UazVPUzB4TWkwek1WUXlNem8xT1RvMU9TNDVPVGs1T1RrNVdpRS0iLCJUYXJnZXRMb2NhdGlvbiI6MH0\u0026maxresults=1",
      "RequestMethod": "GET",
      "RequestHeaders": {
        "Accept": "application/json",
        "Accept-Encoding": "gzip, deflate, br",
        "Accept-Language": "en-US",
        "Authorization": "Sanitized",
        "Connection": "keep-alive",
        "Referer": "http://localhost:9330/",
        "sec-ch-ua": "",
        "sec-ch-ua-mobile": "?0",
        "sec-ch-ua-platform": "",
        "Sec-Fetch-Dest": "empty",
        "Sec-Fetch-Mode": "cors",
        "Sec-Fetch-Site": "same-site",
        "User-Agent": "Mozilla/5.0 (X11; Linux x86_64) AppleWebKit/537.36 (KHTML, like Gecko) HeadlessChrome/103.0.5058.0 Safari/537.36",
        "x-ms-client-request-id": "a6c75218-0640-48cc-be72-c318fee64f0c",
        "x-ms-useragent": "azsdk-js-keyvault-secrets/4.6.1 core-rest-pipeline/1.9.3 OS/Linuxx86_64"
      },
      "RequestBody": null,
      "StatusCode": 200,
      "ResponseHeaders": {
        "Cache-Control": "no-cache",
        "Content-Length": "425",
        "Content-Type": "application/json; charset=utf-8",
        "Date": "Wed, 12 Oct 2022 23:35:05 GMT",
        "Expires": "-1",
        "Pragma": "no-cache",
        "Strict-Transport-Security": "max-age=31536000;includeSubDomains",
        "X-Content-Type-Options": "nosniff",
        "x-ms-client-request-id": "a6c75218-0640-48cc-be72-c318fee64f0c",
        "x-ms-keyvault-network-info": "conn_type=Ipv4;addr=167.220.77.94;act_addr_fam=InterNetwork;",
        "x-ms-keyvault-rbac-assignment-id": "5196b96b-f6a1-5fd7-b398-8b892aef065a",
        "x-ms-keyvault-rbac-cache": "ra_age=931;da_age=8006;rd_age=8006;brd_age=18896;ra_notif_age=1366;dec_lev=0;",
        "x-ms-keyvault-region": "westus",
        "x-ms-keyvault-service-version": "1.9.538.1",
        "x-ms-request-id": "a2a49e51-4b21-40eb-ac8f-096bfbed273b"
      },
      "ResponseBody": {
        "value": [],
        "nextLink": "https://keyvault_name.vault.azure.net:443/deletedsecrets?api-version=7.3\u0026$skiptoken=eyJOZXh0TWFya2VyIjoiMiExODQhTURBd01Ea3pJWE5sWTNKbGRDOU1TVk5VVTBWRFVrVlVUa0ZOUlMxRFFVNU1TVk5VVTBWRFVrVlVVMEpaVUVGSFJTMDJNRFV5T0RjNE56RXhOelExTXpZME1TOUNPVVZHT1VVMk16SkJNMFEwT0VReVFUWTVSa1F4TnpBNE9FUTJRekF5TVNFd01EQXdNamdoT1RrNU9TMHhNaTB6TVZReU16bzFPVG8xT1M0NU9UazVPVGs1V2lFLSIsIlRhcmdldExvY2F0aW9uIjowfQ\u0026maxresults=1"
      }
    },
    {
      "RequestUri": "https://keyvault_name.vault.azure.net/deletedsecrets?api-version=7.3\u0026$skiptoken=eyJOZXh0TWFya2VyIjoiMiExODQhTURBd01Ea3pJWE5sWTNKbGRDOU1TVk5VVTBWRFVrVlVUa0ZOUlMxRFFVNU1TVk5VVTBWRFVrVlVVMEpaVUVGSFJTMDJNRFV5T0RjNE56RXhOelExTXpZME1TOUNPVVZHT1VVMk16SkJNMFEwT0VReVFUWTVSa1F4TnpBNE9FUTJRekF5TVNFd01EQXdNamdoT1RrNU9TMHhNaTB6TVZReU16bzFPVG8xT1M0NU9UazVPVGs1V2lFLSIsIlRhcmdldExvY2F0aW9uIjowfQ\u0026maxresults=1",
      "RequestMethod": "GET",
      "RequestHeaders": {
        "Accept": "application/json",
        "Accept-Encoding": "gzip, deflate, br",
        "Accept-Language": "en-US",
        "Authorization": "Sanitized",
        "Connection": "keep-alive",
        "Referer": "http://localhost:9330/",
        "sec-ch-ua": "",
        "sec-ch-ua-mobile": "?0",
        "sec-ch-ua-platform": "",
        "Sec-Fetch-Dest": "empty",
        "Sec-Fetch-Mode": "cors",
        "Sec-Fetch-Site": "same-site",
        "User-Agent": "Mozilla/5.0 (X11; Linux x86_64) AppleWebKit/537.36 (KHTML, like Gecko) HeadlessChrome/103.0.5058.0 Safari/537.36",
        "x-ms-client-request-id": "3f4d64cc-798c-4f6b-ae88-3ffb5acfcf45",
        "x-ms-useragent": "azsdk-js-keyvault-secrets/4.6.1 core-rest-pipeline/1.9.3 OS/Linuxx86_64"
      },
      "RequestBody": null,
      "StatusCode": 200,
      "ResponseHeaders": {
        "Cache-Control": "no-cache",
        "Content-Length": "28",
        "Content-Type": "application/json; charset=utf-8",
        "Date": "Wed, 12 Oct 2022 23:35:05 GMT",
        "Expires": "-1",
        "Pragma": "no-cache",
        "Strict-Transport-Security": "max-age=31536000;includeSubDomains",
        "X-Content-Type-Options": "nosniff",
        "x-ms-client-request-id": "3f4d64cc-798c-4f6b-ae88-3ffb5acfcf45",
        "x-ms-keyvault-network-info": "conn_type=Ipv4;addr=167.220.77.94;act_addr_fam=InterNetwork;",
        "x-ms-keyvault-rbac-assignment-id": "5196b96b-f6a1-5fd7-b398-8b892aef065a",
        "x-ms-keyvault-rbac-cache": "ra_age=932;da_age=8006;rd_age=8006;brd_age=18896;ra_notif_age=1366;dec_lev=0;",
        "x-ms-keyvault-region": "westus",
        "x-ms-keyvault-service-version": "1.9.538.1",
        "x-ms-request-id": "5580819f-0b82-4635-9a84-33b6e9ef70e6"
      },
      "ResponseBody": {
        "value": [],
        "nextLink": null
      }
    }
  ],
  "Variables": {}
}
