{
  "Entries": [
    {
      "RequestUri": "https://AZURE_DIGITALTWINS_URL.api.wcus.digitaltwins.azure.net/models/dtmi%3Asamples%3ADTRelationshipsTestsBuilding%3B1?api-version=2020-10-31",
      "RequestMethod": "DELETE",
      "RequestHeaders": {
        "Accept": "application/json",
        "Accept-Encoding": "gzip,deflate",
        "Authorization": "Sanitized",
        "Connection": "keep-alive",
        "User-Agent": "azsdk-js-digital-twins-core/2.0.0 core-rest-pipeline/1.10.1 Node/v16.18.0 OS/(x64-Linux-5.4.0-1098-azure)",
        "x-ms-client-request-id": "5812303f-788d-4e7f-8c19-3f9570fb5f45"
      },
      "RequestBody": null,
      "StatusCode": 404,
      "ResponseHeaders": {
        "Content-Length": "228",
        "Content-Type": "application/json; charset=utf-8",
        "Date": "Mon, 09 Jan 2023 23:21:42 GMT",
        "mise-correlation-id": "5bd5773c-3e6e-4035-bb33-ffd732b3a82a",
        "Strict-Transport-Security": "max-age=2592000",
        "traceresponse": "00-6ba8ea58389466c73c8346066534e14b-8ae67240c76c50cd-01"
      },
      "ResponseBody": {
        "error": {
          "code": "ModelNotFound",
          "message": "There is no Model(s) available that matches the provided id(s) dtmi:samples:DTRelationshipsTestsBuilding;1. Check that the Model ID provided is valid by doing a Model_List API call."
        }
      }
    },
    {
      "RequestUri": "https://AZURE_DIGITALTWINS_URL.api.wcus.digitaltwins.azure.net/models/dtmi%3Asamples%3ADTRelationshipsTestsFloor%3B1?api-version=2020-10-31",
      "RequestMethod": "DELETE",
      "RequestHeaders": {
        "Accept": "application/json",
        "Accept-Encoding": "gzip,deflate",
        "Authorization": "Sanitized",
        "Connection": "keep-alive",
        "User-Agent": "azsdk-js-digital-twins-core/2.0.0 core-rest-pipeline/1.10.1 Node/v16.18.0 OS/(x64-Linux-5.4.0-1098-azure)",
        "x-ms-client-request-id": "b5021fc1-c613-4188-8127-6f312f061b22"
      },
      "RequestBody": null,
      "StatusCode": 404,
      "ResponseHeaders": {
        "Content-Length": "225",
        "Content-Type": "application/json; charset=utf-8",
        "Date": "Mon, 09 Jan 2023 23:21:42 GMT",
        "mise-correlation-id": "866573d4-3b7f-4ae0-b361-99ef734538c0",
        "Strict-Transport-Security": "max-age=2592000",
        "traceresponse": "00-9633f38b863ef0487b00ef1a5d1ae257-af56a34c14dd9ff7-01"
      },
      "ResponseBody": {
        "error": {
          "code": "ModelNotFound",
          "message": "There is no Model(s) available that matches the provided id(s) dtmi:samples:DTRelationshipsTestsFloor;1. Check that the Model ID provided is valid by doing a Model_List API call."
        }
      }
    },
    {
      "RequestUri": "https://AZURE_DIGITALTWINS_URL.api.wcus.digitaltwins.azure.net/models/dtmi%3Asamples%3ADTRelationshipsTestsRoom%3B1?api-version=2020-10-31",
      "RequestMethod": "DELETE",
      "RequestHeaders": {
        "Accept": "application/json",
        "Accept-Encoding": "gzip,deflate",
        "Authorization": "Sanitized",
        "Connection": "keep-alive",
        "User-Agent": "azsdk-js-digital-twins-core/2.0.0 core-rest-pipeline/1.10.1 Node/v16.18.0 OS/(x64-Linux-5.4.0-1098-azure)",
        "x-ms-client-request-id": "1caa64dd-0c4b-4941-b090-5851629f0917"
      },
      "RequestBody": null,
      "StatusCode": 404,
      "ResponseHeaders": {
        "Content-Length": "224",
        "Content-Type": "application/json; charset=utf-8",
        "Date": "Mon, 09 Jan 2023 23:21:42 GMT",
        "mise-correlation-id": "fdd82613-be95-4bd4-9b63-178f898eb3c1",
        "Strict-Transport-Security": "max-age=2592000",
        "traceresponse": "00-55e9dd2c9cc824ed375ffa2a65eeaf6d-440f4550a4da84f8-01"
      },
      "ResponseBody": {
        "error": {
          "code": "ModelNotFound",
          "message": "There is no Model(s) available that matches the provided id(s) dtmi:samples:DTRelationshipsTestsRoom;1. Check that the Model ID provided is valid by doing a Model_List API call."
        }
      }
    },
    {
      "RequestUri": "https://AZURE_DIGITALTWINS_URL.api.wcus.digitaltwins.azure.net/models?api-version=2020-10-31",
      "RequestMethod": "POST",
      "RequestHeaders": {
        "Accept": "application/json",
        "Accept-Encoding": "gzip,deflate",
        "Authorization": "Sanitized",
        "Connection": "keep-alive",
        "Content-Length": "943",
        "Content-Type": "application/json",
        "User-Agent": "azsdk-js-digital-twins-core/2.0.0 core-rest-pipeline/1.10.1 Node/v16.18.0 OS/(x64-Linux-5.4.0-1098-azure)",
        "x-ms-client-request-id": "b5baebbc-9d28-4f1c-a951-01430c3e36ee"
      },
      "RequestBody": "[{\u0022@id\u0022:\u0022dtmi:samples:DTRelationshipsTestsBuilding;1\u0022,\u0022@type\u0022:\u0022Interface\u0022,\u0022@context\u0022:\u0022dtmi:dtdl:context;2\u0022,\u0022displayName\u0022:\u0022Building\u0022,\u0022contents\u0022:[{\u0022@type\u0022:\u0022Relationship\u0022,\u0022name\u0022:\u0022has\u0022,\u0022target\u0022:\u0022dtmi:samples:DTRelationshipsTestsFloor;1\u0022,\u0022properties\u0022:[{\u0022@type\u0022:\u0022Property\u0022,\u0022name\u0022:\u0022isAccessRestricted\u0022,\u0022schema\u0022:\u0022boolean\u0022}]},{\u0022@type\u0022:\u0022Property\u0022,\u0022name\u0022:\u0022AverageTemperature\u0022,\u0022schema\u0022:\u0022double\u0022}]},{\u0022@id\u0022:\u0022dtmi:samples:DTRelationshipsTestsFloor;1\u0022,\u0022@type\u0022:\u0022Interface\u0022,\u0022@context\u0022:\u0022dtmi:dtdl:context;2\u0022,\u0022displayName\u0022:\u0022Floor\u0022,\u0022contents\u0022:[{\u0022@type\u0022:\u0022Relationship\u0022,\u0022name\u0022:\u0022contains\u0022,\u0022target\u0022:\u0022dtmi:samples:DTRelationshipsTestsRoom;1\u0022},{\u0022@type\u0022:\u0022Property\u0022,\u0022name\u0022:\u0022AverageTemperature\u0022,\u0022schema\u0022:\u0022double\u0022}]},{\u0022@id\u0022:\u0022dtmi:samples:DTRelationshipsTestsRoom;1\u0022,\u0022@type\u0022:\u0022Interface\u0022,\u0022@context\u0022:\u0022dtmi:dtdl:context;2\u0022,\u0022displayName\u0022:\u0022Room\u0022,\u0022contents\u0022:[{\u0022@type\u0022:\u0022Property\u0022,\u0022name\u0022:\u0022Temperature\u0022,\u0022schema\u0022:\u0022double\u0022},{\u0022@type\u0022:\u0022Property\u0022,\u0022name\u0022:\u0022IsOccupied\u0022,\u0022schema\u0022:\u0022boolean\u0022}]}]",
      "StatusCode": 201,
      "ResponseHeaders": {
        "Content-Length": "509",
        "Content-Type": "application/json; charset=utf-8",
        "Date": "Mon, 09 Jan 2023 23:21:42 GMT",
        "mise-correlation-id": "5dcfa24c-6cd0-43fe-84cc-1ec18e4a3ca8",
        "Strict-Transport-Security": "max-age=2592000",
        "traceresponse": "00-ec9c3c1a6b37764f0bac4705cd4edf0d-4eb1164b977a7934-01"
      },
      "ResponseBody": "[{\u0022id\u0022:\u0022dtmi:samples:DTRelationshipsTestsBuilding;1\u0022,\u0022description\u0022:{},\u0022displayName\u0022:{\u0022en\u0022:\u0022Building\u0022},\u0022decommissioned\u0022:false,\u0022uploadTime\u0022:\u00222023-01-09T23:21:43.1872782\u002B00:00\u0022},{\u0022id\u0022:\u0022dtmi:samples:DTRelationshipsTestsFloor;1\u0022,\u0022description\u0022:{},\u0022displayName\u0022:{\u0022en\u0022:\u0022Floor\u0022},\u0022decommissioned\u0022:false,\u0022uploadTime\u0022:\u00222023-01-09T23:21:43.1873103\u002B00:00\u0022},{\u0022id\u0022:\u0022dtmi:samples:DTRelationshipsTestsRoom;1\u0022,\u0022description\u0022:{},\u0022displayName\u0022:{\u0022en\u0022:\u0022Room\u0022},\u0022decommissioned\u0022:false,\u0022uploadTime\u0022:\u00222023-01-09T23:21:43.1873224\u002B00:00\u0022}]"
    },
    {
      "RequestUri": "https://AZURE_DIGITALTWINS_URL.api.wcus.digitaltwins.azure.net/digitaltwins/DTRelationshipsTestsBuildingTwin?api-version=2020-10-31",
      "RequestMethod": "DELETE",
      "RequestHeaders": {
        "Accept": "application/json",
        "Accept-Encoding": "gzip,deflate",
        "Authorization": "Sanitized",
        "Connection": "keep-alive",
        "User-Agent": "azsdk-js-digital-twins-core/2.0.0 core-rest-pipeline/1.10.1 Node/v16.18.0 OS/(x64-Linux-5.4.0-1098-azure)",
        "x-ms-client-request-id": "5b820c0f-3609-4509-a66b-25f3ef3221a9"
      },
      "RequestBody": null,
      "StatusCode": 404,
      "ResponseHeaders": {
        "Content-Length": "286",
        "Content-Type": "application/json; charset=utf-8",
        "Date": "Mon, 09 Jan 2023 23:21:42 GMT",
        "mise-correlation-id": "9d71f242-320c-49a3-a21e-543d52b2fc34",
        "Strict-Transport-Security": "max-age=2592000",
        "traceresponse": "00-f49dbfa8f13b1a819260052c0dd22e39-b08ba51f033cbf2b-01"
      },
      "ResponseBody": {
        "error": {
          "code": "DigitalTwinNotFound",
          "message": "There is no digital twin instance that exists with the ID DTRelationshipsTestsBuildingTwin. Please verify that the twin id is valid and ensure that the twin is not deleted. See section on querying the twins https://aka.ms/adtv2query."
        }
      }
    },
    {
      "RequestUri": "https://AZURE_DIGITALTWINS_URL.api.wcus.digitaltwins.azure.net/digitaltwins/DTRelationshipsTestsFloorTwin?api-version=2020-10-31",
      "RequestMethod": "DELETE",
      "RequestHeaders": {
        "Accept": "application/json",
        "Accept-Encoding": "gzip,deflate",
        "Authorization": "Sanitized",
        "Connection": "keep-alive",
        "User-Agent": "azsdk-js-digital-twins-core/2.0.0 core-rest-pipeline/1.10.1 Node/v16.18.0 OS/(x64-Linux-5.4.0-1098-azure)",
        "x-ms-client-request-id": "c2e230db-7aae-46b2-a76c-45c51884cd31"
      },
      "RequestBody": null,
      "StatusCode": 404,
      "ResponseHeaders": {
        "Content-Length": "283",
        "Content-Type": "application/json; charset=utf-8",
        "Date": "Mon, 09 Jan 2023 23:21:42 GMT",
        "mise-correlation-id": "9ac21d44-3478-4296-8d3e-75e6830dc4ea",
        "Strict-Transport-Security": "max-age=2592000",
        "traceresponse": "00-af00b25fdd98a5b893bd25889b594322-1e478e274ca9759d-01"
      },
      "ResponseBody": {
        "error": {
          "code": "DigitalTwinNotFound",
          "message": "There is no digital twin instance that exists with the ID DTRelationshipsTestsFloorTwin. Please verify that the twin id is valid and ensure that the twin is not deleted. See section on querying the twins https://aka.ms/adtv2query."
        }
      }
    },
    {
      "RequestUri": "https://AZURE_DIGITALTWINS_URL.api.wcus.digitaltwins.azure.net/digitaltwins/DTRelationshipsTestsRoomTwin?api-version=2020-10-31",
      "RequestMethod": "DELETE",
      "RequestHeaders": {
        "Accept": "application/json",
        "Accept-Encoding": "gzip,deflate",
        "Authorization": "Sanitized",
        "Connection": "keep-alive",
        "User-Agent": "azsdk-js-digital-twins-core/2.0.0 core-rest-pipeline/1.10.1 Node/v16.18.0 OS/(x64-Linux-5.4.0-1098-azure)",
        "x-ms-client-request-id": "c4c20058-48c8-4f42-8288-f3f95fe9453e"
      },
      "RequestBody": null,
      "StatusCode": 404,
      "ResponseHeaders": {
        "Content-Length": "282",
        "Content-Type": "application/json; charset=utf-8",
        "Date": "Mon, 09 Jan 2023 23:21:42 GMT",
        "mise-correlation-id": "2760b19e-9b5e-43af-90dc-a086011b592a",
        "Strict-Transport-Security": "max-age=2592000",
        "traceresponse": "00-f5a3b525409030c70c9409f9b7f36902-5f0c440c091def14-01"
      },
      "ResponseBody": {
        "error": {
          "code": "DigitalTwinNotFound",
          "message": "There is no digital twin instance that exists with the ID DTRelationshipsTestsRoomTwin. Please verify that the twin id is valid and ensure that the twin is not deleted. See section on querying the twins https://aka.ms/adtv2query."
        }
      }
    },
    {
      "RequestUri": "https://AZURE_DIGITALTWINS_URL.api.wcus.digitaltwins.azure.net/digitaltwins/DTRelationshipsTestsBuildingTwin?api-version=2020-10-31",
      "RequestMethod": "PUT",
      "RequestHeaders": {
        "Accept": "application/json",
        "Accept-Encoding": "gzip,deflate",
        "Authorization": "Sanitized",
        "Connection": "keep-alive",
        "Content-Length": "94",
        "Content-Type": "application/json",
        "User-Agent": "azsdk-js-digital-twins-core/2.0.0 core-rest-pipeline/1.10.1 Node/v16.18.0 OS/(x64-Linux-5.4.0-1098-azure)",
        "x-ms-client-request-id": "f3e48757-f36e-4ada-97d9-8f76f7d0aaa2"
      },
      "RequestBody": {
        "$metadata": {
          "$model": "dtmi:samples:DTRelationshipsTestsBuilding;1"
        },
        "AverageTemperature": 68
      },
      "StatusCode": 200,
      "ResponseHeaders": {
        "Content-Length": "261",
        "Content-Type": "application/json; charset=utf-8",
        "Date": "Mon, 09 Jan 2023 23:21:42 GMT",
        "ETag": "W/\u0022132a715b-a97b-4b38-83e6-e9cee74ac303\u0022",
        "mise-correlation-id": "46c16131-f472-4385-bdd3-69e1f7a289c4",
        "Strict-Transport-Security": "max-age=2592000",
        "traceresponse": "00-23a0411676a7ffa152b36ce272aeac87-8c51577c7ee7b537-01"
      },
      "ResponseBody": {
        "$dtId": "DTRelationshipsTestsBuildingTwin",
        "$etag": "W/\u0022132a715b-a97b-4b38-83e6-e9cee74ac303\u0022",
        "AverageTemperature": 68,
        "$metadata": {
          "$model": "dtmi:samples:DTRelationshipsTestsBuilding;1",
          "AverageTemperature": {
            "lastUpdateTime": "2023-01-09T23:21:43.3450675Z"
          }
        }
      }
    },
    {
      "RequestUri": "https://AZURE_DIGITALTWINS_URL.api.wcus.digitaltwins.azure.net/digitaltwins/DTRelationshipsTestsFloorTwin?api-version=2020-10-31",
      "RequestMethod": "PUT",
      "RequestHeaders": {
        "Accept": "application/json",
        "Accept-Encoding": "gzip,deflate",
        "Authorization": "Sanitized",
        "Connection": "keep-alive",
        "Content-Length": "91",
        "Content-Type": "application/json",
        "User-Agent": "azsdk-js-digital-twins-core/2.0.0 core-rest-pipeline/1.10.1 Node/v16.18.0 OS/(x64-Linux-5.4.0-1098-azure)",
        "x-ms-client-request-id": "65beca5f-b206-4fea-b402-48c9c930e815"
      },
      "RequestBody": {
        "$metadata": {
          "$model": "dtmi:samples:DTRelationshipsTestsFloor;1"
        },
        "AverageTemperature": 75
      },
      "StatusCode": 200,
      "ResponseHeaders": {
        "Content-Length": "255",
        "Content-Type": "application/json; charset=utf-8",
        "Date": "Mon, 09 Jan 2023 23:21:42 GMT",
        "ETag": "W/\u002250f01c51-5088-427e-a922-5540faa5320e\u0022",
        "mise-correlation-id": "f5634170-cffd-483c-a4cd-41f76c61cedb",
        "Strict-Transport-Security": "max-age=2592000",
        "traceresponse": "00-24c57a1760bdbe73cbfb8847ef43d5eb-8e00dc1b467265e1-01"
      },
      "ResponseBody": {
        "$dtId": "DTRelationshipsTestsFloorTwin",
        "$etag": "W/\u002250f01c51-5088-427e-a922-5540faa5320e\u0022",
        "AverageTemperature": 75,
        "$metadata": {
          "$model": "dtmi:samples:DTRelationshipsTestsFloor;1",
          "AverageTemperature": {
            "lastUpdateTime": "2023-01-09T23:21:43.3922515Z"
          }
        }
      }
    },
    {
      "RequestUri": "https://AZURE_DIGITALTWINS_URL.api.wcus.digitaltwins.azure.net/digitaltwins/DTRelationshipsTestsRoomTwin?api-version=2020-10-31",
      "RequestMethod": "PUT",
      "RequestHeaders": {
        "Accept": "application/json",
        "Accept-Encoding": "gzip,deflate",
        "Authorization": "Sanitized",
        "Connection": "keep-alive",
        "Content-Length": "101",
        "Content-Type": "application/json",
        "User-Agent": "azsdk-js-digital-twins-core/2.0.0 core-rest-pipeline/1.10.1 Node/v16.18.0 OS/(x64-Linux-5.4.0-1098-azure)",
        "x-ms-client-request-id": "23183d17-adba-40a5-9ea4-f2c436acbdb5"
      },
      "RequestBody": {
        "$metadata": {
          "$model": "dtmi:samples:DTRelationshipsTestsRoom;1"
        },
        "Temperature": 80,
        "IsOccupied": true
      },
      "StatusCode": 200,
      "ResponseHeaders": {
        "Content-Length": "320",
        "Content-Type": "application/json; charset=utf-8",
        "Date": "Mon, 09 Jan 2023 23:21:43 GMT",
        "ETag": "W/\u0022641373da-4768-43df-a7b6-533d463f85b9\u0022",
        "mise-correlation-id": "3dd73e0c-6336-4756-bb82-a490cb714b9d",
        "Strict-Transport-Security": "max-age=2592000",
        "traceresponse": "00-d5523d33f729021c0cdf3f1997efbc9f-f25b2a0038988cda-01"
      },
      "ResponseBody": {
        "$dtId": "DTRelationshipsTestsRoomTwin",
        "$etag": "W/\u0022641373da-4768-43df-a7b6-533d463f85b9\u0022",
        "Temperature": 80,
        "IsOccupied": true,
        "$metadata": {
          "$model": "dtmi:samples:DTRelationshipsTestsRoom;1",
          "Temperature": {
            "lastUpdateTime": "2023-01-09T23:21:43.4405894Z"
          },
          "IsOccupied": {
            "lastUpdateTime": "2023-01-09T23:21:43.4405894Z"
          }
        }
      }
    },
    {
      "RequestUri": "https://AZURE_DIGITALTWINS_URL.api.wcus.digitaltwins.azure.net/digitaltwins/DTRelationshipsTestsFloorTwin/relationships/FloorContainsRoom?api-version=2020-10-31",
      "RequestMethod": "PUT",
      "RequestHeaders": {
        "Accept": "application/json",
        "Accept-Encoding": "gzip,deflate",
        "Authorization": "Sanitized",
        "Connection": "keep-alive",
        "Content-Length": "132",
        "Content-Type": "application/json",
        "User-Agent": "azsdk-js-digital-twins-core/2.0.0 core-rest-pipeline/1.10.1 Node/v16.18.0 OS/(x64-Linux-5.4.0-1098-azure)",
        "x-ms-client-request-id": "56db040f-e83d-493a-896c-15eec02cccec"
      },
      "RequestBody": {
        "$relationshipId": "FloorContainsRoom",
        "$sourceId": "DTRelationshipsTestsFloorTwin",
        "$relationshipName": "contains",
        "$targetId": "foo"
      },
      "StatusCode": 404,
      "ResponseHeaders": {
        "Content-Length": "268",
        "Content-Type": "application/json; charset=utf-8",
        "Date": "Mon, 09 Jan 2023 23:21:43 GMT",
        "mise-correlation-id": "e9377f6b-9666-4a65-bf5c-bcaa74a9d54c",
        "Strict-Transport-Security": "max-age=2592000",
        "traceresponse": "00-6b46785cf3d3046c5dc336494f89db52-dcd02d639e2a46ec-01"
      },
      "ResponseBody": {
        "error": {
          "code": "TargetDigitalTwinNotFound",
          "message": "The target digital twin is invalid or does not exist. Please validate that the target twin is valid and ensure that the target twin is not deleted. See section on querying the twins https://aka.ms/adtv2query ."
        }
      }
    },
    {
      "RequestUri": "https://AZURE_DIGITALTWINS_URL.api.wcus.digitaltwins.azure.net/digitaltwins/DTRelationshipsTestsFloorTwin/relationships/FloorContainsRoom?api-version=2020-10-31",
      "RequestMethod": "DELETE",
      "RequestHeaders": {
        "Accept": "application/json",
        "Accept-Encoding": "gzip,deflate",
        "Authorization": "Sanitized",
        "Connection": "keep-alive",
        "User-Agent": "azsdk-js-digital-twins-core/2.0.0 core-rest-pipeline/1.10.1 Node/v16.18.0 OS/(x64-Linux-5.4.0-1098-azure)",
        "x-ms-client-request-id": "a4834f37-e08f-4944-923c-451382a63f22"
      },
      "RequestBody": null,
      "StatusCode": 404,
      "ResponseHeaders": {
        "Content-Length": "315",
        "Content-Type": "application/json; charset=utf-8",
        "Date": "Mon, 09 Jan 2023 23:21:43 GMT",
        "mise-correlation-id": "12114ce0-4a37-4af9-97f9-f47db816d725",
        "Strict-Transport-Security": "max-age=2592000",
        "traceresponse": "00-7545b43777f6c4a3a12b3d44487e2dcc-d54f64297fdbb6d4-01"
      },
      "ResponseBody": {
        "error": {
          "code": "RelationshipNotFound",
          "message": "Relationship FloorContainsRoom not found on twin DTRelationshipsTestsFloorTwin. Please verify that the relationship id is valid and ensure that the relationship is not deleted. See section on listing relationships in the documentation https://aka.ms/adtv2twins."
        }
      }
    },
    {
      "RequestUri": "https://AZURE_DIGITALTWINS_URL.api.wcus.digitaltwins.azure.net/digitaltwins/DTRelationshipsTestsBuildingTwin?api-version=2020-10-31",
      "RequestMethod": "DELETE",
      "RequestHeaders": {
        "Accept": "application/json",
        "Accept-Encoding": "gzip,deflate",
        "Authorization": "Sanitized",
        "Connection": "keep-alive",
        "User-Agent": "azsdk-js-digital-twins-core/2.0.0 core-rest-pipeline/1.10.1 Node/v16.18.0 OS/(x64-Linux-5.4.0-1098-azure)",
        "x-ms-client-request-id": "512ccfee-2a44-405f-b622-b4cc593797cb"
      },
      "RequestBody": null,
      "StatusCode": 204,
      "ResponseHeaders": {
        "Content-Length": "0",
        "Date": "Mon, 09 Jan 2023 23:21:43 GMT",
        "mise-correlation-id": "d88718de-10e2-4580-a2f4-d1dd5c630a59",
        "Strict-Transport-Security": "max-age=2592000",
        "traceresponse": "00-be668b8998ed202b4486a33548da6150-7c84fda92fc15b4a-01"
      },
      "ResponseBody": null
    },
    {
      "RequestUri": "https://AZURE_DIGITALTWINS_URL.api.wcus.digitaltwins.azure.net/digitaltwins/DTRelationshipsTestsFloorTwin?api-version=2020-10-31",
      "RequestMethod": "DELETE",
      "RequestHeaders": {
        "Accept": "application/json",
        "Accept-Encoding": "gzip,deflate",
        "Authorization": "Sanitized",
        "Connection": "keep-alive",
        "User-Agent": "azsdk-js-digital-twins-core/2.0.0 core-rest-pipeline/1.10.1 Node/v16.18.0 OS/(x64-Linux-5.4.0-1098-azure)",
        "x-ms-client-request-id": "95174e60-03df-4dbf-86ae-d0a5db5755bd"
      },
      "RequestBody": null,
      "StatusCode": 204,
      "ResponseHeaders": {
        "Content-Length": "0",
        "Date": "Mon, 09 Jan 2023 23:21:43 GMT",
        "mise-correlation-id": "5bb8fabd-28a4-42a2-8b84-5c9bff5b10cc",
        "Strict-Transport-Security": "max-age=2592000",
        "traceresponse": "00-65b2975d3e6ae2cc6a9ede056193edcd-a8c16a935c2c7df9-01"
      },
      "ResponseBody": null
    },
    {
      "RequestUri": "https://AZURE_DIGITALTWINS_URL.api.wcus.digitaltwins.azure.net/digitaltwins/DTRelationshipsTestsRoomTwin?api-version=2020-10-31",
      "RequestMethod": "DELETE",
      "RequestHeaders": {
        "Accept": "application/json",
        "Accept-Encoding": "gzip,deflate",
        "Authorization": "Sanitized",
        "Connection": "keep-alive",
        "User-Agent": "azsdk-js-digital-twins-core/2.0.0 core-rest-pipeline/1.10.1 Node/v16.18.0 OS/(x64-Linux-5.4.0-1098-azure)",
        "x-ms-client-request-id": "bd011790-764b-4479-b603-f54d94227865"
      },
      "RequestBody": null,
      "StatusCode": 204,
      "ResponseHeaders": {
        "Content-Length": "0",
        "Date": "Mon, 09 Jan 2023 23:21:43 GMT",
        "mise-correlation-id": "47f30b7f-6781-4dd1-9675-898cab6f939b",
        "Strict-Transport-Security": "max-age=2592000",
        "traceresponse": "00-ac8ebcb6413d119fe1684f8fc5154ff8-1a791a37a8c6adcb-01"
      },
      "ResponseBody": null
    },
    {
      "RequestUri": "https://AZURE_DIGITALTWINS_URL.api.wcus.digitaltwins.azure.net/models/dtmi%3Asamples%3ADTRelationshipsTestsBuilding%3B1?api-version=2020-10-31",
      "RequestMethod": "DELETE",
      "RequestHeaders": {
        "Accept": "application/json",
        "Accept-Encoding": "gzip,deflate",
        "Authorization": "Sanitized",
        "Connection": "keep-alive",
        "User-Agent": "azsdk-js-digital-twins-core/2.0.0 core-rest-pipeline/1.10.1 Node/v16.18.0 OS/(x64-Linux-5.4.0-1098-azure)",
        "x-ms-client-request-id": "a98defde-e074-4630-b879-80694a6cee57"
      },
      "RequestBody": null,
      "StatusCode": 204,
      "ResponseHeaders": {
        "Content-Length": "0",
        "Date": "Mon, 09 Jan 2023 23:21:43 GMT",
        "mise-correlation-id": "b3964dbc-c8a5-45e8-8571-4642df8591ec",
        "Strict-Transport-Security": "max-age=2592000",
        "traceresponse": "00-e2aa6fd93990dfc098c5e185caeec608-ddecaa6771e1c16c-01"
      },
      "ResponseBody": null
    },
    {
      "RequestUri": "https://AZURE_DIGITALTWINS_URL.api.wcus.digitaltwins.azure.net/models/dtmi%3Asamples%3ADTRelationshipsTestsFloor%3B1?api-version=2020-10-31",
      "RequestMethod": "DELETE",
      "RequestHeaders": {
        "Accept": "application/json",
        "Accept-Encoding": "gzip,deflate",
        "Authorization": "Sanitized",
        "Connection": "keep-alive",
        "User-Agent": "azsdk-js-digital-twins-core/2.0.0 core-rest-pipeline/1.10.1 Node/v16.18.0 OS/(x64-Linux-5.4.0-1098-azure)",
        "x-ms-client-request-id": "ae5c3288-ece9-4e5f-b610-9922b6bd92ca"
      },
      "RequestBody": null,
      "StatusCode": 204,
      "ResponseHeaders": {
        "Content-Length": "0",
        "Date": "Mon, 09 Jan 2023 23:21:43 GMT",
        "mise-correlation-id": "eb81a00d-6002-444e-af7f-f303daf5370f",
        "Strict-Transport-Security": "max-age=2592000",
        "traceresponse": "00-6e8abae93646c2d362279afbe07ef483-72d444e0cbf2c0c4-01"
      },
      "ResponseBody": null
    },
    {
      "RequestUri": "https://AZURE_DIGITALTWINS_URL.api.wcus.digitaltwins.azure.net/models/dtmi%3Asamples%3ADTRelationshipsTestsRoom%3B1?api-version=2020-10-31",
      "RequestMethod": "DELETE",
      "RequestHeaders": {
        "Accept": "application/json",
        "Accept-Encoding": "gzip,deflate",
        "Authorization": "Sanitized",
        "Connection": "keep-alive",
        "User-Agent": "azsdk-js-digital-twins-core/2.0.0 core-rest-pipeline/1.10.1 Node/v16.18.0 OS/(x64-Linux-5.4.0-1098-azure)",
        "x-ms-client-request-id": "0643ec58-be98-4d33-b760-37ebc3e4bf2c"
      },
      "RequestBody": null,
      "StatusCode": 204,
      "ResponseHeaders": {
        "Content-Length": "0",
        "Date": "Mon, 09 Jan 2023 23:21:43 GMT",
        "mise-correlation-id": "000476a2-aee8-4d9e-847a-a86ee92be587",
        "Strict-Transport-Security": "max-age=2592000",
        "traceresponse": "00-d5cd06dea0c400d98570d1bc28aeb9fe-563cebf802e4b8c2-01"
      },
      "ResponseBody": null
    }
  ],
  "Variables": {}
}
