{
  "Entries": [
    {
      "RequestUri": "https://AZURE_DIGITALTWINS_URL.api.wcus.digitaltwins.azure.net/models/dtmi%3Asamples%3ADTRelationshipsTestsBuilding%3B1?api-version=2020-10-31",
      "RequestMethod": "DELETE",
      "RequestHeaders": {
        "Accept": "application/json",
        "Accept-Encoding": "gzip,deflate",
        "Authorization": "Sanitized",
        "Connection": "keep-alive",
        "User-Agent": "azsdk-js-digital-twins-core/2.0.0 core-rest-pipeline/1.10.1 Node/v16.18.0 OS/(x64-Linux-5.4.0-1098-azure)",
        "x-ms-client-request-id": "4087572a-7a8e-447e-9cc1-c42f183261bc"
      },
      "RequestBody": null,
      "StatusCode": 404,
      "ResponseHeaders": {
        "Content-Length": "228",
        "Content-Type": "application/json; charset=utf-8",
        "Date": "Mon, 09 Jan 2023 23:21:52 GMT",
        "mise-correlation-id": "6479349e-2fd8-4111-bc95-f41103483785",
        "Strict-Transport-Security": "max-age=2592000",
        "traceresponse": "00-71247f647273c08ebfa0722027f66334-2a637733ec005aa6-01"
      },
      "ResponseBody": {
        "error": {
          "code": "ModelNotFound",
          "message": "There is no Model(s) available that matches the provided id(s) dtmi:samples:DTRelationshipsTestsBuilding;1. Check that the Model ID provided is valid by doing a Model_List API call."
        }
      }
    },
    {
      "RequestUri": "https://AZURE_DIGITALTWINS_URL.api.wcus.digitaltwins.azure.net/models/dtmi%3Asamples%3ADTRelationshipsTestsFloor%3B1?api-version=2020-10-31",
      "RequestMethod": "DELETE",
      "RequestHeaders": {
        "Accept": "application/json",
        "Accept-Encoding": "gzip,deflate",
        "Authorization": "Sanitized",
        "Connection": "keep-alive",
        "User-Agent": "azsdk-js-digital-twins-core/2.0.0 core-rest-pipeline/1.10.1 Node/v16.18.0 OS/(x64-Linux-5.4.0-1098-azure)",
        "x-ms-client-request-id": "014343c7-b636-41f2-9006-88d21b408927"
      },
      "RequestBody": null,
      "StatusCode": 404,
      "ResponseHeaders": {
        "Content-Length": "225",
        "Content-Type": "application/json; charset=utf-8",
        "Date": "Mon, 09 Jan 2023 23:21:52 GMT",
        "mise-correlation-id": "0a42ce79-62b8-43b3-a0cc-a834d3dfb7b8",
        "Strict-Transport-Security": "max-age=2592000",
        "traceresponse": "00-7f2f61ddd78cfd470062c874d765091e-38425d528dd0589c-01"
      },
      "ResponseBody": {
        "error": {
          "code": "ModelNotFound",
          "message": "There is no Model(s) available that matches the provided id(s) dtmi:samples:DTRelationshipsTestsFloor;1. Check that the Model ID provided is valid by doing a Model_List API call."
        }
      }
    },
    {
      "RequestUri": "https://AZURE_DIGITALTWINS_URL.api.wcus.digitaltwins.azure.net/models/dtmi%3Asamples%3ADTRelationshipsTestsRoom%3B1?api-version=2020-10-31",
      "RequestMethod": "DELETE",
      "RequestHeaders": {
        "Accept": "application/json",
        "Accept-Encoding": "gzip,deflate",
        "Authorization": "Sanitized",
        "Connection": "keep-alive",
        "User-Agent": "azsdk-js-digital-twins-core/2.0.0 core-rest-pipeline/1.10.1 Node/v16.18.0 OS/(x64-Linux-5.4.0-1098-azure)",
        "x-ms-client-request-id": "32a778ab-5972-4609-aa0a-8fb59cbadb84"
      },
      "RequestBody": null,
      "StatusCode": 404,
      "ResponseHeaders": {
        "Content-Length": "224",
        "Content-Type": "application/json; charset=utf-8",
        "Date": "Mon, 09 Jan 2023 23:21:52 GMT",
        "mise-correlation-id": "33c2292d-6da9-4e02-886a-b6d2dcf66693",
        "Strict-Transport-Security": "max-age=2592000",
        "traceresponse": "00-c451d7022bbee6ae1920cbbbae2f6b8e-05b7b4405a031b17-01"
      },
      "ResponseBody": {
        "error": {
          "code": "ModelNotFound",
          "message": "There is no Model(s) available that matches the provided id(s) dtmi:samples:DTRelationshipsTestsRoom;1. Check that the Model ID provided is valid by doing a Model_List API call."
        }
      }
    },
    {
      "RequestUri": "https://AZURE_DIGITALTWINS_URL.api.wcus.digitaltwins.azure.net/models?api-version=2020-10-31",
      "RequestMethod": "POST",
      "RequestHeaders": {
        "Accept": "application/json",
        "Accept-Encoding": "gzip,deflate",
        "Authorization": "Sanitized",
        "Connection": "keep-alive",
        "Content-Length": "943",
        "Content-Type": "application/json",
        "User-Agent": "azsdk-js-digital-twins-core/2.0.0 core-rest-pipeline/1.10.1 Node/v16.18.0 OS/(x64-Linux-5.4.0-1098-azure)",
        "x-ms-client-request-id": "92e19f58-6193-4fd1-b68b-8399d2996184"
      },
      "RequestBody": "[{\u0022@id\u0022:\u0022dtmi:samples:DTRelationshipsTestsBuilding;1\u0022,\u0022@type\u0022:\u0022Interface\u0022,\u0022@context\u0022:\u0022dtmi:dtdl:context;2\u0022,\u0022displayName\u0022:\u0022Building\u0022,\u0022contents\u0022:[{\u0022@type\u0022:\u0022Relationship\u0022,\u0022name\u0022:\u0022has\u0022,\u0022target\u0022:\u0022dtmi:samples:DTRelationshipsTestsFloor;1\u0022,\u0022properties\u0022:[{\u0022@type\u0022:\u0022Property\u0022,\u0022name\u0022:\u0022isAccessRestricted\u0022,\u0022schema\u0022:\u0022boolean\u0022}]},{\u0022@type\u0022:\u0022Property\u0022,\u0022name\u0022:\u0022AverageTemperature\u0022,\u0022schema\u0022:\u0022double\u0022}]},{\u0022@id\u0022:\u0022dtmi:samples:DTRelationshipsTestsFloor;1\u0022,\u0022@type\u0022:\u0022Interface\u0022,\u0022@context\u0022:\u0022dtmi:dtdl:context;2\u0022,\u0022displayName\u0022:\u0022Floor\u0022,\u0022contents\u0022:[{\u0022@type\u0022:\u0022Relationship\u0022,\u0022name\u0022:\u0022contains\u0022,\u0022target\u0022:\u0022dtmi:samples:DTRelationshipsTestsRoom;1\u0022},{\u0022@type\u0022:\u0022Property\u0022,\u0022name\u0022:\u0022AverageTemperature\u0022,\u0022schema\u0022:\u0022double\u0022}]},{\u0022@id\u0022:\u0022dtmi:samples:DTRelationshipsTestsRoom;1\u0022,\u0022@type\u0022:\u0022Interface\u0022,\u0022@context\u0022:\u0022dtmi:dtdl:context;2\u0022,\u0022displayName\u0022:\u0022Room\u0022,\u0022contents\u0022:[{\u0022@type\u0022:\u0022Property\u0022,\u0022name\u0022:\u0022Temperature\u0022,\u0022schema\u0022:\u0022double\u0022},{\u0022@type\u0022:\u0022Property\u0022,\u0022name\u0022:\u0022IsOccupied\u0022,\u0022schema\u0022:\u0022boolean\u0022}]}]",
      "StatusCode": 201,
      "ResponseHeaders": {
        "Content-Length": "508",
        "Content-Type": "application/json; charset=utf-8",
        "Date": "Mon, 09 Jan 2023 23:21:52 GMT",
        "mise-correlation-id": "1dcd17d0-9343-41ec-a411-e3fa7d1c56cb",
        "Strict-Transport-Security": "max-age=2592000",
        "traceresponse": "00-dd67813a25fc53e9ab69a907c2587cf9-a6eafbd1f0440bee-01"
      },
      "ResponseBody": "[{\u0022id\u0022:\u0022dtmi:samples:DTRelationshipsTestsBuilding;1\u0022,\u0022description\u0022:{},\u0022displayName\u0022:{\u0022en\u0022:\u0022Building\u0022},\u0022decommissioned\u0022:false,\u0022uploadTime\u0022:\u00222023-01-09T23:21:53.6012606\u002B00:00\u0022},{\u0022id\u0022:\u0022dtmi:samples:DTRelationshipsTestsFloor;1\u0022,\u0022description\u0022:{},\u0022displayName\u0022:{\u0022en\u0022:\u0022Floor\u0022},\u0022decommissioned\u0022:false,\u0022uploadTime\u0022:\u00222023-01-09T23:21:53.6012815\u002B00:00\u0022},{\u0022id\u0022:\u0022dtmi:samples:DTRelationshipsTestsRoom;1\u0022,\u0022description\u0022:{},\u0022displayName\u0022:{\u0022en\u0022:\u0022Room\u0022},\u0022decommissioned\u0022:false,\u0022uploadTime\u0022:\u00222023-01-09T23:21:53.601293\u002B00:00\u0022}]"
    },
    {
      "RequestUri": "https://AZURE_DIGITALTWINS_URL.api.wcus.digitaltwins.azure.net/digitaltwins/DTRelationshipsTestsBuildingTwin?api-version=2020-10-31",
      "RequestMethod": "DELETE",
      "RequestHeaders": {
        "Accept": "application/json",
        "Accept-Encoding": "gzip,deflate",
        "Authorization": "Sanitized",
        "Connection": "keep-alive",
        "User-Agent": "azsdk-js-digital-twins-core/2.0.0 core-rest-pipeline/1.10.1 Node/v16.18.0 OS/(x64-Linux-5.4.0-1098-azure)",
        "x-ms-client-request-id": "07e7eecb-82d4-4102-8dd4-db1711f5c10d"
      },
      "RequestBody": null,
      "StatusCode": 404,
      "ResponseHeaders": {
        "Content-Length": "286",
        "Content-Type": "application/json; charset=utf-8",
        "Date": "Mon, 09 Jan 2023 23:21:52 GMT",
        "mise-correlation-id": "ebc7a042-941a-4c8e-a33b-585a610244db",
        "Strict-Transport-Security": "max-age=2592000",
        "traceresponse": "00-bbad0c175aaef44cfea55b4dd0d3f89b-169aadd957c74522-01"
      },
      "ResponseBody": {
        "error": {
          "code": "DigitalTwinNotFound",
          "message": "There is no digital twin instance that exists with the ID DTRelationshipsTestsBuildingTwin. Please verify that the twin id is valid and ensure that the twin is not deleted. See section on querying the twins https://aka.ms/adtv2query."
        }
      }
    },
    {
      "RequestUri": "https://AZURE_DIGITALTWINS_URL.api.wcus.digitaltwins.azure.net/digitaltwins/DTRelationshipsTestsFloorTwin?api-version=2020-10-31",
      "RequestMethod": "DELETE",
      "RequestHeaders": {
        "Accept": "application/json",
        "Accept-Encoding": "gzip,deflate",
        "Authorization": "Sanitized",
        "Connection": "keep-alive",
        "User-Agent": "azsdk-js-digital-twins-core/2.0.0 core-rest-pipeline/1.10.1 Node/v16.18.0 OS/(x64-Linux-5.4.0-1098-azure)",
        "x-ms-client-request-id": "0b3ffc3d-46b6-4b65-8945-8289e50b7fce"
      },
      "RequestBody": null,
      "StatusCode": 404,
      "ResponseHeaders": {
        "Content-Length": "283",
        "Content-Type": "application/json; charset=utf-8",
        "Date": "Mon, 09 Jan 2023 23:21:52 GMT",
        "mise-correlation-id": "3d54dcd5-de74-484a-9862-0f35be56a67c",
        "Strict-Transport-Security": "max-age=2592000",
        "traceresponse": "00-cb3edb81dba532833a87e97af5b4c380-e24f4988f3b08c4b-01"
      },
      "ResponseBody": {
        "error": {
          "code": "DigitalTwinNotFound",
          "message": "There is no digital twin instance that exists with the ID DTRelationshipsTestsFloorTwin. Please verify that the twin id is valid and ensure that the twin is not deleted. See section on querying the twins https://aka.ms/adtv2query."
        }
      }
    },
    {
      "RequestUri": "https://AZURE_DIGITALTWINS_URL.api.wcus.digitaltwins.azure.net/digitaltwins/DTRelationshipsTestsRoomTwin?api-version=2020-10-31",
      "RequestMethod": "DELETE",
      "RequestHeaders": {
        "Accept": "application/json",
        "Accept-Encoding": "gzip,deflate",
        "Authorization": "Sanitized",
        "Connection": "keep-alive",
        "User-Agent": "azsdk-js-digital-twins-core/2.0.0 core-rest-pipeline/1.10.1 Node/v16.18.0 OS/(x64-Linux-5.4.0-1098-azure)",
        "x-ms-client-request-id": "a896c2cd-abfc-4a6d-82b6-28d9c21fc6c9"
      },
      "RequestBody": null,
      "StatusCode": 404,
      "ResponseHeaders": {
        "Content-Length": "282",
        "Content-Type": "application/json; charset=utf-8",
        "Date": "Mon, 09 Jan 2023 23:21:52 GMT",
        "mise-correlation-id": "4c0e5e4d-831e-4737-b8a6-6cb01f9490c4",
        "Strict-Transport-Security": "max-age=2592000",
        "traceresponse": "00-3e4ed631f14d8a5032b439cb50e3f191-ee7f65a9f771ab55-01"
      },
      "ResponseBody": {
        "error": {
          "code": "DigitalTwinNotFound",
          "message": "There is no digital twin instance that exists with the ID DTRelationshipsTestsRoomTwin. Please verify that the twin id is valid and ensure that the twin is not deleted. See section on querying the twins https://aka.ms/adtv2query."
        }
      }
    },
    {
      "RequestUri": "https://AZURE_DIGITALTWINS_URL.api.wcus.digitaltwins.azure.net/digitaltwins/DTRelationshipsTestsBuildingTwin?api-version=2020-10-31",
      "RequestMethod": "PUT",
      "RequestHeaders": {
        "Accept": "application/json",
        "Accept-Encoding": "gzip,deflate",
        "Authorization": "Sanitized",
        "Connection": "keep-alive",
        "Content-Length": "94",
        "Content-Type": "application/json",
        "User-Agent": "azsdk-js-digital-twins-core/2.0.0 core-rest-pipeline/1.10.1 Node/v16.18.0 OS/(x64-Linux-5.4.0-1098-azure)",
        "x-ms-client-request-id": "226d3d95-80e3-4f7d-be9f-1da8538f338e"
      },
      "RequestBody": {
        "$metadata": {
          "$model": "dtmi:samples:DTRelationshipsTestsBuilding;1"
        },
        "AverageTemperature": 68
      },
      "StatusCode": 200,
      "ResponseHeaders": {
        "Content-Length": "261",
        "Content-Type": "application/json; charset=utf-8",
        "Date": "Mon, 09 Jan 2023 23:21:52 GMT",
        "ETag": "W/\u002219d7b3bf-4f18-4b13-afa9-9620fd43ea20\u0022",
        "mise-correlation-id": "34d17063-e330-4e07-a621-565bb3db023f",
        "Strict-Transport-Security": "max-age=2592000",
        "traceresponse": "00-6e4c47cf5ab5ed8e905dbc8de833ce9d-eefddec8e999d739-01"
      },
      "ResponseBody": {
        "$dtId": "DTRelationshipsTestsBuildingTwin",
        "$etag": "W/\u002219d7b3bf-4f18-4b13-afa9-9620fd43ea20\u0022",
        "AverageTemperature": 68,
        "$metadata": {
          "$model": "dtmi:samples:DTRelationshipsTestsBuilding;1",
          "AverageTemperature": {
            "lastUpdateTime": "2023-01-09T23:21:53.7583331Z"
          }
        }
      }
    },
    {
      "RequestUri": "https://AZURE_DIGITALTWINS_URL.api.wcus.digitaltwins.azure.net/digitaltwins/DTRelationshipsTestsFloorTwin?api-version=2020-10-31",
      "RequestMethod": "PUT",
      "RequestHeaders": {
        "Accept": "application/json",
        "Accept-Encoding": "gzip,deflate",
        "Authorization": "Sanitized",
        "Connection": "keep-alive",
        "Content-Length": "91",
        "Content-Type": "application/json",
        "User-Agent": "azsdk-js-digital-twins-core/2.0.0 core-rest-pipeline/1.10.1 Node/v16.18.0 OS/(x64-Linux-5.4.0-1098-azure)",
        "x-ms-client-request-id": "7a2890d3-6998-42fc-8a88-1e2ddbd27fa5"
      },
      "RequestBody": {
        "$metadata": {
          "$model": "dtmi:samples:DTRelationshipsTestsFloor;1"
        },
        "AverageTemperature": 75
      },
      "StatusCode": 200,
      "ResponseHeaders": {
        "Content-Length": "255",
        "Content-Type": "application/json; charset=utf-8",
        "Date": "Mon, 09 Jan 2023 23:21:52 GMT",
        "ETag": "W/\u00227cbc010e-418e-466d-a997-e169d529b094\u0022",
        "mise-correlation-id": "cb113e5b-5d74-45f8-ba7b-39026d2cf3b5",
        "Strict-Transport-Security": "max-age=2592000",
        "traceresponse": "00-9dd4b91d77acb500a905e184c775fc30-8a70f1fc03b01b65-01"
      },
      "ResponseBody": {
        "$dtId": "DTRelationshipsTestsFloorTwin",
        "$etag": "W/\u00227cbc010e-418e-466d-a997-e169d529b094\u0022",
        "AverageTemperature": 75,
        "$metadata": {
          "$model": "dtmi:samples:DTRelationshipsTestsFloor;1",
          "AverageTemperature": {
            "lastUpdateTime": "2023-01-09T23:21:53.8050650Z"
          }
        }
      }
    },
    {
      "RequestUri": "https://AZURE_DIGITALTWINS_URL.api.wcus.digitaltwins.azure.net/digitaltwins/DTRelationshipsTestsRoomTwin?api-version=2020-10-31",
      "RequestMethod": "PUT",
      "RequestHeaders": {
        "Accept": "application/json",
        "Accept-Encoding": "gzip,deflate",
        "Authorization": "Sanitized",
        "Connection": "keep-alive",
        "Content-Length": "101",
        "Content-Type": "application/json",
        "User-Agent": "azsdk-js-digital-twins-core/2.0.0 core-rest-pipeline/1.10.1 Node/v16.18.0 OS/(x64-Linux-5.4.0-1098-azure)",
        "x-ms-client-request-id": "9ab59c3b-22fc-4cde-8517-472b082566d7"
      },
      "RequestBody": {
        "$metadata": {
          "$model": "dtmi:samples:DTRelationshipsTestsRoom;1"
        },
        "Temperature": 80,
        "IsOccupied": true
      },
      "StatusCode": 200,
      "ResponseHeaders": {
        "Content-Length": "320",
        "Content-Type": "application/json; charset=utf-8",
        "Date": "Mon, 09 Jan 2023 23:21:52 GMT",
        "ETag": "W/\u002294f4ec40-44d9-4295-bbf6-dfd1bdc64a20\u0022",
        "mise-correlation-id": "db58c665-7a79-4799-8f1a-b27faa3990d6",
        "Strict-Transport-Security": "max-age=2592000",
        "traceresponse": "00-2245665a70d8d779bb41a4c477beda52-a9844138415cbb5a-01"
      },
      "ResponseBody": {
        "$dtId": "DTRelationshipsTestsRoomTwin",
        "$etag": "W/\u002294f4ec40-44d9-4295-bbf6-dfd1bdc64a20\u0022",
        "Temperature": 80,
        "IsOccupied": true,
        "$metadata": {
          "$model": "dtmi:samples:DTRelationshipsTestsRoom;1",
          "Temperature": {
            "lastUpdateTime": "2023-01-09T23:21:53.8542512Z"
          },
          "IsOccupied": {
            "lastUpdateTime": "2023-01-09T23:21:53.8542512Z"
          }
        }
      }
    },
    {
      "RequestUri": "https://AZURE_DIGITALTWINS_URL.api.wcus.digitaltwins.azure.net/digitaltwins/DTRelationshipsTestsBuildingTwin/relationships/BuildingHasFloor?api-version=2020-10-31",
      "RequestMethod": "PUT",
      "RequestHeaders": {
        "Accept": "application/json",
        "Accept-Encoding": "gzip,deflate",
        "Authorization": "Sanitized",
        "Connection": "keep-alive",
        "Content-Length": "182",
        "Content-Type": "application/json",
        "User-Agent": "azsdk-js-digital-twins-core/2.0.0 core-rest-pipeline/1.10.1 Node/v16.18.0 OS/(x64-Linux-5.4.0-1098-azure)",
        "x-ms-client-request-id": "8a3d8dc4-8667-4b40-b421-52673e0c8aa9"
      },
      "RequestBody": {
        "$relationshipId": "BuildingHasFloor",
        "$sourceId": "DTRelationshipsTestsBuildingTwin",
        "$relationshipName": "has",
        "$targetId": "DTRelationshipsTestsFloorTwin",
        "isAccessRestricted": false
      },
      "StatusCode": 200,
      "ResponseHeaders": {
        "Content-Length": "235",
        "Content-Type": "application/json; charset=utf-8",
        "Date": "Mon, 09 Jan 2023 23:21:53 GMT",
        "ETag": "W/\u00221f40d6a3-86c1-48fe-9da6-bd758f8f1fa9\u0022",
        "mise-correlation-id": "9c79858b-77c5-4397-bb77-03eb843d349a",
        "Strict-Transport-Security": "max-age=2592000",
        "traceresponse": "00-314c3121e892c52f2bdcfaf25d64e944-72dadff81207f7fa-01"
      },
      "ResponseBody": {
        "$relationshipId": "BuildingHasFloor",
        "$etag": "W/\u00221f40d6a3-86c1-48fe-9da6-bd758f8f1fa9\u0022",
        "$sourceId": "DTRelationshipsTestsBuildingTwin",
        "$relationshipName": "has",
        "$targetId": "DTRelationshipsTestsFloorTwin",
        "isAccessRestricted": false
      }
    },
    {
      "RequestUri": "https://AZURE_DIGITALTWINS_URL.api.wcus.digitaltwins.azure.net/digitaltwins/DTRelationshipsTestsBuildingTwin/relationships/BuildingHasFloor?api-version=2020-10-31",
      "RequestMethod": "PATCH",
      "RequestHeaders": {
        "Accept": "application/json",
        "Accept-Encoding": "gzip,deflate",
        "Authorization": "Sanitized",
        "Connection": "keep-alive",
        "Content-Length": "46",
        "Content-Type": "application/json-patch\u002Bjson",
        "User-Agent": "azsdk-js-digital-twins-core/2.0.0 core-rest-pipeline/1.10.1 Node/v16.18.0 OS/(x64-Linux-5.4.0-1098-azure)",
        "x-ms-client-request-id": "ad992926-0516-4058-9010-4f7b008e5bba"
      },
      "RequestBody": "[{\u0022op\u0022:\u0022remove\u0022,\u0022path\u0022:\u0022/isAccessRestricted\u0022}]",
      "StatusCode": 204,
      "ResponseHeaders": {
        "Content-Length": "0",
        "Date": "Mon, 09 Jan 2023 23:21:53 GMT",
        "ETag": "W/\u0022737aca87-1b60-4e3d-a98b-4c842652cb56\u0022",
        "mise-correlation-id": "13062a00-a0f4-4858-962b-7de026f8679b",
        "Strict-Transport-Security": "max-age=2592000",
        "traceresponse": "00-f644a9b083f4d1f0f290f271b9e24902-6952253f70cfead2-01"
      },
      "ResponseBody": null
    },
    {
      "RequestUri": "https://AZURE_DIGITALTWINS_URL.api.wcus.digitaltwins.azure.net/digitaltwins/DTRelationshipsTestsBuildingTwin/relationships/BuildingHasFloor?api-version=2020-10-31",
      "RequestMethod": "PATCH",
      "RequestHeaders": {
        "Accept": "application/json",
        "Accept-Encoding": "gzip,deflate",
        "Authorization": "Sanitized",
        "Connection": "keep-alive",
        "Content-Length": "56",
        "Content-Type": "application/json-patch\u002Bjson",
        "User-Agent": "azsdk-js-digital-twins-core/2.0.0 core-rest-pipeline/1.10.1 Node/v16.18.0 OS/(x64-Linux-5.4.0-1098-azure)",
        "x-ms-client-request-id": "600b8236-dab8-4775-a49a-c04ff8841593"
      },
      "RequestBody": "[{\u0022op\u0022:\u0022add\u0022,\u0022path\u0022:\u0022/isAccessRestricted\u0022,\u0022value\u0022:true}]",
      "StatusCode": 204,
      "ResponseHeaders": {
        "Content-Length": "0",
        "Date": "Mon, 09 Jan 2023 23:21:53 GMT",
        "ETag": "W/\u0022b6609ac1-7ccc-4f79-a5aa-ca13a334e959\u0022",
        "mise-correlation-id": "07324c9f-a687-470f-ae5d-bc5d6dbf421e",
        "Strict-Transport-Security": "max-age=2592000",
        "traceresponse": "00-9552a2aab66afe63e54a5bae00cc3f22-e3a2288fbcdc8f15-01"
      },
      "ResponseBody": null
    },
    {
      "RequestUri": "https://AZURE_DIGITALTWINS_URL.api.wcus.digitaltwins.azure.net/digitaltwins/DTRelationshipsTestsBuildingTwin/relationships/BuildingHasFloor?api-version=2020-10-31",
      "RequestMethod": "GET",
      "RequestHeaders": {
        "Accept": "application/json",
        "Accept-Encoding": "gzip,deflate",
        "Authorization": "Sanitized",
        "Connection": "keep-alive",
        "User-Agent": "azsdk-js-digital-twins-core/2.0.0 core-rest-pipeline/1.10.1 Node/v16.18.0 OS/(x64-Linux-5.4.0-1098-azure)",
        "x-ms-client-request-id": "d0d47b38-7478-4a22-b946-bed40a235677"
      },
      "RequestBody": null,
      "StatusCode": 200,
      "ResponseHeaders": {
        "Content-Length": "234",
        "Content-Type": "application/json; charset=utf-8",
        "Date": "Mon, 09 Jan 2023 23:21:53 GMT",
        "ETag": "W/\u0022b6609ac1-7ccc-4f79-a5aa-ca13a334e959\u0022",
        "mise-correlation-id": "0dd8483b-38d9-4c3c-8e5a-13f025aef40e",
        "Strict-Transport-Security": "max-age=2592000",
        "traceresponse": "00-b60d5e39c8db2088408b6ecd83f9cf39-316bc5a227403217-01"
      },
      "ResponseBody": {
        "$relationshipId": "BuildingHasFloor",
        "$etag": "W/\u0022b6609ac1-7ccc-4f79-a5aa-ca13a334e959\u0022",
        "$sourceId": "DTRelationshipsTestsBuildingTwin",
        "$relationshipName": "has",
        "$targetId": "DTRelationshipsTestsFloorTwin",
        "isAccessRestricted": true
      }
    },
    {
      "RequestUri": "https://AZURE_DIGITALTWINS_URL.api.wcus.digitaltwins.azure.net/digitaltwins/DTRelationshipsTestsBuildingTwin/relationships/BuildingHasFloor?api-version=2020-10-31",
      "RequestMethod": "DELETE",
      "RequestHeaders": {
        "Accept": "application/json",
        "Accept-Encoding": "gzip,deflate",
        "Authorization": "Sanitized",
        "Connection": "keep-alive",
        "User-Agent": "azsdk-js-digital-twins-core/2.0.0 core-rest-pipeline/1.10.1 Node/v16.18.0 OS/(x64-Linux-5.4.0-1098-azure)",
        "x-ms-client-request-id": "7e5a182f-feba-4e79-a27b-53afe668f048"
      },
      "RequestBody": null,
      "StatusCode": 204,
      "ResponseHeaders": {
        "Content-Length": "0",
        "Date": "Mon, 09 Jan 2023 23:21:53 GMT",
        "mise-correlation-id": "74a7859c-7bcd-45e5-b433-c648874df609",
        "Strict-Transport-Security": "max-age=2592000",
        "traceresponse": "00-e6786409443e8020b60415bbd8925b24-985f018f364879ec-01"
      },
      "ResponseBody": null
    },
    {
      "RequestUri": "https://AZURE_DIGITALTWINS_URL.api.wcus.digitaltwins.azure.net/digitaltwins/DTRelationshipsTestsBuildingTwin?api-version=2020-10-31",
      "RequestMethod": "DELETE",
      "RequestHeaders": {
        "Accept": "application/json",
        "Accept-Encoding": "gzip,deflate",
        "Authorization": "Sanitized",
        "Connection": "keep-alive",
        "User-Agent": "azsdk-js-digital-twins-core/2.0.0 core-rest-pipeline/1.10.1 Node/v16.18.0 OS/(x64-Linux-5.4.0-1098-azure)",
        "x-ms-client-request-id": "23714434-a75e-46d5-8d36-c1daa1aa8d58"
      },
      "RequestBody": null,
      "StatusCode": 204,
      "ResponseHeaders": {
        "Content-Length": "0",
        "Date": "Mon, 09 Jan 2023 23:21:53 GMT",
        "mise-correlation-id": "2bcb0632-d91d-4f4a-8aa7-617a494475ea",
        "Strict-Transport-Security": "max-age=2592000",
        "traceresponse": "00-abb116a0f8b5b8891ac252d4a66c8a03-6d34e14227cc1c81-01"
      },
      "ResponseBody": null
    },
    {
      "RequestUri": "https://AZURE_DIGITALTWINS_URL.api.wcus.digitaltwins.azure.net/digitaltwins/DTRelationshipsTestsFloorTwin?api-version=2020-10-31",
      "RequestMethod": "DELETE",
      "RequestHeaders": {
        "Accept": "application/json",
        "Accept-Encoding": "gzip,deflate",
        "Authorization": "Sanitized",
        "Connection": "keep-alive",
        "User-Agent": "azsdk-js-digital-twins-core/2.0.0 core-rest-pipeline/1.10.1 Node/v16.18.0 OS/(x64-Linux-5.4.0-1098-azure)",
        "x-ms-client-request-id": "b6daaf0d-98c7-4efe-b242-62beafa3db0b"
      },
      "RequestBody": null,
      "StatusCode": 204,
      "ResponseHeaders": {
        "Content-Length": "0",
        "Date": "Mon, 09 Jan 2023 23:21:53 GMT",
        "mise-correlation-id": "c868a96d-8ba8-439d-840b-ca526b09a565",
        "Strict-Transport-Security": "max-age=2592000",
        "traceresponse": "00-b07e00f0030b15d9260831a837943666-8d4f01e2be747a83-01"
      },
      "ResponseBody": null
    },
    {
      "RequestUri": "https://AZURE_DIGITALTWINS_URL.api.wcus.digitaltwins.azure.net/digitaltwins/DTRelationshipsTestsRoomTwin?api-version=2020-10-31",
      "RequestMethod": "DELETE",
      "RequestHeaders": {
        "Accept": "application/json",
        "Accept-Encoding": "gzip,deflate",
        "Authorization": "Sanitized",
        "Connection": "keep-alive",
        "User-Agent": "azsdk-js-digital-twins-core/2.0.0 core-rest-pipeline/1.10.1 Node/v16.18.0 OS/(x64-Linux-5.4.0-1098-azure)",
        "x-ms-client-request-id": "d58dcb74-8cd9-4d1d-85fd-786050843544"
      },
      "RequestBody": null,
      "StatusCode": 204,
      "ResponseHeaders": {
        "Content-Length": "0",
        "Date": "Mon, 09 Jan 2023 23:21:53 GMT",
        "mise-correlation-id": "a318192a-eb73-440a-b47b-b6a9f0c7d90c",
        "Strict-Transport-Security": "max-age=2592000",
        "traceresponse": "00-009efc6b76baa411ce885b377e9407b7-d7769ba456e1b32e-01"
      },
      "ResponseBody": null
    },
    {
      "RequestUri": "https://AZURE_DIGITALTWINS_URL.api.wcus.digitaltwins.azure.net/models/dtmi%3Asamples%3ADTRelationshipsTestsBuilding%3B1?api-version=2020-10-31",
      "RequestMethod": "DELETE",
      "RequestHeaders": {
        "Accept": "application/json",
        "Accept-Encoding": "gzip,deflate",
        "Authorization": "Sanitized",
        "Connection": "keep-alive",
        "User-Agent": "azsdk-js-digital-twins-core/2.0.0 core-rest-pipeline/1.10.1 Node/v16.18.0 OS/(x64-Linux-5.4.0-1098-azure)",
        "x-ms-client-request-id": "e5d00c9d-6b81-4736-a63a-832c90a5a668"
      },
      "RequestBody": null,
      "StatusCode": 204,
      "ResponseHeaders": {
        "Content-Length": "0",
        "Date": "Mon, 09 Jan 2023 23:21:53 GMT",
        "mise-correlation-id": "9e258cb2-77b3-4963-8d90-2eda09f7c63a",
        "Strict-Transport-Security": "max-age=2592000",
        "traceresponse": "00-9052fc19df0935f3c882b80ab232da9e-74e627baeb19276f-01"
      },
      "ResponseBody": null
    },
    {
      "RequestUri": "https://AZURE_DIGITALTWINS_URL.api.wcus.digitaltwins.azure.net/models/dtmi%3Asamples%3ADTRelationshipsTestsFloor%3B1?api-version=2020-10-31",
      "RequestMethod": "DELETE",
      "RequestHeaders": {
        "Accept": "application/json",
        "Accept-Encoding": "gzip,deflate",
        "Authorization": "Sanitized",
        "Connection": "keep-alive",
        "User-Agent": "azsdk-js-digital-twins-core/2.0.0 core-rest-pipeline/1.10.1 Node/v16.18.0 OS/(x64-Linux-5.4.0-1098-azure)",
        "x-ms-client-request-id": "3d134c71-105a-4784-9505-7fedc74e9310"
      },
      "RequestBody": null,
      "StatusCode": 204,
      "ResponseHeaders": {
        "Content-Length": "0",
        "Date": "Mon, 09 Jan 2023 23:21:53 GMT",
        "mise-correlation-id": "dd2c267f-cab1-4b3a-a30d-fc0e6dbdc585",
        "Strict-Transport-Security": "max-age=2592000",
        "traceresponse": "00-ad532faa1d52b58b4e61a5ffc453f799-c0dedc217b07493c-01"
      },
      "ResponseBody": null
    },
    {
      "RequestUri": "https://AZURE_DIGITALTWINS_URL.api.wcus.digitaltwins.azure.net/models/dtmi%3Asamples%3ADTRelationshipsTestsRoom%3B1?api-version=2020-10-31",
      "RequestMethod": "DELETE",
      "RequestHeaders": {
        "Accept": "application/json",
        "Accept-Encoding": "gzip,deflate",
        "Authorization": "Sanitized",
        "Connection": "keep-alive",
        "User-Agent": "azsdk-js-digital-twins-core/2.0.0 core-rest-pipeline/1.10.1 Node/v16.18.0 OS/(x64-Linux-5.4.0-1098-azure)",
        "x-ms-client-request-id": "82fd16f4-2a30-4562-97d5-157e279c92a9"
      },
      "RequestBody": null,
      "StatusCode": 204,
      "ResponseHeaders": {
        "Content-Length": "0",
        "Date": "Mon, 09 Jan 2023 23:21:53 GMT",
        "mise-correlation-id": "ec1e4b79-7763-45f0-9cca-1aed11d4c473",
        "Strict-Transport-Security": "max-age=2592000",
        "traceresponse": "00-3e491e0e9fdd202e9f5749ee6cc0603f-06d27b07be5d8107-01"
      },
      "ResponseBody": null
    }
  ],
  "Variables": {}
}
