{
  "Entries": [
    {
      "RequestUri": "https://endpoint/sip?api-version=2023-01-01-preview",
      "RequestMethod": "GET",
      "RequestHeaders": {
        "Accept": "application/json",
        "Accept-Encoding": "gzip,deflate",
        "Authorization": "Sanitized",
        "Connection": "keep-alive",
        "User-Agent": "azsdk-js-communication-phone-numbers/1.2.0-alpha.20230303.1 core-rest-pipeline/1.9.2 Node/v18.13.0 OS/(x64-Windows_NT-10.0.22621)",
        "x-ms-client-request-id": "sanitized",
        "x-ms-content-sha256": "47DEQpj8HBSa\u002B/TImW\u002B5JCeuQeRkm5NMpJWZG3hSuFU=",
        "x-ms-date": "Thu, 02 Mar 2023 14:05:12 GMT"
      },
      "RequestBody": null,
      "StatusCode": 200,
      "ResponseHeaders": {
        "api-supported-versions": "2021-05-01-preview, 2022-09-01-preview, 2023-01-01-preview, 2023-03-01",
        "Content-Length": "432",
        "Content-Type": "application/json; charset=utf-8",
        "Date": "Thu, 02 Mar 2023 14:05:12 GMT",
        "MS-CV": "Z2Sia9OTEEuQtwsJqKADbg.0",
        "Strict-Transport-Security": "max-age=2592000",
        "X-Azure-Ref": "0GK0AZAAAAAAmMUfLDJc\u002BQYc8HvEh441pUFJHMDFFREdFMDkxMABjYzkyNzU4ZC0wNWY3LTRhZDYtYWE1ZS0wZmE5NzE4ZDg5ODU=",
        "X-Cache": "CONFIG_NOCACHE",
        "X-Processing-Time": "167ms"
      },
      "ResponseBody": {
        "domains": {
          "nostojic13012023.skype.net": {
            "enabled": true
          },
          "nostojic14012023.skype.net": {
            "enabled": true
          }
        },
        "trunks": {
          "test1.nostojic13012023.skype.net": {
            "enabled": true,
            "sipSignalingPort": 1239
          },
          "test2.nostojic13012023.skype.net": {
            "enabled": true,
            "sipSignalingPort": 2348
          },
          "test3.nostojic13012023.skype.net": {
            "enabled": true,
            "sipSignalingPort": 3457
          },
          "test4.nostojic13012023.skype.net": {
            "enabled": true,
            "sipSignalingPort": 4567
          }
        },
        "routes": []
      }
    },
    {
      "RequestUri": "https://endpoint/sip?api-version=2023-01-01-preview",
      "RequestMethod": "PATCH",
      "RequestHeaders": {
        "Accept": "application/json",
        "Accept-Encoding": "gzip,deflate",
        "Authorization": "Sanitized",
        "Connection": "keep-alive",
        "Content-Length": "280",
        "Content-Type": "application/merge-patch\u002Bjson",
        "User-Agent": "azsdk-js-communication-phone-numbers/1.2.0-alpha.20230303.1 core-rest-pipeline/1.9.2 Node/v18.13.0 OS/(x64-Windows_NT-10.0.22621)",
        "x-ms-client-request-id": "sanitized",
        "x-ms-content-sha256": "9J6lDojn3w/YJ2iAQvyYtS37PA6neWCtmbSm9f3r240=",
        "x-ms-date": "Thu, 02 Mar 2023 14:05:12 GMT"
      },
      "RequestBody": {
        "trunks": {
          "test1.nostojic13012023.skype.net": {
            "sipSignalingPort": 1239,
            "enabled": true
          },
          "test2.nostojic13012023.skype.net": {
            "sipSignalingPort": 2348,
            "enabled": true
          },
          "test3.nostojic13012023.skype.net": {
            "sipSignalingPort": 3457,
            "enabled": true
          },
          "test4.nostojic13012023.skype.net": null
        }
      },
      "StatusCode": 200,
      "ResponseHeaders": {
        "api-supported-versions": "2021-05-01-preview, 2022-09-01-preview, 2023-01-01-preview, 2023-03-01",
        "Content-Length": "356",
        "Content-Type": "application/json; charset=utf-8",
        "Date": "Thu, 02 Mar 2023 14:05:13 GMT",
        "MS-CV": "1XPQKqnADEmrNuwlIN52Mw.0",
        "Strict-Transport-Security": "max-age=2592000",
        "X-Azure-Ref": "0Ga0AZAAAAAD9l3LUo1BlS654sZXwNBWkUFJHMDFFREdFMDkxMABjYzkyNzU4ZC0wNWY3LTRhZDYtYWE1ZS0wZmE5NzE4ZDg5ODU=",
        "X-Cache": "CONFIG_NOCACHE",
        "X-Processing-Time": "608ms"
      },
      "ResponseBody": {
        "domains": {
          "nostojic13012023.skype.net": {
            "enabled": true
          },
          "nostojic14012023.skype.net": {
            "enabled": true
          }
        },
        "trunks": {
          "test1.nostojic13012023.skype.net": {
            "enabled": true,
            "sipSignalingPort": 1239
          },
          "test2.nostojic13012023.skype.net": {
            "enabled": true,
            "sipSignalingPort": 2348
          },
          "test3.nostojic13012023.skype.net": {
            "enabled": true,
            "sipSignalingPort": 3457
          }
        },
        "routes": []
      }
    },
    {
      "RequestUri": "https://endpoint/sip?api-version=2023-01-01-preview\u0026expand=trunks%2Fhealth",
      "RequestMethod": "GET",
      "RequestHeaders": {
        "Accept": "application/json",
        "Accept-Encoding": "gzip,deflate",
        "Authorization": "Sanitized",
        "Connection": "keep-alive",
        "User-Agent": "azsdk-js-communication-phone-numbers/1.2.0-alpha.20230303.1 core-rest-pipeline/1.9.2 Node/v18.13.0 OS/(x64-Windows_NT-10.0.22621)",
        "x-ms-client-request-id": "sanitized",
        "x-ms-content-sha256": "47DEQpj8HBSa\u002B/TImW\u002B5JCeuQeRkm5NMpJWZG3hSuFU=",
        "x-ms-date": "Thu, 02 Mar 2023 14:05:13 GMT"
      },
      "RequestBody": null,
      "StatusCode": 200,
      "ResponseHeaders": {
        "api-supported-versions": "2021-05-01-preview, 2022-09-01-preview, 2023-01-01-preview, 2023-03-01",
        "Content-Length": "617",
        "Content-Type": "application/json; charset=utf-8",
        "Date": "Thu, 02 Mar 2023 14:05:13 GMT",
        "MS-CV": "aS6y/WSAm0S2SRizmyTMjw.0",
        "Strict-Transport-Security": "max-age=2592000",
        "X-Azure-Ref": "0Ga0AZAAAAABAR2CoDsC0TKRAwpCykXPcUFJHMDFFREdFMDkxMABjYzkyNzU4ZC0wNWY3LTRhZDYtYWE1ZS0wZmE5NzE4ZDg5ODU=",
        "X-Cache": "CONFIG_NOCACHE",
        "X-Processing-Time": "191ms"
      },
      "ResponseBody": {
        "domains": {
          "nostojic13012023.skype.net": {
            "enabled": true
          },
          "nostojic14012023.skype.net": {
            "enabled": true
          }
        },
        "trunks": {
          "test1.nostojic13012023.skype.net": {
            "health": {
              "tls": {
                "status": "ok"
              },
              "ping": {
                "status": "ok"
              },
              "overall": {
                "status": "unknown"
              }
            },
            "enabled": true,
            "sipSignalingPort": 1239
          },
          "test2.nostojic13012023.skype.net": {
            "health": {
              "tls": {
                "status": "ok"
              },
              "ping": {
                "status": "ok"
              },
              "overall": {
                "status": "unknown"
              }
            },
            "enabled": true,
            "sipSignalingPort": 2348
          },
          "test3.nostojic13012023.skype.net": {
            "health": {
              "tls": {
                "status": "ok"
              },
              "ping": {
                "status": "ok"
              },
              "overall": {
                "status": "unknown"
              }
            },
            "enabled": true,
            "sipSignalingPort": 3457
          }
        },
        "routes": []
      }
    }
  ],
  "Variables": {
    "fqdn-1": "test1.nostojic13012023.skype.net",
    "fqdn-2": "test2.nostojic13012023.skype.net",
    "fqdn-3": "test3.nostojic13012023.skype.net",
    "fqdn-4": "test4.nostojic13012023.skype.net"
  }
}
