{
  "Entries": [
    {
      "RequestUri": "https://endpoint/routing/distributionPolicies/test-d-policy-recorded-c-policies?api-version=2022-07-18-preview",
      "RequestMethod": "PATCH",
      "RequestHeaders": {
        "Accept": "application/json",
        "Accept-Encoding": "gzip,deflate",
        "Authorization": "Sanitized",
        "Connection": "keep-alive",
        "Content-Length": "157",
        "Content-Type": "application/merge-patch\u002Bjson",
        "User-Agent": "azsdk-js-communication-job-router/V2022-07-18-preview azsdk-js-communication-job-router/1.0.0-beta.1 core-rest-pipeline/1.11.1 Node/v16.16.0 OS/(x64-Windows_NT-10.0.22621)",
        "x-ms-client-request-id": "caff0792-73ea-4100-8168-7f8f03e362b9",
        "x-ms-content-sha256": "iRU4FoF\u002BSHDyek4I2mTj9UxqfsCodrYA4ivTcF4xVFQ=",
        "x-ms-date": "Fri, 30 Jun 2023 03:31:31 GMT"
      },
      "RequestBody": {
        "name": "test-d-policy",
        "offerExpiresAfterSeconds": 60,
        "mode": {
          "kind": "longest-idle",
          "minConcurrentOffers": 1,
          "maxConcurrentOffers": 5,
          "bypassSelectors": false
        }
      },
      "StatusCode": 201,
      "ResponseHeaders": {
        "api-supported-versions": "2021-04-07-preview1, 2022-07-18-preview",
        "Content-Type": "application/json; charset=utf-8",
        "Date": "Fri, 30 Jun 2023 03:31:31 GMT",
        "ETag": "\u002203009d4e-0000-0700-0000-649e4c940000\u0022",
        "Last-Modified": "Fri, 30 Jun 2023 03:31:32 GMT",
        "trace-id": "60433f03-f405-280b-2c31-d53e4c85277a",
        "Transfer-Encoding": "chunked",
        "X-Azure-Ref": "0lEyeZAAAAADT5ImahbyqTLxdHhTEVVDCWVZSMzExMDAwMTE1MDIxAGYwOWE0YzEzLTIxZjEtNDhlYy05Y2Y3LTY2NTQ1Njg0YjY0Mg==",
        "X-Cache": "CONFIG_NOCACHE"
      },
      "ResponseBody": {
        "id": "test-d-policy-recorded-c-policies",
        "name": "test-d-policy",
        "offerExpiresAfterSeconds": 60,
        "mode": {
          "kind": "longest-idle",
          "minConcurrentOffers": 1,
          "maxConcurrentOffers": 5,
          "bypassSelectors": false
        }
      }
    },
    {
      "RequestUri": "https://endpoint/routing/exceptionPolicies/test-e-policy-recorded-c-policies?api-version=2022-07-18-preview",
      "RequestMethod": "PATCH",
      "RequestHeaders": {
        "Accept": "application/json",
        "Accept-Encoding": "gzip,deflate",
        "Authorization": "Sanitized",
        "Connection": "keep-alive",
        "Content-Length": "205",
        "Content-Type": "application/merge-patch\u002Bjson",
        "User-Agent": "azsdk-js-communication-job-router/V2022-07-18-preview azsdk-js-communication-job-router/1.0.0-beta.1 core-rest-pipeline/1.11.1 Node/v16.16.0 OS/(x64-Windows_NT-10.0.22621)",
        "x-ms-client-request-id": "1c50a3c3-a828-402e-9430-8d2416eadf90",
        "x-ms-content-sha256": "DnPGZm8GTFJTh0d1bEHun9/03VZVF0xo\u002BzuWvPJk3V0=",
        "x-ms-date": "Fri, 30 Jun 2023 03:31:31 GMT"
      },
      "RequestBody": {
        "name": "test-e-policy",
        "exceptionRules": {
          "MaxWaitTimeExceededCancel": {
            "trigger": {
              "kind": "wait-time",
              "thresholdSeconds": 10
            },
            "actions": {
              "Cancel": {
                "kind": "cancel",
                "note": "wait time exceeded; cancelling"
              }
            }
          }
        }
      },
      "StatusCode": 201,
      "ResponseHeaders": {
        "api-supported-versions": "2021-04-07-preview1, 2022-07-18-preview",
        "Content-Type": "application/json; charset=utf-8",
        "Date": "Fri, 30 Jun 2023 03:31:31 GMT",
        "ETag": "\u00220a0041db-0000-0700-0000-649e4c940000\u0022",
        "Last-Modified": "Fri, 30 Jun 2023 03:31:32 GMT",
        "trace-id": "133c4fb1-d184-4bb4-74ef-8b03908979a4",
        "Transfer-Encoding": "chunked",
        "X-Azure-Ref": "0lEyeZAAAAAD4PrRoxZXORZ7I1KEx5y4OWVZSMzExMDAwMTE1MDIxAGYwOWE0YzEzLTIxZjEtNDhlYy05Y2Y3LTY2NTQ1Njg0YjY0Mg==",
        "X-Cache": "CONFIG_NOCACHE"
      },
      "ResponseBody": {
        "id": "test-e-policy-recorded-c-policies",
        "name": "test-e-policy",
        "exceptionRules": {
          "MaxWaitTimeExceededCancel": {
            "trigger": {
              "kind": "wait-time",
              "thresholdSeconds": 10
            },
            "actions": {
              "Cancel": {
                "kind": "cancel",
                "note": "wait time exceeded; cancelling"
              }
            }
          }
        }
      }
    },
    {
      "RequestUri": "https://endpoint/routing/queues/test-queue-recorded-c-policies?api-version=2022-07-18-preview",
      "RequestMethod": "PATCH",
      "RequestHeaders": {
        "Accept": "application/json",
        "Accept-Encoding": "gzip,deflate",
        "Authorization": "Sanitized",
        "Connection": "keep-alive",
        "Content-Length": "148",
        "Content-Type": "application/merge-patch\u002Bjson",
        "User-Agent": "azsdk-js-communication-job-router/V2022-07-18-preview azsdk-js-communication-job-router/1.0.0-beta.1 core-rest-pipeline/1.11.1 Node/v16.16.0 OS/(x64-Windows_NT-10.0.22621)",
        "x-ms-client-request-id": "8e21c1b8-4f27-4d4b-8174-b41a35d68b33",
        "x-ms-content-sha256": "qRWFHoREa2k7DASZyaBs2fT7U3K1F6k\u002B0dnaJQ9M8Xw=",
        "x-ms-date": "Fri, 30 Jun 2023 03:31:31 GMT"
      },
      "RequestBody": {
        "name": "test-queue",
        "distributionPolicyId": "test-d-policy-recorded-c-policies",
        "labels": {},
        "exceptionPolicyId": "test-e-policy-recorded-c-policies"
      },
      "StatusCode": 200,
      "ResponseHeaders": {
        "api-supported-versions": "2021-04-07-preview1, 2022-07-18-preview",
        "Content-Type": "application/json; charset=utf-8",
        "Date": "Fri, 30 Jun 2023 03:31:31 GMT",
        "ETag": "\u002286005a8a-0000-0700-0000-649e4c940000\u0022",
        "Last-Modified": "Fri, 30 Jun 2023 03:31:32 GMT",
        "trace-id": "2af1aeb9-698d-52a3-22f1-f85291526789",
        "Transfer-Encoding": "chunked",
        "X-Azure-Ref": "0lEyeZAAAAABYsExgvRs9SrqRamEArKqcWVZSMzExMDAwMTE1MDIxAGYwOWE0YzEzLTIxZjEtNDhlYy05Y2Y3LTY2NTQ1Njg0YjY0Mg==",
        "X-Cache": "CONFIG_NOCACHE"
      },
      "ResponseBody": {
        "id": "test-queue-recorded-c-policies",
        "name": "test-queue",
        "distributionPolicyId": "test-d-policy-recorded-c-policies",
        "labels": {
          "Id": "test-queue-recorded-c-policies"
        },
        "exceptionPolicyId": "test-e-policy-recorded-c-policies"
      }
    },
    {
      "RequestUri": "https://endpoint/routing/classificationPolicies/test-c-policy-recorded-c-policies?api-version=2022-07-18-preview",
      "RequestMethod": "PATCH",
      "RequestHeaders": {
        "Accept": "application/json",
        "Accept-Encoding": "gzip,deflate",
        "Authorization": "Sanitized",
        "Connection": "keep-alive",
        "Content-Length": "75",
        "Content-Type": "application/merge-patch\u002Bjson",
        "User-Agent": "azsdk-js-communication-job-router/V2022-07-18-preview azsdk-js-communication-job-router/1.0.0-beta.1 core-rest-pipeline/1.11.1 Node/v16.16.0 OS/(x64-Windows_NT-10.0.22621)",
        "x-ms-client-request-id": "6134928f-f0b8-42e8-ad57-57cfefc6099b",
        "x-ms-content-sha256": "M9/hoJleHXaRg2AWm8JX0BpfTE9qzLEIBtOPGi\u002B7dQw=",
        "x-ms-date": "Fri, 30 Jun 2023 03:31:31 GMT"
      },
      "RequestBody": {
        "name": "test-c-policy",
        "fallbackQueueId": "test-queue-recorded-c-policies"
      },
      "StatusCode": 201,
      "ResponseHeaders": {
        "api-supported-versions": "2021-04-07-preview1, 2022-07-18-preview",
        "Content-Type": "application/json; charset=utf-8",
        "Date": "Fri, 30 Jun 2023 03:31:31 GMT",
        "ETag": "\u00220000c3d8-0000-0700-0000-649e4c940000\u0022",
        "Last-Modified": "Fri, 30 Jun 2023 03:31:32 GMT",
        "trace-id": "851b5e19-c8a5-6762-3c07-fd7745744328",
        "Transfer-Encoding": "chunked",
        "X-Azure-Ref": "0lEyeZAAAAAAwFkGi6BqaSbvq5Ref0qo1WVZSMzExMDAwMTE1MDIxAGYwOWE0YzEzLTIxZjEtNDhlYy05Y2Y3LTY2NTQ1Njg0YjY0Mg==",
        "X-Cache": "CONFIG_NOCACHE"
      },
      "ResponseBody": {
        "id": "test-c-policy-recorded-c-policies",
        "name": "test-c-policy",
        "fallbackQueueId": "test-queue-recorded-c-policies",
        "queueSelectors": [],
        "workerSelectors": []
      }
    },
    {
      "RequestUri": "https://endpoint/routing/classificationPolicies/test-c-policy-recorded-c-policies?api-version=2022-07-18-preview",
      "RequestMethod": "DELETE",
      "RequestHeaders": {
        "Accept": "application/json",
        "Accept-Encoding": "gzip,deflate",
        "Authorization": "Sanitized",
        "Connection": "keep-alive",
        "User-Agent": "azsdk-js-communication-job-router/V2022-07-18-preview azsdk-js-communication-job-router/1.0.0-beta.1 core-rest-pipeline/1.11.1 Node/v16.16.0 OS/(x64-Windows_NT-10.0.22621)",
        "x-ms-client-request-id": "4dceb1c6-9d0b-4757-9392-bf32354243e8",
        "x-ms-content-sha256": "47DEQpj8HBSa\u002B/TImW\u002B5JCeuQeRkm5NMpJWZG3hSuFU=",
        "x-ms-date": "Fri, 30 Jun 2023 03:31:31 GMT"
      },
      "RequestBody": null,
      "StatusCode": 204,
      "ResponseHeaders": {
        "api-supported-versions": "2021-04-07-preview1, 2022-07-18-preview",
        "Date": "Fri, 30 Jun 2023 03:31:31 GMT",
        "trace-id": "9c96231b-87ab-7a20-c41a-64cef08a3cd0",
        "X-Azure-Ref": "0lEyeZAAAAAAuTmYZsOQQRISKbePWb7ZxWVZSMzExMDAwMTE1MDIxAGYwOWE0YzEzLTIxZjEtNDhlYy05Y2Y3LTY2NTQ1Njg0YjY0Mg==",
        "X-Cache": "CONFIG_NOCACHE"
      },
      "ResponseBody": null
    },
    {
      "RequestUri": "https://endpoint/routing/classificationPolicies/test-c-policy-recorded-c-policies?api-version=2022-07-18-preview",
      "RequestMethod": "DELETE",
      "RequestHeaders": {
        "Accept": "application/json",
        "Accept-Encoding": "gzip,deflate",
        "Authorization": "Sanitized",
        "Connection": "keep-alive",
        "User-Agent": "azsdk-js-communication-job-router/V2022-07-18-preview azsdk-js-communication-job-router/1.0.0-beta.1 core-rest-pipeline/1.11.1 Node/v16.16.0 OS/(x64-Windows_NT-10.0.22621)",
        "x-ms-client-request-id": "cc9eca40-5edf-424b-939c-b1e5d26670a7",
        "x-ms-content-sha256": "47DEQpj8HBSa\u002B/TImW\u002B5JCeuQeRkm5NMpJWZG3hSuFU=",
        "x-ms-date": "Fri, 30 Jun 2023 03:31:31 GMT"
      },
      "RequestBody": null,
      "StatusCode": 204,
      "ResponseHeaders": {
        "api-supported-versions": "2021-04-07-preview1, 2022-07-18-preview",
        "Date": "Fri, 30 Jun 2023 03:31:32 GMT",
        "trace-id": "5519a4ae-1108-2702-d177-736ce1885a0b",
        "X-Azure-Ref": "0lEyeZAAAAAA\u002BunqDgnLWS7T05JqRYQrGWVZSMzExMDAwMTE1MDIxAGYwOWE0YzEzLTIxZjEtNDhlYy05Y2Y3LTY2NTQ1Njg0YjY0Mg==",
        "X-Cache": "CONFIG_NOCACHE"
      },
      "ResponseBody": null
    },
    {
      "RequestUri": "https://endpoint/routing/queues/test-queue-recorded-c-policies?api-version=2022-07-18-preview",
      "RequestMethod": "DELETE",
      "RequestHeaders": {
        "Accept": "application/json",
        "Accept-Encoding": "gzip,deflate",
        "Authorization": "Sanitized",
        "Connection": "keep-alive",
        "User-Agent": "azsdk-js-communication-job-router/V2022-07-18-preview azsdk-js-communication-job-router/1.0.0-beta.1 core-rest-pipeline/1.11.1 Node/v16.16.0 OS/(x64-Windows_NT-10.0.22621)",
        "x-ms-client-request-id": "5e311609-305f-4bac-887b-b503fdcdc748",
        "x-ms-content-sha256": "47DEQpj8HBSa\u002B/TImW\u002B5JCeuQeRkm5NMpJWZG3hSuFU=",
        "x-ms-date": "Fri, 30 Jun 2023 03:31:32 GMT"
      },
      "RequestBody": null,
      "StatusCode": 204,
      "ResponseHeaders": {
        "api-supported-versions": "2021-04-07-preview1, 2022-07-18-preview",
        "Date": "Fri, 30 Jun 2023 03:31:32 GMT",
        "trace-id": "117f73fc-a40b-8542-12bf-20c0c4476170",
        "X-Azure-Ref": "0lEyeZAAAAACDmi\u002BfHqvVR5QIakPzs5ycWVZSMzExMDAwMTE1MDIxAGYwOWE0YzEzLTIxZjEtNDhlYy05Y2Y3LTY2NTQ1Njg0YjY0Mg==",
        "X-Cache": "CONFIG_NOCACHE"
      },
      "ResponseBody": null
    },
    {
      "RequestUri": "https://endpoint/routing/exceptionPolicies/test-e-policy-recorded-c-policies?api-version=2022-07-18-preview",
      "RequestMethod": "DELETE",
      "RequestHeaders": {
        "Accept": "application/json",
        "Accept-Encoding": "gzip,deflate",
        "Authorization": "Sanitized",
        "Connection": "keep-alive",
        "User-Agent": "azsdk-js-communication-job-router/V2022-07-18-preview azsdk-js-communication-job-router/1.0.0-beta.1 core-rest-pipeline/1.11.1 Node/v16.16.0 OS/(x64-Windows_NT-10.0.22621)",
        "x-ms-client-request-id": "366a711e-16ec-4d40-9923-f43b05d83b13",
        "x-ms-content-sha256": "47DEQpj8HBSa\u002B/TImW\u002B5JCeuQeRkm5NMpJWZG3hSuFU=",
        "x-ms-date": "Fri, 30 Jun 2023 03:31:32 GMT"
      },
      "RequestBody": null,
      "StatusCode": 204,
      "ResponseHeaders": {
        "api-supported-versions": "2021-04-07-preview1, 2022-07-18-preview",
        "Date": "Fri, 30 Jun 2023 03:31:32 GMT",
        "trace-id": "bf5680c2-1878-62ec-2c77-d1e33a520554",
        "X-Azure-Ref": "0lEyeZAAAAADxEh0mrlIOSojAPy4rklVtWVZSMzExMDAwMTE1MDIxAGYwOWE0YzEzLTIxZjEtNDhlYy05Y2Y3LTY2NTQ1Njg0YjY0Mg==",
        "X-Cache": "CONFIG_NOCACHE"
      },
      "ResponseBody": null
    },
    {
      "RequestUri": "https://endpoint/routing/distributionPolicies/test-d-policy-recorded-c-policies?api-version=2022-07-18-preview",
      "RequestMethod": "DELETE",
      "RequestHeaders": {
        "Accept": "application/json",
        "Accept-Encoding": "gzip,deflate",
        "Authorization": "Sanitized",
        "Connection": "keep-alive",
        "User-Agent": "azsdk-js-communication-job-router/V2022-07-18-preview azsdk-js-communication-job-router/1.0.0-beta.1 core-rest-pipeline/1.11.1 Node/v16.16.0 OS/(x64-Windows_NT-10.0.22621)",
        "x-ms-client-request-id": "d3b522dc-122a-4795-97d6-772c3587c36f",
        "x-ms-content-sha256": "47DEQpj8HBSa\u002B/TImW\u002B5JCeuQeRkm5NMpJWZG3hSuFU=",
        "x-ms-date": "Fri, 30 Jun 2023 03:31:32 GMT"
      },
      "RequestBody": null,
      "StatusCode": 204,
      "ResponseHeaders": {
        "api-supported-versions": "2021-04-07-preview1, 2022-07-18-preview",
        "Date": "Fri, 30 Jun 2023 03:31:32 GMT",
        "trace-id": "f7ef5549-49ca-c366-6e38-a44954c8e80a",
        "X-Azure-Ref": "0lEyeZAAAAACorNHxoy0YTp9uLp9rwFvbWVZSMzExMDAwMTE1MDIxAGYwOWE0YzEzLTIxZjEtNDhlYy05Y2Y3LTY2NTQ1Njg0YjY0Mg==",
        "X-Cache": "CONFIG_NOCACHE"
      },
      "ResponseBody": null
    }
  ],
  "Variables": {}
}
