{
  "Entries": [
    {
      "RequestUri": "https://management.azure.com/subscriptions/azure_subscription_id/resourceGroups/myjstest/providers/Microsoft.Cache/redis/myrediscachexxx111?api-version=2022-06-01",
      "RequestMethod": "DELETE",
      "RequestHeaders": {
        "Accept": "application/json",
        "Accept-Encoding": "gzip,deflate",
        "Authorization": "Sanitized",
        "Connection": "keep-alive",
        "User-Agent": "azsdk-js-arm-rediscache/7.1.2 core-rest-pipeline/1.10.2 Node/v16.17.0 OS/(x64-Windows_NT-10.0.22621)",
        "x-ms-client-request-id": "17766a28-4d7c-4884-b5ca-15c8aa35afb1"
      },
      "RequestBody": null,
      "StatusCode": 202,
      "ResponseHeaders": {
        "Cache-Control": "no-cache",
        "Content-Length": "0",
        "Date": "Mon, 06 Feb 2023 03:19:36 GMT",
        "Expires": "-1",
        "Location": "https://management.azure.com/subscriptions/azure_subscription_id/providers/Microsoft.Cache/locations/East%20US/operationresults/c6bf95fd-6eea-4885-bd7e-dd7a6245892d?api-version=2022-06-01",
        "Pragma": "no-cache",
        "Server": "Microsoft-HTTPAPI/2.0",
        "Strict-Transport-Security": "max-age=31536000; includeSubDomains",
        "X-Content-Type-Options": "nosniff",
        "x-ms-correlation-request-id": "17e678ad-a0a0-49eb-a110-5ef3f7e8354f",
        "x-ms-ratelimit-remaining-subscription-deletes": "14998",
        "x-ms-request-id": "c6bf95fd-6eea-4885-bd7e-dd7a6245892d",
        "x-ms-routing-request-id": "SOUTHEASTASIA:20230206T031936Z:17e678ad-a0a0-49eb-a110-5ef3f7e8354f",
        "x-rp-server-mvid": "b9a917b0-7b08-4f97-9f88-dbe71340e8fc"
      },
      "ResponseBody": null
    },
    {
      "RequestUri": "https://management.azure.com/subscriptions/azure_subscription_id/providers/Microsoft.Cache/locations/East%20US/operationresults/c6bf95fd-6eea-4885-bd7e-dd7a6245892d?api-version=2022-06-01",
      "RequestMethod": "GET",
      "RequestHeaders": {
        "Accept": "application/json",
        "Accept-Encoding": "gzip,deflate",
        "Authorization": "Sanitized",
        "Connection": "keep-alive",
        "User-Agent": "azsdk-js-arm-rediscache/7.1.2 core-rest-pipeline/1.10.2 Node/v16.17.0 OS/(x64-Windows_NT-10.0.22621)",
        "x-ms-client-request-id": "70ca6c03-0d0a-43bc-8677-f1380bfdd900"
      },
      "RequestBody": null,
      "StatusCode": 202,
      "ResponseHeaders": {
        "Cache-Control": "no-cache",
        "Content-Length": "0",
        "Date": "Mon, 06 Feb 2023 03:19:36 GMT",
        "Expires": "-1",
        "Location": "https://management.azure.com/subscriptions/azure_subscription_id/providers/Microsoft.Cache/locations/East%20US/operationresults/c6bf95fd-6eea-4885-bd7e-dd7a6245892d?api-version=2022-06-01",
        "Pragma": "no-cache",
        "Server": "Microsoft-HTTPAPI/2.0",
        "Strict-Transport-Security": "max-age=31536000; includeSubDomains",
        "X-Content-Type-Options": "nosniff",
        "x-ms-correlation-request-id": "f844c88b-6b76-41fe-bcb2-f7b8a50eb04f",
        "x-ms-ratelimit-remaining-subscription-reads": "11660",
        "x-ms-request-id": "ba4cc0d4-5e56-4e78-981b-1c860fbd6d45",
        "x-ms-routing-request-id": "SOUTHEASTASIA:20230206T031936Z:f844c88b-6b76-41fe-bcb2-f7b8a50eb04f",
        "x-rp-server-mvid": "b9a917b0-7b08-4f97-9f88-dbe71340e8fc"
      },
      "ResponseBody": null
    },
    {
      "RequestUri": "https://management.azure.com/subscriptions/azure_subscription_id/providers/Microsoft.Cache/locations/East%20US/operationresults/c6bf95fd-6eea-4885-bd7e-dd7a6245892d?api-version=2022-06-01",
      "RequestMethod": "GET",
      "RequestHeaders": {
        "Accept": "application/json",
        "Accept-Encoding": "gzip,deflate",
        "Authorization": "Sanitized",
        "Connection": "keep-alive",
        "User-Agent": "azsdk-js-arm-rediscache/7.1.2 core-rest-pipeline/1.10.2 Node/v16.17.0 OS/(x64-Windows_NT-10.0.22621)",
        "x-ms-client-request-id": "e7b9e044-2f9a-49e3-8155-a6abcf4c8413"
      },
      "RequestBody": null,
      "StatusCode": 202,
      "ResponseHeaders": {
        "Cache-Control": "no-cache",
        "Content-Length": "0",
        "Date": "Mon, 06 Feb 2023 03:19:36 GMT",
        "Expires": "-1",
        "Location": "https://management.azure.com/subscriptions/azure_subscription_id/providers/Microsoft.Cache/locations/East%20US/operationresults/c6bf95fd-6eea-4885-bd7e-dd7a6245892d?api-version=2022-06-01",
        "Pragma": "no-cache",
        "Server": "Microsoft-HTTPAPI/2.0",
        "Strict-Transport-Security": "max-age=31536000; includeSubDomains",
        "X-Content-Type-Options": "nosniff",
        "x-ms-correlation-request-id": "3be78143-d382-45ad-8aac-da0fa2d4cd16",
        "x-ms-ratelimit-remaining-subscription-reads": "11659",
        "x-ms-request-id": "ed1bd492-7d73-47e4-9a3f-dc4405d25916",
        "x-ms-routing-request-id": "SOUTHEASTASIA:20230206T031937Z:3be78143-d382-45ad-8aac-da0fa2d4cd16",
        "x-rp-server-mvid": "b9a917b0-7b08-4f97-9f88-dbe71340e8fc"
      },
      "ResponseBody": null
    },
    {
      "RequestUri": "https://management.azure.com/subscriptions/azure_subscription_id/providers/Microsoft.Cache/locations/East%20US/operationresults/c6bf95fd-6eea-4885-bd7e-dd7a6245892d?api-version=2022-06-01",
      "RequestMethod": "GET",
      "RequestHeaders": {
        "Accept": "application/json",
        "Accept-Encoding": "gzip,deflate",
        "Authorization": "Sanitized",
        "Connection": "keep-alive",
        "User-Agent": "azsdk-js-arm-rediscache/7.1.2 core-rest-pipeline/1.10.2 Node/v16.17.0 OS/(x64-Windows_NT-10.0.22621)",
        "x-ms-client-request-id": "bb634f06-7af0-446a-bb2f-c75b8e3544e7"
      },
      "RequestBody": null,
      "StatusCode": 202,
      "ResponseHeaders": {
        "Cache-Control": "no-cache",
        "Content-Length": "0",
        "Date": "Mon, 06 Feb 2023 03:19:39 GMT",
        "Expires": "-1",
        "Location": "https://management.azure.com/subscriptions/azure_subscription_id/providers/Microsoft.Cache/locations/East%20US/operationresults/c6bf95fd-6eea-4885-bd7e-dd7a6245892d?api-version=2022-06-01",
        "Pragma": "no-cache",
        "Server": "Microsoft-HTTPAPI/2.0",
        "Strict-Transport-Security": "max-age=31536000; includeSubDomains",
        "X-Content-Type-Options": "nosniff",
        "x-ms-correlation-request-id": "f06904a8-e195-4936-bfec-9391946d3286",
        "x-ms-ratelimit-remaining-subscription-reads": "11658",
        "x-ms-request-id": "f88b0698-d0fa-4faa-b3d5-54aa318ccbf6",
        "x-ms-routing-request-id": "SOUTHEASTASIA:20230206T031939Z:f06904a8-e195-4936-bfec-9391946d3286",
        "x-rp-server-mvid": "b9a917b0-7b08-4f97-9f88-dbe71340e8fc"
      },
      "ResponseBody": null
    },
    {
      "RequestUri": "https://management.azure.com/subscriptions/azure_subscription_id/providers/Microsoft.Cache/locations/East%20US/operationresults/c6bf95fd-6eea-4885-bd7e-dd7a6245892d?api-version=2022-06-01",
      "RequestMethod": "GET",
      "RequestHeaders": {
        "Accept": "application/json",
        "Accept-Encoding": "gzip,deflate",
        "Authorization": "Sanitized",
        "Connection": "keep-alive",
        "User-Agent": "azsdk-js-arm-rediscache/7.1.2 core-rest-pipeline/1.10.2 Node/v16.17.0 OS/(x64-Windows_NT-10.0.22621)",
        "x-ms-client-request-id": "360bbe0d-9e7a-4dc2-8a0c-740d501326fb"
      },
      "RequestBody": null,
      "StatusCode": 202,
      "ResponseHeaders": {
        "Cache-Control": "no-cache",
        "Content-Length": "0",
        "Date": "Mon, 06 Feb 2023 03:19:41 GMT",
        "Expires": "-1",
        "Location": "https://management.azure.com/subscriptions/azure_subscription_id/providers/Microsoft.Cache/locations/East%20US/operationresults/c6bf95fd-6eea-4885-bd7e-dd7a6245892d?api-version=2022-06-01",
        "Pragma": "no-cache",
        "Server": "Microsoft-HTTPAPI/2.0",
        "Strict-Transport-Security": "max-age=31536000; includeSubDomains",
        "X-Content-Type-Options": "nosniff",
        "x-ms-correlation-request-id": "70c79afd-3917-4790-9792-38b5556e64b3",
        "x-ms-ratelimit-remaining-subscription-reads": "11657",
        "x-ms-request-id": "117b5187-04ef-4dd3-91de-c32b55a02cd9",
        "x-ms-routing-request-id": "SOUTHEASTASIA:20230206T031941Z:70c79afd-3917-4790-9792-38b5556e64b3",
        "x-rp-server-mvid": "b9a917b0-7b08-4f97-9f88-dbe71340e8fc"
      },
      "ResponseBody": null
    },
    {
      "RequestUri": "https://management.azure.com/subscriptions/azure_subscription_id/providers/Microsoft.Cache/locations/East%20US/operationresults/c6bf95fd-6eea-4885-bd7e-dd7a6245892d?api-version=2022-06-01",
      "RequestMethod": "GET",
      "RequestHeaders": {
        "Accept": "application/json",
        "Accept-Encoding": "gzip,deflate",
        "Authorization": "Sanitized",
        "Connection": "keep-alive",
        "User-Agent": "azsdk-js-arm-rediscache/7.1.2 core-rest-pipeline/1.10.2 Node/v16.17.0 OS/(x64-Windows_NT-10.0.22621)",
        "x-ms-client-request-id": "4b07f777-0536-4411-8d0c-39c239b8c805"
      },
      "RequestBody": null,
      "StatusCode": 202,
      "ResponseHeaders": {
        "Cache-Control": "no-cache",
        "Content-Length": "0",
        "Date": "Mon, 06 Feb 2023 03:19:43 GMT",
        "Expires": "-1",
        "Location": "https://management.azure.com/subscriptions/azure_subscription_id/providers/Microsoft.Cache/locations/East%20US/operationresults/c6bf95fd-6eea-4885-bd7e-dd7a6245892d?api-version=2022-06-01",
        "Pragma": "no-cache",
        "Server": "Microsoft-HTTPAPI/2.0",
        "Strict-Transport-Security": "max-age=31536000; includeSubDomains",
        "X-Content-Type-Options": "nosniff",
        "x-ms-correlation-request-id": "9f0634a3-4e01-4bca-8609-a8813e29c101",
        "x-ms-ratelimit-remaining-subscription-reads": "11656",
        "x-ms-request-id": "e033d74c-7917-478d-99fc-9635314f1fc6",
        "x-ms-routing-request-id": "SOUTHEASTASIA:20230206T031944Z:9f0634a3-4e01-4bca-8609-a8813e29c101",
        "x-rp-server-mvid": "b9a917b0-7b08-4f97-9f88-dbe71340e8fc"
      },
      "ResponseBody": null
    },
    {
      "RequestUri": "https://management.azure.com/subscriptions/azure_subscription_id/providers/Microsoft.Cache/locations/East%20US/operationresults/c6bf95fd-6eea-4885-bd7e-dd7a6245892d?api-version=2022-06-01",
      "RequestMethod": "GET",
      "RequestHeaders": {
        "Accept": "application/json",
        "Accept-Encoding": "gzip,deflate",
        "Authorization": "Sanitized",
        "Connection": "keep-alive",
        "User-Agent": "azsdk-js-arm-rediscache/7.1.2 core-rest-pipeline/1.10.2 Node/v16.17.0 OS/(x64-Windows_NT-10.0.22621)",
        "x-ms-client-request-id": "3696fe69-9510-4a4b-85eb-7db010a0f932"
      },
      "RequestBody": null,
      "StatusCode": 202,
      "ResponseHeaders": {
        "Cache-Control": "no-cache",
        "Content-Length": "0",
        "Date": "Mon, 06 Feb 2023 03:19:45 GMT",
        "Expires": "-1",
        "Location": "https://management.azure.com/subscriptions/azure_subscription_id/providers/Microsoft.Cache/locations/East%20US/operationresults/c6bf95fd-6eea-4885-bd7e-dd7a6245892d?api-version=2022-06-01",
        "Pragma": "no-cache",
        "Server": "Microsoft-HTTPAPI/2.0",
        "Strict-Transport-Security": "max-age=31536000; includeSubDomains",
        "X-Content-Type-Options": "nosniff",
        "x-ms-correlation-request-id": "507f9ae9-0fb1-40de-bcea-58d83e1b89d7",
        "x-ms-ratelimit-remaining-subscription-reads": "11655",
        "x-ms-request-id": "13ed64a5-3a87-4325-a28f-d61b5b72b687",
        "x-ms-routing-request-id": "SOUTHEASTASIA:20230206T031946Z:507f9ae9-0fb1-40de-bcea-58d83e1b89d7",
        "x-rp-server-mvid": "b9a917b0-7b08-4f97-9f88-dbe71340e8fc"
      },
      "ResponseBody": null
    },
    {
      "RequestUri": "https://management.azure.com/subscriptions/azure_subscription_id/providers/Microsoft.Cache/locations/East%20US/operationresults/c6bf95fd-6eea-4885-bd7e-dd7a6245892d?api-version=2022-06-01",
      "RequestMethod": "GET",
      "RequestHeaders": {
        "Accept": "application/json",
        "Accept-Encoding": "gzip,deflate",
        "Authorization": "Sanitized",
        "Connection": "keep-alive",
        "User-Agent": "azsdk-js-arm-rediscache/7.1.2 core-rest-pipeline/1.10.2 Node/v16.17.0 OS/(x64-Windows_NT-10.0.22621)",
        "x-ms-client-request-id": "c96d9baf-c59c-4edc-81ef-8c53fd19f887"
      },
      "RequestBody": null,
      "StatusCode": 202,
      "ResponseHeaders": {
        "Cache-Control": "no-cache",
        "Content-Length": "0",
        "Date": "Mon, 06 Feb 2023 03:19:48 GMT",
        "Expires": "-1",
        "Location": "https://management.azure.com/subscriptions/azure_subscription_id/providers/Microsoft.Cache/locations/East%20US/operationresults/c6bf95fd-6eea-4885-bd7e-dd7a6245892d?api-version=2022-06-01",
        "Pragma": "no-cache",
        "Server": "Microsoft-HTTPAPI/2.0",
        "Strict-Transport-Security": "max-age=31536000; includeSubDomains",
        "X-Content-Type-Options": "nosniff",
        "x-ms-correlation-request-id": "5a2d24bc-4c49-4f03-adcd-56dbafd104b6",
        "x-ms-ratelimit-remaining-subscription-reads": "11654",
        "x-ms-request-id": "b3e0dac4-4e41-47ff-a676-6d5569f08948",
        "x-ms-routing-request-id": "SOUTHEASTASIA:20230206T031948Z:5a2d24bc-4c49-4f03-adcd-56dbafd104b6",
        "x-rp-server-mvid": "b9a917b0-7b08-4f97-9f88-dbe71340e8fc"
      },
      "ResponseBody": null
    },
    {
      "RequestUri": "https://management.azure.com/subscriptions/azure_subscription_id/providers/Microsoft.Cache/locations/East%20US/operationresults/c6bf95fd-6eea-4885-bd7e-dd7a6245892d?api-version=2022-06-01",
      "RequestMethod": "GET",
      "RequestHeaders": {
        "Accept": "application/json",
        "Accept-Encoding": "gzip,deflate",
        "Authorization": "Sanitized",
        "Connection": "keep-alive",
        "User-Agent": "azsdk-js-arm-rediscache/7.1.2 core-rest-pipeline/1.10.2 Node/v16.17.0 OS/(x64-Windows_NT-10.0.22621)",
        "x-ms-client-request-id": "48782c86-8a3d-4c4a-91e5-deec1a54e7c7"
      },
      "RequestBody": null,
      "StatusCode": 202,
      "ResponseHeaders": {
        "Cache-Control": "no-cache",
        "Content-Length": "0",
        "Date": "Mon, 06 Feb 2023 03:19:50 GMT",
        "Expires": "-1",
        "Location": "https://management.azure.com/subscriptions/azure_subscription_id/providers/Microsoft.Cache/locations/East%20US/operationresults/c6bf95fd-6eea-4885-bd7e-dd7a6245892d?api-version=2022-06-01",
        "Pragma": "no-cache",
        "Server": "Microsoft-HTTPAPI/2.0",
        "Strict-Transport-Security": "max-age=31536000; includeSubDomains",
        "X-Content-Type-Options": "nosniff",
        "x-ms-correlation-request-id": "90ad8a0e-e297-4748-92c4-54dd2a8309ec",
        "x-ms-ratelimit-remaining-subscription-reads": "11653",
        "x-ms-request-id": "8a5221f6-e709-4cfd-9703-d5128c231016",
        "x-ms-routing-request-id": "SOUTHEASTASIA:20230206T031951Z:90ad8a0e-e297-4748-92c4-54dd2a8309ec",
        "x-rp-server-mvid": "b9a917b0-7b08-4f97-9f88-dbe71340e8fc"
      },
      "ResponseBody": null
    },
    {
      "RequestUri": "https://management.azure.com/subscriptions/azure_subscription_id/providers/Microsoft.Cache/locations/East%20US/operationresults/c6bf95fd-6eea-4885-bd7e-dd7a6245892d?api-version=2022-06-01",
      "RequestMethod": "GET",
      "RequestHeaders": {
        "Accept": "application/json",
        "Accept-Encoding": "gzip,deflate",
        "Authorization": "Sanitized",
        "Connection": "keep-alive",
        "User-Agent": "azsdk-js-arm-rediscache/7.1.2 core-rest-pipeline/1.10.2 Node/v16.17.0 OS/(x64-Windows_NT-10.0.22621)",
        "x-ms-client-request-id": "d5933567-91c1-4771-9342-17007f942873"
      },
      "RequestBody": null,
      "StatusCode": 202,
      "ResponseHeaders": {
        "Cache-Control": "no-cache",
        "Content-Length": "0",
        "Date": "Mon, 06 Feb 2023 03:19:52 GMT",
        "Expires": "-1",
        "Location": "https://management.azure.com/subscriptions/azure_subscription_id/providers/Microsoft.Cache/locations/East%20US/operationresults/c6bf95fd-6eea-4885-bd7e-dd7a6245892d?api-version=2022-06-01",
        "Pragma": "no-cache",
        "Server": "Microsoft-HTTPAPI/2.0",
        "Strict-Transport-Security": "max-age=31536000; includeSubDomains",
        "X-Content-Type-Options": "nosniff",
        "x-ms-correlation-request-id": "1588ee64-20b4-4d5f-8dd4-0b129876a176",
        "x-ms-ratelimit-remaining-subscription-reads": "11652",
        "x-ms-request-id": "3cc9f672-3083-4004-b897-c3cef40cec4e",
        "x-ms-routing-request-id": "SOUTHEASTASIA:20230206T031953Z:1588ee64-20b4-4d5f-8dd4-0b129876a176",
        "x-rp-server-mvid": "b9a917b0-7b08-4f97-9f88-dbe71340e8fc"
      },
      "ResponseBody": null
    },
    {
      "RequestUri": "https://management.azure.com/subscriptions/azure_subscription_id/providers/Microsoft.Cache/locations/East%20US/operationresults/c6bf95fd-6eea-4885-bd7e-dd7a6245892d?api-version=2022-06-01",
      "RequestMethod": "GET",
      "RequestHeaders": {
        "Accept": "application/json",
        "Accept-Encoding": "gzip,deflate",
        "Authorization": "Sanitized",
        "Connection": "keep-alive",
        "User-Agent": "azsdk-js-arm-rediscache/7.1.2 core-rest-pipeline/1.10.2 Node/v16.17.0 OS/(x64-Windows_NT-10.0.22621)",
        "x-ms-client-request-id": "6e66f5bb-da94-497e-959c-b1901beb561e"
      },
      "RequestBody": null,
      "StatusCode": 202,
      "ResponseHeaders": {
        "Cache-Control": "no-cache",
        "Content-Length": "0",
        "Date": "Mon, 06 Feb 2023 03:19:55 GMT",
        "Expires": "-1",
        "Location": "https://management.azure.com/subscriptions/azure_subscription_id/providers/Microsoft.Cache/locations/East%20US/operationresults/c6bf95fd-6eea-4885-bd7e-dd7a6245892d?api-version=2022-06-01",
        "Pragma": "no-cache",
        "Server": "Microsoft-HTTPAPI/2.0",
        "Strict-Transport-Security": "max-age=31536000; includeSubDomains",
        "X-Content-Type-Options": "nosniff",
        "x-ms-correlation-request-id": "a8a2679f-c783-4f78-8f36-13d49dfd20b8",
        "x-ms-ratelimit-remaining-subscription-reads": "11651",
        "x-ms-request-id": "c0316814-db0b-4a5c-b09d-1a3babe471cb",
        "x-ms-routing-request-id": "SOUTHEASTASIA:20230206T031955Z:a8a2679f-c783-4f78-8f36-13d49dfd20b8",
        "x-rp-server-mvid": "b9a917b0-7b08-4f97-9f88-dbe71340e8fc"
      },
      "ResponseBody": null
    },
    {
      "RequestUri": "https://management.azure.com/subscriptions/azure_subscription_id/providers/Microsoft.Cache/locations/East%20US/operationresults/c6bf95fd-6eea-4885-bd7e-dd7a6245892d?api-version=2022-06-01",
      "RequestMethod": "GET",
      "RequestHeaders": {
        "Accept": "application/json",
        "Accept-Encoding": "gzip,deflate",
        "Authorization": "Sanitized",
        "Connection": "keep-alive",
        "User-Agent": "azsdk-js-arm-rediscache/7.1.2 core-rest-pipeline/1.10.2 Node/v16.17.0 OS/(x64-Windows_NT-10.0.22621)",
        "x-ms-client-request-id": "53ba03c0-f664-4783-82fb-e41c34a5b45f"
      },
      "RequestBody": null,
      "StatusCode": 202,
      "ResponseHeaders": {
        "Cache-Control": "no-cache",
        "Content-Length": "0",
        "Date": "Mon, 06 Feb 2023 03:19:57 GMT",
        "Expires": "-1",
        "Location": "https://management.azure.com/subscriptions/azure_subscription_id/providers/Microsoft.Cache/locations/East%20US/operationresults/c6bf95fd-6eea-4885-bd7e-dd7a6245892d?api-version=2022-06-01",
        "Pragma": "no-cache",
        "Server": "Microsoft-HTTPAPI/2.0",
        "Strict-Transport-Security": "max-age=31536000; includeSubDomains",
        "X-Content-Type-Options": "nosniff",
        "x-ms-correlation-request-id": "7bc8886b-2b00-4754-996d-4f14ec470b71",
        "x-ms-ratelimit-remaining-subscription-reads": "11650",
        "x-ms-request-id": "9ee76ceb-e160-47bd-b3fe-c36758c7c0a8",
        "x-ms-routing-request-id": "SOUTHEASTASIA:20230206T031958Z:7bc8886b-2b00-4754-996d-4f14ec470b71",
        "x-rp-server-mvid": "b9a917b0-7b08-4f97-9f88-dbe71340e8fc"
      },
      "ResponseBody": null
    },
    {
      "RequestUri": "https://management.azure.com/subscriptions/azure_subscription_id/providers/Microsoft.Cache/locations/East%20US/operationresults/c6bf95fd-6eea-4885-bd7e-dd7a6245892d?api-version=2022-06-01",
      "RequestMethod": "GET",
      "RequestHeaders": {
        "Accept": "application/json",
        "Accept-Encoding": "gzip,deflate",
        "Authorization": "Sanitized",
        "Connection": "keep-alive",
        "User-Agent": "azsdk-js-arm-rediscache/7.1.2 core-rest-pipeline/1.10.2 Node/v16.17.0 OS/(x64-Windows_NT-10.0.22621)",
        "x-ms-client-request-id": "c9470516-a025-4954-8719-cd54ca92dc04"
      },
      "RequestBody": null,
      "StatusCode": 202,
      "ResponseHeaders": {
        "Cache-Control": "no-cache",
        "Content-Length": "0",
        "Date": "Mon, 06 Feb 2023 03:19:59 GMT",
        "Expires": "-1",
        "Location": "https://management.azure.com/subscriptions/azure_subscription_id/providers/Microsoft.Cache/locations/East%20US/operationresults/c6bf95fd-6eea-4885-bd7e-dd7a6245892d?api-version=2022-06-01",
        "Pragma": "no-cache",
        "Server": "Microsoft-HTTPAPI/2.0",
        "Strict-Transport-Security": "max-age=31536000; includeSubDomains",
        "X-Content-Type-Options": "nosniff",
        "x-ms-correlation-request-id": "8545e7c9-d53a-443d-a113-aa8f37147c2e",
        "x-ms-ratelimit-remaining-subscription-reads": "11649",
        "x-ms-request-id": "fff44151-f202-449e-bdef-65921f7f729d",
        "x-ms-routing-request-id": "SOUTHEASTASIA:20230206T032000Z:8545e7c9-d53a-443d-a113-aa8f37147c2e",
        "x-rp-server-mvid": "b9a917b0-7b08-4f97-9f88-dbe71340e8fc"
      },
      "ResponseBody": null
    },
    {
      "RequestUri": "https://management.azure.com/subscriptions/azure_subscription_id/providers/Microsoft.Cache/locations/East%20US/operationresults/c6bf95fd-6eea-4885-bd7e-dd7a6245892d?api-version=2022-06-01",
      "RequestMethod": "GET",
      "RequestHeaders": {
        "Accept": "application/json",
        "Accept-Encoding": "gzip,deflate",
        "Authorization": "Sanitized",
        "Connection": "keep-alive",
        "User-Agent": "azsdk-js-arm-rediscache/7.1.2 core-rest-pipeline/1.10.2 Node/v16.17.0 OS/(x64-Windows_NT-10.0.22621)",
        "x-ms-client-request-id": "34c05c81-b4a5-43d8-9df9-1349c037393d"
      },
      "RequestBody": null,
      "StatusCode": 202,
      "ResponseHeaders": {
        "Cache-Control": "no-cache",
        "Content-Length": "0",
        "Date": "Mon, 06 Feb 2023 03:20:02 GMT",
        "Expires": "-1",
        "Location": "https://management.azure.com/subscriptions/azure_subscription_id/providers/Microsoft.Cache/locations/East%20US/operationresults/c6bf95fd-6eea-4885-bd7e-dd7a6245892d?api-version=2022-06-01",
        "Pragma": "no-cache",
        "Server": "Microsoft-HTTPAPI/2.0",
        "Strict-Transport-Security": "max-age=31536000; includeSubDomains",
        "X-Content-Type-Options": "nosniff",
        "x-ms-correlation-request-id": "ba1fe45e-38ae-4bf3-9b65-c49ec7dbebd1",
        "x-ms-ratelimit-remaining-subscription-reads": "11648",
        "x-ms-request-id": "d76f1f5c-52cc-4751-806f-110483964f71",
        "x-ms-routing-request-id": "SOUTHEASTASIA:20230206T032002Z:ba1fe45e-38ae-4bf3-9b65-c49ec7dbebd1",
        "x-rp-server-mvid": "b9a917b0-7b08-4f97-9f88-dbe71340e8fc"
      },
      "ResponseBody": null
    },
    {
      "RequestUri": "https://management.azure.com/subscriptions/azure_subscription_id/providers/Microsoft.Cache/locations/East%20US/operationresults/c6bf95fd-6eea-4885-bd7e-dd7a6245892d?api-version=2022-06-01",
      "RequestMethod": "GET",
      "RequestHeaders": {
        "Accept": "application/json",
        "Accept-Encoding": "gzip,deflate",
        "Authorization": "Sanitized",
        "Connection": "keep-alive",
        "User-Agent": "azsdk-js-arm-rediscache/7.1.2 core-rest-pipeline/1.10.2 Node/v16.17.0 OS/(x64-Windows_NT-10.0.22621)",
        "x-ms-client-request-id": "80d55706-8581-4b4d-b980-14f50b7c03da"
      },
      "RequestBody": null,
      "StatusCode": 202,
      "ResponseHeaders": {
        "Cache-Control": "no-cache",
        "Content-Length": "0",
        "Date": "Mon, 06 Feb 2023 03:20:04 GMT",
        "Expires": "-1",
        "Location": "https://management.azure.com/subscriptions/azure_subscription_id/providers/Microsoft.Cache/locations/East%20US/operationresults/c6bf95fd-6eea-4885-bd7e-dd7a6245892d?api-version=2022-06-01",
        "Pragma": "no-cache",
        "Server": "Microsoft-HTTPAPI/2.0",
        "Strict-Transport-Security": "max-age=31536000; includeSubDomains",
        "X-Content-Type-Options": "nosniff",
        "x-ms-correlation-request-id": "f484a5a5-cd93-416d-8711-aca672f917d8",
        "x-ms-ratelimit-remaining-subscription-reads": "11647",
        "x-ms-request-id": "c186d1c3-495d-45fb-af4d-1b191b800710",
        "x-ms-routing-request-id": "SOUTHEASTASIA:20230206T032005Z:f484a5a5-cd93-416d-8711-aca672f917d8",
        "x-rp-server-mvid": "b9a917b0-7b08-4f97-9f88-dbe71340e8fc"
      },
      "ResponseBody": null
    },
    {
      "RequestUri": "https://management.azure.com/subscriptions/azure_subscription_id/providers/Microsoft.Cache/locations/East%20US/operationresults/c6bf95fd-6eea-4885-bd7e-dd7a6245892d?api-version=2022-06-01",
      "RequestMethod": "GET",
      "RequestHeaders": {
        "Accept": "application/json",
        "Accept-Encoding": "gzip,deflate",
        "Authorization": "Sanitized",
        "Connection": "keep-alive",
        "User-Agent": "azsdk-js-arm-rediscache/7.1.2 core-rest-pipeline/1.10.2 Node/v16.17.0 OS/(x64-Windows_NT-10.0.22621)",
        "x-ms-client-request-id": "3322cb0c-da61-4840-8013-da8e24612a31"
      },
      "RequestBody": null,
      "StatusCode": 202,
      "ResponseHeaders": {
        "Cache-Control": "no-cache",
        "Content-Length": "0",
        "Date": "Mon, 06 Feb 2023 03:20:06 GMT",
        "Expires": "-1",
        "Location": "https://management.azure.com/subscriptions/azure_subscription_id/providers/Microsoft.Cache/locations/East%20US/operationresults/c6bf95fd-6eea-4885-bd7e-dd7a6245892d?api-version=2022-06-01",
        "Pragma": "no-cache",
        "Server": "Microsoft-HTTPAPI/2.0",
        "Strict-Transport-Security": "max-age=31536000; includeSubDomains",
        "X-Content-Type-Options": "nosniff",
        "x-ms-correlation-request-id": "b68f3658-b69e-4632-b887-3b3c3fb4af11",
        "x-ms-ratelimit-remaining-subscription-reads": "11646",
        "x-ms-request-id": "b75f5173-0265-4d25-9c0a-6b8ad4b62d73",
        "x-ms-routing-request-id": "SOUTHEASTASIA:20230206T032007Z:b68f3658-b69e-4632-b887-3b3c3fb4af11",
        "x-rp-server-mvid": "b9a917b0-7b08-4f97-9f88-dbe71340e8fc"
      },
      "ResponseBody": null
    },
    {
      "RequestUri": "https://management.azure.com/subscriptions/azure_subscription_id/providers/Microsoft.Cache/locations/East%20US/operationresults/c6bf95fd-6eea-4885-bd7e-dd7a6245892d?api-version=2022-06-01",
      "RequestMethod": "GET",
      "RequestHeaders": {
        "Accept": "application/json",
        "Accept-Encoding": "gzip,deflate",
        "Authorization": "Sanitized",
        "Connection": "keep-alive",
        "User-Agent": "azsdk-js-arm-rediscache/7.1.2 core-rest-pipeline/1.10.2 Node/v16.17.0 OS/(x64-Windows_NT-10.0.22621)",
        "x-ms-client-request-id": "03e34c93-39ca-4abd-8a25-7336ac258828"
      },
      "RequestBody": null,
      "StatusCode": 202,
      "ResponseHeaders": {
        "Cache-Control": "no-cache",
        "Content-Length": "0",
        "Date": "Mon, 06 Feb 2023 03:20:08 GMT",
        "Expires": "-1",
        "Location": "https://management.azure.com/subscriptions/azure_subscription_id/providers/Microsoft.Cache/locations/East%20US/operationresults/c6bf95fd-6eea-4885-bd7e-dd7a6245892d?api-version=2022-06-01",
        "Pragma": "no-cache",
        "Server": "Microsoft-HTTPAPI/2.0",
        "Strict-Transport-Security": "max-age=31536000; includeSubDomains",
        "X-Content-Type-Options": "nosniff",
        "x-ms-correlation-request-id": "5d1e7ae5-ed96-4437-b2fe-705e9afa4a11",
        "x-ms-ratelimit-remaining-subscription-reads": "11645",
        "x-ms-request-id": "10643864-11c8-4eb9-9f6d-b15f2ca5a359",
        "x-ms-routing-request-id": "SOUTHEASTASIA:20230206T032009Z:5d1e7ae5-ed96-4437-b2fe-705e9afa4a11",
        "x-rp-server-mvid": "b9a917b0-7b08-4f97-9f88-dbe71340e8fc"
      },
      "ResponseBody": null
    },
    {
      "RequestUri": "https://management.azure.com/subscriptions/azure_subscription_id/providers/Microsoft.Cache/locations/East%20US/operationresults/c6bf95fd-6eea-4885-bd7e-dd7a6245892d?api-version=2022-06-01",
      "RequestMethod": "GET",
      "RequestHeaders": {
        "Accept": "application/json",
        "Accept-Encoding": "gzip,deflate",
        "Authorization": "Sanitized",
        "Connection": "keep-alive",
        "User-Agent": "azsdk-js-arm-rediscache/7.1.2 core-rest-pipeline/1.10.2 Node/v16.17.0 OS/(x64-Windows_NT-10.0.22621)",
        "x-ms-client-request-id": "34617989-8b59-43e1-9bd5-412b8c56ffd7"
      },
      "RequestBody": null,
      "StatusCode": 202,
      "ResponseHeaders": {
        "Cache-Control": "no-cache",
        "Content-Length": "0",
        "Date": "Mon, 06 Feb 2023 03:20:12 GMT",
        "Expires": "-1",
        "Location": "https://management.azure.com/subscriptions/azure_subscription_id/providers/Microsoft.Cache/locations/East%20US/operationresults/c6bf95fd-6eea-4885-bd7e-dd7a6245892d?api-version=2022-06-01",
        "Pragma": "no-cache",
        "Server": "Microsoft-HTTPAPI/2.0",
        "Strict-Transport-Security": "max-age=31536000; includeSubDomains",
        "X-Content-Type-Options": "nosniff",
        "x-ms-correlation-request-id": "88ba1f59-a996-4c07-8831-f9969bb9b243",
        "x-ms-ratelimit-remaining-subscription-reads": "11644",
        "x-ms-request-id": "fe04080b-4ec0-4db4-b928-8f63e2d1442e",
        "x-ms-routing-request-id": "SOUTHEASTASIA:20230206T032012Z:88ba1f59-a996-4c07-8831-f9969bb9b243",
        "x-rp-server-mvid": "b9a917b0-7b08-4f97-9f88-dbe71340e8fc"
      },
      "ResponseBody": null
    },
    {
      "RequestUri": "https://management.azure.com/subscriptions/azure_subscription_id/providers/Microsoft.Cache/locations/East%20US/operationresults/c6bf95fd-6eea-4885-bd7e-dd7a6245892d?api-version=2022-06-01",
      "RequestMethod": "GET",
      "RequestHeaders": {
        "Accept": "application/json",
        "Accept-Encoding": "gzip,deflate",
        "Authorization": "Sanitized",
        "Connection": "keep-alive",
        "User-Agent": "azsdk-js-arm-rediscache/7.1.2 core-rest-pipeline/1.10.2 Node/v16.17.0 OS/(x64-Windows_NT-10.0.22621)",
        "x-ms-client-request-id": "40082c2b-049a-4163-8682-62464178b347"
      },
      "RequestBody": null,
      "StatusCode": 202,
      "ResponseHeaders": {
        "Cache-Control": "no-cache",
        "Content-Length": "0",
        "Date": "Mon, 06 Feb 2023 03:20:14 GMT",
        "Expires": "-1",
        "Location": "https://management.azure.com/subscriptions/azure_subscription_id/providers/Microsoft.Cache/locations/East%20US/operationresults/c6bf95fd-6eea-4885-bd7e-dd7a6245892d?api-version=2022-06-01",
        "Pragma": "no-cache",
        "Server": "Microsoft-HTTPAPI/2.0",
        "Strict-Transport-Security": "max-age=31536000; includeSubDomains",
        "X-Content-Type-Options": "nosniff",
        "x-ms-correlation-request-id": "c332c2c6-84be-4fe5-a20a-b4063b06ea63",
        "x-ms-ratelimit-remaining-subscription-reads": "11643",
        "x-ms-request-id": "036124ed-4370-4ea0-8e83-758796d784bc",
        "x-ms-routing-request-id": "SOUTHEASTASIA:20230206T032014Z:c332c2c6-84be-4fe5-a20a-b4063b06ea63",
        "x-rp-server-mvid": "b9a917b0-7b08-4f97-9f88-dbe71340e8fc"
      },
      "ResponseBody": null
    },
    {
      "RequestUri": "https://management.azure.com/subscriptions/azure_subscription_id/providers/Microsoft.Cache/locations/East%20US/operationresults/c6bf95fd-6eea-4885-bd7e-dd7a6245892d?api-version=2022-06-01",
      "RequestMethod": "GET",
      "RequestHeaders": {
        "Accept": "application/json",
        "Accept-Encoding": "gzip,deflate",
        "Authorization": "Sanitized",
        "Connection": "keep-alive",
        "User-Agent": "azsdk-js-arm-rediscache/7.1.2 core-rest-pipeline/1.10.2 Node/v16.17.0 OS/(x64-Windows_NT-10.0.22621)",
        "x-ms-client-request-id": "00a126c9-bc31-4b4f-a86a-c121320fbc88"
      },
      "RequestBody": null,
      "StatusCode": 202,
      "ResponseHeaders": {
        "Cache-Control": "no-cache",
        "Content-Length": "0",
        "Date": "Mon, 06 Feb 2023 03:20:16 GMT",
        "Expires": "-1",
        "Location": "https://management.azure.com/subscriptions/azure_subscription_id/providers/Microsoft.Cache/locations/East%20US/operationresults/c6bf95fd-6eea-4885-bd7e-dd7a6245892d?api-version=2022-06-01",
        "Pragma": "no-cache",
        "Server": "Microsoft-HTTPAPI/2.0",
        "Strict-Transport-Security": "max-age=31536000; includeSubDomains",
        "X-Content-Type-Options": "nosniff",
        "x-ms-correlation-request-id": "79903df8-7ccd-45f2-9c93-103811b4bbd4",
        "x-ms-ratelimit-remaining-subscription-reads": "11642",
        "x-ms-request-id": "bf2d9bc8-0779-421b-b3d1-b6b745f355b4",
        "x-ms-routing-request-id": "SOUTHEASTASIA:20230206T032016Z:79903df8-7ccd-45f2-9c93-103811b4bbd4",
        "x-rp-server-mvid": "b9a917b0-7b08-4f97-9f88-dbe71340e8fc"
      },
      "ResponseBody": null
    },
    {
      "RequestUri": "https://management.azure.com/subscriptions/azure_subscription_id/providers/Microsoft.Cache/locations/East%20US/operationresults/c6bf95fd-6eea-4885-bd7e-dd7a6245892d?api-version=2022-06-01",
      "RequestMethod": "GET",
      "RequestHeaders": {
        "Accept": "application/json",
        "Accept-Encoding": "gzip,deflate",
        "Authorization": "Sanitized",
        "Connection": "keep-alive",
        "User-Agent": "azsdk-js-arm-rediscache/7.1.2 core-rest-pipeline/1.10.2 Node/v16.17.0 OS/(x64-Windows_NT-10.0.22621)",
        "x-ms-client-request-id": "f33ad613-1d7d-43d8-ae56-d3bd082646c8"
      },
      "RequestBody": null,
      "StatusCode": 202,
      "ResponseHeaders": {
        "Cache-Control": "no-cache",
        "Content-Length": "0",
        "Date": "Mon, 06 Feb 2023 03:20:19 GMT",
        "Expires": "-1",
        "Location": "https://management.azure.com/subscriptions/azure_subscription_id/providers/Microsoft.Cache/locations/East%20US/operationresults/c6bf95fd-6eea-4885-bd7e-dd7a6245892d?api-version=2022-06-01",
        "Pragma": "no-cache",
        "Server": "Microsoft-HTTPAPI/2.0",
        "Strict-Transport-Security": "max-age=31536000; includeSubDomains",
        "X-Content-Type-Options": "nosniff",
        "x-ms-correlation-request-id": "2f7447c3-83e7-45dd-99da-1db611062d79",
        "x-ms-ratelimit-remaining-subscription-reads": "11641",
        "x-ms-request-id": "b90e9893-858d-46b3-a79b-8fcc8c1d5c0a",
        "x-ms-routing-request-id": "SOUTHEASTASIA:20230206T032019Z:2f7447c3-83e7-45dd-99da-1db611062d79",
        "x-rp-server-mvid": "b9a917b0-7b08-4f97-9f88-dbe71340e8fc"
      },
      "ResponseBody": null
    },
    {
      "RequestUri": "https://management.azure.com/subscriptions/azure_subscription_id/providers/Microsoft.Cache/locations/East%20US/operationresults/c6bf95fd-6eea-4885-bd7e-dd7a6245892d?api-version=2022-06-01",
      "RequestMethod": "GET",
      "RequestHeaders": {
        "Accept": "application/json",
        "Accept-Encoding": "gzip,deflate",
        "Authorization": "Sanitized",
        "Connection": "keep-alive",
        "User-Agent": "azsdk-js-arm-rediscache/7.1.2 core-rest-pipeline/1.10.2 Node/v16.17.0 OS/(x64-Windows_NT-10.0.22621)",
        "x-ms-client-request-id": "4bea225e-ddc9-4d50-9a1a-d2c374fc5ff2"
      },
      "RequestBody": null,
      "StatusCode": 202,
      "ResponseHeaders": {
        "Cache-Control": "no-cache",
        "Content-Length": "0",
        "Date": "Mon, 06 Feb 2023 03:20:21 GMT",
        "Expires": "-1",
        "Location": "https://management.azure.com/subscriptions/azure_subscription_id/providers/Microsoft.Cache/locations/East%20US/operationresults/c6bf95fd-6eea-4885-bd7e-dd7a6245892d?api-version=2022-06-01",
        "Pragma": "no-cache",
        "Server": "Microsoft-HTTPAPI/2.0",
        "Strict-Transport-Security": "max-age=31536000; includeSubDomains",
        "X-Content-Type-Options": "nosniff",
        "x-ms-correlation-request-id": "b033115a-e16d-4351-81be-4aa7431d9bf9",
        "x-ms-ratelimit-remaining-subscription-reads": "11640",
        "x-ms-request-id": "ce75a003-a19b-4b53-b0f8-221484cb33a5",
        "x-ms-routing-request-id": "SOUTHEASTASIA:20230206T032021Z:b033115a-e16d-4351-81be-4aa7431d9bf9",
        "x-rp-server-mvid": "b9a917b0-7b08-4f97-9f88-dbe71340e8fc"
      },
      "ResponseBody": null
    },
    {
      "RequestUri": "https://management.azure.com/subscriptions/azure_subscription_id/providers/Microsoft.Cache/locations/East%20US/operationresults/c6bf95fd-6eea-4885-bd7e-dd7a6245892d?api-version=2022-06-01",
      "RequestMethod": "GET",
      "RequestHeaders": {
        "Accept": "application/json",
        "Accept-Encoding": "gzip,deflate",
        "Authorization": "Sanitized",
        "Connection": "keep-alive",
        "User-Agent": "azsdk-js-arm-rediscache/7.1.2 core-rest-pipeline/1.10.2 Node/v16.17.0 OS/(x64-Windows_NT-10.0.22621)",
        "x-ms-client-request-id": "e51e3d68-eae3-4734-aba6-1934216d1b75"
      },
      "RequestBody": null,
      "StatusCode": 202,
      "ResponseHeaders": {
        "Cache-Control": "no-cache",
        "Content-Length": "0",
        "Date": "Mon, 06 Feb 2023 03:20:23 GMT",
        "Expires": "-1",
        "Location": "https://management.azure.com/subscriptions/azure_subscription_id/providers/Microsoft.Cache/locations/East%20US/operationresults/c6bf95fd-6eea-4885-bd7e-dd7a6245892d?api-version=2022-06-01",
        "Pragma": "no-cache",
        "Server": "Microsoft-HTTPAPI/2.0",
        "Strict-Transport-Security": "max-age=31536000; includeSubDomains",
        "X-Content-Type-Options": "nosniff",
        "x-ms-correlation-request-id": "499ed696-83d6-4bd8-a7f5-81acf046daa2",
        "x-ms-ratelimit-remaining-subscription-reads": "11639",
        "x-ms-request-id": "fe341fd3-1281-4714-a1b3-6e11912c2f2f",
        "x-ms-routing-request-id": "SOUTHEASTASIA:20230206T032023Z:499ed696-83d6-4bd8-a7f5-81acf046daa2",
        "x-rp-server-mvid": "b9a917b0-7b08-4f97-9f88-dbe71340e8fc"
      },
      "ResponseBody": null
    },
    {
      "RequestUri": "https://management.azure.com/subscriptions/azure_subscription_id/providers/Microsoft.Cache/locations/East%20US/operationresults/c6bf95fd-6eea-4885-bd7e-dd7a6245892d?api-version=2022-06-01",
      "RequestMethod": "GET",
      "RequestHeaders": {
        "Accept": "application/json",
        "Accept-Encoding": "gzip,deflate",
        "Authorization": "Sanitized",
        "Connection": "keep-alive",
        "User-Agent": "azsdk-js-arm-rediscache/7.1.2 core-rest-pipeline/1.10.2 Node/v16.17.0 OS/(x64-Windows_NT-10.0.22621)",
        "x-ms-client-request-id": "68a8c29e-9999-4086-a7b1-9addb124aa9a"
      },
      "RequestBody": null,
      "StatusCode": 202,
      "ResponseHeaders": {
        "Cache-Control": "no-cache",
        "Content-Length": "0",
        "Date": "Mon, 06 Feb 2023 03:20:26 GMT",
        "Expires": "-1",
        "Location": "https://management.azure.com/subscriptions/azure_subscription_id/providers/Microsoft.Cache/locations/East%20US/operationresults/c6bf95fd-6eea-4885-bd7e-dd7a6245892d?api-version=2022-06-01",
        "Pragma": "no-cache",
        "Server": "Microsoft-HTTPAPI/2.0",
        "Strict-Transport-Security": "max-age=31536000; includeSubDomains",
        "X-Content-Type-Options": "nosniff",
        "x-ms-correlation-request-id": "0b86e678-e221-4e6f-ad26-638290591064",
        "x-ms-ratelimit-remaining-subscription-reads": "11638",
        "x-ms-request-id": "b0b35efd-6ef6-4715-b0ef-1f65183432c7",
        "x-ms-routing-request-id": "SOUTHEASTASIA:20230206T032026Z:0b86e678-e221-4e6f-ad26-638290591064",
        "x-rp-server-mvid": "b9a917b0-7b08-4f97-9f88-dbe71340e8fc"
      },
      "ResponseBody": null
    },
    {
      "RequestUri": "https://management.azure.com/subscriptions/azure_subscription_id/providers/Microsoft.Cache/locations/East%20US/operationresults/c6bf95fd-6eea-4885-bd7e-dd7a6245892d?api-version=2022-06-01",
      "RequestMethod": "GET",
      "RequestHeaders": {
        "Accept": "application/json",
        "Accept-Encoding": "gzip,deflate",
        "Authorization": "Sanitized",
        "Connection": "keep-alive",
        "User-Agent": "azsdk-js-arm-rediscache/7.1.2 core-rest-pipeline/1.10.2 Node/v16.17.0 OS/(x64-Windows_NT-10.0.22621)",
        "x-ms-client-request-id": "2185072b-5e19-4de5-9d8c-30c98e4b5a34"
      },
      "RequestBody": null,
      "StatusCode": 202,
      "ResponseHeaders": {
        "Cache-Control": "no-cache",
        "Content-Length": "0",
        "Date": "Mon, 06 Feb 2023 03:20:29 GMT",
        "Expires": "-1",
        "Location": "https://management.azure.com/subscriptions/azure_subscription_id/providers/Microsoft.Cache/locations/East%20US/operationresults/c6bf95fd-6eea-4885-bd7e-dd7a6245892d?api-version=2022-06-01",
        "Pragma": "no-cache",
        "Server": "Microsoft-HTTPAPI/2.0",
        "Strict-Transport-Security": "max-age=31536000; includeSubDomains",
        "X-Content-Type-Options": "nosniff",
        "x-ms-correlation-request-id": "3b183211-4db3-452d-ab47-f8b3fac6e1f8",
        "x-ms-ratelimit-remaining-subscription-reads": "11637",
        "x-ms-request-id": "928ef4c0-f64e-4461-93ae-82ab8a994ab8",
        "x-ms-routing-request-id": "SOUTHEASTASIA:20230206T032029Z:3b183211-4db3-452d-ab47-f8b3fac6e1f8",
        "x-rp-server-mvid": "b9a917b0-7b08-4f97-9f88-dbe71340e8fc"
      },
      "ResponseBody": null
    },
    {
      "RequestUri": "https://management.azure.com/subscriptions/azure_subscription_id/providers/Microsoft.Cache/locations/East%20US/operationresults/c6bf95fd-6eea-4885-bd7e-dd7a6245892d?api-version=2022-06-01",
      "RequestMethod": "GET",
      "RequestHeaders": {
        "Accept": "application/json",
        "Accept-Encoding": "gzip,deflate",
        "Authorization": "Sanitized",
        "Connection": "keep-alive",
        "User-Agent": "azsdk-js-arm-rediscache/7.1.2 core-rest-pipeline/1.10.2 Node/v16.17.0 OS/(x64-Windows_NT-10.0.22621)",
        "x-ms-client-request-id": "bc5a73b7-6498-42b1-ac6d-cfd7b923a6c4"
      },
      "RequestBody": null,
      "StatusCode": 202,
      "ResponseHeaders": {
        "Cache-Control": "no-cache",
        "Content-Length": "0",
        "Date": "Mon, 06 Feb 2023 03:20:31 GMT",
        "Expires": "-1",
        "Location": "https://management.azure.com/subscriptions/azure_subscription_id/providers/Microsoft.Cache/locations/East%20US/operationresults/c6bf95fd-6eea-4885-bd7e-dd7a6245892d?api-version=2022-06-01",
        "Pragma": "no-cache",
        "Server": "Microsoft-HTTPAPI/2.0",
        "Strict-Transport-Security": "max-age=31536000; includeSubDomains",
        "X-Content-Type-Options": "nosniff",
        "x-ms-correlation-request-id": "112a3f64-c1dd-4be5-9d3b-f0462fd657c3",
        "x-ms-ratelimit-remaining-subscription-reads": "11636",
        "x-ms-request-id": "ebd576ae-e231-42da-91db-fb03e9262fc1",
        "x-ms-routing-request-id": "SOUTHEASTASIA:20230206T032032Z:112a3f64-c1dd-4be5-9d3b-f0462fd657c3",
        "x-rp-server-mvid": "b9a917b0-7b08-4f97-9f88-dbe71340e8fc"
      },
      "ResponseBody": null
    },
    {
      "RequestUri": "https://management.azure.com/subscriptions/azure_subscription_id/providers/Microsoft.Cache/locations/East%20US/operationresults/c6bf95fd-6eea-4885-bd7e-dd7a6245892d?api-version=2022-06-01",
      "RequestMethod": "GET",
      "RequestHeaders": {
        "Accept": "application/json",
        "Accept-Encoding": "gzip,deflate",
        "Authorization": "Sanitized",
        "Connection": "keep-alive",
        "User-Agent": "azsdk-js-arm-rediscache/7.1.2 core-rest-pipeline/1.10.2 Node/v16.17.0 OS/(x64-Windows_NT-10.0.22621)",
        "x-ms-client-request-id": "61106438-8e4a-4dbc-9f94-f0c70d9ecfbc"
      },
      "RequestBody": null,
      "StatusCode": 202,
      "ResponseHeaders": {
        "Cache-Control": "no-cache",
        "Content-Length": "0",
        "Date": "Mon, 06 Feb 2023 03:20:34 GMT",
        "Expires": "-1",
        "Location": "https://management.azure.com/subscriptions/azure_subscription_id/providers/Microsoft.Cache/locations/East%20US/operationresults/c6bf95fd-6eea-4885-bd7e-dd7a6245892d?api-version=2022-06-01",
        "Pragma": "no-cache",
        "Server": "Microsoft-HTTPAPI/2.0",
        "Strict-Transport-Security": "max-age=31536000; includeSubDomains",
        "X-Content-Type-Options": "nosniff",
        "x-ms-correlation-request-id": "57864865-ebdf-41b3-88b1-724bbbc5d816",
        "x-ms-ratelimit-remaining-subscription-reads": "11635",
        "x-ms-request-id": "0824c548-160d-4f8c-9a94-7f5b7d6b0ef7",
        "x-ms-routing-request-id": "SOUTHEASTASIA:20230206T032034Z:57864865-ebdf-41b3-88b1-724bbbc5d816",
        "x-rp-server-mvid": "b9a917b0-7b08-4f97-9f88-dbe71340e8fc"
      },
      "ResponseBody": null
    },
    {
      "RequestUri": "https://management.azure.com/subscriptions/azure_subscription_id/providers/Microsoft.Cache/locations/East%20US/operationresults/c6bf95fd-6eea-4885-bd7e-dd7a6245892d?api-version=2022-06-01",
      "RequestMethod": "GET",
      "RequestHeaders": {
        "Accept": "application/json",
        "Accept-Encoding": "gzip,deflate",
        "Authorization": "Sanitized",
        "Connection": "keep-alive",
        "User-Agent": "azsdk-js-arm-rediscache/7.1.2 core-rest-pipeline/1.10.2 Node/v16.17.0 OS/(x64-Windows_NT-10.0.22621)",
        "x-ms-client-request-id": "066fa5a6-c958-4a0f-b6eb-59b47f4c33c4"
      },
      "RequestBody": null,
      "StatusCode": 202,
      "ResponseHeaders": {
        "Cache-Control": "no-cache",
        "Content-Length": "0",
        "Date": "Mon, 06 Feb 2023 03:20:36 GMT",
        "Expires": "-1",
        "Location": "https://management.azure.com/subscriptions/azure_subscription_id/providers/Microsoft.Cache/locations/East%20US/operationresults/c6bf95fd-6eea-4885-bd7e-dd7a6245892d?api-version=2022-06-01",
        "Pragma": "no-cache",
        "Server": "Microsoft-HTTPAPI/2.0",
        "Strict-Transport-Security": "max-age=31536000; includeSubDomains",
        "X-Content-Type-Options": "nosniff",
        "x-ms-correlation-request-id": "85287479-916e-495a-820f-9a00b298b5ab",
        "x-ms-ratelimit-remaining-subscription-reads": "11634",
        "x-ms-request-id": "1db39001-c957-4758-8300-46e347a71259",
        "x-ms-routing-request-id": "SOUTHEASTASIA:20230206T032037Z:85287479-916e-495a-820f-9a00b298b5ab",
        "x-rp-server-mvid": "b9a917b0-7b08-4f97-9f88-dbe71340e8fc"
      },
      "ResponseBody": null
    },
    {
      "RequestUri": "https://management.azure.com/subscriptions/azure_subscription_id/providers/Microsoft.Cache/locations/East%20US/operationresults/c6bf95fd-6eea-4885-bd7e-dd7a6245892d?api-version=2022-06-01",
      "RequestMethod": "GET",
      "RequestHeaders": {
        "Accept": "application/json",
        "Accept-Encoding": "gzip,deflate",
        "Authorization": "Sanitized",
        "Connection": "keep-alive",
        "User-Agent": "azsdk-js-arm-rediscache/7.1.2 core-rest-pipeline/1.10.2 Node/v16.17.0 OS/(x64-Windows_NT-10.0.22621)",
        "x-ms-client-request-id": "0ac8b08c-98a0-4591-98a3-de2547b3d175"
      },
      "RequestBody": null,
      "StatusCode": 202,
      "ResponseHeaders": {
        "Cache-Control": "no-cache",
        "Content-Length": "0",
        "Date": "Mon, 06 Feb 2023 03:20:38 GMT",
        "Expires": "-1",
        "Location": "https://management.azure.com/subscriptions/azure_subscription_id/providers/Microsoft.Cache/locations/East%20US/operationresults/c6bf95fd-6eea-4885-bd7e-dd7a6245892d?api-version=2022-06-01",
        "Pragma": "no-cache",
        "Server": "Microsoft-HTTPAPI/2.0",
        "Strict-Transport-Security": "max-age=31536000; includeSubDomains",
        "X-Content-Type-Options": "nosniff",
        "x-ms-correlation-request-id": "fa4fc73d-c5c8-41b6-8504-4cf892faf8d9",
        "x-ms-ratelimit-remaining-subscription-reads": "11633",
        "x-ms-request-id": "cb91bf68-7b89-4840-ab13-b76bcdc36f1d",
        "x-ms-routing-request-id": "SOUTHEASTASIA:20230206T032039Z:fa4fc73d-c5c8-41b6-8504-4cf892faf8d9",
        "x-rp-server-mvid": "b9a917b0-7b08-4f97-9f88-dbe71340e8fc"
      },
      "ResponseBody": null
    },
    {
      "RequestUri": "https://management.azure.com/subscriptions/azure_subscription_id/providers/Microsoft.Cache/locations/East%20US/operationresults/c6bf95fd-6eea-4885-bd7e-dd7a6245892d?api-version=2022-06-01",
      "RequestMethod": "GET",
      "RequestHeaders": {
        "Accept": "application/json",
        "Accept-Encoding": "gzip,deflate",
        "Authorization": "Sanitized",
        "Connection": "keep-alive",
        "User-Agent": "azsdk-js-arm-rediscache/7.1.2 core-rest-pipeline/1.10.2 Node/v16.17.0 OS/(x64-Windows_NT-10.0.22621)",
        "x-ms-client-request-id": "67565066-b938-4786-992a-994b08e4f660"
      },
      "RequestBody": null,
      "StatusCode": 202,
      "ResponseHeaders": {
        "Cache-Control": "no-cache",
        "Content-Length": "0",
        "Date": "Mon, 06 Feb 2023 03:20:41 GMT",
        "Expires": "-1",
        "Location": "https://management.azure.com/subscriptions/azure_subscription_id/providers/Microsoft.Cache/locations/East%20US/operationresults/c6bf95fd-6eea-4885-bd7e-dd7a6245892d?api-version=2022-06-01",
        "Pragma": "no-cache",
        "Server": "Microsoft-HTTPAPI/2.0",
        "Strict-Transport-Security": "max-age=31536000; includeSubDomains",
        "X-Content-Type-Options": "nosniff",
        "x-ms-correlation-request-id": "d492a4c8-9ea3-40f5-801a-c6d808d20001",
        "x-ms-ratelimit-remaining-subscription-reads": "11632",
        "x-ms-request-id": "30d9b5fb-4f9c-4460-8dcc-40e5da48b3d8",
        "x-ms-routing-request-id": "SOUTHEASTASIA:20230206T032041Z:d492a4c8-9ea3-40f5-801a-c6d808d20001",
        "x-rp-server-mvid": "b9a917b0-7b08-4f97-9f88-dbe71340e8fc"
      },
      "ResponseBody": null
    },
    {
      "RequestUri": "https://management.azure.com/subscriptions/azure_subscription_id/providers/Microsoft.Cache/locations/East%20US/operationresults/c6bf95fd-6eea-4885-bd7e-dd7a6245892d?api-version=2022-06-01",
      "RequestMethod": "GET",
      "RequestHeaders": {
        "Accept": "application/json",
        "Accept-Encoding": "gzip,deflate",
        "Authorization": "Sanitized",
        "Connection": "keep-alive",
        "User-Agent": "azsdk-js-arm-rediscache/7.1.2 core-rest-pipeline/1.10.2 Node/v16.17.0 OS/(x64-Windows_NT-10.0.22621)",
        "x-ms-client-request-id": "02591c37-114c-42ac-8abd-e15c21cbcfcc"
      },
      "RequestBody": null,
      "StatusCode": 202,
      "ResponseHeaders": {
        "Cache-Control": "no-cache",
        "Content-Length": "0",
        "Date": "Mon, 06 Feb 2023 03:20:43 GMT",
        "Expires": "-1",
        "Location": "https://management.azure.com/subscriptions/azure_subscription_id/providers/Microsoft.Cache/locations/East%20US/operationresults/c6bf95fd-6eea-4885-bd7e-dd7a6245892d?api-version=2022-06-01",
        "Pragma": "no-cache",
        "Server": "Microsoft-HTTPAPI/2.0",
        "Strict-Transport-Security": "max-age=31536000; includeSubDomains",
        "X-Content-Type-Options": "nosniff",
        "x-ms-correlation-request-id": "dc835640-a111-4dbd-91d2-b3d9dd44c033",
        "x-ms-ratelimit-remaining-subscription-reads": "11631",
        "x-ms-request-id": "1d77d975-3038-4b83-986a-f0b1a50dc0c8",
        "x-ms-routing-request-id": "SOUTHEASTASIA:20230206T032044Z:dc835640-a111-4dbd-91d2-b3d9dd44c033",
        "x-rp-server-mvid": "b9a917b0-7b08-4f97-9f88-dbe71340e8fc"
      },
      "ResponseBody": null
    },
    {
      "RequestUri": "https://management.azure.com/subscriptions/azure_subscription_id/providers/Microsoft.Cache/locations/East%20US/operationresults/c6bf95fd-6eea-4885-bd7e-dd7a6245892d?api-version=2022-06-01",
      "RequestMethod": "GET",
      "RequestHeaders": {
        "Accept": "application/json",
        "Accept-Encoding": "gzip,deflate",
        "Authorization": "Sanitized",
        "Connection": "keep-alive",
        "User-Agent": "azsdk-js-arm-rediscache/7.1.2 core-rest-pipeline/1.10.2 Node/v16.17.0 OS/(x64-Windows_NT-10.0.22621)",
        "x-ms-client-request-id": "57cbc983-2d50-4585-a6f5-261fa3c91af4"
      },
      "RequestBody": null,
      "StatusCode": 202,
      "ResponseHeaders": {
        "Cache-Control": "no-cache",
        "Content-Length": "0",
        "Date": "Mon, 06 Feb 2023 03:20:45 GMT",
        "Expires": "-1",
        "Location": "https://management.azure.com/subscriptions/azure_subscription_id/providers/Microsoft.Cache/locations/East%20US/operationresults/c6bf95fd-6eea-4885-bd7e-dd7a6245892d?api-version=2022-06-01",
        "Pragma": "no-cache",
        "Server": "Microsoft-HTTPAPI/2.0",
        "Strict-Transport-Security": "max-age=31536000; includeSubDomains",
        "X-Content-Type-Options": "nosniff",
        "x-ms-correlation-request-id": "1a0c02b8-4974-4bf4-939e-ecd8fe3365d7",
        "x-ms-ratelimit-remaining-subscription-reads": "11630",
        "x-ms-request-id": "1c7e88f3-2f93-4e66-9808-310051c6c998",
        "x-ms-routing-request-id": "SOUTHEASTASIA:20230206T032046Z:1a0c02b8-4974-4bf4-939e-ecd8fe3365d7",
        "x-rp-server-mvid": "b9a917b0-7b08-4f97-9f88-dbe71340e8fc"
      },
      "ResponseBody": null
    },
    {
      "RequestUri": "https://management.azure.com/subscriptions/azure_subscription_id/providers/Microsoft.Cache/locations/East%20US/operationresults/c6bf95fd-6eea-4885-bd7e-dd7a6245892d?api-version=2022-06-01",
      "RequestMethod": "GET",
      "RequestHeaders": {
        "Accept": "application/json",
        "Accept-Encoding": "gzip,deflate",
        "Authorization": "Sanitized",
        "Connection": "keep-alive",
        "User-Agent": "azsdk-js-arm-rediscache/7.1.2 core-rest-pipeline/1.10.2 Node/v16.17.0 OS/(x64-Windows_NT-10.0.22621)",
        "x-ms-client-request-id": "4d868b41-d446-4200-8b98-f2eb647f88b2"
      },
      "RequestBody": null,
      "StatusCode": 202,
      "ResponseHeaders": {
        "Cache-Control": "no-cache",
        "Content-Length": "0",
        "Date": "Mon, 06 Feb 2023 03:20:48 GMT",
        "Expires": "-1",
        "Location": "https://management.azure.com/subscriptions/azure_subscription_id/providers/Microsoft.Cache/locations/East%20US/operationresults/c6bf95fd-6eea-4885-bd7e-dd7a6245892d?api-version=2022-06-01",
        "Pragma": "no-cache",
        "Server": "Microsoft-HTTPAPI/2.0",
        "Strict-Transport-Security": "max-age=31536000; includeSubDomains",
        "X-Content-Type-Options": "nosniff",
        "x-ms-correlation-request-id": "9de31e46-27f9-4ece-94a0-25c0dcdff42c",
        "x-ms-ratelimit-remaining-subscription-reads": "11629",
        "x-ms-request-id": "d51c3f9b-d159-420d-9df0-f4f50f280665",
        "x-ms-routing-request-id": "SOUTHEASTASIA:20230206T032048Z:9de31e46-27f9-4ece-94a0-25c0dcdff42c",
        "x-rp-server-mvid": "b9a917b0-7b08-4f97-9f88-dbe71340e8fc"
      },
      "ResponseBody": null
    },
    {
      "RequestUri": "https://management.azure.com/subscriptions/azure_subscription_id/providers/Microsoft.Cache/locations/East%20US/operationresults/c6bf95fd-6eea-4885-bd7e-dd7a6245892d?api-version=2022-06-01",
      "RequestMethod": "GET",
      "RequestHeaders": {
        "Accept": "application/json",
        "Accept-Encoding": "gzip,deflate",
        "Authorization": "Sanitized",
        "Connection": "keep-alive",
        "User-Agent": "azsdk-js-arm-rediscache/7.1.2 core-rest-pipeline/1.10.2 Node/v16.17.0 OS/(x64-Windows_NT-10.0.22621)",
        "x-ms-client-request-id": "5787a07e-1d88-4d96-b823-0c25bc41438a"
      },
      "RequestBody": null,
      "StatusCode": 202,
      "ResponseHeaders": {
        "Cache-Control": "no-cache",
        "Content-Length": "0",
        "Date": "Mon, 06 Feb 2023 03:20:50 GMT",
        "Expires": "-1",
        "Location": "https://management.azure.com/subscriptions/azure_subscription_id/providers/Microsoft.Cache/locations/East%20US/operationresults/c6bf95fd-6eea-4885-bd7e-dd7a6245892d?api-version=2022-06-01",
        "Pragma": "no-cache",
        "Server": "Microsoft-HTTPAPI/2.0",
        "Strict-Transport-Security": "max-age=31536000; includeSubDomains",
        "X-Content-Type-Options": "nosniff",
        "x-ms-correlation-request-id": "c605fa13-a614-4d54-b6fd-98556a741214",
        "x-ms-ratelimit-remaining-subscription-reads": "11628",
        "x-ms-request-id": "d8f4a9fe-b365-4093-bfdd-e8bd699c18a1",
        "x-ms-routing-request-id": "SOUTHEASTASIA:20230206T032051Z:c605fa13-a614-4d54-b6fd-98556a741214",
        "x-rp-server-mvid": "b9a917b0-7b08-4f97-9f88-dbe71340e8fc"
      },
      "ResponseBody": null
    },
    {
      "RequestUri": "https://management.azure.com/subscriptions/azure_subscription_id/providers/Microsoft.Cache/locations/East%20US/operationresults/c6bf95fd-6eea-4885-bd7e-dd7a6245892d?api-version=2022-06-01",
      "RequestMethod": "GET",
      "RequestHeaders": {
        "Accept": "application/json",
        "Accept-Encoding": "gzip,deflate",
        "Authorization": "Sanitized",
        "Connection": "keep-alive",
        "User-Agent": "azsdk-js-arm-rediscache/7.1.2 core-rest-pipeline/1.10.2 Node/v16.17.0 OS/(x64-Windows_NT-10.0.22621)",
        "x-ms-client-request-id": "728e7112-7c70-497e-9610-8b60e6e206de"
      },
      "RequestBody": null,
      "StatusCode": 202,
      "ResponseHeaders": {
        "Cache-Control": "no-cache",
        "Content-Length": "0",
        "Date": "Mon, 06 Feb 2023 03:20:52 GMT",
        "Expires": "-1",
        "Location": "https://management.azure.com/subscriptions/azure_subscription_id/providers/Microsoft.Cache/locations/East%20US/operationresults/c6bf95fd-6eea-4885-bd7e-dd7a6245892d?api-version=2022-06-01",
        "Pragma": "no-cache",
        "Server": "Microsoft-HTTPAPI/2.0",
        "Strict-Transport-Security": "max-age=31536000; includeSubDomains",
        "X-Content-Type-Options": "nosniff",
        "x-ms-correlation-request-id": "7f241310-2281-4379-9711-ca938ef3b482",
        "x-ms-ratelimit-remaining-subscription-reads": "11627",
        "x-ms-request-id": "d895e42f-04d4-470a-a53d-5d209625412b",
        "x-ms-routing-request-id": "SOUTHEASTASIA:20230206T032053Z:7f241310-2281-4379-9711-ca938ef3b482",
        "x-rp-server-mvid": "b9a917b0-7b08-4f97-9f88-dbe71340e8fc"
      },
      "ResponseBody": null
    },
    {
      "RequestUri": "https://management.azure.com/subscriptions/azure_subscription_id/providers/Microsoft.Cache/locations/East%20US/operationresults/c6bf95fd-6eea-4885-bd7e-dd7a6245892d?api-version=2022-06-01",
      "RequestMethod": "GET",
      "RequestHeaders": {
        "Accept": "application/json",
        "Accept-Encoding": "gzip,deflate",
        "Authorization": "Sanitized",
        "Connection": "keep-alive",
        "User-Agent": "azsdk-js-arm-rediscache/7.1.2 core-rest-pipeline/1.10.2 Node/v16.17.0 OS/(x64-Windows_NT-10.0.22621)",
        "x-ms-client-request-id": "32c3fbad-0f2b-4d30-9efb-fc06df1c249d"
      },
      "RequestBody": null,
      "StatusCode": 202,
      "ResponseHeaders": {
        "Cache-Control": "no-cache",
        "Content-Length": "0",
        "Date": "Mon, 06 Feb 2023 03:20:55 GMT",
        "Expires": "-1",
        "Location": "https://management.azure.com/subscriptions/azure_subscription_id/providers/Microsoft.Cache/locations/East%20US/operationresults/c6bf95fd-6eea-4885-bd7e-dd7a6245892d?api-version=2022-06-01",
        "Pragma": "no-cache",
        "Server": "Microsoft-HTTPAPI/2.0",
        "Strict-Transport-Security": "max-age=31536000; includeSubDomains",
        "X-Content-Type-Options": "nosniff",
        "x-ms-correlation-request-id": "d0bdf368-0c31-47b9-ba55-db3e6e17f17d",
        "x-ms-ratelimit-remaining-subscription-reads": "11626",
        "x-ms-request-id": "cb307f5f-504c-4b15-93f3-4adf5dbd2815",
        "x-ms-routing-request-id": "SOUTHEASTASIA:20230206T032055Z:d0bdf368-0c31-47b9-ba55-db3e6e17f17d",
        "x-rp-server-mvid": "b9a917b0-7b08-4f97-9f88-dbe71340e8fc"
      },
      "ResponseBody": null
    },
    {
      "RequestUri": "https://management.azure.com/subscriptions/azure_subscription_id/providers/Microsoft.Cache/locations/East%20US/operationresults/c6bf95fd-6eea-4885-bd7e-dd7a6245892d?api-version=2022-06-01",
      "RequestMethod": "GET",
      "RequestHeaders": {
        "Accept": "application/json",
        "Accept-Encoding": "gzip,deflate",
        "Authorization": "Sanitized",
        "Connection": "keep-alive",
        "User-Agent": "azsdk-js-arm-rediscache/7.1.2 core-rest-pipeline/1.10.2 Node/v16.17.0 OS/(x64-Windows_NT-10.0.22621)",
        "x-ms-client-request-id": "35cbca90-0785-4358-b13e-ebce05ddb7ce"
      },
      "RequestBody": null,
      "StatusCode": 202,
      "ResponseHeaders": {
        "Cache-Control": "no-cache",
        "Content-Length": "0",
        "Date": "Mon, 06 Feb 2023 03:20:57 GMT",
        "Expires": "-1",
        "Location": "https://management.azure.com/subscriptions/azure_subscription_id/providers/Microsoft.Cache/locations/East%20US/operationresults/c6bf95fd-6eea-4885-bd7e-dd7a6245892d?api-version=2022-06-01",
        "Pragma": "no-cache",
        "Server": "Microsoft-HTTPAPI/2.0",
        "Strict-Transport-Security": "max-age=31536000; includeSubDomains",
        "X-Content-Type-Options": "nosniff",
        "x-ms-correlation-request-id": "2e16a830-43b0-4016-865e-6a68cc1fc33b",
        "x-ms-ratelimit-remaining-subscription-reads": "11625",
        "x-ms-request-id": "61567856-a6f1-443b-9db3-431d6602125d",
        "x-ms-routing-request-id": "SOUTHEASTASIA:20230206T032058Z:2e16a830-43b0-4016-865e-6a68cc1fc33b",
        "x-rp-server-mvid": "b9a917b0-7b08-4f97-9f88-dbe71340e8fc"
      },
      "ResponseBody": null
    },
    {
      "RequestUri": "https://management.azure.com/subscriptions/azure_subscription_id/providers/Microsoft.Cache/locations/East%20US/operationresults/c6bf95fd-6eea-4885-bd7e-dd7a6245892d?api-version=2022-06-01",
      "RequestMethod": "GET",
      "RequestHeaders": {
        "Accept": "application/json",
        "Accept-Encoding": "gzip,deflate",
        "Authorization": "Sanitized",
        "Connection": "keep-alive",
        "User-Agent": "azsdk-js-arm-rediscache/7.1.2 core-rest-pipeline/1.10.2 Node/v16.17.0 OS/(x64-Windows_NT-10.0.22621)",
        "x-ms-client-request-id": "6deba0fc-d627-40c1-8f83-884e9ce3eec9"
      },
      "RequestBody": null,
      "StatusCode": 202,
      "ResponseHeaders": {
        "Cache-Control": "no-cache",
        "Content-Length": "0",
        "Date": "Mon, 06 Feb 2023 03:20:59 GMT",
        "Expires": "-1",
        "Location": "https://management.azure.com/subscriptions/azure_subscription_id/providers/Microsoft.Cache/locations/East%20US/operationresults/c6bf95fd-6eea-4885-bd7e-dd7a6245892d?api-version=2022-06-01",
        "Pragma": "no-cache",
        "Server": "Microsoft-HTTPAPI/2.0",
        "Strict-Transport-Security": "max-age=31536000; includeSubDomains",
        "X-Content-Type-Options": "nosniff",
        "x-ms-correlation-request-id": "342ee0d7-955a-468f-bf5a-f6f0552cad35",
        "x-ms-ratelimit-remaining-subscription-reads": "11624",
        "x-ms-request-id": "9fd7f4a0-de75-4e47-b73a-4d2e210df93b",
        "x-ms-routing-request-id": "SOUTHEASTASIA:20230206T032100Z:342ee0d7-955a-468f-bf5a-f6f0552cad35",
        "x-rp-server-mvid": "b9a917b0-7b08-4f97-9f88-dbe71340e8fc"
      },
      "ResponseBody": null
    },
    {
      "RequestUri": "https://management.azure.com/subscriptions/azure_subscription_id/providers/Microsoft.Cache/locations/East%20US/operationresults/c6bf95fd-6eea-4885-bd7e-dd7a6245892d?api-version=2022-06-01",
      "RequestMethod": "GET",
      "RequestHeaders": {
        "Accept": "application/json",
        "Accept-Encoding": "gzip,deflate",
        "Authorization": "Sanitized",
        "Connection": "keep-alive",
        "User-Agent": "azsdk-js-arm-rediscache/7.1.2 core-rest-pipeline/1.10.2 Node/v16.17.0 OS/(x64-Windows_NT-10.0.22621)",
        "x-ms-client-request-id": "5649921f-9817-4eff-a58c-eab71c1a16e4"
      },
      "RequestBody": null,
      "StatusCode": 202,
      "ResponseHeaders": {
        "Cache-Control": "no-cache",
        "Content-Length": "0",
        "Date": "Mon, 06 Feb 2023 03:21:02 GMT",
        "Expires": "-1",
        "Location": "https://management.azure.com/subscriptions/azure_subscription_id/providers/Microsoft.Cache/locations/East%20US/operationresults/c6bf95fd-6eea-4885-bd7e-dd7a6245892d?api-version=2022-06-01",
        "Pragma": "no-cache",
        "Server": "Microsoft-HTTPAPI/2.0",
        "Strict-Transport-Security": "max-age=31536000; includeSubDomains",
        "X-Content-Type-Options": "nosniff",
        "x-ms-correlation-request-id": "3e0f527b-5318-4e73-bf9e-baa1e705de95",
        "x-ms-ratelimit-remaining-subscription-reads": "11623",
        "x-ms-request-id": "327b20d7-a664-48e1-aa10-4b71a4fb122d",
        "x-ms-routing-request-id": "SOUTHEASTASIA:20230206T032102Z:3e0f527b-5318-4e73-bf9e-baa1e705de95",
        "x-rp-server-mvid": "b9a917b0-7b08-4f97-9f88-dbe71340e8fc"
      },
      "ResponseBody": null
    },
    {
      "RequestUri": "https://management.azure.com/subscriptions/azure_subscription_id/providers/Microsoft.Cache/locations/East%20US/operationresults/c6bf95fd-6eea-4885-bd7e-dd7a6245892d?api-version=2022-06-01",
      "RequestMethod": "GET",
      "RequestHeaders": {
        "Accept": "application/json",
        "Accept-Encoding": "gzip,deflate",
        "Authorization": "Sanitized",
        "Connection": "keep-alive",
        "User-Agent": "azsdk-js-arm-rediscache/7.1.2 core-rest-pipeline/1.10.2 Node/v16.17.0 OS/(x64-Windows_NT-10.0.22621)",
        "x-ms-client-request-id": "c59a1172-01b8-4c21-80f1-ae3415d7fcf5"
      },
      "RequestBody": null,
      "StatusCode": 202,
      "ResponseHeaders": {
        "Cache-Control": "no-cache",
        "Content-Length": "0",
        "Date": "Mon, 06 Feb 2023 03:21:04 GMT",
        "Expires": "-1",
        "Location": "https://management.azure.com/subscriptions/azure_subscription_id/providers/Microsoft.Cache/locations/East%20US/operationresults/c6bf95fd-6eea-4885-bd7e-dd7a6245892d?api-version=2022-06-01",
        "Pragma": "no-cache",
        "Server": "Microsoft-HTTPAPI/2.0",
        "Strict-Transport-Security": "max-age=31536000; includeSubDomains",
        "X-Content-Type-Options": "nosniff",
        "x-ms-correlation-request-id": "aa7c32c6-8c73-45de-adcd-41422a2c41b3",
        "x-ms-ratelimit-remaining-subscription-reads": "11622",
        "x-ms-request-id": "fe3e2161-6a76-408d-bc04-ea0aba545c79",
        "x-ms-routing-request-id": "SOUTHEASTASIA:20230206T032105Z:aa7c32c6-8c73-45de-adcd-41422a2c41b3",
        "x-rp-server-mvid": "b9a917b0-7b08-4f97-9f88-dbe71340e8fc"
      },
      "ResponseBody": null
    },
    {
      "RequestUri": "https://management.azure.com/subscriptions/azure_subscription_id/providers/Microsoft.Cache/locations/East%20US/operationresults/c6bf95fd-6eea-4885-bd7e-dd7a6245892d?api-version=2022-06-01",
      "RequestMethod": "GET",
      "RequestHeaders": {
        "Accept": "application/json",
        "Accept-Encoding": "gzip,deflate",
        "Authorization": "Sanitized",
        "Connection": "keep-alive",
        "User-Agent": "azsdk-js-arm-rediscache/7.1.2 core-rest-pipeline/1.10.2 Node/v16.17.0 OS/(x64-Windows_NT-10.0.22621)",
        "x-ms-client-request-id": "34e4e261-9c28-4c66-a21e-327209cc0383"
      },
      "RequestBody": null,
      "StatusCode": 202,
      "ResponseHeaders": {
        "Cache-Control": "no-cache",
        "Content-Length": "0",
        "Date": "Mon, 06 Feb 2023 03:21:06 GMT",
        "Expires": "-1",
        "Location": "https://management.azure.com/subscriptions/azure_subscription_id/providers/Microsoft.Cache/locations/East%20US/operationresults/c6bf95fd-6eea-4885-bd7e-dd7a6245892d?api-version=2022-06-01",
        "Pragma": "no-cache",
        "Server": "Microsoft-HTTPAPI/2.0",
        "Strict-Transport-Security": "max-age=31536000; includeSubDomains",
        "X-Content-Type-Options": "nosniff",
        "x-ms-correlation-request-id": "c42ecf56-ce10-4787-a28c-d8fe917bddcd",
        "x-ms-ratelimit-remaining-subscription-reads": "11621",
        "x-ms-request-id": "af3f6cad-f2ea-40bf-b7e1-64883c88f40f",
        "x-ms-routing-request-id": "SOUTHEASTASIA:20230206T032107Z:c42ecf56-ce10-4787-a28c-d8fe917bddcd",
        "x-rp-server-mvid": "b9a917b0-7b08-4f97-9f88-dbe71340e8fc"
      },
      "ResponseBody": null
    },
    {
      "RequestUri": "https://management.azure.com/subscriptions/azure_subscription_id/providers/Microsoft.Cache/locations/East%20US/operationresults/c6bf95fd-6eea-4885-bd7e-dd7a6245892d?api-version=2022-06-01",
      "RequestMethod": "GET",
      "RequestHeaders": {
        "Accept": "application/json",
        "Accept-Encoding": "gzip,deflate",
        "Authorization": "Sanitized",
        "Connection": "keep-alive",
        "User-Agent": "azsdk-js-arm-rediscache/7.1.2 core-rest-pipeline/1.10.2 Node/v16.17.0 OS/(x64-Windows_NT-10.0.22621)",
        "x-ms-client-request-id": "16002a47-d012-44f0-ad6c-853a46f90b99"
      },
      "RequestBody": null,
      "StatusCode": 202,
      "ResponseHeaders": {
        "Cache-Control": "no-cache",
        "Content-Length": "0",
        "Date": "Mon, 06 Feb 2023 03:21:09 GMT",
        "Expires": "-1",
        "Location": "https://management.azure.com/subscriptions/azure_subscription_id/providers/Microsoft.Cache/locations/East%20US/operationresults/c6bf95fd-6eea-4885-bd7e-dd7a6245892d?api-version=2022-06-01",
        "Pragma": "no-cache",
        "Server": "Microsoft-HTTPAPI/2.0",
        "Strict-Transport-Security": "max-age=31536000; includeSubDomains",
        "X-Content-Type-Options": "nosniff",
        "x-ms-correlation-request-id": "7e2964d1-655b-42f9-ae1b-3fc30f7c5c0c",
        "x-ms-ratelimit-remaining-subscription-reads": "11620",
        "x-ms-request-id": "8e735dd8-f2de-47d2-b54f-b6639ad7e6f3",
        "x-ms-routing-request-id": "SOUTHEASTASIA:20230206T032109Z:7e2964d1-655b-42f9-ae1b-3fc30f7c5c0c",
        "x-rp-server-mvid": "b9a917b0-7b08-4f97-9f88-dbe71340e8fc"
      },
      "ResponseBody": null
    },
    {
      "RequestUri": "https://management.azure.com/subscriptions/azure_subscription_id/providers/Microsoft.Cache/locations/East%20US/operationresults/c6bf95fd-6eea-4885-bd7e-dd7a6245892d?api-version=2022-06-01",
      "RequestMethod": "GET",
      "RequestHeaders": {
        "Accept": "application/json",
        "Accept-Encoding": "gzip,deflate",
        "Authorization": "Sanitized",
        "Connection": "keep-alive",
        "User-Agent": "azsdk-js-arm-rediscache/7.1.2 core-rest-pipeline/1.10.2 Node/v16.17.0 OS/(x64-Windows_NT-10.0.22621)",
        "x-ms-client-request-id": "b148ff85-30db-41c0-a53e-4ec1f27ae27b"
      },
      "RequestBody": null,
      "StatusCode": 202,
      "ResponseHeaders": {
        "Cache-Control": "no-cache",
        "Content-Length": "0",
        "Date": "Mon, 06 Feb 2023 03:21:11 GMT",
        "Expires": "-1",
        "Location": "https://management.azure.com/subscriptions/azure_subscription_id/providers/Microsoft.Cache/locations/East%20US/operationresults/c6bf95fd-6eea-4885-bd7e-dd7a6245892d?api-version=2022-06-01",
        "Pragma": "no-cache",
        "Server": "Microsoft-HTTPAPI/2.0",
        "Strict-Transport-Security": "max-age=31536000; includeSubDomains",
        "X-Content-Type-Options": "nosniff",
        "x-ms-correlation-request-id": "3d0d268c-4c01-4bd2-964b-39e912a37db6",
        "x-ms-ratelimit-remaining-subscription-reads": "11619",
        "x-ms-request-id": "bf09eb43-6413-4d90-9c5f-0fb51a0fe503",
        "x-ms-routing-request-id": "SOUTHEASTASIA:20230206T032112Z:3d0d268c-4c01-4bd2-964b-39e912a37db6",
        "x-rp-server-mvid": "b9a917b0-7b08-4f97-9f88-dbe71340e8fc"
      },
      "ResponseBody": null
    },
    {
      "RequestUri": "https://management.azure.com/subscriptions/azure_subscription_id/providers/Microsoft.Cache/locations/East%20US/operationresults/c6bf95fd-6eea-4885-bd7e-dd7a6245892d?api-version=2022-06-01",
      "RequestMethod": "GET",
      "RequestHeaders": {
        "Accept": "application/json",
        "Accept-Encoding": "gzip,deflate",
        "Authorization": "Sanitized",
        "Connection": "keep-alive",
        "User-Agent": "azsdk-js-arm-rediscache/7.1.2 core-rest-pipeline/1.10.2 Node/v16.17.0 OS/(x64-Windows_NT-10.0.22621)",
        "x-ms-client-request-id": "507c5ab3-a4c4-43cb-b567-04cd3cddc962"
      },
      "RequestBody": null,
      "StatusCode": 202,
      "ResponseHeaders": {
        "Cache-Control": "no-cache",
        "Content-Length": "0",
        "Date": "Mon, 06 Feb 2023 03:21:13 GMT",
        "Expires": "-1",
        "Location": "https://management.azure.com/subscriptions/azure_subscription_id/providers/Microsoft.Cache/locations/East%20US/operationresults/c6bf95fd-6eea-4885-bd7e-dd7a6245892d?api-version=2022-06-01",
        "Pragma": "no-cache",
        "Server": "Microsoft-HTTPAPI/2.0",
        "Strict-Transport-Security": "max-age=31536000; includeSubDomains",
        "X-Content-Type-Options": "nosniff",
        "x-ms-correlation-request-id": "225e1379-0e81-4de6-b929-f372095586ac",
        "x-ms-ratelimit-remaining-subscription-reads": "11618",
        "x-ms-request-id": "639e5a97-bb51-45ad-8991-dd00cc96d543",
        "x-ms-routing-request-id": "SOUTHEASTASIA:20230206T032114Z:225e1379-0e81-4de6-b929-f372095586ac",
        "x-rp-server-mvid": "b9a917b0-7b08-4f97-9f88-dbe71340e8fc"
      },
      "ResponseBody": null
    },
    {
      "RequestUri": "https://management.azure.com/subscriptions/azure_subscription_id/providers/Microsoft.Cache/locations/East%20US/operationresults/c6bf95fd-6eea-4885-bd7e-dd7a6245892d?api-version=2022-06-01",
      "RequestMethod": "GET",
      "RequestHeaders": {
        "Accept": "application/json",
        "Accept-Encoding": "gzip,deflate",
        "Authorization": "Sanitized",
        "Connection": "keep-alive",
        "User-Agent": "azsdk-js-arm-rediscache/7.1.2 core-rest-pipeline/1.10.2 Node/v16.17.0 OS/(x64-Windows_NT-10.0.22621)",
        "x-ms-client-request-id": "97fd9182-0f7b-4fa2-b503-83d35d40e962"
      },
      "RequestBody": null,
      "StatusCode": 202,
      "ResponseHeaders": {
        "Cache-Control": "no-cache",
        "Content-Length": "0",
        "Date": "Mon, 06 Feb 2023 03:21:16 GMT",
        "Expires": "-1",
        "Location": "https://management.azure.com/subscriptions/azure_subscription_id/providers/Microsoft.Cache/locations/East%20US/operationresults/c6bf95fd-6eea-4885-bd7e-dd7a6245892d?api-version=2022-06-01",
        "Pragma": "no-cache",
        "Server": "Microsoft-HTTPAPI/2.0",
        "Strict-Transport-Security": "max-age=31536000; includeSubDomains",
        "X-Content-Type-Options": "nosniff",
        "x-ms-correlation-request-id": "3a2c531e-8b24-4d93-a4c4-9ca064be3ac9",
        "x-ms-ratelimit-remaining-subscription-reads": "11617",
        "x-ms-request-id": "c68e84c2-afb9-42cd-abba-6f4d0820e154",
        "x-ms-routing-request-id": "SOUTHEASTASIA:20230206T032116Z:3a2c531e-8b24-4d93-a4c4-9ca064be3ac9",
        "x-rp-server-mvid": "b9a917b0-7b08-4f97-9f88-dbe71340e8fc"
      },
      "ResponseBody": null
    },
    {
      "RequestUri": "https://management.azure.com/subscriptions/azure_subscription_id/providers/Microsoft.Cache/locations/East%20US/operationresults/c6bf95fd-6eea-4885-bd7e-dd7a6245892d?api-version=2022-06-01",
      "RequestMethod": "GET",
      "RequestHeaders": {
        "Accept": "application/json",
        "Accept-Encoding": "gzip,deflate",
        "Authorization": "Sanitized",
        "Connection": "keep-alive",
        "User-Agent": "azsdk-js-arm-rediscache/7.1.2 core-rest-pipeline/1.10.2 Node/v16.17.0 OS/(x64-Windows_NT-10.0.22621)",
        "x-ms-client-request-id": "0307c44b-1653-4382-9f2a-7b3a19b1adc9"
      },
      "RequestBody": null,
      "StatusCode": 202,
      "ResponseHeaders": {
        "Cache-Control": "no-cache",
        "Content-Length": "0",
        "Date": "Mon, 06 Feb 2023 03:21:18 GMT",
        "Expires": "-1",
        "Location": "https://management.azure.com/subscriptions/azure_subscription_id/providers/Microsoft.Cache/locations/East%20US/operationresults/c6bf95fd-6eea-4885-bd7e-dd7a6245892d?api-version=2022-06-01",
        "Pragma": "no-cache",
        "Server": "Microsoft-HTTPAPI/2.0",
        "Strict-Transport-Security": "max-age=31536000; includeSubDomains",
        "X-Content-Type-Options": "nosniff",
        "x-ms-correlation-request-id": "cfcee26a-d152-47c0-b4a5-a732f5c64559",
        "x-ms-ratelimit-remaining-subscription-reads": "11616",
        "x-ms-request-id": "72584221-d1f3-460f-892b-4ace01d624ef",
        "x-ms-routing-request-id": "SOUTHEASTASIA:20230206T032119Z:cfcee26a-d152-47c0-b4a5-a732f5c64559",
        "x-rp-server-mvid": "b9a917b0-7b08-4f97-9f88-dbe71340e8fc"
      },
      "ResponseBody": null
    },
    {
      "RequestUri": "https://management.azure.com/subscriptions/azure_subscription_id/providers/Microsoft.Cache/locations/East%20US/operationresults/c6bf95fd-6eea-4885-bd7e-dd7a6245892d?api-version=2022-06-01",
      "RequestMethod": "GET",
      "RequestHeaders": {
        "Accept": "application/json",
        "Accept-Encoding": "gzip,deflate",
        "Authorization": "Sanitized",
        "Connection": "keep-alive",
        "User-Agent": "azsdk-js-arm-rediscache/7.1.2 core-rest-pipeline/1.10.2 Node/v16.17.0 OS/(x64-Windows_NT-10.0.22621)",
        "x-ms-client-request-id": "b569d7b9-c450-45a2-8402-eb962bf8a689"
      },
      "RequestBody": null,
      "StatusCode": 202,
      "ResponseHeaders": {
        "Cache-Control": "no-cache",
        "Content-Length": "0",
        "Date": "Mon, 06 Feb 2023 03:21:20 GMT",
        "Expires": "-1",
        "Location": "https://management.azure.com/subscriptions/azure_subscription_id/providers/Microsoft.Cache/locations/East%20US/operationresults/c6bf95fd-6eea-4885-bd7e-dd7a6245892d?api-version=2022-06-01",
        "Pragma": "no-cache",
        "Server": "Microsoft-HTTPAPI/2.0",
        "Strict-Transport-Security": "max-age=31536000; includeSubDomains",
        "X-Content-Type-Options": "nosniff",
        "x-ms-correlation-request-id": "8ef3ee20-a109-4b0b-a371-efcd028992d6",
        "x-ms-ratelimit-remaining-subscription-reads": "11615",
        "x-ms-request-id": "52089712-78f5-4220-912e-888e77a45203",
        "x-ms-routing-request-id": "SOUTHEASTASIA:20230206T032121Z:8ef3ee20-a109-4b0b-a371-efcd028992d6",
        "x-rp-server-mvid": "b9a917b0-7b08-4f97-9f88-dbe71340e8fc"
      },
      "ResponseBody": null
    },
    {
      "RequestUri": "https://management.azure.com/subscriptions/azure_subscription_id/providers/Microsoft.Cache/locations/East%20US/operationresults/c6bf95fd-6eea-4885-bd7e-dd7a6245892d?api-version=2022-06-01",
      "RequestMethod": "GET",
      "RequestHeaders": {
        "Accept": "application/json",
        "Accept-Encoding": "gzip,deflate",
        "Authorization": "Sanitized",
        "Connection": "keep-alive",
        "User-Agent": "azsdk-js-arm-rediscache/7.1.2 core-rest-pipeline/1.10.2 Node/v16.17.0 OS/(x64-Windows_NT-10.0.22621)",
        "x-ms-client-request-id": "28f51a3d-df90-445f-bc00-8b4e2fd7cccd"
      },
      "RequestBody": null,
      "StatusCode": 202,
      "ResponseHeaders": {
        "Cache-Control": "no-cache",
        "Content-Length": "0",
        "Date": "Mon, 06 Feb 2023 03:21:22 GMT",
        "Expires": "-1",
        "Location": "https://management.azure.com/subscriptions/azure_subscription_id/providers/Microsoft.Cache/locations/East%20US/operationresults/c6bf95fd-6eea-4885-bd7e-dd7a6245892d?api-version=2022-06-01",
        "Pragma": "no-cache",
        "Server": "Microsoft-HTTPAPI/2.0",
        "Strict-Transport-Security": "max-age=31536000; includeSubDomains",
        "X-Content-Type-Options": "nosniff",
        "x-ms-correlation-request-id": "91255616-d69c-4c4c-9d28-def58b6c373d",
        "x-ms-ratelimit-remaining-subscription-reads": "11614",
        "x-ms-request-id": "2cc5d33e-1994-4198-9819-a6ecc5023063",
        "x-ms-routing-request-id": "SOUTHEASTASIA:20230206T032123Z:91255616-d69c-4c4c-9d28-def58b6c373d",
        "x-rp-server-mvid": "b9a917b0-7b08-4f97-9f88-dbe71340e8fc"
      },
      "ResponseBody": null
    },
    {
      "RequestUri": "https://management.azure.com/subscriptions/azure_subscription_id/providers/Microsoft.Cache/locations/East%20US/operationresults/c6bf95fd-6eea-4885-bd7e-dd7a6245892d?api-version=2022-06-01",
      "RequestMethod": "GET",
      "RequestHeaders": {
        "Accept": "application/json",
        "Accept-Encoding": "gzip,deflate",
        "Authorization": "Sanitized",
        "Connection": "keep-alive",
        "User-Agent": "azsdk-js-arm-rediscache/7.1.2 core-rest-pipeline/1.10.2 Node/v16.17.0 OS/(x64-Windows_NT-10.0.22621)",
        "x-ms-client-request-id": "5e01d59b-ef59-4574-a2e2-6f2dbce7e9eb"
      },
      "RequestBody": null,
      "StatusCode": 202,
      "ResponseHeaders": {
        "Cache-Control": "no-cache",
        "Content-Length": "0",
        "Date": "Mon, 06 Feb 2023 03:21:25 GMT",
        "Expires": "-1",
        "Location": "https://management.azure.com/subscriptions/azure_subscription_id/providers/Microsoft.Cache/locations/East%20US/operationresults/c6bf95fd-6eea-4885-bd7e-dd7a6245892d?api-version=2022-06-01",
        "Pragma": "no-cache",
        "Server": "Microsoft-HTTPAPI/2.0",
        "Strict-Transport-Security": "max-age=31536000; includeSubDomains",
        "X-Content-Type-Options": "nosniff",
        "x-ms-correlation-request-id": "128c86d0-391e-4940-bfbe-8ac21ac0dfbc",
        "x-ms-ratelimit-remaining-subscription-reads": "11613",
        "x-ms-request-id": "0d675bd8-a497-409e-8725-85b94ad4dc85",
        "x-ms-routing-request-id": "SOUTHEASTASIA:20230206T032126Z:128c86d0-391e-4940-bfbe-8ac21ac0dfbc",
        "x-rp-server-mvid": "b9a917b0-7b08-4f97-9f88-dbe71340e8fc"
      },
      "ResponseBody": null
    },
    {
      "RequestUri": "https://management.azure.com/subscriptions/azure_subscription_id/providers/Microsoft.Cache/locations/East%20US/operationresults/c6bf95fd-6eea-4885-bd7e-dd7a6245892d?api-version=2022-06-01",
      "RequestMethod": "GET",
      "RequestHeaders": {
        "Accept": "application/json",
        "Accept-Encoding": "gzip,deflate",
        "Authorization": "Sanitized",
        "Connection": "keep-alive",
        "User-Agent": "azsdk-js-arm-rediscache/7.1.2 core-rest-pipeline/1.10.2 Node/v16.17.0 OS/(x64-Windows_NT-10.0.22621)",
        "x-ms-client-request-id": "e9fca20d-51c9-4caa-bc4a-fafbf93f3ed2"
      },
      "RequestBody": null,
      "StatusCode": 202,
      "ResponseHeaders": {
        "Cache-Control": "no-cache",
        "Content-Length": "0",
        "Date": "Mon, 06 Feb 2023 03:21:27 GMT",
        "Expires": "-1",
        "Location": "https://management.azure.com/subscriptions/azure_subscription_id/providers/Microsoft.Cache/locations/East%20US/operationresults/c6bf95fd-6eea-4885-bd7e-dd7a6245892d?api-version=2022-06-01",
        "Pragma": "no-cache",
        "Server": "Microsoft-HTTPAPI/2.0",
        "Strict-Transport-Security": "max-age=31536000; includeSubDomains",
        "X-Content-Type-Options": "nosniff",
        "x-ms-correlation-request-id": "f56ccf12-d1a6-43c6-b079-e17bfbf64945",
        "x-ms-ratelimit-remaining-subscription-reads": "11612",
        "x-ms-request-id": "023c4b77-f9d9-4c64-a39e-d32a97febec7",
        "x-ms-routing-request-id": "SOUTHEASTASIA:20230206T032128Z:f56ccf12-d1a6-43c6-b079-e17bfbf64945",
        "x-rp-server-mvid": "b9a917b0-7b08-4f97-9f88-dbe71340e8fc"
      },
      "ResponseBody": null
    },
    {
      "RequestUri": "https://management.azure.com/subscriptions/azure_subscription_id/providers/Microsoft.Cache/locations/East%20US/operationresults/c6bf95fd-6eea-4885-bd7e-dd7a6245892d?api-version=2022-06-01",
      "RequestMethod": "GET",
      "RequestHeaders": {
        "Accept": "application/json",
        "Accept-Encoding": "gzip,deflate",
        "Authorization": "Sanitized",
        "Connection": "keep-alive",
        "User-Agent": "azsdk-js-arm-rediscache/7.1.2 core-rest-pipeline/1.10.2 Node/v16.17.0 OS/(x64-Windows_NT-10.0.22621)",
        "x-ms-client-request-id": "49249e9e-2351-47c0-bb85-fda6d1e7aef6"
      },
      "RequestBody": null,
      "StatusCode": 202,
      "ResponseHeaders": {
        "Cache-Control": "no-cache",
        "Content-Length": "0",
        "Date": "Mon, 06 Feb 2023 03:21:29 GMT",
        "Expires": "-1",
        "Location": "https://management.azure.com/subscriptions/azure_subscription_id/providers/Microsoft.Cache/locations/East%20US/operationresults/c6bf95fd-6eea-4885-bd7e-dd7a6245892d?api-version=2022-06-01",
        "Pragma": "no-cache",
        "Server": "Microsoft-HTTPAPI/2.0",
        "Strict-Transport-Security": "max-age=31536000; includeSubDomains",
        "X-Content-Type-Options": "nosniff",
        "x-ms-correlation-request-id": "866c57aa-ae76-45f5-b0a1-d0dc4b836aa8",
        "x-ms-ratelimit-remaining-subscription-reads": "11611",
        "x-ms-request-id": "fd186c76-b988-473a-ab00-efd986fc5f06",
        "x-ms-routing-request-id": "SOUTHEASTASIA:20230206T032130Z:866c57aa-ae76-45f5-b0a1-d0dc4b836aa8",
        "x-rp-server-mvid": "b9a917b0-7b08-4f97-9f88-dbe71340e8fc"
      },
      "ResponseBody": null
    },
    {
      "RequestUri": "https://management.azure.com/subscriptions/azure_subscription_id/providers/Microsoft.Cache/locations/East%20US/operationresults/c6bf95fd-6eea-4885-bd7e-dd7a6245892d?api-version=2022-06-01",
      "RequestMethod": "GET",
      "RequestHeaders": {
        "Accept": "application/json",
        "Accept-Encoding": "gzip,deflate",
        "Authorization": "Sanitized",
        "Connection": "keep-alive",
        "User-Agent": "azsdk-js-arm-rediscache/7.1.2 core-rest-pipeline/1.10.2 Node/v16.17.0 OS/(x64-Windows_NT-10.0.22621)",
        "x-ms-client-request-id": "a275dbd1-2d08-44d9-aeea-d3e85ddb8107"
      },
      "RequestBody": null,
      "StatusCode": 202,
      "ResponseHeaders": {
        "Cache-Control": "no-cache",
        "Content-Length": "0",
        "Date": "Mon, 06 Feb 2023 03:21:32 GMT",
        "Expires": "-1",
        "Location": "https://management.azure.com/subscriptions/azure_subscription_id/providers/Microsoft.Cache/locations/East%20US/operationresults/c6bf95fd-6eea-4885-bd7e-dd7a6245892d?api-version=2022-06-01",
        "Pragma": "no-cache",
        "Server": "Microsoft-HTTPAPI/2.0",
        "Strict-Transport-Security": "max-age=31536000; includeSubDomains",
        "X-Content-Type-Options": "nosniff",
        "x-ms-correlation-request-id": "db38b31b-4de8-49fa-b7f1-367b9e9fb339",
        "x-ms-ratelimit-remaining-subscription-reads": "11610",
        "x-ms-request-id": "5a62ded9-a00f-4878-a0a7-5268bd13c9cd",
        "x-ms-routing-request-id": "SOUTHEASTASIA:20230206T032133Z:db38b31b-4de8-49fa-b7f1-367b9e9fb339",
        "x-rp-server-mvid": "b9a917b0-7b08-4f97-9f88-dbe71340e8fc"
      },
      "ResponseBody": null
    },
    {
      "RequestUri": "https://management.azure.com/subscriptions/azure_subscription_id/providers/Microsoft.Cache/locations/East%20US/operationresults/c6bf95fd-6eea-4885-bd7e-dd7a6245892d?api-version=2022-06-01",
      "RequestMethod": "GET",
      "RequestHeaders": {
        "Accept": "application/json",
        "Accept-Encoding": "gzip,deflate",
        "Authorization": "Sanitized",
        "Connection": "keep-alive",
        "User-Agent": "azsdk-js-arm-rediscache/7.1.2 core-rest-pipeline/1.10.2 Node/v16.17.0 OS/(x64-Windows_NT-10.0.22621)",
        "x-ms-client-request-id": "86550394-8436-4302-9adc-11645d0c9dec"
      },
      "RequestBody": null,
      "StatusCode": 202,
      "ResponseHeaders": {
        "Cache-Control": "no-cache",
        "Content-Length": "0",
        "Date": "Mon, 06 Feb 2023 03:21:35 GMT",
        "Expires": "-1",
        "Location": "https://management.azure.com/subscriptions/azure_subscription_id/providers/Microsoft.Cache/locations/East%20US/operationresults/c6bf95fd-6eea-4885-bd7e-dd7a6245892d?api-version=2022-06-01",
        "Pragma": "no-cache",
        "Server": "Microsoft-HTTPAPI/2.0",
        "Strict-Transport-Security": "max-age=31536000; includeSubDomains",
        "X-Content-Type-Options": "nosniff",
        "x-ms-correlation-request-id": "c7298378-6370-4e3b-b78b-a3c5ab99961f",
        "x-ms-ratelimit-remaining-subscription-reads": "11609",
        "x-ms-request-id": "91d83001-ca8c-4a5d-9838-8c21497145e7",
        "x-ms-routing-request-id": "SOUTHEASTASIA:20230206T032135Z:c7298378-6370-4e3b-b78b-a3c5ab99961f",
        "x-rp-server-mvid": "b9a917b0-7b08-4f97-9f88-dbe71340e8fc"
      },
      "ResponseBody": null
    },
    {
      "RequestUri": "https://management.azure.com/subscriptions/azure_subscription_id/providers/Microsoft.Cache/locations/East%20US/operationresults/c6bf95fd-6eea-4885-bd7e-dd7a6245892d?api-version=2022-06-01",
      "RequestMethod": "GET",
      "RequestHeaders": {
        "Accept": "application/json",
        "Accept-Encoding": "gzip,deflate",
        "Authorization": "Sanitized",
        "Connection": "keep-alive",
        "User-Agent": "azsdk-js-arm-rediscache/7.1.2 core-rest-pipeline/1.10.2 Node/v16.17.0 OS/(x64-Windows_NT-10.0.22621)",
        "x-ms-client-request-id": "72b6dd98-78b0-40da-b665-399c2ec55782"
      },
      "RequestBody": null,
      "StatusCode": 202,
      "ResponseHeaders": {
        "Cache-Control": "no-cache",
        "Content-Length": "0",
        "Date": "Mon, 06 Feb 2023 03:21:37 GMT",
        "Expires": "-1",
        "Location": "https://management.azure.com/subscriptions/azure_subscription_id/providers/Microsoft.Cache/locations/East%20US/operationresults/c6bf95fd-6eea-4885-bd7e-dd7a6245892d?api-version=2022-06-01",
        "Pragma": "no-cache",
        "Server": "Microsoft-HTTPAPI/2.0",
        "Strict-Transport-Security": "max-age=31536000; includeSubDomains",
        "X-Content-Type-Options": "nosniff",
        "x-ms-correlation-request-id": "90fff376-fb0d-4e81-9754-4c6c64a93199",
        "x-ms-ratelimit-remaining-subscription-reads": "11608",
        "x-ms-request-id": "9ed507e0-6b52-4329-9763-41988fd11f2a",
        "x-ms-routing-request-id": "SOUTHEASTASIA:20230206T032137Z:90fff376-fb0d-4e81-9754-4c6c64a93199",
        "x-rp-server-mvid": "b9a917b0-7b08-4f97-9f88-dbe71340e8fc"
      },
      "ResponseBody": null
    },
    {
      "RequestUri": "https://management.azure.com/subscriptions/azure_subscription_id/providers/Microsoft.Cache/locations/East%20US/operationresults/c6bf95fd-6eea-4885-bd7e-dd7a6245892d?api-version=2022-06-01",
      "RequestMethod": "GET",
      "RequestHeaders": {
        "Accept": "application/json",
        "Accept-Encoding": "gzip,deflate",
        "Authorization": "Sanitized",
        "Connection": "keep-alive",
        "User-Agent": "azsdk-js-arm-rediscache/7.1.2 core-rest-pipeline/1.10.2 Node/v16.17.0 OS/(x64-Windows_NT-10.0.22621)",
        "x-ms-client-request-id": "fcf5b110-e358-4a8a-abf2-9c8878458f7f"
      },
      "RequestBody": null,
      "StatusCode": 202,
      "ResponseHeaders": {
        "Cache-Control": "no-cache",
        "Content-Length": "0",
        "Date": "Mon, 06 Feb 2023 03:21:39 GMT",
        "Expires": "-1",
        "Location": "https://management.azure.com/subscriptions/azure_subscription_id/providers/Microsoft.Cache/locations/East%20US/operationresults/c6bf95fd-6eea-4885-bd7e-dd7a6245892d?api-version=2022-06-01",
        "Pragma": "no-cache",
        "Server": "Microsoft-HTTPAPI/2.0",
        "Strict-Transport-Security": "max-age=31536000; includeSubDomains",
        "X-Content-Type-Options": "nosniff",
        "x-ms-correlation-request-id": "b8ddc861-a150-4642-b405-c8bb8e05c07e",
        "x-ms-ratelimit-remaining-subscription-reads": "11607",
        "x-ms-request-id": "38d7b701-d99d-44bf-838d-812b97b2c2f9",
        "x-ms-routing-request-id": "SOUTHEASTASIA:20230206T032140Z:b8ddc861-a150-4642-b405-c8bb8e05c07e",
        "x-rp-server-mvid": "b9a917b0-7b08-4f97-9f88-dbe71340e8fc"
      },
      "ResponseBody": null
    },
    {
      "RequestUri": "https://management.azure.com/subscriptions/azure_subscription_id/providers/Microsoft.Cache/locations/East%20US/operationresults/c6bf95fd-6eea-4885-bd7e-dd7a6245892d?api-version=2022-06-01",
      "RequestMethod": "GET",
      "RequestHeaders": {
        "Accept": "application/json",
        "Accept-Encoding": "gzip,deflate",
        "Authorization": "Sanitized",
        "Connection": "keep-alive",
        "User-Agent": "azsdk-js-arm-rediscache/7.1.2 core-rest-pipeline/1.10.2 Node/v16.17.0 OS/(x64-Windows_NT-10.0.22621)",
        "x-ms-client-request-id": "55dc6a23-932b-46c0-860d-bf0a890710de"
      },
      "RequestBody": null,
      "StatusCode": 202,
      "ResponseHeaders": {
        "Cache-Control": "no-cache",
        "Content-Length": "0",
        "Date": "Mon, 06 Feb 2023 03:21:42 GMT",
        "Expires": "-1",
        "Location": "https://management.azure.com/subscriptions/azure_subscription_id/providers/Microsoft.Cache/locations/East%20US/operationresults/c6bf95fd-6eea-4885-bd7e-dd7a6245892d?api-version=2022-06-01",
        "Pragma": "no-cache",
        "Server": "Microsoft-HTTPAPI/2.0",
        "Strict-Transport-Security": "max-age=31536000; includeSubDomains",
        "X-Content-Type-Options": "nosniff",
        "x-ms-correlation-request-id": "8293dc51-437c-4309-a699-54d3b1a62fc1",
        "x-ms-ratelimit-remaining-subscription-reads": "11606",
        "x-ms-request-id": "20cec6e5-138e-46fe-8636-7510dfcd024a",
        "x-ms-routing-request-id": "SOUTHEASTASIA:20230206T032142Z:8293dc51-437c-4309-a699-54d3b1a62fc1",
        "x-rp-server-mvid": "b9a917b0-7b08-4f97-9f88-dbe71340e8fc"
      },
      "ResponseBody": null
    },
    {
      "RequestUri": "https://management.azure.com/subscriptions/azure_subscription_id/providers/Microsoft.Cache/locations/East%20US/operationresults/c6bf95fd-6eea-4885-bd7e-dd7a6245892d?api-version=2022-06-01",
      "RequestMethod": "GET",
      "RequestHeaders": {
        "Accept": "application/json",
        "Accept-Encoding": "gzip,deflate",
        "Authorization": "Sanitized",
        "Connection": "keep-alive",
        "User-Agent": "azsdk-js-arm-rediscache/7.1.2 core-rest-pipeline/1.10.2 Node/v16.17.0 OS/(x64-Windows_NT-10.0.22621)",
        "x-ms-client-request-id": "c7edb802-7924-411c-ae91-22f19dfae543"
      },
      "RequestBody": null,
      "StatusCode": 202,
      "ResponseHeaders": {
        "Cache-Control": "no-cache",
        "Content-Length": "0",
        "Date": "Mon, 06 Feb 2023 03:21:44 GMT",
        "Expires": "-1",
        "Location": "https://management.azure.com/subscriptions/azure_subscription_id/providers/Microsoft.Cache/locations/East%20US/operationresults/c6bf95fd-6eea-4885-bd7e-dd7a6245892d?api-version=2022-06-01",
        "Pragma": "no-cache",
        "Server": "Microsoft-HTTPAPI/2.0",
        "Strict-Transport-Security": "max-age=31536000; includeSubDomains",
        "X-Content-Type-Options": "nosniff",
        "x-ms-correlation-request-id": "1e199a9b-13da-4a9f-afbe-dc0d9d5dbd4a",
        "x-ms-ratelimit-remaining-subscription-reads": "11605",
        "x-ms-request-id": "cbe29baf-b2bf-4157-b0d5-7e68d971bc64",
        "x-ms-routing-request-id": "SOUTHEASTASIA:20230206T032144Z:1e199a9b-13da-4a9f-afbe-dc0d9d5dbd4a",
        "x-rp-server-mvid": "b9a917b0-7b08-4f97-9f88-dbe71340e8fc"
      },
      "ResponseBody": null
    },
    {
      "RequestUri": "https://management.azure.com/subscriptions/azure_subscription_id/providers/Microsoft.Cache/locations/East%20US/operationresults/c6bf95fd-6eea-4885-bd7e-dd7a6245892d?api-version=2022-06-01",
      "RequestMethod": "GET",
      "RequestHeaders": {
        "Accept": "application/json",
        "Accept-Encoding": "gzip,deflate",
        "Authorization": "Sanitized",
        "Connection": "keep-alive",
        "User-Agent": "azsdk-js-arm-rediscache/7.1.2 core-rest-pipeline/1.10.2 Node/v16.17.0 OS/(x64-Windows_NT-10.0.22621)",
        "x-ms-client-request-id": "d6553a19-744e-41aa-a252-2c6d0071e24a"
      },
      "RequestBody": null,
      "StatusCode": 202,
      "ResponseHeaders": {
        "Cache-Control": "no-cache",
        "Content-Length": "0",
        "Date": "Mon, 06 Feb 2023 03:21:46 GMT",
        "Expires": "-1",
        "Location": "https://management.azure.com/subscriptions/azure_subscription_id/providers/Microsoft.Cache/locations/East%20US/operationresults/c6bf95fd-6eea-4885-bd7e-dd7a6245892d?api-version=2022-06-01",
        "Pragma": "no-cache",
        "Server": "Microsoft-HTTPAPI/2.0",
        "Strict-Transport-Security": "max-age=31536000; includeSubDomains",
        "X-Content-Type-Options": "nosniff",
        "x-ms-correlation-request-id": "2a2487c2-427d-48c0-936b-f9e98fe75cb5",
        "x-ms-ratelimit-remaining-subscription-reads": "11604",
        "x-ms-request-id": "21b42d07-5151-4df0-a837-27aa21d73175",
        "x-ms-routing-request-id": "SOUTHEASTASIA:20230206T032147Z:2a2487c2-427d-48c0-936b-f9e98fe75cb5",
        "x-rp-server-mvid": "b9a917b0-7b08-4f97-9f88-dbe71340e8fc"
      },
      "ResponseBody": null
    },
    {
      "RequestUri": "https://management.azure.com/subscriptions/azure_subscription_id/providers/Microsoft.Cache/locations/East%20US/operationresults/c6bf95fd-6eea-4885-bd7e-dd7a6245892d?api-version=2022-06-01",
      "RequestMethod": "GET",
      "RequestHeaders": {
        "Accept": "application/json",
        "Accept-Encoding": "gzip,deflate",
        "Authorization": "Sanitized",
        "Connection": "keep-alive",
        "User-Agent": "azsdk-js-arm-rediscache/7.1.2 core-rest-pipeline/1.10.2 Node/v16.17.0 OS/(x64-Windows_NT-10.0.22621)",
        "x-ms-client-request-id": "2a98e8bc-3935-4043-8fa6-1b1fb5f475e8"
      },
      "RequestBody": null,
      "StatusCode": 202,
      "ResponseHeaders": {
        "Cache-Control": "no-cache",
        "Content-Length": "0",
        "Date": "Mon, 06 Feb 2023 03:21:49 GMT",
        "Expires": "-1",
        "Location": "https://management.azure.com/subscriptions/azure_subscription_id/providers/Microsoft.Cache/locations/East%20US/operationresults/c6bf95fd-6eea-4885-bd7e-dd7a6245892d?api-version=2022-06-01",
        "Pragma": "no-cache",
        "Server": "Microsoft-HTTPAPI/2.0",
        "Strict-Transport-Security": "max-age=31536000; includeSubDomains",
        "X-Content-Type-Options": "nosniff",
        "x-ms-correlation-request-id": "6269b792-4a3d-4b8d-9d9e-86c1cb05369e",
        "x-ms-ratelimit-remaining-subscription-reads": "11603",
        "x-ms-request-id": "7e54a1f4-4ce4-482b-b535-4b4fe88cfdd2",
        "x-ms-routing-request-id": "SOUTHEASTASIA:20230206T032149Z:6269b792-4a3d-4b8d-9d9e-86c1cb05369e",
        "x-rp-server-mvid": "b9a917b0-7b08-4f97-9f88-dbe71340e8fc"
      },
      "ResponseBody": null
    },
    {
      "RequestUri": "https://management.azure.com/subscriptions/azure_subscription_id/providers/Microsoft.Cache/locations/East%20US/operationresults/c6bf95fd-6eea-4885-bd7e-dd7a6245892d?api-version=2022-06-01",
      "RequestMethod": "GET",
      "RequestHeaders": {
        "Accept": "application/json",
        "Accept-Encoding": "gzip,deflate",
        "Authorization": "Sanitized",
        "Connection": "keep-alive",
        "User-Agent": "azsdk-js-arm-rediscache/7.1.2 core-rest-pipeline/1.10.2 Node/v16.17.0 OS/(x64-Windows_NT-10.0.22621)",
        "x-ms-client-request-id": "1613ecd4-4a05-4283-a1ad-ebb806c5ed4d"
      },
      "RequestBody": null,
      "StatusCode": 202,
      "ResponseHeaders": {
        "Cache-Control": "no-cache",
        "Content-Length": "0",
        "Date": "Mon, 06 Feb 2023 03:21:51 GMT",
        "Expires": "-1",
        "Location": "https://management.azure.com/subscriptions/azure_subscription_id/providers/Microsoft.Cache/locations/East%20US/operationresults/c6bf95fd-6eea-4885-bd7e-dd7a6245892d?api-version=2022-06-01",
        "Pragma": "no-cache",
        "Server": "Microsoft-HTTPAPI/2.0",
        "Strict-Transport-Security": "max-age=31536000; includeSubDomains",
        "X-Content-Type-Options": "nosniff",
        "x-ms-correlation-request-id": "f677c446-beab-4667-a253-b4584361b8d1",
        "x-ms-ratelimit-remaining-subscription-reads": "11602",
        "x-ms-request-id": "5506870c-ffe2-43fe-8094-5486172af02e",
        "x-ms-routing-request-id": "SOUTHEASTASIA:20230206T032151Z:f677c446-beab-4667-a253-b4584361b8d1",
        "x-rp-server-mvid": "b9a917b0-7b08-4f97-9f88-dbe71340e8fc"
      },
      "ResponseBody": null
    },
    {
      "RequestUri": "https://management.azure.com/subscriptions/azure_subscription_id/providers/Microsoft.Cache/locations/East%20US/operationresults/c6bf95fd-6eea-4885-bd7e-dd7a6245892d?api-version=2022-06-01",
      "RequestMethod": "GET",
      "RequestHeaders": {
        "Accept": "application/json",
        "Accept-Encoding": "gzip,deflate",
        "Authorization": "Sanitized",
        "Connection": "keep-alive",
        "User-Agent": "azsdk-js-arm-rediscache/7.1.2 core-rest-pipeline/1.10.2 Node/v16.17.0 OS/(x64-Windows_NT-10.0.22621)",
        "x-ms-client-request-id": "4e1e4040-bd8b-4734-a12f-dee9df00b5a4"
      },
      "RequestBody": null,
      "StatusCode": 202,
      "ResponseHeaders": {
        "Cache-Control": "no-cache",
        "Content-Length": "0",
        "Date": "Mon, 06 Feb 2023 03:21:53 GMT",
        "Expires": "-1",
        "Location": "https://management.azure.com/subscriptions/azure_subscription_id/providers/Microsoft.Cache/locations/East%20US/operationresults/c6bf95fd-6eea-4885-bd7e-dd7a6245892d?api-version=2022-06-01",
        "Pragma": "no-cache",
        "Server": "Microsoft-HTTPAPI/2.0",
        "Strict-Transport-Security": "max-age=31536000; includeSubDomains",
        "X-Content-Type-Options": "nosniff",
        "x-ms-correlation-request-id": "4ab11ac5-8b43-4ea8-bc63-c660950d7dbf",
        "x-ms-ratelimit-remaining-subscription-reads": "11601",
        "x-ms-request-id": "b6830c79-b5a4-4e84-8c18-56c73ca1dd16",
        "x-ms-routing-request-id": "SOUTHEASTASIA:20230206T032154Z:4ab11ac5-8b43-4ea8-bc63-c660950d7dbf",
        "x-rp-server-mvid": "b9a917b0-7b08-4f97-9f88-dbe71340e8fc"
      },
      "ResponseBody": null
    },
    {
      "RequestUri": "https://management.azure.com/subscriptions/azure_subscription_id/providers/Microsoft.Cache/locations/East%20US/operationresults/c6bf95fd-6eea-4885-bd7e-dd7a6245892d?api-version=2022-06-01",
      "RequestMethod": "GET",
      "RequestHeaders": {
        "Accept": "application/json",
        "Accept-Encoding": "gzip,deflate",
        "Authorization": "Sanitized",
        "Connection": "keep-alive",
        "User-Agent": "azsdk-js-arm-rediscache/7.1.2 core-rest-pipeline/1.10.2 Node/v16.17.0 OS/(x64-Windows_NT-10.0.22621)",
        "x-ms-client-request-id": "68b99dd8-c339-4433-9ae6-c65f653c798b"
      },
      "RequestBody": null,
      "StatusCode": 202,
      "ResponseHeaders": {
        "Cache-Control": "no-cache",
        "Content-Length": "0",
        "Date": "Mon, 06 Feb 2023 03:21:56 GMT",
        "Expires": "-1",
        "Location": "https://management.azure.com/subscriptions/azure_subscription_id/providers/Microsoft.Cache/locations/East%20US/operationresults/c6bf95fd-6eea-4885-bd7e-dd7a6245892d?api-version=2022-06-01",
        "Pragma": "no-cache",
        "Server": "Microsoft-HTTPAPI/2.0",
        "Strict-Transport-Security": "max-age=31536000; includeSubDomains",
        "X-Content-Type-Options": "nosniff",
        "x-ms-correlation-request-id": "391c121d-a8e5-45c4-a9ae-ed812a7da22a",
        "x-ms-ratelimit-remaining-subscription-reads": "11600",
        "x-ms-request-id": "af1a4b7f-4419-4119-a102-325906643213",
        "x-ms-routing-request-id": "SOUTHEASTASIA:20230206T032156Z:391c121d-a8e5-45c4-a9ae-ed812a7da22a",
        "x-rp-server-mvid": "b9a917b0-7b08-4f97-9f88-dbe71340e8fc"
      },
      "ResponseBody": null
    },
    {
      "RequestUri": "https://management.azure.com/subscriptions/azure_subscription_id/providers/Microsoft.Cache/locations/East%20US/operationresults/c6bf95fd-6eea-4885-bd7e-dd7a6245892d?api-version=2022-06-01",
      "RequestMethod": "GET",
      "RequestHeaders": {
        "Accept": "application/json",
        "Accept-Encoding": "gzip,deflate",
        "Authorization": "Sanitized",
        "Connection": "keep-alive",
        "User-Agent": "azsdk-js-arm-rediscache/7.1.2 core-rest-pipeline/1.10.2 Node/v16.17.0 OS/(x64-Windows_NT-10.0.22621)",
        "x-ms-client-request-id": "cdae026e-4cf6-4782-a5f4-df9f438a6170"
      },
      "RequestBody": null,
      "StatusCode": 202,
      "ResponseHeaders": {
        "Cache-Control": "no-cache",
        "Content-Length": "0",
        "Date": "Mon, 06 Feb 2023 03:21:58 GMT",
        "Expires": "-1",
        "Location": "https://management.azure.com/subscriptions/azure_subscription_id/providers/Microsoft.Cache/locations/East%20US/operationresults/c6bf95fd-6eea-4885-bd7e-dd7a6245892d?api-version=2022-06-01",
        "Pragma": "no-cache",
        "Server": "Microsoft-HTTPAPI/2.0",
        "Strict-Transport-Security": "max-age=31536000; includeSubDomains",
        "X-Content-Type-Options": "nosniff",
        "x-ms-correlation-request-id": "10cbc309-e3b1-47d2-9edf-208042f3aa13",
        "x-ms-ratelimit-remaining-subscription-reads": "11599",
        "x-ms-request-id": "189ac894-6e86-4610-bed6-d5257cb00629",
        "x-ms-routing-request-id": "SOUTHEASTASIA:20230206T032158Z:10cbc309-e3b1-47d2-9edf-208042f3aa13",
        "x-rp-server-mvid": "b9a917b0-7b08-4f97-9f88-dbe71340e8fc"
      },
      "ResponseBody": null
    },
    {
      "RequestUri": "https://management.azure.com/subscriptions/azure_subscription_id/providers/Microsoft.Cache/locations/East%20US/operationresults/c6bf95fd-6eea-4885-bd7e-dd7a6245892d?api-version=2022-06-01",
      "RequestMethod": "GET",
      "RequestHeaders": {
        "Accept": "application/json",
        "Accept-Encoding": "gzip,deflate",
        "Authorization": "Sanitized",
        "Connection": "keep-alive",
        "User-Agent": "azsdk-js-arm-rediscache/7.1.2 core-rest-pipeline/1.10.2 Node/v16.17.0 OS/(x64-Windows_NT-10.0.22621)",
        "x-ms-client-request-id": "810dace4-eccf-4ffc-9fcd-a84933de4f55"
      },
      "RequestBody": null,
      "StatusCode": 202,
      "ResponseHeaders": {
        "Cache-Control": "no-cache",
        "Content-Length": "0",
        "Date": "Mon, 06 Feb 2023 03:22:00 GMT",
        "Expires": "-1",
        "Location": "https://management.azure.com/subscriptions/azure_subscription_id/providers/Microsoft.Cache/locations/East%20US/operationresults/c6bf95fd-6eea-4885-bd7e-dd7a6245892d?api-version=2022-06-01",
        "Pragma": "no-cache",
        "Server": "Microsoft-HTTPAPI/2.0",
        "Strict-Transport-Security": "max-age=31536000; includeSubDomains",
        "X-Content-Type-Options": "nosniff",
        "x-ms-correlation-request-id": "b5b078c4-18d1-4cb3-90ac-5d4359487b03",
        "x-ms-ratelimit-remaining-subscription-reads": "11598",
        "x-ms-request-id": "30f8bc0e-fcf7-4666-8cde-4265bf1cf57c",
        "x-ms-routing-request-id": "SOUTHEASTASIA:20230206T032201Z:b5b078c4-18d1-4cb3-90ac-5d4359487b03",
        "x-rp-server-mvid": "b9a917b0-7b08-4f97-9f88-dbe71340e8fc"
      },
      "ResponseBody": null
    },
    {
      "RequestUri": "https://management.azure.com/subscriptions/azure_subscription_id/providers/Microsoft.Cache/locations/East%20US/operationresults/c6bf95fd-6eea-4885-bd7e-dd7a6245892d?api-version=2022-06-01",
      "RequestMethod": "GET",
      "RequestHeaders": {
        "Accept": "application/json",
        "Accept-Encoding": "gzip,deflate",
        "Authorization": "Sanitized",
        "Connection": "keep-alive",
        "User-Agent": "azsdk-js-arm-rediscache/7.1.2 core-rest-pipeline/1.10.2 Node/v16.17.0 OS/(x64-Windows_NT-10.0.22621)",
        "x-ms-client-request-id": "96a0a340-afd4-4f55-9d83-ca138d654f62"
      },
      "RequestBody": null,
      "StatusCode": 202,
      "ResponseHeaders": {
        "Cache-Control": "no-cache",
        "Content-Length": "0",
        "Date": "Mon, 06 Feb 2023 03:22:03 GMT",
        "Expires": "-1",
        "Location": "https://management.azure.com/subscriptions/azure_subscription_id/providers/Microsoft.Cache/locations/East%20US/operationresults/c6bf95fd-6eea-4885-bd7e-dd7a6245892d?api-version=2022-06-01",
        "Pragma": "no-cache",
        "Server": "Microsoft-HTTPAPI/2.0",
        "Strict-Transport-Security": "max-age=31536000; includeSubDomains",
        "X-Content-Type-Options": "nosniff",
        "x-ms-correlation-request-id": "02a0b351-0fe3-4e39-a3b8-26b2b6e08509",
        "x-ms-ratelimit-remaining-subscription-reads": "11597",
        "x-ms-request-id": "f3f6adec-958e-44f5-946e-529a44452cd8",
        "x-ms-routing-request-id": "SOUTHEASTASIA:20230206T032203Z:02a0b351-0fe3-4e39-a3b8-26b2b6e08509",
        "x-rp-server-mvid": "b9a917b0-7b08-4f97-9f88-dbe71340e8fc"
      },
      "ResponseBody": null
    },
    {
      "RequestUri": "https://management.azure.com/subscriptions/azure_subscription_id/providers/Microsoft.Cache/locations/East%20US/operationresults/c6bf95fd-6eea-4885-bd7e-dd7a6245892d?api-version=2022-06-01",
      "RequestMethod": "GET",
      "RequestHeaders": {
        "Accept": "application/json",
        "Accept-Encoding": "gzip,deflate",
        "Authorization": "Sanitized",
        "Connection": "keep-alive",
        "User-Agent": "azsdk-js-arm-rediscache/7.1.2 core-rest-pipeline/1.10.2 Node/v16.17.0 OS/(x64-Windows_NT-10.0.22621)",
        "x-ms-client-request-id": "d5828a07-405d-4487-b649-1ef9a6f74067"
      },
      "RequestBody": null,
      "StatusCode": 202,
      "ResponseHeaders": {
        "Cache-Control": "no-cache",
        "Content-Length": "0",
        "Date": "Mon, 06 Feb 2023 03:22:05 GMT",
        "Expires": "-1",
        "Location": "https://management.azure.com/subscriptions/azure_subscription_id/providers/Microsoft.Cache/locations/East%20US/operationresults/c6bf95fd-6eea-4885-bd7e-dd7a6245892d?api-version=2022-06-01",
        "Pragma": "no-cache",
        "Server": "Microsoft-HTTPAPI/2.0",
        "Strict-Transport-Security": "max-age=31536000; includeSubDomains",
        "X-Content-Type-Options": "nosniff",
        "x-ms-correlation-request-id": "97c4aa44-10cd-449a-b80b-e32d3f1ef601",
        "x-ms-ratelimit-remaining-subscription-reads": "11596",
        "x-ms-request-id": "d091c121-1fef-41ef-9791-025625d68492",
        "x-ms-routing-request-id": "SOUTHEASTASIA:20230206T032205Z:97c4aa44-10cd-449a-b80b-e32d3f1ef601",
        "x-rp-server-mvid": "b9a917b0-7b08-4f97-9f88-dbe71340e8fc"
      },
      "ResponseBody": null
    },
    {
      "RequestUri": "https://management.azure.com/subscriptions/azure_subscription_id/providers/Microsoft.Cache/locations/East%20US/operationresults/c6bf95fd-6eea-4885-bd7e-dd7a6245892d?api-version=2022-06-01",
      "RequestMethod": "GET",
      "RequestHeaders": {
        "Accept": "application/json",
        "Accept-Encoding": "gzip,deflate",
        "Authorization": "Sanitized",
        "Connection": "keep-alive",
        "User-Agent": "azsdk-js-arm-rediscache/7.1.2 core-rest-pipeline/1.10.2 Node/v16.17.0 OS/(x64-Windows_NT-10.0.22621)",
        "x-ms-client-request-id": "986e2d9b-3585-4342-9d90-3f32087ac72d"
      },
      "RequestBody": null,
      "StatusCode": 202,
      "ResponseHeaders": {
        "Cache-Control": "no-cache",
        "Content-Length": "0",
        "Date": "Mon, 06 Feb 2023 03:22:07 GMT",
        "Expires": "-1",
        "Location": "https://management.azure.com/subscriptions/azure_subscription_id/providers/Microsoft.Cache/locations/East%20US/operationresults/c6bf95fd-6eea-4885-bd7e-dd7a6245892d?api-version=2022-06-01",
        "Pragma": "no-cache",
        "Server": "Microsoft-HTTPAPI/2.0",
        "Strict-Transport-Security": "max-age=31536000; includeSubDomains",
        "X-Content-Type-Options": "nosniff",
        "x-ms-correlation-request-id": "525436fc-fe9f-4cf9-b964-f841b8c4c230",
        "x-ms-ratelimit-remaining-subscription-reads": "11595",
        "x-ms-request-id": "d319747d-dafa-4994-bec7-fb462aec8d2a",
        "x-ms-routing-request-id": "SOUTHEASTASIA:20230206T032208Z:525436fc-fe9f-4cf9-b964-f841b8c4c230",
        "x-rp-server-mvid": "b9a917b0-7b08-4f97-9f88-dbe71340e8fc"
      },
      "ResponseBody": null
    },
    {
      "RequestUri": "https://management.azure.com/subscriptions/azure_subscription_id/providers/Microsoft.Cache/locations/East%20US/operationresults/c6bf95fd-6eea-4885-bd7e-dd7a6245892d?api-version=2022-06-01",
      "RequestMethod": "GET",
      "RequestHeaders": {
        "Accept": "application/json",
        "Accept-Encoding": "gzip,deflate",
        "Authorization": "Sanitized",
        "Connection": "keep-alive",
        "User-Agent": "azsdk-js-arm-rediscache/7.1.2 core-rest-pipeline/1.10.2 Node/v16.17.0 OS/(x64-Windows_NT-10.0.22621)",
        "x-ms-client-request-id": "d0b551b8-d6d0-46df-b21b-cf8e8fb69a25"
      },
      "RequestBody": null,
      "StatusCode": 202,
      "ResponseHeaders": {
        "Cache-Control": "no-cache",
        "Content-Length": "0",
        "Date": "Mon, 06 Feb 2023 03:22:10 GMT",
        "Expires": "-1",
        "Location": "https://management.azure.com/subscriptions/azure_subscription_id/providers/Microsoft.Cache/locations/East%20US/operationresults/c6bf95fd-6eea-4885-bd7e-dd7a6245892d?api-version=2022-06-01",
        "Pragma": "no-cache",
        "Server": "Microsoft-HTTPAPI/2.0",
        "Strict-Transport-Security": "max-age=31536000; includeSubDomains",
        "X-Content-Type-Options": "nosniff",
        "x-ms-correlation-request-id": "167ec476-9263-408e-a9fa-467ab0cb48fe",
        "x-ms-ratelimit-remaining-subscription-reads": "11594",
        "x-ms-request-id": "c4e3313f-8480-4575-84fe-819910bee849",
        "x-ms-routing-request-id": "SOUTHEASTASIA:20230206T032210Z:167ec476-9263-408e-a9fa-467ab0cb48fe",
        "x-rp-server-mvid": "b9a917b0-7b08-4f97-9f88-dbe71340e8fc"
      },
      "ResponseBody": null
    },
    {
      "RequestUri": "https://management.azure.com/subscriptions/azure_subscription_id/providers/Microsoft.Cache/locations/East%20US/operationresults/c6bf95fd-6eea-4885-bd7e-dd7a6245892d?api-version=2022-06-01",
      "RequestMethod": "GET",
      "RequestHeaders": {
        "Accept": "application/json",
        "Accept-Encoding": "gzip,deflate",
        "Authorization": "Sanitized",
        "Connection": "keep-alive",
        "User-Agent": "azsdk-js-arm-rediscache/7.1.2 core-rest-pipeline/1.10.2 Node/v16.17.0 OS/(x64-Windows_NT-10.0.22621)",
        "x-ms-client-request-id": "86dd3b9f-d4a6-4713-8279-f308a2bfcc15"
      },
      "RequestBody": null,
      "StatusCode": 202,
      "ResponseHeaders": {
        "Cache-Control": "no-cache",
        "Content-Length": "0",
        "Date": "Mon, 06 Feb 2023 03:22:12 GMT",
        "Expires": "-1",
        "Location": "https://management.azure.com/subscriptions/azure_subscription_id/providers/Microsoft.Cache/locations/East%20US/operationresults/c6bf95fd-6eea-4885-bd7e-dd7a6245892d?api-version=2022-06-01",
        "Pragma": "no-cache",
        "Server": "Microsoft-HTTPAPI/2.0",
        "Strict-Transport-Security": "max-age=31536000; includeSubDomains",
        "X-Content-Type-Options": "nosniff",
        "x-ms-correlation-request-id": "3f1ba29f-9e6d-45f3-b158-24de5c55204a",
        "x-ms-ratelimit-remaining-subscription-reads": "11593",
        "x-ms-request-id": "345a762f-2630-4cce-aa97-bf268ea29825",
        "x-ms-routing-request-id": "SOUTHEASTASIA:20230206T032212Z:3f1ba29f-9e6d-45f3-b158-24de5c55204a",
        "x-rp-server-mvid": "b9a917b0-7b08-4f97-9f88-dbe71340e8fc"
      },
      "ResponseBody": null
    },
    {
      "RequestUri": "https://management.azure.com/subscriptions/azure_subscription_id/providers/Microsoft.Cache/locations/East%20US/operationresults/c6bf95fd-6eea-4885-bd7e-dd7a6245892d?api-version=2022-06-01",
      "RequestMethod": "GET",
      "RequestHeaders": {
        "Accept": "application/json",
        "Accept-Encoding": "gzip,deflate",
        "Authorization": "Sanitized",
        "Connection": "keep-alive",
        "User-Agent": "azsdk-js-arm-rediscache/7.1.2 core-rest-pipeline/1.10.2 Node/v16.17.0 OS/(x64-Windows_NT-10.0.22621)",
        "x-ms-client-request-id": "1f63045d-96ab-4d2e-895a-0ea571bded23"
      },
      "RequestBody": null,
      "StatusCode": 202,
      "ResponseHeaders": {
        "Cache-Control": "no-cache",
        "Content-Length": "0",
        "Date": "Mon, 06 Feb 2023 03:22:14 GMT",
        "Expires": "-1",
        "Location": "https://management.azure.com/subscriptions/azure_subscription_id/providers/Microsoft.Cache/locations/East%20US/operationresults/c6bf95fd-6eea-4885-bd7e-dd7a6245892d?api-version=2022-06-01",
        "Pragma": "no-cache",
        "Server": "Microsoft-HTTPAPI/2.0",
        "Strict-Transport-Security": "max-age=31536000; includeSubDomains",
        "X-Content-Type-Options": "nosniff",
        "x-ms-correlation-request-id": "895dea1f-b4ae-4e91-abb4-30220a0a2616",
        "x-ms-ratelimit-remaining-subscription-reads": "11592",
        "x-ms-request-id": "c10b39c8-9f4a-44ef-97f2-6833eaba705d",
        "x-ms-routing-request-id": "SOUTHEASTASIA:20230206T032215Z:895dea1f-b4ae-4e91-abb4-30220a0a2616",
        "x-rp-server-mvid": "b9a917b0-7b08-4f97-9f88-dbe71340e8fc"
      },
      "ResponseBody": null
    },
    {
      "RequestUri": "https://management.azure.com/subscriptions/azure_subscription_id/providers/Microsoft.Cache/locations/East%20US/operationresults/c6bf95fd-6eea-4885-bd7e-dd7a6245892d?api-version=2022-06-01",
      "RequestMethod": "GET",
      "RequestHeaders": {
        "Accept": "application/json",
        "Accept-Encoding": "gzip,deflate",
        "Authorization": "Sanitized",
        "Connection": "keep-alive",
        "User-Agent": "azsdk-js-arm-rediscache/7.1.2 core-rest-pipeline/1.10.2 Node/v16.17.0 OS/(x64-Windows_NT-10.0.22621)",
        "x-ms-client-request-id": "8a6413a4-4c10-4aab-a78f-6efcf1b0b9f8"
      },
      "RequestBody": null,
      "StatusCode": 202,
      "ResponseHeaders": {
        "Cache-Control": "no-cache",
        "Content-Length": "0",
        "Date": "Mon, 06 Feb 2023 03:22:17 GMT",
        "Expires": "-1",
        "Location": "https://management.azure.com/subscriptions/azure_subscription_id/providers/Microsoft.Cache/locations/East%20US/operationresults/c6bf95fd-6eea-4885-bd7e-dd7a6245892d?api-version=2022-06-01",
        "Pragma": "no-cache",
        "Server": "Microsoft-HTTPAPI/2.0",
        "Strict-Transport-Security": "max-age=31536000; includeSubDomains",
        "X-Content-Type-Options": "nosniff",
        "x-ms-correlation-request-id": "4e25bd09-c422-429c-b8e6-59b3059fa50d",
        "x-ms-ratelimit-remaining-subscription-reads": "11591",
        "x-ms-request-id": "715450f5-97cb-4364-a1e2-12093939c898",
        "x-ms-routing-request-id": "SOUTHEASTASIA:20230206T032217Z:4e25bd09-c422-429c-b8e6-59b3059fa50d",
        "x-rp-server-mvid": "b9a917b0-7b08-4f97-9f88-dbe71340e8fc"
      },
      "ResponseBody": null
    },
    {
      "RequestUri": "https://management.azure.com/subscriptions/azure_subscription_id/providers/Microsoft.Cache/locations/East%20US/operationresults/c6bf95fd-6eea-4885-bd7e-dd7a6245892d?api-version=2022-06-01",
      "RequestMethod": "GET",
      "RequestHeaders": {
        "Accept": "application/json",
        "Accept-Encoding": "gzip,deflate",
        "Authorization": "Sanitized",
        "Connection": "keep-alive",
        "User-Agent": "azsdk-js-arm-rediscache/7.1.2 core-rest-pipeline/1.10.2 Node/v16.17.0 OS/(x64-Windows_NT-10.0.22621)",
        "x-ms-client-request-id": "712d7118-018f-40fe-a2d7-dcbb95c3a189"
      },
      "RequestBody": null,
      "StatusCode": 202,
      "ResponseHeaders": {
        "Cache-Control": "no-cache",
        "Content-Length": "0",
        "Date": "Mon, 06 Feb 2023 03:22:19 GMT",
        "Expires": "-1",
        "Location": "https://management.azure.com/subscriptions/azure_subscription_id/providers/Microsoft.Cache/locations/East%20US/operationresults/c6bf95fd-6eea-4885-bd7e-dd7a6245892d?api-version=2022-06-01",
        "Pragma": "no-cache",
        "Server": "Microsoft-HTTPAPI/2.0",
        "Strict-Transport-Security": "max-age=31536000; includeSubDomains",
        "X-Content-Type-Options": "nosniff",
        "x-ms-correlation-request-id": "87034dce-a519-4df0-90c0-ded9e3e34c91",
        "x-ms-ratelimit-remaining-subscription-reads": "11590",
        "x-ms-request-id": "a1e54a36-6282-4b3c-8e47-1321ded35f08",
        "x-ms-routing-request-id": "SOUTHEASTASIA:20230206T032219Z:87034dce-a519-4df0-90c0-ded9e3e34c91",
        "x-rp-server-mvid": "b9a917b0-7b08-4f97-9f88-dbe71340e8fc"
      },
      "ResponseBody": null
    },
    {
      "RequestUri": "https://management.azure.com/subscriptions/azure_subscription_id/providers/Microsoft.Cache/locations/East%20US/operationresults/c6bf95fd-6eea-4885-bd7e-dd7a6245892d?api-version=2022-06-01",
      "RequestMethod": "GET",
      "RequestHeaders": {
        "Accept": "application/json",
        "Accept-Encoding": "gzip,deflate",
        "Authorization": "Sanitized",
        "Connection": "keep-alive",
        "User-Agent": "azsdk-js-arm-rediscache/7.1.2 core-rest-pipeline/1.10.2 Node/v16.17.0 OS/(x64-Windows_NT-10.0.22621)",
        "x-ms-client-request-id": "22f34a3d-c053-4679-955c-9008ff9f9da9"
      },
      "RequestBody": null,
      "StatusCode": 202,
      "ResponseHeaders": {
        "Cache-Control": "no-cache",
        "Content-Length": "0",
        "Date": "Mon, 06 Feb 2023 03:22:21 GMT",
        "Expires": "-1",
        "Location": "https://management.azure.com/subscriptions/azure_subscription_id/providers/Microsoft.Cache/locations/East%20US/operationresults/c6bf95fd-6eea-4885-bd7e-dd7a6245892d?api-version=2022-06-01",
        "Pragma": "no-cache",
        "Server": "Microsoft-HTTPAPI/2.0",
        "Strict-Transport-Security": "max-age=31536000; includeSubDomains",
        "X-Content-Type-Options": "nosniff",
        "x-ms-correlation-request-id": "fc6bd869-be15-4031-acc2-343ec3f099a5",
        "x-ms-ratelimit-remaining-subscription-reads": "11589",
        "x-ms-request-id": "af95b88b-8383-4658-81a7-7c786865f7a6",
        "x-ms-routing-request-id": "SOUTHEASTASIA:20230206T032222Z:fc6bd869-be15-4031-acc2-343ec3f099a5",
        "x-rp-server-mvid": "b9a917b0-7b08-4f97-9f88-dbe71340e8fc"
      },
      "ResponseBody": null
    },
    {
      "RequestUri": "https://management.azure.com/subscriptions/azure_subscription_id/providers/Microsoft.Cache/locations/East%20US/operationresults/c6bf95fd-6eea-4885-bd7e-dd7a6245892d?api-version=2022-06-01",
      "RequestMethod": "GET",
      "RequestHeaders": {
        "Accept": "application/json",
        "Accept-Encoding": "gzip,deflate",
        "Authorization": "Sanitized",
        "Connection": "keep-alive",
        "User-Agent": "azsdk-js-arm-rediscache/7.1.2 core-rest-pipeline/1.10.2 Node/v16.17.0 OS/(x64-Windows_NT-10.0.22621)",
        "x-ms-client-request-id": "cad34703-104d-4650-855a-c7496600acb8"
      },
      "RequestBody": null,
      "StatusCode": 202,
      "ResponseHeaders": {
        "Cache-Control": "no-cache",
        "Content-Length": "0",
        "Date": "Mon, 06 Feb 2023 03:22:23 GMT",
        "Expires": "-1",
        "Location": "https://management.azure.com/subscriptions/azure_subscription_id/providers/Microsoft.Cache/locations/East%20US/operationresults/c6bf95fd-6eea-4885-bd7e-dd7a6245892d?api-version=2022-06-01",
        "Pragma": "no-cache",
        "Server": "Microsoft-HTTPAPI/2.0",
        "Strict-Transport-Security": "max-age=31536000; includeSubDomains",
        "X-Content-Type-Options": "nosniff",
        "x-ms-correlation-request-id": "c4608a5b-c33a-4b6e-a9a0-5339dd8b849e",
        "x-ms-ratelimit-remaining-subscription-reads": "11588",
        "x-ms-request-id": "1520bb9d-98c7-4585-b0b8-75ec1a85d8f5",
        "x-ms-routing-request-id": "SOUTHEASTASIA:20230206T032224Z:c4608a5b-c33a-4b6e-a9a0-5339dd8b849e",
        "x-rp-server-mvid": "b9a917b0-7b08-4f97-9f88-dbe71340e8fc"
      },
      "ResponseBody": null
    },
    {
      "RequestUri": "https://management.azure.com/subscriptions/azure_subscription_id/providers/Microsoft.Cache/locations/East%20US/operationresults/c6bf95fd-6eea-4885-bd7e-dd7a6245892d?api-version=2022-06-01",
      "RequestMethod": "GET",
      "RequestHeaders": {
        "Accept": "application/json",
        "Accept-Encoding": "gzip,deflate",
        "Authorization": "Sanitized",
        "Connection": "keep-alive",
        "User-Agent": "azsdk-js-arm-rediscache/7.1.2 core-rest-pipeline/1.10.2 Node/v16.17.0 OS/(x64-Windows_NT-10.0.22621)",
        "x-ms-client-request-id": "f3249aa6-c59d-4ed6-81b5-b9120818bd81"
      },
      "RequestBody": null,
      "StatusCode": 202,
      "ResponseHeaders": {
        "Cache-Control": "no-cache",
        "Content-Length": "0",
        "Date": "Mon, 06 Feb 2023 03:22:26 GMT",
        "Expires": "-1",
        "Location": "https://management.azure.com/subscriptions/azure_subscription_id/providers/Microsoft.Cache/locations/East%20US/operationresults/c6bf95fd-6eea-4885-bd7e-dd7a6245892d?api-version=2022-06-01",
        "Pragma": "no-cache",
        "Server": "Microsoft-HTTPAPI/2.0",
        "Strict-Transport-Security": "max-age=31536000; includeSubDomains",
        "X-Content-Type-Options": "nosniff",
        "x-ms-correlation-request-id": "97617273-6ee6-4f1e-824b-cea3f6ba5fee",
        "x-ms-ratelimit-remaining-subscription-reads": "11587",
        "x-ms-request-id": "636f38a5-ae63-4389-a4e8-735a7be1ee6f",
        "x-ms-routing-request-id": "SOUTHEASTASIA:20230206T032226Z:97617273-6ee6-4f1e-824b-cea3f6ba5fee",
        "x-rp-server-mvid": "b9a917b0-7b08-4f97-9f88-dbe71340e8fc"
      },
      "ResponseBody": null
    },
    {
      "RequestUri": "https://management.azure.com/subscriptions/azure_subscription_id/providers/Microsoft.Cache/locations/East%20US/operationresults/c6bf95fd-6eea-4885-bd7e-dd7a6245892d?api-version=2022-06-01",
      "RequestMethod": "GET",
      "RequestHeaders": {
        "Accept": "application/json",
        "Accept-Encoding": "gzip,deflate",
        "Authorization": "Sanitized",
        "Connection": "keep-alive",
        "User-Agent": "azsdk-js-arm-rediscache/7.1.2 core-rest-pipeline/1.10.2 Node/v16.17.0 OS/(x64-Windows_NT-10.0.22621)",
        "x-ms-client-request-id": "f5a691e5-da9a-481c-9f0b-05f6e13d75ce"
      },
      "RequestBody": null,
      "StatusCode": 202,
      "ResponseHeaders": {
        "Cache-Control": "no-cache",
        "Content-Length": "0",
        "Date": "Mon, 06 Feb 2023 03:22:28 GMT",
        "Expires": "-1",
        "Location": "https://management.azure.com/subscriptions/azure_subscription_id/providers/Microsoft.Cache/locations/East%20US/operationresults/c6bf95fd-6eea-4885-bd7e-dd7a6245892d?api-version=2022-06-01",
        "Pragma": "no-cache",
        "Server": "Microsoft-HTTPAPI/2.0",
        "Strict-Transport-Security": "max-age=31536000; includeSubDomains",
        "X-Content-Type-Options": "nosniff",
        "x-ms-correlation-request-id": "37329155-c3f0-429a-812f-645b908b6ef7",
        "x-ms-ratelimit-remaining-subscription-reads": "11586",
        "x-ms-request-id": "7eed176c-699b-4679-8d58-7c15bbf0a9c1",
        "x-ms-routing-request-id": "SOUTHEASTASIA:20230206T032229Z:37329155-c3f0-429a-812f-645b908b6ef7",
        "x-rp-server-mvid": "b9a917b0-7b08-4f97-9f88-dbe71340e8fc"
      },
      "ResponseBody": null
    },
    {
      "RequestUri": "https://management.azure.com/subscriptions/azure_subscription_id/providers/Microsoft.Cache/locations/East%20US/operationresults/c6bf95fd-6eea-4885-bd7e-dd7a6245892d?api-version=2022-06-01",
      "RequestMethod": "GET",
      "RequestHeaders": {
        "Accept": "application/json",
        "Accept-Encoding": "gzip,deflate",
        "Authorization": "Sanitized",
        "Connection": "keep-alive",
        "User-Agent": "azsdk-js-arm-rediscache/7.1.2 core-rest-pipeline/1.10.2 Node/v16.17.0 OS/(x64-Windows_NT-10.0.22621)",
        "x-ms-client-request-id": "6993636d-bb48-4607-ace3-88c864d6631b"
      },
      "RequestBody": null,
      "StatusCode": 202,
      "ResponseHeaders": {
        "Cache-Control": "no-cache",
        "Content-Length": "0",
        "Date": "Mon, 06 Feb 2023 03:22:30 GMT",
        "Expires": "-1",
        "Location": "https://management.azure.com/subscriptions/azure_subscription_id/providers/Microsoft.Cache/locations/East%20US/operationresults/c6bf95fd-6eea-4885-bd7e-dd7a6245892d?api-version=2022-06-01",
        "Pragma": "no-cache",
        "Server": "Microsoft-HTTPAPI/2.0",
        "Strict-Transport-Security": "max-age=31536000; includeSubDomains",
        "X-Content-Type-Options": "nosniff",
        "x-ms-correlation-request-id": "0330228a-1335-4351-89f7-114a6be324bd",
        "x-ms-ratelimit-remaining-subscription-reads": "11585",
        "x-ms-request-id": "9eb076cb-066e-4763-8919-580e7a198533",
        "x-ms-routing-request-id": "SOUTHEASTASIA:20230206T032231Z:0330228a-1335-4351-89f7-114a6be324bd",
        "x-rp-server-mvid": "b9a917b0-7b08-4f97-9f88-dbe71340e8fc"
      },
      "ResponseBody": null
    },
    {
      "RequestUri": "https://management.azure.com/subscriptions/azure_subscription_id/providers/Microsoft.Cache/locations/East%20US/operationresults/c6bf95fd-6eea-4885-bd7e-dd7a6245892d?api-version=2022-06-01",
      "RequestMethod": "GET",
      "RequestHeaders": {
        "Accept": "application/json",
        "Accept-Encoding": "gzip,deflate",
        "Authorization": "Sanitized",
        "Connection": "keep-alive",
        "User-Agent": "azsdk-js-arm-rediscache/7.1.2 core-rest-pipeline/1.10.2 Node/v16.17.0 OS/(x64-Windows_NT-10.0.22621)",
        "x-ms-client-request-id": "1fa3e777-abe1-470f-8d3d-fff012a00163"
      },
      "RequestBody": null,
      "StatusCode": 202,
      "ResponseHeaders": {
        "Cache-Control": "no-cache",
        "Content-Length": "0",
        "Date": "Mon, 06 Feb 2023 03:22:33 GMT",
        "Expires": "-1",
        "Location": "https://management.azure.com/subscriptions/azure_subscription_id/providers/Microsoft.Cache/locations/East%20US/operationresults/c6bf95fd-6eea-4885-bd7e-dd7a6245892d?api-version=2022-06-01",
        "Pragma": "no-cache",
        "Server": "Microsoft-HTTPAPI/2.0",
        "Strict-Transport-Security": "max-age=31536000; includeSubDomains",
        "X-Content-Type-Options": "nosniff",
        "x-ms-correlation-request-id": "abffe5b6-2a7e-4d18-a35c-02c7a5a30b78",
        "x-ms-ratelimit-remaining-subscription-reads": "11584",
        "x-ms-request-id": "55b250a4-b753-4cdd-9e52-00d637dbd486",
        "x-ms-routing-request-id": "SOUTHEASTASIA:20230206T032233Z:abffe5b6-2a7e-4d18-a35c-02c7a5a30b78",
        "x-rp-server-mvid": "b9a917b0-7b08-4f97-9f88-dbe71340e8fc"
      },
      "ResponseBody": null
    },
    {
      "RequestUri": "https://management.azure.com/subscriptions/azure_subscription_id/providers/Microsoft.Cache/locations/East%20US/operationresults/c6bf95fd-6eea-4885-bd7e-dd7a6245892d?api-version=2022-06-01",
      "RequestMethod": "GET",
      "RequestHeaders": {
        "Accept": "application/json",
        "Accept-Encoding": "gzip,deflate",
        "Authorization": "Sanitized",
        "Connection": "keep-alive",
        "User-Agent": "azsdk-js-arm-rediscache/7.1.2 core-rest-pipeline/1.10.2 Node/v16.17.0 OS/(x64-Windows_NT-10.0.22621)",
        "x-ms-client-request-id": "57050d15-9300-4a5c-bae8-e46cb9ad858e"
      },
      "RequestBody": null,
      "StatusCode": 202,
      "ResponseHeaders": {
        "Cache-Control": "no-cache",
        "Content-Length": "0",
        "Date": "Mon, 06 Feb 2023 03:22:35 GMT",
        "Expires": "-1",
        "Location": "https://management.azure.com/subscriptions/azure_subscription_id/providers/Microsoft.Cache/locations/East%20US/operationresults/c6bf95fd-6eea-4885-bd7e-dd7a6245892d?api-version=2022-06-01",
        "Pragma": "no-cache",
        "Server": "Microsoft-HTTPAPI/2.0",
        "Strict-Transport-Security": "max-age=31536000; includeSubDomains",
        "X-Content-Type-Options": "nosniff",
        "x-ms-correlation-request-id": "be287692-f0e6-4bc4-aafc-5e6b447d0717",
        "x-ms-ratelimit-remaining-subscription-reads": "11583",
        "x-ms-request-id": "6e7aa319-2090-4dab-8664-cd2e73330007",
        "x-ms-routing-request-id": "SOUTHEASTASIA:20230206T032236Z:be287692-f0e6-4bc4-aafc-5e6b447d0717",
        "x-rp-server-mvid": "b9a917b0-7b08-4f97-9f88-dbe71340e8fc"
      },
      "ResponseBody": null
    },
    {
      "RequestUri": "https://management.azure.com/subscriptions/azure_subscription_id/providers/Microsoft.Cache/locations/East%20US/operationresults/c6bf95fd-6eea-4885-bd7e-dd7a6245892d?api-version=2022-06-01",
      "RequestMethod": "GET",
      "RequestHeaders": {
        "Accept": "application/json",
        "Accept-Encoding": "gzip,deflate",
        "Authorization": "Sanitized",
        "Connection": "keep-alive",
        "User-Agent": "azsdk-js-arm-rediscache/7.1.2 core-rest-pipeline/1.10.2 Node/v16.17.0 OS/(x64-Windows_NT-10.0.22621)",
        "x-ms-client-request-id": "41aba7e0-ee76-4dbe-83ac-ad7b12e20beb"
      },
      "RequestBody": null,
      "StatusCode": 202,
      "ResponseHeaders": {
        "Cache-Control": "no-cache",
        "Content-Length": "0",
        "Date": "Mon, 06 Feb 2023 03:22:37 GMT",
        "Expires": "-1",
        "Location": "https://management.azure.com/subscriptions/azure_subscription_id/providers/Microsoft.Cache/locations/East%20US/operationresults/c6bf95fd-6eea-4885-bd7e-dd7a6245892d?api-version=2022-06-01",
        "Pragma": "no-cache",
        "Server": "Microsoft-HTTPAPI/2.0",
        "Strict-Transport-Security": "max-age=31536000; includeSubDomains",
        "X-Content-Type-Options": "nosniff",
        "x-ms-correlation-request-id": "3a10bca0-3719-4577-bb4e-fa3d77a7e746",
        "x-ms-ratelimit-remaining-subscription-reads": "11582",
        "x-ms-request-id": "a85a9820-5e40-4cd6-9c19-27a3fcf2fe99",
        "x-ms-routing-request-id": "SOUTHEASTASIA:20230206T032238Z:3a10bca0-3719-4577-bb4e-fa3d77a7e746",
        "x-rp-server-mvid": "b9a917b0-7b08-4f97-9f88-dbe71340e8fc"
      },
      "ResponseBody": null
    },
    {
      "RequestUri": "https://management.azure.com/subscriptions/azure_subscription_id/providers/Microsoft.Cache/locations/East%20US/operationresults/c6bf95fd-6eea-4885-bd7e-dd7a6245892d?api-version=2022-06-01",
      "RequestMethod": "GET",
      "RequestHeaders": {
        "Accept": "application/json",
        "Accept-Encoding": "gzip,deflate",
        "Authorization": "Sanitized",
        "Connection": "keep-alive",
        "User-Agent": "azsdk-js-arm-rediscache/7.1.2 core-rest-pipeline/1.10.2 Node/v16.17.0 OS/(x64-Windows_NT-10.0.22621)",
        "x-ms-client-request-id": "a4a8a242-e699-42e3-ab23-f01d167396a2"
      },
      "RequestBody": null,
      "StatusCode": 202,
      "ResponseHeaders": {
        "Cache-Control": "no-cache",
        "Content-Length": "0",
        "Date": "Mon, 06 Feb 2023 03:22:40 GMT",
        "Expires": "-1",
        "Location": "https://management.azure.com/subscriptions/azure_subscription_id/providers/Microsoft.Cache/locations/East%20US/operationresults/c6bf95fd-6eea-4885-bd7e-dd7a6245892d?api-version=2022-06-01",
        "Pragma": "no-cache",
        "Server": "Microsoft-HTTPAPI/2.0",
        "Strict-Transport-Security": "max-age=31536000; includeSubDomains",
        "X-Content-Type-Options": "nosniff",
        "x-ms-correlation-request-id": "b879762a-d7fd-4951-82f3-5747bed191a0",
        "x-ms-ratelimit-remaining-subscription-reads": "11581",
        "x-ms-request-id": "7d1bd6cc-a667-4d09-867a-f0e89865fe04",
        "x-ms-routing-request-id": "SOUTHEASTASIA:20230206T032241Z:b879762a-d7fd-4951-82f3-5747bed191a0",
        "x-rp-server-mvid": "b9a917b0-7b08-4f97-9f88-dbe71340e8fc"
      },
      "ResponseBody": null
    },
    {
      "RequestUri": "https://management.azure.com/subscriptions/azure_subscription_id/providers/Microsoft.Cache/locations/East%20US/operationresults/c6bf95fd-6eea-4885-bd7e-dd7a6245892d?api-version=2022-06-01",
      "RequestMethod": "GET",
      "RequestHeaders": {
        "Accept": "application/json",
        "Accept-Encoding": "gzip,deflate",
        "Authorization": "Sanitized",
        "Connection": "keep-alive",
        "User-Agent": "azsdk-js-arm-rediscache/7.1.2 core-rest-pipeline/1.10.2 Node/v16.17.0 OS/(x64-Windows_NT-10.0.22621)",
        "x-ms-client-request-id": "081c8fb9-8d5e-4629-9765-6db66d6f89b9"
      },
      "RequestBody": null,
      "StatusCode": 202,
      "ResponseHeaders": {
        "Cache-Control": "no-cache",
        "Content-Length": "0",
        "Date": "Mon, 06 Feb 2023 03:22:42 GMT",
        "Expires": "-1",
        "Location": "https://management.azure.com/subscriptions/azure_subscription_id/providers/Microsoft.Cache/locations/East%20US/operationresults/c6bf95fd-6eea-4885-bd7e-dd7a6245892d?api-version=2022-06-01",
        "Pragma": "no-cache",
        "Server": "Microsoft-HTTPAPI/2.0",
        "Strict-Transport-Security": "max-age=31536000; includeSubDomains",
        "X-Content-Type-Options": "nosniff",
        "x-ms-correlation-request-id": "e3f9ce2a-a858-4b2b-8b7d-9aaa9815658e",
        "x-ms-ratelimit-remaining-subscription-reads": "11580",
        "x-ms-request-id": "4d83469c-044f-4738-bd57-6caf64f27fe4",
        "x-ms-routing-request-id": "SOUTHEASTASIA:20230206T032243Z:e3f9ce2a-a858-4b2b-8b7d-9aaa9815658e",
        "x-rp-server-mvid": "b9a917b0-7b08-4f97-9f88-dbe71340e8fc"
      },
      "ResponseBody": null
    },
    {
      "RequestUri": "https://management.azure.com/subscriptions/azure_subscription_id/providers/Microsoft.Cache/locations/East%20US/operationresults/c6bf95fd-6eea-4885-bd7e-dd7a6245892d?api-version=2022-06-01",
      "RequestMethod": "GET",
      "RequestHeaders": {
        "Accept": "application/json",
        "Accept-Encoding": "gzip,deflate",
        "Authorization": "Sanitized",
        "Connection": "keep-alive",
        "User-Agent": "azsdk-js-arm-rediscache/7.1.2 core-rest-pipeline/1.10.2 Node/v16.17.0 OS/(x64-Windows_NT-10.0.22621)",
        "x-ms-client-request-id": "999576dd-3927-4e81-a97c-893d4f7ab2d5"
      },
      "RequestBody": null,
      "StatusCode": 202,
      "ResponseHeaders": {
        "Cache-Control": "no-cache",
        "Content-Length": "0",
        "Date": "Mon, 06 Feb 2023 03:22:44 GMT",
        "Expires": "-1",
        "Location": "https://management.azure.com/subscriptions/azure_subscription_id/providers/Microsoft.Cache/locations/East%20US/operationresults/c6bf95fd-6eea-4885-bd7e-dd7a6245892d?api-version=2022-06-01",
        "Pragma": "no-cache",
        "Server": "Microsoft-HTTPAPI/2.0",
        "Strict-Transport-Security": "max-age=31536000; includeSubDomains",
        "X-Content-Type-Options": "nosniff",
        "x-ms-correlation-request-id": "57e62447-8ba0-4d1f-be0e-3150e2ae4d5e",
        "x-ms-ratelimit-remaining-subscription-reads": "11579",
        "x-ms-request-id": "7acc6778-45f8-4cf1-b3a7-8ac2b993b95f",
        "x-ms-routing-request-id": "SOUTHEASTASIA:20230206T032245Z:57e62447-8ba0-4d1f-be0e-3150e2ae4d5e",
        "x-rp-server-mvid": "b9a917b0-7b08-4f97-9f88-dbe71340e8fc"
      },
      "ResponseBody": null
    },
    {
      "RequestUri": "https://management.azure.com/subscriptions/azure_subscription_id/providers/Microsoft.Cache/locations/East%20US/operationresults/c6bf95fd-6eea-4885-bd7e-dd7a6245892d?api-version=2022-06-01",
      "RequestMethod": "GET",
      "RequestHeaders": {
        "Accept": "application/json",
        "Accept-Encoding": "gzip,deflate",
        "Authorization": "Sanitized",
        "Connection": "keep-alive",
        "User-Agent": "azsdk-js-arm-rediscache/7.1.2 core-rest-pipeline/1.10.2 Node/v16.17.0 OS/(x64-Windows_NT-10.0.22621)",
        "x-ms-client-request-id": "b4bfcb1f-5c34-4387-b95e-68446b840829"
      },
      "RequestBody": null,
      "StatusCode": 202,
      "ResponseHeaders": {
        "Cache-Control": "no-cache",
        "Content-Length": "0",
        "Date": "Mon, 06 Feb 2023 03:22:47 GMT",
        "Expires": "-1",
        "Location": "https://management.azure.com/subscriptions/azure_subscription_id/providers/Microsoft.Cache/locations/East%20US/operationresults/c6bf95fd-6eea-4885-bd7e-dd7a6245892d?api-version=2022-06-01",
        "Pragma": "no-cache",
        "Server": "Microsoft-HTTPAPI/2.0",
        "Strict-Transport-Security": "max-age=31536000; includeSubDomains",
        "X-Content-Type-Options": "nosniff",
        "x-ms-correlation-request-id": "f01a16ed-f0cb-434f-b459-5699d2d0f2fe",
        "x-ms-ratelimit-remaining-subscription-reads": "11578",
        "x-ms-request-id": "f5be179c-17f4-4b8e-8c71-f1da742a64f6",
        "x-ms-routing-request-id": "SOUTHEASTASIA:20230206T032247Z:f01a16ed-f0cb-434f-b459-5699d2d0f2fe",
        "x-rp-server-mvid": "b9a917b0-7b08-4f97-9f88-dbe71340e8fc"
      },
      "ResponseBody": null
    },
    {
      "RequestUri": "https://management.azure.com/subscriptions/azure_subscription_id/providers/Microsoft.Cache/locations/East%20US/operationresults/c6bf95fd-6eea-4885-bd7e-dd7a6245892d?api-version=2022-06-01",
      "RequestMethod": "GET",
      "RequestHeaders": {
        "Accept": "application/json",
        "Accept-Encoding": "gzip,deflate",
        "Authorization": "Sanitized",
        "Connection": "keep-alive",
        "User-Agent": "azsdk-js-arm-rediscache/7.1.2 core-rest-pipeline/1.10.2 Node/v16.17.0 OS/(x64-Windows_NT-10.0.22621)",
        "x-ms-client-request-id": "7e1622cc-6f29-42da-9934-8087a0bd1352"
      },
      "RequestBody": null,
      "StatusCode": 202,
      "ResponseHeaders": {
        "Cache-Control": "no-cache",
        "Content-Length": "0",
        "Date": "Mon, 06 Feb 2023 03:22:49 GMT",
        "Expires": "-1",
        "Location": "https://management.azure.com/subscriptions/azure_subscription_id/providers/Microsoft.Cache/locations/East%20US/operationresults/c6bf95fd-6eea-4885-bd7e-dd7a6245892d?api-version=2022-06-01",
        "Pragma": "no-cache",
        "Server": "Microsoft-HTTPAPI/2.0",
        "Strict-Transport-Security": "max-age=31536000; includeSubDomains",
        "X-Content-Type-Options": "nosniff",
        "x-ms-correlation-request-id": "360d34b9-c9c4-4624-9a86-162b16f84442",
        "x-ms-ratelimit-remaining-subscription-reads": "11577",
        "x-ms-request-id": "dc72b25d-41da-4d39-96bb-c678dd0e7449",
        "x-ms-routing-request-id": "SOUTHEASTASIA:20230206T032250Z:360d34b9-c9c4-4624-9a86-162b16f84442",
        "x-rp-server-mvid": "b9a917b0-7b08-4f97-9f88-dbe71340e8fc"
      },
      "ResponseBody": null
    },
    {
      "RequestUri": "https://management.azure.com/subscriptions/azure_subscription_id/providers/Microsoft.Cache/locations/East%20US/operationresults/c6bf95fd-6eea-4885-bd7e-dd7a6245892d?api-version=2022-06-01",
      "RequestMethod": "GET",
      "RequestHeaders": {
        "Accept": "application/json",
        "Accept-Encoding": "gzip,deflate",
        "Authorization": "Sanitized",
        "Connection": "keep-alive",
        "User-Agent": "azsdk-js-arm-rediscache/7.1.2 core-rest-pipeline/1.10.2 Node/v16.17.0 OS/(x64-Windows_NT-10.0.22621)",
        "x-ms-client-request-id": "8938411c-ddad-4896-b6f7-e15d6cb7ada9"
      },
      "RequestBody": null,
      "StatusCode": 202,
      "ResponseHeaders": {
        "Cache-Control": "no-cache",
        "Content-Length": "0",
        "Date": "Mon, 06 Feb 2023 03:22:51 GMT",
        "Expires": "-1",
        "Location": "https://management.azure.com/subscriptions/azure_subscription_id/providers/Microsoft.Cache/locations/East%20US/operationresults/c6bf95fd-6eea-4885-bd7e-dd7a6245892d?api-version=2022-06-01",
        "Pragma": "no-cache",
        "Server": "Microsoft-HTTPAPI/2.0",
        "Strict-Transport-Security": "max-age=31536000; includeSubDomains",
        "X-Content-Type-Options": "nosniff",
        "x-ms-correlation-request-id": "d83613d5-960a-41fd-aa98-2dc76ca71d0b",
        "x-ms-ratelimit-remaining-subscription-reads": "11576",
        "x-ms-request-id": "c0dfc595-2216-4775-b8c7-f9a1b9e01dab",
        "x-ms-routing-request-id": "SOUTHEASTASIA:20230206T032252Z:d83613d5-960a-41fd-aa98-2dc76ca71d0b",
        "x-rp-server-mvid": "b9a917b0-7b08-4f97-9f88-dbe71340e8fc"
      },
      "ResponseBody": null
    },
    {
      "RequestUri": "https://management.azure.com/subscriptions/azure_subscription_id/providers/Microsoft.Cache/locations/East%20US/operationresults/c6bf95fd-6eea-4885-bd7e-dd7a6245892d?api-version=2022-06-01",
      "RequestMethod": "GET",
      "RequestHeaders": {
        "Accept": "application/json",
        "Accept-Encoding": "gzip,deflate",
        "Authorization": "Sanitized",
        "Connection": "keep-alive",
        "User-Agent": "azsdk-js-arm-rediscache/7.1.2 core-rest-pipeline/1.10.2 Node/v16.17.0 OS/(x64-Windows_NT-10.0.22621)",
        "x-ms-client-request-id": "853ac663-0b0d-4213-8330-6900cba0ca48"
      },
      "RequestBody": null,
      "StatusCode": 202,
      "ResponseHeaders": {
        "Cache-Control": "no-cache",
        "Content-Length": "0",
        "Date": "Mon, 06 Feb 2023 03:22:54 GMT",
        "Expires": "-1",
        "Location": "https://management.azure.com/subscriptions/azure_subscription_id/providers/Microsoft.Cache/locations/East%20US/operationresults/c6bf95fd-6eea-4885-bd7e-dd7a6245892d?api-version=2022-06-01",
        "Pragma": "no-cache",
        "Server": "Microsoft-HTTPAPI/2.0",
        "Strict-Transport-Security": "max-age=31536000; includeSubDomains",
        "X-Content-Type-Options": "nosniff",
        "x-ms-correlation-request-id": "f056bd88-a547-4176-8de3-26a4d56c7f25",
        "x-ms-ratelimit-remaining-subscription-reads": "11575",
        "x-ms-request-id": "3f31cdbd-4537-4a08-943e-199e1b0a065a",
        "x-ms-routing-request-id": "SOUTHEASTASIA:20230206T032254Z:f056bd88-a547-4176-8de3-26a4d56c7f25",
        "x-rp-server-mvid": "b9a917b0-7b08-4f97-9f88-dbe71340e8fc"
      },
      "ResponseBody": null
    },
    {
      "RequestUri": "https://management.azure.com/subscriptions/azure_subscription_id/providers/Microsoft.Cache/locations/East%20US/operationresults/c6bf95fd-6eea-4885-bd7e-dd7a6245892d?api-version=2022-06-01",
      "RequestMethod": "GET",
      "RequestHeaders": {
        "Accept": "application/json",
        "Accept-Encoding": "gzip,deflate",
        "Authorization": "Sanitized",
        "Connection": "keep-alive",
        "User-Agent": "azsdk-js-arm-rediscache/7.1.2 core-rest-pipeline/1.10.2 Node/v16.17.0 OS/(x64-Windows_NT-10.0.22621)",
        "x-ms-client-request-id": "de5f5c68-6c03-4fd5-9d31-886adbf58d5c"
      },
      "RequestBody": null,
      "StatusCode": 202,
      "ResponseHeaders": {
        "Cache-Control": "no-cache",
        "Content-Length": "0",
        "Date": "Mon, 06 Feb 2023 03:22:56 GMT",
        "Expires": "-1",
        "Location": "https://management.azure.com/subscriptions/azure_subscription_id/providers/Microsoft.Cache/locations/East%20US/operationresults/c6bf95fd-6eea-4885-bd7e-dd7a6245892d?api-version=2022-06-01",
        "Pragma": "no-cache",
        "Server": "Microsoft-HTTPAPI/2.0",
        "Strict-Transport-Security": "max-age=31536000; includeSubDomains",
        "X-Content-Type-Options": "nosniff",
        "x-ms-correlation-request-id": "09752ef9-3f40-4d5e-8ec8-ac85f3d3adbe",
        "x-ms-ratelimit-remaining-subscription-reads": "11574",
        "x-ms-request-id": "fc99d584-8752-4daa-beb7-1f7bb8286958",
        "x-ms-routing-request-id": "SOUTHEASTASIA:20230206T032257Z:09752ef9-3f40-4d5e-8ec8-ac85f3d3adbe",
        "x-rp-server-mvid": "b9a917b0-7b08-4f97-9f88-dbe71340e8fc"
      },
      "ResponseBody": null
    },
    {
      "RequestUri": "https://management.azure.com/subscriptions/azure_subscription_id/providers/Microsoft.Cache/locations/East%20US/operationresults/c6bf95fd-6eea-4885-bd7e-dd7a6245892d?api-version=2022-06-01",
      "RequestMethod": "GET",
      "RequestHeaders": {
        "Accept": "application/json",
        "Accept-Encoding": "gzip,deflate",
        "Authorization": "Sanitized",
        "Connection": "keep-alive",
        "User-Agent": "azsdk-js-arm-rediscache/7.1.2 core-rest-pipeline/1.10.2 Node/v16.17.0 OS/(x64-Windows_NT-10.0.22621)",
        "x-ms-client-request-id": "fd6f4ec8-75e6-4936-abbb-db88b2453a35"
      },
      "RequestBody": null,
      "StatusCode": 200,
      "ResponseHeaders": {
        "Cache-Control": "no-cache",
        "Content-Length": "0",
        "Date": "Mon, 06 Feb 2023 03:22:58 GMT",
        "Expires": "-1",
        "Pragma": "no-cache",
        "Server": "Microsoft-HTTPAPI/2.0",
        "Strict-Transport-Security": "max-age=31536000; includeSubDomains",
        "X-Content-Type-Options": "nosniff",
        "x-ms-correlation-request-id": "7dd55b5c-c4b6-427e-8039-b4aef67ecb75",
        "x-ms-ratelimit-remaining-subscription-reads": "11573",
        "x-ms-request-id": "7fd1ce02-4822-43c1-9cf2-b3660789bc56",
        "x-ms-routing-request-id": "SOUTHEASTASIA:20230206T032259Z:7dd55b5c-c4b6-427e-8039-b4aef67ecb75",
        "x-rp-server-mvid": "b9a917b0-7b08-4f97-9f88-dbe71340e8fc"
      },
      "ResponseBody": null
    },
    {
      "RequestUri": "https://management.azure.com/subscriptions/azure_subscription_id/resourceGroups/myjstest/providers/Microsoft.Cache/redis?api-version=2022-06-01",
      "RequestMethod": "GET",
      "RequestHeaders": {
        "Accept": "application/json",
        "Accept-Encoding": "gzip,deflate",
        "Authorization": "Sanitized",
        "Connection": "keep-alive",
        "User-Agent": "azsdk-js-arm-rediscache/7.1.2 core-rest-pipeline/1.10.2 Node/v16.17.0 OS/(x64-Windows_NT-10.0.22621)",
        "x-ms-client-request-id": "dae0db48-b809-44a2-9456-e9fd3a8e88a8"
      },
      "RequestBody": null,
      "StatusCode": 200,
      "ResponseHeaders": {
        "Cache-Control": "no-cache",
        "Content-Encoding": "gzip",
        "Content-Type": "application/json; charset=utf-8",
        "Date": "Mon, 06 Feb 2023 03:22:59 GMT",
        "Expires": "-1",
        "Pragma": "no-cache",
        "Server": "Microsoft-HTTPAPI/2.0",
        "Strict-Transport-Security": "max-age=31536000; includeSubDomains",
        "Transfer-Encoding": "chunked",
        "Vary": "Accept-Encoding",
        "X-Content-Type-Options": "nosniff",
        "x-ms-correlation-request-id": "8395d7f4-6160-4aa1-9a98-affaa3334774",
        "x-ms-ratelimit-remaining-subscription-reads": "11572",
        "x-ms-request-id": "3b584f4c-9959-4858-a8be-80b7045aba9a",
        "x-ms-routing-request-id": "SOUTHEASTASIA:20230206T032300Z:8395d7f4-6160-4aa1-9a98-affaa3334774",
        "x-rp-server-mvid": "b9a917b0-7b08-4f97-9f88-dbe71340e8fc"
      },
      "ResponseBody": {
        "value": []
      }
    }
  ],
  "Variables": {}
}
