{
  "Entries": [
    {
      "RequestUri": "https://fakestorageaccount.blob.core.windows.net/filesystem167821779700009379?restype=container",
      "RequestMethod": "PUT",
      "RequestHeaders": {
        "Accept": "application/xml",
        "Authorization": "Sanitized",
        "Connection": "keep-alive",
        "Content-Length": "0",
        "User-Agent": "azsdk-js-azure-storage-blob/12.13.0 core-rest-pipeline/1.10.3 Node/v16.18.0 OS/(x64-Linux-5.4.0-1103-azure)",
        "x-ms-client-request-id": "70b552d2-f4f4-494f-80bc-63252ce1e4f6",
        "x-ms-date": "Tue, 07 Mar 2023 19:36:37 GMT",
        "x-ms-version": "2021-12-02"
      },
      "RequestBody": null,
      "StatusCode": 201,
      "ResponseHeaders": {
        "Content-Length": "0",
        "Date": "Tue, 07 Mar 2023 19:36:36 GMT",
        "ETag": "\u00220x8DB1F4344303553\u0022",
        "Last-Modified": "Tue, 07 Mar 2023 19:36:37 GMT",
        "Server": [
          "Windows-Azure-Blob/1.0",
          "Microsoft-HTTPAPI/2.0"
        ],
        "x-ms-client-request-id": "70b552d2-f4f4-494f-80bc-63252ce1e4f6",
        "x-ms-request-id": "345ea358-101e-000d-752c-51f515000000",
        "x-ms-version": "2021-12-02"
      },
      "ResponseBody": null
    },
    {
      "RequestUri": "https://fakestorageaccount.dfs.core.windows.net/filesystem167821779700009379/file167821779707801835?resource=file",
      "RequestMethod": "PUT",
      "RequestHeaders": {
        "Accept": "application/json",
        "Authorization": "Sanitized",
        "Connection": "keep-alive",
        "Content-Length": "0",
        "User-Agent": "azsdk-js-azure-storage-blob/12.13.0 core-rest-pipeline/1.10.3 Node/v16.18.0 OS/(x64-Linux-5.4.0-1103-azure)",
        "x-ms-client-request-id": "f1368416-eddb-4ec0-bf85-993418ffd9a3",
        "x-ms-date": "Tue, 07 Mar 2023 19:36:37 GMT",
        "x-ms-version": "2021-12-02"
      },
      "RequestBody": null,
      "StatusCode": 201,
      "ResponseHeaders": {
        "Content-Length": "0",
        "Date": "Tue, 07 Mar 2023 19:36:36 GMT",
        "ETag": "\u00220x8DB1F43443E1E15\u0022",
        "Last-Modified": "Tue, 07 Mar 2023 19:36:37 GMT",
        "Server": [
          "Windows-Azure-HDFS/1.0",
          "Microsoft-HTTPAPI/2.0"
        ],
        "x-ms-client-request-id": "f1368416-eddb-4ec0-bf85-993418ffd9a3",
        "x-ms-request-id": "2d7348a8-101f-000d-152c-51f515000000",
        "x-ms-request-server-encrypted": "true",
        "x-ms-version": "2021-12-02"
      },
      "ResponseBody": null
    },
    {
      "RequestUri": "https://fakestorageaccount.dfs.core.windows.net/filesystem167821779700009379/file167821779707801835?position=0\u0026action=append",
      "RequestMethod": "PATCH",
      "RequestHeaders": {
        "Accept": "application/json",
        "Authorization": "Sanitized",
        "Connection": "keep-alive",
        "Content-Length": "11",
        "Content-Type": "application/json",
        "User-Agent": "azsdk-js-azure-storage-blob/12.13.0 core-rest-pipeline/1.10.3 Node/v16.18.0 OS/(x64-Linux-5.4.0-1103-azure)",
        "x-ms-client-request-id": "6c68e9de-67e4-4449-919d-5deb6e9c8084",
        "x-ms-date": "Tue, 07 Mar 2023 19:36:37 GMT",
        "x-ms-version": "2021-12-02"
      },
      "RequestBody": "Hello World",
      "StatusCode": 202,
      "ResponseHeaders": {
        "Content-Length": "0",
        "Date": "Tue, 07 Mar 2023 19:36:36 GMT",
        "Server": [
          "Windows-Azure-HDFS/1.0",
          "Microsoft-HTTPAPI/2.0"
        ],
        "x-ms-client-request-id": "6c68e9de-67e4-4449-919d-5deb6e9c8084",
        "x-ms-request-id": "2d7348c9-101f-000d-362c-51f515000000",
        "x-ms-request-server-encrypted": "true",
        "x-ms-version": "2021-12-02"
      },
      "ResponseBody": null
    },
    {
      "RequestUri": "https://fakestorageaccount.dfs.core.windows.net/filesystem167821779700009379/file167821779707801835?position=11\u0026action=flush",
      "RequestMethod": "PATCH",
      "RequestHeaders": {
        "Accept": "application/json",
        "Authorization": "Sanitized",
        "Connection": "keep-alive",
        "Content-Length": "0",
        "User-Agent": "azsdk-js-azure-storage-blob/12.13.0 core-rest-pipeline/1.10.3 Node/v16.18.0 OS/(x64-Linux-5.4.0-1103-azure)",
        "x-ms-client-request-id": "94d779c9-4d9d-436a-a607-7cd4141b166d",
        "x-ms-date": "Tue, 07 Mar 2023 19:36:37 GMT",
        "x-ms-version": "2021-12-02"
      },
      "RequestBody": null,
      "StatusCode": 200,
      "ResponseHeaders": {
        "Content-Length": "0",
        "Date": "Tue, 07 Mar 2023 19:36:36 GMT",
        "ETag": "\u00220x8DB1F434458482A\u0022",
        "Last-Modified": "Tue, 07 Mar 2023 19:36:37 GMT",
        "Server": [
          "Windows-Azure-HDFS/1.0",
          "Microsoft-HTTPAPI/2.0"
        ],
        "x-ms-client-request-id": "94d779c9-4d9d-436a-a607-7cd4141b166d",
        "x-ms-request-id": "2d7348de-101f-000d-4b2c-51f515000000",
        "x-ms-request-server-encrypted": "false",
        "x-ms-version": "2021-12-02"
      },
      "ResponseBody": null
    },
    {
      "RequestUri": "https://fakestorageaccount.blob.core.windows.net/filesystem167821779700009379/file167821779707801835?comp=properties",
      "RequestMethod": "PUT",
      "RequestHeaders": {
        "Accept": "application/xml",
        "Authorization": "Sanitized",
        "Connection": "keep-alive",
        "Content-Length": "0",
        "User-Agent": "azsdk-js-azure-storage-blob/12.13.0 core-rest-pipeline/1.10.3 Node/v16.18.0 OS/(x64-Linux-5.4.0-1103-azure)",
        "x-ms-blob-cache-control": "cacheControl",
        "x-ms-blob-content-disposition": "contentDisposition",
        "x-ms-blob-content-encoding": "contentEncoding",
        "x-ms-blob-content-language": "contentLanguage",
        "x-ms-blob-content-md5": "AQIDBA==",
        "x-ms-blob-content-type": "contentType",
        "x-ms-client-request-id": "f9b99426-7465-4f20-a16c-0b077d15f617",
        "x-ms-date": "Tue, 07 Mar 2023 19:36:37 GMT",
        "x-ms-version": "2021-12-02"
      },
      "RequestBody": null,
      "StatusCode": 200,
      "ResponseHeaders": {
        "Content-Length": "0",
        "Date": "Tue, 07 Mar 2023 19:36:36 GMT",
        "ETag": "\u00220x8DB1F4344634CCA\u0022",
        "Last-Modified": "Tue, 07 Mar 2023 19:36:37 GMT",
        "Server": [
          "Windows-Azure-Blob/1.0",
          "Microsoft-HTTPAPI/2.0"
        ],
        "x-ms-client-request-id": "f9b99426-7465-4f20-a16c-0b077d15f617",
        "x-ms-request-id": "345ea41f-101e-000d-322c-51f515000000",
        "x-ms-version": "2021-12-02"
      },
      "ResponseBody": null
    },
    {
      "RequestUri": "https://fakestorageaccount.blob.core.windows.net/filesystem167821779700009379/file167821779707801835",
      "RequestMethod": "HEAD",
      "RequestHeaders": {
        "Accept": "application/xml",
        "Authorization": "Sanitized",
        "Connection": "keep-alive",
        "User-Agent": "azsdk-js-azure-storage-blob/12.13.0 core-rest-pipeline/1.10.3 Node/v16.18.0 OS/(x64-Linux-5.4.0-1103-azure)",
        "x-ms-client-request-id": "8180f6f2-63c9-44f3-bdfb-bc37aa3d2b87",
        "x-ms-date": "Tue, 07 Mar 2023 19:36:37 GMT",
        "x-ms-version": "2021-12-02"
      },
      "RequestBody": null,
      "StatusCode": 200,
      "ResponseHeaders": {
        "Accept-Ranges": "bytes",
        "Access-Control-Allow-Origin": "*",
        "Access-Control-Expose-Headers": "x-ms-request-id,x-ms-client-request-id,Server,x-ms-version,x-ms-resource-type,Content-Type,Content-Encoding,Content-Language,Cache-Control,Last-Modified,ETag,x-ms-creation-time,Content-MD5,x-ms-lease-status,x-ms-lease-state,x-ms-blob-type,Content-Disposition,x-ms-server-encrypted,x-ms-access-tier,x-ms-access-tier-inferred,Accept-Ranges,x-ms-owner,x-ms-group,x-ms-permissions,Content-Length,Date,Transfer-Encoding",
        "Cache-Control": "cacheControl",
        "Content-Disposition": "contentDisposition",
        "Content-Encoding": "contentEncoding",
        "Content-Language": "contentLanguage",
        "Content-Length": "11",
        "Content-MD5": "AQIDBA==",
        "Content-Type": "contentType",
        "Date": "Tue, 07 Mar 2023 19:36:36 GMT",
        "ETag": "\u00220x8DB1F4344634CCA\u0022",
        "Last-Modified": "Tue, 07 Mar 2023 19:36:37 GMT",
        "Server": [
          "Windows-Azure-Blob/1.0",
          "Microsoft-HTTPAPI/2.0"
        ],
        "x-ms-access-tier": "Hot",
        "x-ms-access-tier-inferred": "true",
        "x-ms-blob-type": "BlockBlob",
        "x-ms-client-request-id": "8180f6f2-63c9-44f3-bdfb-bc37aa3d2b87",
        "x-ms-creation-time": "Tue, 07 Mar 2023 19:36:37 GMT",
        "x-ms-group": "$superuser",
        "x-ms-lease-state": "available",
        "x-ms-lease-status": "unlocked",
        "x-ms-owner": "$superuser",
        "x-ms-permissions": "rw-r-----",
        "x-ms-request-id": "345ea458-101e-000d-6a2c-51f515000000",
        "x-ms-resource-type": "file",
        "x-ms-server-encrypted": "true",
        "x-ms-version": "2021-12-02"
      },
      "ResponseBody": null
    },
    {
      "RequestUri": "https://fakestorageaccount.blob.core.windows.net/filesystem167821779700009379?restype=container",
      "RequestMethod": "DELETE",
      "RequestHeaders": {
        "Accept": "application/xml",
        "Authorization": "Sanitized",
        "Connection": "keep-alive",
        "User-Agent": "azsdk-js-azure-storage-blob/12.13.0 core-rest-pipeline/1.10.3 Node/v16.18.0 OS/(x64-Linux-5.4.0-1103-azure)",
        "x-ms-client-request-id": "8d2a1d29-e0be-4469-b974-2c236dc4e392",
        "x-ms-date": "Tue, 07 Mar 2023 19:36:37 GMT",
        "x-ms-version": "2021-12-02"
      },
      "RequestBody": null,
      "StatusCode": 202,
      "ResponseHeaders": {
        "Content-Length": "0",
        "Date": "Tue, 07 Mar 2023 19:36:37 GMT",
        "Server": [
          "Windows-Azure-Blob/1.0",
          "Microsoft-HTTPAPI/2.0"
        ],
        "x-ms-client-request-id": "8d2a1d29-e0be-4469-b974-2c236dc4e392",
        "x-ms-request-id": "345ea476-101e-000d-072c-51f515000000",
        "x-ms-version": "2021-12-02"
      },
      "ResponseBody": null
    }
  ],
  "Variables": {
    "file": "file167821779707801835",
    "filesystem": "filesystem167821779700009379"
  }
}
