{
  "Entries": [
    {
      "RequestUri": "https://endpoint/sip?api-version=2023-03-01",
      "RequestMethod": "GET",
      "RequestHeaders": {
        "Accept": "application/json",
        "Accept-Encoding": "gzip,deflate",
        "Authorization": "Sanitized",
        "Connection": "keep-alive",
        "User-Agent": "azsdk-js-communication-phone-numbers/1.2.0-beta.5 core-rest-pipeline/1.9.2 Node/v18.13.0 OS/(x64-Windows_NT-10.0.22621)",
        "x-ms-client-request-id": "sanitized",
        "x-ms-content-sha256": "47DEQpj8HBSa\u002B/TImW\u002B5JCeuQeRkm5NMpJWZG3hSuFU=",
        "x-ms-date": "Fri, 10 Mar 2023 08:32:09 GMT"
      },
      "RequestBody": null,
      "StatusCode": 200,
      "ResponseHeaders": {
        "api-supported-versions": "2021-05-01-preview, 2022-09-01-preview, 2023-01-01-preview, 2023-03-01",
        "Content-Length": "25",
        "Content-Type": "application/json; charset=utf-8",
        "Date": "Fri, 10 Mar 2023 08:32:08 GMT",
        "MS-CV": "u9DEUZ16EkWb1LA19kbomA.0",
        "Strict-Transport-Security": "max-age=2592000",
        "X-Azure-Ref": "0COsKZAAAAACaxSPkI3UtTLPZeXaMue2BUFJHMDFFREdFMDkxNQBjYzkyNzU4ZC0wNWY3LTRhZDYtYWE1ZS0wZmE5NzE4ZDg5ODU=",
        "X-Cache": "CONFIG_NOCACHE",
        "X-Processing-Time": "173ms"
      },
      "ResponseBody": {
        "trunks": {},
        "routes": []
      }
    },
    {
      "RequestUri": "https://endpoint/sip?api-version=2023-03-01",
      "RequestMethod": "PATCH",
      "RequestHeaders": {
        "Accept": "application/json",
        "Accept-Encoding": "gzip,deflate",
        "Authorization": "Sanitized",
        "Connection": "keep-alive",
        "Content-Length": "40",
        "Content-Type": "application/merge-patch\u002Bjson",
        "User-Agent": "azsdk-js-communication-phone-numbers/1.2.0-beta.5 core-rest-pipeline/1.9.2 Node/v18.13.0 OS/(x64-Windows_NT-10.0.22621)",
        "x-ms-client-request-id": "sanitized",
        "x-ms-content-sha256": "wGT5Ky3Gb\u002BE1lNwRgfWhIkOwfQp1iTMH5UfRTNwWlnw=",
        "x-ms-date": "Fri, 10 Mar 2023 08:32:09 GMT"
      },
      "RequestBody": {
        "trunks": {
          "notExisting.fqdn.com": null
        }
      },
      "StatusCode": 200,
      "ResponseHeaders": {
        "api-supported-versions": "2021-05-01-preview, 2022-09-01-preview, 2023-01-01-preview, 2023-03-01",
        "Content-Length": "25",
        "Content-Type": "application/json; charset=utf-8",
        "Date": "Fri, 10 Mar 2023 08:32:08 GMT",
        "MS-CV": "0S7r7pOhn0GElmhk00zHeA.0",
        "Strict-Transport-Security": "max-age=2592000",
        "X-Azure-Ref": "0COsKZAAAAADe/OBY5YeDTYLmiWF6EhI5UFJHMDFFREdFMDkxNQBjYzkyNzU4ZC0wNWY3LTRhZDYtYWE1ZS0wZmE5NzE4ZDg5ODU=",
        "X-Cache": "CONFIG_NOCACHE",
        "X-Processing-Time": "347ms"
      },
      "ResponseBody": {
        "trunks": {},
        "routes": []
      }
    },
    {
      "RequestUri": "https://endpoint/sip?api-version=2023-03-01",
      "RequestMethod": "GET",
      "RequestHeaders": {
        "Accept": "application/json",
        "Accept-Encoding": "gzip,deflate",
        "Authorization": "Sanitized",
        "Connection": "keep-alive",
        "User-Agent": "azsdk-js-communication-phone-numbers/1.2.0-beta.5 core-rest-pipeline/1.9.2 Node/v18.13.0 OS/(x64-Windows_NT-10.0.22621)",
        "x-ms-client-request-id": "sanitized",
        "x-ms-content-sha256": "47DEQpj8HBSa\u002B/TImW\u002B5JCeuQeRkm5NMpJWZG3hSuFU=",
        "x-ms-date": "Fri, 10 Mar 2023 08:32:10 GMT"
      },
      "RequestBody": null,
      "StatusCode": 200,
      "ResponseHeaders": {
        "api-supported-versions": "2021-05-01-preview, 2022-09-01-preview, 2023-01-01-preview, 2023-03-01",
        "Content-Length": "25",
        "Content-Type": "application/json; charset=utf-8",
        "Date": "Fri, 10 Mar 2023 08:32:09 GMT",
        "MS-CV": "R8JSdfd/iUKoxWhtpyqRzg.0",
        "Strict-Transport-Security": "max-age=2592000",
        "X-Azure-Ref": "0CesKZAAAAAAiknPwbYMQR7NMZf6xLoQOUFJHMDFFREdFMDkxNQBjYzkyNzU4ZC0wNWY3LTRhZDYtYWE1ZS0wZmE5NzE4ZDg5ODU=",
        "X-Cache": "CONFIG_NOCACHE",
        "X-Processing-Time": "199ms"
      },
      "ResponseBody": {
        "trunks": {},
        "routes": []
      }
    }
  ],
  "Variables": {
    "fqdn-1": "test0bbbefffd1c74dab8e70b56df1dd3306.sanitized.sbc.test"
  }
}
