{
  "Entries": [
    {
      "RequestUri": "https://endpoint/availablePhoneNumbers/countries/US/:search?api-version=2022-06-01-preview",
      "RequestMethod": "POST",
      "RequestHeaders": {
        "Accept": "application/json",
        "Accept-Encoding": "gzip, deflate, br",
        "Accept-Language": "en-US",
        "Authorization": "Sanitized",
        "Connection": "keep-alive",
        "Content-Length": "133",
        "Content-Type": "application/json",
        "Referer": "http://localhost:9876/",
        "sec-ch-ua": "",
        "sec-ch-ua-mobile": "?0",
        "sec-ch-ua-platform": "",
        "Sec-Fetch-Dest": "empty",
        "Sec-Fetch-Mode": "cors",
        "Sec-Fetch-Site": "same-site",
        "User-Agent": "Mozilla/5.0 (Windows NT 10.0; Win64; x64) AppleWebKit/537.36 (KHTML, like Gecko) HeadlessChrome/103.0.5058.0 Safari/537.36",
        "x-ms-client-request-id": "sanitized",
        "x-ms-useragent": "azsdk-js-communication-phone-numbers/1.2.0-beta.5 core-rest-pipeline/1.9.3 OS/Win32"
      },
      "RequestBody": {
        "phoneNumberType": "tollFree",
        "assignmentType": "application",
        "capabilities": {
          "calling": "none",
          "sms": "inbound\u002Boutbound"
        },
        "quantity": 1
      },
      "StatusCode": 202,
      "ResponseHeaders": {
        "Access-Control-Expose-Headers": "Location,Operation-Location,operation-id,search-id",
        "api-supported-versions": "2021-03-07, 2022-01-11-preview2, 2022-06-01-preview, 2022-12-01",
        "Content-Length": "0",
        "Date": "Thu, 08 Sep 2022 23:22:09 GMT",
        "Location": "/availablePhoneNumbers/searchResults/sanitized?api-version=2022-06-01-preview",
        "MS-CV": "H/MUBThsN0eO6GhNGFwclw.0",
        "operation-id": "search_sanitized",
        "Operation-Location": "/phoneNumbers/operations/search_sanitized?api-version=2022-06-01-preview",
        "search-id": "sanitized",
        "Strict-Transport-Security": "max-age=2592000",
        "X-Azure-Ref": "0HnkaYwAAAADgltpXWLTzSIU\u002BTQgF4QSTUFJHMDFFREdFMDkwOAA5ZmM3YjUxOS1hOGNjLTRmODktOTM1ZS1jOTE0OGFlMDllODE=",
        "X-Cache": "CONFIG_NOCACHE",
        "X-Processing-Time": "3694ms"
      },
      "ResponseBody": null
    },
    {
      "RequestUri": "https://endpoint/phoneNumbers/operations/search_sanitized?api-version=2022-06-01-preview",
      "RequestMethod": "GET",
      "RequestHeaders": {
        "Accept": "application/json",
        "Accept-Encoding": "gzip, deflate, br",
        "Accept-Language": "en-US",
        "Authorization": "Sanitized",
        "Connection": "keep-alive",
        "Content-Type": "application/json",
        "Referer": "http://localhost:9876/",
        "sec-ch-ua": "",
        "sec-ch-ua-mobile": "?0",
        "sec-ch-ua-platform": "",
        "Sec-Fetch-Dest": "empty",
        "Sec-Fetch-Mode": "cors",
        "Sec-Fetch-Site": "same-site",
        "User-Agent": "Mozilla/5.0 (Windows NT 10.0; Win64; x64) AppleWebKit/537.36 (KHTML, like Gecko) HeadlessChrome/103.0.5058.0 Safari/537.36",
        "x-ms-client-request-id": "sanitized",
        "x-ms-useragent": "azsdk-js-communication-phone-numbers/1.2.0-beta.5 core-rest-pipeline/1.9.3 OS/Win32"
      },
      "RequestBody": null,
      "StatusCode": 200,
      "ResponseHeaders": {
        "Access-Control-Expose-Headers": "Location",
        "api-supported-versions": "2021-03-07, 2022-01-11-preview2, 2022-06-01-preview, 2022-12-01",
        "Content-Type": "application/json; charset=utf-8",
        "Date": "Thu, 08 Sep 2022 23:22:10 GMT",
        "Location": "/availablePhoneNumbers/searchResults/sanitized?api-version=2022-06-01-preview",
        "MS-CV": "wzxIcwjGtkqXt7Aag6Yk0Q.0",
        "Strict-Transport-Security": "max-age=2592000",
        "Transfer-Encoding": "chunked",
        "X-Azure-Ref": "0InkaYwAAAAChoAw\u002BVpM0SonSah1ca4BkUFJHMDFFREdFMDkwOAA5ZmM3YjUxOS1hOGNjLTRmODktOTM1ZS1jOTE0OGFlMDllODE=",
        "X-Cache": "CONFIG_NOCACHE",
        "X-Processing-Time": "730ms"
      },
      "ResponseBody": {
        "operationType": "search",
        "status": "notStarted",
        "resourceLocation": "/availablePhoneNumbers/searchResults/sanitized?api-version=2022-06-01-preview",
        "createdDateTime": "2022-09-08T23:22:09.1555954\u002B00:00",
        "id": "search_sanitized",
        "lastActionDateTime": "0001-01-01T00:00:00\u002B00:00"
      }
    },
    {
      "RequestUri": "https://endpoint/phoneNumbers/operations/search_sanitized?api-version=2022-06-01-preview",
      "RequestMethod": "GET",
      "RequestHeaders": {
        "Accept": "application/json",
        "Accept-Encoding": "gzip, deflate, br",
        "Accept-Language": "en-US",
        "Authorization": "Sanitized",
        "Connection": "keep-alive",
        "Content-Type": "application/json",
        "Referer": "http://localhost:9876/",
        "sec-ch-ua": "",
        "sec-ch-ua-mobile": "?0",
        "sec-ch-ua-platform": "",
        "Sec-Fetch-Dest": "empty",
        "Sec-Fetch-Mode": "cors",
        "Sec-Fetch-Site": "same-site",
        "User-Agent": "Mozilla/5.0 (Windows NT 10.0; Win64; x64) AppleWebKit/537.36 (KHTML, like Gecko) HeadlessChrome/103.0.5058.0 Safari/537.36",
        "x-ms-client-request-id": "sanitized",
        "x-ms-useragent": "azsdk-js-communication-phone-numbers/1.2.0-beta.5 core-rest-pipeline/1.9.3 OS/Win32"
      },
      "RequestBody": null,
      "StatusCode": 200,
      "ResponseHeaders": {
        "Access-Control-Expose-Headers": "Location",
        "api-supported-versions": "2021-03-07, 2022-01-11-preview2, 2022-06-01-preview, 2022-12-01",
        "Content-Type": "application/json; charset=utf-8",
        "Date": "Thu, 08 Sep 2022 23:22:11 GMT",
        "Location": "/availablePhoneNumbers/searchResults/sanitized?api-version=2022-06-01-preview",
        "MS-CV": "uLYbYUkKwU\u002BsuN07965NJQ.0",
        "Strict-Transport-Security": "max-age=2592000",
        "Transfer-Encoding": "chunked",
        "X-Azure-Ref": "0InkaYwAAAACyeIwm/UCARrJ8vz4GJr\u002BvUFJHMDFFREdFMDkwOAA5ZmM3YjUxOS1hOGNjLTRmODktOTM1ZS1jOTE0OGFlMDllODE=",
        "X-Cache": "CONFIG_NOCACHE",
        "X-Processing-Time": "651ms"
      },
      "ResponseBody": {
        "operationType": "search",
        "status": "running",
        "resourceLocation": "/availablePhoneNumbers/searchResults/sanitized?api-version=2022-06-01-preview",
        "createdDateTime": "2022-09-08T23:22:09.1555954\u002B00:00",
        "id": "search_sanitized",
        "lastActionDateTime": "0001-01-01T00:00:00\u002B00:00"
      }
    },
    {
      "RequestUri": "https://endpoint/phoneNumbers/operations/search_sanitized?api-version=2022-06-01-preview",
      "RequestMethod": "GET",
      "RequestHeaders": {
        "Accept": "application/json",
        "Accept-Encoding": "gzip, deflate, br",
        "Accept-Language": "en-US",
        "Authorization": "Sanitized",
        "Connection": "keep-alive",
        "Content-Type": "application/json",
        "Referer": "http://localhost:9876/",
        "sec-ch-ua": "",
        "sec-ch-ua-mobile": "?0",
        "sec-ch-ua-platform": "",
        "Sec-Fetch-Dest": "empty",
        "Sec-Fetch-Mode": "cors",
        "Sec-Fetch-Site": "same-site",
        "User-Agent": "Mozilla/5.0 (Windows NT 10.0; Win64; x64) AppleWebKit/537.36 (KHTML, like Gecko) HeadlessChrome/103.0.5058.0 Safari/537.36",
        "x-ms-client-request-id": "sanitized",
        "x-ms-useragent": "azsdk-js-communication-phone-numbers/1.2.0-beta.5 core-rest-pipeline/1.9.3 OS/Win32"
      },
      "RequestBody": null,
      "StatusCode": 200,
      "ResponseHeaders": {
        "Access-Control-Expose-Headers": "Location",
        "api-supported-versions": "2021-03-07, 2022-01-11-preview2, 2022-06-01-preview, 2022-12-01",
        "Content-Type": "application/json; charset=utf-8",
        "Date": "Thu, 08 Sep 2022 23:22:14 GMT",
        "Location": "/availablePhoneNumbers/searchResults/sanitized?api-version=2022-06-01-preview",
        "MS-CV": "Yj\u002B6vgXbiEeMgrxgt8sQwg.0",
        "Strict-Transport-Security": "max-age=2592000",
        "Transfer-Encoding": "chunked",
        "X-Azure-Ref": "0JXkaYwAAAAAzg5lDp0uwQYPOj2WkIRlJUFJHMDFFREdFMDkwOAA5ZmM3YjUxOS1hOGNjLTRmODktOTM1ZS1jOTE0OGFlMDllODE=",
        "X-Cache": "CONFIG_NOCACHE",
        "X-Processing-Time": "793ms"
      },
      "ResponseBody": {
        "operationType": "search",
        "status": "notStarted",
        "resourceLocation": "/availablePhoneNumbers/searchResults/sanitized?api-version=2022-06-01-preview",
        "createdDateTime": "2022-09-08T23:22:09.1555954\u002B00:00",
        "id": "search_sanitized",
        "lastActionDateTime": "0001-01-01T00:00:00\u002B00:00"
      }
    },
    {
      "RequestUri": "https://endpoint/phoneNumbers/operations/search_sanitized?api-version=2022-06-01-preview",
      "RequestMethod": "GET",
      "RequestHeaders": {
        "Accept": "application/json",
        "Accept-Encoding": "gzip, deflate, br",
        "Accept-Language": "en-US",
        "Authorization": "Sanitized",
        "Connection": "keep-alive",
        "Content-Type": "application/json",
        "Referer": "http://localhost:9876/",
        "sec-ch-ua": "",
        "sec-ch-ua-mobile": "?0",
        "sec-ch-ua-platform": "",
        "Sec-Fetch-Dest": "empty",
        "Sec-Fetch-Mode": "cors",
        "Sec-Fetch-Site": "same-site",
        "User-Agent": "Mozilla/5.0 (Windows NT 10.0; Win64; x64) AppleWebKit/537.36 (KHTML, like Gecko) HeadlessChrome/103.0.5058.0 Safari/537.36",
        "x-ms-client-request-id": "sanitized",
        "x-ms-useragent": "azsdk-js-communication-phone-numbers/1.2.0-beta.5 core-rest-pipeline/1.9.3 OS/Win32"
      },
      "RequestBody": null,
      "StatusCode": 200,
      "ResponseHeaders": {
        "Access-Control-Expose-Headers": "Location",
        "api-supported-versions": "2021-03-07, 2022-01-11-preview2, 2022-06-01-preview, 2022-12-01",
        "Content-Type": "application/json; charset=utf-8",
        "Date": "Thu, 08 Sep 2022 23:22:17 GMT",
        "Location": "/availablePhoneNumbers/searchResults/sanitized?api-version=2022-06-01-preview",
        "MS-CV": "QPvc7HNLCU2nM7\u002BXkNXfXQ.0",
        "Strict-Transport-Security": "max-age=2592000",
        "Transfer-Encoding": "chunked",
        "X-Azure-Ref": "0KHkaYwAAAAAc3lth95ubTp2cOwHHQnljUFJHMDFFREdFMDkwOAA5ZmM3YjUxOS1hOGNjLTRmODktOTM1ZS1jOTE0OGFlMDllODE=",
        "X-Cache": "CONFIG_NOCACHE",
        "X-Processing-Time": "911ms"
      },
      "ResponseBody": {
        "operationType": "search",
        "status": "succeeded",
        "resourceLocation": "/availablePhoneNumbers/searchResults/sanitized?api-version=2022-06-01-preview",
        "createdDateTime": "2022-09-08T23:22:09.1555954\u002B00:00",
        "id": "search_sanitized",
        "lastActionDateTime": "0001-01-01T00:00:00\u002B00:00"
      }
    },
    {
      "RequestUri": "https://endpoint/availablePhoneNumbers/searchResults/sanitized?api-version=2022-06-01-preview",
      "RequestMethod": "GET",
      "RequestHeaders": {
        "Accept": "application/json",
        "Accept-Encoding": "gzip, deflate, br",
        "Accept-Language": "en-US",
        "Authorization": "Sanitized",
        "Connection": "keep-alive",
        "Content-Type": "application/json",
        "Referer": "http://localhost:9876/",
        "sec-ch-ua": "",
        "sec-ch-ua-mobile": "?0",
        "sec-ch-ua-platform": "",
        "Sec-Fetch-Dest": "empty",
        "Sec-Fetch-Mode": "cors",
        "Sec-Fetch-Site": "same-site",
        "User-Agent": "Mozilla/5.0 (Windows NT 10.0; Win64; x64) AppleWebKit/537.36 (KHTML, like Gecko) HeadlessChrome/103.0.5058.0 Safari/537.36",
        "x-ms-client-request-id": "sanitized",
        "x-ms-useragent": "azsdk-js-communication-phone-numbers/1.2.0-beta.5 core-rest-pipeline/1.9.3 OS/Win32"
      },
      "RequestBody": null,
      "StatusCode": 200,
      "ResponseHeaders": {
        "api-supported-versions": "2021-03-07, 2022-01-11-preview2, 2022-06-01-preview, 2022-12-01",
        "Content-Type": "application/json; charset=utf-8",
        "Date": "Thu, 08 Sep 2022 23:22:18 GMT",
        "MS-CV": "lond0joSfkqcAzEoS3NldQ.0",
        "Strict-Transport-Security": "max-age=2592000",
        "Transfer-Encoding": "chunked",
        "X-Azure-Ref": "0KXkaYwAAAAC1zbtb165hTqWPca8SwriUUFJHMDFFREdFMDkwOAA5ZmM3YjUxOS1hOGNjLTRmODktOTM1ZS1jOTE0OGFlMDllODE=",
        "X-Cache": "CONFIG_NOCACHE",
        "X-Processing-Time": "1498ms"
      },
      "ResponseBody": {
        "searchId": "sanitized",
        "phoneNumbers": [
          "\u002B14155550100"
        ],
        "phoneNumberType": "tollFree",
        "assignmentType": "application",
        "capabilities": {
          "calling": "none",
          "sms": "inbound\u002Boutbound"
        },
        "cost": {
          "amount": 2.0,
          "currencyCode": "USD",
          "billingFrequency": "monthly"
        },
        "searchExpiresBy": "2022-09-08T23:38:14.0174874\u002B00:00"
      }
    },
    {
      "RequestUri": "https://endpoint/availablePhoneNumbers/:purchase?api-version=2022-06-01-preview",
      "RequestMethod": "POST",
      "RequestHeaders": {
        "Accept": "application/json",
        "Accept-Encoding": "gzip, deflate, br",
        "Accept-Language": "en-US",
        "Authorization": "Sanitized",
        "Connection": "keep-alive",
        "Content-Length": "24",
        "Content-Type": "application/json",
        "Referer": "http://localhost:9876/",
        "sec-ch-ua": "",
        "sec-ch-ua-mobile": "?0",
        "sec-ch-ua-platform": "",
        "Sec-Fetch-Dest": "empty",
        "Sec-Fetch-Mode": "cors",
        "Sec-Fetch-Site": "same-site",
        "User-Agent": "Mozilla/5.0 (Windows NT 10.0; Win64; x64) AppleWebKit/537.36 (KHTML, like Gecko) HeadlessChrome/103.0.5058.0 Safari/537.36",
        "x-ms-client-request-id": "sanitized",
        "x-ms-useragent": "azsdk-js-communication-phone-numbers/1.2.0-beta.5 core-rest-pipeline/1.9.3 OS/Win32"
      },
      "RequestBody": {
        "searchId": "sanitized"
      },
      "StatusCode": 202,
      "ResponseHeaders": {
        "Access-Control-Expose-Headers": "Operation-Location,operation-id,purchase-id",
        "api-supported-versions": "2021-03-07, 2022-01-11-preview2, 2022-06-01-preview, 2022-12-01",
        "Content-Length": "0",
        "Date": "Thu, 08 Sep 2022 23:22:22 GMT",
        "MS-CV": "\u002BUqklTS0M0SXfar2P6hB8A.0",
        "operation-id": "purchase_sanitized",
        "Operation-Location": "/phoneNumbers/operations/purchase_sanitized?api-version=2022-06-01-preview",
        "purchase-id": "sanitized",
        "Strict-Transport-Security": "max-age=2592000",
        "X-Azure-Ref": "0K3kaYwAAAACsNMEAyfZZQKpFax7l0cy9UFJHMDFFREdFMDkwOAA5ZmM3YjUxOS1hOGNjLTRmODktOTM1ZS1jOTE0OGFlMDllODE=",
        "X-Cache": "CONFIG_NOCACHE",
        "X-Processing-Time": "3281ms"
      },
      "ResponseBody": null
    },
    {
      "RequestUri": "https://endpoint/phoneNumbers/operations/purchase_sanitized?api-version=2022-06-01-preview",
      "RequestMethod": "GET",
      "RequestHeaders": {
        "Accept": "application/json",
        "Accept-Encoding": "gzip, deflate, br",
        "Accept-Language": "en-US",
        "Authorization": "Sanitized",
        "Connection": "keep-alive",
        "Content-Type": "application/json",
        "Referer": "http://localhost:9876/",
        "sec-ch-ua": "",
        "sec-ch-ua-mobile": "?0",
        "sec-ch-ua-platform": "",
        "Sec-Fetch-Dest": "empty",
        "Sec-Fetch-Mode": "cors",
        "Sec-Fetch-Site": "same-site",
        "User-Agent": "Mozilla/5.0 (Windows NT 10.0; Win64; x64) AppleWebKit/537.36 (KHTML, like Gecko) HeadlessChrome/103.0.5058.0 Safari/537.36",
        "x-ms-client-request-id": "sanitized",
        "x-ms-useragent": "azsdk-js-communication-phone-numbers/1.2.0-beta.5 core-rest-pipeline/1.9.3 OS/Win32"
      },
      "RequestBody": null,
      "StatusCode": 200,
      "ResponseHeaders": {
        "api-supported-versions": "2021-03-07, 2022-01-11-preview2, 2022-06-01-preview, 2022-12-01",
        "Content-Type": "application/json; charset=utf-8",
        "Date": "Thu, 08 Sep 2022 23:22:23 GMT",
        "MS-CV": "ZadwIWtyRkyu3zYiS5ynng.0",
        "Strict-Transport-Security": "max-age=2592000",
        "Transfer-Encoding": "chunked",
        "X-Azure-Ref": "0LnkaYwAAAAAz6wcdix/wSK5lJ454hTJoUFJHMDFFREdFMDkwOAA5ZmM3YjUxOS1hOGNjLTRmODktOTM1ZS1jOTE0OGFlMDllODE=",
        "X-Cache": "CONFIG_NOCACHE",
        "X-Processing-Time": "784ms"
      },
      "ResponseBody": {
        "operationType": "purchase",
        "status": "running",
        "resourceLocation": null,
        "createdDateTime": "2022-09-08T23:22:09.1555954\u002B00:00",
        "id": "purchase_sanitized",
        "lastActionDateTime": "0001-01-01T00:00:00\u002B00:00"
      }
    },
    {
      "RequestUri": "https://endpoint/phoneNumbers/operations/purchase_sanitized?api-version=2022-06-01-preview",
      "RequestMethod": "GET",
      "RequestHeaders": {
        "Accept": "application/json",
        "Accept-Encoding": "gzip, deflate, br",
        "Accept-Language": "en-US",
        "Authorization": "Sanitized",
        "Connection": "keep-alive",
        "Content-Type": "application/json",
        "Referer": "http://localhost:9876/",
        "sec-ch-ua": "",
        "sec-ch-ua-mobile": "?0",
        "sec-ch-ua-platform": "",
        "Sec-Fetch-Dest": "empty",
        "Sec-Fetch-Mode": "cors",
        "Sec-Fetch-Site": "same-site",
        "User-Agent": "Mozilla/5.0 (Windows NT 10.0; Win64; x64) AppleWebKit/537.36 (KHTML, like Gecko) HeadlessChrome/103.0.5058.0 Safari/537.36",
        "x-ms-client-request-id": "sanitized",
        "x-ms-useragent": "azsdk-js-communication-phone-numbers/1.2.0-beta.5 core-rest-pipeline/1.9.3 OS/Win32"
      },
      "RequestBody": null,
      "StatusCode": 200,
      "ResponseHeaders": {
        "api-supported-versions": "2021-03-07, 2022-01-11-preview2, 2022-06-01-preview, 2022-12-01",
        "Content-Type": "application/json; charset=utf-8",
        "Date": "Thu, 08 Sep 2022 23:22:24 GMT",
        "MS-CV": "sBdp6MIcRUiXrdpCe\u002BodXw.0",
        "Strict-Transport-Security": "max-age=2592000",
        "Transfer-Encoding": "chunked",
        "X-Azure-Ref": "0L3kaYwAAAABtn2XmJBygRIQH92CCEmodUFJHMDFFREdFMDkwOAA5ZmM3YjUxOS1hOGNjLTRmODktOTM1ZS1jOTE0OGFlMDllODE=",
        "X-Cache": "CONFIG_NOCACHE",
        "X-Processing-Time": "758ms"
      },
      "ResponseBody": {
        "operationType": "purchase",
        "status": "running",
        "resourceLocation": null,
        "createdDateTime": "2022-09-08T23:22:09.1555954\u002B00:00",
        "id": "purchase_sanitized",
        "lastActionDateTime": "0001-01-01T00:00:00\u002B00:00"
      }
    },
    {
      "RequestUri": "https://endpoint/phoneNumbers/operations/purchase_sanitized?api-version=2022-06-01-preview",
      "RequestMethod": "GET",
      "RequestHeaders": {
        "Accept": "application/json",
        "Accept-Encoding": "gzip, deflate, br",
        "Accept-Language": "en-US",
        "Authorization": "Sanitized",
        "Connection": "keep-alive",
        "Content-Type": "application/json",
        "Referer": "http://localhost:9876/",
        "sec-ch-ua": "",
        "sec-ch-ua-mobile": "?0",
        "sec-ch-ua-platform": "",
        "Sec-Fetch-Dest": "empty",
        "Sec-Fetch-Mode": "cors",
        "Sec-Fetch-Site": "same-site",
        "User-Agent": "Mozilla/5.0 (Windows NT 10.0; Win64; x64) AppleWebKit/537.36 (KHTML, like Gecko) HeadlessChrome/103.0.5058.0 Safari/537.36",
        "x-ms-client-request-id": "sanitized",
        "x-ms-useragent": "azsdk-js-communication-phone-numbers/1.2.0-beta.5 core-rest-pipeline/1.9.3 OS/Win32"
      },
      "RequestBody": null,
      "StatusCode": 200,
      "ResponseHeaders": {
        "api-supported-versions": "2021-03-07, 2022-01-11-preview2, 2022-06-01-preview, 2022-12-01",
        "Content-Type": "application/json; charset=utf-8",
        "Date": "Thu, 08 Sep 2022 23:22:26 GMT",
        "MS-CV": "UmG1Ft4Yskmb2h3A\u002BRuSWg.0",
        "Strict-Transport-Security": "max-age=2592000",
        "Transfer-Encoding": "chunked",
        "X-Azure-Ref": "0MnkaYwAAAAC6mA22HHVVR630Ci\u002BXbWV0UFJHMDFFREdFMDkwOAA5ZmM3YjUxOS1hOGNjLTRmODktOTM1ZS1jOTE0OGFlMDllODE=",
        "X-Cache": "CONFIG_NOCACHE",
        "X-Processing-Time": "732ms"
      },
      "ResponseBody": {
        "operationType": "purchase",
        "status": "running",
        "resourceLocation": null,
        "createdDateTime": "2022-09-08T23:22:09.1555954\u002B00:00",
        "id": "purchase_sanitized",
        "lastActionDateTime": "0001-01-01T00:00:00\u002B00:00"
      }
    },
    {
      "RequestUri": "https://endpoint/phoneNumbers/operations/purchase_sanitized?api-version=2022-06-01-preview",
      "RequestMethod": "GET",
      "RequestHeaders": {
        "Accept": "application/json",
        "Accept-Encoding": "gzip, deflate, br",
        "Accept-Language": "en-US",
        "Authorization": "Sanitized",
        "Connection": "keep-alive",
        "Content-Type": "application/json",
        "Referer": "http://localhost:9876/",
        "sec-ch-ua": "",
        "sec-ch-ua-mobile": "?0",
        "sec-ch-ua-platform": "",
        "Sec-Fetch-Dest": "empty",
        "Sec-Fetch-Mode": "cors",
        "Sec-Fetch-Site": "same-site",
        "User-Agent": "Mozilla/5.0 (Windows NT 10.0; Win64; x64) AppleWebKit/537.36 (KHTML, like Gecko) HeadlessChrome/103.0.5058.0 Safari/537.36",
        "x-ms-client-request-id": "sanitized",
        "x-ms-useragent": "azsdk-js-communication-phone-numbers/1.2.0-beta.5 core-rest-pipeline/1.9.3 OS/Win32"
      },
      "RequestBody": null,
      "StatusCode": 200,
      "ResponseHeaders": {
        "api-supported-versions": "2021-03-07, 2022-01-11-preview2, 2022-06-01-preview, 2022-12-01",
        "Content-Type": "application/json; charset=utf-8",
        "Date": "Thu, 08 Sep 2022 23:22:29 GMT",
        "MS-CV": "trlYFUyFs0ueYnhxtxD8Xg.0",
        "Strict-Transport-Security": "max-age=2592000",
        "Transfer-Encoding": "chunked",
        "X-Azure-Ref": "0NXkaYwAAAAAUCU8xZwEFR6dqof4UbnQOUFJHMDFFREdFMDkwOAA5ZmM3YjUxOS1hOGNjLTRmODktOTM1ZS1jOTE0OGFlMDllODE=",
        "X-Cache": "CONFIG_NOCACHE",
        "X-Processing-Time": "860ms"
      },
      "ResponseBody": {
        "operationType": "purchase",
        "status": "notStarted",
        "resourceLocation": null,
        "createdDateTime": "2022-09-08T23:22:09.1555954\u002B00:00",
        "id": "purchase_sanitized",
        "lastActionDateTime": "0001-01-01T00:00:00\u002B00:00"
      }
    },
    {
      "RequestUri": "https://endpoint/phoneNumbers/operations/purchase_sanitized?api-version=2022-06-01-preview",
      "RequestMethod": "GET",
      "RequestHeaders": {
        "Accept": "application/json",
        "Accept-Encoding": "gzip, deflate, br",
        "Accept-Language": "en-US",
        "Authorization": "Sanitized",
        "Connection": "keep-alive",
        "Content-Type": "application/json",
        "Referer": "http://localhost:9876/",
        "sec-ch-ua": "",
        "sec-ch-ua-mobile": "?0",
        "sec-ch-ua-platform": "",
        "Sec-Fetch-Dest": "empty",
        "Sec-Fetch-Mode": "cors",
        "Sec-Fetch-Site": "same-site",
        "User-Agent": "Mozilla/5.0 (Windows NT 10.0; Win64; x64) AppleWebKit/537.36 (KHTML, like Gecko) HeadlessChrome/103.0.5058.0 Safari/537.36",
        "x-ms-client-request-id": "sanitized",
        "x-ms-useragent": "azsdk-js-communication-phone-numbers/1.2.0-beta.5 core-rest-pipeline/1.9.3 OS/Win32"
      },
      "RequestBody": null,
      "StatusCode": 200,
      "ResponseHeaders": {
        "api-supported-versions": "2021-03-07, 2022-01-11-preview2, 2022-06-01-preview, 2022-12-01",
        "Content-Type": "application/json; charset=utf-8",
        "Date": "Thu, 08 Sep 2022 23:22:32 GMT",
        "MS-CV": "yRGOrAhATEyIuF/9Vm2ODw.0",
        "Strict-Transport-Security": "max-age=2592000",
        "Transfer-Encoding": "chunked",
        "X-Azure-Ref": "0OHkaYwAAAACV\u002BdGeBUNWQ4RMoNXua7p5UFJHMDFFREdFMDkwOAA5ZmM3YjUxOS1hOGNjLTRmODktOTM1ZS1jOTE0OGFlMDllODE=",
        "X-Cache": "CONFIG_NOCACHE",
        "X-Processing-Time": "729ms"
      },
      "ResponseBody": {
        "operationType": "purchase",
        "status": "notStarted",
        "resourceLocation": null,
        "createdDateTime": "2022-09-08T23:22:09.1555954\u002B00:00",
        "id": "purchase_sanitized",
        "lastActionDateTime": "0001-01-01T00:00:00\u002B00:00"
      }
    },
    {
      "RequestUri": "https://endpoint/phoneNumbers/operations/purchase_sanitized?api-version=2022-06-01-preview",
      "RequestMethod": "GET",
      "RequestHeaders": {
        "Accept": "application/json",
        "Accept-Encoding": "gzip, deflate, br",
        "Accept-Language": "en-US",
        "Authorization": "Sanitized",
        "Connection": "keep-alive",
        "Content-Type": "application/json",
        "Referer": "http://localhost:9876/",
        "sec-ch-ua": "",
        "sec-ch-ua-mobile": "?0",
        "sec-ch-ua-platform": "",
        "Sec-Fetch-Dest": "empty",
        "Sec-Fetch-Mode": "cors",
        "Sec-Fetch-Site": "same-site",
        "User-Agent": "Mozilla/5.0 (Windows NT 10.0; Win64; x64) AppleWebKit/537.36 (KHTML, like Gecko) HeadlessChrome/103.0.5058.0 Safari/537.36",
        "x-ms-client-request-id": "sanitized",
        "x-ms-useragent": "azsdk-js-communication-phone-numbers/1.2.0-beta.5 core-rest-pipeline/1.9.3 OS/Win32"
      },
      "RequestBody": null,
      "StatusCode": 200,
      "ResponseHeaders": {
        "api-supported-versions": "2021-03-07, 2022-01-11-preview2, 2022-06-01-preview, 2022-12-01",
        "Content-Type": "application/json; charset=utf-8",
        "Date": "Thu, 08 Sep 2022 23:22:35 GMT",
        "MS-CV": "Ol4\u002BQ5jrWkOmiJhUSfTqyQ.0",
        "Strict-Transport-Security": "max-age=2592000",
        "Transfer-Encoding": "chunked",
        "X-Azure-Ref": "0O3kaYwAAAABT/vxoJF/LRYazTRWKGYN6UFJHMDFFREdFMDkwOAA5ZmM3YjUxOS1hOGNjLTRmODktOTM1ZS1jOTE0OGFlMDllODE=",
        "X-Cache": "CONFIG_NOCACHE",
        "X-Processing-Time": "703ms"
      },
      "ResponseBody": {
        "operationType": "purchase",
        "status": "notStarted",
        "resourceLocation": null,
        "createdDateTime": "2022-09-08T23:22:09.1555954\u002B00:00",
        "id": "purchase_sanitized",
        "lastActionDateTime": "0001-01-01T00:00:00\u002B00:00"
      }
    },
    {
      "RequestUri": "https://endpoint/phoneNumbers/operations/purchase_sanitized?api-version=2022-06-01-preview",
      "RequestMethod": "GET",
      "RequestHeaders": {
        "Accept": "application/json",
        "Accept-Encoding": "gzip, deflate, br",
        "Accept-Language": "en-US",
        "Authorization": "Sanitized",
        "Connection": "keep-alive",
        "Content-Type": "application/json",
        "Referer": "http://localhost:9876/",
        "sec-ch-ua": "",
        "sec-ch-ua-mobile": "?0",
        "sec-ch-ua-platform": "",
        "Sec-Fetch-Dest": "empty",
        "Sec-Fetch-Mode": "cors",
        "Sec-Fetch-Site": "same-site",
        "User-Agent": "Mozilla/5.0 (Windows NT 10.0; Win64; x64) AppleWebKit/537.36 (KHTML, like Gecko) HeadlessChrome/103.0.5058.0 Safari/537.36",
        "x-ms-client-request-id": "sanitized",
        "x-ms-useragent": "azsdk-js-communication-phone-numbers/1.2.0-beta.5 core-rest-pipeline/1.9.3 OS/Win32"
      },
      "RequestBody": null,
      "StatusCode": 200,
      "ResponseHeaders": {
        "api-supported-versions": "2021-03-07, 2022-01-11-preview2, 2022-06-01-preview, 2022-12-01",
        "Content-Type": "application/json; charset=utf-8",
        "Date": "Thu, 08 Sep 2022 23:22:38 GMT",
        "MS-CV": "GOD2lI/np02FTrG/UkHQUw.0",
        "Strict-Transport-Security": "max-age=2592000",
        "Transfer-Encoding": "chunked",
        "X-Azure-Ref": "0PnkaYwAAAACLeqXUnPgAQ7PgHcTThFsEUFJHMDFFREdFMDkwOAA5ZmM3YjUxOS1hOGNjLTRmODktOTM1ZS1jOTE0OGFlMDllODE=",
        "X-Cache": "CONFIG_NOCACHE",
        "X-Processing-Time": "764ms"
      },
      "ResponseBody": {
        "operationType": "purchase",
        "status": "notStarted",
        "resourceLocation": null,
        "createdDateTime": "2022-09-08T23:22:09.1555954\u002B00:00",
        "id": "purchase_sanitized",
        "lastActionDateTime": "0001-01-01T00:00:00\u002B00:00"
      }
    },
    {
      "RequestUri": "https://endpoint/phoneNumbers/operations/purchase_sanitized?api-version=2022-06-01-preview",
      "RequestMethod": "GET",
      "RequestHeaders": {
        "Accept": "application/json",
        "Accept-Encoding": "gzip, deflate, br",
        "Accept-Language": "en-US",
        "Authorization": "Sanitized",
        "Connection": "keep-alive",
        "Content-Type": "application/json",
        "Referer": "http://localhost:9876/",
        "sec-ch-ua": "",
        "sec-ch-ua-mobile": "?0",
        "sec-ch-ua-platform": "",
        "Sec-Fetch-Dest": "empty",
        "Sec-Fetch-Mode": "cors",
        "Sec-Fetch-Site": "same-site",
        "User-Agent": "Mozilla/5.0 (Windows NT 10.0; Win64; x64) AppleWebKit/537.36 (KHTML, like Gecko) HeadlessChrome/103.0.5058.0 Safari/537.36",
        "x-ms-client-request-id": "sanitized",
        "x-ms-useragent": "azsdk-js-communication-phone-numbers/1.2.0-beta.5 core-rest-pipeline/1.9.3 OS/Win32"
      },
      "RequestBody": null,
      "StatusCode": 200,
      "ResponseHeaders": {
        "api-supported-versions": "2021-03-07, 2022-01-11-preview2, 2022-06-01-preview, 2022-12-01",
        "Content-Type": "application/json; charset=utf-8",
        "Date": "Thu, 08 Sep 2022 23:22:41 GMT",
        "MS-CV": "Ujw27IfAqUq29a2RF1URTw.0",
        "Strict-Transport-Security": "max-age=2592000",
        "Transfer-Encoding": "chunked",
        "X-Azure-Ref": "0QXkaYwAAAAB7rJksfDLjRZJRxnYHiZOyUFJHMDFFREdFMDkwOAA5ZmM3YjUxOS1hOGNjLTRmODktOTM1ZS1jOTE0OGFlMDllODE=",
        "X-Cache": "CONFIG_NOCACHE",
        "X-Processing-Time": "767ms"
      },
      "ResponseBody": {
        "operationType": "purchase",
        "status": "notStarted",
        "resourceLocation": null,
        "createdDateTime": "2022-09-08T23:22:09.1555954\u002B00:00",
        "id": "purchase_sanitized",
        "lastActionDateTime": "0001-01-01T00:00:00\u002B00:00"
      }
    },
    {
      "RequestUri": "https://endpoint/phoneNumbers/operations/purchase_sanitized?api-version=2022-06-01-preview",
      "RequestMethod": "GET",
      "RequestHeaders": {
        "Accept": "application/json",
        "Accept-Encoding": "gzip, deflate, br",
        "Accept-Language": "en-US",
        "Authorization": "Sanitized",
        "Connection": "keep-alive",
        "Content-Type": "application/json",
        "Referer": "http://localhost:9876/",
        "sec-ch-ua": "",
        "sec-ch-ua-mobile": "?0",
        "sec-ch-ua-platform": "",
        "Sec-Fetch-Dest": "empty",
        "Sec-Fetch-Mode": "cors",
        "Sec-Fetch-Site": "same-site",
        "User-Agent": "Mozilla/5.0 (Windows NT 10.0; Win64; x64) AppleWebKit/537.36 (KHTML, like Gecko) HeadlessChrome/103.0.5058.0 Safari/537.36",
        "x-ms-client-request-id": "sanitized",
        "x-ms-useragent": "azsdk-js-communication-phone-numbers/1.2.0-beta.5 core-rest-pipeline/1.9.3 OS/Win32"
      },
      "RequestBody": null,
      "StatusCode": 200,
      "ResponseHeaders": {
        "api-supported-versions": "2021-03-07, 2022-01-11-preview2, 2022-06-01-preview, 2022-12-01",
        "Content-Type": "application/json; charset=utf-8",
        "Date": "Thu, 08 Sep 2022 23:22:43 GMT",
        "MS-CV": "GRmosCahzk6Ky9A5uicnJQ.0",
        "Strict-Transport-Security": "max-age=2592000",
        "Transfer-Encoding": "chunked",
        "X-Azure-Ref": "0RHkaYwAAAAAzCVd5OmR0T5f4IbOnWVIxUFJHMDFFREdFMDkwOAA5ZmM3YjUxOS1hOGNjLTRmODktOTM1ZS1jOTE0OGFlMDllODE=",
        "X-Cache": "CONFIG_NOCACHE",
        "X-Processing-Time": "666ms"
      },
      "ResponseBody": {
        "operationType": "purchase",
        "status": "notStarted",
        "resourceLocation": null,
        "createdDateTime": "2022-09-08T23:22:09.1555954\u002B00:00",
        "id": "purchase_sanitized",
        "lastActionDateTime": "0001-01-01T00:00:00\u002B00:00"
      }
    },
    {
      "RequestUri": "https://endpoint/phoneNumbers/operations/purchase_sanitized?api-version=2022-06-01-preview",
      "RequestMethod": "GET",
      "RequestHeaders": {
        "Accept": "application/json",
        "Accept-Encoding": "gzip, deflate, br",
        "Accept-Language": "en-US",
        "Authorization": "Sanitized",
        "Connection": "keep-alive",
        "Content-Type": "application/json",
        "Referer": "http://localhost:9876/",
        "sec-ch-ua": "",
        "sec-ch-ua-mobile": "?0",
        "sec-ch-ua-platform": "",
        "Sec-Fetch-Dest": "empty",
        "Sec-Fetch-Mode": "cors",
        "Sec-Fetch-Site": "same-site",
        "User-Agent": "Mozilla/5.0 (Windows NT 10.0; Win64; x64) AppleWebKit/537.36 (KHTML, like Gecko) HeadlessChrome/103.0.5058.0 Safari/537.36",
        "x-ms-client-request-id": "sanitized",
        "x-ms-useragent": "azsdk-js-communication-phone-numbers/1.2.0-beta.5 core-rest-pipeline/1.9.3 OS/Win32"
      },
      "RequestBody": null,
      "StatusCode": 200,
      "ResponseHeaders": {
        "api-supported-versions": "2021-03-07, 2022-01-11-preview2, 2022-06-01-preview, 2022-12-01",
        "Content-Type": "application/json; charset=utf-8",
        "Date": "Thu, 08 Sep 2022 23:22:46 GMT",
        "MS-CV": "PXpL8BkW\u002BUamuwp2kh80Cg.0",
        "Strict-Transport-Security": "max-age=2592000",
        "Transfer-Encoding": "chunked",
        "X-Azure-Ref": "0RnkaYwAAAACDej\u002Be1MnBRL7Ko9eSPl2BUFJHMDFFREdFMDkwOAA5ZmM3YjUxOS1hOGNjLTRmODktOTM1ZS1jOTE0OGFlMDllODE=",
        "X-Cache": "CONFIG_NOCACHE",
        "X-Processing-Time": "707ms"
      },
      "ResponseBody": {
        "operationType": "purchase",
        "status": "succeeded",
        "resourceLocation": null,
        "createdDateTime": "2022-09-08T23:22:09.1555954\u002B00:00",
        "id": "purchase_sanitized",
        "lastActionDateTime": "0001-01-01T00:00:00\u002B00:00"
      }
    },
    {
      "RequestUri": "https://endpoint/phoneNumbers/%2B14155550100?api-version=2022-06-01-preview",
      "RequestMethod": "GET",
      "RequestHeaders": {
        "Accept": "application/json",
        "Accept-Encoding": "gzip, deflate, br",
        "Accept-Language": "en-US",
        "Authorization": "Sanitized",
        "Connection": "keep-alive",
        "Referer": "http://localhost:9876/",
        "sec-ch-ua": "",
        "sec-ch-ua-mobile": "?0",
        "sec-ch-ua-platform": "",
        "Sec-Fetch-Dest": "empty",
        "Sec-Fetch-Mode": "cors",
        "Sec-Fetch-Site": "same-site",
        "User-Agent": "Mozilla/5.0 (Windows NT 10.0; Win64; x64) AppleWebKit/537.36 (KHTML, like Gecko) HeadlessChrome/103.0.5058.0 Safari/537.36",
        "x-ms-client-request-id": "sanitized",
        "x-ms-useragent": "azsdk-js-communication-phone-numbers/1.2.0-beta.5 core-rest-pipeline/1.9.3 OS/Win32"
      },
      "RequestBody": null,
      "StatusCode": 200,
      "ResponseHeaders": {
        "api-supported-versions": "2021-03-07, 2022-01-11-preview2, 2022-06-01-preview, 2022-12-01",
        "Content-Type": "application/json; charset=utf-8",
        "Date": "Thu, 08 Sep 2022 23:22:49 GMT",
        "MS-CV": "AkL9OlLBvkGPP24cpS38Jg.0",
        "Strict-Transport-Security": "max-age=2592000",
        "Transfer-Encoding": "chunked",
        "X-Azure-Ref": "0R3kaYwAAAACI3AjMKuJDTLJJ2E7qckRjUFJHMDFFREdFMDkwOAA5ZmM3YjUxOS1hOGNjLTRmODktOTM1ZS1jOTE0OGFlMDllODE=",
        "X-Cache": "CONFIG_NOCACHE",
        "X-Processing-Time": "2665ms"
      },
      "ResponseBody": {
        "id": "14155550100",
        "phoneNumber": "\u002B14155550100",
        "countryCode": "US",
        "phoneNumberType": "tollFree",
        "capabilities": {
          "calling": "none",
          "sms": "inbound\u002Boutbound"
        },
        "assignmentType": "application",
        "purchaseDate": "2022-09-08T23:22:42.9916151\u002B00:00",
        "cost": {
          "amount": 2.0,
          "currencyCode": "USD",
          "billingFrequency": "monthly"
        },
        "operatorId": "sanitized",
        "operatorName": "Microsoft",
        "phoneNumberSource": "cloud"
      }
    },
    {
      "RequestUri": "https://endpoint/phoneNumbers/%2B14155550100?api-version=2022-06-01-preview",
      "RequestMethod": "DELETE",
      "RequestHeaders": {
        "Accept": "application/json",
        "Accept-Encoding": "gzip, deflate, br",
        "Accept-Language": "en-US",
        "Authorization": "Sanitized",
        "Connection": "keep-alive",
        "Referer": "http://localhost:9876/",
        "sec-ch-ua": "",
        "sec-ch-ua-mobile": "?0",
        "sec-ch-ua-platform": "",
        "Sec-Fetch-Dest": "empty",
        "Sec-Fetch-Mode": "cors",
        "Sec-Fetch-Site": "same-site",
        "User-Agent": "Mozilla/5.0 (Windows NT 10.0; Win64; x64) AppleWebKit/537.36 (KHTML, like Gecko) HeadlessChrome/103.0.5058.0 Safari/537.36",
        "x-ms-client-request-id": "sanitized",
        "x-ms-useragent": "azsdk-js-communication-phone-numbers/1.2.0-beta.5 core-rest-pipeline/1.9.3 OS/Win32"
      },
      "RequestBody": null,
      "StatusCode": 202,
      "ResponseHeaders": {
        "Access-Control-Expose-Headers": "Operation-Location,operation-id,release-id",
        "api-supported-versions": "2021-03-07, 2022-01-11-preview2, 2022-06-01-preview, 2022-12-01",
        "Content-Length": "0",
        "Date": "Thu, 08 Sep 2022 23:22:53 GMT",
        "MS-CV": "qccHq6FYgECcllP9Yw46dA.0",
        "operation-id": "release_sanitized",
        "Operation-Location": "/phoneNumbers/operations/release_sanitized?api-version=2022-06-01-preview",
        "release-id": "sanitized",
        "Strict-Transport-Security": "max-age=2592000",
        "X-Azure-Ref": "0SnkaYwAAAABMGYxN\u002B0ypSZnPyJCiCeyiUFJHMDFFREdFMDkwOAA5ZmM3YjUxOS1hOGNjLTRmODktOTM1ZS1jOTE0OGFlMDllODE=",
        "X-Cache": "CONFIG_NOCACHE",
        "X-Processing-Time": "2722ms"
      },
      "ResponseBody": null
    },
    {
      "RequestUri": "https://endpoint/phoneNumbers/operations/release_sanitized?api-version=2022-06-01-preview",
      "RequestMethod": "GET",
      "RequestHeaders": {
        "Accept": "application/json",
        "Accept-Encoding": "gzip, deflate, br",
        "Accept-Language": "en-US",
        "Authorization": "Sanitized",
        "Connection": "keep-alive",
        "Referer": "http://localhost:9876/",
        "sec-ch-ua": "",
        "sec-ch-ua-mobile": "?0",
        "sec-ch-ua-platform": "",
        "Sec-Fetch-Dest": "empty",
        "Sec-Fetch-Mode": "cors",
        "Sec-Fetch-Site": "same-site",
        "User-Agent": "Mozilla/5.0 (Windows NT 10.0; Win64; x64) AppleWebKit/537.36 (KHTML, like Gecko) HeadlessChrome/103.0.5058.0 Safari/537.36",
        "x-ms-client-request-id": "sanitized",
        "x-ms-useragent": "azsdk-js-communication-phone-numbers/1.2.0-beta.5 core-rest-pipeline/1.9.3 OS/Win32"
      },
      "RequestBody": null,
      "StatusCode": 200,
      "ResponseHeaders": {
        "api-supported-versions": "2021-03-07, 2022-01-11-preview2, 2022-06-01-preview, 2022-12-01",
        "Content-Type": "application/json; charset=utf-8",
        "Date": "Thu, 08 Sep 2022 23:22:54 GMT",
        "MS-CV": "iJcBtBVdwUWvGSiBAVhE5g.0",
        "Strict-Transport-Security": "max-age=2592000",
        "Transfer-Encoding": "chunked",
        "X-Azure-Ref": "0TXkaYwAAAAB6i16snQDpT43IItnZbtkWUFJHMDFFREdFMDkwOAA5ZmM3YjUxOS1hOGNjLTRmODktOTM1ZS1jOTE0OGFlMDllODE=",
        "X-Cache": "CONFIG_NOCACHE",
        "X-Processing-Time": "691ms"
      },
      "ResponseBody": {
        "operationType": "releasePhoneNumber",
        "status": "running",
        "resourceLocation": null,
        "createdDateTime": "2022-09-08T23:22:51.2906304\u002B00:00",
        "id": "release_sanitized",
        "lastActionDateTime": "0001-01-01T00:00:00\u002B00:00"
      }
    },
    {
      "RequestUri": "https://endpoint/phoneNumbers/operations/release_sanitized?api-version=2022-06-01-preview",
      "RequestMethod": "GET",
      "RequestHeaders": {
        "Accept": "application/json",
        "Accept-Encoding": "gzip, deflate, br",
        "Accept-Language": "en-US",
        "Authorization": "Sanitized",
        "Connection": "keep-alive",
        "Referer": "http://localhost:9876/",
        "sec-ch-ua": "",
        "sec-ch-ua-mobile": "?0",
        "sec-ch-ua-platform": "",
        "Sec-Fetch-Dest": "empty",
        "Sec-Fetch-Mode": "cors",
        "Sec-Fetch-Site": "same-site",
        "User-Agent": "Mozilla/5.0 (Windows NT 10.0; Win64; x64) AppleWebKit/537.36 (KHTML, like Gecko) HeadlessChrome/103.0.5058.0 Safari/537.36",
        "x-ms-client-request-id": "sanitized",
        "x-ms-useragent": "azsdk-js-communication-phone-numbers/1.2.0-beta.5 core-rest-pipeline/1.9.3 OS/Win32"
      },
      "RequestBody": null,
      "StatusCode": 200,
      "ResponseHeaders": {
        "api-supported-versions": "2021-03-07, 2022-01-11-preview2, 2022-06-01-preview, 2022-12-01",
        "Content-Type": "application/json; charset=utf-8",
        "Date": "Thu, 08 Sep 2022 23:22:54 GMT",
        "MS-CV": "qa1i2r2HGUy2p1qskBi8Bg.0",
        "Strict-Transport-Security": "max-age=2592000",
        "Transfer-Encoding": "chunked",
        "X-Azure-Ref": "0TnkaYwAAAAA9\u002BxAZxnDfQ4MuW6GK3Cd8UFJHMDFFREdFMDkwOAA5ZmM3YjUxOS1hOGNjLTRmODktOTM1ZS1jOTE0OGFlMDllODE=",
        "X-Cache": "CONFIG_NOCACHE",
        "X-Processing-Time": "637ms"
      },
      "ResponseBody": {
        "operationType": "releasePhoneNumber",
        "status": "running",
        "resourceLocation": null,
        "createdDateTime": "2022-09-08T23:22:51.2906304\u002B00:00",
        "id": "release_sanitized",
        "lastActionDateTime": "0001-01-01T00:00:00\u002B00:00"
      }
    },
    {
      "RequestUri": "https://endpoint/phoneNumbers/operations/release_sanitized?api-version=2022-06-01-preview",
      "RequestMethod": "GET",
      "RequestHeaders": {
        "Accept": "application/json",
        "Accept-Encoding": "gzip, deflate, br",
        "Accept-Language": "en-US",
        "Authorization": "Sanitized",
        "Connection": "keep-alive",
        "Referer": "http://localhost:9876/",
        "sec-ch-ua": "",
        "sec-ch-ua-mobile": "?0",
        "sec-ch-ua-platform": "",
        "Sec-Fetch-Dest": "empty",
        "Sec-Fetch-Mode": "cors",
        "Sec-Fetch-Site": "same-site",
        "User-Agent": "Mozilla/5.0 (Windows NT 10.0; Win64; x64) AppleWebKit/537.36 (KHTML, like Gecko) HeadlessChrome/103.0.5058.0 Safari/537.36",
        "x-ms-client-request-id": "sanitized",
        "x-ms-useragent": "azsdk-js-communication-phone-numbers/1.2.0-beta.5 core-rest-pipeline/1.9.3 OS/Win32"
      },
      "RequestBody": null,
      "StatusCode": 200,
      "ResponseHeaders": {
        "api-supported-versions": "2021-03-07, 2022-01-11-preview2, 2022-06-01-preview, 2022-12-01",
        "Content-Type": "application/json; charset=utf-8",
        "Date": "Thu, 08 Sep 2022 23:22:57 GMT",
        "MS-CV": "gtkbsKCoxEuWFl3ISHcLCg.0",
        "Strict-Transport-Security": "max-age=2592000",
        "Transfer-Encoding": "chunked",
        "X-Azure-Ref": "0UHkaYwAAAADa51gYvtZpRZQhRyEGDd60UFJHMDFFREdFMDkwOAA5ZmM3YjUxOS1hOGNjLTRmODktOTM1ZS1jOTE0OGFlMDllODE=",
        "X-Cache": "CONFIG_NOCACHE",
        "X-Processing-Time": "600ms"
      },
      "ResponseBody": {
        "operationType": "releasePhoneNumber",
        "status": "running",
        "resourceLocation": null,
        "createdDateTime": "2022-09-08T23:22:51.2906304\u002B00:00",
        "id": "release_sanitized",
        "lastActionDateTime": "0001-01-01T00:00:00\u002B00:00"
      }
    },
    {
      "RequestUri": "https://endpoint/phoneNumbers/operations/release_sanitized?api-version=2022-06-01-preview",
      "RequestMethod": "GET",
      "RequestHeaders": {
        "Accept": "application/json",
        "Accept-Encoding": "gzip, deflate, br",
        "Accept-Language": "en-US",
        "Authorization": "Sanitized",
        "Connection": "keep-alive",
        "Referer": "http://localhost:9876/",
        "sec-ch-ua": "",
        "sec-ch-ua-mobile": "?0",
        "sec-ch-ua-platform": "",
        "Sec-Fetch-Dest": "empty",
        "Sec-Fetch-Mode": "cors",
        "Sec-Fetch-Site": "same-site",
        "User-Agent": "Mozilla/5.0 (Windows NT 10.0; Win64; x64) AppleWebKit/537.36 (KHTML, like Gecko) HeadlessChrome/103.0.5058.0 Safari/537.36",
        "x-ms-client-request-id": "sanitized",
        "x-ms-useragent": "azsdk-js-communication-phone-numbers/1.2.0-beta.5 core-rest-pipeline/1.9.3 OS/Win32"
      },
      "RequestBody": null,
      "StatusCode": 200,
      "ResponseHeaders": {
        "api-supported-versions": "2021-03-07, 2022-01-11-preview2, 2022-06-01-preview, 2022-12-01",
        "Content-Type": "application/json; charset=utf-8",
        "Date": "Thu, 08 Sep 2022 23:23:00 GMT",
        "MS-CV": "HQY7j8/3dkOtnaoh/EmroQ.0",
        "Strict-Transport-Security": "max-age=2592000",
        "Transfer-Encoding": "chunked",
        "X-Azure-Ref": "0U3kaYwAAAADN30fgc9GeRpVFwTorf/YtUFJHMDFFREdFMDkwOAA5ZmM3YjUxOS1hOGNjLTRmODktOTM1ZS1jOTE0OGFlMDllODE=",
        "X-Cache": "CONFIG_NOCACHE",
        "X-Processing-Time": "696ms"
      },
      "ResponseBody": {
        "operationType": "releasePhoneNumber",
        "status": "succeeded",
        "resourceLocation": null,
        "createdDateTime": "2022-09-08T23:22:51.2906304\u002B00:00",
        "id": "release_sanitized",
        "lastActionDateTime": "0001-01-01T00:00:00\u002B00:00"
      }
    }
  ],
  "Variables": {}
}
