{
  "Entries": [
    {
      "RequestUri": "https://endpoint/availablePhoneNumbers/countries/US/:search?api-version=2022-12-01",
      "RequestMethod": "POST",
      "RequestHeaders": {
        "Accept": "application/json",
        "Accept-Encoding": "gzip, deflate, br",
        "Accept-Language": "en-US",
        "Authorization": "Sanitized",
        "Connection": "keep-alive",
        "Content-Length": "133",
        "Content-Type": "application/json",
        "Referer": "http://localhost:9876/",
        "sec-ch-ua": "",
        "sec-ch-ua-mobile": "?0",
        "sec-ch-ua-platform": "\u0022\u0022",
        "Sec-Fetch-Dest": "empty",
        "Sec-Fetch-Mode": "cors",
        "Sec-Fetch-Site": "same-site",
        "User-Agent": "Mozilla/5.0 (Windows NT 10.0; Win64; x64) AppleWebKit/537.36 (KHTML, like Gecko) HeadlessChrome/112.0.5614.0 Safari/537.36",
        "x-ms-client-request-id": "sanitized",
        "x-ms-useragent": "fake-useragent"
      },
      "RequestBody": {
        "phoneNumberType": "tollFree",
        "assignmentType": "application",
        "capabilities": {
          "calling": "none",
          "sms": "inbound\u002Boutbound"
        },
        "quantity": 1
      },
      "StatusCode": 202,
      "ResponseHeaders": {
        "Access-Control-Expose-Headers": "Location,Operation-Location,operation-id,search-id",
        "api-supported-versions": "2021-03-07, 2022-01-11-preview2, 2022-06-01-preview, 2022-12-01, 2022-12-02-preview2, 2023-05-01-preview, 2023-10-01-preview, 2024-01-31-preview",
        "Content-Length": "0",
        "Date": "Wed, 22 Nov 2023 10:38:46 GMT",
        "Location": "/availablePhoneNumbers/searchResults/sanitized?api-version=2022-12-01",
        "MS-CV": "eguLaWsm5kqIP3bVphIhbg.0",
        "operation-id": "search_sanitized",
        "Operation-Location": "/phoneNumbers/operations/search_sanitized?api-version=2022-12-01",
        "search-id": "sanitized",
        "Strict-Transport-Security": "max-age=2592000",
        "X-Azure-Ref": "0NtpdZQAAAACOSZ618XLkTZfM6yxV1g2IUFJHMDFFREdFMDkwNwA5ZmM3YjUxOS1hOGNjLTRmODktOTM1ZS1jOTE0OGFlMDllODE=",
        "X-Cache": "CONFIG_NOCACHE",
        "X-Processing-Time": "1589ms"
      },
      "ResponseBody": null
    },
    {
      "RequestUri": "https://endpoint/phoneNumbers/operations/search_sanitized?api-version=2022-12-01",
      "RequestMethod": "GET",
      "RequestHeaders": {
        "Accept": "application/json",
        "Accept-Encoding": "gzip, deflate, br",
        "Accept-Language": "en-US",
        "Authorization": "Sanitized",
        "Connection": "keep-alive",
        "Content-Type": "application/json",
        "Referer": "http://localhost:9876/",
        "sec-ch-ua": "",
        "sec-ch-ua-mobile": "?0",
        "sec-ch-ua-platform": "\u0022\u0022",
        "Sec-Fetch-Dest": "empty",
        "Sec-Fetch-Mode": "cors",
        "Sec-Fetch-Site": "same-site",
        "User-Agent": "Mozilla/5.0 (Windows NT 10.0; Win64; x64) AppleWebKit/537.36 (KHTML, like Gecko) HeadlessChrome/112.0.5614.0 Safari/537.36",
        "x-ms-client-request-id": "sanitized",
        "x-ms-useragent": "fake-useragent"
      },
      "RequestBody": null,
      "StatusCode": 200,
      "ResponseHeaders": {
        "Access-Control-Expose-Headers": "Location",
        "api-supported-versions": "2021-03-07, 2022-01-11-preview2, 2022-06-01-preview, 2022-11-15-preview, 2022-12-01, 2022-12-02-preview2, 2023-05-01-preview, 2023-10-01-preview, 2024-01-31-preview",
        "Content-Type": "application/json; charset=utf-8",
        "Date": "Wed, 22 Nov 2023 10:38:47 GMT",
        "Location": "/availablePhoneNumbers/searchResults/sanitized?api-version=2022-12-01",
        "MS-CV": "RdlsiKnIP0ituf8Q7midlg.0",
        "Strict-Transport-Security": "max-age=2592000",
        "Transfer-Encoding": "chunked",
        "X-Azure-Ref": "0N9pdZQAAAAD8L9xEfskdSaKEDNEfu/D7UFJHMDFFREdFMDkwNwA5ZmM3YjUxOS1hOGNjLTRmODktOTM1ZS1jOTE0OGFlMDllODE=",
        "X-Cache": "CONFIG_NOCACHE",
        "X-Processing-Time": "483ms"
      },
      "ResponseBody": {
        "operationType": "search",
        "status": "running",
        "resourceLocation": "/availablePhoneNumbers/searchResults/sanitized?api-version=2022-12-01",
        "createdDateTime": "2023-11-22T10:38:47.3297754\u002B00:00",
        "id": "search_sanitized",
        "lastActionDateTime": "0001-01-01T00:00:00\u002B00:00"
      }
    },
    {
      "RequestUri": "https://endpoint/phoneNumbers/operations/search_sanitized?api-version=2022-12-01",
      "RequestMethod": "GET",
      "RequestHeaders": {
        "Accept": "application/json",
        "Accept-Encoding": "gzip, deflate, br",
        "Accept-Language": "en-US",
        "Authorization": "Sanitized",
        "Connection": "keep-alive",
        "Content-Type": "application/json",
        "Referer": "http://localhost:9876/",
        "sec-ch-ua": "",
        "sec-ch-ua-mobile": "?0",
        "sec-ch-ua-platform": "\u0022\u0022",
        "Sec-Fetch-Dest": "empty",
        "Sec-Fetch-Mode": "cors",
        "Sec-Fetch-Site": "same-site",
        "User-Agent": "Mozilla/5.0 (Windows NT 10.0; Win64; x64) AppleWebKit/537.36 (KHTML, like Gecko) HeadlessChrome/112.0.5614.0 Safari/537.36",
        "x-ms-client-request-id": "sanitized",
        "x-ms-useragent": "fake-useragent"
      },
      "RequestBody": null,
      "StatusCode": 200,
      "ResponseHeaders": {
        "Access-Control-Expose-Headers": "Location",
        "api-supported-versions": "2021-03-07, 2022-01-11-preview2, 2022-06-01-preview, 2022-11-15-preview, 2022-12-01, 2022-12-02-preview2, 2023-05-01-preview, 2023-10-01-preview, 2024-01-31-preview",
        "Content-Type": "application/json; charset=utf-8",
        "Date": "Wed, 22 Nov 2023 10:38:47 GMT",
        "Location": "/availablePhoneNumbers/searchResults/sanitized?api-version=2022-12-01",
        "MS-CV": "/2t34hgBn0Se6hphjqb//w.0",
        "Strict-Transport-Security": "max-age=2592000",
        "Transfer-Encoding": "chunked",
        "X-Azure-Ref": "0ONpdZQAAAABu2YbK6JDeT6pPy93mL5DXUFJHMDFFREdFMDkwNwA5ZmM3YjUxOS1hOGNjLTRmODktOTM1ZS1jOTE0OGFlMDllODE=",
        "X-Cache": "CONFIG_NOCACHE",
        "X-Processing-Time": "495ms"
      },
      "ResponseBody": {
        "operationType": "search",
        "status": "running",
        "resourceLocation": "/availablePhoneNumbers/searchResults/sanitized?api-version=2022-12-01",
        "createdDateTime": "2023-11-22T10:38:47.3297754\u002B00:00",
        "id": "search_sanitized",
        "lastActionDateTime": "0001-01-01T00:00:00\u002B00:00"
      }
    },
    {
      "RequestUri": "https://endpoint/phoneNumbers/operations/search_sanitized?api-version=2022-12-01",
      "RequestMethod": "GET",
      "RequestHeaders": {
        "Accept": "application/json",
        "Accept-Encoding": "gzip, deflate, br",
        "Accept-Language": "en-US",
        "Authorization": "Sanitized",
        "Connection": "keep-alive",
        "Content-Type": "application/json",
        "Referer": "http://localhost:9876/",
        "sec-ch-ua": "",
        "sec-ch-ua-mobile": "?0",
        "sec-ch-ua-platform": "\u0022\u0022",
        "Sec-Fetch-Dest": "empty",
        "Sec-Fetch-Mode": "cors",
        "Sec-Fetch-Site": "same-site",
        "User-Agent": "Mozilla/5.0 (Windows NT 10.0; Win64; x64) AppleWebKit/537.36 (KHTML, like Gecko) HeadlessChrome/112.0.5614.0 Safari/537.36",
        "x-ms-client-request-id": "sanitized",
        "x-ms-useragent": "fake-useragent"
      },
      "RequestBody": null,
      "StatusCode": 200,
      "ResponseHeaders": {
        "Access-Control-Expose-Headers": "Location",
        "api-supported-versions": "2021-03-07, 2022-01-11-preview2, 2022-06-01-preview, 2022-11-15-preview, 2022-12-01, 2022-12-02-preview2, 2023-05-01-preview, 2023-10-01-preview, 2024-01-31-preview",
        "Content-Type": "application/json; charset=utf-8",
        "Date": "Wed, 22 Nov 2023 10:38:51 GMT",
        "Location": "/availablePhoneNumbers/searchResults/sanitized?api-version=2022-12-01",
        "MS-CV": "RdGdc1Xn30maIzveNAgnGQ.0",
        "Strict-Transport-Security": "max-age=2592000",
        "Transfer-Encoding": "chunked",
        "X-Azure-Ref": "0OtpdZQAAAACILLVNeEzISLLKikcT5iX1UFJHMDFFREdFMDkwNwA5ZmM3YjUxOS1hOGNjLTRmODktOTM1ZS1jOTE0OGFlMDllODE=",
        "X-Cache": "CONFIG_NOCACHE",
        "X-Processing-Time": "1533ms"
      },
      "ResponseBody": {
        "operationType": "search",
        "status": "succeeded",
        "resourceLocation": "/availablePhoneNumbers/searchResults/sanitized?api-version=2022-12-01",
        "createdDateTime": "2023-11-22T10:38:47.3297754\u002B00:00",
        "id": "search_sanitized",
        "lastActionDateTime": "0001-01-01T00:00:00\u002B00:00"
      }
    },
    {
      "RequestUri": "https://endpoint/availablePhoneNumbers/searchResults/sanitized?api-version=2022-12-01",
      "RequestMethod": "GET",
      "RequestHeaders": {
        "Accept": "application/json",
        "Accept-Encoding": "gzip, deflate, br",
        "Accept-Language": "en-US",
        "Authorization": "Sanitized",
        "Connection": "keep-alive",
        "Content-Type": "application/json",
        "Referer": "http://localhost:9876/",
        "sec-ch-ua": "",
        "sec-ch-ua-mobile": "?0",
        "sec-ch-ua-platform": "\u0022\u0022",
        "Sec-Fetch-Dest": "empty",
        "Sec-Fetch-Mode": "cors",
        "Sec-Fetch-Site": "same-site",
        "User-Agent": "Mozilla/5.0 (Windows NT 10.0; Win64; x64) AppleWebKit/537.36 (KHTML, like Gecko) HeadlessChrome/112.0.5614.0 Safari/537.36",
        "x-ms-client-request-id": "sanitized",
        "x-ms-useragent": "fake-useragent"
      },
      "RequestBody": null,
      "StatusCode": 200,
      "ResponseHeaders": {
        "api-supported-versions": "2021-03-07, 2022-01-11-preview2, 2022-06-01-preview, 2022-12-01, 2022-12-02-preview2, 2023-05-01-preview, 2023-10-01-preview, 2024-01-31-preview",
        "Content-Length": "319",
        "Content-Type": "application/json; charset=utf-8",
        "Date": "Wed, 22 Nov 2023 10:38:52 GMT",
        "MS-CV": "TpLt4nFJ6kuhKUnUidxRMQ.0",
        "Strict-Transport-Security": "max-age=2592000",
        "X-Azure-Ref": "0PNpdZQAAAABhr6fiHTxJTLJzQIbhhzMRUFJHMDFFREdFMDkwNwA5ZmM3YjUxOS1hOGNjLTRmODktOTM1ZS1jOTE0OGFlMDllODE=",
        "X-Cache": "CONFIG_NOCACHE",
        "X-Processing-Time": "851ms"
      },
      "ResponseBody": {
        "searchId": "sanitized",
        "phoneNumbers": [
          "\u002B14155550100"
        ],
        "phoneNumberType": "tollFree",
        "assignmentType": "application",
        "capabilities": {
          "calling": "none",
          "sms": "inbound\u002Boutbound"
        },
        "cost": {
          "amount": 2.0,
          "currencyCode": "USD",
          "billingFrequency": "monthly"
        },
        "searchExpiresBy": "2023-11-22T10:54:50.1165146\u002B00:00",
        "error": "NoError"
      }
    },
    {
      "RequestUri": "https://endpoint/availablePhoneNumbers/:purchase?api-version=2022-12-01",
      "RequestMethod": "POST",
      "RequestHeaders": {
        "Accept": "application/json",
        "Accept-Encoding": "gzip, deflate, br",
        "Accept-Language": "en-US",
        "Authorization": "Sanitized",
        "Connection": "keep-alive",
        "Content-Length": "24",
        "Content-Type": "application/json",
        "Referer": "http://localhost:9876/",
        "sec-ch-ua": "",
        "sec-ch-ua-mobile": "?0",
        "sec-ch-ua-platform": "\u0022\u0022",
        "Sec-Fetch-Dest": "empty",
        "Sec-Fetch-Mode": "cors",
        "Sec-Fetch-Site": "same-site",
        "User-Agent": "Mozilla/5.0 (Windows NT 10.0; Win64; x64) AppleWebKit/537.36 (KHTML, like Gecko) HeadlessChrome/112.0.5614.0 Safari/537.36",
        "x-ms-client-request-id": "sanitized",
        "x-ms-useragent": "fake-useragent"
      },
      "RequestBody": {
        "searchId": "sanitized"
      },
      "StatusCode": 202,
      "ResponseHeaders": {
        "Access-Control-Expose-Headers": "Operation-Location,operation-id,purchase-id",
        "api-supported-versions": "2021-03-07, 2022-01-11-preview2, 2022-06-01-preview, 2022-12-01, 2022-12-02-preview2, 2023-05-01-preview, 2023-10-01-preview, 2024-01-31-preview",
        "Content-Length": "0",
        "Date": "Wed, 22 Nov 2023 10:38:54 GMT",
        "MS-CV": "\u002B84HIXcSmUuV\u002BHduB\u002BEVLw.0",
        "operation-id": "purchase_sanitized",
        "Operation-Location": "/phoneNumbers/operations/purchase_sanitized?api-version=2022-12-01",
        "purchase-id": "sanitized",
        "Strict-Transport-Security": "max-age=2592000",
        "X-Azure-Ref": "0PdpdZQAAAAA/UNhF3qBKSoTgASalRA8vUFJHMDFFREdFMDkwNwA5ZmM3YjUxOS1hOGNjLTRmODktOTM1ZS1jOTE0OGFlMDllODE=",
        "X-Cache": "CONFIG_NOCACHE",
        "X-Processing-Time": "2493ms"
      },
      "ResponseBody": null
    },
    {
      "RequestUri": "https://endpoint/phoneNumbers/operations/purchase_sanitized?api-version=2022-12-01",
      "RequestMethod": "GET",
      "RequestHeaders": {
        "Accept": "application/json",
        "Accept-Encoding": "gzip, deflate, br",
        "Accept-Language": "en-US",
        "Authorization": "Sanitized",
        "Connection": "keep-alive",
        "Content-Type": "application/json",
        "Referer": "http://localhost:9876/",
        "sec-ch-ua": "",
        "sec-ch-ua-mobile": "?0",
        "sec-ch-ua-platform": "\u0022\u0022",
        "Sec-Fetch-Dest": "empty",
        "Sec-Fetch-Mode": "cors",
        "Sec-Fetch-Site": "same-site",
        "User-Agent": "Mozilla/5.0 (Windows NT 10.0; Win64; x64) AppleWebKit/537.36 (KHTML, like Gecko) HeadlessChrome/112.0.5614.0 Safari/537.36",
        "x-ms-client-request-id": "sanitized",
        "x-ms-useragent": "fake-useragent"
      },
      "RequestBody": null,
      "StatusCode": 200,
      "ResponseHeaders": {
        "api-supported-versions": "2021-03-07, 2022-01-11-preview2, 2022-06-01-preview, 2022-11-15-preview, 2022-12-01, 2022-12-02-preview2, 2023-05-01-preview, 2023-10-01-preview, 2024-01-31-preview",
        "Content-Type": "application/json; charset=utf-8",
        "Date": "Wed, 22 Nov 2023 10:38:55 GMT",
        "MS-CV": "5oCI6qVll0KbGKTywmNX6g.0",
        "Strict-Transport-Security": "max-age=2592000",
        "Transfer-Encoding": "chunked",
        "X-Azure-Ref": "0P9pdZQAAAAA2cm8m8Z7pRo0A2K2GbYTWUFJHMDFFREdFMDkwNwA5ZmM3YjUxOS1hOGNjLTRmODktOTM1ZS1jOTE0OGFlMDllODE=",
        "X-Cache": "CONFIG_NOCACHE",
        "X-Processing-Time": "499ms"
      },
      "ResponseBody": {
        "operationType": "purchase",
        "status": "running",
        "resourceLocation": null,
        "createdDateTime": "2023-11-22T10:38:47.3297754\u002B00:00",
        "id": "purchase_sanitized",
        "lastActionDateTime": "0001-01-01T00:00:00\u002B00:00"
      }
    },
    {
      "RequestUri": "https://endpoint/phoneNumbers/operations/purchase_sanitized?api-version=2022-12-01",
      "RequestMethod": "GET",
      "RequestHeaders": {
        "Accept": "application/json",
        "Accept-Encoding": "gzip, deflate, br",
        "Accept-Language": "en-US",
        "Authorization": "Sanitized",
        "Connection": "keep-alive",
        "Content-Type": "application/json",
        "Referer": "http://localhost:9876/",
        "sec-ch-ua": "",
        "sec-ch-ua-mobile": "?0",
        "sec-ch-ua-platform": "\u0022\u0022",
        "Sec-Fetch-Dest": "empty",
        "Sec-Fetch-Mode": "cors",
        "Sec-Fetch-Site": "same-site",
        "User-Agent": "Mozilla/5.0 (Windows NT 10.0; Win64; x64) AppleWebKit/537.36 (KHTML, like Gecko) HeadlessChrome/112.0.5614.0 Safari/537.36",
        "x-ms-client-request-id": "sanitized",
        "x-ms-useragent": "fake-useragent"
      },
      "RequestBody": null,
      "StatusCode": 200,
      "ResponseHeaders": {
        "api-supported-versions": "2021-03-07, 2022-01-11-preview2, 2022-06-01-preview, 2022-11-15-preview, 2022-12-01, 2022-12-02-preview2, 2023-05-01-preview, 2023-10-01-preview, 2024-01-31-preview",
        "Content-Type": "application/json; charset=utf-8",
        "Date": "Wed, 22 Nov 2023 10:38:56 GMT",
        "MS-CV": "iGnVS8QQ/kSiLRZ1ttquJg.0",
        "Strict-Transport-Security": "max-age=2592000",
        "Transfer-Encoding": "chunked",
        "X-Azure-Ref": "0QNpdZQAAAADZVKGb9ux0TZuvMGrw8Uc4UFJHMDFFREdFMDkwNwA5ZmM3YjUxOS1hOGNjLTRmODktOTM1ZS1jOTE0OGFlMDllODE=",
        "X-Cache": "CONFIG_NOCACHE",
        "X-Processing-Time": "514ms"
      },
      "ResponseBody": {
        "operationType": "purchase",
        "status": "running",
        "resourceLocation": null,
        "createdDateTime": "2023-11-22T10:38:47.3297754\u002B00:00",
        "id": "purchase_sanitized",
        "lastActionDateTime": "0001-01-01T00:00:00\u002B00:00"
      }
    },
    {
      "RequestUri": "https://endpoint/phoneNumbers/operations/purchase_sanitized?api-version=2022-12-01",
      "RequestMethod": "GET",
      "RequestHeaders": {
        "Accept": "application/json",
        "Accept-Encoding": "gzip, deflate, br",
        "Accept-Language": "en-US",
        "Authorization": "Sanitized",
        "Connection": "keep-alive",
        "Content-Type": "application/json",
        "Referer": "http://localhost:9876/",
        "sec-ch-ua": "",
        "sec-ch-ua-mobile": "?0",
        "sec-ch-ua-platform": "\u0022\u0022",
        "Sec-Fetch-Dest": "empty",
        "Sec-Fetch-Mode": "cors",
        "Sec-Fetch-Site": "same-site",
        "User-Agent": "Mozilla/5.0 (Windows NT 10.0; Win64; x64) AppleWebKit/537.36 (KHTML, like Gecko) HeadlessChrome/112.0.5614.0 Safari/537.36",
        "x-ms-client-request-id": "sanitized",
        "x-ms-useragent": "fake-useragent"
      },
      "RequestBody": null,
      "StatusCode": 200,
      "ResponseHeaders": {
        "api-supported-versions": "2021-03-07, 2022-01-11-preview2, 2022-06-01-preview, 2022-11-15-preview, 2022-12-01, 2022-12-02-preview2, 2023-05-01-preview, 2023-10-01-preview, 2024-01-31-preview",
        "Content-Type": "application/json; charset=utf-8",
        "Date": "Wed, 22 Nov 2023 10:38:58 GMT",
        "MS-CV": "l/E47FDteUWULeOCw7vKZA.0",
        "Strict-Transport-Security": "max-age=2592000",
        "Transfer-Encoding": "chunked",
        "X-Azure-Ref": "0Q9pdZQAAAAB24CFlahANQJZqlkwcP5wwUFJHMDFFREdFMDkwNwA5ZmM3YjUxOS1hOGNjLTRmODktOTM1ZS1jOTE0OGFlMDllODE=",
        "X-Cache": "CONFIG_NOCACHE",
        "X-Processing-Time": "546ms"
      },
      "ResponseBody": {
        "operationType": "purchase",
        "status": "notStarted",
        "resourceLocation": null,
        "createdDateTime": "2023-11-22T10:38:47.3297754\u002B00:00",
        "id": "purchase_sanitized",
        "lastActionDateTime": "0001-01-01T00:00:00\u002B00:00"
      }
    },
    {
      "RequestUri": "https://endpoint/phoneNumbers/operations/purchase_sanitized?api-version=2022-12-01",
      "RequestMethod": "GET",
      "RequestHeaders": {
        "Accept": "application/json",
        "Accept-Encoding": "gzip, deflate, br",
        "Accept-Language": "en-US",
        "Authorization": "Sanitized",
        "Connection": "keep-alive",
        "Content-Type": "application/json",
        "Referer": "http://localhost:9876/",
        "sec-ch-ua": "",
        "sec-ch-ua-mobile": "?0",
        "sec-ch-ua-platform": "\u0022\u0022",
        "Sec-Fetch-Dest": "empty",
        "Sec-Fetch-Mode": "cors",
        "Sec-Fetch-Site": "same-site",
        "User-Agent": "Mozilla/5.0 (Windows NT 10.0; Win64; x64) AppleWebKit/537.36 (KHTML, like Gecko) HeadlessChrome/112.0.5614.0 Safari/537.36",
        "x-ms-client-request-id": "sanitized",
        "x-ms-useragent": "fake-useragent"
      },
      "RequestBody": null,
      "StatusCode": 200,
      "ResponseHeaders": {
        "api-supported-versions": "2021-03-07, 2022-01-11-preview2, 2022-06-01-preview, 2022-11-15-preview, 2022-12-01, 2022-12-02-preview2, 2023-05-01-preview, 2023-10-01-preview, 2024-01-31-preview",
        "Content-Type": "application/json; charset=utf-8",
        "Date": "Wed, 22 Nov 2023 10:39:05 GMT",
        "MS-CV": "ReBp9QAXw0udlEtbj6riRA.0",
        "Strict-Transport-Security": "max-age=2592000",
        "Transfer-Encoding": "chunked",
        "X-Azure-Ref": "0RdpdZQAAAACqv7QdWOFnQbpvA2Rvv\u002Bu5UFJHMDFFREdFMDkwNwA5ZmM3YjUxOS1hOGNjLTRmODktOTM1ZS1jOTE0OGFlMDllODE=",
        "X-Cache": "CONFIG_NOCACHE",
        "X-Processing-Time": "4788ms"
      },
      "ResponseBody": {
        "operationType": "purchase",
        "status": "notStarted",
        "resourceLocation": null,
        "createdDateTime": "2023-11-22T10:38:47.3297754\u002B00:00",
        "id": "purchase_sanitized",
        "lastActionDateTime": "0001-01-01T00:00:00\u002B00:00"
      }
    },
    {
      "RequestUri": "https://endpoint/phoneNumbers/operations/purchase_sanitized?api-version=2022-12-01",
      "RequestMethod": "GET",
      "RequestHeaders": {
        "Accept": "application/json",
        "Accept-Encoding": "gzip, deflate, br",
        "Accept-Language": "en-US",
        "Authorization": "Sanitized",
        "Connection": "keep-alive",
        "Content-Type": "application/json",
        "Referer": "http://localhost:9876/",
        "sec-ch-ua": "",
        "sec-ch-ua-mobile": "?0",
        "sec-ch-ua-platform": "\u0022\u0022",
        "Sec-Fetch-Dest": "empty",
        "Sec-Fetch-Mode": "cors",
        "Sec-Fetch-Site": "same-site",
        "User-Agent": "Mozilla/5.0 (Windows NT 10.0; Win64; x64) AppleWebKit/537.36 (KHTML, like Gecko) HeadlessChrome/112.0.5614.0 Safari/537.36",
        "x-ms-client-request-id": "sanitized",
        "x-ms-useragent": "fake-useragent"
      },
      "RequestBody": null,
      "StatusCode": 200,
      "ResponseHeaders": {
        "api-supported-versions": "2021-03-07, 2022-01-11-preview2, 2022-06-01-preview, 2022-11-15-preview, 2022-12-01, 2022-12-02-preview2, 2023-05-01-preview, 2023-10-01-preview, 2024-01-31-preview",
        "Content-Type": "application/json; charset=utf-8",
        "Date": "Wed, 22 Nov 2023 10:39:08 GMT",
        "MS-CV": "tx/bzsJfWUW3ubL\u002BM7ijFA.0",
        "Strict-Transport-Security": "max-age=2592000",
        "Transfer-Encoding": "chunked",
        "X-Azure-Ref": "0TNpdZQAAAACIBHhaOycrS7mr/RVRK6viUFJHMDFFREdFMDkwNwA5ZmM3YjUxOS1hOGNjLTRmODktOTM1ZS1jOTE0OGFlMDllODE=",
        "X-Cache": "CONFIG_NOCACHE",
        "X-Processing-Time": "471ms"
      },
      "ResponseBody": {
        "operationType": "purchase",
        "status": "notStarted",
        "resourceLocation": null,
        "createdDateTime": "2023-11-22T10:38:47.3297754\u002B00:00",
        "id": "purchase_sanitized",
        "lastActionDateTime": "0001-01-01T00:00:00\u002B00:00"
      }
    },
    {
      "RequestUri": "https://endpoint/phoneNumbers/operations/purchase_sanitized?api-version=2022-12-01",
      "RequestMethod": "GET",
      "RequestHeaders": {
        "Accept": "application/json",
        "Accept-Encoding": "gzip, deflate, br",
        "Accept-Language": "en-US",
        "Authorization": "Sanitized",
        "Connection": "keep-alive",
        "Content-Type": "application/json",
        "Referer": "http://localhost:9876/",
        "sec-ch-ua": "",
        "sec-ch-ua-mobile": "?0",
        "sec-ch-ua-platform": "\u0022\u0022",
        "Sec-Fetch-Dest": "empty",
        "Sec-Fetch-Mode": "cors",
        "Sec-Fetch-Site": "same-site",
        "User-Agent": "Mozilla/5.0 (Windows NT 10.0; Win64; x64) AppleWebKit/537.36 (KHTML, like Gecko) HeadlessChrome/112.0.5614.0 Safari/537.36",
        "x-ms-client-request-id": "sanitized",
        "x-ms-useragent": "fake-useragent"
      },
      "RequestBody": null,
      "StatusCode": 200,
      "ResponseHeaders": {
        "api-supported-versions": "2021-03-07, 2022-01-11-preview2, 2022-06-01-preview, 2022-11-15-preview, 2022-12-01, 2022-12-02-preview2, 2023-05-01-preview, 2023-10-01-preview, 2024-01-31-preview",
        "Content-Type": "application/json; charset=utf-8",
        "Date": "Wed, 22 Nov 2023 10:39:11 GMT",
        "MS-CV": "5TPFcxMupE26WhmaHm8Zgg.0",
        "Strict-Transport-Security": "max-age=2592000",
        "Transfer-Encoding": "chunked",
        "X-Azure-Ref": "0T9pdZQAAAAA31O7fTJdJRpY7yLY5QPBQUFJHMDFFREdFMDkwNwA5ZmM3YjUxOS1hOGNjLTRmODktOTM1ZS1jOTE0OGFlMDllODE=",
        "X-Cache": "CONFIG_NOCACHE",
        "X-Processing-Time": "992ms"
      },
      "ResponseBody": {
        "operationType": "purchase",
        "status": "notStarted",
        "resourceLocation": null,
        "createdDateTime": "2023-11-22T10:38:47.3297754\u002B00:00",
        "id": "purchase_sanitized",
        "lastActionDateTime": "0001-01-01T00:00:00\u002B00:00"
      }
    },
    {
      "RequestUri": "https://endpoint/phoneNumbers/operations/purchase_sanitized?api-version=2022-12-01",
      "RequestMethod": "GET",
      "RequestHeaders": {
        "Accept": "application/json",
        "Accept-Encoding": "gzip, deflate, br",
        "Accept-Language": "en-US",
        "Authorization": "Sanitized",
        "Connection": "keep-alive",
        "Content-Type": "application/json",
        "Referer": "http://localhost:9876/",
        "sec-ch-ua": "",
        "sec-ch-ua-mobile": "?0",
        "sec-ch-ua-platform": "\u0022\u0022",
        "Sec-Fetch-Dest": "empty",
        "Sec-Fetch-Mode": "cors",
        "Sec-Fetch-Site": "same-site",
        "User-Agent": "Mozilla/5.0 (Windows NT 10.0; Win64; x64) AppleWebKit/537.36 (KHTML, like Gecko) HeadlessChrome/112.0.5614.0 Safari/537.36",
        "x-ms-client-request-id": "sanitized",
        "x-ms-useragent": "fake-useragent"
      },
      "RequestBody": null,
      "StatusCode": 200,
      "ResponseHeaders": {
        "api-supported-versions": "2021-03-07, 2022-01-11-preview2, 2022-06-01-preview, 2022-11-15-preview, 2022-12-01, 2022-12-02-preview2, 2023-05-01-preview, 2023-10-01-preview, 2024-01-31-preview",
        "Content-Type": "application/json; charset=utf-8",
        "Date": "Wed, 22 Nov 2023 10:39:13 GMT",
        "MS-CV": "ob71Hy12YUyoI/jQJ8ZQbg.0",
        "Strict-Transport-Security": "max-age=2592000",
        "Transfer-Encoding": "chunked",
        "X-Azure-Ref": "0UtpdZQAAAACNmmjaXawITrw2HJSQM\u002B5YUFJHMDFFREdFMDkwNwA5ZmM3YjUxOS1hOGNjLTRmODktOTM1ZS1jOTE0OGFlMDllODE=",
        "X-Cache": "CONFIG_NOCACHE",
        "X-Processing-Time": "481ms"
      },
      "ResponseBody": {
        "operationType": "purchase",
        "status": "succeeded",
        "resourceLocation": null,
        "createdDateTime": "2023-11-22T10:38:47.3297754\u002B00:00",
        "id": "purchase_sanitized",
        "lastActionDateTime": "0001-01-01T00:00:00\u002B00:00"
      }
    },
    {
      "RequestUri": "https://endpoint/phoneNumbers/%2B14155550100?api-version=2022-12-01",
      "RequestMethod": "GET",
      "RequestHeaders": {
        "Accept": "application/json",
        "Accept-Encoding": "gzip, deflate, br",
        "Accept-Language": "en-US",
        "Authorization": "Sanitized",
        "Connection": "keep-alive",
        "Referer": "http://localhost:9876/",
        "sec-ch-ua": "",
        "sec-ch-ua-mobile": "?0",
        "sec-ch-ua-platform": "\u0022\u0022",
        "Sec-Fetch-Dest": "empty",
        "Sec-Fetch-Mode": "cors",
        "Sec-Fetch-Site": "same-site",
        "User-Agent": "Mozilla/5.0 (Windows NT 10.0; Win64; x64) AppleWebKit/537.36 (KHTML, like Gecko) HeadlessChrome/112.0.5614.0 Safari/537.36",
        "x-ms-client-request-id": "sanitized",
        "x-ms-useragent": "fake-useragent"
      },
      "RequestBody": null,
      "StatusCode": 200,
      "ResponseHeaders": {
        "api-supported-versions": "2021-03-07, 2022-01-11-preview2, 2022-06-01-preview, 2022-12-01, 2022-12-02-preview2, 2023-05-01-preview, 2023-10-01-preview, 2024-01-31-preview",
        "Content-Length": "310",
        "Content-Type": "application/json; charset=utf-8",
        "Date": "Wed, 22 Nov 2023 10:39:15 GMT",
        "MS-CV": "zz5K6AGNIEyg49gxXSF0ug.0",
        "Strict-Transport-Security": "max-age=2592000",
        "X-Azure-Ref": "0UtpdZQAAAABnxqj1dKz\u002BQKoHTMlQ7aOXUFJHMDFFREdFMDkwNwA5ZmM3YjUxOS1hOGNjLTRmODktOTM1ZS1jOTE0OGFlMDllODE=",
        "X-Cache": "CONFIG_NOCACHE",
        "X-Processing-Time": "1632ms"
      },
      "ResponseBody": {
        "id": "14155550100",
        "phoneNumber": "\u002B14155550100",
        "countryCode": "US",
        "phoneNumberType": "tollFree",
        "capabilities": {
          "calling": "none",
          "sms": "inbound\u002Boutbound"
        },
        "assignmentType": "application",
        "purchaseDate": "2023-11-22T10:39:09.2425708\u002B00:00",
        "cost": {
          "amount": 2.0,
          "currencyCode": "USD",
          "billingFrequency": "monthly"
        }
      }
    },
    {
      "RequestUri": "https://endpoint/phoneNumbers/%2B14155550100?api-version=2022-12-01",
      "RequestMethod": "DELETE",
      "RequestHeaders": {
        "Accept": "application/json",
        "Accept-Encoding": "gzip, deflate, br",
        "Accept-Language": "en-US",
        "Authorization": "Sanitized",
        "Connection": "keep-alive",
        "Referer": "http://localhost:9876/",
        "sec-ch-ua": "",
        "sec-ch-ua-mobile": "?0",
        "sec-ch-ua-platform": "\u0022\u0022",
        "Sec-Fetch-Dest": "empty",
        "Sec-Fetch-Mode": "cors",
        "Sec-Fetch-Site": "same-site",
        "User-Agent": "Mozilla/5.0 (Windows NT 10.0; Win64; x64) AppleWebKit/537.36 (KHTML, like Gecko) HeadlessChrome/112.0.5614.0 Safari/537.36",
        "x-ms-client-request-id": "sanitized",
        "x-ms-useragent": "fake-useragent"
      },
      "RequestBody": null,
      "StatusCode": 202,
      "ResponseHeaders": {
        "Access-Control-Expose-Headers": "Operation-Location,operation-id,release-id",
        "api-supported-versions": "2021-03-07, 2022-01-11-preview2, 2022-06-01-preview, 2022-12-01, 2022-12-02-preview2, 2023-05-01-preview, 2023-10-01-preview, 2024-01-31-preview",
        "Content-Length": "0",
        "Date": "Wed, 22 Nov 2023 10:39:19 GMT",
        "MS-CV": "q4jKcjjGQ0iol4lptQ89Pw.0",
        "operation-id": "release_sanitized",
        "Operation-Location": "/phoneNumbers/operations/release_sanitized?api-version=2022-12-01",
        "release-id": "sanitized",
        "Strict-Transport-Security": "max-age=2592000",
        "X-Azure-Ref": "0VNpdZQAAAACxrujjsr1fS5AlzClxPjC9UFJHMDFFREdFMDkwNwA5ZmM3YjUxOS1hOGNjLTRmODktOTM1ZS1jOTE0OGFlMDllODE=",
        "X-Cache": "CONFIG_NOCACHE",
        "X-Processing-Time": "3167ms"
      },
      "ResponseBody": null
    },
    {
      "RequestUri": "https://endpoint/phoneNumbers/operations/release_sanitized?api-version=2022-12-01",
      "RequestMethod": "GET",
      "RequestHeaders": {
        "Accept": "application/json",
        "Accept-Encoding": "gzip, deflate, br",
        "Accept-Language": "en-US",
        "Authorization": "Sanitized",
        "Connection": "keep-alive",
        "Referer": "http://localhost:9876/",
        "sec-ch-ua": "",
        "sec-ch-ua-mobile": "?0",
        "sec-ch-ua-platform": "\u0022\u0022",
        "Sec-Fetch-Dest": "empty",
        "Sec-Fetch-Mode": "cors",
        "Sec-Fetch-Site": "same-site",
        "User-Agent": "Mozilla/5.0 (Windows NT 10.0; Win64; x64) AppleWebKit/537.36 (KHTML, like Gecko) HeadlessChrome/112.0.5614.0 Safari/537.36",
        "x-ms-client-request-id": "sanitized",
        "x-ms-useragent": "fake-useragent"
      },
      "RequestBody": null,
      "StatusCode": 200,
      "ResponseHeaders": {
        "api-supported-versions": "2021-03-07, 2022-01-11-preview2, 2022-06-01-preview, 2022-11-15-preview, 2022-12-01, 2022-12-02-preview2, 2023-05-01-preview, 2023-10-01-preview, 2024-01-31-preview",
        "Content-Type": "application/json; charset=utf-8",
        "Date": "Wed, 22 Nov 2023 10:39:20 GMT",
        "MS-CV": "EEKvoO/iaE\u002BmEmlhxXf7IA.0",
        "Strict-Transport-Security": "max-age=2592000",
        "Transfer-Encoding": "chunked",
        "X-Azure-Ref": "0V9pdZQAAAABKzc59clQTQq69TN1Gapy\u002BUFJHMDFFREdFMDkwNwA5ZmM3YjUxOS1hOGNjLTRmODktOTM1ZS1jOTE0OGFlMDllODE=",
        "X-Cache": "CONFIG_NOCACHE",
        "X-Processing-Time": "483ms"
      },
      "ResponseBody": {
        "operationType": "releasePhoneNumber",
        "status": "running",
        "resourceLocation": null,
        "createdDateTime": "2023-11-22T10:39:18.3305483\u002B00:00",
        "id": "release_sanitized",
        "lastActionDateTime": "0001-01-01T00:00:00\u002B00:00"
      }
    },
    {
      "RequestUri": "https://endpoint/phoneNumbers/operations/release_sanitized?api-version=2022-12-01",
      "RequestMethod": "GET",
      "RequestHeaders": {
        "Accept": "application/json",
        "Accept-Encoding": "gzip, deflate, br",
        "Accept-Language": "en-US",
        "Authorization": "Sanitized",
        "Connection": "keep-alive",
        "Referer": "http://localhost:9876/",
        "sec-ch-ua": "",
        "sec-ch-ua-mobile": "?0",
        "sec-ch-ua-platform": "\u0022\u0022",
        "Sec-Fetch-Dest": "empty",
        "Sec-Fetch-Mode": "cors",
        "Sec-Fetch-Site": "same-site",
        "User-Agent": "Mozilla/5.0 (Windows NT 10.0; Win64; x64) AppleWebKit/537.36 (KHTML, like Gecko) HeadlessChrome/112.0.5614.0 Safari/537.36",
        "x-ms-client-request-id": "sanitized",
        "x-ms-useragent": "fake-useragent"
      },
      "RequestBody": null,
      "StatusCode": 200,
      "ResponseHeaders": {
        "api-supported-versions": "2021-03-07, 2022-01-11-preview2, 2022-06-01-preview, 2022-11-15-preview, 2022-12-01, 2022-12-02-preview2, 2023-05-01-preview, 2023-10-01-preview, 2024-01-31-preview",
        "Content-Type": "application/json; charset=utf-8",
        "Date": "Wed, 22 Nov 2023 10:39:20 GMT",
        "MS-CV": "GHMwf759ZUW/SFcdiw6EEQ.0",
        "Strict-Transport-Security": "max-age=2592000",
        "Transfer-Encoding": "chunked",
        "X-Azure-Ref": "0WNpdZQAAAADSFV/a8BAGQ5neXNSI7EbqUFJHMDFFREdFMDkwNwA5ZmM3YjUxOS1hOGNjLTRmODktOTM1ZS1jOTE0OGFlMDllODE=",
        "X-Cache": "CONFIG_NOCACHE",
        "X-Processing-Time": "380ms"
      },
      "ResponseBody": {
        "operationType": "releasePhoneNumber",
        "status": "running",
        "resourceLocation": null,
        "createdDateTime": "2023-11-22T10:39:18.3305483\u002B00:00",
        "id": "release_sanitized",
        "lastActionDateTime": "0001-01-01T00:00:00\u002B00:00"
      }
    },
    {
      "RequestUri": "https://endpoint/phoneNumbers/operations/release_sanitized?api-version=2022-12-01",
      "RequestMethod": "GET",
      "RequestHeaders": {
        "Accept": "application/json",
        "Accept-Encoding": "gzip, deflate, br",
        "Accept-Language": "en-US",
        "Authorization": "Sanitized",
        "Connection": "keep-alive",
        "Referer": "http://localhost:9876/",
        "sec-ch-ua": "",
        "sec-ch-ua-mobile": "?0",
        "sec-ch-ua-platform": "\u0022\u0022",
        "Sec-Fetch-Dest": "empty",
        "Sec-Fetch-Mode": "cors",
        "Sec-Fetch-Site": "same-site",
        "User-Agent": "Mozilla/5.0 (Windows NT 10.0; Win64; x64) AppleWebKit/537.36 (KHTML, like Gecko) HeadlessChrome/112.0.5614.0 Safari/537.36",
        "x-ms-client-request-id": "sanitized",
        "x-ms-useragent": "fake-useragent"
      },
      "RequestBody": null,
      "StatusCode": 200,
      "ResponseHeaders": {
        "api-supported-versions": "2021-03-07, 2022-01-11-preview2, 2022-06-01-preview, 2022-11-15-preview, 2022-12-01, 2022-12-02-preview2, 2023-05-01-preview, 2023-10-01-preview, 2024-01-31-preview",
        "Content-Type": "application/json; charset=utf-8",
        "Date": "Wed, 22 Nov 2023 10:39:23 GMT",
        "MS-CV": "ZHr5Z8gVqUKKgwfEpcIWaA.0",
        "Strict-Transport-Security": "max-age=2592000",
        "Transfer-Encoding": "chunked",
        "X-Azure-Ref": "0WtpdZQAAAABkR\u002BvAulqLQL8enwROcH7wUFJHMDFFREdFMDkwNwA5ZmM3YjUxOS1hOGNjLTRmODktOTM1ZS1jOTE0OGFlMDllODE=",
        "X-Cache": "CONFIG_NOCACHE",
        "X-Processing-Time": "414ms"
      },
      "ResponseBody": {
        "operationType": "releasePhoneNumber",
        "status": "running",
        "resourceLocation": null,
        "createdDateTime": "2023-11-22T10:39:18.3305483\u002B00:00",
        "id": "release_sanitized",
        "lastActionDateTime": "0001-01-01T00:00:00\u002B00:00"
      }
    },
    {
      "RequestUri": "https://endpoint/phoneNumbers/operations/release_sanitized?api-version=2022-12-01",
      "RequestMethod": "GET",
      "RequestHeaders": {
        "Accept": "application/json",
        "Accept-Encoding": "gzip, deflate, br",
        "Accept-Language": "en-US",
        "Authorization": "Sanitized",
        "Connection": "keep-alive",
        "Referer": "http://localhost:9876/",
        "sec-ch-ua": "",
        "sec-ch-ua-mobile": "?0",
        "sec-ch-ua-platform": "\u0022\u0022",
        "Sec-Fetch-Dest": "empty",
        "Sec-Fetch-Mode": "cors",
        "Sec-Fetch-Site": "same-site",
        "User-Agent": "Mozilla/5.0 (Windows NT 10.0; Win64; x64) AppleWebKit/537.36 (KHTML, like Gecko) HeadlessChrome/112.0.5614.0 Safari/537.36",
        "x-ms-client-request-id": "sanitized",
        "x-ms-useragent": "fake-useragent"
      },
      "RequestBody": null,
      "StatusCode": 200,
      "ResponseHeaders": {
        "api-supported-versions": "2021-03-07, 2022-01-11-preview2, 2022-06-01-preview, 2022-11-15-preview, 2022-12-01, 2022-12-02-preview2, 2023-05-01-preview, 2023-10-01-preview, 2024-01-31-preview",
        "Content-Type": "application/json; charset=utf-8",
        "Date": "Wed, 22 Nov 2023 10:39:25 GMT",
        "MS-CV": "bsFFjK4q8023B7puK8PqDA.0",
        "Strict-Transport-Security": "max-age=2592000",
        "Transfer-Encoding": "chunked",
        "X-Azure-Ref": "0XdpdZQAAAAA\u002B5oRsY\u002BFTRZLc9yNAwTmXUFJHMDFFREdFMDkwNwA5ZmM3YjUxOS1hOGNjLTRmODktOTM1ZS1jOTE0OGFlMDllODE=",
        "X-Cache": "CONFIG_NOCACHE",
        "X-Processing-Time": "428ms"
      },
      "ResponseBody": {
        "operationType": "releasePhoneNumber",
        "status": "running",
        "resourceLocation": null,
        "createdDateTime": "2023-11-22T10:39:18.3305483\u002B00:00",
        "id": "release_sanitized",
        "lastActionDateTime": "0001-01-01T00:00:00\u002B00:00"
      }
    },
    {
      "RequestUri": "https://endpoint/phoneNumbers/operations/release_sanitized?api-version=2022-12-01",
      "RequestMethod": "GET",
      "RequestHeaders": {
        "Accept": "application/json",
        "Accept-Encoding": "gzip, deflate, br",
        "Accept-Language": "en-US",
        "Authorization": "Sanitized",
        "Connection": "keep-alive",
        "Referer": "http://localhost:9876/",
        "sec-ch-ua": "",
        "sec-ch-ua-mobile": "?0",
        "sec-ch-ua-platform": "\u0022\u0022",
        "Sec-Fetch-Dest": "empty",
        "Sec-Fetch-Mode": "cors",
        "Sec-Fetch-Site": "same-site",
        "User-Agent": "Mozilla/5.0 (Windows NT 10.0; Win64; x64) AppleWebKit/537.36 (KHTML, like Gecko) HeadlessChrome/112.0.5614.0 Safari/537.36",
        "x-ms-client-request-id": "sanitized",
        "x-ms-useragent": "fake-useragent"
      },
      "RequestBody": null,
      "StatusCode": 200,
      "ResponseHeaders": {
        "api-supported-versions": "2021-03-07, 2022-01-11-preview2, 2022-06-01-preview, 2022-11-15-preview, 2022-12-01, 2022-12-02-preview2, 2023-05-01-preview, 2023-10-01-preview, 2024-01-31-preview",
        "Content-Type": "application/json; charset=utf-8",
        "Date": "Wed, 22 Nov 2023 10:39:28 GMT",
        "MS-CV": "FBqox8RITEeLBLlB3a3EsA.0",
        "Strict-Transport-Security": "max-age=2592000",
        "Transfer-Encoding": "chunked",
        "X-Azure-Ref": "0X9pdZQAAAABw/hz9HABNRIlLTDX6IACPUFJHMDFFREdFMDkwNwA5ZmM3YjUxOS1hOGNjLTRmODktOTM1ZS1jOTE0OGFlMDllODE=",
        "X-Cache": "CONFIG_NOCACHE",
        "X-Processing-Time": "369ms"
      },
      "ResponseBody": {
        "operationType": "releasePhoneNumber",
        "status": "succeeded",
        "resourceLocation": null,
        "createdDateTime": "2023-11-22T10:39:18.3305483\u002B00:00",
        "id": "release_sanitized",
        "lastActionDateTime": "0001-01-01T00:00:00\u002B00:00"
      }
    }
  ],
  "Variables": {}
}
