{
  "Entries": [
    {
      "RequestUri": "https://endpoint/identities?api-version=2022-10-01",
      "RequestMethod": "POST",
      "RequestHeaders": {
        "Accept": "application/json",
        "Accept-Encoding": "gzip, deflate, br",
        "Authorization": "Sanitized",
        "Connection": "keep-alive",
        "Content-Length": "34",
        "Content-Type": "application/json",
        "Origin": "http://localhost:9876",
        "Referer": "http://localhost:9876/",
        "sec-ch-ua": "\u0022Not.A/Brand\u0022;v=\u00228\u0022, \u0022Chromium\u0022;v=\u0022114\u0022, \u0022HeadlessChrome\u0022;v=\u0022114\u0022",
        "sec-ch-ua-mobile": "?0",
        "sec-ch-ua-platform": "\u0022Windows\u0022",
        "Sec-Fetch-Dest": "empty",
        "Sec-Fetch-Mode": "cors",
        "Sec-Fetch-Site": "same-site",
        "User-Agent": "Mozilla/5.0 (Windows NT 10.0; Win64; x64) AppleWebKit/537.36 (KHTML, like Gecko) HeadlessChrome/114.0.5735.133 Safari/537.36",
        "x-ms-client-request-id": "4f65cee0-a360-40b2-8f7e-fe2a767dd159",
        "x-ms-content-sha256": "k4k9IoKBLYipoiXK3LctfBcfghISSb6AI45ji7ILZfg=",
        "x-ms-date": "Wed, 20 Sep 2023 22:49:35 GMT",
        "x-ms-useragent": "azsdk-js-communication-identity/1.2.1 core-rest-pipeline/1.12.2 OS/Windows"
      },
      "RequestBody": {
        "createTokenWithScopes": [
          "voip"
        ]
      },
      "StatusCode": 201,
      "ResponseHeaders": {
        "Access-Control-Allow-Origin": "*",
        "api-supported-versions": "2020-07-20-preview2, 2021-02-22-preview1, 2021-03-07, 2021-10-31-preview, 2021-11-01, 2022-06-01, 2022-10-01, 2023-08-01, 2023-10-01",
        "Connection": "keep-alive",
        "Content-Length": "220",
        "Content-Type": "application/json; charset=utf-8",
        "Date": "Wed, 20 Sep 2023 22:49:35 GMT",
        "MS-CV": "kAhg/oa2YEeI9khPZ8UkIw.0",
        "Request-Context": "appId=",
        "Strict-Transport-Security": "max-age=2592000",
        "x-azure-ref": "20230920T224935Z-pyb944e3390gd282pp0cs9equc000000099g00000002a62x",
        "X-Cache": "CONFIG_NOCACHE",
        "x-ms-client-request-id": "4f65cee0-a360-40b2-8f7e-fe2a767dd159",
        "X-Processing-Time": "18ms"
      },
      "ResponseBody": {
        "identity": {
          "id": "Sanitized"
        },
        "accessToken": {
          "token": "faketoken",
          "expiresOn": "2023-09-21T22:49:35.5193125\u002B00:00"
        }
      }
    },
    {
      "RequestUri": "https://endpoint/rooms?api-version=2023-10-30-preview",
      "RequestMethod": "POST",
      "RequestHeaders": {
        "Accept": "application/json",
        "Accept-Encoding": "gzip, deflate, br",
        "Authorization": "Sanitized",
        "Connection": "keep-alive",
        "Content-Length": "98",
        "Content-Type": "application/json",
        "Origin": "http://localhost:9876",
        "Referer": "http://localhost:9876/",
        "repeatability-first-sent": "Wed, 20 Sep 2023 22:49:35 GMT",
        "repeatability-request-id": "5c69169f-993d-40c5-a8d8-1a68938ee28f",
        "sec-ch-ua": "\u0022Not.A/Brand\u0022;v=\u00228\u0022, \u0022Chromium\u0022;v=\u0022114\u0022, \u0022HeadlessChrome\u0022;v=\u0022114\u0022",
        "sec-ch-ua-mobile": "?0",
        "sec-ch-ua-platform": "\u0022Windows\u0022",
        "Sec-Fetch-Dest": "empty",
        "Sec-Fetch-Mode": "cors",
        "Sec-Fetch-Site": "same-site",
        "User-Agent": "Mozilla/5.0 (Windows NT 10.0; Win64; x64) AppleWebKit/537.36 (KHTML, like Gecko) HeadlessChrome/114.0.5735.133 Safari/537.36",
        "x-ms-client-request-id": "e1ccef11-2fa3-47d3-a776-7410ad4ff328",
        "x-ms-content-sha256": "4uwGYFdJlBVM/Ov8eNv6sAB8bvm5bgNraLv2kegTnBU=",
        "x-ms-date": "Wed, 20 Sep 2023 22:49:35 GMT",
        "x-ms-useragent": "azsdk-js-communication-rooms/1.1.0-beta.1 core-rest-pipeline/1.12.2 OS/Windows"
      },
      "RequestBody": {
        "validFrom": "2023-09-20T22:49:32.000Z",
        "validUntil": "2023-09-20T22:54:32.000Z",
        "participants": {}
      },
      "StatusCode": 201,
      "ResponseHeaders": {
        "Access-Control-Allow-Origin": "*",
        "api-deprecated-versions": "2021-04-07, 2022-02-01",
        "api-supported-versions": "2023-03-31-preview, 2023-06-14, 2023-10-30-preview",
        "Connection": "keep-alive",
        "Content-Type": "application/json; charset=utf-8",
        "Date": "Wed, 20 Sep 2023 22:49:35 GMT",
        "Location": "9948172165742224",
        "MS-CV": "pCLGtzOwXU2OleaVwChNzA.0",
        "Repeatability-Result": "accepted",
        "Request-Context": "appId=",
        "Transfer-Encoding": "chunked",
        "x-azure-ref": "20230920T224935Z-pyb944e3390gd282pp0cs9equc000000099g00000002a634",
        "X-Cache": "CONFIG_NOCACHE"
      },
      "ResponseBody": {
        "id": "9948172165742224",
        "createdAt": "2023-09-20T22:49:35.7369774\u002B00:00",
        "validFrom": "2023-09-20T22:49:32\u002B00:00",
        "validUntil": "2023-09-20T22:54:32\u002B00:00",
        "pstnDialOutEnabled": false
      }
    },
    {
      "RequestUri": "https://endpoint/rooms/9948172165742224/participants?api-version=2023-10-30-preview",
      "RequestMethod": "GET",
      "RequestHeaders": {
        "Accept": "application/json",
        "Accept-Encoding": "gzip, deflate, br",
        "Authorization": "Sanitized",
        "Connection": "keep-alive",
        "Origin": "http://localhost:9876",
        "Referer": "http://localhost:9876/",
        "sec-ch-ua": "\u0022Not.A/Brand\u0022;v=\u00228\u0022, \u0022Chromium\u0022;v=\u0022114\u0022, \u0022HeadlessChrome\u0022;v=\u0022114\u0022",
        "sec-ch-ua-mobile": "?0",
        "sec-ch-ua-platform": "\u0022Windows\u0022",
        "Sec-Fetch-Dest": "empty",
        "Sec-Fetch-Mode": "cors",
        "Sec-Fetch-Site": "same-site",
        "User-Agent": "Mozilla/5.0 (Windows NT 10.0; Win64; x64) AppleWebKit/537.36 (KHTML, like Gecko) HeadlessChrome/114.0.5735.133 Safari/537.36",
        "x-ms-client-request-id": "c9e8ce4e-9af1-4481-8d5e-b2fd0687d587",
        "x-ms-content-sha256": "47DEQpj8HBSa\u002B/TImW\u002B5JCeuQeRkm5NMpJWZG3hSuFU=",
        "x-ms-date": "Wed, 20 Sep 2023 22:49:35 GMT",
        "x-ms-useragent": "azsdk-js-communication-rooms/1.1.0-beta.1 core-rest-pipeline/1.12.2 OS/Windows"
      },
      "RequestBody": null,
      "StatusCode": 200,
      "ResponseHeaders": {
        "Access-Control-Allow-Origin": "*",
        "api-deprecated-versions": "2022-02-01",
        "api-supported-versions": "2023-03-31-preview, 2023-06-14, 2023-10-30-preview",
        "Connection": "keep-alive",
        "Content-Type": "application/json; charset=utf-8",
        "Date": "Wed, 20 Sep 2023 22:49:36 GMT",
        "MS-CV": "9XP\u002BRR3pAEyfApoABHW88w.0",
        "Request-Context": "appId=",
        "Transfer-Encoding": "chunked",
        "x-azure-ref": "20230920T224935Z-vnfmbqwsb12k76arpg6rtrnmws00000009k000000000106k",
        "X-Cache": "CONFIG_NOCACHE"
      },
      "ResponseBody": {
        "value": []
      }
    },
    {
      "RequestUri": "https://endpoint/rooms/9948172165742224?api-version=2023-10-30-preview",
      "RequestMethod": "DELETE",
      "RequestHeaders": {
        "Accept": "application/json",
        "Accept-Encoding": "gzip, deflate, br",
        "Authorization": "Sanitized",
        "Connection": "keep-alive",
        "Origin": "http://localhost:9876",
        "Referer": "http://localhost:9876/",
        "sec-ch-ua": "\u0022Not.A/Brand\u0022;v=\u00228\u0022, \u0022Chromium\u0022;v=\u0022114\u0022, \u0022HeadlessChrome\u0022;v=\u0022114\u0022",
        "sec-ch-ua-mobile": "?0",
        "sec-ch-ua-platform": "\u0022Windows\u0022",
        "Sec-Fetch-Dest": "empty",
        "Sec-Fetch-Mode": "cors",
        "Sec-Fetch-Site": "same-site",
        "User-Agent": "Mozilla/5.0 (Windows NT 10.0; Win64; x64) AppleWebKit/537.36 (KHTML, like Gecko) HeadlessChrome/114.0.5735.133 Safari/537.36",
        "x-ms-client-request-id": "420f8de6-8415-41bf-81b8-1deb60f931c5",
        "x-ms-content-sha256": "47DEQpj8HBSa\u002B/TImW\u002B5JCeuQeRkm5NMpJWZG3hSuFU=",
        "x-ms-date": "Wed, 20 Sep 2023 22:49:35 GMT",
        "x-ms-useragent": "azsdk-js-communication-rooms/1.1.0-beta.1 core-rest-pipeline/1.12.2 OS/Windows"
      },
      "RequestBody": null,
      "StatusCode": 204,
      "ResponseHeaders": {
        "Access-Control-Allow-Origin": "*",
        "api-deprecated-versions": "2021-04-07, 2022-02-01",
        "api-supported-versions": "2023-03-31-preview, 2023-06-14, 2023-10-30-preview",
        "Connection": "keep-alive",
        "Date": "Wed, 20 Sep 2023 22:49:36 GMT",
        "MS-CV": "ET7CJCpRTEKNZuKci8M4\u002Bw.0",
        "Request-Context": "appId=",
        "x-azure-ref": "20230920T224935Z-pyb944e3390gd282pp0cs9equc000000099g00000002a64a",
        "X-Cache": "CONFIG_NOCACHE"
      },
      "ResponseBody": null
    }
  ],
  "Variables": {
    "validFrom": "Wed Sep 20 2023 15:49:32 GMT-0700 (Pacific Daylight Time)",
    "validUntil": "Wed Sep 20 2023 15:54:32 GMT-0700 (Pacific Daylight Time)"
  }
}
