{
  "Entries": [
    {
      "RequestUri": "https://endpoint/rooms?api-version=2023-03-31-preview",
      "RequestMethod": "POST",
      "RequestHeaders": {
        "Accept": "application/json",
        "Accept-Encoding": "gzip, deflate, br",
        "Accept-Language": "en-GB",
        "Authorization": "Sanitized",
        "Connection": "keep-alive",
        "Content-Length": "19",
        "Content-Type": "application/json",
        "Origin": "http://localhost:9876",
        "Referer": "http://localhost:9876/",
        "repeatability-first-sent": "Wed, 03 May 2023 22:31:21 GMT",
        "repeatability-request-id": "89749c4f-0143-478d-9df2-0d2e4fa0cd4c",
        "sec-ch-ua": "",
        "sec-ch-ua-mobile": "?0",
        "sec-ch-ua-platform": "\u0022\u0022",
        "Sec-Fetch-Dest": "empty",
        "Sec-Fetch-Mode": "cors",
        "Sec-Fetch-Site": "same-site",
        "User-Agent": "Mozilla/5.0 (Windows NT 10.0; Win64; x64) AppleWebKit/537.36 (KHTML, like Gecko) HeadlessChrome/112.0.5614.0 Safari/537.36",
        "x-ms-client-request-id": "76b0c184-6e45-4bf4-bf7d-4b45f4550ee9",
        "x-ms-content-sha256": "vhXrIgThnry4Vy9lrHrKsAYqKYXb\u002BKwOlgiPVnEdBio=",
        "x-ms-date": "Wed, 03 May 2023 22:31:21 GMT",
        "x-ms-useragent": "azsdk-js-communication-rooms/1.0.0-beta.2 core-rest-pipeline/1.10.4 OS"
      },
      "RequestBody": {
        "participants": {}
      },
      "StatusCode": 201,
      "ResponseHeaders": {
        "Access-Control-Allow-Origin": "*",
        "api-deprecated-versions": "2021-04-07",
        "api-supported-versions": "2022-02-01, 2023-03-31-preview",
        "Content-Type": "application/json; charset=utf-8",
        "Date": "Wed, 03 May 2023 22:31:22 GMT",
        "Location": "99443279509650204",
        "MS-CV": "XHaRiRYGoUeuAJUUJ1tc2Q.0",
        "Repeatability-Result": "accepted",
        "Request-Context": "appId=",
        "Transfer-Encoding": "chunked",
        "X-Azure-Ref": "0uuBSZAAAAAD1F\u002BBx8FDdRakcysIxskk8WVZSMzExMDAwMTE1MDIzAGYwOWE0YzEzLTIxZjEtNDhlYy05Y2Y3LTY2NTQ1Njg0YjY0Mg==",
        "X-Cache": "CONFIG_NOCACHE"
      },
      "ResponseBody": {
        "id": "99443279509650204",
        "createdAt": "2023-05-03T22:31:22.2973953\u002B00:00",
        "validFrom": "2023-05-03T22:31:22.2360142\u002B00:00",
        "validUntil": "2023-10-30T22:31:22.2360142\u002B00:00"
      }
    },
    {
      "RequestUri": "https://endpoint/identities?api-version=2022-10-01",
      "RequestMethod": "POST",
      "RequestHeaders": {
        "Accept": "application/json",
        "Accept-Encoding": "gzip, deflate, br",
        "Accept-Language": "en-GB",
        "Authorization": "Sanitized",
        "Connection": "keep-alive",
        "Content-Length": "34",
        "Content-Type": "application/json",
        "Origin": "http://localhost:9876",
        "Referer": "http://localhost:9876/",
        "sec-ch-ua": "",
        "sec-ch-ua-mobile": "?0",
        "sec-ch-ua-platform": "\u0022\u0022",
        "Sec-Fetch-Dest": "empty",
        "Sec-Fetch-Mode": "cors",
        "Sec-Fetch-Site": "same-site",
        "User-Agent": "Mozilla/5.0 (Windows NT 10.0; Win64; x64) AppleWebKit/537.36 (KHTML, like Gecko) HeadlessChrome/112.0.5614.0 Safari/537.36",
        "x-ms-client-request-id": "5011764a-0ef2-4430-9704-960a3a2a09b9",
        "x-ms-content-sha256": "k4k9IoKBLYipoiXK3LctfBcfghISSb6AI45ji7ILZfg=",
        "x-ms-date": "Wed, 03 May 2023 22:31:22 GMT",
        "x-ms-useragent": "azsdk-js-communication-identity/1.2.1 core-rest-pipeline/1.10.4 OS"
      },
      "RequestBody": {
        "createTokenWithScopes": [
          "voip"
        ]
      },
      "StatusCode": 201,
      "ResponseHeaders": {
        "Access-Control-Allow-Origin": "*",
        "api-supported-versions": "2020-07-20-preview2, 2021-02-22-preview1, 2021-03-07, 2021-10-31-preview, 2021-11-01, 2022-06-01, 2022-10-01, 2023-08-01",
        "Content-Length": "220",
        "Content-Type": "application/json; charset=utf-8",
        "Date": "Wed, 03 May 2023 22:31:22 GMT",
        "MS-CV": "MvHajVaz6EiJsM4YygVqbA.0",
        "Request-Context": "appId=",
        "Strict-Transport-Security": "max-age=2592000",
        "X-Azure-Ref": "0uuBSZAAAAAAybxJdipCISZrJWdDOyT\u002B7WVZSMzExMDAwMTE1MDIzAGYwOWE0YzEzLTIxZjEtNDhlYy05Y2Y3LTY2NTQ1Njg0YjY0Mg==",
        "X-Cache": "CONFIG_NOCACHE",
        "x-ms-client-request-id": "5011764a-0ef2-4430-9704-960a3a2a09b9",
        "X-Processing-Time": "27ms"
      },
      "ResponseBody": {
        "identity": {
          "id": "Sanitized"
        },
        "accessToken": {
          "token": "eyJhbGciOiJIUzI1NiIsInR5cCI6IkpXVCJ9.eyJleHAiOjE2ODMxNTY2NzguNTg5fQ==.adM-ddBZZlQ1WlN3pdPBOF5G4Wh9iZpxNP_fSvpF4cWs",
          "expiresOn": "2023-05-04T22:31:22.4331782\u002B00:00"
        }
      }
    },
    {
      "RequestUri": "https://endpoint/rooms/99443279509650204?api-version=2023-03-31-preview",
      "RequestMethod": "PATCH",
      "RequestHeaders": {
        "Accept": "application/json",
        "Accept-Encoding": "gzip, deflate, br",
        "Accept-Language": "en-GB",
        "Authorization": "Sanitized",
        "Connection": "keep-alive",
        "Content-Length": "80",
        "Content-Type": "application/merge-patch\u002Bjson",
        "Origin": "http://localhost:9876",
        "Referer": "http://localhost:9876/",
        "sec-ch-ua": "",
        "sec-ch-ua-mobile": "?0",
        "sec-ch-ua-platform": "\u0022\u0022",
        "Sec-Fetch-Dest": "empty",
        "Sec-Fetch-Mode": "cors",
        "Sec-Fetch-Site": "same-site",
        "User-Agent": "Mozilla/5.0 (Windows NT 10.0; Win64; x64) AppleWebKit/537.36 (KHTML, like Gecko) HeadlessChrome/112.0.5614.0 Safari/537.36",
        "x-ms-client-request-id": "05833a11-38f2-4a5e-a804-648c24fb2b52",
        "x-ms-content-sha256": "u\u002Bl3X3vNh23kGJ23Gmj8DDWeECO9POJM8xiLgL3jPkc=",
        "x-ms-date": "Wed, 03 May 2023 22:31:22 GMT",
        "x-ms-useragent": "azsdk-js-communication-rooms/1.0.0-beta.2 core-rest-pipeline/1.10.4 OS"
      },
      "RequestBody": {
        "validFrom": "2023-05-03T22:36:18.000Z",
        "validUntil": "2023-05-03T22:41:18.000Z"
      },
      "StatusCode": 200,
      "ResponseHeaders": {
        "Access-Control-Allow-Origin": "*",
        "api-deprecated-versions": "2021-04-07",
        "api-supported-versions": "2022-02-01, 2023-03-31-preview",
        "Content-Type": "application/json; charset=utf-8",
        "Date": "Wed, 03 May 2023 22:31:22 GMT",
        "MS-CV": "i0xortpw30C9U4uHuyge1w.0",
        "Request-Context": "appId=",
        "Transfer-Encoding": "chunked",
        "X-Azure-Ref": "0uuBSZAAAAAAgDqoufwF4S5mhy9DQ4EjZWVZSMzExMDAwMTE1MDIzAGYwOWE0YzEzLTIxZjEtNDhlYy05Y2Y3LTY2NTQ1Njg0YjY0Mg==",
        "X-Cache": "CONFIG_NOCACHE"
      },
      "ResponseBody": {
        "id": "99443279509650204",
        "createdAt": "2023-05-03T22:31:22.2973953\u002B00:00",
        "validFrom": "2023-05-03T22:36:18\u002B00:00",
        "validUntil": "2023-05-03T22:41:18\u002B00:00"
      }
    },
    {
      "RequestUri": "https://endpoint/rooms/99443279509650204?api-version=2023-03-31-preview",
      "RequestMethod": "DELETE",
      "RequestHeaders": {
        "Accept": "application/json",
        "Accept-Encoding": "gzip, deflate, br",
        "Accept-Language": "en-GB",
        "Authorization": "Sanitized",
        "Connection": "keep-alive",
        "Origin": "http://localhost:9876",
        "Referer": "http://localhost:9876/",
        "sec-ch-ua": "",
        "sec-ch-ua-mobile": "?0",
        "sec-ch-ua-platform": "\u0022\u0022",
        "Sec-Fetch-Dest": "empty",
        "Sec-Fetch-Mode": "cors",
        "Sec-Fetch-Site": "same-site",
        "User-Agent": "Mozilla/5.0 (Windows NT 10.0; Win64; x64) AppleWebKit/537.36 (KHTML, like Gecko) HeadlessChrome/112.0.5614.0 Safari/537.36",
        "x-ms-client-request-id": "20ffd1cd-4f54-46e6-9c26-fb43fdcd0049",
        "x-ms-content-sha256": "47DEQpj8HBSa\u002B/TImW\u002B5JCeuQeRkm5NMpJWZG3hSuFU=",
        "x-ms-date": "Wed, 03 May 2023 22:31:22 GMT",
        "x-ms-useragent": "azsdk-js-communication-rooms/1.0.0-beta.2 core-rest-pipeline/1.10.4 OS"
      },
      "RequestBody": null,
      "StatusCode": 204,
      "ResponseHeaders": {
        "Access-Control-Allow-Origin": "*",
        "api-deprecated-versions": "2021-04-07",
        "api-supported-versions": "2022-02-01, 2023-03-31-preview",
        "Date": "Wed, 03 May 2023 22:31:22 GMT",
        "MS-CV": "SdBFt4tSjE27g2tsQlxZSw.0",
        "Request-Context": "appId=",
        "X-Azure-Ref": "0uuBSZAAAAAB8j2GKOjWfQYPafCKvrnWVWVZSMzExMDAwMTE1MDIzAGYwOWE0YzEzLTIxZjEtNDhlYy05Y2Y3LTY2NTQ1Njg0YjY0Mg==",
        "X-Cache": "CONFIG_NOCACHE"
      },
      "ResponseBody": null
    }
  ],
  "Variables": {
    "validFromUpdated": "Wed May 03 2023 15:36:18 GMT-0700 (Pacific Daylight Time)",
    "validUntilUpdated": "Wed May 03 2023 15:41:18 GMT-0700 (Pacific Daylight Time)"
  }
}
