{
  "Entries": [
    {
      "RequestUri": "https://endpoint/identities?api-version=2023-10-01",
      "RequestMethod": "POST",
      "RequestHeaders": {
        "Accept": "application/json",
        "Accept-Encoding": "gzip, deflate, br",
        "Accept-Language": "en-US",
        "Authorization": "Sanitized",
        "Connection": "keep-alive",
        "Content-Length": "34",
        "Content-Type": "application/json",
        "Origin": "http://localhost:9876",
        "Referer": "http://localhost:9876/",
        "sec-ch-ua": "",
        "sec-ch-ua-mobile": "?0",
        "sec-ch-ua-platform": "\u0022\u0022",
        "Sec-Fetch-Dest": "empty",
        "Sec-Fetch-Mode": "cors",
        "Sec-Fetch-Site": "same-site",
        "User-Agent": "Mozilla/5.0 (Windows NT 10.0; Win64; x64) AppleWebKit/537.36 (KHTML, like Gecko) HeadlessChrome/112.0.5614.0 Safari/537.36",
        "x-ms-client-request-id": "134a88b9-c3cb-4dd3-b1ea-55a57d0b16d9",
        "x-ms-content-sha256": "k4k9IoKBLYipoiXK3LctfBcfghISSb6AI45ji7ILZfg=",
        "x-ms-date": "Tue, 24 Oct 2023 13:17:37 GMT",
        "x-ms-useragent": "azsdk-js-communication-identity/1.2.1 core-rest-pipeline/1.12.2 OS"
      },
      "RequestBody": {
        "createTokenWithScopes": [
          "voip"
        ]
      },
      "StatusCode": 201,
      "ResponseHeaders": {
        "Access-Control-Allow-Origin": "*",
        "api-supported-versions": "2020-07-20-preview2, 2021-02-22-preview1, 2021-03-07, 2021-10-31-preview, 2021-11-01, 2022-06-01, 2022-10-01, 2023-10-01",
        "Content-Length": "220",
        "Content-Type": "application/json; charset=utf-8",
        "Date": "Tue, 24 Oct 2023 13:17:34 GMT",
        "MS-CV": "iywrV6ByzU2S8A0e\u002BZKbBA.0",
        "Request-Context": "appId=",
        "Strict-Transport-Security": "max-age=2592000",
        "X-Azure-Ref": "078M3ZQAAAADbfxIAnSvFQ7Xd2elXYb/jU1RPRURHRTEzMTEAZjA5YTRjMTMtMjFmMS00OGVjLTljZjctNjY1NDU2ODRiNjQy",
        "X-Cache": "CONFIG_NOCACHE",
        "x-ms-client-request-id": "134a88b9-c3cb-4dd3-b1ea-55a57d0b16d9",
        "X-Processing-Time": "22ms"
      },
      "ResponseBody": {
        "identity": {
          "id": "Sanitized"
        },
        "accessToken": {
          "token": "eyJhbGciOiJIUzI1NiIsInR5cCI6IkpXVCJ9.eyJleHAiOjE2OTgxNTcwNDguNTEzfQ==.adM-ddBZZlQ1WlN3pdPBOF5G4Wh9iZpxNP_fSvpF4cWs",
          "expiresOn": "2023-10-25T13:17:35.5422204\u002B00:00"
        }
      }
    },
    {
      "RequestUri": "https://endpoint/rooms?api-version=2023-10-30-preview",
      "RequestMethod": "POST",
      "RequestHeaders": {
        "Accept": "application/json",
        "Accept-Encoding": "gzip, deflate, br",
        "Accept-Language": "en-US",
        "Authorization": "Sanitized",
        "Connection": "keep-alive",
        "Content-Length": "124",
        "Content-Type": "application/json",
        "Origin": "http://localhost:9876",
        "Referer": "http://localhost:9876/",
        "repeatability-first-sent": "Tue, 24 Oct 2023 13:17:37 GMT",
        "repeatability-request-id": "50c32fda-9ec1-4faa-a964-a4c56200e44a",
        "sec-ch-ua": "",
        "sec-ch-ua-mobile": "?0",
        "sec-ch-ua-platform": "\u0022\u0022",
        "Sec-Fetch-Dest": "empty",
        "Sec-Fetch-Mode": "cors",
        "Sec-Fetch-Site": "same-site",
        "User-Agent": "Mozilla/5.0 (Windows NT 10.0; Win64; x64) AppleWebKit/537.36 (KHTML, like Gecko) HeadlessChrome/112.0.5614.0 Safari/537.36",
        "x-ms-client-request-id": "dfee4b92-55ac-433c-b23c-1c5f3844c49c",
        "x-ms-content-sha256": "FXT5kXS\u002BVn1lOUgNLxdewHOZf8Y6JNnGBHkF33ZAXpc=",
        "x-ms-date": "Tue, 24 Oct 2023 13:17:37 GMT",
        "x-ms-useragent": "azsdk-js-communication-rooms/1.1.0-beta.1 core-rest-pipeline/1.12.2 OS"
      },
      "RequestBody": {
        "validFrom": "2023-10-24T13:17:28.000Z",
        "validUntil": "2023-10-24T13:22:28.000Z",
        "pstnDialOutEnabled": true,
        "participants": {}
      },
      "StatusCode": 201,
      "ResponseHeaders": {
        "Access-Control-Allow-Origin": "*",
        "api-deprecated-versions": "2021-04-07, 2022-02-01",
        "api-supported-versions": "2023-03-31-preview, 2023-06-14, 2023-10-30-preview",
        "Content-Type": "application/json; charset=utf-8",
        "Date": "Tue, 24 Oct 2023 13:17:35 GMT",
        "Location": "99452464623307081",
        "MS-CV": "d\u002BuVI0tOfkSJ8RTnjQ53YA.0",
        "Repeatability-Result": "accepted",
        "Request-Context": "appId=",
        "Transfer-Encoding": "chunked",
        "X-Azure-Ref": "078M3ZQAAAADMfeTS3GItRLpSx8M4BeFaU1RPRURHRTEzMTEAZjA5YTRjMTMtMjFmMS00OGVjLTljZjctNjY1NDU2ODRiNjQy",
        "X-Cache": "CONFIG_NOCACHE"
      },
      "ResponseBody": {
        "id": "99452464623307081",
        "createdAt": "2023-10-24T13:17:35.815097\u002B00:00",
        "validFrom": "2023-10-24T13:17:28\u002B00:00",
        "validUntil": "2023-10-24T13:22:28\u002B00:00",
        "pstnDialOutEnabled": true
      }
    },
    {
      "RequestUri": "https://endpoint/rooms?api-version=2023-10-30-preview",
      "RequestMethod": "POST",
      "RequestHeaders": {
        "Accept": "application/json",
        "Accept-Encoding": "gzip, deflate, br",
        "Accept-Language": "en-US",
        "Authorization": "Sanitized",
        "Connection": "keep-alive",
        "Content-Length": "125",
        "Content-Type": "application/json",
        "Origin": "http://localhost:9876",
        "Referer": "http://localhost:9876/",
        "repeatability-first-sent": "Tue, 24 Oct 2023 13:17:38 GMT",
        "repeatability-request-id": "8b9383ef-22c6-4e40-83e8-f7949f21ef48",
        "sec-ch-ua": "",
        "sec-ch-ua-mobile": "?0",
        "sec-ch-ua-platform": "\u0022\u0022",
        "Sec-Fetch-Dest": "empty",
        "Sec-Fetch-Mode": "cors",
        "Sec-Fetch-Site": "same-site",
        "User-Agent": "Mozilla/5.0 (Windows NT 10.0; Win64; x64) AppleWebKit/537.36 (KHTML, like Gecko) HeadlessChrome/112.0.5614.0 Safari/537.36",
        "x-ms-client-request-id": "78426db7-9019-40d0-8db0-d67673e01004",
        "x-ms-content-sha256": "WQ4v3DpheMNC8z\u002BFgtbhKVo8ajcYv0qRYdBMztQRw1U=",
        "x-ms-date": "Tue, 24 Oct 2023 13:17:38 GMT",
        "x-ms-useragent": "azsdk-js-communication-rooms/1.1.0-beta.1 core-rest-pipeline/1.12.2 OS"
      },
      "RequestBody": {
        "validFrom": "2023-10-24T13:17:28.000Z",
        "validUntil": "2023-10-24T13:22:28.000Z",
        "pstnDialOutEnabled": false,
        "participants": {}
      },
      "StatusCode": 201,
      "ResponseHeaders": {
        "Access-Control-Allow-Origin": "*",
        "api-deprecated-versions": "2021-04-07, 2022-02-01",
        "api-supported-versions": "2023-03-31-preview, 2023-06-14, 2023-10-30-preview",
        "Content-Type": "application/json; charset=utf-8",
        "Date": "Tue, 24 Oct 2023 13:17:35 GMT",
        "Location": "9945088064292028",
        "MS-CV": "MeXj0bvNx0OjzGpEz08XnA.0",
        "Repeatability-Result": "accepted",
        "Request-Context": "appId=",
        "Transfer-Encoding": "chunked",
        "X-Azure-Ref": "078M3ZQAAAAB8MmAmL2ITS7swlgCmYasoU1RPRURHRTEzMTEAZjA5YTRjMTMtMjFmMS00OGVjLTljZjctNjY1NDU2ODRiNjQy",
        "X-Cache": "CONFIG_NOCACHE"
      },
      "ResponseBody": {
        "id": "9945088064292028",
        "createdAt": "2023-10-24T13:17:36.154934\u002B00:00",
        "validFrom": "2023-10-24T13:17:28\u002B00:00",
        "validUntil": "2023-10-24T13:22:28\u002B00:00",
        "pstnDialOutEnabled": false
      }
    },
    {
      "RequestUri": "https://endpoint/rooms/9945088064292028/participants?api-version=2023-10-30-preview",
      "RequestMethod": "GET",
      "RequestHeaders": {
        "Accept": "application/json",
        "Accept-Encoding": "gzip, deflate, br",
        "Accept-Language": "en-US",
        "Authorization": "Sanitized",
        "Connection": "keep-alive",
        "Origin": "http://localhost:9876",
        "Referer": "http://localhost:9876/",
        "sec-ch-ua": "",
        "sec-ch-ua-mobile": "?0",
        "sec-ch-ua-platform": "\u0022\u0022",
        "Sec-Fetch-Dest": "empty",
        "Sec-Fetch-Mode": "cors",
        "Sec-Fetch-Site": "same-site",
        "User-Agent": "Mozilla/5.0 (Windows NT 10.0; Win64; x64) AppleWebKit/537.36 (KHTML, like Gecko) HeadlessChrome/112.0.5614.0 Safari/537.36",
        "x-ms-client-request-id": "28018f8a-a330-4e0e-8946-9887ceb4baea",
        "x-ms-content-sha256": "47DEQpj8HBSa\u002B/TImW\u002B5JCeuQeRkm5NMpJWZG3hSuFU=",
        "x-ms-date": "Tue, 24 Oct 2023 13:17:38 GMT",
        "x-ms-useragent": "azsdk-js-communication-rooms/1.1.0-beta.1 core-rest-pipeline/1.12.2 OS"
      },
      "RequestBody": null,
      "StatusCode": 200,
      "ResponseHeaders": {
        "Access-Control-Allow-Origin": "*",
        "api-deprecated-versions": "2022-02-01",
        "api-supported-versions": "2023-03-31-preview, 2023-06-14, 2023-10-30-preview",
        "Content-Type": "application/json; charset=utf-8",
        "Date": "Tue, 24 Oct 2023 13:17:35 GMT",
        "MS-CV": "7goeYugNN0upjs0l8beWgQ.0",
        "Request-Context": "appId=",
        "Transfer-Encoding": "chunked",
        "X-Azure-Ref": "08MM3ZQAAAAC/t9jOi0bDSpOfDa1YnBrPU1RPRURHRTEzMTEAZjA5YTRjMTMtMjFmMS00OGVjLTljZjctNjY1NDU2ODRiNjQy",
        "X-Cache": "CONFIG_NOCACHE"
      },
      "ResponseBody": {
        "value": []
      }
    },
    {
      "RequestUri": "https://endpoint/rooms/9945088064292028?api-version=2023-10-30-preview",
      "RequestMethod": "DELETE",
      "RequestHeaders": {
        "Accept": "application/json",
        "Accept-Encoding": "gzip, deflate, br",
        "Accept-Language": "en-US",
        "Authorization": "Sanitized",
        "Connection": "keep-alive",
        "Origin": "http://localhost:9876",
        "Referer": "http://localhost:9876/",
        "sec-ch-ua": "",
        "sec-ch-ua-mobile": "?0",
        "sec-ch-ua-platform": "\u0022\u0022",
        "Sec-Fetch-Dest": "empty",
        "Sec-Fetch-Mode": "cors",
        "Sec-Fetch-Site": "same-site",
        "User-Agent": "Mozilla/5.0 (Windows NT 10.0; Win64; x64) AppleWebKit/537.36 (KHTML, like Gecko) HeadlessChrome/112.0.5614.0 Safari/537.36",
        "x-ms-client-request-id": "f5f9c157-0437-4704-ae6b-8bbea066cc73",
        "x-ms-content-sha256": "47DEQpj8HBSa\u002B/TImW\u002B5JCeuQeRkm5NMpJWZG3hSuFU=",
        "x-ms-date": "Tue, 24 Oct 2023 13:17:38 GMT",
        "x-ms-useragent": "azsdk-js-communication-rooms/1.1.0-beta.1 core-rest-pipeline/1.12.2 OS"
      },
      "RequestBody": null,
      "StatusCode": 204,
      "ResponseHeaders": {
        "Access-Control-Allow-Origin": "*",
        "api-deprecated-versions": "2021-04-07, 2022-02-01",
        "api-supported-versions": "2023-03-31-preview, 2023-06-14, 2023-10-30-preview",
        "Date": "Tue, 24 Oct 2023 13:17:36 GMT",
        "MS-CV": "1ZaDys379UmAutCs6n\u002BFRg.0",
        "Request-Context": "appId=",
        "X-Azure-Ref": "08MM3ZQAAAACgax50QhYxR7tap\u002BCHPwbxU1RPRURHRTEzMDcAZjA5YTRjMTMtMjFmMS00OGVjLTljZjctNjY1NDU2ODRiNjQy",
        "X-Cache": "CONFIG_NOCACHE"
      },
      "ResponseBody": null
    }
  ],
  "Variables": {
    "validFrom": "Tue Oct 24 2023 16:17:28 GMT\u002B0300 (Eastern European Summer Time)",
    "validUntil": "Tue Oct 24 2023 16:22:28 GMT\u002B0300 (Eastern European Summer Time)"
  }
}
