{
  "Entries": [
    {
      "RequestUri": "https://endpoint/identities?api-version=2022-10-01",
      "RequestMethod": "POST",
      "RequestHeaders": {
        "Accept": "application/json",
        "Accept-Encoding": "gzip, deflate, br",
        "Accept-Language": "en-GB",
        "Authorization": "Sanitized",
        "Connection": "keep-alive",
        "Content-Length": "34",
        "Content-Type": "application/json",
        "Origin": "http://localhost:9876",
        "Referer": "http://localhost:9876/",
        "sec-ch-ua": "",
        "sec-ch-ua-mobile": "?0",
        "sec-ch-ua-platform": "",
        "Sec-Fetch-Dest": "empty",
        "Sec-Fetch-Mode": "cors",
        "Sec-Fetch-Site": "same-site",
        "User-Agent": "Mozilla/5.0 (Windows NT 10.0; Win64; x64) AppleWebKit/537.36 (KHTML, like Gecko) HeadlessChrome/103.0.5058.0 Safari/537.36",
        "x-ms-client-request-id": "17194ef8-11bb-4ec3-b827-93f425683592",
        "x-ms-content-sha256": "k4k9IoKBLYipoiXK3LctfBcfghISSb6AI45ji7ILZfg=",
        "x-ms-date": "Mon, 08 Aug 2022 19:52:38 GMT",
        "x-ms-useragent": "azsdk-js-communication-identity/1.1.1 core-rest-pipeline/1.9.1 OS/Win32"
      },
      "RequestBody": {
        "createTokenWithScopes": [
          "voip"
        ]
      },
      "StatusCode": 201,
      "ResponseHeaders": {
        "Access-Control-Allow-Origin": "*",
        "api-supported-versions": "2020-07-20-preview2, 2021-02-22-preview1, 2021-03-07, 2021-10-31-preview, 2021-11-01, 2022-06-01, 2022-10-01",
        "Connection": "keep-alive",
        "Content-Length": "220",
        "Content-Type": "application/json; charset=utf-8",
        "Date": "Mon, 08 Aug 2022 19:52:38 GMT",
        "MS-CV": "kLhdJivEg06JX4uLUACSMg.0",
        "Request-Context": "appId=",
        "Strict-Transport-Security": "max-age=2592000",
        "x-azure-ref": "20220808T195238Z-91tba13kdd5mrb8h3w91379wbg000000052000000001rvck",
        "X-Cache": "CONFIG_NOCACHE",
        "x-ms-client-request-id": "17194ef8-11bb-4ec3-b827-93f425683592",
        "X-Processing-Time": "98ms"
      },
      "ResponseBody": {
        "identity": {
          "id": "Sanitized"
        },
        "accessToken": {
          "token": "eyJhbGciOiJIUzI1NiIsInR5cCI6IkpXVCJ9.eyJleHAiOjE2NTk5OTE3NjMuMzY4fQ==.adM-ddBZZlQ1WlN3pdPBOF5G4Wh9iZpxNP_fSvpF4cWs",
          "expiresOn": "2022-08-09T19:52:38.6841732\u002B00:00"
        }
      }
    },
    {
      "RequestUri": "https://endpoint/identities?api-version=2022-10-01",
      "RequestMethod": "POST",
      "RequestHeaders": {
        "Accept": "application/json",
        "Accept-Encoding": "gzip, deflate, br",
        "Accept-Language": "en-GB",
        "Authorization": "Sanitized",
        "Connection": "keep-alive",
        "Content-Length": "34",
        "Content-Type": "application/json",
        "Origin": "http://localhost:9876",
        "Referer": "http://localhost:9876/",
        "sec-ch-ua": "",
        "sec-ch-ua-mobile": "?0",
        "sec-ch-ua-platform": "",
        "Sec-Fetch-Dest": "empty",
        "Sec-Fetch-Mode": "cors",
        "Sec-Fetch-Site": "same-site",
        "User-Agent": "Mozilla/5.0 (Windows NT 10.0; Win64; x64) AppleWebKit/537.36 (KHTML, like Gecko) HeadlessChrome/103.0.5058.0 Safari/537.36",
        "x-ms-client-request-id": "f4113049-ffb8-493d-9b3d-ce136fb86ad7",
        "x-ms-content-sha256": "k4k9IoKBLYipoiXK3LctfBcfghISSb6AI45ji7ILZfg=",
        "x-ms-date": "Mon, 08 Aug 2022 19:52:39 GMT",
        "x-ms-useragent": "azsdk-js-communication-identity/1.1.1 core-rest-pipeline/1.9.1 OS/Win32"
      },
      "RequestBody": {
        "createTokenWithScopes": [
          "voip"
        ]
      },
      "StatusCode": 201,
      "ResponseHeaders": {
        "Access-Control-Allow-Origin": "*",
        "api-supported-versions": "2020-07-20-preview2, 2021-02-22-preview1, 2021-03-07, 2021-10-31-preview, 2021-11-01, 2022-06-01, 2022-10-01",
        "Connection": "keep-alive",
        "Content-Length": "220",
        "Content-Type": "application/json; charset=utf-8",
        "Date": "Mon, 08 Aug 2022 19:52:39 GMT",
        "MS-CV": "lgdcu1RLh0q7mmBQ1ESPPg.0",
        "Request-Context": "appId=",
        "Strict-Transport-Security": "max-age=2592000",
        "x-azure-ref": "20220808T195238Z-91tba13kdd5mrb8h3w91379wbg000000052000000001rvkg",
        "X-Cache": "CONFIG_NOCACHE",
        "x-ms-client-request-id": "f4113049-ffb8-493d-9b3d-ce136fb86ad7",
        "X-Processing-Time": "97ms"
      },
      "ResponseBody": {
        "identity": {
          "id": "Sanitized"
        },
        "accessToken": {
          "token": "eyJhbGciOiJIUzI1NiIsInR5cCI6IkpXVCJ9.eyJleHAiOjE2NTk5OTE3NjMuMzY4fQ==.adM-ddBZZlQ1WlN3pdPBOF5G4Wh9iZpxNP_fSvpF4cWs",
          "expiresOn": "2022-08-09T19:52:39.1546065\u002B00:00"
        }
      }
    },
    {
      "RequestUri": "https://endpoint/rooms?api-version=2022-02-01",
      "RequestMethod": "POST",
      "RequestHeaders": {
        "Accept": "application/json",
        "Accept-Encoding": "gzip, deflate, br",
        "Accept-Language": "en-GB",
        "Authorization": "Sanitized",
        "Connection": "keep-alive",
        "Content-Length": "125",
        "Content-Type": "application/json",
        "Origin": "http://localhost:9876",
        "Referer": "http://localhost:9876/",
        "repeatability-first-sent": "2022-08-08T19:52:39.824Z",
        "repeatability-request-id": "5427149b-8ab4-47a6-847f-d82be6fe9354",
        "sec-ch-ua": "",
        "sec-ch-ua-mobile": "?0",
        "sec-ch-ua-platform": "",
        "Sec-Fetch-Dest": "empty",
        "Sec-Fetch-Mode": "cors",
        "Sec-Fetch-Site": "same-site",
        "User-Agent": "Mozilla/5.0 (Windows NT 10.0; Win64; x64) AppleWebKit/537.36 (KHTML, like Gecko) HeadlessChrome/103.0.5058.0 Safari/537.36",
        "x-ms-client-request-id": "fd3323d9-e151-4980-be1d-0ad0207f075b",
        "x-ms-content-sha256": "Ne628SAEGNr8MyofcZijHhJf5GN0REwiM3kleZY66h8=",
        "x-ms-date": "Mon, 08 Aug 2022 19:52:39 GMT",
        "x-ms-useragent": "azsdk-js-communication-rooms/1.2.0-beta.1 core-rest-pipeline/1.9.1 OS/Win32"
      },
      "RequestBody": {
        "validFrom": "2022-08-08T19:44:23.000Z",
        "validUntil": "2022-08-08T19:54:23.000Z",
        "roomJoinPolicy": "CommunicationServiceUsers"
      },
      "StatusCode": 201,
      "ResponseHeaders": {
        "Access-Control-Allow-Origin": "*",
        "api-supported-versions": "2021-04-07, 2022-02-01",
        "Connection": "keep-alive",
        "Content-Type": "application/json; charset=utf-8",
        "Date": "Mon, 08 Aug 2022 19:52:39 GMT",
        "Location": "9947004761115183",
        "MS-CV": "DgYJa2k520CE9VwfKP75bw.0",
        "Repeatability-Result": "accepted",
        "Transfer-Encoding": "chunked",
        "x-azure-ref": "20220808T195239Z-91tba13kdd5mrb8h3w91379wbg000000052000000001rvrh",
        "X-Cache": "CONFIG_NOCACHE"
      },
      "ResponseBody": {
        "id": "9947004761115183",
        "createdDateTime": "2022-08-08T19:52:39.5924089\u002B00:00",
        "validFrom": "2022-08-08T19:44:23\u002B00:00",
        "validUntil": "2022-08-08T19:54:23\u002B00:00",
        "roomJoinPolicy": "CommunicationServiceUsers",
        "participants": []
      }
    },
    {
      "RequestUri": "https://endpoint/rooms/9947004761115183?api-version=2022-02-01",
      "RequestMethod": "PATCH",
      "RequestHeaders": {
        "Accept": "application/json",
        "Accept-Encoding": "gzip, deflate, br",
        "Accept-Language": "en-GB",
        "Authorization": "Sanitized",
        "Connection": "keep-alive",
        "Content-Length": "31",
        "Content-Type": "application/json",
        "Origin": "http://localhost:9876",
        "Referer": "http://localhost:9876/",
        "sec-ch-ua": "",
        "sec-ch-ua-mobile": "?0",
        "sec-ch-ua-platform": "",
        "Sec-Fetch-Dest": "empty",
        "Sec-Fetch-Mode": "cors",
        "Sec-Fetch-Site": "same-site",
        "User-Agent": "Mozilla/5.0 (Windows NT 10.0; Win64; x64) AppleWebKit/537.36 (KHTML, like Gecko) HeadlessChrome/103.0.5058.0 Safari/537.36",
        "x-ms-client-request-id": "2537deaa-5d6e-44fe-8662-3846a956f5b7",
        "x-ms-content-sha256": "s04k09VFTanFG78\u002BxY\u002BwIdCLaIO9X6kmp/ZhDTe1ftY=",
        "x-ms-date": "Mon, 08 Aug 2022 19:52:40 GMT",
        "x-ms-useragent": "azsdk-js-communication-rooms/1.2.0-beta.1 core-rest-pipeline/1.9.1 OS/Win32"
      },
      "RequestBody": {
        "roomJoinPolicy": "InviteOnly"
      },
      "StatusCode": 400,
      "ResponseHeaders": {
        "Access-Control-Allow-Origin": "*",
        "api-supported-versions": "2021-04-07, 2022-02-01",
        "Connection": "keep-alive",
        "Content-Type": "application/json; charset=utf-8",
        "Date": "Mon, 08 Aug 2022 19:52:40 GMT",
        "MS-CV": "tsTO8zP65UCbNu6iArytow.0",
        "Transfer-Encoding": "chunked",
        "x-azure-ref": "20220808T195239Z-91tba13kdd5mrb8h3w91379wbg000000052000000001rvxc",
        "X-Cache": "CONFIG_NOCACHE"
      },
      "ResponseBody": {
        "error": {
          "code": "BadRequest",
          "message": "Room join policy cannot be updated after room start time has elapsed"
        }
      }
    },
    {
      "RequestUri": "https://endpoint/rooms/9947004761115183?api-version=2022-02-01",
      "RequestMethod": "DELETE",
      "RequestHeaders": {
        "Accept": "application/json",
        "Accept-Encoding": "gzip, deflate, br",
        "Accept-Language": "en-GB",
        "Authorization": "Sanitized",
        "Connection": "keep-alive",
        "Origin": "http://localhost:9876",
        "Referer": "http://localhost:9876/",
        "sec-ch-ua": "",
        "sec-ch-ua-mobile": "?0",
        "sec-ch-ua-platform": "",
        "Sec-Fetch-Dest": "empty",
        "Sec-Fetch-Mode": "cors",
        "Sec-Fetch-Site": "same-site",
        "User-Agent": "Mozilla/5.0 (Windows NT 10.0; Win64; x64) AppleWebKit/537.36 (KHTML, like Gecko) HeadlessChrome/103.0.5058.0 Safari/537.36",
        "x-ms-client-request-id": "3527a9fa-0e9d-4ae5-a797-3817e46d48de",
        "x-ms-content-sha256": "47DEQpj8HBSa\u002B/TImW\u002B5JCeuQeRkm5NMpJWZG3hSuFU=",
        "x-ms-date": "Mon, 08 Aug 2022 19:52:40 GMT",
        "x-ms-useragent": "azsdk-js-communication-rooms/1.2.0-beta.1 core-rest-pipeline/1.9.1 OS/Win32"
      },
      "RequestBody": null,
      "StatusCode": 204,
      "ResponseHeaders": {
        "Access-Control-Allow-Origin": "*",
        "api-supported-versions": "2021-04-07, 2022-02-01",
        "Connection": "keep-alive",
        "Date": "Mon, 08 Aug 2022 19:52:40 GMT",
        "MS-CV": "Wf6KR4QmUkO02mcjgy2eqQ.0",
        "x-azure-ref": "20220808T195239Z-q1z3stmybd47948vv0qhv9299w000000053g00000000wk29",
        "X-Cache": "CONFIG_NOCACHE"
      },
      "ResponseBody": null
    }
  ],
  "Variables": {
    "validFromPast": "Mon Aug 08 2022 12:44:23 GMT-0700 (Pacific Daylight Time)",
    "validUntil": "Mon Aug 08 2022 12:54:23 GMT-0700 (Pacific Daylight Time)"
  }
}
