{
  "Entries": [
    {
      "RequestUri": "https://endpoint/identities?api-version=2022-10-01",
      "RequestMethod": "POST",
      "RequestHeaders": {
        "Accept": "application/json",
        "Accept-Encoding": "gzip, deflate, br",
        "Authorization": "Sanitized",
        "Connection": "keep-alive",
        "Content-Length": "34",
        "Content-Type": "application/json",
        "Origin": "http://localhost:9876",
        "Referer": "http://localhost:9876/",
        "sec-ch-ua": "\u0022Not.A/Brand\u0022;v=\u00228\u0022, \u0022Chromium\u0022;v=\u0022114\u0022, \u0022HeadlessChrome\u0022;v=\u0022114\u0022",
        "sec-ch-ua-mobile": "?0",
        "sec-ch-ua-platform": "\u0022Windows\u0022",
        "Sec-Fetch-Dest": "empty",
        "Sec-Fetch-Mode": "cors",
        "Sec-Fetch-Site": "same-site",
        "User-Agent": "Mozilla/5.0 (Windows NT 10.0; Win64; x64) AppleWebKit/537.36 (KHTML, like Gecko) HeadlessChrome/114.0.5735.133 Safari/537.36",
        "x-ms-client-request-id": "899f0382-5c6e-4bbb-8ccb-60ee0f678a31",
        "x-ms-content-sha256": "k4k9IoKBLYipoiXK3LctfBcfghISSb6AI45ji7ILZfg=",
        "x-ms-date": "Wed, 12 Jul 2023 16:49:38 GMT",
        "x-ms-useragent": "azsdk-js-communication-identity/1.2.1 core-rest-pipeline/1.11.1 OS/Windows"
      },
      "RequestBody": {
        "createTokenWithScopes": [
          "voip"
        ]
      },
      "StatusCode": 201,
      "ResponseHeaders": {
        "Access-Control-Allow-Origin": "*",
        "api-supported-versions": "2020-07-20-preview2, 2021-02-22-preview1, 2021-03-07, 2021-10-31-preview, 2021-11-01, 2022-06-01, 2022-10-01, 2023-08-01",
        "Content-Length": "219",
        "Content-Type": "application/json; charset=utf-8",
        "Date": "Wed, 12 Jul 2023 16:49:39 GMT",
        "MS-CV": "RvsW2fRePEG5fmwQkqVY\u002BQ.0",
        "Request-Context": "appId=",
        "Strict-Transport-Security": "max-age=2592000",
        "X-Azure-Ref": "0pNmuZAAAAACzsPNTISGvTpa4aj5I\u002BwTKWVZSMzExMDAwMTE1MDUxAGYwOWE0YzEzLTIxZjEtNDhlYy05Y2Y3LTY2NTQ1Njg0YjY0Mg==",
        "X-Cache": "CONFIG_NOCACHE",
        "x-ms-client-request-id": "899f0382-5c6e-4bbb-8ccb-60ee0f678a31",
        "X-Processing-Time": "24ms"
      },
      "ResponseBody": {
        "identity": {
          "id": "Sanitized"
        },
        "accessToken": {
          "token": "eyJhbGciOiJIUzI1NiIsInR5cCI6IkpXVCJ9.eyJleHAiOjE2ODkxODQxNzUuMTE1fQ==.adM-ddBZZlQ1WlN3pdPBOF5G4Wh9iZpxNP_fSvpF4cWs",
          "expiresOn": "2023-07-13T16:49:40.068771\u002B00:00"
        }
      }
    },
    {
      "RequestUri": "https://endpoint/rooms?api-version=2023-06-14",
      "RequestMethod": "POST",
      "RequestHeaders": {
        "Accept": "application/json",
        "Accept-Encoding": "gzip, deflate, br",
        "Authorization": "Sanitized",
        "Connection": "keep-alive",
        "Content-Length": "98",
        "Content-Type": "application/json",
        "Origin": "http://localhost:9876",
        "Referer": "http://localhost:9876/",
        "repeatability-first-sent": "Wed, 12 Jul 2023 16:49:38 GMT",
        "repeatability-request-id": "3111a064-03b1-4293-bf07-0586ce71fdb2",
        "sec-ch-ua": "\u0022Not.A/Brand\u0022;v=\u00228\u0022, \u0022Chromium\u0022;v=\u0022114\u0022, \u0022HeadlessChrome\u0022;v=\u0022114\u0022",
        "sec-ch-ua-mobile": "?0",
        "sec-ch-ua-platform": "\u0022Windows\u0022",
        "Sec-Fetch-Dest": "empty",
        "Sec-Fetch-Mode": "cors",
        "Sec-Fetch-Site": "same-site",
        "User-Agent": "Mozilla/5.0 (Windows NT 10.0; Win64; x64) AppleWebKit/537.36 (KHTML, like Gecko) HeadlessChrome/114.0.5735.133 Safari/537.36",
        "x-ms-client-request-id": "ca9f4106-febd-407c-9cfc-d46e0737de6d",
        "x-ms-content-sha256": "\u002BPBThbRwJtv6ScP49HYmkIJQYUCe\u002BFf0r1We48VlSmE=",
        "x-ms-date": "Wed, 12 Jul 2023 16:49:38 GMT",
        "x-ms-useragent": "azsdk-js-communication-rooms/1.0.0 core-rest-pipeline/1.11.1 OS/Windows"
      },
      "RequestBody": {
        "validFrom": "2023-07-12T16:49:35.000Z",
        "validUntil": "2023-07-12T16:54:35.000Z",
        "participants": {}
      },
      "StatusCode": 201,
      "ResponseHeaders": {
        "Access-Control-Allow-Origin": "*",
        "api-deprecated-versions": "2021-04-07, 2022-02-01",
        "api-supported-versions": "2023-03-31-preview, 2023-06-14",
        "Content-Type": "application/json; charset=utf-8",
        "Date": "Wed, 12 Jul 2023 16:49:39 GMT",
        "Location": "99484171373700800",
        "MS-CV": "8TR9RbaTvkGn9AjnpKdSkg.0",
        "Repeatability-Result": "accepted",
        "Request-Context": "appId=",
        "Transfer-Encoding": "chunked",
        "X-Azure-Ref": "0pNmuZAAAAAD2YPc5FAJuQpczduDD45hoWVZSMzExMDAwMTE1MDUxAGYwOWE0YzEzLTIxZjEtNDhlYy05Y2Y3LTY2NTQ1Njg0YjY0Mg==",
        "X-Cache": "CONFIG_NOCACHE"
      },
      "ResponseBody": {
        "id": "99484171373700800",
        "createdAt": "2023-07-12T16:49:40.3037519\u002B00:00",
        "validFrom": "2023-07-12T16:49:35\u002B00:00",
        "validUntil": "2023-07-12T16:54:35\u002B00:00"
      }
    },
    {
      "RequestUri": "https://endpoint/rooms/99484171373700800/participants?api-version=2023-06-14",
      "RequestMethod": "GET",
      "RequestHeaders": {
        "Accept": "application/json",
        "Accept-Encoding": "gzip, deflate, br",
        "Authorization": "Sanitized",
        "Connection": "keep-alive",
        "Origin": "http://localhost:9876",
        "Referer": "http://localhost:9876/",
        "sec-ch-ua": "\u0022Not.A/Brand\u0022;v=\u00228\u0022, \u0022Chromium\u0022;v=\u0022114\u0022, \u0022HeadlessChrome\u0022;v=\u0022114\u0022",
        "sec-ch-ua-mobile": "?0",
        "sec-ch-ua-platform": "\u0022Windows\u0022",
        "Sec-Fetch-Dest": "empty",
        "Sec-Fetch-Mode": "cors",
        "Sec-Fetch-Site": "same-site",
        "User-Agent": "Mozilla/5.0 (Windows NT 10.0; Win64; x64) AppleWebKit/537.36 (KHTML, like Gecko) HeadlessChrome/114.0.5735.133 Safari/537.36",
        "x-ms-client-request-id": "9f9e986d-d5c6-4603-9a56-06557b0fc695",
        "x-ms-content-sha256": "47DEQpj8HBSa\u002B/TImW\u002B5JCeuQeRkm5NMpJWZG3hSuFU=",
        "x-ms-date": "Wed, 12 Jul 2023 16:49:38 GMT",
        "x-ms-useragent": "azsdk-js-communication-rooms/1.0.0 core-rest-pipeline/1.11.1 OS/Windows"
      },
      "RequestBody": null,
      "StatusCode": 200,
      "ResponseHeaders": {
        "Access-Control-Allow-Origin": "*",
        "api-deprecated-versions": "2022-02-01",
        "api-supported-versions": "2023-03-31-preview, 2023-06-14",
        "Content-Type": "application/json; charset=utf-8",
        "Date": "Wed, 12 Jul 2023 16:49:39 GMT",
        "MS-CV": "BaakzxV/fUK22GFRD2qUyw.0",
        "Request-Context": "appId=",
        "Transfer-Encoding": "chunked",
        "X-Azure-Ref": "0pNmuZAAAAACN/RKeo9SwT6Gn6LDCw/aYWVZSMzExMDAwMTE1MDUxAGYwOWE0YzEzLTIxZjEtNDhlYy05Y2Y3LTY2NTQ1Njg0YjY0Mg==",
        "X-Cache": "CONFIG_NOCACHE"
      },
      "ResponseBody": {
        "value": []
      }
    },
    {
      "RequestUri": "https://endpoint/rooms/99484171373700800?api-version=2023-06-14",
      "RequestMethod": "DELETE",
      "RequestHeaders": {
        "Accept": "application/json",
        "Accept-Encoding": "gzip, deflate, br",
        "Authorization": "Sanitized",
        "Connection": "keep-alive",
        "Origin": "http://localhost:9876",
        "Referer": "http://localhost:9876/",
        "sec-ch-ua": "\u0022Not.A/Brand\u0022;v=\u00228\u0022, \u0022Chromium\u0022;v=\u0022114\u0022, \u0022HeadlessChrome\u0022;v=\u0022114\u0022",
        "sec-ch-ua-mobile": "?0",
        "sec-ch-ua-platform": "\u0022Windows\u0022",
        "Sec-Fetch-Dest": "empty",
        "Sec-Fetch-Mode": "cors",
        "Sec-Fetch-Site": "same-site",
        "User-Agent": "Mozilla/5.0 (Windows NT 10.0; Win64; x64) AppleWebKit/537.36 (KHTML, like Gecko) HeadlessChrome/114.0.5735.133 Safari/537.36",
        "x-ms-client-request-id": "f539e43f-522d-4adc-b527-fda128d82bce",
        "x-ms-content-sha256": "47DEQpj8HBSa\u002B/TImW\u002B5JCeuQeRkm5NMpJWZG3hSuFU=",
        "x-ms-date": "Wed, 12 Jul 2023 16:49:38 GMT",
        "x-ms-useragent": "azsdk-js-communication-rooms/1.0.0 core-rest-pipeline/1.11.1 OS/Windows"
      },
      "RequestBody": null,
      "StatusCode": 204,
      "ResponseHeaders": {
        "Access-Control-Allow-Origin": "*",
        "api-deprecated-versions": "2021-04-07, 2022-02-01",
        "api-supported-versions": "2023-03-31-preview, 2023-06-14",
        "Connection": "keep-alive",
        "Date": "Wed, 12 Jul 2023 16:49:40 GMT",
        "MS-CV": "t0TA\u002B7Hqw0KJ0snxwAHKuw.0",
        "Request-Context": "appId=",
        "x-azure-ref": "20230712T164940Z-0yrht9zd1t67d08v03m966g21s000000009g00000000sx1c",
        "X-Cache": "CONFIG_NOCACHE"
      },
      "ResponseBody": null
    }
  ],
  "Variables": {
    "validFrom": "Wed Jul 12 2023 09:49:35 GMT-0700 (Pacific Daylight Time)",
    "validUntil": "Wed Jul 12 2023 09:54:35 GMT-0700 (Pacific Daylight Time)"
  }
}
