{
  "Entries": [
    {
      "RequestUri": "https://management.azure.com/subscriptions/azure_subscription_id/resourceGroups/myjstest/providers/Microsoft.ApiManagement/service/myserviceyyy1?api-version=2021-08-01",
      "RequestMethod": "PUT",
      "RequestHeaders": {
        "Accept": "application/json",
        "Accept-Encoding": "gzip,deflate",
        "Authorization": "Sanitized",
        "Connection": "keep-alive",
        "Content-Length": "132",
        "Content-Type": "application/json",
        "User-Agent": "azsdk-js-arm-apimanagement/1.0.0-beta.1 core-rest-pipeline/1.10.0 Node/v16.17.0 OS/(x64-Windows_NT-10.0.22621)",
        "x-ms-client-request-id": "06082799-bd71-4feb-87cc-36aabeb24aca"
      },
      "RequestBody": {
        "sku": {
          "name": "Standard",
          "capacity": 1
        },
        "location": "eastus",
        "properties": {
          "publisherEmail": "foo@contoso.com",
          "publisherName": "foo"
        }
      },
      "StatusCode": 201,
      "ResponseHeaders": {
        "Cache-Control": "no-cache",
        "Content-Length": "1649",
        "Content-Type": "application/json; charset=utf-8",
        "Date": "Wed, 02 Nov 2022 08:31:40 GMT",
        "ETag": "\u0022AAAAAACBDxo=\u0022",
        "Expires": "-1",
        "Location": "https://management.azure.com/subscriptions/azure_subscription_id/resourceGroups/myjstest/providers/Microsoft.ApiManagement/service/myserviceyyy1/operationresults/ZWFzdHVzOm15c2VydmljZXl5eTFfQWN0X2UyYjcyODlh?api-version=2021-08-01",
        "Pragma": "no-cache",
        "Retry-After": "60",
        "Server": "Microsoft-HTTPAPI/2.0",
        "Strict-Transport-Security": "max-age=31536000; includeSubDomains",
        "X-Content-Type-Options": "nosniff",
        "x-ms-correlation-request-id": "252de861-5c26-4f6b-9970-dfcb369b6a90",
        "x-ms-ratelimit-remaining-subscription-writes": "1199",
        "x-ms-request-id": [
          "252de861-5c26-4f6b-9970-dfcb369b6a90",
          "252de861-5c26-4f6b-9970-dfcb369b6a90"
        ],
        "x-ms-routing-request-id": "SOUTHEASTASIA:20221102T083140Z:252de861-5c26-4f6b-9970-dfcb369b6a90"
      },
      "ResponseBody": {
        "id": "/subscriptions/azure_subscription_id/resourceGroups/myjstest/providers/Microsoft.ApiManagement/service/myserviceyyy1",
        "name": "myserviceyyy1",
        "type": "Microsoft.ApiManagement/service",
        "tags": {},
        "location": "East US",
        "etag": "AAAAAACBDxo=",
        "properties": {
          "publisherEmail": "foo@contoso.com",
          "publisherName": "foo",
          "notificationSenderEmail": "apimgmt-noreply@mail.windowsazure.com",
          "provisioningState": "Created",
          "targetProvisioningState": "Activating",
          "createdAtUtc": "2022-11-02T08:31:36.2698892Z",
          "gatewayUrl": "https://myserviceyyy1.azure-api.net",
          "gatewayRegionalUrl": null,
          "portalUrl": null,
          "developerPortalUrl": null,
          "managementApiUrl": null,
          "scmUrl": null,
          "hostnameConfigurations": [
            {
              "type": "Proxy",
              "hostName": "myserviceyyy1.azure-api.net",
              "encodedCertificate": null,
              "keyVaultId": null,
              "certificatePassword": null,
              "negotiateClientCertificate": false,
              "certificate": null,
              "defaultSslBinding": true,
              "identityClientId": null,
              "certificateSource": "BuiltIn",
              "certificateStatus": null
            }
          ],
          "publicIPAddresses": null,
          "privateIPAddresses": null,
          "additionalLocations": null,
          "virtualNetworkConfiguration": null,
          "customProperties": null,
          "virtualNetworkType": "None",
          "certificates": null,
          "disableGateway": false,
          "apiVersionConstraint": {
            "minApiVersion": null
          },
          "publicIpAddressId": null,
          "publicNetworkAccess": "Enabled",
          "privateEndpointConnections": null,
          "platformVersion": "undetermined"
        },
        "sku": {
          "name": "Standard",
          "capacity": 1
        },
        "identity": null,
        "zones": null,
        "systemData": {
          "createdBy": "azure_client_id",
          "createdByType": "Application",
          "createdAt": "2022-11-02T08:31:35.4400849Z",
          "lastModifiedBy": "azure_client_id",
          "lastModifiedByType": "Application",
          "lastModifiedAt": "2022-11-02T08:31:35.4400849Z"
        }
      }
    },
    {
      "RequestUri": "https://management.azure.com/subscriptions/azure_subscription_id/resourceGroups/myjstest/providers/Microsoft.ApiManagement/service/myserviceyyy1/operationresults/ZWFzdHVzOm15c2VydmljZXl5eTFfQWN0X2UyYjcyODlh?api-version=2021-08-01",
      "RequestMethod": "GET",
      "RequestHeaders": {
        "Accept": "application/json",
        "Accept-Encoding": "gzip,deflate",
        "Authorization": "Sanitized",
        "Connection": "keep-alive",
        "Content-Type": "application/json",
        "User-Agent": "azsdk-js-arm-apimanagement/1.0.0-beta.1 core-rest-pipeline/1.10.0 Node/v16.17.0 OS/(x64-Windows_NT-10.0.22621)",
        "x-ms-client-request-id": "ee227d7a-11f7-46a9-8e5a-f9126a5eb84b"
      },
      "RequestBody": null,
      "StatusCode": 202,
      "ResponseHeaders": {
        "Cache-Control": "no-cache",
        "Content-Length": "0",
        "Date": "Wed, 02 Nov 2022 08:31:41 GMT",
        "Expires": "-1",
        "Location": "https://management.azure.com/subscriptions/azure_subscription_id/resourceGroups/myjstest/providers/Microsoft.ApiManagement/service/myserviceyyy1/operationresults/ZWFzdHVzOm15c2VydmljZXl5eTFfQWN0X2UyYjcyODlh?api-version=2021-08-01",
        "Pragma": "no-cache",
        "Retry-After": "60",
        "Server": "Microsoft-HTTPAPI/2.0",
        "Strict-Transport-Security": "max-age=31536000; includeSubDomains",
        "X-Content-Type-Options": "nosniff",
        "x-ms-correlation-request-id": "b22a7461-1182-424b-88ff-cf59de26f701",
        "x-ms-ratelimit-remaining-subscription-reads": "11999",
        "x-ms-request-id": "b22a7461-1182-424b-88ff-cf59de26f701",
        "x-ms-routing-request-id": "SOUTHEASTASIA:20221102T083141Z:b22a7461-1182-424b-88ff-cf59de26f701"
      },
      "ResponseBody": null
    },
    {
      "RequestUri": "https://management.azure.com/subscriptions/azure_subscription_id/resourceGroups/myjstest/providers/Microsoft.ApiManagement/service/myserviceyyy1/operationresults/ZWFzdHVzOm15c2VydmljZXl5eTFfQWN0X2UyYjcyODlh?api-version=2021-08-01",
      "RequestMethod": "GET",
      "RequestHeaders": {
        "Accept": "application/json",
        "Accept-Encoding": "gzip,deflate",
        "Authorization": "Sanitized",
        "Connection": "keep-alive",
        "Content-Type": "application/json",
        "User-Agent": "azsdk-js-arm-apimanagement/1.0.0-beta.1 core-rest-pipeline/1.10.0 Node/v16.17.0 OS/(x64-Windows_NT-10.0.22621)",
        "x-ms-client-request-id": "bb4b251c-16d2-4780-bb8f-7e1de7f7be07"
      },
      "RequestBody": null,
      "StatusCode": 202,
      "ResponseHeaders": {
        "Cache-Control": "no-cache",
        "Content-Length": "0",
        "Date": "Wed, 02 Nov 2022 08:31:42 GMT",
        "Expires": "-1",
        "Location": "https://management.azure.com/subscriptions/azure_subscription_id/resourceGroups/myjstest/providers/Microsoft.ApiManagement/service/myserviceyyy1/operationresults/ZWFzdHVzOm15c2VydmljZXl5eTFfQWN0X2UyYjcyODlh?api-version=2021-08-01",
        "Pragma": "no-cache",
        "Retry-After": "60",
        "Server": "Microsoft-HTTPAPI/2.0",
        "Strict-Transport-Security": "max-age=31536000; includeSubDomains",
        "X-Content-Type-Options": "nosniff",
        "x-ms-correlation-request-id": "6c6755c5-97dd-4c04-9e1a-1cc1d42cb652",
        "x-ms-ratelimit-remaining-subscription-reads": "11998",
        "x-ms-request-id": "6c6755c5-97dd-4c04-9e1a-1cc1d42cb652",
        "x-ms-routing-request-id": "SOUTHEASTASIA:20221102T083142Z:6c6755c5-97dd-4c04-9e1a-1cc1d42cb652"
      },
      "ResponseBody": null
    },
    {
      "RequestUri": "https://management.azure.com/subscriptions/azure_subscription_id/resourceGroups/myjstest/providers/Microsoft.ApiManagement/service/myserviceyyy1/operationresults/ZWFzdHVzOm15c2VydmljZXl5eTFfQWN0X2UyYjcyODlh?api-version=2021-08-01",
      "RequestMethod": "GET",
      "RequestHeaders": {
        "Accept": "application/json",
        "Accept-Encoding": "gzip,deflate",
        "Authorization": "Sanitized",
        "Connection": "keep-alive",
        "Content-Type": "application/json",
        "User-Agent": "azsdk-js-arm-apimanagement/1.0.0-beta.1 core-rest-pipeline/1.10.0 Node/v16.17.0 OS/(x64-Windows_NT-10.0.22621)",
        "x-ms-client-request-id": "0ec52953-f564-41ad-895a-7271199aae07"
      },
      "RequestBody": null,
      "StatusCode": 202,
      "ResponseHeaders": {
        "Cache-Control": "no-cache",
        "Content-Length": "0",
        "Date": "Wed, 02 Nov 2022 08:32:43 GMT",
        "Expires": "-1",
        "Location": "https://management.azure.com/subscriptions/azure_subscription_id/resourceGroups/myjstest/providers/Microsoft.ApiManagement/service/myserviceyyy1/operationresults/ZWFzdHVzOm15c2VydmljZXl5eTFfQWN0X2UyYjcyODlh?api-version=2021-08-01",
        "Pragma": "no-cache",
        "Retry-After": "60",
        "Server": "Microsoft-HTTPAPI/2.0",
        "Strict-Transport-Security": "max-age=31536000; includeSubDomains",
        "X-Content-Type-Options": "nosniff",
        "x-ms-correlation-request-id": "5a2ea186-4d9d-4bbe-aedb-8e35a96ccb18",
        "x-ms-ratelimit-remaining-subscription-reads": "11997",
        "x-ms-request-id": "5a2ea186-4d9d-4bbe-aedb-8e35a96ccb18",
        "x-ms-routing-request-id": "SOUTHEASTASIA:20221102T083243Z:5a2ea186-4d9d-4bbe-aedb-8e35a96ccb18"
      },
      "ResponseBody": null
    },
    {
      "RequestUri": "https://management.azure.com/subscriptions/azure_subscription_id/resourceGroups/myjstest/providers/Microsoft.ApiManagement/service/myserviceyyy1/operationresults/ZWFzdHVzOm15c2VydmljZXl5eTFfQWN0X2UyYjcyODlh?api-version=2021-08-01",
      "RequestMethod": "GET",
      "RequestHeaders": {
        "Accept": "application/json",
        "Accept-Encoding": "gzip,deflate",
        "Authorization": "Sanitized",
        "Connection": "keep-alive",
        "Content-Type": "application/json",
        "User-Agent": "azsdk-js-arm-apimanagement/1.0.0-beta.1 core-rest-pipeline/1.10.0 Node/v16.17.0 OS/(x64-Windows_NT-10.0.22621)",
        "x-ms-client-request-id": "490e3ea1-f9f7-42c8-b26e-655c175398b8"
      },
      "RequestBody": null,
      "StatusCode": 202,
      "ResponseHeaders": {
        "Cache-Control": "no-cache",
        "Content-Length": "0",
        "Date": "Wed, 02 Nov 2022 08:33:45 GMT",
        "Expires": "-1",
        "Location": "https://management.azure.com/subscriptions/azure_subscription_id/resourceGroups/myjstest/providers/Microsoft.ApiManagement/service/myserviceyyy1/operationresults/ZWFzdHVzOm15c2VydmljZXl5eTFfQWN0X2UyYjcyODlh?api-version=2021-08-01",
        "Pragma": "no-cache",
        "Retry-After": "60",
        "Server": "Microsoft-HTTPAPI/2.0",
        "Strict-Transport-Security": "max-age=31536000; includeSubDomains",
        "X-Content-Type-Options": "nosniff",
        "x-ms-correlation-request-id": "fdc1ef16-2400-4545-a517-2c436a9a1f4a",
        "x-ms-ratelimit-remaining-subscription-reads": "11996",
        "x-ms-request-id": "fdc1ef16-2400-4545-a517-2c436a9a1f4a",
        "x-ms-routing-request-id": "SOUTHEASTASIA:20221102T083345Z:fdc1ef16-2400-4545-a517-2c436a9a1f4a"
      },
      "ResponseBody": null
    },
    {
      "RequestUri": "https://management.azure.com/subscriptions/azure_subscription_id/resourceGroups/myjstest/providers/Microsoft.ApiManagement/service/myserviceyyy1/operationresults/ZWFzdHVzOm15c2VydmljZXl5eTFfQWN0X2UyYjcyODlh?api-version=2021-08-01",
      "RequestMethod": "GET",
      "RequestHeaders": {
        "Accept": "application/json",
        "Accept-Encoding": "gzip,deflate",
        "Authorization": "Sanitized",
        "Connection": "keep-alive",
        "Content-Type": "application/json",
        "User-Agent": "azsdk-js-arm-apimanagement/1.0.0-beta.1 core-rest-pipeline/1.10.0 Node/v16.17.0 OS/(x64-Windows_NT-10.0.22621)",
        "x-ms-client-request-id": "4ce8d7ff-8bc9-41cb-ae04-c7f00f84de06"
      },
      "RequestBody": null,
      "StatusCode": 202,
      "ResponseHeaders": {
        "Cache-Control": "no-cache",
        "Content-Length": "0",
        "Date": "Wed, 02 Nov 2022 08:34:46 GMT",
        "Expires": "-1",
        "Location": "https://management.azure.com/subscriptions/azure_subscription_id/resourceGroups/myjstest/providers/Microsoft.ApiManagement/service/myserviceyyy1/operationresults/ZWFzdHVzOm15c2VydmljZXl5eTFfQWN0X2UyYjcyODlh?api-version=2021-08-01",
        "Pragma": "no-cache",
        "Retry-After": "60",
        "Server": "Microsoft-HTTPAPI/2.0",
        "Strict-Transport-Security": "max-age=31536000; includeSubDomains",
        "X-Content-Type-Options": "nosniff",
        "x-ms-correlation-request-id": "645add71-5709-4db3-afaa-8cfec5ec137f",
        "x-ms-ratelimit-remaining-subscription-reads": "11995",
        "x-ms-request-id": "645add71-5709-4db3-afaa-8cfec5ec137f",
        "x-ms-routing-request-id": "SOUTHEASTASIA:20221102T083446Z:645add71-5709-4db3-afaa-8cfec5ec137f"
      },
      "ResponseBody": null
    },
    {
      "RequestUri": "https://management.azure.com/subscriptions/azure_subscription_id/resourceGroups/myjstest/providers/Microsoft.ApiManagement/service/myserviceyyy1/operationresults/ZWFzdHVzOm15c2VydmljZXl5eTFfQWN0X2UyYjcyODlh?api-version=2021-08-01",
      "RequestMethod": "GET",
      "RequestHeaders": {
        "Accept": "application/json",
        "Accept-Encoding": "gzip,deflate",
        "Authorization": "Sanitized",
        "Connection": "keep-alive",
        "Content-Type": "application/json",
        "User-Agent": "azsdk-js-arm-apimanagement/1.0.0-beta.1 core-rest-pipeline/1.10.0 Node/v16.17.0 OS/(x64-Windows_NT-10.0.22621)",
        "x-ms-client-request-id": "67a840cb-2bef-4d77-93c1-77b163c2f527"
      },
      "RequestBody": null,
      "StatusCode": 202,
      "ResponseHeaders": {
        "Cache-Control": "no-cache",
        "Content-Length": "0",
        "Date": "Wed, 02 Nov 2022 08:35:47 GMT",
        "Expires": "-1",
        "Location": "https://management.azure.com/subscriptions/azure_subscription_id/resourceGroups/myjstest/providers/Microsoft.ApiManagement/service/myserviceyyy1/operationresults/ZWFzdHVzOm15c2VydmljZXl5eTFfQWN0X2UyYjcyODlh?api-version=2021-08-01",
        "Pragma": "no-cache",
        "Retry-After": "60",
        "Server": "Microsoft-HTTPAPI/2.0",
        "Strict-Transport-Security": "max-age=31536000; includeSubDomains",
        "X-Content-Type-Options": "nosniff",
        "x-ms-correlation-request-id": "fcd91477-b79c-4a71-b59a-62803c024169",
        "x-ms-ratelimit-remaining-subscription-reads": "11994",
        "x-ms-request-id": "fcd91477-b79c-4a71-b59a-62803c024169",
        "x-ms-routing-request-id": "SOUTHEASTASIA:20221102T083548Z:fcd91477-b79c-4a71-b59a-62803c024169"
      },
      "ResponseBody": null
    },
    {
      "RequestUri": "https://management.azure.com/subscriptions/azure_subscription_id/resourceGroups/myjstest/providers/Microsoft.ApiManagement/service/myserviceyyy1/operationresults/ZWFzdHVzOm15c2VydmljZXl5eTFfQWN0X2UyYjcyODlh?api-version=2021-08-01",
      "RequestMethod": "GET",
      "RequestHeaders": {
        "Accept": "application/json",
        "Accept-Encoding": "gzip,deflate",
        "Authorization": "Sanitized",
        "Connection": "keep-alive",
        "Content-Type": "application/json",
        "User-Agent": "azsdk-js-arm-apimanagement/1.0.0-beta.1 core-rest-pipeline/1.10.0 Node/v16.17.0 OS/(x64-Windows_NT-10.0.22621)",
        "x-ms-client-request-id": "0c094220-e991-488c-acd1-04c948e8bde1"
      },
      "RequestBody": null,
      "StatusCode": 202,
      "ResponseHeaders": {
        "Cache-Control": "no-cache",
        "Content-Length": "0",
        "Date": "Wed, 02 Nov 2022 08:36:48 GMT",
        "Expires": "-1",
        "Location": "https://management.azure.com/subscriptions/azure_subscription_id/resourceGroups/myjstest/providers/Microsoft.ApiManagement/service/myserviceyyy1/operationresults/ZWFzdHVzOm15c2VydmljZXl5eTFfQWN0X2UyYjcyODlh?api-version=2021-08-01",
        "Pragma": "no-cache",
        "Retry-After": "60",
        "Server": "Microsoft-HTTPAPI/2.0",
        "Strict-Transport-Security": "max-age=31536000; includeSubDomains",
        "X-Content-Type-Options": "nosniff",
        "x-ms-correlation-request-id": "e9561905-809f-41a6-816e-d4d47b4e6fd6",
        "x-ms-ratelimit-remaining-subscription-reads": "11993",
        "x-ms-request-id": "e9561905-809f-41a6-816e-d4d47b4e6fd6",
        "x-ms-routing-request-id": "SOUTHEASTASIA:20221102T083649Z:e9561905-809f-41a6-816e-d4d47b4e6fd6"
      },
      "ResponseBody": null
    },
    {
      "RequestUri": "https://management.azure.com/subscriptions/azure_subscription_id/resourceGroups/myjstest/providers/Microsoft.ApiManagement/service/myserviceyyy1/operationresults/ZWFzdHVzOm15c2VydmljZXl5eTFfQWN0X2UyYjcyODlh?api-version=2021-08-01",
      "RequestMethod": "GET",
      "RequestHeaders": {
        "Accept": "application/json",
        "Accept-Encoding": "gzip,deflate",
        "Authorization": "Sanitized",
        "Connection": "keep-alive",
        "Content-Type": "application/json",
        "User-Agent": "azsdk-js-arm-apimanagement/1.0.0-beta.1 core-rest-pipeline/1.10.0 Node/v16.17.0 OS/(x64-Windows_NT-10.0.22621)",
        "x-ms-client-request-id": "75e3a5db-8100-44d1-9e5d-68312e85b832"
      },
      "RequestBody": null,
      "StatusCode": 202,
      "ResponseHeaders": {
        "Cache-Control": "no-cache",
        "Content-Length": "0",
        "Date": "Wed, 02 Nov 2022 08:37:50 GMT",
        "Expires": "-1",
        "Location": "https://management.azure.com/subscriptions/azure_subscription_id/resourceGroups/myjstest/providers/Microsoft.ApiManagement/service/myserviceyyy1/operationresults/ZWFzdHVzOm15c2VydmljZXl5eTFfQWN0X2UyYjcyODlh?api-version=2021-08-01",
        "Pragma": "no-cache",
        "Retry-After": "60",
        "Server": "Microsoft-HTTPAPI/2.0",
        "Strict-Transport-Security": "max-age=31536000; includeSubDomains",
        "X-Content-Type-Options": "nosniff",
        "x-ms-correlation-request-id": "2179a9ca-cca4-4f27-9600-8bed2730b11d",
        "x-ms-ratelimit-remaining-subscription-reads": "11992",
        "x-ms-request-id": "2179a9ca-cca4-4f27-9600-8bed2730b11d",
        "x-ms-routing-request-id": "SOUTHEASTASIA:20221102T083751Z:2179a9ca-cca4-4f27-9600-8bed2730b11d"
      },
      "ResponseBody": null
    },
    {
      "RequestUri": "https://management.azure.com/subscriptions/azure_subscription_id/resourceGroups/myjstest/providers/Microsoft.ApiManagement/service/myserviceyyy1/operationresults/ZWFzdHVzOm15c2VydmljZXl5eTFfQWN0X2UyYjcyODlh?api-version=2021-08-01",
      "RequestMethod": "GET",
      "RequestHeaders": {
        "Accept": "application/json",
        "Accept-Encoding": "gzip,deflate",
        "Authorization": "Sanitized",
        "Connection": "keep-alive",
        "Content-Type": "application/json",
        "User-Agent": "azsdk-js-arm-apimanagement/1.0.0-beta.1 core-rest-pipeline/1.10.0 Node/v16.17.0 OS/(x64-Windows_NT-10.0.22621)",
        "x-ms-client-request-id": "f5dde719-1633-48aa-95c0-f565f8026057"
      },
      "RequestBody": null,
      "StatusCode": 202,
      "ResponseHeaders": {
        "Cache-Control": "no-cache",
        "Content-Length": "0",
        "Date": "Wed, 02 Nov 2022 08:38:51 GMT",
        "Expires": "-1",
        "Location": "https://management.azure.com/subscriptions/azure_subscription_id/resourceGroups/myjstest/providers/Microsoft.ApiManagement/service/myserviceyyy1/operationresults/ZWFzdHVzOm15c2VydmljZXl5eTFfQWN0X2UyYjcyODlh?api-version=2021-08-01",
        "Pragma": "no-cache",
        "Retry-After": "60",
        "Server": "Microsoft-HTTPAPI/2.0",
        "Strict-Transport-Security": "max-age=31536000; includeSubDomains",
        "X-Content-Type-Options": "nosniff",
        "x-ms-correlation-request-id": "8bede938-7405-4080-8940-74751380f930",
        "x-ms-ratelimit-remaining-subscription-reads": "11991",
        "x-ms-request-id": "8bede938-7405-4080-8940-74751380f930",
        "x-ms-routing-request-id": "SOUTHEASTASIA:20221102T083852Z:8bede938-7405-4080-8940-74751380f930"
      },
      "ResponseBody": null
    },
    {
      "RequestUri": "https://management.azure.com/subscriptions/azure_subscription_id/resourceGroups/myjstest/providers/Microsoft.ApiManagement/service/myserviceyyy1/operationresults/ZWFzdHVzOm15c2VydmljZXl5eTFfQWN0X2UyYjcyODlh?api-version=2021-08-01",
      "RequestMethod": "GET",
      "RequestHeaders": {
        "Accept": "application/json",
        "Accept-Encoding": "gzip,deflate",
        "Authorization": "Sanitized",
        "Connection": "keep-alive",
        "Content-Type": "application/json",
        "User-Agent": "azsdk-js-arm-apimanagement/1.0.0-beta.1 core-rest-pipeline/1.10.0 Node/v16.17.0 OS/(x64-Windows_NT-10.0.22621)",
        "x-ms-client-request-id": "0e41cbd9-5d23-448b-adbf-b5b479dded48"
      },
      "RequestBody": null,
      "StatusCode": 202,
      "ResponseHeaders": {
        "Cache-Control": "no-cache",
        "Content-Length": "0",
        "Date": "Wed, 02 Nov 2022 08:39:52 GMT",
        "Expires": "-1",
        "Location": "https://management.azure.com/subscriptions/azure_subscription_id/resourceGroups/myjstest/providers/Microsoft.ApiManagement/service/myserviceyyy1/operationresults/ZWFzdHVzOm15c2VydmljZXl5eTFfQWN0X2UyYjcyODlh?api-version=2021-08-01",
        "Pragma": "no-cache",
        "Retry-After": "60",
        "Server": "Microsoft-HTTPAPI/2.0",
        "Strict-Transport-Security": "max-age=31536000; includeSubDomains",
        "X-Content-Type-Options": "nosniff",
        "x-ms-correlation-request-id": "3ec64936-4613-4d55-8d75-08cc2d33d66d",
        "x-ms-ratelimit-remaining-subscription-reads": "11990",
        "x-ms-request-id": "3ec64936-4613-4d55-8d75-08cc2d33d66d",
        "x-ms-routing-request-id": "SOUTHEASTASIA:20221102T083953Z:3ec64936-4613-4d55-8d75-08cc2d33d66d"
      },
      "ResponseBody": null
    },
    {
      "RequestUri": "https://management.azure.com/subscriptions/azure_subscription_id/resourceGroups/myjstest/providers/Microsoft.ApiManagement/service/myserviceyyy1/operationresults/ZWFzdHVzOm15c2VydmljZXl5eTFfQWN0X2UyYjcyODlh?api-version=2021-08-01",
      "RequestMethod": "GET",
      "RequestHeaders": {
        "Accept": "application/json",
        "Accept-Encoding": "gzip,deflate",
        "Authorization": "Sanitized",
        "Connection": "keep-alive",
        "Content-Type": "application/json",
        "User-Agent": "azsdk-js-arm-apimanagement/1.0.0-beta.1 core-rest-pipeline/1.10.0 Node/v16.17.0 OS/(x64-Windows_NT-10.0.22621)",
        "x-ms-client-request-id": "bd3a0fa8-b045-4bc9-b9aa-ededa8c750c1"
      },
      "RequestBody": null,
      "StatusCode": 202,
      "ResponseHeaders": {
        "Cache-Control": "no-cache",
        "Content-Length": "0",
        "Date": "Wed, 02 Nov 2022 08:40:54 GMT",
        "Expires": "-1",
        "Location": "https://management.azure.com/subscriptions/azure_subscription_id/resourceGroups/myjstest/providers/Microsoft.ApiManagement/service/myserviceyyy1/operationresults/ZWFzdHVzOm15c2VydmljZXl5eTFfQWN0X2UyYjcyODlh?api-version=2021-08-01",
        "Pragma": "no-cache",
        "Retry-After": "60",
        "Server": "Microsoft-HTTPAPI/2.0",
        "Strict-Transport-Security": "max-age=31536000; includeSubDomains",
        "X-Content-Type-Options": "nosniff",
        "x-ms-correlation-request-id": "c031dbe7-f1fe-40f2-aca0-b434ca3aaf28",
        "x-ms-ratelimit-remaining-subscription-reads": "11989",
        "x-ms-request-id": "c031dbe7-f1fe-40f2-aca0-b434ca3aaf28",
        "x-ms-routing-request-id": "SOUTHEASTASIA:20221102T084054Z:c031dbe7-f1fe-40f2-aca0-b434ca3aaf28"
      },
      "ResponseBody": null
    },
    {
      "RequestUri": "https://management.azure.com/subscriptions/azure_subscription_id/resourceGroups/myjstest/providers/Microsoft.ApiManagement/service/myserviceyyy1/operationresults/ZWFzdHVzOm15c2VydmljZXl5eTFfQWN0X2UyYjcyODlh?api-version=2021-08-01",
      "RequestMethod": "GET",
      "RequestHeaders": {
        "Accept": "application/json",
        "Accept-Encoding": "gzip,deflate",
        "Authorization": "Sanitized",
        "Connection": "keep-alive",
        "Content-Type": "application/json",
        "User-Agent": "azsdk-js-arm-apimanagement/1.0.0-beta.1 core-rest-pipeline/1.10.0 Node/v16.17.0 OS/(x64-Windows_NT-10.0.22621)",
        "x-ms-client-request-id": "02651563-7469-43eb-bed9-cc2dadfa9aba"
      },
      "RequestBody": null,
      "StatusCode": 202,
      "ResponseHeaders": {
        "Cache-Control": "no-cache",
        "Content-Length": "0",
        "Date": "Wed, 02 Nov 2022 08:41:56 GMT",
        "Expires": "-1",
        "Location": "https://management.azure.com/subscriptions/azure_subscription_id/resourceGroups/myjstest/providers/Microsoft.ApiManagement/service/myserviceyyy1/operationresults/ZWFzdHVzOm15c2VydmljZXl5eTFfQWN0X2UyYjcyODlh?api-version=2021-08-01",
        "Pragma": "no-cache",
        "Retry-After": "60",
        "Server": "Microsoft-HTTPAPI/2.0",
        "Strict-Transport-Security": "max-age=31536000; includeSubDomains",
        "X-Content-Type-Options": "nosniff",
        "x-ms-correlation-request-id": "844d0fc7-180a-431d-bab1-c40be69ea845",
        "x-ms-ratelimit-remaining-subscription-reads": "11988",
        "x-ms-request-id": "844d0fc7-180a-431d-bab1-c40be69ea845",
        "x-ms-routing-request-id": "SOUTHEASTASIA:20221102T084156Z:844d0fc7-180a-431d-bab1-c40be69ea845"
      },
      "ResponseBody": null
    },
    {
      "RequestUri": "https://management.azure.com/subscriptions/azure_subscription_id/resourceGroups/myjstest/providers/Microsoft.ApiManagement/service/myserviceyyy1/operationresults/ZWFzdHVzOm15c2VydmljZXl5eTFfQWN0X2UyYjcyODlh?api-version=2021-08-01",
      "RequestMethod": "GET",
      "RequestHeaders": {
        "Accept": "application/json",
        "Accept-Encoding": "gzip,deflate",
        "Authorization": "Sanitized",
        "Connection": "keep-alive",
        "Content-Type": "application/json",
        "User-Agent": "azsdk-js-arm-apimanagement/1.0.0-beta.1 core-rest-pipeline/1.10.0 Node/v16.17.0 OS/(x64-Windows_NT-10.0.22621)",
        "x-ms-client-request-id": "5d02e28c-de57-4f09-b4be-bc37794f2a61"
      },
      "RequestBody": null,
      "StatusCode": 202,
      "ResponseHeaders": {
        "Cache-Control": "no-cache",
        "Content-Length": "0",
        "Date": "Wed, 02 Nov 2022 08:42:56 GMT",
        "Expires": "-1",
        "Location": "https://management.azure.com/subscriptions/azure_subscription_id/resourceGroups/myjstest/providers/Microsoft.ApiManagement/service/myserviceyyy1/operationresults/ZWFzdHVzOm15c2VydmljZXl5eTFfQWN0X2UyYjcyODlh?api-version=2021-08-01",
        "Pragma": "no-cache",
        "Retry-After": "60",
        "Server": "Microsoft-HTTPAPI/2.0",
        "Strict-Transport-Security": "max-age=31536000; includeSubDomains",
        "X-Content-Type-Options": "nosniff",
        "x-ms-correlation-request-id": "391df82c-16e1-49f5-8f4b-aa7600f2b1b6",
        "x-ms-ratelimit-remaining-subscription-reads": "11987",
        "x-ms-request-id": "391df82c-16e1-49f5-8f4b-aa7600f2b1b6",
        "x-ms-routing-request-id": "SOUTHEASTASIA:20221102T084257Z:391df82c-16e1-49f5-8f4b-aa7600f2b1b6"
      },
      "ResponseBody": null
    },
    {
      "RequestUri": "https://management.azure.com/subscriptions/azure_subscription_id/resourceGroups/myjstest/providers/Microsoft.ApiManagement/service/myserviceyyy1/operationresults/ZWFzdHVzOm15c2VydmljZXl5eTFfQWN0X2UyYjcyODlh?api-version=2021-08-01",
      "RequestMethod": "GET",
      "RequestHeaders": {
        "Accept": "application/json",
        "Accept-Encoding": "gzip,deflate",
        "Authorization": "Sanitized",
        "Connection": "keep-alive",
        "Content-Type": "application/json",
        "User-Agent": "azsdk-js-arm-apimanagement/1.0.0-beta.1 core-rest-pipeline/1.10.0 Node/v16.17.0 OS/(x64-Windows_NT-10.0.22621)",
        "x-ms-client-request-id": "f4e1a19b-be9c-455b-95db-27d4f5053e65"
      },
      "RequestBody": null,
      "StatusCode": 202,
      "ResponseHeaders": {
        "Cache-Control": "no-cache",
        "Content-Length": "0",
        "Date": "Wed, 02 Nov 2022 08:43:58 GMT",
        "Expires": "-1",
        "Location": "https://management.azure.com/subscriptions/azure_subscription_id/resourceGroups/myjstest/providers/Microsoft.ApiManagement/service/myserviceyyy1/operationresults/ZWFzdHVzOm15c2VydmljZXl5eTFfQWN0X2UyYjcyODlh?api-version=2021-08-01",
        "Pragma": "no-cache",
        "Retry-After": "60",
        "Server": "Microsoft-HTTPAPI/2.0",
        "Strict-Transport-Security": "max-age=31536000; includeSubDomains",
        "X-Content-Type-Options": "nosniff",
        "x-ms-correlation-request-id": "9694ed61-1452-4d09-a093-983734b8fb2a",
        "x-ms-ratelimit-remaining-subscription-reads": "11986",
        "x-ms-request-id": "9694ed61-1452-4d09-a093-983734b8fb2a",
        "x-ms-routing-request-id": "SOUTHEASTASIA:20221102T084358Z:9694ed61-1452-4d09-a093-983734b8fb2a"
      },
      "ResponseBody": null
    },
    {
      "RequestUri": "https://management.azure.com/subscriptions/azure_subscription_id/resourceGroups/myjstest/providers/Microsoft.ApiManagement/service/myserviceyyy1/operationresults/ZWFzdHVzOm15c2VydmljZXl5eTFfQWN0X2UyYjcyODlh?api-version=2021-08-01",
      "RequestMethod": "GET",
      "RequestHeaders": {
        "Accept": "application/json",
        "Accept-Encoding": "gzip,deflate",
        "Authorization": "Sanitized",
        "Connection": "keep-alive",
        "Content-Type": "application/json",
        "User-Agent": "azsdk-js-arm-apimanagement/1.0.0-beta.1 core-rest-pipeline/1.10.0 Node/v16.17.0 OS/(x64-Windows_NT-10.0.22621)",
        "x-ms-client-request-id": "fcf00ce0-e051-423c-b8bd-2d759b97ee0a"
      },
      "RequestBody": null,
      "StatusCode": 202,
      "ResponseHeaders": {
        "Cache-Control": "no-cache",
        "Content-Length": "0",
        "Date": "Wed, 02 Nov 2022 08:44:59 GMT",
        "Expires": "-1",
        "Location": "https://management.azure.com/subscriptions/azure_subscription_id/resourceGroups/myjstest/providers/Microsoft.ApiManagement/service/myserviceyyy1/operationresults/ZWFzdHVzOm15c2VydmljZXl5eTFfQWN0X2UyYjcyODlh?api-version=2021-08-01",
        "Pragma": "no-cache",
        "Retry-After": "60",
        "Server": "Microsoft-HTTPAPI/2.0",
        "Strict-Transport-Security": "max-age=31536000; includeSubDomains",
        "X-Content-Type-Options": "nosniff",
        "x-ms-correlation-request-id": "3737d6a6-8bb0-4f04-b14a-8bf453cccebd",
        "x-ms-ratelimit-remaining-subscription-reads": "11985",
        "x-ms-request-id": "3737d6a6-8bb0-4f04-b14a-8bf453cccebd",
        "x-ms-routing-request-id": "SOUTHEASTASIA:20221102T084459Z:3737d6a6-8bb0-4f04-b14a-8bf453cccebd"
      },
      "ResponseBody": null
    },
    {
      "RequestUri": "https://management.azure.com/subscriptions/azure_subscription_id/resourceGroups/myjstest/providers/Microsoft.ApiManagement/service/myserviceyyy1/operationresults/ZWFzdHVzOm15c2VydmljZXl5eTFfQWN0X2UyYjcyODlh?api-version=2021-08-01",
      "RequestMethod": "GET",
      "RequestHeaders": {
        "Accept": "application/json",
        "Accept-Encoding": "gzip,deflate",
        "Authorization": "Sanitized",
        "Connection": "keep-alive",
        "Content-Type": "application/json",
        "User-Agent": "azsdk-js-arm-apimanagement/1.0.0-beta.1 core-rest-pipeline/1.10.0 Node/v16.17.0 OS/(x64-Windows_NT-10.0.22621)",
        "x-ms-client-request-id": "55b9cdcd-8d88-427b-9168-f69b5fb4d995"
      },
      "RequestBody": null,
      "StatusCode": 202,
      "ResponseHeaders": {
        "Cache-Control": "no-cache",
        "Content-Length": "0",
        "Date": "Wed, 02 Nov 2022 08:46:01 GMT",
        "Expires": "-1",
        "Location": "https://management.azure.com/subscriptions/azure_subscription_id/resourceGroups/myjstest/providers/Microsoft.ApiManagement/service/myserviceyyy1/operationresults/ZWFzdHVzOm15c2VydmljZXl5eTFfQWN0X2UyYjcyODlh?api-version=2021-08-01",
        "Pragma": "no-cache",
        "Retry-After": "60",
        "Server": "Microsoft-HTTPAPI/2.0",
        "Strict-Transport-Security": "max-age=31536000; includeSubDomains",
        "X-Content-Type-Options": "nosniff",
        "x-ms-correlation-request-id": "47c2c577-c421-4f3b-ae20-fb7c0754fbad",
        "x-ms-ratelimit-remaining-subscription-reads": "11984",
        "x-ms-request-id": "47c2c577-c421-4f3b-ae20-fb7c0754fbad",
        "x-ms-routing-request-id": "SOUTHEASTASIA:20221102T084601Z:47c2c577-c421-4f3b-ae20-fb7c0754fbad"
      },
      "ResponseBody": null
    },
    {
      "RequestUri": "https://management.azure.com/subscriptions/azure_subscription_id/resourceGroups/myjstest/providers/Microsoft.ApiManagement/service/myserviceyyy1/operationresults/ZWFzdHVzOm15c2VydmljZXl5eTFfQWN0X2UyYjcyODlh?api-version=2021-08-01",
      "RequestMethod": "GET",
      "RequestHeaders": {
        "Accept": "application/json",
        "Accept-Encoding": "gzip,deflate",
        "Authorization": "Sanitized",
        "Connection": "keep-alive",
        "Content-Type": "application/json",
        "User-Agent": "azsdk-js-arm-apimanagement/1.0.0-beta.1 core-rest-pipeline/1.10.0 Node/v16.17.0 OS/(x64-Windows_NT-10.0.22621)",
        "x-ms-client-request-id": "34df28d8-5318-4ee4-8602-67a2d05ebec8"
      },
      "RequestBody": null,
      "StatusCode": 202,
      "ResponseHeaders": {
        "Cache-Control": "no-cache",
        "Content-Length": "0",
        "Date": "Wed, 02 Nov 2022 08:47:02 GMT",
        "Expires": "-1",
        "Location": "https://management.azure.com/subscriptions/azure_subscription_id/resourceGroups/myjstest/providers/Microsoft.ApiManagement/service/myserviceyyy1/operationresults/ZWFzdHVzOm15c2VydmljZXl5eTFfQWN0X2UyYjcyODlh?api-version=2021-08-01",
        "Pragma": "no-cache",
        "Retry-After": "60",
        "Server": "Microsoft-HTTPAPI/2.0",
        "Strict-Transport-Security": "max-age=31536000; includeSubDomains",
        "X-Content-Type-Options": "nosniff",
        "x-ms-correlation-request-id": "996ab1d7-9b5c-4064-8a50-e3170d7a7909",
        "x-ms-ratelimit-remaining-subscription-reads": "11983",
        "x-ms-request-id": "996ab1d7-9b5c-4064-8a50-e3170d7a7909",
        "x-ms-routing-request-id": "SOUTHEASTASIA:20221102T084703Z:996ab1d7-9b5c-4064-8a50-e3170d7a7909"
      },
      "ResponseBody": null
    },
    {
      "RequestUri": "https://management.azure.com/subscriptions/azure_subscription_id/resourceGroups/myjstest/providers/Microsoft.ApiManagement/service/myserviceyyy1/operationresults/ZWFzdHVzOm15c2VydmljZXl5eTFfQWN0X2UyYjcyODlh?api-version=2021-08-01",
      "RequestMethod": "GET",
      "RequestHeaders": {
        "Accept": "application/json",
        "Accept-Encoding": "gzip,deflate",
        "Authorization": "Sanitized",
        "Connection": "keep-alive",
        "Content-Type": "application/json",
        "User-Agent": "azsdk-js-arm-apimanagement/1.0.0-beta.1 core-rest-pipeline/1.10.0 Node/v16.17.0 OS/(x64-Windows_NT-10.0.22621)",
        "x-ms-client-request-id": "fc93a8ad-e8b1-4931-a470-40465223f743"
      },
      "RequestBody": null,
      "StatusCode": 202,
      "ResponseHeaders": {
        "Cache-Control": "no-cache",
        "Content-Length": "0",
        "Date": "Wed, 02 Nov 2022 08:48:04 GMT",
        "Expires": "-1",
        "Location": "https://management.azure.com/subscriptions/azure_subscription_id/resourceGroups/myjstest/providers/Microsoft.ApiManagement/service/myserviceyyy1/operationresults/ZWFzdHVzOm15c2VydmljZXl5eTFfQWN0X2UyYjcyODlh?api-version=2021-08-01",
        "Pragma": "no-cache",
        "Retry-After": "60",
        "Server": "Microsoft-HTTPAPI/2.0",
        "Strict-Transport-Security": "max-age=31536000; includeSubDomains",
        "X-Content-Type-Options": "nosniff",
        "x-ms-correlation-request-id": "ab27b7ae-9598-4b1c-b043-4b410a4e5f00",
        "x-ms-ratelimit-remaining-subscription-reads": "11982",
        "x-ms-request-id": "ab27b7ae-9598-4b1c-b043-4b410a4e5f00",
        "x-ms-routing-request-id": "SOUTHEASTASIA:20221102T084804Z:ab27b7ae-9598-4b1c-b043-4b410a4e5f00"
      },
      "ResponseBody": null
    },
    {
      "RequestUri": "https://management.azure.com/subscriptions/azure_subscription_id/resourceGroups/myjstest/providers/Microsoft.ApiManagement/service/myserviceyyy1/operationresults/ZWFzdHVzOm15c2VydmljZXl5eTFfQWN0X2UyYjcyODlh?api-version=2021-08-01",
      "RequestMethod": "GET",
      "RequestHeaders": {
        "Accept": "application/json",
        "Accept-Encoding": "gzip,deflate",
        "Authorization": "Sanitized",
        "Connection": "keep-alive",
        "Content-Type": "application/json",
        "User-Agent": "azsdk-js-arm-apimanagement/1.0.0-beta.1 core-rest-pipeline/1.10.0 Node/v16.17.0 OS/(x64-Windows_NT-10.0.22621)",
        "x-ms-client-request-id": "27ce104f-9f0a-4f5b-853e-95885b4ecc02"
      },
      "RequestBody": null,
      "StatusCode": 202,
      "ResponseHeaders": {
        "Cache-Control": "no-cache",
        "Content-Length": "0",
        "Date": "Wed, 02 Nov 2022 08:49:05 GMT",
        "Expires": "-1",
        "Location": "https://management.azure.com/subscriptions/azure_subscription_id/resourceGroups/myjstest/providers/Microsoft.ApiManagement/service/myserviceyyy1/operationresults/ZWFzdHVzOm15c2VydmljZXl5eTFfQWN0X2UyYjcyODlh?api-version=2021-08-01",
        "Pragma": "no-cache",
        "Retry-After": "60",
        "Server": "Microsoft-HTTPAPI/2.0",
        "Strict-Transport-Security": "max-age=31536000; includeSubDomains",
        "X-Content-Type-Options": "nosniff",
        "x-ms-correlation-request-id": "f69bd45d-f06b-4207-9236-36af5c6b0b98",
        "x-ms-ratelimit-remaining-subscription-reads": "11981",
        "x-ms-request-id": "f69bd45d-f06b-4207-9236-36af5c6b0b98",
        "x-ms-routing-request-id": "SOUTHEASTASIA:20221102T084905Z:f69bd45d-f06b-4207-9236-36af5c6b0b98"
      },
      "ResponseBody": null
    },
    {
      "RequestUri": "https://management.azure.com/subscriptions/azure_subscription_id/resourceGroups/myjstest/providers/Microsoft.ApiManagement/service/myserviceyyy1/operationresults/ZWFzdHVzOm15c2VydmljZXl5eTFfQWN0X2UyYjcyODlh?api-version=2021-08-01",
      "RequestMethod": "GET",
      "RequestHeaders": {
        "Accept": "application/json",
        "Accept-Encoding": "gzip,deflate",
        "Authorization": "Sanitized",
        "Connection": "keep-alive",
        "Content-Type": "application/json",
        "User-Agent": "azsdk-js-arm-apimanagement/1.0.0-beta.1 core-rest-pipeline/1.10.0 Node/v16.17.0 OS/(x64-Windows_NT-10.0.22621)",
        "x-ms-client-request-id": "af9f0347-4120-4366-b8f6-a3e81c7a6892"
      },
      "RequestBody": null,
      "StatusCode": 202,
      "ResponseHeaders": {
        "Cache-Control": "no-cache",
        "Content-Length": "0",
        "Date": "Wed, 02 Nov 2022 08:50:05 GMT",
        "Expires": "-1",
        "Location": "https://management.azure.com/subscriptions/azure_subscription_id/resourceGroups/myjstest/providers/Microsoft.ApiManagement/service/myserviceyyy1/operationresults/ZWFzdHVzOm15c2VydmljZXl5eTFfQWN0X2UyYjcyODlh?api-version=2021-08-01",
        "Pragma": "no-cache",
        "Retry-After": "60",
        "Server": "Microsoft-HTTPAPI/2.0",
        "Strict-Transport-Security": "max-age=31536000; includeSubDomains",
        "X-Content-Type-Options": "nosniff",
        "x-ms-correlation-request-id": "ea0273d2-8124-43c8-9732-13c756988760",
        "x-ms-ratelimit-remaining-subscription-reads": "11980",
        "x-ms-request-id": "ea0273d2-8124-43c8-9732-13c756988760",
        "x-ms-routing-request-id": "SOUTHEASTASIA:20221102T085006Z:ea0273d2-8124-43c8-9732-13c756988760"
      },
      "ResponseBody": null
    },
    {
      "RequestUri": "https://management.azure.com/subscriptions/azure_subscription_id/resourceGroups/myjstest/providers/Microsoft.ApiManagement/service/myserviceyyy1/operationresults/ZWFzdHVzOm15c2VydmljZXl5eTFfQWN0X2UyYjcyODlh?api-version=2021-08-01",
      "RequestMethod": "GET",
      "RequestHeaders": {
        "Accept": "application/json",
        "Accept-Encoding": "gzip,deflate",
        "Authorization": "Sanitized",
        "Connection": "keep-alive",
        "Content-Type": "application/json",
        "User-Agent": "azsdk-js-arm-apimanagement/1.0.0-beta.1 core-rest-pipeline/1.10.0 Node/v16.17.0 OS/(x64-Windows_NT-10.0.22621)",
        "x-ms-client-request-id": "0980c2b3-3d29-48a4-8d26-fb25769f0d88"
      },
      "RequestBody": null,
      "StatusCode": 202,
      "ResponseHeaders": {
        "Cache-Control": "no-cache",
        "Content-Length": "0",
        "Date": "Wed, 02 Nov 2022 08:51:07 GMT",
        "Expires": "-1",
        "Location": "https://management.azure.com/subscriptions/azure_subscription_id/resourceGroups/myjstest/providers/Microsoft.ApiManagement/service/myserviceyyy1/operationresults/ZWFzdHVzOm15c2VydmljZXl5eTFfQWN0X2UyYjcyODlh?api-version=2021-08-01",
        "Pragma": "no-cache",
        "Retry-After": "60",
        "Server": "Microsoft-HTTPAPI/2.0",
        "Strict-Transport-Security": "max-age=31536000; includeSubDomains",
        "X-Content-Type-Options": "nosniff",
        "x-ms-correlation-request-id": "f5381d0e-f689-4d06-a896-9adece3e8391",
        "x-ms-ratelimit-remaining-subscription-reads": "11979",
        "x-ms-request-id": "f5381d0e-f689-4d06-a896-9adece3e8391",
        "x-ms-routing-request-id": "SOUTHEASTASIA:20221102T085107Z:f5381d0e-f689-4d06-a896-9adece3e8391"
      },
      "ResponseBody": null
    },
    {
      "RequestUri": "https://management.azure.com/subscriptions/azure_subscription_id/resourceGroups/myjstest/providers/Microsoft.ApiManagement/service/myserviceyyy1/operationresults/ZWFzdHVzOm15c2VydmljZXl5eTFfQWN0X2UyYjcyODlh?api-version=2021-08-01",
      "RequestMethod": "GET",
      "RequestHeaders": {
        "Accept": "application/json",
        "Accept-Encoding": "gzip,deflate",
        "Authorization": "Sanitized",
        "Connection": "keep-alive",
        "Content-Type": "application/json",
        "User-Agent": "azsdk-js-arm-apimanagement/1.0.0-beta.1 core-rest-pipeline/1.10.0 Node/v16.17.0 OS/(x64-Windows_NT-10.0.22621)",
        "x-ms-client-request-id": "904b934c-837d-43df-9020-416ccac3f058"
      },
      "RequestBody": null,
      "StatusCode": 202,
      "ResponseHeaders": {
        "Cache-Control": "no-cache",
        "Content-Length": "0",
        "Date": "Wed, 02 Nov 2022 08:52:08 GMT",
        "Expires": "-1",
        "Location": "https://management.azure.com/subscriptions/azure_subscription_id/resourceGroups/myjstest/providers/Microsoft.ApiManagement/service/myserviceyyy1/operationresults/ZWFzdHVzOm15c2VydmljZXl5eTFfQWN0X2UyYjcyODlh?api-version=2021-08-01",
        "Pragma": "no-cache",
        "Retry-After": "60",
        "Server": "Microsoft-HTTPAPI/2.0",
        "Strict-Transport-Security": "max-age=31536000; includeSubDomains",
        "X-Content-Type-Options": "nosniff",
        "x-ms-correlation-request-id": "1ddd0eaf-4de2-4b0a-a124-e41b70528524",
        "x-ms-ratelimit-remaining-subscription-reads": "11978",
        "x-ms-request-id": "1ddd0eaf-4de2-4b0a-a124-e41b70528524",
        "x-ms-routing-request-id": "SOUTHEASTASIA:20221102T085209Z:1ddd0eaf-4de2-4b0a-a124-e41b70528524"
      },
      "ResponseBody": null
    },
    {
      "RequestUri": "https://management.azure.com/subscriptions/azure_subscription_id/resourceGroups/myjstest/providers/Microsoft.ApiManagement/service/myserviceyyy1/operationresults/ZWFzdHVzOm15c2VydmljZXl5eTFfQWN0X2UyYjcyODlh?api-version=2021-08-01",
      "RequestMethod": "GET",
      "RequestHeaders": {
        "Accept": "application/json",
        "Accept-Encoding": "gzip,deflate",
        "Authorization": "Sanitized",
        "Connection": "keep-alive",
        "Content-Type": "application/json",
        "User-Agent": "azsdk-js-arm-apimanagement/1.0.0-beta.1 core-rest-pipeline/1.10.0 Node/v16.17.0 OS/(x64-Windows_NT-10.0.22621)",
        "x-ms-client-request-id": "e83aafdf-f8a7-4cbb-807d-c644bdd8b1b0"
      },
      "RequestBody": null,
      "StatusCode": 202,
      "ResponseHeaders": {
        "Cache-Control": "no-cache",
        "Content-Length": "0",
        "Date": "Wed, 02 Nov 2022 08:53:10 GMT",
        "Expires": "-1",
        "Location": "https://management.azure.com/subscriptions/azure_subscription_id/resourceGroups/myjstest/providers/Microsoft.ApiManagement/service/myserviceyyy1/operationresults/ZWFzdHVzOm15c2VydmljZXl5eTFfQWN0X2UyYjcyODlh?api-version=2021-08-01",
        "Pragma": "no-cache",
        "Retry-After": "60",
        "Server": "Microsoft-HTTPAPI/2.0",
        "Strict-Transport-Security": "max-age=31536000; includeSubDomains",
        "X-Content-Type-Options": "nosniff",
        "x-ms-correlation-request-id": "e6785a68-ef93-41ed-8176-750022b716c9",
        "x-ms-ratelimit-remaining-subscription-reads": "11977",
        "x-ms-request-id": "e6785a68-ef93-41ed-8176-750022b716c9",
        "x-ms-routing-request-id": "SOUTHEASTASIA:20221102T085310Z:e6785a68-ef93-41ed-8176-750022b716c9"
      },
      "ResponseBody": null
    },
    {
      "RequestUri": "https://management.azure.com/subscriptions/azure_subscription_id/resourceGroups/myjstest/providers/Microsoft.ApiManagement/service/myserviceyyy1/operationresults/ZWFzdHVzOm15c2VydmljZXl5eTFfQWN0X2UyYjcyODlh?api-version=2021-08-01",
      "RequestMethod": "GET",
      "RequestHeaders": {
        "Accept": "application/json",
        "Accept-Encoding": "gzip,deflate",
        "Authorization": "Sanitized",
        "Connection": "keep-alive",
        "Content-Type": "application/json",
        "User-Agent": "azsdk-js-arm-apimanagement/1.0.0-beta.1 core-rest-pipeline/1.10.0 Node/v16.17.0 OS/(x64-Windows_NT-10.0.22621)",
        "x-ms-client-request-id": "2fd28ed6-88db-4540-9c87-64502e6b45b8"
      },
      "RequestBody": null,
      "StatusCode": 202,
      "ResponseHeaders": {
        "Cache-Control": "no-cache",
        "Content-Length": "0",
        "Date": "Wed, 02 Nov 2022 08:54:11 GMT",
        "Expires": "-1",
        "Location": "https://management.azure.com/subscriptions/azure_subscription_id/resourceGroups/myjstest/providers/Microsoft.ApiManagement/service/myserviceyyy1/operationresults/ZWFzdHVzOm15c2VydmljZXl5eTFfQWN0X2UyYjcyODlh?api-version=2021-08-01",
        "Pragma": "no-cache",
        "Retry-After": "60",
        "Server": "Microsoft-HTTPAPI/2.0",
        "Strict-Transport-Security": "max-age=31536000; includeSubDomains",
        "X-Content-Type-Options": "nosniff",
        "x-ms-correlation-request-id": "35fa2181-c4be-43a7-a983-f4b77e56ac70",
        "x-ms-ratelimit-remaining-subscription-reads": "11976",
        "x-ms-request-id": "35fa2181-c4be-43a7-a983-f4b77e56ac70",
        "x-ms-routing-request-id": "SOUTHEASTASIA:20221102T085411Z:35fa2181-c4be-43a7-a983-f4b77e56ac70"
      },
      "ResponseBody": null
    },
    {
      "RequestUri": "https://management.azure.com/subscriptions/azure_subscription_id/resourceGroups/myjstest/providers/Microsoft.ApiManagement/service/myserviceyyy1/operationresults/ZWFzdHVzOm15c2VydmljZXl5eTFfQWN0X2UyYjcyODlh?api-version=2021-08-01",
      "RequestMethod": "GET",
      "RequestHeaders": {
        "Accept": "application/json",
        "Accept-Encoding": "gzip,deflate",
        "Authorization": "Sanitized",
        "Connection": "keep-alive",
        "Content-Type": "application/json",
        "User-Agent": "azsdk-js-arm-apimanagement/1.0.0-beta.1 core-rest-pipeline/1.10.0 Node/v16.17.0 OS/(x64-Windows_NT-10.0.22621)",
        "x-ms-client-request-id": "b4d0b39b-996c-45e0-b92e-0449f8e2f927"
      },
      "RequestBody": null,
      "StatusCode": 202,
      "ResponseHeaders": {
        "Cache-Control": "no-cache",
        "Content-Length": "0",
        "Date": "Wed, 02 Nov 2022 08:55:13 GMT",
        "Expires": "-1",
        "Location": "https://management.azure.com/subscriptions/azure_subscription_id/resourceGroups/myjstest/providers/Microsoft.ApiManagement/service/myserviceyyy1/operationresults/ZWFzdHVzOm15c2VydmljZXl5eTFfQWN0X2UyYjcyODlh?api-version=2021-08-01",
        "Pragma": "no-cache",
        "Retry-After": "60",
        "Server": "Microsoft-HTTPAPI/2.0",
        "Strict-Transport-Security": "max-age=31536000; includeSubDomains",
        "X-Content-Type-Options": "nosniff",
        "x-ms-correlation-request-id": "635aeefa-ebef-4644-a31e-c2748921b590",
        "x-ms-ratelimit-remaining-subscription-reads": "11975",
        "x-ms-request-id": "635aeefa-ebef-4644-a31e-c2748921b590",
        "x-ms-routing-request-id": "SOUTHEASTASIA:20221102T085513Z:635aeefa-ebef-4644-a31e-c2748921b590"
      },
      "ResponseBody": null
    },
    {
      "RequestUri": "https://management.azure.com/subscriptions/azure_subscription_id/resourceGroups/myjstest/providers/Microsoft.ApiManagement/service/myserviceyyy1/operationresults/ZWFzdHVzOm15c2VydmljZXl5eTFfQWN0X2UyYjcyODlh?api-version=2021-08-01",
      "RequestMethod": "GET",
      "RequestHeaders": {
        "Accept": "application/json",
        "Accept-Encoding": "gzip,deflate",
        "Authorization": "Sanitized",
        "Connection": "keep-alive",
        "Content-Type": "application/json",
        "User-Agent": "azsdk-js-arm-apimanagement/1.0.0-beta.1 core-rest-pipeline/1.10.0 Node/v16.17.0 OS/(x64-Windows_NT-10.0.22621)",
        "x-ms-client-request-id": "007efbf2-f65f-4fd6-b44c-41e216e31548"
      },
      "RequestBody": null,
      "StatusCode": 202,
      "ResponseHeaders": {
        "Cache-Control": "no-cache",
        "Content-Length": "0",
        "Date": "Wed, 02 Nov 2022 08:56:14 GMT",
        "Expires": "-1",
        "Location": "https://management.azure.com/subscriptions/azure_subscription_id/resourceGroups/myjstest/providers/Microsoft.ApiManagement/service/myserviceyyy1/operationresults/ZWFzdHVzOm15c2VydmljZXl5eTFfQWN0X2UyYjcyODlh?api-version=2021-08-01",
        "Pragma": "no-cache",
        "Retry-After": "60",
        "Server": "Microsoft-HTTPAPI/2.0",
        "Strict-Transport-Security": "max-age=31536000; includeSubDomains",
        "X-Content-Type-Options": "nosniff",
        "x-ms-correlation-request-id": "f5cc00a4-31cf-4823-9f57-f93f7a0d9733",
        "x-ms-ratelimit-remaining-subscription-reads": "11974",
        "x-ms-request-id": "f5cc00a4-31cf-4823-9f57-f93f7a0d9733",
        "x-ms-routing-request-id": "SOUTHEASTASIA:20221102T085614Z:f5cc00a4-31cf-4823-9f57-f93f7a0d9733"
      },
      "ResponseBody": null
    },
    {
      "RequestUri": "https://management.azure.com/subscriptions/azure_subscription_id/resourceGroups/myjstest/providers/Microsoft.ApiManagement/service/myserviceyyy1/operationresults/ZWFzdHVzOm15c2VydmljZXl5eTFfQWN0X2UyYjcyODlh?api-version=2021-08-01",
      "RequestMethod": "GET",
      "RequestHeaders": {
        "Accept": "application/json",
        "Accept-Encoding": "gzip,deflate",
        "Authorization": "Sanitized",
        "Connection": "keep-alive",
        "Content-Type": "application/json",
        "User-Agent": "azsdk-js-arm-apimanagement/1.0.0-beta.1 core-rest-pipeline/1.10.0 Node/v16.17.0 OS/(x64-Windows_NT-10.0.22621)",
        "x-ms-client-request-id": "f77cdef0-8dc9-4829-9bbd-6ddf44a94a8b"
      },
      "RequestBody": null,
      "StatusCode": 202,
      "ResponseHeaders": {
        "Cache-Control": "no-cache",
        "Content-Length": "0",
        "Date": "Wed, 02 Nov 2022 08:57:16 GMT",
        "Expires": "-1",
        "Location": "https://management.azure.com/subscriptions/azure_subscription_id/resourceGroups/myjstest/providers/Microsoft.ApiManagement/service/myserviceyyy1/operationresults/ZWFzdHVzOm15c2VydmljZXl5eTFfQWN0X2UyYjcyODlh?api-version=2021-08-01",
        "Pragma": "no-cache",
        "Retry-After": "60",
        "Server": "Microsoft-HTTPAPI/2.0",
        "Strict-Transport-Security": "max-age=31536000; includeSubDomains",
        "X-Content-Type-Options": "nosniff",
        "x-ms-correlation-request-id": "d22bb304-c217-4629-b883-98dd65c9a897",
        "x-ms-ratelimit-remaining-subscription-reads": "11973",
        "x-ms-request-id": "d22bb304-c217-4629-b883-98dd65c9a897",
        "x-ms-routing-request-id": "SOUTHEASTASIA:20221102T085716Z:d22bb304-c217-4629-b883-98dd65c9a897"
      },
      "ResponseBody": null
    },
    {
      "RequestUri": "https://management.azure.com/subscriptions/azure_subscription_id/resourceGroups/myjstest/providers/Microsoft.ApiManagement/service/myserviceyyy1/operationresults/ZWFzdHVzOm15c2VydmljZXl5eTFfQWN0X2UyYjcyODlh?api-version=2021-08-01",
      "RequestMethod": "GET",
      "RequestHeaders": {
        "Accept": "application/json",
        "Accept-Encoding": "gzip,deflate",
        "Authorization": "Sanitized",
        "Connection": "keep-alive",
        "Content-Type": "application/json",
        "User-Agent": "azsdk-js-arm-apimanagement/1.0.0-beta.1 core-rest-pipeline/1.10.0 Node/v16.17.0 OS/(x64-Windows_NT-10.0.22621)",
        "x-ms-client-request-id": "f82814f1-5bab-4655-b3c5-841a3c3ee0db"
      },
      "RequestBody": null,
      "StatusCode": 202,
      "ResponseHeaders": {
        "Cache-Control": "no-cache",
        "Content-Length": "0",
        "Date": "Wed, 02 Nov 2022 08:58:16 GMT",
        "Expires": "-1",
        "Location": "https://management.azure.com/subscriptions/azure_subscription_id/resourceGroups/myjstest/providers/Microsoft.ApiManagement/service/myserviceyyy1/operationresults/ZWFzdHVzOm15c2VydmljZXl5eTFfQWN0X2UyYjcyODlh?api-version=2021-08-01",
        "Pragma": "no-cache",
        "Retry-After": "60",
        "Server": "Microsoft-HTTPAPI/2.0",
        "Strict-Transport-Security": "max-age=31536000; includeSubDomains",
        "X-Content-Type-Options": "nosniff",
        "x-ms-correlation-request-id": "dda6f3f3-517f-4545-83df-ca64482636ed",
        "x-ms-ratelimit-remaining-subscription-reads": "11972",
        "x-ms-request-id": "dda6f3f3-517f-4545-83df-ca64482636ed",
        "x-ms-routing-request-id": "SOUTHEASTASIA:20221102T085817Z:dda6f3f3-517f-4545-83df-ca64482636ed"
      },
      "ResponseBody": null
    },
    {
      "RequestUri": "https://management.azure.com/subscriptions/azure_subscription_id/resourceGroups/myjstest/providers/Microsoft.ApiManagement/service/myserviceyyy1/operationresults/ZWFzdHVzOm15c2VydmljZXl5eTFfQWN0X2UyYjcyODlh?api-version=2021-08-01",
      "RequestMethod": "GET",
      "RequestHeaders": {
        "Accept": "application/json",
        "Accept-Encoding": "gzip,deflate",
        "Authorization": "Sanitized",
        "Connection": "keep-alive",
        "Content-Type": "application/json",
        "User-Agent": "azsdk-js-arm-apimanagement/1.0.0-beta.1 core-rest-pipeline/1.10.0 Node/v16.17.0 OS/(x64-Windows_NT-10.0.22621)",
        "x-ms-client-request-id": "547a8819-9014-429b-8d26-f5498469e443"
      },
      "RequestBody": null,
      "StatusCode": 202,
      "ResponseHeaders": {
        "Cache-Control": "no-cache",
        "Content-Length": "0",
        "Date": "Wed, 02 Nov 2022 08:59:18 GMT",
        "Expires": "-1",
        "Location": "https://management.azure.com/subscriptions/azure_subscription_id/resourceGroups/myjstest/providers/Microsoft.ApiManagement/service/myserviceyyy1/operationresults/ZWFzdHVzOm15c2VydmljZXl5eTFfQWN0X2UyYjcyODlh?api-version=2021-08-01",
        "Pragma": "no-cache",
        "Retry-After": "60",
        "Server": "Microsoft-HTTPAPI/2.0",
        "Strict-Transport-Security": "max-age=31536000; includeSubDomains",
        "X-Content-Type-Options": "nosniff",
        "x-ms-correlation-request-id": "c215cb4b-8040-434a-b0c2-359e13f124c7",
        "x-ms-ratelimit-remaining-subscription-reads": "11971",
        "x-ms-request-id": "c215cb4b-8040-434a-b0c2-359e13f124c7",
        "x-ms-routing-request-id": "SOUTHEASTASIA:20221102T085919Z:c215cb4b-8040-434a-b0c2-359e13f124c7"
      },
      "ResponseBody": null
    },
    {
      "RequestUri": "https://management.azure.com/subscriptions/azure_subscription_id/resourceGroups/myjstest/providers/Microsoft.ApiManagement/service/myserviceyyy1/operationresults/ZWFzdHVzOm15c2VydmljZXl5eTFfQWN0X2UyYjcyODlh?api-version=2021-08-01",
      "RequestMethod": "GET",
      "RequestHeaders": {
        "Accept": "application/json",
        "Accept-Encoding": "gzip,deflate",
        "Authorization": "Sanitized",
        "Connection": "keep-alive",
        "Content-Type": "application/json",
        "User-Agent": "azsdk-js-arm-apimanagement/1.0.0-beta.1 core-rest-pipeline/1.10.0 Node/v16.17.0 OS/(x64-Windows_NT-10.0.22621)",
        "x-ms-client-request-id": "f0f7aec9-51d7-4a95-a049-22545639e32b"
      },
      "RequestBody": null,
      "StatusCode": 202,
      "ResponseHeaders": {
        "Cache-Control": "no-cache",
        "Content-Length": "0",
        "Date": "Wed, 02 Nov 2022 09:00:20 GMT",
        "Expires": "-1",
        "Location": "https://management.azure.com/subscriptions/azure_subscription_id/resourceGroups/myjstest/providers/Microsoft.ApiManagement/service/myserviceyyy1/operationresults/ZWFzdHVzOm15c2VydmljZXl5eTFfQWN0X2UyYjcyODlh?api-version=2021-08-01",
        "Pragma": "no-cache",
        "Retry-After": "60",
        "Server": "Microsoft-HTTPAPI/2.0",
        "Strict-Transport-Security": "max-age=31536000; includeSubDomains",
        "X-Content-Type-Options": "nosniff",
        "x-ms-correlation-request-id": "910e4fbe-5b84-480f-8731-c3d5063034fb",
        "x-ms-ratelimit-remaining-subscription-reads": "11970",
        "x-ms-request-id": "910e4fbe-5b84-480f-8731-c3d5063034fb",
        "x-ms-routing-request-id": "SOUTHEASTASIA:20221102T090021Z:910e4fbe-5b84-480f-8731-c3d5063034fb"
      },
      "ResponseBody": null
    },
    {
      "RequestUri": "https://management.azure.com/subscriptions/azure_subscription_id/resourceGroups/myjstest/providers/Microsoft.ApiManagement/service/myserviceyyy1/operationresults/ZWFzdHVzOm15c2VydmljZXl5eTFfQWN0X2UyYjcyODlh?api-version=2021-08-01",
      "RequestMethod": "GET",
      "RequestHeaders": {
        "Accept": "application/json",
        "Accept-Encoding": "gzip,deflate",
        "Authorization": "Sanitized",
        "Connection": "keep-alive",
        "Content-Type": "application/json",
        "User-Agent": "azsdk-js-arm-apimanagement/1.0.0-beta.1 core-rest-pipeline/1.10.0 Node/v16.17.0 OS/(x64-Windows_NT-10.0.22621)",
        "x-ms-client-request-id": "0dac2883-aaa6-4337-8b21-a305373245a4"
      },
      "RequestBody": null,
      "StatusCode": 202,
      "ResponseHeaders": {
        "Cache-Control": "no-cache",
        "Content-Length": "0",
        "Date": "Wed, 02 Nov 2022 09:01:22 GMT",
        "Expires": "-1",
        "Location": "https://management.azure.com/subscriptions/azure_subscription_id/resourceGroups/myjstest/providers/Microsoft.ApiManagement/service/myserviceyyy1/operationresults/ZWFzdHVzOm15c2VydmljZXl5eTFfQWN0X2UyYjcyODlh?api-version=2021-08-01",
        "Pragma": "no-cache",
        "Retry-After": "60",
        "Server": "Microsoft-HTTPAPI/2.0",
        "Strict-Transport-Security": "max-age=31536000; includeSubDomains",
        "X-Content-Type-Options": "nosniff",
        "x-ms-correlation-request-id": "b80be7ad-cf3e-4653-a2f8-843e9fe474e8",
        "x-ms-ratelimit-remaining-subscription-reads": "11969",
        "x-ms-request-id": "b80be7ad-cf3e-4653-a2f8-843e9fe474e8",
        "x-ms-routing-request-id": "SOUTHEASTASIA:20221102T090122Z:b80be7ad-cf3e-4653-a2f8-843e9fe474e8"
      },
      "ResponseBody": null
    },
    {
      "RequestUri": "https://management.azure.com/subscriptions/azure_subscription_id/resourceGroups/myjstest/providers/Microsoft.ApiManagement/service/myserviceyyy1/operationresults/ZWFzdHVzOm15c2VydmljZXl5eTFfQWN0X2UyYjcyODlh?api-version=2021-08-01",
      "RequestMethod": "GET",
      "RequestHeaders": {
        "Accept": "application/json",
        "Accept-Encoding": "gzip,deflate",
        "Authorization": "Sanitized",
        "Connection": "keep-alive",
        "Content-Type": "application/json",
        "User-Agent": "azsdk-js-arm-apimanagement/1.0.0-beta.1 core-rest-pipeline/1.10.0 Node/v16.17.0 OS/(x64-Windows_NT-10.0.22621)",
        "x-ms-client-request-id": "f4354730-6006-406a-af61-2846fe545e87"
      },
      "RequestBody": null,
      "StatusCode": 202,
      "ResponseHeaders": {
        "Cache-Control": "no-cache",
        "Content-Length": "0",
        "Date": "Wed, 02 Nov 2022 09:02:23 GMT",
        "Expires": "-1",
        "Location": "https://management.azure.com/subscriptions/azure_subscription_id/resourceGroups/myjstest/providers/Microsoft.ApiManagement/service/myserviceyyy1/operationresults/ZWFzdHVzOm15c2VydmljZXl5eTFfQWN0X2UyYjcyODlh?api-version=2021-08-01",
        "Pragma": "no-cache",
        "Retry-After": "60",
        "Server": "Microsoft-HTTPAPI/2.0",
        "Strict-Transport-Security": "max-age=31536000; includeSubDomains",
        "X-Content-Type-Options": "nosniff",
        "x-ms-correlation-request-id": "3c15ec77-b1cc-467d-a1ca-b3ad8bcb3430",
        "x-ms-ratelimit-remaining-subscription-reads": "11968",
        "x-ms-request-id": "3c15ec77-b1cc-467d-a1ca-b3ad8bcb3430",
        "x-ms-routing-request-id": "SOUTHEASTASIA:20221102T090223Z:3c15ec77-b1cc-467d-a1ca-b3ad8bcb3430"
      },
      "ResponseBody": null
    },
    {
      "RequestUri": "https://management.azure.com/subscriptions/azure_subscription_id/resourceGroups/myjstest/providers/Microsoft.ApiManagement/service/myserviceyyy1/operationresults/ZWFzdHVzOm15c2VydmljZXl5eTFfQWN0X2UyYjcyODlh?api-version=2021-08-01",
      "RequestMethod": "GET",
      "RequestHeaders": {
        "Accept": "application/json",
        "Accept-Encoding": "gzip,deflate",
        "Authorization": "Sanitized",
        "Connection": "keep-alive",
        "Content-Type": "application/json",
        "User-Agent": "azsdk-js-arm-apimanagement/1.0.0-beta.1 core-rest-pipeline/1.10.0 Node/v16.17.0 OS/(x64-Windows_NT-10.0.22621)",
        "x-ms-client-request-id": "010e6e61-f2de-497d-844d-9c17ddbef141"
      },
      "RequestBody": null,
      "StatusCode": 202,
      "ResponseHeaders": {
        "Cache-Control": "no-cache",
        "Content-Length": "0",
        "Date": "Wed, 02 Nov 2022 09:03:24 GMT",
        "Expires": "-1",
        "Location": "https://management.azure.com/subscriptions/azure_subscription_id/resourceGroups/myjstest/providers/Microsoft.ApiManagement/service/myserviceyyy1/operationresults/ZWFzdHVzOm15c2VydmljZXl5eTFfQWN0X2UyYjcyODlh?api-version=2021-08-01",
        "Pragma": "no-cache",
        "Retry-After": "60",
        "Server": "Microsoft-HTTPAPI/2.0",
        "Strict-Transport-Security": "max-age=31536000; includeSubDomains",
        "X-Content-Type-Options": "nosniff",
        "x-ms-correlation-request-id": "17f6a21b-548b-4308-b724-ffbb4b526054",
        "x-ms-ratelimit-remaining-subscription-reads": "11967",
        "x-ms-request-id": "17f6a21b-548b-4308-b724-ffbb4b526054",
        "x-ms-routing-request-id": "SOUTHEASTASIA:20221102T090325Z:17f6a21b-548b-4308-b724-ffbb4b526054"
      },
      "ResponseBody": null
    },
    {
      "RequestUri": "https://management.azure.com/subscriptions/azure_subscription_id/resourceGroups/myjstest/providers/Microsoft.ApiManagement/service/myserviceyyy1/operationresults/ZWFzdHVzOm15c2VydmljZXl5eTFfQWN0X2UyYjcyODlh?api-version=2021-08-01",
      "RequestMethod": "GET",
      "RequestHeaders": {
        "Accept": "application/json",
        "Accept-Encoding": "gzip,deflate",
        "Authorization": "Sanitized",
        "Connection": "keep-alive",
        "Content-Type": "application/json",
        "User-Agent": "azsdk-js-arm-apimanagement/1.0.0-beta.1 core-rest-pipeline/1.10.0 Node/v16.17.0 OS/(x64-Windows_NT-10.0.22621)",
        "x-ms-client-request-id": "d58fce46-3e56-4336-af21-b170776292cd"
      },
      "RequestBody": null,
      "StatusCode": 202,
      "ResponseHeaders": {
        "Cache-Control": "no-cache",
        "Content-Length": "0",
        "Date": "Wed, 02 Nov 2022 09:04:25 GMT",
        "Expires": "-1",
        "Location": "https://management.azure.com/subscriptions/azure_subscription_id/resourceGroups/myjstest/providers/Microsoft.ApiManagement/service/myserviceyyy1/operationresults/ZWFzdHVzOm15c2VydmljZXl5eTFfQWN0X2UyYjcyODlh?api-version=2021-08-01",
        "Pragma": "no-cache",
        "Retry-After": "60",
        "Server": "Microsoft-HTTPAPI/2.0",
        "Strict-Transport-Security": "max-age=31536000; includeSubDomains",
        "X-Content-Type-Options": "nosniff",
        "x-ms-correlation-request-id": "f5cf731f-0cf2-4aff-8b6f-0316e08b3213",
        "x-ms-ratelimit-remaining-subscription-reads": "11966",
        "x-ms-request-id": "f5cf731f-0cf2-4aff-8b6f-0316e08b3213",
        "x-ms-routing-request-id": "SOUTHEASTASIA:20221102T090426Z:f5cf731f-0cf2-4aff-8b6f-0316e08b3213"
      },
      "ResponseBody": null
    },
    {
      "RequestUri": "https://management.azure.com/subscriptions/azure_subscription_id/resourceGroups/myjstest/providers/Microsoft.ApiManagement/service/myserviceyyy1/operationresults/ZWFzdHVzOm15c2VydmljZXl5eTFfQWN0X2UyYjcyODlh?api-version=2021-08-01",
      "RequestMethod": "GET",
      "RequestHeaders": {
        "Accept": "application/json",
        "Accept-Encoding": "gzip,deflate",
        "Authorization": "Sanitized",
        "Connection": "keep-alive",
        "Content-Type": "application/json",
        "User-Agent": "azsdk-js-arm-apimanagement/1.0.0-beta.1 core-rest-pipeline/1.10.0 Node/v16.17.0 OS/(x64-Windows_NT-10.0.22621)",
        "x-ms-client-request-id": "c93c3e5e-36c6-4ff9-b7d9-35b8097b0e4a"
      },
      "RequestBody": null,
      "StatusCode": 202,
      "ResponseHeaders": {
        "Cache-Control": "no-cache",
        "Content-Length": "0",
        "Date": "Wed, 02 Nov 2022 09:05:26 GMT",
        "Expires": "-1",
        "Location": "https://management.azure.com/subscriptions/azure_subscription_id/resourceGroups/myjstest/providers/Microsoft.ApiManagement/service/myserviceyyy1/operationresults/ZWFzdHVzOm15c2VydmljZXl5eTFfQWN0X2UyYjcyODlh?api-version=2021-08-01",
        "Pragma": "no-cache",
        "Retry-After": "60",
        "Server": "Microsoft-HTTPAPI/2.0",
        "Strict-Transport-Security": "max-age=31536000; includeSubDomains",
        "X-Content-Type-Options": "nosniff",
        "x-ms-correlation-request-id": "9611df27-2bf9-4371-bebf-c0711e971b7b",
        "x-ms-ratelimit-remaining-subscription-reads": "11965",
        "x-ms-request-id": "9611df27-2bf9-4371-bebf-c0711e971b7b",
        "x-ms-routing-request-id": "SOUTHEASTASIA:20221102T090527Z:9611df27-2bf9-4371-bebf-c0711e971b7b"
      },
      "ResponseBody": null
    },
    {
      "RequestUri": "https://management.azure.com/subscriptions/azure_subscription_id/resourceGroups/myjstest/providers/Microsoft.ApiManagement/service/myserviceyyy1/operationresults/ZWFzdHVzOm15c2VydmljZXl5eTFfQWN0X2UyYjcyODlh?api-version=2021-08-01",
      "RequestMethod": "GET",
      "RequestHeaders": {
        "Accept": "application/json",
        "Accept-Encoding": "gzip,deflate",
        "Authorization": "Sanitized",
        "Connection": "keep-alive",
        "Content-Type": "application/json",
        "User-Agent": "azsdk-js-arm-apimanagement/1.0.0-beta.1 core-rest-pipeline/1.10.0 Node/v16.17.0 OS/(x64-Windows_NT-10.0.22621)",
        "x-ms-client-request-id": "b233990e-0987-4db0-bb6f-df8b04f26f56"
      },
      "RequestBody": null,
      "StatusCode": 202,
      "ResponseHeaders": {
        "Cache-Control": "no-cache",
        "Content-Length": "0",
        "Date": "Wed, 02 Nov 2022 09:06:28 GMT",
        "Expires": "-1",
        "Location": "https://management.azure.com/subscriptions/azure_subscription_id/resourceGroups/myjstest/providers/Microsoft.ApiManagement/service/myserviceyyy1/operationresults/ZWFzdHVzOm15c2VydmljZXl5eTFfQWN0X2UyYjcyODlh?api-version=2021-08-01",
        "Pragma": "no-cache",
        "Retry-After": "60",
        "Server": "Microsoft-HTTPAPI/2.0",
        "Strict-Transport-Security": "max-age=31536000; includeSubDomains",
        "X-Content-Type-Options": "nosniff",
        "x-ms-correlation-request-id": "52e288ea-584c-430c-b5ce-8b8ea8a9f306",
        "x-ms-ratelimit-remaining-subscription-reads": "11964",
        "x-ms-request-id": "52e288ea-584c-430c-b5ce-8b8ea8a9f306",
        "x-ms-routing-request-id": "SOUTHEASTASIA:20221102T090629Z:52e288ea-584c-430c-b5ce-8b8ea8a9f306"
      },
      "ResponseBody": null
    },
    {
      "RequestUri": "https://management.azure.com/subscriptions/azure_subscription_id/resourceGroups/myjstest/providers/Microsoft.ApiManagement/service/myserviceyyy1/operationresults/ZWFzdHVzOm15c2VydmljZXl5eTFfQWN0X2UyYjcyODlh?api-version=2021-08-01",
      "RequestMethod": "GET",
      "RequestHeaders": {
        "Accept": "application/json",
        "Accept-Encoding": "gzip,deflate",
        "Authorization": "Sanitized",
        "Connection": "keep-alive",
        "Content-Type": "application/json",
        "User-Agent": "azsdk-js-arm-apimanagement/1.0.0-beta.1 core-rest-pipeline/1.10.0 Node/v16.17.0 OS/(x64-Windows_NT-10.0.22621)",
        "x-ms-client-request-id": "5877768b-0b5a-4bbb-a64b-dee3b0c89134"
      },
      "RequestBody": null,
      "StatusCode": 202,
      "ResponseHeaders": {
        "Cache-Control": "no-cache",
        "Content-Length": "0",
        "Date": "Wed, 02 Nov 2022 09:07:30 GMT",
        "Expires": "-1",
        "Location": "https://management.azure.com/subscriptions/azure_subscription_id/resourceGroups/myjstest/providers/Microsoft.ApiManagement/service/myserviceyyy1/operationresults/ZWFzdHVzOm15c2VydmljZXl5eTFfQWN0X2UyYjcyODlh?api-version=2021-08-01",
        "Pragma": "no-cache",
        "Retry-After": "60",
        "Server": "Microsoft-HTTPAPI/2.0",
        "Strict-Transport-Security": "max-age=31536000; includeSubDomains",
        "X-Content-Type-Options": "nosniff",
        "x-ms-correlation-request-id": "c8bd9748-5968-4520-8405-77418d0d78da",
        "x-ms-ratelimit-remaining-subscription-reads": "11963",
        "x-ms-request-id": "c8bd9748-5968-4520-8405-77418d0d78da",
        "x-ms-routing-request-id": "SOUTHEASTASIA:20221102T090730Z:c8bd9748-5968-4520-8405-77418d0d78da"
      },
      "ResponseBody": null
    },
    {
      "RequestUri": "https://management.azure.com/subscriptions/azure_subscription_id/resourceGroups/myjstest/providers/Microsoft.ApiManagement/service/myserviceyyy1/operationresults/ZWFzdHVzOm15c2VydmljZXl5eTFfQWN0X2UyYjcyODlh?api-version=2021-08-01",
      "RequestMethod": "GET",
      "RequestHeaders": {
        "Accept": "application/json",
        "Accept-Encoding": "gzip,deflate",
        "Authorization": "Sanitized",
        "Connection": "keep-alive",
        "Content-Type": "application/json",
        "User-Agent": "azsdk-js-arm-apimanagement/1.0.0-beta.1 core-rest-pipeline/1.10.0 Node/v16.17.0 OS/(x64-Windows_NT-10.0.22621)",
        "x-ms-client-request-id": "8efc6c08-2702-456e-b471-ff2814ff80aa"
      },
      "RequestBody": null,
      "StatusCode": 202,
      "ResponseHeaders": {
        "Cache-Control": "no-cache",
        "Content-Length": "0",
        "Date": "Wed, 02 Nov 2022 09:08:31 GMT",
        "Expires": "-1",
        "Location": "https://management.azure.com/subscriptions/azure_subscription_id/resourceGroups/myjstest/providers/Microsoft.ApiManagement/service/myserviceyyy1/operationresults/ZWFzdHVzOm15c2VydmljZXl5eTFfQWN0X2UyYjcyODlh?api-version=2021-08-01",
        "Pragma": "no-cache",
        "Retry-After": "60",
        "Server": "Microsoft-HTTPAPI/2.0",
        "Strict-Transport-Security": "max-age=31536000; includeSubDomains",
        "X-Content-Type-Options": "nosniff",
        "x-ms-correlation-request-id": "8386a4e2-28da-41ef-beca-16db4a7ac117",
        "x-ms-ratelimit-remaining-subscription-reads": "11962",
        "x-ms-request-id": "8386a4e2-28da-41ef-beca-16db4a7ac117",
        "x-ms-routing-request-id": "SOUTHEASTASIA:20221102T090832Z:8386a4e2-28da-41ef-beca-16db4a7ac117"
      },
      "ResponseBody": null
    },
    {
      "RequestUri": "https://management.azure.com/subscriptions/azure_subscription_id/resourceGroups/myjstest/providers/Microsoft.ApiManagement/service/myserviceyyy1/operationresults/ZWFzdHVzOm15c2VydmljZXl5eTFfQWN0X2UyYjcyODlh?api-version=2021-08-01",
      "RequestMethod": "GET",
      "RequestHeaders": {
        "Accept": "application/json",
        "Accept-Encoding": "gzip,deflate",
        "Authorization": "Sanitized",
        "Connection": "keep-alive",
        "Content-Type": "application/json",
        "User-Agent": "azsdk-js-arm-apimanagement/1.0.0-beta.1 core-rest-pipeline/1.10.0 Node/v16.17.0 OS/(x64-Windows_NT-10.0.22621)",
        "x-ms-client-request-id": "9b20b7e8-7c3a-4dd5-a47e-fa7b7564898d"
      },
      "RequestBody": null,
      "StatusCode": 202,
      "ResponseHeaders": {
        "Cache-Control": "no-cache",
        "Content-Length": "0",
        "Date": "Wed, 02 Nov 2022 09:09:33 GMT",
        "Expires": "-1",
        "Location": "https://management.azure.com/subscriptions/azure_subscription_id/resourceGroups/myjstest/providers/Microsoft.ApiManagement/service/myserviceyyy1/operationresults/ZWFzdHVzOm15c2VydmljZXl5eTFfQWN0X2UyYjcyODlh?api-version=2021-08-01",
        "Pragma": "no-cache",
        "Retry-After": "60",
        "Server": "Microsoft-HTTPAPI/2.0",
        "Strict-Transport-Security": "max-age=31536000; includeSubDomains",
        "X-Content-Type-Options": "nosniff",
        "x-ms-correlation-request-id": "3e7b609a-a6fd-44d4-a256-f5bece37eea5",
        "x-ms-ratelimit-remaining-subscription-reads": "11961",
        "x-ms-request-id": "3e7b609a-a6fd-44d4-a256-f5bece37eea5",
        "x-ms-routing-request-id": "SOUTHEASTASIA:20221102T090933Z:3e7b609a-a6fd-44d4-a256-f5bece37eea5"
      },
      "ResponseBody": null
    },
    {
      "RequestUri": "https://management.azure.com/subscriptions/azure_subscription_id/resourceGroups/myjstest/providers/Microsoft.ApiManagement/service/myserviceyyy1/operationresults/ZWFzdHVzOm15c2VydmljZXl5eTFfQWN0X2UyYjcyODlh?api-version=2021-08-01",
      "RequestMethod": "GET",
      "RequestHeaders": {
        "Accept": "application/json",
        "Accept-Encoding": "gzip,deflate",
        "Authorization": "Sanitized",
        "Connection": "keep-alive",
        "Content-Type": "application/json",
        "User-Agent": "azsdk-js-arm-apimanagement/1.0.0-beta.1 core-rest-pipeline/1.10.0 Node/v16.17.0 OS/(x64-Windows_NT-10.0.22621)",
        "x-ms-client-request-id": "ee9543e3-7c6b-488a-88a1-356c4bf99ff8"
      },
      "RequestBody": null,
      "StatusCode": 202,
      "ResponseHeaders": {
        "Cache-Control": "no-cache",
        "Content-Length": "0",
        "Date": "Wed, 02 Nov 2022 09:10:34 GMT",
        "Expires": "-1",
        "Location": "https://management.azure.com/subscriptions/azure_subscription_id/resourceGroups/myjstest/providers/Microsoft.ApiManagement/service/myserviceyyy1/operationresults/ZWFzdHVzOm15c2VydmljZXl5eTFfQWN0X2UyYjcyODlh?api-version=2021-08-01",
        "Pragma": "no-cache",
        "Retry-After": "60",
        "Server": "Microsoft-HTTPAPI/2.0",
        "Strict-Transport-Security": "max-age=31536000; includeSubDomains",
        "X-Content-Type-Options": "nosniff",
        "x-ms-correlation-request-id": "207a6270-4d00-4301-8e76-731eaf371b66",
        "x-ms-ratelimit-remaining-subscription-reads": "11960",
        "x-ms-request-id": "207a6270-4d00-4301-8e76-731eaf371b66",
        "x-ms-routing-request-id": "SOUTHEASTASIA:20221102T091035Z:207a6270-4d00-4301-8e76-731eaf371b66"
      },
      "ResponseBody": null
    },
    {
      "RequestUri": "https://management.azure.com/subscriptions/azure_subscription_id/resourceGroups/myjstest/providers/Microsoft.ApiManagement/service/myserviceyyy1/operationresults/ZWFzdHVzOm15c2VydmljZXl5eTFfQWN0X2UyYjcyODlh?api-version=2021-08-01",
      "RequestMethod": "GET",
      "RequestHeaders": {
        "Accept": "application/json",
        "Accept-Encoding": "gzip,deflate",
        "Authorization": "Sanitized",
        "Connection": "keep-alive",
        "Content-Type": "application/json",
        "User-Agent": "azsdk-js-arm-apimanagement/1.0.0-beta.1 core-rest-pipeline/1.10.0 Node/v16.17.0 OS/(x64-Windows_NT-10.0.22621)",
        "x-ms-client-request-id": "beb39d64-e7e1-46dd-bbbd-cc706a7459ba"
      },
      "RequestBody": null,
      "StatusCode": 202,
      "ResponseHeaders": {
        "Cache-Control": "no-cache",
        "Content-Length": "0",
        "Date": "Wed, 02 Nov 2022 09:11:36 GMT",
        "Expires": "-1",
        "Location": "https://management.azure.com/subscriptions/azure_subscription_id/resourceGroups/myjstest/providers/Microsoft.ApiManagement/service/myserviceyyy1/operationresults/ZWFzdHVzOm15c2VydmljZXl5eTFfQWN0X2UyYjcyODlh?api-version=2021-08-01",
        "Pragma": "no-cache",
        "Retry-After": "60",
        "Server": "Microsoft-HTTPAPI/2.0",
        "Strict-Transport-Security": "max-age=31536000; includeSubDomains",
        "X-Content-Type-Options": "nosniff",
        "x-ms-correlation-request-id": "84b7d5da-e128-49bb-8866-cdd3dae5cfa1",
        "x-ms-ratelimit-remaining-subscription-reads": "11959",
        "x-ms-request-id": "84b7d5da-e128-49bb-8866-cdd3dae5cfa1",
        "x-ms-routing-request-id": "SOUTHEASTASIA:20221102T091136Z:84b7d5da-e128-49bb-8866-cdd3dae5cfa1"
      },
      "ResponseBody": null
    },
    {
      "RequestUri": "https://management.azure.com/subscriptions/azure_subscription_id/resourceGroups/myjstest/providers/Microsoft.ApiManagement/service/myserviceyyy1/operationresults/ZWFzdHVzOm15c2VydmljZXl5eTFfQWN0X2UyYjcyODlh?api-version=2021-08-01",
      "RequestMethod": "GET",
      "RequestHeaders": {
        "Accept": "application/json",
        "Accept-Encoding": "gzip,deflate",
        "Authorization": "Sanitized",
        "Connection": "keep-alive",
        "Content-Type": "application/json",
        "User-Agent": "azsdk-js-arm-apimanagement/1.0.0-beta.1 core-rest-pipeline/1.10.0 Node/v16.17.0 OS/(x64-Windows_NT-10.0.22621)",
        "x-ms-client-request-id": "4d0f30c6-5a78-43e4-98a5-1394f0096083"
      },
      "RequestBody": null,
      "StatusCode": 202,
      "ResponseHeaders": {
        "Cache-Control": "no-cache",
        "Content-Length": "0",
        "Date": "Wed, 02 Nov 2022 09:12:36 GMT",
        "Expires": "-1",
        "Location": "https://management.azure.com/subscriptions/azure_subscription_id/resourceGroups/myjstest/providers/Microsoft.ApiManagement/service/myserviceyyy1/operationresults/ZWFzdHVzOm15c2VydmljZXl5eTFfQWN0X2UyYjcyODlh?api-version=2021-08-01",
        "Pragma": "no-cache",
        "Retry-After": "60",
        "Server": "Microsoft-HTTPAPI/2.0",
        "Strict-Transport-Security": "max-age=31536000; includeSubDomains",
        "X-Content-Type-Options": "nosniff",
        "x-ms-correlation-request-id": "023db781-a6d1-4ca8-8423-c4dd21cd5606",
        "x-ms-ratelimit-remaining-subscription-reads": "11958",
        "x-ms-request-id": "023db781-a6d1-4ca8-8423-c4dd21cd5606",
        "x-ms-routing-request-id": "SOUTHEASTASIA:20221102T091237Z:023db781-a6d1-4ca8-8423-c4dd21cd5606"
      },
      "ResponseBody": null
    },
    {
      "RequestUri": "https://management.azure.com/subscriptions/azure_subscription_id/resourceGroups/myjstest/providers/Microsoft.ApiManagement/service/myserviceyyy1/operationresults/ZWFzdHVzOm15c2VydmljZXl5eTFfQWN0X2UyYjcyODlh?api-version=2021-08-01",
      "RequestMethod": "GET",
      "RequestHeaders": {
        "Accept": "application/json",
        "Accept-Encoding": "gzip,deflate",
        "Authorization": "Sanitized",
        "Connection": "keep-alive",
        "Content-Type": "application/json",
        "User-Agent": "azsdk-js-arm-apimanagement/1.0.0-beta.1 core-rest-pipeline/1.10.0 Node/v16.17.0 OS/(x64-Windows_NT-10.0.22621)",
        "x-ms-client-request-id": "1b1d309b-fe35-4cd9-aa6b-8d894ad86d8e"
      },
      "RequestBody": null,
      "StatusCode": 202,
      "ResponseHeaders": {
        "Cache-Control": "no-cache",
        "Content-Length": "0",
        "Date": "Wed, 02 Nov 2022 09:13:38 GMT",
        "Expires": "-1",
        "Location": "https://management.azure.com/subscriptions/azure_subscription_id/resourceGroups/myjstest/providers/Microsoft.ApiManagement/service/myserviceyyy1/operationresults/ZWFzdHVzOm15c2VydmljZXl5eTFfQWN0X2UyYjcyODlh?api-version=2021-08-01",
        "Pragma": "no-cache",
        "Retry-After": "60",
        "Server": "Microsoft-HTTPAPI/2.0",
        "Strict-Transport-Security": "max-age=31536000; includeSubDomains",
        "X-Content-Type-Options": "nosniff",
        "x-ms-correlation-request-id": "257541d1-629e-42f5-9a89-ec2adf570ba1",
        "x-ms-ratelimit-remaining-subscription-reads": "11957",
        "x-ms-request-id": "257541d1-629e-42f5-9a89-ec2adf570ba1",
        "x-ms-routing-request-id": "SOUTHEASTASIA:20221102T091339Z:257541d1-629e-42f5-9a89-ec2adf570ba1"
      },
      "ResponseBody": null
    },
    {
      "RequestUri": "https://management.azure.com/subscriptions/azure_subscription_id/resourceGroups/myjstest/providers/Microsoft.ApiManagement/service/myserviceyyy1/operationresults/ZWFzdHVzOm15c2VydmljZXl5eTFfQWN0X2UyYjcyODlh?api-version=2021-08-01",
      "RequestMethod": "GET",
      "RequestHeaders": {
        "Accept": "application/json",
        "Accept-Encoding": "gzip,deflate",
        "Authorization": "Sanitized",
        "Connection": "keep-alive",
        "Content-Type": "application/json",
        "User-Agent": "azsdk-js-arm-apimanagement/1.0.0-beta.1 core-rest-pipeline/1.10.0 Node/v16.17.0 OS/(x64-Windows_NT-10.0.22621)",
        "x-ms-client-request-id": "ec23fff6-0d70-4041-be01-78d3fc85e5eb"
      },
      "RequestBody": null,
      "StatusCode": 202,
      "ResponseHeaders": {
        "Cache-Control": "no-cache",
        "Content-Length": "0",
        "Date": "Wed, 02 Nov 2022 09:14:39 GMT",
        "Expires": "-1",
        "Location": "https://management.azure.com/subscriptions/azure_subscription_id/resourceGroups/myjstest/providers/Microsoft.ApiManagement/service/myserviceyyy1/operationresults/ZWFzdHVzOm15c2VydmljZXl5eTFfQWN0X2UyYjcyODlh?api-version=2021-08-01",
        "Pragma": "no-cache",
        "Retry-After": "60",
        "Server": "Microsoft-HTTPAPI/2.0",
        "Strict-Transport-Security": "max-age=31536000; includeSubDomains",
        "X-Content-Type-Options": "nosniff",
        "x-ms-correlation-request-id": "062745c3-3af6-4695-b34d-bea27a59ace8",
        "x-ms-ratelimit-remaining-subscription-reads": "11956",
        "x-ms-request-id": "062745c3-3af6-4695-b34d-bea27a59ace8",
        "x-ms-routing-request-id": "SOUTHEASTASIA:20221102T091440Z:062745c3-3af6-4695-b34d-bea27a59ace8"
      },
      "ResponseBody": null
    },
    {
      "RequestUri": "https://management.azure.com/subscriptions/azure_subscription_id/resourceGroups/myjstest/providers/Microsoft.ApiManagement/service/myserviceyyy1/operationresults/ZWFzdHVzOm15c2VydmljZXl5eTFfQWN0X2UyYjcyODlh?api-version=2021-08-01",
      "RequestMethod": "GET",
      "RequestHeaders": {
        "Accept": "application/json",
        "Accept-Encoding": "gzip,deflate",
        "Authorization": "Sanitized",
        "Connection": "keep-alive",
        "Content-Type": "application/json",
        "User-Agent": "azsdk-js-arm-apimanagement/1.0.0-beta.1 core-rest-pipeline/1.10.0 Node/v16.17.0 OS/(x64-Windows_NT-10.0.22621)",
        "x-ms-client-request-id": "a145d8c6-22ac-4946-8674-a0c83fdfb592"
      },
      "RequestBody": null,
      "StatusCode": 202,
      "ResponseHeaders": {
        "Cache-Control": "no-cache",
        "Content-Length": "0",
        "Date": "Wed, 02 Nov 2022 09:15:40 GMT",
        "Expires": "-1",
        "Location": "https://management.azure.com/subscriptions/azure_subscription_id/resourceGroups/myjstest/providers/Microsoft.ApiManagement/service/myserviceyyy1/operationresults/ZWFzdHVzOm15c2VydmljZXl5eTFfQWN0X2UyYjcyODlh?api-version=2021-08-01",
        "Pragma": "no-cache",
        "Retry-After": "60",
        "Server": "Microsoft-HTTPAPI/2.0",
        "Strict-Transport-Security": "max-age=31536000; includeSubDomains",
        "X-Content-Type-Options": "nosniff",
        "x-ms-correlation-request-id": "3ae5c9fa-43c7-4acc-a25c-0c518cf8235c",
        "x-ms-ratelimit-remaining-subscription-reads": "11955",
        "x-ms-request-id": "3ae5c9fa-43c7-4acc-a25c-0c518cf8235c",
        "x-ms-routing-request-id": "SOUTHEASTASIA:20221102T091541Z:3ae5c9fa-43c7-4acc-a25c-0c518cf8235c"
      },
      "ResponseBody": null
    },
    {
      "RequestUri": "https://management.azure.com/subscriptions/azure_subscription_id/resourceGroups/myjstest/providers/Microsoft.ApiManagement/service/myserviceyyy1/operationresults/ZWFzdHVzOm15c2VydmljZXl5eTFfQWN0X2UyYjcyODlh?api-version=2021-08-01",
      "RequestMethod": "GET",
      "RequestHeaders": {
        "Accept": "application/json",
        "Accept-Encoding": "gzip,deflate",
        "Authorization": "Sanitized",
        "Connection": "keep-alive",
        "Content-Type": "application/json",
        "User-Agent": "azsdk-js-arm-apimanagement/1.0.0-beta.1 core-rest-pipeline/1.10.0 Node/v16.17.0 OS/(x64-Windows_NT-10.0.22621)",
        "x-ms-client-request-id": "f5d28b39-d4b7-4a43-8c53-846b7021e8a8"
      },
      "RequestBody": null,
      "StatusCode": 202,
      "ResponseHeaders": {
        "Cache-Control": "no-cache",
        "Content-Length": "0",
        "Date": "Wed, 02 Nov 2022 09:16:42 GMT",
        "Expires": "-1",
        "Location": "https://management.azure.com/subscriptions/azure_subscription_id/resourceGroups/myjstest/providers/Microsoft.ApiManagement/service/myserviceyyy1/operationresults/ZWFzdHVzOm15c2VydmljZXl5eTFfQWN0X2UyYjcyODlh?api-version=2021-08-01",
        "Pragma": "no-cache",
        "Retry-After": "60",
        "Server": "Microsoft-HTTPAPI/2.0",
        "Strict-Transport-Security": "max-age=31536000; includeSubDomains",
        "X-Content-Type-Options": "nosniff",
        "x-ms-correlation-request-id": "317b403d-b3b6-4184-b982-fb82296f978f",
        "x-ms-ratelimit-remaining-subscription-reads": "11954",
        "x-ms-request-id": "317b403d-b3b6-4184-b982-fb82296f978f",
        "x-ms-routing-request-id": "SOUTHEASTASIA:20221102T091642Z:317b403d-b3b6-4184-b982-fb82296f978f"
      },
      "ResponseBody": null
    },
    {
      "RequestUri": "https://management.azure.com/subscriptions/azure_subscription_id/resourceGroups/myjstest/providers/Microsoft.ApiManagement/service/myserviceyyy1/operationresults/ZWFzdHVzOm15c2VydmljZXl5eTFfQWN0X2UyYjcyODlh?api-version=2021-08-01",
      "RequestMethod": "GET",
      "RequestHeaders": {
        "Accept": "application/json",
        "Accept-Encoding": "gzip,deflate",
        "Authorization": "Sanitized",
        "Connection": "keep-alive",
        "Content-Type": "application/json",
        "User-Agent": "azsdk-js-arm-apimanagement/1.0.0-beta.1 core-rest-pipeline/1.10.0 Node/v16.17.0 OS/(x64-Windows_NT-10.0.22621)",
        "x-ms-client-request-id": "08f569b1-d596-4d1e-b865-f67d4b678189"
      },
      "RequestBody": null,
      "StatusCode": 200,
      "ResponseHeaders": {
        "Cache-Control": "no-cache",
        "Content-Length": "2526",
        "Content-Type": "application/json; charset=utf-8",
        "Date": "Wed, 02 Nov 2022 09:17:43 GMT",
        "Expires": "-1",
        "Pragma": "no-cache",
        "Server": "Microsoft-HTTPAPI/2.0",
        "Strict-Transport-Security": "max-age=31536000; includeSubDomains",
        "X-Content-Type-Options": "nosniff",
        "x-ms-correlation-request-id": "97677c0b-ca52-4b55-b693-81203e6f5a00",
        "x-ms-ratelimit-remaining-subscription-reads": "11953",
        "x-ms-request-id": "97677c0b-ca52-4b55-b693-81203e6f5a00",
        "x-ms-routing-request-id": "SOUTHEASTASIA:20221102T091744Z:97677c0b-ca52-4b55-b693-81203e6f5a00"
      },
      "ResponseBody": {
        "id": "/subscriptions/azure_subscription_id/resourceGroups/myjstest/providers/Microsoft.ApiManagement/service/myserviceyyy1",
        "name": "myserviceyyy1",
        "type": "Microsoft.ApiManagement/service",
        "tags": {},
        "location": "East US",
        "etag": "AAAAAACBFbo=",
        "properties": {
          "publisherEmail": "foo@contoso.com",
          "publisherName": "foo",
          "notificationSenderEmail": "apimgmt-noreply@mail.windowsazure.com",
          "provisioningState": "Succeeded",
          "targetProvisioningState": "",
          "createdAtUtc": "2022-11-02T08:31:36.2698892Z",
          "gatewayUrl": "https://myserviceyyy1.azure-api.net",
          "gatewayRegionalUrl": "https://myserviceyyy1-eastus-01.regional.azure-api.net",
          "portalUrl": "https://myserviceyyy1.portal.azure-api.net",
          "developerPortalUrl": "https://myserviceyyy1.developer.azure-api.net",
          "managementApiUrl": "https://myserviceyyy1.management.azure-api.net",
          "scmUrl": "https://myserviceyyy1.scm.azure-api.net",
          "hostnameConfigurations": [
            {
              "type": "Proxy",
              "hostName": "myserviceyyy1.azure-api.net",
              "encodedCertificate": null,
              "keyVaultId": null,
              "certificatePassword": null,
              "negotiateClientCertificate": false,
              "certificate": null,
              "defaultSslBinding": true,
              "identityClientId": null,
              "certificateSource": "BuiltIn",
              "certificateStatus": null
            }
          ],
          "publicIPAddresses": [
            "20.237.43.224"
          ],
          "privateIPAddresses": null,
          "additionalLocations": null,
          "virtualNetworkConfiguration": null,
          "customProperties": {
            "Microsoft.WindowsAzure.ApiManagement.Gateway.Security.Protocols.Tls10": "False",
            "Microsoft.WindowsAzure.ApiManagement.Gateway.Security.Protocols.Tls11": "False",
            "Microsoft.WindowsAzure.ApiManagement.Gateway.Security.Protocols.Ssl30": "False",
            "Microsoft.WindowsAzure.ApiManagement.Gateway.Security.Ciphers.TripleDes168": "False",
            "Microsoft.WindowsAzure.ApiManagement.Gateway.Security.Backend.Protocols.Tls10": "False",
            "Microsoft.WindowsAzure.ApiManagement.Gateway.Security.Backend.Protocols.Tls11": "False",
            "Microsoft.WindowsAzure.ApiManagement.Gateway.Security.Backend.Protocols.Ssl30": "False",
            "Microsoft.WindowsAzure.ApiManagement.Gateway.Protocols.Server.Http2": "False"
          },
          "virtualNetworkType": "None",
          "certificates": null,
          "disableGateway": false,
          "apiVersionConstraint": {
            "minApiVersion": null
          },
          "publicIpAddressId": null,
          "publicNetworkAccess": "Enabled",
          "privateEndpointConnections": null,
          "platformVersion": "stv2"
        },
        "sku": {
          "name": "Standard",
          "capacity": 1
        },
        "identity": null,
        "zones": null,
        "systemData": {
          "createdBy": "azure_client_id",
          "createdByType": "Application",
          "createdAt": "2022-11-02T08:31:35.4400849Z",
          "lastModifiedBy": "azure_client_id",
          "lastModifiedByType": "Application",
          "lastModifiedAt": "2022-11-02T08:31:35.4400849Z"
        }
      }
    }
  ],
  "Variables": {}
}
