{
  "Entries": [
    {
      "RequestUri": "https://management.azure.com/subscriptions/azure_subscription_id/resourceGroups/myjstest/providers/Microsoft.ApiManagement/service/myserviceyyy1/backends/sfbackend1?api-version=2021-08-01",
      "RequestMethod": "DELETE",
      "RequestHeaders": {
        "Accept": "application/json",
        "Accept-Encoding": "gzip,deflate",
        "Authorization": "Sanitized",
        "Connection": "keep-alive",
        "If-Match": "*",
        "User-Agent": "azsdk-js-arm-apimanagement/9.0.0 core-rest-pipeline/1.10.2 Node/v18.10.0 OS/(x64-Windows_NT-10.0.19042)",
        "x-ms-client-request-id": "32eef0df-608d-4b93-8c79-64b13cbba0b1"
      },
      "RequestBody": null,
      "StatusCode": 200,
      "ResponseHeaders": {
        "Cache-Control": "no-cache",
        "Content-Length": "0",
        "Date": "Mon, 30 Jan 2023 03:31:29 GMT",
        "Expires": "-1",
        "Pragma": "no-cache",
        "Server": "Microsoft-HTTPAPI/2.0",
        "Strict-Transport-Security": "max-age=31536000; includeSubDomains",
        "X-Content-Type-Options": "nosniff",
        "x-ms-correlation-request-id": "7ae59fe5-9746-4f77-b69b-9ead7eff3314",
        "x-ms-ratelimit-remaining-subscription-deletes": "14999",
        "x-ms-request-id": "7ae59fe5-9746-4f77-b69b-9ead7eff3314",
        "x-ms-routing-request-id": "KOREASOUTH:20230130T033129Z:7ae59fe5-9746-4f77-b69b-9ead7eff3314"
      },
      "ResponseBody": null
    },
    {
      "RequestUri": "https://management.azure.com/subscriptions/azure_subscription_id/resourceGroups/myjstest/providers/Microsoft.ApiManagement/service/myserviceyyy1/backends/sfbackend2?api-version=2021-08-01",
      "RequestMethod": "DELETE",
      "RequestHeaders": {
        "Accept": "application/json",
        "Accept-Encoding": "gzip,deflate",
        "Authorization": "Sanitized",
        "Connection": "keep-alive",
        "If-Match": "*",
        "User-Agent": "azsdk-js-arm-apimanagement/9.0.0 core-rest-pipeline/1.10.2 Node/v18.10.0 OS/(x64-Windows_NT-10.0.19042)",
        "x-ms-client-request-id": "325c4ed0-076c-4420-9403-072972a412a3"
      },
      "RequestBody": null,
      "StatusCode": 200,
      "ResponseHeaders": {
        "Cache-Control": "no-cache",
        "Content-Length": "0",
        "Date": "Mon, 30 Jan 2023 03:31:31 GMT",
        "Expires": "-1",
        "Pragma": "no-cache",
        "Server": "Microsoft-HTTPAPI/2.0",
        "Strict-Transport-Security": "max-age=31536000; includeSubDomains",
        "X-Content-Type-Options": "nosniff",
        "x-ms-correlation-request-id": "e9e3a5a1-ed55-45a1-acbe-8a460233cab7",
        "x-ms-ratelimit-remaining-subscription-deletes": "14998",
        "x-ms-request-id": "e9e3a5a1-ed55-45a1-acbe-8a460233cab7",
        "x-ms-routing-request-id": "KOREASOUTH:20230130T033131Z:e9e3a5a1-ed55-45a1-acbe-8a460233cab7"
      },
      "ResponseBody": null
    },
    {
      "RequestUri": "https://management.azure.com/subscriptions/azure_subscription_id/resourceGroups/myjstest/providers/Microsoft.ApiManagement/service/myserviceyyy1/backends?api-version=2021-08-01",
      "RequestMethod": "GET",
      "RequestHeaders": {
        "Accept": "application/json",
        "Accept-Encoding": "gzip,deflate",
        "Authorization": "Sanitized",
        "Connection": "keep-alive",
        "User-Agent": "azsdk-js-arm-apimanagement/9.0.0 core-rest-pipeline/1.10.2 Node/v18.10.0 OS/(x64-Windows_NT-10.0.19042)",
        "x-ms-client-request-id": "0da5462f-6efc-4606-95de-554eaefa3e62"
      },
      "RequestBody": null,
      "StatusCode": 200,
      "ResponseHeaders": {
        "Cache-Control": "no-cache",
        "Content-Encoding": "gzip",
        "Content-Type": "application/json; charset=utf-8",
        "Date": "Mon, 30 Jan 2023 03:31:32 GMT",
        "Expires": "-1",
        "Pragma": "no-cache",
        "Server": "Microsoft-HTTPAPI/2.0",
        "Strict-Transport-Security": "max-age=31536000; includeSubDomains",
        "Transfer-Encoding": "chunked",
        "Vary": "Accept-Encoding",
        "X-Content-Type-Options": "nosniff",
        "x-ms-correlation-request-id": "bf22443e-f0bb-4cba-9d7e-a1924e6176ce",
        "x-ms-ratelimit-remaining-subscription-reads": "11954",
        "x-ms-request-id": "bf22443e-f0bb-4cba-9d7e-a1924e6176ce",
        "x-ms-routing-request-id": "KOREASOUTH:20230130T033132Z:bf22443e-f0bb-4cba-9d7e-a1924e6176ce"
      },
      "ResponseBody": {
        "value": [],
        "count": 0
      }
    }
  ],
  "Variables": {}
}
