{
  "Entries": [
    {
      "RequestUri": "https://management.azure.com/subscriptions/azure_subscription_id/resourceGroups/myjstest/providers/Microsoft.ApiManagement/service/myserviceyyy1?api-version=2021-08-01",
      "RequestMethod": "GET",
      "RequestHeaders": {
        "Accept": "application/json",
        "Accept-Encoding": "gzip,deflate",
        "Authorization": "Sanitized",
        "Connection": "keep-alive",
        "User-Agent": "azsdk-js-arm-apimanagement/9.0.0 core-rest-pipeline/1.10.2 Node/v18.10.0 OS/(x64-Windows_NT-10.0.19042)",
        "x-ms-client-request-id": "f832aece-5ff2-4ed6-af6e-4409b9c52367"
      },
      "RequestBody": null,
      "StatusCode": 200,
      "ResponseHeaders": {
        "Cache-Control": "no-cache",
        "Content-Encoding": "gzip",
        "Content-Type": "application/json; charset=utf-8",
        "Date": "Mon, 30 Jan 2023 03:31:33 GMT",
        "ETag": "\u0022AAAAAACO\u002BN4=\u0022",
        "Expires": "-1",
        "Pragma": "no-cache",
        "Server": "Microsoft-HTTPAPI/2.0",
        "Strict-Transport-Security": "max-age=31536000; includeSubDomains",
        "Transfer-Encoding": "chunked",
        "Vary": "Accept-Encoding",
        "X-Content-Type-Options": "nosniff",
        "x-ms-correlation-request-id": "84195967-169a-418e-95ab-a0b071dc56bd",
        "x-ms-ratelimit-remaining-subscription-reads": "11953",
        "x-ms-request-id": "84195967-169a-418e-95ab-a0b071dc56bd",
        "x-ms-routing-request-id": "KOREASOUTH:20230130T033134Z:84195967-169a-418e-95ab-a0b071dc56bd"
      },
      "ResponseBody": {
        "id": "/subscriptions/azure_subscription_id/resourceGroups/myjstest/providers/Microsoft.ApiManagement/service/myserviceyyy1",
        "name": "myserviceyyy1",
        "type": "Microsoft.ApiManagement/service",
        "tags": {},
        "location": "East US",
        "etag": "AAAAAACO\u002BN4=",
        "properties": {
          "publisherEmail": "foo@contoso.com",
          "publisherName": "foo",
          "notificationSenderEmail": "apimgmt-noreply@mail.windowsazure.com",
          "provisioningState": "Succeeded",
          "targetProvisioningState": "",
          "createdAtUtc": "2023-01-30T02:52:09.0106169Z",
          "gatewayUrl": "https://myserviceyyy1.azure-api.net",
          "gatewayRegionalUrl": "https://myserviceyyy1-eastus-01.regional.azure-api.net",
          "portalUrl": "https://myserviceyyy1.portal.azure-api.net",
          "developerPortalUrl": "https://myserviceyyy1.developer.azure-api.net",
          "managementApiUrl": "https://myserviceyyy1.management.azure-api.net",
          "scmUrl": "https://myserviceyyy1.scm.azure-api.net",
          "hostnameConfigurations": [
            {
              "type": "Proxy",
              "hostName": "myserviceyyy1.azure-api.net",
              "encodedCertificate": null,
              "keyVaultId": null,
              "certificatePassword": null,
              "negotiateClientCertificate": false,
              "certificate": null,
              "defaultSslBinding": true,
              "identityClientId": null,
              "certificateSource": "BuiltIn",
              "certificateStatus": null
            }
          ],
          "publicIPAddresses": [
            "20.246.244.222"
          ],
          "privateIPAddresses": null,
          "additionalLocations": null,
          "virtualNetworkConfiguration": null,
          "customProperties": {
            "Microsoft.WindowsAzure.ApiManagement.Gateway.Security.Protocols.Tls10": "False",
            "Microsoft.WindowsAzure.ApiManagement.Gateway.Security.Protocols.Tls11": "False",
            "Microsoft.WindowsAzure.ApiManagement.Gateway.Security.Protocols.Ssl30": "False",
            "Microsoft.WindowsAzure.ApiManagement.Gateway.Security.Ciphers.TripleDes168": "False",
            "Microsoft.WindowsAzure.ApiManagement.Gateway.Security.Backend.Protocols.Tls10": "False",
            "Microsoft.WindowsAzure.ApiManagement.Gateway.Security.Backend.Protocols.Tls11": "False",
            "Microsoft.WindowsAzure.ApiManagement.Gateway.Security.Backend.Protocols.Ssl30": "False",
            "Microsoft.WindowsAzure.ApiManagement.Gateway.Protocols.Server.Http2": "False"
          },
          "virtualNetworkType": "None",
          "certificates": null,
          "disableGateway": false,
          "apiVersionConstraint": {
            "minApiVersion": null
          },
          "publicIpAddressId": null,
          "publicNetworkAccess": "Enabled",
          "privateEndpointConnections": null,
          "platformVersion": "stv2"
        },
        "sku": {
          "name": "Standard",
          "capacity": 1
        },
        "identity": null,
        "zones": null,
        "systemData": {
          "createdBy": "azure_client_id",
          "createdByType": "Application",
          "createdAt": "2023-01-30T02:52:08.2423912Z",
          "lastModifiedBy": "azure_client_id",
          "lastModifiedByType": "Application",
          "lastModifiedAt": "2023-01-30T02:52:08.2423912Z"
        }
      }
    },
    {
      "RequestUri": "https://management.azure.com/subscriptions/azure_subscription_id/resourceGroups/myjstest/providers/Microsoft.ApiManagement/service/myserviceyyy1?api-version=2021-08-01",
      "RequestMethod": "DELETE",
      "RequestHeaders": {
        "Accept": "application/json",
        "Accept-Encoding": "gzip,deflate",
        "Authorization": "Sanitized",
        "Connection": "keep-alive",
        "User-Agent": "azsdk-js-arm-apimanagement/9.0.0 core-rest-pipeline/1.10.2 Node/v18.10.0 OS/(x64-Windows_NT-10.0.19042)",
        "x-ms-client-request-id": "5e41a4af-c9a6-4677-bc05-f42bebad9a7b"
      },
      "RequestBody": null,
      "StatusCode": 202,
      "ResponseHeaders": {
        "Cache-Control": "no-cache",
        "Content-Length": "2535",
        "Content-Type": "application/json; charset=utf-8",
        "Date": "Mon, 30 Jan 2023 03:31:35 GMT",
        "Expires": "-1",
        "Location": "https://management.azure.com/subscriptions/azure_subscription_id/resourceGroups/myjstest/providers/Microsoft.ApiManagement/service/myserviceyyy1/operationresults/ZWFzdHVzOm15c2VydmljZXl5eTFfVGVybV9jNjk0NjEyNw==?api-version=2021-08-01",
        "Pragma": "no-cache",
        "Retry-After": "60",
        "Server": "Microsoft-HTTPAPI/2.0",
        "Strict-Transport-Security": "max-age=31536000; includeSubDomains",
        "X-Content-Type-Options": "nosniff",
        "x-ms-correlation-request-id": "da5a016f-5847-49fd-80d4-666e3256f301",
        "x-ms-ratelimit-remaining-subscription-deletes": "14997",
        "x-ms-request-id": "da5a016f-5847-49fd-80d4-666e3256f301",
        "x-ms-routing-request-id": "KOREASOUTH:20230130T033136Z:da5a016f-5847-49fd-80d4-666e3256f301"
      },
      "ResponseBody": {
        "id": "/subscriptions/azure_subscription_id/resourceGroups/myjstest/providers/Microsoft.ApiManagement/service/myserviceyyy1",
        "name": "myserviceyyy1",
        "type": "Microsoft.ApiManagement/service",
        "tags": {},
        "location": "East US",
        "etag": "AAAAAACO\u002BOw=",
        "properties": {
          "publisherEmail": "foo@contoso.com",
          "publisherName": "foo",
          "notificationSenderEmail": "apimgmt-noreply@mail.windowsazure.com",
          "provisioningState": "Succeeded",
          "targetProvisioningState": "Deleting",
          "createdAtUtc": "2023-01-30T02:52:09.0106169Z",
          "gatewayUrl": "https://myserviceyyy1.azure-api.net",
          "gatewayRegionalUrl": "https://myserviceyyy1-eastus-01.regional.azure-api.net",
          "portalUrl": "https://myserviceyyy1.portal.azure-api.net",
          "developerPortalUrl": "https://myserviceyyy1.developer.azure-api.net",
          "managementApiUrl": "https://myserviceyyy1.management.azure-api.net",
          "scmUrl": "https://myserviceyyy1.scm.azure-api.net",
          "hostnameConfigurations": [
            {
              "type": "Proxy",
              "hostName": "myserviceyyy1.azure-api.net",
              "encodedCertificate": null,
              "keyVaultId": null,
              "certificatePassword": null,
              "negotiateClientCertificate": false,
              "certificate": null,
              "defaultSslBinding": true,
              "identityClientId": null,
              "certificateSource": "BuiltIn",
              "certificateStatus": null
            }
          ],
          "publicIPAddresses": [
            "20.246.244.222"
          ],
          "privateIPAddresses": null,
          "additionalLocations": null,
          "virtualNetworkConfiguration": null,
          "customProperties": {
            "Microsoft.WindowsAzure.ApiManagement.Gateway.Security.Protocols.Tls10": "False",
            "Microsoft.WindowsAzure.ApiManagement.Gateway.Security.Protocols.Tls11": "False",
            "Microsoft.WindowsAzure.ApiManagement.Gateway.Security.Protocols.Ssl30": "False",
            "Microsoft.WindowsAzure.ApiManagement.Gateway.Security.Ciphers.TripleDes168": "False",
            "Microsoft.WindowsAzure.ApiManagement.Gateway.Security.Backend.Protocols.Tls10": "False",
            "Microsoft.WindowsAzure.ApiManagement.Gateway.Security.Backend.Protocols.Tls11": "False",
            "Microsoft.WindowsAzure.ApiManagement.Gateway.Security.Backend.Protocols.Ssl30": "False",
            "Microsoft.WindowsAzure.ApiManagement.Gateway.Protocols.Server.Http2": "False"
          },
          "virtualNetworkType": "None",
          "certificates": null,
          "disableGateway": false,
          "apiVersionConstraint": {
            "minApiVersion": null
          },
          "publicIpAddressId": null,
          "publicNetworkAccess": "Enabled",
          "privateEndpointConnections": null,
          "platformVersion": "stv2"
        },
        "sku": {
          "name": "Standard",
          "capacity": 1
        },
        "identity": null,
        "zones": null,
        "systemData": {
          "createdBy": "azure_client_id",
          "createdByType": "Application",
          "createdAt": "2023-01-30T02:52:08.2423912Z",
          "lastModifiedBy": "azure_client_id",
          "lastModifiedByType": "Application",
          "lastModifiedAt": "2023-01-30T02:52:08.2423912Z"
        }
      }
    },
    {
      "RequestUri": "https://management.azure.com/subscriptions/azure_subscription_id/resourceGroups/myjstest/providers/Microsoft.ApiManagement/service/myserviceyyy1/operationresults/ZWFzdHVzOm15c2VydmljZXl5eTFfVGVybV9jNjk0NjEyNw==?api-version=2021-08-01",
      "RequestMethod": "GET",
      "RequestHeaders": {
        "Accept": "application/json",
        "Accept-Encoding": "gzip,deflate",
        "Authorization": "Sanitized",
        "Connection": "keep-alive",
        "User-Agent": "azsdk-js-arm-apimanagement/9.0.0 core-rest-pipeline/1.10.2 Node/v18.10.0 OS/(x64-Windows_NT-10.0.19042)",
        "x-ms-client-request-id": "5f41ca03-119a-4aa0-aae0-fd4635f8adb6"
      },
      "RequestBody": null,
      "StatusCode": 202,
      "ResponseHeaders": {
        "Cache-Control": "no-cache",
        "Content-Length": "0",
        "Date": "Mon, 30 Jan 2023 03:31:36 GMT",
        "Expires": "-1",
        "Location": "https://management.azure.com/subscriptions/azure_subscription_id/resourceGroups/myjstest/providers/Microsoft.ApiManagement/service/myserviceyyy1/operationresults/ZWFzdHVzOm15c2VydmljZXl5eTFfVGVybV9jNjk0NjEyNw==?api-version=2021-08-01",
        "Pragma": "no-cache",
        "Retry-After": "60",
        "Server": "Microsoft-HTTPAPI/2.0",
        "Strict-Transport-Security": "max-age=31536000; includeSubDomains",
        "X-Content-Type-Options": "nosniff",
        "x-ms-correlation-request-id": "589b7e45-d714-4c73-97bf-03366f9aadcb",
        "x-ms-ratelimit-remaining-subscription-reads": "11952",
        "x-ms-request-id": "589b7e45-d714-4c73-97bf-03366f9aadcb",
        "x-ms-routing-request-id": "KOREASOUTH:20230130T033136Z:589b7e45-d714-4c73-97bf-03366f9aadcb"
      },
      "ResponseBody": null
    },
    {
      "RequestUri": "https://management.azure.com/subscriptions/azure_subscription_id/resourceGroups/myjstest/providers/Microsoft.ApiManagement/service/myserviceyyy1/operationresults/ZWFzdHVzOm15c2VydmljZXl5eTFfVGVybV9jNjk0NjEyNw==?api-version=2021-08-01",
      "RequestMethod": "GET",
      "RequestHeaders": {
        "Accept": "application/json",
        "Accept-Encoding": "gzip,deflate",
        "Authorization": "Sanitized",
        "Connection": "keep-alive",
        "User-Agent": "azsdk-js-arm-apimanagement/9.0.0 core-rest-pipeline/1.10.2 Node/v18.10.0 OS/(x64-Windows_NT-10.0.19042)",
        "x-ms-client-request-id": "003b5c60-193c-4033-82db-b1538f944141"
      },
      "RequestBody": null,
      "StatusCode": 202,
      "ResponseHeaders": {
        "Cache-Control": "no-cache",
        "Content-Length": "0",
        "Date": "Mon, 30 Jan 2023 03:31:36 GMT",
        "Expires": "-1",
        "Location": "https://management.azure.com/subscriptions/azure_subscription_id/resourceGroups/myjstest/providers/Microsoft.ApiManagement/service/myserviceyyy1/operationresults/ZWFzdHVzOm15c2VydmljZXl5eTFfVGVybV9jNjk0NjEyNw==?api-version=2021-08-01",
        "Pragma": "no-cache",
        "Retry-After": "60",
        "Server": "Microsoft-HTTPAPI/2.0",
        "Strict-Transport-Security": "max-age=31536000; includeSubDomains",
        "X-Content-Type-Options": "nosniff",
        "x-ms-correlation-request-id": "69005322-1a32-48b6-9e4a-fc3430c3b2ed",
        "x-ms-ratelimit-remaining-subscription-reads": "11951",
        "x-ms-request-id": "69005322-1a32-48b6-9e4a-fc3430c3b2ed",
        "x-ms-routing-request-id": "KOREASOUTH:20230130T033137Z:69005322-1a32-48b6-9e4a-fc3430c3b2ed"
      },
      "ResponseBody": null
    },
    {
      "RequestUri": "https://management.azure.com/subscriptions/azure_subscription_id/resourceGroups/myjstest/providers/Microsoft.ApiManagement/service/myserviceyyy1/operationresults/ZWFzdHVzOm15c2VydmljZXl5eTFfVGVybV9jNjk0NjEyNw==?api-version=2021-08-01",
      "RequestMethod": "GET",
      "RequestHeaders": {
        "Accept": "application/json",
        "Accept-Encoding": "gzip,deflate",
        "Authorization": "Sanitized",
        "Connection": "keep-alive",
        "User-Agent": "azsdk-js-arm-apimanagement/9.0.0 core-rest-pipeline/1.10.2 Node/v18.10.0 OS/(x64-Windows_NT-10.0.19042)",
        "x-ms-client-request-id": "6d63d0f6-1c0d-4727-afd3-6b7f3d0f2cec"
      },
      "RequestBody": null,
      "StatusCode": 202,
      "ResponseHeaders": {
        "Cache-Control": "no-cache",
        "Content-Length": "0",
        "Date": "Mon, 30 Jan 2023 03:32:38 GMT",
        "Expires": "-1",
        "Location": "https://management.azure.com/subscriptions/azure_subscription_id/resourceGroups/myjstest/providers/Microsoft.ApiManagement/service/myserviceyyy1/operationresults/ZWFzdHVzOm15c2VydmljZXl5eTFfVGVybV9jNjk0NjEyNw==?api-version=2021-08-01",
        "Pragma": "no-cache",
        "Retry-After": "60",
        "Server": "Microsoft-HTTPAPI/2.0",
        "Strict-Transport-Security": "max-age=31536000; includeSubDomains",
        "X-Content-Type-Options": "nosniff",
        "x-ms-correlation-request-id": "584e5623-26dd-4773-8499-25b75593f660",
        "x-ms-ratelimit-remaining-subscription-reads": "11950",
        "x-ms-request-id": "584e5623-26dd-4773-8499-25b75593f660",
        "x-ms-routing-request-id": "KOREASOUTH:20230130T033238Z:584e5623-26dd-4773-8499-25b75593f660"
      },
      "ResponseBody": null
    },
    {
      "RequestUri": "https://management.azure.com/subscriptions/azure_subscription_id/resourceGroups/myjstest/providers/Microsoft.ApiManagement/service/myserviceyyy1/operationresults/ZWFzdHVzOm15c2VydmljZXl5eTFfVGVybV9jNjk0NjEyNw==?api-version=2021-08-01",
      "RequestMethod": "GET",
      "RequestHeaders": {
        "Accept": "application/json",
        "Accept-Encoding": "gzip,deflate",
        "Authorization": "Sanitized",
        "Connection": "keep-alive",
        "User-Agent": "azsdk-js-arm-apimanagement/9.0.0 core-rest-pipeline/1.10.2 Node/v18.10.0 OS/(x64-Windows_NT-10.0.19042)",
        "x-ms-client-request-id": "121450d9-0be6-4a33-98e8-f16f478359d3"
      },
      "RequestBody": null,
      "StatusCode": 200,
      "ResponseHeaders": {
        "Cache-Control": "no-cache",
        "Content-Length": "0",
        "Date": "Mon, 30 Jan 2023 03:33:39 GMT",
        "Expires": "-1",
        "Pragma": "no-cache",
        "Server": "Microsoft-HTTPAPI/2.0",
        "Strict-Transport-Security": "max-age=31536000; includeSubDomains",
        "X-Content-Type-Options": "nosniff",
        "x-ms-correlation-request-id": "070fe216-24b9-4460-9c44-ce52570ad80c",
        "x-ms-ratelimit-remaining-subscription-reads": "11949",
        "x-ms-request-id": "070fe216-24b9-4460-9c44-ce52570ad80c",
        "x-ms-routing-request-id": "KOREASOUTH:20230130T033340Z:070fe216-24b9-4460-9c44-ce52570ad80c"
      },
      "ResponseBody": null
    },
    {
      "RequestUri": "https://management.azure.com/subscriptions/azure_subscription_id/providers/Microsoft.ApiManagement/locations/eastus/deletedservices/myserviceyyy1?api-version=2021-08-01",
      "RequestMethod": "DELETE",
      "RequestHeaders": {
        "Accept": "application/json",
        "Accept-Encoding": "gzip,deflate",
        "Authorization": "Sanitized",
        "Connection": "keep-alive",
        "User-Agent": "azsdk-js-arm-apimanagement/9.0.0 core-rest-pipeline/1.10.2 Node/v18.10.0 OS/(x64-Windows_NT-10.0.19042)",
        "x-ms-client-request-id": "0c8d5899-4b3f-4cab-822e-cc030fbd5f3d"
      },
      "RequestBody": null,
      "StatusCode": 202,
      "ResponseHeaders": {
        "Cache-Control": "no-cache",
        "Content-Length": "493",
        "Content-Type": "application/json; charset=utf-8",
        "Date": "Mon, 30 Jan 2023 03:33:40 GMT",
        "Expires": "-1",
        "Location": "https://management.azure.com/subscriptions/azure_subscription_id/providers/Microsoft.ApiManagement/locations/eastus/deletedservices/myserviceyyy1/operationresults/ZWFzdHVzOm15c2VydmljZXl5eTFfVGVybV82YTYzNGRlMw==?api-version=2021-08-01",
        "Pragma": "no-cache",
        "Retry-After": "60",
        "Server": "Microsoft-HTTPAPI/2.0",
        "Strict-Transport-Security": "max-age=31536000; includeSubDomains",
        "X-Content-Type-Options": "nosniff",
        "x-ms-correlation-request-id": "1fa078e3-5043-4a62-bd58-c30c33bf4962",
        "x-ms-ratelimit-remaining-subscription-deletes": "14996",
        "x-ms-request-id": "1fa078e3-5043-4a62-bd58-c30c33bf4962",
        "x-ms-routing-request-id": "KOREASOUTH:20230130T033340Z:1fa078e3-5043-4a62-bd58-c30c33bf4962"
      },
      "ResponseBody": {
        "id": "/subscriptions/92f95d8f-3c67-4124-91c7-8cf07cdbf241/providers/Microsoft.ApiManagement/locations/eastus/deletedservices/myserviceyyy1",
        "name": "myserviceyyy1",
        "type": "Microsoft.ApiManagement/deletedservices",
        "location": "East US",
        "properties": {
          "serviceId": "/subscriptions/92f95d8f-3c67-4124-91c7-8cf07cdbf241/resourceGroups/myjstest/providers/Microsoft.ApiManagement/service/myserviceyyy1",
          "scheduledPurgeDate": "2023-01-30T03:33:40.5617315Z",
          "deletionDate": "2023-01-30T03:32:47.5720451Z"
        }
      }
    },
    {
      "RequestUri": "https://management.azure.com/subscriptions/azure_subscription_id/providers/Microsoft.ApiManagement/locations/eastus/deletedservices/myserviceyyy1/operationresults/ZWFzdHVzOm15c2VydmljZXl5eTFfVGVybV82YTYzNGRlMw==?api-version=2021-08-01",
      "RequestMethod": "GET",
      "RequestHeaders": {
        "Accept": "application/json",
        "Accept-Encoding": "gzip,deflate",
        "Authorization": "Sanitized",
        "Connection": "keep-alive",
        "User-Agent": "azsdk-js-arm-apimanagement/9.0.0 core-rest-pipeline/1.10.2 Node/v18.10.0 OS/(x64-Windows_NT-10.0.19042)",
        "x-ms-client-request-id": "065db5fa-7b08-4235-871a-2d2d3a3b9e95"
      },
      "RequestBody": null,
      "StatusCode": 202,
      "ResponseHeaders": {
        "Cache-Control": "no-cache",
        "Content-Length": "0",
        "Date": "Mon, 30 Jan 2023 03:33:40 GMT",
        "Expires": "-1",
        "Location": "https://management.azure.com/subscriptions/azure_subscription_id/providers/Microsoft.ApiManagement/locations/eastus/deletedservices/myserviceyyy1/operationresults/ZWFzdHVzOm15c2VydmljZXl5eTFfVGVybV82YTYzNGRlMw==?api-version=2021-08-01",
        "Pragma": "no-cache",
        "Retry-After": "60",
        "Server": "Microsoft-HTTPAPI/2.0",
        "Strict-Transport-Security": "max-age=31536000; includeSubDomains",
        "X-Content-Type-Options": "nosniff",
        "x-ms-correlation-request-id": "4a1b67f9-fb56-469e-b566-37a625acaa3f",
        "x-ms-ratelimit-remaining-subscription-reads": "11948",
        "x-ms-request-id": "4a1b67f9-fb56-469e-b566-37a625acaa3f",
        "x-ms-routing-request-id": "KOREASOUTH:20230130T033341Z:4a1b67f9-fb56-469e-b566-37a625acaa3f"
      },
      "ResponseBody": null
    },
    {
      "RequestUri": "https://management.azure.com/subscriptions/azure_subscription_id/providers/Microsoft.ApiManagement/locations/eastus/deletedservices/myserviceyyy1/operationresults/ZWFzdHVzOm15c2VydmljZXl5eTFfVGVybV82YTYzNGRlMw==?api-version=2021-08-01",
      "RequestMethod": "GET",
      "RequestHeaders": {
        "Accept": "application/json",
        "Accept-Encoding": "gzip,deflate",
        "Authorization": "Sanitized",
        "Connection": "keep-alive",
        "User-Agent": "azsdk-js-arm-apimanagement/9.0.0 core-rest-pipeline/1.10.2 Node/v18.10.0 OS/(x64-Windows_NT-10.0.19042)",
        "x-ms-client-request-id": "d42ded80-360b-4628-a051-c55306889446"
      },
      "RequestBody": null,
      "StatusCode": 202,
      "ResponseHeaders": {
        "Cache-Control": "no-cache",
        "Content-Length": "0",
        "Date": "Mon, 30 Jan 2023 03:33:40 GMT",
        "Expires": "-1",
        "Location": "https://management.azure.com/subscriptions/azure_subscription_id/providers/Microsoft.ApiManagement/locations/eastus/deletedservices/myserviceyyy1/operationresults/ZWFzdHVzOm15c2VydmljZXl5eTFfVGVybV82YTYzNGRlMw==?api-version=2021-08-01",
        "Pragma": "no-cache",
        "Retry-After": "60",
        "Server": "Microsoft-HTTPAPI/2.0",
        "Strict-Transport-Security": "max-age=31536000; includeSubDomains",
        "X-Content-Type-Options": "nosniff",
        "x-ms-correlation-request-id": "77734046-1835-4571-900c-ed205166e524",
        "x-ms-ratelimit-remaining-subscription-reads": "11947",
        "x-ms-request-id": "77734046-1835-4571-900c-ed205166e524",
        "x-ms-routing-request-id": "KOREASOUTH:20230130T033341Z:77734046-1835-4571-900c-ed205166e524"
      },
      "ResponseBody": null
    },
    {
      "RequestUri": "https://management.azure.com/subscriptions/azure_subscription_id/providers/Microsoft.ApiManagement/locations/eastus/deletedservices/myserviceyyy1/operationresults/ZWFzdHVzOm15c2VydmljZXl5eTFfVGVybV82YTYzNGRlMw==?api-version=2021-08-01",
      "RequestMethod": "GET",
      "RequestHeaders": {
        "Accept": "application/json",
        "Accept-Encoding": "gzip,deflate",
        "Authorization": "Sanitized",
        "Connection": "keep-alive",
        "User-Agent": "azsdk-js-arm-apimanagement/9.0.0 core-rest-pipeline/1.10.2 Node/v18.10.0 OS/(x64-Windows_NT-10.0.19042)",
        "x-ms-client-request-id": "225c5b07-d396-46d0-9c91-e733a94c58f5"
      },
      "RequestBody": null,
      "StatusCode": 200,
      "ResponseHeaders": {
        "Cache-Control": "no-cache",
        "Content-Length": "0",
        "Date": "Mon, 30 Jan 2023 03:34:42 GMT",
        "Expires": "-1",
        "Pragma": "no-cache",
        "Server": "Microsoft-HTTPAPI/2.0",
        "Strict-Transport-Security": "max-age=31536000; includeSubDomains",
        "X-Content-Type-Options": "nosniff",
        "x-ms-correlation-request-id": "085dda5b-b4fb-44a9-bb78-6a96a4269b05",
        "x-ms-ratelimit-remaining-subscription-reads": "11946",
        "x-ms-request-id": "085dda5b-b4fb-44a9-bb78-6a96a4269b05",
        "x-ms-routing-request-id": "KOREASOUTH:20230130T033443Z:085dda5b-b4fb-44a9-bb78-6a96a4269b05"
      },
      "ResponseBody": null
    },
    {
      "RequestUri": "https://management.azure.com/subscriptions/azure_subscription_id/resourceGroups/myjstest/providers/Microsoft.ApiManagement/service?api-version=2021-08-01",
      "RequestMethod": "GET",
      "RequestHeaders": {
        "Accept": "application/json",
        "Accept-Encoding": "gzip,deflate",
        "Authorization": "Sanitized",
        "Connection": "keep-alive",
        "User-Agent": "azsdk-js-arm-apimanagement/9.0.0 core-rest-pipeline/1.10.2 Node/v18.10.0 OS/(x64-Windows_NT-10.0.19042)",
        "x-ms-client-request-id": "37724eb5-b4d4-42bb-83de-5a80c7f47770"
      },
      "RequestBody": null,
      "StatusCode": 200,
      "ResponseHeaders": {
        "Cache-Control": "no-cache",
        "Content-Encoding": "gzip",
        "Content-Type": "application/json; charset=utf-8",
        "Date": "Mon, 30 Jan 2023 03:34:43 GMT",
        "Expires": "-1",
        "Pragma": "no-cache",
        "Server": "Microsoft-HTTPAPI/2.0",
        "Strict-Transport-Security": "max-age=31536000; includeSubDomains",
        "Transfer-Encoding": "chunked",
        "Vary": "Accept-Encoding",
        "X-Content-Type-Options": "nosniff",
        "x-ms-correlation-request-id": "36c8c7e0-a76a-4557-b218-e204bdc910b2",
        "x-ms-ratelimit-remaining-subscription-reads": "11945",
        "x-ms-request-id": "36c8c7e0-a76a-4557-b218-e204bdc910b2",
        "x-ms-routing-request-id": "KOREASOUTH:20230130T033443Z:36c8c7e0-a76a-4557-b218-e204bdc910b2"
      },
      "ResponseBody": {
        "value": []
      }
    }
  ],
  "Variables": {}
}
