{
  "Entries": [
    {
      "RequestUri": "https://keyvault_name.vault.azure.net/keys/listKeyName-cangettheversionsofakeypaged-/create?api-version=7.3",
      "RequestMethod": "POST",
      "RequestHeaders": {
        "Accept": "application/json",
        "Accept-Encoding": "gzip,deflate",
        "Connection": "keep-alive",
        "Content-Length": "0",
        "Content-Type": "application/json",
        "User-Agent": "azsdk-js-keyvault-keys/4.5.0-beta.1 azsdk-js-keyvault-keys/4.5.0-beta.1 core-rest-pipeline/1.8.1 Node/v16.14.0 OS/(x64-Windows_NT-10.0.22000)",
        "x-ms-client-request-id": "f61108de-f59e-4b7a-a40b-921a879aa20c"
      },
      "RequestBody": null,
      "StatusCode": 401,
      "ResponseHeaders": {
        "Cache-Control": "no-cache",
        "Content-Length": "97",
        "Content-Type": "application/json; charset=utf-8",
        "Date": "Fri, 27 May 2022 23:06:22 GMT",
        "Expires": "-1",
        "Pragma": "no-cache",
        "Strict-Transport-Security": "max-age=31536000;includeSubDomains",
        "WWW-Authenticate": "Bearer authorization=\u0022https://login.windows.net/12345678-1234-1234-1234-123456789012\u0022, resource=\u0022https://vault.azure.net\u0022",
        "X-Content-Type-Options": "nosniff",
        "x-ms-client-request-id": "f61108de-f59e-4b7a-a40b-921a879aa20c",
        "x-ms-keyvault-network-info": "conn_type=Ipv4;addr=131.107.159.44;act_addr_fam=InterNetwork;",
        "x-ms-keyvault-region": "northcentralus",
        "x-ms-keyvault-service-version": "1.9.395.1",
        "x-ms-request-id": "f9d666c0-0fa1-4244-bd9d-103c43a736f3"
      },
      "ResponseBody": {
        "error": {
          "code": "Unauthorized",
          "message": "AKV10000: Request is missing a Bearer or PoP token."
        }
      }
    },
    {
      "RequestUri": "https://keyvault_name.vault.azure.net/keys/listKeyName-cangettheversionsofakeypaged-/create?api-version=7.3",
      "RequestMethod": "POST",
      "RequestHeaders": {
        "Accept": "application/json",
        "Accept-Encoding": "gzip,deflate",
        "Authorization": "Sanitized",
        "Connection": "keep-alive",
        "Content-Length": "13",
        "Content-Type": "application/json",
        "User-Agent": "azsdk-js-keyvault-keys/4.5.0-beta.1 azsdk-js-keyvault-keys/4.5.0-beta.1 core-rest-pipeline/1.8.1 Node/v16.14.0 OS/(x64-Windows_NT-10.0.22000)",
        "x-ms-client-request-id": "f61108de-f59e-4b7a-a40b-921a879aa20c"
      },
      "RequestBody": {
        "kty": "RSA"
      },
      "StatusCode": 200,
      "ResponseHeaders": {
        "Cache-Control": "no-cache",
        "Content-Length": "719",
        "Content-Type": "application/json; charset=utf-8",
        "Date": "Fri, 27 May 2022 23:06:22 GMT",
        "Expires": "-1",
        "Pragma": "no-cache",
        "Strict-Transport-Security": "max-age=31536000;includeSubDomains",
        "X-Content-Type-Options": "nosniff",
        "x-ms-client-request-id": "f61108de-f59e-4b7a-a40b-921a879aa20c",
        "x-ms-keyvault-network-info": "conn_type=Ipv4;addr=131.107.159.44;act_addr_fam=InterNetwork;",
        "x-ms-keyvault-rbac-assignment-id": "bcec85b9-f9c6-5289-888e-6f6ce533c6a2",
        "x-ms-keyvault-rbac-cache": "ra_age=7703;da_age=7703;rd_age=7703;brd_age=6208;ra_notif_age=8758;dec_lev=1;",
        "x-ms-keyvault-region": "northcentralus",
        "x-ms-keyvault-service-version": "1.9.395.1",
        "x-ms-request-id": "52849b72-5ec0-4e6b-a933-39eb694dc849"
      },
      "ResponseBody": {
        "key": {
          "kid": "https://keyvault_name.vault.azure.net/keys/listKeyName-cangettheversionsofakeypaged-/c6f2e13b46a24cd5a87c6b81caed30eb",
          "kty": "RSA",
          "key_ops": [
            "encrypt",
            "decrypt",
            "sign",
            "verify",
            "wrapKey",
            "unwrapKey"
          ],
          "n": "5lhZh7A8bTcio8gozWy2nMCLdfvCcJlNR4JpRb_ExKN8GEECODzzJVEgEwK5KkEC2rR02dYaY50bHvRS3CVA-s-kGTC8YaSqhOz4w5EArEUJ-FO2fiDQeYlw4ZHClADRFW2vCMauczv78R_PXXvkrgOh9IayaWo3attAHyzed37RhaU4TgjV4RJInKcEgGUJZIj3U2k2pHtR-SVAO_NkyoM_8RxTLLkIULYVVs2ZH8zikLxRohQBym-gq0We38vD9l1lri99Z0s0Y3-ldMDvGWYhe6aD8kgNNPmOG5bP6CWzPGW9Rru4jWo04mi2_8e2We6BzM3Q3UeIC_OfIxSp6Q",
          "e": "AQAB"
        },
        "attributes": {
          "enabled": true,
          "created": 1653692782,
          "updated": 1653692782,
          "recoveryLevel": "CustomizedRecoverable\u002BPurgeable",
          "recoverableDays": 7
        }
      }
    },
    {
      "RequestUri": "https://keyvault_name.vault.azure.net/keys/listKeyName-cangettheversionsofakeypaged-/versions?api-version=7.3",
      "RequestMethod": "GET",
      "RequestHeaders": {
        "Accept": "application/json",
        "Accept-Encoding": "gzip,deflate",
        "Authorization": "Sanitized",
        "Connection": "keep-alive",
        "User-Agent": "azsdk-js-keyvault-keys/4.5.0-beta.1 azsdk-js-keyvault-keys/4.5.0-beta.1 core-rest-pipeline/1.8.1 Node/v16.14.0 OS/(x64-Windows_NT-10.0.22000)",
        "x-ms-client-request-id": "5605719a-64e9-48e0-8d1e-be4cbc7b60d9"
      },
      "RequestBody": null,
      "StatusCode": 200,
      "ResponseHeaders": {
        "Cache-Control": "no-cache",
        "Content-Length": "297",
        "Content-Type": "application/json; charset=utf-8",
        "Date": "Fri, 27 May 2022 23:06:22 GMT",
        "Expires": "-1",
        "Pragma": "no-cache",
        "Strict-Transport-Security": "max-age=31536000;includeSubDomains",
        "X-Content-Type-Options": "nosniff",
        "x-ms-client-request-id": "5605719a-64e9-48e0-8d1e-be4cbc7b60d9",
        "x-ms-keyvault-network-info": "conn_type=Ipv4;addr=131.107.159.44;act_addr_fam=InterNetwork;",
        "x-ms-keyvault-rbac-assignment-id": "bcec85b9-f9c6-5289-888e-6f6ce533c6a2",
        "x-ms-keyvault-rbac-cache": "ra_age=7703;da_age=7703;rd_age=7703;brd_age=6208;ra_notif_age=8758;dec_lev=1;",
        "x-ms-keyvault-region": "northcentralus",
        "x-ms-keyvault-service-version": "1.9.395.1",
        "x-ms-request-id": "af35662e-df83-4f89-80ce-b2cf2cbc40af"
      },
      "ResponseBody": {
        "value": [
          {
            "kid": "https://keyvault_name.vault.azure.net/keys/listKeyName-cangettheversionsofakeypaged-/c6f2e13b46a24cd5a87c6b81caed30eb",
            "attributes": {
              "enabled": true,
              "created": 1653692782,
              "updated": 1653692782,
              "recoveryLevel": "CustomizedRecoverable\u002BPurgeable",
              "recoverableDays": 7
            }
          }
        ],
        "nextLink": null
      }
    },
    {
      "RequestUri": "https://keyvault_name.vault.azure.net/keys/listKeyName-cangettheversionsofakeypaged-?api-version=7.3",
      "RequestMethod": "DELETE",
      "RequestHeaders": {
        "Accept": "application/json",
        "Accept-Encoding": "gzip,deflate",
        "Authorization": "Sanitized",
        "Connection": "keep-alive",
        "User-Agent": "azsdk-js-keyvault-keys/4.5.0-beta.1 azsdk-js-keyvault-keys/4.5.0-beta.1 core-rest-pipeline/1.8.1 Node/v16.14.0 OS/(x64-Windows_NT-10.0.22000)",
        "x-ms-client-request-id": "22e6ed2d-f69a-4184-8892-7349db7db35c"
      },
      "RequestBody": null,
      "StatusCode": 200,
      "ResponseHeaders": {
        "Cache-Control": "no-cache",
        "Content-Length": "883",
        "Content-Type": "application/json; charset=utf-8",
        "Date": "Fri, 27 May 2022 23:06:22 GMT",
        "Expires": "-1",
        "Pragma": "no-cache",
        "Strict-Transport-Security": "max-age=31536000;includeSubDomains",
        "X-Content-Type-Options": "nosniff",
        "x-ms-client-request-id": "22e6ed2d-f69a-4184-8892-7349db7db35c",
        "x-ms-keyvault-network-info": "conn_type=Ipv4;addr=131.107.159.44;act_addr_fam=InterNetwork;",
        "x-ms-keyvault-rbac-assignment-id": "bcec85b9-f9c6-5289-888e-6f6ce533c6a2",
        "x-ms-keyvault-rbac-cache": "ra_age=7703;da_age=7703;rd_age=7703;brd_age=6209;ra_notif_age=8758;dec_lev=1;",
        "x-ms-keyvault-region": "northcentralus",
        "x-ms-keyvault-service-version": "1.9.395.1",
        "x-ms-request-id": "eedcc591-102b-4385-a724-56a6631b0948"
      },
      "ResponseBody": {
        "recoveryId": "https://keyvault_name.vault.azure.net/deletedkeys/listKeyName-cangettheversionsofakeypaged-",
        "deletedDate": 1653692782,
        "scheduledPurgeDate": 1654297582,
        "key": {
          "kid": "https://keyvault_name.vault.azure.net/keys/listKeyName-cangettheversionsofakeypaged-/c6f2e13b46a24cd5a87c6b81caed30eb",
          "kty": "RSA",
          "key_ops": [
            "encrypt",
            "decrypt",
            "sign",
            "verify",
            "wrapKey",
            "unwrapKey"
          ],
          "n": "5lhZh7A8bTcio8gozWy2nMCLdfvCcJlNR4JpRb_ExKN8GEECODzzJVEgEwK5KkEC2rR02dYaY50bHvRS3CVA-s-kGTC8YaSqhOz4w5EArEUJ-FO2fiDQeYlw4ZHClADRFW2vCMauczv78R_PXXvkrgOh9IayaWo3attAHyzed37RhaU4TgjV4RJInKcEgGUJZIj3U2k2pHtR-SVAO_NkyoM_8RxTLLkIULYVVs2ZH8zikLxRohQBym-gq0We38vD9l1lri99Z0s0Y3-ldMDvGWYhe6aD8kgNNPmOG5bP6CWzPGW9Rru4jWo04mi2_8e2We6BzM3Q3UeIC_OfIxSp6Q",
          "e": "AQAB"
        },
        "attributes": {
          "enabled": true,
          "created": 1653692782,
          "updated": 1653692782,
          "recoveryLevel": "CustomizedRecoverable\u002BPurgeable",
          "recoverableDays": 7
        }
      }
    },
    {
      "RequestUri": "https://keyvault_name.vault.azure.net/deletedkeys/listKeyName-cangettheversionsofakeypaged-?api-version=7.3",
      "RequestMethod": "GET",
      "RequestHeaders": {
        "Accept": "application/json",
        "Accept-Encoding": "gzip,deflate",
        "Authorization": "Sanitized",
        "Connection": "keep-alive",
        "User-Agent": "azsdk-js-keyvault-keys/4.5.0-beta.1 azsdk-js-keyvault-keys/4.5.0-beta.1 core-rest-pipeline/1.8.1 Node/v16.14.0 OS/(x64-Windows_NT-10.0.22000)",
        "x-ms-client-request-id": "666da604-0128-4212-9537-78b528f7d135"
      },
      "RequestBody": null,
      "StatusCode": 404,
      "ResponseHeaders": {
        "Cache-Control": "no-cache",
        "Content-Length": "109",
        "Content-Type": "application/json; charset=utf-8",
        "Date": "Fri, 27 May 2022 23:06:22 GMT",
        "Expires": "-1",
        "Pragma": "no-cache",
        "Strict-Transport-Security": "max-age=31536000;includeSubDomains",
        "X-Content-Type-Options": "nosniff",
        "x-ms-client-request-id": "666da604-0128-4212-9537-78b528f7d135",
        "x-ms-keyvault-network-info": "conn_type=Ipv4;addr=131.107.159.44;act_addr_fam=InterNetwork;",
        "x-ms-keyvault-rbac-assignment-id": "bcec85b9-f9c6-5289-888e-6f6ce533c6a2",
        "x-ms-keyvault-rbac-cache": "ra_age=7703;da_age=7703;rd_age=7703;brd_age=6209;ra_notif_age=8758;dec_lev=0;",
        "x-ms-keyvault-region": "northcentralus",
        "x-ms-keyvault-service-version": "1.9.395.1",
        "x-ms-request-id": "724610e0-e028-48ba-8b61-977076b3d02c"
      },
      "ResponseBody": {
        "error": {
          "code": "KeyNotFound",
          "message": "Deleted Key not found: listKeyName-cangettheversionsofakeypaged-"
        }
      }
    },
    {
      "RequestUri": "https://keyvault_name.vault.azure.net/deletedkeys/listKeyName-cangettheversionsofakeypaged-?api-version=7.3",
      "RequestMethod": "GET",
      "RequestHeaders": {
        "Accept": "application/json",
        "Accept-Encoding": "gzip,deflate",
        "Authorization": "Sanitized",
        "Connection": "keep-alive",
        "User-Agent": "azsdk-js-keyvault-keys/4.5.0-beta.1 azsdk-js-keyvault-keys/4.5.0-beta.1 core-rest-pipeline/1.8.1 Node/v16.14.0 OS/(x64-Windows_NT-10.0.22000)",
        "x-ms-client-request-id": "26de58ad-4c7b-479c-a7f4-4bb05919d31a"
      },
      "RequestBody": null,
      "StatusCode": 404,
      "ResponseHeaders": {
        "Cache-Control": "no-cache",
        "Content-Length": "109",
        "Content-Type": "application/json; charset=utf-8",
        "Date": "Fri, 27 May 2022 23:06:22 GMT",
        "Expires": "-1",
        "Pragma": "no-cache",
        "Strict-Transport-Security": "max-age=31536000;includeSubDomains",
        "X-Content-Type-Options": "nosniff",
        "x-ms-client-request-id": "26de58ad-4c7b-479c-a7f4-4bb05919d31a",
        "x-ms-keyvault-network-info": "conn_type=Ipv4;addr=131.107.159.44;act_addr_fam=InterNetwork;",
        "x-ms-keyvault-rbac-assignment-id": "bcec85b9-f9c6-5289-888e-6f6ce533c6a2",
        "x-ms-keyvault-rbac-cache": "ra_age=7703;da_age=7703;rd_age=7703;brd_age=6209;ra_notif_age=8758;dec_lev=0;",
        "x-ms-keyvault-region": "northcentralus",
        "x-ms-keyvault-service-version": "1.9.395.1",
        "x-ms-request-id": "e61baa0c-6f55-4902-b90c-0f481c0901e6"
      },
      "ResponseBody": {
        "error": {
          "code": "KeyNotFound",
          "message": "Deleted Key not found: listKeyName-cangettheversionsofakeypaged-"
        }
      }
    },
    {
      "RequestUri": "https://keyvault_name.vault.azure.net/deletedkeys/listKeyName-cangettheversionsofakeypaged-?api-version=7.3",
      "RequestMethod": "GET",
      "RequestHeaders": {
        "Accept": "application/json",
        "Accept-Encoding": "gzip,deflate",
        "Authorization": "Sanitized",
        "Connection": "keep-alive",
        "User-Agent": "azsdk-js-keyvault-keys/4.5.0-beta.1 azsdk-js-keyvault-keys/4.5.0-beta.1 core-rest-pipeline/1.8.1 Node/v16.14.0 OS/(x64-Windows_NT-10.0.22000)",
        "x-ms-client-request-id": "dd1ecb3d-7b11-45a6-a158-022e6009ba61"
      },
      "RequestBody": null,
      "StatusCode": 200,
      "ResponseHeaders": {
        "Cache-Control": "no-cache",
        "Content-Length": "883",
        "Content-Type": "application/json; charset=utf-8",
        "Date": "Fri, 27 May 2022 23:06:27 GMT",
        "Expires": "-1",
        "Pragma": "no-cache",
        "Strict-Transport-Security": "max-age=31536000;includeSubDomains",
        "X-Content-Type-Options": "nosniff",
        "x-ms-client-request-id": "dd1ecb3d-7b11-45a6-a158-022e6009ba61",
        "x-ms-keyvault-network-info": "conn_type=Ipv4;addr=131.107.159.44;act_addr_fam=InterNetwork;",
        "x-ms-keyvault-rbac-assignment-id": "bcec85b9-f9c6-5289-888e-6f6ce533c6a2",
        "x-ms-keyvault-rbac-cache": "ra_age=7708;da_age=7708;rd_age=7708;brd_age=6214;ra_notif_age=8763;dec_lev=0;",
        "x-ms-keyvault-region": "northcentralus",
        "x-ms-keyvault-service-version": "1.9.395.1",
        "x-ms-request-id": "633d0932-d88c-4b3b-bdbb-b240d1269b7d"
      },
      "ResponseBody": {
        "recoveryId": "https://keyvault_name.vault.azure.net/deletedkeys/listKeyName-cangettheversionsofakeypaged-",
        "deletedDate": 1653692782,
        "scheduledPurgeDate": 1654297582,
        "key": {
          "kid": "https://keyvault_name.vault.azure.net/keys/listKeyName-cangettheversionsofakeypaged-/c6f2e13b46a24cd5a87c6b81caed30eb",
          "kty": "RSA",
          "key_ops": [
            "encrypt",
            "decrypt",
            "sign",
            "verify",
            "wrapKey",
            "unwrapKey"
          ],
          "n": "5lhZh7A8bTcio8gozWy2nMCLdfvCcJlNR4JpRb_ExKN8GEECODzzJVEgEwK5KkEC2rR02dYaY50bHvRS3CVA-s-kGTC8YaSqhOz4w5EArEUJ-FO2fiDQeYlw4ZHClADRFW2vCMauczv78R_PXXvkrgOh9IayaWo3attAHyzed37RhaU4TgjV4RJInKcEgGUJZIj3U2k2pHtR-SVAO_NkyoM_8RxTLLkIULYVVs2ZH8zikLxRohQBym-gq0We38vD9l1lri99Z0s0Y3-ldMDvGWYhe6aD8kgNNPmOG5bP6CWzPGW9Rru4jWo04mi2_8e2We6BzM3Q3UeIC_OfIxSp6Q",
          "e": "AQAB"
        },
        "attributes": {
          "enabled": true,
          "created": 1653692782,
          "updated": 1653692782,
          "recoveryLevel": "CustomizedRecoverable\u002BPurgeable",
          "recoverableDays": 7
        }
      }
    },
    {
      "RequestUri": "https://keyvault_name.vault.azure.net/deletedkeys/listKeyName-cangettheversionsofakeypaged-?api-version=7.3",
      "RequestMethod": "DELETE",
      "RequestHeaders": {
        "Accept": "application/json",
        "Accept-Encoding": "gzip,deflate",
        "Authorization": "Sanitized",
        "Connection": "keep-alive",
        "User-Agent": "azsdk-js-keyvault-keys/4.5.0-beta.1 azsdk-js-keyvault-keys/4.5.0-beta.1 core-rest-pipeline/1.8.1 Node/v16.14.0 OS/(x64-Windows_NT-10.0.22000)",
        "x-ms-client-request-id": "0ec70a5d-5097-4b16-a9d6-5040a2ea14da"
      },
      "RequestBody": null,
      "StatusCode": 204,
      "ResponseHeaders": {
        "Cache-Control": "no-cache",
        "Date": "Fri, 27 May 2022 23:06:27 GMT",
        "Expires": "-1",
        "Pragma": "no-cache",
        "Strict-Transport-Security": "max-age=31536000;includeSubDomains",
        "X-Content-Type-Options": "nosniff",
        "x-ms-client-request-id": "0ec70a5d-5097-4b16-a9d6-5040a2ea14da",
        "x-ms-keyvault-network-info": "conn_type=Ipv4;addr=131.107.159.44;act_addr_fam=InterNetwork;",
        "x-ms-keyvault-rbac-assignment-id": "bcec85b9-f9c6-5289-888e-6f6ce533c6a2",
        "x-ms-keyvault-rbac-cache": "ra_age=7708;da_age=7708;rd_age=7708;brd_age=6214;ra_notif_age=8763;dec_lev=1;",
        "x-ms-keyvault-region": "northcentralus",
        "x-ms-keyvault-service-version": "1.9.395.1",
        "x-ms-request-id": "2ed423c2-e354-4096-8f65-5a0a9d3f2e57"
      },
      "ResponseBody": null
    }
  ],
  "Variables": {}
}
