{
  "Entries": [
    {
      "RequestUri": "https://endpoint/$schemaGroups/group-1/schemas/azsdk_js_test2?api-version=2021-10",
      "RequestMethod": "PUT",
      "RequestHeaders": {
        "Accept": "application/json",
        "Accept-Encoding": "gzip,deflate",
        "Authorization": "Sanitized",
        "Connection": "keep-alive",
        "Content-Length": "102",
        "Content-Type": "application/json; serialization=Avro",
        "User-Agent": "azsdk-js-schema-registry/1.0.2 core-rest-pipeline/1.3.3 Node/v16.13.1 OS/(x64-Windows_NT-10.0.22000)",
        "x-ms-client-request-id": "fb02a6b2-116d-4b89-a5c0-e78256fb4eeb"
      },
      "RequestBody": [
        "{\n",
        "  \u0022type\u0022: \u0022record\u0022,\n",
        "  \u0022name\u0022: \u0022Test\u0022,\n",
        "  \u0022fields\u0022: [{ \u0022name\u0022: \u0022X\u0022, \u0022type\u0022: { \u0022type\u0022: \u0022string\u0022 } }]\n",
        "}\n"
      ],
      "StatusCode": 204,
      "ResponseHeaders": {
        "Content-Length": "0",
        "Date": "Wed, 05 Jan 2022 18:01:03 GMT",
        "Location": "https://endpoint/$schemagroups/group-1/schemas/azsdk_js_test2/versions/1?api-version=2021-10",
        "Schema-Group-Name": "group-1",
        "Schema-Id": "24972ebfc1bf46a1a6e29f1845794f85",
        "Schema-Id-Location": "https://endpoint:443/$schemagroups/$schemas/24972ebfc1bf46a1a6e29f1845794f85?api-version=2021-10",
        "Schema-Name": "azsdk_js_test2",
        "Schema-Version": "1",
        "Schema-Versions-Location": "https://endpoint:443/$schemagroups/group-1/schemas/azsdk_js_test2/versions?api-version=2021-10",
        "Server": "Microsoft-HTTPAPI/2.0",
        "Strict-Transport-Security": "max-age=31536000"
      },
      "ResponseBody": null
    },
    {
      "RequestUri": "https://endpoint/$schemaGroups/$schemas/24972ebfc1bf46a1a6e29f1845794f85?api-version=2021-10",
      "RequestMethod": "GET",
      "RequestHeaders": {
        "Accept": "application/json; serialization=Avro",
        "Accept-Encoding": "gzip,deflate",
        "Authorization": "Sanitized",
        "Connection": "keep-alive",
        "User-Agent": "azsdk-js-schema-registry/1.0.2 core-rest-pipeline/1.3.3 Node/v16.13.1 OS/(x64-Windows_NT-10.0.22000)",
        "x-ms-client-request-id": "80b3e16a-94a6-4f72-b389-23c7a5f4d372"
      },
      "RequestBody": null,
      "StatusCode": 200,
      "ResponseHeaders": {
        "Content-Type": "application/json; serialization=Avro",
        "Date": "Wed, 05 Jan 2022 18:01:03 GMT",
        "Location": "https://endpoint/$schemagroups/group-1/schemas/azsdk_js_test2/versions/1?api-version=2021-10",
        "Schema-Group-Name": "group-1",
        "Schema-Id": "24972ebfc1bf46a1a6e29f1845794f85",
        "Schema-Id-Location": "https://endpoint:443/$schemagroups/$schemas/24972ebfc1bf46a1a6e29f1845794f85?api-version=2021-10",
        "Schema-Name": "azsdk_js_test2",
        "Schema-Version": "1",
        "Schema-Versions-Location": "https://endpoint:443/$schemagroups/group-1/schemas/azsdk_js_test2/versions?api-version=2021-10",
        "Server": "Microsoft-HTTPAPI/2.0",
        "Strict-Transport-Security": "max-age=31536000",
        "Transfer-Encoding": "chunked"
      },
      "ResponseBody": {
        "type": "record",
        "name": "Test",
        "fields": [
          {
            "name": "X",
            "type": {
              "type": "string"
            }
          }
        ]
      }
    },
    {
      "RequestUri": "https://endpoint/$schemaGroups/group-1/schemas/azsdk_js_test2:get-id?api-version=2021-10",
      "RequestMethod": "POST",
      "RequestHeaders": {
        "Accept": "application/json",
        "Accept-Encoding": "gzip,deflate",
        "Authorization": "Sanitized",
        "Connection": "keep-alive",
        "Content-Length": "80",
        "Content-Type": "application/json; serialization=Avro",
        "User-Agent": "azsdk-js-schema-registry/1.0.2 core-rest-pipeline/1.3.3 Node/v16.13.1 OS/(x64-Windows_NT-10.0.22000)",
        "x-ms-client-request-id": "886a56f4-bb8d-4950-927d-83e35fbf32ac"
      },
      "RequestBody": {
        "type": "record",
        "name": "Test",
        "fields": [
          {
            "name": "X",
            "type": {
              "type": "string"
            }
          }
        ]
      },
      "StatusCode": 204,
      "ResponseHeaders": {
        "Content-Length": "0",
        "Date": "Wed, 05 Jan 2022 18:01:03 GMT",
        "Location": "https://endpoint/$schemagroups/group-1/schemas/azsdk_js_test2/versions/1?api-version=2021-10",
        "Schema-Group-Name": "group-1",
        "Schema-Id": "24972ebfc1bf46a1a6e29f1845794f85",
        "Schema-Id-Location": "https://endpoint:443/$schemagroups/$schemas/24972ebfc1bf46a1a6e29f1845794f85?api-version=2021-10",
        "Schema-Name": "azsdk_js_test2",
        "Schema-Version": "1",
        "Schema-Versions-Location": "https://endpoint:443/$schemagroups/group-1/schemas/azsdk_js_test2/versions?api-version=2021-10",
        "Server": "Microsoft-HTTPAPI/2.0",
        "Strict-Transport-Security": "max-age=31536000"
      },
      "ResponseBody": null
    }
  ],
  "Variables": {}
}
